<testsuites id="" name="" tests="1" failures="0" skipped="0" errors="0" time="15.0529659999609">
<testsuite name="example.spec.js" timestamp="1678373024380" hostname="" tests="1" failures="0" skipped="0" time="5.065" errors="0">
<testcase name="homepage has title and links to intro page" classname="[chromium] › example.spec.js › homepage has title and links to intro page" time="5.065">
<properties>
<property name="testrun_evidence">
<item name="trace">
<![CDATA[UEsDBBQACAgIALyhaVYAAAAAAAAAAAAAAAALAAAAdHJhY2UudHJhY2Xtvety2zjWKPp/PwVLX830zG6RJgBe3ZP52pdc3B0n6dhxOt1OqXgBLcaSqBYpO07vVM3/8xbnx67ar3B+7keZJzlrAbxJomzJlnzJODNt8QICCwvAumPhz9YZH6VxMmhtsnYruxjy1mYrSAYZ/5ypyTCDN2mr3fJHyXnKR6+8vnjfHSX9eNyHF0WRzT9bg2SXR964lx3F/HyYjLLWZuT1Ut5unZUP/mydx2HWbW0S6ujtVpfHJ114bOr613brk3fmHQSjeJg9HXh+j4etzWw0hu97SeD1sGE+UN8dQKteEPBhtpucD3qJF6ZFOYDwLA74+2R0Cp2C8l6vl5y3oOphz8uiZNSHZ+fxgFGo4xxeHsbYH2LZDrOZzphlWVBLePrSG5yMvRNsEoFKBVDwTRZnEo7PXn/Y41o65IH2Kd00lH//6/9TukmfD+ErpeuliiiqeINQ6cWDU7hPlHiQjRIFS7S+/o8/C2TzMz7Auvs880Iv8xBJcVi8+JEwxLL/iQfZHj7NR0LNx+hHXWd6yGzO/cDVfZ8Sz6B6xOE30E1P95t7arqEQk8zb5TJN9R1bWrb1NKI7rQB0aF8rpeT4tkIB1/A2U0Qkk4nGHEv450OPB168FpMg6ni8SDOYq8Xf+EjfDse9XBc/GScbfo9b3AKRQZyVrVwoL3wIIM6oabfYRr2+zGiJkz6oruDDAvAvJAlWx9hZE/GAlkRNvejySLf4swIdOYTbgSEOZEe2r4V8chlroFToZecQOUfofcDb5h2kwzb+vh1iREx1jQibM6IMJ02jsgbnEkLD0heemo8+l48kEMFN0vjsljYB1DdFYs7Tnd6SYprWhCFauRwPfzo+YbLfe6FVkANjwDmiM4sk9LIZIHnRKsZOPOWB86wSePAbcuGd2S79SEcykGqBk88qIZmQWQthC0vQNLdhC6gtr0fnZboVXAqq/GGcU79/QnotQE/L6dWxkcDr1fS/ZXjmlmGNYtr07B0rY7pYgQcjbrGAlivulAifi4GARMRdPMgf4Z4xPsfS5yNeAo88AZjVx8j4DycDwIvzdQoJ6hYzd7i9QH4XY8sWlytprXmUtPWifZpyE9wNOYsbWSKfQ5D0h+WiLdczXWs+9INgxHHuE43bJhVrlHrhoBdLaZDq5oZOMrFdbFKOMgbXE4L9zr9FY3tLUGP80/eNXDYbtbvIUd9cbj/stWGyQ2XT7d288vtrYOncNnqjng09enXjx+xwOvdDy24WlSQa0ClqRkmcLEg6fW4oDv5ytZMV/yzDMpsShgRCygZjwL+GiTTURzyfNnF6X7Fq1DeW4byW+uh/FYDNYLOuhq1jEbK/5b/MQbULM61qw+mGHd0baYtRbBulg3TzY0NkIwvzkc4elrIzzZaFf4PJQRhEoz7JXYlzM+fHuKsgvkr5Ozf/yxkuC0hmKul/AxTxuuNK9H9a7ss+m54MoLv1b1ByoPxiKt5V9PaR2TiAxyxrRMJSlFiP/kS93rehqnpyt/ex4MQBlZ5dagQXdN/UOCBZfygfLaMvytbQ5DY33P/5zjbMJmtMUv528+4INogoZ9y5TkPTpO/Ky+gUz2epjuo4/ANoruarpkGMTTDUg68yBvF+eewOHBWvvLO4hMPp3QxVnJ2lgLOSD7+0afcNiMj5JxRw3Go5YRh6IaOE/iW60UrEk7tW57pQFyXlHFG5ZSuZnvxrJrPy2BtjULSVeh21oFuS6ekAd0OMzRKmnWBtzwdgh6+hD5Q+2KKtNxsMK4iL9CtbAyAMN0ubg5xhmy2DnkfmIs3ulDe8jAeAU7nE5k0VXFqjZKeuoVKvvoaGokHNcrwP+u0Y0eqj+pLPjgBrlWV0ptKCcpXlcGR3BAstFb2ZRJ4ufxclCv6DNSAn3sX2pc06CXjECTkbNMw2IY33v3vBMAEDD0RZf/Ctv5Cn8H/Kyz9hXLA019o9NdOMgqz5PTJUfeUvT/qDvw/Tvsm+WTZlI7ef9odmX/UwXnD3tQg2Xnz5Lj16vWesrW7r+w+PVLeHGzFys7rfeXV1pHy+t1b5fXhW+Xg8I2y92oXCuwftwQ1A8YdD06ENFNNvjoVsDVqukIhB178MklOx8MDLNnaVMnk46eDUD6EpTCAocyLAR11GNISQfN35DtAY/6aEo1QVn4kKjF1kB3cdjEJ85Lw1MKKRvk0Lh5T0LrcrygLJf2Duj1oRvEsvvzRiIA4BGFAHGqYustoYIQeTmgPxsIM2GoIs3vLlILp5tKEuaQIdcqcP6xTgyUQd3e0meq3inGQQOg1WeEzIMBpV9i1VsUSbzpsReGnojuCKJiwdKW0bhs2ZS7OrzscXbKm0W2yi+LoWrTZmHP/RPoG/rN63vOoJ6xGT0A8SmGHh8+gqmut91llw7K8AJa1DzME5jWPDN+zQwAZviGE6e5KeBqlt70GrbXqGosg7Q4p3lo8QZZumE3YNh0pqN2ZrrHIYNwJ3ftPVmAOH7QCg7KbRtA0d30FBtUOY67+YmkusyfVF2iS4bNJ9QWemjqbUV+oodnEWU59cQPXJpYVMGJyEnhGxG3DjyLTcHwU1czVkPq1OD0vIz5Os6FjherLIoi7Q3K/Fm/lJRiHi1tRXxYh7Dcdtgb1hZqwNpkO/6hFbR10mDsd3bV4JGB0m+y0oLZp1HwoHolmNr5izvOovtya+nL1ep9VXyLPDP2QE4PD+vZ8UHwiHnDP9F1uwxQKVsPT1uIruWwN2u5a9ZdFsHaHJG9NvhKzUVu0TM1k8yw2t6G/LDIYd0L4Cv2FYtTDhP7y+udmcrfjBV1eqCs1qjRI1ABfXVcFKcr2ppUaApK6tWLtoKoM5WoYvaq+31KMLx1tWBpdSIswbE1HP9z1tQh8MkeFqBUuP57UHXTNZs6M6gCag2Evpzl4vu/pgambuk9di8IUdcPI8GweMWDOOl8NlV2T42P+sreWl2OX1BwWQdzdEVo25fhYOH7oNmKUGsfSaoqgdGxYZmYzCZ8JRhZx4Bg5PDWG/eQMy+ehxCvBLvl2sNssjiyL3Jnw7JWgmX4zaCZo6FkBnkXM+0pwyx4cbo05uKX6jQiEF4Yrpg7GN4NaNieGcQa1A6kaThmA7kS2rbaSDPj5bqHS31BOXw1TXo85j+hN5jyXOJpDruksW9Kct4iec1NZqikaQbqn7lDKWo8Fj+RepakBpbpmsOaAnvtnwQPcxoOJpZ72U6/f++O/oVySRsGTfNn/he3KhU9NXPomLn5zcvmbOQEwafQXauVEAL6bTwb+io2E/cGTJar+K4LXicMnJtt98/7I9P0/rO5b8TQOh0/0qX9//SS3BD4hKc9uz5b4lkd8NKG5XkZe/4OskLMGRM8PdGq4hk982zVtEkUutS3bYCy0HUJW4xRj6zEgXkICrOVj+pYxIC6CtTVS3LvbJmRphNjANJffJeQyBgI+XWLSrMcMSozGSWPpGshyd2gGXWRK/Ydzj4dgkNVN997aY4FeaiA53sggq2tyi0uzTTZ/Ox3WgSbImbAOw50N62AucDW6nHGW0ygEocvjjs9DN6K2F3ArgvVjcTfwfXs1HGw9xtn5xMhde1THIni7O63BeGi2WWI2DqWta9RqHss7tM0aD802Ox+7jC1ofbklw5bx0Oyx81E7T4q+lmHrP05auYaJ7WoZcDW0dT0B0sRu2vDjOsbcAOlVm9gWkaFvyhIbTGwGARrP7pRbPjRrOrGbvNKuY2pUb54rS9HzlXmADPObQazNbuTFlIi9ngvzigw6bqvKoPNnK4pF6rA3m8fHuzw9zZLh8XFFoTujcY/7oKF0PqUqaivHxxksffm3Iylwenw8lXgMGujFA6jWFKk1xv0B7rD9OpGuBwdKO0mypHV5hp77PgVM12xyddiWo1mOMZP9B6eGaVrzp0OOknl8fXbj+rkXZ+8GWdybWYiFoABUE/O8Hc+r5LjVVrAWLDfGmqAo1gTq8NQ0+7NMNSfzyLTal+eXQW26+ELkI5r9oJamyBVa9SV5jNxWPY/Rzbw3X5chS2vyqdhNrnnXsTSDzrON3TefSpqlGiyzLz1+oYFYv+GFUbrRSxdM2PLm9cHN3Q9zLEnecNiL5V6ijc/q+fm5ipkWVQCfD4JEEtOyjpldTnPl6MUcH7Pi93+028PVcYtDRF3uUcY81w5YZJiMMVc3dG7pqxEe1uT2mL9K51gaVuX2WARr36rbw7ZN013e7+EAyjTddZeYNevxe1DaEG3vwLhp+p36PRaZUwtT+GrLKZ3yEDxLxoNwjpNgJVtGf1CCrjcC1f/JOItUp/7prpSli08Ou+O2orvKvjdSqE6ZQoxNg22alvJ8/3DBnadTOJC7TnM8nMfefwe9GIHNkazG4ZPAibhNfVeNgIGqhuebKqXEVnXd0XWKBowwmO+52Np9dqCECU8H32VK1zvjCrxXhgkwtIu2AsTcS7mCMxREfeUCuKySxhn/LlW8EHRkBRid0gcxTAlhzse99FKvxn4cjJI0iTL1xeHhm603extU0xfyb1hUczCoucG9ocs4nxkPB4XVacx4OYqn87LvMA13qEy4OVzNpWzazcFgdVF3xs1hMSDVS+5e9ahruroJ6yP0TcPgxNZdO7SJ6/uOTRlZDcdaj5uD0gYTo6A9hC6/02fZGPQFEHd3lhtzPcl35mOcmreTfGcRun7TYWuwxVmmZtiGMMhSLObe6eCuJ/fO/ME1nIeupt2Aed1aeNmjfnfP9LsFNtdeTY4aEpEaUUADn4eB7hheBIvV5S6nDvXtSDccZyUs11xPbqD5NMKcY2BfWSLSBbB2hyR5Pb4vhokXZ9BNbBBInXnRyLeSiHSBwbgFwrz6yK02XKQZWnwXSf5jOoZzx8rc089DoFB1gquSO9G33oy8k77XgNLrKGXVF+/fv1e3xlkX0IpMsI6j5MNzur/3/Euytf/z1i873Z3zDz/9nPy2d3IWHGz9sreTJM/59t5z/8Pe8w/bJ6d/dE/j5+7nve2tk72dreffb8e7O9tdb2t36+Tps+SX/Z2tX76P+eE2g/p2tt7+HAdbb8e9LeeTbZqvt+nG8xcvnJR4DvmJfEiPDsLhb9///KH7/M1pGAxG75KXyaeD3062fz34abxv/BG83+k6v3z/K93p+i+yZP8k/Jydv/zpcP+X12+3Yrbn/UGffXhljU+/H3//5YvX/RBZfPDL4Cf24t1vu3sn3fefqUX2X33v9N+y0+9/+eXDWfDbkNPelrf/ZBGdFei0Zk9rpre4R9oxgCHMbpImoLk6hrWciupEkWcHvkEZdR1DDwiIVMz3Ldt0I9C+V7NN2lxPgqX5BNyds51khSrqIoi7Q5b50HzgzHKaxtLBVGLN+tEdhuKZ1reDXbaaQMeVRW+Y9reDW2M1e6PXsgfddL4dPDv3K5zUdL8Z1FpzGOm1wknXoqZcI2TzagVrJTzYWo+Z2NAbQjYdSjC75jV30C2bo30BBfWmolODmZgwqlFkV3cnVlnrMQ4bekMAIAypqRl03pEo98043BArHgWdNE3Wahq+/7E/U0RvMcvwNKX8D7ILz5p0meWzkHmGblncMQzP833XCRydUp+6jK5ms5i1HpPuJSt7vbudF0HaNxr2w1xqmNc42xGGBY81NZeYNOsxTBt6Q7CYgM5p9gPfjl16kSm1dp4wP1po0QT1l1ipFzdOLxVmdDxYXZL6lyvNKjSx/+mvnbTf8cadJ/HR0U9vo+33+7vRLjN/O3tz8OKv8KoTh5+fWDssPfv5F/vVH8aO8VcuDeRPzBG28Gz3bdrHzPdXm1CZ7WqGQ+4wzaRDGiyormaRJfNM8iBivueAqGQbLCC2YTk8MnWTREEUsIiuhjutx4A6n9C4c4xuq9zLvADi7lDSX09Kq0sw7t6O8rYIFb/psDVlqCea45pIxgk1XWI4dzq469mKYegN6eZgcO25h6XfPzWuOZfdQ+A630Yo0aO6uPIwoqsp3qzOqTPPdJH2eMyinOghD3TdCLht2p7jGSvSOdez1+QSMnRdHrMgb1kEa3dI9dezScNoylIJ6HY0c87WnttR1xYZjG+H9v8nH1z2/gGM0G2fhmboGDVp3uk5BvZsriyN6OaSe0g4cWwrCGyP+jrnJvcZszxiWVFAdRi21XCi9ewhuYQ0Os2u8VXuIVkAcXfHjOx1OQfnYdxht3MC2iJs56bD1pTPRbMIEeoloTqoNs6dHuBsr8tP2Dy6IDtbzevpoSiYD4GFPSqYjwpmo4J5NcmbVTAdlwaB4VPPD0xfJ3ADxI0HQJtMk+kGWwlbt9fl1Gzalo5kiNLl2foyCuYiWLtDqr8ud2BTdBbFdKzmPKp/GwrmIoPx7dD+lW6HEY7G9pyMxrmqUfsCsJUu5pcktsXIdZXPlSY+vt6WlSWzIxu6odnujc68vqGWZxlGk5ZHl9yGAQTA5F7gWg7xGfUYxdRTzPcsbhgEeMhq2MG6vIhz6ZO9/L71JbW8RRB3hxzhoW3DMEjjWDLhvbtv2zDsh7YNYz52Xda8Uu4qhN1+aLswLkGts2AOzesf9fUwJJhrRMpfLeKthkyuyTPTuJ+eGrrmzMmrumpj2CIi8k25W6MxjJL15ja+y/hOw7AtUOOvEd9pGZprG0vMy4e2kccwGzVzy9Us90Z70Vacotl5aCdFGE0J9x1q6xoxbyQX3SRF81VIXpMReg4qiKbPSRn/cIzQyGzPveCJz9//rOIfaSFU/dHOvvgzYUZU/3oV29cE0392e6bj5U7RexiSy3+OrXnWTMxNWJeO5zrM8z3HDLnr+oEdWswwGff91aQzctZkJp5PKKz1pjNaBGvfqnBkWia7Ts5balNxjtc96YZt2sS+Tjdcis7QJSb/moz2TmOgt2tp1GjerX47RvtFlsZd88r7FctFTLaGaK6p0xP+ex6zvP3AKdOVu45vdN6gyMzTbFWHxU3sqUS8umbZ1sx5g7pm27MxVJRpJlsyiMq3LJ9ZvqmDFh0aLjOooZvExrlvhma4Inl7Teb1+ZRkTpq6FZrXF0Hc3ZnXnTVt0pmLcWvOPo5V240WodI3HbamTToi4YAL/xzDdIAH3+ngrmmTztzBdY2Hkoh3YeZxT/XO/yCVboHwoasXe8MR8BRmihO6zPNMV6cBjaKIWTqsPt0LGFlN2j5nTftT5q9Ae71noSyCtTskeGvygjhNajjD+Hhyl+FDiwzGtcnePVMh6FKZbK+nQty+puAYGr27LKhEY7OndDCN6kse0qGbDqztwLN81/C9yIpsM7AiIwptS48C6q6GlK5pg8X8tW2s/TDyRRB3d9TUXdMGi/kYd2/Hp7wI3bzpsDX6lDEZPx7RASOlU3KnuoG7JtfW3MG1zYeygX/2bM9HFeDeqwBXr+kG1xAsXid0eADT27aoTWGycxtUh8gKiB6aK+Fb7ppcQ/MXmnXNo44WtawsgLU7pGtrcka4TVnomG5qxt06IxYYjKuo2/2S9G934/fuNbz3r3422Puj3/qvnj0bvflt/6dPWXT2y+no/dH+HSgQDkhNd5kErCl6n2qmTpdTIcyIAk/2TEoI5kJinq6TyDQCw/EtXzdX415w1+RemE8b7LW7FxZB3B1S4zW5F+Zi3JyT7Xfl7oUF6O5Nh61RhXAcHb0LNrEMyxGRc3c4umvyL8wdXWtOpOD90yGaXf4r5jaPiskDUEyuphQNiokNqgwA5fsWCSzPII7PXSvgsGh45LAVccM1+Sbmr17rmvkzFqXJC2DtW41ZcwmxrxPQz3QHpvwS57S763GxmI2bjxgjGnHv8pz2RebUnVD++6W0Ecu6wwiviRDo29fBXKYZIh3r9ZUwojlkfryXrRkmnYr3onKvwFS8F9WIzWb1MQMKL5mU2UdG5fphZNi+40bctq2IBroehU5k0lUpZOvx6cwnJpQ1G2tWGe+1AOLuTmQn+nqcOvNRzq578O6yGtkClPqm4zYn4MsUyfWBEjtUt427Hd71uHXmD69Jv7WQr0lu8qhjPQQd68q1P6tjGZYZeha3TcPxgS0EqJmZeJ5W6FJOjWglDI7o6/H+XLIe13wqziJou0v6tx73j0mbToxjDOayfpcRYIuMxmqo4D3TN77JcDBY1dqdpmKyjQblQbPcJePBHCNihu3oJrWoxfC4C9NkoR26kUfcwF1NZj6ir8ebc8lSZ8tvXVj2SOwFMHeX1HU97pxLUO7ejvKwCB296bg1KA9Mc0yC7hzXYJbNLHK3o7sed8780bXs5ni/e687PGoFD0EruHpRN2gFZhC5PoeiEcwGlzqO53mRHXoBTHg7Wk0oM9HX43q5ZKWt+diSRdD2jbpeTGpSnV7H9WJgvpclcikRfU2+F6MpJzozHc2x5hHoW1FuFphUi8a2LZ5zNifOb4E48zqt9C8yuK/Ry2voM1sTxJ65k3lm5yS77XufVZiUTyx9OjRuNs3tKedDFXB71pjr9ikmOUfBo/rg5Es8XEjjMoFyLqNy/aAEXW+U8uzJOIvUCW1tV2ZwKj457I7biu4q+95IgZXEFGJsGmzTtJTn+4f1754eenXQ328ctzBzquU4TDVMj0xmz32J1GAf+hvFQgwsP+MhNOfUmtNhgUKL083NZNZ9Hmcvxv50yvcj0HxrhfLpU6K6XjKuJ/MlGlHOvBGKqfVCv6piHtQKvtg7bCigvojns/Jf1WfQ+95FwfPVvd1a0SiyfSdioWv6TuhEPCDUg+UU0ICywLJswzY927XMyRpl76sa6zjd1l1rU9+m5ubuzvYWDN5T0zHM7U0YHnf36dOdyZoEYkN1u442kddY7SUDg1Kmvnz9avITJED1oTgoqZcNBJiYNmsfHejto6cTaMiTIV0619gmc4BcTw/+Z3U4Sj5f5PmWa/LQ3sHBQqo8pZpt32laZWbO6vJU001jSWUeaG5gGvDHinzXNwwvCHloUQJzxY5CsiKJaE2ewLmszdXXnlh5Ecx9q0KRadu2dR2hyDY0ZpIlZg55aIkQTaspwyQe52yzG2WYXEeCaELIt4Neu9n5vyx6V5bDkxD67SDXabbULYvcteTxJIR9M4h26I1m8crznBNifDu4dZot/NdKdD6rjF4jffjVOvBqbL9kTZZ9uylRCXNsTZ+Trn/llv0FjAg3FeKawoKYRnGafavyncscYl5DvjMI0xxm3ZNuWNTAQ1au0Q2Doox7X7phuiBKXKcbIG3bBrsv3QCdzL5ON0zd0Uxi3pNu2LDwYZZfoxsG0VyrvjYE7GpBAVoVMRB2h/z6leQqXpTx0Y8BEOEfhUp0G9xVFHx3BdcLkyDvjgjFaMufzd9b6Bxqtf9s9TykmMAMsHA8QtElQ2NP0PPSFDvQG5/EAxX7kSr5TRyqIY+8cQ+xggxNzbpc4KEnUNxudToVKB3gQCc863Rm8PS1DXA83doFOPBye+vgKYLUHfHokk6hAegYwP29tf/0cAs/yI2d8E1u7pwpkTP/Ez7gIy9LRAeloIsmURAGUm88GqfKGdWYRmoVHO4dvhRAiW6OumhlHY1FkhK08ineIFRGvBd7fo8rwFHVLFHhR8lgdgEvUqJkpPSTkI8Gyjn3FW84TJX/pbwpu9T6WINyqo1SZjmL+fkwGWUTUIu5/QQwEgdcFTft3LivikPInohuXF15dh5nMCibgTcKJxpIx/2+N7ro9HD4OnEfmenlNQ5HyZCPsgt4kpxsyi/qNRYjOuLDJI1hGC5UUSjVTuKsO/bHIHvkpcUxncAeXIc4LtlwAjOwXIOqsHQi1QgjojrUhKsgAjKqm5Yf2st1955BN4k6lGWbQGtYClf3OCynd6eX4MyYqBoW/rK1ZMITUFVR0IJF60m5Nwq6m73KA38tcPJqbgzYJOqzOJvC0GrW+WK94vIAAulXqkDYGSVpquZqwYLNL9Xr1Tf8cu/Vz40NAxbhJg5ESzmp34j7J7XJrYL8nWjp2clCVQXeIBnEMLGr+i5dL1dU5/WAPAyk5n5FdbJAxUHXWf1ndWI2X9HKcMRzF8VsMz/r7t7O/s6R9asapgPN650kMK8xhAWHHgc8kX5UABYwe9FPxlNjKtuQ669VKo/1851hbg3k+9rM+v6zkEDkCtts1RZHNRGqDzUsXTHiqbazix4HRZTXvwWBhWfpRpCmG/K9FpqeFRqhpcGzsq7yT1n39uvdD0KOyGWeQRn1Aow166qn/MJPkD1+Lb7Y3TvCD2Lpe69IUHOJ6r3qeynHI6/VOE3HHG5hkKSi78VwJfGcfztKBJ5G/EQuS28Ue2rP8wUGDk7joZIlCnqylGLBohS1Ve9JCqUOk9xd3Il+Paktuv+qUc6pciCf+V5wir1pbOcjQvlqS0A5AdW+J/zvNUT63kiRP6oaxZ85UpChADTv5WTZTiceCDxcUiDj/VQU2H53ePj61QwQh8nJCVDpahQV+K7AH/88BFrOhaSNTrcZaDudTH4f9Lg3UP1sUE1xf5xlMBTYNlInaDjXMFoMpf5Cw5B3KLVtJ5/hVld0heH/CyC6cRjyQSVL/g56Ajr80Z85Sk6FG2E8GgGqd5KekFblc7UHkyTwhjgrkvEgrF70ASujXox2xc2WUEHyFwWAaOzGTu8bit2lFH6IKX8pg1+YeGJQt5ow7o880Vax0C4bHSTd4v3e/nPRoVFwGYFvI0GcIAaKqKEaFaFahHsoiXUOk8NAqT1QVaFwdF68Crfk0rmdVkNvdNqJjeQdog0nYhMmBJ1T0JCmqjDOoBBnQm+oC/9zUY6TXClxGg9Oa+hH2WcjxkgVrA60l7R1/Xq8YbwhPlKHNWGl3dp6s9f6ePkiVEKQIcLkfFBeqGo3OQMNC4SkihYV5Kac/F46TIbjYcWz5i3MnADmq252oYr+AKyvQADRPkksvHtZB7cArNPp88FYwPRyL1c368Ahs5VqKhL0lPeikpUOEuRJIP0MkhHGg8qA0NkGEBgF1iSPYI2GyuQLVfWCDAODcn25kH1VYNRAFfNFVXXk41xAhxdZFxjsauC9BJyiHZyw4vIyoD55Z976QZKtAEA/wcVl4IRJJgJy1w1Q0Q6ApL16egggXW9Bo0NoDLr7xcY578GNIBM7xUPZ08uYoTJxp6rFIp5ESxm7LLRZocL2Y5T3kiirUckJrPnQ69MF0Ta3p4oM9FNlw2re+QmWLeOblEr1nhCESqIsGHPn7KL3GkQRYIz7sF4kt+/sPj3lU0JB8VnJyBVZwbagJ52TXu/NxJPdOEXKFXa8rbcHM0wfzWPyfUt4kQox9gBExKCr+Dw75xxIIbAGoS0KziR0I+VvOTPvXcjX+PDvMwLdTeuJhQt3CMJ8xusiyqQcQoHhG5VptCVuSsFF3BV4Ey1L9O6B5NcZXnTfTggrUdzrzYoqQsogtO0GRLPMtt5mbaIxE35YqsorVVwzcQc/7IDo+Nxt42cKfmwHKtVsq62rZptq1IAfM8WLton/S01V3qimckAMLGnjx/ZL/PNF2adtwnq0rQe6ZiIMRNU1w4QfkoorleD/eioWUWUZlbTlmzY5IKIwa2M1WJs+tzplsfrcokJd1khIm57RQG/LsuIt/i+taj6C16KqWgMH8J2EDb7Pq9GvqOdMbahoh8hqXKwphw7rgjpNzXXbhmY62BHmyj8YLV1cGdAxRb5slyXaWAIxA697eEQePrCCslD+Xl5hDWlZL6IKHr0sG8aOORqDKizNNZXL4LgxGEH16TRAyssaFAgTnizVRigv+egyYHtqBdElcCvpNJAvq6YBDlvTYbQQtJvDcek4zsJRNf0lF31vSmSQkNVozHl0sjCNcTVmA05MsuNqMJEtjQAJ0QhcOFRc2JoJK8PQdKfNNAaEQTOK/wBzliO6yXBZ6NhDFzFA7R1ii+VgY6VAW1wmlgmQAhewxTQHqZINF8SAH3sHG9VtbBWbNvE2h+uLIGUsUPHcZvgIZzeMhNt2U7wAeoeXripvVFcsU8NCeAz441L4Q5BIymFyHQTXBspnOkgULfjQEBdILOEtEEvNgEuDigsTu6lidhsYQ8cFiGEOFd/tEPgEgIOmoG/QKpJpuEcCysTgNokd0jQDA935rffT6RS/neaXxUegoRyI75TySt0uCk3yQGlSwmoP3mxNMPHpT0Wsfm4zmVXH6YQ6Lu5mK8p/9qQpcmoG4/8nJqJka4bGHEuRPz2cWbatyB914keMiEEcRfy4qq3ZhJjFHbA7y2RM0dX8gSysThbWy3ITrxX5urgr68orVyYaVoq6inJfStPA7KrK19ogGfD8Th2Ne0UESxLW7A1zDRH44lMirIfyjSQTVw4naMUB7ya9UAxoMRMW+/ZnfpHKGTtrPQNpPYUuFrvOJ4VVNY1DLk0cXnCKcn8ObrP1bp6ZrKoWrWTq+cgbDkFKxpv38rrzhfYqf+fTt/XudPkoUfCPCqpFjC43cbctTIOddz/99LnJ3hJMTP8XZLrGwv6A14d41Um6p73GpdWFZSLtKCe/Hn2aNlG0WwofoNybLusA0ZoMCJI6pJ3hF//1rL0S1A4RLQ9C+MGnCQ/BpNHjOc+UVBZsNU2RXNVAmT+/xNIn3hc+SpXqpSp8mw1gdHO739Kq02WK0qxaNUn84L3SVK2SDBSpIDUOHwAbB8kc02IjcrqqCO/CZQZtNlihoEQAi7fBeXAFBjYqNN8MGYZz+r1SG7MKBW1p/MeFGafY8qbfS6StGj9qFWRg+630rW/tvSriC+ST/Gfn6atDsRBnjJVoNURzYLqRx8Ol2nBQCydpGfpfCrL2dOdwb1LbjLiXjYHodE75+OTqlTv1Ehps/qaHGq+qWrX+A6nAaIwsGW4a+lBSiRdM9Ki1NbhQCrfdv//1/yp4D8jKYJn2xYPXA64UNr43+d8cTbKGCdefJuhAzVyajocYkZAqQAOLdQ+sBH6RGPABAAYEIx4EvTHuxFLEjuN43G8rcpdyW+i2z2KYEclnbX77BcwSgEMgNjgV8r3QbeVlPBh/lnX1veD1QVsRLm5QkIEcQcGdvbawPuCmZ3wkLBHhJe0VVh7Z3ruUo+G33nHAGXRLac0xrkz58CapFm7XOxDeMKy9fb1K0Ph1jUpye95kXYVlbylghM1rsh5p/VqiFmHKm+0X1tE4OGLg9xM/BuYDE0iOzisPTaow+8Rj3h/3pLcniZTnSYIuHLnPXfCmrQGw9zgUUyWvSG5415RDGOHUg3LTE1g5T0angvZcJOORssvTU1hsogqYAjgxdsTu/2IRNbC7ZRbufapFYP0tT+NeDKKOoBivEiXqeacXguWn8wnH1hhEg3MvzmaIBj5MxWjwHsfw6xQ9iz5XPLG/TogWIALBe3gMUhMufBwN+TrVlL0M6E0K0pIHhEcZxaBSpCAJwICLaZQO5UY9RcRVp3JkgVX58aCcGThq2XkCEGCwsAd9EY8GnIcCMpAp4igOYq+nYIxgMgYgVVGkEM4CbwxkAaqqYaNx0sJEVaN4hNEjKdBQ2YdpnFSvoGmAVmzjDhXsCsIhaBnChRCEFwMPuC4KWBrMbR6cyo88wHgfeihLj3g2iqEK4N9xL+8cbpYWsCeDMK5a6/OsebmNvAAQL4EFcTfC7LlcdFVUfwGseQRwnly0AR1D5HcK/8yDscAyvAp4WzkD2ToBGi3DQUUUNY5riXiBP56uavUIwGGOZiLxRhJFaTFrhVt0dsIW0e4g146l0Jq7t2FG9hIkACcIbxhHmAUEHsuwCORqtYfDUYLIhX7URzVGxhifoCMIIwjEKORc0i9aRQ0mzmDGIvZEfNEYKhfTSYFpB11Q88pxIkONfURXvZUIEFvO6Yshjr+CsZryq3y4xqhGSBx45RScGfH9cS+Lh0hGz/gIuEI5+oLypgGoALAwca14cDv0Bkq/+KJV1ZJ5fir5QNPbHH+iWsGxG8pgkJ0oARNcLIVa2wKTFebz3RGSoFSPxxK5Ep/Cbat4JyBvQTcEFU/FzvK2EFxgJEHXFYiasw7GKa7GnJ4IyF+gh7MkYG2kPBwmfJaDly/RQGYSgPcwGuE4gEYm66qPI4CMyhWMXiGyxYPhGOZWPOSoT8MtyLqoZo3jtCvIJO4hFuMuPhvnIloz3xSBwghJzEcAyEHXA+FJ2X29PyvVQbeCLAH85WXTsqzAqIdpFoA5ZpJLyorhK6+PAlbv4pvlhM/GOFvSJJcwkLCIsMCS6M1nhzmVKafrDNIlyUeG5k8WlZzSAyYnJqgyVRMSGf7HOD7zejjvgVRhDThMA35e1gXTLwJhJychIUc3EYxvhB0SBKLqlZjAX9AagVMcReV8EQoePFFrAUIyAIaTCbrkAVcehFAvUqR+3OvFKcaghc305mVyIldfkIvaB96ZlLWBmXWhP3kkmSI20RVErmhWRmMiG44zrAbXsiCCghfLrvoXQ+StuLCGPIuFqAhanYqtDjEKXHBBuCsx3FYuQJiYRFGFHSFkhFAX/EF019n+SubYm+QcRB7A32GS9HAf03zVDDjJCR9IxD2XMe1556HbCsb+jYTWJQheKT0VKO4jzYLZAiphXd2ZaabOzwZCtkpyRXBP3iq4K6CtnBQQlOQDmH7Gh9DWKBmfdMuhqZYLFOAYYRUHp8owiQUh5Z+HvWRCkIDhap49KJ9w5Sjm54VqupNLIcVMiAcoPMqRg77GgzO0U50IPBXQRF7cg28mSLGQXZRcRU+noFaqnS2YVwuwiYSx3CPWzlFd9ASYjPhe5iortFTAeh9eVlPn4zxLgrBBHEiRtnOy//5g5dYEQkXcU7qT9Mb9Qef5T0eHckrSfKJ1k5QPcE6BFA1MP+aSs6JBJ+8WEhjcuNgUfSPqfgmcq/Nla+vZ/OibQkkMMPzlLE7HIORn4zBORLqXWVvRJRabowNcHMJek0e0Xdqij3LO0o1s41eLNgGiXC9JTpdv5XX+4aINnZ+fazgNoQlhn1uutd0X+aefhos1V7cEjmM1GZ1swHoDwcDrqeN4ucb33+0t3M1auzAMGEF7utGTxv0lWtx79fw6LYI05PMNQfxG474KSoOKKwOEyIFICLQEBFtYFb0OEMCSg0ytwltnHiwHyFv8ukr0tzBEnkjBFftxL84ugFgi/Uy1OFly4jVXUwCR/4PPn71+fTjpOImSBOabIn9kUOalFFIpr9Soh1uCmylmXqGMXUrn0c+iEFw3FSleyyihepjmJIksysk4LhmpBJJTVhHLxqKzLos60KooconvREh0pf/k46qbuiSmVBEuAOChvNXsYb4ObmuhcqtH8NSsB6wFpygfR6AKieUotrqjhLWReScnPFxFLN0siqWzBsSl13nbqDRPeb0J08y63zu/b/ALzbi784CNon3cnvP0s9ip0nsJMHQGb/beLRqXQYlC2BnRuyolZypxu4Se0a5K9DNidol9pjpd+qXPQPrAh5rrOOhJZ6ZiqJbm2rZia7qtUM2hTv5XPFbFY0Mj1MS/NoW6SRWpcI2x9E49rZ/W3VegZqPsvNpx2y0qfRywGw5YvnlTLLtq1IALr3bADmUzjwNWG7BV0ep9GIVbINPrCnJunC+FZ/pxutxwfaMKcwEK09jnYuiCLgbB9Dbe7RjWb5+c4e4LM9tN0j/65CS03x+erHYYPyTjQ2j5cRyXH8dFRMNqlwPgIBcCVekkkkJc8TD3HLXmUJ2iDT/JMjSCiw1WgTBKX0aBgmR4UUqiO8WN8n//j8xFul9QibzZia2ix2L3S5WHYfPPualFvjbkFrEtQ6OY8hKIZE/ac2TmJVMT50m7rmVQZlPCqtT2KOaNAA+pTEQUp7i1UqbCEinY68mIvCIT8UyCqSojiZBbRaplNAfDqzebx8e5R/v4uJatAyP+/CQ57XxKVYxgOz5GI5b825F7edPjY/4Z+tfjGqrCuGOp3UJHRWtTdnLcH2C+U9xxC7rAqzIhLPRdy5IX3hk/zLfZC+8JrIU8BerDymUmBmwmwZZOLY2a9QRb+SwwMD2NPT+vmURQq55aq7CowtvNUSKy0ECpESrMiaA5idYFbGpF1gJZBQ9lmu3fcbv0Cf98IGZUa2rLtXj1rOed4CqB+wEaTDEz+Ht0Sx4MvaCYah+rio9kKt4/i5y8cAFfl9vecG2hG6An5+1XcYYAZszJRzd3qYuVopeJthqmRu42lcUVLN1PxSjEZbQhRvoAav72ncDMd7gRRikeKriMemc8ROPvPzDnjTB1PzmGQTluKWE8gsteNsLrMn8NPkLcwENBPOB+2Pv3v/73P+G/f4i82v9sTeUE+7PcBuTzCCWb9nRmIPm8lvKm+kQkw5n9YipHDq4hfHJQZh+ayTYEncXEADAYfS8Luoj74pSGgMdnuGMJplJrZaksvi6V3G7qYJN7v6pds+kgB6ThDE/Xvmn2x+vl2FwmGdXElCO3hMlvIhvV76TNCMoceEFlGOniuSHEV2wmfnwqP4QoZRaNOPmF46437hyaIHrRKtGtj5OxseKhXb4uoCJEv5dhrgI0OT6FZ/AxevUxenURYB6jV2ejV4vVbrjFlUlvEtIgajAuW56PMaKPMaLLxYjedD7apGE+PoaAPoaAPoaArjoENGciVNfLK3bD5Uul7DqPnTzGWH7TMZY3nTzEuVRVeIym/BaiKXNvAY63rZfXjBrVpVVe2eWVI6391zXtO8TWdN2YNe0TjeniHyEu1V3qXs+0f6V1zX5Y1jVbJ26Ddc1hFFNk3Ni4tvjpQHeXpB4mDHF03blGknqHmZrjOMvMj7WcWmrrtOkUF4fhOU/NRxHlJ90tfGZpWX7qxNJLj3lJz9EXVZ2jdy4q+ZGE1LGJYzHftg0/cLhtOHZEGAyZbXh0VcccreUUvUtQPe/AnPmnuKQTpw7WsX6eH0T459Kou/+rzSbMutZqc4lGdHcFR0I8GuEXNcK3axmtEY42ANCWDRfZU3KLNW1L9YK2Sf5L81+W/xr5r1QdipMc5LfWx/ylW1RS1lZUR4r6SFEhKWokZnFhFRd2ceEUF0XNtKiZloAWNdOiZlrUTIuaaVEzLWqmRc20qJlJ6/zUIReLnhahTB0XoU1iP88fkre0pDOkXpEsXAnpRfDspnIWpzFosj+05Jgs4juhhe+E5r6Tu09DjTONrDZ5MlZJixlqlHPVKAbeLGaSVUwOy23UkhZLEwrf5+axtSfcbM2m1bz3iTQRPcVCtc07TowGMDh0mbRYUPLn7d2rCjYlUSOTMW9mE+TlCexQh8ykVo9lkwnHNVPHwDLDtbp03xR3Jt6dmfuORokl3/U03cQXrsv2ia5g7j6NMSb+MzXLggcKOaP7hGqgycE35hkWtqAO5hiyDsw4ahsiFRqBeotfopmpqhkGxSu1fLbPNAqwuKCpsUDVdBeKOKpGbRveUky8Rw2ClzrbIZg/DWCH0iZG/ynOkS2S65m2qBJg0wxLJN9zDc21DNAKsRHCAFDXwVoM+MMM0QHTZKK+LtFck7VmkrVD6fJh64o0bTMJ2dI/xt6IF1t4Fhv71s+VAg0TzPk4Q4kfQBY05OaNhsYV5BxbTH4hBRhGgUqi0wqvud/9d9J23Y8lZzWqS6u8ssurGxooXB1URuY2GSjM9UQbktuLNiRGLdzQuSTccCvLRjFMgwcfcuhiYOFscJJNMZJ0JuTQ1YHA2OZ1Qw4LTG1iLsUnGNP7O8qYT47r+feOW/HHeWGJXg3tVYGtEaoXYpE1RCwCPROHeE5uW7vdEMRyuiwQhgh0YPviLSDob98hhr5rK38qiKVN5bsalr5Tvl4SoOgpiA3Aa63PtSjEKQp13PpnreZ/bHg3DUsky4YlkivDEskyYYkTI/11JWFv9CFo3Girtm5E3EGIsB17lrhjvl/xz7aI6RCDkuvR+qUMHqL9h4T/B2DxKM0axm3o4MZCOrhR6OBGEb9YmD0enMRo3InEOLlQcjhyMdCoi4xGKTKyUmQ0KpHRKEVGoxQZjRWIjCYoRpQ1URVX+rSYaVvUdqw1ObVEvu4HJJXZpPFQe9d2NZet71D7iclWHG9/783xxKUwV5c3x4MsCyq2cz8OmrZxPxcs1Ot0g4pdX/elG5S59rVGwyAaMVZxXvb9ERUmFtSNhQasreRp4gb+CBlC3mEADHJtQKsIapViBb6aFTGq7+FZCeFtuFnM3M1i5m4WM5dHzNzNYuZuFnPGzdLaG0DXenloz/Sh1/CBW1RctlA0QYq6c0eLWThRzMJTYhaeErPwlJiFp8QsPCVm4Skxc08JcFGSb2mtHya6+AGykxNk2lUyU/HiZ71OVDx5qOztNPR5Wpidaq/wMV3rnOor0TblwapJjvkimWhFLpilq5o5HVosKdlrdck687OnVwDdAqdYLw3nVSdaz1+Yi0E957DoWuCXCDo999LmWHUMlwtwO3gSFiFkGFufYvzf7IZEbX07d1a1JUeaiQar2dGx1OA+jsWtj0XOUdavjZuLaOOPh0U/Hhb9eFh0GbCw+GHRH9urOLdZjFCO/lx9aZgks0ei1m9qhwM/HvE8PUNWd8TzhBT6oA57XjXklwC2/LHPtwjcsgdA3yJoj0dBP/SjoGcY93Uj06qnNwxNa6ro8ZDnx0OeHw95fjzk+fGQ58dDnh8PeZ6YcI+HPD8e8nz3hzwLT13xYHvn2a+XGZ8OQObu9RSsH81maOxqN8mqaMRQsRSaY6GUKpef+PAwOUyGuRybfnr/btYA1bDEAcg3aCPpmLvbUjs42Nt9OiFgizbR45ijT63OUYCnB/JhuT47vvWUNZl68q+P8liUzq+ckUvKdQaf9uXBDE0WQzSEKHnJ+oCA4q9gwhI1FQhFMyI+6xzsnT4XlU2aDGb7JmoQn3TmZJ2e/QaVGxWNQyegpChXvFd7sLqAJdcaUcsUulOomCqiYhiONxSG4UaTy/R3oGZVl6qajn2sq+kZgDfik29K08W0xSa3PpbHRxzUj4+YxO91ECnAvuRdjkDaiMCtptan0DDZsRmTXeb5mHpCsIa5hri646zp3Ixb7NsVIIMCj6OkyrNaMdGUfCC8LOn9hh3zFU3A/lY+eAiwBzKZiFplzUOvVp5VJBndb+BFug71TCQCqfWglh7kfsMfxBXUO3v5gfHKlszYUpjkVgl8MzmfD/wEtCeSkKp5HL96luLkqZPY/I2iKkcHCqapWT36b9SDEQcRJeXqIIGlKhaqfKDIB/cL2MAbeMCHc5hlynnxSHlbPFoc4G+B7V/C46eiB+4zj7+KpAH4qjeACSmTUQm/V+32XtMzCfwwVvPoi9xpVwRjPATgy8yVAvbq7v6DHvTiwvciTfSDNZDf1UOdJ+KUImp+rEb14P53AGPfez3eE2Qov47TvnCTpF1PZGJ7IN3oc0yS+IUXXSnuZW65B9AJ9MGBADLKeXtx8xAAx/S2aSl/i3y0DwDuIpuwALy4fgBgXwzzMMTWVJ7wew96tUUGID8SRw/Ls45Hcfow+JQXnnmDQO573sqvN5XggZH9KP4sjhOY7EX59P53oHYMMHTh6echkHpMD+z1NpXau2WU0G9cyXg+FtsFH65u0Yv9kTcS6VNe5pf3ep5OnLQ8oVPUXzwM7UJkx5awPwCFAvMtt+SxB7W8y/cc5vy8BTEpWvUzG+795PCFBI4Z2eNAspRtlALflE/uN/T56QCt2vkE9xviQGylABqf8UFaKPv5/oqn1cP73YdZdV/JkqR3z8GGFsYnapkqXESL4yNxdMVB+fj+92ES8gfg6QljDzOqC7jzy/sNb3I+EKmz5Y6C4uZew1zu2xIydXlzv2HGtFReIVo9Le+U+tFX97sDpRZzluss9xlayV8qMeXpxIN7Dbs8PAWBfiav7jW0RVI1APdFfnmv4Z3Kvy4A3yuOGrnfoOdJ4gTIL4vrew1xP5E7QPfhF08ZfADgFqdDooctLWEvDgC6/32otqwK6F/Vbu833DzDwwUEzPnlvYY3geZGan1JvsYnysNYmMOkL/1PJ1x5LVJqKbhV6r7rNSLVXgH4PYe1dnihiGqu3d5ruPNYtYccpfaw4tPkaZfS0ySu7jW059xHJNOWPKb0SFzfpv9i+l4tvBU8vKeuDbmrHUWJ+KR0vT3i62p87YGInmMsXQZlCy6LGwUOZqMEusGBoCeFVn849eh+AVxsT5fcSCbp4aFSPf5Y5PovToAvK4XvMStLta3j5NBvzK9SbQYZemEoorWToar2w/LeT7IsgTnYazwd/pID4AGGPejxTtLrHL0+GjQVK4sUYO5+6so8MVtvD/d2inN+ij0ks2Pij7gXBqNx30+V2nVV4W8dv9ea2ri2XRVszW4qqVUDH+KYpUEi9uHkt2U2Qbn3Pg0AGk9LRicbVcUvm32etbrlpvpqOkxA+AIt7lM5SCa+nZourSt3kM/Wgm2IXZwfXj07bM1untMV4p6pZtc4MwNd0UxTM0yF4P+6LIBb3KWmime4a9nuEs0ONAMP69AsR8XzNBhTNQc3eWuWrTDNClSNwRtmqJpriV88SEPReyruUcWTQvD4DmZo8B1h8CnUAH9fmGf2lRDgTrmm3adfGxld8zhMb12bxXjTtpl2ldILa8K0Xi3c2Z/GM8m8SL5hTQLTMLXyj/ESZ9BTeTLxlfMOy+I6mjdbBFOZeVJupVms7xMQigxyMxtplkAFnbdpNUuCnYqBdZ4e7pzX6Cy8VfNcYHApc3x19g6fyuxDV+9ureeNqLeT77s7fK2/EYoh7tWLU7kEG6EsIep7o1ORWKe4aE1kuRY3pDWTR1PWmp9e/pjkbTVJ3iqUwoQ+fPv61XOJ3w/JGBqCfsPojwZNkSoVrb4k3dB/xXIAkStOZmB6kZzL83TFe2U6w9SVFZ93vSxV889lCNh7ePRdquyVzxarqdxz1UU/rjhtRUSI1KDMz1JX8tditixYO6bOVWshpWmtWswjI+rFvLr5gfWiUC4HvqB1hHuDoAuDKX/ewyQ4yOLg9OKVzDHz8j3H83DFjt65SN8rX0xkvpwSeJs/ryhC10u7jflrdmGqB5kiBb1EmdNamVtmoeIA9b//9f9MrP3aCSB4SnXc9J0yTvHBYNjHlXMBc1hTtvJUsbBwYI1dwAwPPDzcO03wJJOySnH6Nwy4OPNanoUtK8ORmkbWVfuZ8t1LVSwAnleiNeUeA300rW00hlvkUZ3OzvinmsiV7/rGVKgoL+UDkIzicg84jA/cfsGKerVBw+pr4lVVz6wqLKqUfvUqam2yppxBwiUy0c7LV3+8UarnNTbZghFofbyyWZU0tDudd3BOw9jKhSBSa29mKHrTMHjV6euoCNTl9goUUP341IiIyj/0B1aTpF+m2vJhvSk4obaBP5xWgvrOaabnjB7fqj6+blW5NcXhEKnQbpPR5n8xl20x4weleIw76E9EDoOiRGRFTuT90Kyd1JrH5AB+zOUhE2/eis3zU3Oo+K6AAJbAnP50/A/u0dQWdlHxzuvJbfnlFy+R73a4dXTWKIdlySkfiDwNNVzIHiqjE/9vpt1WTAf+o3//YX4FSjQeFKd9NVRCmN5WHPiPUiaqKSd6c21ASGNhbhRHjyoVXf0RGLfgJiiMvW01S3hSKHsOgzXsdLzs8xWi2wRR3kmGFwLbSGODXjwskrIWZBgLNMl7jbgB4ftCSn6oCMEoHJxsteZm68z1q+aPOxeuDXU3al+zupXbpuSFc2S/IC7emC+cLdqm8IHe1hWrbR9RUnvgtCmDkrUnlEAFR3btCdayT6w2eWHUy7XZEbFfGEfwvXVEfptMAzTbk4OxiCAVHXr5KTxYtEMAj/3SbRP3JdMwc5ZmvjQ0l2CuGt3FF5ZGbMyLZLqYa8d9iR/8lmcBaUoEchWFAdW3GJ9HavPgqU3J8K4iN1IpqhGcR0rzSGkeKc0jpVmU0gwXFWzC3uec2qiP1OaR2lyT2tQV/be52aUwEgV5hLrYEC0UOPE6gsWVnAsNfUKT32xImV23WrV2ukmS8jInbbV7E20GVcyq8rfiKKI4rRX6e6tmAGrh6U5ofRNWAxHDjXCFoMnXv5bmBKidU+iWKK14PTQcXyh4bKzi5UXyb+PcDDEcJRi/MtnkVgiomEr1omBQER6ogLjgXhr3LqT1SjaMRsWJOvZm7G9KsQljEnCY+n9v3cgqtYjFbtoUNf3N8kao2Sbm2Z9mSjaYnmpoEtbRIrJczMMScWhgRkMSjAaHQqVpemq24vnQaaMt6JFF3imLLHla7TAnuatYy9KKo90GADBQgDftU5o7i265YYz9O7391gW12rjVJhVl4qT1Wx5n0eHC+3DrPQ95H3NrhonqDYez/X+U3B4lt6slt4pJHs71kzTn6ZmhsugjQaHjvMtHvHLUgLgz8a3wbdY4cuWJ7SdhHF3g1Xk3xlMHCs6MdZ0n4x7ucjzlhWuvVkcy0JS9XC6DtnPfYC4+gRwSw6wVTiMps/HPsfAbFwIa8uQBrKchuokHQcxTKSf4HMHH41KEzCH90kKya1Xsbpbet+oO2hKvVfE8mw5gK5cXc/9RCnIhsNo4mPBYYptd3huK3tU9XsKjXHrAn6E4ByiE7occagNRqKwm6PLgVEnGWekMmwKmpGF1qOQglLBJZGKazgz9n4kEDiRfoEAKUqDWTcTMy9y5RTZNBP5p3iWR5W1a7pxbyfIC6Pw25wmic79oEEi3L5RCSs/Rmk83nNfJQIQusHL+t5WgjFGIZFyCUKbOuX8aFz5TJnQIKK0phxjRgWsPKiyWHsyGeHCJL3TBNS6kXzHFc20pX25YeRn0II4F6QP1F77cpOiH7KTwno+HSCUG1ULt5jmmNOUtTwEtItCjfCp6K6Yb7lotkZV2MRwl71bGR/144PUeJfN7LJkPhp9rNm3lEgOVP457GZ7Jh0/VgTxkusnyBRC4blsxiLR7PXrlHmWg68tAB5wryN6BJCIZbiaVV2V7Bg4Ks0NEYEl+7PnIeqeFkiIwDKllu3zbB+IXF6w/rZ4X0XH55zwLbsZvmwOcMKBJBLy9zR9Oc9jZz5ZnrQ2tzOOps0UbmOnrQcCrsB8FwAAuNYjTLg9L9HmXsb0ya6DsXnFbYqRIJCiGVjAfYfTz0fpYRC9KYQk5khRXPSUaQ0FZV2lhzLlZYUrCgtBL4KkZxg4BF8vL+xc15j8E9PKwmBCRFO3yOzz6YVjcCjYZ9bzTi4KZfsiFcCBVKAAOFO4F3VxwG6B8OOzhBC0Y7XcwsUajBCTumhFMfJJmfFhnyZpSiTDtKhguBx/ED3HYWqh44yzpe1ke1RlHSppIg2vF22WHHtn2w2HbOMvVIuTxkdU+stqlWG1+ci7a33EnEq7yLziQxSFJhLl4mq88OHeS/rbz83aLnQFj3Awf41G5qSYPaMQneey9OCSSMN1ixDI3KKG2wRihKg8jwh0eqiwKqGo4nqe6gctUaniccWaZuhFqw8FJbW7F/ZMOP2N/yJNpbuZJGfDPWc2JIm6b/Sfy1XVdJ/nXl3tNCmBKlrpcsHjjmR18IvoWdFTUWZHhlLm022K7QZkrUx4oObs3vbnNJulLwaZymak9I0LV5Kwra585DSPfYsxLPT3ritBg3IZ8VWXNp1OgjOkp4t2kXNAqVsjUJjBAVjyQJ7QPvDOUTfODn9R+hpvVpqcDHjkkdqPXzgivtl8115pvj2x6qBYT8dKhn6H901XhzkoBocii8Dlr4vczzRcfTJ8F08htcCse/Keqjcc6Yew1fx3lzDvt+H+EL6ePYJrcfhPy9LQ4zX3qOCasS00iNSc1qTLzBIDnUab6ySjMz4JrnChXRu03VSzXcACM66Tbu3yTwPwpeomTduE2l9i6sYhtbuF255raLmn/Ms1l4YZn9ZErETxFxZfFrfh8Isri2evXh2LHVVlnlCSoP8gfVcWzK5sF2GKXQnmlRr1x3LjXGrSPvEIJYOMaxxVXFILrpiLFa8mHvtaOhp9cUkU5sVdQkcLcnHy69aKzdK0OtNyIPO9srKlDa5r2RN+wqUvOsVfEIdQcVNc5svN1cFs7dnv1CJ46iRuwFpwmZ3yEYStC1vpjjL4I4O8bmXdywsNVnMs9i2LkoNi08jpvu9WeOWcTxdJW7aTN/L5B2m+WemuSHywV3AQ0Gng9ULpOO4M3e+8mpOJLToKlRCHsjOhdlZIzlbhdQs9oVyX6GTG7xD5TnS790mcqEQ8113Hw7E5mKoZqaa5tK7am2wrVHOrkf8VjVTw2NEJN/GtTqJt8mbMBeKGx9E49rZ/WxmsjjNMgkerW6sZtt6j0ccBuOGDZOXrhRmLZVaMGsvZqB+xQNvM4YLUBWxWt3odRuAUyLdViMVH6MQi6aRJlayPMMqjxcbrceH2fn59roBhmY5+LoQu63mDAexvvdgzrt0/OcPeFme0m6R99chLa7w9PVjuMH5LxIbT8OI7Lj+MiomFQSGkb6FOXQqBaZdraKR8qZ0XSrUaqU7Qh89YomDJUVQPAFW9MgFMRqOFFKYnuFDfK//0/CtUpU/YLKlE0+7vZZtQqr+zyyhHvxTgLU/BmOU8IdfRqlpi6jo7ZuA/iIehqrU3qujZ1ie1qrulgroweBoWD5IgnCLU2Dc12xT+TMmJRx8CpnCbjUcBR5huJQzg2f4em4xRz/4hUtK1NnHZfv/6P0qzsFfsl+jzzQi/zEEBhiENnxI+ECts4HpS9+buYbfjRm83j412p9x8fV2SygweO+0ly2vmUqniA9vExqpLyb0eeJJQeH0/EIn5CDVPY4DeJLXo57sPyoPpXgBw0g1cC6lZu+NKEiwZNhQO5KFqbYodzu5WIHIh7Ys8z9vRHk0W+xZkR6Mwn3AgIcyI9tH0r4pHLXFxlaP4RX+DFj55vuNznXmgF1PCIH7hEZ5ZJaWSywHMi+EDUvFwb54BFOWDEsh1mM53ZumsIpI4y+UaMtOPqtubYtN3ig7D23NWJq9nELY//lgMpBqybiIHKcSLOJktx/Iq88UhBckRt4v6mJ7jQfscwgSfH9UwDx634oxjnURxk+RyBUUlOYNBb+dEQIiANaOf2xVuo6W/fYVXftZU/FaxuU/muVt13yte/tzD2Mh81BSdm7wwdcAmsVpFhRfmHp+BSB0BqCudxS4YywFNoKs+p0zn4lAyOW/+stfCPDe+fSFEzTCsjoJO+u3I2K0odbC4T52DzPi8gaCt8gGaGfMuFMDmIL4vScXplUWkUw2YAfOwbP0f3nYyRFyXCZMCrYuLREDSyBMNwGqCuPxDfzvQF8/yEY4SllihW+kfRmyvK198IJ2zh6UXfbHU0Fq7owvLt8whFrep1vvDk8x8LYvC1XX1Sgj31iXze/EmUOyimvsDH1Qe48vHJQV5qpgTM9SQeCFr6GekGAe7Ubl20NpnhfK1TN5nCM/DwJKp82Sy96NOuRxYtrlaLXIPnpu5on4b8pPLbzND8JpLvWBqQg1o3BOzlmWY1/InFfsmAsVuicqLgu1GvJpzVguJCflY3KrUxz1uZvaqPWy3FD9AatBwKt5cnfF4cZ1cYIx3rZXWBDGtTz0feENaSIm7QHC38JeIOGCDmI1HlUlWGvTFmsAiFzV9ex6FaxBaW38OzEkLghKowdGPbuQ7Q6dR4nZQkO52pyakXH49QEsR+tKEDbQk4yBu/kzZhQjiwQDgQAsv2690PE/6keg3yYeWfLmxJmwVtEq5prIzVpR/BwTudygtStG3VfScTHhEUEmooHgjXnCJ/VDzIjWNCqWGT0CQLgZQH4vcob8mwm6SxsqRQ3CbuVLWQt8TnjkASaZtGUz0p90ZBFwTnzm+9n06v8JgXH+0mwYH4Timv1O1Gt7p8mYNiuo1bFabrUH/mF9L++/P27lUF6w70Um2YVBrMJshV9MwAM8E6VHRLz/qeDc3UUTI3XKtL901xZ+LdmbnvaJRY8l1P00184boMk/vZmhlojDHxn6lZFjxQyBndJ1QDwRa+Mc+wsAV1MMeQdQREs2wD9RaNEKv8JZqZqpphULxSy2f7TKMAi6sBeQxUTXehiKNqFDQNAnCp8McgeKmzHfjVAQwsbaL6pDhHdqBDEdMWVQJsmmEZcGW4huZaoLjo2AhhAKjrYC2GgukERQdMk4n6ugRkaSYlneSUqyXmNVo+nFWmchVrkOSBIuJTFFkDD/PZpX+MPeCcX6X2sdjYt35uFVYSmGCW+XFm7VYrt4PRS4dJEU8D8m4PI3JqswNF7ZIa4s17ed35Qnu6IG/Fg+2dZ7/ms9pqXJ9QGDNzdzrm7rbU1w72JqNrZpOcVh4TeHogH1bBR771tNHTmH99lOtFnV85I5eU6ww+7UsXTBPtEt7cvGQdMXwwnvZeivyqB3unz5s8ljN9EzVc59zCVRzyCKNk65efo1gxhjBOkTttKiK66wdlllEokrZsinCzH4oGWD4Jbau4cPMLhxYXZnHhlHPWLb5zi+9c93aPwERuptM1o4foRd+JXnAkQkh5ZZRXdnFF9fKKlVdWeVVglzBaXpVtsLINo2zDKNtAlnr7ODbXjmOz7L9Z9t8q+2+V/bdKHNsljsv5S8oJTMoZTMopTMo5TJyyDbdswy3bcIs2qK6XV6y8ssqrog1KaHlllldFG5SS8soor8o2WNkGK9tgZRusbMMo2zDKNkoJiZqkXJbULOsuMUhLDFLL/ljjO6ZZrWcLu1GIpVZ5ZZdXN7RjUcsCNmzO2rFAPJB2LMfRbVe3yfXsWHep6RmGZdvWNTQ9auuaY9D70g3bgQl+nW64Lijg9jUV1rr29Kiv3ra+yq7SV2mhr9rtkmNR80a0gFlMcyyjyabt6OIfIS5QWOqux6bNbs+mTfWaTZtO2rT5ZyicaVnywjvj796+fOhmbYbG62mztgucV7PR4D1l1magyRGHzTdrS/TMs2tvjhJBWKDUCA+5Fslhs0RDc6c2HvXkK5EG9RCDw3CkR/yEfz4Q0wkKa/+zWDzi+bOedyKjeT9Wnx55vTHHls/KCygyHsBShOEVWVSK4/NgWn7FefkKiVw+ejjzk7FcCHplUZ8e+HyPsiysYNl+KnBcWX1zS/rfvhP9/m6+ef0fSJrEFoonx4Dy4xbuyoZLoEd4XZIJfITzu3g46sKTf//rf/8T/vvHBlbyzxsai9myll92peWXicHCna84FH0vC7qIeVz/+CLg8RlmvYWJshBh//p1Gaph1KjGx/pSlc3XVipGLcPA/ehFusNdTlwzpCwwzMiiHg0NnXLHDHTXm7OOTMtsWEfMdjTHrS0jvVw6h7K9+uLJQTgAarbTHQ8m3UMixhvjMfpi7YiDlrYGoVwZwrsqJ+rU+F8xOIgfsS8KmygvBnKcn4p7BDBNMYn+Zn7Au8htL1A5Gg8xvFCMyf8PUEsHCFLjxE60TwAAIjMCAFBLAwQUAAgICAC8oWlWAAAAAAAAAAAAAAAADQAAAHRyYWNlLm5ldHdvcmvtnXlz4kqy6P9/n8LRETN37riNa5VU7uiYx77YEkaAWN59cUKrWcRidpiY99lfCnAb8AY2dru75XN8joFCKtWS+cusrKx/fxnN++6Xiy8Dd9gbD2z3bNg1+8NGb/Tl65cff178+8tf3sDsuAPXg7LLP/83p54luZTZiFrYZTamiocc2ZI81xNUMLjAX51etzfqdZt2qdmBuxAhZCLLsohwIcH1R+Zg5DoJc+SuPv/3f75+GS3/kkQEK/grVOt27A6XNei4o0bPgdunkyW49njgw9+N0ag/vDg/7/vmfDpo3jRGEcednMPnwSeGOxg2e10olymVrs9xBMMHdq/XbrrDLxf/5/9CKdd0oBC8+PeXrhnc+UvUtt1+8PgT0x8Hb4zc2ei8Mer4X81+32/a5giueT4L3jmd7b7b8b/dfkcR8bXZMW/cc3PS9NZ/Tl2rf/duv3vz9Z/n/1wWVbYuMGzedF3nzJ3ZDbN7436bfLfo6opf/vN1p45nya7dc5rdm43K3iya/a8njuv50KpfT6zBI1+7giuPoR4bX3O7Z+XiZtF4r9t17aBKG6Xarts/M/3mxN0smukNN5truys2CxZd+yzljuzGWcLd+orTs8cdtzt6vLDaczar2oU2vYGHe7xwsTnaKtzrPlGwPHQHGwX/hTeLlfs3AxgYZ9nu0LXHA/dMX43D4cY3tr8AVzuL3gTPcF9C7S2avm+e8wg6+Uel2XV60+GJVjrBKIK+ncAbEvt2MpPYf59EYQS4Fde6bI7OOZUjVDr5x2WmpF59PfGbbfck7drt3n+fZGC0+u5wGG8Meh33HCMRQRHOMIsw6aRoeuaguf76l//A4IYqD+bF0SAYIZujvdhcQPU4Ub5+sXrOfPUS/SeYbcN+Dx45mG4wOUdjmBgUyV/XL0owEeCxSm6n3xuYg/mJ7jrNAYyS/abbj8YaDjt/meO/nK3GhJvAp8vuu/iiBd0G7ywb/8vFaDB2//P0bB0Oz2C4jgY9/yzq+73pWR6GX3Nz4P5zZ2iPoKPOrtzuzaixUQo9VqoUyMdHhMFm2aveavZulLsTTMFInZrzyGJo+72xE+m6owvG6Lk5TvyrB9UEMfZ9WfZvNPo3koJ/7+fP34gLM+hvxPv7X72BM+q1vxuNNq0Yja512+5w3JJkQgaVVmLAbzerc02vN2oSv/7+P1+0fPYkmlBPEknj5LoYbZ7E8+qJFjVO8mX9JF/ST4ql65OsloAC6v982Z4xI2jdoA83rnnXg9/xt+K6174HffatuOyxb31z1Ph+/s3pdcxm9/uuRPi/wahYtu5yoC2H3xkI+w6I/tJKHd03c1C204eRuRpawTDdGsZU4lvDOBjFq1FZ1q+e74jjdwKovNHA7A49d/CjdlBh27Qb9+oNpuMweHCnO1w9t72StVCaRyRCYdwP/UBZRigNtKTbdZbPNTWbUAZHFEaCh7TdQA5fkAhV4Lp9kOcr7Rz89b9NiwnXgnaSbMJMbNkCI6gLIR6ntql4y8k1mLiD7HXUcYLWDSahxCOE8AiWIoQqwcOsylz3BnBjBS3fgP5tjuYJd2Q2/eVj9Aeg4u1eoI1LV8UTHKHBxcdWCx5JW42hnQHw9UtzOATZBJ/Uh7bpu4OTLAyHQQc6DnrpRO/1Rifx6Mk/Nvrqv0/+Ab+rIdh0UiD/oCkkWVYEJwKv3y71lm/CszJF4P/85z//698/gW8UKkU4fp5vKCAQJfvzzQeN3hCafhI0PdK/ITl9FnL6Udf1bHtEze/aHxsPuJ54G196Tos/oLRABfwUSvvrNZS2ukW+689/U2or/cLU9tc9tW0D2uZzPg50mXWvfjs2vcn0DfR25M54SG8yPYDeCIrI6I7eQLJQIR7QG40QzDfoDQevPzu+/XNLLW3QWwImbNwdjE6Cb+rF6EkxEyVcOiGIIAA4vItrEmGEMIS2cE1AF1AsxE/DNVmBfpOfxbWzA1xRfg+k2NZA/euvBRDK+W3pNtO9lTJ2e1JPvQW2oBfPQA+PzY25vTn5dRdG8JaOfm4avZJ1flTirNOzmv5m2X+hz63gH3sIEBkjrzfobDXpiz6UYFy8rJyDUlu6+RWdv4fUnZ2Nu+1ub9r9sitlt6u5GsybUvah5AvK/OWBjADhv650oAMvkrr+VzSW10vJxJcnReNK5gWXWAm91Q3XEu8Mv0Lc/SzRwMEGJ8+LBhZBSLzVkDu6Insz6D0DbqGdd4Cd9wyEheZgaA4ebA7yvcxBEjDWlsrJX75CKvzl2ZuWVjdxm+oynZQkVZaekhDxQCXcWXZbA+hspS1eaa3dlfV37T8sISK9oyEVIPTG9dYey3OA7L0MrqANvz9sueOZUASjzSGxbI6XFTyWCJUOMG6WDBMYNss/to2aHyrwLSo+tGiOhi1CkSL8WWiRUURSoPCPn8cB5jpffEgwILwj0JEL351HYGSem443PPeH4Zr727HiCdHZMWdn8NXvu56u/RnkCdcZF9Ie4nirrc+m0+lZYCidwahwg7ZwnWdAZmewbJZ84O570oDez7Z9aHf/ZGSyB73h8GzY3C7+OxLRLqVIgmyqpGWwTx8GBogicylg7vXcy4Pr61IYrJRY3wTJuCU5ilH1at2CG81znUxhJ90YlzvGzKkYCyceY1ZlNrYXqOlUc+N8RzRs4i/yHd6w4PN8V2/lfS1WKk8ltcmm+W5sblF9UiNimG3GYjbVfLur9y3CE/C7cCrYt/3gvXq/Rgyj3J6KbKeBnExskW8qEystumaFjd2u1oK/cT3Ox/VqQdIShcUV1To1LBY2UZrZpO7bFK7bSSGzIsbXxVzPyehTe9GbQDlkz3mzXklJVtrgVx1tYhVFo56uL67IbHE1z94UywWR9ZVZPpFdaK0sV0s1lC/ZXCtFkZZQZ1oTylQ1qK+Rs7oaqlU4ui5m5yqUvypFg19uJJIo3yos8q0yqUB5o2PMoW0mVgs1g7bItphik9TISvRz0A64Xs3euGk8tLqqtHp/zzbtpOCZjbmThms3s6c7baPA88L3ptK6vvPr1ixfg3YulvWCRWb9Gm3fFCqzoUWdhN0xGk66LLJdfe5Uys3r1nRS6qRG9bKfLKfF0KxoPHivUDWQmebFejUF9dbQ9c3379vSBEC9ODK35i27rgCP3zYG3UuW0G67mcpgIN82EMksh/5fw4aJA8GhcCxzy1QUbCkUc49iR/FMhGXPlByZSbIrcc+VIo4JwuXJdRuyA+qp3rjrHMjqajFbLJod/+FEKECj1w1jbiXwamDNy4tasTyvN+G3+9gAg89LBaTO4fNOql3vqr7aAeYNXvuzUqGM1R+TKoELerk2qyednmMYI6PbaBu4LtWTWlxL56puxmi5rVi/nmpcOmUxylcaLbUzk0oEYRM+N7r9a8vP3ZbILF/wdcNZ1DWzpNMS4XG3kl2Uu/W62vIXxYofL3TURakza0H5aa2VxXo6O9eq/baxSA1r8H0rrY0r3Vhd9esVozKi+bI/MhOxdjGZg/u1mdPJZfIV3jAWOq5XeN4MXpdSZmFh4Irf0LU2T5arfVVFfFQpJbnbUef5tJ/TjdywttCKdjo30lsx+L6Pyynt0iJ6ttx1Wm5HkFJCy6tpjWsV3zRQjdTaTkUrz0alLrTywu9V2o7ptqdzN9NX3bLfLWNDh/oN85nGtZ70pVKnn9PKuFwpxa6NtIpLvh5TkzxZqjby5rJ8I+929KrR7jetNptWDBurqVipWPW15fdTesxtz8qFklHRk+VpifR1ty1ujVKuGnzf6OCKW1HnVqbeNKE/SpU2cpB/qyWgP9p1VGvr02LQvq2UWUn63XrZntkkNy6V6uvPC1OzoteKXePaKvm92iI3hOuPtEqjGfQ39FfRbIthqZ0rG1WbrK4vRnq334L+4DA+htD+/SKMu1rHGMPzNvVFe1Zpq9gx+rVyqRG0e6/mOyBmtVqp2w/GES+n+6yE/apamZUMI6fXWjlmp9oLkzi6QRuLWktr62ltZHQabR2XebHCi24F2qniF8yuQ4w0TjupvmElDUNf+Iua4eQ1I3br0LpeSdWmtbKNy7hf05fPzabltO2rpAC/ul3O5CZOWrRA8MTNCm/Db/e6CvMIerRWWQm6XAkEViB0qjBHSArVgrllLAUevE7Or1rR4P3m3feXc6/cKBup6KicFCUjNSvWK7OGa4Bgrur+dUkvGAsN5kWqZ3f4lZbU83aFZw2am2s01VMTueyX3QXW3eXX3eXZp6z0o6ymfjsBYh4M3dH38cg7Uza/mtiWqaXG+OsJEieqOQhsKXqC2QWjF2BZpdXSnouyOyy5WpBdGx/Tpvkv228GlV0bMmdN57uteK5MLHHmgeF0xkyLnxGC5TOEFAQGHfw49tOeg2giVTxxeu6w+1+jk4Y5cU/g85N+D3hl/vUEqMocuieBHW/ao5M5GHcnAev91/DEdMCQPgGOOen0Bi4YBivT9DmvgtoMaLHnjc4CSR+9zp6TCHrRv7Aj97+H0j6U9qG0/32k/beTVZxGIOW+nfyIwThZB2WcbIVqHOZW3BXdL3kZMd226Z6M1HjKPfQGCf3QeQmVed53SUjgONzwX0oRRblzYUoRHMRe7oZm0AijYiuyFiHpWJ5MFMEKjQDBI7TrxwQ9tqcjkzxwZO76V97gyoQnIDLZcWUq8LYsfqIrk6BVoOwzzkyuRBTypgCNYQewyb/9F5TrDT37+3ph5280sVqOJTxYkOXBkizfXpTl62VZTry/EWm9tgPfe3pN5+/BTZxO9/sBl/57UL2/YLpwmriuGNyybqWGvny36fS/o52fv7eG9qDZH33HQ/coUX/hYvDPXAx+pT/0pVifn+ARDYyTP8Ih+qOua4myUdH3Ch9di5XdgfDcHbYioVYSZnNxYFPW7BYFsbNpNO78bJZey6LNzgyk0sOVbYW878r2Z1muRlw8bXO+62r1UZedscy2lp3hsfZYdSb0wIhaqkh3+6HuXuzsh1IiiIWrz59m9RlQjEeYYM8iG8ERJEsb68/KAQvQj/CbZ/81HPZeb1+EhPR7rWszJPYQ3ActbL8Duz25Av7MqvnTvLdreIer3x8New/Ez2Zz7OWK3oUieTu2KxjX77ySviaujaX0TLAsO5vm/Zxv09jE6mp+Nuknr4s5TyV6p9ZKcrV0M6qXolyLI6RVtNZVqQHv10b5UptoC79TrxgtNRFl2WasUq/mFqul7mzgM2vCtRY2NfxihS+cdGrsJFBTbUXn6hxNg9+8UZhpiR5SFz2sNdlCS9RNuE4yWM41K7yxXE5uoaaZ0ZGdUaWruRhaxOlbTQ7KXhta1GhfdbjvwDW0hDqxSb1VpdrCmmdvCkSMbWIs77nfEra2fH6rW5AcqK+dNlpmpd6vVwrBcwThBvDe8ppla4Ga1UWSqS2VqK32TGsVuLZoYzVRgGdJEniGdUhCf1Gr4KG9bx02QxNaTLlbLs9mGiMrzRfQL9juMMkiqYVZVaW1z1Jy0qpURimtlOgF7S7V4HvQF8uwg2yLL9cLgtAFm+qLq07Or1X7w3q1PYb7jK7Icm1gsly+7/gtuN7EycB9aEG5Qqv+s+/CBDJRqUz1hpMxFtet2frZ+iXoW+RUtYRFdD+bqjesjOHvW1d7fT1oB1wjGoxDtZmNK6fXcbFzffX0OrkZZhDL6YmgHwqonqix2sKBsVlGtU5hpCXKKF9ETIU+hPHa0EiB1UrZeY2UYdwdFjZx1VKR5vea8Fy+3dX6FmEi28qO1fiPUAmR7Rpzq9WfQLv3oc/HQWgD/B/VFv3lOks+KJ/oN+5DTVgT2u8u5OJ0Ob4TL4SF0B8hKfC3PneCkIe4+HGN67QetGG/TnjQnvN68ccYbAehMff3cKgz51Sd84ndsScwH6dqXJnmiyIo34bx2c3Ot67n12H81zvK6r124CsXY7MC/0/7MNaWoTNavar3LFIIwji6Fs31nXRjdBfyEow9uCu96tow/sS8PlegvaOzq0VyekVhbMex76bVUW2RRFZz3f+7z1PGPlxzUo/HYlbagbr7yEyjdWhONJANcAd77CzUMdy/e7XITuEeEzXRngT9VM/Ateba3CbJkU0aDbWYvblaMKUOcgXmdgfmi291QP6ljGKxhJpZrCAtXSD5tEprc4S1dK59VSpgLdEe5RMxH96DMeW08+nkXIXvqQk16FNo637Z7qRATtShjnjx8D10SBtNrxZRvmwjaA+zYrfqFU7qldkE5FP7qrrZ3/fPY2RyDRjbHbjHKJtMDetEzM2gf0ovjIOiMlPjwTiYwlxttK4q6kxLs1a2GZ0EITe717bX99PTfjeQ2aVKEJIj2gfdc3fsUa1XKyXvx0Bbh2c0Fs6dXOngarEoqgXkaGqm0TRQDZldnWulWA9kpF9rNZp6CSlX5JHvrp9hs79/vAf3tjpGG3RVx7obF8v3AtmT841OauhUyqdWJ0tKnXq23FVpPp2lpY7OCpX6pFhpcJB/OZBGSdNv9PS0QU1UHxVQowTjrewmdG76uWSlG+uamRusVm1abulFI81v8xVsFitGRSs1UIE4rVK7jA0Y7TC+sUVVWqA3IKe0uIVSqu7XsJNxZpVOqmRntJlTUhG8j+odo2onDSOQwSrR2vWqX1RxjrkVLaklb6aXJDe0/PqoBLqngBRawPqinoHWpk7rkvZxvaxOtEqOQR0GZtmYVcpZBGOuX6/GQO74Lb3dSGqVWbaYMGqVsnZZKxvX+Qrjjl+PWanYWO/MkOo3RiBZs2ZnVnDLTtw2tJZTETAHU02tC1SHhrhSTcGs8fOuEZvUF07bSKYKWllvGDiWMiuNXr3Sm1kV3qqAviz5jaFjGKkC1YtuUmGVqsbcUn1e6/amVlJPlfw6tqupxhXS53qZo3yy31ax3tKokS0lQGe36pdmst60KiJVTMWKGqqrTtkALY3p9d0Y2ZQxxt04mV1B++WsTn2yoXsPmqeB/g7GUCVRnubh+Zx0ci3ToO8TfmKlnwN5Dn1X4lqx7CfUTh/qlmoViRNzkB8vVJxcuVxb6OXGsN6emWpyiIvpxmWhatBSpTwwkB4rtXNdk6Z6JvEz+ao9LbRTuo3qMT2ZmpaC9kd9vVKGf41UUq/e4IKfS1V8Pae3+bTSyuJgPbxGHLWMclI92dAcww/WYX2rCvc0VGx2QDdmoE/TWr5U6eccJOA6vmakDKmE9ZTqO70a4prZ0WgJ6Sk3ictGtX9tJMtzg/RjdhKXatS5LBt+0vBTup40mFbOFXWjXy6W63k71Ztr1Rj0kdYtpbS429GzpapRt4w6jAXMQA+WtEofuDFG68RJmWUcU5NOokxTmTLymyrSdb2ci5UNI1Yowfxr67RQdbp1ZFwVKiIXtEdhLgoquiHAIdjE9Su9kuRGEjfrbWdoJ/VJseRIJoL+J5yrVSfmGs64Up75ZdKgNZRq1Ep136mmqIFyLJ90DCtdj9s4lVE7o4mWFgmjnBtfEc3UkkZNS6U6BjKyVsqY64mGeon6pXJaTEt+anJJfeKUU4t6+wYZZa1b6zrzEtFnTudmBnOcF9PDmdEWxRIZTfWUf+mk6xNjUUNwDZjHOFmp+qzSykl6c3RbaLex0dWBpzTDqMywisoTIymmeofTcrUA40MjpYooFFsOr1dsBDLhtlhuJGw0KtqkX3OQ0690+9UyEi3X0K6Kqb5xRVPDckU36ok6K5CcVCnjsdNuXFfauaSR0VLOQkur1TrMy3630NIltduXjIrTVxM2cXx/VF/U09A+CTVp6AUjNi6CbtY6RtJt93tF5JfBfriutbXC5cJHbjtVLWbai1LKmOhto2J3+KzYHvJ6KcYcuD9wUg6YolCoNK5LC0czk40azAcN+jOmV50kjKfLIhEgNxsExl+sXDbUgg+fpZ1uMB4K5TZI0vZcSyJqVNvcSNWQntTncF+sUg3Ghw7jKjtzK06zVkmlSwu/UVpo1CZTpKb0GMzBAjxHqZLMBVq3bINcK1VGfr3kzOxSLu12awOnnbsqplPXRstPFpE6N1swt/3e3EIaqTUV0J2iUPfVidWuz9W0PnSbo2mlXR/YtK/l00ahZKRUtWL0nba4NjqjWAXGS20pu5z6Fe6D/J9OK5lY3UgaMZApqIhtrtHCTK/UeD2dSxQTKdAg4qrWGdXrnRFX0/zKTcQyBuI5C+lXtbloqqXUxOnmBibUXV1Az7ZHlyatgzz3s1o3NjTT/tBAo2m+MoU5kbvUsBazF/qwaLRntu8nHV9vlSv4qkb62K06wWxs1ZNtUkqBDZHSZ5WUY9baDi75fq7e1up2eVYwy7lLI9k3tPYo65T7upa5WRhtHQX9USnlOtBnI7PTL7jt8qKO4dmQnnGSDVIvgazrNsYmyfFiW5SMToFdl1b6eSVHV/xcBztlGWfR2vxsLWPj4ofs3tbtKz0Osr3kVHK39Qrw848w5MJpuZPq1qp1YAK9b3eSYO+lbuEePbOaw1YlNaxV/GitYzTczsx3i7xlEdAfaGnHgR3ClDI1mmbHaDlJYPZOHa6BG2s75Y6N97UTWlapH9gAc+D65mZ9A5sWnn0O9VnadjrYRbViLGdt2O9GWnkxbLzUEahE+LXdTnWgR+dP2D9s2/4Bu5H4U7OysqlfY5MHfHqFwc7r9P0a1YNw+w6072hlQ7Cg7zb7Jvi8ba7si0U2ySdOMufXA51bet6PoC5igR8hD7b0tdUWc+AzBG0Z2G1TsNlHwOrw65fVUlmCOkpaqTZWF+q00swGNiaup/0lGwY2P9jC/Rpd12/js+su2PZkNnEqhTFwY2CLxZwKjE1gl3oJnhM9c5242Ho2eNYYsMXcrORwMMMCexd0X+CLCO6Jlt/tGghsuuV4BRaB72pTK53iy9D4Yna73B3H+LlGnaTAXgjulWtAHzbMYDtC2p87FQz2W6q/rPf9vSs10CXr+t9fD14XqtDfweIgzDvoCxj3ZbC9dN9Op8AeX9a1ufMc62vx5VzcmA9l6N8e2JDBuOFvuz/ctwJjvy06AW9tlrnjdZsYrauu49dW4xOe2ZhfdTVsd+qNGimPax0xMed8andEx6zM/H3rs/V6HfdlLedGUI/l1oTNfrxZv7evz2GmGcGcC/whgc8haEPdd1/n7zi92zITyA94JrZRx2AcwtwI7I5Z4J8o1iu105Wvqu7Xoa3WcxPs/KA8PF96KXuX7znEH9fTgtqLH9sxHr3esk0DGdgOfGzwHJnC/Xv+dttBu977eKBPV1tHtn2UR93qwS3FNi3F5VJgndrCopRwgbhCuIts5smSsG2CD9zq8doUXQevZA9HvcF+KyevTqb17om3ro6aImMrROrv66Wc780g8NSLVdSEl6Ac2KCY+XuwhbvpzL5LcTqcXBZk7ZbF2d/dWR86bPidD4I7pBL6sLPern/E3FhUeUNurF+hvR4m3FrmMj3GnnSsRGSxHc1J5E+fKPV3jwyQIzyI1XguMWpEkelGYICQ35pb59eYCG+PQPi69flrUneE0QrvG63wdDrGk6cyhbw2Q1AYJvB5wwQ+IG3Qy+GXX3elyUaJR6TZVvznSrBtfGFLxG0WXUu7zdCcB8C0nTkgyLb2M9Pd2lsj7MVDCR404+b3272MokVjg5uSwTLZ8Yz0bhhuTU9L02bcampt1bWLGtXwZDrsNaLwc5OXLVqcdWeV4lX/dto0miJvZea5UVudmI1slJUX2qAVG9UaXvLFuj1IxfugrmFq3y0Lo/ILgMLPyBdsBwpqOyvwjx1od7VUe92vJwif5czuGRAmOkHoYvlvsL/3bhvbt5NH8g3vX4t3nU7f7p6kaI7gSZQz1RycAV3zYKcyli64snyS1+ZNPiQ38xEa9aXKHNVOVQh7g536K8y6B3YqPPKR7FQCsKBsJYTmx9t0GJqprzFTEQOo488HsDMpsnTP7Guavsuu2DBFTJg0IEwaECYN2EkRE3p3PoN3J8zNEorZUMz+zmL2NUlPw/Sln9kze/wNXJiLvY4IOULC9kDhRMdb/rNoNBmN5sS5qaiLZFOTF7jGRd3KdMtzzY/rind+Wx01F6Ne0c20GzPvepAzr5NZlY0MjWRur5PxXiuelM6dm+Gw4EmDOJklycLi/S7On5t6PN6/vrpRZsS2JsQd55pxWspfJWWX1VErLZxrR8SIUr3Cl3Xvuqqlm36qzbJzNmtNe6h0bQ1r5lyV1Usr36sXVcMutouTORW1WM9hi5lm9vTWKN1E9HIxLgxr0iUZ0AlV5tecZsdXjc7pzWVyiI10qYxJgTWMQtwZtvltLOk0buXrm2LKvEHs2m8Xrkq1TLmWSdXnZS2ab2S4Ga2P+wN8KeTaOdOVgd1LOvnyyGnHXb0hxLmWi+fmUz8dTVgFhXgpuWrPrHHFbVnniM0Ns3duqVmQf41UbDbOq9PL82pJMD5v1O3brM6tdtFh7ZTaIpfTIYtGY/BvuXpaHpL8jDTdjpJKdvu0LxWvK02ZzXBUM6yojfSExVrXhnGaOB81pELv6sabGC3SPDWzZSMTi9f63tSsEVqsp+usJToGmTro1pno6cv0Yu7VaukrbaHSySQTJ+Nyf9LPlOrJmonbp/NxL5lrqew0fTrXL5PVRK4/NZtk3J4XzmPypWsvbm6saqobGwop1avF2KV0elW7bIyvrzITI0vcgn+r5GITySSamA/S9mR6HVXOs91Sq2uZQ9FOdaSOnnaH06ZtD2P6vLCYFq4BSxqm17+6Pb/GzSjSzgftwbR3TbymYtvUaQ2GUsq2S/qVONXRtSpROSZb1nnr3HOMwFcHjJEClRTF/W7r5vSyU67EXC2fdPXz63Ytm++eXiejajSaqNWsgTTIJkfVIIqvmXdPrzKNvOcIPh/0r1zat9s1td3kzVmUTh3glP5pM5W51Sa30dukIzdFU2mL6jXKW5LUIYtmeXZ1o41cnJKchNVzhzdIy+biapo1r6NX56MUTqT73nnKUPM4mcxObI1Oyo3bq4GTSF3PJzWFqyojtZqNeXOR7OfNXDrho7Tpy0p9HFuky5e1ZqKlxmvVG0MpkGH0BrVJOmG2o6cpy0tfyzO31U1P5jfX1W5uNLs2R8atNE3c+IMc8EC8jnoeb46MXnMSmxqkHe2RW2c+1gyzAA1jmmyhZopVz/cvq1cDtSfVS20/2TFGKUQH571ZUeeDlMnPYwWrdk1Kfbt5Kd+MfMvoiOtiTGpUtPmgR65yk2iZTi7tTDoWR4tSdizlF7o/dZWppKLpZVcb0tOcpV4atp2ed7DHi00TFbPNRmGejCWFK2cqPJFWpmaVXDq2ZY9nnOB8Mo6VsetJ3CqU27l2rZPOadpNfaSojKcn0xg2h61qPZZkZlJvD6oD38xk2W3ZgnZM9uSFni1dabdjnBzQ8mSSsvM39Vt+OVXPjYpY5MzsjWQVCzPqJ8rN2jB3NVfmp3Sq9elNI0nmzcYCdxxRdIblvlqo5iyUG8WjcYpJvV9t8WgiZy1uOwW439CmqVRayLzOsv2pnsjGByNaKvDrVOl0OG9c1jNF2ooXo7mkkrbKbjZaKPdrualOJ52Ce5mLNoU/HDXGxZvLdr54mo6ZRmvBRrxanQ0X3euMfWlHNXy+aDWTSgLXr2toHM2guujKSM/4dYJPT718d3YzGUfn2VZ+cVnOZKPtCZ/MGiogSWXuFxeu4Q+z8fwluVTy56w+nzVw3vSNfv90mIyet2vdYqUyqN0WVZDOPk3HzpOuOZxYZVuYp7Tf5SzavsrcCGOWMxaTBcrPmmbWzBdwzRyVbbOhzwYJp62BfnDrV5VxS9ZSJXEtdVM3TavTQJKrF3tDW5DG/KoYT4ztFBUF2ciX+yBQCTttDHO+5FsyBygdV+Zmddg4Lxcb19Nbd96p6jk5348XvGFaoLoNqKeVePamYtTkWF3GxtDMDMYlZXrTqKB4bJLEAz991aw07QpJ14yZpqdqxZZRnETPb9NGvrU4HYwqWiyfMVQb1fW8vLgu+/Hs9PuXgzOlbjAR2G3Ftb9705bcSljd0TupoU3KnZejwtu+lojtWHe1Tq5Z6xwcqTn9/qYne9oN+GC174WrBKgBsBTY9+4mJwV7KdWEOlnFXkfvY65v3l7zq16vn3BHK5P8ocW9Ge1d6t3f2e/bauE1d39dyqCvB0VccoUphyxzvkPO3eSDVfoz/PRK4zumxb0emDcd85EmfafcucEY/h5CcgjJISSHkBxCcgjJfxokH5hg+gWVuoHN3z8LLB/3CXcXde5jdSquE4QNPQ5b25V4/a23mPv7c6R9/Md+hL2/v0Tcr65FpVI523zYjbr0ammiZtOLXlS9jBbijfi0lrvs1bM3E7sYLWShZmk3lk1btWy6Frtp3zbazbSYZWPRm2w8mj6NNRPxWMOMJqI3yVSvoMajhdOmW4pRuF48ql827ag+9qNKS+Y8HyPn6UxGGWJTwTlcGxpFp18/vaw10tdtx+4Oyr2rXqtYv4lVi7mxym7tSryhFE6rJN6wMqOeeuPMRtOrXEkt5PVok2bNW5KqadK4fTo+XSzMRs2T3G6hm6OZcj2Rhck8IxJWtVOlo9P2aaFQm9j1vkv8qKl+f9/07kRwvumnlhCWX07nqQj5hTzs+58h+SOg5uhpPMPU66/crSMiRMHP5/GMMOWAzOu/cgTgcc/O/Ylx42F4yGcID3l8w89qI9D7RzuHG4t+x+XrcGPR0xuLZCw+8OD0qWn/tTWiXtxI9Lo9/V+fSFP/UCzBZB7u55DGskTxIR7pd9uU8jp38KEHtAd99R0/vmNivcXijglSg+ZXmOR3e0N2jLxHN7c8Bu3LFt5zs8V9EgriyJgRLoRtgWCggIcSAWQmTGHwf1sonDGbCDuy7pOdZAJki+/XVXgxX78s+LFOif/BimGe/k+xzQEGTQQJ+vxufB6Bar4d8FvD34qgvz4v7PclbEDhX+uoop8HrKv7rET1e8Drr2uZ7kPZa1Tbi7FBxfYGw70Qe3mcU2+1tfdTI/MGYsKzwIOMN6ni0c/POj2r6W8+7b/Q4wVhMIyCTPtbV3wa0lvD3YLbnCrttQE+5NQvClfovpjaMifmw0kQwuoesPqYh3mjOV9OYrV1gkXQafv4lfEhx0RhEZHEHXliGlkmDXpAn0QOT4n6RPQpg2Ai0vP0qUQkrGzkgno7iK7n0HfLrVyeBf9ZqYgzaxBXl//Z0iNnf39J/0eW2j8V0m3oPw4J+w8m7Hc+M/UhZN+XD3B7E1O33de/s797PWA3KrqnWN984AOc5rusrgj+E5NVHYvdj5mwCfO9kfyAlE07HfGvpyb2x2dHOjqOHzuFLNlKIQvd81Rynr3b+AGsMwUfxupyEFqyYnUWIVx5hNVlLm/lxFEUOcT1n4rrQo6gdQLrp4NBBNs6Bprtz+sHDL9D5OQwPKv1AwH2rrWfBcjtnn49O37K8IKQyvZZ9n/k8PdgHeqnkNTwoXn9o7ojNTVsSRS5L6PV1+dFzmdAM3LQNrPXodnHEthd331/2GPPItkatp6WRM/dzTl6NszdehyVABkmWwRIlD0J8CHocYaOlZw/ouDtpIeYkM8OeDvdtEF4ayf+SRY6bdCBxgUlcqL3eiPAu5N/bCit/z75B/zuAp8sgyFJAgf2BvDJ8KxMEfhnAR9FKCIrz/tngd4pfzXjvYugDtnufdnuMVkbwt4fB3sP0rZvn1P/8fz26XDrY1OXJ17hRtcuGa0Y9Y6WSg2u62quNfImhfagYqg/heKcF/xoHwFLABdvyGR95E54eDiSxI/HX1sONhKhn/9spD+Nv3hEEspL6+PogBzUHzRqw4XwkDXDhfCQb39lvj32lqrnWOtBBCjZa6fSr3QEUhJNZm68TReJAvbGLNFwFgWTiMalKkfzbbOfaizO2+XlTMXVUt0byE1O3KgVq3CRtG+SbnlRKKdyCZeW56liYzQcI1WqFl+s229wBBKWpHewJPZdbnty/90fevjQOw3k8PChV5tsktjyPMB0eWuEw/aYfxibfNCGOIIiZDPcgSvsMWtMYlvecIb5Z7fGfu9wB0pxhMvPHwFEI/gQ6+u1w+8dfOQvLFaGds3H+9C/nYTBE6G9sU/wxA6SPTxAlXyeSIoVNOVMWbj+eXGaqCc6p9kYmfSd67kjZlFScq3U7WV92soqNwE0zZOTxGljsCglJStTUzJOwifRqa/fxM9RbqLOSq2JfmNXMklD/X6IZfJZVwl+56CMd+38ML7jLr5DkY8V3yHh460vLNPJbcZ3cPrZifYPW1+gbB2I/UxAb2CJvB5xP7v+CDn3vTn3nfsvxOQ/DJMfwK6y1was1ydLeE5CnOnBBN1sTms+coe78+1AVIxuTUsqtjNxvZCdUEKvz0+4Is8nJMpeMMs5OWj313ucZFEyN6teOf+fLxJDiqQo9IxxE2/z65U5HAUTtOk1t44weZjLGV1wBHfcvd2DdA7p5igztnYP/TPAqtootCu8N0s2NzNIwGg8mZiDbnPY2CxUPVuOg42CmWzpkQJnmebTs716loKn9+d3YuEsm9go6nmypXjUEdxSHMVzbUxM2RM2sQm1JUlmMgehLvHtK66e/v6Km20aQ0K6QDHCLxLxWBQ6L8kVxmMX0D0ikUzGt6+0bFjnLLbZbEswPfN7XUYIPbvKa9tfCeBlsyuKwFgKlSkCYcIJ5jL9ahTRVyO51QwP8wg+HGv0gioA1rudPzsDqJzN10k+NkRmtlh8Ku+bEmRhe0W+ZkxosPnqLhUcNyWJWibBJvcU4piSQyzTo1DGdWUJSxYCvqSm83gqOEnaWmAMpu3LKTkkLI6V6vkeK3+ZXBx/mG2goIhMnrcNMI7IsvRq26A1PL8bcTDAIwfnh/u0xsIvldPtlwT1Z7xbYQK0z5sA7cGWP3mvkPFfl90Z3zLZPze7Y0mwxwrusPump+I+CdgHgzwWkhWC/H4gTwF8ZQd7pmk7LuaIWZgh6gnTwrIEMCB5QsKO525f8TmQxwmFXaB4ImhGLljigkGnyOhi2T1ROfq+IM8lhUj7gfzDzscXCGyQB53/FMgvO2MPZ/1+k+LFQBYFbweyCPYylRMqH81n/wPoQir/tFQuGH+WyqUIIq+HcnMIw3V4bg+H58PRHNgi4oCl6TBHisB7vwuhL21ueJ4fDni8q/ZDYP/5wB6Mv5DXPxOvi3dOTBzy+gG8TgSV995iCsLuIxFdcs4Ilj37TYxO8B/D6EJWbCxjlztCph5BtsI9R2aSZEPdHZObzOIOps7+jM45XjvbGadJFrtgipSIig9idCBXrLyJ0anykNFXYvtxSH8Dy2MqkyBFyq5T/pE5s+uTR7LCNpzypmCKzRyheBx7LrZMjolCXGJSAbOByoxazLSosmSpF8LYl9P7ZfynCEnHysnyAx1D/P+k+I8jjDx/HKMcYez1CVmanZtzv3fTG57HBgA7MDYj/aV2+i2w/8V4nNWfw8nNMqhn9eqf91E6oZHw6YyEZR+FRsInMhIkGgbkHNdIeBhlQxRF7IP+KwnW32beI8H+hjdewdgzQ3f8fqgvc2ZhC9mOZUqUImBFiWDbs7CkMAcpDpJkmwH87Y/6lCbjF4kYi17EqAL/v4jFWIxLy7gaEWVo+0rHRn2FCYW9Mq4GKReMXFD+Yai/mjlbqH8/R54+d5FKyPEkZrrQd54sPBPAn3iyaytItqlpyYhwLjwcWU21HYHIt7z6d1V4CeyBPkHoH4nsf1BhSPafluzpC+E20MoyJW9C+/u3zgLKjwDphmwfsn3I9iHb78n20m/O9jubMT/3AgDG8t5GwFrwvXtgDjVFaAnsZwl4ti0AHIltmp4rm8yhHsZMQQwLlwFGYIGEx5G0fcXnLAFFiSsXPIliF4zhRBRaU2ZReGvl9Bc7dXvGEmgMZCqjs6uMfoAlIIRQyBuc/gJg6NiWwNOR+BxR+oghcDdPdowBAEbp3h6QTCxR0xXMAruAUBsB7GEHfpDEsIxMAEATKy5dAtYDe0Deir0PZvEeUT6yONoh7D84MjQGPq0xoOCXonwYf/3ZOhtufhhDoYs/NANCMyA0Aw4wA/DvbQZgvp1x8eNd/IRjvj/cv7uHXyKMh1i/H9Y7iscok6krSbKteDajMjM9Jlk2VmSBJIkRU0jyIQ7+JCUXSBLyBdBlDEeB7qMKkV6H9exArJeQxNFbYnnEI4Fc7+bgX86bg/37wjZRELqjmEQw5noylRREiO1Q4cieY1FTAtp33cf9+2yb51c1eBHouYKORfQ/YDAE+k8L9C8l2sEkglaG4BuJ3ijGgYpCpg+ZPmT6kOkPYPq9jt/8dZn+54ftSIKJfXI9fhDTY+TJYdTOnlCvMFchlCi2jTHF1HGp43HbkhEmSPIAHiVFcm2P7A/1iSRnF0pcQDNyWUoC1CsxmoquoD4ZOywbDueHRe1IiHGC11C/NSb3g3oiA1Z9nK9+OXMOpnoPI+64ElhgCjWxiRzqerbpYkBgwDLZ4x6APpaeoPrtqJ11DV6iehgPTBxrN+4PIgyx/tNivZDos1ivRBDDR6D6RKY3Cm4TafVDrg+5PuT6kOv35frfPBxffHDEzgOsl7FygKu+1Xffm+uxYoVZLvfkesyQKyxEuKS4FHOKTeJKkitM4ENFERIxXWRZnrJ9xee4ngGrXCTjSemCUxRE43OuJOgqBichtiO2ju+sx5Qy8VpnvbhA+NHkOO/F9cup8wjXLyfJM+56V7Y8jwoXOYRQm3FmOswxERHIsRUBP9RzbM+NrCfbs2S/rsOLZE84Uo5E9j+gMAT7Twv2inhhm61gx/DW58cjH1Rp6K4PsT7E+hDrD8B6FmL9O2O9JO2TD/OjvPVY9lBI9ftRvS0sxTaFibjCANhc7gJESRgzgqgJPK8o8AfnbPuKz1I9SbBgey30m8QSMeWCCSXF1yE4qcTOlV6ieulgqpelPXPXP+atp/iRofaeVC8Fh5ke6K2XObFAf7qmCwQPfGYTmVkOkhUi4yCAyhG2A+zLnvDWo22ml6Q9UmcGB4yyo+2wXQNhyPSflOlJZBmY9QzU84hC3rbBdgX1WS0dAn0I9CHQh0B/AND/5rnwf35MPWaM7XM61QcRPVXCHPb7Ar0nWabnEUtYkmlThJjkygxzG9lCsTnAMZNs03Pt/YE+KlLRizhJxS6EDKTNLkSCxll8mTQHR2Pv7KYnSKbyK4Ge0Av2sW765cQ5PGmOZ5nCIhJWOGHIMi3Ltm1iWshlnMieiU0FMw/J+wD9ugYvAT3mSNAjAf0PGAyB/tMCPZKf99JjEeEIifuf159ke0/3ajkb0n1I9yHdh3Qf0v3noXuZMfSJdsxiQkw5xPv98B50vifZXDiekLhlMxkBV9lMeA5TXNuynKBJPbGTyfLZs2YVxqARY7ELRlLxoPskEqWv3TJ7qL+eICxeHYXz4ZlwljPnYLy3JJkQ7CJbQVixBQWsdUxkmlRhtoNtGzrAlYizV3T9ugYv+us54ofE4ABjByeWLAn/7u9tyBcRjEKv/eeGfEKeT4UjQ4ljhNhHnZ7lkhDtQ7QP0T5E+wPQ/nffOMt/tt8e6E96rOTPIXuGPSkE+/3A3lKQa6MA7l1FAiwGolcoM10imUx2iGUCLErCOyAQJ4HZ3dmzXBCiXDAlgQX6oG2zhGIFvx7sP3jb7HLiHAz2EpNkZHuBSebIwnFdz8LQVY5AjLpgRimOZRIM4n6PZDjrGrzot5c5PdYhtj9wMET6T4v0/IVU93JEFsdAet01g1aeNG+WRzOHbB+yfcj2Idvvz/bB4Y6/M9v/9Ch7gjD7RDlxmGuxkO33ZHviMSYE8yTTthD2hOI5hDtIhn9sgAEaJMKUTLF9xWfZXlbIiu1FHFAhcRElyShZxeTQGOPbVzq6014m0qsPssIXXFxw+ePYfjlxDmZ7xj2GbWEyJJs2V4TpCok6noKQaWIJ2yaVAOXkJ4LsdxJdrmrwYqJLJAv5aGy/5sKQ7T8t20v4+QNqOej/Y2SuN5e6rwn6Hzql2R0GRcLTakPCDwk/JPxDCF/5vQn/p3vvJSxL+LGSP4fwPczC5Dh7Ej7xFObSIMiDWtQmNsaO5VDuIkkwgH1LdgGfkW3uT/hRrLCLqKzELwRNyix2IaIALWxJ+JIi7R91/zrvvUIxfy3h8wuMLxj6sEz2y3lzMOCbNqWOsLhHOHWoLGNX9lzmeCZhigz0hlyhIIGsJwB/Sxiua/AS4EsEOu9oQfdrOAwB/5MCPkgjIj1/Ti2OIPT6bbTmcOiOhuet4flg3A2u+P86ZrMbwRbyuIBrt4a/C+ADqYeM/ukYfWgPmtBNIaR/Hkjnivx7QzrjW17Sz33srMLEPjxvwtBs2st11/OWOTFX8+rbid0wByDhv49H3tmWj+Lox9FKzhljmLyJ9h8eXfTb0r6smIpsW6ZiSpICyE9kxikVAjuObVq2LQtHIRL39qd9nGDRCxRN0AvGlDjlF0yOxWhiHYQvRw+ifUIPo30OnPuWpDlIvoB3Por2z7ZRf7/Js2sG7PK8jLaWL4OJ+zLOC3y0LbT3JBji/KfFeUKfj8UhjEYQPgbPLzleQZIsMe6EHB9yfMjxfxjHb598/vtxPP/gcJq3YDymsrJXgstPAfIyMeW3+e3/KJJHCiayZMmOEAqjjixJiMtIUAV5lmNTjJHCyQHbaRMKIhc4QcQFiUvxOL8gCcB6siT5eJzEDovMOTBbDheSkNGa5LdO2NqH5JULxC84/7jInHdC+a1jPFaTd4/Aeqpw6RDnPBYRTO/2zIJeoQp7iPWgdlgYh/OJuV5m0H4SeWnb7BvS4dxTvaRYwrJdB0w9i0gchR76kOxDsv/TyF75zTfBMvTBHvpHIuV3L/mZYH0D1W0l5PT9ON0THnFsLhPqeaZkuZg5iucp1Cbc5SZBMleYKysHeNyVGCH3Hve4WHrc48k7j/v+nP6a+BpBOed7RtA/6nFXLvjRs1p+rMddkul2iDx6mdEV+Vj+9h9IF2L5p8VyxJ/PZgMaX1b4EbgcO1AZS/YilmwhaipKyOUhl4dcHnJ5yOU/y+VOEeGPFfwkDL/lcCeYvS195R/E8Q4HFDAlwlzL9iyAAWBnW3G4sLnglAKOCQAGsnPF5zheIiR+gSQhXzAso1QCcF4kovJHcTwCdHoDx0sX+EHn/1ocvxM5E0zcl0GeyuRYG13vKTBE+U+J8kLGEbRcG3ka5VEEK8eIm8GWC4MBAdM4TIE+t/cm+S3t/CIsMOk3Z4W3Ls+/GQCYJH6mE+9BeoLnAIAK5IYAsB8AWEJ2iIltiRIh255DkYspx8I0Pc9lDCHXooyZB2yUEwyxC/gPAAAlJCXB5OQo8UEAgJgkkbeEzkrvkL/6XQEAnv2hK29rM9zZ8vVLCICOpP9/qI5Q/X9a9Q8z5Hntz/Dr81zca38E4oObNo8IE7mmYqJQ+7/uhArBjqD9H4bRCfGJNfrmslxozu+pzV1blrhsycRmyEYOdeCHKqYpuWDRI9mTLc+RQFrsr83lRAw0OE/FL0gKKwnpgmI5Lou70yjI3tr8NYmtEAsOanht+NxSm3/gtvejaHMmXshddbZ8/XHafK0KQm3+abU5kPsL6lxCx1Dn2LMUVyZWBAmPOZJJQ3X+E9X5mwLokaC/jDVvUckL9f9++l8yubBsyfKE4niMIskTjLuS7TIiUUxtaiIsuC3vr/9jcly5AKjAF4LHo6BQRSyajCqrw2ZTUvIw/X9g+DziiJNXp71BFwgQ4JHw+Z+h1/lDK53vWOn8Q630tU4I9fqn1OuKTCOSeD5bDYJG/rnhNqFeP+qCfrhKH6r1cJX+s63SKxyLtwOAWJ7heJfrDjmOy5llEc+hksxtbHJmK1SyZKrA5HAsy/KgqaxAEn82774ULu5/bm6QpRe5gR9jcf/12+dCbjg+N4S7bn5/Dgh33fzEXTdLAfNWDFAC5/0dBWDqYdPxpCBbGWNcwp5wPIdQeGUpmHHBiCIRxX2UAn7uqsBag4QU8GkpAFr7WQpQIkL+uYv8P6bip92ssznFh82bLsg+dwbzG5Dg2+S7RZenVcjhuRVH3dlzPR70e8PNyoL49ILtNZuljrv/x+30R/PHS4bbfx79/P1Pt/jNqf/Nq4BvP5w6jP/53QyEMP7nJ8b/wHw6wn6ejdOsbcVUmKS4RBKUmDY2CaMKQbYgiAoZgc7mniPI407Crd2Ty6q9vJufHMk++MGWoX3wKe2DIGqI4eeT54KNF3is3766CA0gMYYj8B8LC3f/9Lmhl3DrNCzpjcdhvT1qiEtI+sTEsLW8aNs03AO0JzVw26SUK4ICPigUKbJwKIhmDtpXCAtZEjUtTqUDlhdxkqypQUQTwfJiFEclZXUcriDbm9lepAb58KghSXl11JASHJZFjp4+/32TbkrKw3w+gTbcdBAqeyT0OaKDcKU8QgD4tAAQRNY9DwCyJI4AAMz2OLZIMC89AjcNdwH9qnuAofN+Gf1PHdv6o/U/2V//K4LIruV4jiNzSwLxYEtYMS1KLUpcgRVEkU0cKvbX/yQlswsqEvhCUVKI0gslSRS0WlZMEbq/1+A1x+eA/if8bg8wel7/P+h8gi4YIMDRvQbvrP/lh9uG5J0FQvlDFwjXuiPU/59R/wvMcYSR50+7B4ajr9f/wWn392+dBQffR4aTPU+4P0zx09/8aA5KfrbiJxjLeyj+1Sm/0Muns47/rvHDCj3D1BThadh7xg3ZtgCdSGzT9FzZZA71MGYKYli4DAQIFkh4fNu580LckBJXLngSxS4Yw4kotKbMonHlblkA763gX2PgcyGEQt4QNyTeIcnH0wqeAwA9chr23TzZUeUcRvfGGoCJJWq6glnI8Qi1EYh5HKzqICkI3DZB9JtYcelStj7cYcR3dhjtkQrsiC4AGiLAp0UARZFJRLyU0VeJUHSULUavzgMWBgmFQUJhkFAYJPRnBgm92ef3kTmCwxSBv6f1EKYI/IkpAjGTkHSE7YcCS/dWhYWIxR3bsZAgjmNJliQxmRKZMxPaSJgUZJ7nPb79cCe/cDDpXzYqOBXHii26Z9LQsPikhgWNSPh53yIREczxT11cDA2L0LAIDYvQsAgNi09vWIRxB7+QYRHGHfwicQeYK8dIbIIRl+i9aeE5QtgSEq4py9B3nkuYYjseA3LETHGpxblrEmitR02LrU0LwbTfw7QQ/JBTwp8zLe6pNDQtPqNpATYsiUj8+WynFOSZjMX9zwGbGMYBGy1X54aRm+aoMbaCd9YzJ5C355giiUJvnhNMZEYpJmeu42FXATlCPZucMcU0z4Qt6BmMDpe6MDQQcyL97hOhDySC9gCDC3MM1Q6Gx8bUfrG2m/LhYv3gG1okuSVALvrmltJ906NuXncIE7OzKZKWrb1ZxNy1fFYLpOak6X1d/Tl1rf76TxOu/3VrBXX96p+PW0Kri5+5B1pC66/5e1hCg9cYAx+FutsFl4bMmbNtfiyb7/GSnRfNj/uyw23zwx70gFCXb24UX45Z8zNZHy/bAvyV8UVvmfDr4Td40RLYHpsKZoLQzc9XPGM/SfaEC6j51ohaS5Azf5fDZSpkSXms6J3yOuv3gCA2hRRML3PsQ4mBffJf3V7X/a9vJyuu2Hqr2blZvR66vgevlwpr652h2XWs3uzbY7cfPRaHtCOHnFfCPqjj7W3JADOyQy2TImQxC8lAUQSbWDgU/va8Hfr3A/rvPKR/tdf9eoKlk5zZXd8f6I89Qv/Dx+n/JB7o762CMIBtaIuAjvrAFT865ZFep5hTsOlgdjW7tj923OLYSvQ6ZrO7NbhWJAVGXWBe9nbNyzspt9I9uwpnso+RAbXpLM5WjwiywnEDOT2Y93dMy2iyuGMCzl7m4dXIbzyz7DE72xxAZ73lbYdb8m7YbXre9ne8lUWzZoqz5mavMlkWpiUxx4KpIrs2R4gx6iqK5EoEINEjDCFHYdtXHK7sEOspO0TZtUNmZ6Nn7BAqSQHG/ljgeAz+V1P5kaikFag8tSXZcmQEcAzGGZdkTF3Jcl1ZcW3PtZjDGUMYY1u2lDUEbAvSrf1IMkOACy/j/arcAYAfILbE1pAPGkQOjJwd0GcRrPxasUn/XBNepNnbhPwETMm4OxidBN/Ti9GTYiYKMyWQKAg4Hz+geklQWQo01T3Vy6AeAeyF+JkLBvSF3ciURQg/xm6k129HDhcMwgWDcMHgMyB7uGDw8QsGb04/8JELBmGmgl9pxSDMVPCLZCoA+FWOEIsE9omymeaIExdA0cSO7HEC1oMreYTIMjUJBUaTiYQwFbZ4fMWAbaU54stgqZdsCixRfKxtDvdg+svYEn/UmsHSuiCYPGtdcMDi45x3/uoj0kLrIrQuQusitC7+TOviw5OhhqcnhtZFeHric9bFsU5PZFxQfgSjgaMg6v/OaKBYAgzEkkOxZ1qyjLgshEuo5WGPM0Q8Znrw+PzR3KjK1g6G5XTew2jAEj7WHoZ73gyNhk9rNCjs+SUJjHBEKNIRrAaBPCokl0cYp8ST7P0PUgqthtBqCK2G0Gr4M62GX8loIIKwxwp+RpuBeG9MrfQH2QyEY9eVPc5lbgnBmSVxRhxHQa7giMnc49gBHLcOWJHgkrI6mlVJJYUUmA5REqUrm4FRtn2lo69IKLKQ1zbDViDhPnsY6MUyu9LHbY4mBB0he6Ig8sbZrJIECGhaDjS2aZkwJzgXtuQqxLaRbHnIkm3keNKjxy7IQXXuRW4w6V+2LKhE+LE2R98zaWhZvGhZ/H9QSwcI7ttbqnJCAAA/SgIAUEsDBBQACAgIALuhaVYAAAAAAAAAAAAAAABGAAAAcmVzb3VyY2VzL3BhZ2VAYWI0OWViZWFkNmMyNGExYmM5MTAzNjUyMmY1M2NhOGYtMTY3ODM3MzAzNS45MjU3MDEuanBlZ+2OOxKCMBBAd0lWPkkwwQ1SewsrCmeYkVN4NVtPYeEh/DTeJAY6wcaet1u9/YZ7eIPtu2MHiAAYA8ILDiCSZMiIjEkZkZRUpOkq04XWqlDKlJU1pSuVsrV1G/be6/W2qbmp2POwBEWckZQT5WyU4b8JV3AZ7vEscAeJQ+Ew3MCPr36RR812amGws97Rurl9ghYYrwgHLVxO0/rCwsIP2vD4AFBLBwhSkLGAogAAAEYEAABQSwMEFAAICAgAu6FpVgAAAAAAAAAAAAAAAEYAAAByZXNvdXJjZXMvcGFnZUBhYjQ5ZWJlYWQ2YzI0YTFiYzkxMDM2NTIyZjUzY2E4Zi0xNjc4MzczMDM1Ljk0MzE4NC5qcGVn7Y47DsIwDEDtOqGfJCUpTumIuAVTByQkOAXn4xQMHILPwk1C2o12YkTKs6fnb7iHN9jT4XgARACMAeEFe6AsGzIiYspCSiFkleeLQldaq0opUzfW1K5WyrbWrdh7r5frruWuYc/DEqQ4I2QpZclGGf6ZcAVX4I42hFvIHJLDcAM/vvpFGTXbqYXBznpH6+b2CZowXiEHPVzO03oikUgk/p4+PD5QSwcIsUeO8qQAAAD4BgAAUEsDBBQACAgIALyhaVYAAAAAAAAAAAAAAABFAAAAcmVzb3VyY2VzL3BhZ2VAYWI0OWViZWFkNmMyNGExYmM5MTAzNjUyMmY1M2NhOGYtMTY3ODM3MzAzNi4xMTcxOC5qcGVn7Vd9OJvZtg+q7VA6qc/Rllum2qJMGl+tr2krTFuJkxJRRC5mKC0pKmnjI2fOTKdCU0/HmEpSTGMaJBU1RBChH2iloUOECpGpEkWIIqJIcvQ8Z3qf81x3nnv+PvN79/vHu9+1115r77XWb2/tS+1vgI9PB5wKAOjoAAA6Gw9AOww4CdDT1X3fNrBlo+lv19ffskXfYNu2rdt3GOzYYWhgaGhkvOtjI2OgsaHhx+YfA01MzczMduy0sDQ3tdxlamb6XomO3saYLfof6et/ZGpkaGT6b0P7EADcrnNU77/0dGwBukAdPaCOth2wd8PUfwCgB/gntm3V2aKvp7v9o43fvh9veKGnq7dNd4u+7pat72V0dDdcAG5FCLftsrDc90ORCcjU9jh8u92REzFmnp+exdabg11DYutS//b9xnjzf6j+F+jobvTbA9/36+jq6+n/3g/U2Xd8XncXCB5j+3Vv6q27j15pxYAdejobtuoBAX4ALeAE4E/8if9UxGbIg1q9Zm2Cfss/9l0AuaLHqDsEzruOTlM+h0dF0iVuhBRlMEtajrB5rEgA21AD+U3IGVREKWzRr0ULAM03nlE/F2kBpxBawNXTbyp/uBoll37/ZVYp8i8LTUNtnz57580qT2zPiokmVk/hYe5Ftxjx0+Y1UhrV43Av1DSCmhoqGAwlzIU0SCfeLsGGrmQiaxEzg86J9SFJ3ekrrLnFtInnA5oiUNALfCXTWqaWjMV6EIuVp2vn11lYTNcR32DHyg9zwhtq6p2tOIXXYqsxhtPxvUkt2ax2YRqV2lGlCPwZJ7M/NEpwfUpX8AcTo1wIBjJUNcZc5mPWi+FBIrtDooJ6JQU81BticTGRmEsuqK+x2zuRXpdz6tbCVdRJ/mT8eqHd+EJzno3mYN8BC1gX6YzV/exALSAQT611RWtQSL9P1RULcARac+j2i5r6HMsKQxtntxav4nfu1aN1KGaJFsCE8JNYeVW5o/H2FAfmFfUh8trxnh0JRT3d7+wDuyYydjqWUBeCCgr5025AcenX6WihK/WT0InR/prsPZnFbMhwuhawE+YPDQnShFMc6HGENvyBWa9Wdg+oN/lC/Xl2UvjSdJFo6fVu3jt66/jgiJoreUbhtmXzsC8nPP87a5MVeyDiBr1CGYYyoS8GL72tm2qCkjtZk5OrRXApndQmY5RM5+UsAr385erD2Pwnn1jMXxQPfsYa6eGkLHtH8swgfGeM+eSVpZvr7R1eWkBoezvmwX30Jv64rux9cCmsIqfjTrS9sEbStiSTuEYTFR187g8Im/Uk5kIHOpEpzFZbcyX3LjV4y9SozK3S36bnpBRWOwSstB2QTl4oNIUNz4a2B9fc7QGSPoTX3Q97FFADm/X6fMCTGtz72ZEKsJ2HiZ2zZDhUMJx3EUUT8R3K+hpZvIYyDhY3LCRkR2U86X/KqrtussRCD88EaAEwyTN2WnVbUkpQiJ8Me1TR9u2ra5vNUnh8FnPdM3+X89hkBF0LENFF4ZyUECg/HqPersaWyXLQp8rQwW3lS696RJ643Pn6yPrJyCddotr74y8fd7Fs5SFY+2RhmBBkhpAwz0sHuV6Y2ttXw5+/+9+pQ/u6sKPZ3fxyzHjSlYG0SdsbX9SljUNC8M32zQdztQBKIrG4QLx/8vHr0b397D1Ze1BxJnYutnkX2CmSZ6XrCP/BIH81h2KblLumistuUB4NsPkQxtc/bJLVek9vPRR8tn9euaPsoegbrITMUolnEeJVLhzY0tPfLljFJ4OXSaMzWYk/SZ7S1Dy08UT+7YNsiNgFEipCYGmzQBPrQl5T3msVUeIU/mizGhCTL8YZTCYqJ+NmXuLeJlLhysMjUp7SNl6K9VXilksVuOzlEs7QeJ9XxCvShVyX8yurJWUdISiGU9CgCSxopE6ZOBcUPBOc2YclU5KGs39c8j1X8yG6rJFeHuNkmwNF/Zi6xqf+wgzqMVhYFSnuLG9kLg4ZBUGXxh+ULiugbpB/BmndfPdrzR5h6v0vv5zx/PGilAMZRiDS/MhQRIdpt1+rMihkd7Ysdt/B9s18ITBTv8v/abSDXZkU9tncV4F4kUeSOIk0Vrqk6eWFdi7WY0A7XZe/eRI6+oIdxrkGueI6GB2Il/vDoWa4FNjilI+YfoiZvEzOLaEjLMs2cSJ5NlVlPNrR1VUR3pHvOUBXrzJquO6VeXQyo7EsAltcrMwiERp8LX69PDIyzTYAO8Wo8ZgAJ9V03izCNIpmt0anMMRYDXlNnnUHD9Z80Ov9oQD8lLgeWZ7EAVWPJYWr5sZF+PywNzWLSASFy4nDtC4hpvzqW257nXzF9Lu5ShnY3/goj/GMwaRCgNBsPi9HyE437XmfitmTcUWxLZuUlRqemGAQBychJJkGuc/ozdUqFn4WkgpJB6lroemmotbhoHZYn3rxiuqEUOl0x5sUbC4SRCKdx3GKEJMLTUscIkm1hmZrAapgxbZDT0w2qcOkstx1sEm+SfVYyFE3qPsYY7lkrJEWW1k2tb5oqknmxdvN9e0hBm5SixxeIQ5uktiQqIOb0ReNZXraexMXkQb7rTdZWea1XQWbbCni8f9hin/5JilpdokG34x6GuH/puEHVlBymd3Cm3dh02rHipCu0QOqAtmRZmN7tC62gHEJOnvSLlT4eutoVUW0oKYNL6liJYtSGG3cpHIhoVf99YkVjvq5cIPeQzbo/S+kL7b/9EdnieeXbq/dZmq+Z2oWinp1H/fXNsatfNvH3ntaadkYUXo9/Uxtjlx1fvVtDvVWkGDVX5DddhVtW8mwjY2NzREaHGmBD81ts0j1za+aDktdBF2WZ1HR3z6rM+vIQFEjESZ+ya13NGUj/NTrMQ1sSboJXJhud4rzDeywZ2P4bZcxONS9kk9LVLwe4aBAruOruHi7BXx7O4NLrTPbztdYLTDafoaQUjrCPnOe4lTeYBxx7jAh4amcQzQiT0JuctUCZEizqFxyBQ/kW5qrsQb7/rjfdKZoLC7xHfaX+cste1qGLRsc8pGzUasZkA0mj6dUte2O5ETBg4W5YhwzM0c2GwrLiH5WAa477Hitlm2VmjbvyEm78Y6D6maMxi61I6NEvFAktpjCJK9r6ny5k3Yr+DYifTC/4H4ELyXD6UZzqiKyKaXbUwkfefq0mJ1GZOSHtuecpp+vwXMKGgZKuvsiF6VLn2bpvPwOsyXqV5bofpwsSjj3WpR+MZED5SdPNcwzxF7CesGw4qk0eVkLcAm491KGJSQ23oFrqmKZnqvVx0juCji+eYoGim8fopVVLb0Zjb9AmSrnhfWatPY60GUzuG7ZdKGHN88yj+vBYB3giyqOjHTMJg1Um8sGq0EBpnE4D6liyg2jwQ4rv1pqfbx4ufvIaKFVj0+3u1JgOJTuWWdBb4msTSurQGaep7MmgF6dS5pEYonacY1ad5SnevwzBR3j4Tpq/URIECUjo31v30sU4kEyL+H1QsQ7ZopKpWoYXlpbbcUS1z0DSLcKQPdRbQkG4zCncXRXm8+LzqGuYopzNENiwqYkalCm7QIV3cfWvLtbLGmtQI2uBK/g6vbctHmdO1jVfziaEzqNPtsuLi6dQ6whq8S4NaF7Q1kwSgsIwNmtZNJUVp1NsBrzt6+RN6SPOr2TV6JVY46dUsKcQLwk4oi9uDlMc9nUq9X4BNhno8kzfBSuNpNz4LrM7cxlLeBep4hgSyBrATZxLhpM8BmTYC2gQQugv7j+pOwJKcI4pQgVIRIwLZemRNLyt5+EvWHI9rt2gKEUFwiDVlORQvAxg4LNYIstuGQuldwZn3BSOuE0C6690Xps4Belk1EKyVYp2B16jtyRX5dwRDTE6gmCvW3DUlghrhru0/vJMytTqL/FvRlJSAjp7Hch0CMEdSUB+8+dA5kiMVZUU6E5TX6uWJyXpIC2qkb9EvN6ZLJs71ctb6uQe5bB5I6s40VV50TJkXW3cqiimGj6rPv0sPXhwJzkEdqF3GIFzmG9yF+AMJkCLVwhPPCJPNlbj7JTE4znjI2u3J4TrTjQJp7/eMluZxLBt1/o87Jm8GpBuBbgGC2baqJ2rhOs8zPVZ5vkcS4W4b0ZF33COo5SAtzLEqxFI1epCFFBgnM36k0eR8w4Ml08vBqfW4auk+J+katPHpNhsRX5YV/NxukhuJ4rInjguk9zIsXWvqksWvGzYBWzDMd5XMDhUtak3KNkMlicXdi6T85xPDdmdFZdfbq72iWM/1AgYKOIDLXb2CAktKN5rRcIRcNG8O2qjbO/Ep9V4lFLOttzrzy6eyDVZWzK/K08bphNRLgNQu4X88yQ4Kin+Njiij53IkkLQNHYTc0Ju6klRpMeHsxtYr+Eo1kJlYlNzTnZVr45e8EQ3ulu5OzEOSIrj36IijtEnzAZUbLTKJXkjfsDtGIfaf0Ykkiw5eIlfLpoeMgSMY7mP8tzrHG+UZlXjcQnhwQhUg4Vc6DgUNhaH3suJcE6v+Ve1oUh3K63RbwAhrIavGv5Hh15bxxiiXSgS9qqpDSGR1OLaCYKthZ4HzZa2lZa/vLaevdW11W3C6HIoBkzSFcteLdsXI3H3VQtE4I0WgABEpeeIWm1cfG/8467DG20+zr9ska4UpG76KSxMVC6RjyqBQXf40/R0uaE9T39UQwRmbRcMsWI90FbRMstHCO6BuJ7aq1g9skrghveu5vC5FFdFfaiNVwSzYXgUDMBdUPEn6fQJxAYk1+eNjXdOfXrj/0VJ+R2FltJJ0axyDH5dPgnL69iZ5rwSkSObbN9wvRoEyqd7T7m59qzODO1nCWPfsi2uuSat7By84Ykwbh7jfwJe0wQAENcfdl0edBVxTtI7KBLcdlrddat+b4yWcp4iZ+0y89H03XADOtYmUpvC6upShp4wysiYvQcOvfKBZl+AZLpOTjbXCGE8hu4UcH9eVVSLggIBCFi21H5mag5nKrsjTSZs7Sm4V7UZFIrvmjlovaMjOz9/77/QoxnJ90gIDAYCFSRP1/McEo5oNnnhjoJ5QWEmZPvDgtdpGyfad8WKWNcuHFMBtkQxKEX//r5HxGptRHmuLCxULflcIjxAPZwuol7TUgLZjUoR6iJucF84LyVEU/ondu4sjRg/TcuoLHf6l79badeWn6rFmBXeUXv4QhN0fZs+mCs5IvSD1/WgHmPg1zFwrE8S5TtpuIxl4mTf/U24juvrd+8+z8Cd6/1HSj9ffD13wVo31n8qfxP5Zsqr1/Wf9gvCF716RpeuiMnFmg6X/j/enlu98NywzNP2N/kBynM5cJ6zKpAs6j5SgH8w1T4E//RsNEO/R1QSwcI95nqtYwPAAAAGQAAUEsDBBQACAgIALyhaVYAAAAAAAAAAAAAAABGAAAAcmVzb3VyY2VzL3BhZ2VAYWI0OWViZWFkNmMyNGExYmM5MTAzNjUyMmY1M2NhOGYtMTY3ODM3MzAzNi4xNzc1NTkuanBlZ+2OOw7CMAxA7TqhnyQlKU7piLgFUwckJDgF5+MUDByCz8JNQtqNdmJEyrOn52+4hzfY0+F4AEQAjAHhBXugLBsyImLKQkohZJXni0JXWqtKKVM31tSuVsq21q3Ye6+X667lrmHPwxKkOCNkKWXJRhn+mXAFV+CONoRbyBySw3ADP776RRk126mFwc56R+vm9gmaMF4hBz1cztN6IpFIJP6ePjw+UEsHCLFHjvKkAAAA+AYAAFBLAwQUAAgICAC8oWlWAAAAAAAAAAAAAAAARgAAAHJlc291cmNlcy9wYWdlQGFiNDllYmVhZDZjMjRhMWJjOTEwMzY1MjJmNTNjYThmLTE2NzgzNzMwMzYuMzkyNDUxLmpwZWftjjsOwjAMQO06oZ8kJSlO6Yi4BVMHJCQ4BefjFAwcgs/CTULajXZiRMqzp+dvuIc32NPheABEAIwB4QV7oCwbMiJiykJKIWSV54tCV1qrSilTN9bUrlbKttat2Huvl+uu5a5hz8MSpDgjZCllyUYZ/plwBVfgjjaEW8gcksNwAz+++kUZNduphcHOekfr5vYJmjBeIQc9XM7TeiKRSCT+nj48PlBLBwixR47ypAAAAPgGAABQSwMEFAAICAgAvKFpVgAAAAAAAAAAAAAAAEYAAAByZXNvdXJjZXMvcGFnZUBhYjQ5ZWJlYWQ2YzI0YTFiYzkxMDM2NTIyZjUzY2E4Zi0xNjc4MzczMDM2LjQ0NzYxNC5qcGVn7Xp5UFPZ1m9wFhyaISAQtDuAQ5haICIoOEAYEgYDhEASoIEwD4GEQUGk0RYlSLwJk4QGmyEhAwQZAgYEWhRllDEgEOYZGURBEBQe/aq7b93ve69ev6++P17d17+zq85ae+/123ufWnXWWqfO9tvtEcA3cFMLU4CYGAAgtnMBtgcAxoDdu3b91nawZ6ftPbB37549e8X379934JD4oUMS4hISh49IfXP4iOQRCYlvZL+RlJYBAoGHjsodk5U5JiUDlPmNRGz3js2evQf37j0oc1jisMz/NbZ/BUgeENPf/e1uMTBgl6TYbkmx7ZcApZ1N7hb7nwD8jj179+3fvUvswMGdYfNvAGK7dzYvfmDPXrF9+3+bI7Zr5wj7JKXkvtsvDZQ9i7RPyumQAV9BOaCTO8+7hZcdUNa+GmKrclI3Ni5bx86dRC1+Ttthkhf711X+YNoZgkiKAXYBfjve7j+HJL87e+X9Lqns4t1uIR2je6SRsdTny9v9gEO7d+ZK7pYEXAJsA64C/sbf+DeCmOxkaG4p0gLtagdUUvfNmEqf6an4wkk/FdwXS+ckxJ/+aF2I2AaMKAa7fRqIrVHJW75xuHyEEH/mogss++m+E4FPFcfgNnL/GAjat05Lqp84HSR27w/53O8G4oo//ifjq3Ejx6J/l43/IPmb8N+QMO59X+zPrPgdT3KpttgGjPLKRbNaMkhhe3e9EwLs1Zgdqc/bBoj/JHX5L7qsu0MbInE9rMyR13GOJwwsbYyAW9jZE1tKVazQFdmhORymNymQ0v8qF0tg+CO1TcyxtJi34+cRy5pLndZfx61nkBLUwK+3MwSEf0xgY35gLmInLFEms7iHnQdwCYR5mcHmm/fAA5t79YjDYJfy6dS8ti+PBbFH/6ONFeDqH6K+7PDbM1Wpn6UvfyP4XTwCq/gkHjRZY9K+R/N30fh3BupZ9Ld7jP5jp67Yf9rVf32Fv8n+m8iuhFH6P3GdCQwSStveEUvbBrwdTSzt/IGiRJC9YKmRx8cVLA/20FS6QHYqzdJlFdlQsJfgRPspifra+PAtGmEJhGQDvvlrfu35JG3MeTgvc/NVZvvo9X+6q9MxjkjR+zWaM0vojg+BnzE8Lm4xNHk30YHfv/5shZuC3kjRGXz6pO5cw/cLsDB6/AeDQcsHN9VT0eZP3nVzFfSbuDQ8OX4e1lBa9KSrt1tlY4rJ6mJ45lMdp/XYxNltQDp4ODCfX1dsV4yhhOfrN/FIgwso1BDnypcFzxflAy3n65We803BgsaopyVqZYEMd6jIn1rbGspWDi3iK1b1pRsEXIkYKectGGI+ZG5kHMWcFq2awR9mfkQcZ5isPqbxbpxc8/ycWXtklH5Ray/eHudFrmzk4seV2NcbQbxwbKWOc8PlZ8E3PGsdBv38R6Ovimbd8zLJq6YziW9IQAG+kKjfJMiZFhjEISVn377xio564mAtGQLVjWh4J3zDzK8oxMllCLOicJJwSmdxQ0JW3hDF6kKvqk3LPZ9RHZnGsEqsj5+0dLdBq0bd3S6MakUu07+/2wM597MHGj3ZkRrVyj2vVIyAEW+PGjZ92FiXosMzEj0mUqjKfGhB+IK+vmRfjjf95I3Hku913EM/2jjbhVbZGIKSpZpdMbOgdZepKuuosolCGCzIWa3TeW1db2Dy3sM4RPXDo2MH57gelSLfb2Pbrwn7mdlcspOqebVPxDI1R8DNkDNK/pRDDzoSQlEWuDsFpjmqvfNxhfMPCezfTpXn2eZSZVXNpigwWCtQ7hKK1PKUMUJ++da/L5hWs7HRTzCm+TOwTOqTaa6xXHhy9/35rls+CVkTp9woR32+b32FuO2AC0pZTOgYsCNxQpco6h/bRWtgr/vcKmijjq1IJ1H74nfBsfe/HwwH87Gd8pokmOkm2OhihwO6gKhcK2Rgdl7KR64CL0noqU1m1SyYuRLKsSPZFXzvwvg2f0i+yU1WonfBGpTiDo3vnD75MWfoe1TJ53j1iiamof/CRUKumnNSdPiss8XCl0oyPGjfk0nZY/R6KyUrQ/WUZiK+w7KQLr+qTP+kb6A7cf8xDe+l/TqKUmh9XX/lGXjQP9CRM+ysHsGakRpE2thhfaJPHOvz0+Woa8fYnnzQP/FpG3DH+7ml3Dl39VsbA/n5V9MqzEC4qzpXl7/h3ZiqKuNi07Z+/prXcB1UopPsrIF6w4t6EGyGMkRhmlWeWdLHcaKMFLlwC5rn/Ce6hJFUXvGw5pqBEwe5ZqEIhV2YFIqbJ5q+8yeKOIl+mtsAd4WnswvzrTbe349q/bTZo1hY2xZUbVtLU6CdEyJ86UVY5P1pVZPZJHdUa8Spq3huZ9B5m3q5Q9DnrWFTwvpzIy9j3S0y2Ok1DlCkHffUGam1X6vjvkIHvdmVxhbhpLyCX5iFoaEfGgpNC8gvtxYaP2tiO6xUdyJih7vl+U0Nf0aYcqcu6dGEGe8etHU4DWtn+MrjdK1WKr9Cj/tsvD/q62LTo9tvi7LLS+b7axC4XmhkiMH1lrKptrk2naHXiWdtDnSCnfxZAeoMPhJtWdqpcbUVauJ/8qfVAcb9+/GP4ZwiZM3jA9fsXXhyZiE1Sc5XB24KLgnHqDg2zVMQHTZ0re3X1ZT3115boULLa1LJaiTmL4WhWqz8RG0PVXvRfKnzZ/ASLrmS0DYyTEg16qo7rv5amEztVztdEFJTN5DcrKGVB7FOslCki0RZHK4B2rDxcwL64Hrq7bRDwwTpDtQAoZxDXq3o7FIPYjr+YkFVBAtQfUwfQT580QBWKuY0L2xlZ8d29we28EtkL3wOiOWhweCwqcnh9FHE8/qs1IwjlxNTzQN0lxgM/EMz5dxQX0XqZjUBdek7g56P6+ZtSqMnNEl31q/VVxg0W1nBNDw9gW9OGfl83hXp46MT3+aRcW1+QJlk4seZzPJhweuuN8vbwGJ5aYjMvVaaqlvGs2457WWLjieUVczeOSO+VM+w4mvDTSu7ngNpbU42OhBN1De2ygMwMxTm87e53UK/5QCXB3ROfNYN8KI66/1eXtxA3IyH03rC7gHV44RWkvmggh+uYqPIJWe0hgnR3A1+WrordxGtaUtd5cNfF5jX+6kswWBDgikW97N32pMZU6/XP7K/X7TMLhKYWabQHBja3dMK+hspLc1aM61NC/orSV1H8T16yYtqzGJ/HUziOzpnGVG1DTh6CxNJ1UtHPf0/VwB1y4Qx59q8jM3XSjtxp2JZc7jT6ut4wm5bwLd/LXA1u2m9rKq1uLCWeCG77v0/g1gJgMWqc/ATTGRFeep2mU+SJmi6pJ9rJ22MPB0N28xEZbfnZX5uehKV9VDgM4W6I1qJbr5ctfeUdsHx6dxFjH7KD2uGJ4jtms8tWrj7BTObqZTfzSSe2JIgzxcjjSZz0x2OkjrWNHb9TfT/LFFW91OHNuNrjbMLyU9a6ltLtFVgsC/JEnZ3x4ZfVsVY6K1RdrzmTxeU3ZcH+GuFgFhqnWt8xC1axJJChPHd0X+6IB41pNXCt0FYNvm+40LC1O27N8LUMPHsnbwGKaljnTJr/+5bW49IOP2VLcLKzvjaVLGDQVmAn5A09DJojYAbj1iZIqdDIDStcD9OBqNm9oqKBjc3gBoSdqBShWJlkKQ7JGx9YI9Ly7bT+MyMrLgzkDhUblB1ty/JmiveMDPWwZBXedPZUn2flotEx3DpK1m8IyfEr3vQo7ais47KJbym6E9QhM6LvSSPARDJ7mzKe+vGrCkDR4ZfiUoAgYpbbSMREwfaEDW6fMeJ8g1PBPh29fEZDm7CvEOh1YnD2bTLVdYIH3lVJemk/ol7N+ziNQz1mUlZYRSelCExHpBQq5l2th8INETBULDBnKejldxn5ZFk9gicft4LL8LKIR6rYIDYrBXLj85bL3C443ss7YdiBn23zj4fi0YDPwb3uApHI8M+OPJUyxjYMzfgaZ3Hu6PcxzPYGDYbqLeJBMbUeV2vfxBgp6ElF5Ebw/B86ZvOfeUlOJm5+RFlYs23O+o1QsTasR9tLJknJuZHiWanTSzAzACjAvOVRGQotI8DYfplrEEsWCMpXRaXExwe3k2WCQUespiOF1yetCdhFft7p9mNSR8bic6bHZHRRcx43o0tkMfrjdnRWr6kUe2rr2mO0z81WwOYqYjbRk4Kc459e6TMXhl2tRSb3qdE4unUaG98+m9BqYrzsocj70XmjFtZ6Z4RbwaVQnkPKZEl6l2G/SJyzyoHH4c9FkwwOlWLCKaUn1dY5WveO4uK6VNztl3aBuQ5n+lmBJ0f2cqVDWbH+cuDqP1nfCdoM5N+PiySEofKEkzxKGYW4KBGg48Nn4tKPwcEri8dGXRVPr2UDLTGP4hvBBrjWNMCzEtRrYjFyvRLoEICrHzyy9pCUycRSpX7a/QhmWq25wyLHEXC8BteD3fyR980i5bT6/LVndf67JIX3qF+YObk/NIl0d90nz3lL+wirOI+FSvc77Z3n3PFXqR9SLqDzTQCxHVubFhotg8O38CzpWmZnRokDg0adGN2tcybzolxcHnhiF7Kn4xP52fm3v1yKvyXQG91247nqs4wkCYn88F45qFndqI2bFSYZ+1Hyw+ohhR0ncMJMrwyEr4e1CuOVsNXtMMbIdKWiRQbu0vzpCQ0sg37691V3yW/d4zSTq0V4QpqdmbJcYSck2OB7CC04rpTWu3DzVdNi7ipiIIXz441/lDV5zfg2AiuaAtNwWaHGUKYFoq1hax0yKaFASEmlf/YJeN5yA+j4Of3g3OLQdCOLozixbJFFpt4VrKjZSbt1q1evQg+ycZvwhwXE0c9DST0rMC3AeuoldSYCz0dc0vD7yJrpyMs0u/cke97znCQZa8oxnH6OB6hIn+FqcpC4eHVXJIrKFEoWEA5CFgTbeoPfqp9Ud9UyU7RU/yydsbP1yObM74ITDQfoXB8c/18Umr+wWpMvTjVijbGVWv6veXqhm0GqZW6aEJ1ZfTg8Mp+T6KVzaFWUh+j35kO3lQSRKYRs1COPc9h1nygHOeYW5PnuArL79SHrAdpt2Le7jwJW84pi/iRd7EVP9y0aJJyMCoxuD43yryZwicKWrPCmwT1KgkycLpCQnZNydJqTF7e29XoXjkPiQJSIUjCCWFIE2/o6IApnyQzGchC3LqASb7Ym69LzAn1VkacQtskgNxmWfhCz8XYburVjfiT8LhZfACRv4RqI0IbWJxq8XQpn7OGOTNzK3kC2+7C3YNKrnIQyOWpaXaR64J9Iwk20zCxtrWHsOZ4dk/yGjYU6EhO5WVVF8WZme1qmhHyEiLVysoN1bKcuPygrZQBvTt5GbvGAvQNMdAKdtCR0GWdm4HsmxSr5s5Cs21A23d5kWHbACmdxy4PmyMOPYJPO4WT1eq17QZSM0scKr1CpAy8BC3+IMqQ4CzKTvNBis7V6Bc/iTQCbzup1LRXO1nOlVHO9E8b6SZ6trISas+BBdqzVl/361cGK0W/PBa7tpn4hpp2YM7XKy61z9BKJsiczYxtmM0h4WEu+rj0UE8GyWqafxQgTE33GavAZZdfTs5KdIKqr7ouJK5E1OeYn1B7u2pWDaIJrr/0VxD1qr+WfVb1QjTalXF981y3SGPUQuNJb7cLq3Cl6yzNdI7zqJ9nZtIXCYXk5B4ns2pav8qfMRqtO65QbqNqCFu8y1eP93KUCucK2QqNAp2hSknnNIetO/JuI7cqh4Ph/Zw5b/MyXqyTNIhFLgtd+ZxTtFVXlbtZovNkJ0VD+yydi7zncgYfF8eUTzUrmKtUvDLDVfyut55Pav3ihfk5HRqpA3JaRr+LtgblDMr21k3JChxHqmoWEMbGF8A3CRxWIucZ/ow2OEcfBTwm4GgVAyP1UjvGf74AHbtgH1F5UNMWonwGe01IbSoYV7ifvun07hSGMKOfpTRi+zlObUZzpUIttBcOD+9U0Xm1GtuxAZJZDPetVuJkUmwa3xAqbLGjNfuU4liBZcEiJ91QNMSgOyqnsQ0vE5DfWbUG4UJvmQsU6FOPHiQdd8z050acUyvpQm2oV2DOzzmEMcZcLyC/+MFeq9/w/mpxoihtI2JFprcG+L46tSOch+BrkArLpESejLzMh+nL2prQUGYeDOUFT+cEEbWuTuHPw0YMKuTHJBivyB+BpZ3Z9+JdzXpVdKbeTqfIGaXZFRfn205x6UEQrdoX7qKJmvq99crMAsznWSUoym5gD1+35Aqta5l9xGrcpZLK4ogyUm8IQvIG8tC6LpjKgIun3fQLDwuY31Wci8c9cHK2baF/VVjhbWUaVawPt1+3f8+9d3pZw5AWuZ7DoSuQ45pKit0DgktONUzrK81tlEIjNiXRuaq4sPHYgfpliNrcXOCXYvAVkFY2nRnva3va5VUjqEP/OAVFbSq0d+ASg77w1f2XABGKHzmGJ7f68jh5BXkstuMgiOI0kuctPwch9FrQ+UA9cwEEQuiehiZJ5rKuJCwAewyqqoF19PK4lKLQkhc6uhWIMIhaClKxSnWILSDNGGk8HT46uPgBwyrShaLPr+bOgln+eX7FyOPkbpdUDtN3vtWgJTPttqBwXUsO8/jag8KXh6kn1N5B/M/zwy64+RUkVbdFrEzPm1gmafQVDT683bggl2FI7DVZya4U8bT8PezRDLihwvCHQV/6JlEDtlWZN+hS0cGbjk5Ks21u6r7J4+a3P51aFsz2pv78sc2mMM0auyEu+77qnuL9pU9kenl7ZbO67ioUZWvakKlbvJyYmF5ly0t8NzfZVU3ElXx4r0NKuwsHXauARHTZuagIZqOm0JV6yJrM7wIin7KEsjBiNTvjgxW2S+edzPszqKh6OYkJPWBAqbN8MDnLoJJ8CXUaC5+qdDzem7NRSbXTbSYyv3QZmCyZ8h+Fnl9OjAs6lfCsvZZCdUuwMpbDdmrqYwY3e8mrH2wWhttv4s4W3haawdBON3KYjEJvRSvdUn5hejp4zm+6WgDRjFbsKhjvvTQa58Qejxu8Sbl9nuXrO2ZaNx1CAp9TYCNx0xf0zzx6mwRFBa2icK1LB2+CusfmsESMZ1wf1lim2Lb39cUVoQz5E1+yo+YU2JDNALpFqh1ntXzoqkUdlAvt/Nh79EOi836Na6qeykqqJhLXBpFQFoUo0Bmk6XOqzdmPLY5YS3+fbF/AvqVcrr2/uiOPwnE/ycxRS8oPN5/irCpTo1kkSNtoce/BxY7W69T2bkQwJ58djbIbBAmtIi8YhKXdN/FrPvmJD2ykBeFEldgtQP2x29VBtg5OvxTQBlA+oWf20GAg6RDEKy8OeS03B9WVhEQ2pDMzEekfREtHuNVLjUXTnxQmIRmRw4WNWMuHoe0aCKjJg6D8Ocs1vNBMM/qAYEWmZ0jh+7tN2BLVOZp4VBjC1xWlOx9gW+2Gb84OI5j4d1380Kz6iaC9lgUYJL1oKTMLw5/VrmSyT96Er6nhc6IvIBvpfvZoaHNtJJg539Drso+wJlhKg9CrcHoJd91Rdm3GGij1ZEgytSs3XZfgn1ljCH99Mg2ci94gYaHyKrip+fkovJ8+h+KfpGuP67i2AcaMcpg5ZAVBJ8fxUY+GqZMBjn6/iAgGQ1EkXFKIujXe8z4A/OO/1BL7//m9dqeW+LMwUT9sDvjxf1N+/Ct2a/xUK7X4VWVpSHfxHqCEk798oipik7M0mP0WqoVJha2f3rklInry5EZ+6a7221Fib4kfRvTk2q6y/j/rCn6GXU8jzJ7cWn6N2ukL2ezkbAMkN9e2AZWFX/tT97X/1fqPXHpLeRswi761cOTXkM0g+9qXVuolAmVPawXaAVRzakU5g0eyK0Ry099KKJ+laKYleIMLs1QzO9G+7ERlIU8mDs0lbQlR/ki5QqQhUzPhrqV50wHbAMOLJQzohcfq/xAksBfuOoMrVEz81B/CrPrU5GKss8oP6HPPvvruaRvJ9JpB/LelbUjQRWPRoqG8dO5O4gtrdflCz0TQvQVg++CHZOW7K0HFgpRAJnUoDUQguYKhc3RJuz6GIIfpUhIaFcnSoIQF1EfMO8OUZ0LbjeTHTS0UJT2S9AQ8jx7TJdPcMIiOqrOVCZFg6zku5RzYW5VLhXiuuK4jcDKVA45vlDHVrvnneNVWrXIqnfEMVENgTtx5ZVOTV69ezvhLq9h8PoEHMZfrjE5hAzHt/QoPAzTH5pwOUcwunREe7+GExqiyaZt4m2b97i+qznNBJFtGtlss/6C03/Rte/+kHit9KEjAqSCuhOUofSsbQja7dA/k4lNw7MbHgWqDSdfLsxMeCsVFiqDIoUF9r/SVk4u0kqK7UYM6kGMtF+fSMULHEyDiDMsE/kCUxfNJr1cgbANatgHyK6v58cLDme7ub3q4imA+VBmFRElGEnFJERP3soF3X6Y8il2D0yPhTfTTOXGxrdGqF4PMaiwm8ANDr0OhCrWp5lxBxIZ7gCfpRQTrtFuF0ThiZoEGL4TwYMKklH47zZ/aiDHLArkAcYrplvyihXISbTQ+HgVUS7VPkT1+9ofGpdXISz8L9BjEbYA+xrhOY4vHSc26cFRmI64+Iw9P/sdcAJwXPtF66dGKiai2CbcN0Lw9B4ngCruXL2AH1ErdI9uCMLhaOj5dayLTTABE3Oa+C3p0tRVNtORJd8JUr4ZEalMx5Imu+eGssZldb7QBu/6SNwPEXi9dur8N2EDVVtk9Ad0aY6O+mAgR0jRTOzfWSDpGMBPFwU3xI1Mw6cmBl/f8NU6ZR/n7B5bDLh4qsHBjMWMUrdBW4Ne6R7cBdqDME19lJJ7zhSji6H5gTpR0Z1/Vr0E/HrPKcK5xG6vler89Fxj++R55q/CxW9Xe/3U3wO1P5Yc+/sDUcbWN8ui4ebGf/lTuePUSHl0vmuv7pPhkn/SfyuE/2YJ+/Zv6b+o/qIHnz1XmMG9+O8a38YvE6q1LfNG4s7BumhWOzCu1t69NZHPZVDw9YhvAXnR5vJXw5K/+MPA3/r0htt33PwBQSwcIuzNOlkUaAAAJKQAAUEsDBBQACAgIALyhaVYAAAAAAAAAAAAAAABGAAAAcmVzb3VyY2VzL3BhZ2VAYWI0OWViZWFkNmMyNGExYmM5MTAzNjUyMmY1M2NhOGYtMTY3ODM3MzAzNi40NTY1MzkuanBlZ+13eVBT2bduAAEVUREQmbRl1DDYIgGiRlshzIMBQpiCykyYEyYDaIsaTRiUYEDCoIQxAYIBAwQEWgVkMCCQgMwqY4KAIJOAcOn3uvvVfUPdfvXuH69+t79zqs5aa+/17b1PfeesWtsftj8CDpobmxkDBAQAAIGdC7A9CDAECAkK/n7vYNfOLbxbWHjXLuG9oqIiu/ft3bdPbK+YmPj+QwfF90vsFxM7ePighKSUtLT0vgMyRw5LHTkkJS31O4mA0E7OLuE9wsJ7pMTFxKX+r7H9G0BitwBY6CchASWAoISAkITAdiNAcWeTQgL/DYA/sEtYRFRIUGD3np1h04MAAaGdze/dvUtYQET09zkCgjtHEJE4JHNcVFL68GmYfQqlS0rpEtwB8bjb4HrEi93KOpdDbVXUdG/jcs7YuWOSGa+IO0yyAv9+lT+ZdoaAEgIAQcDvxxP6a0ji+OlLXwUP5TCErod2fdolCbud/GphewCwT2hnroSQBOAiYBtwGfAP/sG/EAQOT4TlVsDMEFftpBU1/TIm06d7qzZp6eoh/bfJtHj8iW/WpRbbgI/yIddXBm/Xq+Qt3BCv/BiMP3neDZpTLXIssFr+s7mNzKPBIJE1YkrT+Ikggft/2np/JOyV//V/Sb6M+3gk9g/b8E+Sfwj/BQlxX/tvZxbhd5TkVme2DfhErxzinZKCcd9zmpwslLxbc7Bg+jZg791Dv/xNybo7dFokroW/cKR36dG5gRWtkeZmdvbodxUqVoiqnDAKrcAHE5g00JzrEpzvD9MxMnUh3vowZmCxoD3fbf1jzHoaJpYc+CMugxX8aNzl1rWCOZdxC8zAUIW95aoa6ubSI8M/o+DDox9O1qZ+P7RcdZ6pdmv8x7vdMfHBX6SG22PuKw1uCOujR5V8BWX+MI+3VG69shqqaiED7v1porUanttFai2q/Xr8T1PhDwY8gQU4vvg/B5/tdv3PW+Efsv8kMrGSiD6m80ysBplKpLweStt6uy8wO2VXyEwUY+B6oCptwidp7kWy2pPP6WqOWfl1e6iSoJat2wZuWpsWVUspt6I+J5oCfv1b2hbSuttwaO6HyvyI7tx9sddX8ZE3iZHzcpGXW5odPp2zBtc4LC5raO/LJbnjiF7wxFIHCt9hCUj3r8OoXduwN0AXfPLNTXXS+qrhiSe2lH0On8r0LW5Qade18fYqjcVl14c9deV8m8j3Kkx2nFK3neg2rXLxmw0puQKCSYeDO+AIMJaLwFJFvzHT9g8G/zwmFSnCPUKYUp373ELvqiQ96AulG28DQN15id31nKB5b08eQ3g0bqD2xbJ/WyQ/AOKbi+EqAi9EsjWxJMnem+as8YzhtMmIzXM4368vpZNhoWTgjFppSkJE/pgKmtUfNM2OPC648Goi9YdLOLXs3rIYJp9AjNDgylP0we8cJojMlingZHz2OF/WyKTQA5y+PPfKyQDayOkaVS5DnCVnjzBD3IIdbsyGQIHnzN8qaWNTsGDdeVfSRR3F3Lvv7FR7eYE5RZY2V2Z0q/bKWPmmjiSll/nDEk1ooYnIq2nGTvN6JR8jmrSk28Turmq0z3w09wMGgR4SHYySOL2MwRfj4ybe+Gzf9MkYk9/Y+B42JNyqe/b8EvqKhVasfx7mUzR5FjzXQ2RKS7PCyswiRz+OBqcevSCrvXL+4gN1WmnSTGhenOglQwSKjKOf9CQpLeeMNhsTJukBrut2AwS/anCzQdIE3qsSea2sNCcWyNGZsPMgDySbJxk5ko6RwdIyuvauP+CdOp/T4jQkr5d5vTbfmJnxq9tvRicFkY3fZJfuQw7Y2SpXWH2naEc/ysIZQJ690ZfV3uMUWoOoOWUSaNVB7ak3qOg0xAzhyUr0L30qbIuQDt2Wr/dei/z0JvwDgRts6sliS8t/ebD2DerkxmhJ2gY4kFC1m+Dd9puaQ2Wp2A2mYmx9f3AcboSbXakOKaFlSSxSQNkVQ73gB73qFpkZHfFRrxzaJ1XKR4FPlsteLNQnlEZYLQ/mh6tXLfJPnqyWe/PY0d1fWjdcd6kcodWaAtWp9PXhJPl/GJ/uISrdNEt+0q44d5YJ/jjV/TU+vJTpXhwbxhjJfWYRDoVYBeYsxXh4FXUXPW/9YUo+458yuCX+VPhn1/4HjI2ZoOysvW7DCqGhu9lijZdZU+S57tKgq+uYlZTjH9EtHbAwJuIsa+70K0X7Zbi/JnFBxz8Rgw6yR/armaVVDPhqrpkT38bUDvG8qSbDKgFcqfk0+5NKIPnS0nY0DVRU++MBaqywqgIEyXxzt15y3jGochsAqVk23zJFmQ7CtQpQdYHGypkkyQIrPAI0lLWHWGZW/emilOvPfaKgvgyE1OCdQ8J4taAC7++OXKh1SWaexajgivxSX3h2AU9ctb+DWB5HZnb1tCsx5co1JDeq1MdZwVDdtE0NKP7nsS9MOonz0LSrwyP5aI1Cn/5NZKDlqmwCZbPeuXdohP7tod/8ai3QXcy9HjfQXoH6roVx5fIaeWM6PRkXi893Rh/VbTqvbIr3ouc8L0/lQpE6naZMMV2uRAlZsi8oVUlJLRZIqzNejzl+CYatRio2r1uFiwUujm8DEAQousAsdWK574bhRaFexCtDRRC8e2Dd+URpBzmO+b6ekq3bmkCyw5SzI8fj69C2vIaLd2LrHTdsdkdVHHOwNfEtoTCaN8SC7DRf1D+inrVSCfLHoLG0Ep7rqvqklqv6Z+e9rmdiX9pAEYH1AzSN3lELS0ZNuvttNaMAwgTCO50ymaVRzTv8TtinAqFXgBO186vS6W1xnJ8oF2G5PsD3ZaTd9Ll3SvQw1jkALKjndPx5T30qiQhRSErsygsymVuus9+8O+PS+Un5fOTdGFbHgU+Gh4dmtEAgKSbpMcIg83vu+B5ezrMOdUhSoGFFQCJbglaceoOSo7FnTNMLclikBqkdJq1bnfb9QD4u/nIP61pMQvKx0vBTi6sUitqPfrkZm10OFhCv8++KWPaXTB8GSivC/cfjHtrBi5sYWB0UTe3GeHx1ee5vh2vkg+RzEn0+ax4IeHyjAcRWDvOjokf5ddh43PqToup9hM/v9j5kubLMTXq5GkcZytJFKXXSMtgpMqVsItvtTY5sxlHBvDcsHVz9hKKOg5nz43a7TN8pPuKMZkOuvsaLqW4bS0iK44hdNZ3cVMJG6dNRxU3a85uQ7358oxEvh4//YakRFWtqwEdsEYPnFSIN730ebay9Zaa/mqQp/v9eqwQpuXucaFPEG7OPe6yUSZ3EHSGjtwGk899J11Yhx9DdYs9tMcBXc9gLE7npDgcwXatagl+kMtueR2c/ZPlOwu8MLcW2/1IrrK5TcnQqd84Z/N/T3mu/MntXLMqa3khN8nKEdJoMvfiH6P9fomjbTy4QcUP1wkrbN2dk9FpakqVlFq9oWcvE3zo0+0NldMRgRzZ/adBR7pHAf6y53yHisuem6vC62ehLv+H9Mv9Dg/eSEVENOlyI1pmThfQSKodhZ8fjlKLUCoEstpER+ywi367ktlkiD+gva6YFshI3JDc58rsYxfDOaIna4TpM4mgPGehZRDOt66fRglI38nc9qqQnlkObOErTRLAu37InGqF3GoZ2u2dZNZnOHzkQpI/9wJ+T8bY6W6KhnBtv/Ngz5ZyFzoqSeSIUuUX378ZWG8Sc/JTkN/99Jeq826mjBlPEc/DIWiT7YUAo27IZ8eqcWvQTnjuJ1pLMqIdi+iDsNv1giPZaN9eDOMgjaRL2LkVTqJhkZSN/kDeteNY6IYE5eEfuC9SzYoAuzVm4hDJeONTNnE3uCDiVWK69WeP61td+p9hJw2UiCGM4Pn2xnw8svA30/ZSeEhqA1I5J9oUHRXedYUduiIeGREmctruxDQgvXHsril92RbDfON1C3OP1tbpXp3aTAvIngFdNo2Gz8UlB+aiCPPvRWSP4NmBP+tjh0wzLFy+RI4lbpDSJAu8yWfI4OXKeDZc4y7WEZNxuDbQu8JipU9LTy5rHFGZJqBDSn68zlLtB0Pd93kW0dFrwEFUtNw5hpSqo5Xzh8BXYe/vT6tlqE0IkGDsg2P9qdqGaTadqa+Q8lLdST1ZjTa2FPjw2U4jb4hitbwPkV5Ae2ZJaBoJkJ+3d3z39qR6eB82OHVm10WmSUwLziCjochbR8/e6NFcs6VzkRQYWJ4J03+dpaKLf9dZcAPNbKixX/dEaLr1UomzA9Vcv17J/aL0+++Gjfy+nRqFp54SepeEWDVvJYYW2pOqxO+sJTq8LZEs80Sa++YVEi1wSlZLzLoJmTJki14AVVfC1KjOdypP1nROMqrGX58JjEnLrr8DBRB11Fbg4Ojd7wl9y57+HplDCadpGVAaIkt0D6XYhaUZMH10bp4WVmn5YqfPAwPsnyBBpVngBUv3n3I/eq2aGXtZ2VaXwODKBcMfylD9QqTC9DGHVwMUMNKKUYbB4amzAokWbtXhQ2JqgvMUMT6XWMDJ2gphnbR5pyuygmXJZU4W9Xdko6g+naPHrV+ufpqp590YkyXzNGrjNzGRYmOwihUuF1NAiziSF6SzYYCCBs9zUbQD7TCtCCX51j+PNk0AeT+NTretJ11Li6CUNlSIrHT0wxHIbwOiwQppAggVluIV1xfTUTtOGHkQXojC3ziMOSMCrmkAbQBhbBAjWr8yVq6c7aVfs/+qhGjfvVRzooUIYhXTDg+5xlmjpKkFblRTP4lkVXt2Wc28sNli46c7deJHjr5MaQ/pMrHwDFntqKPktjSYmZyjI7xuuwyNcNqQ4+XjolpzRM3iDS5fGNuATottpc97FpLjhVil/G5A1rOa9f5+PjwjJ0bnwfZBcsTc1sSe0xJ/Mr7LX701kx6D1HaaYcOfJ3JTz5TqHtgEHZID8Avuh4G9D+dT8JFzxw2oHkHLcWWpBIpXisH45V83xWwYIKY5eYhW7l3T1zVbT2VHVnPdXhk8CZ/xIraDzZ0Cd3ml+Eb7xXyIm+Mi2G3APF2Hpsxx7t6Lr90+mJRBzip62YXWQ37cBHly5OvOiLDX1O3SR4dsL6ifMHNdbeGPFuPRFB27blN6NQeCUFFETBvRFaePW2xu4W8QUD+6qKzJBm9HxIkTLS3PFVEPZBCqVQAaSScZMzOdJ8olvbpldbfiuzETNLOQFzdD7BTlEZlqNqC1UjK+SDpTPT2a09dUhIC19ShTaEtDT7FnjSnxucTdxwsL2xYGw8BjXIqpQRnZB3S2mnSpbJlc5ZXRNomH4WuMhu+HA93B3oHMNdqVeVlFBTCPXoUZrmt79YYl+w5vOrV1HBIzsJwaI4Z+PL/v2juRXg3sa2QuV+Ytg/VPmzGPbgPO4ZF7fpmlHLPai1pDOdY0sr4ETZVKtNkHOEa3OvPRGUx556nQJ+hx2vAluWaNjz96zul8yhFm5x5O4cXnZ6wyt26DQP3OtG5SmR9He/EAYb8/XX1KY5P0WvnrQXXR0Tv+ssasyNZ8s5+K5rAtjKRWQRZUL8Oxk6agJtFdXKomtn805L+Tg7JVLGEbj+gVtsSBPTgX3VqV+1+hh/E8xZR7co0to84kxiRJ/jGuFgvPi/AHMfevAsS+DdiFV91Qq31yFYSlVPZbNZvI0mgeKpSjpNc2hERKwQMqG/pJn3sb93VGo/vOPl2VqDnPKVdOvmQ2UOeT5q413YqehEUiX9X1e92+vz8S+0kAVU7OUumuEPS3RFGBXT88koWFj79zDuZaON5sQZO7Lfr5iVD5RTu6Jt9PRCtp0oCilJOD+1cPcTv2FdBTakzv9LtSn6WrpsgE6PszlqtgT5wmPuLkNppb4vi/4hXoaRY+28CivhfBgwt7efbKovhE+PeJikhType/BLGxkWoVlWpSQH2joYAKsSEAp+cz6lGT5NTybjIq8bTF5pOxZbfdQaQ/y5MlB00ed8r2iJtMhdqz+gqUIWgT4ojq4ftgsGLd2JEIup7LrTahnV5dr0QxsLl4d8ghW/tR8fohWwv2uNI7yJ7vrWN5wD6eXDn2gt1shpsuHfceoTr1p+JhZkwWqjAJj4umyys36q7zR93Zua4jXKy7QAZY2h9lR+d4iNDWVGHHBp7GlmttNTpaGpwO9qayWOrH0R59kfuUP+TzQTpPTeOfQaY47qhp7zPVRZ4ZHtr3rOtK6uTnLgkz3qy6q3waIx2OIG1IyUklkhv9UXhgXbhNwiNPdKmJh05wH1k/E8o0pxeggp8mJ5pSgZNeuGyje8685dydf6E0+wQ0NqKJPe4Vb6Pgv+XfXroetj47duvTJ7jVdIbfxxYrZzGcCzRcFlAe2NeEZr1ueKmeORxbz33FHv0DdEkihfUmiwTKNRWXF1KrFRvyukHociqyab5oTLa+CMRrHgndePBPmXNpau8hhlL0UGAruKFrK2PAm0ojlREq+Rxga7BOXnOlTRG1AqqE49sNK4zumXWavpXFSjsipFwhH/twSYi9qQM6hrrt937vuYS1OER1uFPQlDVsw0flsrXIs5mJkbSuK8vI913Ws92EeIYeeTGsywmrAsM609MIK3RmdCLe9k1UfXyJRsZd1qg7qGcWUlVBLPnM5s/do5darkNGepwwJHcsq74aIC2LqL9wCltuRkt24GXR1XWkizI10Ysn/Vnt4gf9sC1NmnZ8Sjh01rs1asUZanNKALdbQn14ey2ieKnRzxnRCLlQiwcHTJ1xezykEKTcMAFGDl2c0n/dwuHAzeaWw7rfNenres+Y1+mXFadbLrej29t/YHW7SJ0IvD1FHrayiiFP58+lu08PG62H3GPzPufZO0m0rBcGtoGDLzhK73/Lh81Kupx4NwcvZYV6vgVF8/okf9jmBGmTetWi3eD4fatmj1ZbxzZInWSfXe/39WLOebHW29rfLW2ehOC3QPmSwafWEf+S8m0Zf68WqW5cWQporxeCK0kivSQI5lZkZqNvd0Vvp7RlPLc5eGS9iLQVbVzx03QbgZL0Lk+TDF8/u/pyTX4iXF8tqevfgAyofisn8Ml7g4W7Jhddy4Rj9l6pfMXbx1MBWv1R5r8B9tk0WVxW+9djbagxwTIzXMh+sFDyG35suweaeabf+Ya+C7LHodL3YBgpTYP5CepwQRjqoZRhu1EsBt413RphO0paVCmJVwAaWr2G25flrSR9ajq4aE89SH5DJD+jWWf3K5GJOEnQl513xRdxbV/VaE9BnE0OY1mtadv4y3CYMAwdNf+H1uh2XKNbMGOAg1MxYGDQveE1Iyn3vMsvMyTuu3CIQnvM+75CZVIhV0ylZMk1jJAmPsLaCmih5k8O1fdoxL8/SVxvUGp5+8H9MC5y5WaUaqAPp+YWpyT10uuYp9cxwClyBtaQ09d7OJcr3tczJoJY0munJWa5Wfqx9D4NhvnwvRfset06izPJbu2Za/8v2kSih8M4DOl2K3EeNbXxyXvqCxlApEb80a6LmR4W59mn/mCZkVCgjo2QbRqbqXWmo2ZARbWk83Aayj2lffoVma2Kd5NlVR49YW9ZQILsSEq/y2AEcz2RMRgVjNrlokgamW3bBMFDDabw/jkYmnEBNmVPdPRyZsp48NEqpruXBAy6cjbZqZICTU38CEP59U6Fw6vCW6uC6WcPL0J2m4q8O5TnoJ8G/15Xsqzy0aVG7lNIQ1VOjINhGe9p4c3Z0rrgh4v41Th3KSebjs50H6JTzo6txd2yXi3Yc4bUTO36iRe+z/1qh768Xgj8jG/IyNt4qImyXqW/nzYs3TeZHt/hVqyhH+V/+bhsIZK893AbkIzdenBN4O8uy3QZI6Ja3jSeSDFCmxxHaziMDqSy2NdOY7nNNM6HZoMZNK5NQGZUaaYYsKNB96FBtK+tW2rkBh5cauTGNVp7UaEufVj5x3Oz50mLbY85cTPnlSe3CSukwwlCyRFE5RFrfswT54yz2w0+TJW+P4MYgbNlf+CpxnRCjkIUDmOolT+uHIAxMBhS9iArX9ssex8NeXziRJNNV0zwJrySbYF1D69gxD/povlAb79RJQjq2tWuW/6wSzK2QHmWESz3M6fllzSdRViUAmmQ5Msl66CRfJ5fIKXpHCgdJtNaZpSWYhVe5zSUZUdO6bn3SCrGdCfQwSEQt38wcqFnW13VNMVcjIY5XEo58TJSVlJeXzCmxTL44HvsInfF291pWINPf0BcFeV4bT/XUAStsFtpHO1O7NlMLLGaTL2pO2X0lRVJZbPPUezgRjopVcfYeGN3GSXecg56kDbd39T4I+9Wp+aTClkLoDcrz61OdQUszpFihwuQEVPPLgNCZ6LAJss/7jBrztnrp+bB3RR4/f6N5+cOvxYS2U3IkgGfQWBbFR8qvYRtwZtOnpzdb3V4vHB9/zrkkgMDhJMKh9lBeK9pqlHj0roPMIQd30WGgH08D6EshyImClh4vsI5+V09OCY5WfM9BbTkp0SdGeXgGqVN85FkObmgj8VRupRnwBY0l42CN8LOskYS0bgOax5HPgWD5NR+WSpK1BU5N1d6e7mRr7xjVdEe9gTu9hR4fIbVvTvgd2F21XkNzjvpy3o4vfzgomQg0pDKArMEU3S2Prt9bt5OYzRqxIupIGcKucTY4gM7Gz0BYfugtP6JnAzH86Dhce29Zac11MRCyVafaxkyKtKdpug2K0kixqbgZHf9MzKAFsPvvyVn02Mst5W0Az2Fr1vq30A1CPmJBEq5pbSZrhcuN80JN5cxRMWQuH47yhjEBB/8ep6175rHgJs5XHYYqjpK+GQhC6sYrvL/4wxIddmvpyimRPji8/a6CA/6LjYX3vEAN4LpeYMT3+4St0qfX+pmDk0c11itjcV+k/vdhgbt/OXe8+4KfRJXx+1fkn4tI/uWIZyDrr39uKPb5EPTbEau/nL/Yrtf+H1b8h/q/IrX9xwE+If3rHQIXQuUFjH489bXyQNUnuRv9xkQ2zHZLr4BeACX6jW4VsrC31rVf/b1P4B/8q0N0u//fAFBLBwhqAjRHOhoAAAcpAABQSwMEFAAICAgAvKFpVgAAAAAAAAAAAAAAAEYAAAByZXNvdXJjZXMvcGFnZUBhYjQ5ZWJlYWQ2YzI0YTFiYzkxMDM2NTIyZjUzY2E4Zi0xNjc4MzczMDM2LjQ3NTcxNy5qcGVn7Xl3VJNZv24QUQRxho4UC1VDG0pEkDij0mPAQEKkj9KDgCZBEESGURECxCEImIhhCBBIQpESWihjoUZAIKH3YiiCgIQm5fCdNTPfOefeu+7ctc4fd31nnnev9f5+uzy7rOdd+7ffvde3Nwb41sbC2gIgIAAACOw/gL1BwBWA4IED/0j7OLifhISFhA4eFBI5fPiQ8FGRo0dFRURFxY5JfCt2TPyYqOi3Mt+KS0pJS0sf/UZWTkZKTkJKWuofJAKC+20OCh0REjoiJSYqJvX/jL3fAOLCAsaCpwQFlAEHxAUExQX23gGU9gcpKPDvAPyOg0KHDgseEBA+sl9s9S1AQHB/8CLCB4UEDh3+Rx2BA/tTOCQuIXv6sKS0jB4MnkzplFK+hHBEPus6f+NumbCK/uU79qrqhtExmQYONzFJxa8J+0zHBf5zL38w7RcBxQUABwD/mJ7gn0Xip/UuLR2QyCwWvHGnc/ygJCw66fXy3gDgqOB+XXFBccD3gD3AZcDf+Bv/QhCQmcZmlcKskR4O0kpa/i8+Emd6KrbpRI3b/dEkenzcmS+2BZA9wJjC7Rtrg9F1qtnL98TKx4Ljzpq6m2dWHjoZWKkwYWMn+8tg0KENQnLD1JkggSd/2Od+byCi8NP/0vhyzJhc5O/2lT9I/ib8FySMWeqPTs+L21eSe631HmC8sHxoVlcKxv3AaXCCKPu0ZIYbF+4BRB5J/PAXJXvTsQOSuBFSdr2w81whN7C0JdTG2gGOfl+qCkVWZGIpdKovJhA/0JjlEpwTANM3s3IhRPVNnocs63zust2ZtJ2BiSYF7vz8oir4lymXqB+piy5TkIhBeR+eikNW+FTkt5f/yDWWGe07y0rdlOBXmDLVo6Z23gvfjw/+JDXMvv9EefCrkBF6VNnvgOzv5unm8t3X0KGKZhLg8R8mWrv+lUOo9or6T6f/MBV/Z4jDVQFOr/zXzF+FXf/7evib7L+JTDT/bi/TeT5Sk0QjUN4Mpe02HQ0kJx+8PR9WPHAjUI0+7YtfLEtSfz5BVL/+Mqf2CE0S1Lwbfd5dextSsZocFTaRaAX46S9pW1D7Ub3E4o7q5xHDxSeibzziQh8QQj/Lh15ubuq5Ee9jVIks+WrTukFTt7gC0S+MUX/GL/uKwLgnDx5ymniLCNWEqn5pC3r8PlWOl+S1GmlV1ch123LQ6pQO9XFF9vnP86z5bXYXnR2d70nj0SE6bqrxkeXkfpEmQWlxNq0dzUifnke4zWWfbO9xvRBY8zYBNqQAv6mZnsaKV2ZZDDiquDVWKWz32hCMbL7CWLXEZOo72QeiqMVubtHZUdorPiWxA47N2xw1LJ6D2zltAnmE4LsexMGlxeNZb5Yczc0b/Rj5pHJbvYG0hKRWnjcrCzT0SLTpcKoLP7CHWifL0W5PBVr3FcGDYod4ei6pNr0q6QySTkRynrf4iZcJH317WUJe47KSDpb38bWuc6iIcO7re7VOPOZrqbwFTcXYqjnozFR3LRq+3XwXL6l3Nc0lpzwmUw98Jb9r6IwbiOISbuJTW2ABOkFrBIU8cDvuWzNQGj0oVYY8oyM5VKRbFH02m1bZc9HaSeKCg3NTUHdykhJJ/R7Fl7h8UvCchp0hn2sEKfvS2XJJi8kvTOp4vBhQxmPZ2nDgjtNdtWqjUQ8j666HbXix+pZ2T5Hp5RcKGgnCSkJibnSUfGUOAR7f8yTquLwmqaoYM2uHOksd48lNXEhVS+0P+bmu/PEq4xo7BYoPQJkDjcVvwh/4TcFdO2EYPtKUjXMXzofG1KYd0fxcVEBdNVavRlT7KxwLL9ML9Yda4duMPsZWLV6+Kze29vDokFelmnfjrPtMrRLTyCTXdmOiAyzWgVb3w7FKXZNB2m/Pd6u8kRWWeyjWe1MTUXuawDOEB5eoTLZJe4c3KV/YcUbQPy9NnXZYKkXXOc0vckLWvnrXiShEOIb3pa+V0LGWrbE94R2Y6x9Vrr/UQQebaE8Kueg+J7Dv0z176robt/SZ/Ua9QSkc8ig7L5s6FnAMdiMuH97J6e5qca1Qh0q19mdm2BsXeSZn2VrFbapbeGqFVs5xeA8zIG+0e8q5uAJ+V1M4PlqbK8UHlT/pXE5MzbKhvNXgK/u1FdoFb5y7L/Ua46Pc9LmgOhx7NgJ7p+GdiqGuuAiPHMCyYVZFzXYMXH0SzVYxNu/ius7xKpsOhjhwEfklkHcthaC2lipYqBdR3b3D/9fScSBEaeUzJoeUcxKbVAp3qHO7lh3LCSqv0G7N66F8XjvNwJNH3nPWMMckNuxqb1QPbq/NczU3T9NUAuHlRDqfKYdHw22J59Rce9FYdZta9clH27Dbb10Ve90DXR2CjlrJqBKriS+mPRHSJiXoJN37on3B3W494S+yDdN8TWxaRVC9lnZaOA6qOd9ucSiDMF0r1eWxVCCj+vZpSU810h6sYmmMNwufwbgOb4YwDYZ89ONXNgNcMOGsdnBu/cgnWqw2bkshQKeNMcVswyBzJXMT2La3dvO/gD+FdUstJSqrpVbHvGl1QUhj2WBljlY33KLEz86t+npsLHGVTucrzC49FjKfG8eGKsyCONoV7OQd97PSrUR1l7Ret+mj2984eQgdxXKRkIBZP0qFCUqk9/IWLqxbXR8BbWeDRgk6/BYIdXtXbG3Tc8H09MT7SCdrJUoJrknhk3bV1ZKurcvZs4ZJVQVtLXP00hzMUMZz5u2MOL+zt9vWlsHSbuVfUXlFLpHa+o1z3riDRPESzRQ3kk88CVs4me3ynTS5zXWAJKcEpQ6xXU571qc2y0+jlTXcg9w2yVI1ik6z/q+mhPu9Yt7abjk7Wq2iTYwskqpOsnr4DiuSBcHfP0pYHhFf4Z3//vFRF0x+GYdj3+MIc53AfHz6iwY15uH59DVj5rG2EiNDC3qh00fco3yNhOJnq9flZ7FVH+BdEx5TF1PltUVtp6NX9M0eMDn17BFc7It1r4ACU3EnLf6zL/qUaZiQMrgMHoIoIoiAoY5FMg0zLfQ8Io+gM9H6FOA8E1gZFAPKiH0FLoF93O41TOyk5rCj6Pw5HYW5m5Qxfc3474AXp9HTZ0+6wPPD3yU4UmxX4W7zZBSuPvVexLFHPrfCRJKPTbXKf32GbXFSQzlo297JyqC5vi/ZTRgq7M6wBn+3BvW8ZztRHSBTCsobqaIXSbHql9anc2mS91Jc/u9bjaKuzK7a4JZ1fc2d4WOy8VESCzuqoyPnX4FOHfhrMdjRcoltCGs1uT6su1pR98gDteEt69Ea/2HRUyK4BDUfBtmaV+4ANcQjL1rv65i9C//yEfFwaDWSbaXz2vo943DVzNdUvPd1cIflUJnoK3sM8PVi+MXpLKLjN5jOde0Dn6TSW19FkJ9W+f3e7AeWkIZ+/gle1qKzccqP6+CT6A9/E/1/S+S/AHl8axV0lEzuhxx97zqoomwG92j5gfnPiGiy+j9I8EfUDwf/muyO31LbSAud1XiwnIs97/5PCcqYu01ss+GrZe+p5OqSXPsGqF2uPTOPlE7ngcQlDWfdU2xLhNSNsmn53qplXEPQsQBpT4ZFYwES/Mni811+u1GUrd9+aEdTXveh06pdFp9JXB6oPtciK3stnmI11U0zgC649jWYt4RL64+SfBlh4MrheU9GpRvRcO5VPh6vLQ8jXF3QYvfFAUHSoVtVRdZzY+NLuTHGufW8/rHlsJqwSbLVAmJkIfQcuLgJZHDc4+An4qJnDs6RoWzRuCnd4bpudGa4ZpU1CUHgIcFUeMkZzc5FXE67WaJ4PpdEL2Ka6Ov3Bh0NKJYmdKAqkQ4NQjSFdxCb3nJL41d155pZK7MYpUyYAxeOgLsNaOIV6Cy2bx6dfJCWFeMDbSjGVq2YZyKqPpt1gEY/gRpej5k1QHk7PRmTiic0uHc8jMS8d9xlcz3UcBMuNoiStGe0yNMLluU6xtUpdFKSQxRTHLmt7ptwvbFBv2s5NNxoy9HVgkiq8Qkg+I/Wg+Bm84jv1oIOqzFNiE8LV2P7BkJr28lYMwLQ5+3cu6dWXNkrbiQK3YdWj84m4Y+4GT4TZvptOF2yvHTtHTnsxbNjCEtQcW3Bg/B04vemaWqjtbK5A1t+JF7GeKNpVCFZ4StMcn47uD8EH3a1bEzE36tSZTqpMCfxl0uq9z2HTdlSfrE8qjVNtueu9b/vSdX5UFRmqh+90JDTffmX/GK2gfPMBo+h3GYwXNBcEOxMtfIufnLoy0TEaoXwvGd0kYv9DEYauUNgcnX2AFvmXS9tHCfx38zp+Yo89ylOalGipJKtdfCOVNwTvQGafDwZNTOFJah/Si4yfUr6+n1q4yh+aYG7oo/fvAT/aNWcngQHteIjUvKh7J1WXFxPXpUE9V0PLuLqunUQvHjw14hJAq2LqeI5wE9sQ/qm+q06TvcQselvnka/GFYTSzG2HWE6iqCAQLHvavPzcGSfWrdzewBER4B4XqK5hU4Ov7RF9+x5UFX3mHCgblE2YUFseD3VJsn47LByrwlNxZFHznCxuEfP5Xt/Aj1+sPXgOvGF08B5jzehqEM96AZtRQkEB/ZmjtbXbvyB3QB+z6+ocHTZAxh2qLnGIe6r3djIZuRmF8Us3M5Bl0MiD+YTMg2b+6b4BrtNxqAQRX6NsIcjea2w2gWsvAeAepi7k/F8vDAdqJqiJLPNbbN25Vp6PYWjtqq8qt9feJ2QKlqbWsBMIGjeX7dGVMs6dNG9klhbA3GEorJk6vpmgBN/tkZW5piEltwTkQvib92UQJmlbNs5XJqKuJJie1wobwETGoE0XCs0e9y04S8R7bgTbFa0B3jsYe37pTbwROHObgVjNxRLfH5e72W6POIGKuNSJaqARDWCNhYXBtCHr406G4GWm4ddyFxEAAl/daW5GbJt6sqgEx3u1HegU6mpJvKFF8evc/DCc1TSOWqcy6xIAtGz/RYXC2J3fSzAlVp6lE+wQBOTDpeuYLMZBVSkKmfpfS+Y5JbTT9EtHkyjhZ6dRiTekoLPw2DhmTGKVHd9mxhK1NmZllDezv5K8IEU7HPysUqFu4ffpWeqec6r5OIL5X1bXJCa6f28W4x0e6tiM1pmXrXC/L74kFs20KfI4Tt3v6tuMun8jfmstP9UfqKSlL2+Hx2FkOd2xJP8strCMZZADQu0YUkIdqO48QQpxqbHfUbJWko3j+CVF5Rq0aTpznddV3HF4RgfaEnqDyUHdPBFNpAUbZsP4E7uMpqSfSwonMTf5V5NM3RPwNtFjVnsAUIefmttF1JxCRFLQ83OD2x4YW9rFSY6z1RQWBDPrqppEsvx86xbaZiJ9Ssd9bfJ3CyX8NQxnp2kUeNAWvPUUC2QE7W9Im+Z67GsYsyf2a643fKoMCTNj1LjoAau8h9UC6D6iqtQA9Ibi5sX5pOlEfozLQ6GGkPnoW96+tQIkAVR7rN2htXEy0LMpFWP60As68tNzWSdZ6MfMC9yBXqHLsWejKocmj1+G09N9fMPTOZ0WkzhSH6KeJLGOTPEZEpLmoUz0nAk4tqSmJN/Kl4zpFXB64j1DDfZvgOx2zdqed9ZNXql9ik8orNFMy3BorigDf3+TgC7BtyuZFzxtDQQ+mZEijAoFmk+hxuFGhxXDaLTEulTWGhalj0dqDdDj/802klIXlQ8Pc7wWnHguM+42DenekdroGqdk/JfJIPnM6X7Q4Jn9FJPHJ4vWD9YQC+kYuNtZqST9FpjGZZ2diTgHuCTZvX3LJUL3yzx7+K/+OaFTKRa+aFuEL3C2xmZZSdwxSVK912QpqON3rSWZGSWXkOG9IMKznirdmfgfZ0bASl4UdYip8zQoESjcYseO8BovJysDFRJgcHiSZSv4sise4EnjN+WuqswLSN+JUwrU/RTmGJOivR2vby4DCa5JIS6+5A4PiKk+/xm3c+fIegKKDY7N1D5imnwdaWTma9teT4vOgdofVPb6R+/hqjVKYzd6EPFDFqKNSRbmqOzCiyrtdLXLlm0RmrWo+mlyKn4JFqhf2yL3nRcT3UF5iZLG+RBYYdk4XN8nd3VvjBPNma7optSozhJW5tRuVGXoBHjHqL9gbKoKZZ9r8ngJe1GZ2frvs0MSeVJpA3KDOHoRSNRecqrOj5XHrkLMu6QT1W7+hXpuYCBcmEpq5HoKxcD8fdgmNmQCwryITqoKuoE5ev2Oe12yKdrrvYmqIYiclI3AgF+BXGAqB7X/l7+l6kR0DxNHlfQUuX7Ik0eWm2OMZ9mUN++iZEkfRgk3VTA+KU0N6RwtVqKOotsPs92z0cl7hx+bCdSiX4q0d2vUYQD7n+VebcYmjLqTaLK9/GYpJEihgEyqlg6XB/R5H5eqcZDglJXSB1lS6iKv9k6TvdLTVF+/OlWUptk0sz0/rpzzVEV6p/Z9o11S4fv1JtkdQUvkGzoNq02uJTEzuZpsojFHTKFuoMlMmAO2HjCvmmLcdKTN3kkV9fp5slgdbqeZfj5O69DtAwMINgKe0oVQpxV4jb3Iu3iw4nBxKWdkc9qdNyXKwjMU+eLBGBMtQVDWnymwHwWRfchv+/Ob+kP0ySN/rwcQuMLtw790C++UldCLY1HOpTL0FsuDK1H2T54Z9aiP0za6dvQInfeK+3VxtrZKBS0TqyVg8zD4VmdBXsA7R5iUYUyx2OeDuXOR8ovhvYbh2jVFFi2zlVHiuKDFcgv7/l3mK5u9WOn63/NDBatvFOJ3wP40RiBovklb+0cEAjVW3HdkJNyff0vmMCZkbpCtwu9amxdXUEj4zB4ZoMoOjcSBJqAkNPqvCOyQhRmu2SaGLhEmBdSc4BYr8qtNbhYbHcgBVkDu1135Y4jG9SZJkybZORl8e0flxUG5EQvhOsyaNIGVyuAwW0G2barAU5PrjyV6/OZCGO1iW7MysiVcfRCapUnUwpGa8OKPFR3h3cON7yV79OGYxEhaSQgyrnnTlk35IJzP5GgQy2MGCRQeJ21Ju1gzK6cN4l8PrC3eUYFF5NKVr2lEyqrr3KDniLdjiklEBPjDBCOnxGI9yNLaa/bbHVyKtSo1wNTyvQg0tr3MR1QmFVRAExJYQKtMkCCOcpSiucSOrQv8K8lhUJ1wbf3AGe4H9DcA472el3wH5hiXEnnWJ5mMrhfhcTg4Iirv0yNGxwxt2lNm7jgeSpiWN5qjqqMQilXmYR64VFF9sayA0/083cVlG6TFxR745TEzCpE6OFpXAS4sw3em1Wa6xT2yCK/JDgA5kpUn25j59SPHYXFavZMq3mTRFq0mY5PLv9irQp7bSRV47N/Cg83UXMzBkkrxpH8OVUZ2u1Lc6yRbdJu1I1Ce1pFwdZQSlnzOvQApxRu1Tj3ILvjLhSO5n2Iz7gEDRzPEnbNYSm7007lVsDLU/gOto0Nmj0yV6tlHVctag06tEo8fL7o3hsT6zU1ZZuFOl6R1KSjCL7vitDlNhrdTEUiNccc48papwCD3ieGjPnsASLIm2gag/k2rNJRDWG6qs+1b7lMs1YyMU62WKsanOTko/3RQFBULqgURjBvD2pvKrfIIuV9rDIwN2+T/oaiVihPR53JZLwE5sQl3uR4J+e05OHWlZVVEEhQi5HEu48W1386cOY/Hylu17hspAXPqu8uN2H/wx/b3zg/Cf+1M4l+3z9vFm6LAulR4l8roqoLdwaUHtrzaV4eP++/8ji1qEsPRMQgPVn7juzYr/s+SNc5+n9WFk+0oT7u7i4h+LNiiBukJ/dkLbBo+WR91Ff66DDtx0DAXzwEyjGMJr7fTQld/PDp8Mnyaci2WRdbk3AOPk479di1KiAC5cwDmXDlq17+VGIgNzEbVo4G9k84DavdJT3vAjuPW3mHV3y/gHBkiodzJQduzlTC3yX8+lj9bTcb6OBQtdIi+rya3Ifo0kSbWVCaV+HDhOLQ1dn5Hx+SShVvKiSsG3oL5hFETfnib9+B2yc7k0xMuW1mrtzPLTROFTWCoGYpvEE572Exr0B0HPBXmr3TuA5aUXGnZUqDSS4koPe8hmUF/ec+nuN75IMGjv3FJ1DBcbKhV1KxjLFBBOkj2CtoFWVkn6WP4HAs1fnq7npqPcMR1cYSVA/zPcAj5mvIfkQ9AWJwtzCoec5QJxp6hoRwjRk44/mzodfVW7dsY4r1zfYASWuXWoMVVSZCyrkFYpl5a28WdXJ+aZ7CrLyELaByLVecibrlZtulL+3eIEaoPBDQWUZO4VrSucIwNYsqsFd3MoxNYoTqWjqf7hLwlcvGbNxp+Ih7/SQDzOouRKweI1voMeSXi5sKFrpT/TMuB81qAjeQtd36mQlv22kpBYjo5SYd3COzvLaWuY9x6TDqHmC7YznDzjns5bX+HnWtBVRxiaaDPQghDZPNVWsxemAVLn7d1dop9iSWlpudT6Pgzvgp9nY5NE5FTJEtoLWfQq/AGJteOFZaFFW9EWlqFP5zjAJm0bAO369K76JPuTkZu+Xoz1xd19gDKCTd/S1vKnicPEUwNtaRe54Cs6/ytobdmJQ5St6PsLM22cnhSN0vKdmmyqNzczT/yVfLdnm3nKotrGjHqO/ovKCr3ZtPzaDs7ZyOlRkdSm54rZudJLO2hHVOI39tOoe9SbUm7FpzIpLglcC68tlHWtxQ1dZxsKo9XEM266x0XiH0Ytvmos5PWpOnAKf+mpwVH3zZeLoHyHH5yrwg0LQITPF4B4UXG6t6n5PHH0lhkJ9U57QHIGkIGtGCA/hrd6QC1rjbkfWyDr+1vkuVx/kul3GxXVqYH/YAfL2Wzj1A5w81Cm4IpM63d5w1isHaL2oOzQg86mcOfjyhuVUe+dCnN/h5WNFc/5rCK9j/PvuQ5J+O2Au3uhsT9QzfvqDf5KB/OucC724+we0WZNxgAW786fz4J1vMp/9Dj39T/0+kdngYQAf6vjmmCV/LzSmN+qn+Td/F0Uf+PG95CMgcsjFAqibKWOdGbZGnZ/cAM6y/uFH8jX91nNzr/zdQSwcI/yl4UjwaAAADKQAAUEsDBBQACAgIALyhaVYAAAAAAAAAAAAAAABGAAAAcmVzb3VyY2VzL3BhZ2VAYWI0OWViZWFkNmMyNGExYmM5MTAzNjUyMmY1M2NhOGYtMTY3ODM3MzAzNi40OTExNzQuanBlZ+16d1RT2fdvsCuWAYkIBEsoamijEBEQbARIQpESAiTAAKGFEkwoGkQGFZQgOAlNguDQQgoJUgImCIwFpUoNCATpVYogCILCY96amd/6ru97681b6/fHW983n3vWunvvc/bnnHPXXnefve7deL8xAPgBYQI3AUhIAAASmxdgoxdwBbB1y5bf2ya2bbbtu7Zv37Zt+56dO3fs2rtn717JPZKS+/ZL/7Bvv9R+SckfDv0gdVAGCATuPSB7+JDMYWkZoMzvJBJbN322bd+9fftumX2S+2T+r7HxG0Bql4Te1mNbJcCALVISW6UkNl4DFDcXuVXifwLwB7Zt37Fz6xaJXbs3u81+AEhs3Vz8nl3btkvs2Pn7GIktm1vYISUte3znQeCh09Z2idmtMuBLKHt0Uts5t9DSXUpnLl+zUVbViYrJ0rZ1J1GLXtA2meQk/nWWP5k2uyBSEoAtgN+3t/WvLqnjpy992iKdVbTV7Vrr4LaD1lHUF/MbPYC9WzfHSm2VAlwAbAAuA/7BP/gPgsSh0eCcEms42tUWqKjumz6WNtFZ/o2ddiKoO4rOjos9+dmSi9wADCgEuX3pjapSzp2/sa9sgBB76rwLLOvZjqMBzxSGEFayv/QG7lihJdaMnAyUuPenfPYPhz0KP/+b8+WYgcMRf8hX/iT5h/A/kDDmU3fUY2bsZiS5VMI3AIO8MvGkloy1qKWjxhEJ9qrLIuvxNgB77kpf/Jsh627fjIxfCSl14LWe5YkCSurCEHBbO2JjibIFujwrOJvN8CYFJPS8ycEQ8vyszxibYWiR74fPIec159osvw9bTlhLUgO+304XEH4ZwUT+xJjFjCBvxsdrh1NZnRzq4qV/7+0UL3SkbQASl388vqBR/dQ2TGMBFEeYlulruBn76y7sH+I9cO/adl1iP9hni+wf4vHasvUXFuLyWjog+k+R+AeDKmQEcO/fjD8fJ/73zfAP2X8TmWZRr4vIj7vIwzMQcZJE1zXQ6TKyudQr7tBb3+jSFE5ypoGwzZjuQcGluYemLKrmmncprW4bvF4+r9nfZvF9mAI9tuXvBffeMulvyIrFxOrr7UKQ1u5bKn2r8P7nvn2SSkqoexrP2oTDwNkM/qd28wcUmqfzXmM8xEALz/N7vvrC3n6QssZnp7DJcThLXOmnxqXIHDzsnaogbLKPDuZNrxZrcqZ1ltrnV8fymQ2IBitwETYDmQoH9wXc7tpTsxUlhbZ9PIrWa+hkV0IufZvxfFXW23iuRvEF3wQsqAt/VqxWGpDnDhX7UaubgllKwYV8hYruNH3/S2EDZbwZQ6eFjNX0A04nxUumiIcZn5FH8oyXntB4N1SXPb9mVO8fpJ/X2o6zw3pRhHUc3LAi63odiBeKEWo71158HnTDs9q+D+83GHFZPOmem0FZMpmIf0cCCnBcol69IHtcoB9jLTX5/p1XRPhTe0upa1CdsNqPoneM/HIuVjZdlBmOlUIktBXVxmXmfkiwMOhSsWq85zOoLVMXIsT44A8e7NBv0ngZ3e6kUp7D8Ovp8LCeeuyBRo+2poQ3cc4pFiFhxNuDhvULqyvSdER6vMdIMlWJDy0IndHTk+rO9qar3ngi9UnbPfizlbNtcIWVIShJusHVaRK04jJWYRleOsKFwQKd1dqcl1d0e0fvPYxBVj48MLR7iuMhFPsei2q5KuphZHEojipmlT5h89RsASdd1ijpSzY9cP+1BCWBu2NAqoPaRx9XBH+vwO79WFmuTQ71kIrpWAIM1gSUvYAiNT7LG6C8fu/XHUSrWl3tIVyh+eVhGNSn45wrsqFJHfen22/5xGWOnHBLOODzY9Mb5G17bGDybFxrry2JHTyXoP65RbwM9rrPqYDWaduItePPnD8eFHX/x75QMB/TJqdJgpmsgY3Ot9qjC4hK1aI8p8338f7LwAuSumqjmVUzpq6EMsxAVjnfmxvb7AfJN77JjPcuWIYmuENj28ZVP2d/+BFV/DVWvbyeYeg3c56Qo+acGBE66Qyf+SakIAJ3PB09dJheY6FoYaie3EDEtZpz6XJLSvQvevo6I/ef0HBeZ96GJ3Atr+stPgf3+QU4sPud1cOYE9J91la2GJ+Io4e78Tps9TORNqoPeka+bADueL8wlz3rrn5rtTc//3JquSkIe1n78vwPvBtjFaUcTOr64++5tddBxdpJzhqod7zwB0GmKEOUU4Pyc3P6MFacniwbCqd5Tn+hSxpJ5xb1ay7rO7Ktl+EKUJjBqGiPWbzJRz+imB2P19wAuMs/m5yZbrLy/nFQ6+5apwK3ujmw0qaaJk87K0L60gsx1vfHVYwnE91RTWEnLuM4bYHnrGpk90JfNIWMiWrODryOcoens9Kq7KHWtpwTp6SXf6uM+Q7t82YJr8BDSbkFvzK4wcELtVyTAsrr9Zm6r5qYVguVzWTY6m5+bk3DLy9EqU2H9GjElHcP2tSfirE1fONxslorhV+uy3k+3BP+fbb+0e33hVllxdM9VUhsF5R8Tf96Y+lY81Sz9oe38aetdrWBHf2Y/up5fGu0eUmbxuUmqLGf6t2l3rz792OfINiF1lVPdl21c+HJml6rSnS+3HtTcEE0RMWyaJ6CiJAPV5t/W0r+dPWtBSq4rCqFokZi/MoN1mLmx5/xULETT5c4fwXPYZOEhOaBfkKKUfvLI+pvRUnUHrWTBdeqXvYmNWho5UIsE+EKdLE4k83RRxvWfY1D715JuZ26t59wsBXVSyhjU5bK29rVAxkOv8KpCmABqpvhI8hHzOrDSiQcp0VNrKyojp6ARn7xIYOv/lE8NBgcMjbanzaIfFGTmZK+/2J8ipm/zlxeHu6hqVJOsK8Cda2SgLpwXL/z84pZs+LgUU3SnZWrNeX6DRYWMA1PT+C7E0Y+X7eQfXy0Y5s90q9O9yqRjPHs0UwfJuLl9QY5K1gULxWZsd1CU2X9yqRbdkvprMNRJWXTj87Ib5UTzNjqUBNh+wsgrdnRShuiifrBRqkXZopy+nosp0OEn/d3eUBnx2beAM+qMz9t58X0xkx4OK7Ebe1VOUJoIpn1yeOx5auFLtmDVQyI5lbws5ItObNoTRvqEh/xtsCsBq88B4N9EIwxOV+9U59OmHi9/Zn146x5VqHA1DyZZp93pmNcXm81ubFBa6KpfkZvMbH9AK5TN2lWjVHkp+0U/5HOnkdWbAAO3HIiU3XTUM/+z4f/l/OEIefq3PS1t4ot/5Wt4rbaAI79vXTV4Kb1uqIabrAcb5D18lPqkHN/bsbam4yWYgCT+dIeLxjJDPfUaTcbJY3QdEiPq0etjDwdDJtNxaW3p2Ue1z8Nz3wo8BlD3REvRjRcrNh+4kzBkfGcWSe95J+WDY8SWzRfwBs5OwUTaykJf7hJPrUhQV7Mko1Gc9LsD5BalzW2/EP0/yxRZscz++YrV+smZ5KeNtY0FZ9RhsG+JUnaRg/1v66IhOsuJ2xGzV8heGhHLuDv1QASKS9dY8Nu0cLm5MOuRA/+VwjiUB+0GvlWSPN6348cSIi6XcdqiJpTLKueR7KW0rZMnrT7eMzGg4ygv7FBWtheuTpWZK9f6o8XkT68DlwmYIfDFscoaRAITSsUz07Pq5q8pKzByfGnXgvZJVROsNBP1Pkganpgh03NstX4yiCX3+mN/1CmXxHdnWjJ2VM7MdSaJ6f8rq2x8j4txxodyaEvZvL2H91z3YMevh6ReUA27m2C3kiCyHm2i+TRCyLZnk7+ZFmXOabvkIcvVvYnULFLzSRifG8zskqH7zBStuqJBN+uPDLBxo6Ytco3ObLZa7Y5ShqhA28qpBzVv3CiQ85fdaI+Ny7lhuNI6ZLD/nHVmqmne4BAQxQMBevLfjYo5DwvI1NYAwj6OS+cGCOLfKLsBMRkLpp/dl5/hcUe2WZu9yGyz3f99IuhCDTwc1Cnq2iQHLLgwFMpzcOcuoFIbTvSEe4+nM5yYrGAumvWwMiXXtdrHvjbamjJhuVE5nm+9k3jvPESqGasfUYZW/JtD3gNEDG2rEerc2bx8fnh4slxYziY4W9UYLYYbx0M7WZDGPj0ZQicOZDcDr8YZ/8wOkkmGLgXPh4ruDhqR8Io9HSNs+oSP9cRnddayRGFjFjejXWQx9vVycFqvpRR9ZvvqQ7jdxssAYwU5G0jR/kph+5t0qZvDNsbi0zuJ5BxdGqENy7t96RUwX7dyZbzorCHLSx0Tu1pAJVAeQ8TyMXq7YY9YkrnEhsXgzkcRDA6UY0MSig7J7/E17x3GhXZreZsM7cByHU+1ZEXeG5gPedQECvGTw5E7TnlO0KbGMX7MEmKbCpTMMZLMIWDA+v0P9d+LSz56h+wMre/z1Xp5FwS0BL3ILYOeAXLHBc4vRZXi5nMDHwcFeJv4ZNf2hycMopUFO6s0oNkqNmcNSx0EItCb3g93Dw/+qbCG0+uyFW2Xe22TZr5iPqJkZ39a7tkT/191pifqJ2whP1SJH+/w859yhVznraQeAeTYQSIaVtdhWu29PXfwLEO0jLaNEhsGjTwxuRSqTedHWnv8soBPZc/GpvGz8iJ/nYi9NcAb3Wb1hcqzjCQJjvjwXDG3ue24mZMeIhn9WfzBVRtMvql/VEKQkhGrAR27UGr4cpbEHWQg+bxCVa2F6ZJiWjrZsxv0Uu+c/iPeSVtWouiRdTkxJzDACU7G27dSmjCdiQ32YWaLZkUclKQBa+eH677qaIb3+tQBy5vDk7GZIUYQhhwhWouMw2yBtcnRKbwn7ikv7j20yD4xf2gnCIQtLXdSeF86SyTRTwt1do4kXrrVpduGJ9khR8xw0bGUE8CCZ2LiA3ACmoxJdKgs3Vqrv8juXo8DJ52545c94s8+0OsRYUYdjfbI1jsJz8m5Ir2LeWQXEHxIsEMyl7AHGlWf3C3+lVNvZCVrKvwbfkU3tcjiz08C4w3G0hg++bgfZKrfmHWpZwfa0JfwVZq4t9zdELWAtVKXDShOjK6CISwx5NoYbW3idSd1+NMB68pCsipxEyUQ+cLmCUfKMs+7FbvOazMxJ9YyHyQeivy/eaTsGGfgMcOfIwq/+kmvF7a3qhY//rUIONmMp8oaMoMrRfUKMfJIOjycVlVxXNLkbm575ciumQ9JAtIXJCkI9KQtqe2tRWmpEph5FlzsSsCBuV8V74OMTvYWwl5Am0VB3KbZOK4nrNRHdTLq7GqiJhJnD+RP4dqJkJrmezKPWnSPqcNsyemFnMFNh3crX2KrrIQyMWxcVah64xdHQk2UTuyvL6NsOxwelvSMiYY6EBJ4WVWFsaYmm6pnxDx4shqpWWGapmOHH7genKv7p3c9C1D/nqGTtByVuD+4HntmwGsmwkWDW1c0w1A8/FccsgGQFr7icvDhrC9jxDjjqEUtZoztr0pGcX2Qq9r0vpegkY/UMIHwWmUreaDZO3LEa/uijUCbjsqV7VUOppPlSac6hk30on3bGLGVZ8FC85MWnzfqScMUox4fThqeS3+HTV115SvV0xKt6GFTKAZixFVO5lNwsFc9LBpwZ55JItx/gGAKCXNZ6gcm1V2MSkz3hGqvuQ6E78YVpNtdlTt/ZJpJYgmuP7aT17cpf720POKV+LB9vTra2c7xBqDcI2nXR0uTO5i+2mayRT7UQ/P1LibDIVk5xyhMKuavsudMhp8eUS+zErFEDYbzVeP9XKQDuWIWPJ1Au0PQinnVPv1O3JuA7eE/UGIHvaUt1kpL8rxIIhJKQ1e/JpduP6yImetWPvp5hEN7TN3lnzP5RQuJoYhl2JaMCVUuDTBUTjeVcMnNX3zcnqcBiVrgxzn0R8jLEHZfYe6Xo4dEjgMVFTNIK9cMQDfJLCZ8eznuFNnwNl6KOBhAVurCEjWTWkdfmwAHTKwCxPu1rSBKJ3CXBVR6wuG5e+nrTl+POFEmNDLVByw+RqjNqG5WK4W3IVAhLYpa79ZimpdBcnMhvpWKrIzEqzq3hHKbTCDVTsUY5gBpUFiR51gNES/Izy7rhkn45/fVrEM4UBvmQnk6WOPHiQeccjw44SdVStuR62qlzudm7IPyRtyNbD+hoe9Vb/h/R1+tDB1NWxRpqsK+KkypTWUh+RrkLil0mLPvNyMh2nzZzShwYxcGMoLkcYOJGpdHsOdgw3ol8sNSea9oXwGlrRl3Yt1Ne1S1h57P54sa5RqW1SUbzPGoQdCtKpfuYtHqmq21ygxCpy+TipCUba92/g6xZdo7fOs/RbDLkIqky1OT7khuJbbm4vWcXES+p8/6abH3SdgHC8/G4t94Ohs00j/Lr/IW88wKl/pb7lu94lz7+S8hiGNvJLNpstTYuqLi9z9g4pP1I7rKU6tlkDD1qTQOSrYkOGo3pp5iNrUVMC3IvAlkFYWnRHra3PS5U0dqFXvSAKKWs+1s+cQA7/x1f3mAGEKn9mGquvduezcglwmy6EPlOA4kOstNwUhdMHpfKCumQACIXSMQxOlcpiX4maAnfoVlcCX9LKY5MLg4lfaOuXIEIhasrVChcoHloA0YaTxrP9A3+yCE7NQB4o+t5QzCWb65eKLrI9QOlxS2Azf6Sb9xozU2wLuipas05OrD7iv91GPqn2E+J3jhxi44QsSK5vDFsenjc0TNboL+x7erpuRTTckdhkvZgnFPC0/Dzt0HsJQvn+hz5e+RtSArQtz+1zKW3njEYmpNg31HTd5nPyWZ2PzgsmulMefm624qZaY1T2HPlXcU7g/94VCL2sRNqjrLEFRNia1GTpF8/HxaRU2vPiPU6PtlURs8cInbVJqNAJ0tRwS1m7roiyYDB9DC3WtqzKO+5OfMUWHYMRKVvqCBaZd+6PMp1Oo8BpZyRFdoH+Js1wQJVNfSLmAOolBjAkdjnRlrwqptjoNRMa3dn3jORP+o+Bz8/ExgSfinrdUJ1Dd4iyuyGLaNPWc+ta6KEsLVjP9LTexp7m3RaYwtOONbEYe11vBQqeEz01LA0/hxysFEM0IhfaC4a4LgzGOrOGYvpsJt88xfX2HTF6OXyOBz8qzrLHjBnqnHr1PhKICl1DYprndN0EdQ1MYopNnTDfmikyRTdfb84siGcoXvlRr1QmwISsP6EZWO8JsXGivRu2WDW773HVgId55p8ZVFU8lRRVjyat91lBmAlGg3UfTY1easZ7A91se/DHJroB1S6nszM7K1twEtrsqI1stMT/UbIy9pESNYJIgzYNFXbtnW5uuU1s6kEHsfFYEyrYPJLIgG+iHpN43xjeofuED62iBWLEQsw6oOXy7MtDG3vHXAlovyif41DYaDHTwGvKNF5uynJONak+0tq5NY2Qg0xbEc/s5lXN1heNf5Ech6eR+bh3G/GFwiwYSavwgMH/KfBknMtWM2CVYlOn8IP9jdD2mWGWKtic8BOnritKZ9repdMM1ZIUQjP3azy80qHwhnFnOBPSRXjWWmobgTp8RMliqNxHLarjsCAPrOjreDg1tqCaDGdO1XS47CMuCuVQIvQKrGxftjrJtvqKBUk+CJFHbc9J0CH4ZVYaIt6qp4Bz0KgkDlVPGjk1Ph+PweuwEv0QdO2zr1VWw0yCbkU2RF7SxHR51apg46mPp9wuJYDAURcImXlO3xHneB4B//pdaYqdkTXVs6DqNMAfarCX+KkzU95kBfv7flB//iq0ad6ulZ78rz33Qmb0HKGbnzx+tCFtjz/VlvYdqOaXAVk5u3uKRnbmyA792VOI3lahbe/YhO3Nslpj/n5mCnmNWUgmTquvzb1GbtmtrbewNgNTa8gZAyP3ek7Kj5e/Wf5SSW0obgEn0rZn9v11bC7Srfm2hXixQ8rSUp+1CNaSUl+XxSLZca07ae0ml0wmaqXHeYG6mSkYb2pcVryTiycSgOaR1EcrPWpZrbcjQjIs2N6vfZeNveL44D2rwRP0XQRxrJtoZXK5sjFd/CLPoVpONtMws26XHOf3m+LNmkslV/dhjJc3WoPNXxLOGcgdzNg++sCaXb/QMJN1bALYLekhRil4MLBIkBzCoH1JBBJIrGDpFl7LtzhNkM1yKg8PJTI2EEP+asGlnmNJEcIuR3LAJXEHKI1FXwPPoNJkzyQmBaKs4WxgTCTaew9LOAV0VOVSI56LrChIrI+x1eKfkVOmaf5ZXadEkq9wWm4eqDciOOadkYvzmzesJv4PKVl+P4kCM+ZdGJzABTi098g/9NYemHPcmmF44JTrSyQ6OVGHR1nBWDXod31ScpwJJNnlZblH83Qfx47ft/BI7LfSgIAG7nLgYkq147NA1iumFeyAXn4LDNz73VuqPul6cHPGQLypUAJE/9Ol5pS2qztKKC6PD+7QhhxvPT6U5iRyOgogTTGPEA3EmzyetRp6wAWjcAMgtLuXHivZluLu/6+QogPlQJZQ1SopMxCaGjdzLAka/Tn4UtYygkxH19JPZMVFNESrnA02r4CO43g9vg6Hy1SlmHEHYqru/J+lVGPOkW7nRMHJihobgQngwUWJyj63m3WZi5LxA1n9Pgsm63CxcKZE2GBuLAqql2CUfOnL6p7q5JfKFxwLdPOIGQM/pykuNdR47JdPggMxqTE16Lo7yy5Q/ghc60nTh0aKxuLoeuwHQvD0FCeOIOuYNML1qJe7k5kAnbDUdl6Y1kmEqACJvcz4GPrrchCaa8w62wVQuXyOfoTpRRtqn+zOHJra8OwP4m998JN7OXbi/AVhFVVfYPgXdGmKhvhmLkAdpJrZuzIE0J8FEOBs7xicnO6UlBVzc9vc4ZR7l7+ydDzm/twDuxmREKligLcBvdQ5sAGxBGUe/y0i+4ItQxMGdwOzwg23dFb8F/nzYIt25ym2omuP9/mxA6Nd7lHXuE7eK7f9rM8DtL+Wnbn7v2BG11bKImGmJu38pd7y6CI+uF051f1F4uuPgX8q+v9gCf/uH+h/qP6mB584Ksxk3jw3xrfBkjO6K5DeNOzMrJpmh1rkldnbV8SwOi4qjh20AWLMuT9bjnv7dfwX+wX82JDa6/wdQSwcIhGZn2EQaAAAEKQAAUEsDBBQACAgIALyhaVYAAAAAAAAAAAAAAABGAAAAcmVzb3VyY2VzL3BhZ2VAYWI0OWViZWFkNmMyNGExYmM5MTAzNjUyMmY1M2NhOGYtMTY3ODM3MzAzNi41MjUyMDIuanBlZ+14eVQTWbdvAAEVUREQmbRl1DC1SMCo0VYIEMZmCGEKKjNhTpgMoC0qQpgkGJAwKGFMgGCAAAEBRUAGAwIJyKwyJggIMgkIj36vv77rru+9dfvddf+467v9q1qr9j7n7N85p9avateu3Q+7HwFHjfRh+gAeHgCAZ+8A7A4DdAF8vLy/n3vYt3fy7+fn37eP/6CgoMD+QwcPHRI6KCQkfPjYUeHDIoeFhI4ePyoiKiYuLn7oiMSJ42InjomJi/1OwsO3F7OP/wA//wExYSFhsf9v7L4CiOznAfP9xMcjB+AV4eET4dltBsjuLZKP538D8Af28QsI8vHy7D+w1214FMDDt7f4g/v38fMICP4+hod3bwsCIsckTguKih8/Z2GdQuoRk7sGt0E86b1wK6Ryv7zm9UBLBSWte9E5562cMcm01/g9Jkmefz/LP5j2uoAiPABewO/b4/uzS+T0uWtfeY/l0PhuBfZ82idqcS/59dLuEOAQ395YET4RwFXALuA64G/8jX8h8ByfCsqtsIAhbliJy6p6ZUynz/ZXb1PSlQMG7xEpcbFnvpmVGu8CPkoH3FobvtegkLd0W7jqo3/s2ctO0JwagVO+NdKfjcwlHg/7CWzgU1omz/jxPPqHrf1HwEHp3/4p+Hr0xxORf9i6/yD5m/BfkDD66+C9zKLYPSU51cN2AZ+oVSMcDTEL9ntWi52xnHt7DhZM3QUcfHDsl78oWWebbuOEjeBKW2qPNpXtW9EeagSzska/q1AwRVTnBJEoBR4Y38Sh1lwH/3xvC009Qwf83Q8TF4yX1Bd7zX5MmM1aCCX7/ojKYPg/nnS4e7NgwWHSGDPUzOxIMKNbrYqLnzedvXbkn0b0jyyz0ncBKes/n15Wa3xhFaq2LBPn/0VstDMi9vl+xz/MR3LDW/w66HE5T16JP8zTbVU7r01HqtuIgIf/MNF/MCgBJwGP/qnxt9Po/7oZ/ib7LyJTpw07sb1LV6ioAqM4IfSNLZlzVVgTkTeln996PaxMLSZkX6rt1SO64FzTnUNSV5TyTAbkN/d9CqteUh/vNf0xgQP9xPvXBH6o6ti2cd1KSmNYX62MxoE7iqObsPGXXqNC8mqKqXHH2aM365qG2uSxvwzZSbD0OVCm1VDxM/NJg1drdj8zh1ZRUaWrxz37wV6nCQvhZLrcXIIMpbhQC6q35pF898atwrJnSWwQ6HoBITUb6pKZZZwGkxv3LaQ30foqjMDB4C44AoxlI7BkwW/0tMPD/j9PiIUKsE/gZhQXPrdRe6oIMQOBVP1dAKg3L6G3geW36O7KofGPRw3VVa56d4RyfSCeuRi2LPBKKFMVSxDtv2PEmMwYTZsO2b4U7fn1pXiyRSAROKdUmhIfkj+hgGYM+s0yQ0/zLr2eSv3hEEwue7gqhMnH4UNU2NIkHfA7myk8vW0GOB2XPcmV1DModAGnry68trsAbWb1jMuXIS4Ss8foAU7+NrfnA6DAS0Zv5dSxKViw1qIj4aqmbO6Dd1aK/RzfnCIT81/ntKoPSph6po4lppd5WyQYUAITkDfS9O0WtUs+hrSoiXcIPVhX6Zz7aOQF9AMl4W30Eln9tOHKyUkD99hsz/TpCINXzNg+JiTYtHf+8gr6V2O1SO88zKdw4jx4oQ9PFxdnBJXBQsc/jvunnrwiqb52+WqMMqU0cS4wL0rwmi4CRYymnnUlyK3mjLfq46apPo6bVkM4rxpw64XEqVi3KuTNstKcSCBLc8rKhTiUbJSoZ0s4RQSLS2hZO/6Ad2t+TotSEb1V5tZktDU351V/GEYl+BH132SXHkIOWVnKV5h+J6mHP86KvgB5/kZHUv2AXWAtolbDwNe0i9zXcKGiWxczEkuUo34ZUGAaB3RptX192CTw05vgDzi2v6Ergyku/SVm4xvUzonWlrgLsCGg6rbB+623VUfKUrFbdNnIhkH/qOgxdnaVMqSEkiWyTAJlV4z0g2P6lY0zM7riwl7bdE4rlI8Dn66WVS41xJeGmK4O5wcrVy9zz56tkXrzxNbZW1wrWGulHKHWngLVrPL0YCV6f5ic7cPL3YElP+2UXbhIB3+c6f0aF1xKdy6ODKKN5T43DoZCTH1zViJc3Ip6i160/zAknvdOGd4Rfsb/s+NgDG1rzi8766DTqExg4H6mUPN1xgxxobfU78YmZi3l9Ed0W5dFEB1xkbFw7rWs9SrcWxW/pOmdgEH7WSMHlWBpFUOeqhtG+LcRdSMcd7LBqIIPW2wxzfqsHEi6tLQTTQEV1f2IQU0UVleAIJlvHjSILtr6Ve0CILWrRjuGKMNhuFoBqt5XXz6TIFpgGosAjWQdwJfBaj5dFXP8eUAQNJCBEBu+f4w/VsmvwP27LRtqVpKZZzzOuya9MhCcXcARVhzswpdHEek9fZ1ydKlyFdGtauVJhj9UK21bBRr788QXOpXASjLs6XJJPlkrM6BzB+lrsi4ZT9pusO8fGaN+S/JaXK8DOgs5N0QPdVagvqthHNmcZs6EZl/G1eLL3eEntVouyxvGulFzXpSnsqFIzW5DupAWW6SEKDrglyonpxQJpNTrb0acvmaBrUHKtm6aBgv5Lk/uAhA4KLoAljq1OnBb9ypfP+K1riwI3ju0aX+mtIsYRX/fQMrWao8nWGHKmaGTcfVoS07j1fuRDbZb5vvDKk7ZWBp4lpBorVtCflaqlQ2PyRdNFfy8MWgspYTjuK48reao/Nn+oOP5yJfmUIRvwxBFpX/c2IRWm+58T0nPBzeFcE8nTWep1HCOv+P3qEBoF0QLWnlVa/a32S5OlQswHGNiBzLS7ng81BA8jrX3AfNq251+0deQSsBDZBITevL8DBZW6623H8w5dH+Svxz6IILRdeST7vGROTUQSIxOeIK4kPk9d/IAJ+d5lzIk0Ve3wieBKUIpTr1NylE5MKHqBjkuUItUDxLXqkn7fiQ/Ou56H+NmRHzyqdJgjeV1Eknpx6DUnPk+G2OI2+V3RQzra4ZJvuKycO/JqCQreHELDauJoijdnoyrKc99dbxW2k86J8Hjs+oRnye3G0FM+SAvMnqcW4+Ni958WlRzCPf53cEkhiPDyKCfrXKSJi9elFIvLoGdIZLKprKd3uRIZpzkzXvD0IxumJLVtIHZP+m0yvSc4SLOqzbm6qhUzvSam0BSbMesaqjElhImSoeKKm5RX9yGfPfi6o252Xz8D3ONoFBLY2zIDt5/USZU9+Hn8ea6uzCd9URVYUPAb38pWfGpPWg8tvBDYXFMa+GRUNON2NA7+NBFqdDrbbyk3AN2lBn87fknfabyhG78npDRuwDC5e+Em+uQU+heoReWGODrBeyVqdx0myOYnnU13i9imR0vwrOTGJ7T8PsjK5Gdv9TxK2uWnJzJXbAH/5+w9+qvYe+KBRmzW6mJbraQboORyr+J/vsShVt+coAI6yoXVlm+OS+h3daWLC6x/KuamUTc3WPzPxTGxy7syeZPDdpKPeb5jzX3OwQc/u3D6LDEv2nwYTIirFGTDVE7f7aQWkJm0aysOKxSlFIhkMHU02NeRORbldyDJXCA3pIwNZCpsC6xxZbbQyuGd4eL1I3WYxLG+4hA1yKKYf0gheKXupW/73EVNaEc2sKSm8WDtbgmfeEI7XMWaKeHJtXT6dyxI3462A/cBQl304slKvK5cfpPXFMuGWuuyRklQJE7VO9ebM2FiLOfEr0Wv6+FXXbSOHlhBn8JHlqHZCb5BDJNWhGvLymFP+U4EyhtybQGKGYAwuzQ8Yeob/SyXfDDHIIq7uBKOImMSZbX8wa5U4rnzeLj6cP3pb5AXSuGqOKspWso/aVjvfT55C4fjYRy9e1ax7ee1nvJThwuEYKbiOZSlwe5wMJ7QM9P6SmBPkj1iGRPuF94z3lm6JZwYECYyDmr27uA4MKNt4Kxq44I5hu7u4iHnIF255rUXoJP/hTwhmG4xXxcol8+qiDPenxeD74LOJA+cfwczaTyJXIsYYeQJlLgXiZJnCSGLjLhIhfZJpCMe+2+ZgUuc/Vy2tpZi5jCLBEFXPqLTZp8Lwj6fsC9iJJO8R8hK+VGIUwVedXsrxz/1eK99TnlbKUpPoIF08ff+0Z2oZJ5t2J76CKUs9ZAVGLMbAQmnZorjN5h6W3uAqTXkC7ZomoXeIl26vu/u3qTXVyPwk6dWDfXbJGSA3PwKOhqFt7197y0UCxqX+RGBBYngLTe56moot/1114Bc9sqTNa90SoO/WS8pM+t1y83sn+oNV388NG7n1Ur07K3Q9fSYOPGneSgQktCzcT9zXi7pgLJEle0gWd+Id44l0Am5bwLoeiTZoi1YFmF2DqFuW756YbuKVr1xMtLwRHxuQ2/wsF4TWUFuDA6N3vKW3TvvYcmkYIp6npkGoiU3QfpdSCohsye3JikBJUaflird8HAB6eIEHFGcAFS+efcj+7rMF03M6vqUngUEYe7b6LhDZQrTC9DmDay92pVlLyFRRw50mfZuMNM2C9og1faeI6jUKcbGjmFzzMzCjWkd1EM2YyZwv6ebBT5h1248K0bDc9Sldz7QxIlvmYN3aNn0owN9hGCxQJqKSHnE4M0l8wxEN95duougHm+HSEHv3HA9s5ZIIej8qnO8axjKX78mopCkammNhhisgugdZkiDSD+vBLswvpiamq3YWMfogdRmFvvEgXExSoaQBtBGEsEyGJQni3VQLVTrzj81UUxatGt2NdFATcO6YX7PWStUNIV/HaqSK7F8wqc+h37/kisP3/L/QdxAqebEpsDBgxMPX2W+2pJ+W3NBgbnScjvW46jY2wmpDj5dOCOlN5zeKNDj8ou4BOi12570cGguPFuKXcXkDWq5H74kIeHAMHWvvC9n1SxOzmhL7DEm8itttbpT2BGoHVsZuhw++nclMvlmsd2AUckgNwC6xH/byP55PzE6OKkGhuQfNRFckECmWSzeT1XyfZbBggpjF5hFDuX9AzM11CZYTWs97+OngXOeRHaQZfPg7rd07xCPOO+hExxkR234S4O/OIXWdZORbcenU2Lx+cUPevAaiK/7wJc2FL1RkVZSsr3qQKj95aUz8BsN9s4E8XR6cs27I4Z7dvDwBkxvKoF0BOlHr3Z2cjewae4sNcdkfHqtK7KADU31TVDFXkDqFg8EUgk6NMxn6eJZ745ZfZ0xPZkJqhmIa+oBj4qyMHT02oFLaFCXIV0oHR+Mq1joB4BaRuQI1FWgK6w581rcbnFvfgpY8vKI0HBEY5FZL6M7IL6u3QrRaZErnzK+IZI4+jN5mNWo77v4c5A+1rsWoOkrIyQSq5NrdostffDCvW2O5Vdt4nwGTuM9xGKfTG56tk/ll8D7mtmLlXlL4N1NIzop3YBl6OTOQPbhl2R2KtqI5q3VLLchs6UibWb+9mHtNtz0psNOcSZcyXoS9jJFrhJraY188D6YdEAetUBV/zW9VW385TeC4XemRu9oDRtkvr2B9xkZ77Oisw051Xw+lFnwfEFnYv6jvLkfKKUg+uqlgVDroAoKF8Qy0wWD5tCu/WkEpg62azLfDb2brm4UXT0IK8lFuTKqmDfrdLpGT8e+1NEmQv75AraaGpCpMQb41ghY7+8eATzyMx34suwVUD1Q4WqNzcssKTqPpNWmDSF4oJiyIq6zbIouHgskLSls+Kat/Vofxhq8PKTVYna46xyxfSbsKEymzxvpclu7Cw0BOmwecjt0b3NucjXKqhicpZcby2/qwmaBOzp65vGNW4dXEhaaOt6sw1B5r4c5MqG5eOlpJ66252soMz6CpJKfB7dOM7u1llKR6Fd2bPvAj1abpSuXkDHBTncEHpqP+UStbBFVxM+9CV2qYFC0qYsPc5rw8VMWVs7Txc1NMNnxxwMEgO+DMTMW4zNKjAMi+LzfXVtDIAV8Sg5j3mPkiyvxufTYaH3jKdPlD2v6x0p7UOePTts+Lhbul/QYDbAijFYsBJCCQFfVQY3jML8ozdOhEjlVPW8CXTt6XEsmrNYiFOGPLYof2a0OEIpYX+Xm0R5E501TW47B1NLRz5QO00Rs+WjnhNku/602Ih5gyWyhAxt6tmqwp2GG5zx91ZOG4imNQfoEEOdRe+qem8cmJqKD7ni0dxWw+4lJovD04HuZEZbvVD6408Sv3FHPGLU06RU3tl0G0WfVIw85fi4O8Ml29pxE2nW2pplTKR61RQ17AKE4zD4LTEJsUQizXsmL4gNN/c5xuptFzA2b80D6yRgufqkYrSf3fRUa4pfsmPPbRTnxdecB9OV2tNPo0eGFNHn3IKNNb1XvHvrNoM2xyfuXvtk1USVyW2uXIPNfcZRPFFAaWBHSyytqe2ZfOZkaDH3HXv8C9QpnhA4kCjoL9FcVFZMrl5ujt0X0BCNIirmG+aESytg9Cax4L0bT7ewL22vW2bRyl7yjPh3Fa1kbLnjKfhyPCnfJQgN9ohKzvQoIjcilVAs61G5yT3TKrPfRD8xR0CjEmHLXVhBHEQNSdnU93Yeetc7qsYqosL1/L6kYQumup9vVE1EXA2ta0eRXr5nO070J+XhcqjJlBY9rIoF1p6SXlihNacZ4nRwuvrjSyQq8rpm9VFtvYiyEnLJZzZr/iGl3GwdMt73jCaiaVLt3hhyRUi50slntRMp2hs9h66pL02wcCKcWfG+2xlc4D3fRpfY5KYEY8f167LWzJDGGioWy7XUZ9cnMlpnCp3sMd2QK1VIsP/sGYemBRk/+cYhIGr4+pzqiz4WGw6Tlgvqfduqre0+b1SrU1acZrbaju7sfMXschI/E3h9hDxuahqGn8lfTHeaHdXfDHpI437OtbYT71gr8G8H+Zt0l1i9yocvijlqPB6BlzOD3JqAYVzumR/WOb4qRM7NcKc4Lhdq0qfWkfHNhCNaL9V/6/1Eq7ZkTbb6t+s7F6HRaqBDSH/Dminv0EUnlYH2q9V3ry0FtFYJwWXFkW7TOGIqPdNXq7erv8rdNY5cnL02WcRY8TerSHLcBURLuhcmSgcvX9z/OSe/MFZaKKvlXcwHVD4Uk/llssDF2YQNr2PDMTovFb9irOLIvu1eqdJuvocsW4xvyHzrs7ZUGWIZ6G9kxqwVPIE/nC3B5p7vNPthrYDsM+52vNoBCpKh/0J4Eh9EOKqmG6zXTwJ3THaHGE5TVuUKIhXAF0yaLCzL8zcSP7SdXNfHXyTHEIkxVLOsQXliMSsRupbzrvhq9FtH5ToD0GcDXQu1Jkp2/ircPAgDB81+4fQ7nRYpVs0YYiGUYAwMmuO/wSfmfHCVAbNzjyo39oXnvM87BhMLMG3RkCRSVMYSYxFmplADOXdisLpHJ+blRep6o1Ljsw/eTyi+c3eqFX01IX2/0FXZx87VPiOfH02ByzBW5GbeWzmEeTZJnPVrS6MYnp1nq+VHWvfRaEarD1PUH7LrRcpMvnWqpg2+7BwL4wvuPqLZI8t+3NzBJealL6mMlOJjV+YNlLzIFo4D6j9mcRkV8sgwycaxmQZHCmo+YExdPBZuDjlEty7/lWJpYJbo2lNPDdlYVZEhOuISbnCYPizXZExGBW0+uWiaAqaa9FhgoLqzsd7RFCLuDGrGiOzsYkuXdOWgUXL1bTExbDgTbdpMAyen/gTA/fuiQkbj+I7i8Cas8WXgXlHxZ4Xy4j/365a3g/Ks+c78+EJxY8ijm6x6lJ3Ex+d7F5CG/eMbUfctV4v2HP6NM3t+gnH/8/9ZTd+blvw/IxvzMrbeyiIsV8lvF42Ktw0Wx3e41esoW+lf/moZCGRuJO0C8pFblZd43s4zLHcBIlrlHZMJhAsow9MIdfuxoVQG04yuT/W4qRrfeqHWSS0TVxWWGgpDFhRoJdnUWEo6lXZvweGlek50vbWnteri5+TPnIa9WFnueMJaiCi/Pq1eWCUehBtJFikqh4jruJYgf1zEfvhpuuTtiegJCFPyF65CVDdEL2DpCKZmxdUsCYSxkACFL6OC1b2yJ2Mtmq6cSZToqW2dhlcRDbCOgfXMiJgBiifU3D11GpeObe+Z5z6vArMrxMdpwWJJOX2/bHgkSCr4QBNNxqYZSXbS9VIJrKJ3hGCQSHs9LC0eFlzttJCoR07ruftJLcByztflQgJq9U7mUO2qjpZjipESAXG6CnfiY4KkqLS0aE6JSfLVycjH6Iy3+zeyfOneup4oyIu6OLKrJlhmu9A63J7cs51aYDyffFV1xuorIZTMYBqlPowWYCmYFmcfsKCa22lNstDTlNHOnv6YoN/sWs/K7MgE3ia9uDXT7bcyR4jkK0yOR7W+9AmcCw+aInq8z6g16mgQXwx6V+Ty8zeKmzf8ZkRgJylHBHgejWWQPMS8GncB57c9+vqzla21g2PjLtmX+OBYrAQ41BrKaUebjuNPPrCROGbjLDgK9OKoAD1JOClB0MqTJcbJ78rJKf7hsu9ZqB07OerUOCeWRugWHnueEz2ylaCRWwUDVlIYEjZmCC+TWlFI+y6gdRL5AgiW3vBgKCSaGUcrKVpbU+0srW3DWu4rN7Jnd9CTY4TO7SmvI/urN2sp9mFfLltxpY/7JeOBumQakDGcorXj0vN76XYWs10rVEQeK0NYNc/7+1CZsXMQhhd6xwvv2ogPPjkJVz9YVlp7SwiEbNesMYeJEQ60zHZAUSop5hV3wuOeC11oA+z/a3IWPPVyR34XwLHZmTd7FbiFy0csicJVzWCSptG5UW6omZwFMobI5sJR7hZ0wNG/xmnpnHnKv4X1VZOmGE1K3/YFIbXiZN5f/WGCDrq78quGwAAc3vlAxib2i7mx+yJPLeCWtm/I90e4ndJnNwfpw9MnVTarIqO/iP3fm3ke/Oncdx/wfxpWxh1ck34hIPqnI5yBbLj1ubHY44PfqxOmfzp/st2q+3/M+Df1/0Rq649DXFz61/s4NoTM8Rn/qPG16kj1J6nbg/p4poXljnYBtQCK9xrfKWRg726qv/5rj8Df+FeH4O7g/wJQSwcIXjQPOD4aAAANKQAAUEsDBBQACAgIALyhaVYAAAAAAAAAAAAAAABGAAAAcmVzb3VyY2VzL3BhZ2VAYWI0OWViZWFkNmMyNGExYmM5MTAzNjUyMmY1M2NhOGYtMTY3ODM3MzAzNi41NTc3NzYuanBlZ+15aVBTWbd2AAEVUREQmbRllDC1SBhso60QIIzNEMIUVGbCnDAZQFtUJGEOBiQMShgTIAgYICDgAMhgGBOQWWVMmAQBERAu/X3d/dZ77/fV7Vt1f9x6bz9nV5219t7r2Xufes5Ztersvd/7ADhubAA1AHBxAQBc+xdgbwSgB+Dh5v6t7ePAfuM9yMt74ADvYX5+voNHDh85InBYQEDw6InjgkeFjgoIHD95XEhYRFRU9MgxsVMnRU6dEBEV+Y2Ei2c/5gDvIV7eQyKCAoIi/2XsvQQIHeTS5fmBh0sGwC3ExSPEtdcMkN7fJA/X/wHgdxzg5ePn4eY6eGh/2Og4gItnf/OHDx7g5eLj/20OF/f+EfiEToid5RcWPXne0iaV1CsicxVmC3/Up3Mz9PlBWY1rQVZyCpp3Y3IvWLugUype4feZxLn+eZU/mPaHgEJcAG7Ab8fj+XNI6Oz5q5+5T+RW8NwM6v14QNjybsqrlb1hwBGe/blCPEKAK4A9wDXA3/gb/0LgOjkdnFdlCYVftxaVVvHOnMmYG6jZoWQoBg7dJVLisOe+mJeZ7AE+SAbe3Bi52yiXv3JLsPpDAFbpkjMkt5bvjF+t5CdjC7HkEX++TXxqy9Q5f66Hf9havwcclvz1PwRfi/lwKup3W+8Pkr8J/wUJYz4P3c0qxu4rybkBugf4SK0eZauLWLJ6mC32JjIe7bkYXeoe4PD9Ez//Rcm62HabJGyGPLej9mpRWX5V7WHGUGsb1LsqOTN4TW4wiVLoifZLHG7Ncwwo8LHU0DdyxN95P6ljsqK23Gf+fdJ8zlIgxe97dCY9IHnK8c6NwiXHKVO4rDWGdCc5LuPAZUjNxmH/6Ua93+ekqDuiO608dy1GXz5sq959ZTZa04ZSbXpmHaa6qvDr2T9MqbiABZGxzkjs04NOv5sPZUa2ebVREzJe3GK/m2f/YHhcksx95t93EgEP/vtW+Jvsv4nsh7q3fhEwak0fnZIBVFFtv7MQ2DrE/tHwaE2cdOHJPgeqbfjSPPSEd6IS3h077NhDTLnglDQn/ODTRHP9Haj218RzzF8P/jVla7z/h0gDX8hvpoexFW+vFAWrxDNtOZF6KHpBS2Nym9sn1yJ0uoljgZgtwoe4rPxMvjBP8Hp5dbhHWoSI0hGmt2aJ7FN0Skgzrn6tMI0is4bUJGxIILeSjFggsIGDrcMt0URUiBpCLi6qWsBNWUrQxlCtSLeDMqvuQFkj83+hpR8dCfhxUiSMj3UKNyu/9KmN2ltNiB0MohrsAUB9+Ql9jUz/ZQ83dgXvRPRw/fN1n44wji/YKw/NkgZeDmOoYAjCA7eN6VOZY+kzoTs/xXh9fiGaYhlEBM4rlKXGhxZMyqHoQ/5zjLCz3CuvptO+O4aQyx+sC6ALcPhQZZYkSVv3ne00ntY2C5yJy5niiOsbFrnqZqwvvbLXgTQzeydky+EXiTnjtEDnANtbi4EQ4E/Gb2XUMKkYXc1lJ8IVDem8+++s5QfYfrnFpha/zGvWHBYz80obT8wo97FMMKQEJSCupxvYL2uVfghtURXtELj/Vblz/oOxN9AflIS31U9kDlSMPJ+aMvTA5nhlzEQavmRg+xngELO+xUtrqF9MVKN88tEfI4iLukv9eJqoKD24HBo28WEiIO30ZXG1jUtXYhUpZYnzQfnR/Ff14EhiDFXJjSCznjvRaoCbofo6bVkP47xrdVt1Eqex7tWIG+VluVFApsa0tStxOMU4Ud+OcIaoKyqmaeP0Hdat8Sk9Wln4Zrn7a+Pt+XnvhqNQKsGfaPAmp+wIYtjaSrbK7BtJLSI5O0YH/PSNtrjaIfugOniduqGfWRe5v1GnqlsPPYolylAXBuUYJoFdmm2fH7zm++FNyHscK8DIjc4QlVyI3fwCsXeuaEvcA9gSkPU7ugdtdlRGy9Mw2zTpqMahgOiYcVZOtSK4lJIttEoC5VSNDujGDiiaZGV2xYW/su2ckaucAD5eL3++0hhfFmq2PlIQolizylFSqpV488jOxUdUM0RzrRKu2p4K0aj28mQm+ryfmuvHy9yGpjzulF66SNP9MNv3OS6kjOZSEhVcMZ731CQEAjbzy12LdHUv7it+1v7diHjBJ3VkV/AJ749OQ7EV2/P+OdmHncekgoIOMgSar9FniUt9Zf7Xt9AbqWc/oNq6LINp8Iv0pfOvpG3WYT4q+BUNnwQ0yt8GMaQATa8a9lLZNMa/jawfZXuQDcfkfFkiy+k2SjIgybKyThQFVFz/PRY5WVRTBQJnvbnfKLxs51+9BwDXrRvvGiGNRmCqhcgGPwPZLIJwoRkWDhrNPoQvh9Z+vCLi9OMgP2gwEy4ycu8EL1bBv9Djmx0LYl6alW8ywb0huTYYklPIFpQf6sJXRhNpvf2dMjSJSmXh7RrFKXoARDN9RxmC/XFygUYlMJOMertcU07XSQ1q30b4mX4VjyftNDoMjI5TvyR5L3+tB7oIuDTGDHdWIb+pop1Y7Gb2pEZ/5pWSS90RpzVbLskaYd2puc8q01gQhEa3EU1AkyVUShQe9E+TkVGIAlIaDLYiz161xNQipFu3zEIE/Fan9gBwHARVCE2bXh+8pXeFZwD+Sk8aBOsb3nI4V9ZFjKb1NJJyNNvjCdboSkbYVFwDyorddOVeVKPdtsXB8KoztlaGXqWkitZtAX9rleeNyeSLZnL+PmgUhlLKdvqqOKPqpPjJ4bDThagXFhC4X+MwRXlgwsS0oi7D5a6Cvi9uGu6RQZrJVq5ln3zH61kF1yqM4bf2rtEYaLNbnq7kozvFYgcz0297PlDnP4lx8NXl1rI/+6y/MY2AB0slJvTm+xsurTfY7Nyfd+z+KHsp7H4kvevYR72To/OqIJAIjfAIrpP1LW/qEDv3aZciONFPr8o3gSFEKUm7RcpVPjSp4g4+yVeHUAsW1axN/3asICbuWj/9RmR8ypmyEPXVrySSwvchiXmLA7YmYPdL74rpNleNkvxEpWE+U9FJ1rCSlgqMBpKicGsqrrYy7+XJOkl/ydwEz08qx3wf3WoCMWSDvcmoCU4DJi5m63Fx7RHcp3eHk+hOdGPDAZby6QpZ0eLUBlExzCyRVD6d4/wmVzzzNHf+G7pGTOO0tIYt1OFRp3WW1ywHfkGlKU9b+flsn4UpONVu3LqWSmwpZSC1qciSFrXlHfA3b47+uLvth/800fALtDRhQ3fxActSYXr/yFQqgkaAX/9SpuJRvd90Yum73PK45tJDgdfXsWG38WHLEmHX2rhJeYfsKbP4W4uP+s1kCd34fSGj9gCES98IN76Cz6D6BJ5ZoYGvljCXp/MybI+he7+qci+IZHU8i8hJonvNwO6NrkV1/lzPq6hReno2b8lB9/+G9ai9gr4r4afPbaclutuBuw1Hn/9N9D+XKMLqoyNYUE+xqNrqzQUxrba2FFGx1V9UzcXi7pxY/C43Ma6zL5s/NWgnkcz1n2vuN/A5HrotP7YFnXjhPXZU7B8afJACD2/SYIFVLygVUUvJzAprazazDKlQBKQz9PUZF+EF1qV3oQlsoI84VBVkJqhHbLHj9FaUwLojhOrHGtAJE/1EoFsxxahhiELxT9suOJBcTU2ohLQwZebwupoc0/4IuNZ5S5TzA9OamQzO+DF/bcx7zpKYh9nFUmXZvDiDR26pP5lobMgYJ0AQu1SfPkytTqTSx0Tv5W8b4Zec1U/rzOJ/goXVIxhJvkEM01b4q58UIh6zXQiUtpSKRgh6EMzo0A4Aq232sVzxI2yCCu7wWgSJjE6R1fcBeVBKFs3j42kj9yQWIG5Vw1RR5spVpMHKiT7aYkqXr3pCpdpOndNbL5v9ZCcKEwvFTcZwqKtDHGDRXaDXx4zUIF+EWmSKF8w/ovcCI2xbMCgwXOi89a09QEjR5lt+7LoTnPHG/g78AXuw3aU2rY/gWzANvG4UYbkYl+hfgCzMt5lY1IftAQ5lTJ48X2H6/AViPGGXkC5U6FEuTpwihi0zYEIXWabgzLvtfuaFrvMNMlpa2cvoomwhOVzGs60K2T4QpGfQo5iSQQkYJSvkRcPN5LlVHS6f/MWyx+a8Yo7CNA/BkuEb4HM9p0jBolu+PWwZwt5oJCrQZzeDks7MF8XsMvW39gCSGwjXHGFVHW6ivdrBb24+ZFe349Azp75aaLRIyOiy8UjIejbe7be8tFQi7FDsTgSWJIA0e/KVVVDvBuou63Laqky/+qCUHQfIeHHfm69ebOZ8V3198f0HnwFmnVTL/gndykJMmnZTgousCLWT97bi7V8Xipe6oQy9CorwJnkEMin3XSjFgDRLrNOVlsPWy813y840dk9X1Ey++CkkMj6v8ReYLl5DUQ4miMrLmfYR3v/uoUikEIqaPrkCRMrpB/c5ElRC505vTlGCy4zebzS4omFD00SwKD2kEKH4Y94Hj69QPXdz65oyWDQRh7tnqu4DlCnKKIebNbHQw81IWUvLOHKU76pJh7mgf/Amt6TJPFuuXi8sahqfb24cZkTrohix6LNFA705SPJ3+wjBm9cbn6QpeAyEJop9zh6+S8uqMDE8QAgRCayjhF5IDNZYsUCD/RZZaXsAxoV2uAzs+iG720pANlv5Y72TklMZfuKqslyxmYaWLth0D1DRZYYwBAdwi7GKGkqoad1GTf3wXnhRXoNrNBCHlTeENIHQVnCQ5ZAsS6KRaq9WdfSzq3z0snuJn6scbgLcB/N/wFyjZMj571aT3EoW5dgNuw4DUZgA3pZ79+P4zr5ObA4cNDTz8l3tryMVtDUbGl4gIb5tO42NsxjgkpSzQbsS+k9hTY69ynuAj/A++51lR8OSpjtlnD1A9piCx9Ejnp58BDuHoh5/iRIPckJ/UKkPkVNjoz2QwIhEadvO0mAOM3mplyo1TuwBjokBOYU2owFfRgvIBYkxJUm1tiDZ6IvkwgQyyXbrWp6C3ZdMEEIQtUYvcSntHVyspTLCa5k9v4wpAee9Ce2gSxdA3R7p3qFecQuh0xxExy2YqyOv6EWmjXPxzYdK6fH43OInHRgNxLc9gCtLosG4OFtB8R6Vb+zuiuI5qN1WG3uyJCZj1ZbVMat1awQ4K4JXsQR6IdVitjqbWLv4VFfWVydEvFpF1/NAVXeVDSNlWUOISDwRSCQY0NCfZojnvjhn9XZge7MSVLIRl1WCHhbm4mnpdfxWEAGOXAZQsiClomOwAQ5uG5QhUdaAbtCnzRtxeSV9+GkTq+fHgkMinYrJPJk5hQ13aNbyDLE82dSJTaGmsRvNJ6zH/HpgLkCHOsxGo7i0lIBynm2d6hy17/0a9ZYHlVW/BfcdP4r3FcA+m1r3GhgvqNXtb2asVBes6mqrG9PO7AEuxaSwB3eMuqIwV1RHNW4qZ7sPnysXabfwdwhtd2BnNBuxibPnS1E/YaZaYKZ1GjaMQ1+PCgfSqg+54bevrbtfoPTpFPlkbfaB0rVIajvvcVOdBdprUjPslyFfj7vwTyxpXzRwkiUXECUc3dY1LekyhUR+2UIsI0U0fBrl3ptGYGjnMC/x2Dq45+HGUDFD3FYYkBuzinWnWrt34iT2h8hyV9bpNZTx9KRQqQ/aqUrKYXX5GPqhud/kwoh1YM0Dueo31y0xpJp+01aoJIXiiqRLC7vPMSm4eAyQtK295pa//fBgOHLo0qN1sbqTzEr5jBvQ4XLbfB+FqW7MHCQU4bh1xP3h3a35qFfKyBJytkxfHa+bKYoE7O3vn8E1bR9eSlpq63qzA0bkvRjiSIcX4CUkHnvYn66izPnxk0p9H14/yerWXslAotxYc++CPFuul63roOKCHa8LPHaYdo1e2qapCh5ZwK40UkhalJXk/DZc7LSNjctMcWMzbG7c0TAxcGEwdtFyfE6OblQcX+CnZ2sIrIpHynguepZmezc9nQkPu2syc6r8aX3faFk/QklpxCi5W3KA33Au0Jo+VLgWSgnVvaKo2zgGDYjZPBUqkVvd+ybIrbfXqXjecilOEZxsWfnEeHmUUsr6JjOF9CG6aJjecgmhlo2+p3aawecqx7wmyfYD6djIRcMVsphUxfSTdbnbjdfZEz3Wzpvw1xuOkGG6GpPWVd1jEpSWhg+97NncVsvqI6aIwjKAHmR6W4NARvJHsV85o56xaukSyu9su41jTstHnXFK7s50zbFx2kKYt7ZmmxCp3rXFjXsAwTg0fltETCSRWOEzmx/Mgln4nmD2tfOZWLTm62onYDgGpBKUv/3MdGuqf4pT7y0k+9nn3Pszz7VmHseMDsujzruHmGj4rPn01W8Fb01M3rn60fo1VSqv+fkGdP4TjuKFBEoCO1qwFa/bnshmTYWVcN6xJhYgzvGEoMFE/gCx5uLyEnLNajP2QGBjDJIoX2CUGyEph9afwujuP3iapUNZe/0qs6L8BddoQFfxWua2B56Cr8STClyDUbqe0SlZnsXkJoQCkmkzJjO1b1pnDZgaJObyqT+H23GW1uCHkcMStg19nUfe9Y2pMoupMH3/hXRM4XT3083qycgrYfXtSNKLHpbT5EBSPi6XmkJp0ccoW2IcKBlFVZrzGqHOh2dqPrxAIKOuadQc19KPLC8ll35iMRcfUCrNv4In+p9UCGmY1ng0hV4WUHzu7LveiRDui5lH1TaUJVg6E86t+dzpDCn0WWyjiW1xUkMwEwb12RvmCBN1ZcvVOuqTa5OZrbNFzg7obvDlaoRuwNw5x9dLUv6yTcNA5Mi1eZVn/UwWDCopE9z3tlVLy2PRuE67vCTdfL0d1dn5ktHlLHou6NooecLMLBw/W7Cc4Tw3ZrAV/KCC8ynPxl60Y6MwoB0UYNpdav2yALYs4qSePAqrZAS7vwaGczjnvtvk+ikT2TcinOM4HIhpv2pH5hdTtnCDxMDNnslWLfHaHLUv13YvQmJUQUcQAUa10z5hy87Kg+1Xau5cXQlsrRaASYsi3GdwxDRalp9mX9dAtYdbHLkkZ2OqmL4WYF6V5LQHiBH3KEqUDFm9ePBTbkERVlIgu+Vd7HtkAQSdtTBV6OpiyoLVs2Bo7Rfyn9HWcWS/du80SXe/I1YtJtelvvTbWCkPMw0NNrNiNwofwR7MlWLyLnSaf7eRQ/SbdDtd6QAFS9F+JjyKDyYcV9UL0R8g6XZMdYcazVDWZQqj5HR1TF9bWlUWbCa+bzv91QB/kRxLJMZSzbOHZIklzETIRu67kisxb50U6w1Bnwz1LFVfU3IK1mEWwWgYaG6BPeB8VqhEJXOYCVeA0tEodsAmj4jL4XU61N4jutLED5bbk38CKhJo1qIuTqQojydi4eZmEEMZD2KImmcn+sVF6tcmhaYn730eUfzmb9fI+2mA+3+mqbBOnK97Qr4wlgqToq/JzPZYO4Z7vRZT8m9LpxgpLbJUC6Js+isqjNcfpKo9YDUIlZt+6VRJH3rROR7OE9J9TKNXmpXc3MEh5mesKI+W4bFri4YK3mRLp0G173O4zCpZRLh40/hsoxMFuRg4riaKhVmAj9BsKn+hWBmaJ7r1NlBDN9eVpYhOuITrbIYv0y0FnVlVsZhSPEPRpZr2WqIhenNYnxgKEXcOOWtMdnG1o4m7sVFImYa22FgWjIEya67QTUn7AYD756JCSv3krvzIFrTpRdB+UfFnhfIM9AP3X6tKjlSf2DGpX0ttCu+vk+LuoDxpvr04sVTSFPrwBrMBaS/24en+DaTukHw9+p7VevG+w7t5bt9PMBl4+r+r69vrlYBPiKb8zO230nCrdfLbZeOSHcPliV1OzVekneTPf7UMBDI2k/YABYjt5z9xvV2kW+0BhDQrO6YSCDpIo7NwNYfx4TQ6w5xmQPW8oRLfqlPnrJqFqw5PC4MiCgs1k2xrrcSdy7q3YbAyfWea/sbjOjXR87LnzkKfra12PGIuRVZem1ErqhYNxo2mCBVXgkW13UoR3y9i3v8wU/r2VMwkmCH+M0cuuhusH7hyDF275maeBEJbioEiVpEhat45U1jL15fPJYr11rXOwKqJhhinoAZGZOwgxQti4ZE2g8vAtPcucp5W67KqRCcqQkSScvt/3vRMEJfzhSSajs/Qk+wlGyQSmMXvCCEgofYGaHo8NKTGeSlRn5zee+ejaqDVvJ+rTgJy/XbWcN26tqZTqrECAX62GnfqQ4K4sKSkcG6pacqVqahkVObbg5vZfjQfPS8k+Fl9HNlNQ1dqp8gmwoHcu5NWaLKYckVl1vozIYxMZxinPYjhY8qZleQcsqRa2GtOMVEzlLHO3oHY4F/tW5WkdqWCbpGe3Zzt9l+bJ0TxFKXEI1tf+AbNRwRPEz17MuuMOxpFl4PfFbv++IXi7gO7ERnUScoVAl5AYegkTxHvpj3AhR3P/oEcRRutEGzcTw6lvjgmMwEGsYGw21FmE/jT923FTti68I8BvdnKQC8SToIftPZohX76m2JKakCEdA8TuWsvQ52eYGMrCN2C409zY0a3E9TzqqHA5xS6mK053Nu0ThjcvgdonUI8A+pKbnrS5RLNTWIU5G1sqPZWNnbhLfcUm1hzu6ipcULnzrT3sYM1W3UUh/CFS9YcyZP+KXigHrkCSB9J1dx17f2tdFNC79QJFJPHy+HWzYsBvlQGdh5M90bteuPdmvAhp6dgaofLy+puCoAQ7Rq1FlARwqGWuQ4IUjnVoup2RNxTAZ02wF/878N/5sWu7B6Abbu7aP4yaBtXAF8RhqmYQ8XNYvKi3ZGzuUtkNJHFgSE9LGmA43+N08ol60xAC/OzRoV8DCljxw+E0IyT6rny3RQVfGftF3W+QRis876ULXbBwsRjmasOcFPLL/TbQ9xu2ZMbQ7SRmdPKW9VRMQsi/+9urvt/Ovc8BgMeh5dzhjYkn/EJ/+kIZiIab35qKvF87//ylNmfzp9sN+v/Pyv+Tf2/kdrmwzAHl/H5Ho4FJrN9Jz6of64+VvNR4taQAZ5habWrVUgthOC9J3aL6Jg7W2qv/tor8Df+1cG/N/RvUEsHCAG7NohFGgAAAykAAFBLAwQUAAgICAC8oWlWAAAAAAAAAAAAAAAARgAAAHJlc291cmNlcy9wYWdlQGFiNDllYmVhZDZjMjRhMWJjOTEwMzY1MjJmNTNjYThmLTE2NzgzNzMwMzYuNTkzODE1LmpwZWfteXlQk1mXd1BRBKGbHVlcWDVszRIRJNoqewwYSIgQllb2IKBJEASVtlWECFGCgIkYmgCBJCyyE8LSKluIgEDCjuyGRRCUsIkwvFP99vvNN99X01Mzf0y907/nqXrOufee37n31nnq3FN3u297FPC9g429DUBEBAAQ2XkA24OA84Ddu3b97d3Bnp1XVExUdM8eUfF9+/aKHRA/cEBCXEJCUkrme0kpaSkJie8VvpeWlZOXlz/wnaKSgpySjJy83N9IRHbv2OwR3S8qul9OUkJS7j+N7d8A0mIi5ruP7BZRB+ySFtktLbLdAFDbmeRukX8F4HfsEd27b/cuEbH9O9123wNEdu9MXlxsj6jI3n1/GyOya2cJe6VlFI/uk5VXMILBk6mdcupnEa7Ip10nL98oE9MwPnfdWVPb9G5sponLFWxS8SviDtNBkX/r5e9MO11AaRHALsDflrf7jy7po0ZnF3fJZBbvvny9c2yPLOxu0qul7QHAgd07Y6V3SwPOALYB5wB/4S/8E0FEYQqXVQqzR3q7yKvpBT3/QJruqdxkkHSu9d8lMx7FH/viWADZBoyqXLu8Mni3TjN76aZkxWhY/HFLL+vMqr2HQ6pUxh2cFJ8Mhu5dIyY3Th4LFXn4d/nE7wbiKj//O+NzsaNKt3+Xz/+d5C/Cf0LC2MX+u+l58TuR5FVrvw0YK6wYmjGUg/Hf8RrdIOr+nMwo88JtgPh9mR//ZMhece2AJK6Fl10q7DxRyA8p5UQ42LvAMW9LNaHIykwclUELwIYQBpqyUGE5wTBjKzsUMaZv4iRkyeBTl+O3CcdpmERSyLdfnrPCnkyiYn6iLaAmLyA1XKKoMcnLvyiqD34VNcOMHG2p2HoFHapsSStgTdFNtgE6Cz+d//twc4WRvuPs1HXZH79n/S5KWVeuiIdO1Vm922Pwu3j+dy9JpiL/3iGiReS7/7sRCjj33+fhL7L/LjJPn4paRi9qxoN/IUVBYbJ+5aTP1eVnGg9RjYRuiSB9pK5lRHh2vGmzHMe4YV5/GmpHKrRd3v96KWzcsz77+ddmOfSPe/5cZB+8qrWWFjGjc2cpF3fSS2YTwl5Oro/srlawwVBiJYQ9k+XzE10UeKxFBHAmGEed5RZgZ4AvoWBomsI4xEQ7j176+gmv2yJCdy2NU5QQr8rmS7vj4z/y02C0opfdvfAoGxZ91rirpLslH5tMx8xoouafrlS5WtxgaKS5pAt006fmEJ6z2YfbezxOhdS8SYANqcCv6KansR+ps20GXDU8m1gqm70ORDOHrzB2LSmZ1qB4RwK90M0vOj5CfymkJnbAcXnrI6bFs3Ant3WggBh2w5s0uLhwMOv1oqu1dVMgM59c4Wg0kJaQ1CrwY2eBhu5LNO9LRQlDemh1ijz99lSgfV8RPDRuSGCESnXo1Uhnkg2ik/P8pA+9SPgQ0MsW9R1TlHWxvUWo9ZhFR0fxX92sdROUv5LLm9dVjWPNQqcnu2sx8M2WGwRZowtpqJyK2Ewj8Pn8rqFjniAqKsrCv7bABnSI3gQKv+N5MKBmoPTuoFwZ8piB7FCRYdHd49n0qp7T9m4yp1zcm0O7k5PUyNo3qQGkpcO7T+g4mQr5ZpCyL52cs3rlwsKkjgcLwWUCtqMDD+461VWrNRJz73bdpcg1X3bf4tYRCqPiVEETUUxNVNKTgVauyiHCH/U8jDmorEtmFWNnnNDHaaMCpfFTqVqp/eG/1FU8WGZe5KZACcFoa6C59BX4ncBJuEcnDCtEWnLxXmL50NjatP26n4oKaMvm2tWI6iAVqagyo4ggqB2hzexDHGvh3A2l0ZV7B4Z8q7T8mma8pmvVys0sch3XxjvAkh0Y7UA8u9QjGaT/5mS3xmtFMaV7kr1XdBG1R4kCU3hYicZEm7xfVLP6qW/uCManxcmjLoulmDq3uQVe+MpXvzpxlWjXqL70lRIGzrY1rieqA3vpg8alFwaYMAv9CVGU4TMi9xbDp6euu2nDuLzfrDc0hUcZ4eZl00aDpWCX4/PhnbzuLo5HpTZUrrU/M8PZvMgnOcvRLn5d28ZHL6Jqlie4lwF5rd9TwccXCLuaowh39flyQlDFw86lxNQsB+obHaF6YFuhU9jaiVtyr7D+6s2fCqqjcMejcdcbGzRMDaXFBZRgtkM5K2amY+DCw7tcDXPrLr7HrKCqeU+4Cx+RXwJp4BSC2jgsWIQvSdurI+jX0jEgRO3zJ2wOOecwLqkU7lLneTE7jhdaUanfmtdD/bRylEmgvH/LW8FKyaw51V6uHtxcmePrrh+la4TAK0gMYbkSAQN3JJ3Q8ujF4LQdarUn7m/Crr3xUO31CvFwCT1gp6BJqiY9n/JByFuUYJIMb0n0hXV79kQ9zzZNC7BwaBVH99o66eF56JZ8p4WhDOJUrVyX92KBguabxyU91UhnsIatOcEqahrrMbweXm4y5G/86PN6MAobxW4H59a//0iP08dvqAQbtDEny9uwyFzZ3ASu49Wt/C/gj5HdcouJ6lqp1bGvW1EIeRwXrM7T64bblAQ6eVZfiosjLTMYQpWZxQei1rNjuAiVGRBPv5Kb/M3ruHwrSRuV1us5dWDzOzdv0QM4PhISPBNIrbRAi/ee28BHdmsbI6DtXNAI0UDIgdA2tyRX1n3mLY+Ov73tZq9GLcE3q3zUZ10o6do4lz1jmsQqaOPMMkpzsEMZz8qvZcQHHr/WtrIElves+IrOK0Ld1jdumvXD7yFJl+imeJL9H5FxhRPZqB/kKW0eA2QlNShtiIs66lOf2qI8hVHX8Qr1XKfI1ai6zQS9nBTr941947jh7mq3jLEws0liHWb3CF0+yxaEnbmfsPRe+rPg5JkHB1DY/DIez7nHFeYxjv3w+IkOLfbeyfQV83KpthIzUxtGodsH/P18nYTip8uXlGdwrHfwrnHvydOpyvoSjlN3Pxtb3Snn1XPf4+Oer/oGF1hKu+kJn34xpk7BRNXBZfBwRBFRHAx1LVJonOYw8kgCosF462OA+3RIVWgsKCPuJbgE9mGz1zSxk5bDjWEIZw1UZq9QR411H/0APD2FmTp+GAXPj2pIcKU6LsM95yhofH3qzWip+/5XI8WTpSZblb8+xXHctNAu+o7XszLoHm9LthKGCrsz7ME/rEB9bjqOVwcrlILy3rMYRXLs+sXVqVy67M0U1M//YZ5RNVTY0hrcsK+vuT4spfgoRmb+m+bI+5MvQUd2/blEdaDiH8lJ1XD/Ha3hDfuRmqBhiSPi+AQtfybFXlDhAjUlIE/b78Qxdwv+5QPi3tDyba6dwSv7t8x9rOmvqQS/S+AO26EyiZfOWOCrhajTU1kk1++wnav6uz7Kpbe+jKY8ZgX+bvYjW1THOP+QIGvB3Tzlp1XwYcy7v4j+xxIFzUMeXF0GHaBQ+iEH3noMaqhbwb05P5af9NLfhFQuJ8dETlT/HyH403/9fGTtOb7JhS+XvaVRqktynRuhTrnO5XnkdIYAJC1rOuOV4lgiqm2WTc/30yzjm4KkguV9mDZNBUjwR5tPN4TtZjGOgXQila6+6s+gV6MWnsqcG6g+wVFUvPiIajfZTTeBznv0NVpzouSNR8gBzEhw1fCcD7PKk2Q6+zKfQNBXhhEvzOtx++KBIPmIDVaR/ezo2GJurHluvaB/dCmyJnKCYjePeD8fcQJc3AwyOei95yNpwScH78pUt2lal+/wWDU7NlyzzJ6AIAiQMBq85Jhu5wI+p90qUTqfT2YUlVsYG/eGHggulid2oKuQLo2idJUGiENvha35y7oTLezPM1i1TJgLH46Aew7oElQYbG5AHoOyh54V6w9tLMaxPltnIlifrDpAIx9Bja9GrRqhgm89GROqh3T4173NJP2+eSnmemvhx1EOiJK0p/TbR+dtKwzMq1MY5CSXmHJp5KZ2QMKlpkbjrqWIKLMNVw8bErnGP5gYNFIPglvNIX5YCd2nVW5Bely4HNc3EFHbTsFZEYH+b2YbHtvxFc97kqkMf3o9JptM2O9p+lSsPHDN7azt2YsNlMjnT6UQtqDi2oI7UemkM5ZpWiO1irkDG4FkQcZYk2VMIUXlK0x2bjOsP5wQeaFsVDzIt0pjKqkwJ/HJWc1bPsOWXLnAOAHNnq7Yc8P+X3NSdT4UnZkayCg05XWfe5JfzDVxn14TMNXbTIYLWgrC3Gl2fsUP934Zj16uFJvzuVuEcp7GyiO/Ecv5BtuADeuuFw6uE4TvZo0CxJ/5Fydx1KipFHsDgisN/9BogK78iIKensQRtT8mF1k+Jn89k9o0Qlic5382JqyfhX+wa0lPgoNaCdEp+VDut1Z8fE8eS4bW0IOPvrBqHwovHvw1eoJI7yrX8BkQJrYhA1IDl12neki49NeP7z4f1pJMMXd8X+4qjgYCJX+ozc/DU/xrPU9sAxAdwdJ5idY2BjnCUo7h8ZMgVveoWIhhUTZxXnJ4NdUhyfz4sHqvBV3DVUDJQNncZOQK/T6CHtzZuHOJ9Nxt4KT36wj03h5Mo76qDIIHez1L72s3f8dtBL8VVla6orYBph1aHvGIW1qX17KZudlFsfPXcjAVkNt78omZpi19k0KTrWZzULiqsEbM25WyUliNAqtvA6De1l4UgpAgxgBqpqgpbPLb7D34tr6P4egNlm/121OvElIlalMLyhOIurdW7RHVii5dDN8k9sZAPLGoLJm2uh7sJpypUVSQktFTeih+SvqNpxoos5TrOItP05BWU22PjxDMYyOikaYrhVYPmteCZO66fguzKtoGPPC2D/hSG3Ko8NtWJXMrAkd6dtLoRboy4jI642wVuoBMM4M2FRcGM4YvjribgZZahlEUPiKYTLjwuaUFsmnpwWSQXK7Xd2BSaakWyoWnxy7xCGKzNPIJWjxqRjyB5NN+lY8Dcbs+FOBLbb0rxtmg8QmXs+dx2cwCGlKTt/i2F0z2zOmnGhYPptEjjk8hEq/KwedgsKjMWFWal7FDLDXm+DQnQvBtZyeEQCruGUWqSuXGvob0TC2fOY1cQqFyAAeF1E3vF1xlpjvbFVvRM/OqVeZ2gg+54QB9jBy+fuOH6maLzt/Kn5b2H8lPVJNzNg5koBHK/I5H5MCstiisLVDHBmNaEo5bK246RI516PGaVrOXM8wj+uaFpto063oJPVY1PPB45jt6kvY92QEDQpEDJEXf4R24k7+EoWZLhUaRhVv8C2mmXgkEp5hRm21A+L3v7Z3CK88i4ujombmBNV/cNb3CRPfpSiob4tPFmiKzXT/NeJZGWti/NNB+k8zPQkWljgqcZM2aBtJaJodqgbyYzc/KtrneSxrmwunNymuc+4XhaYHUGhctMCtoUCuYFiCtQQtObypumZ9LlkcYT3NcTHWGTkJf9/RpESHzEvyn7Uy78ReF2Am7Ho+BOPaXK7rJBk9H3mGf54r0Dp2NOxxTNTRz8BqBlhoYFJLM67SZxJMDVQlknRNWiIkUTpqNO9L0ffTFRUm3oFSCbniriu9++2l+snMHYqtvxPaWu+bdz7WP4dGdHN20BJvigjbM2+vB3Bpwu5p55ePSEOjr93LEQcnb1rP4EajJQc1QBj2RMYmDpmU5M4BG04xHH0c6ickLqkfHmL6fXXhe0yjnllS/uzroWvek/OfJ4LlM+f7wsGmj1EP75gpW9xQwCmm4Rw7T8klGrXFMWycnMnAb8FG3+gxb49R3i8IbhC8BeeHjqXaB6Msk36h2ZmbZIXxxidotFNJypMmPzklGZhk1ZsjfqeSNtep3htwyuBycQpBgL/DKTE1KdJo2GHEDzKZzyepAjRQY7BGZ+lUamXUz5JD5m1IvjXLb6F+JU+pU45RySTdVRrtRXnxGOaUknLZ1jzT2XtTw2ZW6Xz5BMJVQXHZuiPp5y7BLaoczXzkK/J93DtD7JjfTP3wN16pTGb3ch44dtJVsTLa1xmQV2Fbrpa+ctWm9rVuPYZQiJx8l0QuD4jhGU/E91ZXYK2x9kDeVG55FyAlw99L6Un64KdsD05waw0vaWI/JjTkLjR7zlugPUURPsp17LQbP6je5u9v3rWfIqk8gHdBWCFdfOpkmUF828D9/32s38zrlSLVHYJERCgxUikxZvo05fzqEcBOGnQk/paIcboBm0capXzdP6LdDPl70cLZANxZRkroRCPBLiAtE86D+GeUnk+9Bc3RlfAGHFfA8TRlabY21nmLS3ryOlSW/GyRfUcEGprQ0pvD1OEWdRQ6fZrrnYhK/7XvgJF6FeSzT3a9ThAfu/JV5V5m6CtrNEuq3CNik90VME2RMsXyUMaLZ66RajbcMta6QNsKV0ZR+vXGQEZiaov7g49WkNtmk6amdfedboyu1P3Gdm+oW912vt8jqCpsnOzAcWh3wKYmdLVMUcZvrFCrtG47EhLngHhF3REesm5GyxX2luk5PHya70+M4MzDIfRWiZ2ICwVU6U1kIaXaJ5+zztNP3xgcTF7+9/6TFwH85j8A+dj9NBMZW2zDlpacLrGfQDH/K2+58Tn+kLnnkl6VwulCsdejHfunPdSW00kdIlwoFBufU0GqM450GK47xMPlb35oepfNmaa8+zslBpaB1fKUCZB0Fz+os2Abo95CKKtV53nMMKH/utvJCRL95uF5NgW3rbPVtCUKYCuXFzaAOy+WNftxU/a+ZYRJV16sI24BAOjNEIr/kjZMLAqF5Nb4bclipr/95OXD6fV2h56leLa6h4W4z80h4ZqMEJvc2CDQOoaTV+UVnhavMdCk0M/GJMF+k7gCpXpNfa3K62GlXCrIGdq3u/HVXLqgzTYw+wczLEjo/KCsMzrk7H2XIpMubXKgEhrWZZDsuB7s9PP9Yqc9/PJLdJrE2o6BUxjMKr1WfSCkYqY0s8tbcGv62r/GNcp8+HIcITyMD0e4918u6Iafc+0lEA1ph9CCRKuistWgHY7eU/MiUkyG9LdMa+NhUiuZVgwhFY43LjBT5dmwpkZQYb4Jw/YRAvH2/mPaqzdEgp1KLdikkpcwIIq9/C9sBhdkVBcPUVMYxGgNkmKsitXg2oUP/lPBiUgTUEHxtG3CM/w7D3+XqbNQF/7Fcki/rHifQTQb3a5CZPDxp+cnkmMl+a4fWtPFTPkeih5XtZmnqaLQ6yyLCl4AucjZXHHhonL+lonaNMq/aG68maVUpzohK4yPAnW3w3qzSXLfI+zb5JWHBMA+S9lQbN6d+9AAsTrdnSsuPLM7RL3d9eO6JvSbslZlcjf9OFR5loeVpDpJXjScH8VgZ+u2Ls+z3m+StmMuFzvTKgo2hlLKWVeguXincrmn2TnbHDSgcI3j3KOMsNGQsS8wjh63uRT+SWwmvSBG6ODY16vYoXKhWdF22qTXp0Cvx9v9ieHNUstfSkmsV4XpeVpeBJgY0FGEqHHS6y1VJtBxrrAd7lQoMfZsYPuq/DYimrGPozPI3kVWuWgjLZWO+M+cc3V7NwjzZZoU1OMHLxwRhgKCYXFApjGjdHtreXGGTRc77wDKxtm6T/46qVajMQB/LZL4A5sQnXuH5Jedw8vCr6uoaCCSIYybT8MHm0s+7jv3bkuJaDWotLWxGe2upGfeP+mT8N97PYn+uJjHu+8fFwjUJICNG+mtlTHXhtwG1e85Cuq/3LzufPF4t+uwdcUlIT9aOojj6644OMnS/+7+rSSDRWB9/Y4sY9kk13BPSk3u4Fli0dLg+5itjZJj+UwjgTxaBSkyz8TNbKREL7z7uO1wxBdm06uLqEk/Ax+hHHniwgqPR7gKQBV+Z9eLnEhOl8ZnICgywf9xtWOsG+VkX2H3Mzi+q8sw8wrVcOoovO3BlugrekPDrA+033VygiwvrM0fiWTWlD9Gli7GyobYsw4eJxRHLM3M/3SOXql5RSVg19dudR5SwFEq/aQC3T3QmWVjy26w8+J84dB6LFk3UshVbo570tplTIbkOBKnNXG9aBX3W8KJnyoPJKDLQb07HtpLxS5/A9S3yTiPP+fRD6O4xiqlvUrGCuUk0+QPYN3QZbeacZYzg8Wy1hdpeRlo9w9HV5jI0b+ttwP3yV5CdE/U4iMnfwKLneEOdGOgxMsIjduCYzy+mvheuXnWMLTa22gYkrZxtDVPVGA+v4BdIZuatvF4wyHnSMon9/AI2j861/exOMqyw2ix94fQa8Z4mAAHdFZRULiadKIzUsmGBfbuTYVwyM8LQ1v1ol0iAUjZ27XrjB/yrhxlgdnchYlmKYmPEVF4qbi6Y704NyjgXOqMLXEPWdhtnJrxpp6cUIO4uNRvg71vltXFmP8Snw2jbgM2OpQwn98gXF/t7tPXm0cUlui7OIIQ8TDFXi2N2xy5K+pKHvVvcYRw9NzufTsUfC1Tt7XJpmoyepNhAaz9GnIcx133x7LQYmnYT0tIs6pdYFeyCaR2hX5PRxZj0dDP3zDGevrCqsw1QSbrxW95k2BhlkmhubqD0LAXmzPKzh12eUDhA2TlhZ61zk6OQhl9Ssi3VR2Zn6UETL5ec8q66VdvY0aVoDQxB6IXu9cdWUO5mTsfnaQNqblStp5NseW0J+4RO/spUDnedZk/csudFJ8GrgHUVM/f1+BGarWNgTWe4jmLWcfm8QujptvUFg5/1Jo4Ajvy5cFa982Xt8TYgB/W1/JRI8wIwxbsBCi821/Q7oUzYn8KkPKzOaQ9G0hF0kg0P8OeuSEXs8ddu1yu6/NbakKqMD1gq4+O69LA/bgOERpzObUDnjzUqngikwffX3XWKwfrPa/ZOi9zvLx/8cEh3o+L2Pf/esGeRRbP9KyovYf/v5r2yfyiSzz3rLo/XMwP6Qn9Tgv6hnAi5sf4Qv1WQcZkNuPyH8tMfbLEf/z8e/6L+30jtci+YAQx4LaULX8nNKY35uf513+mR+0ECP2UIyBqyNkCuJinY58ZsUKZmtgHT7D+ZKP7CPzsOb/f/C1BLBwgbIoYnHhoAAAIpAABQSwMEFAAICAgAvKFpVgAAAAAAAAAAAAAAAEYAAAByZXNvdXJjZXMvcGFnZUBhYjQ5ZWJlYWQ2YzI0YTFiYzkxMDM2NTIyZjUzY2E4Zi0xNjc4MzczMDM2LjYyNDIyMS5qcGVn7Xp3VJNZt3ewKzZKQCBYAlhCG0pEULBAKAnFACGQBBh6J5hQNIgMFpQgcRKaBMGhJKSQICVgQGAsqDSpAWnSqxRRkKbwMd+amXe9937funPvun/c9d75PWetZ+9zzv6dc56117P3ftaz8X5jAHAQbmphChATAwDENi/ARg/AGLB1y5bf2ia2bbbtu7Zv37Zt+56dO3fs2rtn717xPeLi+/ZLHty3X2K/uPhBmYMSUtJAIHDvAdlDMtKHJKWB0r+RiG3dtNm2fff27bul94nvk/5PY+NXgMQuMf2tR7eKgQFbJMS2SohtvAIobm5yq9j/BeB3bNu+Y+fWLWK7dm8Omx8EiG3d3PyeXdu2i+3Y+dscsS2bR9ghISl7bKcUUEYLaZ+Y3SINvohyQCe1nnELL9mlpH3piq3ycd2Y2CwdO3citfA5bZNJTuyfV/mDaXMIIiEG2AL47Xhb/xySOKZ18dMWyazCrW5XWga3SSFjqM/nN7oBe7duzpXYKgE4D9gAXAL8jb/xLwQxmdHQnGKkBdrVDqio5pc+ljbRUfaNk3YipCuGzomPO/nFmofYAAwohLh97YmpUs6dv7avdAAfd+qcCyzr6Y4jQU8VhuA2sj/3BO9YpiXWjJwMFrv7h3z6d4M9Cj/9O+NLsQOHon6Xjf8g+ZvwX5Aw9lNXzCNW3KYnuVRabAAG+aW9k5rSSFFze40TAuxdm0XS528A9tyWvPAXXdbdoQmRsBxW4shvOc0XBRXXRsAt7OwJDcXKVuiyrNBsDtOHGETpfp2DxTMCkNom5lha9PvhM4h5jblW6+/D1hNIcWrQ95vpQvzPI9joH5mz2BFLtJId1N7kW1PrLlw8flq6r/76XXDP2nY9Qj/YpXQ8Jbfp22NhzIF/a2YFuPSHqC/T//5URcqK1IWDwt/F/bCyr3uCR6tMmrdp/C4a/85A1UIf3Wb0bzt1xf7dxv7rK/xN9t9EdjGM0v2V64xnEFHa9o5Y2gbg/WBCceuPFEW8zFlL9VwBLn++r4Om3AayU66XKinLgoK9hUeaT4jXVMeFr9PwcyAkG3Dwr7m215PUIef+3Iy11xnNg1f/4bFOcnWkQ5qdCHJnGQXuZ3tygMRPKYNr5Jd3QvtXgFe1/IOeNkl10a5N8UKUgfYftblP75o/6JTUJ2HomBEbb4Z1DsLVLa+ANbzYaINMSU7JhHk8ykCkWoD7g/IELwp/rTEhTBEfCYX1HZxKyMVvM14vS3saztQoPheYgoW1kU+LVEuCGO7Q3gBqdWMoWym0QKBQ0ZVmEHgxYqCUP2OI+Zyxmn4Ac7J30Qz+IOML4jDDZPExjX/t+JLXSkb1/kH6Oc3tnvY4b3J5LddzWJF9tRbED8eW6zi/vfAs5JpXtUOff8Bg1KXeSffcDPKi6UTCOyJQ6Mkj6NcJs8eFBrFIicn377yjIp84WEtcgepGvP0oesfMK+PhZNNFmZE4CTiltfBtfGbuB4rV2U4Vm4a7voM60rVh5VhffympdoNG9Rd32jAqZTnMgO52D+TUIw80erQlJbKRe0axEAEj3Bw0rPu8uixJh6cneIwkU5UE0PzwGX19ia5sH/rxa48lPum4h36xcbYLrbAxBCVJ1rtiJkHLLmMV1pElIzwYLNhZtdV5aVmvZ/Tug1hE5YMDQ7unuB7lvX5HY5ovi7qZWVyyk4p5pW/EPDVbyE2XNUr6mk0P3n+FoiR0dwpKdVT96OsKF+wV2r8fK821zaHKqJiNUWCwRqDseRSx4SljgPzqfUBXCK1qdbUbb0wLYGCZ1CfjXGPZ8KT2e9NtN3zjM0dOuFEO+P7Q+Bpx0wEXnDwb39JjR+SEzlHUvjT3LoG973EroLU6tr06CdrnjoXE3PuhLxwswLbKaRBhpmtgo3MtDuh8glK1iIHZfBfvvwQ8L66nOppZNWPmii/FDmSVCXx4cU0BkDyT66wEn/wlKMUdGtc6fvxL9ocfUEUrcWpldUzDgJlz+BxV58So8Elni5lv5WR48I4nozKH6DVWilaGasn1BM8WSx5dblGJ/lXfQHfk3mOap7f2m0gKz/qq/sIzcF9AkCOn31ktgjUh2Ye0scP6Rh051OWvy1HTjrY9fr975OsG4JbPc0vZ0+5qN1Z78vIupZaZgXCXdC7NH+RfG6so4WJT1x99z317FVSkk+SsjnrHj7wfYoYyRGHqlZ9Z0odxvenJsuEWNK/pr3RxI8ncwn6NJQMnDnLJQgEKOzsq2mOeYPoxgNDLSfDX2AC4yz+dnJlutPH5YVDz9lqHAq+6KbjStpomTzstQvjRC7DIe+MqJpOJ7qjGiBOXPLmtwWdsamT3Qp83ho2Jak4PvIpxt0hnp1U5QJF23BOnJJd+rYz9Du3zYZcbW4QTc/N/YfJCQz+/5Znmk1+tz9SuaGBbrFQ2A2GLu+WZNfUARphSqy7x4YgZ/y60sT8Va2f42uNktWaKoEyP+2y4O/L7bN3Dm+8LskqLprurELhOKOmKwdWGkrGmqSadD28StGx2tYKdAliBagwBEm1Z3Kp+qRFqEnD89mIP4969uMdwTgGy6vGuy/YufFmzK1WJzpd6rgvPi4aoODbNSxgV9uFy06+LyZ8uv7FChZZWpZBVicxfeKGarLwEbQ8V+97pYucV8BwuqRzfNNCPTzFqe3FY7Y0oidqtejL/StWLnqR6dc1ciHWihQK9tzeTwzVAG9auxKN3L6fcTN3bj5dqQfXgSznkxbLWNrVgpuMvFlQFsBDVxfQV5sFnDWDFYk7TokZ2Vkx7d1CDoEjm7EpgDB8NBoeNjfanDSKe12SmpO+/kJBiHqg7x2B4PjBTygn1U6CuVeJR548ZdHxZNm9SHDyiQby1fLmmzKDeygqm7uUFfHfCyHdlC8nXVyeuySP98nSPEtHEnzOa6cuCv7haL2cDi+GnIjK2W2morBtPumU3l8w6HlFSNvvojPhWOcGKqw43LW97DqQ1OdnoQDRQB22VemBmKMzK0Zx2kf98oMt9Oicu8xp4Vo31aTs/tid2wsNpOX5rj8phfCPRvE/eH1e2WuCSPVjFhGhsBT8t3pIzi9awpS4K4G/yzWv8ledgsA/CMRZ3xSf1yYSp95uf2D/MWmYVCM0sk2kODO32cXn91eSGes2JxroZ/YXEtgOeHXpJs6rMwgAdTMJHOmceUbEBOHADQ6LqpaGe/seJ/4t5/JBzdW762hvFzVhTNq/R32r1fTh+qy3g6F8LVvVumq8qqi3OLiWczXrx6R+BqwjAYr1w8BeOZEZ66baZjxJHaLrER9WjNkZejoZNZr0lN6elH9U9icx8IPQdQ93qXYiqv1Cx/YR2/uHxnFmMfvKPS4ZHCM0azy0auDuFE2splN/NxJ/YEiHPZ0lGozlpDgeILUvqW/4m+h9LlNn+1KHJ+HLt5EzSk4aaxiJtZRjsW5K43Z2h/lcV0RZ6S5RNr/nTBWV25AL+Wv4vlvLCNS7iBi1iTj7C+M7gP1zQE/VBs0Fgg7Cs8/vIhYSp2bevhqli4th1fCJSQsc6edL+41FbDxKc/toWYWVnfHms0MGgJNBfRPzwKngJjxuOWBgjp0EgNM1wf046o2ryorI6NyeQeiVsV7kyxcogUfeDqPG+PS41y059hUkqu9WT8KHUoOJOV6I1d8/biaEWhpzyu9aGynu0HCQ6mktfyOTvP7Lnqgc9cj0q84Bs/BuK/ghF5DzbSfToARHttJI/Wddmjhk4MvyLlAPxVNxiE5GQ0NOEqNIVOI6UrnohwDcrD09wcCPmLfKNThzOml2Oknr4wOsKCSe1r9w7YecuY6jPTEp4kZ7EdPHhwPhqjVStbiDQEAVDwfqynw6Wc5+VksjsATj9jLdnL1YW8VgZA8RmLlh+cV5/icMd3mZp/yG6z29d6/lQFBr4JaTDVTRICvvsyFcpYWBPXYOnth5uj3QfTmdj2Gyg3hoSGP3C+2rN/UA7dU3ZiJxohtcrvzTua2/h8Yy1LygTa4HdAe8BAtaO/XB1zjwhIS+yd3LcxALMDDTKN19IQIZCuzgQpn/6EsSCNZDcZnEh3uHBnSTpUOBei/E44YVReyJWobtznF2b+KWW4LzWQooqYMbxr62DPN6sTg5WCySMql9/T3Ucv11vDWCmIG4aOclPOXZtkzR7bdjWUGh6j0LypFOjfDzTfgtKFZxXHRw5bzJn2MpK99SeelAxlP+AQipSazPs7iV3LHI8Y7GHQvBGJ6oRIZTSM/KLAo27WqjoLlVn27kNQK7zqXZG8JmB9RyZEHZsgByI2n3Kb4Q2MervyyIqcqgs4RifYmYBDq41+PJ2paB4JTBoeW5/n6vSybkkoLXn/bhaoDGONS7EvOqt7mWxMvzjqZBAK9+8kqbQlFGEYvnOKn1IhqrtacMCx15R+DXvB5v5o1+qRcPJZbnK1stddkkzH1E/MrOzf2kT7667xx4LELXhF3FfC+Xvtdu7T7liz9E+J97CZhgBYltXVy00mvv6r3mypWgZrepEDg0afG1yscSHzol2cHnpiJ7LG41LE2Tk3Pl2IvyXIB8125bnKs4wkAYn4/5wxt5ndr1N2Mgwr+ovlp9Rb5PRLxyOkOHlJPhycOcetKpnWTO8FiJlmUCxsTs/TUxEI5uwv95Z9Jvz/8gobtVcEC2gJifmHAfI2dkWyBZ8I649udE+3HzRtICbgsh/+exQ7Y8VXf49jrXgsqbQZGxWmCGEaaFQzWOlQdYsDPDRKYLHLunPr/w4CH5+LySnEARtacMonCuZZbEJWhItDROpN2506kUIiDb+I+a46FjqSSC+YwG+AVhGLaREn+1omZrr/0iqHo+wSLt1S67rOcNBhr2gEMvp4niE9gbIj5XzRPsWc4iuoASRcAblIGSNNKndv139sqaunJ2sp/Bt6ZS/n0cWZ3gWmGA+QOH45fj7Jlf9zKpNOTfWiDbGVWr4v+fqhq0Fqxa7aEB1pfXg8PJuL4KVzd5GYhej25kOXlMUklIJmSjHjucwawFQlnPIrc5rWJnlf+Jz5v3UG9HvN5+ELeeERdzAx5iyH69b1Ek6GBUZXJ0aZF5PFhCEjZnhdcIa5XhpOF0+PquqaG4xOjf3/WJUp6yHeD6RBxJ3QhjS9rxtaYEpHSczGUgeblnIJJ/rzNMlZIf6KCFOoG3iQW6TLE+e12xMO/XSatxxeOykZyBBMIdqIkDfsjiVe9IkfbUMsyemFnKFtu28rX2KrrIQyIWxcXaB64x9LRE28XZkaX0bfslRa1vSEjYU6EhO4WdWFsSamW2pmxDx40mqJaWGqplOXEHwenKP3q3c9C1DgfqGGGgZO3h/6LzO9SD2dYpVfSvPbAPQdCyXFLYBkNR57PKgPmLvQ/i4UzhZtUbbriclo8ih3PuKpIG3sCEARPkg1ELZadxP1rkU9fJ2r3rQTSflquZKJ8upEsqp7nEj3QSvRlZ89WmwUHvS6vtO/fIQxahXh2KW1hLeUVN3Tfl5x6Z0GVpJB5uzmTFvJ7OJnjAXfVxaqBeDaDUuOAAQpaT5DpXhskovJGUmOEHVFl1nEhYiarLNj6i+XzSrBNGEV18FyPd2qr2ReVbxsnewLf3q2un2XvVBC/Unne0uLN5CmxbNdIrzsJtvZtJFgkKycw6TWVWN3+VOGQ2+OCxfaqNiCJu9I1CL83aUDOeK2PK1Qp0P5RLOqQ7rt+TcBm6U94fAuzlTPuYl/BgnKRCLXBK6sJJdsP6iImetSOfJZoqG9p07TbrrcsozNpYpl2KWP1WucHGCq3Css0ZAbPzmjXmUBiXpgJzm0R+jrEHZfTKdL8ZkhI4DFVUzCGPjs+DreA4rgfPM85Q2OFsfBTwk5GgWAkl6KS3Dj85Ch87aR5Tv1rCFKJ3CXhZR6/KH5e+lrTl9PIHBT+hnKg7YrsSqTmgslKmGdsLh4a3KOq8XY1pWQdKz4X6VipwMik3tO3yZLXawaodiLCuoJKTXSTcUDTFoj8yubfKUDsxrrViCcKE3zIXy9LGH9xMPO2YEcCNOqxa1oVbVyjBnphzCGEOuZ5Hf/GFv1K75fLc4UpC6GrEg3VkF/FSZ0hLORwjUibwSyV4vRm7Gg7R5bQ1oKDMXhvKGp3GCCZqXxjzPwAYMyuSGxBmvyV+Axa1Zd+NczTqVdcbejyfLGqXaFRbm2Y5x6cEQzeqX7r0jVTXba5SY+ZiVSUUoyq5nm0C36CKtbZ6932rYpZzK4vSmp1wTXsntyUXrumDKA8+ddNPn7RMyj5WdjsPdd3K2baB/l1/gr2cYlS33N1+1/8S9e3Je3ZBGWs7m0OXJsXVFhe6BIUUn3o7rK06tFkMj1iTQOSq4sOGYnpp5iOrUVNC3QvBFkGYWnRnnZ3vS5XUtqEX/MAVFrePZO3AJwd8EagFzgAiFLxzD4+tduZzc/FwW27EPRHEayPWRm4LgOy3oAqCeuRACwbePQxMlclgX42eAHQYVlcAX9NLY5ILQopc6umWIMIhqMlKhQuUDW0icMFJ/2n+gb/YzhlWgC0WfWcyZBLMCcv0LkYfJ7S4pHKbfdKNBQ0bqTSFvWVMW8/jyfd6rfdQjqh8hAWcEYWfd/PMTK5siFsanTSwT1bsK+h7crJ2RTTckdJosZJX38jUDPOzRDLihfP/nPj/6GkEdtl6e2+dS1sIfj0pMta2va7/O5+Y1Px2bF052pjz60mTDS7XGru6R+VRxV+He3FcyvbS5vF5NdxGKsjV9m6FbOJ+QkFZhy0/4ODXaVknAFX3+pENMvQMHXS6DRLTZuSgLJyPH0OV6yKqMY4GkpyyRDIxQyU7/bIVt0/ko/ekUKrJGVnxEDxhY7CwXQs40KCefR53EwsfKHQ93Zq+WU+106wnMb20GJnOmgoehZ+YTYoNPxD9rrqZQ3eKtjGWxrRr6mL61TvLiZ5uZ/ubrOC3eTZEZDO10LZvJ4PkoWOkWC3hpaeAp//FKIUQjSqEtf7jz/GCsE3s4tu865eYZlp/fkOmL8StE8Gl5NhI3flb/1MP3iVBU8CIK1zi3+zqofWgKS8B4xXZhjaULbTvfnFsQSZO/CiRaqk6ADdkMoBtJ9TCr4XNbNWq3bGjrl84DnxOcd6pfVvFSUlQxEb/ch4SyKAShTh9Nn1Npzn5ssd9a6ock+3z2DaVS7Z2VLbkUjvtxZrZqYl64+RhnUYkaxSJCmgYLO3fPtjRepTa3I0I4eewolF0fSGRFOmsQlnrPxL/++FcBsJYWjOstx64Dag7drAy2dXD6JZ/Wg/INPbWNBgNJXUG89uaQl3KyUW2JSOTbNGYGIu1z79x+buVcbcH4V/lRSDqpn1eLtXwQ2qyOgJrcD86bslzyFJlpRO0SLkh3fJD/4U4dtkhlirYnMgzh54rSnQ60rXTzrM8Kw5sEtJ37XK/yFa+9lAnoI75sKDEL89TSLmeyj1+HL6l6ZkedRdbS/e3R0PpqEpg5/bbTZQd+STiXCqFX4PTi77ij7JqM1VFqSZAkaltOmi4+IKPKEP7meCo4B71KxELllHFj09ORnv76HEpAoq49ruXyKhgzyGFmk+WFrRzHhx3qpk4GOPq9AgIYDEURcYlX1Kw9ve4BwD/9Uy2x8x/faDdriT8LE7V95oCf/j/lxz9jq/rtasnZ78pzH3Rn7wKKOHnzRyoi1jhzfVnvoZqYFNjyyc1bAqIjV3bgl/ZK/00l5saefYiOHNtF1v+yrpBn2OVU/OTx9fk3qM2+K2utnA2AxNrSBqCc9707ZUfzX63/yMU3lDYAk+gbM/t/vbIWbF/9ykqtSKjkZS1P24WqTykrZfCJdjwkN+29uJIWRSM13gfMy1TJaEX7sROURHzpWDSXuC5CBSBleUhDpkb8HUvzul22gYbnihjQs4/VfhbGs2fuOIPLlE381R7ArLpUZaOtM0t36XO1Xh972kQ0vWwQd7S4CQk6Z9w7aygnlbOZ+MIaXb7RMxB0HyHYPuQBWenOQnChMDmISf2QCsITXcHQKbqEXRdDmM10KQqNJLHUKWGBNRHTzjClidBmI7lhUwsFCY9EPSHfo8N0zjQnDKKj4mxlQsDbeg1LOgd1VuRQIV4LrssInHR5j+M7JUyla95pfqVVo6xyaxwD9TYoO/aMkqnJ69evJgKklG1WjniCmPMvjE5ggzDN3fIPAjWGppz2UszOnxId7uCERquwaWueNvX67d9UnKeCibaMLLcYwW4p//Gb9gGJHVb6UJCQU0ZYCMtWPCpzhWx2/i7IxTf/0LUvPZUGo64XJkc85AsLFECkD3363mkLx2dpRQV3Ivt0IIcazk2lYUSOR0CECZYJ/H5vJt83rUYevwFo2ADILSzmxYn2Zbi7v+vgKoAFUCUUEiVBIuASI0buZgHvvEp+GLMEp5PgdfST2bExjVEq54LNqixGPHs+vAmFylenmHOFEavugV7ElxGsk25lRsOIiRkanAfhw0SJyd12GrebCNHzQtnAPRTTdblZC6VE2mBcHAqommKfLHNY68fauUXS+UdCPQZhA6CPMX6hvs7npGSePSC9GluTnutJ/nkqEM4PH2k8/3DBpLe6DrcB0Lg5BYngitrnz2J7VIvdSU3BGFw13TNNcyTDTAhE3OR+DH54qRFNsORLtcJULl0haVMx5JG26f7MoYkt77QBW/6SNwPE3sydv7cBWEVVV9g9Ad0YYqO+mYgQUjRTOzfWQBpGOBHJwY0JSMmYtKSgC9v+Gqf0w7ydPfNh5/bmW7ixmNEKVmgr8BvdAxsAO1DGke/S4s8FIhRhcCcwO1Kqtavi1+CfDlmlO1e5DVVzfd6fDgpfuUte5z12q9j+/+4GuP2p/Ngl6Bk7rLpaGhU7LXb7T+WWdyf+4dWCqa6vCk92SP2p7PuTLfjXv6n/pv6DGnjmdHk28/rRIYGNPwmrtyz+Tf3WzLJpZjgyt9jevjqBzWVTPekRGwD2rMvj9fgnf/U/gb/xrw2xja7/A1BLBwjK/95SOBoAAAApAABQSwMEFAAICAgAvKFpVgAAAAAAAAAAAAAAAEYAAAByZXNvdXJjZXMvcGFnZUBhYjQ5ZWJlYWQ2YzI0YTFiYzkxMDM2NTIyZjUzY2E4Zi0xNjc4MzczMDM2LjY1OTExMi5qcGVn7Xp3VFPZ92+wK5ahBASCjgEsoY1ApAhYIJSEgAFCSQJI7wQSigaRARUFJE5CkyA4BAgpJEgJGBAYC0qVGpDeqwKiIAgKP+atmfmt7/u9t968tX5/vPV987l3rbvPPmd/9jl37XvP3uverXdbI4Af4CbmJgAREQBAZPsAbPUDjAA7d+z4/dzGru1z977du3ft2n1g7949+w4eOHhQ9ICo6KHD4j8cOix2WFT0B6kfxCQkgUDgwSPSR6Ukj4pLAiV/JxHZuW2za/f+3bv3Sx4SPST5f42t3wBi+0R0d/64UwQM2CEmslNMZOsVQH57kjtF/gcAf2DX7j17d+4Q2bd/u9vsB4DIzu3JH9i3a7fInr2/jxHZsb2EPWLi0if2SgClzqJsk+ntkuBLaDv7lA4d1/CyfQoal0OsFU9qxcTlaNq4ESnFz6nbTDIi/+rlT6btLoiYCGAH4Pfl7fyrS+zE2Usfd4jnFO90DWkf3SWBiqE8X9rqAxzcuT1WbKcY4AJgC3AZ8A/+wb8RRKQmQ3NLUeb2LjZAeRXfzKmMme6Kb+yMU8G9MTR2Yvzpz5ZcxBZgRC7Y9Ut/TI1i3tL1Q+Uj+Pgz+s6wnKd7jgc+lRuDW0n/0h+0Z42aXDdxOkjk7p/yuT8MDsj9/F+ML8eNHI36Qzb6k+Qfwn9DwriPvTGPmPHbkeRcbb4FGOWVD8yqS6KEbV11jgiwV0MOSZe3BThwW/zi3wxZN7tWRNJaWJkDr/0cTxhY2hABN7exJTSXKiLtK3JC6WyGNzGQ3Pc6F4vP90dpGJthqdHvxnUQS2qLHZbfxy1nUKKUwO+xmQL8LxPY6KuMBeyERavCcqw0uH9jtzZh+ER9+eZz5EBFfTpXMMnS3AKcWrhq9OdIXanhd2eq0r5KXPxB8Id4GFbx5UDQZI1x2y61P0SjPxxQtET+qy90vciR/1mJBFz+7/PwD9l/F5mTe3k1uwc7ixNapEpJTdR+0XEPWH6ocBdbR+4U9VW1V9aPCMuL13oj2aDxal51BmmWwTNd3v9iCT/mVJuXufFG0u/irr8X1DIBSmvpEbOnbi4VhOo4i39DVC0n117rrJQyIWTHin7vnqjYszSLhBgBz/d0uYfS5zrn0S0Rm7AgMS7tID4h4D4LwwmUOOMVwxsqe0sp6jnMS20ycs5YDokj17y0ckHNyk4xmJ35ngUUh2ltFmHWIDCNhNAnaKRJJnlGyyj3RE7cNKM9mhziUMFe1WaXvn32fFne36xTJ/+cbwIWNEQ+LVEuC8x3gw74U2pbQlkKoUV8uareDL2ASxEj5bx5A8ynrPXMI5jTAyum8AdZnxHH8o1XHlN510+uen7Nqj08StNX3+1hi/NKqGzgeIzLs641gHjh2EpNp/qLz4Kve9baDfr5j0ZdHph1y8tKWDGZSXpLBAo8uATdRgF9WqAXhxKbfffWKyryiZ2lWAhUK6L+vfAto6CCi5POFGZH4sTg5I7i+sTsvCEy8nyPklXzXZ9RTcmGsEqsj5+ERJdei+qLO50YpYpchn9flztq7pG7vf1ke1pkC0dHvhgBI8SOGjR+Wl8Tp8Ezk9wnUikKfGhh+Lyurlgv3Zt28vpjsY+abqGfrZxsQqusDEAp4k0umFnQmvNUlWVk2QQXBgtyUu5wWl3T7p+8+yAOUf3gyNj+OY575YDvjzFtV4R9jBxOgqOSWbVPxBKFLuBkShumfKHTgg6HkBUEbo6B6Q7K731c4PyDAtt3U+V51rkUKSXTKTIM1gKUvoAmNj/NH0l49c6/N5has77ehzei+udjGZQn0xwj6fCUrnsfOm/6JGZPnHIlH/H5qeU1ItYOF5S6kNjeb0Nkhy6SVT63DayCve5xqqANmtYDmkka+ieCY+79NBgO5mM7ZNSIMJMNsKF+u519IUGhVpiP2X4bH74MvCCqrTyZXTNv6oIvx47kVPC9ufGt/pAC4xvMJO/CVSjZDRrfMX3yM33oJ3TJ13iVikaGgf+8Pj5X2Sk5KnzWyXz+W2UCPGjPk0mpo7Q6pDzSQCW1ieDRbsGlyawo0L7o6mlN3HtM9fDSeBNJ5lpe011+Bh70D3RgDzupRDBnxAdRVjZYn6jjR3v9tNgqGtHWJ+/3TXzZAtzyfm4hfc5N5eZ6f0HB5fQKUxDusublpR9416eqyjjY9M1H3/Pqr4FKNFOcVNFveZH3g03RBmhMk+IzC9o4biAzVTrcnOr54QtN1FA8r3hYbVXPkY1aNZeDws5PCg+YJZm89ycMsJP81LYAbrJPZ+c/tFh5/zSqfnujW45b2xpUbV1LlaWeEyJ8aUVY1L1pJePZZLftR/HUZQ9OR5COVZ30QejzlrApYd25kVcxbuaZrIwaOyjKhnPqjPjqb9Vx36GD3qxKI/NwYl7hrwxuaOineq5JYcKrzfmGr2rYdqTS9lbY7mahs6Hqnx+m0KFFfDhhyrsLbRlOx9oYvHY/Xauexq/Q5jwb74v8vtD4MPZdUU55yYe+GgSuB0oK0bvWXDbVOteqOfQm6azVvg6woz8zQCWfj7K3KO1QvdwCNfY/eXulP//evfjHcHYRqubxviu2zjxp05CaZKfL/TcEF4RjFByL6imIChu60vrbSurHK2+Q6NDymrQEZSLjV26oOrMgScNdyXbgQ6nTV/AiLqUS3zoyjE8z7HxxTOWNMIXSp3y6MKTmRX9Kk6p6HsQy2VyONjCQzebo2Rs0fE2037+WFpt+cBgv0Y7ux5ezE1YqOjpVghgOv5pT5MACdC/DR1AAX9CDlYo4fhC2sHJiuvoCm/klUue/BsTw7MHgsKnJ4YxRxPO67LTMwxeT0swCtBbz8z0emCrkhvrKUTaq8egLJ/S6P6+ZtcqPHlcj3lq7Uleh14REwlQ9PYFvTxn6fN1B8vHRjG91z7zyoV+BaOzHnsz2YcJfXGuSsYLF8NIRWbuRakqbRrOu9LayBYfjCoqm750Q36pnmPG14SaVnc+B1FZHK02IGvoHa4V+mCka8/XH3C6h31KA830aOz77OnhBhflxNy+uP27G3XEtcWe/0jF8C9FsUNYPV7Fe5EwfrWFA1HaCn5buyF2wV7OmrPDhbwrN6vwUF2GwIcEUk/PVO/3JjInXm59ZPy1Y5BQJTC1SqXb5Gl3Tsrrrqc1N6jMtjfO6y8mdRzy6tVMWlBnF/pqYpPc09hKiagtw5CaGRNHOQD/9P6f+/7lPybeNXqtYUhvuQH4fT9xpDfjx721aTa7qr6pqzc+vJp3PefExfcxpOC9r43VWWwmAyXxh5yeYyI701Oo0myROULWIj2onrQw9HQxaTQfKYj9IPmp8Epn9QOAzhb41sBzVdLFq9ymNwmPTuQsY3dSrqwbHCW1qz82bOXsFMxtp5D/MRJ9YEyHPF0iGk7kZdkeI7auqO/4h+n+WKLvrqV2r0ZWG2fmUJ811LSUaijDYtxRRmztjw6+qos21V8nbUfNXCErtyQP8vQpAJO2FS3zETWrEomyE0Z3R/wxBD/SQejPfCmHR6PueAwlTse1aD1PGxLMaeUSUmKZl6qzt+x+t3Ulw2mtrBNLG6MpUsZ1eWYCfkDj0KmgVjxuPWJ5KyIBAqOrhfuzM/JrZS4qqnNwASkjYvkpFMlIvWWtI2HLfFpeeY6P6lUGquNWfNFSuV3WnN9mSc6B+Zqw9X0bxbUdz9T1qLso+mkNbzuYdPn7gmjstcjMq+4h04huy7gRZ6LTQQ3TvBxFtzqZ+tGzIntJzyPcrUQzAU3ArrURCUn8rokaL7zBRvu6JAMdWH5th4ybM2mVbHNnsDZtcBdXwkddVYo4qXzh3wvSvYCjPjMu4kR7ETNHxgMRatfSzfUCgARqGhg3Sn45Wcp6VkxJYI3CajpfHAFYa8VgRA8RmL1t8dtp8icMd22VhOxQ96Lt59vlYlD3wc3C3i3CUFPbJgadUlo89cx2e3nGsK9JtPJOFYbGA2hsoYPQLr2t19wNsVNWlI3Kj8z1f+WZwXnsJTmZtfEYbW/JtjniNELA2rIfri2ZJSQWRA7PTxuZgRoBhodlyEioU2suGMPwyVyHmzJHUTvOLiXYP7qRIhgIPmk/HCy5O2hKxcn0906yG5M8NBKeNdlJUESOed30T5P5mfXa0li9mWPv6e7rD9O0mSwAjDRFr6Cg759C7S9z0tUFnc7HJPTLJg0aJ8vbI+H1TqmK/6mbLeCWwx5FIrTMHmkClUN4DMqlEpdOgbyChe4XtEYc9Gow3PFWLCCaX68iu8NXunkVH9yo7WS9uAfKcznTlB+mMbOZKBbPi/GVAlL4zvhPUmUk/HyZRnk1hCqZ4ZFNzcFCD3uf6r0WlXwMC1xYPD7oonF5MAVp63I9vABrhmNMCzKuB2gEmM8svkQIJQPoUlLWGpk0i5Cv31uhCspStzxkUOQwIw697PdjOH33TzZtPr8lUd1zptUmZf4++yqDTf+0U7Wu8x5ryF3biV3BfimXvddm6zblg9amfkm9hswwBcR3r6+ZqbYPD1z1YEtSsDlUimwoNuj67UuZNY0fbOb90sF8smIzP4Gfl3vl2KvzXQG8V6/bnSk4wkBo76/541sFnNgOt2Mgwz9rPFp/Q9an2L+yOJ8ArSfC1oJ4D9soeFW3wBoiERRLZyubCB2KyPaoV+9udFd9Fv/f5pR3qy8Jl9OzMosNIAp1ujmrHt+C6Ultsw81WTIo4aYjCl8+ONlyt6vXrd2gAV7SGpmJzwgwgDHO5Wi4zA7JhroePTuM/ds58HnJ1FPz8XnBuMQja3omR0y9bYLIIZ8Xam2fSb97s0Y7gE638Jsxw0XGU00B89zJ8C7CGXk6LPt/dPrc4/J5UOx1hnnHrlkzv83w7KdayXBy7l+0eOuAvO1XJFR5aySW6gJKEgnm0nYA50apy/3bty7rGSlaqtty31TN+vu457PEFYJLZCJntm+vnk1rzC7MhTX+qxd4IV63m946jFbYRpFzqrAbVktSGwyv7PAlIq4MtxN78PicaeENeQEonZKMdup/DLPlAafZR10bPcUWm36lP2ffTb0a/274T1uxT5vEj72Mqrt4wbxS3MyzRuzY3yriRyicIWrLDGwV1iomScJpsYk5NyeJKdF7eu5WoHml30UIiFyTqiDCgHqhvb4cpnExg5KO4uDUBI0G/p0CLQA/1VkCcsrdKBLnOMj24ngsxXZTL6/En4XGzHgEE/iK6lQCtZ7KrD2SI+5w1oM/MLecJrLu4OwflXaQhkItT06wil3nbBiJspn5idXMXftXh7K6UVWwo0CEhjZddXRRnarqjcUbISyQpl5UbKGc7cvhBm6n92rfyMneMBegaYKAVrKDDoUuaNwJZN8jIpg6u6Rag9UQeKWwLIK752PlBU8TBh/Bpx/AE5ToNm/60rBK7Sq8QcT0vQbM/iDwkOIu2Ubufqnk56uXtAdXAWEfFmrZqR4u5MvKZvmlDrSTPFmZi7TmwQGMW+X2vbmWwfNSrozGrG0lvKen75ny94tJ6DZCSQWYsRkz9LJ3oAXPWxWWEeuYTkdP8IwBhWobPWAUup/xiSnaSI1RlxWU+aTmijm52XPndimk1iCq49spfdqBH5Y3Us6qXA6Odmdc2znUNqI6aqz7p6XJmcpc7z1JN5tgP+3imxr0kKISeeyyBWdPyXeaM4eiLY7LlVkoGsIU7fJV4LwfxcI6QJdsg0ByqFHNKt9u8JeM6crNyOBjex57zNivjxThKgJgJZaHLX+lFmy+qcjdKNJ9sp2j2PovnSHedz3jExTFk0kwL5yrlLs1w5E701PGJLd+8MI8yoCRNkOOS/fsoSxB9UKrnxZSUwGGkqmYeYWR0HnwDz2YmsZ95nNEA03XRwKMCtnoxkKSd1j7+6Dx07LxtROV+NWuIwhnsFSGlsXBc9l7GhuP7Uxj8jG62/Ij11zjlGbXlCuXQHjg8vENR8/VKTPs6SHIh3Ldanp1Ftmp4i6+wxo7W7JGPYwaWBQ84aoXaQ/S6IukNrR6SAQUdVasQDvSmmUCWNvXwfvIxhyx/TsQ55ZJO9LpKBUZnzi4sf8zlPOqbH+yNynXv7+bHi9LXI5Yle2qAH6vT2sN5CL4qkVsmPuCZn5f1IGNJQw0aysiDob3gGewggvrlKQ8d2IhehcyYaP7rhM/A0o6cu/Eupj2KmlPvplOlDdNtiosLrKc4tCCIeu1Lt4GJmrrddQqMQszXWXko2qZ/F1+r5BK1c4l1GDnuXElhsgcy064LQvL68+y1nDGVAfqnXXW5hwSMExXn4nH3HZ2sm2nfZZd5m1mGFWvDbddsP3Lunl5SNaCS1uhsmmxCXGNJsVtAcMmp+mld+bn1UmjEhph9rhIubDymv24Jojw3F/itGHwJpJ5DY8T7Wp92ft0Aatc9RkZTGrm2dhxC0De+iv8iIELuM9vg5GZvHjuvMI/JchgEkR1H8rxl5iD4HnMaH6htJoBA8F3T0GSxXOalxHlgt15VNfAFrTwutSi05KWmVgUiDKKcipKrUhpiCYgzhqpPh48MLnzCMIu0oPY6K7mzYKZ/nl8x6lhCl3Mam+H7oUWvOSs9VsBdU5fGPL5yn/vqEOW48nuIvw4/7LyrX2FydWvE8vQHY4tk1d6iwQexDfPSmQaEHuPlnMoBnrq/u619PtxAdvjToC9tg6AK26zMG3SuaOdNRyWnWzc1dt3gcQrank4tCWZ70h59brXiplti1w9Ifay6K3dv8UsCrbytsklFawWKtjapz9IqXkpKyqiy5iW9n5vsrCbgSj591CSm34GDrlRAIjptnBUFs5FT9pXaqJqsEwGkp0yhFIxQzcr8hMR2ar6X/HgGHVknLTqhDQwodZIJTsjWq0y4gD6NhU9VOhzroa9XUmy0mgiMb516xosm/IehOktJcUGnEp+11ZIprolII2lsh5ouZnCjJ2Hlk9X8cNsN3FlurNAUZu94nc7I53rLIbVK+dyMDPCc33S1AKIWJddZON5zYTTOkTUeN3iDHKvD9PUdM3kxHUIEn5NloXDT53XPPHyXDEUHraBxLYv7b4C6xuawBIxnXC/WSLLYuueN/rJQMuELX6y95hTYgJUPdCUpH2M2f+qsRe+XDu343HPkU5LTXtUrSp4K8krGolcGUVAmmSDQHKTqsqvNWI/ND1tK/JRiW8i6qVCusbe6PY/MdjvJoCsnF4SbTbFXFChRTCKkdbS4Z/9Ce8s1SlsXIphdwIpC2wyChEjSeb2w9HvGfk0nv/CBDdQg3EAldhNQdzS2OsjazvHXQmo/2if0zC4qDCQRgnjtxU5YzaWjO5NRqPoMRhYi49PA4mFO9WJD0fQX2UlIJmmY24C1eBDapoqAGt8PKpizWPUQmqpF7RMsS3YPyf50pxFbojRHPRAZhvB1QWt9CLCudvVoygnDG/t36n9qUvqC11jNBgwSXzaXmYZ5nNWoZLBO3oCvKnvQo86jGmh+tvbQploSmPGhvsd5D35VsJgOoVXhtBPvuKFtWo1U0SopkBRKZ26GFt4/q8YA/uZkOjjXfp2Ihcoo4qY+fIj08NNlk/2TtWxx7VfWwZhRNoOeICvoYDs87FY1cdTD0e4VEcBgKJqISw5RsfTwvAcA//wvtcRe0bra+PBNKn4RtF1L/FWYqBwyA/z8vyk//hU7VW/Xii98V1wc0lq4CyhhFywdr4rYYC8O5ryDqmPSYGunty9JiO486ZFfu6r9thsxNw8cQnTnWq8w/z9TBT/DrqXjZ09uLr1Bb+tCNjrYWwCxjdUtQCX3e1/anra/W/8llN5U2ALM2t+cP/xbyEaQbe0rpEqJQMHTUpa6D92UVlGezyPacFGcjHeiCmfJaumJ3mButlJWh70vK0lByJOMs+cQN4Vof5Q0F2XAUEu8Y2HWuM86wEC/JB96/rHKL4JE1vwdJ3CForGfygMYsldZOtoyu3yfLufs6xNPW4kmV/TifyxtRYH0jQYWDGQkcrcTX1iL8zdaFoLmLQDbBj9IULizHFQsSA1kUIbSQXiiCxg6RxOz6c0X0BnOJaGRJKYqOSygLuKDE0xhJrTNUGbcxFxOzD1ZW8Bz7zZZNMkNg2gqOSGNCXhrz3Fxp8CeqlwKxHPZZQ2Bk6zsd3irgKl2KTjHq0a2SCt2xOej6wPpcToKJsavX7+a8ZdQtPp63APEWHpheAobiGnrk30QoDY253iQbHrhjPBYNzs0WolF3fCwatLt+qbkNBdEtM7PcY3h75fwm4619U/uRupCQQJ2BWE5jC7/o1RIgumFuyBnn8Kj1z/3V+tNulycnXCXLS6SA5GGBnW9MpZPLlBLiu5EDmpCjjbrz2VghA7HQYQZpjH8/kA2zyejTha/BWjeAsgsrxTECw9lubm97ebIgflQBTQKLUYi4JIjJu7mAO+8Sn0YswqnkeCNtNP0uJiWKCX9INMa8wmP/qE3oVDZ2jQzjiBi3S3Ak/gygnnatcJwHDEzT4VzITyYMDm1z0btdishekkgHXCAbLIps2CukEwdjY9HA5XTbFOljp292rC4QrrwSKCdT9gC6GKMXqhu8thp2eePSK7H1WXmeST8MhcA54VPtFx4uGw8UNuI2wKoxc5BIjjCrqXz2H7lUjdSaxAGV0vzyFCfyDIVABGxnPdBDy+32BMseBIdMKXLISQNCiZhovPDcPbYzI63GoAdfyuaASJvFi/c2wKso2urbJ6Abo6x0N+MhQgJqomNK3MkAyOYiWTjpvikVExGSuDf/Zok+bBgb/9SmP7BQnNXJiNaDmmPBL/ROrIFsAFlHf8uKfqcL0QTRvcC6ZESHb1VvwX9fBSZ6VTjOlbL8X53LjD8692ETe5j16rd/2s1wPWvxtVefv/UMeX18qi4DyK3/2rc8urBP7xWNNf7Re7JHom/Gof+Ygv67R/qf6j/pAbqnKukM278OMa38iNhtddEv6neml8zyQ5H5ZXa2tYmsTgsigctYgvAWnB+vJn45O/+KfAP/r0hstX7H1BLBwiNEr12RBoAAAIpAABQSwMEFAAICAgAvKFpVgAAAAAAAAAAAAAAAEYAAAByZXNvdXJjZXMvcGFnZUBhYjQ5ZWJlYWQ2YzI0YTFiYzkxMDM2NTIyZjUzY2E4Zi0xNjc4MzczMDM2LjY5MDg3Mi5qcGVn7Xh3VFNZu3cQsQEqJaCC+g5NaWEooYOjECCBIIGE0BmRGpokFA0gY0OKgAETJGiUDgkEKUlIEBgEkYj0XiNIR5pSFAUuc+/MvOuWtb751rp/fOv95nfOWud59t7Pb+991rPOs39nd2D3PeA4zAxqBuDjAwD49i7A7jDABMC/b99v9x72790ChwQE9u8XOHLw4IFDQkeEhASPCAoKHxU9LnxU5Kig4HGJ4yJi4kAgUOiY5AkJ8ROi4kDx30j4+Pdi9gscFhA4LC4sKCz+f43dXwEih/j0+P/BzycD2CfCxy/Ct9sIOL23SH6+fwfgd+wXOHCQfx/focN73RbHAXz8e4s/cmi/AN+Bg7+N4du3t4UDIqKSPxwUA0qoI5Bp2Z3iMhdR9uhHXbpXwisPyWpcCrGVU9C6FZulaeeBI5TVp+4xneT7z7P8wbTXpSTCB9gH+G17/H92ifygfnFln2hWGf+VkM7x/WKIW4T61d0hgBD/3lgRfhHABcAu4BLgb/yNfyHwSUyF5lQgoGh3O+BpFb/M6YzZPtZ3asa5a4O3yNTE+POfrUssdwHvpa5d2Ri+VSuXu3pDmPk+OF7R0A2SVXXgbGCV1ATssuTD4aADX1LTXk+eD+K7/4et/XvAEalf/lvwpdj3J6J/t03+IPmb8F+QMHZl8NaTwvi9THKrge4CxunMkTk1cURvR89rR0sZb24WXo++CzhyV/Snv5iyHvbtlklfwiod6J3a9N7ACm4EDGqHxL6rkIOjWVmh2dR8H1xg8lBTjnNwnj9Cw9TCOTVm4IOu5Spouct6+4P1LEKQELh9O5Md/HDSOebn/CXnSSu0LB4l9v1Z7nG2BG9AsZr09SiEtXEkaKrWtCawXRX67OsF3L6zMsPfBHSwvB+amTv18BFWMxlw7w8Tq1r3wi5C9ZPCLz/8YUonBn8UH22Jin9+yOV38/7vDDIe9J8ORf3XRt99kv97M/xN9r9EdnvhNGPRnsODTVM9C1+w5HcBZQ1SPrn10vpjKuGPnaEYtuOH6hI5aL5uPpR0zi/4Esa0FXvhubVkYozo4rYcb0w3xxbwj7+W2S1X1Bqr66AGm0kGWa9W0idceblPvzU97SjXfLT2I4+eLl9qbaQ4ZZFTgKWTWDBQcQ2VTf8kIcFuHvGKCwjRk2cNTxSk6mDQKsGEs1Qwat6Mgd2QTSuuLX3R3d8TsjVdUNgCa7ksU9ZmndeS63ht/cCZhHAbO+YZYxTZZ42DLrV8QqtB3vm61XI/kPU4JMHgDuYBBJe6GeKJ9h2GNfpX9cvGkOdszebcMToRFRqhA7eX6wNdh/CMKYN17TOVCPZ8MvGswTTJCBa/cEHe5RN8qeWzwc3TDVrX3Y40F1a1AsPS7LlNBrarqXouH1mh3tUPb11//6nlZgmnp//V1j1212uoAXA+qVPqybQylus0iSPiIO3YMKFs2e6yJ++2Nn8ufiIzgfFdJvTTnsIvBztVqenQDDeqZIin864SJI2gNdLkCDrsWcbRzlfeiqkLocyOHoVzhWFk53uC+ZWWweZW/YzCppxe3SZ6aUuOymam/TUDD1LClMCrSOLU+oq8FlHn1Buusow5xt9hcQiLla0wbdey+mws+967cW6awsmfC6fg9c7Lk2oZXXorNa3hTzb9uE4JCSMcdG718kowq+XYWaH0yDNnG8V67d+EVXVd5H+eRWPATdDi5TACvmP5gywEh9YGRSsuQrRGpD9Im2Mby4dBL9B9HbVEzElsUVlroEWeuYwKLKVVOiGRrAS6SZ3JCLGsB8a/6C8fl49eX68cuy/XD2PBZa+028eCFhWLRAbzv3dKGjVbN0if6biS+SB9f3HVqPKoZA4zfwY5x5N2nMliL5m2iqDD/VO986p8TnlevzTOf/wK5yMEw8rVcJlOSNowjbqRXVzqMGkeQ4MxXHek7yrdlAhCtxhFDyXX8gJY9SbBmHZnMUofyjruK+JUu+OSv3Sjv1heG3wG8vJnmtdnUcdgohW+f+g6z8y+WmFrsYuTNvw1TPzRiPCVtyrq4ASyPhnvqEya5GZnOGtpzpuDP2JD/bgiF+Sa33klb552erKCm7sO4fQNlaFqOQ7LiA55TjYln9mxZaxe3uOHdPDcyYWfZHAXdwEH2m8/BgU0Omyvsy5b31MLStatuut9b+IHl8+tEX72LLVtvW/Qhyt6nj7nOU60py6bJ94nU/FUBgl6PQPcxGbrKIE+psm1DC5qSUTJQ6/Wui6FViBzllK1MQkRLVRxwqmkvr4pNupUj+tOIzike3iQTGm78sr98GaxjnMMZRSfFyMHlgukkrrBbswckTZYfLdCI428ZH2Xi84dufYsAXTC/w55oZWWEFgfv68xTcdOM6oYk11gb20rv3wrUnjLn9NuFxqb+nEG6ngR7jQ7N0VwSnIExm8Pp31yYWWTLXeA2Y2PQzac+mHz5rm+M+rNKa5H/TPrQMz8yAdNiJvuqv5Bwegbbyo3v40S1QXK3E0CvQYZUSQ2HbM2Ebqa4df6rJfiU5NyyoMikmta3m8z4GiJyaZn+OQ63SNj4vrghxdYliIiYsZElFtOtPHx54U1LqDkD9EKnHvMr9gY2msZtp1cC3Zr4WXWs1sLyu+zksnUucBoVXH7GfhFp1l3xOVTnk2wIvagd/UnyBhbMZT3rL6WpxJdcNfQMYWmKFtpj3D4EH2PpUhycrdAPlVI1QGz2UYo+1B6ZNpnCbrYqqoA6GTt2LlsGpMXiAIuBOflO4xalf2UJqMNwdIqrDpx1sSR0ETvfRWDtEw7E/6iyuEMf0+ViE+D/C50U9OF1pY6zVfpdxKNVLWlb0mpPBzw41nCuGeSzc1mu3RkN/Fj1JuXwkpmVggUg1fGLjMHV7ISg8JIZHKC09u3yk+sozo/7V/r6PARo7zRzhpkmk3H9aJaDDttiHdXSRqURH5XULr+EbKL5ff7XQ2QLL+RF8ZmFil9nPSvkZ0IsZsfk8IKbivLU8op3kgX6j9yzZkJyVTGp4vmRdTeiYGak2CUmOEnyIgj4r2gqzBLuKOpYlXiIBNmyCNPEzhaPezgdbcaSEO0FdLlACTEW8B8hO6SJ7uAIaY4EBJ6oGMJiTW4VgT6U7valY4HrSl8tldGMkzcsckZynIlMK+iNi3cunIGyb0zkziEmzuXf4ZbHKw4goZ79HkzpPrBqIn0iJ0z3yvXZYI1aNf+j2WG/94Er7E6BqqzmbxXZ1aDJ1zrcjO/vZE4kAv4a2cwPtIr9/iIm6kRy6ciTO6N/7NoefIhEHeLe3Fcw423fvmEtzNcOd8ZvZi3lKi3LyIpKWw/gQFFPeLPm0ZnsZ3vaAfZs99It8KPWHs5GLWbj1TilOqX8MZTz11vp2XYH8N1bqpK/0eYr+TPudOoOyNr0S3mGsVnZnKWnP4m+n+XyKjoWgklNiute1jxSkZipqenRULi1/MSBYKv6+LDd1KDl6X3subPFFQRtgD88pfSjl/1bp3o0rbc8pjW0n3Bf6bgpWbaS/cMDIWU8ai73x4571BUtDZvzxCzI7pMZ8t4P1XuKur7KbdpjQh+kEsi58dmtXoUh/kO9FJnauJGl8bYTctzrUANJErO7WMvSscyuuu2hTPabFBmYl4kFCpNDlPwq6Flnihkq13Kd/5stR58kCVVExAWIVih8NQeSOh8nQPTgD7Ny4gUkTfL3pMyaPCckYu0sfjKG63N798Mz6hJpkjjuKep1aP06TdM3en8q8rvn6YZvQstg/V6WgzwZNgLlOkpKRYlPcoPU8YNXHtLggjgjTqR7GZCNphcgUJtFJiZOS3WJ4XLlDsuoo/MX3/OkL0e7+e00TyjLdk0KHnTFXS1UkkJT02gJlZDQhrC0DcC1oF2vxK1rr3jVjFB6cYWlUoso9mM6ert2Koqw0OPi17uAjjd36/eadyiK0+PF9fRXq0tTJa5WPrBmLafiGq5RoUbr9/o2DLsbJWCN7KVdgF3360mnhjId3IDLZvtAmAtcd2a6AetWLjB5jQ17ikm/0zrr5PMAjv19TGClJT1Jru7LS4VYjUQ7UCYO5U961+BRFn16iwh0xD1yvmptyRKzgqePz+rdCKtXQx7623hNFOHUdpul3ZuJnWyejN77Zs7XMzl83fdNynr3Q0xGJnomKRvoLL2w6QnfHCV9P1R5eCesvJDcikPIgsyPJJEpNe4YJmtNq7Gb3UpAhVfgtRoBaKayGRfWyBJz9vf9az0uqdjfiSDDSxZQHKFmD++H4u6fJM0fjrgGngB43rUg7oLKLfn5PF2ARYcuyLYSEj9tpnKuJ1Qn4aebKVtN1e+821Pp820AUoWgWt1lU5ONR1NDZshfHb3+TQwvDp2mlNrhuCdV3rCPSmWqhTLRrRjGfHsGDYCod8rKYMcIHde9qPMqb4lGYQei8Ki9O1zAyLdytjUj59az+wdILtBaY8RK5qRuVnlBYrDfdR6OARyMV+SQRSxe9dPy+fNsxc9wCKFha97apk35KfOHWDpR/EJ562vpbpmVdd+4tqekzfIdZpByWFGPncv+LaDkTvFNbEvSnmXW8Q0/Q3MBb9YL/401OaQl3MbxknQdUUZnHyjf/J6AZvC3JhviZnOmKQRlErvFl8QJ4auEVdG6eJ0e27wc2IqUiFDSpqSHzMwo0DPobBuCc53j/X2W/rkus/RZmndnWNl9UCIaWpONo/MLlImF34kzCe5o1XSHe9fV0+tjyjvZZalQoIpc0qsS/N4lFWqTowzQgO1kRo6tgtQ9Teu0bk9Uf8Kcuf4uLmHrn9OfqX2Db9RhO2kh2xORifo+zY9aBkzTeltfli1CxCWsVHilcwSdwErtDmVnYiSnF5eXd96TNtSmubBA5oVd2DFqnazOsKoCmTTXFUfuDXMmSq1YDZdqydFww1RS3AILsXx5OGY+4nEMDulIJ2vS7Y9XW9MUG9GlE8R6k8ju816OpWjf0CkqdxoJdNj2XiX3jJ734WNEbT3SxeM7/mgR8SwyreTZMpJ8kyFZWW1FmTDALsOmjKklpXcTniKUVJD/tjwqKUJatNzecroJOj7nlKcT3LLQ1qnidX38wf9+iXtkVxxtGfoam+D1VdlzBQu03CRiEuASpwnaoElTaK9ePO7ACi0bP4bHdQk6TDjpCtRToqUAxJyshPM4EA4LMeJvYqDi98otfadMp1tMyNZ059J6DZ023CdWkb5i2TurYtaEYW7mgem/MdolEl/AgKFB2rIdXhEQjp756DYvCKngxz9WhASeau13c6tbqgodTqxk8Bd/n6It/TC47DiEnNWqQyo6moU6S6UnCxA7KS5Sqyh/QLwaMMKNGZ0W5kZfBCqLdA4gMVX+gfbjkjPTXh/Gbb9Kp2ZnueUsgugmFisLezI+RjXnCUtnfyR2Fa+KI5O8CxgqRp4loS+m5ALbcU97tM7XYP1oOa7nlTyvvvt/uEqp+H95dDoLHx5Rq+ftB2jLcrvVEsmQvJmAATr1ZW5dRQX+l7/W5w6//Km1FNZkEhPV6uwajmefH6EYAfnJ3SbTjcnvMSyNWZbYNOZ7ZgzfDRVjc7XQWyTgFuKRqfKMY7zdcNSs8uJpg+N0WXzKXg9eexqXB+YTXdMVr0RcZ/dUKC9uhFYVOX8KtX5SmlhDcJ5Lv+qXFIvSp3hkhxfvoZBQcyMgIjozC0N2+iGu4bgAAoMnzgqiHEUffdCbhFNswWnYX1qQmWqQSXbBzQaft0Oq31PZKB62gh+rvvKFfQQQN+5uc8Q9+17Eeabnj5Xds7QO8cC1o++tOUKC1tpqqQ49oZq3+m01zYpTcTMZH55x9DTwKx561ZMlPZtPdGDcFRL771TxZbVR0QPkWJjw02/8FAIKdT1ZltPiCmWqqSOQ7p7KK0Fq+a80Q33bwwvXA4VdclFmtkys2iyRMcmsIjmRkWfdSWvA2do8GveZyF0h+tckP0c/dGjxVwLn6QF/pw1XcWRj914A5SB9LO0J7ygXFZDlJCBsM2w73hVue8sHRlWuAlJozSfH7ycF7GEssd8J2DB4Fb1kwqGZfr99ksBaK982ppjUGVIT/GCZWNteM6XnsRkh0/tW6kX3NXWlmcVS6OUxyNVsxdd0jFOM86+8lUtllCDs5oTni6YObhFAvUdURM5Mul2713ztcRfw4I0GyUtk4DTyj55JsdEa1PoFj6tZe1KoGhQwdWr1nmtaK0RpHtM7Gs2NzpBMMEc7sD43KWPoRYwD2P8PO/IF3ywlc5sqgmTRaDYOiqfsR+gLAu670tG6MB1m1c4JymclUlQoCj7RDknLwO8BZ5z3daPDl6te75SNI4+iphwipRbX4WgtMBAYaKXR+PAuOdlQhvWoHfdG7O8IVNqBqtaeMPPSpxAont7hr96mN7WdTcBw0W7cm1qklL1srFG0nvv3amwxH5y9CvGoX8MsKQzg8TDtyugKKgjFGFbxtGTrqi3aNPsQfLoaWCMUhABi0Tyitr8FWTNbe5IDikXh0Xgle+BA4WV3ea8Yr39gkjzSLRStk64ZY0ddqYjyjmk9mz16CQD4eaLoYcsmHdBbPotej2yjYCFNaooq+5BcliGgZoAznnFDcQwzjrpHCclY4zuQ/aFYObDX/U6noukLM+1D8RlKDhXuFefFUgbUtPGT9Hj50zC2C5ufU2FpbBHeHDdFKcbvDHplLgdBuXUBOe4tn07B8pLJxZ+dUVfzgpp/YDrLlXVm6E8cwY9Ya2Jq45HHNUR4S0CwYFZYSQHv3kMNTeJoO939YOUlGZ4nqtUf29LAX6S7TX13ntG7cgj3awg5HJ+/ksormvzXWloUE60/qWB9RAEVSVhKtJOZ5LMyvfpU3xvS91MAEk2BykNenM0xoGGYWHiN6k2TGJr6AujUsh6mEy+H2kK/jU/NH4syf/H2ZAPUkIjlyVvZMWclmmQIMeCWLkuWEb1ZilwYfLZcN3zL1VXnQWoyQn08s8QuKVTmzbZz8ffWVMD0tPbHolFumzpFDi+occ0CFXYvRHmfD29P8Smq7sx6V7bxLRpANg2m90WjrVTL1PAUEfnqezMMdEvekWve5iTlS3C5cxYRY+80uQbc1RF4CJGNifK2jTSDqb0as3eCJExVXCTKgqay5uhn506xTnq9Bz21kwfFieRxcn2R0hPYX2q5XAoPMHOOFX6icKV80WOtt/NAzyPReZATyMb4XBT9Dnrj4RW1Ly5zDebadSzhqt0sdEc8qpsViFpHHXZdotawNGjktfCQxfUjsf1kuCLGOU0uRE2O5T1nS9BXQA/kltccdFRnkntmLU9LJegqzCR/qAVBVw2N6UVKGTnEDTh+umaU+yx0+hIXpp7+0fwW5T2ep1zKjPjzNxzJxIm/sTo5Z6MJS412WVLBDerWPJS64rgI5anZa+c+MY8qauW6jcwkId/xU2/ND8W159/Y4pk+XHMa9mQjzNzP8M3eb7ZwysMbmv1hbhkzzXdCs9J0+oppPun31yDwAcJ9JdCvGUcD4QCh1cFSx5ppBZQYp2ojudRirIF5hq+Y/0GUXhiMhwEMStdm2ZiNCzYrYMDG809OJR0v4JvITs7a82U0YCCQ8TBuDxkmXqx04PyUDZYxG3S1BRDnWYrTDg8aW45DoD8Z0lx9J+/afckxZ/6xOHUQ77/WYP8VxxwPnxTfnQLynvpN3qUzwt1eeJC+PImildt8gLjxlBJXLHZe5xKL7FQq79YhO/Zc/Z9F9/zzfIWbP4/axq/zloF8brg2x+SaXttHzbzUDuym8u7gDDnbwwV4ed/VQUCvb+b7wK66NtDp3/5sDFSFBNHdvTCmr19ApY7TktXDQ60dJkucMpBa76QMLsq7aom0QZxNrQ0yKV3250yp7koCpXaz2xTqX3Zak7ZkVaukkceEx4dzx3A3/CCYSKMHX/ASdoNH+FAgiziehzPJGSW24N2nhoFHMfZX31gEkKZfvA8TPSiDyVb9/p99ghe45w5mV2YSK75CtZP12rHmhaOnxU3F5wdvYpTGobL1oB0x6ZrTf17tWQKKixxEKsaz9mNdRtn6fnBhOUBToJ5x9zzKM2mB6naMm8UgnEub4qTxpLM5pHeMA45bnIst6VJjjNcGmEug2yZrVshVSmGMcuemDHwddaBrvhMMgiaJwajPRyGCF0zexCflBTf0adg8eyTcbMe/MPdKGvmECOrEnxmwPV1T/lJ6eSbdlSjEuTsjqWd/EbzMxKu6AusumdkOs/yUgM/RlSht31/Yf+5YjIWo4dDBU3NLpjq/6TyQTw55qjuy06HHz/PsPBhb2tvdTc3ga+6aeuu13CwrZqz8FF5L/cjmxxvpPrjG70aDOoLY92pTps44km2kUunZoLWnqTK2NGcW7gsRpXSb3z9tMReG4LBmFGzqTJrk2yFZe6xS8qC8crq/EtErTUiUQsBEeYnb8Guj6REpTVzWTXJsxhwjAoBjV1eaxx4OxO7bGPTEBTdlN45LEd0Qrkk0s4pV+a7HqZM7gI+YEEDQOmk75ojqebn5BvERKlKaJUiJRVDj/o03vxajB42GDa1g628f9d52xWlahh+RnFdOFHHggv8oWeA6LLIJceoz+7JtkfsHVeBHuQymlY0Ec5ior0b1ykjlewYLa6GO1c/BauULoDuG/3xHpk+meFyLjcBdndizUuGAeQWDNYZve4QeOIJ2P/XPh/8KWMxIruANVpMeMHPutuvbWlf4qmkc3IP8hsQ9RoMXMcmkt2KWVdiaJ4f+uXQX+NUVLc+xpqYv37SIbUBYbWjTaaTIcm+Z3fy9fQvbJ2XvONPpU69OqpsunEuryLil1HAj5na1VENr2Ps218EDC1+PgbcdjZuCD/yPzcDXv3p1Ff4s94ZotcDvgkP8B/+0znQSuf9uOreW/FR52chhT8dqT/ZRn/5m/pv6j+ola4FhkGsvlx8jaH0rDGDVyS/OB8cXkky/JgD9S4sipGyQ9vJcLX2qoTdSM2Fbcmf/1qR+Bv/6uDfHfw3UEsHCJ0Z1W9DGgAA/igAAFBLAwQUAAgICAC8oWlWAAAAAAAAAAAAAAAARgAAAHJlc291cmNlcy9wYWdlQGFiNDllYmVhZDZjMjRhMWJjOTEwMzY1MjJmNTNjYThmLTE2NzgzNzMwMzYuNzI2NjEzLmpwZWfteXdUk9m6dxCxIKh0QUClKX0oIXQLhF6EJISSwIh0JJRQBERGR0VAogkmSBAYAgESSOhgYNChKgJiQgJIMfRelaII8nHOmjNn3bLWne/e749vnTu/d6/1Prs8v92evZ+9194b2BsFnLSxsLYA8PAAADz7H2BvCGAG4D1w4G9hHwf3A98RPr6DB/n4Dx8+dESAX0DgGP+xY4LHhU8KHhc6fuzYSfGTQiKiYmJiAickTomLnhIWFRP9GwkP777OQb6jfHxHRQWPCYr+X2PvN4DQER4D3rO8PHKAA0I8vEI8e60Amf1G8vL8HYDfcZDv0GHeAzxHju5nW50E8PDuN57/yEE+nkOH/1aG58B+Fw4JCUucOywiJq7lBE0nMUXlLsNc4E9Z+teiq4/Ia18Jd1ZQ0r3zIE8H4o3GVjTh9pkkef5tLf9g2s9SEeIBHAD8rXu8f2QJndO6vHpAOK+C91o4c+ygiNMdbNPa3iBAgHe/rBCvEOAiYA9wBfAX/sK/EHjEpyLzq5ys4V4QMRm1wKzpzNm+uh1q5vmwD3eI1NTkC58daLZ7gNHTYdc2h+68VChYixWsHQ1NVjb2BOe9OHQm5MXpcRtHiSdDqENfcOltkxdQPEn/kPV+V+A//dN/UL7yYPRUwu+y2T9I/iL8FyR8sPrhzvPi5H1L8my03gOM0WuH5zRFnTjv2W1utnJ+HXlxBvQ9AP894Ut/0mS9XXps075EVbvSmXp0TkhVR4yNNQQa0VWlYA+vy4skUQv90SGYwfZ8j1BysJO2uZUHLnFgQt92TWOF5bA74TDrdAwbsns3ixH6ZNIj8cfCZY9JO7g8BAg13+lhHUGkhi6KjnTeSpIb+sYHiuDKedbOEAp6dnIZd078ezV7wJV/iAbi3AHlBsJXkUsnGb+Lx8F1m/yoqZfm7w9q/C6a/c6A1YKfPWj67xN1ef5Dw/77NfxF9v+I7HIUZnCzBBlKRsO0oa4euD3AwFhaFetHjEyouJGdekENonRtpA+n0CsNUegUqa7LA8r5Mc68P3+s7VVy9Hdc6Iq0EwVw8s+Ztm95xjiSW5D9rT37/djNf1qsm+TbuFOa/R7pJUw/m1jnC6MRdEKdjUZpI5VB/6QnWV/xgv7t2s+Ip7VfRvGyZWxsvXlEaUIgDiihUXQuKqwcgjg/sdHtaOru4h4rhomI0kCez5Fu3lxUNt8OjlQ97YP1JVjLluHgZbY5MyolGTuUwwcqx4ZCpqW9MaOD+UKIycZhN7FBPVaF1DLwDXe6Hoqthw+mjSx2ZeudbVj1gEfn0GIddu2TaKKouHyy5buv5MfOpLieDrhxenzlzjtuUli3rMTdShUNHTDSh1MZjmH/6oOBG6mPSNInz3rqG1dyS1A1wNWXeajICmeHtrj8SIsZg5ThSheG9BSCiR7ONrvwcH3RX8e0cUD1/JEXRKLRZNT8DAQy1Ec/1j3fY0I/QrYMdJ0E9ziHWiplL+CKps2qwzJTfOpH1KuBR5PnZfwIY1fmaMJDzF7gUpBW8YaDVknJp9lOk2nO8+MDZBLjcljOVGzCraP2ivbtFZ9s3mAHiX1G0c+fP1xk6nSLGPc8/CJZYRhbRKfUI4tyMDZHfctokZhbmmhkkclghAuJVKeBn9P4tnN66VPL6xbFj6+T1g5uwCpGULpPLs1eCFqCXOW0qeEKPKuNvrxhIjjdqbk28U72oMP6r4WGK9RqO0vFNqo1ye4PENQbaA9nZac3qcL5ny3lSNMpqblUxjTCeRXsfQO4+MLaKyEhBJTXAWTReq0G0Jy81AabIPPowFe64J4IkfLXh6tP+U0oNqlqgGy2wLNLFAbHMOa1eOwsKh6rYw4bIU5mUlCS7ZmyJ19caj2FahByp80JZBiQ8hOwZ2QDSlT7DIS48ywaPDHpHH/u/Sz8px6v6PyyuiH11atDg1V9rTM1eAjJFGpR1RdPfK0l1TqHTo9lhp5S+XCrleAxBZGt2cwBMfH0jpcNkfSCze9IsCKI1zUiVcDeuxBTmEOwmWJoBxS6dAtsY7vjpbOlIswdO7R1JK83vnYpMpbe9hRC1dSWwkLpBCN25FFUcRGFVm36+NGNGimYuORFiohFSER8YlPVaOGxLC3xiwkhvb15tkP5GI1zknk3H8KNPyMHYbTOPYDDbZaP8fH9BaNBoM7ATdr15ak5VJovzlPJPpyOsn+b2qDQob0Zb8+Xe9TZdSUjPluNc+FbQRqRlP1p/r6CRX5UDQMFs6iRSKwQRERubvoVVT0Ly2hOWBDs487UeVK8OgStTweRq7vhtOJWNI4U2VGhMt2QnqcNmwNJnx9PfSA1Ol3/OWg8K8z7UoVCN7uLqypVTOGkP02OH/VsuU1crmKPnCtoMGC5XIW41BvG+rjku4C9E6MndzLUZwv3N5f7ARVK0gmEGlY9dk7KoCtCvt+MOL3SSaPkTGg99crodB/K4nwMXzL5vuVrd/kG/P2QW3SIlyI9mNion23s54723/DPXLne/qzoXqCQWg1bT9x5sLik0G1OPM+PSAKmX4lbYrWam/eQYfBiruO9Cyqa8GP5L7jW9LyQl4jc+TUrOrRDe/hl/coF/9G4t18uXC+k1nt42YLFGL1XXeol2JD2TC0cFRXtRt/BxtBtkKCZ1dC6zjOBYyfEr8+/tVoSe+qiz70W8taXkMESO29dkNaNQjnCYNmqOZM7bSX3dmwv2z4IrUuepS7VDcHAcUNzgQQQRO2qwps0LIK62KuL6CXHyMh9+Kl0M2ia/f63+RC9afcPx2R2ai/1q2KFDD9HrHStkkfHe2ztk85adCroScWwWJWW+VhmvW7am92PddTcJ9nBsTsK/pjVxxkGTTsXvIeyfQsLSYTKypQZkVzdW3dMdHUlW2cquoujQ7AMEhAW0aMLVbxm7PuoiPRbvy353d3CDOE9wLn1cmaAe4zaCSxOfoNO/u65DjXnNsgjA0dTOvxLizLxEioPlYWWSPlU2q0nTvNBNTdrNS3sYeY9xtgYcejNA/1mIS2RWqU74DtLuMegaUYBKg2o4bELL3MK40LEJHiwCLc7TluqGcpW24Pk630K3jXCMSTSCuIzFLZT1TkQKa9z/Tfosxilq/3D+YU2HarOmUHoNOldm2nfjHW/qejn29ZzSZXBp9/GiPW61mTSLDa6YTfJI3uApFfqJlZZXdTh/9rZjN2sW9Pgsux3JzCzYb96fMkInVP6vtZ253/urQBQ6DVVIOKTo0klMbAggvHJWsrgndenolztUtmZ/GX3y9H8Dr6uJj2Ww9VolablONOpX5B30zNdTqCZW+rSb8vjcx4zAiR+LJiG/Ty8ntBp+bsa34CyAf7HLZMzEcyuksOM2W+EO38R/X9L5BiEUPXPK/ZZ33zr6uc9/UFSWI703YaP0rwWOo58VZD17bXM+3+aYCqvM+DsnzO7zmuarQ2vrI220ozymlf/aYKVKisS0+5F5EJf3Q0O3pCgEpRgiKeZs6fgBsUPM4ts1qlRT5S1GhXtrysrFlLyitGuJTLuesAgxoo3KL6OHt6wjQbb4cWsJRqAMHsWN/IXnDiHWWv1ov4eUnj/WGFNDA2ablfRsH1PIez0mng0LbWveMggmxc7imD3fSLDA1iPcP6Bfp6t1k7FJa843XGO8MMn7htrdZvsAUx7Dqe2TbyW/mQZRN8KZlQsYQwoz95+Oe/Tg5ZRc65xE9YDvaHHzTAYFkszZK6Ue2mER4I2GXvZ83EkTCNCISDNr5QDS6AwsYSGsOvIh6WEeFhzfc4FdauPcu4ujZUG3ffXasHcDNtnS/wpOVQSlbTMRISNwD56mIChq4r20jraKPVUcg9OnZ/WE6cUu3/fukbXOHFASSX04nL1HuDU6JppScrXF8Ga86uNhl/V4MKDzrSnv5Jt504EmVSEd7NpUHZK1m5xyqsxHWPvdj1lQkZqA/MVq3Jct4szoYNId9j9SiWdd6ckVYUZqFPYXQkxBRbtvY3LkZ9JCliI3hkXhTiL4nqpRY4YBGj/Da/ADrOZK/gFXGLZ/JbfkP+BwufW4V8iqAa0tKXgz+zJjq+TDI3d2UbT/l7zfuM9wHGtid3IVe7gw1yvidudpehm3yIAxFax6YxaWpTajbtH5Sdk56Zd880tTbTtrV5WVdr93TNxvINhAlVgWHhhIVH0vi/Gjdhv+drETTwwZwkFDo7jaJupP9IH5YpwyS8sPaQF4wYzzJ5RXy3i6ZSYPQBL4+m8c510WKJTqj60BfgIY7UkWv3JOjKiRhdqgOFYsRGf4ZbyBViQT3bs5K3+Dzu1ejsxSagy7NOYt/xF2hbmkyl5dCh6mOaN8lqGQh1qwG/wekrVkEH/etsIMmaElyuNd8BTTsv2l6KCGoyrLPePkNWdBdOitwQ+zl24QXkbvUEthzg5XQ28v+RrDv0MnJ+r26bHu6aZB6loRWnScqxjrZto73IBZoEJCQoZAaiVXyuhyR0Oc+IMjrVUnfH69qBON+xiiea1UtWt3k+tXYPvmM3fRRqu6lURlANGcXQSRgLm0B7+7oGn8rI/rbG+kvu1MFZl0qZkTPVEmyLSRPEWKPi+Kr7SY1bRB3+00OL1eUrupkFHSfEMbfTKdvVWTRTrw5zEdtC2yvp6TGkY2MlJoXi2bpoeZDNNNVKIy4dzOhX7rn0U8ClHLtaElPpgPWbqbWjv63PwEIU0bh/bDp9QkA161eneU2Y/+qI8DPtjq77TAEZqdo4mmOMeA4UyTj2cnY60fXUxOKthkFFUE6GgcbHF6il/3UKcYuKOyrbtxeyFgI2YlY1Gr88NBV1NTY8WR1klx6Dbgi2wGxytehQwDY10mX+wzWSUYSzmhzepJQh2hD/B4orX2PgUEvo2K+17/NMa3Yr3nPAt/vaCMEuYLrNG14ZrBfXplEX7leTRPTOAN2BEw906sQ9lElJE/tNkRWSINkOp6IEfY5G1pNEtlIAZbrRlOKqUBv9IKnJPSeUI/DClvYaDAkW+Olrst31xfyAoMJGC1tWo34bKTRWmjqqecZMxjgrrNbUZZCCme4x8EeM4cIqivSD4PdctZvsVy/lG3MuF1Ir7fQZ9GL5Sck4Hn0/ALAmbDoY4F/fRbyF6wbLBvUQDJ0MdLDm9pKgN88M6W9ulcuvSvFVegnm6ollkpZ6B+xZ1hiE1CYV53rdL1j2Vw4yMinNGUIJc7ixjylLxYmfRaHZ/2SbVh0Fa94mI3wMcAH0rPXXXJp5Wz18KtoU7eva3yOff8Y0M6gc3ig16yOJ71DiDdYk2S1lNLPs74XrSOTSpIXbdYcObmS/12C8tlabmXPL3ADNPWCaGe4BkyZ4yy6mGB3aK6NIGsNh4pvJSp8MHVaSOfrKMDmIaiLEMRTyjUjIsbDLzTMeaUeK1TWo4rwDP0sIod0vRJXSulEXlNBvMzRJCZEYWfv/5+Yj+8ZfjApe+7bbPWHXei9KtMrO9kVOYAlKA9l6ajGQaVMqVSdPt6rVZjMLPg0k/BXXaVYd70K8OnbVxtCglEuLKNtu3jcaZCifw+zPyEWON+NUbmIYKJlxP9USOLYfNdf+akBWEEl8tIAwEz2tCXbYDn3XIR8HsQuDypBuNUngnp8dgqJff90dPc8PGTgh6nMflkLauDBLMq9SOGsHm2Wk+w5kryCP0zpLEy4/KVy8iQ18ohsCidArc4ZdKkzFQsLth3C0mfH/bRTJ3P0gOJCaVVMdkmZiViVaamUEEOuX7opCCv6zD0p4sjA8ypr/rqDvYERslMWpfSjZeFh13QqUGj6GPIUrDkNxocl5eNtYUxIFacDy1RTOFnKSpKY8QHImBlMbTnQFr72SIazJUo5GDGcpiQk9pxUFvplzC08ztdks30mmgdeme46vKt1rE1iXiPPD1wWRFo0BhyYm432Z3j/PHGOl+xHAcXp+fnAENUdRXubzHW6B6g/ooNaKhKl4myITpM1PJrweZQ37Dw4ivFBBp9mg7C+vHag41nIYssQ+B1F1xD5p0lKoha00zu/g7UG6CYFz1veBxf+eu0TZ/MJf/i2dnQANccZDA6Bs8itJmsRxed33JlJCqhzjLUasU7TggA4k8tLa03KqMx6M1PtYEODblw9zVltay/AWc5Ocb6LepubaUgYFeChrWDRKT4I5VoCK8vO+OY3td1G+tY4hUytJdd6Lb2Y7AL+wkpbUypBUbhrLvNB5+wQphqRI11ZF6sqI/PO97MNx7cijLnG6hRqf42d9Oi4MnOuR67ITOGqvchLU8vUnI6TC55QTbX5Zmvm6uFXr6biKT6OeYjQQ3YsPuwxImjm649tvS+Be82EaU3ndX7FmMxPtuiHk1RVTzug8m4PljS5X9caeqwhig2+4E4NZPRmlfObLpiTdYMGcXZyi0FIWxVFt11nm0IQZaKOh2T8kqQODFQPNoYsdDJvts22bKggzyY8qYvYeZTX+927VMoge5Hi/2tjhtBLcCHWasnxEfDk1a3opVh8KJUiXP45jrWCiQBXQtfgwO0rSFQXQ3/bL9HDqbEH07Eqk0x2ILl/FDbx7jN/DA5+712eU1LtYfZ/YPPJtyStaExf7l100+m6ndOYxgUtzVERRcoqaCqsoiy6aFfkVVdycwxEl7AKQzqsxjth/9sqOT4jsVZAqH9c4i0DeH1xc6HWJnivo6i9R3+Y7dRLaktcZ8A9t7BCB9CVJx+zMi7+NAdP3S3t41QoFbbGxEzH1kaLjF3pRkdDaTj1/wwBvNUcqEEeuNn1VHThdzHZ7UmiCgQalyDE9291cl2lzmRspNUWrjeOr9T6dTat3oj16AHWWQ4DPUp+pkNFLtRDAzAWlFIfoyILcDs+Vi8t27DKVvtreARNo+Bni9tipvK8xLpc1JSNNQuwttcV/Pb67Mmmqc6msKyieVlP7KhDj3VaUVEt0G+7q6sFFA9MdhvIRp2lxf+ELuaosae60F9dLysjRUt3pN/hr6BQN7WhBaTEdnP3/adcOaSK2Lo9L9tu69PB4UHqXOUNduuUHLS3GlBE/kxAWlgOPdH85yRbCybFZKeaPYY6hfbCCXei+1PjB2IemrBf1nQrFwJRaDI/EVo4qJbEsDROZyhzTHswDaU5B0/ugzGxUX6CuhIUnej7MsS5iWCMRJrKO3QQENi8O+eck2wPuvDizc2wqY/tVqNkjxBQzCfkmlLGOCChtlsg07W+WAvunx7imTHSANFFJ9DwDwfnTZs05ZVe29i3UItdpQ9K61HOboC/KEDgwcz2SqzHUUF0/a9TqQu76iYpJgH7cm+z9/E4zA2zeG9k3SCi3rA8TJRJIFCLKhFF8ZlJ9heg+xv6ZDBU9dmVL/ILxhzWdST64uoxKj9ZQ9yyt939fXkYBzObG+uG+gzPgeAIoxNu0uX195KhMJgaabKsbjK51Ms4snu4EqqsQpbqMQJNonuIwX9G14qxNvj6SfbmuuUKHM5BGoBBsxG6s5ZhcRVPOOK0u+nm6LdSrZNaARH+E00NHRJpVAaY4lsIOoohFQnCCkHsaBOIEFEXMwNbtg8Xy1bA17czhDSEiKyqBbvyCc19ZuBQj926cG3vvj3NaGRGvQFmb/RvHH9UT8UAHgz71J8BCavZJjbuNiVqRizH5yg0G+PB5p2OXELL9flMqg2crtiO7/LMgLzsdWrwZ51uxHLr3iO0RecKLEsf+XJel7qu/Y1q2nJ96coM571ujvzsESH+5+2wOMuHxfsuUN+LOXwDa3V0J7gPWSV9FJP+rv1ql4jSsR3BDYyiJB64MqU50eQ879BpS+Yk7XIh/22WsJ27YqrEuP8Ls51Wp2O3a+n99MlcPYAwRRa4pT+4pzeiXAzYUKvgeV9WRz3JyJ2T0EK0Qbe7OZjvXAyQHFLUmFi/jUV0WOHgelOc8mTg77M/IvyJg/cZspxsieW46RfZTM3D/6yk2X3bZ3IHfrDGNV9C3bhJq3Qa7Db2t7rVZsMSBGGVZqw/4IZZE1zIRouhmaNELFXxvWejdsapCw64YBZwTW8hXSHlZ0ZA33ay3Ix+Q71eMlcfRCkgGIor2WrFG7MMJ8g9fe1txRpPMjQ0r9hWieZb1ZcM/C6VRcoDmLOqnHNJMWype7ft07EpiMO7/zuPI45ObYGRFaLS0gRNCyViI8Su2BpXzu0/nHwTDDizh2R0Ll+ann87eF6RsgA4rz+/LfBu8l16CbVIAdC0rPiRgEx4MRZ8g8/uSYfpt8bgtGU9dFwPjr0sfsiLJfIj9ppbn2p2FMQlHPq+y2RWKs3eDNjcuZeAE/2Sg7WlDpCYxBJFRO0QLlCNe1G08D7QGmEx9tx/W2zj94V6HlHwxLw7oTsdRi6sNGAw3rhk9m71Oax226Ln0j25so+tqLOpldmn6JywHJcxU+aYesXK+XSvPqVIANN+xq6WkzxhrYoj8M5YaT16M7FF3wcLn5jrdLyhlX/BkXvwyn1vJZyicKbClgOzrCWlupKfhOFZvUE6fKfba2G8+8Q2SxGInPaefGxPcAcJito0xSSoKZdzdLG2wVpacIN4rwy+2Kk0N5TWkkZlyOEjPizM/fzKYt4T9UmPjXqWt4dWvbZXxyyB9OITfBNurszvmVMJTgR+fkcHn6jZJWNHBE4GZoT3gkj78kgOe/NuS/Y2IrtzVxV4U7Qhk4fjEcSv0uF0RO7pBXLmeH2dEQ6yYcDbR7ow3N7q3eLwf+HCO/HeTnpS/1OYdcFMrZkItphSWF2OvEw3sACsbh8fcUvtHBeSoj7OcUpkny3I2RUdAlAaVuOveHNS9O1eJpvYZbLW2JLj3lI3cf/afJP/2Q9UfkxuDS5xNiux6mLdGA5j8iTVXBdV3G8I0b3wQHeI/+ETn0Bxvox/+8xr+o/zdS8z8/jXSCmJ4Mdy+qMVHP2uH7Lt60uSPvaHSB5UZV8Wpnc9hvKu2N9gDsLU3HPQB44E+6ib/wr469D/8HUEsHCE36pSkjGgAABSkAAFBLAwQUAAgICAC8oWlWAAAAAAAAAAAAAAAARgAAAHJlc291cmNlcy9wYWdlQGFiNDllYmVhZDZjMjRhMWJjOTEwMzY1MjJmNTNjYThmLTE2NzgzNzMwMzcuMDE4MDA4LmpwZWfsu2dQk13XMBq7iIh0QQEhCb1oKNK5pScQWiiGaqEGQu+CqPQuoRmqQEIIvXdEBCnSJASQUJQmEHqJIIgcn+d735nvzHx/znvmnF/PuvasmbXLKnt2WWvvfZ19PfsOuAnTgmoBzp0DAM79/QBn0wB1wIXz5/+V/sLFv+nS1UuXLl68dO3KlctXr1+7fp3+Gj09ww3mmww3mG7Q099kv8nEwsrGxnadkeMWO+stZlY21n8xOXfhb5uLl+guXaJjZaBnYP1/DGcfAExXz8lfuHvhHD/gPNO5C0znzroB3H+VvHDu3wD4L7hyle7ypYsXzv+r2OomAHDpr+4Xr126fJX+0pVLf806/9eEy0xXmK/ysdx/mEbHeouT38jU/MkYGzvkVbIawswzJR9obPLUx7egGiQl+0DO63VNbd0oh4w3JhUsrf4srJMkr2FX3/WXO9e5c/930f/N/W+ZNNPf7HMX/sr+213/q8Y55vMXmC7y3b/0kCWZ38j4ieer/FHWatL8DkQKgencVTujAK5fOPfXtgtMAFXA+L1z+/3F3ZEBycLpjLerFsNzbd4/rrGkqLy8OSQZB1fKCzFFB7L5IPIif90jT4nwxwntrrl6JF0K6w96BFwH3hcxrkBp+k5yFY0/MbmDBtUXiIXLOUNpnBi9He2wO9Lum25+oyXmWdpGtc0la6MlluLpz/eVhnneMGLQFgz34UV2X3dZV74KzsIYbEsFB0PvuZgc44ij+cMJEnocUKxr1Z5Z0xYX1C7qapKwER5qxnglguln4rb65l9Dea+Vpi6ZWeJEgk3GrZ4YG12cg6oUYQpg2SBHT1yChlbZMwEN1am0khAVn1teBK0EiFdqdPKcr7CXGibFOKYOu6wFBUrxD1+tufBvbvO59IJkFScZHVMIsuttd83Dea0uos3Y0fdfgOOXfyuEMirN+KWvl+rC7ybALEYuYmjYn4A/H4IxIlX55eEdEMVrob+N5KjGbqGlKSsT1jbVB3xkOTyGPS2TERUjmEOI/35qFf8y9PGFfXkG8EGN27tcYzjUlWwZH1fW1241sHvuGPCHK7Dxi66zs+dlB8s3gRJW8S+MRe4/6Yvt2kPa/9KV/ercSycSqJFihL8Y6tQvLNXpx5T3mPHdlXmVYJSV4A+9N2Sd5C8EmxAa5jb6IlJGWLsvOg6LTRpvZKYy1wmlRzBxmaT0cwb1XTn4a86Flaf57IjhmsF0G9/CroSGeWEd1RgO87kLq/9rhO0jqB7UMuFVY+zbz1aWIp5RdM7gfK003GCrcQEEsgGB8OoA/odwNTT6PUjYStVYmOGURXa9tXSkBHztK/77sgkP1P7RyJSaLqcZY1l09OCOCDpvHjKuQ4tBSP65U6HAgOWsh2WYxvHAzC8r6MXoVxY5C3mk5AZIBwOc3jCKkFuczdvrdZuEvC2IRlTPURFQg4GQb30yl4mtJ833zWkprS99iDnEIihbQ0hMQp3qjFcoUNMZ0tKBcqX1JSUzvWVsu0IvafpujDC+pIe+TtkRKjNjQarP8rW262+7voVynV7kwzvyZOhpaGK46/zHRBQN7qbqeILqMCRns+s1SOAP7Z17vO/OAKwFULvB6PfAvYy7BVWE67WJBUfRJb/G5SZmzcTFb4qYs71AoEIy4Xy4cpJT0uWFIRTstpZenKiR3S92vXikvL5xr963FZajqH/j6IIBso551n5+QPyxuAMdnzFRxgzazAAO/NqhCVP7Ul7y8Q2eXWdAHsh/KGg2j8hZXVKutvQvvWocQ0edKeQ/0F0IkNCmcn2S9w+RCs02WOD+N5ZnhkCAwH5epzOAOkuG5diDX91/+P6NgfFBCKNZ+0Z2qOVnaVntX9phSi8uOh4yfr0v79v+v3O4e13f2v3fKiYd5KglXazD/r7udVfLLhDYGSk6UHVu2Yh6LWAog9EruiaN14mmFSwkasBxbK/SZtJakHPJ9Hzs5/lBtJAxeczhOWYXLKD1XG88t4ba/4x/ALC/7br2bbo1qP2b9tjx7Ig+1YemaOO4LunCyQYtKNE0dvEC99hTnw+EduPfUQL3aOCAnqB2NqGWX45v23/fcd6Icxglmi/3WpmL6t9dbNieFmDKKaFK1qGMaN78QOZZbxiaPr1tCEVw+5Bl4nIrdVGz+REVfAa4E1eVln2DKAxjhkKZjTVf80toqC8dvM9QCNmOc1cK2DwDfBs9GsqDZiqr21pW7A81hIRs7r9Yc93sfm9aGTN7pWQ9koD0vJWk75Y4y1PKY61P1BGJMzJZ6wX5OD1gql7kR+YP5o5B9+7fsc4MLbF4fn4d92jUDZea9fq+djmC9fOSUpe0H5faRMb1GGfL8k3jmmwuvV97wNaXKoeSX4i08/WljTLrzJ8ybHMMiuGNhTP7Px6MginenyOL1yOdJWuxz635e43EWqJD/draQyqhbprI2HEwtq4X5dDJYr+AuZXAL6+hxO61TuB5yKGC92WiN9WrLybDcmCF+rjOV4bEpgxH3QRuhlZhZ3EiooQfiEz2ApoFMhpegjRttts2CLO2tCFNY9s/lPKylIxxxRp/fbvRFLl/vfIpVFSgfzNaRatADJt7Rd7pQwctsp77K22g65P4SQWeS8bGNqakkC4p/0tqPgp9zSnVXRgqxS/DhE2eR36ar/ji3KjMbypSbRBnWgTT1uZnnTDelxQ8KlWL7tfcgfB+akUbi3Ops5awSXBzZdypGhQJ9rk3YJ99LARl4pj5x6M8iNGVeifEoXAmg2h9zYto9wFlDitqe0gcygo/cb8b58UxJKqvQK7f77lafg8Q+9vh7iTTAa6mUC06utXgfOmUrGnvjbFG3tqyGPaccfVG2wTZfAjQSOkFtJcyrai395Ob3ztowJlLNw/3dBJwbXWg5fVbY9bJif16U8No/RI1rmNncR+JgBGtRyPapANuzdbLW8OW2taESmvncZFSRGwzZMYKVKJI0/Chiy3Q1UhPuEPaG//Nf6yB5eRZKn7fl/EPQEvhFN4kYWl2qflhgZSlSN2PzOIHEg974986DSTie+noIYJ0FydBpcp8e+vMHoDi3sLDoZ+lEmFWBWN8OTxxyHzdYpOFknzuBvKGWvz6tQEHAgPuWBRiIC0JslYLJJWi7GuN2rlSp5cGxh0mOX/dGeer64z9Bs39Br0GVEXeegMAqB0TCfWlSebok8RYCrbYSAgzeRkV35/yxr1XlcObF7Pu7ClIPdEcAgm8PIfYXFUo1KtZG10Yk+ASO+RX5E+7LIKUReYurcxYOHKuHKkkwEMfOFfypI9SZw7adYtn/yheE7en0lRCTPteyKa/j0ZfoTt4iHCcHCS/NjPYFLbsACGr2Ng6W18f1PuIHGZYFE8UmcwQ9IJYY+o62KyVuzVm7AoRpTNa8zxjEsh+jsJXU2s+WfVDD5tYHongWkS+6ibbD2j/MyCYmgyJ/IX5Za9BNcDysGoEMPs+jYA3PS2SMb6ISrVryvjrT+DJzKRAWFUBpJ8XotL5k3a1ZGsuz/O8xU8XG6J0kL7tvN2o8buj3dzQQ70DZdvfc+0dwz/EdACMzIcEMnUC7cfGbvSwDPp6/94S9ntmoA5ErXbHKDlaP48dLtKVwEweOx5KU5Aa5ayQv0F/NfPAy+hg9kI3am0816FGygiTar+Gpb8BEBWHXa7Qy4d5iavNRy5ZmKyxdm86EgJJb1OisZfq+nVXvVP3+nnxI8CpPHcqhFqzxmBWwYyrN8p0Jd8s6qfVeNy21HCZGoyFNmkO1HKrfXhJ/Ng6Zkr8udEiNlUxWerhCc0ysctE67t7YoXSp52ggqO6uWKFD329IZu8LEy0p4U6Vit2k2v7BaRHmG6IQNVBB453ZjoibPb3FS0tjYDOZFoyJ9Lw3KPE4Q6UP5o/H2L9In2t3vsh6tmNJ2/jrEgmV7hdky4nRgjYFQJPhIE/7LGO6m7XxtccuUcsdZOtSlvHel7WMxVJCatZ8kMzgGDiNW8VwlV/Xy4fizaOef34wT73d9N+iqvghgWDZDxURUubev+4N5Est1nVpWMfidFRR+MwqaC4ixqaZE0qk+27/5mXcY3z07ovPUfi6TVyUDm/td/nML0M1q+RI/obzsKCqY2Go0H6Ym8WXb6+lsl8hMTFk8BuD+QSqnxWIhUG4+J6BGQCR5c6C/+x4oAaz/qGUXTBoBYxd1jSi+tVAUDIh7zKrGuviLJLsWwDeg7lusH9MPuNZLzmkOjfNUsHyQsx1otPKu5V9HFii3jeWTs/Y7bPttqAebPMlxk7cYy0sBQg4Znjj9VBuOZKf8iI7T2myrDh8fKp7DvO5ZDv6AmUCmgjN+Yg02xa//1iGa7vuIoy2qenEEu8WexUyr+Y4fYQ17y4P3mDxStNRMrOoQEuokbWKNh0jQluvkXViY6OjrtoHa76hTU9huArakENM8tCa71C5I/PtaIODwLp/AiGeIXGibfrkRh5eQvGAtmJhJjVVGcpYw+zrd4iE2ezdQZTCeEHGmnFs3AtK7Nn5Trm0oRnOmq6lwZKVap/1rshHjUtm2dFh0+ANVEspAHF9C5dT/S7k3tpSvNngIZnpHMrk8yoCAwVzPQ2TNRUUHrFFJVxCZalYHq+ER53e+0Wk1Vqsbu2ZW/1xDQsXQepjEEy4RJEZuwx7Jd6SFTWCHZj+zC++f4ChQjO+iiWr8jOhM9pgC/uARz+N9848CtRlUwMbSMMgoh0X6MeWeSie+kKPEEOevgCJU6mPFghv3Ty2+QKmB1Rin1DaC8ztQjKMBB7TCcPlAK1ROQygBy/wpQ4aX60JMvhPktRP/47liJzpIy6oWud6QiqEme6btXgiw4N3d8jP+P+FHrtDGUXhpaO4z6nUzMF7UuLzOPz7cKb0u72iy+ltV4MWH7NP41RtV2B1gum6Up0yT7BjyuQrFdjhIzqNLSrL9s9Mgo2KB7cA40UgP84nmieAQyP+W1/hNbZ0jikP/H0NnDwtSAkSQoqESST+qY6YcniTAt4AJhno3gAm26gNPBmDd1E4jN8fF8sHif72bBGxg0COfqZ5L8aE4r9MxpKVonO+JW3yXGq0dIMmt8DHP/5L1r9vyvoPzN4c2XyQKNj8Azg1EFVxRktC+2gMboTqLs/LnEKEFchVH4p1Q8+z5ZenbtnGHwobo3ifbTiLspmOWydPzdReojIX5H4su1iekIcfQNQfHJnrzx0P8PJv77klLwaOFCnSBl/QfWxA1y++bn+DPB/anNLXWTyDCDvF/XconJWPyq7Vb293HyLoPUP4Mn1UtvfyxTuTVSHrwKP1+aNn/W2LTmcgHPhkP8I+Y+Q/wj5j5D/v4S8BCjc+5+eZ/wH/t8DXVFyl0uahYk83gNcgPnMM7UQON0MChj+E/KUnX2iaj/5wLrXwiLTk9Un0yysM/nAfjD+Reh4S85pUgThmTmH6WJ3x9CvSiS1JTFr3nmN9szXRkmXFuJE8b8ulfkEFmOdxLdAVa8eqlFtS63cYmok9/u0krgvV31elNuIpNh0STgZRzeCfiXvUe/f3TkDeE8SrNfDN6akhHs+plNtkOXi2JAUoEpF8HsgfiL1nkXYs7LqxSt3Y2za2/nvnwz2pmibj2/4muO+jct4i6fry226/1EKUpirJVC3tckumb/GXGs8e11COq4Il1I0tarK+/bX9gRa9jHG/UW60cZ+mSYhMRLB0Rr8A57Cf9Q//slNOmQH5qiSUKa9bvWWZZOxWLZe9imZ1XcjzoubQrsnUe7669WrRYeIkrmfIf4H/gcjRl3vsk7NSt1lQ/x3NuI+GECanuebCSeqoidnMFTvulnPxizjdi0n/t7tOwI5zlkcaW4EnTzlz9ZqvCrRmeCtjw2ldS1JvNHHXMoGRTOjpV62B782A/NS1tDHjdDmxkovVJvzPmVfVfD8hVJyKZtFqCebIsGkyIxkjV4Gui0oJe/10zhvrRdT+HjgkXGYQnMvpju+UITw47TwdLjSkObgAG/0ZmXF2gF6dbalFbVLOfSfpHLLzk0kbFq8T+zgrgztZwGkU4+5ucDRy73XKjZqhIip6SadgsIQoMrzpOLaI0YOWF3pn9EUQ8+p0pfdCDWos2tGu3autT1Zwza6m3YjcxM1N7C61mYzOfK9m6aSvrH+7b/I+WVewIZkubLflzZkft0xPvW165SvDgU1F0Dt/7n0vCULZ3iwl8wMNZ3B8qt3k5AIUO4jKanhReryUWJK+ddGN7jt+l+FTzseQCcPfm72l56OHPxsPwO4D3EytoTpiYy7XVKa1b0kfABxKyUqpmrmzQkgZ6RdX0+/WRcNpBEvVffQCfNLifc4tlbVhHrsbp/eIVgwWsZr5An3UiFjnJPW0+FLfY2g6DjukKJn/YTxIOv1nZ+0w7YTW6ddZ1pi0ouh9vJQ2P7mc0/5UIvqQpNp9hkHwnmfKHMSnnAb46w8BfyRzfSstPRtdHhnmYKv7GTjU3iG13A5KE/3qoOZ37sEgUCx4jNArNKQ5Kj/djHBOIfPQzir4d0XzAOeXhupvrhapV6JlLLRelIw+nSGoBKwuLc4kKQ5id44sOUtnhv2fr7ruNybanc+uNhjEZoCbliTmfSi9EMsg78sfLGpmW68snO/i1qRJkVgWtuqN7La5rIg2TXE3PZLDjaYUL7NQyTRuA42V8cPKhvZqGuntoVUf+lNNPXYfDqWShnlYj6YXj/Xn7fYoZXdHr6goHzy4NltqfjfGnfFh9hzaebaTz8marj34Vjgybn0XlmdoQHza0pyRiA1hJcohrcYmBLFprM6bV5MsnM86Qu2SRr32fhtu1A/fdD6/GcwT9SEj6v1twXav0nz+Y2uWtHata0RhzSwYabrnEkEECXLZDcYv6M9QFawW1OspolnGbsOxzAyp8/UARWTq2FAiuPvGd84gVbr+ilb8992/R3Mu6q3pkduy271vPht97xl23x07MnOyfKnw13a+6jioLlvujt/OLhqFk7OAEUnRKcbHYgys7o/LZ+UiSXZGbcEEz7dTQ6TEap+LUW78U/IUPns7WOBH3GDlV82tp2osj+2Zn/YAuiru9zDcma1a4FzFhFWLybzYS49wK5YHb0IqfiUUstwZ7SAVV+C4AD2u9+he5ja55ayflM0sONb+eDjVB0317d7i+/r0oNU0lILn3YgeZGOFwK1C7lGAOzACBWW3/nupUVTZWYgCmlVz91XONZAEieoIMOngdK/Z/f001gbGxmFXqizenAyRDm5rU7vXFQ4kHpc20w3h4LptN/xMsJi98TsNsf5PV0UATbDwr/v1M2Cx2IOE5KtiORC0hsD/VdmqxPz9dnC3eJ1d9vvLPWNjaeMiF19Hu7GRgzWLFoqNpf4WF9M5glfkoODhux+bA9YxAjxfw0eTCqDZHt5Bs5bX8G7jlmUzfgUMxKdHUwa3iLf7RTA0qFKjo2XpVFZ37+N3iZJNzXkEkxFZMyMUhBsV42/jNKYyhumwc9UhyUnhHPOAAW+FbxHL4ssZPCNfD2On4Kke6L7mR8h8NUfgVTqv28vViZYTEo/xcl/8gccP89v4XvUJsRmmQjXvx3P11DC/NZSQNdXSAmDhNI4f8ZefiAVyw3Mq7BQlR0ifEZdqF3qkRkIrkm3VCdajL9eh4By6et2xydEXXjoGWRKLbfYICcV0BKwwNQgum+4R1C3UhzP2RMqiBvpfqZfMUtpef7TcTgO+caXwwwt+hS3uDFGHRd48n7JlNkaxl4AlMYmJ/OuA9nzEvTpNmy4pVsu9aJNSscEVRFuXMkmmIEEDGsUq4NG5JvAz/SNE/wnjDouFpw9ORlO5tBraTfameB9TkmFb0jpWlEsuV0Sw11AiU6fYBHe1VPtP+8d/7B8nJ7zwPiVFZ5zPTL4LlBaSTaZNWeAD7iRjIfukwf+xsyyuaxOs/10QKB4j3YKsJOuJf/7KGn9c5KRVg7VpL++WMvJNh6WIJMqP3LVA6vGGo/1XToJvDU+zv8M2XbedUyCxV1cY1L++OmiE85kTRc5DlbSKlqUTuFfo+d18VvalEDOWGsOWq7N3eBmrE1mZ5gk0uTYoizBT6jxQnYrDksNiygzqd+Lp098dTAWQ4bMtkwUS/hozuNyik9QybpJn91A8o/mRu9oT5wcUnpPyb1Ht/K8NBuAgxr3vdVhmXRs3wt/bydRboSvlYmWGCOlt2jfhsVcQ8pjoFxVjokF1DuHbEpXppVUndpux2ZYlU1saQv2vl50O9Dk7vJIy0nA3+7b03wt83bYqEIkBdBBMf8+hNeuHvWi0mZOa9LqDOSv0ZfVGDGHWItuYVJa8yCg70npesEKU99n8WM+e/BF3KFJXBHI4Qb0Y2pDnkn6WIox1heHF4Hwq2q7K3E6KoUJPbNSvXAHjPytS6qYeqBxTBYUltRGv8arjNkVWJihZtvxKxvp918NG8z7hQETtA+8GJ7aiZwH5+OG03HyoNEFYqCGFhQG13JwltSua+aR/3oGuJj0S/nvCk/KD21ajfIt+OiP+A0cf/4ktjsuZI0mQNeSrTZQTX4rXpaaaz8iRHuTPVNmo6j9q+cMcNmskaHhU4d1g2iacIJBusdclJlnfXNOZI0FazgwGd2ZnEzLuG8Q0b04EPV5643RJqzcH+HSEr4xORdPcbFM+hQjDOYZQ8Stj3QV+3CJf3DInTzomWmXoTdOU3/azIqrZSAAu6SZ8sx1fm5+89JBBuSQhqmygsP0dexzC4Jm4OkHYiXxsOcmjQ74z8+K0bNrls78Uhbsjz6O1I4PIp8fdsahzFwd14NMgwbLYOowz0jC++50cGYon0RdKrNBcrpefO3kK64jSaAiY4xFm/80wkBGLZXypaATr7EPsgsNsLYa6OzlaI1cDI0SdYycpr7SahAwFdDMM5B3KynZdxPLIAnLQfPr2O9pfn3amBC8kBSuY6WOwnO1e1nZoympJUgtz57U8LaTEl8UJU1y9CETpzdEaSk6Wp2r/3s9DiFGTLOWb6KmUKuRiDXCOHmMmK6BpEQ0hKON0j0xEKlOr3VmVO66zzc7lg8j1/0qmWnTFWyjsuV0JSYOPI/XDGQpqS7GfYfu6EBJjZYqua17B7CIrj817c7TNY4DRQX0zNDPKdGeswOzmM83X/dKGtbw0NkJt/YavamRJt4rYEqmJR8kXv32EX4ejogdV4/swtj3Fak5p1tAiW7iljHC/BK1UkpXVHXDF1dLdBiujG1ftm7VqDGyHT+ZWg/8lC/qp3TlayJZXQVXfmhcYNwSd1EDuaQV8ix7gbFz6MaXsakH79/O1EjE6un8kT6Q15qukOtkN1nXr4PCdqx+blKBndg9DqFnJq6A5+nKaY/ILg0ZaEO+El8b3O597vBciOPg4EhVdPS/UM9UwGNpr5TvI2NxItNRQASNH65SCIY+FAG93SlkibRdILnzOdQe7Z1q8A2Ly11LezcxZcPe/mQ9cQxGwl4C0wkz0WlpRGAJoxbXB+M8mR4PNnv39RjXJ5g85nCJcr/iq2h1gIp53h70Ga9qJHgG+GBJwJPfTQeiM3Bu7N61ytYF0DGDS/hC/vhId8vhguWRUXzv9y+5T+o0+72g22rkSlo7s8rH67j7ZTPnlD39Pw6+v1Upd2+6WKLSfdzCskqgaYrvI8VOF/1RwjKlWRCzZBeiSRZI5Gi7c21cV5Z7+oWZwBdi2kWWKiJ56R2uafQ0g70er/FapUa8yOGRitqy3LLc+5tJlymc/yywmA9PNC2b8CNicw/eY95Sb/sHMYA00/Ltk3ROruj2CjKwdzCYw6vh9T/GHe4jIjei0kwDG1nTwHYY0Ab6lhivm+bilxvXxEPoxxvcTiDUNAtCwe2DX56CTWPDsvVoiJE4DteM7sSN5Qb2Vcyx5+2/enwGMNP56/qps5grtMr0MqkDLnZ8HA7vWRA0GXPWLWtWc5pXluyZfpyr9G5sdVNGsNK/ssqn/W3A/YBgcqBZiBr1OMc0yf2fRK9vxQOOnygCHfEp3m5/apay3yZF0myPTT7RCmjcql64YqMfCBa4/JpTKi4ZlNLhppO0QbOz+1HrEYaobnqFc7YvVJ6uKDSOJqfneWIeJ7dNwGSewPhhUE4Zx+K/W6JFS4D5Sy6k65HoRiz4UuN26xZh8TNF11rGVSMxgncpuSUis/nn3kixJ9fp909eo/UCVhaeNhm2bre1TlIzYw2JN2Q1027r38Wk8chvUpAbSv8emEKAPpKD1iPIOvBcwz8sjAx3IDPButZbY8IS/DmwcKhXoWmgAE4buuLMHCqM6pyXlyiUgnAoDhEK4SOaDVu48dhthOJnwUR1MHZR8bOqdoe72wNfv/hZY7H02n8ujnbbXmeb4/ZlZ+tAYDIjJHB2JSHIop/4Azd+Iy7v1XIB+9Sl4779QYvnYZ1ykU44GvsfP+uHLk4xzT4HDSRDFFRcq8BjZBRavKM52BeXri58Q1QJ4EyWvOSWTd4s+/h+HUNtZeBR+rwoIQmzDu1kfvBMOUfgBf9rmyCw19RxryTclHXFCj6sx36z0+uNS69W3Uo11NggzyyQdnFc2D4RYP2C7ki0uilhDIbv8jYp/fLjE7GCi0n3zQA6k65OKL4fLbafxuteDDOzfd3yhWBRrtuxrZBlKvVQfB8v1x1QxpkhveVbn1kVmra6QharpFdS1Zonkcq+ONNSKowdyPrB8rpQ5mMZ2fBNszktO+d1MaaV4kgZVLYfyvn46275Tz0G2fHplokiRT5qiEDBgdadVBxxnE+kkysBpOF4HB11E/xCTJWEMA6tWDoDvOd/RQp4DDj3z/9+HHCpN8owBjrmlCJYu3jzbVFDYyaI+RCUJZbOmHy6kE3P+4hs6aaV0qrnVvFxJUdcLOVSzvRPJjSVljQYNDFcvl5L0Gvw/pbU/0vV5utkh5/02pjrQAfPHK9othrlICBOkz2C7wavSnwmOpzzeJDkePpR4ulmXhDVmh9viLxd8vajIUUeXIcZoOP7lGRGTiXfzk3ho6XoyYjjyx3JqZi+wd4v0webiRn67ZaINeTzOdqBX7skYfXAZbKekGNmc9j+iAes2hdgOzb6Z6GXG+WEY7MoN69oKa3Kv62xh3Tqi6njhchwJu8r0Zj8kgyst0sYhpw143SJtbJqDuBPsnNe0K81I5CjN6vF5nhCqPO6dGw7PJp+10eKLyNXVwSWEi8sUKE9GD1QuaD6oL60ZK2Fu7nIGkJt9lTs+10xXFGJOzhtVxAo/3dO/6HXyUFEq8r9cc56kM4bzdHsCNVW3rRGTv4j2tX0es+cvIoxlLByWYHDZHSrpRGT5Mn+cZ9Og8wkYUK0lphKzTSeQlum2BqVFplDKFqagxjNqQHS6dOb5JJUi0+0R1iGpb7Y/eksX2WYOE7Z+vKnGephbWb1OCHRN/A9z4j+Gs2N1vqNRb9Mxnkxx8Y9fLpSNrbCDz3lSf88NvVtJG7/4E4PI40pY5s3vWMiq9H1LetVQm1PghDFOkFW8wzwzX2b+0bcZOx61d0jUpD2d8lPZDwHsvByym8GfoaJ1qx18MmDQpvVLx2dFisDoyfaZ4C3I4eMkg/rm5vJq2v+Sq7ToTYjggTXLTdakAL828GGtTlt8/hQ91hc+YFZurJuQD/qcU5kgepCcU3eTFlI13Atr7g4SdoEJOiKlYLCHu5JDYRnhy5B3y743DgKcx4v0TMFF90RFgdrLGKn2wX7moP6tY8YtW0kP8Nf5MCKjBweSCjcQQxnIT/qxdFJ2O8arjeT3GwazQ0SjoJocLMTv/Spfd/Z1UZ320p8z2/loKLSkFZd11840T3ysbehWEmK8xyJG6lQ+VoXZ7AN/K3h3G3v37t9y4csKt5pl6D5m5ZrcMiskeRAHapbLtVWyEFGilyvSpWLeuAGZkJLUTfPAFui+ClLxVgq0YTs4JzMp6v/nCkb1HGeb4zUErK9INgzZjedbvB+OnR3cvQYfQZYcPybQ0nXd8xC7/4S5yFOgA0PJgpFbhcNvna+qhujxOUvLCwlmXj9k20dSGFzWgPcVJ9MvmWESXVMWaPPW2dJLKFyN1uOEavujr9NuW83CsY5CkbgRmq/33Wx0TWssNCLmoDXkBuyLUaIwuBk7J8Lo6snCg3H8MGDXfR7x1BG8/wN1PRqo/eoQ6k79lv3I33QGaDPKW8s+e/MacngcHf6yE3ANixKv7ZEaSOFpvtLaUuDvXQVk+Pnf9Q908STp7L4IKT5hr9TBlRcO/gepHIKGg8SG0BmMvjp3udN/BaHwXOyGMjEc0gtPZLQ0lJR3Zkeezc9HtFEbRhW7rjy8Q/HiyC3idKCGd9pR+6j30xuiWSwNrlEAev7PM/ny7bSNjR5a6Ry8pBONOYMcPI+7O9uun0ICvo5w61c7341Jl8hNsLCJXIaav8Hex3UN6SlZRVdZV3koOQmOGED/kc/RCJ5rLeLjudvzyOoWQoHqy2OPPtxz81H/wj4vqisbiZojskdZltSWoNcCU+cSo1vIRv2TdCrSF9cf1lytH8U0q3Q8I5rtllvgXxb/J8JBgEk95hCDJqg8z5OofaS6mrKs3crrbjV3cbSSv57oyI0lZn2MQhe+OZiQG302p1hSECnFwvh66SCTYU1R5Y7dxtBd2xLP6Uss84G3ea3v9JVsPA4uoLyJAMoZx26WQwzOANgWf7gJI/4b0+2ZmZ4z/gcriFuZw54+gmjVy6W/whYOe5OI3DFoCfL5MhBbUdf5lAPYlUGCdACC52GpVQHjUBJo8QQreGNVQX0o2+Fz4cVm2mKii0hivjxiGOOtsW232nZI8rPpmqIG6aVItc5taAJAs+vtzh+jZDDqM44KIcY4izJsJP75c1Q7PW3YLkFG0FdnIwouKnZ91mxl15b07bsOkxajhIDNfJNTl6KfzHi4uWOHuoXy1jfO50b3vg2PdZchJScpDTqRiuakZrqUPnusxlqG1kWD6W4j+OYLRLqLxZQJg6ZnfmNkgVv/bAKf9CVlHJ4vVrUEz1rTzBZHDebTmw0LddAyuKY44RAYLl+0VxvsvpnUoVEXUoMnFdR3QQlfSwOP+pPQESZhn56+8aZv2tIyUEjG8scRwKD/iyq3DoK+r5uwG3qlh/aVVk1bJIZtL6pC0uqPZJbbrctLZ1MllusD/p1mJgVflzP3N4z3Ewun0pGsQZ6ToXEGGYLcvqQcVzkNA7gQYLtCw26ed1KE5tJiqY8gmf3lo+DdWKnWL94uZt8s4ZNLSU3dIjv6EiJFtRHQhu8d5wZ/1p3zarPjvwAhIkR7ZoCJTNxnuY9WlK6S0lzRRW1aJVRfKNpn586X7/n9czRWS6tySHXzqovvoOJqJKi9NMp9XN8XNKrxiJytjwG/7VocUtxcMboYz/2eHDkbUEbt4emoC2a0xzc7zGUj0RhnDR0BDSWxhsxMthSYZixg30KNI8iYf20t2shDpb1fbfV1LxcroK59n2SQiiBFNAb67r6Z1iqNePRjhJvsOFX6VlOd4MtygG9V6Ge758EX+0UbqyeQr0kaKEqpxtlrBe/Tw7u3gbbTPTCuxhKu+wTytaK1so/GVXY5EqcCODb9uMPnCXnlfnVLM2NHv+isV+0nBdypluQglmBksX1pGFm8ljW97ZzTzXGYvPolSRRXnhDidV9Ks1HIY2sHwhP0Hfc5GJedJZOX2Y21kwTzbCReiuYeOpQU//A0meh0mXGSFSa4q2j13z/EG33GSq0j5Hs/8HSHyzhyGsubjw577aWAk3dkGfMDqhQ6s80gctRjWuAEmXJ2BeF9/WD2WQ+1yqMe5CwgWOFOoUSGuk1DolpNxrgpdzIj+nIozj/4jbznd1ACqT85PVWkbnQuHK13Sc1azPmQkkDjM6A8/dDDkjP8yspeFrurSbLxpJ6RYu9d4ReZt03VJHVPBlyOlwcT2dUeimvBioR8lR/LJH9sK1QReLZJ21uCvu6g43sQkEKzvaTMIwS2m77ktomvJzLu3qadxKYd2Rw7ZXNgplA+W6eK4oB+S1/8y3bo+KkRdU/lNu6w8uLSoNDMCXHzWdVBi9ubvHVrZjW2WChdRV9MpQ400ichBL6BDMlu8bVjGu21zxK8LSPGYGUt9G7vboSKSQN9S1sEP9W6toTVM5JhnhiEXRgubTiBOElh0CISvUFj22Ux3qX9ahh+XTm5I3nKQUBhaMlpk0opwFPobRwPsGmqoCVX1pKN5iPSFWSDKAYgkKeiriA66NQzaxxqWnmYOtWZpg38RroWAAGGUHyln7P6BK84iO/ZQaiinHetES2+PRs+fG4cz+nE18ekySX/dYKWKy3fa/6+QzAlvm8SMldvxlb0l1mUX98MYAFRc6AwYBtaZyYEQf/xxgMRMJOS/urgLLpfK92EwndWpDngT9ueQaOXGcVjva/CpRSs3bas4ofScaYTiBpxvAb+asy6xXHGfBW/Af8130GUiOunc+DNLnz51VD/TPnjT+qwE0ge6nWRi5XgG2Tw+yBNTIMAlsouV+3+UIJI0C2c4zEig+oalT3nQEMGxvDc37XTke3Xyj3WCuutKDFMIyg4QJ68hs4ElaseDDG0mADy8nJabdjP2EfxhRQdcfVk05/AWgeW6ph37Mq3Yc/z1IpiPoGFYYhivL6gTJewJXXYt9HLtn2Ihdb2RqN3YgNDy5HNwl/nlLB2vOb+P7tke4uIPS0N4zz+Ue0Gnq3+xTz6QVR5N0g5aMAVK+RPK8TWEd0Mu4bISn3i3HGVQZ4quN9b9xwpFRvW3g30qe7j64RCKE6XkomyaOn2Y7+EtXYdPFFw7H1z3FeJLJOsTG+UTxnVgsnlHRlR6Xw6NZKkV+55XxNsPUjhefFP9ECycWH0w2at3sZfqTO/OAvsiRC50UeGBeYkaSUONbvbIVZHzN10cJbYQllrEH1Uj1WmAhTl/tmDYfJbmp+zLpuOiO31o2Szmu17Jz0qKRXQ9tLq4QkjyWbL5fK37NTe6Nh30wws0vzzb0e39f3K+NxuAyHZpMhKUe5RWDMXa4R3rMpq+5TZPpIYysR2mA3hQEms/tzetvotPy63r9p0TgH4r1sG3MqXnYG0JaLcj4DwGUW1p01cMJtHXV9A2XVrziGzwC0Jwa00tAzgIX63o6rS0IMTtpyOatnOeofL5/o0nisZc0aWII5vkp7HPNbW1TS3HVFCRjxoqiDdeMMgDPcJv3J0Kx6l+IQgjwJbolsOjbNc8oOFiur0MwhoGVTLOOIOjBjawcHik60d50EYMPlApx/9ng9xATIIiad1pP4iy/argz9ONXZYqJAqofp9Xon76P9Nr5g9a8tcbCxybLSdLYuiWQTL8shrdlVJvDlFOV+CS07MfBQqcWVT7nx1fDmbZQ9Fyg3VrcaPM4VJgtcXXktyIhN16vRKICoqPljJF1cyr/T2oUTCL5CQZoQ1/UgZU2dNxvjSg5eDHVcCcp8HOKtKv1ML3YRckJosd1t4qoaVAhq2oex1rBReKXoZM6kJOe0XCs70uDWVFdiLWtE6FnhIreERaZmfgMzh/APs2QzBSnFXVQr2ykt87NO6TF7N+s7ECkuO1scAl6ov9Lo43aAeVP37KLjEMiRDMo1II4FPHJDFVSuK7z0soJztngVFclzYlj3so0ZtL86QKFMQTUvqu2Ubqd9rveOFPE0tfb9uWCQws41JyW164PlZOL8yZzgLGnErngloZTjDECfrW9GPNAtoRa181+wVoLl65mAcKkOui5FZiy/hKVg7Xb2I8A18paYT1hkDi+8g+CLgjv4BJQkQfGj9gIIdNl+FLevQAE/UMpo6VDoDGCjPrgYcbjM63GJB6QP9j2NltvVWiGKM/kywyx/x31X3yUHSSusREgMO3jywWXOEYXU+uJTFz3nLFT2jJjOADX8BldUGigW9gHfxkV/LCVomhpFMjT+4EoieOM8danAlTXHbR5etjtqxpTFa8lEdjYzGT9lCSWZhhOBAvQnoKfc1FL0L7xWyukzK6tSpZ827+/5rMN9IUnuCBlRw7ka4SGl9d23Gke7RuIfQcnYg2KzxYe8Yr7uqkjGMG33BLpRcUnNZN3xFrBN6mibk6lxNafbky4pY2UGfKNAcDXlWU4lauVGtv1am5C5b//52H0tg9Sg7APEj4cBA1eqXSCwVt30JewzMPVlvb+OnDkpRKxl7p31rltpi94VLjyI2p+LVgrGOOteqktaeF/5cjB3vDRkIW7ccMAXGp1YYOXTVoPWCATqL3au0OijvlfiNHIqfbFJDWl9ERq+nkOaQyKIctzge0W9gW3WPt0799bLEnl83bJ8wREDhE0Ti3ATXtyG76LfzN6MFtQoGJE4OjHseMN7QPuodXT2zrgiCbOFp8ZNxK96NGjiTwXZIQoyYoOzIIUIzsz4KgftpH/a1Y/JyiajFFv6tPUbecRUxahP6F7n3WuaplF2/cacEHdFvUZJUG7B+ocjXwX361a2o0RTi9NdGAEem1DW71Uyq+Cio+JA+nKIdJxI6Vy5MvjJYiFK/8h7jEHAL4dgfv15Ji1ZPo0VR1bydXrc6M6PsIODWt4LyENHHKhrHoBa93B6GegSrsgz40/5fF4bp01aSR5nw7KZ6cNDgikBJlxBdMyIQTehwEEDIO2kV0ER1d8nY2bFx7ZubcYFLbQLH5SQ7QYE8zs6gh5AfaHDzPZDIsCTT7fnFXYKH/3WsWA7pj0ssecBNd55YTn1lQKvT+b8Hn88+NfpU8L/tM675sNewhoi/mQMdpP2ZMJkPmMKhnl9X9YzxyaPMCMw627Zs2SeGcXD4pKUSkw3W0cLDXA/UkuiXcPO352MYzRDPwfHQVajrNMue2+rvG2tGeVihkr1czjT7Ws0tZHKn4/+2JxVKyM5s2nfTRVpV2jku49NCceYLLqJ9QvA1jt5lvKoQM6FXY65kozXW82IuG5Qi2ugJJusPR/tcyJMJcEh4u6Xwr9+Ve7VM0C2PUVRlZ5OtlxnjOSzMzqWC84rbnnahz3oOZh/FrHefhxS6jn2+0UJKU2kAmEq38BlIF0/JuilKxCMyXWML/51syyXWdymtt7voNZ+avyo/ujL2rb0SbL/k/rb4XbaGIlO4jdz4QWPzULnvIuo+NHWEDJ07CHXQA9oT8n7DPD9GrFbU9BASCFLQCKdPFdCsefGywiPl8MeMKh+ZDdJzQMeXe2+vDSfZQnvFsZ66HpheRiptcFngGMn1v1OTWjUA3MJStwaeDhKGwbMTBLAWOLbBs4AIrrbR3Eyhb/1nC83OLGK+m01F5P9c/D8WHO86UoBVw0cw+pkTM7pDpiBQff6fW8Vj1vrVQWoLNRkIUj9DFZmKGf0pxJW6LIkYY290NulWXpLfyJVw6r9jlf/2xX5hZ7t+iAbNvqCclFLoTpBXEumkoK617Oe2fDbiXLz4oN+eQXQkX1N3I6zFZtlWGS6ZYnSRvo78pJGNCF+sP81SAijFWIHM45ut7YO2+lwaZP0dNfBm0pY1sQPvo3uktAtKcLeT82TQmvUgwZrp8LEaLf2aLfjynnmo2DXyKRfdcezWorXHHIuYw7j75HGU9ZsAuL7bZK3VHXIhb9hgdke7yVFklFTmWDJ6FMzAirCnsLdyowXIsbGLsYAvXtYtZIeXlvS3JHIn0LJ5nqEXP7YBLKYxP3yBxraWMtHdNwlLb1+eOAMkdVpLuV2UEs3EewrGUmRtSx5YZJhsl9RtudiET+kFcoidf/oRlvIVnA9oTNEK+pCFMfKvfDU5vGYa29q1qUe8gkDTzVs27z261yiSmyalUNHJh8gW59O6BfsM4u+wegESthNGQcpd2N6uvS9E9WufqePo6pENhvVbgtaJbiScazFtIvvJgy/SWNM28EpXwtggcleEBon1oCSkt8miFoekdhMK64L0vj8uiVQp2gmGak7oOJQi36eIKIyw+S9MaytSJn43Ss+zzwOVyVnaXXDq32N3ERwClQ4fMyh4SShDsezCIFikznxvE2P5mRdEMVKQjY1xD2rGNB8zQiMlCACEp/48q/oA69lGzDEI8y3JtNaYrbELZDanRV0UdZI1lKiaU0elIssh3mGuv7c+JFrHS4RekvJ0Nn6tMt0zH36sFyBiEwl+9Qy5JxMOAfW80AwEhpaoR6e31cGXu5AzRwk3AqNycfjlxi6MOl6p6xNDlT43/iTX+xPAbdrkDQsI0L/GYY5zASmZlcH41dqXoiGcgbrpIa+DG+7zdVrv8YQdBK02/T0C1cOFz9QxGxDwRlRVCDGRHOT7A7m6u/+xD+xmMOV5zSCms+vejvU0jQ1zZfyOCvwUuudHcekmJttISLZP2McP474mD578MSQy/dH8R5Mr/FNCkS94t2X1C3aJlho4PQJ6Eh83Vek6CV5cRhzEF3lcqP2Zo4RVnaqgZJAN+KwzLm48KyITL8YOSyyAQudiPsYboRVyVVNGGcyyGFy0GyKETUSatd6BFHisLnau4ILhu8sFrEvTqRV+yBWTSwQP8a0DmEvpAv5jWfBXHqTKVLivRP2A+mXQ3/vdtn8rjWIYzxIJeetN6tuR7/TmdGaMZlutN4uGeKx9F7zLhnp4NJFUqgMSDD78+vawLqdJQDg//hbg2KISDXxcNnCTng/4+q0XbYzPNOrcEbDPmx9Se7lHf861Mx0iw+q51sosSvU3WZrdrSx9HbI753ajEtDaqNZQmusRLoXBVAjyMQeIrLet6nNl8N9RkOtRm4hxyK9niu9UMo4qWxkQvUDj0pcwdjokLlYPaptOmSOJ+zd2Jf/pj4AeKG0f5/Gn7u3NoydfrD87mNe8R2RATc5fRZJQU+Cf2HzlZ1NsasBV1KIU5Pthdzt/porgwEt7QlDp80EF6/Vmv1B5LRbV510Am3cwfRNs10YSFG8OxnX6ne3GZs395RzvPwf0T8LuqMkHKIAN52Yls5g9at4oFbp/QJfN2DXZy5nx78jem7Sd313aLN3accnF7vzoBLR3uwvc/Tj5+LOSwBj1cnL/+/fJK4bHPGPw9Vr39f34LuKLEsim4f0iwdgdD8wKWbG4W62EGCPsXr4F13UeJuM22zhXD2rMTrQQFjKQV74PoYEvQaR8rRKWWPiUH1EORGZqls9fnA+TIPIb505LrR431APp5Cm+dXOZU13FDKdMku+X2rO4JxdpXGJuEAfZa1sVvTILzLK/G0L3jyhB3fb14EATsOkhBlnSf4To5gauAGNAwqGvbjT5PF3KaB5FbSU/XKA3yEaL0EyuHtM9Gq5Ncrx68pfl1N+cKpHPn355YZAE2sNo84MeYgbs7c2qCnyem2ZzxiZzMGJSBAORAqD0zg5c3WSigcu/Pp+BnhZqvVz7FZmDBEC0omQoU/hejsY9iRVG4r1SSxXSV5xzr06cCl+RQmrL3+/becdsJlkzdJW39N0KjCE47aw8utf2dvjUteR6hSGIZOfqVQ8nUeh8zrrEfpblUTfq18q3vpMMY7tGmXmph3cHaKTyNGKWNbQrGvODaQL6xwlUNAPaxasZDcDiZOf9NNflyNSjNDLWvweu+mItQeDcZt0vn5LKa3yMq0aEuLnWgun/RXmRYo3BFa4Hre44emQxTEChdAgzbr9+IzuTz/mo8KtGcg8XM6Hyh8oKDYkU45XvqkptEc/d54reqxeFCT4hIm3KGXEFnJ/ancA1yLldfqkuSKLGOv3Tv1d6eqxxfr1KkIDS6zjdVGS2TJnhsT7gr8OO0Pw1bUioseJuzWNIBpTagJUWu+Pk8ty8bKy0KX7GhIjMSpR8XR3NoemBfxEHHAQ/SPD1pgemdejoMEcjynzs6t69oM975XK7fIb/BKtDXl+3P8UjgGlN0JvvoGLeqU7K/c4K+3x2aFmGD02cY1jbt84tOMQgngGhFC9ReU/BDOrbE8XrXGsHUkzjF/MW2pE3NrYDyruIMfAt3jlpSXzBMkCv0Lw+FaoVyhtnBex6KbjoHvxBTa5CS+UqvE8um/HTuvRSvK5HWgnSS6JaFBuBQE9rCW6sUgEVG/6Wf7QqEgQgUCgTJxcSZVYJt+lCkSivqSSyBcGw7YjtXkHuCOV1SLcEnUYCNKTHUJPgpkHazCys546UirtTUAI9Y4g253La+mJq5q9fl9MLRTalcWybGRkJB6kKYTzIKpq+7UpAoY9tcW+LboEL5qjMXpajQXPfdxWp70WXwMXLHfpdSNjknjP9dNPfv86NiRdZvrMmq3lxEjmRp6ZZwtc2FRg2iryt1WNXeex7om+t+TC70uN0RhvM4WFUX2uAETV2tacLE38p61HYZHvU86RNOHZZil+SpkXUAqUDIq0dtErRbmVWRuLLdXEWU9tSWSn30agUwQCoWARfumMD32ujGxc9niFDM187XHd5CwvVuQNebrekoSHglbSyULRM0tl7PI33/2W9tBksZWcLvJOe1Dg3M5TdCC3t1AuoayKGkFZ2jDITdUNBajUdHr3P4NvDrmbbHeb3OVq+ht3zvCPuvm5EnvhonhLC6EaCU5hjAtkSUtjDZQeEtPpCO4zeyEjd8vloTB8jj2ciNiUaUm310q3a3xXrh3Os8A/E6aChPRzZthoFRGRLa6IKi7hj73nKI5lFoxu1vWL5SH3DXV7tmOHdNHLEuWXwjMZ72CsC0/GXzAdSOr4iKzHbqqxIRDO5AwBWS9RgRioTxzIOT7jagJ4KpW3G5J73UUBcGnyu264LmN01uX5MusoE2EPEXumvJupcEFHjQhvIHRpr5CrMXFNUMTwgoH4Czo53xpfLs1qvxnxiQqulM+mkLkME8QN6f4zQBz0QCtC2EHDcXBAOWY5+ZRaGWaplz/zxk2uflJsgIuLfRMlHaNVA2O2ianbL3KIzwO7yQRf9o5LcAAwOOF2pLoiyx+JZNhVk6T3TMZkKPbWh+QolsnUcpSWzjHJWbLJMaS6K2LAb/0gR/g1OsdC7LBAJ70OKz0GF+p35/TdpCD5N/s5nGpN8Nn8Hly4w4ttsk7WtQyzOrlY9/d2U/rlptYxY/JJOlnotMIMN2Uxv7c7Mv6dYwTzzZetGVorAWW1j5fU7Ym9kOsL/KqaohapuOLj6ENOx+SMEsfrLlIAfSsxjy7EgiAi753KYl0mXKjFoq1Aeycel1aXCeUVp0IgYrTHI7n3/Av25nkjxBVQDO3eqlwxFtlzfXuO5rluxoO/WLLgw/HNPzPp5OlL9LvT21qfh+XwZn3EuTSvy9M3ZTjnQBHBL4w4+3YRNqe4rW/1I7d6P9j3zepiyE+759Pr3T69IXoS/dqi0Spl9t38kH89f7Dri7Y3v6okPLyA2k6NWpbXrSdashllU7wWEpCUscDlpr74vVC75u97GoFjzy3NRpgAADL2jrxHhHr7wloZSW37AVQMf8PUwadnIU4YLCwqgJlfisfYWdsPYK9l9PjT8cD9TSGaAggavVYVXgBYc8+t11NuhjQYHf2LR2cHKba3PIIwITpeI18wFeG5rixebLEhr5dhFWEYKFa2pCwjqsbskOLxc0Msd/bryuQrpl22rqLwL/Rwohn9zvJQnq9mwQTvK0uTZu5rff12dQexuqhhRhBmZeori0mRzMMPKP13AbLSXrOFMibWLwhuxvnvM6gIqtQXJ72nwBmM1ENmExQFqVIRHL+jTFW9oPSA+imcaIbQ2nfDUVCteqXvj7/M+27BJnCOcp/h4EO67Ptlb8+NUpWTHsDdKaelhkYS9vwu1ex1NElUfIzmDqTzdHFzlKJ5eX5c0SLNx+fbPwbFMswWhS1wcSFPywfM8Um3pIDUjdv2vS/bsj12TB1WJTLGJOKkqbHmJJ24e4R+QWN4Ob009gk4bAYj2eY3IxmgvMENG6X3WmtjewR3KKMsbUSJZaLFucjwY4GwH878Ku9Hswl36hNWIr1e1ikofsxR2F283F7ElqYn+iL+YPx9A0f18r1EvWOHR0ApS8ds7x/KL/jl9BrXrLQsKAb44sxNWLBJhzwlNREr5ibzr5gBDbN8WHwaKPmyWWPe6IPz8rPwxFtHHg1EnXH5LZMSRNJTezgWXK9Qwz+H/usv2L2WknDMtqt5Kr3w7ZWL8eQYGOWQBvX9DBTnt8oMypNnEIFUR2E99srYdQZTHfsG9x51DhYsWn+7+Bu0Jlu6s6vZLFEKZUPNxDC/2fi/2vmuoLaybVu5HXEAgwkmGxA5NTlDY4NARAuTRGyMECBbZDAZN5icjABhgYEGJKKFSSIHk3MSAkzOUYDJxsTrUzf0xzuv6p1bdd5Xz8819lhzjrX23FWz1toTp4cazn+/j0JNThXoc3KKqEkU7ga3i2zjW2PioiR9BsuI4vYEClc19cQ1kvqY1EhzB3RBflr0CpAsc2nzUplwortQme4DJnxjWmbOfL5JYxGwLjLGEpc7bRYb8AhZUeHOqayWI8VuJRfTb2Hea+zOJfybJaV8NR/WwZKHdc1O4CmyCksL9fhByZxH3Q4bwgr9SKV6fBjTF88yqFjgvSEqBP3yS6tLOI7JOj/RKSqu0IJXNRvywa6jt5OaUbQAAWHS6YvVUuRFQQY/VEnTh++++iRlIpymzocxfyFgRlGYdDwrzrmK9SiazBGp/8ctq1tOxRRycADFVDQb02A4q+nLd21VCNq7iY7J+qg9arnh1MoCAob+AVicLFImrkjvIrLSPN9BTEG+CLypVw5OLq0ykbZYFs4159JKhyT8Gb3l1KF/w1uCfjPB+xP+WpHX7TsWAptIATsRkmt0nD/Qw433aXHjMnow/6Mk6thdOQeIFNPyDAklDjfyONDf36AaqHolkf0R/AEou2xiBeSL2YvdOETBrbJ/egaO8ttFHV5/8c36VmA80fEB6ZF54dATNR9REq9+RshTW2DMmBo8GIjZF+4kQclsyfjm+PtMzYhe3cQy34lWESN+o7xZn+RjpveEghv24/2PlZslwqQSvwgRqIKjZp5FYeTVBbKG1KM0pCbLzFerZbm524BXAH4ocCk/OaP+no2/y0KL9B900vGBHI4FPQ4zyIlRikIfEvX8mKONWhLazRpWG1qLlf1Uc03M1cjJsYFQsGGvtVb1nAD8Df6UloTT5JmBFLmJf9aMKbGKqkGryUt2AX75fy4FJvvvC0/TTmEt+ra5PYPm+V5+GL6kPNkfOdPQdETr/dkbGCkQN5kj8euiHHekEKwfCJs0zIZQb4uLNycwKHuzHA3YmiEod+ES1AO82QJ68jADXKEc+94uStHfKzX069KDAXYzvHke3nW1jm+p7hCBkZth628nBu2sgge8jg46bkot3rY87Ogdu0e/PcQ39LIGJIPVs0D4JTChCPkRU1BhfoOI4fraErXip13aS9phs08+dZUcKVN/8cnhpXygl3EeYjftCxrp4wapT2Sq9dV2aYsqEhRdTm324lsD0rASr19ZVYkr8dP+EHv5zOvGuCuROzAS34aZJ5WTlaFHd5ZCRJSEzlT0NlL98tVWhGt9jdhYjYTSSqdhJLimJ38Pyq66V1ZcvMNFdoCD8CLMzCveZDuAJ6tyJRA/hELojKTrqyXVhubHTjx2iejmMQX/3lmKNYtvCejOGUvmffFEjGkd28pXBixO4xeRh8F9NmyB/XaD6J0s2Y/een65AWbztmCpsfZA8oiUWg4JK17zMBcyM/OLQbRy8NRqElqzl28SFgDz/hKqSHu/WLrQ+nW1uYUTetLQKoe35KVqw8k+8QHzz5RhZXi3tRaZwhysGUWmthWGw/PonamF7ROlbG8nbnMYnMgsistQMdWueFW0HvARZHvDVdq7YknU+egUmsSOJW5ejG/MrhC6x10u8nZLFMhCC3Qy9PIK0OZtZUWhMnTZdxnCeymRTbuoHZnBSDBrxvfJLEwzYAysI7U8T4Fx6Sn0iV/VCBVgIb6DRGWNRBHbLwvl8Q9+JTay46fkKz0zc5+AfPLqzaiFG3pcEUKCPvao6BLt/pEFe5p60Rvff3whqawLBbU/j1fk3bd8E+lRUUWbO5ndzkO075Z7EeZ91pn5JYWGPpyKwXLqeR2lj0ZBu2P+JRdLulI3NH/fPJolxo3Fkaxe91meWJT9da8pe+Bjm/XumC+vzJ/jdcPd+4cRr+JxvYoX9B+saFhSvpDWMqDVZLQYv5YJFNMqYpu261RKl0GXXxhbhXV73d4U15iIE1+77AY+TS5WrGgJui/6Fclqv7EydRMsPBSRunFukXZmfjmwM30n+o84ifnd88hj/DQpBSk3eNJrkMOLteCNiUiCxxE41NQ/unOJqPmIxTjTFdvzCRzIbw1wCrKKaSqEvpEIDR7UHvHuno+ukuu4Vbi3XV2tWV910Rgl8m186cGdsbXForA858dVRqXq0d6bOlVp8RSu6wNlpxkQ1EOcLNmRU7ybfrGntOtd5MKtfCmqd+QSLN/7mtt0WAY8/Mw++CziCnANudoax237W4Ys/RVA60LpEv39vC77Nk34fd9oTSLSs2Jn8pv+oa7Yd5ag9rQNluaKCvpHqEEpBgeyv5jiZ6rQovOwEpVPsKAWDuET+RePq/UqB0QGPizryhwfHWb8Wm+/VOU884f+ycFiY8eiyAThdzMNA5mNctaAKwBblA569AnKVKkzAyZXfK96yD389upzwd25Qmj5zAbpw1eZhYZgLrM7fZFgCLWdnEi2+DbXSntn2A/ME/MTsgiC0LyULjYeV3IFANcp8eqPsH+uchkfECaFnSjUB37glGkMc0ipO/jhzB54fqdH/5E/x6gI+hs0CCSyAU5c4Z/yBXfz3isAwQZGoF6CPP7RmRym3iNLsUxXAH0EsWKxO89MWF6/KxBKY/Wx4gIlmZBBAv6YH+Txlui4+a1woHtS9DZgU9IlGc5X210Dsj4NB6lYJ/skkyebIBmnK7rJSt8tfVp7knKgGEz0Xss4a60tVp7C2Yzu4NOF6E0q3De6d3oyybUEerr68m71rxJjpfyPCg+whIzYtbFFN1NFppjes/YRoYqqCv+Q5+ePMlej9i/rRX94dVjdK/0Sz2DMQHn8oF2jTi9vKbHQTjiTOkovz17t3YFSe0iPjuWLD6n+OQ0O+d3W7EaMt077Vz/fyX960A9MMQMmBGZzcvgqcu9nxLccqT6QxXJsJoGmgZmTegfGVAtJCRetslKPDPmqVGhffF63Eju8N37PSPIwdtsvSzsfcipHbtFHq2csqcTGyo0j6X3HKynxh9lrYk/q3RglZ9sY14jT/j9Ow15/o7caBXrzshhUxO2p5vdT4BNQ7l0xX51Vpp8dLnQ/1G55VMzKIf0iSuyQsWM7t9JXJ8iek2peIzqNKtyPZhFrmfeC331Tnf+/ZCX9Q1b34ygnSl7LyhMCfrM/kShHqbPkSZ2bl7MXsfnUoHKaU6LDJbCekfr4Nv2k+yS39d2yTV788aa1TGCsACclP5uv0oxgOo+CxLH75eAXqP7NTQR4oVG1f0NRhyxOyQAeHd529poLu7gCBGokCsYqM0mNTb5LB4VFDJb4jdwigL0gZeWi2jmuSaIpndwZRJaBUm91j9OOkaPJU4kby1o8lJJg4RbZ938Cu3rdHmZrJWUPaFYm2GMwRyzf7FlEHX1WuHbVZrh9o9vuR8EH9XZclcONW2TE4sOWTLPOAxoM/KJ6hwoVdkNLPrQ1Fof8CZr2l8ucez9/FvWzwEAAfxyBsEbCk5NgOpAZhBmbDUm10vMlgXCwMig3+xdL4WeLc6GCXYsWR9XDxYXnt7ohpr7v9rq5RGCxvapPdgOiIAns4gyNqRkvLaom0tiD0cz5uLZ+3ffZnqIBZSqPlDUyhmm9BSdj4tgLyQ6JS4LFDSOMnvuO+Jqz8FjPE7Bk5TYxapS/6+iDZ2Eyx8msyAdYbqpnRxJK7+K8K6arPL7acOD+SbVfmF+ch9lHjUKvWChYznUJ4/FJNkPtAObNpegmuVxmutal40zn87E9t9GJkko43abISISnUMf6V4HNZOGVAD54ZIS71xa3+f0qakZq+mnbEpfpN3vmufJkXJKvcJapL84o1gQByfpKJUEoQ7bld2urMpgldmmOV1bu2hV5AqdloOoJZp43ifhJw+NM43sJskguRExtGTzo8y8Zrm8KfG0DLdFLTCbqAkoNGmH5vRN3crhX0sLwy9DpYuukesZoXrcxzJ65GcZ5N8G77+3pElhAnIn3uTeEG/5O8PZlYUzYMweZH99GrgDkE/aDOwwhEVaKFa0vZP2qX0+KjQVi0m/mb520cT7zQ2EZV8wHb65n/p6VaumqVuEpQCrW31AEpRlFi11GKqQMV24afmJwnI9/X2tPLWWMO9Fbru283/PMiZ/Cq5SOkkb/BvbUPuQEFnG50OrNA5RvkG6EGvRNOn0iokKU1eDdsMtzhnmuRqkT4gjeb7hiSrpmtDFRIJqmqdUmUfNrMJRdqXOQyNG3y9yeHN2Kz/MYKR4poI2KGcOKLYqBiZPo4wx919/3Jdo7Q1dhYSc/9WghQZdlV4DzIQ4vK4s378na0tNPI8Fm+rdAFl1dmvUa1qQGyNhZ42b24Zy6EY/H3rkNM8tUKfcGL29IN7tDbCd0Ieprg3rwN9ppKslzCe1RAbyAUBtSaFEboVpterTztMvDM0Ajz2Esb70jWV2SU+rp9T1dHv8hNEYLqnKclPwwv55+r9vOoTJeYKhBKzcvW8+zy/4uv2KITR9f13528zep/ZOI8Ig4/pebvLRJlupVlAaOtNwtfPyoYGQ7B84jmgvMuCRg0Ps5363joNV/UPhJeYVrnXNUv2rTqfgzOjMh+qH6K8CejLDI5SqTSn271QLbeWxhfcCmUc8iatEqlP8hbbH9sPSB8JPeo8qPF0sVpCYKr1TDiv2l6NfJDsVgw++m7/LmUQ9TkkK0dLXmSCAfxrns2jrT4Qdg7KzkawUBmkFc3MKCOBPEBpl/AbJsCA/Zosjd07YXVl7cG2Axa3C8jadeU4DKqsxrOawdBtw6sme9hpKokxtU/vx2eSdQ3Nsvb10K0Uwockt8mI/ir1jXG1kVinbX0nr4ypUnAG5Bsj3Du4a03n7oVQ9E6NhGc8Tr/rqZNEFZ29IX/QZ06FGUMgtthoUGLLobnrjpJehWeAS/eze62muzQprIq559GGoHlrFuzdxK+B14jCsKmF8eRCHr4pqY0uMvnnZY9Ku3GizePPzVzchDwS0/zaCcmJTJuBz0KUlE9A6Lm2NxxLouG7F6oPSwwmS5ei3qKS9zy4zBSKizSKtIM8dEveUuwfQzz0XhyEvzN92YNBRw2NILdG7ra+FI4OWxTvI2lnvcsNIQN6aWsHAvUIKFe8YRE2IeHRYWrdg/+Ph1L/sfmZtcj8eEP7MowjsWGbukRz+1RYy9u11v49yj1wlvCAEWOS9nAe2DleH2iR13DLPwEhEDRf2WAzdO+KqkiidS/K3vJfBETePUw7XjNjG8/TfMxxZHQpHd85E8Fl37AcGuQ5a6C0OEnUyHjeIMxf4vKUDxGf8l+o7uyvEGsNkYbr4rVq7Z/o0Y5S5jBw6X42VRx3bmeopUEk8RoYPk0p/SaHPOTg4FSzGIdzNSX+QMKMBM6y1cOnNSg1Mbwp0LdWrrouUJiBu3zdeZxQ1i0p5N6QtYTeOASUsZPtT3rZB4PZbOUP9ockYKm9yh+I8rwBEjfUjsbfvyFqn1Qtdq/QCWbqFJ8npsR/dgHXzrXJzPhGVaC3oOmj6WTFNbS/PAKk/Hs8fpZBhX9isEcA1OiOUy1eXTNogMb4b2WuSlG8dSKvBjHr5PTovBOyDtCBbJ3XBvZY0YCj+XRiQ8M4RSSn2WW9703VokQRPl/oB7fUtCFRh/0dD0NqP6IoHOArz+iL+5X131nhUVRtrtK3DtG3fg3qhZvc0uIYdEQdxKkvrFsIzXKo/oEE/gWPECjlVws5T5V83XzBsgVmtIJ6GLkyN1AveTpE3M/2Cj5TRejGcVf0SQ21aGwwMJj0mrs9A9WetMileEWyfWGc9jiXaefAUpw2us9Etn1g/OVFyK2SiqR+kQRmSOirpDLUfdrCOGrxuxROmuSwXw4KyoCo085tUGPK0Q50vUKn+lnTSj7G9rJ8oAWuCrYkYsZ3NxdvvW1kRw3ma2kFpPxvCnKyFF+OFOyTzxYF/xDI/eBHznc9QRvU5fV21Eh73s7uhBb8hinfXEwrdYstvaS2rDNMSME6uxIBxsNuE6TjWsjG9/l19+WufGk2+SQqXophath/5gFNXDCCHcQpjQ4FhKk2loQSCYpX2plr5Ddq1KG7LA3ZXbbY6p9yaGZHYu87KGduFkSshO9xD81UepQEusOmJQsT213DMlRPhJcfqoY4HQOBQJG4z+LV+4bUeI770e9n2ieLc99/iYcKQAbi+n5YBF0jppnYQZNBTebBUMpMHOzzqCITRTkARqQWYUzFso4ciN7ujks7pkYl/12I5dA8/HS84phAxjBSt0Ed1T/yqJwej3KefXL6+va8fz88DhpyMkBPdr4+lMIINi3FL8LL9HntnhaqR6OZbVt6xvuXtvKXjLLWKYQw1r1wbsI8Ez1FErH/c5apwdoWV8vwMelP0vj//u2X45n6FLB9dvN1i7JfUICMYs30bAcitTKfpXw0fiYi6AlxD7RQEXCnsgAp/4bP67auGKF7EYcSM1SQcfbmQsH/0pE1+JQijNsebakelexVGKYxY5DQXdJmxOKj2lloJwKHOW1OMHwHL9ZRwQ0cyuotm31xWV97ZvZA6NPwYAkO//xYgDS6a1Db6axVNoEeFB92PlF3NiHnCQlJmd/F7O1jPnj8PVbCo5aRl1U0kp5hD0SgVYBKxcvsX49rq0W9kuZY4W+dftGb2KQgJDvdUNpgqoOJtkaqV0OAoneANkH8ylSA1zm5eMZV0qj+oXHL245TtX4VRJpgs1tFWGJN7V1ijlwXfWdBAzoEcxiwDGxNCq94Bb/5qCa+TJJLSgVJKEsLYaKNVL+4J9UnoKqQ1haOuWPev8s66HhhbWjgdpqx+DSfUE28Xi92VBLgtFXv2mjiP95xlIv8pXraA055UrQPHvt3WPiCrrDfeO9f2HTjfYD61Cz3gbHQbbps/YP+lH110BWH8MzvS93Wis1bhgyArs/pbKbsl1GT3UBPveTxVZc6xi6m85d/JtIHAH9s+n8tcdLD1tXdy5AnQGun93fyLvXJxwBVBfty7zWw0f17wCZB+KTigdPFt0CogfY2d4c6lwkFmHuTYS4BF/Kvr0InFOUvkv14/ctwJLTuqa9uY+Xkx3UaaRsUHDvgxbGT9yDmM9ibnKYQj6UanqaKViuXs4JIn60kBnzA5Fbkb/srOjdwWgPF/bSXnjpuc081NTz9uznbvgoSLCXbcUIovJ2MC5rdcoI8z/emP6C8PUvKjDjVGpjdSKkz8BDyT/xffrf2mUcW1XgAb7K4DR4BUA7eIeklOq8g16BRh1vwKsfGSZP9i4AviZLKgcrQ5fXja1BJGxJZKLK6MC+w6VeDZ1eLaDjOGILLAymGw2lgPM4kYdJsEsTjutOu8zJYis500N50Nwo7ztvq9hoKIWT1zZ8MKoR4H3lHDeGChb5e03WeN6/KoQq2nJpudXY/zL7bxf+6VLDVwmo2twwto249rnZsZaHfop1k4S8o4wPHAEqVnKrZYOe16EQk7WvblmQB5Q0eFNAut49X+3hvK6uaO413iCrs2ZDK/FFx0tzq3JXgG2fCt06i+CqnYKD9noPHnWi5S0sQYbRvIh1ghJ87jUxcHhmaQEzcN/dOO2Z82JLdgI7dauz54Mv1Yz+kPr6eNIbXTfToL2Gb/WVzOi/e6AdtUv7bvfDbMcO+kPfWNf6mJeGQTGJMFrHzh3FPTz68iiuAI6Z1pIQahX20LUsN98VcwKn0s5zRYMkWl76AwkF72kQCUbMg9w9EEd+V27IULYwaWJMZ40dIFoiInja4/Eagipx043yqNHSl6oE12Jmho9dXNZlN5BgpwXBIU3Du93a2Sod3UOGi34GeSP43mGEn+zMZGCjJYzYdiKHnyv4mAerX+/X8sJPOg5TkgxeY6pjsx3nNEKTJ8Rm650PE2ULzYQ0TxO18SN+Ip7xOcZdPXfMYup+lnXZriPKWxMxueNjTWSZws1a+ZJ4GrkiIMOZFPHe7oKKDnlpPR40NWujEt4OZnaDrr5KE3yIPAKMBK/hugWLt+98Lm0cCvwyGA7+qUqn66ORxhwWQ4xcz19x7uqAcupjK1DOwm3qGKrsPtaignLNVRIRW5E1jR1flQVF8EA3evGKb398u4j4XsSwLR7L9pSamvTpBhh5THvKxM8zXU3U6Mu88qtc/LIbGn9oZCc0U3dxEvlcdC7sst2DvN0MDU9EVxkk+o60W7BFI+wkB9vxa1p12zQTsnTcLZb1tcgs4wXUyEeBS4x3x8hmhllGxsavL/U+tRWbDRZMxxd5P1oZfrG5InIGMHsp8SPnSfvFdMeiZ3O6KFm6H9ZM1hiqdnQ9cpwiJgQGoKT05VJjHwxsTwwu0325KaWWeyMkF5ginqogKTcio6XqvE8dw7KkfuRplkmsBquJfRaYpDM9Wg1fhbdvKlCs5FoXGn1snG6cuNntRkZfReLQBO4lfhlQyQxjGzPy5Z9uk6yII4MopQySmGjI79PjuJm+w1fUMswq1PkzwqgpMo2Z8w+qjKVdv9cxBTo/RXvTP+UNe8mvu3PepjPjAFbP7SDzC+NDOs/Fe5kTLvzyXCLqLN9pja3iuSWNfDT7C3p6sUwwmJqEuJpa7v0P9ojLK8bSInHpXn96ZnvwUSrJUgIyFWXW61imtHzSdUZDZYgN2ca37hlCZPKPWA50lMZrOtcXiewnzdWB+UpXf6INPljCp78xlXKYaTo+eOC3yTeb+aAVYUJ/NTTZm6Jy94Q6oOjO0WQK0AvOfzUfe7bB0w1wHhWAMn189PSdwVI9vA5Dvo6fKK/fODRtLV9+eiH5Bsz8phXsnrOl1zHFbaVOvKgiBRTBMl062NylgIaJ4td4Afb8k7C1adQMZ+UjDG3mrRCi+QfaZQWEDD9I0+MmOEKEXJ61GlIfD1TCT7XvDeB7U5vpshUhCDPguUV4HeEUUmzof1kuHDeRu9TtF7ZmbmumiaXiQjMjwbnqwZLRjafTKs+d7aENW2Z8zy4146/Q3xpIfUqFJ7NQ5ocv6SMSfD1r5M7VUdxcrCrClo4OdJlQf/QxHdWOBpBV9XpaXO5stbK8DgCD1SxKMFfo+FuZylCmP8reqWBvwKvW/C6xQamDcbw88AyysT/0emGmrLYlCHU1mjDaEr8o8eGlpMk9GjU6CEkMyzFMI+riVpTwp3CIFZQNSHhUw36hqrhQqcBv3HI2FGVriEnPM/kQ79qNOZ42lWPUYA5NJmRRrOBDtjVR4JKCPc8Rx2vXlwB1n5cjMed6x+ULV4BJhrST/nVdlaDzkF+e+W5xlMs5huxIulPo2lYXRY4PUx1Eh39k3+dgqQaqPcNdw2SrK+5Shp/wZsdFTVWuWuiL/RwBmbZack364mcTMzN3Piph37E8mWUStwNxjZj3Gdd2Rli5AautZDH/1bBKx0sdUFSE79uWqzgvvHHo2O0doVnelH6TiXe0TLxlgCzet4zR3RCsGjORIuB+mX+Ms5YUotOOuH5++2kNqZa0ozys4ioJC0DI4LaBMbG1ISr02GdEDf42RqtmMrdZBytkcDfxvOs/LE5vo5dpUUcFpqlpi2q1pekEaLIyC5eOOJtRVpxvMhRlw/gX5t/WvBF+k99Wd3SJZrusXPb7cS9yjyinaxy9pbiQfq3N3q8954hp05d3+RmF+o2qaFTPcYdiTEFDhoaHOWcZkpAelfUKpRrS2wraCL0v1dQjSPXVyFfGl1kIjAy7WioldRTPtQd3msnt4YOleHX2eH086GfyetnDvoIB+IflX9+BWJ1ZIjtizrFGgKV6CjC0LoV/Cv5KdXoYm0uMErudYdctEL3iYSfeedY9ixtGs1cxY7gXU/6eMpkTn+fCJTLhLbahnSuFwylBhXeXNujhTnwhuZd7o2InguEf+9kPFbY2F0p6gJcf/1vunh3HVtC4zRubXOzZnzjgBHJPYYrVHiHEo3EJFC+/u9WDuxTVDV0x7N27ZJkBHeWgyI/jyVIg8x69+iX4v1YZ550jpEzvSadmEVSYLlBmoRKvU9xuu8bETyNFez7UqeK5+mspdkbyR1LX2BZ9+reUmbthdPr2+pH+7jz1MQZ6kDTAP+CIB7sdzVrtIj5HNz/ClC20nRsf/H5sGaIlWG8J2Ufoe+h/sPmL4Jdw7H94Bmj8wXmCvDqQsTjn0/G6ByAObjsML8CwIMmrwDa6deG/wLZrQWsuwuUhhlWwv7TZyn6Zx5lHjcR137zsP4fMPwv9+jvE5kqW3b/FdnwaWvU1sbrTptb5IFP798Ba/L7dtWU5j4niy6TMtaj9ztPzf6AIgXW6ShpSKBEL5Zbj10iTncrnsQ0LtFszi5VYg6ayizNz71GlN+cWmf8qRwp0x4wRtJ+mqcIy95U0emcwNUmmxKZNzGeQ7GZ2D/5Qe+6QKtjWmAcGEKdME/MEQHJ6ZWweji0qg0f6bFWVvgrMXnoO3Iu+gwe8R76TlzExH9kc78AX7BWBtlyrd31um7aaYX4T9Tr/0SvxcgVRa6pkDKHp+yPxZVdQgivIs7KTaXoE31GKYFMOGDqHq3qa+IUz1Q6p04kKEdi2mf1pRAgFSZXhO4MlTFksrtjeeurJxhMjYfMcUFOBynjvw3kFMzlVDZtAf0XdH4TC5dyr9+UTz9VeHXZojFAJR+XFxj3c1NKEg5CxQAdLKTyNl6a7yY0Rr4W5OR8MYiOIxIUq4/URCr0xSKUeiCYDNLx8cPItzd33wLu/nsS4W/7/2y8V4An6b7fA7jqOc7n9ynGP78hKrSwDzAbXA/zHL/T7vzPwWvpv8YY/zVA9T9PLRCeMI78Tfub9jftb9rftJ+0twBK5L//d43/m12/mvgPUEsHCDxkKu40YAAAdHAAAFBLAwQUAAgICAC8oWlWAAAAAAAAAAAAAAAARgAAAHJlc291cmNlcy9wYWdlQGFiNDllYmVhZDZjMjRhMWJjOTEwMzY1MjJmNTNjYThmLTE2NzgzNzMwMzcuMDcxMzY4LmpwZWfsundUU833NxofOwIKUqQrSWhSpHd46CTUhN4VqcHQJHTQR7o0EyAYqkACoSstVAsgvQgkIFV6CYL0JuX6fN/fveu9a73/3Peue//6fc5ZZ62ZObM/s+fs2fvMrH3x/WIWcAeqDdEGXLoEAFz6cwEuJgEagMt//fXv/QdX/txXb1y9euXKVZrr16/doKWhpb1Fc+sWHT3jHTp6Bvpbt+6w3GG4y8TMzEx7m/UeC9M9RiZmpn+FXLr8p8+VqzevXr3JRHeLjun/MS4+AxhuXJK/fP/yJV7AXwyXLjNcumgHcP0Z5OVL/wHgv3D9xs1rV69c/uvfZts7AMDVP2O/QnPtynW6q9ev/lHrrz8qXGO4znjjwV1xtbSbTPfYeGFmFk9GmFkkfP5Bq5un5AHhJqaOfiiQpIysnO+r/A9V1TVDrNLPMalgKY2nEV+G5TWdatv+SGe/dOn/Tv1/Sv/TJsXwp/rS5T/cf6brf7xxifGvywxXHohfVbuL5oXBn/j8kzfE9GF4bktC0gTzZVv9YgJAe/nSH90uMwBUAZRHl3a7ie3RgWhB7G2O9wuROfYfH1fZTKi8vNMvFm+glBtmhgxi9jPJjT5+RB4X4o0X2F575p18NaI72BK4DhQXglcgtFBj7IWUJ6acSFBtvnCknDtknw2jv6UTwSnlteHpP1RikakDq24oWRsqsRHBhuwqDXC/uY1BWtOJGxQ6fd9mWvnOPw2lc/A3env+eLR4H2JSoJHNbvtWNEVi/Mliuc+UFKabnoEbXgDFlHHfpgFucM3ETPxRVIXZQrCrjKRrelRcUt+Kz7/ZjAkzAGumyekOLEDYYxMtO/RjX1Q/ND0JXX20ZJjI7rQkyABspsIXo8B8hLvukj0JGG0XrSwGp+v/SlNtU2IxIoZ+Q7wpcaqOEY9zimhNjIG3FG1/2bm0/++8nnMH1W+IjJljM9TYU2tzboLXJX9eOnt5DDJ7omFzM9zJn+kCcJjvQ8ZPXQBk+QfLGluermoQffRAIg+luCmMRopGbF9OGtgA55+vL/uy6605Tasp4TMw40QSG6sVOrghffny3qVTqV2vd9jh4XnaPtL9HduGe6d4U8c2NHPMYlXvDhb5fiSJ0XQnjq8AeuN8CAN3ffUTqPKZ5+/braFH5HqjPtwDIhqYZ9j8ex0kM3GjCgFPRjOwSkrylHqCyWA3mAgNr1QxP0Zi/83t1X8teOCrunBRtjNOuHldJ4YD2Qp/84JRtLL9+rf/2Njl5SLyHMXS5BtBUjy1vs50gZ5xWE898SEE50/QdHL+7uSk8gbwv4k7FwCGUF14fTgeznHChxwLsMg1hTJ/0PvSQ1TC9HzIrYrESpTxWDEw4GZNJ1VbnUvQ64yFDqfytn4cEpKINNFSFqXUClo/HGO2g/6w8Ry/0pbbEWDoPrdZsd9wZQgi3dt4uRZeQF7IN4U8yzFe9+CVIn66TF1/8NtiHS2SATqp2ZeLNba0jSGPQFGakeiMhDcY6YdoHl7gI55Aehb7UrUio9KutxNstbMwyzK+qphGjYDg7JnxRxjpkxsa0AFl0bex8SBFt1+Fpv45agJv5iHuYPxwGZtTlU5f8uxjVbVzQU1MN44hVGdJVE3riSGbK5fWNoPZbolPeWOZtfV90wqh00Lyb6kMDYgNfoib7msGOVUmAcdint+9I4y7V+WbRUjCfVq6exyj/2Mn7rQd5kwFPew//tasHcZSfeVNsWlGKWgqGtP80yGf8MDNnPJEFx4Pcs5Co0NSSr2LB/Z8ub+XN1EiBTUj9z1h6GDwthIrcJ/OMavp4/8ktZNXW1vTKQi4wbPq6Lse7HIBSDVa5pJ80cO/y/l0OCNpXaS+CjoDy6tSHVZiW9gBqn4OL1HGu1JpDe0C/iOgrdDrWPPcUVVokg/bNxrpF6sXB+Z5gtU7ZLs9bgZ68CrEl2VmHpJhNEYWZeqe9uu/AAjk9r3AU5kCwfjB2acvEe9jrJGtEqByQStXsjPmrO1QfprhfYFEW8Vdd6kVeQlJsUP9RxIBfyuVKKsZsVXNbcJY4AUb3MTO6H+sAz+NCO7PE6aZVoWITOYW9E/d1bGFmZJT6XGCEpITLmX76eZ6bCyW13NDXA3PpycpmycquaObwQEmRcUTu6pWIZZdJQbMcKEUG7SopJjJjM05WOTayGB68cMOScpqsdZYr9LXX7MLRk42MonQT6IK8w3WPte5SOHjjxI2LGBhBfDkUhzDPex6hombbe2yh5mi/5WJAsv2InaRnk6Y2NGiXWTZLAoCNcZAdTEYYQYGX14efsJew8ivUJughU6v8/Pkjmcn+kNU9pPpgBxk9fovr8xDPVdP8E55qOGqsoWttEJvbHvwcz//1X3LHSoKqmZq/brIUB5YoFafmMzG2E/vdJBhhI6d/zlyBh/5zmrH2xGPAuGnGF4rI94WWjxYZit4P8xSU++kB532QqSlzg67DqK5pi4dNoRHGRGZy+0aKi2xwo2n1DB1ZAv3Sq74xzjRkRxTaR1bSUhYVu/EGotCnDNZ43ft0vpGsJ6vUJ95sXB/oaKJzI1MMaY37e4MPQ9mq9Pt5HZuNOw/JMZalziXa+ebUs3YUXy0NFEG7U0Ktm6ryHE9CBKaDWNg74tHs1d3Bb8UTOtEUs8+6BIo8z1lZptXLY+yzd+S4dj2Tud22bfOIYwQKxmjZ2o70gxOfVvyvdpXLwBl0sTNzgp7bkGvaZTAUMnOqYHZPf0w+kjCLRM3E82CICgEx0BM6EumGRCj848waFhjLDZ7HWpdLgFXkL9TWJWOC1L9as2kDRX75825yCQC7TZ8j2Bc7L1Krl+KfmKykBdtI7wypK4b++mvy1Ee30JcjRfWpbkXW6CrJml6fJfhjWbS83SGz6b4J4Ou2Lz56G7tM0qozHmk5f7yisWC+LX6ZAI4jZ1JU2sikNm+u6pCzj+7/izbSbdms4Sr8dS99iaaPW5hx1BldHzCNf392t3MURvdYdszIEs9wELbjszU+qbwIym7pCRSHQW/MzYC8ch73hEs0RGskv6OKvJd1t93QmFDOXjdsNjMOsusGzs/B4b9KAG+0zdjtAbVuC2nYyvnWIdBXV2HYK0DzUbAX+JjVOQX34n3Ij10DBnjZkVSFLUGX3olpzZtW5SonK4VWk6XrwFstXY73TLl5VVtZZ6PXrVWfuxLLDja1T3rfho79SJmsxsbdUWOTK6W5jbSckj+IStMUF4QL/XuQJqNiUhG4iq58AeffalM/WDXcjFdIa35if7BiS6M7aSr/SXgL1aKgXK5bXCT15SfOblfPU4TWy9p6qKfFREuf9T09ozVRi9O1WJC1P2BFIAm10uNwu6cbpjMgvMecm1gGGciisO7q/oO+VXmR+QGVb/sITxOFA0C9+qSzVcIVDvtX9vfYR5iFsW71AqN7ZraPQ03OaN8mkyVjy54xqoX7tDpE97+l8QKuilWQmmeRXMjRbtWonBJ4ek3vAHhqGRtk5dvAcyebT8ve+MA5zug28JJP6iHn65A0H3O+GIGHjJvtY0XtVa4ZqWEj0uV7UvvFeKHh3Zt5QM/p5QyCSHbmMVL3gBNC8Dtjfq9zqLvsCk9ZlEMWN1j9MFtElHLwn/vdyzjWLX1PqRg2Pd8ne912vXOhN0LQKNrHvUCsLy/cZ4u7vg3IDC9RaXIvNrjPbHqNZ2jPisuBjR4ZaRHDcOc+yohQd3vqMrdnNMNW5g7+qx4KCe236fL21JzrACTXLjKDbQwLNuV/hOtUgvE9LssvS9ZIYylfZ1pTNAIVlpZ3uEi3UJ+D2XFgdT2LM0ukUKog0ZWEVb3TDSIu+/3C1i6WbouotY7DVySMOLyLkrGqDzl5cQE0H7ACW7QKmr3lspy5aoh80xGuRHJecil37/FJuK1/kQBaATxPCShW7NuUh2i8tp225n9Viku3e3obXIpM7v6iiLfJ6NsFkw79gFaOoZwdv98eUqY+9esgoQEsIM2uSy2p+clTbs/6rdJkzvzTcz6HsmgNOOWyb3ntO3Wy5h3cutOgVJ+gpJgNp5xCI+kcK8Ch7d5pZ7cZvCE7eslu5kcqavERHEclHGcUb+BTUTXBLcvp9FEHMmnzH6i8XNx0Qi7Nvnhh5oIiTE0UQiyI6EKSx5V8s/rREazawhLYdQ5kKDUPJAlL69ovpjx67P/zb8V4wExG6Jlc8CqeQHFnXG9zpTdqb6wXSY44CkEokRojI4f9nGK4bBvZygbbu0HuaAf+jS0IyOKlMRHnWztxcVLB5L56Nj/mm2EYtfLuIetBMFDT4NNQ7acI76wYa+chX43pYOQQMYV1k+lETbLUBMxp0QhUfd/vZZ61zEG4+QUpi0/WfB32cMZulz6edLbSq2a1BhBWrI5abhneFwmTSDVdZgNDO4PacAGH79MDOX2L/fsm10wcE+/7FkN2+Z32jPCD9dNoA65nPl0KNGjSepPyGa6URpaVqycTb504EGenHrvzNRiWCZQusodzpIPZvVw0lvq6oRr/oEl788H5y/xNQaKxdZjpuw1kwgpmmz6iv1Ji08FXXq1ClGClI81nbZS6O6eb2EMdTXPjDQLIBkpr0j+yhIFUJIlotgH0ggq16YiJOaruRDqDQRFdnVGS1E7q/3k2lLfjK+dQs1TmnwfhB4a52CtpurYbeKR18cji1dun0n+2Sao1KeYCqfDBBLa2ayL5YsUSk3rhUzHh4nMjc8sf+h+fr1I0AhWmFFOqpswrVLv/onpSgS5my8Iv3kvKpNujBeoShFmu01vwEAW6C+Ty2kdoPU0JV6LCPncVB8ZIc6wApvPf3UqFELRNWxXaCXvesoZ3I0DSjiLMMx2JZyYsTHgE9oTfU3AkLekJzqpZIKErqetxTdINxsOTBbecgeqtMJmB0tJZcEz/urjNh/uzI+bH6S2FLqZ01blwmb7quyin+6f8DrsqK6znmkvzWXKa18ALEohaSIUKcNeC/1KNvXumz5Cahib7of+N7Z7r2iRQOGfBlIQRkJYu+hnbXolKHzTEKNxgVtssiNt1/v8o1wYbhGSq6l3rnPmeAEghjGIHfPsx5/nL78t+H7QuigLdT7R0fn2x9BILFHg/bt6kMorBdNpbM8luldwvlxcn9g1Ff05GLt6NJ4xsmiXd2hrrW9wXwCGGC8A6AuA5Scqz/8lOt0ClAXkFySfVOWrLKkr2jzVdtf1Ke8BS+XDZnd7lbp6N/dvT6AN47zgrH8pGxSfKaXWR4Kv6UH2c4x8Ft9rVKYUMR17Ca4Qh7JQOmkiuhDc27PHluKCXn5DguILTQleSEEgl2eLEp+oMqSIsvqezU6tvgdJJ3DIEoQRr+mlrIsZHyyR8yB24NgdjrD5VKiEBzE2095o1rZz5jzTBN9YZJf/1ea1UjFU3ddF5bVzFAv2AgBhzOQGRltK5wkCz1rtrFljirQhJcG0jbEJgztc947v/63PxKPca2EdM6o0ujNl5iXvHxNiXTltGJPVpNFSbrFZpP03YCPyeU/tBWDALm9mtPTQJG9F9NsvD7PfxUNvAPc0hMYuAP+rTk9oSx1Olya4NhCfUArcvhv0B7UOjdlsgEuREuUvdtPdAmpLzsirQb01ihOUcKqfE+Danf8m+W+S/yb5b5L//0gAgNXP/7vnNf+N//fgy9ChqzBzN15O+4x9rScQ4hq34rmIXlA83o+1tLFuG9AZCuByR7i3w4bdrW9f0xlKlxA/vgCYUwMOVFiyE23tLJL/hGnZ5RbXEqqCV1RRESWRErgtRtkvcJ96NOAeJQT2V4qJL6bvlOm6ADDCP30HehVj1gLwCnRP0jp8xulqWqJtvxEYPCG7wCWyo9rc+UqlYdPYzfEqF5PEKBFyc7W1jcRvPu0w2+NQHb1ygce11zqtnnbQqzG2hARrPj3EJfMlVZZ+p1ZCPpUglm2Es3wmfpwG7qFaXI0oM8nEMendwnGnhaTR3+H0JhY1rxOf2KBXRhYNUCsgQop++h38hhTxN6Pt8Z1YLey8yen1qLMwnk1hHYUXeHJp0jSCZFXJLPEwSaTKY0gtZ6RzArZwSD+TPfZ0yGCzyKzl58mv1V9rOQUxarIn5eYzz05+zY2zvsxx9j5ULzPhDJ+sbACTV9wbF7xkCMEJ37SSZ+QMFEZkxISmDdEqIamNkSphDFJ601FIC3cUt6r4nlRwrkFDgfnip7XdiV1V/uHJfc+U5172i5TAkZXa5XDDK9ctis2Fas7nhQIMi/XL8Y2TPdrT7UHApRSqhPgYrEZdKZOOFaxdscgrR8UUwr88vCmcEZQRj8Oqik862I2sTg41ofwpC7WbvyrJCsiWco6J2jCucEX7CwCG75IIZU9BSo+hN4nZbtwJZiIoXPzKEO6kHXrIA3Pd4RZNc7c4K+B7t1BtcSm2MBIzPC4WnKzU2EuM/SQeR+WSnqC0pA+NBLZU5n6Jo4aJjI99+q9iW4/Kpe8O1sEbeYHVGu77eoJXxquo6BpK8zYlZaPrECWrm7e2xAvClDZIaMbE4asKIUrvXVyzOym9u1z8Nh88pzI+jS3U/vod7plSubYxmWLxO3dtI+T8R4YED+raW7OSKZqgRiyNyarTtAU8QCBetVm/ut5t/Crpwaj57jr81tMERrimi03CYMATpwvApYUfJ/KGNdyke3EqJslk50LJiibSzW60J4SBReG3fmeKUcle09jcxvqvoIOPQ/Mj61zcZ5kh1udpKxMH877ntU+1i+tE6vsNr6zRVxL0DGVBwyFVOv1yvJ0WFuIMNyMs/ajISs/2TNGlbGuICvZOX9mGGrv+jhXsAsAUlOGQ/+sHzJCgoD5rIotUywN5Kic1u6JZXYKS7PitCjzwR5O/GwxDtzuXOtO54ysmx1c/qsJaspYP5wd7kwW6rhwbz3Wk8Okhhz0qlmoxTnXHeV/ftTiTPG/PPo2h2Am5GgJHphH5DTNStfhuJKPMBu9RblmwjLIJgSq9NjlUuubg+ZAycvJJh7zpPjFJ2askMVNq86XAa6TRyymqneGJ8iE32/1CDjw7ZFzZjmL/tskQUaZWJH2N4oz9gdblywQqsSzJvroAuM2tKcnBQOomvg8xPERgSgyz7uqkBXHYyfV3V6h9MsXv56nDfO3kXlPIQSh3zKjfM7sf8/v/KVrM/Wyrfli9tjnokgY2zng2YxoFRMgwOPUlbOn0khWc1hQ/7Itkwp8NxN1mxE7VABXRH6DACdczTlQ8X5Nd7biDxalT9yfGbdV7k4McMpsdLzidQhp/WQyNPNn6vfT1cHv/YwwxeOaH3tY5K3vV/O8LQOHvYjf6TyZl5jXnjV+Vi0uy0u/xJ369j46QFvjwSnKf/u+w/vJpjhO+5fi+ym8/f7lRZZY3p5cdALc+tHlFZE/rVANnrKNsw8fyoB4dwLbXuvpRkgkppTaR7kg+265E/l7crP+hV4R6T2NZtxkS+OlHed/jVF3PZ293Fj7WYINV0lILHD/uqFQNXNtJ1pbOAQjr0ITyH6v/sDCotiyD1BK+vZ2hmjDlOOga+iHUY8lZj7u+xhcFPiSSJ7+61XsdZtYeyESzjBjopAvuu/rebSanooPlFgskJRctuydLNOdH/QEtWSZH8u6NekV3f3HwNpgU6xDu52T/VT5U3uYhZxJr46YWLN+NLirlz7G8c3hj6iH8KN6g27jCLsoDRlS+2eWdAcno7v9RWMtorPX+GMdj6Sy3OL/b2ngbOl5Ya1W/ZswDH+4rRj6qVpvTTBPGBA560rpRZL98ypfFu/sglQ1LTBFlBXyFQncIeQVUoA2yDtrxAu8QWBhwHjda/2L+L5zbKHYqhi2XeXWEHQiCPDHEdt5ILiV29b7v6s21NIBXsgivME9dXtuMXo1y3Hpn5ikvLef5KHqCCH3yDCdCfrcDceYnu04I3JsaEPBLCm9wO52UyRUk0g+m3BsT2emxQtITPMxvlXVhAkVHOi0sy8sChaVGy73qTXs3G/iIqZmu4iSg4r1s0ea6VFe2M+4UVYZEhaYAxNqv8VwFERc1sp1VTfnrlORqo1JTXPRvtCkEJWAdmzDsoq35IuhezSnC28hxa43wTVQRQbDHyZ9kepNf47G2z97g5QokQFIRA8Z2Hz+wfg/WsP42IPWzSb1R15SIWn3tqaEZxhmdWiUll3XA5u/PxuZ/q2DO+ALAT1U92FXdymGZ2Y1MqXW+d8u19cUlabvw/EJqPcLTxh+DdU8qtAFDcDVbBdqbuhA2Nk8JJRz3DQPK7WtJ6famwa+lfsELDcrVJdVPHU3dy/IGAjUie+7gnXor+Se7OiqK77L3z951wXlnBiH4GgZHWDm0eIug1gPFgvPSsmx4HKuu5W8bEr+778A8VdTxh+GW92pYVux7zxaj4s9lCuMPb5s+0eBXlAWTOOAfctd4ZlhN48BllEvgbS5CzTTbKM10kU5JRa1+tH4Dt0dmgFwMu0ZUihGw49SpcQuoZnwpnPjxVp2nnVihrd/ksjqVwm4jaflqQ1nQA+9TQ3xDSMGB0KXXAqmieYM+Jp/DqtsO4r/UF6N6+j0XfUMDRWV+acKmZG9afZ+ANSeDLIFWCUvs88WPbp0RwmknTEO4WEUr7QYnBW00d9+8a+wFM/BThj+uCSo27PIa3jh26mwrz6GbsJM1As0oGKF0Gx21Hy9mCeq570OQ8tKC6dZQeAEvcM9/9wv2eZdEtHTblnirWW57i9BGip9RubovZs//u5DJhgwUTHApn5ywD+9+eo9z8ZzVTUKO/ELn/iif+jtea3b9NYQGxoBbKD1V0ykVT3ZxweyF6KEXspO3dC8AERPJZwjW30mxAdbC/CjVVmWLuntluqSZXPjjzOJ24SYuyKuJbsiy7U6y1c3+nq8LNS+yvLacPbwnn9nsTzo2wN+Sj13pVlGuHDa47x7gPF11eZYpNjYeq+dMR7aGSvWhFWtXucklYyiZJqJhf9hqf2Ft/aklBgPbkJb72HyqEKOWP3XNfeOFPrJ3xLhW0FTmIRqq92jCV0lSjW3fL9lz+ggUlR43LbxZ4Bg626SG3ORFOdpV+/YQ24tq9fwRtoUK0dMzaXUYoHSec4Lwb2Xbr+mfQu/VEVw6wkkEi7KedrxU0T1EyE+Io1XRHuM6RA10zObU1ascyFD5akfy/VFaaWdYrdSuqaBBOY0wu6mRhLbOURSlr5nTJ6TeU/bIty4Q+ZHI5OHoDHey2tvFUksqZea7w3hTIjM41J5esYt+GDg2IHCkGdUuUwIrHQN3mE8XQwmprpzuunqDjUXm5cXwMyYGhnRJ4IBubKR4Wc4tay2JHpzZSGZSsUopc5pKRpidgQLOSSubaOOmTWFzZQMClVhFP/AVb5IMDtSUaLc6Edtido1zdncR3zII2k+W6VN3kcXatcLJ/gdjmD290stJC7c1ibaq6w9Hs5v4QhsR9z+AsorlYrimWsaF824I++7fejCLVc9sRrHdAkJTaB78+TY8urOJp6BvIIpcuancM3k+29dOfDhnfAZ2nlKPwfCuS0p+fr5Xb6jyGv/yW5jKlvNkjR6Y+cyhJYeUZc1Ievo5LHZDU5IK/YESAj8kvtfUytF0HZUfuH/K+W2DTjklZC2xl3cV3568YKSRimxcSGBwNqxZ10ytvDroOZOvxJb7wDdaWvvz9Yan42aJ2k3u/pS/2IvMqEZ3Gb5DFvhC+/p+34hN+PNIQKZHX9YRVKE9k6sqr/eVVoWDRqgSpqmM+ZBkGnE557MNvh0WD9VksfpI+a9Fl+A17JMPW8fKlH0m3K1N7uPzwLwPBLreVEudPFTDoT15hdnSRYPu9Zh/KEn4a8N7Y3azyCMnESYWUGllWkQFXQAOb/ntNaZyeIlU7SW2Dvi7ltZAFNxna2qcYG/614PItg0nUvWn7Hf7ZGIbRCHKq9Zp5wH5Ot/VUqOlM1/yV4geWaW3Ma9c40BdpWyclOr5XxnjAMnZ6Mch67V6fQNAO7YJycTGyKHWw4h/rItd2pq8etonmCXevfJnVshKZUpnV62aH/3jbnRGtWr6eq932RZxFrG2MsxOaghwqiOOJ8Y4SyKhPiYz6cMmXBqev9TwsVU1wh/WeB6vBS7O5Y/NlazVCdY1T5R1CHlPv9n510ox+DKMZnZiwdWIja7m4EtftCrzguv6f7jYwUtN9zTCc0VBh+xBHaPlhVBwTWq6SL1UxvNBeebJ1pHzR8I8P7t5tnUdESsWLvXzAo8B6UdW395OaVIzkIKodAEDTn7C0eSzu52p7GFchfj9zf0D+vTq29fEbmckCw0S7RxMSj5srDIM2OyzPTtq0hzbxngif4zapqQwbM2UXgCgbz/W2BcUbZqm0Sj1OLoXKYswpmJAmICNboaznLKErFHPOwh/2TtSicI1rk0oMgLGjhnZlNBnlM3o1i4T1IRAgHxl+7TulF4LI5qty3oiuVfD0Jrv6s4Ow8inQTYQj8LyWPS3gjNGWeNqC5UZq316oEPzvQprGXxvvOHD4fWNNrcfvikwKPODjq6qAvd2RnhBp3KTnnJMjvoSLSIKwMau39V7zc7psUzXX0/mCqJtkuM8Wiacwe0mxcZxoqaIShA5dk1pg9doTcRSiR/8x52qrwTV7Lk3rNZNkzM+2FFdgzS3u5yqlVyDdFYPNzY6NiuGMku0MKNugAy5+LlXTW0V+a0kqq+JMYGckGZUKjVD/pjYDgUahjHj+6qycq24g+KNvAP57/Qz5eT/GOgliiAZZEVzsBNQOgiYSDZkOxGU5r7RgGPw7XJ+8NX1JZ1C1Gz5SEZ27VuLaV87iycFnThb569repVHvNo/Xavxg+3GeoOaFTaqlktrJflZ63EN3a9a74nC6QJXR7MOBIUgu9RBlXcZBOEPn29VflG96i/L0OhuWu+JSAvm/F4r3aYu6MuGrFaTiWLAiRByfAs29m9Ce7csrJnWzYoDzlZMEIVu4I9+RfeSmSMklrMH6qrNb++1cJ5Epc25xqxOKVibZdCpVKF69CfiBmME3XkdtAu/ZZdMdvUlKju/Utq/01FuktRvoGrDLf2x+5/CiaYAa3Knk7IRnmwf24ZJTVPAgy2BMHxswvn8g/abDvG3d1LJuRsNqr9i3/nl3AMAjP/n04BLPnNkXrjfBKj751E7n2B5+XLclZZuvl5wxOKL2KK/OkelWSbR+M0RjtL3DSt6eqAvrv5nkTbBLU93uWurS4N/ro2IZB0u7IQbjdVJ/5pOVPCblPjVSYrpWblT18LNO6SVp6sRM1jAl/nkWni1FO4C8F6rz676l50e3rTkFhBlcg/KoQOqw1g9Acl9oE5gMiKeDzupVLlHE2pqy04wGCu2tycc4dkfhtfGShFhD8VCZj4mjRH2zrgTgw9qdkt6Zw5LL7cXHd2+dXKiOmW5UG7A9KrUrGR/zMyfCeiWoyfCxiATsaxdIKHimpMvOrS23rKv1lAu8MEdJePSpd9eXzg5AFFksVp2YORiptmr+bWh7IK2KP5wKVw02klit9sZAveJAlG6jtFsqFOd5YNalJ2sBkmqt9DOQpQ/iCdtnELZy8klFWlS/keNyqZD+BuSa4dCgQw+jvFGo+SbosOne3ULIAfuPMbRCsnq/QmkFn9tqv7ENqsHghd8ASCpBt1k6WjcO/nqj5LINoHaiJT6elCl/XqWbXS7GjC6TfLBDoGR0kIElg9h5nwaQRK8zQfL00bwePfbFmofAhRafi6XodwXsu29YqpHGsNsWjwP20dK6awDVywy52TW+/NLszP9bdVn5gl8D4qVzq6LR/yO7T1M7nVYN5is06e5YjK+oJ2KFO3I5L0A/CIdJsVorX9Ffb8T6q4M3GKdp8Ljy4YiIOfa6Gvrdv37mLPMoUo/N4ep8udLq2cFF4A+198x6e8mpqaofn5NOTLIT5WuKSN1AbLBLVx8v078RUtPDs5CCGcsOZmletyEZqfaR4ZtMJ5tUyujTXPVSytWyVjsGrsQ4906fRyecP+YbanVUHUH1OejcD1UrYZK4RPCjNAzYTH5Pn0bMymLti1OBacxBZWsS3yfDAkmAtUc6Vz0gisGZXN8WpHpEkdE1NSarJhNaVHHqXJwYWlYk96z48bNPRtS5djwQjh3i4nZx2lCXegw8zEiTJ7IYgap+eVOX5Zt8QU8zH+IPneUmpdoWjhMUEAwY2ertPPPMwb5f8fx6lSjXCZ8KQXZhmVtzNcsoZwamSTG2Drcvv+f8Mc8/LM8+yvKtAQhKdX1hlCkHDvA6IC+s7Zmp3K4fXfBvQrZy/8D+eloffVM5gKwLflvjR6/ZH/d0Sk22XSdkRjsAUujG3FRk4oEt+fQKaam4tI7rzlWTjBy+W/kM05Zd1FpBbqhkt17UYO/7iaVULkabEaK39+nvE0RdxoC4135o/CD1bP3Pez1jCus9WNGDarIdVnWg8WCYDTuXGNo9bdC3YlB39428qPri9sWeT8Rk6uk50MupV64H+2Whn8i+Ge33DH0+XxnYzqrl1srVxGubkHqlQ1Cx0pgsrv0Vzcu6a5dZcnVfreOeL3iahl1Z0IbsnkRA4G54kJ1w04gJXtW2Gop9p9YR1WuT6xgqARfjsc9Udeu97YJCaEv5khFaqTSWz4UZFZI+O2oU9HTvelyC6369boBxe0j3mkuIjS52BQlQT1UWcubCZpJAU7nOlRuMVrc/TO3YdcvAMw/DkDBB1NcyrVeN+LyFF5HWXtET0Kcz3G0oK5+bW3b2Pd2hS5Knvyj9uC/DcNE0SOdbTe5f83zm1AzFfZWG125d+NDLIbO+VDhlR8airRG5A6zbCaagp8VPXErhd+zqts1Ra5aofDdZejYgBgrzwJjzmdZ5p358s0J56N0fFZcIwpxyCLdj/EK1VdVV1Oevltpwq9uk0oreR8NCe2rTLWMSBAE7ywEVseucQ5IBH7xvVv0fUzBvsKONdOLq7lIb2TTMKUso8Ye2ey/u9KWP/84tmLiSTpQzu7FGhFqdAGIu3veLnbEyzHWlJH+fMrvcM2EI6PXx18QuXKlfDlw5TDuoaE042SlpQ9xP2g7r5nsxRSGM0zRrEEjuwX6YnfsCzhPErPHv/lNfPikfZgV8JzqH+B3EqBXemtPLKgz6PihfE5wZ7WzyfdSe9N7Egkp7PoHbH6DH2h8QC/q+4JP8nRJxLSDpza+KRJsj6A+7c2G6boIcz0fX2qn8SIuyGcGOZrq5lPLiMlfBwK7753ljC7OTGZirMTGln63ZI9/IhU9169yqKz1TL/jX07wcaOo/2gSjRqXqXnlorjPAqrlQNzUqi3fBA1rFvAaivc13PCK4eHfZHM0n59s7DUs7iwpJ3F5llrHViF1wSzGulAfjIXSCjEmjWBr587PmKHiH00ku+9ZZ26nsBfRl1wA4sXvD2vFZAT2xclLgFnxUMj5tVDxrf0vozkKJdPqF4AYhydZxVL7YxPYNB7XLZ/e4I+blfaaC0mU9ZUZBc+7VDL0kENhBU5y0SLCljqdD8Dq3lnOI/A3HnBT2+Rh6XD5O/xRoi2wEAd3piX9kPYnQzh/xSvVoLra+uUlhuBBRNAFQDNmYXaXsg6E1Koc5z63cPwm+PxBivEUBgqqvO2E0dR0PQh7+mYrAmH2oSRjjb3afRQ4JhiHf/SlOzEbP28+lxGEfs4rcdqBP9HfHc83EZIQVbk2kwn3XoamO2Ym1/+S9NG5xee6Lqni+HoL9YUpO6zG2TYd3CYT5VwCyWO4j7ubYj6jO+pSRhCE4LAGfC/cGlDxPLdfiwh5RXRsmNnXzNdDB06U1s5zIQvcgtUFv+UGNu2eft4K29Z4POLn3KLa5PFNpCdRfOxEmsKt7+/8iEpuTnndGsBQDJGQHITt3m1OC7HhkqWVqaTDylQXZhaSmLUbggObfmZgdwckh/CfIvfibiLttCJWyJYMXpF5eP7YfkFvjGbtoyFBy2Un+PGLmva4ImYVlkB78hL0nd3QCoW6inpIzNrJZM8anJACdwy7i/SA8PFCFqLNro+MuE76nRGedWtf7cfq883da5bf4Hyfbk50p2JgKyCHgj5+zJHtgEqFNaGydXqEL0Xwuy+P3LZtUIoUMcOHTHDStrMCSvxO+Cq/ZTom1Ldu1gZ1XjFM5E1oYLTuzlAwVRiXKUO50li5zovM5G87tH1dceshbd5qxNkWmB58TWG+ibKEJrSoQIAiRRFTtr1sP7kN00cDHec8Z0rIGx49r3I5IaIaxNL80DG4lVRdKli7jCW8G9SwH6doKGczs5Nw1JDMzBngZlOOC5x8/doQ/YKJ8ND9fD9co2SrCBv4ouDgxcbyizkloashcZYZpI6wD0Rp1/CYusdmjvmqCReA325IMcX0hF1JaYHt3NqkL8pHGvXRI9nmQ8HOfMNN98cQIubsb+q3SZt6TpN4xDJmKY11Wforll+pp25LpPEK9713Q+DRpO+k8PJqNmqNq3F3h7M+KHXePF+qCI1b7Dppp2trKW6rpAvQUid5etjKbxrGzSdrF5vPFReItOeb34nMmf+ykLt2b0tObwH6uVkKw5dFDT2qwX14csbiZTr4DLLt/xMiOIAXSFnFCfQqO4VXvnKgzeL6ttJgmUJ876SGdFkb4Wj4HtSM+gkipet/XHKdl+zkKjnbPrc4KhuZFl8IRvX1m4MdKZXfgJ8zzfGNcBjXIrEPGyLZdCUV/e86UPkiTq2kV1DuSEFOM/2OEqOMsAnLWubpa9SrsWUwrutgFl1CEzAVVYMlGDfUbbVKuwByI3Ja9Kpo51vPtBbw2q1o7KeYPbraUg4j1+1jHvd7tdayTlsjrWdtMr/yqX1sGAtmWGKRx/YiWqYAqCTV7Wl1Ak7SObwVEgj50atcH/9NYYw+4/V+peWbqQPysFNbTo+BIKYnoSut5rwbjUZjja7ZuViKs8Zf6ui8k7rJKx1YUqNt6xmh/9r4gcKOf/keJpWg4H7GKGnBqxLIO0C7ZXaKylH8YIPio2Y+9XaLf5VVnrKGhYN1HLZt9SWkcmcDxdOb+ch8PziNxoUtqJgS2v4yXqfU3jBDpphMKDZKOOEMOIX58rbxMIZJwcJ4djmslHu/SNG7weWMOyM4YC8G+BXCxTPeEeC7zoZznJGmU2kmkkRENF9HCdn4jk+TEeqxWy8uU1X/SQp2RVA+cvB/pUQUNSa7DLuzJ4c1OcGavWfcDQYchZwbU3MYC1BCYCRQ8kvYQvY3j0/qcuHv091hta+SzQsDezHGJeUuQqMzOyJdhq0QZDfbAhdCfFZ3zJ4nsHN4VFC21v/q1QuA1uF9iisfbSz8RgJJitqHqaj+gsax8Uj8vBOdv0qiYTcpImlOIFdY1uqnC7s8U3tKb2QPdcv0ZUpo+vIOLIh6dLM6PMApl5r/bo+Y7d1WJdTmrq7c2VBdK2y2QwqkRsmmH+DYUNhHvMc/zssEzyleF4B13XB7ukSfD1LR8aHVgVPvV+kN0cw+KQ/97UCEVhj2xkmVw9slZ+pG1kqkdyV5bD47d+8114nD8GodE+OzwVJVr3TjMR5o9cbd5Ki0tK7qmo3CYQ8flOBNqF5Z3ySEgd4/6jNX4mN3vM0nO6+SSEfnaEz90A+QOG1aYhlj4kNrsnZg6yO7QOA6d0CkWGwIK8zdOng/zbe13nlYKEkviDjZ8hfo3bBrA7irLyqyodbj76PqIawgSXlDv0AzZQjiD2osMHZpD+Pc0pzblejG6qZq63QZ7mhtIFHN3CSCeM0m4bZuoUG2lw6xmJEroyhhQK0uAlaE510iuY7zis0IuV6lI+Qo7yvfgIBvCjUw6hHjO435kTTz/DF0nHUu4wf9YyxpeoU9UkdTC9bpxt7DKTaL+UZ4q9bnr8R00I9jzXKYUUm9VYE9ZI6KBu+vhZO1t/HN5u8ONhNnMHCWhMcJx/iEk8iU7n0Fr1t0/aZmZ67G9HpxBbKGpuROoIR6jslrNeJv2m5BXjFzo1HhmAjfBvMK76+GQqUVH6cgO45tNh0u4aIpQN5/c9HKwVTezsfbtY4XgLnncT0UlTiUnekY/m+PojhTwdeRqZiEbqRfT+sLLT53i7KEhsUwheyvSW+8RwrWSHub5ZCygWRm2JpUozC+B1mb471QgSdraroglHKWeH682ZWbCzvWmbqkE3c3zu6FI70SrIGqp2mnicFeAHiP7pyiuBPpG+b0qnFZuiYGfyOgd6qAYLmpAGxye6rmi9XYlC+D5XVYnL3sPvS4AQgzM30SgTyOLlibWuOEn8Qen1id6sR81bmTWlffikdoRZkl2iXrJdMhP3YTM310pwxlgnhV3GH48+0KUbOcEDGHewqowkacDqk4I43oZcW0nIM66uMNDSRi5xh1+05MH/q8S8YqkHLLYr4UkDoiV7Hp+V0E6jRjJdRtRkqo2DKB9GgOV8wdPTyZomK5IT4wVvs8xlBib4bpYePiP1pBBfw9yobBgrv3m50jvtfiwHaEXl/9D5j9v62b8JwP11Swdl7Gokcks2m+y4lwDMppUCZHBSJFeDWhs+1g8dnF6I8b2NaiEp0b8e06MFEFeyuZfCV0kc/s7uGtmNlKvGZ2JQqXXJfWFaWJ8unX6hcyKcf3fVTU791m6tLjfLRelsSN8sxEgaN6izZMrSNNefA/UQv+UztT2hBYqEnS0OiAK/3zXp2jpqFpToriMGaTQI0fTVj1rtMinPGzSChIC/dNgxSi2DIS3rvoJP/donFCVjYdmnC4lbZOn1ucqhjzFdnpvk2jZRbj1A1nk/BS1CeJgXLy1z8foRS8aG0dhorNrM+2oUUGrxPLun1LphU8dFVchr8dWrmOpnxZud731Xo+xvDo+Qgdn392kQVtSMY+Wj6NCU9WQrk9JnnxmjgZgBo/8slDBl2oa96Aaq/IW9KQRXyhT/p5+VxuM5t9WkkuW92SuZnaYZFZEVSwotg1PQ5ZjwAH94J0kv8JjvowOxY3LTKyeW8jPni+RXCvhOzUy5/36VOwLAQFGWB07hcCnmpxzClsFVie6lozn+yrlThzg0ic4Tbj3ycMatFsswknfZ/Ei5UIB3a5NH4sJUxhIk9GoHf2n4yazqWPQzGvxGV8su1zi6b4pr1sOhYtMmK473okpxZjzdeRAr1clurJm8ySrWqVLNxlEwd6LM5D9E1CtCszYeIBzvlSIIwrRnT47nKcTxDB+rCgf7Ixygr/xxWpCZgFozzVn0ry3wQVd0xZYfTTxl4pd6vWJ7jGtzsEl9jfalwyFLuDWfuw2Gw6nhozJiQvcCKdwRShntBYpR0IPEenu/08FQZN1AKNICNtOoaB2PD8tXhe1xGOkagk1orDtYPyTqPtk1KoaUmDgenyd3el4TH97G5h3A40KEeiYFG9KlC3NniAMjncn+5qMT+2oFHUPLKpNR1N9mRAc+s2XSsKsy2Ka6tLLAxlKJHU3jiE8Rtc8RC7l9K1PXgBeClUxMCUrfSO+uxto41JcKl7qn8quci8VmBK6gJwwwoOD02eBd7hSIlGImXvFDp/EelxClQt6d+9AKy9Mxm8yszHOW3bhBDDpytwcQkkIZQyIJ7YXbHTYrHOeeHR5G1xPPv4O+PyycblAtiMf+prZ/s0i5xYRLeMLixPDx7AsOAjyN8LJjsWmKEkvsz+ft2DNNIDSftYFRNILEQYf+rHXLx1Yn/F4kiDojWMwXfPp5fvadZKPMdHylqgqejrmvJn+d9yMFS3rTW67mQO/zuecguRJPGJ8Dh+1SGWlC8EbzNPenYrT+JulXWECZqRN0dSku/Gm3wI2z5aEMq7j/K/3XpWsdXytYU3zbTBs0dSwhFI2yBakuHUAQ/tr2Ukp0gMutBWk5/2kj1Fa0KiuQQemugtj6yj7v0UzPBj15t51KZnbkQImpcEB+vUnwHhybuCyz6tR80lWqUubqkfgfvW2SXM6W7+P6Gp+YVCD5NAiYP3YOzKVx6iWT83xjgTJ4K+7HHQzKI97FOWphLVgvyWWU4j9DA3rw/hu8Z5l8tQOBor41zeUhX9cc/iY7idyUBjdXc5QlKa7VS/r3NWYfuwYWc09+o+Oyc9p0NWKyN8xRwkpN5b1n8lEp+8yXu2kJ5dYKsM3+9ePw9vaOyfZKlCsb5F20ZiNLqf8/WkDG2CsDLsz7N87+gAbB1ge9I9iblBCoseLoT7BB0i+FpV9DEeU74mnPOV0aQvHp1O7OsJJ2fTzSlaiAYFPCvXKhjmM2Ue6dGSWXzdY2+1K53pMeUOO5iNz3XxlZ8ZJS3Le93Alrif4ydkeJHxJfE+Zg/G4AjPTGnSFJJw/5ANo98X2y9w1tqxXW2drTanvp9mhFmE8NNhg81T3WEPPOui0GwoZyGJU223bchtSPk0nHR/TaoQNPntQVVc1TiqE9IN2ulHmMT/diW5Su38fPD86Mt8BPTXJntFZviPFncKtK+wgPD22a+Zar1+4nYq2pdX8vRy8nUV2+uvoNXiz1Hs2KJRooAnZ2qV6yqhTRaO4N3HMbhuPhjtLNAsDjRdln8gIK2J59PTzAf25ghEotPb43SOb+h9+VDmb/9mrJJUyREtcql4KJ9XguDZVpimgOD9wmM+f9r5pSxLHy7iKT9UfJBwUMHOcTNhsjQxu4pN5ibpjc2HwWuBR+hbncPFg27YUOFDLXNJf+ZLRfaIZBC+N+imJEiBSnfT8Jf9MDzh0wCj0asZErzEjc5QaU1MN/7a+3XxmxS2FGQmkvgt68ATlqPCp4D8+6Pcs/mK9qIzt2YBLbaUtYWjaRjT8RCLk00sppYxnuwcAfyCmk0ID9Zp/0Gv8MRT2d2GVUslSouggpTy8itagEqARYZh+P4gSYmpMBfbhseuF4BBTulfvVJH7y8AggaQ88mU86PXVxLbkV8NmlAzJ2VDSySVdIWy39v42uyKdxQMzPV9u6+iEf3fAJr/VQ7cZdJwKXtuuFmheq68d2IdpCN1vEhIuV3bUuWjRuylzhDt8v6mIu0y5OFJluzB/ubGNEfwB9KPwVvy3rZkEbaqJDT0TToVlHZXxAss52FhE98J8z+/ovkQmCRIKfaAFf9ZDwInfWdPTy8trDaKKHNSfHvNS/tJ03OrCnTKtP9VmgJc2ss1/c9w7tJnrWVXh1vTCp7801pWtxA5J7ETwB4QrPjmBf3w55iXQQrZ2SET4pNjfvahnfGl36d+TGb4k0TjxZS+Ztf9VNTQ/WFn7mx1C6sroVE1BWHXIznewuHO+R5kW5P/+rQJauES0lIQMqhfs3pMGcxIaJLs3eLl/Ps2q8Haj+shR4kbAfafOGemwo2uQ9ZyLwfvK06mP3dI8vJUvQEA/L5d//99RmJOzQXglYgpWVFx3RZhq+DcSPTIIlMTat7luAtKOwtoL+3yKjmD5Ayu1JXbtJlvTCivw7T4xlJ3UmSeYlLYREBvCoCyzN0qaIbn+4mVVeWZhskF3gJSUAx4vByeJMl8pUej2NQuWvtjastdkQblaQ32Wu9RXO+Vv61z7tejRigI5xg3N1RQfIlZ4BRCjWSO8LWyEpSTFqzau5HSoJPT/rZKIlB2rjfmllCumIXQw5JBrNNQT5qohqDPlLNmrzgZOmFfPZ1kpfIkVc5FgA4w7/GP3v29xH79oXEx0ax2OFE0B84MxjH4pMkNp6dhMFawPxv02JOE96o5t49oaryQ4nHEjBRezVgT4wbx4oQuGTZNP1y6LnVkjdsfN5vw3nLgeXfqQgrHIM1fitngIcVeW4/k4WcTahRC57OcF2IP8FIRSoypBByLJHVZlKVw/JTDTGqTepJunEizFmPw5kyVma14zUGd9htmjexmb6ppo4dbefNWiYs9rJDMIQpu8xzLyA41XXMToshLs8yYOvLfZnNWSQnt+vgt3cITolidYlOjPv+No1GZ9LyCsSSp1dOn8FYh1TgtIxaDkErH2xjJdYfq23veC9T6Nq02V5j7fIquMM8MzTYmxGxmmuW0tslATFSEV6n7MzCcuCvt7wK5cjkb9QpkxUY5MtYa3xYhrijQfEwmVLzvpQl5Ilfo3doC9oThfNepD3i2xj4nZSDSb9ft/7D2rc+oVZccaH5bHVdHAn/Fv8+O+Y7ZYKQui3GN/zB1VLLOqnP8tACzCXJzP32KVxPoFup00bum8sT96O5c47d53vUm98MnZBplCUnDzu2bV4ZJgi4pUy4pg7ws2uWfD+kn9MJkNrb9Amslgo0pEvFmJXs0KOfuTpYapBXWAGQpwdspqbRDofA7YUafvhzmfhR49YMIElxiHxxAdyLVI6kleGQvsxjt9F5nDcfxGh6nqVOfkHxN0zkp6A7PlSwuYOxJ6gmljVeTQwE7J7ESzz3m/NEJujpcAAShGdDEk2M0qz106T8JWeUAyq3BSFEWp9HwPC2iVl1lAEaz7dnotC9MuFcQiBxjipBcn3wlKZrX6gP77Ilz24y0DUBeNSsoHRnurl0wgS8EmRDVlhRvKaWG5TvTeijE2OAbA8TMUXzTNQ8UYD9KezXD3/aChoNHm/03IALbW5xvWsLpEpVGoF/NpYdsKmvvGq/tu3Lgh9PgyNour6+9fPo8+E81KxLnYp9tAuP4pZ9WiDDNFUUp0udsLHjBfzgf0ii4mj/IOoZnT6ZIiJR08kpKQBh1nUdreuoKqV8pvAN6ArXTOfNr3U9qZcYlXFMx8HwgJJQ2+vM2rNDapNjPminMtIGN9EDrzcKbrGAimRHVBmGMTRyAfnmKprndpnMFJr1z1ugqbxLMlzlE9dJIFhUaXhg5KDsg1M6OJGbqj0WsC7MqYaVmpkb3DU+11C+VJm+1tIqwrLj0ZPkNN5rV5sfzzmFwfNWimk6GGIjr9ywWX9so1wWTf6JrGFOn59ygaSojNsUupu4uesE05EC1TV6RLsmlFGE0DrWIQKRlFn5VvJSfJezNVRj89d3B0qS9wtgI85Vmz6Myct0MnPrNEvJuuxs8odpiMcejvhejXlFfQX5gJi2TDfF96spb5Zaarlul/bbbO3bYDqd2qiE421H9DmAXfqVe8/1R3HtP9q/fUerpfxXC2LZvag77++laSEjlGAmJlwZuYnwJAKmdsdmUGBt+GN6GFdk6jZj7s50wEVlDaT1a0M89rMnVdINjnbRD+6q/51jxzJQcSdf0cHVfW4i38+37kJfnOVqgm+oBygOvZhopuLh175gvWHx2lasffQwYfW10WUkOQXlV7K/HBTQCG0jaFZr9CNP1UQ6CjuKdksv5MKfXAiY55WxJnp8gw2/5xin5g8GgOA9IioHUcAJ2O91+moARnUL7x0tDrVr5L5UYeeu1uURNPpomx61hfy8bpFIpZt+zJd/uxdWNW8v7Lwx3uidftgjlUkCFf7/V4OcZ8LpXhl5Txjrr+f0BXuAevLYYCk0mJvtgg9iCC707qh9dWWrtpJVW4UXJn1zeVITgh+MJpT2gFzd6IDYQPHpnpgDIO2hOe7xwPVhMlOEIPlL4bnJMcpuYVtz/M5kPFbS8JDyIlq+ZWu3NdX+X8qYR/xPi0Uuqlx86bhbSbsqpftMU548jp8l2LjFkJTNL/5ow3Phtu50Qes02kdwgoi1syOZh/tOKJp093aMreoTaYasOFBSELWD1Y6PNvCNaszb5Ko51w01Sm6zTPpix9ReJClCyy2VzbBJiB/kP9HJug3SyZWtrn23fAdBB0G3pN0wVZ0Qz+kGiu36YHuMlc1d9T4EqDBxT5S7KrdvNpzVq2/CmONTVG704hjIBwZ1VjWs8aOCOisBrPwPuJvYLd8UmoxeTr2IGRW33paFY7/K/peF5s23DE1EVbandqC6z65ieAY0ReM0DPnfZ256t3RvTSWGBDDwMtgpuBoCaibTHn+htxw9NrUWeHDHX6qG/lSVg9Yx08XVlszsQ0bDsf6ShT005r+Gp1yOe6ohMSJppjVH9l4Q41sIJKgXK1yI7eJW7gVIMYO1yQgp1pWvw8kzBlmRbeJklNM1ZykuGalBYWtPT9KucntV+sRyh/TwBP+zwEtfG3v2Si7vg+67f6FnlRO1VxmU4XxODhxH8gNiV6nBZmGdeZZoLb+zJZVJbbKFjsHflJAIGLlHEDw/HMFf7CHRtR0ioVHypsw281d15+6q556u1MInVakMiIQwUW00TikGBJr5VQ7CM/0d73x3U1Na3G3tB4ACCh66QgJTAoXc4IgRCKBJ6P0hooVcBKUqRFggJEAxVIaEHlN6R3o2EANIFpAvSQaR8vvPded+Ze9+5c79v5vvjzpznz/3sZ/32WnvN2s9v1m/WNlXq4znVcGs/iphto5J+qxXJaDOKHEMOlen2evflU4ZJanO5TsoOWN6NTdZ+rwHT2QDHhzSP85oERsq5/nCZtDUzbK9dJetYbNg+5zK4+ZWcbx8uIVUT2KNsN77AGzkQmtppTyKcmMeWUQu6YHtZRZpr2O5F/S0JII5KrGJDj2OPaVJ0mTmuZxvLas6jo2mQKQkG2UtaRNlDPsMJrIVBCQ94eUqMCtHkFV8O7Ibx8eqCj1mqwSHixvnOhmmWueIUUF9B0V4SJU/o98A0esE2BKoPEowig1Ac/SJSM9t67brJyFb6uxbY9SqMMakXI0DXb7gGZoulFxAAkxpSdnl4vj6WL78pDN+anJbtXc3TyPwJ5uV7/iTtrpqZcoialZ2VIod9NhOp/QLwwyBsmYV3wyZylt15PCXDeqfsUf0B3VtQz2z4pm3vultX4fiw9BRMQ5z3q5aE/sHi68HRrqZqR3Fx6rVPiyXhcZAoiu2sP5zANxX0SD1NL2m+wYvDWOe2Khn/ZgetOdi7M7jXn5aI3e3KBAjL3AzSJ57ESq8WrhPbfdlArK8sXZu8GLAnOCIDYbCXmtceCOL4Ee9j6xR2vaHDyHuiCh6bWi1OfJNepOe2yCOC1NBqLhbf6Kbf+jA02sYv/OGSgpddh9n2YsmdJ69xm6ov4W7iRbvWPPzyEsaj0pU8bUV8VvZjEI3wj9em6xR/n4RvFnt8KBpzFq+RXl8eyIyqGkA4GxSLSzKEJHzu+4K+/nQGLsqc+kbK/cM8TZSVDlGbOJko5kWOTExUWzUan8ZOHDC9wlp/dKQiEvIFdN95NpjLdA5dbst68GNs08HXIFbiajRH3EZnFEO2WLMyVnuA+ivy1X9UBlm/QIZsfCEPn+g8aAh38TO/ehMNOolc2/vkpI3ApPeiPqklK6vXncQr2VGq68TmI0zBZs4V/noWsvb9RMGqn2Txlg44S/V91MmPvBuf+Ty7KwKu4d5u61sUehnwaxIN5W++11xuNIYFj9+4SqiLzFkTAmb6MVaOv3QVTeSQhXziyR/+3gmWktNhJzXKv5XSkw9XZBsSfojFfoR9S3tSaxjNnHafT0SQNCRTU60kvGZ5uM5CiLnTq5qeUnR1qljKHWK0xoCjGTYR742G4P+3mqH/G9jN3kY1hmf4xuOzCGXlp9fuGLCptM1xmYc5rdGK91FZPYZB+lOGDg4cGsD3IBSegMrQStHiUcqH/LJYK+Qr2fWDLjqPZu90P5Xr3FeH9mjHGVZr8J4rM2qgE0eeNHLY1ndsGJX4HpQpjttzPAtNMOBXyJuoa9A7m+6T+zjbEvAhv+nPjZbXE0FtT2carrHdMXnYvR87kKDnzQs3rmZgdwERBfXZZNKMb6b2mt0Kdvac6mTGs3AVtMvSSyLm24pG5pJcG9Gak4GRhb2NEqv4NLNb9iu4gkRubWWxY49K31duCS5jyxpEnhw+YU33D+lb8mrlw1J1yYpsuBDHAeW3HJ72PcQcx7UZCT2/m5nEWj2tvI5iYrK/Aiod1UdHlINr17I6XoeYfrzB2ild7DmgO7x+Vk6gSk+XjzYw6kDTfYpWsWlPqhkaeekYWIEDt4R/P5SM1z/Wq5cMohDWEdd5re6+tmdRSx2xB/Voo8hKwgh8af3uDJWfCX2L7EsusbzjzNfwuXwmyKEwJSjllQnP3X6Fxjda+o6fLIIp2D5We3ZtdCn6998Kwl+mdo/CNtNoXBIoU1rxVMThHU2ZVi7zR3lB8M283O2szB3xRU8og9VTYfvSQerC0AKodNeh9K/dEIKgzfVTCGR+0cSybOx1qD1LAavnynE9Q0O4FCNlAR4wjSDsiepnX8NO6DqK3T/W1xyI1Zxju2NzjKYZaOP/wT2RQ0VcALp9VTOhXhId0iWmUvWvThXC9wRhOwK6rWqYkYoFyvObuJpYUBSXt2Pvrv1gAIe013w+m0nHQaOj8cfK/c6bZMmjeFVQbb0uWD3KQ3hX3/9WYEOw8IJJ1JfsC8DvbNFn6ujjYoaVyHNY2Y4IDreQMmVoSpjU/sEv6Enmjtk7ZlxQ/TS/sNGIvGdLfnggS5Li7rRLLqgXkuKCedlhEh8nKDnV+q2YG/lacMnsm428jj+bJKst77MdBckpW2NovfbrHXNyR2jaH2OP2TL3BmQ4vbtBAlobErL2gz6htGM8le3VzPo1+4k6r2t3xim++ZYXgGFgDLy6B/dabz7qJ21e6Zli419FoAYGJiuV+OQwl7CJmamXDJ5i3cFc3Bjl0cZ07GaB3AWAFWmI2I+P3MEwoobHCA9jKhMR9r1oPrGEherBpWvWjlb4TnW7fIEbnmXLnu/M1oI8WBUZ/FdkP4xaK9Xeu3UPdwGoHVafOTruUJWqPy6eL5rqBo+66j+dlU8GLy+2WwZJlLYUpCAiBXTlJzVRFep1FaXeD3gCHhXTPp6X/yZwGyjyqMv52oZZy8SX1ssqvRaB7xZjTT/xJ15r7W/VCyM1XwBEVl92vu3gyqVIZli5KdQ0jpwxaYf0cO84nGj84Qa+Fvm1ckh9Un7ujp5QxzzyAnCplH6TlXs7BhZKl9ItwkSqjK/Ml2PSOWsO4UeJsh5vTh3/ZXCueFz+vi6+xs2UBUNNOHHtsQnryU0GVWsCcfReK3g6l/AtSY75th8pt09l1nGuR0F+fNK0xx5/xYyFS/DADdXMdGGFqEbNH15e8y0Omizn8gPpJM+AFW2/xVIVijsZOrLfs7E5LbUX7/eghe47d/7NhO9v00Fb5zbgxZ25l6zQBY9IeSJlZkN0tWtGQDyYqOABlQPO+z0cxE+6iHQhyBifr0L0bMFeeTZrm+bGmWaSG+oF0B/0AzywEVxOBQQrMRmZo8j6lXw94EPzgdmEgvqXL5yQRMbSrntmMg8HLgBPVns2dsvFm5+brEvMWRZVFLRslMsGwlNcJCTEQmXNF2u1faMfgTdUW/xyiF/e7jcvvIvt3q01zm2vxQU+bLweNAbi8bP2xVUON51M68JuROjjw6qsxAdgzzV6pejb5M4flotu/vrGp7naf2nkuLnjZ+v5/a9pw+dV66Fy8vnwiZ3fCeu/kgw9iWlTRULXqFxsQb/CWBwqdedAP8mjdBa5HRcpqkiB+uVC702rqYlqRLYYDB9bFz4ouBupBI+Zikz+CZ1Ftp2KY1U+OF7PRUaxrCzE+Z3RdCu/DJpH5mdjmst9Bfxuq2goBUB3eyunHXfeF8hv5pLND9tGW1Isl4H3Eh/zZXyOUDyxQOeoPBnKWhiYJKCvLsYZY2YfSrG+laoQ1w1kyKBdOYtU0eXAXG16ID9PYbKXzeN+lOk+6eJI6Dmp/y3ssqLl52CFz2nMPJvyeFgOXED7GAX3U5AHFuC3hLk0Ow08veQ3a7tIHsau2Zheb0f2wgQpJW6UBpwxtWaeIVsi4uBLL/qdbM1I9rDgsVGavpJHLfxH476z/m9emnvDW2uWa2ITOZU5+6GX+wNEDeB6tLt0HtAFR7MkzwbdMrTL85pTme+n3op4S+ft4bIaKnBdUhISEjH7WqoYVpGQig+yYke9DW6REz5MWvaLbxcqGJPOKRsffs3Po/+HVy7UnaEz6hIfxCIpitGQyOKtXhWvOEguXHkuO/8cRhbgDudbE6Ja30cYSAc984ndl69hqEcFy7B10S9uridPG1tH6c9FgiO7QQe+nJelF+cHLwAc0TemDXvnB/T5ycVSPEXuYxTNYnFKzAyIEUXZ9RnLlRICYfsenl9eQ3KznApYazCukLoT/Ey+SGvFdVD5E6GsPkB381s3Ir7BUTE/kpr3qXuMSy2Dn0/vvptRF+FDukYxFT3fxBzjdxUPY/LarKkIzzMTC7UcViu/rdcD5ck6buQvii7l7VBirXuKcZGuRmkHybCIvnvHtwMkOVImScA++76s5qCeGXo539Oxq2NaYtonl7qgZFCF7IcOoDkGiLadu/wZvG2si5gCELZHWdUuoGRwGSy15+kZ6LpBa17kJQV/+uOliWGRh9DaY0ntxxm1toKf7etiemNqFjkjXi22xs2IjVsJ5w273e4YFSxFNsIT6D4EZpGS3UEQLfObDdRsVUhzdW0E2KKIb76hXzhupFAk1Z1SUHXyzjK2w5nd0H40WeLntsDKvaC0fJmlCXcxoi88b4oagEQ1J8WJW5vVIWfVs/qXTmBtryuegZ1zmKuLfi2ut+6heunLJLF5D3L9bkQxGjupvgtbLuxFSEeEJZ6pnM+9vAD88TJANmpxQFtKIrrx1VAep+Ma/pN5IhmlCpSpF3yUbdS0bR17eJuVOH4XpgEnaX09T+50rjat5F5Nrg9hdydqtfln3/xBk+/FZIS0idyClXoOEqQXktJcGJ7MA7e19PIDVF5porc5ZMKfPi4ZcVlKFR7KXx8SeCjxFeKK09tpC1VVWLRJAMuPN7PrVLpkWayJF74X+lnDKpkQA8LsTQef8XCQLzWZmTbJTz7Tkd+Ux2gWDiEfc/HezQIXeTh/PWKh51W0DLB20PRIUNnNp3psil4Ahi7fs1/qCaSrqnTrfJiSSthG2A+iIuM7/c5go5wejVvFojr7RnBHPe5uhvdDjYzWWO8ARcxhzLRf9u+keKqpyI7Ohz29DslmeDEldxBC+QisIbBHoa2/CkdrmFCD/BOQoShnQwNVXsP7KncpjkO3nFOIyRcAKFT/dnybBwfOON5pl0RDLUYGAVcsX3nmJvdKc7Sj0ILCXHs2ojExATELOJFcL6g61cJziQ+jaskTjn/INw1nM9GskMRkixOFG06ihT0UZQZ3KTQKGuw1x6VU9gtAHlDMKLfNjYZ8AWDypnzfss071TbaYvjeO1nSM0u0LBMQAa3CMZe0lkOYPMQpd1oOR3I6/dPT5kVGtHDZll5uWBJzn2D2xm8pp4yqjLtJztAii5MYMq/CvomJC9uDIsmM7oRoe1Wz/ffTinyPtYTB1dyFA7XvtkNeSs4KuC4VTFvLdcSbkO4f5CquuPDf+Bmrw3GOfjNbuvhGHPLMUW5ldJsji9ytR+97dp1kKl3tDn/KzKgunXVrMrgL4+4MVaV1B5JLB9JRYX5lfwT8tUA3HpkARXkhxNbyOeEZD8ZNzTDuq7OJqd6nMFnhpPImXWQOHZQiUJOY9CQpvWnCVbEhQ/KIvf230iK+jWOfM0bhq9nUao8mDvyuTq3X+KLB+wtAoekAvrAOaflnyys6rbJodyMmpHEQPHlREf0dRBPffoMj3SVXnkmjqkyiNATM/ENEbiEptnu71rBq3mLg3cA7TX+Pe8FgY6G+VmTVZ9zMroPD11hJEytM6++zaWxu0L60NS7mRIhooIddNQYYoDqH6rn1zNzhr7GF+be5ZAmfbnbxnq+ORwwoF5bxRC4JO687X9mRY0/VXFSvzP5Ru8RvV2ndhjWq3X+ClWjjlpDoW7wq+GQM3+lotFy2cjn4rkX6uOtAi2hUb7K6Ozy3g9jjp528HA7e8HJur/m6rZYsgghUbpNdFcnfXjU/0qvyHdfjcvgCw7K6t3jF2yGmXGYJJBf4NgKS+aWy8XV0wJ1FOGW4UcQKHVJ3Jp2Nh6XdLhyhCbkFwni4OT1ii8cjUDHnwyucFcLWIrJ2w0OPdKw7akf5rKy6ssyrL18h7dPiBSA6bzcLUkXd4VgtL7JizCtR6bECOrv2FvUDMgzNccIafAE4QcU/6o6onJhn2zeSneZvSUTg3Pz2IYuIlflK/1DWu0KJ7iDhc17352w6uT5DDXBudw10D5+ekIVDVgtm5dvrEVor6m3rNKcD1aUyg48lkGjOlMEYTa2hbuMq6YrJMq2vlYrcvN1Xm+tspCv12qLZcr8zZgmr+nROEqByr7D7/qxvsBrn2XO9epahvXFlwP1bKV+Wc99Eld8YzJBzZfQ5xrYGrJOs/zg2H16/uuavxfZS0Iyp3GBNUmMyabeR0cWcMdFM2WLbcltAysdyPVh1x815JvW6FrsQ6QP6NoOQl0Yi/tZk5mGOhISKOQrp4yF8nClKjqyejAgWJT+ErIk3pBgOrO4lxnudlb86y6kzob86jYyrFjxImrQ6AUnmfzqJ/+bbvcaOCOMkrHy/lxPLqV29X6kzCm92BplVE/vdc5TFKtLi8zxTLBKqvfUZMIhmK8tOhisJZWz7WoMpH7Nr0u5WymglaxCaWfXk7XvHFguhQfF8DggrNTuJzADkj6W2Havyb9tH3Qf1Pu9vFutUu9fSlTBXAkmudRvRqznGC+2GZj8bvfkKTdLoFb3V4nVxr43i+ln1q68jTRiJHO9TGe9CIAgrx/daek65DSqdbkU+XiDvObaBa3iq+anM0/q788dTwvY6+9DPgUpFWmJ1MWTFrvRKv7QI8P2yrFHnIuFxMzcEOf7PQnDnlvDDJF1CUrJ4nyNofAwcK0jcyWvf45C0SVml4smG4PUOoVBGwpdZZ6g+45Q+hkGIHYsIEMYceDMfHJerSyYP1o1t2TfzZZ4/nULKsFZxmi3g+ptcUu4Z/TXl4fr0yioMLcDn4HAyQkWCXI2nc4D3FBMX0bMCvgXm+8ux6pUEzqCKwa99O4vh37xjhh+oEew7gYNUh2x17FLm7oN6D2eziod/AWgr/pvbfzR2H05nmLOgTZvNNt4p/YJCqK83kIj8mvRbQ8vRI4moM+A5xnFB0POWIxBJSn785ehR8ZI/pQx5NT1FmxRtZCwfX5pDqsEileY48+03mF0S6cTxCzyGQt4Ttsc1flKLYUSsBUf6IS2wUm+VCES2catoDu70xhW8GByZw5EOAQC3/+r5waHvpmHwz+boW1oUh7A7CfILeSjaB1RldvfnT2eb2AvHHdRsa3jusuqkU9Ms9HFLVVARqHLlN9YXV6S9K7bp8rQ2/tic0a0qrr7XZH2VrcpMnEsyvUY6GksUugpxDOdVZEB4f5FM4FysjBsSGj27HjRX5V6zwRxlaKesn3wbpvGej9RT303JNjtALQBYk6NqkwDX/2s9uLQxmYITkkqRAMPUIOn+sDPuSekpN5j+vc4+2VONN439jHcRXSQITP0QSm2qtlsoS6oIezFf4j9k6jwydJrt9rzGpQOS4bF0ASj764bOAUVlvZnmUC/408ka94F11E/+Fidy5/RP7lK9+MYLAOcP8szgi7WWBo0zk7ehfd/Tua14z0s+tSKOhuhj6w9VTIOt5o6/fwzdQvz7poJ1yO9POha2LgA9oT5HPvflPcowFwCjVZuK58vR45oXgOJ90QmlvccL7iHoMe57z84V9nIa8ZdGQnzRJ+WqZ8lzksr/Cs3k8y303XFj685c5tl0L13GBiFsNOjet+wfefsJfpR85VdIllGpunilMjkaohuV4RyrPWaP3WjDXd7a0r0A0J2ubKU989Z1n/nVp/4XP7duQz+VVN/2TqNwmIx9PLXzH2VFBF9pyTIwTC+I218blVpLrzp+A6CV/C/Or/8m6BI7LwDNjhcA+182BufpE5H3XuW72QVgwucCsJTJ8WVv7QLw3GRe5WB5+Py8tT1sg/BOcmFpVHDXqYbEpe6Q6yRjOCILrAnfMB/LA74FYfdTEJYnPdY9d9gwIqsFU8OF+sRR/q4gVwSkpN2PWDE8P+pbFDAFLhiD5Kq8+C5r3ERaFuY0fbfu99mY9HSz4I8h6fdwz8n4eiIYZjsO+zlprNWtl2bjLiHvjCABR9w034PUshBPSrBuk43PLsE3Pqpo86dAtf2HjmzM+L19sKAVvrBLcybDK+iSg4W5FdkLwLegKu2ms7DareJ9LmY/vtUSJRgBvmYkH2GDlLRITF8gD8+kYDT3Y+LxeEfOvISitag+WFPuZPSl+tEfWqq/x8Jwg1sY2E8Brc/mFMftj7Day13bR4ZvnXtY9oMSnurgXeChqBSHBlqP7qIhAW1ZLG9Iz0w7NSzXZVOYAfFnkIp58RMp99miTxt3+5nhkgv+UpB3azK0RJawlsLe7QhhAnlxYowvA1ckGmHi7OqbXKdP7bfXifPtl5IX7sHVYKdGT7w9F6S33CAe80Lgtf07fRrZ6r09ZKP55/DCcRLfp+Q/bU2k9Ecr2fBcJbRHtQ/YR5uSdht4gHv9h5g0kyf4uthC5xmt0KwZseka55Nk+TK4iOZhliZxJEjcF10A7x26aY6qZWU4zPYZU1ibRBeMjbVszBZr1n+hQuvcRpy09de1A6ZrgZJT7kq/k73sK3jBX1MZ7M3WmTIk90IvACPoFWQfuHL7LPDc0rvIN5vr4HJtIXMjHxhwXqlv7nUSyb+sgcirSWjEuYPbHxFqCbtaipiv9fRuiiDk22mGwrha3mo4bsCbR3rz6W0mMI0EMIPGoDOtoSFDihVRiUqqwfhZ6Kynx50XVNrkFWxwZQxF6eeNrusknyuPQyIrzrseWGRBGVgo0BLbdK+JLks2NNJSfryDuAKrX7s7Jc/I02XVVO/21nghXd+3yBN1xIRsY5VtaW4O+NAQ2FC11mpz7+Cs4EcH23c2P2T2CH43DT12mrpTdvdA7GRGFzvDcnkFvshRv6bjn+0UMyH8yWEjS5nK+hCVwIewX+dObW2fJcwI64amqUcJSsotafs/Mv4CysM6g5g0zXOAdQ5awq4S5FkI/xB3MziCGgoa4SO5NnWF1LuNsJWNMrEwa46CkVpBcK/rzuLiim/te/cwO6q5FBFrDvfntCX5bdUlsOb0wnwed+k4Jv0mI6CL/WhDtWy4lB02JZBXpIK1f0f5h+jHnVD9KessCWvxnxO7uPPa0+KiQDOjGaW65SfuWpZxStY8Nc2MWp6EX9PBFpMmLt7H6sPLJeCXlCP7kdpwnYC055Te/HPjyarkwxQT5E/tOJ8hd6mGzD1JfMlVx/EI5dKbdxp6XXSW5dYzw3KeofuGkSrHIZ4XAOvnZ3uM5VdqhgS3FpDDBcZvxOAvHB+MQrDhFkg4b13VEv8/zh9eWWcwzrsARI/TH6y0zolJeAJITYaTGheAAfwFQHB179sF4H3edk7f8lrYxNQp/67TVvV46aZgvMZL7ZF+pYFn49mWSCmGwvcTckKqz8BaXtB2OLZbr2owvhbEahpEEqcNTaUx9uVD2xm4SGTk/1ksPfjsN+9MXukpiwApWwvt2jQeRYY0Zava34x12hvPP1BLbMMLydV0FnojuCjhLPvDmvSYJEiZZe8hSGs/pk9wKmKnLvzNbENf2OcabbZ78eYMhM465PjtITWdouryn1msPPs//H3244FqqsrhxnXTFCHVyssYC7QTpbhyME5YQFvjMdneAobUrgg04TlGBzGjn1LNDd6DB4IMnM0z4BOR7b24ZHG4dp8SAvGP3xDwcFq+E73dXUIpqbGXXaOkTDtVbhQX389ToRUp0tUI5UlyWGYkshlH8PKa+QjfDC/qSCTASTdIG+7phWpDuuVi6RH3JDbrFjLFDWVoBMWBmCBBKAZfWOFgkfIWtDn08wJA3vtZznmcs2LfdQGofK5wAI+dGbwAHKOOFh21STWytSNsVvJRLED5+Xa11Xd4PsoPQduaPElCPD4Pk1PYcnnBifTSvHrDJMR9GQM+ydIiVKvLCNIEEtQkZcJhFjX3j4iOfcAwjpsSMSSYdbpXI5FpBBZtqH1MCx/Da/IaCITCM2TYTFZJchubwmlOGwomCjNu5pRGvjuG0vG6r0bAvFdtNCojCfGnw31apU4pgm48bx9MCcRI+RU1BEczMD9MIZQgYyvF29+VaSQOD7tw5li3CgdKwkJJLGgegxjtaIc/ai38lcMiEX00qjE461j8Q/T1AHFle6P87eai/pGfkDjfEwPyhyiDF25/Zntm2HWDkknHPVP8i256hH7PEPXPgSsKs1uZuiyvpmr3F77rqBtmhMaCJdfKRois8E+JiY8d1KqCNIUXQYMVGp/tPv8aQ5p/jmHMY+39Z0/cwMZlRgV1lMJUgVTHt8n0uH4fMvi2Oxw/rXa4C27US5e+AGgOQs35Ha3HUPIUUXY884FmoWaQIBOtcIaTwYC+qBfYEgdJBnpPoHxYniVvOxzWoknqTQLSoFbnaeO762AuTkG14z0G4HwFLpbipv2tDxhTYTFKXnjY+0mPRu9sMd/m2Ij+sIf1UGFte6mkF3DF9cX/jFW4QnjH6D5uY3utfnxtj9UNNEYsVojEisbiMXSuvRQHiKn4Bi/3FH098+GsfZfkBhL01klRgM8KorHBefvgctluggdf1oORn7qt2qgFamglPENCpTOwLCvomQiJ0RpxtNij4ncya2X+THLLKghY0be8s5jTcObuekP9YJd4Opk8wxBqGhJcFCZNOFKzwYlYzDn8SngrlloPHc/K9+s/cd4b70/bQ+r5qv+w/ZfAvvnQkfyT1ePs13Ljcibi++8bY/UIwe+dd1tcABzCJi8AsKxLw/8iuW0EbYaKlIbvLb36z5jvcb/sUc5hK2XlT1+bf5LR/wqPO5rIUflm/7+ebPikI+7bmmuP7fWNj6VJkcD6wsFtNaW58lTRZWr2avxuz4n5SzM3wVVmOkYqJNmf4/rvnjEn21X3Ua1XGNdnF2vwe60VVhan/iPKz05sst8ox8p0hYxRYaoFiojcdRXtngliQ6ophX0d7/cpIYfwRgAS2QtZHtOCEqG/MtgvlDwRiJzuO05fpw614QNdzpqqYCU2Xz1nnoVA8gH/QdDEGQqdyeVzBj2zqgmz41257X/FtMca+Z+s///JXkLJlcSuqFBzRqccD8WVPSOqXWJ+VppKsSQHjtIB2YjA9J27j1wpU3xTWTzasZA8ienA5afCgHSEXAmuJ0rGkM3+ptX1z35QKANJf45X/4RMh/7+Ma9orqSm9RsweF77T7FoKZ+mdfmsk0aX83aNj/TyiQWhZb9eyjvMXpQYoJuDWtnJz3hkwmgUZLmRWiimr+3sBknQc9N0UxhMQCr16+OzqYeHv8W+uLb94t/X8f6N/+/AfwG4nxV0FMLb9OD0y+6t8fJnFIV27o/s8Cuv/MZvdnn8e/JS1h8o439doP/nXfPV91lH/pb9Lftb9rfsb9kv2QsAndv/kGv8f8CVi4n/AFBLBwhdALDsMWEAAFlxAABQSwMEFAAICAgAvKFpVgAAAAAAAAAAAAAAAEYAAAByZXNvdXJjZXMvcGFnZUBhYjQ5ZWJlYWQ2YzI0YTFiYzkxMDM2NTIyZjUzY2E4Zi0xNjc4MzczMDM3LjE5MjMyNy5qcGVn7LpnUJPd2y+KXURQkCJIEUjoBA1FOg9IC6El9K5CwIABQUBAAR+lSk2AIF1IQhKKSAm9SJGOCCSgNKVD6CWAIHj8v3vvmf3hfDl7zvlwZt7fveaeWes391XWrLWu67pn/fn25yfTdSN9iD7TmTNMTGf+Pkx/JpjuM507e/Y/7S/O/20XLl+4cP78hSuXLl28fPXK1assV1hYWNk4rrOysbOxsFznvs5+g5OLi+vqNZ6b3Jw3OTi5OP8j5My5v9+cv8B84QIzJysLK+f/Y/z5xMR++YzKudvnzogwnWU/c479zJ8OJoG/Rp47819g+p+4dJn54oXz587+h3a4zsR04a/t569cOHeN+dL5c3/dOvvXhYvslzguC9+4q53GzHmTVwRmZfNwhAvs+y+aRyefWxRuYf3IP+B1anlF5dAwQF7pnrJfSkEVUEHxvuszjIrum1Y3Svtf4bfO/C/8L9X/U/ilv6Qi+9/hM+f+6r58/uK5/0Wyc5wXvntBGzZ0g5NbBO6Lzr8IfvivvIJO+cyWX+v2n3Gmq+fO/HXuHDuTFhPtzpndHlJHVBBaEnvt1se5iFzn5gcVDuOar64PyMWZqOeFWqGCufwt8qJ+3aF+lxKJk9heefI06cKbnhBb0VXRu1LwD556AWN8hbSHlvwoAKVAJkIZCWHwYoy3DN7w3xkbpq5HwRu/BfCpZjg+7XWQxb7YVB/ITb6GQdmz3jUpdPu2zblEFZ8yYnVxN3t3+mCUzIBY4O7n8Dm+A6WAvz+cL/WdVMD0sLELwnFGmBLBa1dE1wWmo8f/OqrJZSPZXVJjaHlILqptwxcwN2JCTYC6acqGX+YgfDEJtp3GMeGV0pZHL5fvLJgm8LktSLKLNtLh85FAMcINpHxvPEbfXS+b3e3Sf6Rptatzm5FefvVMLnKrjL4b6/amLSEa3kTcbt05w/jPvJ4KBteuy45ZYzO1+VIpuczAVfm1MyevfgGsHt53YA5zC+T8w/SrwJeKn/zD9Fx8sKS+yXX5PskXCpCVVhCkcZipmfG2HtXxMp1+urToxwddcZvSVsdnYr6Tanh57NAhdemz5/bO/FbY9XmPHR6evdpfc3vHse7mb7zlo3Y0V/R8Rd8OFvVxJJHDcidWDGd0+bQcA/d4vSaq+Unon2ttLw+ptWb9GcIktGi+aePxKkBp/HKFJzwJzc4jLy9U7A2kAh/DZK+IKJDFMWBG8rXl/6zgL591ZIg5iAyZxlWD6FuoNnhyOAeorPHS1/9aR+cWidQZmq3FV4L83dTaass5No5hqE6CNCQjkKDrhvjm5qaZzPR/iOt/mNhfGsJrw/DwW0diqLHnNnmWRlzl0NZekjqmtzyvKAILLhGyY2fP+Gk5odWGKEKvchS6/FZx9L8FlvdMAxVzq6d+uOqfwZHjYjxsPiOuvvX4kGnotqAV2X+47IVn+lPzRQocR50rsIQ8yTVf9RJRIDXP0VeFj21W0bKZgKMqhnKMua1jNHXEKEA3Ap0Zn4xRlEYLiYjeEQpi43Yu1iaaFXe/G+el/ITZlohVRNfffx6SM/39Dkbx6PJ9oy8aoHcxcQC1x5uFloG52hLJsxAkED9cwutWYdCf9POBlvappC6mJ4P9pcECSFvvoSmvh4DeNrvVbpFvaX2Jvf1tyw9SvwupxwqZ9yEO+CFB1s+Z1FSl+Axu64KeHZmMmxXeWYTEjJaJG4fRxj/WY3/rwhB0gPTAr6+N+qHcleeTyZaZxYDJKEzjmksBQfixNe2hITwOgMhGo1+kFD8lf9nzE/xW2kCLkNSNYHjD0CHAbXUeUQarr8nUj/+Sd7/QZ7/jVBQtKioCVkfvJ+0pZ9VP/2/6DG7uFeLq+7xlMDWpj58k7SZdDPp9eXBDqCgJyXv0Jrbhw0rWSblWjP/A6be8DoMFB7fh75lfE9HMvgDcGrgn7I3wsRQ+4o6Zt87EJEQecnQUOWNquvo/dJ6Im+NaZcXCz/Gfs4pQHfFmRwORRn2aOJn0ZaG6L8sJkbxYgadZEKJKDzoj3LL9354pph0S44K6e190na6dUVJVCE6Q7wJy9g+TMXHsbbq/xfui9zA7R5UEwhX7zCeDfs4AfPcgMrNy1MlOxs3ugWAoij9gbyPXeRO3cuJNJAYoM1SdPTblvHi5IAVFenAvP2Angv6iL7yD8H48eIcBDOoMaeKSqP/l8a7pNz9yLc59iGyz0OVoI216e656c0yMPaeILlfiCWM8ExHlmHpmhGLBNg54Er0/ZVl63Uyd06uzpQNP++M+pmWzkSWNOCAQDrjeaxGQ7v35veZ01VAfQk1oY+Afps213+5J+H6N+5o1as3737c3fbJOgJXVw7+sm8X9BYs/8OUgOh5pqNSr+YeUBAeoEm4XyepZEPnRQ+8n9bviY92jwS9MxLs7fAORp2TkGssHtKtePQbuffmzIMXYQjp59+rQNySLvSMYSPCuoRj1PkXKL3UnbjAdT7ToEKlXRj9MjpVAuZ3CAjTzlaaTng2++6GbjhyU4sN94MU3f0Cs+8cJ6FbQhU/Gdxj7TcA6LndpS6z7iAA567xJ+lvDRwoxC9e37Po+ZAefdzxKo+rKWoFHcTCpAKkE1ZSLF3QKZ51yQAr+SmsEfDXBlBST4K7XnWA3r/EPZ+9cNSPsGx5O30ZYSx2cLXlpWmzsKQl95Foxe6sf3BQLKMkSr779iy+mwj2IfwF39g/TKB/1ueuY3DXOmo361Me04DCxongxzWgdeCS5SrIA1kgA9MdQ9d0NIj14ohq0Cyf3Yi2LPmvKWmdICvDHWNhB+xvzvpVeEQXyfOoO516nGFYhr8JJlrX+no5+7XfI21/bZbHPlvMBui6+ZyooyxqVJF9GZpKfM8FfspeQcobsJJW5fZGo5H1jvfG1bLeLQqnyKnxs8KZI1aez0tvv3jgaDGN6E66IiKyrXylz+27Dr2Y6GfalAmD/3IptKkxhPKI7QXf7l7iQ15N1+b5v/rEDq7J4JCgMHefIJI0D0a88NLRwKdqlWJnHmBbp8B0hZf1BQYP6toMGw3sCeg0XN744GDgRy5yQNKlii7d14ElHQJEaQ9ef+W0BVBebwD+8QzuaPdLN4BWcJzWT0v9h0lc9MakFOVhfqNMukHeQqlrMJN0DaXfFv3vcl0joYmYBizOfHwMUawjvrHI8ZSJ14Q4G9otBbxwLRoRzBOPs8qEky9mifIFq6ppO/OqVPnciK/5IGmymIAdw0gkeLvZEVMKa+FIn5vto7mO8v/hpwlWtb39Acn9Arohq2d38Gw10jshESnGSDeo48e14BgkmgRm76Bnfk5Ls06XF80wocxXpK04/+jwAEHt1xmJ9WRVnXLEyNDsC4pM5EFETSbsoZadklzu/NGnvwbvEaE4wCTtAlglih+iTe01Q0tSp2hVZBJ2hGWrVHaaEbY5BXWLe07bwGOunvrY2W5V0aFGw+8jF1drweo/iL3WQbk8aLbScJBqHcMZWtXA5aXToTrrhLIon9WcER0B2PTy4f7+v+GdRBrRrb9hK4eulvkHRiD6Df/rEU9HgqF+YXwhdulmGIKduEEfAo0iT2keFivDznqlutemQjCcEKsdwsNHHAnCPEFizdZ9xuWhjOs/3rP2+lzNZIcTUZcFtCP7+cDs3fCNjOaSFEbJ/evyu/DaTOnQ6z6LYjvLN0k7vYrkYS387xuM1cuF2z5XBVn19YdWXdgrFbApQC7NVJcvlQV332nllGRGvoR6DEf9r7MVE6+DM7gF9I1h6oZuMMlMJRYKvDhwp2U1hibqFRlrgLW5QcnOWjB6ZirhxjwDl8r9Y9AHC0tWT3ENbSH1FfXhF+1ojDE0fWWmukyU+2vMJhWIv8wBLis3wgPoDWM6eLezdNLEmTlQsV7o3OJe2fhZDwTBIikpTp1uBAyofkKcHCqpIuEDr76t6aWxAe5sg/CwnxYX4JQ7yCHq9O7N9+DQ5/Jk397XnqwK8vOxzFw1GdRGIfy48UlM9IU9VvY3oCThyKKQNXCDHq0Q9kn0GMecPqFDnU+XMwMQn0fFJGVhEDmuttA0h+7kGCqTn92HTjO8sVf9dP4H5SayYYzwWL9l/lC08RUUOeW65RKrKyws3v0F923yPnYjV1E8D/OIVInWtCqqZz1W3swpj+SDCrNUYI3OMDDs7D4yHpBf26v8sV5Hw4Cmlyjir7UnD6FWxARNSrGBHi0e3NNTK8fhc+NR9vRXlivsJZY8ujyIfumPkDdNqJ2eVWkdyb66CQXI339GWDFIuJpx56gSEBoxeQ8qkYpbLm6Q0DsGtP+P7zoY1P5G6iJ/ASNjI3s2kyO4CJdMr9NN4FP5zZgm7veyBgMGaOP71offWXJsXB6N9HfptCsaN7qdGeUo7rCCQT7KMUo3kV65iMItNk30aLz/pN19Ts65xf+pbWNX3b40d6TClIkR8GOmAUj1OrEgRpbd7GQjfoUvhdfILSuISneouYpaSBh2VTXotSQPozO8KZBYYRxylArgz70oW+QsZ9sC/udo/cHuxHGqpVxGrPYrCd8E02iZkvfjH0DxwPEcnlf7D3vUDn+H8wmPNmAl7JfECGH4A0urQIJgBIziUKFrW4qc4rHEBiry+dokUYcfhnARhZhkeUMlR1zitzuTRXJqzt8gN2zQukhlUZsOBVfZz9Zu1Nsvd6N+VgsnXNGtTLGXSYRLxHbz2ZBWiarFlrZTl92ESV/0T2x+Gn97OE+6HqE5rJFaPW1bo9KxhuhMASOs5meSPIKV0c7xERYoM7zU2E3aqxECJcm7bl6velqSLb158aqiNeHOXfQk2W/D6t9QLmqFph2obdddb2eRGrCgYIcv+szv+yIqXHR/fkeBnAYS8q3lokEolgA29HW2+Qnp4M4BUmS2kqGYb7OdgcU1JyHSgzneH8uuz3633U5sKH1tfrciD/eyvcIpyZRyJuKxr7fIcJPRVKnkn/GGyoOF7sfRMcURxoU18vltEbdrtHtn5tIbzQQuvRSYwWi5LEIp4GhTUrvSQQFMddlqOlYBV6RqUX3Szhb00I/XvAAYLgKcjf5juhgeFssvt5/2KO/68mA1be/HQ7xYBfCKKW/670hzidDBHsQT82GvYRm98XYbbbn8dW+KPBBGBBtZYN4RwNTOLqPWcqAhjPyl8OTa86g9Tv8u0kC70hHj66HQb5IB5Ep9NtKD3xhynXV5HJfAShDtrJFKHYw3eDMrsispVUrU89VSBTYaOlxlKxL0d+Oz1VF5Z8dFgjS5MK1uzabbFQiMxF6fvSxO0pAiLubsy/n3QQWga0cV3JW7cbarCxwfUzVX4+tJNNMv0XvXSWTstHiMNaiv70QmFzmV2IdE1IMIVoxUZg+SJTc4CWIqTru74TvjZRc2DvfEcIE11nVtqErZgBL+RcnfPQkaiqubIMPXbNj+4tZQZIrTMsfB6bW+5R9FMOx3GnnF6DicEuMz8+s1Sneeq+VFX5tTE29Il0NdNL6tj8tfd9MfPKUUn1OVuJoFaA02rslO/dbZ9ikt9zjWVwOgX9mVTpvGvmGbY/pv4b+K/if8m/v9CWDKdGfo/zHf+G/9vwEQh8ZZj0XD+gPS/spxY8/3BG1+mekQ7n++uXv9YTYnOTirYUB2mjsTg8MNVgleTcCA3193TUurqcii3Ki/KryEo/eRHJiO3mLTSHCeYB7onXRMbJsSJUoviHbhD0P3QlbwdIPxt8bvQtJHN3uUJBi8oPeT++1FeRw+B5AnoN8TAFRj3fB5Y00kfICi0EbK32vQ0J0sMofwNPgXtUyRUyhW5edAG0zv864ejWMyfBGDVH8yzS4/V4PW1IO92HtIYIQJWK4o7GT6yWJPqdZ/TXHXV6UoifdOA6iH/4xYiBdXgsP5LxcR5WEox0tsgzwytOJaNwZqAHXVSqoZxa5Bn8zrC3A6xZnuCPFt74bBHKiMnYgTHwFWr+oEgMtrRF5Xi/Pbqfq5mRZLQ+8C9jYYkPcX67NJNj87TL6cZdHVV5jIaAjU9mPC7QWTrRv8HwWWrt65JEwEHgPrs9XuOqEVqGSzzcvmRATPR3v3zggN5WHzQL908erBALPbFx9KidRCua1YzSpA44vkQi2/pW6JMh3sMjzC8UyzMNCBpE0IaH3aPla8LOBNsi0aOY8hTqgRwNWbVR/LWc/b5JKwZqbvLSX/o8s4TBcc0vobkmLkiowzo+RJABXLRE+Ru+9vgydFGHqu6ordTxfb4wfNBqipKQ0axom9jaY6yeYK+w+xdlj9UYJvo+LRoo0/kbQYEYczhlyIiv1R7FKf1atu/2KhFooekvEb79EgyH1BVDZ3GDYIq6CJyHY9Cok38K0YXDnwbnMcG5zsYmtjlpbK+jbnAprK8vl7NM99c7EPW84Mq7yMZUMnz3yvo6Cpa4zYtZb37IOCeYf7KgggAU1wH1o2OxVcUQtQ/unvkdNH6tgXEHfK9szPCtRLHWvqO601biDWmxi0dp87/6eKED8yRkfaln4hZ5AcEzSgTWoC4X0zlkW6fWlRCsoOfAMJHk3K7WrkVCNBH1PYfBHKbbQhq/GHCpa5qr/rGpCwon+jbu6quNjzNzuCeR7O7llX1B99lOKfbnwjmhm6cjo2r2x51GZS552LDQzbXX6DuhduX4ywnuCfdiWf9o22GCcRbGKTGd9HFbHbX4uJ3MRGtJaoBSmM1j0zS/b6UAvKgl92tA98niAXLkP4wPVIfkBt6vkkiwnOEn0pmVb//irkn2OUs3x1Xqd4FSilph+KPUKHOFuFqqJPqnbmhgPEQDZ4RBt/k4kHzaDiqEXf7xsL9aD7jDNkayIcG7CgEM7EYzf2agZ2q1fo3UcjKn5yjnGQWUPR2KWh4NAVYZThRFTcbVr78lWGaThoUUAcfj014MvxPy4YYqu9WkAsHZdU0GqVAAbhSQ381P7j9A2fq3OYrIHiSVZ6Q0Rkmcp17Mc4spBhX/tBA5N48nLmwe/BCncnPFvzTvVx+CYywZB1XzzUqe0/7W7w/qpiKBMufADTlDOi1yydyo5U1m4EHa4ca10pm8gPCanJaXtS0IMIE+9XADZq5a/tIuBVz4cCCIVwJ95DbuHvw/Mum+4WmKQ1C8O8Usf7l5G1JVJ+OfN0tzgKNwvCmLtsKL8qEU9pR3naK2G9ox29XH/UnEw28x9vojdUmF7as6KGDBcrB9nboNXNGk2b68mnckzpU6B8m7DH5MVuLRYl11Wn9Zw1yUXb6TfGEz7fRbxQlyl/LM9j+CR2QdVTcynzntBAWbeDAhjP1XJla2GJq4Fc6VJmivgBrLJCsutZDOAsbH6kr4yO6LZR7VCm1+thhRH/M8Mu63Es+gYcKMsVF/WnWw2onR5OdzLpRiz1JILVViAduxc5ISXpddFXmp09qiPJoEFM5v+RW3gJLqJPSwKNysdF0HdcXZGN4cKiwyhD5iijc940oNyjn5wechQ9XwUzLtPfYt/GbDiaKgo5EWk636S4crrc8h4nvH0S7invDxUYrP15Ym81r7TMZdlLOC/rO1ZtjpCF5fm+ZyzvB+5ZdW7bOhA7L0BfjBA079Z1P0bX6M/bpHfbeRpF+a9L2CdrLpvcjho1HTb1/M0iY17LR/d1H7akTz7yae5c1pN0zae5zhH9CoVAwoapt4FIkh2UFZE6j9i7O8sfF05hpNOFzFUOVDCuqiM98R9LBRiWRElDV36V5T7ZDCzJ+HInbz/xhirmCwNk7+PG7v7TBGT+ORwMjVR34RTQ/4ERB7aKg0IfgtMByD+UPP4XM/O/pSvNEni327SG3+0Yo0XQsWNx6vAmXMFBJTZzm0D+di7738c8YfQaL36t+mfwT+PJdZ50PFt73OEDa/qOTu25Ka2Cuav1nlGvrw0KKV2hboUtAj6IufkIloY73W8dKwEIVTnlwcS/jMN413Xvd8cW+x5c4u+QAHmuU9CP83NoInSb2sHneisPJiLtAVCEDjRYa15fV4su+8a1RFenPkjhOtik0DSucVBQhA9NvASTZJPpjWW/vpvL4lOjtCyaPVsknqIG+fsBwSQmEiGQlDwkZCBNkEtjENaKccqL0nV4vH1pqfT9K+v1ycN+MxSe4AjJeEX+hckbrVeaHFphFgKPiPdkGCFShy0IWg+8fD4LhngMA8fE1vILGSefF6NFvDKBlUhp6fM/JFmKj+bz5YXelFEbNl9SF2xCX4WDEWMr6vKuN5I0E9y3mSuNak0bKDcellbiEArQFQdbDMnWbLyt+2DgOLxOKmkipqvPwDeC560MMUvbX/KJre8+ZSP1pLfAkLbroTn5KThZmIoFsO7iZtM6SGgssoZ0BbgsQqqZ4R69MEQ2KPlCMo4zrBL2ynitH892PTDET7fztVr8lqm1+JozUzFLt7SRX6Og/sahDp/E5yNu+XteQ9ML7VpGSCSkZAHTxxSA6KH/Q1+JTaGX7flxrLTmgd8B73u9lEEhpUxc2eY/Z7ts4rDEJYCtqF7+TgLJ8d+F0uOUiSkojMS7d5sPSemppQXC3uRMCE5NCX3HxT82Z/IUWP/+ywnVmdPDiOiiLiPEREK/HO90VveNnykmoOsJXZ2em9pUCJWFo9iO14J99KvP8+Z21YReVjSoP0wlOFd6xDJIp3Dlx4oJRaGGPblUJreEFdJAm43ouO69t/aIBX9LyPF9Ht+V56H1IjqyhHwT3Gb4TE49JzYzvH3ZOQvqpPys/ZRbaewH7wxSpc4orEBiNY54y20qyWo+S5pA9IFLfidF9WUBd8AfVFfDgdHXcqI5PsG1DYNJuwunVUu9bqLiwhic2UhZ8eTIzTWwlc17P1FjdqiQvG4hMvBEVXQU9ymOJ7Uq/ljZ1GzeeZr9ROBbA/L2sibdqtEYojgNupFFI5BnLizZfVnB4NaBRtpJQF+LJTZCK+uwnCXG/ZWoQ9VhU8wN6faJ5PrliXY2QQ31ils3zWLapw7QEWu1tZ3UzdZ/sPQBN7TKfaBiuHtZ1r5Ipj8zzKH5XcbD5hpta8m1wdK+IkWGbGpU6x2oWGisDVTh95ISUAOSJymTwepSdVdxy1g8U4qAEbVYX5npGSlLy9d4YxS4adp9u1fmAOiecN24lnPKX5t7yKbrA9y3DMoM7VH2hvqh4oLbCxRA/Ixb11baV5+HbacXdt5rswr6sRamejB7ftBpPOBnB28UH59jdINOKPS1b9M7rIvq7dzEiwle9xF+Poo0rCq38F+eKzIo+I8wK82wsTAvt2D08ucfZKfp2nYZ/Y1VfCST1wCFhX1v96laX57acU/2M0w3Pr5kE/YeLbKm7KLI+RSYpcH8MswctPpc4d02X5Ki1Kj2a0yD2st7zdjkgm6wcLTDZ9F0m/7KMH4NF+CdWJ6sxgJdF1CjlijCvkJ2Q4c+E34CvAJpyqaXyExUxx7duYhkIfCZ2llaLwYisyst/8jmoNmmm4199DdXcQkxUQYFcJy5NuTXZ9hw1rp9CY9Z15elGPwKkgNKkj7p6uboeoypfbv/m/7rOqpHyYiWhT2QZ35E0Z3Y/FVU/F8+OMK1a1U0tuzDoPV2gzpsnHHw/AfbxzIbtvpUr7MO4E+WfKDItJKWjI5AjqCdPXl6zTUT070v0FmLm1VCv2RstU5lib/4EM2qswlF8GvA8CePaFm/KG54FaYzMHJzrWxNm80V+siy9WN27RVm95hiYaZ3aLSkBMYwxAgNkBjTffnV3c4iJu4joy9VXMRrjI30CjbFNs9ED65ZpHAchjDSjsAKzP0zJNWZQsnb1zoSc4aTMkntIg25KYS4LVF+P9+p0TY5eXx4OmtSar97+OA4znzIdSXbZDAGERvDjlUe9mXJrG2bcXa7aZN9EUXlsauilst9uOD5JnkGBgdUzPLI9kyk9fmDNAvoNA5ZptguehCy29RbpG48te18zf7Ok+5nDHR+fFsfZDxdoC9lxj8jLCAkHm9SYlEWItlZHmStH0HYpH1SsLqfOEpvk8IWqUVPTbyDsiMd2rsOarcPbPe16Ze1WI08sUMEUu3jLmQbhBStn1GcgxA4Qq3ZLn+XSBDpo79zrOBcdBiqrub+eYE1ejjrRdIRsKOwmlDoYp0KRkiCHp0iFpVw/6ZpI4skDW63PGC2KcCz2V6AXqiCKiTk8Moc5ocOUXDicbucXMdQW4pJQ3aoerE0cGvc0c950ebDy4s7Wo61fpJ2So0jaUWJRV817AxUfKqJydv2GSwWkribczs/U2KA9pOxE6tHRUEhiXh3cUmJXMrYwe6/KCG6IgfyoARgwQirAz+xqtcnfJv8ZVqgYyl0fg5F1PaFmtT13DKe9gHwfCexAQHxmJfVuogPF97szExJR+bOsQiKV+0fzZn1ekjRS1p9WzqHKGZ6pT+f2XJro08zv8Dp4w9WnT83wRX4OcQqtRd3agHtK6uCVv3NbopRfG1kGLdUgPT7udjubz1lKMHUPu+vbgldFz1T/c+MaKz948iXUaWNEEiSSYxQB8cNZBYvhDSBLSI5wFc/WGRUQTh7MozZAxJkM6lVv4GlvNy3UesUT7wMz5tR6tQxafLzvBQTGT+LtZN1fMeNimm9KN6rSZaTDiEDFK06GPZZHlSbr0OVJ3QKFpSF74z7JHgZ66V3VwaXXvleHIHTZ32v1r0eHbvitrKDw76kY+wTdmbyCFNjPuAw0j0y0JGuxOhOSKnfBO5u6XtLWvIqhN7AKqvfOgeSMnMJLOe65auSIhYm8dg4B+n0/6pIzseJccjT5Ysx9vdUv2atLv2qpHAI3y7MOZpzvhffxM9X/vrFl4+p7qzANGrVItskfiLNwVBBJF8ZOKNx4DOPFjNstSWn+ME8tabkQkG9KsU8Pnw5QKnJ/7bBk5BuzbSsPQk6ueik++MOkNjRIsnPmDgpLaCcQ7N6PrIo74gdI2Yd+WAxwzxPFPF7aGN89MmorOgi7ikidqLQQihNUbO75t3C84bk9tctNwwxPdY5px6SmqeKBtqIwfEz8aZtwB7NL3LX9VGreXJ3WGPs/K+p3mJje/++/AM7OtZN08StVkJTv2zHGFg4OAxzMLzAmWOil7tNt0wtJJZ6yNaKQqcJ7Ng+ffcFiIa+/rB9frmaEdC1qeBnIeuESwd9bQlsqd8Ka8nObvnbxo7Ib1tdnduo6ZMsMYqpgj+HXZ3aXewq/aeeVDIiFfxVZBH0/+EAYlrK6gK4nxwNZcRgHiMxHDL8tAwUx0a5bAQvZKbTDx+1HQyEQmfj+UFYt068rvoOykgclTZshR6rO6SN7QR65WLUFxOYL2r+zFieXIn9rCFFt50pNOF8XWxUxxqwCOUUf50JledmV3izq48CaHrkFoKGV1SaGdl2pRDkyQMm927ijtnDiC0SN227RhUOA68pe1ea6hjvahlx+JgwU5Qbe7UFA4L6RAFr3LzRvwG+Dxb0Ker13tKkrCLwQjFLr/v0h0ckFsnIUNAPudCyTJQZrFW62GDpUzgnAsuC6seedeLstjst/Tfhi5JLMY71seL8frSsVpIz3iqGC4igUdo4/TEQtJDN3Z/3e0efAAHCOhZGDbLGfF13Rv3fRwbC7DmPYoBLi8jhCUYrAXR5qLXY/GCzSuL84ZQaPQ16z0c4PUG3yfgZSca3+FdwsOGi6skNbDWhO4a9FJE4sLB6a1O8+Llpyn0q/XlNLhsR4mmlp9z84bQOfiO6MHY0Erqec/ZdzP2iIcAtaXtjdcrJ+Ipo/FLLtFHheiM/M8PeFw/rUglWFB8Ph/+K168eehZHlvjfxHehHnhqNaTonjWqd6oe/Dw5hlTUxJbKlW3Qm1Bys7YQEJhaW2URDin/X80gf758cE064c7OKoYKERjfKHdN2mNCapZ3ZsrXmzJJdEha7wifFcaPaOANPuP2Ld6HNVOsQ0O+reumldtXf9FwKM8LGicUU+PavT6fMOza54X5fwpXxLIi1mBIsJCpvpQuwSS6ZlMyI6UWkgw9JAdQVRTmHdLPOE8Fg49L9ddlKRgBtmeLjkgf934YMbRbIe4vv7azERprwqhUBLufTDfOGDQ5jRmJ6N5Om76yQrB1e9/DFHayq5y0DYgUHaFnIPuvEANXKq5a8DyV82bwnjUTGPWgTf5jWbKAV1c+5aHAyqX9ERAebvS+qDAk7f59I8D/6YZtnkpBiaqdVWv2HaWVs6AgVXjJY2NlDkMkaVJqYO5YVJI8CzfdGcVK3CvtfIy9DY9X5nktKysslXv3sUgVQXZ/QBdZS0NSbMEyqR8oKS964uIAVVc2vhmjxQLv4rtijngKo4RczFkiex6d/Rhux+Y5VGddKshBklDIlDw6Hisr/nauhPb+RFUWVOUr1r5zfGs7R+dg8veJBFvB/unoRs2YnF2N/q/zdNAfw2fX1m/erdpUm3ZOhKMNV4K1gxdA6+bttXhTGP3WlN4f+x26pqkXVZGMgUjK7crHXWiCKznHgUfc3Tph+g7ma2Xmyvu7IgOuF/l/cLGh0UhIDhfyKXGibVnFwn/6RMhNq4xzijbVhCVpCZT2f2NGrVzNPE4KT6AjaRujI/cbdJjGDBs0Wl0nAB/E/TFtH105XW76iVyee+u/TGkXEIuhSXMgPt1DA9CO3Oymiiry8fiKtgRnvtmvz7ILSzqjs1RuYCV0FvGguV82zHBrkB8n7BFOaipdP3APCyvLJiTy8NY3j07SJEYQai559cttATSbOR6evVMzELf5+o2pfAN+rObfZag32gXkPxkckuHsjgwpFqert2dHeSf5h0s0SuKQxJW6Q0OQUzB4Va0PeX9jISJM0jL71OdvAcNE3pZMlOUcz6hmBvtC2iZqoSV0JCYUMB6TIgPanGoJ3Z4Z87+jaoO70obNBLQsko78pE/nGKUBuTfde2XNF0FLtyuZw4T1F7OwafOILs0P/9uA6h3W2J7DG+eMcjL47dz+YNC1xDM4Ri0WKTGBgGezzTfoqDD7VyvcrFXNh65tKG0vUZfrcyhTIUW6yaXFqad/6mTojyb2XWG7dSLqD4BVTyFgDr+Q94pw1/MOk/Y7B0EH7wKTXOqsXxNzAD1LnYoNyQMnUEuzsAi0xvwe8M9c4USrxdc4TCNQb1TfA3D3WkIWUEhUBFS5J6Rt7Ae7Nuarv+oCH+6XDs2y0qg+yfCSHA8TXBrHRZOOusIIOLA6lLVFNaerINEx1g3SqpAuzbs3Nn7TLGE06PLdD0pQZVtVzpTQvGLcJ+XxBLzOzKdhoKZtxfaeqOK4UMGth8OUrjS9BM84iDOxqOUNz2XYH8Bl+3DXjRYuL6RbsxUK0agejNAVrVUe6rBxILlura/JpYrn1x/Bh3NqJt4qPzXfaancWarzpxXGXSVuofazznIcj3Xqtm3JFvXatuYNkeiO+3hPO6mkUhz7SL2sROb9FGCuS81oXySYnBcWryoO6HmDdsKM1/JMFcnbrZlrTyb9fCoY0uSGViD/kNzzX7C+A3MCetzAQ3bSZNYzh3xhbVuIneB1lVK1o4SRqjVLtCFm4qxB1U+VuZVW20aS8GRjkpu8SQ80LzjlWMELo63V9mhjxNOXvga9Z+B4ILHpLzLj1n7h79MOc2WpFUsqq44sx87XuX0soEAURwA0RP8+JHr5+WipBUh7cgx9c5QGVu85s6xFMtoKmiopHs22Y7X4Y5GiNrKi7flbyD7fhneorCRK81izxhM87voZ4gAq5UAcrVP3DpF+P60nsLxSwT8f42prOKkqK6QfTNR89x5R5uRbORNFmKjpH/Uf8R2dJY3JmPKEp8OngzhCF9NVctLBsMenjy6O4s7JbqQoR27wEEIchtpAPKM3f/9ZFbuWuCPKzWWQuD0UFTuLxD2aE1AsY0cXVCzuJ8owEZt+qTKhfrKRIb1pfGW//ja6wSjv7rNJ6XxvKhkRaJkoFL+b47ri6AgFIDe7hWdxlnm/mkU8qxpK9tmr8e/C9gfzRX9RtBN0GpMSyAyTt2NOtDfub2++avuRS7K1UpT0dzggewRniQLrYCvfENLZqk2IBuzas3WHcc1KjzdZ28Di49Pj1RqGNBE2j3O2zjpM1B07ODGPYh/x5wAPufHEphcDIvVnrUFNEUbPfeU/s4oAm06WW8xSpWBNZAjOs+EJeEQQU+sh0BIU9aMBpglw/GwiMc6+6OyvNFqTgXcoljcbDCS6v6I2SC7lCyyd5+7ta39WlLryItc2s6QwtJyl6hEVXP7B6VKAV/4dp/+u483M53kV3T9icloPA6xdb0b6sRNXSgr1eE0Kg9geqfYmisO+czyS2p8aQNgDsk5Lr8PKSMTlIQ/108L+sfle7AFoqUO59Wvg9nmEvT3KbAxdyGPlKw/gsuvt33EIfXZyZps6MRTUU5DvUKH7gPxDX3TbAWRY/pQ5hZ2HSl3XMfB9sD+7GB/EDtwkPnPkgN0wDNF/aG3/7eBp3r8ijGnDYEAhIXYJzQvaMUxG5FVo2rXJRpmzLzyZLIFRb8O3qSv+VhMk19WnVfQ6HvkKXR5XbvBPetPCS8LRTaYUD46DpnGfyVrG2FK+9y1tiNDIoNdUgWEoemNu/0QoEuDl2xyd9NA4pbk9M8sVPPNfTnIEy/DuhrKMSFtc3ruu7R9QPzdfx5okCiksq6fhMgftfvcacGKCs59B/oeWLtwg+kBCdGULZ2Mk5lGfnyPdjTYNxfVnrhO/qClstTwcalusrL7qlfbZ0RY7/DgaYkLoHWcEO2LBYV/TJ6+lpjuc7g94ie2yU9sKCJq9RwD0NikLGnaWKFCO3ChwYiNIqcnNzQ6S0ptthr+rNfvIt7wCqxSQ4S5Wyp996PyKSetm0Mac4FECQNM0MV4indSflXq58o84VLuCRuGY9Bakv/DbJJ/KTKO12hEiNhY0d89y4miB+IHgVsclMYa7purEP5TrCF72R97qcAQT/sIgUXhwm5ENFtQwPAB/dQU0zn9nSqMoqeZ5dTcgvkyC7FoPC3JwT4e5tuIEBwzdnsr7T3bYm4b5ZmZRsHxQmkm+Enax+HsCXXKAu9Oko6adrrjzF8wdryiy9dWTKoBKpkGDQPFUhMa3so1C4dJcLPGVkxgyrT+OoRmf8bB76sqz4I59fyxZaRRpvNSi2UEf0SFhZV3J5+QRzz4s/BFTPx28nUm5uAbzKrjW6rnhxZo03nH39h6ngONmzMuWiruR5fYfMAHeIjd3P7v74pIzAy/dh/g6RrJIjEwUopd04/0nvEbd7RgirCNPl+Sx3kwwRFXYP33TF+biy5P5cWnHorPYW4jBveHxw71lMYN7eiDOoOtVIJ6vv2Di+vu8m+8vN0xLJU0WfP0yrhmHOrAm+5QpRcS8rgyY/LrOZorl8U6QDnQCENhj28lGFS8wCgr6evRTxtIw6NpuTt/dW4MhleLmak+PJYLGWS7r56I+QyvUbSZFpad2VVeuFw16+AZLMRtCS/gkIO1tg5CeBhAdIvEOLk09RxCNEFKZ26Afg7tW0hBKOBGl7qn5Q2x2nINFVwecRcjEveGBI+xBGml9bLWJYKhEaTJpoOgt4P+xRB+zuj4yoo3j9c1g5hJWs0Vg3xummDEECAfU4c/eOUP4t3ZldcA/WMFXfoNt0R28dFdAoWEO4W7VBuGZYaJLjY0AicwhkEuO/aFe/gRHxIgs1HjQRuWEpjwushFwNhsZlCJBZqo4DSorrMhdHXZkVj2blr3b/vj8wxp0GLexVOJycs083fzqc4jBfYIa3a3v2Ws4A/SDGKpcrILGvIqiXeutD3dPPhROUa/hG6/f7GwnTGDh3/IP4X/j4o4iUni3/ae5bmaTioy/v+dNv6Htnk8mJ+m6R6kTON7B9Xgxc17kkr8Tu2sUFv1LHmbfZVjZOobUp85+jauL7fzuJ6evqh0bg7KFUvcTWOc/Pf5jalm6kFYVy0OvJZYavxsw4SBZczJLAv5XwSlrEqafxcJkd77PuowC1OIHbM0SDEZ+VKfsUuxxBKdww0t8OkjrhpT7T5QQhxcT0U4M1erVqhBdRFccbSbVnkzjEOepPO/iDcM+o2Jj6WKDsqd6W8CFdg0/gWVu6h7xycmHmK2qqsJu+kW/tpqxQsETMHyaMiNklzepxe0TQD5r04nyCnhUsirVmkS+J+AzvC6WLLq14bAoKcfHrwMfnrqDJ3FzWioEaIHXF6mOxAtRnUV/l7/Mxvwj6Kcf61Y3FavvOzXf8V00CwEk+ForS5tMVkgPqq9vvdA+3YbJtAHTGHsl6TltIJsBHy+7aGwOfBOYhWTk9NJRWD3ROHWp8bAUv5/V+2C4P12Al1Ii9LB93zSnzXGLLRqw0StgE9Jx9u6tvlhqSvWexqB3Ud6ncC2zUAMXOZ7gC6a8ozw2VbYZDZeqn3zttexfXG1/iIwDoPbko9ZcYJPRCVdJsc9mr/7G74mjmfQGQmMQCR//GCpRusKjpXOvSGs+1VhfDWDXnVXkhlDT6Sgx9LjMu05LoAMl4GZiRPi2ZjFV+OGbHr06fUqJDWdLNxkmUyyQtyLfVzvW6hdp4TMEhUQBXmjWQvYRN2n6Oq1cpek4ATkFpPKW8X2eexEGPTGXc/D3tMuoNA67IK/I+6E8S/DckmkEKIeOqmnmkRwW0LCSeX3s7kTgyy/m2mK0Hgwe7TQdmeDtDNPTG/t2i+0/frG3BwYsox7Nppllct+wwC1b1/qPJLwcI+RsVg6Xib75cy3hL+cyWs7VUyGe8rmb64eaB4qrIMylJCCmI/rXVe1q3sDsTEvDS2C8lbIA2/POM+4/L3J4pPRDjObkln6snP3v3Si0PB2qkKoquNamWqsJMAqDqjVBUO0x61E5E/SULVTbpYqPpinfe064nDmNcK2YEa5yYnQbryfFQPbTI9GkKCAkTmpb4wTwWydc1q/O1bKyI1UJiG1g7tzP9pXMYVRIzeN5jFHGYAFmQq1g7tHhPMceteLFlmkcXs1UQrzYXWaayx1bG0/dONGeUVkOm74k0UpW3shxfEowrahyQ+rb0Ns7wB+RcDtagjwz3sQrbSlBMwHdzD83dlbgGWfZ8QIo6OjA5TwEaNyA11iToPUWVGhBDW/ox6xSPFPvd4M1QhgBNlWb7MW4fGtk3ICcRrmpOBcc0+JbTmJRvUES6SRJwtrAfr1kH6zEYKvmK5+NE0DDyrUKb8Q0GHjMP/4ZsvhDTXD7VZx2VDB5juxua76azZZ42PW8xo3irhifR7OEEq15PolI7ZBFb77YBcRvEWPRvpwmJcKW06RWPBn6Yxj5pUG3hbuET0FjM8wOtKeGexsfs6H1TVFuoD8pSezzu0cqHU/D+EcDh/1W/YjtWPYn/D9POBctZkRRiqoBJCg/U08cKBU4czkyljxJuReWNsUgZmaF/n390zu/JQGnhLGd/LbDOOOnSEdYn7w9TwtncIAnynUX6wgQsFFD3dXlF9xlsfhjqX5MRvg0J/cPE7l4VHptwe3TgbKT31JgiX+JuFd5Caq+oce++NaRCJ+GKfUpt0q1YiKYdCMfFV0zGXrs0aW3hGWInXPx2wES2lqITq07YOxGheqOei+X0jA/HxKXjEu3k+RePbaf2y6Bt+f5WBC8Ed8ReuoVBtKG3cdDExze+XfzAusSRPYjKyXJVLqv06+KnT4f7AgxyMFS+7Bg053ZGxh3dSA7DwZJYIxhPcfHHMJ7155EbsiucRYS+QFhGCvtNRE+A5YgYOGURRcLiM7Av7iBycYLOON8A3OSdFW37TBelPAdS10PjkffDzttRfPYVodKD7BnSwxpdK3yp4bFm8qj0z1NwWQd5XcK2UBF13byk4X7NI0sC112Yoy/AO6gtZmhZ2DGm+QJVTVZ/5Mu1999szsfZ7+WB5j1Z+oh3aub5HJMNNRPE9Ht4FF1LuuG9Eb+47Hbc+wLMejH03ABarokXLIM0OOvurnVmzIe+1GD/kof6+Kmyb9izyxBojm0ymQVUqcDBgdH6GLeX6ByY8JQBHRMv+3W0uHrviX0P1fmRnh8H5BqwP0vKzKAWY/sN+cW3W5v/jG+owdcxKaXQ+VV0aWbq6zTB96l8vbcWMUY1+IoXnJC/xZS+M05e8hjufy9i3bFuYaqCwp1kmGFuYybJOYGRlgz26B9FlfkSDCZeg0Izupde2P94t9AoYk8mHqU8/hZbDSqS/WwZ7QQh1z8Z/eFbnfpm0h0iDxZVwO2x3Ooc8Ay4FMkyaqUJRQOylexW7GEE3cj6cW5dBC2V1LfJi/sM0BCrCTCafIMffpfi809Ur1gfYkxAHJDSp0g2lVvNncoe6fsYOTh36S2rdEutZz3qOIxBtJIGZyZiH1a2hAzIKeE64XrdMYMbrI23fj0VZJbq/zxA9bTPs3+fX+sH78krSL86BSHFjbrp5X2MdhBM4CDMWLybj3hP40jOkOWISQIFFXDou3AAhX4Ky13sLP8ect+5ebrR+2bVRaJ+TExvWgNbpuUKKe58qEPcttDFCt+7hpTaJX3iuPx47eMnYvLeH5QCu92+iU1re3ep887N6oJ+hBSeFNhtVU5x2Q58s7yYE1ykjkmRnQf0J6+SFIBqTS8gRuA/TEEQTZaQKSPye0XlXXyTiAxfe0mHuKW7STWqGqfz7HudftDhuxXK2cOZyrcNHHlHpEYJPd6UlbnDKRjnryFuN4cYDIUjjop4I9oa8DM+LMSg4web6kNvDaQDj55mpB5BE6Xg40+cMwIDZYdh+IFgefBkqLtj3QOPE7UnY81rI7PtJwRF8cMNM0aHOcBb1FsKNfHhgOaeJFu3V0fz+JEALFkPuFiCidOIEkWPB/kxMZn/3111E2hOs6Ue75SCOX/1RaAqTBUKB1RgGyLgVsYO/z9sqt8QZKJvO0jp+De/4t4ubaQWudD5I1xNZqH1mXmVe6+qnpSOCwljaUxpTJ0pdfKWE9CbOGC/XpKoTLQmlOoTSP1U3Ko8I2nrUlLBcvnyok26TEXDROi04Jv3XfkZzo4VvZuoAyamUHHafxlzvp2o6vHkB/bNlbD3T4tla2eUjRtzOnOmE+eF2qs+Cv8UNCUaaDxRXll62vAriccmn1xGvDtMrbV7Pi2zXvNwnE//iF4p1e1YoY0RwM4aDjs1XHfsH9y8e5U++p7rD5MvcHkFLjkER3UZ9V388JKK+J7r4nt9limo3sf0SMCnxMvj2WDnQfWP7z9XNOSXFcssSskB8ttN6zULTExCDw/+v792eGM0b0uvKDPaI6xoDj4zIku777hItEQQzu9CIMWSOvfkMtjnJIXbHgMpntN8Nd5Dm/ZvJZUaiakZlfyp73qQgEhe3toPkL2YuLwSVGjak3H/0Fv/ahdYokEDnqm+70hicAGjgjWw4h5hOQPVs0G/2Seb2endep2bGAMS8GfYZ/ydQQHnR/Q053t8yShaZjbW2siU1ejJ32x+A7ZULiYTn8t66DfT1kvso/W+pVcuZCj4EaDJvY7PeWHg/gCO6vSSA1es2Tu/qP7PZ97zmzyVdBNE15Ez1YALI+/eWl0Y6dXBV4qAwEQ++E4FHCoFlldHC8Gwl3Zb/zCdsU5YL7yreAPuZoi+4skjpng342K7RGIKeEXAPlT0y4g6O5aF90uwikmN8tS+OfvkCih22n7OMSzFfZitFKTmtvsrmFUYz/szlSDTXZ5nc/cpRWnw5ziZ+NyGDsrn4xphyxI+CpOStxhujuDNB46QvjaSYqrT5QeF7wSpKhybkJQcoVFTZYqqh+Thr1ZFfp6yjaQOU0Fwb6jYL3ToQ5BTDWDji4n3EEvcP97L+1Nfao2K1JjrOt+Bssg61p4iENKwMxqlPgfcvhtc+3CG537ApajM0MGnSpmR1roejiQrK7hvCrFWv0Bh3aiH+ZuuwQp+d6w/PvCl3woofrKl6FbmSv07oud51SvNSYQPH/uuvHioXPi0rQnoDcvwW6ULC22NfUrM9Ey/Vs34Ye9Xm0nRkf/S+K4ytroG+Bn/MSf6G2adY6HRqaGymdQRRFF58jm8s6B65+vIYZfhaxjGKrEfe/Vl28iWeHtAfofeWODIRjuJM8TNPSdploOZ4A0fEK8dEM/VlUlw+HdDoAp7hJqYXd72dNvLL0JwF1stc9L7UhJlH49XymQafnTTS3QPXihOzcFA7RLPGQa1/uTuoFRhycErk/eWRyQGOIkzQRMYXkyrUKGbt6QRkF1wFqzOy45Vmf/nJcdT/0RRusWqzdXY60/oDhF9uTIvnLC/0NI4o/h4jK6+Pm51UdcpWLoXVUf5gbA/U8STd9lRpqfk9H0BVWTCpqFH5GG1l3edBBaRiq5efaudwVhv5U03n1Em/bxnXPVcB6RW/bpoiLay4ja+TSb7NpKpt3dyInONNIdU7id4mK/6p5su0L/gJ6ojxI3UGMGPk0Z43TLN7McSp8hAQc1zGJ6y1nJiJtK2qLNeOmC/wFNAs2TOPxNeZFJdx3pY59bzZi+dkb3oUn7I4j0EmC4J+FyQrbBFfDgy1YiiO6w1zxgY0zvk86QsGvzc9Si28/ruEBHI1frRDGvqlG093q4Hwd1QOemkIqNUOCFmvIMxstRFyv2b/E1QSqHPKAAUp5NUlC6qNC9Rwe93I8mK77VpLVIExl7XYyvjJ6x9+PjnW7FmlxrjJSkf3ZEQDZNl34XP9o4hYbRcanUjn28lMnMrFPF6CdN5r5rRSAwtyGeidR06z3DHPatEmKoinaTGh/TQT3uMU+zSRcDiEEDlmimLCkincpv8qd2e2ch7qwpolIcspVZKKVQCmy54qt8+YOee5935W5/31+8ogtOyEt4GntNTtv2pZsyI017vq24MKCuUYg6a2rYjoxoJtPcfU7TnMNCq8JCyNs3IFbZIJ18nkk6RJ0oVM9/5Rc9tSBKEdku4i5lhxzeA3xxGS/6cs/vKBGo56yhi+1L32z3WR2uq+dB/LSTiDyMKkGqqAOkMPjPxtJu0hueQe/BXfMFeW5D20hTSsGxc9Yw35Sk1F07G7tUXvPMtNPs9blagIAkFi2q6262ZySRtWr3kG0ewzb/x/fyhzt3269caLxjeSBFjjtkzIebIK7j9kvYt/in/RY6vn4lvCPLTI5rV/qMVqMcVj5wnF3pV9TZsktnEyyTtqfFoBn7Y5emXY9doFuz62IqqxfkJ1Sq7TV20LBKMLMyEYabBqxNVFXoTGNCQOxz7JPaTZ8okx9b3/MD+ewEiIYjmXykIVYpVoLjxooYIqto60al272+B+4n245Jpjkv12Q2nWzmzFQNv0KxYIn+3fEzMCWepJxyDo4tOInL1nclf+L3kmUwdZZ62W8yKW+S915yryjSRqLdvLDBYjcenVWVChGTpYLAM48Fg7p3nBTszQpGyqp6sTc+0+GLts6e7dzxscr3h/b9uZJl8ia/bz2RWYUnNiZUNDjy4pKp1L9Jw7NmoH48vaEQVU3j4u0AePVvYdAyZanHIvZv0qg9dnw4kfY5tl/WcihOGz8HXg6+Ph9r2xegigFLqfj3o670frgdZ5HTQfkhe6/VL94JXS+FUqhY+81VSCnf7fNG886fkZ63zMbsJ6ygHdV2mc3C3pwttXGwHcYWVEJbGKUBFqopVxsittzL4VHxJJjQaA4agA9JBblIuvJOAYMUpyx7ODDOqLF9b6rvE7tYGgY65Z1CwiOh8sGirW2VfuoYxAapk/Z6PbL71cAWlM/aw161+XupND8JDeIVsfz1FISu65qHb/kaXZuPlpJgPAgpir+xRRh9dokFPjotkuT/+vjJO6F621ocCiXi4g/XTYEC65pdPGUa+RWzn4AHnWstx2HXeooJVhppfGuteCzwPlvtGx5VdcB6deRmDsx7uYTyb9/h3E3bIO9NiLQM0qsi8lxUgNmI1jnA6GI1mKfOzpoiqdMKRcrWmT+fs7pzDUV8Iemf+oBxbvy9w7NUdeySLpDvTeDnifiLeHHdN4KresrYXBVKklleaX+WZewIoBv6Z9uaz1d5AXsE77ga0b0p9SWeClWd+Fg18dZIrdOJG0jjL8Gjuh2YYU3yWPTcS3Aa9VAdwCVqvdd568U01rYB7YSRI6mPmgB2l5zubncK4vSIpa8/kUv+wbmgoTr1wgtK5Wanyj72AwIxpTtD2G+eRK72FXC36IZ4/HFj+r3a+O6jJbnsXPxsoRZAWUFQIICAgCaGXTwgloUkRDE2RHgwYmnQ+BaQHCM1QgkJCLwoJoSOi9CIQQBN6laZ0kHo9d+495/fH+eN3zsy9d+bOWX/t2Xs9z7Pemb3XXmveed+vm691RILBd9hxZVV9ilsCzezXRKy2y4UkUaKDVANfopr4o6w1uI5+mjxfAhoHrCZKvqGGNKR/sDWWM3vG5/9wWuiV2jXJYhOIYWCqeMrsV5ypEwxlWBpFyXzabgy4GdeNWwTceR2vQJmypJK3Oy1xRBMbz6hu3XQRfEGfJjyu1G7BWqXkPBYsDNgEq6Td9UqxhYyvG300TEY2s3FaYZdJSeZlHUlirF1mS5J80WxiYpJldSmbgoJzmkoVjHdMftDGFDq+5+lkHUoKiQTeT+eEItSCoTb2NirXHPFXyz6eMvwyDV3mFlp5FD7B7zqakmm7UX6vdof1rXD7xMs1u45l1OfC0QE5up4OSGgODjbemX3d0+32HNk751h4+W27xXnO+MuE1oZVoq5B9fbLWKmcW63eMwqlGZwROeB7swJJuKRZ3GKq9HXh8Vg5hofuV7bz9HY4UAPGw3rh32XhYOaab34zQsI7knAhGC6pSCd8E664xb3w8csJi8+r4vkqF+JVCaSj3j2ICZ7eBrWmYlIDzRxH4258e5GZ9imziuHc2ucEFudWTKmMxhMr8qXzMFJXQadfVNb3XiszWk/sBQLOJx0BELiswOM5tW7vqldd1PxHAYLQ9ZVekinlyT0kmUQ0LOz4orUjby/6UgUQ65nkW1p2psT3IqO1+DJK3FGKio7FBAG9PUU1ypvm0voLs2Sxu15qeUCUDNwnLGJwoEnEhZt5ia2P4gbOzYK9BirMWdgCb8dtxC9tY51sc1W4nwG7TLq5vl8omGhiPr5BGOQvFKE8ePNn1OajQsMc1QvhbTBAaVTvORh4ziqhsGpEVcIqTIAX8nI4LVPUYafqlXWxSYlRw5bEKuSWmwljf0XG3eCXXpF8nVPclpEtWu5vP+tnC6be/y74WShjDSG5ZX2NAzvDEZpVikVT4f225981KTyb5v8zJlOn+QqJOi/rXr26HD6sssy47ib7LheupyhdbKMxRpArrT0jg37g7tpILlpyhi9S7pOBfzppcFKJuiLjxiWeoArduHe2MbVpUCXZDoY//tsfZtF6mSXHOOkE6541YZ/Q1dtPXg+csO5vDh3q6LqmGb7pDokWx9DywHdnFIWj7zj0Ah1oZrnG7GsgUEsSj5rfta3MtveFyi2ve3QU8FFFCktJ8LTCudCqj7obGzQkj32cvEIwkuyOJ7dnrOZhfg4UOyx6B8rzwE4ZnoMMvSgV+LtiFVeUfubL2b57SHF/oR3G1SXTKOg5azoWRU0tg2rTOl3hKdrx88MvhT25NR7xWcttnHfSiixax5ztBSg8Q3rvzfFLzQ7K4e3EQVI9ByKOIxqI5+NFs85DbHEh/KvjtzLtLXdqk5Z0CzpjOfjfidRjkiS2DdyB/ReIOYjN/kKdawD0kvO3g+f6Q+MaomKoocHC9eUih3HMrEgeSLPI0CxZsg3RkpQGftGGZinOAg2RAprdliAsFIkd9/BkE6es5QAgkSoJde9oDdeG/U5rF1TjBakhV38YCJCKlHBnoka1RABaScLe32DoISFwvx5AxE0qiOLDRKJ/9BgHL4+e5YOVV0vs2eKKhQWIt1I7IkCYH985UhDb3JOyhEpthPaQ0IpQ2zmxqTeOaLLJoeNH2qx39WDuDkA1jIPlZ3taostESr3L9wZRZxX9mjEOqMXDWIAbGKJQ5RftpoIr4VXJcb2U3tLMnlTjNzwqQc6/gdMqarNWPJGCur+Jh5JqUvDyADGVbqrzC4dqU/8GXTVOE9CMiXxbGM+hTsT8VPJxwmr/FCi02lsjC4YGt8qVPITUvjpSfrklrrchZtgMTRqqnBkMZEyrjhaOEPB07th07PG7JoeezuezaN2pdzbvq9r+xNgvuxerIUypNZTUivC4s2nsy/S8Zh9BqrjconryDsK2f/kGrVAHf/WXVP2nOkurGFOU8ZNkV/BcVlGrSvBs/5Re9GXNyNjytUKbSJU86gyJGsqOMcTPlVL9JT9jtBVZZXdyx0ezXR8MPPWbHHA2fCL9y031auYXt/Hvc78CoBDKxHj2yYq+NBOr3hTSq//OmE83bwpRorRnOl2md1/+YUz/JeoDbfqgotyTyfZHsEGc1wkMqJFarkL6GMos/RV13Xlpnn4eJvklKmPpyDrzgH5S/mOMMfYFBjy1fhS9WzZGTUcp9u93m+SJEqxF46JSnDDkW1CtLC8hKai/DEYeObLlzeWf7evMzoV5Tbj+sR73scWZuNTgsK5Fz5o9+8Bvd8waaGt10qzF85w+y8I4sjhT8qrAg5fy4L1WrN+yPiUzgQn9va/yAG+MvUJUWHEVBHVyz3S97wiPnr5QCGELX3lHuJ1Ye5GLwFPmdOj88jDqd6OKmmhFEe3/xCtwnzIgj1VPuPeOlXMvckQyB8TqDqJ8SD9oP422DWT2roV+zly61kIicV/F9kN4XFaCZFQq2CJKji+8U49zCHXQsFr3zpd5lo3KssmW6cjwWFtZUrHz6293n6z/I2dj8XNw/CebKuQHEobgMeSkdHiiyomTLL4HfBeYoNLhZc2DfrPIytbzxmK62azKuX6oSOadR2vgOW0SO44DmyvY5WkDdaTpdLu1O+1lJUoe+aRDLKc2+l6vtD8MJYzjkwuWEkbpNW6L3MuaQdcn1PXZ+Sc1ZfXGD0Os2ieb/wAlf5pk9NEj1o88GoitM3H4BfedwHrCPi4b48CkEZuYzhzBxQ5zAdn9We3mIRqpTKHSdSTWMHnzRho0vUBS3Swe6ExmUvMDd+KZN14Ezjs7rPGE/eXDpwCv4rRxGMuTXmSNC2kW35IYJYfkqe50ZYoH/qjbikwV064Cg3lmI8qVvdt1vTkmSBKLiAPbSzf0JiQYszwkfJB3JPydsbHvnMuemIg+WIS5qfL3l32ae+cHAaRvx8ZVDk4MbLJorhuGFkt07683L9EBflLtf6jYPLRW/irPJbCmlIMxLEqpDtIWU8rO5rjas8fNJibjmfmpvUt5JCYudWPHONGjdAK5HhMurTII88mF8XyFQqV1wptMB/ZtC28VcIarmkTRw5MPOieQLUcgrHqN84VcZAT34kyMz/HlNrUXAdPIfHxSY4W3mM8ldR1VP9hmR9WY88b7AqW13H7L3ZbhphTrBSAPRlMk82uYyoFVQo76/d7smW4aIeHcbIx50sRtCOAtpBJk6M+eybJ4wBiSpSjI5Kfh00oQ6UJrq4UpjJNG+mEJvzxvnpzzq323//y9lLgWzQeUrkYwwW3wEpZ9vWFG4LGHKklR+VMzPnSPWMuJ0m+qQolzffLGfMgAdV4MQVgC9VFIxfniSkvSjccoVP5x7oP1EqncgEl34tbz74O5N2eSFvPGB2sH7avULdQ79y+LTTUawFTkOxQbRaOzne59XFKqUy37QV+fbP75OyehC1q16+j3kwu/DAB22QIejxRJdcmZOy55u4MiNvfnqmiauBFpxvKch7SQ+kfaj7OioS1t0cI1Ohyc53AAdw1OmEkKopN78M4WWC0ve5XuuCZ1SAhhzCRUGPu9SNL/tjTeJ/pl+av2gsz6mBunegKl2AiNCODSCblSfZU3ffiLNyM9IRJ8uHntBtpUKFISmqNWSI0h1lvBBAu74ULeKXCwXme/ZRS1NE0PmLd/mVgYZLVO9L+mh6fwQYYf/fVNXILtPl4R6NiTVOsCFGB7DwcJLWjstRW8TpfcdWqfIr5aFkODTR1uZ+tNWid86k9aJGkJXNrNE4pcrqMB97tWKrzbbIIy3NxDpmdtQjgMJOu9c8lwT1Wn60iiboh8bD5ALD8bTQQmN4eChEB3Zn9wgcPUpASm8bPZ3AXsy9l55iaG1n4LNhKsokkq3wQY+6/FK95JU9y8Gk8r3/Ijjfa2tMxXlUKQxE/DsNiF8zYmxIYKIvOADKv7eHiJXdqMkKAgPc6XlR9zIuHdbuNdmaBFkmAzK35fvAaXVT6z4FttUJMKEHMRXDHxZ+LbHZlgJrsTMl+t3K6UMHxT96Aejh9abvEUZSGgjNPN9fvXPhRk2Szbvp5Md6xpSx2AJ3gYTxeDdjVud/o7TZf4cz+XSF+UvvCkc4ycH2Q+km91BLQF31SrGYTHvYqmCnDCEG8vtZwy1OXdSqSxnNRvnzLsn1w81jg/NcOTIHmX2ifwg18uzicn3/keUllNhjFxYq7ogr/5VkuA6NfbTunWxpLX4WSJ5AMj9vzhJz2huYbz26i6VInzND+hOSmwC86cuG84V9fO3KXpLsbk+56LlcPoHOHAOWzfIepkutVPBKjUKNeEMOmhuZcOYsPUoE6dDidHPFNCTZD9waGywAESXa52uClZPJajudsuWffrS8QN1fb+wVs96/yfU2Nbywq8h8qHijhj4kYIMjMysEFa2i7eCP14E0yerfypeKtJ9pSBlmncHNd8yiDLaJOefn1OabCXciXXxDy5JSkdBOKQZh/dkTbzafpZV9goP/AAlq0SyqvdLrcKC4B1Tm3q0ITQI35PqqWNH9d/lj/bq848uAMvgcfK8OspYGmJ7tyqgYmV168/Ml6iQYoOZIjGBozx9/86MoXlyArnm6QZ/YLDo8xsL/vNVZKsdFJdbImmpgOiSnPgCE78vXcLnA7+xo/3Mn4FQTU/6XC+97kaA5fKpUeKycZwTHNydt6Tm0kcrNNKIsRtpIo5jlIV0fWrE1vdunfWrrnTZ6rue5zEJX42jz1Pklb/lZmWHqrJcmPiScWzhBDtYVu1HfF5NAwtrZESdckC/D3TPy3Rcbc663iWRG1m8s0wI23Oxj5NdSmHme09DC+Ywl5JTwmDG8Anqdr+gMncuvqHAywwwoTsU2Vxjn4iZnoaxGdshyo81rZpjAxbZYqnpfXSgj/PZimQAwbZLIX6fCufhXakDPR/P2BZ7lM6C3T29cIHPzrTOXbksL5n9AU5HOZmPi9yyxho6volu6AHwb2QknJzZEb/oKe2sH3PcvbiK9aba3661Nft3JoCGXbDYpXXfSJw3D/ivy9ZSDdUvey8dPhpoWh9Llsw02XpPBNTSW9aa3dRlRG64dalLqx7c6Q6VuuvZFpa2V5Yshqs+ofSEdJXPeuOYw/VGiJ185HmRWELTYp4NFlCVQy2gdfZxUZ8nj6LMYAMXGfKo1kARtTSYo7Sr23oQmf9rIotn5XNf3X8ClSWj23iLuGamyRbPtVz/wUGe0IzJMo7JuM89OLlCHPdWwmX2oV4GijvaR1YlVsebfbh9WXgu27oZ18GnHG1syw4+3XwIWMbJNatnQ3wvuaVJwvZTUYQ8vbMT16rzeT33yoed4rTfxXCAFMJONzcxkuu224AkrNEo03fuf3bFEj5t/SgR5eTRGLGiFqRephlnGjvOauRmaEIVOdUtIh1x2bwS/QXG4PpL+QfOS5L5XiV3g/pQNB40Cx3W2f1aCPMcoQ41RGv2OL8XIZ1HdBGJOb5WtcLHKIPUKqgdCku43zuAw49wQnal5cQHlAngP3Yvk/Z4WGD9bP2vIyXGY2RHsX6dfWxSmTkuYtW3/lBJnGZmnQjcdsxIjBlFu/PzmyzVmaQ1R4RFLvjTGzHBDM3hZ5oa72ZvfdtdT0+QDzL/eqkDkhPru5ACF3p9eNbvTpzDFe7PEdaKDtFNV5kQHFhXIyNItQ+myyaWlZlOKm7taPv+qp8+by0Hingreeo2OKDPE1MlxMUKOw0K2HJj0BZCHsi8GxJs3/Y0qUzEQVTrfHGz6MN024pzqBMgFmtsABl5i8woRPbyQ9G1iEdMeXAbaaUqYXcNxEVF3syFZ9yeO1hm3WXy2zv7lsOLJ9b8oXzvRBHXK0wXZLVoSVu1nO4WXJgEGpW69brYhAv6+UgjQ2U63jqBTi/RNmHhEvsEmgdDI6JlrWbAwarW8YhPdxX9zOl+8PJtLAg6f7b2kuguhSz7u9bmFj0scer45w3FmznxpAxZPGdRJrNgbBs/peD2GXvtiV+h9DrhMUlnpzo6/rk7SqDYZNGV2EEmdjlnqMmU5kem/csxSqe7GnMnuTQaGP9if1sfDnfNrwnpQ9fnc5ZJQ9P1iE0AoyUHDtGZgthAbEiTg42UHtwiDIk6MfUfvnorl/gbMBY7dfwByI0ilXkg5hvWPNqa5/WbaMStJ34nePs2qtmEt2ReEVBrQI9ffHPjsyFtDCIRLQJ5mFX9CUhIZBU1VeiKMnY5saMHLW2BlvrEe/4smdZMoT/vXXMsyNUGij/ALiqgqcSecegzvgnvYi67pa0RAvDZRI1za20utL58xsz7pnn3Jy6oia6MJxDFXZlhftTqsn+wLQ/hk+6yxupv1jMvWOX2sxk8sxDllAYjSrsiEqN7wSpcOse1F46OLLIzYAtWLs9B00kG4ayo8j8cTTW0g09R1tI1+XidyhKtcyZbeH2lGQwONh1GcJRLeFuhL2M10G3/+SsMy0L8ILmfhtkbUQ4eTrsb7T4KkJdEnN/N3EcTkiwkWCnZ5//lTEKqfQb512GC9/+zVd+599PhbjH9BEmfCcqauGOXFxtnmfJIFMrg3MLW5pL7doh2FCFqg0uhXNVnhDzzrfrgW+GPetdLSB/GMBFzFuLS65rjRiN0GEQgZ+YIdBODLn9IkB/g12cq/bpuyMrpYyN5sFOSYxB4AUsomDLBAt5nJBDcPKb0zL94GQ/6Vu2y8CA+ld/AxzybkzP5KtlAhN80CmUOV5pJi+O5RZVjd898MlEA3/hqBPUrlqQE2CQQU23Mk6bJ8GkYGpVq4C/zsq5V66y5sFX7q6NG5KKyTwNtuf4SAiQgGxGtVwklihxTtv5pZAKu4PnlGz89dmqmF6J4eMLAZMk9+oVrggzezXj5Et6Ou9Fytpr2wbxiJ24GQZAsiPlGcOFf+0JzgwsjZePz/uZLhkp5OP84aYxOiO0lIy42BmHh9yO2deqcKjbBywRj9+nFjk5780FudcPewdcW8B70gN3g6Tv78SzGfW5LuuhMnfN7v5uATfvOQdekJ+p+MnWeT57lXcyprkhaJJkoz7Vvfur6REtJH3d8TBomOF881EiYqIlfr/ksPUfkP/ll+N68KglfW3LjOGfE6oNeJ8yhEnTF4ILlkIvPKL03mewOmX4+7I6kPv5O/sQ8ZP1Q62hE+ZmD9xuDvEIEDIJ+fOMxynD31f/EcEaj9E+6LjJ+Z+F1z6trFX66721Q+Fau0lUR7YjUhh47NiDONIa8pj8TZ7RPxOSNrH/N9i1i2+fDRqG2RSamjUlzqhVP5/lry7sVn/jP7vDOw9KFptptsGYqjg93H/DwCL7L26zf9OYLt4LHQmWPm5vrrxPnil0kT7oJ54y1OztwrkbQpVPbp0yyCecgI9XfiVsyP8aC93I+WlLrHUbdl+OvkfQ8PTOg5V+mWDEYldM4tZh0tG4K7v0QSvicgPS3mwXj7tFbBq0zPj4hSC0IrCJILxfBl9nTRgVi7cajW+UevNZEOUkgfqcKWbF16Xfa1AWmgEXagsIj3RudKRRtBq2QLc5D8JInUVFfkQtQ6gwnomwHYuGIu5sCjtXTKnwqYqk5fPOe24tNjeH0FEhV0P7SX4BapGaj5hB/aqUxsNOykQyqrpxt/5XdpOymbrRwGF+GQR9CxopDg+gORVxwdUQ85H+mztsrDYFZpHWSAx6SDB3gyhZxb4w5w7xYedHGjtPJ4m6ltYFV5SuOxr4RuhGzGDmzZaOZc0A1bl3agp4IgC7fPW6OnJmS94rfZlSOXKSalYmTChYRmPpzV/HXquwneDZfm9SyNzPSQnp4EODZsJ+A62Oj9cuPvOnZ+VeOml2ElWQfXzCZq6NGUcLUwD7Mgh/pAmTRGGbNEyhS/9An6NRcNso50OIlyx2+YVNpJZvxrdhx1I6UsiLF+0P/KH6KRU/Yb1ZyjppOkcHjVcvrxUn8y0lgQnF8tqpQ5/p9UfTOABRXK2BfRfvNaLkamFA1qPGazZcK9FJ0cVEkXan4R75/u63xExoaqFm9c8cEOr3d45NC9J+psdu4OUmpxfp7W4bgSdvB7e6Wc1h6J9doZI4q6ezyp0qQUjeyHwK8BAbfKbY47js/CVPPVY1GhOpAGBcBAfO4ryE1m74uwxPbiffZ31NE1YJr+mykFOCzZUU0o1rI36fsv6qERFzj8uWNn0l7+vigMeibh0JIszfYKIqdvwmul6uhM1KQamHfcwdfhA9fIJZk3dbLWvJJUkORdBgUYw/k5LdW62G1OS+oTYYfKX90f0lJQG8tRPCo8nEHy9ZFXojKefeoN0rhBelGVV6YoWm7e/bnjKM0lG78UN5lCeL3a9es1OPtOtczz1gpCMM1/LdLGDhW1J5KgkzmYTnBjYc1tEXlHt1Eo3Nl4wwukv6UZ1Mv8MWYG4qhyY4jhaJ+iCLlOVSZn2AKq+jCvVE7LvAPtpaDSl4bRtC7qFOLzezeP5rcxR1eI0G3bGwwqbBCxN4NG3YHXUt0/KMuYOd/IV2WBW26xTtMaaBDRTUIt4cNTs9eXL5izelSW5ycS9nKd1j+3DtlEHge0j9vUIriE7RsC5GI6Nz+mndQ9DOjU9Nwh1Bf2iPKhdnettcYddPnl0dcu35YL0K4IzIU05DLDj2l+oIza/YY/hw9hETer7NPJ+WSeuDI90syg05e7vr+ZZJJzljj1onTmqjTV/QnVKfoyEuQyX3eYv+BCcu58HuSZLF2McsPZPn/IzZt3YYK0zUhw5j9wMnR2VA6wxlDWY0nVOGAvBJ6sCxl+YRs7rYSf+aqug+X2jKKYMTZsUmoG+wkOTH2auSN0YJ9p9vyzPmi72ejCWJelILOLOExe44HOp31Hsap0YWD90cXbpPdtZw2YXIVSnWOVzKe9qOvij2EYwiU8LMuUjd/p5CLQCveTr6vMOYRPMqC7yaVzzu8P486VjRxaRz5JGba2H0OeR8T8ITswrdOGxZjTp/lDjLSmn6caxDy1s/8ls+fb1XZc9KqVBapuXvi2AAK22U7qyuWwmFCn0XdovvFSRJ3BXjqtmNFy9R6cj9mPLJW2X3Aama0C2a6ikdtff24a6kFlGZY4xClEstIku+1r8T7QoWBvYkj2hra9u80rg13P3HeimyUbzeyRSTLWbQFqtWV5x7Cbw+uJwy93xG7IK7nbgx0QUEgqSDPkSJZyksa4l/CZioXioO16cubwEKZbzU6BixVmHNZ5V5gjCeXAIOkBEr4lgL57ClT66cMoT+PCof383Zq5w5MVj9OUa8Wo87ZWDsD5Hz7qLbxwbLEIcKjZ9oll8DGsYyYVHS2Hx+JBiuW5uhCDiInZISifnKVWJLfj7yw5VjsoharGdm6vmGkgHV1PQDkuufsAWYB2F1Nj6EKcRQyUsF/HXGqrI1PtD+v4YlXVNeQkDp82JVaGIIcgjfNNjpi6kiezWODJdJVD7+rOlC+o4CDd7V2g5UgOs2j19LKW6L1sgfFOe4Xvk6zMIys6ADzW4SDYdXF2aC70hcmvNbu879/tvOymZ7MpSyPOCyKawQ3uFrf9mHYr+406afSLod7fgdh41adw4TWnhg6XGZllWmTnIpMCKqHDE+ULhAZVpkqlZ5glCajAv2DJGjHugXXKTaROK9Gn8skb65oOpDDaW2qQ9glO/YIcOMNSXjVEnG73NyDno6hJd9IOtuYPAr1YTOiOzDlNznXurTV17hvv94Q7Mssy4xQhONxU3F+zVFbkimLOItOceI4JrotTkr3xxZ1PHGayzJsK+xjNeHYCsPklhOup+4bSbCh5D7UpCWaztjWXsnXkR3vop34c5P0bneNfdJLu51wte04wL0Q9Pfx8C76OpsDzT5VZelKIwMrgJiBTs9LNSj8oTuqUiq72NwoWtm6vkK/e8nb7Ai/P+NGvO/a8/ruA94qcuwMijWWOllv2smUvDW088cdnuCTfSemnw8CkqSvBgB7MYBbthhprPRjQjUbQMHKuyOI5pmfCKS9MvjwXaZbb05cslRFFX/u/Y6epS4k6A9ssPy1IfkmVw9vnfSPHhkTj1vcFRvO/HVaMs89MONdDc6nekE2b9/8dOh6vDJnVCrzaAbVarOM+07zcKVZ0xDpUYp1VePhnPWL87Tdnc/hmZUnTD8b0+1np2c2BsjR2kd/5zz7Oqexf77Y4+OQ/BIyN8AVje55DfXAgPt1HsRp7+rb5sKj6eiv0rUp9iqxh/9TVJotR/xN0Tn07/MJrvJa2vhpwwQ56Mzv3wbG9/lLJSeMvyl1u8T+jfRhH8aJRvelzTxgLHbjjY4SOu+gALRke2HnTDAZfXIurLD+YSVED31VwG9/3NkJHT/ETRzoWkFKVxd2w+4XRdHeX0oSzEp4dMMNpWqY6/aTjl/+wuOcYzWCZMtEhcEqfCZOXa0i42c3Tvwe/bRbj1TneBqt+1nH76LDYmNXlSn5oztVJ0yXNDpY1M8IZwsonL2QWrPCh5D2pR+WlztCy1Sr6U7nzAnZAl4HcOO++jq6w5B04YfFFoDavD/ZeYicpR9z+kdUlJkq/iaLgQOg8zcfvmNWG1AUYLiOOK1nWu2ej49PCOTOFFuJcA5ft815ZY3v92wMFCbrBMUr7OioqTerIQpCFlEhe5zqD3Lv3nNrtH653+Z8af6KO8pu50yfEjaipBhmGVZRsxcjQ4siRZvlPLpovIW5stW52kXVBPkshe0yQLzt3v6kYGBjNAPf+z/yXD+/9D2/4/937WrpwyJho2BTUkTV06e+Z9bGa1fuj7NtshSdKY122eat2zuaoXtT8LzcPUsgXtKOz8OdPw0f7Ui/1QcCn9C+edAhkVD9piJvzu3/INBjnA2W0Fb4h/OF//BQEtk9f6P3H/k/iP3H7n/f+UYGLye/r/L9TdOv/0PUEsHCMRhkvCWYAAA7HAAAFBLAwQUAAgICAC8oWlWAAAAAAAAAAAAAAAARgAAAHJlc291cmNlcy9wYWdlQGFiNDllYmVhZDZjMjRhMWJjOTEwMzY1MjJmNTNjYThmLTE2NzgzNzMwMzcuMjA4MTAyLmpwZWfsumdQW0vXLogTNmCwwQSTDQgwIMCIaOIhIzIimeiAAAuQyDmdY8DkIAHCIgcJRDYZRPCxyTlJYLJJBkQw2RgMjN9v7q2Zqpk/c6fmx1R9z+7aVd1P9Vq9evfqvVZXX3+9/kbxUFcLrEVx4wYFxY0/D8X1HIU6xa2bN/9T/uD2n3Ln3p07t2/fob57l/Lefer792moaWho6Rge0tLR09HQPGR+SP+IkYmJ6f4DlsfMjI8ZGJkY/yPkxq0/fW7fobpzh4qRloaW8f8xrv+loL934/mtJ7du8FLcpL9xi/7GdRcF559B3rrxX6D4H7h7j4ryzu1bN/9D2zykoLjzZ+y3qe/cpqW+fefOH7Nu/jGBkv4uwz2eRxKq6VSMj1l5TcwtX08ygTz/QbKoFYwz80FMLd74+KbV1NZNACRlZOW83qUW1ktJe6P41R0iPj/XgDZ0/hHOfuN/4n+q/h/C7/4hpen/NN+49Uc31a1bd278D5Ke4TaPxB1Vk/FHjMy8kD/6CihBryVr9qW8Pi8fqF3PUty/deOPcbfoKVQoSM9uHPXju94HIIXQD9g/rkbm2ne8qrWZVf774bB4vIFiXqg5PJDJxzTv/a9nxBlh3vinB1tuHsl3IvqDXvBt80kIQ6pcNH2n2YpJr8044ICGQmCkHAx8worS39eO4Hg2PUHcfQ9p++rLJo+x9RiwEUUH/1Aczk15gIJb00oYFEO/HjBuEAUXdGlfOhl9uHo1VXoCNi1Sz2Gz/SCWCpp5vVbpOS+F6qej54IU6aIquB5Q8+1yLkbP/jFUmclSqK+iScfsrLSs+Qu2kKoNFWrAr5EupzOyCmaLSXzRox8TXididh6y+WzdMJENui5Ez9dGhqxF8QvgHsEkBxJQWk6a2fTQu/+RptKpyGyEDxlzSSmD1kVLxEIjviRGQ9pLDj4f3jj5z7xecQU274pOW6AzVdnSGnKp+Lcld25c/v0LYP5a3YYqDOrHeE3xq9CTiJ2/pvAXHK0gtDtsquM99QCiIlJcJAYjBSPWz+ctrBRX/9797sWmtwVdUFXEZqJm8E2sLFbIoJaMlVvHN35LHbnnoycmVu4PNT05tG15/Btr9qYTyRS9Vjt4iIZ/nExiMDuMFSjSvXdVg4I4v9vhU/6X+68HX0LOiM1GQxgePJKvwLDtYhsgM3uv1gWSjKRnkZTkLkfwE/nfmohS80qVCqJAJykPNv+zgke61YAlOY4YYNu2djQ7/AskJZxBrLrt7th/LbJb30uIy6QXpmM4SYm05kazVTqGCT21RBEwxg+nAXX8CoUqp1D8L+LhNQV9iA6kOQwLYT8XgE/7W+aZ6TLV6H0ewCuiBmryyiLRoApuK3p6zDezOZUvjmXIbYbil7+f2/qwgyRd0sXKmRXTqu77YBhyXupPGC8LKu6/PaMYf8JlXuozUR3skuFh/L0BUkRcLTQDu+Uab7vySuE7VsnbPBeW20jRTMB5/YlcjPEL22jipK6vRiQyMyEFJS2C5Oble8YdQMdsX65aYlTe92GWteGbyYsKgdpogrp/UM7izDOU9Pk9dd0RJbEPMfEAhbc/is38clWfpqyAYfzYiQpWaK32UPK3VyqqV0IaqH4MfYj2upiq5mtDVmdOzQN686Myz0pChbX1E7Mq4d/FxAupTHWwDXaci7Y7k5gmk4BhtijsPwRiHtcisnBJmE9Lj86i9Zd+xP7WMHEkA0SGf421aYUy191OKTXLLAfMv0e17bwsxPG8tSC91oHEAxyzkcjg1HKP0pFjL66vla2kSCGNyBOECTKI/0CRhe+E1tNgYem/5KkXu//suuJD8vHxghSRp8nHclmExf+TPu3Hx8VFhEEEENWU9tYt+SiZMuD3vdE97rJkGOt5RGxr1VbW5YFKjM/w1Vlel/a6DXRiJnMsCUnlCSjaAfWHRfBcCGMjnxkh1ObmwZLg8/OoZUPD7f9d56WgcdFnUYHwWxy3zCPlJxH0SH6Y7qByETBjk7tlZDMxihXN6ZEFLnnej8SEQzv/6V+gOMSf3FF0Goxu0bDSTa4PKuJiuwNbuabQL5mOy/AxzS/LN7GyfZ6Io7bOdBv1sgdg+0ZhmXVTdlZAqNUrrlA4h+/xXq79j6KtS0RJia/ciby985G4KysTuLBME+Lqxd/jSA4eDO/C5c8GHp7wB/QEtTM9Jfxy/tD+mwO2E+80Xmq53mtrKWL4ZLXxx7QAfU4ZWbzCxeTEm5ePYcFbF06Dbht2KUH8m2Xm+jhtVbPlBZn/aif+Y3o2XamQLgMYzADRfMcrpqG+dtyRIR/qjmsKbfO7pvix/9spGTukpK7cpNBxOnPwwz3rir+uceKXRYegD1d5FVuOY9cbpecEBZ+gikBfedyTMlFN0xIO5Hj+vFZvQqxTNCjYQLCvy9MPdlUK26GpQjpoElAQxL1urgZ9U5GUo/vjX2E01rYgfhyiqUF3wAMmudGXtEdxMfdJrYRIPVU1P12hx2wX5qtcILOY7D36YUkjAzYqzFZUxYrtqHLc9Ynn1Kgl81zOHp6ctvO3MDmJmKGdJjlLs24bZMTpvJGKWX+4bzVYlR142/Y8naghag6aKjIR9hVOlE+lvKNWvGKXIyblI7ODwzbiDPExiU6afYlWa0p/MQ6sNp6EfcVCyAeOFsI/b1aEGJbruwjpvXGoXWEfArXHAiqyBBuf/GKLqXUK4FgvunlNMcVG9HeYFn/A2LRHSHtLCgwTKEsQUI5Wg0SV1gsVmrThAEMxRC0n7ShnlvetqsXzx7FmZd3KohYYIU6OGFMrvaG2vPlKaj5+ln/7wpl3G3TqYfcheLNmHxdbr85npQdjnaJo780CgMZLzxu1DZtKdXjPk8xkL3ucj9AALvVGqZ1w5gFliQzi0W7bO9G+l1KVctuQ6dHHvPX/3hQ5+BBhqz2BGkik5uXdVaSuhs5YcigYzoeN1AKs/c3pFsKkZiP7EjUOfglyu7rtSg5+9Ykd3hbFwsTCkPG2FCJFYmTq1zqmL2uPGsyNYwzL1NjOYaI+YgGjWi9GtSeOOTVbKfdGbLTtSqrtYCThctO4FtC8LaBM4UTDhyquUE8DncgxcUi6eHOugWHlWsN34DP+otCSvzRoFrOxuNOiWihpI1z/PRMvK6bam/Dh7WASrpeKBiRIdXsaUK7Ec7jN4EGB7y36OXxaLhZhWzjJk8MVb1WghzdbKSvgbCTuqCVsUw86ldBiz0VARlLiADu1wIlyF8c6k3a2tLm1QZLTNOsvDhJP/ee4JXDuEpiaT8Xq8Z+/gdp5aUlDebIl/CIpbhaDN3mKmqZ0SehPTXHvVWHx5s7chnkKks+7hwECf98w3d2UL9Kv3RpfmRRjA/7kVeBNpxS2krHKXduYt3Zm3TjtSDQIZ4FVc6HHyfPH7Xr4hSsFalFH8olyqHlfmAy6IwZ+l+pY1dR5eoj4zsJoW8jmk5TVRyamz63vjht8hH9mWOOnis3mS/SDGGPrPzHZKXVpzEOLTMvntZa5JsWs+lmK/pnZ8slqGFZtfvRCGEsQ/qqHdBzU/mtQMA0Jev8L9ctRg2yE4WLUCGDwfRNl0PymWBpy2yUN2pwBxrjhiAwTgbofC0H93CDlz6cn98r2FvM8b1qfutqXSgUZvlyHjkPyzw5yw/cxm0GfztuDwxOHXqRQcPH/MColVczuCAMLI16k3vn+ul/ys9RhCjTK+VsR38McZWCmeTQbf2nJSZawj3OhpK0XBzO99OZa0RbhbgxpslxxGOpUxP90cBLEzEFhYZ1Ga4tRS1uzjuqk7asvnRCKnR01PMJJCNKDaGCojLENoXWUil6udp3yEtGR5DjBVmnLD3YpkprB8xikbkO/yTTGTNdhGFM94jOc5KP+uWHq6F9cbro742NVZ1dt8W0lVQbfLzWbvbgKMhFtHEMZFWYoWmm9I393nFUW4CN3a6W0jPRXT25oYmv4Y6AGr7fCdVRammjutp4mJSTEHETwbfOCavNv1nDmhBH3ZjXVoIRL0UmX7++IPRydEswtWDyd/AwXLSe1fr+W9glEe2gQNPJ+nql8YkQhtzGDt8XSvyTxhgufvhMkslEjVUxLD8L4PdTw4R5ZarMhQPxLDismZUm1ccd/TA/elceniwpJSCY6nCRz4j3nXr9PGaQFpLyfA/M/BTPfi4nHxxN5P/31vxarMErGT5GZxTnPmfAn1hqE3XRKjJhQDW1uztcJiJEQoqDwONuKp2e65rar1Mc6MCtWdx7hyf5qa/S+L4aFJUHf5aioP0Lr72YxFI6wfbcerQv2ebGYzvWb9dW+luM/Ki9lmG5B4P2MIugPw9boX6i0wRk+3fhMiyh6VEqtMhSLYeU2SfLbHBOh/hnh3Nlc+V1kHM7PM6AuzVR5XFvfaIDT5Wc9fg8Ge9vvOeZ2vOJ7eTen3KZOTm7S2vHfuQpiCHhG6dGWVGVjTmivFRh58rqhKOWDLxOEx3jcQrNXbD4C7N27UcUhsC5s5tQ37JZpFoWP1ZydYfjlJUFE0tPTM99rvReeLyT6yJBs0UCirJSZTbxZol7e7kf6sXnIsGtYoOvrXikxTQvw8qrn1oBXsj8afzrhhP1WuZCsj5+onGIrs4UgYkVMCJkJzRW91ilVMMOelEg0TYZFqMOuy3xxjedAtSw9VYVuHFEQh/YXfY9emVM9fS0c2HlNkdCLvTVaBSDR8BN1+SQoLcoMYSNlJDHqdBmfsjuILGbZiWe8LULGi0lNyQ6VjenAlNpgQC0fmM28eRAApEnEEYWogdhBSvXOVA1faklXOsGPdRHs6cI38hf3xfZ4ngxpBBID8PmfqHNPII9q6D42KM4lPdJY0RnC6GkEgPiU07U0YHwSfLZp/RAn0a8m69JC+ij2DKZjBi8tJ7AvjSKbzujHtABJ8u42V1NOSqPFjoZco3k7ThyWyRQBLCEGSAIzXn+4DIvJuBi91DzvWZ/JktW6pqghTzjq+Ro8qiVNivQY16rZ6qZA0Ye6C+8UvT7Tw/u5q4+ws6kDuIzXWc8myDkwsWONtKezvHxfI0DApx2CRKdABudxhmuKwGsK/KcXofTiP/PO40/ih+WKvp5+WZPVdTzX1h4j6KKbmKP4Tx7pgatvFy2ks3qD+jcwXpycn9g0FPzYGfoG1N0YmLUqe7Q0t3e5rin+rwJjveZTodB1+TwLM+15vLar29thITrpFo3iNF1FrkBnDGtobsEFRGhclKz2Tbu0QaUElfEwMr8fplzXv6eIvud76LOSJ7queMImmYQ/xJVS/clBKmgo+UX3MvkFFP09E3dxAIfKUc7U+GQI7CQISGlpjABlqesqdedCE+Cgk6BBolKL71OIJfiN4vulABxDQiaZV2A69YxF4uenYuKWWOn02xqLlWRhSEo2JrkQ81oT92lCo7g3ZhlN+1ZX55rirwwgi3OJFrgs6D4hJmF0n/Pxryd/6TNyKw1aWkdPKU7tzZu7P/eLDrauXjCMzm5Vb6+03CvR+oti98vzw8rwo4y3/g1ll8TNwMF6hVlSGNkH+ifd9/pv4r+J/yb+m/j/C5FPQZfwv3pA89/4f4+bMKzH7LpFOh3Mluottja6MSDXbw/MJfkp70VUVEOF4looi+cUujhbk1MgPX8fGsrqzcedd4Ioeam+WTM26Jo+1/Vp7/d0xYmdtsHxi+Nfni12bXr7Z0Ww+WcjsChhfj/F6PhSul6ZvqtDyCe81tLHfp/WCU7KjwOrcjvvZ+07xd5CYpoAv5CHZIkn+9cU3tMldtuROzOSQj1f0GR7q0pRTKgpn3JVSAcfbirtmXWEQ0XN6t0nsfbt7bwS5/q9qXTV5WPkanB12mCgWy28yTV8/2B56iRHxTJIueh57tkcMAs+u+TeP+ByijSpEPFSPA+JrWpbS6uFoVYYc4rTud/o5fHS36ud1w3P3/+UUXRBQz+StyUtvNpkXTnl2q0ftxrvlnls7Fx/cJIWcHmrqcR3PkiokrjuHqwse+Z/PGqyPGYQVi6COA1xX59h+TvX0eOnWoUpR9hcdQs/cQNGWHWXwQUljGkmT8gZyE/KiAsvGCKVg9MIkcqh9FJ6C1FwS5gvlwr98bMT5SzT+w38V0tKVUfHoaIqFlvSUkdEjF3N0ewPFe2bt8qJ5UzW4Z5MCiVmxRYTdvB1PsSKIvKw/4T18TZ+lofL4H08qsjSi57DF2wq9Co9Em2gOKw5NMgds5tnN7lc8r5ysNFewX7v13m0QQnufaNV6Pxvv/ZrCg39mzblmz5v0XwZHMKttX2FxRAr09vZ2L6EX3vKhaPfFO2EJ6oHQC50CtIej+PegkVFUT/xR4MVhJj4g8e5BZN2wIaW0HnEdMPRLwklIxzh+fbhRfNCtevG4WHy334sU7mtb+2BY7OhkAFVGTcCFi7trugLvfBSWjCYeBoUqBMLKNvTR/KswIClKCMgK2bD88TrtzZ4atOmRODl0mrDj8NLO8GXk3N/auRwd9el9fMinp/GsCjryn9Lskpf4ZTfG5B8Bb1i6s41BhXeJ6bYeHE6uis3PGmU+8wP0HJsHvrpx2y0x6V0TVGUtq267RmTui53qWXtIL/d6pGNYV5D0jtU1w8FSpzYZ1hfcuWG7l1Nzyq+OO/VrnbKRYcH/dgNhsuGW9cUmc0xzzuV3PSJtpzAlbCjYEozfN+z6R3Kyz/ERH6ukPeVmW56Y5DhNVIJyNO752Thl58oEAjEX1N4KQ6Lj/v/wJdAcng8hLIa88dQsly99pJ98XWKvWKpFZ162HN4qL1puAL8HL7eW7hdfxwkXkKWbhn+EVpxKXOY8LdROh0HDARtXBAg7NlYCei5Z3JY00zZ+H27opQLNZ8o9llRUpoqE8lZ1bPWR4/zISbEY897i9RJ8vZFij77gz9ewstJk+eftIlkB1xJxmLHnKXFVMxYRvFS7a1Uld6wxOfBVF0+waeIHhln1rOYv2wyRZXIVUndURwxS0gdgSw+ReZ12XdXNZ0TAR6FOpHFa5YAFWNtQTph5HhjtQm2b/Q45aydu2y16PiT9chS+9xS3bdj5br3UaTzRb/LvcXL9LPgZzsDO+fBdTM4sJlAlmw6j85sYqSVJJ8i/eEJHUbecCdUz4mYJVmo3oVrEr03suYGiTnFXFOwcL7pr5qG+1nuhPfoZx2IPzpIbDuoQ+w4/+jRbq06CZFHcGsvoaeXeruPldSnjs9fFp2L1q43/Lya28Ply18a1lhPnm8znhaXedm+ypVlfKd1n1jYc2+U+PzGT6kGj+kvLq/90885Od3kE5+Xl/hn/Htzx2Pu24a/yU7fT3SBJXfDJiTzIGZ/BfWIR38VQJ5aZrMBZ4D4wIffAzjb576N1VaVg8xtdH783PZ+zM/AniWg2Pyjkj83Gef49Gt1fXJF3T8dJpurVt9udnmUfAlPEz3xmZOO68qytqNK3MNJgNePIze0sE8TwT33E14Q/N8REg3aLOLf/0lwWl86vH0NlyIGeuVZ+PMoDIPBLEVJupKSypoJOS06WdYj/7LUxYXfFZUF+6yErkIthX2fHmMfTeabE6Sb4c7UnjTwe+Laz0FSJ9CjwZtcy+xRLi/pYS3CTIMfK12k7xY8p3sElrR63no0Vah7r5Fbkm+bzhQ+XHUhkn9cmelqnpWUfuNEFDiAnqSR4mIEQ/oFE06/9SSahrCf8wVpZTBPEsk4rbI/+8GbAmprNuVC6cY5aIXzWfdpnHP4Zo5r9NUTIXQiDN7niTmwT5QoBGmgGbfcPGLOCQkJrfcTWk4iB8xnu7NXWv8OVRpbeFhhz0hd2StQQtvzcM6cSl80lZ+QxgUGYs8TLjRvsWO66ZCj06LcWU6T69I3Zg4d2NY7rPREC4iVLp99MQxGd2YDyNtMDcl33meSKn9SY0KnASSGVLfvMmvODo9w0+iJhFWVrAnnFYkku9YGzx8zefKiTqpEO6v6yrjU5DqjcjPM+wukGdj3qXVMwoSTlkY47HH9bxcPozf7W7gxMQUXnD3m+XmWBzEOi7Z1S8HKFYEAUhEjxnYdNSxfg9Stx0akdlrVCDpmeN/NOIS6RijH+7RaKbnsU1Y/P1ZWP5qiZeNrCmeyytGRyoKiaPv3fkGXgWfMo5FXN10Il5oGJA/ifOMuP3CSU79RN1UStqyVOJ+CAoHmoYEgxYdZZVy0nGJt+BNG2CJOP8s60inqrAs/aaWevR9Nlcaj059hb9SETLTFGkpn/SswDFqWOSQaeOcVi8nEaRqmNeRATLtcEJJgkFhKzUkTwnBiPaebaNvdkfNteeziOf2rhaA8039e+NZacOG/vDf0Q+ghZHAOKj0q9WIQALrO7HZGlx960sf5hYhfDlcZgQRiBa0FVsHnVzhgdMwGisnsB6jtfxPv/HXnvPBMbKbFpwPjOemOoSk3g7kNv6GpP8ZVIXsmCtXQhlCUVgXrKp4QrdRtdON09MGsOOUKblpEuhXZf/Ctea6dXttjnt/ZAaZ1qIh8legkOSDdAHnFcqH7m7UefyovZmffmtcIaYzd4FH1RevyGpXjQicg/t7fNbLpD/uTo20U2esJiFxwm08uGenTlfC5Xw6CniSjZr1cTMXq03BaGtqbuxsRwI0Ur2i25bPHy8KjK/bpfv0EwamC5+AgBTcmodMsfoaJOovdXXEVs5oEOq9wmnpWDheVohTXRzzG9KK0Aj4NPP0CyUx6A7wgXYiLpCQ4SAnXdzDSewYIH9/VvjKnuaCL8bcGCvqqfFGybHxcodO0mAd5lVXaBWzlBL+b7Qd/tz1MtqJqX3+zO6syInsGamiGN4qe79bYluq7hNS9P5avS6wc2pFGjWF5OOIR9xOSK1riQsQEuWyVLX3eJbuYuxKy7IiCTh3HTpPW82FAMPjpaWb2S/swTvX8ccQtqdNPxTLrW3jrtDJ2pj4c/wf4cy7W/IRzgnYT4gKlNli/h/Y3qVH2sMtv/EkvX/PnYzmavTGdxbVKi5lyqiN+6M6B6TPHanuYQ3Or3gwuddy3gdQ5qNhMlE85voGwmSZIK50CaoCTv2J9sfmokIRaqGNu273pz4GsX0N0Sasds5mBZYzFU1HMtMKCGD6+iy/rba3s8OBmhOyZV2MAvAPP6PrGEQK1Oj5Ck8uqZVb6Q3lTIzPZVR1u270XCZgeeXqmEdUlU2ZSPs3fY7FQqotLc+aA6eiNEkosKkshl4z09BmSfCM6MZESFbk01pqgAYz5ZFZSqXI5U7pyZqidgTwGqpmDt3mrRWJ1ZuXjU2QRqxEwXUDIztzel+zkLO9q99uO8jEoV3NJZ43+IG863IhjI9Yqzc3Z642LVdApJCgxFHhcU1RUW/vtYA638O+6UF7YFQ5/r5/Q2sgnNYNEYPQ7K2rEAREKTBTWfxoJDYWG8r2T3U/9K9VspcF4+eMaxksoJdMRjXKxibdY0dWJrxgavfFpcUbmogx1S/X44nMGYhyYZnkSdhq06PlWdyH5xilfw8PRUpFQIj6tqvAzPXMgfd6LDbmIfW/1eqlTgx/FssD4wlQGlUQlOpPG7aRnmunyk5UMkDYWpdagmH2nkKh1Ommtf++2OMyYJ2q1wvxIN9lKzMlGj+i/glcFQoaGLu7FJPx5JcAz3t/SFlK+fylXW9nsJa0CAUySQWZpDIXgZGoJOccruMAhs6tKsvjHyOfdJTcg9WxzIl+mK5Q8Z2HWpk+wBfy8PE/7UuqkzkVUMUgEL5A1Qyzw8bqIrUsRRautQoBC6exGkZnewvaUudB5rMqV2oKSGI5ybtCtnc+jLgdD3mUwzAwQFWVlhEoGLfqyiIUliqlQRh7RForpoYyCmHHh7ZvI04deKatWzTeDVn5EYUIk7D1eNxnb2S+V1Te9MvCsVY+q70PPRdo2CXoZ8ff1ncfjDTjEA+SYytBuCo2/KwwKTIXvCb42Le1XBXsWnVeJuurG3g6F2ugPffwzRTILMh0PkylnWf9aeWQ5MtW8bsZrGpd73IH6QGb3D6IFaKYXOCbrXNzV6xWkZf5Ea2lQY9DwneQkYfp+JzrdPLCJMZ0figLswB8DuRGaq2N01KKhNKRGxAWInG5dUsj+J8cRbJ4ckWmAg0xEsdgW+GfsZG5gX9Uic97JP6+uKWR0ro7fC9isz1Q2xj2m4L9i9hGQpZcvztK1cxx4pE21FSYzd/tgnTJPG1aqFNweGoHb6fwc3/m9aKCOzGK5I1/OtfgPx/onE/RofL1B2JbA94VLx/7nEty05E/HpfHbmmT5sHWwcdFQsUCm98S4EJgXLBg2j+Qmkfv6h52WKUscPG/pTAxqBTfZaeHoS0WVVwGf+QIr0ly+pGmkoUAuo8Y9zxGkXseAGzj06LuOvkJjm7CLDnKYYiW2YdKiS2fT5ArGjrcqz3MHnkfTVy/etxRlhzh2lzBt+Z4u17u3gPE46pRVqJVJ/QqVkMlq7gIut3OUJ1A90Tj/Fh8Yw/pqsCKBcoZCX1HKY9DzQNS/VR/bHOcrTM8/kGi+lonkFMzBgn+vl9+NXCMkDPXZ/pDJTZRVYp4jpFqItOv/eJr7/D7aOeHH00uuy/bmBdKspBcS2pBJIZDEe/aqan8b/7HyPDuNKOTLx29KHpZtEC/yZIiZzNOESQJLBKe0c99MznNRdUlqCuKbjmrJNDYaBoMluEZUBATsIv3ofVicgfY7MScN21oOrEzF/o0S4zYmgrdpYx31RZVe2Y5UwJFIQnO7kO8VUWch4dQHcxZHFbiZPui8zdEubWaa4yn7/NkL9TsDqtWcbJO53fxg5VCrDeIjIT2gx83tfaPPdoldiExzMfZMnH20jKiBx1ic7XsbtzGDAg0nPZhzNv4iVA1S+5tpKkqe5GL3J9QjzpZmUrnnCPXwdb8aainxrqwgRfz+oa1c4BhgtXwuS4dOd4owqsjxSpUp9F4esNbJGC+tF3RpPJTkM7J6laykIYE2RQzrhwEDpi4EKLNcdhdcTTlTTpRTTYL46HQhZuSU9FeJWiheyYt70Q/5w4Aqs6aQ8Ny1awo3zVvY/X8pbv79fz4GoEmmK2BILR4XMHLu4ZEwgLtL6fDvgWWsgNx8F91yzMo1+Mb5REG/Dwt2UaPy1lYCNApNO7xzpG3uDyeVHA1VSXKDTpenl9ypJ7v3T/bey626rS+5uz9IH+GBBylqFsarpUQ/yNMykPly/9IJJnlVwCLhN9ruK4aE4IGJJP3XT+EcqFmwY2TKSm+5i64L7Sg45by/mA09MVVH1gVDnRw2Yed+0XpJgTCjdscfwdPjE8cdeUWdisc1SyLiwYsVDxjyNhXF1zevvvRyurzFMllXWlYRyj8WsGscWr3ti63nBkmzIo8UT+j9ko3sfpTRDsM04/VK62TUnPi7ZRa9wF9rR0FnKZt4S1xJOGxbKq7dIIbmwEeSJyNXT1g3NUFIoEp7KGawekVFFpdhPukj783qmSEyCFvUXvfxIp8bGU32UqFB64Fwhf4r2dBztYW8x+SEWRRAh3dzRC1vIXlkLgEZEhSpZ908MjoNa2DMnTKRdO2yq8THZFwGXujoNEpPl0yJ1JWmkTMhM3Cb1Jcm5cWWoFktzSGU5szgxIUGT6n504Z4cg2IvR/JtNEkQw5Ks9EJItDSlJK2vTGeg5xNg8P7p0H+Ruhqm8rjD+udQL8lcdkv8OksTUsFmZ3mqPZuXX11SOA5ncPdU/qMLW70p6msJrcPjPdK6noSn87aJcpoXlNsuG9x0sVPx21/fHI2EaT9TbybiGOxKqJM/U3LSzvVmnUKDhvenCZIiR9atBweh9VcU+xJXt4aHIO5uPjK+RBypeCfRp1TJ+t9pYPa5A1e7o61vNxoOloQ36w/XrB+cSK6yl/6zo8t5k9aXDgQrlbz84H8UEh9k864cUpOLXSYX+hu36gYg+c1RY2AQ+yYwgptiUWphBn6gwe2Pv1RkjPiOI93fZuf+5sSZ8AnIelzX2GM5of55k1PI3m4MxUICGjJ6FavKgGXBs0TwmQ3jwYc3Ztg8LzWqmrN8qDf5/b/RxNB7ZOoUYn0zYFSmZxdHlJq2RmAoHGFUunSytayDAk7iDZQq51n1iG+7LX64y6qAJ1TRMWcoXW9dynpw5v8QSr1GG+/FRPmSeWqpWsKXoJdel1zVVm6gZYThoGxfqOG9YvePi+nkkjJ1HnXuZtbplf/FbzpmoKuI3nS9dIpVEbGQAi6GNi4xF04Ts55Y/7AwAVUQHDrE0iJbE79XOKFSgWdfRsyv1BTr1qoV7OJt+JUjWIV0gpUTmm5LPQk2ak3iQT5ytxmq2NwAmYC6hPW9usxpyG3aV37XZgG/+M3jdboyXirE35AraTKv0FK3NqiyqmmuQo27pilTtJmECvs2Lptv07kT7XrhSHgmmLsbd4g8jIq2VdMbHE8UsFIEt4Du91ITKo1aUq1nEuV5BBofWlGkzmeyJxh6uQWOaj3fi6wH4Aq/I/LXBynmm/WiTq9lZ4BdoUphInppkENFKee2Y4iX7WwPj67prCYyqHMtRVdTW+E7/5SZiH5bhRvOXo0JfnNNIV+AtgUNVCZnAgnFdvZbyxIKYwqTECD67ZPLr/oroRfU4jnX1OQWy/BXO1Nd43gNl943xoWFlhkLjdOWIUXq1OBJE2QGbxAFhgmmT32JCPW+FGeHtbnYP+Lduv2o9ITA46DL6syP7NsZjuSp5wtyedsH5Y9s4KHK3ft2mVMP9abl94HzgWWyRwDCRPQKZ0uhc6KJhM8nYyhiMM4x6JWuA1lKjBpK0ejcRL7UjPH6l3eMbhmzHthwidgjjSNfPw2PSgPYb+FgaTFeLZZdfkkObMqvmqhmtx0lrevshU7XWgNNMwoIeYIWoG+/IDPNeUpc7I8uq3pN3m/hfXL9jVFohok/FIn74gn3IunPbil1F+p1ygsXaKloonlDXrRQ3fROSn8Lap+1USUcBLNlmyZx8Y+rHWgPZO2JaUHZp5HJfQl85MlRvHjpJy7BhnsP90Dm/yVS7QtuQ23vJbD1n/I/FDRdJYcfXHqVhbM5DoQQWmCcgDndophTnkMAcnHrMkvzYSYTxg6hlwRECd1ASpDuYzYiS1a3X6EmN0LMkequJjCMGEikU6mEGJmB4UG8nHXTRAzZ70hevxnv8J+aFu4bq2WJtS+THZZEHuya6O7Ml4W9cnPjqYWDrs95E8Ggl1kiAzxrjbzYGyslka2A8br4RKdstE8qKuyu8kXnWOabG6DkF+waKCHzqboAvNT0lYBVYGjJg9EdJsJE4b8UiG7tCb4yc0G2VUBaUNO82sK5jeq2PgHUgcYBi+orrhOWupFwpnD8nZEpaKvOSHqPx7W+RwC265uEBVWHp1dRZ+E5ti3xTYulE9/avOZFyTh0/dkfEdwiKF446LBpMEd3chlucFi3JMpLL6FG+tycfjEiNouqPC0Y0Jo4MPPmM4i0I4flRMY7uo5PMB7kks8uhJ60Pt5o3xKK9Ul9Ej5e1V3PuS7ukBBCyANbM/VD4iJGSWf9/IsUxLLHcylJ6SdJiu0q0wf6byOSGVXAHdVdkod8X7XcDxLBP/ELNVpFJtBbUNo22Wwy0PpYt2y3J6LTitJzPqjU04h3Uzftt8JyV+8HWgR03sPpx40S1XjVQUJClS2ISuGrXQhqZLATP2rGq9tZmVuRmuzpbuJs2XtsG6P9JzjwMlL5dQeRVNn7RPPnHlC7z/fLlbefy7eHAwK95vOt0lnc6g+di1T/LAz8JpUGijIFLnHB0FBnXOLvgsGCp82yiMew+3ZgXBnA1kDhHCi1/GB/4y06Ea2cxE4bGaLgWGWEH93FP+Rd4lKXceIPhOyDIh1eV0IqRnqwx1e1TEIZJudWS0Hm6YL/+OvnWdZXkCsKvQecHPxVnkxlsEOxjY9RaGApbaEg+zPiv7b0umlhLkSpmD7lVir4slMNcf+5FZXAQhYOxsZ5v4sV2/ZW+68xQX9icZfP1O/5HVfyGq353f9iUJYLyQdyeoLTRjckWTc+GxqWy5ZaUkrlJEjLxUHWgO7CrzdMt6GztaQsoUc82KaguK7wx+w5BQJLzWLkR29Ek3nmPXN+EmvhUHHvwAJjbkPPL2Bzh8D5V9aLcdHtQaVmzZUC1OHeAJa6AqrYo/swNCJWeN0to9W51jUxhRgV2bGPZggufJd0cxzoQDR6LiKEBaS17xApVWWnJuf0ZV/ybVavkqeuaboxVxtLRuLzOt2kTokdxNVyxWOlepuljPR/3a+pphThwXOtzljMKXaCZduflQ/vnB2yWSTG+MnhWTSZyhbTVw+EqN6Ez952Qgs8FlKZQDxn+grK2pkF82b/oGPPdnvpowVq/frbr1gd5IkvR0pSE0Y+AAW6qrUgBnxSfYjT2LYo4NNo+3Z9uKiEPNTzd7zOY+6uRIhlZ2mWjaxGhU8VErdEb0qIxLfPDJ60v8JgAEMnhN/HcAk33SeAxdLc7+mrux+RZnm6JgIjoNM0EF9ly9vd7DKKRSMetUImrzqezc7PFks6/3xKGD7K9hdDBMaN9rlDG/946YSV5ZnFZMLEqtBvkPDFvxvSNVjfP9mWWAJEBPONfwQOliy9XYaEunNC1L+LEGuppNX6kmFLzBeRImTJlmBsi8K9NWbVVkzGba1UWtOIQmoqtrRMtRb3weq1Xb+RAJ8QeyOWO8HRHo7/xbNe/Qn92PahnJ2I+e9X9ywxw3WstD9yS+XnTI/CslDrChLJpPEEteDNaRMEZ+iVD/C6pw/SfuUJjgAvDSo1Bw/Jj9Nlxl3Uv0iZf6UOAHtzB0wEEINJPSl11+VIpFItBGlndMLCZb4Gz29D9P2eKUDyuq1bBER+nHGPPKHfpXHqDScPOz3hKQlr3IA78j9ffPfvrkKNTa+AuQsB4+38e+yK1O30BB+7Zd7tvogqbz5AImMNgGiwBKH0QzQkowquz9cwQtNGww1ZIzO0kVHARMu+eZRnz8QfkYzylsaf/seWs51UqLg0eJ0yZUZ5H8czdcN5uQm9fh7bbNi3ixK0yq34ZtERTXiooRtvGYWiC5qMfvht8gq/yQFjJDKQ2SM4svvGvlyDWMnpLku/PqKApbbJrKyu8wGfYUU+bXIZrqzWs7vLrQV8qfDIj0uX4tNFLne4arUP8gAFJhbD5lXtq/ZpOREouZQkj3yRId/kVVtygfJuAqIu8sONc1V/J5q2Yg+60MsPSsCRsLw2zlH8IFAyo5feWg1xxGMUiVGiNj6uRHRSc9Wg5QFoXQLeoUiFBwjA41Z08zpsZ1GiXWog4ItKn/G3v2csRKu56oyPsIzGz5pEECYNRGidhffBYG2ga80jz5dvjD9Tf4Tak2l/G5jZ1t9A6Nl/uV00PJ6jCOHV3hVwGKHANaLLALSn0A/0Q8Mkuaej95bflla3a2gssWocPwJN+72FDCTZxH2SaygsuPEeVaQm0ZEBOkMmzPATq2QIQxpGVaYRhQvxy7N3wps/07qNIURlszvdQ3S8nsWdei8YRVhf8HPZtGATziIfEXY155S/HHv5cNTscKJ+pNt4fUoj0GsOQf6yKQp6DZYFTvqpYfE0FB5u0z9c+BcBDRFBM9itGIFC1E7YF+t/OGY8+ffYju/O6YCkU8TklNy1uJnZ7cDlNx1HWALulxI/Sz5xWQTCEBB2og1OwJOWWSkozmIGC3TeIk1G6Fm11MMJgc9ROkymHsBMkxYkvINZ5m6jOjYnrsN1+1mVYkKZxikwQ5aehrE8pdxAk39Gnk6dZEbt+2TeT8/LFcU3ubMgB6k42XtvJbjDZpcuMEBlaq7C+ztAKzo48+sR2DWEyrB1G9bbUBZaRPLk5y/nosJJCw8NzXlSOinDjQUoizakQRgY9qtVF7UctEOrFu3dDLJlVURLjwF++Np3VkxZwT9hJiECyqt+gx8PGdEDyn+miJqRFDE7Jyf5Gtqj7xRlctvXCzMANGV5G+YFKH6TcTg7GtBG8hjsj+zvGqnYXLx0iShQaBOXtFcGzuxWZsq1DgV2JlESDWhp8fgD4PTwhHqQ3OOPxe4Pe5wAQz5fS9j5A60NkpF6X0ZdG1+x39TPyAGSclvRImNOHnyGEjfKH2q1peQtuq5aK18aEJ/TfGF1+iucuOstWPAEknk+1qiprnJe9qm72zJJd5YTz0y38aW8w8ubiYONcjsKjWylJnJQtpPSUxRuvFCoBDezecpN7MW8wunlXqh1dhWrnBq3/HMZ9vAF5TsbiotYrxYKzSsuH3wQePswET0CwCJOcZbrKpyA33dVaweRGi7J1KNi4prIvVIBH77tPG2t+aQGlbE605JiBItrkkgpGbWIafaZYMu23Gr7amlb//NuCMto7Sg7GPT76oBg3drXEG6rXroNYwDP/nvBn8dOcuJUCBhMd/uAFFO0L/LhgOQ+3PhiiEomN6d+uSVjuq/h3JJ5aEr8STjQV9wTFKhrU9bLVwjkM9w9fPGDsuDzy91YhXstyW54SJI6hjyamZ8plmJDRgT4ofJWBRKQcu9nrbiUCQvyJD1aDKMZvEN9/Aq4K/bPbst680JqMKzEs6iyqzh7A108oF/EeF5mT+Of0GPxFLJOrbsFq93bgiE+rhYYQg6vtSS0qyvhpK5/gmKPsEHlRbVd7CITHGqmD71fxA3lzS5whhXTtePwoKgi34YhD1YSXP6n32yz+Lj5k9FkLKGi5V0wywmdivUujnBZyolZBhXsFc7WikYMfIAE9fQTZezv1HMpr+rYFj1+Kf0Nq+3sBAYH0Ae+4xY1CjuywT7huh7pYYNkya+3XBausfsktoP1l8V33K/f/lt4LjS7Gy4Sbi27EG7fKW8iYGvnmKbHrzTRGTKilcxhIYomkzZZriFyPPodbOZZtoywlkUCVgp0V5ejBP0ygw9UsVgJtyLT5eopqPYelfUxqqny2hNnx7wN68eLo70TMArYkZvO0/9J9xbF6/dOTPNbzAu2nKlyzSOLqerLbnfUWaWRh9bl0A+vlReltkOWpTlbSPK7WfZhuD0a5tsYFovyF8Yw1+V5jLQBnw8cZqufVEnFuM7Y+ysfLQV3ypKXwBIVUT6peRJ6cUPC0+3cyEWiMLDAkgzLyq18slyr0esGDkwv6HMyhAKWtVGvwe+jHRQsCu8IEH27aaFPQMiMwyS+VeKh7DKLSb92uMVY1g2RkcSSvIz90FCq7bz8msBUilbkGEum7x3V90Ji77VI+UPi9lAj3b/T0YNCPnwZJI1BGc+4FIi0wn+jiZA98DQUZTp0EE6Ny9T6hfN8im/qkW0W6v8J+ZPbJxK3/O8xHZkijwSYg41v0orrBMCshTezjp/ZiuSQiz5MviMadUexComc1xT/LpZ5kkPnhygK+6PxzXIljVitGEGur6ukMROo92odH7BvqubEjdaZJymJj2pnWwZ5ou1Iy7jZUevKRr/MVJkNPvg7eu1i+9A2W76+BQ+xx/C+Ak2Q59OsR3XFDF11ipdPSmuTv+oNSG2MxO1A2chQulB5vZBPOWAGR6tKFHwvHZiFzYPmGESl2hOHLwbsSci1KAETCF1OxWj560LNHIh52FIF1mZ1lTDtV2YhubgeC8Qk+QdWoG4sMQtGxOEJxpq49WC9EqLOrGyAorwr6rNq0kM872wc0D2NQWjtRFl+mfzZjmYI6FopN+F1lBDJy5gaOgDr1oswHlKA/c0nkT6qkJz2vrlJ/NxnDlkvfXpUH9MAmiNUAZLZQUfyRD1IPqDSh9AoybJ4ibNhPG9xz75lQbiWUaVRIePxbAxmHhAJ62olXL6RsxQ+hbX6nGirkpXCaZxcGWvlLkSUwg5Sya5+OEt7ArmaoQhcR/wVXIoWcXXGm+PH1ZpvLxJ5kQXwTbujrmJvNOsDDLK8JK+sz75weaQVkwHwK2VygeNz6yZggo5qoXEVfySdCSUrIN9jeTJowIN+CGi84GkJPff202/vBcqlWnIUnIccp+eRwJwIxU6ZlEZVplUVGDur5rn2uIKWs1BuO3U6d+X3r5ZjaJQsrgEbwsVIBr13SBdsGgeDHST2pBbe5JE0dxRtOmazq586Ns3NayrqptsrEvrSHsE5reZsFKKA5RgWPjETTBpl6Xy7F/8qmwP92as47Wx+niRkrQ4eD9TWlvdd1eZ6eaJot3PLMpDa97tle5DXov0omaTl+B6N405FnPmlTL1KixxQcbVvXlOV3VPEoDB0GeanN9JXHVqkI/4ErUtnMffhzJkBx5XPp0oVFuA0/CCyANmjj8TxldQXKk2BBxCdQKmD27KV3d85Fi7nZSKAq9nEktYTkYRI7D1r2obBxHdlOlL89J2MpefgibL0jEG2nrPZpbanTKyTFaFeNc0nH9SLtL+bn5wO93pzXeytKhRpbHx/HMh6Oi43nsElqi5DeId/apemawVC9kvHfJSM3aJ1dFHx2poZyiaUPGJxzIk7z/MiHB4sdPOU/3S3V72vvUt0yINDUfdhWgDYR+i5jvlyu6z5AgruQ9Y63nvItNd1l1bKZlHrE2W7ApQkNsj9ydNDrn3Dw54WdzbTcPGgWdWe3EVTjvCtwzbSFxgMPqQwUnHl8jGkLPYjsWxhrcB8u60I3BmY2zZgRP2SGba11NvHpVJCszJzJkUPN+ZL1IM0feZ/SfEY6bbLtboMs2ekTeh//jgNwIfF7IZDxLtAlvHapJBn5HfCPtaKkp8K+7RnM+auOor4wvz1Aon8mQyZQmmBzhWBvTW0wmnNgwGoVwnZvtR8ppiA575cyEz5EV4fTH2mkKp/+pr3O3ELni3Qavv4nnF+HqTcoZ8xcUBtiGnKp+EMnH+2OWlYET3FwX1/929t1tNE+VseWHmxWp5zz0SG8E9aTMlwkpdWi+UO9RjbvTa3G+Q2pNz7FkKj3jfkRtE8KdVbJ77seGY3Szmwpwwo62D09E7YdCNRTehsqXLK7tX8a1hK7xMyF5GMrEBT2xgzUwLdQqruaI4OLZjVuIYOFxHWwa7t3aO+Tw+lhQZRFvZ7XZ8o3iAPc//r9F88NnQ3806HHttRKRjcmziEKTKSG2ebB2fjzjzQ99WvNVP3NyojOZU3GMJl1ghH0tLH3+Xt86gEbvozmncUVDXWbKzcLSiQeuA1GvnwWx6TW9oMJjL7zw51sSbn/YA7ZzCmvLCBs1bVq9Io5kJrZKDe7wcfz1gMdhaUq88SXTbCzxbPJ07DpA30j+ndSVuu9jp/3YPhv/6i+Lu19B//z+/gnj7pOQ3vUtxwcxSbTOx2WfQ13j6eSmJFaaqOAFxGTBOHPyuETCg45FJBbduel85Vx88VRhnUC20LuDWyy8AsgbzaGkhRFChvLwb2+wvHW1kcri1vhm/TQfo1VnjOJyEqdKiIfjW+4mhQkECNl7BhPegQaearI8ad0pXaKLtlCyKX/i9j7b8QMBZJvZg2X2dSvjTUakRkCzxv2IV0gJ3wPF8ghFhHM0etaWHJ16FhIpfTgYcpZA1UAZnj5l+HadGJW5b6et66neOgjqJv97efWRLbXUXi3BxSuoP9PnOm67qc5hSCuyLTyjtSWurSPuTXyaMArSJjv/83g//17woGJZgoEHEMADUMqP6E/WdVD8O8GGHCNoWeTpH9aO3Hd/1eOcamsJHZEPTbvvL6xX6o5unubEz9RHlekkzilf26jowygB+IT0Q0Jk0ZCtqUHcmUwZbIF3Q4LWifDqL+8Ly4hKIx9UFlG/BPmQpcWFeUdzQUZ8+F12i8qQLbQbDcpPrsGGHsE89k0t2Zry7sMSj6ITaPHAH9OULvQx4v0Jdqk292soYO0GpybuKoSzpC8KzmKaYbJyeGYNykcrA2hjJ9Yfo2yMeB2iOLaguF+d5z9MWF5gjWaeFmczNsqFbe/T4RAVIrZofPf05TPHkiI8zj4OgVyQrvvP+OwFRLDT7D9276j+BUQXoS+5XQ6HsZ9VgmzQnW8J5jPZv6X2+4kxc5267/1R2lUClccJRtQBwBV7Z7wkDCr4+BbRqtLizIHZ+lElwiRraSLw8wFe21UtdSUw8SYOmO9TxR3A/q/9Ntb/w1pPed6H+4iP5DheGtcThLPIdzCatDrwnCd5A0vBZfAuOhvN3ZPmdERStMUpPXTCaZaSgO/K1a6vx1jIVgwIoICu9AyY30GVdEIqacvh7gutZwJ0aUTh/mX2QP+251ICkptCZvczae+hH7S0Mexzkz+bcnJBMqeGYFPiQ+3Y2J1/Medo5qZNXg10evQzaiOeaduyA6m5OFPEBkPRI/PkvJIu97mEWAu4/Y/G3S9TGFxYakKvKx6cN9xpJe4c6H+CZc1W6/BhHAJywkuIUGuyh5UiUMxSWo50U5RyLT9rNL6v3DQqykmlzcbF1F/a9p1jy2hmVXG9ovGpFlF/gn2wJqiuV2S2gmki6tLfmO+6xEkidalhtcgFrJ/+9FrW97wb7nmkhXFMVtxCKz4w2KpdbEEgrS4VXqYeJWYFeXfJfOj/P2Au7OVcPli3n9HxbQqso9NXnpzt7EPpCvNlkUr7m/sZA2t48Bgm3eE6PQemg1MUais0bZC3ESpm9rDSrdn6yGOrRljb2pypiUen0bHrfoDJ34xJBEzl6hWNFZFzfcAs1MJojcpWklZ9axaaTpoHwsqDhiDEOY5Pjja3O2J18PpA1LrWYbBrEEehpkcGV1+DcIFpNme0269TGbfWqZa0mcbfdXWjpLf4vac8rlmbNwvmdGdOkTEvdxnoTqC3IFDDl2JcQOwEGXjx6N6KXUvHbxePZ1DtIVpsoFaRk1tUXOJAI7HdXtU6+p9Sl2UIZUuuIkhRrS9THOa2+yfl73JBZjm5S6c1YsNduNafrVtw7e9kQCxcbdyHft0DAWMAaapd7sXw/uSBIvcDS1tLlYVlmliG2RaIOaSWlq4e14tOHNmvAxIbyr3gGAuSmfChoqv/NuIfmppeh7XzRSoeHfDMb4FPmeZppOBJL/V0rtX9dSxqxMGFAzKfMtf7N4LENJUvFv9lttqm0lRZMK3NsF8MXc8BSrylkUjcTqSFDMaMYdPCjQb4L0kvKRox6y5N5T9cqK7SUlOgsEcaQCE0DtD+CbegPsyrrzruc3T+K76mjoKyHBLAud1pUMOnVvthiCxSGZe6Cqi7I6rHbAxYNfIBQmFTGvGTH1+Uv662+54Zpn2VGKpmDxwF61vqZsOI0aFMC4XQXiPRbi6+3SsNl8XqwYX/ebpN5a1dHu6CTi3HvgM4YVprbxU4+T9bJgqcXZSCUgH4f9qX9P0+WWO7+3ZqhtRFQUfdqTd2xtBd0f4VXRVPEOg2LP4/5yeqMzCjzjmYb+vdRBg3HM+JZLHFj80HzrkCqrhi6+inywkGIHy6A0h4MSkiIV3ohuZHAudnWrL2sZ5gZ4W472lNoUSJbq4ghbWSl1SlrfJ/0LhILLX5nqLYu+EbP3q7980jy8DJEev4kO2per34EW9qh8jRhLaC0OmzC331qI8HhG2gNget3kXjjMWjd9KbPrJnYaq8hk2cBWqFnBesmc9RCNUDlkVyMG57S/gPqh9m4WWJlHH4E/txTq2IX1nY4D9UKVCmz3Q/kVVwNtrEYpaegIGI4nntEqbevbFVMqP2QBQNxdOZOPj0r8UL8QiICqOW1BBTUznEQQ53R40/FZeBvDtIUMD2h0fqIE+CrfYbo9ZSbnxiKifnFpbNvBTxcHzUVggyn4ynLzBQfB9kYN3z1woi1UOcfWln1BblYRAKGBZZ3v1optdaMVt/kWxGJNqDKZ86CVLAsD2Ypk+M1K1RuNpZ6yTMhUf2wLUY0KZsLzD9a91EAku0S8Tcx5699t7frrVoueMKl4TxOPVScWEJ0zh/70KXdAnB6B8CT6mtDbX+xfgsmhlEGuJPiqSAVxYnfF8D1JD+MZehJwZft+fRKnRHPtEy9vUfZclP6FJsnXL1ZxU27YST80wwQUvprvHVQRoOWRuEZ66urg9PNXd4ID3JOpS5B3j1fkMgWK2qyIIBOk6vMitXSTmBFnvjR1q7+a28oFyBc58Oit5WhmemrKbIF0PxgupZaKjAVlan/EfV5D8yyqIBgaeM6pcO9jWrxWaSuEKizgHv5qaMNZNCJLgKXj1SPpJDcL9+OCjXuerbujBgzR2sHmJbYK76arv9SWxrlPv6/tfPdQU1o3b7xHBsgIP3Qld6RhC6CIgIJTQKiEECRHggdpMeDtEBoAYJ0DL0jIUFARHoJnQASOggICNJ7uefcmXfv/eN7M++7M++9eW++9deeNWv9fnvN7L322rP27Ky02rGWA5UChu5sXdJVOyfn3djAzso2LSrsuXgkCQbeIzBZFBtEpazchyaMCMZ05E7ZgSWLdRzkeCsFt9iS9JK5rmeZKGrPx0XQwJNijLKWIPmKB0LGExiYUSmf5PKkDFlTmx+47NehI8SvL3nESpAMApoUOBqnmOOAw4LdhcW78cO54n/4pdCLNduguzUD0QOCaK4ltpg3gUxbiXmUytZ21u/15QLPSj0EII+rk5V1NHGPeyA6Ti75KpGRdbf7S1tomBuItXRAZZGhFVWSdncWWbCdgdUg25DtxbjBDXb70HW3pgvj2dOwyJPxeYVwiveS0Phnp3iXoMdFYPfDnIYXHsrp7nC5PT3i8FBv5DEjmhzkuwwCUqYpeD92+G8/3Eebn/Crr977dV8UyoRovIMjFXa5TSvGiguF3bXvHfTtzLOz8V32W9LpBL953feWlTP0gcjwuUa6l7E3dF6ZlhHdKiVvqRjZHaQDjRy2s4EbzqtgYgPb66pq1N5ZWJXUOVNENXooqdBBPeNC4nYCmxx/vuUou/fijYNXdksfhX5+vXLf3brVdGux9NbT99gN9T+hCGDxjiWfsDLIZFQez9dcLGRhO6apFdJ/beqTyh8U6EaJ69fiMUcgUX5tmZQRVkOycTQqAcoyBOl9656Lu/56Ks+iVPwhfPrPFjbq+nRIqg6B6/ViNhU3F2qwtLJOEL8mTCvQmDFQ1M2pC818Ne9V44pKu/ZO+fFuOaX3RyGjHRWdEss4ippfxdo/SCA1pSjuWgYVMKm63f9K8WHlOzWtVdnwNaryUYfbfCopa0yFA48+yGA0nfhAjxh1j1kX1yT24yBjc53htK8ItgXdEw+c51PEkkpGfqn0nNJqm5FDQOvLaN5XGfMd1b7XsB+2DGFF7kbC2vnGyjc/ai83mOgEjt+4mvcpNHtFXCDDmxE//qezdCyXouYgX8HQrzZJOSU9zvIG5Q9yBsohKhx9EiIYTL/OWsrTWlHaUqmHuubPYGmuCLi/6XDdBlkSfJs9PkxOFEpVawyfQpcO80uw4SpsE+higABAzv9qMS+Pf0zz5pr8KhvoPtji5Qn1HwWyyHdfVGouhoY5bBOLgLM4SC6xqLdXMRb8WocdBGaXTxZJ0gjQRVfZPBnIuqGyvF0Gp9uyAzH0C+PE9JVtoPklSrybWxiVQJ+0sG+LtP28ZuWwwnL35QaRxYY9eKrSNE9f+zByvjcxY2N9BU3t1EbXsBqTUsYqOZljmNPugXbVzvhEPuSTE3QyZCBWm0HzGXL9vF+hzMPiUzpSaD8/Mk2wWgvkf7urqc/Fkfng+Drp015M4XsIOhqvikr1jsdaHMJ9J/ZaF3nDTxW07b6NNbrY+ENFd163hf+kqljMg5wzwVCg5mL7sUD8GkPndXN/04PgzBHZw6eoHpjXXomKcompgvWn7qLe+DWjZAGSO9bNxhY9557xGF54q2aDp5JyovcY0XMO+yBATi1UzkKJetMYclbfm2fA/J3U4qy1Cbyhp4la5WL6BQ9fyw2Bww1twBbyUHOvrt7d4Q5wGilbclodIb+Vfqh7QvjagXEqjzofL4CjtIq1bT3u6uY21F/NZw26VtsnKpGANazpOuna/pPaV4TdHGH8ZcKN+GlasqaoUdPgVdu7gO2lPA6FfCmKsjTVxACTlMLVBJYxvg6z3j59iRk+swEheAe9MEU9f8u1zcaFR867Z8MxYtkQ7p5Ch4xO4CziN5SUEhSO6YAYAPfZ50wlk2ZcGenDmNGfkmK2c9ovtuf9fAUuAdanoONb2b8ybxcymutu9ZWM0bpYNdHNfe7BnEGMKocEvH5+qslqESzHga20MlJ3VFI9eW7QZvg6hidvnbtMjOLLzmV+A/U9WBhEITaNog2tYCSVJIsQi01VVoR4y5YBsoz28YV652EJw0rohU7FthQWu5A0afwij6J7LCzmNsDru3vEuKA+OL+w3gBnsxoQ2Vcsl+Nts04srBOX49Fxt06IfRzzwKHWe8XsmReMR2HPdOR99IXZgMbyHsehv5KqZQIt4rDWHlk/QtPyGHPEkbFLUuD26BAUhayDFG17PYNpx/jwLQQWQ+JerN772u3xYa8C80vAvEAklNCJfW8wH3ZKm1t2rtLwqliwnoHJQi06EQlDjk5P/sngJtMRyMOboDrakIbZKFS6BLDDjW32okO3ExjRQ2N5IpH4WBvbrjghmY4NsxmXkEpQRe8C38cR5nefnnsqvpDYa1RAZ91s8Mx4Ba/kmYwOjSYhx3/gNk8DrT5wTJ09cyNvLLKuEUU+unKDsbvu81IP2MdeGvUA1ZkLuRECmqZ8U6YmSrcTVO6MXv+wlenDHMbIdmehJmS/bNZ566U775xkwzdETZkDU+dvsxsvC5t6Zi4BtV4PF57Oxxk6cuhVEDMnLVYvUAWqi3FH+CD+9/LYkBYP02XcBrdruHDy/BYBmTN2YxcdtxmpE0yX1CHFVI6PxhcoMemdNwYJo6XZjzYmD18ZXagcVX78FE1EvGBNIMecOHe+RHbiEgUJ2gJYeveVVDqnkE1Zrvnm4yTqM4U1rPOhv7eQPO2R66vIsRAQH9RYw1RfpwjdoH2M8P05s4u51hRbvVxqzqM0wu27Tr+Xjh/2Opc5OX1DG7gwre36rqFzNYQ/4IcdKqAJSfI9PZzThPqmz9MVe9X6k05k3kB0s0X1J4f1wYoWEJCQTxrpoynou/kxdWtHNpfD+EmASXIhq57ykONw8OOdLszeUuFaQh764IPwwHU/UHPWPenAsp+ZuC03ulwtKpPX0WXpSbbnd4fixpcsbf0PKsn2X+qMbA2Cxi3ddvJFxuzsXp+5ETpd3q/ShcDGwgLX1XSaH68GtFsxxSy5lD8Jc5XYMfS5tV8G0Vj7vCppn+u3/ykDS389F3jx0R1rBqOoPioKphrYf+KHVGU7b7CWvvZtTiu6lCYi4PpC7nSh0Xb3KBA7ENkubITHqftlLTQvCUkZ+b4/1vIfMsR8US0B0u6n91kyPA1bSQNL1YD5Tm9Ghv3YSunxV6MZvSq7EB9RYsjphkGa3u97oRYO1Tq8NUfWe4qbOjPUb/rg2zkobS5pPDKsQNgMk/qg9WOlkkrVlDUAfSEvu2JRY7pu+U25djg6oy1ku8tmJOC2fbaO++7KGjv+s2mAccJchjtk+H779VxZIaImeIAPZPX5EmBIPxIh8Ej6pv4nr9AJfZHOQXtOYtrEqswlQF+D92scmzwv3YFgu3aDfgF0hRxlpMrPnPnXvUl0OSD6BkaGeYpLvwGx7QQbTRfO8+BK7Vjj1zPQWmQgh+YjPmnYo+fOfYH8P2nLa2ZrIF9YbMkGsA3yF5dzDmMNLqjKXkD9c2VdH/u1lQvet9VZNGRyYmvgu/Rh39QxGy6pxNJcysxGE+3pxVmc0HOOQFmncgKVcgwtQ/arwwJaOOZnrq2dZYrmoshL6VidB3lKma+3olb3YwrXCXt2VF1JulwOGFio+92H4ATs97sayaJPMhIQfAMg0JrSTB/RcvhXvdYcqh6yzxbJztyXlTm1EERXHupizUvb8fHx0al/3iFLygfjN/M0VjKoIIsbD2M+HXmqNd1tPmQBKnqQwbtrMdolMEINRgxdg1MAa+TKfs7YL4qBdNtUQ9Te1ptFtDdRP09oq1t3z7V4dkSLwVXtUy1iNM27ObEhj+ZOmXP5VG2kA+F+KI9ZO+dg6hcuuBQmOXl1FLlxv+tM95gnQMNwrhIOVAwuLccZoCvqD3Vtx7sLiCubPHLj8wLDk7UQceNC/jGrsRLjiEXfeitMmuM4BxR8/3CXD8TXrzpvpAhamN9k31QagrvzFFPkbAWWOmNth6sW/Jj6EubQ210jmG7r7LuK0yW/FKL1Aqe4eGDKrSYl5nrG77+8ejYqBus5edrHdHt54xuEyO7CB+ST/NT5av7Tr4VaXe9xHZE9mHrVPqSUo4Kc+7iKx97JZhJliMGGSBGE4xMqEYg5kska+JNLdTRfzRpNPqymeEO1jI3PjaL5V2lp03sxRe3XPpO/GnPsA0M7WjAXHezzcORK2/ChU7AuHLUJ9h51wR5bdhKZJDP7dgTctqnlySLw9/UYgaIuh8xH8xrJabfLeE9LgOy0ObPrTQaXgOw55NQdS7q7vjsjtLrzm/N4h07TEzsv1lz84m0U7SYk3j7ZVYUNFxQS7ujdzjhELoXWqeVtcyBMJDpPBDZfak4WQ6ssCkNU1RflUcnwl6GbOmVuvXnyC/EpTgxP5wW2IAYFvmrh2nGbXAohrx+XjjgtJUv0Faz1iYqAvms6Yw1+NQf/dn/xZYyk8ngjpx7eKRO2Ciz6KH5GZJeNiRRM2J0KPOfjGrjy2fTFZ2XKGz3lDeUE7aI++GOev7aSZLGr4/dDVnr++5b3pXYxnIsG58UEzmPSJWD3YdiEn/vM43KJSXdqQUFHFXZ2T/67fNvcSOi+FmzztCR6JIjFOHWkczvU2dOlLSUvI4teIAinwG0fLv56n5Xms5GbyshWn7RxSU0RnqEGj5Isvj5vPV5Hc3dodJ8nM9csO5fjGfNg5OhN+nbZ1F11M1tRm0vAAtRYHbcF6xRMxlFUStX3xdKyUErjdzNE8nZoI+7l8vdE3/g8Tlrg4+FTzI8uyoAaerNOKYHznqbczCmAUNUyhycPS8QI2KOLdaS+fCDFzNodZpk9sndY9JllSXuH3LMJF6t5IfnB7xKw7GJmcX5LFukX1djy4Jjzme8puTS5XbCtkRp6R9R8AIdYNnuUQqF4HsaOQM8EKY7QEVKsZPUzXJ2g0fRrxuwQbXVLKK2onDjSkP27fXDU2oa1hpxQou9Q1c8iHVXs/YjQLscnYcTcfXafAx76KiEFOEzB8ZAt1m1hdF37gUOcEqW7+RLAZ6SllvtDoVTxx62EzIl+v/3AG8Ke24mt02qPSk1oy2FJ78M0EvQK1X2yZWxgadCn7/4qPteBy7m8005onj8U3xHm+aHWXKa3/B0jjAu6vMdYbWD1Crn55l92+mkExH8xpRW2YryiELl5zAJClfIweqmCvgcdW6HiYuD6C65LQGj0FWGCJOzXDaHARMSU9xH5J1L7BSm16BPc/OGXcDpIRYTLMya4iT80cVElbkOQJrrlBleaE06ZSaumAlQWJMlyLKW0EI/q2Ko1rpmHkapIVdo+rmyBkibi3U3wmm/Y6R07u+8o2ecWCU1/zKRwIMDdKSs8LLGa0n6u1oQEAV/1WXQn1Rszu1djC/MfcAMgzw5OYOec/QED2ol1PJYHZO1+6zsnfOy1hpP67zP3apeErfGWzZhntbtP/+5cg0Ddi1fFno6BHPqf+zdkUG0ZujhZ4KWOvrDx6bHUQaLpUrhHgQZpN2vL2wupJxObGXXrEr6fXl3MqU9v/eA0rTo0YqHil/6nlLZt/XGHZEwiotIfQyjXaU7g8Azp33zNPQeK0dHR/Fnn8+BgcY/ibytlLparK7kngH3SSPhwFS5liwHyn3Rm+HR99P00H6cld00ugG7WONX7Das3nHyTrnZQ3iafXT6CmGXcWAcBi3aq7PD90TBplq4UR33M9nNAJ47rhD3wEnCKjn7U8Q4/Mc+x90xxSvhLrA0W4b2nuWizMo33CWZnFo91EZS44HcJ4NDDefbVQ3ldtOI6hQzEYXaZXxJW1t6P0FqQqS1THPbVlyqM+ks1I7iTeiO1IX0dJjXy1ZQKyHe8Ci9/x9VG4kt5vEFzBAfuF2OmhLpnGyUPrBSO2fNhz8FoXQJ4Zr8amAd3RVUI7FElzS3jcsIqb/SmKzkzeh5imrTXyi3vHZkNrV1d9YFw/ClmylRptCqrRYnfaWB0MmOMNVWFbZlvicp5mq8Fqm8jHKeTr0M4xcu/xlEziLtrxaZSUTIOskEgNTM03NXl51G69EAogfIuUHpARHMVWJ9kTPqxGxvtfu4afp6d85z+6hQ8iiC2H0+xOBGULRg8iV7z6ljltEFy562ssmWjuHUJe3i9UWijo6ApIb/HJVtVpjolOtctCRZD8DBkSLBptDBvY/g9poJjD9Kb1J9FTGHGK0AStfIa2Q2UbbvGFovA/tFCdjYWGtag4PtygZtzRxXjB74Bi/5Tdd9CnwlRamERz6ImMCZEc+/WPYNSdysxifPMOiZjcVJElhLfk0IdXbF221tFlHdy4iho7IseFDU/P1AK/y1fuMbQgndBnlz3CVPnGmMb0rsmGcz50TzK7QyBBRacCPxUySLn/zGlYZ/1us+0ntSMjX+uv1ZDxjqVEavt23OMWRfesDJrC0O1wak2eMz6OmtbMvRoaN4vlkO6xwuuu1LCum+V3EQFdXOVzStCIYq6IpNjuoEqrNonddQnZ89xaeBlc6c3wJlEfSQDgsCJptCVbevYWsr10JRUIWqJMlf2BDuTEkGgIMc1OUaiuIsBhiZLy73zF3O9Ubm/pwZuYpiu0dTOw+Zou9lHScMhHgcFLjDawUEGfN0e/X63p2pryiaY7wGuT/w3O3/XPs4Fu0T15834zFTWQWxZWDo8ficAjWB6V5d3H692agZjkIr4bRbFq3gPOZPuD1sBOaMeDY7P5X7TgwiZtJaUcj8ZMxibBMvx/IodAe5HETpvsOtuM4ix1DlXncGU07abhrslY/UCrmNMC3ehGLlXcdl5dr7fnxh9tbOe9Sk/AAAQ/+znwMFVUzrQb2ZxVJBhO+StGOWFXDTtXbIqp0vA65nPnEXjdhpWRD5mdr00cgrMELtUA5YCq+J/sr/9Xd6l+iddLmT93sa0fk0Jge2z5VWOGlMgj2waUT4Cky9+VdM+hF+FwcZjTjaGexEf1Sc+en7df7bGhbjOEmZsrWqYSK2j9VGovLOuYzjLdB+9AGBPtK11A1z/5yK4MrS6VDG95Gu0aqBY8N4PYhSlNUZJSkNHL/h+xUv8WMogOWoNOotfQ5frgNSa+Be9Z0pzB1dkd7GTs/h5/4gyB/9gTwMozHm2+sPb2ksAhub+N5kmluCqs3jTmeaYo9L9uPSD6MIzdiSvAunUYPjiVlNcWg7gH1pGUKSyt2zPAgdqzqXnSEfHJQAa5PEdfOM7zu3n6/Td1zJ//jEb1fQiCLd6Cbj+srP3/wTcxyP9ISdV5+fsYvfdyTigsKkZCqxm6smKNPSaPGyVXlzGn2Tn1375Kzw5rSs/zGUTc8bhzKPSeYpx5ZlHHRslwIEfPL7nmkq6eT2+lePWSQPsWFURwO96/+Qq+2/Kb48GX+5n61wC3H9tJkn6lnDQXOBXkZsPzofDKnn7LwFFyLXtSwAR2YiUuSi4BJR3Xkxc7J/X9MxadgzDnxdFrBkfklfltQVFunqrqlVfumitG3hfnQpPqkboF1JB67+08jrbasbdTeR3pJEn61A+Fz7I2FHh4BbCFvyxhLUMPLwE3EcQx5ua1ud36y2jtWC3gCRphSY/+dPJv9Rfps/6Z7lL+58oHbI6QKD5bFaK2WNqLFU1ynqpDGUnKCGt88eb4XkyRgiIfLo+/Zq0qJTWZCIvs3cx4+08kXicCRiydrdVklv03m5jD2k2eMR1W1VatSA8VtGaeDpV1riCqiWO9F9cAm788DocxoHzBey/ORmsXxvJk1+DybJp5zYLJGkix1RTl3tQhWpOuu9MTPTERU+1Bmu/aRx76LUYMrrFREmkplrH758bFWJJgS/R28TDyYHa5YNznYIV96UA01m/cyLszSn+c2Jnx8XFayuVQnI3/0HbLhDE9/WiJ/3OlICzZIepRFndeUSW9aDoLTF1G8bE1aq8YprnKilSSIcz7KkLOGTNJKkmg6E2e9dXFek2S673q6lznXUFtTe4Lu7A9x5IKU72z5wT8aeI9Je8NLNnp36T30/kH5WDv2XkVQen+QV97jyKCthkjBEFYwwcs/YW1SJPc1Vm0QY96UBTnmGzKsjKOm/L0+RmP4w7dnwYE1mv/6LT6rtHZ94QiT1p5uDLLmWjNi7CJzh/ZALYGXA+szsZVHhwunEJKMxY17Gyi2B0NPROiPse5K0wuFuOYfmc7hzvdD6U4nB8gzTWyv1At6rll+DO0bRmFodZnVXYzBMgOW7vYuHC8vCgF5JBNylb2oAq1cw0e9sOuZIR8YwDQoUo1o5dGEnK5m+JjMsueuKfcJE99ZI0czGBSnl7DbFQMKx2kTFw+lxrv5F+795Z4akaYS/7h+OF0Xna/XLv9fsQ3NCckexOnMf0/koKR4wGXMJHHzKYSYJmQN2S8j4mboD4Nro1TXhKdd+9zFcfzaTK/Uam9C6vxovF4LnbuApv9hHHZmhfmIxILnXFXbUdSEG0sSS6VVwCquTEvr0qAW08xo7sLX3QETYNKi/ACTCUpgAfoKCNfEAIce7M5U6RQkX1ywPJxOthC2OhjjJSHIQWvCETHOF0CRDW1G5Utcg45+tmuB2Xk1yhIBs1WPY1z2SRIltStssXTW3EMLg7YTJMSZTIetb1hX8mzPobgTXpp47HTBLFpIBMtLpXLZjXm5QINDBlZ2f3Yb8Z8VyCpuVjyV7JRqq+sle+AofEyVpJpMhAq06JUcJsZB57XWixZnJOV9eYOem3OyVui8XMpY/W/ScLShhARqW9djntvacuioW3kmlbetAoAcsojI0dXCIVuyQCDnBFDpz9dTU9tWjYUFuxbT9Ln5hthgi/AV0wZJ05ryYTO1lPrHUKn+LaIswVtTNZmQQoLwV15cl2SQmesh6gfbav5nosVeImjfBf5VPDgk1GxcbYooKlR66ykeHhW2AnnzaevbJjgbjFP6+7sxQ7jegreOH8Hd3WUNlXSsxGRK/CbaV7jOwWIWejhQ+C8jEb3PbwlYDyUrPnNs1R4UOOgxTbvFfRPw7ckhKQ9Uqiz2IYw/TyjAXu28pcryAoGMQv8OUzJiUjDOXtXpiwdG1TlCWt8evjS3FCKNdR3NB3iDtV/M8O1nWXzoENdOpdB0NG0hBIkGFu4LpWb0nNDBtByQzpMKSfDfE7ul3iRlvE1M/k7NtW7d30x8n3M0TxXqo+fVEDvcpKwPSIY/XgpM9FhsVqUUmi65BgQaYcxStXzIxhqMu5CxsHvpZhU4fVPr0VwJtIc/9IVGNzGdlylxY0NP2ohmBWZ5K1CMEZFzzLCtdVhYkOqNSI1kHs3Zkmu4gbqg6TZ9Yygg6ZmQFm99a1P7vYPB/l+3D3R5GubDXig4GkRmMbwcOUQzeBZCfTazpj0J1Omf4iJjkP/ih5qr9QVWjosLUKFe58jxKmTarRT4Tb24EFnmBmKpAMmpohvmbIXW7gJWC4CGnunm39RZWregcAmLzzv+mk+eUluSdTTE40QwngvK9ljciTNdQnogRaN58E1aa666lQUA5m9NTgFCBQtZW7VXnRv5ryNK27CPOiZ7Em90yPf2emdNWs0adsdLhHf/LNJWDpqOnuOk9M+RrHt3WHJWFEw68LZPtReRF1+rFPY2NV9o+yS8BbNanxWiLTOUv2Fj3qIKD07MXF4fcjNTv/gfa4X8E6Nr8VXFhUujoLn4irzdGTCBsboZeAJ/ZnV/6HaVDquhqrWuOxZPz/BPXGxGbltvXpbMKBfdm/exAfirkuUQ4OWpA4/AXgrMFy5pvBngnyK699fdPfnFoTWfi/HTATgOKmFKfJSaqLqIGj33c2AgKs1IZMLwGAoKy1S8DfpLz/cJq8KhuOn0sYsK2E/HwC9hbFljgad4jBAFmRBt6wQxLvzBkWqbuf/u+jLM2cLyiFvqAxsg7CMwto6M3uKnPg6JJvIht+UmDhxW+/KkJt+AHIUEfAYByhxho2vrJFpIRYo7Ibv/a25kNb5+WR2sOtP7Y6qTYEzlOY+pHFas3r9he6cRk8nufgC7pJtR2bwHn9r05o75kK4YxLABT5jjhwlsqrqLJyknjGTUR+7zpuyXzrHr7v/l81dKMV/Jt9r8hmeivGivHwJIxTm+E1vI5zuosXCijIgR5wX0mNrPrN+m6jOVFFtD5nRET9h3xrCUQ7Bh57zBE35uuFDPbm1r+go1wCdgQC53UfKrb61838F9XcbtHamy2f8UtAAv8K9esrHZxkfJsw4+Fzxmf+5uvJRTKGuo4IzRgDhDbifm8M/EGPYWoW+eDgNurtta23//j157/k/zkRvgTcyfQ/DOL/fPdsbodqvPLN8P0W3n5O6O8RyustMrAuYcvGWe1fN5GKKiHe69N7sVsRu+Hkt56FN9td/7Hjlf4MfpbP/2H87j8RENo3lN3QJv9pTP8fCPOEO1yr/6L7F92/6P5F9/8vHQCw/O3/Xq5Xu5z4N1BLBwi0o+9h+l4AAIFvAABQSwMEFAAICAgAvKFpVgAAAAAAAAAAAAAAAEYAAAByZXNvdXJjZXMvcGFnZUBhYjQ5ZWJlYWQ2YzI0YTFiYzkxMDM2NTIyZjUzY2E4Zi0xNjc4MzczMDM3LjIyMzk3Ny5qcGVn7Lt3VFNL3DaKBRUUMEg5gMChBAj1EIp0Di2QUJPQq9ITOgICAnpEBKQHSAwt0glVehMsIL1ICiWASlMIIB0UBD7P973vt7671v3nvnfdf+56nz1rrzXzrP37/WbWzOx5Zs8+nz7/wnATBoFCGC5cYGC48PtiOJ9l0GO4dPHiv+k3Lv9OjNcYGS9fZmS+evXKtRvMN25cZ75+nYWV/SYLK4D1+vWbXDcBtzg4OTlvsHH/wcXxBzsHJ8e/Ri5c+v3MZUYmRkYmDpbrLBz/j3H+lgFw7YLqpT8vXRBmuAi4cAlw4byXgf93kJf+Tb9j/Q9cvcZ05XeUF/+lHW8yMDD+jv0yM+Olm1evMDL+rtbF3+QVwFX2a0K35HWymTj+4BGGW9ncI3OCg/7J4NYt5BJBIK1dg0NCn2TVNzROkESV76hkFjUpKCrdx7wDquq5xeq7N/fs/LbOd+E/8b+d/7bOePnK1d+kEuB38YVLv50zXbrEeOE/SAD7ZSF5Rh34xC0OLmHEb4eFV8D3FOq3FXWD3+0snNMYbvyuzUXAJQCDNgP1rwvrgxW9z8IzQFg2vldLTwucu+82ONA0H98clUsy1SBEW/lFcIYgCc9+/kWZkRROkthZ8w1MY4wdjLQVWReRl0TUog1Cp3jLqPcsb/uJNhdJP1VBQQ94MCbbhrG3/5oiUTafIbp91VL4TWpVPGSww5pHBZ7jJZcoudaxJkgUXlnDQPWA6QgRazOT+VX7Lx/L4xLiROFYiqwJNxTv+2rXuu07L9Q9/loaCF4KtWa7Ggc4TN0q/P6YgYHNwGooWEqGxKklia79iyjxJECUgITCgWbsCm0kSJGItXymsOBMdmW0VsgfweWQFHBwVkLGp1BQsC4mE5HYhF+BQEUUhMeuNVya/91sgj0aXOYVkR/R6ZXujfHyie6x71PiEV3lO+92L2z+266/NPaCaA61NTKKT5RAPhrsxpNe05cOL1EyrOJYfIE/M6aR5wyH+ktEaPuv2wStBvpB2j3Wwg/S6U3VHx9aQjU2Nbyu0pfdLx0yaHgJlXRjTSm3hqBEmZykoIxQPHcVPuZPjcfaLBqzq8CmprZYBZkBDZwsRAMhKX9v4HnPrp3HT2PlaVQ/k2SEfia89PIj20GQwrswAOEu292rT6J+UNrMR/BCFRkihWavT9ZFlWnXGtCItAwAt4KCgPWccQXsY5E9hz4KYS7qsf6n4Mvf1RHo5LzWUBCKdW/YqxG47dfKBNP5ZdTRvS3w9n92MTZ7AjLe6p65btZIH2JxBpmsYgyVYVasEfOgZQMycPcy0g//ZvgvQu+XwY4QbOE4wyhgFd/qNO8cDZew/iB3VfLlrrFkX0wlu+3Qq2h3fYjXP0jfcwYmbKVhNQz/aHsl6KPvwGilZUe17S6iTZ7kDguNVoDqPc3be1f85ZL+46gqxFqp8yFV9kvhKLrUkNivX4GZ0SicnNRHwaP7qZN6oy61+i3emXQyZVFI516wINIURGVnh6DBukaUWv2ohOS3D7+o2EXWXMnXqhN28/ac+sfA9VXOkMAayzz9wUP390ZTq0IsUir7Ha7C0umbxd14OC3icpFeIrAEmwl75YEZFARr//N4l20xCyqNz+DuDS8dkKgG9UgvVXQLS3aHmim1WiUZ6zNnf3DJohE8M41QUiE5Iu/aGu0xzyYyhYcodloGmSJcpuSQevKdE9dHN9dyT+u1E55Ld+nHRbxR404YL5q8i+GUzLRyz00n2eQn7VuWyDDTqkHMcPfkRgxYrl2tlTlvy1Bo8/lsl61ulpG59QoPd5HLrXfB2hZTHPPz+6Nn04ReNc9zBl/zRVV2MFhEZFDQ+yz+1gOH/9PhkkAW5YGd3weM9W4KS8ZZ0JdxwX94TnuGimmQmJeL/usd/8sAv8KjFvEdwE/rGcUWzyaREl1HqMTJjQaXlwMR2QjdP8Rbhfy+i+JLTqN1t8vFQ/+nA8CpuEXxOxmxR5duX7J6qkb2B2QAUbBhrWJp3KrA/fwJPmYFabUF5Uyz+5ki4LPB+EuZHRd2Kw4YNTyH49v17WBpTdHwNJaLTTuPypDrH4w7QB+tLCSqa2/3keJkTJW92uXYEe5eTaN267LVWLD0KzaCgyF/tHo5rnNi/6wVSe7Ii8yXU/iJa05+XjJhJUxUamdfAh9orrxZRHz00/gZiXntpun8PMspqnHE+YxV8dCg0ZtStbtUK5VdfjNo9sF65rUxaij3pJLEcXsGING/vVQ5btjZsxnZete0UikZFlQ0Vx3Kfs7gaTANG7tqmVXKJFqSCBJ+B+AWFlre78apRQeUtka/Djtn2Nr+5ZlWMqKpp9Wq3n04s7MVkHsGbGwh/bTuFg8RqKrlzffoddVU7VAPiayOCFUr/bNSxgBZfjtj4uUcpD850TMe/NBUfKA3KAx1RkRtXK/NcDPowCD8r30QaDZBSqXv3ZiYRl23dwQDS/1bm2FDgSiFbwOp3xmOWmPizCs4a5za62yx0h2/6NG6fl0C3wjy3Ymy5AJLJUNHBWi04zBtjUst0YOid+QzPEXbxy5bvahB2OWahJX5ApSdQUIJJJEsvXdesh1By4D7dBv4zWbLYfsUfSKlUpFu8gcnc25iWEjbxMfZBiyGlq1WJKyE5xZW8ko/fgzK7vejn9YblVIXh6qtvjPa/si3fkFBYHv7PXrvvPB4yA61Uzb31dlVAriPbKsOQxjPGaqVKr731zoLgALmQyUmKnd/mVr9YRLN+rT0OtIbqV8cAYPiARXJI2nMY3IsYbGm7WvsRKvnUfY1YISa6s2yBhw+QrvengMCk/sn/ZdDC1V4okQeVohYmCAGDd94X96vd6PFbrzoaQYguvfK0NTLw7HC/km05mBk9sdySazJldKQSp9e3ryZNvOW3WutQlGkpqUaYxeNu8/JDNfqbvTyLmplYS294QBu1Berh2JDbQu0sKXD0AxhckdF2PpOGUVMHy2eNqhy4uCFKnDuKTELsPMTgd7fT7b/csGJ54EFklk359Qmv7LyqW4o4uYUGepTeL8vEtwXqYV7SZeZvhMWTFPb1IxcNyNa2edZDWIXF4Dwz5UiL02s2O1Fm7y/4rB1U9wk0YGBI6DBgX4Hw0X5Kbrfu2DaK5khFkDOjFW5IlWnPZhVw70H4hgqq2Jkl6FiJNYOtFtjw9lmPmaEaAp2BzTbhfCucOFvrO7bjzI76ZZzWl3bbCl35fCytXZQUvETn7DDRBRGCNNvjWU7IGVyUlYpZZ/FnKuU28YHvhJZym5YH5scHhvBeY4Heh8zXOSmmmrWOEZ2BsyFWFNGdRP1sW0Klp4mebExqj86X/yacjBO1LaZlEUJKTIwEwJ0qLweOLM0LnzghFc7YIajQh4x2DByJK61SFYZ167ZR/scdZqG77ekVd0nHcgWP/ixIdGMq6L8PLAR+kGzPxZqui0+wWhKcFFAMNlpV5f6/5rwfGtpc+X7dRL1Y9UnJ3SxPR4ZnC+/ihAj/bIKOQLcCsKkmNUF8T19aNLuJeqcetWrlOQ/pXTli+ndSsxq1T1ZA5wM/yXpAoT+EN9X45XsW0Qt93A44AuU+pxTeeH5C6oRoBKOWXQS82jAWRhDVyTfJwyLRg2cXO2kCFd1Rkb3MvnM1ESWTKypPirNNIDFLvVFnDN0eBXSzxm+H2yeHsm7/s0QZfyJgKyya562tDO4Ui92faQH4/UEtfLnIPP4OwhESC3KTrGKVdEYab6ubLk6ru/ZtqwiLewzMWhIDmEDVJVbR+QMjEJgcFyZu7QKQ3WzBG87OA400Hz9GV8GClmCvNVckP8N5mom7M5FBsoVjiGHRWNwGmmNWp8pHlQPEm+NIxCKLlacqRAyzVx3/6LckjDViOfIDEzCearF/XMB6fGgrAq5ORNi1+hUZ/1lMVO5YlCRlvdpCQyXafmIMS/CadhBntC/etA0xUToHyDp7WODdeRvBiX1wAR303trj4y021uvX+08SE1OTtiJFVkXBje8vFjPnx9D+U4z0HXvOJUho78+ofTd7pHnai+pYFWbEWDhZzYZhBgeIAxHhsFjz+Y4q0hj6gUtOOF2mwflKRfQIiaeiKct+pmyEGMEx9dos5vf6YqrzeFy7/N58OmfdVo2Hnw09usliMAwUclpFLdhAXWLpZYeFiEsL1SIpQUDs8BIAwDccO4Kg4j/4nLFYkzOocL29YNV62Iqin29xZLXva2sVznygRsUqlHa8SyJFOQez+fcC6gmvR8V9cyQCmrv9Yst15CfdHd0lpevGksTY+G9+KUDhl2vFiDZgYATbpGWD7c9Yt/xYC+fRk1bskBbRS1q7d2U0A5fYUg59xRJWdS/s5buwE8Mxt09GqI6W/x3tdQnFgLrYuuLOoOmrHjQDYp1K2mINKOcLZHlReIBAkcftmMjfz5OiRIIq/Ef+bJkisJd8m+E74i775uXkFpooUf8HmKG1GeTqbr3KFZGcXoGdty3O4NZgOOCBW2BuVlEeK6IUgMKwVUE5PZxN14Z6Efo/4at8IbQ6QWod84DRHNthRKqheLNqcbvtN5S98gwHYcOZUZWRaNS21Aimdkvj0X8vKcLEiGZSuKM/huRHpBs/1dUxGJmCNQ+hULx+OCpRom7DwtTfCr6yrGjcV1g3XpFKSnVKqItwdTV0rpQU7qx3VexlYvG1siEHBPcG4n+U1CrLdNSGgeXSO7lsSeqlqtVWbZJWs6QKjg7fG0/G719vlyqF6n2STO1hWbZoDu4gRlIEUVZL0mnv5JVxlmUSDRkSvOwxYsl0Dk8J2+b3/O6ckfS8pJO1xenOV2dFwl7FTtwnRhOTXqJuCv/PXRE622xxN4MPBibsO0OiZZMTiBBXCHtIEzJiMOr4iE0Ai96R1ZqVXQ5eQRD5wpXzCDck9j2os5OagaoC/nWTCcE+VY9hDmTFaWu2JlXbHvayfbIrxwLu2xq73H/SBluVPZPOWdAUkuGsPQccY+qMpvkQvenbdl/DsosZ3deDl95IjyL0XZJzUSbS2Kdnvn2GFeGlnROsFsUeyekud4YeFX0gwDHL0MJ+san5Weu5ww3/9N20qhK8fTh++U7MI9jQ8OPvztaK1cc8OCWMbTucvF8Ns998OA3fDA//xteffUwPvaBIT1fdi5ITR/EYH1T8NFq4qOmc4YRl0XB/zQMkHXA+CbnlSPpQwkn2dc2/VJ4SoX6WiWySImGsePSeyJyjRQNyvMQ48j0NgDdz3xtubRXSAJsb169+zAN+IQ/Kl+lfDjCXBOSvFSpQUTrmoz0Yxlj2bFHpuyZAuptfYckjPzkt9TBD/1ExeMurktSFXd4TAtLBRbHwRBlfGSXB13Q3wnGkU2yTRNq/QTSLxbrSEhsXj5jHHm4tdas9rtdaNJWbcVDWSXiYm7TZbZwVMB+Bqh+UcUj1p4do/0ROMw4s786qGSug4MD8GeXigVKrjE9if3Wjl63OOwf9d/8YL2H837QXHlKWY0YblKnUWPoIe4MrHMiBMmpcwbVsPiH9nXzZvF5nXpdNTbfyyF/MwTG/zfz38x/M//N/P+WYWBYfftf3dH5b/y/h1iOIUutFcria/Zb7HNjiYdeid/8lzOW1H8eJNg62PeMGU484EehUb1wEsqe7YrhBA4s//OcwZoeuq+VxH+jpd3ptfHZ1mjkuBUl5LNBmjmOL3u29w3bc+X8nhtfXyCKbNwGwjvSN+77pm0BpY6f+h0n44y7hD763KhVSB3wK90Af42TSAo2xwvKFrOzsR1pRoZ+ajMbzQTn+YL8S1dySDM4KliB/m14Uc0JpcdYoaw2LPBX8LXs9VmSiGDJSNSL0GjneKtI06gyh2GPTL9Oh3OG8v54h8mQU6fV4+SvD5d8G/xafaLfiIOqaAaQVzUDe2u7Yh17GMRgmXECIizHMjpRNipBX3g4CHRW/P5MK21D2lDtUQmlKnUe3WpXxwmWSpVp8JnQKSD3T8KX9lk/5U8FrZa1IrO7Nn58XvhM1jSM11E6rq7pnNl5g3N3vhiR3TPPXG8SdOLfvYxD5petp7ymZdMVdLi0jRYU102mX1eFqun//I6g3/y5rz8hF8bZ7FRKCf9lWBhP3Ke98CDKHf7cfEAoJpEP/DOR5prQ7FlBzdq9/cA/1bpg9VblRwBkRyjMww84+Qmh/F1kUFCaAM9I7UgpAixPe7dLKj0QAvRbZoOxTLZQd/IIxXGk/kfqzMG8Fm84eq7TY6n5+xahIoQWaevjgZsf7/f5vK//FtjRHQ9JdFUNel/VKf1c0gOY/Rd0yCRhvGCJLn12aXHNOjsGnmkRNFP1uBepC0X54roMC5w8KPouCb0HrDlrHjXD35fCuuoIg4n0aJmJcRfcfN/mQxdtXFbUpVfdTQezujuez8h0LIKp0YMqgqqKWKoSn804Cr1jVLi2IiyKqWoH68cnljSUQTVeeXrl91OHd/jFHQr98/CPHqVOvRk+CMl/ZP5vjnjaVfcIR0+O79Ip40S3XizwL32Sdcxzx4qSPyQ8vnZL+juvso7fQGj262PKk+mly1kZPNglhflpO+22qIfnDIagydjJJYD4UNBxclNf6FTYgipYZlBYuN8F9eKn/IEzzv5UoCD6+9kUTUs62q14qtHcWLvrwWFXS+4b+/piy1muOc/yiyHxNqTScj4MSnNG5GsewK2q6kXC03fVaqHKU62uprjgsRpRgvE1T+uwlyliEdIV5wyuWp641c4jCpJolt7GMTpr4Q3lS3Or41k2mClww0En75WSopW760Bv8ltOlXeXJkJpkZrc5APeua9H3ZMxuRGQv8WH4lkV8WAH/0ynBzLVmcDWUVYZxnWZzsBHl25rVa4h1YIECtatOMd2SmvEjL0zWlHcvaduqx8PzHAV4/wa4JOpWfRxxyOb1eN8k5Cm3X+zdNoEL/v+7MHfwV4/tibK5e6ppKbFjE73jSxpA65dv29Q3mU1Mf2qOINvF3SZ7O71ZK5s22VSJdKclQN6M2vu+XI8/drywgeEmjKVrojnOcMIyBnS21ZP5SYbW7fCjja2IwXtenTppwHqMUcBMUO/tEbUwZ1aBRuHKIQVU9noihFCufgel8nA+OWoLr0ys8xOQcRMs9jIavoOyG9YV6Gdj6NIs+xRV79tg0/zrFP2MWEnU+yXce8vtwAN39lOnpOd353nU128ac/qyS7t5MePLjaLgy4t3OpZkm+7X/Q5Q8sJ0Zv1DbLauums44MmsTIP94d4yoc/M2KVJOqfKByw/v0wx77NZ0Hpr86hU9bUFn5IHpXcOfzlQpiK3/b9zopD94fDFlVptH2QaXhveBCUKb0sCBPqE5giUzKMB5T8vK/B+mlz29vOxgovWVPy4OSgPZk9kWU0U8DxwSRm3JDUkOVrQzOctHv7WeJYZTKcof42aJuwcj3aSXnUtV5sEqfr9pBogoiIFlKdIDKLIIJiRbhk87/UFiMDOIsW3nzyn5qm/eFgqiTgWE7NHzDbQyAMVpcwySPjGW7i/gixycZXjBuLhHfDpiQnFUL4DOdQPkwTdHl/ldM/xZ/P7n2e7qzu9YkxkxRNO43dt/FtkAV7XK+9PywueEPKPkVn1UzvKclk0sz/10EF5olM/MjAcU/W7H2f7qFVrexGU3RjEOmlVmkpHkG75xn7PlHSTnSnYO6PicqA2Ef6AUakRVpkvmUF1Q5iamIpZKxnSIG0zPpmJ5/96J4w2Tq9VRN4ztDLCJ6okWlnVdCSmihThBhh3ufLpAIEbeD/frvBab3CwzptG/NsAtnKO/iKOJPe/2PVtkxZaHvPhy4ExTW4tyJiB4FZBDjB+6XbfZVCkurxSvGeLy2q7KW6lombY+swyKNJLbvGVrZRGPql05zfybWl/ssrsn1z9wJSrmM5pwjhl9c3l7zhGtKxS4Pnee1FmvyCyA+3htVqnih8M6geUEuqUs6uRwQdog7QmX99DpZMlC29DgfkmAwMpG2KcBFSzJg2nPkVOxj7/SyryOLaSH/eDEvMcAqGI57DU/9ZesTQ9dZJ4RM2Ix97nr58nLcNlDmbtQtgOuCdVpxOwkLibxX0yI71iMi+C4mSFPx+anjm7HVSHtf6ekZ00w5ycWab8NbUxqWC2FHLm4udLynNcSNiBxGefhoSE50YdgjEITlNzPDJrVC9d8WlU9kCRSnqFGKmj0Xyxzd/ZPP6SNwvuLkAfgriAa8PHu7KV2Ul9jWGX54pcxT7ZJ9Ye3//Q9+EEZGEbayEhaeY9qHEDEhcWi2bgzTHxraOpBet5Ne31QS9hKX56pD0QCnWFlgP9Q+LwbHRQb8+SrXXUf9h3JA+ZhL9GPMjlUTzT15n9CcXU23sy/TEHNOURjvz9FKE3g+WZyzFgJ3CAS8rGN5YujDO3pHFkWXV/PaEQtEpMvhqnbCCrGaSCs3SCDE4gjGixmqEclt8ayN+0ZpZODH4MmfZseLZGqyqpcHN96BI4jvf0+oNP4lPhhhpQHVfBKSl0uTiOQPKJVY5W6DfYLhq6v7hkPWExrKEbMOgPvQgpK4DZvY9aiDziZad/Oq6V2wYzpQ8eCc1cx4h+yLjhao4M4IWjXAwM4V5TGKyKgYSTvlfb3vk7bJaLDlqX7oNtPtlTKqduaN/TBEHyRn6PSnVIrsX2Vuj57tKv9Gx8v+MmS+ExYqkGO4Hs7i6S14EFpaMYUtURScWiRH6ECjMFOKJkjNsahdQnT5nuJx23PV7hu8rfHRvgnXd4On38h+GlYc9nIlcJ2S6ya1QlTicG/EvBzuQxnABfF3ozutqp07DvZSzGzX+fH5JMZ2+NpJIXoL0Qhdr9ZLPfXUW9ybQNUPh2VgRkXVZV8L1xH4cW/b8n8W0bPvvZVOhTDN1XTxNk62CSewImGZZOfcUId5iVdHh8ahm3VpKeySaq1Ty2YdgENSTz8zwmbeIVm3G5mz3cnrDpnppPsXXPI/bW6ar16zauMXfzuqPrEOi/6hxVr/FbCephaTv2SRdH0fwqnrRcLQVy0Wpnh6f3K88wNtmPctaYjGPTpQ2VjxzdUJJiBJEpPE8XnUXlbadIWGC7M3hWy1lBeg4UHOhQSws8avRwNl2e4Bs36zzd76Us9s1BXwBlYy803hLPFe0xkpHZdVoW4OLUcmC2LOPtu+47z3/pLT3XAsgFMRSmYU+GAzKbkUjiB48/bwI9r3vRGoV2vKNwWV9j5GBPYyw0A0f8SeTGSYNZVYhX5cqzSs/eJiXEWyQZmV2AC80Fw3QDLHrMxoYZxyuhmYdOaQc6mjc2O5H78g5dSw43UJ/zCmF3PvKmrXnR4Q0S6eFHU5h9o2rLqUuselXOGqvS03md4pFdaD/rBfNI6rE8891zUgXXpMOPrgu9AWrm/s6lOe6CCyTWYhH0E7Q6EvKL9GPolSVGksVX1Uxx+fuYniPkhzsIrUNgxFeV1B4G3DUYtpNL3n8MVpr22O2yRjIeerSVdCaZ8/e6vY2OmFTX4EO+xwqCZSqeKVvUKDvNak69uev2x83WTQzH66lDAuvlvSmLZnrZfl1LCUDPMya1vWz6hjH/T8VafAQhCL0UuCvLhxJP5Ssr5jyk6W91LOkd0EXXdWZNNzH8XjCPQDg31tKw4+7isGZX8bJSZKz8SLIA2FTrWIgVEdS9MV28a1nLoeoO+mNdr8iop8KjcmoMGe/nJxx5uq6t55KhpHwjEAmEIAJoh+HL5+wvzGSFAS4O9J+f6AfZL9k9QcjbWH23bzZlCZvkfOWcwPRnAI9Z9jnWlsLlVD+5OCxxheXtzFu440JIb9DeQ8UC+VO7lW0399HBf1QFH/hBwh2xDz82Cz1wzlR8N5VEKtS7mPxWtkfdrgezm9X+EIZqZvHVcZhl6f4RFUcTBL92gyGgx+I7jomp1V0PJ14fxT7jz3Rs6czYKiXxgl++SSMUy0viwPHq125ONlUkW44adA0Mnx1wBnpR/ZZuLbtV5jFKqQUtemTaqULVCFuGa+BUgtbH7wk6dvZc9nup70KeR0cOOGzTQ2Z5Zh19rN241TxH4iwsskNgiKsocJmfRNP3h0uO2syfCma+tjl4LnVKEu0qowUemOOY3+YorHkY00GstNgxtg5XlPVb3nPNxdQ5wzeXGy77mlbRq4e3U45s96Fjy+6LHjpugXdqkQ1lU46FioGFuCW/F6ZC1ig9sNyMqc6p6bVnEe0bjgLKglYESw63sCptof7177JHCe3RDkV+RxC7yhvrctCBxN+BFidM5SauNjLwclHkrA4AQ95RXIBNhEGZYeqHy4nnNVZQ8x87lxTUudL4IVg7RXmO+hKEilQ1BGPGBPfqHuxNUeRaElGpnXkM/nhsFp1qbcs0i1RnIcG7E9mj+aPkDsrfsDanBZhQ920PaN53VHHkwgvikpKzLZruzctU1ZGpc64rpWlOHrI1EDCMp5PeCil/CYUlnb7cFP6UCDi+tBtdBwDD6/JwPAVJ/e7ygMX7y0UP3NIS/TponkAe5FEi0RZS3SdKCVhTWNT2PybjK2GOJDi6an7LaJpH9W+2jJPyal3ontF6O8MuDdqeEUYrh5tbvZ9r53IzUoCVn+8oBjE3cP4IN7JIC6AslxWaEzkkSRYo7qI0XwJWZC8Yyko3kNVq0Fjj6vgy7aZUA5I0+BNPs7Cnibs76Qp05TFizGGV+Qp7CPQGoD7YOGV9BWhZq/HLGpxX2rIOfnNL2zmg51s7hX34x09PqwZ1x0UQTa8GkvGey2Mx/VrHbRtV9Yqi/LWE9sHn7z/QxbBEr46mXcIkoTu0ce1XuJhdm6PuV2exDBv+IuEkIiBc1TJfdV6tM+zp4hl8KznEz9mEbCDscaK4SydPRv3pbYJNFmF2DoZK6OafDSOWjOTF5C64jGqnu/nWS34LVL14LrU+3G2ibaQpipF3mj39Sx88y0CK4Kk351iWqhu1ZqB540cvhxBF0puyA1Du+249bXO/KU4a+O/bv9i47eSzEma+CMYgSm3fFp1Ga2YASBM66v8I7Vz72w3J/NXq/iJqwS/+DMGBo7/y0aAY3jotax85UTwQy15puc+PhFFOnLB0IbBuz8FP4He1h+kGLQso9Sb+ugbshEk0uBfdvNv7nF9qrP91V/jvVITEtTncGerdfUXoc7bqy5Evp/PS/bkYXhkbdB1n4lFGQ57jqcqUcdgVMtNr3UFKOHgWntSS/Q6MeR5to67f6Ubk573MpZkLC0az6VVQwRV3NEU01sXe4F2MLYfJ4KAGfg0PXNyk5rj/WFY9Lrcw09d/HLGa8caCuPG/LsNR130tzv/W78HTZY917GqpEauV3YyA5rMgdjkhFydPRE4XlBhHM7tfRy5FW3h7wOTtncyxTfckpcFtexhzD5gI3C98Qa6XTLqJ+Z2JVZ0379dkgrxN17v2iEs8+5BlYK13CFOjwA/u6Q7anMLyS+Gk9udHcx2taWKcTakyJgCFZN6nNQw6pP5TudnEtfGj35LT0qGsA43JJjjbCMmbM49aYkibE/tC4vpNK0oOWxIzHUW3vTT13+zPk7TNaiv7dKqd8o3KbckYYfRcznHKU7gdiwJLOuOkR1zxtGEWGBEg2oXq8T0TyYJdZrtrUhKEU2PvqooW25TM+bRLx32We5Oz8b+d4KMc6vDmvzwM9vNbueAp7N1ys9rw/xmgq4/fJ714lnJ3v7tPrYNETmShv05g73/fMNdC+GCcV7FYlSY4gz32ckjo9UQ59c2Tv9c7cskaV+IkS2V6Bj9Q5HwBXXTv3nuc6XxYQCka6LwUVHzOK74IO2cAU5YFZTTKSUSKQskevhEyzmDJkG83JuOPggPyXkzWxj8ZjzgW4fLBGqto6me7tBnjLy8oQQ4+2CQdRbn9l1QbSSqqdVowiI9v8F9FAi6OjAuyx50zlAo5pb4UX2RpdyaKG+JfRFY0pR9K9XLf58gvLIOFPyilfraJSvnVC3bpGjE3zFEpTxfufEpnovdcXixcApZQunyd9Lm249YAbfONrWMz0/ZFFG7YqLl/o8iIRdsOTnnHw/LXLPDdPogNYrdSfgRVHBRxExEqls7vKes0M7/uiha7nP17qOXGNGHd6z9ymXsVSn0EXkLj6eFvaqdQRJJKIJNwNlih1N2Y1ttZfbv1SGenaPpWz3Pe+NtYX5NqfLJ495jX9+c4MEzv9ZzBrPuNLLPqWe0srIpyP1TRMtnwaIJer6rFZspGlzY4Tsglv60LfNdeTAmE/zjy4jVia5e7XyTrkOSHb9OHA8IEqGV3n5aFER10muVigxVvszbyO4pnSPalLy83YQ/jLrM4jOI5hyGph8PtthjyUl2B0DRBgXtt9ECacVYApQ4zl/TOrK1cBAp8Mw+mqtOQ3po9uuDHa5bidoHvOI7y4/uuX0v/TBL+yse9dWvbfRPLC1jEqa8iz4J9nR7OuVD/+e+vXwRie47mo5HBc4GqIpiLO2+urALnGHQXVwe1aNXOoEv0voDPgwikhPLc/qu43eluUVEBLSpzeU65bjr4St+uQ9jzK/TO/bIIQ1tDv3qvrPdnzEyE7SnFcfZhkjZuvvfc/i/5a+BNWcOjs8WgEHa5wzxHx/tOZ2VpNX5vSPPWm8n5NyqqLAqa/Nrwrqspb83Saa4ewwkMdI83ZaCtBp2JC/eXwtJLdD6w+iku16NYDkxfltWISCiuatq4niEfuqih/zPfGvZUBjX82ahuNwAJcinOJy9Sc7gH/HhoVi60oW+wQ++kSK5A+Prd0keGfMKFVhaSNJqY9VfyLNEZTXWhx1maXyRHbsiLOx1yM3heQVJRAbrnSSV1IyRJfFkbiG16BvfjKnDcZ9mWwNApP3jzJJ1MVunzc6wvW89RYt3E2pp93AiKk6Pxi2yCOcMruK/ElzmEgKcv6OdxoPIn0tN/H1kPkyXtuaxt+KXCDTRGhWKsX/Xvb5i6re+Z3vw1/BDDzVTdpJBq2gxWGQwMvk+XTHUS4fs0Xc6+8lvfpw4Qe0ndzi2ubQ/HO0cn7Ab2ZvUGs02d62JsLg7BDZBKUx7kLV6Qb0ZZ7HyBwe6GQFwqY2+lhUxd/DdrKXE8HzZdEo1dnGFmlo4CN5dej1bI/FxCQ0EGkxCDDHyJ5oy0JpyJdEGlzTc9/1Qz+4CtRfDwB+HNaRFVmpTrQxvhcORx8dOscl0k/6Yol5ssZ+OREtzV2+OUZY7tE8VJ8SyvbR82iMNm3N4YIeiqhxYtSzVUH3gXKbEy0VDTExmYNi3vIObP+2tPkxigkDF37zRKRCCAfENj3xlIL3uRyM7i6htRHnyQGamMDxSv4Qw59UjyObIj1qqrKHI/Qg95BnKNHeKJqLghzGtt1urNugHy6Ytmy7OZzvkQIJ1kU3bzJRadidYRjdNVl2uXvLW0yXZnKxYe0zRckxG1dbAPxqgUHoS7cSoXNLtkwhr8nD9NBAPbK7pvyORNPkQOX5UoqHFpuncoJiL3MIfKYXJXMSBeZRYBkWLYNuHUFF9yCObSVW2a8qlDrzE2owq5XxXzeAXOXo3br+YoZkB/XnK8dxgEbletPnrsdMcILhYeOmL31qzOKs7MQzUdpK6d4cjsMEzplHhq0TdVUcAdGoWYjUY7KjgbW1fkgNgZ8pQVfJbTvFEDyGy8Hh3ktdBEs62fvtHEansh4Y/1WrdTOpp9VbxGGFtv0B+MVdNuyr5+8qk1tXYred8V3KLZdZOZ53/8bdEpb6ZqK3YdWsExVuXLudZ32pLgUEzCiLTXuQvV9Gm19ruNYf71jfnK84rtVUqDZM/fHantBYEFaQAj7+VGBmj6dKCWkVvk6KALEIaEJTxUwyQ+CwR1q8gjBs+HjHKCUIueMVtmllWMs4LRDvXxiM6EsdB9cSRUzddRz8xzFwRzKihNHi97/7lnc/Vk9Zl6/55VpsPnwM9c81QTDgxrc1qPBQoEGzw8/X7CLm4kSX6SqX9L5l5MAqcHy+0l8bZj1eAJZbzw6z1PagYBblXI0gCo2lw9Vizo2KZc8gqSWI4A1iNLy7Vq8lE91sHlmJjhOfpcpy/NJzDkqtivnQSs4eUzH3t5C1wVk8rhsnLGDAtXPPDSH3Bu92Q7sYe7uthB9blPs6WHD8WocH8Bk63vnZgBkubCiWV7jYeQIHj1VCaX8OnoxCvDyPhFUuduvO+w31zloiQpEMgyMF8v2qb3yZOo7HnVLDxnCFN4ZT8/qVNW3ZiVZTXLG+s9YPVh56M1pIiP8bPGcqekfbaw8cVFBBpPMfTG7c+P1VP8FOl+nGXIfykGljCiqj3iNfT+GKWW0w7ILUoWTt4jIiDnWvA66qAi7MvdRaes7A7eW8mPThQHvGqnMjXE+fJ/guDTLRPIBVAvDJF1m/eYT0sZ32tNM/JPN9eE/itXU38uSZvqcOzsuRW9kRbXfaHSVdTH+W5fQnE9WX/E44SNVWl/NxBKbj2HEt/IhZMZy5uTmOQ+UZw8QkwHBs5cOr8tJtHRb1wPLheHH534AltlFx25/6rvfD1aWiALD76+Xivl1/nb3ki/6tux668w61vfx2fUw37UOXy0vAf5RpoSEmR+iAcL33oFcYEEhH+qu8e/cSN6nw75GGK2GwH6IjZpaoMbOtfr/siPvCJgiJwMg04MPKTB+jkQbAS/UgXiHXu2CKGzHY4Mjul/TUvFWlM4maRiXmzyudjrVwwPrOrRZJHN/kPLpTHnTzz+2xAfaEgWitZzGc2tTQo7AeBhKMwc437xrfTNrgOtzPfYB8Gcb8MreVX4lx3rhdq3ySWDMZrZuUggdk8GVKoU6SIiIh0wY2OkVeuclyXUlKFQHP66B0r7+S2+St4jpe6ocubDmtAECyE/LPEs1Y/atsgj+dL1Y91jQeuLXRTqnLflwluRlUHcbJ0CSz1zXTbC3eUdtu2m1y4aYVptwqhwbaOCrTkybXVHwRhj/NAbMrZMsx2PMeG7cBY+dAtVomQ2sJ3IyfWmutmYQvBo8eaivtba6yGzzH/MaoVwB9eo3mjI+D+9vaJnMyWLSuNnRWUOMCXs6uUR5du7+RXWf/wJXBbsxbQNXOhJWjNw80MyE5PROkd1QQilo4Ih6VQKrKbkscZD1Mf6NSeXls4fu9UCplk1rTHL8lCdSubX1Q5PBxoFVJnAraKeiWHVvS/zah9rbWTVlqNCEBvMF8/S/quUzlmwnOzBMDjj6LigU5esSJgsJbHtBCLwYQ/h2K5uX9i0+yYDDmo0zR9HpRtDVAvxvjhld0Tlg3y+xynMLLdeuCH1jVHiVff4RYfGftoT4wJ0R6RTcM7aHAQc4DcJhi8Ln3XYO/Nz1flP63enDOkCC1u+/qkJJYoOqzk9q3E/x0cklCVjHdoWAPKsie/MqRifhlKydn4ftMQiYspe8Oxcc5QYrFFOsMZvHqZ6Rltd/yr41nLCZXgnRclXV1rkF/up5zpkEQ0giGcPD1pRgn3m2QZNnwumQrPH69HW4rcklbM7kv9KZTgXu13NwtlP1mk0Ad4sv5O0Pbnp5vdQhtOBqWo9UmrYeYFnFGlqszXYv/9a5hYaMEyTgTMxf6VWnNpcRxiWzZ31AxOYTc3AE5j6Ck6uYD9++9uxY8Mi9kJw3kEhdQHuZubJ7cjP2X1kTuyNIXxyqFdAkUlRmHoAgXVKzQWSEF6EnaeYJnwxoiYx6GMDT+i7AuJZolWLkNli+T4/85vkkoouK0YPJPrNXvH0d5KNleCvHQ/Be2k0wMzDcAkamV4MY1d6xIweCJkHW41qS47uCRl4d+x0sOV60/RwuzYx8523ImEGtnLP1H4ilGgs5uLvyOH2/qji+rW1R4HO5rydASXlanyYDh28xAshtOeUCggsiGm3l2DL3uo+f4zySArp9DDRfNMLt5PCgo7IXgeAM8hewpKDs6lfrWPmnTOEDcmLmV5DKSGIp0zLtQWAC3KJNkRMAVgM1mK6RcFX+rcAP6WsUF/wKWm02OWVvaZ3NEs1qimYWVYQlptyAS1TEb0pHZkwgEAfMXuw6xH/nojsx5H84KBjAKiZsDQ0wSVHcg3ogwglB3m8Cvpi15Pxb536DizU97Iom4O+hLCIi6DB9S39LoperlI5Mw7UeP28SwKlb30yLIuF6PEaQX5Q/nzC7RW/ljGB7mKNEIp4XWUlqTK09LmPk4RhLRkNXoj0jHcx+/QVH/2OWQxqHEQsAdLET9M8YuwfrDRFXV3bTKH7iHwqQxtXdjljsyJmFr6K3FnscjhKVREYc2ipu+Jli39U0yDwLPUz7y3iuydk4RxVSGwLlBx+MfKUlfwXM8zz5JIPmN/k59uTf3qztQxfpVhcrhF7TqGkfNrMkHiQHW1fOTJDpbNddI9OwwnMwjuM6ZeQH9PD6wrObYL7fq7c3HeJuQFqxIMSs3UoIX/FCVhr6MEP0S7XMBrVlmffOCuLMTSMwH8+m1rEe60hF1Ifn/s+LSs4JPuDPawrklPLZqNMCeA2q/ErUg0a/ktPDYV5F4jhaQDe2obVCKoHX4ULLcsoRmOBljEZNZPpczeHw7iARrsmKkbOtzJVR2XEVzcMgy5b7kFM+7AVcrZKxS+n+HC7efZDqxSGhVC0ukcnmjwO7yA5sUDtslCelkq6YdjnW3IqUnhnJaUv7p5AkKyWl0Mlj6YGUHzaI8QPeB2vlpMJIe7Lp6lwCqntp5bqfla+nkaZ1uvke119pSx8R3DWk0FbCpanpJTHGoPegpeoBSaNtXa3OamqhNHKkrFCpeq9Bg7I9hzhVFA6o78kOnJHRvjx4y5UX/aVZoDgQrJb0pfKxzFSpGakUvKc5VDFVr79KY1AyWq9O6OTCuLfp2de8LOtpxFiwbvjnppR3QPf32Ao02pVrZ9Mt59/87RFmRNlqj63qS9VP9ReHGUuDOHj2Didd03zhVKJsW92KW04YfqfNCWBhENAMEOt6gkntU93Lhg9oSq+3v2VEPpClSrDeWBj4kIC4jYmEIVef/k6WzNevjc8z2Lpfd+QbvZ4KF5v1Iet6pr8NMnZeFGSos91FznQdeRDqEpD528k/Ey2Y0myFOMya4BTTdqQlZOscp5P6LzgUWVYo4BfADIXGdWM2Di6b4gmq0ymwSGYjq2DdvFDwHJm2FJW1bG7x44Ej8ssjspa+Ce54LTj1cMgYKQRt10bzjO2mj88qNu8CY/Ie5prnUJak0t3HttnH2c4iTvbnLsFhlY//7g06kWtW3tTNsKBcu2AVXmzbKI59ivZbYDM7Wg5gp9llEJ1uZMXHV2tM5Iu4YN+i/7X94hRznRA52vaCnvf0sW7ruULezaou9mMYpwGZ080RlNgZJ1eIf7RHc17p8zrDITew3EzSXUcsVksZRPlTQP/lIlELUGdodFu5bLMosg8uNa75XlmVwH014QPtA4GC/AdiD9+bdW5GXU2IYj7o1Sh1uKjqH3CydICV+LB0uwawHgcwYS5uRMeNT7nOEWr05NDiPzfGctWon/G8qozGrNKmL1WXWmexwvR7N4kMAddkxUgxNEUskGKS3A1lZdRtlv0LPhzMlxCELHsUcYrx0bVMzRvpuqZzaXArjlDG83eKqOHtZ3broYvy8MsSr18eB6uo9DGsYb+ZuEz76KDeq/DWxPJe9DVU9XmwpYpJ5UBQaShkMN8zEU3ryEDI4dPP4v/Th2o/HqRBicu6rqVbgcbev6nAMJZGWM3ShWEBP+axhDJ5aZeIiPzMJloArSh3eHNSFazsVBocVzf63p2Oe4KBMcKvrvmZBfkpx3nvHaN0RLjQPwUiTN/jXerEeJ5gp+uA/zCBkHBf3SHcFKyqZFdadeq6tlKac83DFI1D/8fcLEqpBjQjcjRV0GQh5jezltcznJfp8gu4y+Plz+V+syr2O6kVaKGGSQW8mtegAx9PQnp92u53Co+RCGXhBKLTD1geMrxhc9PTUu1X5eGQ9r+iFX8fFL4OKvrzcxOLV6IQSXk6e3KFD00T3utduvN3kX6Lhac5e9g9FJ/+nmzIrXvc+XRTECxnhly4K0INH6V+S8pfQnKhcXj9MKay19TwanRByUQIySmjoSSll3RkWzA6DuhxKYAnfH5C6IJ/KwZDWAidZ+f7jTAy0jkAF+WVuAALWKWiN2x/HVs85LsLTWy44nChljh81v5IfD9ZuR5gdiE/W3fJ0sHZ4TWTsykSEzNd1LfqCrbSMYT3cIynCV605KDoXOxsxdXRmFE4aq+DaSmophiddDm6QThqtAcNwnBcPnRpGm/vTs9qvQUnmxT/+wZJlih2vVzKDiWB9EnsuUZqdqOe7edUIfGwevzaNAasjs4em6WaW1hxK/dI9XzEGOs59hcklSBoAwxxd+Z/eLBrsVPim3gtKs1ayjF7hcmqltIMvz+8XHXT2QpH2PtUWTF2j8vlx+kEmnEigEtgcCBBx39EWTu0Vh2m91nVlS3Br2n3VFd4XPyXuzmKUAANlSYfyKRDKc69pxK/eiJov7omuGT9BYinmTV3Pgx2kTz3lH3830wVemr5/Mp4Yr9PcmOHUfmJ7oNy54dUjW576qYFHbs4wAijkMQPFCUxbesAeRh5gsj19Coj9k1kMlyx5TlsYw+wmvfFgbb+bD8cozLbQUpnHPFZ6lRbcyyvWlZ2OSG7BH9KLtQg5P8/K0pVB95Dd9uwx/YRgFJgfH3khjnHoiv0TSEvsRRL4etA6b7gDtS8qA9lDFD0u1eeEZIH9MipjPIB67tA5eGb6kfbjZ6HzSaJ7EdpRFIay0a88C/s5oS2kjtvp3frbK0Wj5RvpmRYhRxDY2U3gbYNKHf6QaohYGGC783/4rGnZs5YbcGmoaQH6TBbQMqpByFVcM2xKGr04NBDGorN/DluX332ib3doOnCKP25gtlOP4on9tNOIYR3UnciXWOIhMMUVQOHhyF/msObTtdSh3wJy+boPKYr49tpkXW/xb01WPT2o/1tJKKuovxjs7Ngxt+R1FaV7VSdMDv273yP40+52BYb+g4n8dv+NXJat7/mr6A3lwKc7Or5/pvcfyd8Xv+w/+POMv/YeN4ada/u2DV0vl+e+3vmrJ1ukhXczcSomBDVuv7Wb9e5oUUw6onlbp7e6xouoyvRklnWF/tuMJn1x5qDV/S50tGk+QSpBFJbOp2VgWx58Vw40a3YtCvQw/OgLMjvkDqn287o/3HbV8Lv6ypqmwqlSHrCGGKux0bbauMDAI9Mz9f372kMHc/tE7rko0f/5xVYpxvEmrFcv9nHw4NuvWKFCsuvTaXLf772ESz/QSS60KR893GnahJUpouwUIz5FghBuwBMPh7rnYLk4Slo2pbz60akRN7PszXklE6HcqVcL7XF/ijUIlk14NTJFwRR6t4p0VbtItPjydl/+2L/izLZRMRXvEe3uHRiRVWoXPoXVardHBdnYgFSVQw/61zHbDgt4XDeDwOwvD8dclCXI2klKV41j3iaFsWT1Q0JyH/rA8BUZzbpxPtdO6N8SnwHHlcZDS29L0SMjXMu8NHM7MFWTJbQ5ixowktA3loYyHBqHSFQMju/rREFvBArYfzE0BfvKJFTmZwvoJSIt2eWLygDKPfggeZ0QnrwmE4b8kv7Iduz845Nfet9XwOPUbNMRsd4p3aT9XOT0UFTQrThgeQLH8OX65FORpkHzcnhRHbHl0hWqq3vEGHnrtY+2LkBk28g48pyB7/89RJtl8SNyKvkFTe0EEU+y7iXKan07DoqPyZgRx6oMZ9kkNMhPutwIRDtzBItfujCStMwVvtouHBfuEJTjaX3pg2PI99L0VfNp0TPFdyDyMvRHObgrB7CehvvHIJSaN9rBd6+Cr0FAkf3/4TxNFskFEbUW3sjIzOV/zvRKgHG1tZPZeWNtUvKDb3a1xCQcN8Vw5tZibMqV8ULcQ+mi1Hy0T+swWOcv0QeEZ55pUcPIwzgV+7ZzhWfflELJlW3Rr7TE5u5daCSgIXf6QZ9rcLisDfLqh1Yvzxsksbs7nH0BEPhCHPaXOlDhbsc8IfWr67MmY6jD3V26TXIR/tPhqWIVlO1sIYfx/F5NFFDce3Uw3lQrGojT7UBq7Qu7oObbAzZJWsv9nbsMkpHgpC1Ki2b7u73Jrx7wgHwgV704yiBWWvq8wLuNYsoGxHwnk1etjY2gB1pQ0G4+bLbyB4CHepdrX++bSR7DXThVEgmBwiYQjQMaXgeT6ceFLXzJjS4IEEQT7NnejWC/EnJjjjhtto3Uk0YnX0t0dIwxWEnQBC68POiP9RmtPJD+yWLz+obvgaep1wMhVyEXr+gS9xdLoEDqo3yhdktLqiLgxXud/baQjnumD4YUOj+IOQNB8E6d1ap25sdhUiqlxyopZ4dWsDeld+GHi0G0ftXiHko4HctahYvNNQmrwz1XD+jEvhkVJkZOvwzahEjvbt9O7YlhSNMiwD9ZKEw51zbcs1g68+EpI2Qi/5oGAD8NiJoIlb6q/gU/T3jqEJYoduNXKcCyUx6mzFmwuBSA+exwxq3lZC+X9ROTPZoJlKvuFFcBQdiOPyaahljL6B6rwmLFE83zB4trgvWblGbBXFgZRJAKNuvHs7Q68zB5JDLHniLZs52kVMkhfSs+LrKCwh/ZA2RNSxmDv3DKY2XoML8OVdk87vFSRkWK5E/QAvTRZSdIS+bD6sLT5Czkl12Qqdl2aWwMr39Vas6K+yXntSq32+6NrTQ75uZJBZNia9eRz6aRnMPeckXZAhhoUSHANtBsM5iSkmF3h/QhDPogrlLQ8MfUvxcNL8TKrUvCFq20JrX+OY00aIB5TGcSs6jlf5Cte0Pv+CzSvans2f6fmpZpoeQvjvq3no8Z+K7I1jE9z2G5jnIqPKn+JrDqnr1pNcdKeSpaVkYmyJr7L1qbsmDUuIzKPLIDXuFFCOyG4gFUpn+Hi+jbwPTC+1zQ2cFK2p5KjjROcMJ4AE8tsLNJtzyjZjYCnOLSGZIZKXCjHvrmcpzajliI83enPtW7DAl2RxAcYV4Lied3PGTZI0YBCmF0Gzx543DXCPebA5l1NmcV3ozu37dexHiks18OaefWL7YBMcvq0CLICxBzTytt9SWNxp/rthRqOgivhgdQqRsQGVg1SAMvx7DSp6j5OX4zcza4xGhS0NwUe3dhqUQls95+PySz9y7SxyqBgH8o+mSmWgyrlkVmS7eo0FnVqF97k8gB5DuRdIWq+k2PJ4fbteYAQL3PYwisjq6xsXEPG3Ehisx7eK7NpxvxlWldqf6iF0E9fcQevzm1xYn1vJ/g2q3zVydM3XC31QWRlC8IFlqR3wQdmgUt2Ly4GL7g94yUA1PJOLxzxl5BQBiTqCru2o4doTQnJ6GcAPCPDq+pK1E5sFzfu2i8Qimzht47/QYFRvh4aZqq93gvGeg3k0fxDPMabPkIHfo9eqM/K7Nzt1V+fOEWcxu0GnHo7Teiw3KXdhDHD5zlHm+Jhp/7hfVqXZCF0R2wxl/iN5qow6TjjFOPmZT3UgZusECArq2JnWExfT7JNZ8HswS2bqBJt0JBTDWy6MvkrGceBHpvMHZfp0/fKPC4dv4oRGbvT3Oy7c5OBBZrRg7tmqf5JNmdUVHYvBDNksWLtZeIv0YBBYBpQsgJGg2IGk47t6cQor8CM5alQpCjCQ9uiyYcZ4aoucmXjwa2UUemBhLSM5TRGzLis4wE4W3rG/jG6VO9dfGnzdad4EGY9vZINmJ0XX1bqrWtC8heYj8uc7bx9vC2sJdwW8jHnAqpZ8l3M7fbG7xVN9j3bUmicSKEdjzS2IAPqZ/duGeN4on7RA9RXocICpbBd6Ut1aPKsTKqjbA5Z3iGdwqIhkSxMyfoPMRBvYViKg7E4dTyj4Oqn4m2FnphqW1i2h2KAMt20rKppqHOrhpXbebkGDbmfXEJyCcxb6Gu4e9Ww4lBjXumNz2GNjn57VmJtrz2Z0lUJBnK/Hb56lPbAEMXBF2+5ibaaIEdf0HpJgaJT1xSbCj/4zsHAGndH0qpe+eEELu4G9byzyn3Z4WLSIU2uBLlAhaXfE0TzocpN0iSPp1i2YKPundnAri9Hr0Kl9GWGy7at7inlNPpkNtxuQDU1+cDvrOaw4UsSjk8gEaatPimfPYMfN6mpv89X21m60lXGmW0iFZO8T+1u4a5f+SvV5NjTVkTBwSvv/letN4D/0Z53BjWhrWtnu1VUigKKBhCkRkpgQ+h1i7SEmtAJZSMdBaSDNJUi0gMhEKqUQChBpYQiZYMIAQQEQgsQhABSld7L5/5+nHN/nPPj3Jlvvjt39vtrzXrL86xZs9553lmcgsidSj6wO2iIrOePUxG2zV6HaeliZNmTvLD8RBz4DTmsKf1PG7iM8VP2IPNZvmgVTnAZQlo/OE0YTRvHGjlB3fUrYuqynnTBgffie7HfgKIZCXJ1Xy3JtTvdllgcwto7plc7XTC3pP8hLL7CbtFKqfxSCkQAuAVRwvzmg7aRnt4waNdPdWu9fhOZslKDMiWQUEJMPcbLYPbX14WEwIRG9BYv7/xDhbdXRBHfKVNypKVCrexjMJ9gsGH6TXULlVB1a3trJU7HXFZC+zlg3yh8hY1v1TaSyuE6hs6y2ax80LDLlC/QRX25bkdacf+EHxuUmdTRkuSbh0Hgu7SMz72PA9z65h3x9PldZpduJtAXfWxaw2nrEXdexonl8Xz0nZOryLwZlQd5QONCYVE07Lc08bsC03EyAHOPGzuFOrss7oPwEZ3IJSkYhKF+InCOT2AXDOODYlGlWpFbMPlttsX2L2eMftFlC9UuOFYRN0edB9KI3MlOdStyYlqwseNYPPfEiyxMR1Y14OL6pyRG54+JFRJqj5C11y5Ba3pKugNjspf6kMaUz3GXi7B+6RZALnq5295fN+xddYilrRdKLIp6xifLs8S82YbBKJw+nvRFY1fWHvRSCRjnjfKvIPxS7k93xUp4xV3YUYzsFZcYwu/rDVKrbJnHDOCzpVL2fFQK+d0lYH4RUUODLYIubAzL1/vrHkMKsqEZ/HLzZjb89+M3E5Z3UpxsCpTYnvL3IHpvLV0uobYwnHIXDXHgBetM3vwes2WL189TvhzZCQVWxPRdhELmkUn46lGVNEJbEgN7m1uvXmrVs4mPYiZCJiXUoLQ99uTa0ovOY313VNrkPyY4bNCDH34tqDOcK9ZHwfC+zI9Qff4VmMNKpqtQr6uq/aZQuRUB57cXxm055Z4mvNHQK5yJsXTzzpRF+vupueX6XQyUzjSHCwhkp4+I5XsgOEytnmfUl9VJUSnknWqczyTeMuUehOeaG6KI1QM/0gA0K9I0F9ew6uW9y+7wb6aof2XuTtFs36+5D4k5+ac0tm7dlNB1OQfQhQS5nhYWSfWCDB1b1dO03OHYDC/OlA6MpFOKpLvwT8G0hwX+QYrLU2IK6qOZk+9+/ezEl22gbpztS8LpGHurTszyBx6sS9O/7+TIVqm1rDOwpPX5w7sClkYkfRqVs+KKzgEfsCD5ybGBOzfHYu4GDHOIm4si634vfBC7cIeKkvcq/a7uBhst4HN3qMHB+DS3VtpYGuh5xBPEOAJfVvN+JB9o/bIYny0nrRC8xZjutcxh8Fsa8LZTKKvkKo/oh+/kzeqJV52qjHseyX3vCc+mSDtFRvOfXjOOs1p3aacdCdaxOEcgBioOncl8iQz1O9Vrp4rFrt/zWdHE5WXjQD/jKo8ur1Q4lodcIgzF0ES/knqBf9Lkokf0ga4UZdvanczoybSjOjVoKUTfT5kFscJWIOtg187Hj7UTiOC2167ljjxO1SII6xf//kh6EBoNd4BayyCsfEmft4c6oZm9eeBpNXeZjax93aPaPztTHhNiT8eK3V5rlWo7evPoFn5ovIhjC71U1yckisLAa0hHpM0X1wLvA63cjVsmnhLrp8E1+GZNgz86IoI3F4rYZXFiFAXxqxMDrGKyF1G3Rnk7LT/36YtSeS0HBN06r4MoargNzw4HDy5pv55111eLcDevdKbwOBQHng8OFhMAJXTCDCR3gV8twGiqJ8v1qJvx9eiEzTefzjZngwL5zwE+x5CD+LwfOTdKWKx0N/rKRhk97FqZvjb1pJzAjN4O8vuu1dfktgsQCqB2WtnYLSWsD/ev0f1KUh9hB2F1T1YmRsMyXgAXczdd1In7Qp/w7wgLuTCxNrF9bnqZtI0m1pn1Xw3PATHvT1cig2ZVU1abdHC4epzMCJuQTKoKtCcb0kVVCb9gpW3JqWQd4K62Jr/AVXKruPAg3tt3X8CpsNtD1FuC5FVCYPvetAqrjLPvPItT8GEOH7ZYyqZG2PzQAvUO8RBa9tZ+7FvaBWp72/5qlBvkRKs078AJWTs5MzQkerY1dpgGmhaUyVBR3dVsZwpH+ujevG0o702C10Ix64Fd2EeXVVUDsXFhqEek+pjB3PzM6MxugP9XdSsGrzy6V/MGtR6LRR9c+8M7LdOAyryzSg7qhVJ+pdd4RWlYoDdfd7zXB9O6rDfln1er5WIqfD/d+35rqp+NXllcjwZ6KTb17Q57eRdxbpZ3a2b36P6Hlpk7Lpp1qrespBUDPzUSYkWRXQjHpqlAnSRNv3TyVnxylFAXEsqM0a5jM0lU5ze4Iv0AHwKyjuJRjyLJEe41P5adVLo9pXVA77HH4S7CfnHzz7rjseUfm3Wty9M35NBy9mRLzdTHhBL/sWfhBa5J9bQz0RntRUbcm3fZmCD8By3k7OuFwBCw7Yr0i5NCvuMClpkInERc5OqTubXlRPXhcE9bKI2+M0zR/3T85jkgSUVkzYN3Pcv0UpEfX1iWxNjM5lJRtzviqkDEVNDiw8yvHxLo5J6GOV5oZTzCZSlTc6AJEWEc47zSb+JJ6DRmNqOUFT6xIRWkjaJs0/wLT1pFQ9kYXaJvl43Cx1PBtZ0cVd2wlumPtnJ1CI6v3zeP/oihHgELbH5MblFVTg+Y0bmCBw/LrMHUqrN466FUUI8RcSc1Rf82Ir47p7hqzVT38LaK2rvNki526bPcEZzrp1T9GkvfvOSTKv5medejIlc+ZTx0uy1Xd8M5nn5GRBHk0sT5K36w3SSjYFVwARiu7Wu/e2iGtWku3wX+qDSeMJrxG8tWKoVJY7EZrZxgr8lihYdvMLv5tgoDQxuGRzab5uq0IGQ53A7Zq4S2jlB+zIJSeKugY7FEDfUACUS04T+3Vlg5YjB7SYZu3C99TlE2tr1R5wD98d42fznmuZX2WWpbPX7flXzi7aeLq56TgJLXlpJznevfBUHj0FRBFTi1xtjhbVJZfESo07ZZpDFP0GKKDoFFu6Wdl+eZksBWblL77gNGuSKeFbTmFH/eqP626fVZNOr0o5w0q/H9OtWbRm+XbCR26MfoTaR2EtaD83Xw8CP51XYDjEYuTTUhQX7Mne3ZGJGJsFPwTeJekzdQitoB/DY0FXJ4FP3kB5vNCH8giBNRk7j5AN93lYBK8SHFj3uqkh92f0y5lx4JslJQe1Jy034JkjCp92Qn4xyQznv9q1Zc1vVXwSxzRdYlRkI+KxpCecyx+iXO6uht5U8R3XdiPZhA1sSDWsJKX+qQPJMuzY+5uKRwM2ZFDUGc4oV0Pg1rAjLvXR6leFIEbK9VrYAIeyu2smEJwrxMQlzPlKdFcgQVIbs+JzPPq3LpyeTUjyERWUOB2FEHTrHU8kIKdb2V8fjsJClVJEGFXXqUEpmjGR0z8C54+HIt1B9eVS2uU+iFFk/vEsgd4ux/H6jhe9Q5vEs5glychwkySUHB7XLJb/hJvd43CmDogn5tIsoZi93l/OE0Ke4aMM23oT4t8CyugyHWaUD/u5fKK9N2WYmkaJp5/kloMyI4tvdLmeJG1LuMjpbKiDeaUyHyeTPJX49jsZzybvyHu5pFJmAKBXpL0xLOUVQAz7TRf0bWxDlUWQhw/2kNfjg3EyVCmrParR+sLDu53A03fxa52c0n5pDQ++DeRmgsHMUtebtFWqmjwbNaRvWSqCxc53VmFo/6is3RfJhgSJJywf0Ns1ogp6rJ6CCo08w6uFhydX4Y6bN/PcHvACpFXB+KHREi7Wb4laXxHFDFMhyKM/060Sn6pyekeFJ1Ur1xP8NBfXB0cKKvZbZWmX+CBVTei4b1rZDLVd92CORT8paarzL/RtKXdfvQNzdsK0tHh+l/N1KWzmoiKJ5xyw+G2WpBQ9Q75D/4sxCikTHxMXEeEuNyHooHhOG7fkM9ymxfKpQRZZ3ltfe/rNFhKRMyc8YOuDdxBOg8/+NJZKDkSGOKB0dFAYmg8HLZdF042KD8EilbBlWraW0BUa27kOsVUPrMPswaQ2M30xBWbtaKxvdOXCkUWMiKJsxbTFXaZjcB40Deo9hNpCXWcwMV+Pn5EQ0qLMkOMgyECzhFitCd3AIyRH/x3JspOQf0bqiu3BCnu9EU5Bpd/HT/6USNfcUpRIEePrEZox69L6AN6anLpR9UaXso1Tj32mXFpNQqbygwQaaczf6UJUC80J1cai423MbN45Wl3lMr3h4gMCrnhODw0tapjcE/TQkUAA0rcX/k19pn4miT4BlZrt3qwTgN+zmh0cAtPhkd0P7X1l/ubr7txOQ8piYUT9T2E3awxuZpZ1kMmZodLKTD7yphKCbn51TRCpu77orFOf452kXGTrU8ST+fEoZcV7MVHEeHynl7Nz2om3Gz5GyHknCCOwfsvlFba6r/wTOKca+PYkmpyWWIb0AlowITW0ufFRL2Q0c0lltiy3SXaQftMvJ1j3SG9A3oUlQGORKrP956/yzuElWonsv1wCm9zMTS2CKGYtGBIUc8fb86FZW8tHKUpD9IMBhMEI51UXeLpJvL1D3MB0uiq8L7EcZqBRvILoG0AopSudqucGbua/kxnuz7RVuMr34r5OuJo2sa653j5eKVw8XhsxFwP7YpeWiRYfqVN8Wwq3U3o9OGRBP4neNLdcRa8nt/zn37uZYPnF1o/jO3MiPCdxyihWvMwflB54AVD0vrUwap8KDY5nblQw6TwGNyedongY7ma4h7QlYDBe6Llg/SKRSf/cRhxIkAxRUx3JsIrjIpaBAwmn7EkvdSW80GwSgkLRIOB847h8WurNurSwumBg6+W8PrqGAUX0WSXDWiiIW7QP89ruvvBGXdkLKu+7cTn86NrGoruyTJU7rbzgFqRlqqhUuy5XJLDKicif6g3RA6kM9m6sdp1QflpowEJDojSh2lV6LmnyfhgMxEGEYgX0NWJRcLuRvH7ij95kX3uF2zqFOu6s7OMFOpXvJqhSipztdTC9YQupDNpm1GBUkbvOJfvjmppX1fW8/mCZHLWi8zOGH2iqlxqt+J/MmQ6MVccq1nEyd2S6/Oa4xm9P6Ux17MqWC21OvC0R154ca7DcZ6pRbLMIP4LdUatJj4FU5v18qYJT2uofr+9zs1ZvP132LVQBzt04jhKE+xj2JtPBNN1hu15m8FT8uGHyEDurFZKfyD1v6aJ/bPrFxrQYK22YGm8neaF5oTR9VRs/RhEE6BaVdsBDIuOjpOqW/gzpNe7hd545oSFUgbucC+hA5Isnu5xWtmwpXrge0z6JzEvuDLUNOZPjXtgYshnwdA8TdKH5r3Fcpbr3x/CmrTaCD4f/4wd2D1Wsp0QVhUwSrAuFvFhZdax5Yt4mFwESq5qJW6xpr4csWTKeqt77GWnu/mosfFBh7M6rc7RBk9YvMKbLRW/LK6az+9YkNMwPN+aTCYo2phfH8yadh1Gd3wtCzht7ovKRZse6ORzPgGjDYpaZXLa5L30xwtWpmTfHNkTTEU4TgyZTFSbnhPYeb3iRS0A4WLEoTYWxDiL+HcJsU8+uHu9mRRSWTetlxZTMlnyXH7HLAlCaZjZxpwjnw8aEx7mnskn2JROzbIkZCa5983ceBgWClfj64+SGhYc5V5PSCzrB3awKXKiVUiuGf6H2nlldnrSgcYCj2zLhyhxzQYKBDYOf2NJHl4RGSBll8ovW4NIimfN0KS7rDsTYRQ+lQvc7rFNcF8318dYHVD8S+y6wyOO72Ecm/vnV14RttTN/ECvdEtoZO+dREcqOIw0ftHal5T2pGWidvmq/bRJEOQTpUh+SqClPMsD1qgQn6VNp5q+QXt3b018/LbC2h55jejudtxj/XX8JKGE9YeFwMNXyNjlXxJ+uRvNYdY7BHZ3ig4wLljIixEoJLMMRsWpCYLTSMXFNtqZfsik1ZDZNdOL9QHCtKMTUrNKqKHfgwK4WRekW2NimW1J/kO1kGq2k0n2iuOb3GZHmVpq1DhPoKYke/hZgK6yZojsmDKvTwlJj5OYGVl8V4Mp/vTsQJTh2Lf3Zp6HLbROFNZYKknaFhMs+6umg7ZAgLhXeEDZm1OlH8LoPvk31r9cYZjdKG/g7dUZqRxSqHC9HNKbRWtkrsgFBl3Fe68tk7KzLexUtrsZgErWNqZitx31CQDS61gaO9OY204EIjyy/0kpFwQu3QOYCbi+jrSekMei7I5wx9vTMfOG72iPXmfJjsIspvfw93vnONT2mZz6xu1Yah52RhgUlxUbe1Ym6oCvvCmjrX+XcEDhRQ13d6fY7utOZG/LL0zif7z08Ewo0KEs7JhXTkD4QCWGhGEE1DXcddUV6/wgKK+VmmNkMzG5ppvDhlI0pANmJ1Mn4M4d/yU0xc/51ik8GalobVJhHvz+5jr+WJKRVhs1qoBHJ/2Hukdkmy1pZioGogbynk8nCnA1p/st9ILSQV1JdK/7+FTj2JBpd9IhcAzg9h0MD6k6IVmnBMp/zlAhvTf/PoDJ/267WvqJ7hN3A3tMbqPr4Qk3y1NyaS4gGQzufUVIDuph5/yYkr/FMhClRH1rkdMXy5Pm4Q14Fnc4JLEuybmK2JVYUQKFL8f4o9NrzCplJPrcY55bUjodXw1N0EeSzjDQJ94Px6XSulTzUSjyi+GnPJBuniFc3+FcB3Xer4D/Prk+X9G+Ndexo5acBR+A00QdN4gDVcKy/05dPfhLPEbEbza1pjg76DJ8YjnAXqCAPWrBXog1VPmU1dV2jIAEKdVsT9XpCqrmabJq7ByePCnrw/KNVJ5aNBye5cgYcQ7dadAXkgbm5bYr9qDVEW5iqFm2y/OhGPNVY/35iaakAXgb0U1wSxuU8HZ7kILeeb9937ByiADAADX/+wAd7lyKOtUsygV9HasazoaJ1cU6l4KxZNaBDVeOFkM9spjhpLejJvSAy0xTuFhWgljzyqTHmYP9yM9wwboycr2D4e3M5+lTDqdpjFcaj1JtqC2JRyUnzzceuAcfFl27u0mlydFLG/D8SSEaksJS/9rMQL4l4HXa6xVv/YeHOa5Htm2pW9uGwPYfna+f3i7L+Ws3ZmJbe1QGfQ9B0SI0xZDS5bDL9t29RkCkOeAf7hV+dkC3tmHCZ8DbhxrDJ8xtCZh9/JwJ8Bwbunff/E8B/zT/U8O67cNDiTPVJz/FUGtl/5xFtuP6rvhk4k4ZpRCDxkGPerNqD6KK55p+atqHvkU3Lzxk3iZ3PX8p0P6EdZ4I+OW5DkVYgCNg4jvVX0TsnkU742FojdtK7uEciGiIYaAy5n/2S39d+1ixJvWdZX0E7rWRsPaObyL+LHBT9X2y4/vaHDgWcDpw3OAWdIZ5HT1MGlX9tRD9WBg/+0sPnVUNav3HGB3YmHnaiqpgTpRwvoMCNx2lvi25JtpmUHDWARtz5ys18XNzOwGNYtrFBKigY7pWTNNWaHrxMnHMx5nzp6JI0dUjXPAgeqHOOAadxQqU6fiMGmIlABKgYg/p+Vi0BlB1AXHH+sy5wBW2vfZ0sLCRLn1ln0R8aBgvWZibsD+AUcv8BwwLouB5D48yBmHc5s5aW2QPmeJ+rEZ8K0cFb8SAW86N20S9ycH6haPVXDDPvVbzRU/ms4mwa17/VsG3BzHZwnq5t27u5d3aPLzSsEGV0W5BcJenPKqJGgkBp1onuGGacRDzxmaEpJ4piqeapa/7NVJ9d9fr82bfEI5OLA5B6x/86TOtYX8PqoxGs58Yuqd2KIxsXf5aaES8Eglv9+3Ud5eMos6Rg22Ltr4vNQYLGj+I/wDNdiz5mwm/JC7QAmjHa41W5RpqB5qv6fU/ERimNzLKbZlK86N/8iobPVu+AOp2BJ11jpl20U9m3ht9GLSKS3AS9pluNzwTunvkOSVQugDcK0Q85Sld+p8IJx5e/fKW4Tq2HHcwfHMpITkBoDQZEzROgdMYs8BsKWzuvyzaG70OcB5ryX1lFG1J7xay6+y2dnV2FLpmlMu/DuypWmLBsf/PHx3tyVrg5tRrD4LGiMZWuxg3XC/5+OIa/LjHbxldb5UMHuWRfa05CU40b4+Aj0LJFIm28qvURybGpi/xjdsrde/rPK4NbN3GYdkuKUZivemhGXXCDmsitfWkNVfSnsvar0XNivShJpOcXfOXYt4tipwDng08ZuLDdhFM5VlttxKRJpZpni0dcfXIW54YWJgSBTFfGWHpbZzEWV5K+Nm7FSwZppJrgPcDvZIgStYmIJEOKb2NNzuCF0yVY6Du+p31IGX9XBu7jpOrPS8lrrdUAj/LgqFSrdLjvHz/rNJhP0trHICTSuBGXkVDFSW4V/Gn0g14uTvHsQ+yMqAoV0tGeITHD+/471WwqSAgtVw1REa3fJZpRWaOt0YrAaItNin3YZTonhSisZSqaCmU0E31gMRmU7cPzkHDBz+nAnWZ1zPAYpi4vPU/tMeuGJD3lb8Ps1Zl0CUqxtmt1aIYuNXmG1XX3qHFRw6FLYjFkoVxWELUXn4lgtzLoQXlrWrZqEeiyjwUQ6sqFZDVpg+qEhdSvalDpJ4bx/n3M0fznkFEkPQscn0+oBjHdZ5Zax7wIgYxWrzGQmFIbJk2c0WCfKr66LpLquKZorT7pZDHwQZjGXi9KOHwXwXbbWqI4viDvhS0swH7xtTNNQeEo1uuK3+lEBMvMJwIajpCKuTY5SdVdLdwoJRRZXmMPMtF8ypJZhLveQGlumznQdxLeSsvjuFLYpZtJlVEs7FsOEQ0lOuNxtslFayl3Bzeack78W1EgDlhdKsTFe8Dgi5mVRp0EnJg6K/HsW92+4PaJ6WyQIz1nkuf6JmxpbKnLJYug5bl8Akcfl3OaM/v3bZSbbo1ME6JL3rGj/JsJhpgIECIGfwK665iSuMuLKRnpp9dhMWnGTFjqTd1oR+0EK+Xo+RYkwuVaPOdVtzZgb4WkR9bZUy+MpSg+bD21J66+p1DTU7XKr7tSA3ge8C5SmkIYdEpETio/6tMF3q6Pom3POa3mtPSsCtKIU4rVcwlIpSB1TuCa7AN8tIURLKK4rZ9TmIlZRibR8+B8Qsp5+ZPDyixR/f3dxYSE8GXJ74f9SW6YLzPfMT9IsyyVABVrzoHpZYwMv2GS7I7S2y3tQb67pI1lH7EojQbUCh9u58B45xjGCGIkf11FM6ze7iuOdcuTG7trCR1VqnSgzCf7L1HCD+6fC6+Y67p+FoF1JLSNF9Jnz7TPyT++/GM7216+uR5wAN55MXh/7Nze/ylirOAcmBec6NrZ+SfoQZ0K0NWBy8P/3R/eT5vwtWGfALj+OmniRVKzvPde23ClT9YhQuNlZHZD29lbdFt0DZ22sPL6g++/1YeeRMNDx4S+Xzbt5fCRjSJb2TDzbUcYMd03ASd/rjycmrZ7EDh7+u7Zv9hUk6hoyG/ZWAvHdLdms9ONhOddDiHHAvzPqt5xPQkYjq/PXqadu/IPn+NcuIsRyCbJqa5Lh/TQ2xqi1Ll0h5f8JfFB+VNzxterr1F9e8YWWn/7sCkci3BwUP3zZSXrtX+nTCxArBi8p9YHJZZ/KMcW9l5JNTgV9gUoJqsjJVCD1hWEx80uU0oLdEj9/z07Nczt8yQgQHltnNQ7nuzCoX5VXNBQ3sgvaVn5wD2lDbEf3hpaoNk85nDEnZQuOMXokfRjq281YMvvtP/JQqfN/oss8BiHAf4sAJkFvO6B3Tb9RK0H/dekCp7QidqGCPgzatvGJhRKToBcbeI7q6p7r3owTVC+HY70rbEmwAXQfZckxXlKwxu+MV68vjflAoMwE+wwc/GmBKmsnRMmr1IbaeXP2JcOMvhID/sqO0opBznFN7Dviqfdie8dwreld082pH80hHmk26woIbg7EROxJeaDSJ4NDf5rNM8kY7OdcqN0fy/vFLyD3Ahf9QEv9t/zPt6jmABLJpntH+cSVcTuml3+r0TuLGq+1o8vPZ/saNeNOtq2NvA4YU27n7r9/LebYfytfEczJbe49zuV0C+W8SfUqufPL8R/DXf1bgQPzSn813q+kfwRH/rOCuTafw9G+4v+H+hvsb7n8tHAAgT/z/1+uvn0/8H1BLBwjF+aiPSF4AANxuAABQSwMEFAAICAgAvKFpVgAAAAAAAAAAAAAAAEYAAAByZXNvdXJjZXMvcGFnZUBhYjQ5ZWJlYWQ2YzI0YTFiYzkxMDM2NTIyZjUzY2E4Zi0xNjc4MzczMDM3LjM2NTUwOC5qcGVn5LpnWFRBtyba5BwlZwSEbgQFJCcBSY2kBsmgKIiEJjdRsigosekmZ2iC0CSbpsmCZCRIpslJJCtRidfvO9+ZOXOeuc+9c2funR+39vtn16patXbtWmu/q2rfzNwsA+jBWrpaAAICAIDg7wW4mQNoAIgICf+Bv4X4L0jISUiIiUkoychIyakpqampKKmoaGgZ6WloGWipqOhZ6BluMTEzM1PTsbKxMLExMjEz/UMJAdHfPsQkFCQkFEw0VDRM/8Pl5jOAgZxAnoiPiOA2gJCBgIiB4KYLwP3XSEIiAoJ/GPyvQkRGTEJKTkhA8VesTw8g+Gs2IREJMRkJKSEFCYCAkIgYQMJAyshPdovptgS5mrEJnFnSPllA6oGXd0QtBYs6JJJV8Hlh3TcfGJuQrJxGAaa+Qz7qU+evv+rYCAj+m6H+ln/o+yu5z/DXDgICUmJSApJ/NSBgIOQnYpRQM/5pn1zw7dbtiNqOlV/EkuoQLybBGzyAmuhvDwYiBoAq4Lp8DPlbBwD3JGsZDR2rp9uhorZ4azLd7GMcha6xsynpJEoQ4cc4yc2j6JOUdfko50aB4PePU+21/B69M+ryS7LxmmZiRAhSw3WXAcrHjGO16AaRtKzXzqd/Hg9HCWFautKHyThhlOxgeEFSvhoxQ0fZHmtFyDXlS2thLdwXSGrEbYFyWF1xGUrDW5edkphhn+89NR6CoDRTqnhjIUT4OPUF8mfSToRiu1+Ii6e3iKoz2AgI/tD1adFEecIfnlQvi3OnUHmT+I4srzPSyozLuosCzfpiKO5CTY0EqoAUFDmnjtr5beZIiPyNIo7UBdDqqmzHNiYv6IE09tD3qDGQGo0o9sPLgM33FOXg3givD76JS9FCGW4eJiFTXFQG62Uo3b41/oeRyl0MasngHs0BgTTWZ3dMQNnjuoF9HZ9tNFwEhRxVCgRRD3k1MJeidyLAkAhwpMPvqdNmeLE0e8ta8CA5+2+Hic/RALU+lTdGoWOIfAgyHrRJS/XLMgWYfqDn+Ym7wYbCZJACBHyoGrAHTiBrFLwok/znc/6vgOkNAPMUE10xe/7tlcduRlO1+dM8Uz2W9PrlAZxSMvKFKoyCbaAm5CEg5f2he+L1uPhH7RZwRvVVdj33Oy0tKAS18LwXjuxIgBPmPA0sLvicfRSZ2Bl1LgSedNY3cZk6d5kuu+tj1Wi57/UNJIg1MNpxBaA0/vAaGps8PUh+MAQPwQdlPxK5K66x7YxSyH8TaarOSIn8rATQJw0RjU6bfCWzdRZ4i1NDwY4E+aHTQyQYZ7tY6o9l0xE95KcRlTvyDye63fzqoMTUL/ehkUYslY4V+EmkpCQd3zVpJPgSEqmlCwiVZmokFKX0jFsbDZV+4ppb3jPub4HFPGx0Eb0smbiQydLQtS7I97SxtIK//QYnNStI+dxPWqmJQicchUmo5igOXXZdw0xftRWqT3kMRy87zXrcV2cGjcMcZPmLqxVZNyBJGFGXmmKgBl/cOr1sSrUnevh0XbnW2r+CHBJ5a6vxEZ3IpQEZ2YrVgp5/yPfr52EK/ll/Yi93konpyeXJlp5iFsSmzv5Rs7Xo8V34qEpiS18bljpvAV401nh2A4hZzg59mLdhYuLbYP3PBqWB7el5w42g/1JRPbrN5MkCDyOyiSfgW+ficEc3U5p9HPE06apbmc+XRPKGQF2VmCqtK1yCpiUwguWujs5g7XIhYWYkOKqjiXdWwHjLAGFxL+GRswLyxKKo3R6DNyHGzJnfeQqbdZAr4j9GCYvntBm9rv8UegOYVlSeK/MfRKA17WvUYkG/2Cs6i9iGmjlczGKGlMjn52ovYtcFve8bzE837FiWYbrzzK3bRtrwBXbP/OnPonHaGnseavPRUCMBvnC1MwazsVwjnO5O/Wq3Q+OskC243rFOf9KZuzXViX67uCexT078Qclanp2adHNU6Xl9+ffeFD/cNmdIk1ZWo81ivZtDgYkNvIjjVjO8GjcAhyOSc1rybM4zgBR/YxwXQPQ0qkPyxPzJgwdXFK5594wtYn30rFY/Y2P050zxF7ddDRsSfoT5+wzMrBBdNlZim7QnZ3IUW537ICeintUy3I8+QdXsU1cHb31I5nRWI3jYEl2tiABHJgLXeAb8SzMtr2ziTb9nYRrLR5ecZVFqr76CJeIL9po/d/RI2dLcLRUY03Lo3UrNcHnu3o+YJ03a9ii4/crIgNzfI81//1K0CgUClW2jUBkcZ/ojOGd5jrqJySZfWE2XoC4FzDXBOKmOMfvNva8hokmaWWWZ3tMeWC392TTLyJHZx59NDLQcj/gdoXpWdWCjb87sw+Rg7IZFtQakpdFN4G6paMXBz19OV3edEJutElLjW7tF1eKumuoTWbkTyQfPn1/wcCjYRpYVLFvpWSt9Lq8hREhi4HXahOhWkd1pTDfKn22/K7cMzU6t46uw5g7lhKPCCWPk+wEvsRNV6W5nd/YX/IJ53yEPHiO/fwh5V/ai0nAnDVPxeM7dB2VlZ/US6KPZ/Mxd3iZ0hkIHlrQf/Cb8vKVImCcN5RfEY7iVpwZjSd8qQWbJEMs1RAsYaoeOu0S+KMdop85VKQoiedbymR0t2ChUGqstIAiOq4df4G6sd6zUrKu0YOQ6J4L54aIDU+KZMDo1qyD/V+NTaTmJHp90s2g8mPLqSkHzJZPsQ737aQimRE+QlQGAeSfTKLA7LejdCq8Y9zPfppIOOhCY48IRuNe82vyQbvJMSTV/mKpZCYfmSa2FWU3e07f+Btqz/0SW+/runLFYL69t/wlOyG9e3YipM6uzxvi7JZuRftBHpPGmSuF2q23g5PlbmRzb76zPx91CZE5v7weU9Wem0RdGmo56yswsZiPiS9nuNLtXWjRllAdpc9uqTmhru6a+kDm3yuwKjG/53tGk+NHaBbApgEuSZ+9gdnhYaw2FfB+I9vjA+HiTqC7XHlHgUUlNcjcCyeWVYjnxxH8UrVp9fB0Rk4vaRmzHW9wAthzQMZXaz4ECJ2Jvk3I+B09Urp8/exILNmWahuzacxtFB7W/2lJY079Kv/3o+QOt7yF5orjCtfeODqG1JJjocL/TPjlKNNMJjPdi7r6aywW3c4YAtk/j9lSWU7S5gwDX2UWz3MVcQ1gU8w/QEx6vTxZNRQQ/4Hat20DH5Gchj3WoEXJrFbPe6uEPhYAPydxfF8NF2f14KjgfZTi3uTwalgn8xMBGiv39fYOXcpSEvTNTDjiSTpAHPm4VQRyhtncmb4v7zdR4OKdx+08zSNMU1ayyDEx6gJlzdSBwQC+JnMruOievsdWkzKDL5uLmrG3mIPyOihELnqt+gA6AKYbqJLEJ8MLAbGvvj7lBdPd8h1p9SviOp3UUbx8Opum50sybePsCL4KTUlmBD+G6Gh3OrxiSz3ROqo2mGO9One4P294iVXA3eMBm83lMY8CNUZ3yFzxJV25YvhIP/Mdn+n8WUR250+j5B/cawtSbEmEYvbYfZTL9Xnr0swfNHGCNAeuyV4HZFhrx1c8JLPWogMQlaA/oyKsFovG8l4pf4zVX70hX7h4+m80XpyqALMCiMHeBAvXxW8ZLkfc9KdgqLmx+iJJBfNc/sKCwUn71beqIwVkSEBfqlRG/joVStGAkXUGVv6kvlZprgIIKT+H416eFW0L8gxqyzOjjOgyWE4xgMvR8U+zdOh93fqRmdQNwykW2/hh5kZA5J03k/snrp0H/ngociR2vxu0A+c7t64ve44Lel9NXvmoWMB4cT4KKB/zZeUfRCEay14BngRCWfCblvfA2OemJcACAmmCf+UJt1VrYYN/K+olas/64cb7Nrr9/PXTpqXZSmrs/lUlFiHMCzpnUwCwKL4bmvIU31gUZkFUdK9etuYxXSvtOQGCPkGVNWXG4yl6rpCpITjw/BRtXkNOaJdp50JUj4ckfXIz+qqlZgfJdJ+8ZZ3cxDK8fY2m26o50Xf70EuMTKoFRkVumjtvrmwZBFb4TrKJuW2ZUC9i7Hphnmt6QglZuD+4ELN60JvpdHQuBDtBsVVJ0VFwmzahYxFHw2ftv/XUK0YxTXIY4J9IGRni+m8IiadXpmygJhk3L1cLOS9HgaR2DLtno8u/zng+4dAQlUyM6ALnbMSR8mbX1QnWmGR/8mAL1wSb8NIPvzwm9KfjFC5xI+PI8jTtUcq9r95R2o+sanvN316H3gMG66jVaJj/lBB2CY8tD+9IOw77znqG7xqVY0DeA5unigdTtTNpB80A7ISpyvVgIuV4g5UK4Vw+A05uuR9EAkStu6cf+ksPWBC20OApmsgJwxwhSi4QKj6ZkflL5l7bSWcZrw8sv1yf+4zC73nGqpIXytD3utsECyNTqaHFb/tiYeXhRM0gALunTt9pkK8vxSJSaVChSUGbAqOYJLlKVN8Qj9D+rEha9DYwFD17cftp/A0gPW8xz0PujekR3MYFz/o/VbclOiKLIGZ3fSEobkgwhk1HtfOK8gSaFrgiC+0aB8/VBH+t2socq+X8JbDQej3clpm6Om0AKC/6b20heRhXrPH0lnT/uIdLSIvz/24TTfZnw1SROH++HwoO/bgCXle8j2ud4ronDnhiF/k4+nD93XtUe9NkqL1eji+UVGynJFXzdoJKZiaD//0AIjgzR4W1rV4y5AUiGKZBf/sPwB/+0eiKnKyzjL4v9P5WE/g0VQ8R2/9Qa8A+VLi5GGv/UWvrP8UpQxCr/PxQaqR1/b3/1v2O1MXfAQq9Avc4YoWb4rt9WA7EmznYOz0wTGZ3TASYRmccUcPZ1+m9Okzbjf8OKlfBZXhRelGxAoz6BX8xxv7Jr02NLlUukcqXi9JX2eKt8KlP9+C1uq/onNb/BXYufwRIuXO5i8af812uvFJuzA2MNJnM+9oBc855IVwa3ztbbVfpNFW3L0bcopV8gOUS/ytSx5C+TCOn13AACKTu4CEI5bQS477LFsTD6CxWO+UX9ImKrLuXTDKhsZEciw1lMZxTDj0d6mTd+cxqeBYQdQV3aBK8aA0TeKvSHNViVNrtHEPRNnTrNO1Aktq1Ova2ilTSKBj6KhMC1DBg9AT2AxZnzb14tMNIlp1lnd6bB4jmvGC7LPG6JOct9uexlEgSh3AqIp7EPe0kN/cjDXSlCr9XRJywYJjXk89j3OyMMDhPMGC/Ve1XZk3CeRd0jymlqxPimLKcRgAZ/FmYbevquvqdC/MNPv9/D0jk/r85FxVwr98148heznIwzIFOD/fXqsWJU7pwxMTYiSHpAHQU4laufHaIGeCES8hrXnVH0TOzCdm8wyvObpx8oONicT9RlVC97zYMfaDS8i/AEHdIXxVK+vj8aouGSMyPL8FN4qo3B9Q0+qbjLXoiIgr84vkh+LTFROpTWX4r93nVIpaNUAsxnSWVFV3qy1cpidLrcwyojIgA7iFN0S2QP6f0AxWIk8ROb4qKgHrJ2NjMp49mgs7KqqUEfON+s2O0NIE1vo14mvhAb2bkAtHCeTGq/M7EP8Xcf/hZfcvLTa8DK0L4VzYWVoea75qWMs1ohRczEfIaCF404DCjb5Hqr1wyjMO0HBxo3ABX8nTVn5S7/UnOBb6KIrF4wZn4WzgrS+9WA3sDZgIS0c3pTLob8mX/O6TgS0BSIPDwGawGqm47tE/Yl4g6DZQKG2bSkZI0gCHQTE0rk3yAfH5oDXkCVZ9r2mCtwFmzyqSRjXZ9xD7nfAAjk+1Tppbp9gqQsXFSKXEjFJfLbS30xD8rppJSTBIfCiIEAXtwbURUPiPZBd9rTXARvPVEYVvmS/Ppj+TbpDcAt+DfD1RM1ZReYXeWnH1BllYswXG+9FR/GLlkcfFqASexd2wd4GxJiJ40uzH0NDDGsGgdN4ou75NO6Lo598CoRISyXRrmxGQQJFH5l5U36uivolprww5AyX1ZMfNOKgPZ8auN9bhNvsSMGPPyNOz/t7oiIETvxa0/PgAqXlsbdk90nHj/orN3PsVMLaBZdFrmft3s8cOtvHQF59D8gHXgkIk8zSJSNeVuh6MhzIS7ufLXdVU+yc73VmPAHjx5Nt/Mr/hr/9uZLUZUsskWiaT95NvkFU46s08raLXu2xWqZi4fwTedEbiD1mfm16b6A1yWJ00AeB6trl45zwjZWdsHC4AQK+jxSjkdyvSZQ2V6FVSW3G7SpetYqc/r+gD4M6E9dh3WRe7nSPTDCn6XM8+vnFFgzIKmfhLHOTvlMW8KrQREhC/63jMSpnLvE6jLITXIwXWoaBfdKD8TGasYYzZII2DIGMAkHjS6FJ7k7OLtaYQl5xbXGRTcUSC+WuMDZqA9oXhjB81PfQEdHMJug/07Z6TmF/IISX6XV8kflcmN7CYbu0+cD1A/e5mnRZzOh62rUveHe8t+xyrLjDaSwqRKvCxfOhNQ8+8EPcTqv5m28DvNLicoMVhGA+D5Rg9Hse2xgf6WXAr3j7/LI5FpnBoIPfoneGazYVUjxmGWtgI37+/BQQniGO5PamwwXRB+q0vSPlKFTDmfeW9EpzWlOvp2jMjI44UpKzjPpWPv5UdJJU/rueoNYHz7ExDJKfJZFqXRStKPH/4s9ps9bXtyp7ueVgIOgEgEt8Z6ZZlE+4+05sYpGWZfmhXy9N0d0epwXIs5VeKwohpBJ0jSnTEcIyKbTMyemuRPy8/Iq7fFWpbW9qrhJRPpXmVJbL7tYHXbB62XQM28Cnrctv6CnQROemJSpckmx6Vjx3whWd0jd23mvYn6pJPb3UzyHokCzDZ7V2ICjPA1+RaPkn2xlquBwPkYClcgi+Jk98h57L8qlnjt6bg3bOdd5LxqRQRnCd/bQ8LdRCOlBU+XmgE6vPCf7HusLEWG4fP63vsyEC93AddR0rJ4zJFyUj1Fduz3ckJfyTzJ/WaXc0TB/qrWu1byXGhCsLQgPAVT522w5c5QIUPcGUrOM/QZZIVI27aFxDH0dFtL9C+dax5P9MV9YVty8Yt2wczeAYj0gTNjF6JvbbucwGF7bSwLqBAdspgYs7suWViA2EIa0rhwb/u+c4gQfJ8XsMhNHV4zCpW4AyxMVeexYjhAP7NscoJ6rVaT6+xgKIpVDHUDw0ROpBYG2x41fk2yxHfanoxEsoHYtmZ8JRH+9ckANgvztRvYKuZ+8cMfuaYbobr8Y2XOFcVEil0HxAjXwF3lKckodEOQqYIaWiOswY0r+XM5g2hVtf4l+a6u3x9+1jy9IbhQS/hPVdw1TZGTlttdVCu7FTRpVpdqmMfVa/0T8esPGyrcTqR620KwZsXFldgMYcxDxueb6U9EyzhGiAIs1FkDRdNsgFbnffqovLqMupvPP8vq8lrko/3josaJ9bqBXT84XV1p+EM+bl20fZeitHSlU8gkgZgvvIQjK/0HQa1xpn0/fAIzLt8nDym4AfxOybel4r3brPTrsxCz0kSjUg0QJHTMDR5QhechEH65f/JBhqvLemggRdXz/NaPp/cyXe/y0mCIgGS66kl/UgA4I4nPnCpU+8tsWejuGn1zLzLQKdFOKMRCalFy1to4WBfwxmBCN+v2kYGys/q5Ls95YVkzFG62XOPM60HrDgpEa/yNBkfVA3Uvl33zv4616BtyGbS1w0p7h+LFZv8XHleWPiItJzxh1IQFES0bu5TbrKgUWd+4Wz3PGUGZBQZmvVc5YzIie3SMLNcqHaHkri77yOO0q55t/TlgStcw6PuiwfG96H/5wpOSV1JYVcrtZJz29DNflp7WKxMaK7XsQPEISVi5DVcLzvgCSIxXiS5AyXA6Ly3f1dE3oSkwcS8mBnIzoGZBiBMDnPS0cWTV+/nbuI5phPzU23rChj7iBH+kI6ui4jLmNffBfJ7mzSQE7pzXJtH70fggdsnQCvT5Si1i1/VNxHq+k0S4dZlxFVTZaqtP2Y5a+qOUsOo9/mmXcUa1geQkMxi27A7ku+pg/67TAWOaeO7vrN/cn7WGXJEauTKki1aNaf//Yq0G/G5gV0jGbPwqvTJSxhvanp+eurOHDTDiVSoTZx/FCoQHvQl2uiywq2u7P59E2R70K8zbBm3wWBfXr9PikRCUm0HWWM9vUw3LXym32th2blX+LJhBReDFYm5DTijDV1IDNkEK6OiqNfERN9WZyVlUbfg124qfBkfskFyZjFO+tQSZQPSrhcFLK5LyHlO9KNH3ytmExcY4DYZVTEnEvbwBpRa//+ZhlRTZveporwXQN8Jy9RpwDF0NSSBfDZcXIY9uTjT/FqnIuOvdfzIuNhbuzXnRaW8LuNYR36kUQ8yXRh/jAszmGUwKma/ZysOxNX4I/AY04o1yhOqHmH/yfC4bGnc6JvU044OMHC1lW8E507TQ/0D6pVdgfujdCfzD0dMJ5lfsfs/0kKMjuk0LdrfF1fdvWi+If1Ro2j4RSi1Akj3FM9MwDcICxGbl5y/JkgV2c1NKHj8EywYaxt6QlbgCQf5tBw38qc1Ew1zbN5V/KbC8b71I8Mj/hSEAw/rcNjHT/bcB/e71lW2rCMf7fq7cf/KK9nLzSKkIR/6fu7AzrzUse4iKR+fcNXF8t7SWGEap+rDDkPdm7AdBf1+M8TnvbI3gnTW/945Dmv4duv/nBj6AOXdWNsut+18vBy96rCgUEm6pD/bXj9YvriQuh6qN7R7ynldtGz67g03/S/iRemH5Vc452ByBf6zv8P9xnivyvEQM1gVfO0RfnHG6zZhhvePk5v3pc8kD+0pLo6knTu/PEk+rrIpNvzEcLQONkfq/9QlF3oMGuBuVR4+rjN/5kPi5jSC5qIVDP6xm5Su2me2virBTwg+o+P0iCZDR37Mw5oDPbiBfDQ8+YJ3IYl2JmCOMeXjw+k2h2D+ztZT4xWy8lkkIxcEf5qhc3baPgdUZ49d6ME6iuMO8ljDZg7deDmh+xZ5w0Kx+OShTPFKMgE7d5OkdTxwYektTDI4NVyi0FVNpWlsZSIS0T3Hwvt1KX55ewjyyg4trangcU896mXGBEoanuoimtLsRU5zbTcfKHFm3qTe639YOwLiwcWc4wHOzmfkxBif9OVsD2vdLJVoMG2MuSOvcQBJnwBPxO0cqFHiNlMLgksHdKcpKn9qES5K/J91B3s0R/Xb4YaUGRIbBzD60rGJh6W9Zyum1+pSSCe2p9pxxO9HFLPBqyFImsVFDJJHrCGaNl4MNbK+OfIW1n5bcr3+CQSOIykeKVh7waccvXz9vKHaWtnvf5biRIN7QJ3pYT0ciSyclQVGNXigg3bJ8mGsNiUJr/5QBOlMXXUVddXYeY68jSNH8iBHHWzZujMhC8mjhch1q0V8tjZIoV+wSysLRHcbHKUFfw4nwszHKcX7SVLFaEDCvVemokaIqJKq9jH3omdgiGh4WQLc0avjb+M75b2iZyucMviwuV6KvwetySpgGkK9B/Z2bcToMEcB2u5zT20IbQGHpkLwxwelvqlUM7knic9e/9QT1kuOwmJfuPSjxsJtyLncszk/1I3YfkA9TfM9MLWXewjzTzrihdM7EvOSr/0t40rMv9XXSEruUj1P3Mc55wt8RJy+WRU1Yy90Q0dgdMCR4LIReIFJFu/4+NW0Wkef8X37vNcWuUQd57kitxDP3LYZ8oP/yXM5cJwj4P6nmuvyku+8sLOWfn5rQ1gvVdrLsTwXMHNRv4tVjDjzvsJUnFyDf2QrSVKSkHhNWWS7U6N4Av5sfVG2mnf1OlvbSyp3/Uw87fjNNlyfcEPZ0f2Zg90OaMCXsCfDrc2I7nnagwxCxWbB0pGJCWRVP6zoV8nHV9v/pyIJBELamUKppfnt0Ke0609TRT+EKjqQLVmi9mRVXJwTNXWjSP+sTUwJ7GESoSaG3l451tZaO1KqklNyLPVhHnsT+tQr0hEb8kfGyGXLvnSueurzm2WGV1bjIOlaIzcpWPQKDn3vc507ael8CTijce0YPfh7PzJiiIw2GyeO9V6ZDmMm6FT3j35ErDodq+SPUZ5AN6TnuXx9H5TvIdEEOe+vQpYZGV6lKtuj8vS79MR43Cg3KKn7v8zjRe0HM1KEk1Zf8U+0oSWS/06DRiHkAhLPji/dbO7yjUiaxl+ulsVgB2q8J14ZnpFshvoLWN+R4LE5fO1X028n7e4pOzPPA1AsZbuQD9FnJ369DtSvoF5ETyclZ/mAoM/ODuBSRx1AQBKQbCiXFkqy69p1ohYcrKY06b2UH+FWOTm6pu1a7IizuWvl+PnR22E7EOSh1Qk0thJyyiQn6v2s8/lAe5eVHdYGgbRFCFuRRvOt7+5lpjZ8NPhzejinGjZykuv6cQzeSuKyInyOvnynphLyh7T92349SMy3m2biqaTp1KP8mVUy/uhcgOw/ZWtIFJ3HHG8dPFbzyz4r68BXjOMt0x3dYKE5CCPm4+mFDVTzL3ysnZurbBY4F9OOC4orRY4fjEEIU3twCRYzk3GmO/s/k3z+7zib68FPaTilsO3f7Jexp9A9jXHL0BXOqF3QDcbYOENU5uGR9/mTEvNW8VQuVMWb3bVXR45fe2wbEbhxD2wlN0qoFUson6TqrGGXhvfRGJOfTqeemv9HyxsOzOcCI0Zrfco55FSlfUazOV/o1gENwQYH60VsYzEzrRSvWBzhR2C2UVypIUqs4OedHc2IX0ZjSLpWViJOiASOQNNI1A29A7doXBIvh6YQO32ioOOogVd0qZw9DcUnjHHktnmE7efWMvYYIw/6PN1PRh4xuAaprNi2CRnsDWqCKFdyUKH1jccu6FNmyT16yzVfdh+/7y7dGkwvgtQUZCeIDK+RE28vSwwbXaJThRa+7b0cpvZ8mChgDrFU33GiQS+elTX1SthdnadnZE5uHm6bNtu1q1x8F2meOpW61iySFW1f5O2N8x+34MSYljxWsE1T9FD3g3oMf++Jd/Pl6115tFJZc8yLaoBOM6ZdP92ha+fS/a30P1c/YbHcbFvVh5v9Vs2RVgiFee33eiyE3hadirWDStpr/QDntFcqZ3ArW9u0Wb4mGx/d3256FdoCis5nS+vGROjURT4ECkjCBSuStBofeqoBWyxWoMtfKpXlCOL8230bn9mjR1bFbNTDGfGZcGSTmLNCW/Aax7JY48GXn3wfJ1w+u80XPzxJD2kCrpsE9KNGSimlJOmQsX3WlpPgkNb6e+CJFwcmlJzavywkxDINejKo1be1JO0yzu6d0NvocQdg3/4K/mpi/FdNktKHz9klDus0neEv1DOllHqPSPvz6EaZc/SfsUZrV6oXbs14Fe67pQ7u+DCH5ZwEmeMxmtqp3FxUX9vF2Jn+9ak77b1WPsCUFUlv9PEYk+2C2drxMjau4cYRpCVBGeRv4vZyqAVgjl9Y3WIq6EFenpL/+esPx4nzpbcHI/aWERvBAfYKSRUPIgHyFmf0xT0dH5zpErKrl/je8Fr8ErtLZP66O08kJ9m2fHJc2kgV/0m8ZtKugqgmQLnvnkSeqok1Hgys0GPO9XTvdbhW5xWEtSDTTJHFGm/hYXQ7TgYz/DnHUAXMSITV4vwVXMrvOQPUWz31mVCaJBQFGo3pCT8EyBez5/mwlBfIrTWtbZoByIt5pAIQrv/IC++qCkJ0gOn4uMuSWg8jSXW2Pj1WvhA9UeUysBEeOOEy1Kg+4cYHW+nQ29A0iQ8WVTpzW+mAR3HF2K01ummZvlO80W8PgdODQExpqkbO3VOTaJDXmv6r8RHKStG+qEOLQxzEJVYCi9/nlkWMyvhJAvlShR0H+ihstB3UXu59gvNEGBU+ltHSnzCTsDQB3wKDZ7PezzaswlRPStMlVzl4epRgyWsyH1FkdP6iKEadxd4Z3DemIzUiAu+OMZyuWOPYhpcq1YimdyyAbfoJ5GKLSthKs1O/0870VX11pELPhOpoLnqr7iRRFHUrfGiEqK9wfGxZiEEpfP0CkUbm1gLcHagl0gV/Ppg5JjlMbIgkzCYVAHd/hu4FhBvfeTYV+9yHV/04Zk/H5+PFqEulhY/rCMlgR29WjrNH9CVlkbNC4k8RpWx6Q1kdbs+tRFI0Fh0a/iFYS1QZChv6/bSo75Qg+opf3jaq8801eoVPBL4vyjEvfx0QvogwYWlBAFFGP/kP5Ww2AUJo7yVRvChUbW8xtIs+3uyz2GFJZnUsFx9LL7sGLiaKFuB65NYi6RQE0735JjxN/FjPlPs2lKcz1z9lPg/GNpGedV7cGy9skTQv9diOrPySvRP45XSTeAC8dt1mujvOsC6SuIV82Oi3rbdgTZ2RPZvyHYISH7QulpVVo8O6Gb7vQd4kDKFGmPaAG/XUC1geb9Pz7ZpaiQr9fQ3F1Y7GGA3uxQseLVRysMmkCTVXQMrnOsaCapmiwtfIrEIi5eHHer8QGNlh0uw5ZsqmHOhg5VOa+G64a346uIe058px2Ujt/dEYMyK+d+51SiXr/evtqernMyOJ+t2j1vN/2ccefMBYpdxXV1Y968kbMxgMipPHcNMNjddbqSO7/A7d3PrsV3haXRaeeF1CnnBmlMqxT1Z26a7oUobT8pf5sJz6izVrcxGMWaYsR0zNRN72NEx4nImJ+GOS09bYqral9U0C2TtgqKKC3oTcE3vZsEirGYArxK++ZLkNmA6vdeiWEV5x272mMGjS4NJ+LlNX1Bv8+N/maOuUdCn9+8KWaKhi4D5AibruODFXyP8u8X1xY+WGN5J/SiCyxqMsZDNArshleGdZKzbzLn5PX3vm0KOPHDv55Xkg6TLdxuNnzcXm915D95K7POaq5Fd18vFR2P5Y7JxyOqH9IeHwZ8Rz/1yHMJ0eYtU1b5ZiVqHeZ7HHItesvRJcu6BV2aZxLS1ZSSNOesZjyjJn+y2qo/lfhCHAE7MCq8qnhwuNBKOja2qY5Y9+dWD/1hNx79YpRRKkEqXPTAOpjzuKjMikp/i3MxW1IsExbBMbUtiIuVmPs8oJG/z7fsICoQN3U/fv5+D2zhJHrQ5mhAdXDs6eBT6BB3wbHpwj1W/RO7X5OuOz9gO4j+s0cGLxVeR9TAs/cgCYdaq57J2V55j8JcSq+7z0X/ftHDjnenS/ZvALMroztt6RgLg7QgQc4XVW34wiEYbdNaBAEY9hV57+14XDatJ6lr445s3X7EzmSU4Wy9L9A7f+ZoOYXHahY4wBgFz2vt1EbbFP5cSDyNtXlZF9dyR2lR/Hq0/aqvifcGEOvxl3cOVg43Bau70kZfUPpKqsQjmh/vnJRI0dla64jfxwugNEUE7UHGRkdB4SmJMaf3TJXTMKwWCsGlvmbF0eKabzutTFnSU7GpkXOaxftGG3bqIa4yN4DdlXzppzp7IdItM90jYGs25xg3le3mSr/xekq9/GgSguSkwH6ySFfLHfZppcLQOHvO5rSBOyrVG+0YLOJb6mKExb2DE/zFJI2/n0Q2S2/V6mM/xuJ9XzSKWYwz9Md8vrc2D+7ENkGqrr3OeWoWanDX+d10vYAwRcijvHUC1QF0QN7sxuhvDpmVkpmxg9t3z6z9Hn2SngQ/dYMj3ukOmKTAEctc1JuEVVCasSH58cXsztGpMuvjCZ3BmJgUpqdUzpqaupbmi2ReJ2ccGa4JAb3y4/2ef7y/ADf2f26ePj7R1p1tcgoeu3Xw097FMu1EmWWWf/ldMf/jBwRQ4QNv/JWyxJOzT9U3gI9VmBvA0L2/zCzo1D3mlObHkkFTLJmV857ynaWAyF/JzECcUomVJbFntMivyADp9rHFfluFbwsvcTCtWcIXQU0+Y7xB6t/F9Jnb/93PF7o22X8/DoGLywS6XT4PPTt7dzRXdF4yu7t5VdTUqW1sp1/yICPtzhzuKxu0mr5t7R5zMLx42f2Y80+vdNP1+H7tFm394rk/CsM9LI5u1oKdyG2Uqx1HK1lruKF0V8DGunI82a9dz4mmwl6KZ8GuJCbRvuOswOTx2ow9sce6UNWNfb5Ik/7D7MRODDf/KWiL7JFHTKszGpSItRpxWfEM8c5x+qV1qE63ClCN9+m57fWF6wbQO1meOXi39gYg/F61HtQr+ti3OV8msGJfv2GuuCvEcthG4/5YUd4iTRDvnLiU7vVwORSFQdHg3eYYySi+fKt939T0a/dL/lUxZ12RdWeahEzkr9gVR3R861DWUcP0iTP6uvXHcPq2oZ7t1smh4oFzKdtzhQznE5nvPabRMrIJASKGByUm8msIQ/aBK3PueWEnG4n3J0ZPZ31uAE1Pim4AUlk3gMNpdEXMjzNt32l1jB6HiW5vqFhGWnYITV+I4V2gE+hINM9qb6cqUMvSRt6esxYCQVRBEf9+HPV/H3z/2iqxUYUcTH9Q7pkQq8uL+2z/R1JPx1GHQn2WM2cRXjVDZWykxZyo0e1P/5cFXdffACZcXG43cJuEbih/gKHv82Q36r3fPwNHsXl1FZcJZyP4RGilcN4EpDXz28jZPuiA9wI7rgo34Zma89RLHPg2V1iuZ0khJc4pPGT9SXnE4yc4ZkhTg1c8N1L/5SxAx7mcZiCk+y0n+MtvqMPasB6AzsD8h05n8ZQC/vcXK9gPxkINzWFAWM3q68GAZl4K8DWnjZ0WxWfjM69nS3cZpJkkWOzh7JTzJhzWtQM4AUqxciHdTUR21M/K75kaYvzYUXo8AAxJDgccE6YR4iImdrKaepaeJbvHccHcZXbKk+ZChqqUIrHwBsLJ8DFdMKS9fVtimCkBpfNpZML1QlMWyHCHhcHZ+mtoLNeKrsarA2qCRs2v8eXGPEjXZyZEK3pAU9nJi+jOA4UlqMvC3bqfzoyyOeFvWkwp1d9/OueP71ANFhCgVBWHvV3jxippsOCq5QaK+WlbaheVy/b53/5m97I9TArZ4HtzFOG2bKaY+nt/5KVLFqmeGLpYPmUD/B78VllexHBDLxJlvWWHmi/Z7ktlXS2YaFqPbFgMKVaskTtlesMcXQ6cQXCXqRTDJYbbLqrvZYJuAH7gkvYgp17ybzPZOK8MNxZOXz45DTtHZkQpyJxI0VTTho3pc4WjqDWZ0T7rgiMhO5Ig3XG2dsk+n2t+xx4l86aJRR1ZrydIzcOMiHuS9jSdl/KqjAkF+rf/x6IypzJXcthPnzO75fmleCWV7Wo1vB0YiHLxTJm3AnAaVYeEWARFP5tgkZs2E78rxX1qFeaQxjgXj5pkkm0V/OMvwpQYS0w9xWrUBCUq+/51sj8wmhC85BVOazc/GL8sIsKU3O4XeFE/0PyNKnKtllsho7h2peBRksoQoGnekmTKb+UzvadfRSRdGcUx2vnxjvsvjovHTesYASP8FC7Guo4xIx4+QI+ugPw5DA8QPOfoNTeqrFJmNnb3m/W0MdkKshKngTpg4nfWVNzobEK+9a/imt89nMtxud+9IoaUgjkakGcsrNnSOsTfAJZ7VFcvRW/fAEbX7Q5YdcuaY8qzVlXV0xtpzuxv36v6le229EMqO/TB6OTsDQBDc/9Zo+xFt8tPqAKbTSLHElScISkSPUMpkB00pYKa/lnJoTmky/IgXsMVWq9UKkbl/PVBEjibxEBISMD5WPCa+fP2cHr7s8beCZmG4v7MzjVU+jex8qTkubgdwXKSCSfPp8QMmLWJl000/PkvbwA13x8gu58Tb8k0PFfKT2rrzAZ/+szHmLMYvpZoZcrRcGqXj3eP735UauyI63Nr+eDYowFEcHYoDtDXU9NTLJ8HrRaaP3kQg7MuKDWaW/Bb5pKYmH9TTrW35p/ORWd8UGV//Q6zd+2wYRgPelBcoBercHuRIpDhgt/5S7mOAUBISPBqmUmqy7hJWFLJ+jlzGQdiXZVl2t2GuaUj4ZwRPgApfd9pUvNC1Lyci9q+4GM/xm4PH8mW5prHscYET7o0h6xS8BQBBc1gPsqqYxBf23e7W7LStuQwPfUBJgQmKk4mvB5trSU3Xxj4+xltZvFfolz2H0MZ83/32BwIJvl/AeT810VXrjeAsqks4x3Xl0icRrwPvOuBrv1m0vE7OF7XrWhwpFzxBvCHY/7fk8eydas1cOZEg/X8hb5cJysujt9RSIMne9dw45FnXVA1iDrQe6k2v8M+xpswPd1sO1loKOaQ5XMfwaP43lGC7F+4+AmdFBhk99sael2wJllClLs+jX77sp2L9J0qcygp1vnbKSKOvJTzhcDJ++ME9NeLG0Bn4GXIn0rBY/znCT/L5wI1Y8NULrHAKdNsYDc1EEQ2ual8A1i9JLGlMXbJcf+OaL4/j6tNcbWmCumvQBSjCSjVdWjeDuuK8xHgnITHl+LOzO5uvymnN769CrGihCK8ZVs4zs5XHp179aI99s/t5kLVb8lHq9aiJJH+Zkgh0N9sk5hrA0NfbaRNWmO3tZeqNXzknSvicD9yfRNhlJTfEmne2SAk7LkZMfSAzepD2S/MIur5LD+WyMWRDlffjz80KmwpF4MeCRHUobi/EOW6Hgqb+R6vo4wXkw49UXLWCShSODyu3IFaMDSZ7Iz38xrMf8ys4tD21mos9wQ2Gin2MCmyMFdt7aCMN8aYTOD9+A3gE5UFTsO/WcxY4D72jeNgoPVAanTghDlSuI+028FEw3St7DRaDMEvxeWt3ilQIJGW1kHFr7OGWKnPviZalTorqt8Vc+SQTLf/PcYdM19fc+hpDe6BUJxd/+rWJ1K3hNZZhsTsn7H74Pq9NRJIWyp0wIQIdQjRh8ME+eNl84U8TXylpEUop6GQ14xEBq0urAs7y7cHNi0kyz/mCadT0yc9RfyHzfJ/wMbfpF5zR3smq9Hq9sN0RNv4vduuFWpXAmVQIUVICOWhzz5zkeFT36HWrVHxFKOsnMYG6nZSpNw3rzqiGLc8CbwpWTrBzggZSwlkCir6ofZEOusU/XJgKHd5jLuhZFmoBfGGGFnOR09xA7hH7PCXFilMSE06Mx6gl2ehWOl5G2zd3oBLFlKsZ3rOExMemdeeRGBmoDzLVC7mOFZhYTeaqfKd5yfE4asVt2OxLHfkau5+ZUE9H60OSJdr+ZzrWdRTb+X8B74S7ox3lLn7G69uVSLE4pQslbtytbjAKREpG8KjL5FCnb0oz1tBk88atho8Rj4pN5t4c8c5AMMJxMp1rcJB/YD8xNgzImO1HX2s6Ycil/r5lBV38oZuGql5041yRJOiM1kiP0j+MwW7cDaJrmct0OZtznZ03pOF9IY5zvSLfc1frqBnBXeFcdg+Hy82I2tXXUNhgZUU2xADyv/rPJuU9OOE25YicXNlzMGAu5zhDwHiNC6QERiSMwD21iWCk63ZXH2qkImtm4+XLt016HmudxT9Tf8Bvx+V4pePVBB5vb1KIAiI98mc22kF5UBRTpbM/F4Mos9Mhsp1IQ+tTD2Ly0G6h8v0ajyFjXpn2pFJn8fThGYmJvwtrT+Itx1t9DMseOkFVONMi2uMzJsDFsmNgMzSWO+m8baqYZWqWr2GjK926BE1Gv4joUZoeQ2+n9xu2av+ET1dQUc3GK33Sp2p3tZeiELDnZmd/LNexl7F9DcLRcN2MmaTrSpEc2k1lgpokrKmzfhy4WXTYHcD/CXosVZzVbljd0Evi7cZyl4w24P9qv5C/s6sRJpJEO2D1Dz7njifc60xfGZ4pP+5NtT1ZHhD1D9tLOV187VV79N9i1fb4nkmJiWgX1DNTE4R2GAtTmIlAjIVCUdf2350i3wSrvtZMJogTqEWFb8v3bK4t/UIm4RLoe5pljQrNZtxrnc/amyspykSToyR7t2OJ0aLDBUedjWYVej5/d6T4Bg+Xod/8eYcyHASZ0oWEHh1CAQKC0hXjiqz5QhoPn7yreeZjXjyHcnUyzuTWnpnZBvFewuInKoikRESlVLmj/GvhZeOv9q69hq2telJDk1Y36nA2Do5Z+hMfJ8TmvHowSrMeqrg35tN5+jqyHO5GxE/i4qksXcO/WgFo1b0OeL00Vf08dKfW7Ur7ob+KQ46TZobXIjqUQ6j9rGmYUbljhlX1SKFGC2Q3khleOqAafjFR5iuuSAX0AUQ55UY4kk2e1K/KHZL0AYpEVP7oicUlIcYdN3t8zq+y186Gs3V+GPVTBKRfEAmEfR0sgU3fBAfuLVV8Slncu+We1MHVvUjmiJPZhn6uCYjxqrFQj3V0oxipkXwZ6U3RNmU4EdO61x68so8ThN6vW2xJ7Ye7c+U068lldPNl6Ss873ig7n2vszslDOw5T5Hve31WDzJXVyJtXp60iC6GN0txhcLgmitIpjCSeUqEwp8I64cQ4N2aLe7yLrM4p4dQ36+9BGFFPWvOPfpeHUhfpqSH1F75zLc9/HTd7VVuvryWTYUK6/4JWCJMiM+7bXq0Fyzourq8aWLdWhFnW2l1hnpL0JoupCrLNth0ronAs4UHL73uaN/hE3a8q9Djbv/srFdkRQzmrV5NfXnjtqrB2Xg+DkI/aHxdmHhsqFnVIMnwFynKttGyPen85+0anZ5xqzUiUYaVuPUdaHvc55A6+yHMwhGlLvRsEFgqemPRe1tmRQktyTbJItTuilMj7bB01n3bqliTp+ZDM3HgVZSuk4Ux9ljBN5Umrm4ZC/vU2KC6y2vuNPXS8U92gsjaC/8u2LJekXWTcf5ol7cAkc4fJclx17E1JJWKU+Sm9Ze8xl3hS5XknfAuOEPri0xyzXtdhAXOTw9c9fouJdw6dEI4+oAUsAHNcyo0e2syxkZMlk2BXt5x2XzQ+MnmP+jbSoTWRGOj6PHrJvi+PGe5/RciGimcsS+gGhfHxGcXIAv0tvxhLaX10xtHDoSL/6Lf2w8mS0pWpGTGj1aapzTTyIi17d5u6Ii71NTVaEipKo8hQY1P2f6bB3X76fUz38iFPJubl5tQMcMUpBAwDw62/REYbwc7T00LIAdhA2H9Jd8lVpNdSTz5zc46GG0lesMpNBRyRDx0Lf1RXuU8s07Wq8v7XltdqtzJTPPolFTkHriAj1dMwgTSpAwBBzOU88+fW5jDT27VS5GuOQZoP3uXq80Hr4iSCzTOmNVR96pq8RReY4ap/paXb85x+P4vUpW1LVkJn1YCZ+a8Y2yWA7+6czaYZ98hikZ6Z09kRbmNO3RwDzvtGC0G5swaPO7dj6NUSr29X14UqogX9Itbr5oJAmzSBJImzzjIOJ+rbvCaS/l8lV9czaF+atBB52G2z7AkDdyGEGxV5AOnaOoEeHwJF3A1gMPS8w1Bvu4WTODIYvLQW6rsWqFC0P/jmkWgq1EUOdnlxFEyg8/jM/NMnARnTrgJbcmmWTVonwuokOs9wjJ77IU7Q1P8qSV2ZTbNJ3WFOx2jJbwt4e8uCPv1E6PRomVJ/RzjrcnBTcH8EUm5Qd0vxRfnc1a37XZVskQS6QJxRom4UCNEix3p7L9HnlS7MskVZaTkX2Vu3RdewyjnSwvGoSJk6uwA71eIVYZgx3f5oqeXJTT5d/6QXdYpXD0bW6qaOJX1TSN+lSPaQMDi6IHdtDRcz6hGJV/5vYnW9zDyrTddJ36BenmWAN6u96qqGm3YROs542SZVbDLpO71QrVV8txD3fKxG166QLeiIxb56GCrlOsEzKXSvcchqYz/RbK0H7s5mWP7cTjqh6xuQbye3NqyQKJls7eHWyyd/Q8iTKdhdmYO8yK/7zHgPfErI0KFhzzv5gUzE8i71ubzvy2o0/+/WMWe09JISfhgszMoaImWKxP74U3rRYTfOaEmCvzcpxDZs01xTdH4bUh5o5GIgnpAlPduK6DfL21KcrREmZ3CUAkwuwqKp7lFjprzpbY3SrfHcB88a+9E4B7YGH/NaLW3R2PdNRdzj5UkT67uhq/bV0b1uKXxzRhyLOmIo/+ER8e3K1Yx9lBFlYqkFnlu6lxoBC0vrF08YUnZK6rF56iXLouYzp370FdcKJIcZmSDjkQLBGefcs6o1Ws6XGDrdgNwNnahOXx9320yEOz4z4NtAJj+5g9lPmBSQJt5608cf1N28OrPwGY7ScT0DtZr4GbppZv2GcZHLKibMvZjNT2KvyYo4HANaUyOhPtoPjiGWzWh8zcrwut90ASqRVRavnboUfBZy88z0rlmbvmz/n2zm2noJ1rNJAqv4ts2TkXFg4wqoG9dYvk0R8TzuzssspDMua6tDHS9aXrUcYMDf6NpvRrNnv5iJX78me0Icpyly76PbJcFo24dxC0f0kyFGfDXIZWJ2kd+9qv5WpbNkztSHvPj75Kmziqr5LbZGJPtnh310bIdrlS71UryRs9j0Z5PkI9QJm/HN8fn44q+7a4ZqhtqiZ2hSGD5W3+bUWDL19hbLtt/aCHRkqoQ5NIGYTg0ZaF97mAl8zgG5GGGHL3La76+63uIJqKbmWBu+HL+JyRMqiZV72w/LDbrzLphTb3qatJZd4StsZm34nTMuf6cowBeKPo9RO5h25ySd7xXXEOlHj1yVQ95KRZX1rW6wq4xeMUmgwd6w7UC9dowKZzX2dtVPKTuKq3tqUunK14s5Jf98DxdxQJJpSKsaxi5TSOdQdQfoKkqDkw5REue2pT//i1Zf0xWhfklGANt8scML9juauwTcjC+O11HaksQOPZHp+TgBBXdWm14Ujh0I7tWUeK585wTISPjUAZn5hx1dtvnr79UPKGFgHcDWALUUgIgYyl5OnP8hRYbPdU1XIiOD1breM7g1VuCxoyLflpBAyffstGy7H3EZvzBBmsnsQ0Nyq/uy1gFNIWs50A7hxqNZqIn6s9AHf04hJ7MJkvZq9YqBZKrM8EPBMpcO35JoeZ6jb2gvy6znRvdS6KPdRj5NfXATeAp6g/rtuLTwZbQ1JtWm2fRwTHv0wJauht0b3SbJ3VL9FoubXhljOwfOvzGUfUxUXJa6Ex87P34ytod5bS1rXMWZpny6hJ9y9OP81EcydsxVh3JvGrdwreCSs7+/L0mEZQqgVzfhreTVIdhAdWSfJ+co51cBFpUXjZ7Sfx0ikRt++FDU5XT3w/P/Plo5yjDoHNcqKYDiazIjq6/LyiBNPMUq/oF31H89uPoc73XSUf6oyOhjBp1rpmZuE2lELyyxyLeJhQ4eX61F6ahTkrX5MFIh1Ov5WwfKIRIbhn9JuLo2JyNFbieSFJ0wapWH1/av9IwY+qvkDRmHNuIHSy6Ul9sGqPKcTsU0ozUcl4iGyKy/h55AjoOzPlejTmiwS8tWYMUyZq7+VqRmHML4/PexQuV6H04Nel+fqP84kc5zGOMIOsznun5b8en6JjTYM/cCqBJxg5RUF4uBQu0hsgzDw+Ly1dOK5CTHFmYeQ0z2TCeDdWBDpLydYHFYysk1SW2rF5HIocSfqZ5tWofotwz5kigkZfau7tYQ6Rs1UM5P2EsifAkIyrv+IcnPOkqvBpTipKS88YH8S4PuhMVneYo47FHNJ/QgbJIamLQ/kWw56Cz3SXty2mrdzN8co5Gi7+u1MXn/z0ne2Yuf7kdLZERQ3U/nChuVdded5EMrZCaCJu/UzHhDI7LamESwdKy8pYoyOCrx0O6cEF2lJYRju5C02mD89Z+5ZejYu1bJfW3mcu9Rzwl4QUZOesR9L4cpiUvBw77k+T31eVv6hoMP1gPdKZgBSjKS6A8i9UJX7bPM4ghntKumgnGlondpe03gBG/EKKKjgkL5w/za+4ZGnUVFPuzS2Y9nxbTctm4hOJREV6QkjV1pjb/xJyvB/+pHNPRayOiI/V8XHgXUxcNs2gMcD74fqk3fSjKmrLSajmIlVcX11Jh5BhhzgDO5VnATSyRchRvMLPGw6Jimgg86gKUugpeym5siBuLPTJU/PzmfsnPReIlVdr+cy5ad/fBfeq2EGYLwH06OsXE/PSkJ8nsA9TeFhzsahL9VTXvJOg+F0piZrjN8k4lm/NIGJCb4Lll7ViOeq1iycmp5yOndIDNi9tvMGFOhrlCcViIiYGUEFUoMXy+/UXvpIPRBK0Y4Fl8clOYMa3qXUzUXwtD62mUDmzfMwiydnwj7Ov7LJtfOtXicvT2CCzDfjQPnuJglQzDAlKzdXYknhFKRzQL7z0vvZqkeMKc6J7PZeg+sXRZfs6ptUK6f3h4x5lZFZUauFFCj3+tRULpOR1l2OgLl9YzLO4SIrz9hMPTWf/xec7H3d/Okjwp1ff3/3+Ja5p64rDLHtDsTWQKNww/w7OtfTTTppMpuNcjZ+o936VHxF8jexv+tKGudsbUleIZMxmhBTnmuS6uuUmzwvo4EDMUw/k3A1evn5FkMYywP0I0YLKGWaEt+KM1MDgWDNJA48Hub47qniat/ftZUXRbaOXGXof2GN9ZihDnGH6pS9Z/P8P3t47KKrv3xJtcpAsIFmQJjTQIDkjUaDJTQ6SERpooIkCokjOoe0mR6EJEgW6yaggOUhGmiQ5SZCoYJjv/G7dW/fN3Dc1VfPeVK1af51T5+x99ln7s3Z99v4wMZ4Wd1F8BEQJy6fauqCfvxgZP1i9XE8JgR+NwKHsQ8uyMjTrGRRbYQHmR4elcSc+s1TsZQbvA3B2dUc9Lq6Nbrqmt4P5hZ2Rg6x4Gi0YnC3sh/Q5XR3wCs7g00x8i079xwghzTB8ynMgUIasyJ+qMxT1iC6AY/Of0J/zxR98ZthaWPheV7VD9PR7z+r/Iv8iNeD9Um11kOlOMz34YbWwaI2Hni43yP2UlfVRQm3Of1xWMq8AZsPeOmfdWHsqxuioPd64JaM0tR76IKzhWvRMl2WXO7WGLWqNf+eou1rHbgDJiBt4RsayO6OU9ojtJv9Fq20WSjdvVAjKvKGeJQ8R/0f7RVL+3KyXBkZQa6e5jXt6X6lTPpVnn0BXqD+h5NjirIYoR6yN5DmUJ79b5V3GDMfK76yEehLSqfIM5KvjIv1eZzXvpwimD9RH9dOURKnPRPoZRlArjn+/0TyTkOdI2rw7U3fzYhsW9OMPm93VDunMfRAEesABZXqNPv4SKrB2ylIn1ZNcuhSdLiskGw/uiMvxlwe5+BdxA0loBWldfAFHv794iAQf0xflXGiqxA67gWxTSUKRaAYC3u/4l0JD9Y+09oj3KY6Had7x+Wj6SKZfyXStqy9bXNaouAmKjX83/vye6YsZFIUh/H+CtNXY6oGnl3OJIWSO01Bqn9xiph2Lge3+QAo/Tstd4n0faGcdwgJfZm594pSoKRPPXIKpo5D/aMLKOzNWLy+9AK3DyHPKTt/yI7N9M70YyuoZ3T5Bwg9ACEprvxOu+AkM/X7K936XsX3qKLfdwaoJOFbf4GPwVYVcTpqOLiVNVnPKFiEiUmeYtNMTulXJ6rWvlTXDLPXYrqDNBIjlF3F3A8EHTT2F1I1p36ipxCsBlEl4L/IGKXfmeh/s9KJi2zB1iUJGz8CXKsbv9ky7vXhXCRMmqIMDMcOGlEdTT6SfYTVbu3ITnMXRjVg+XRMGM7Mz3R8ML5/9uJmtD4z6ZBc0UNimFWTUDKIRB+uIdC2pZWyoEOMIzY95Zy0REDs0jZd+4NV4OV+uzHyhxoCEc7WhgoVFxsaykIkSmqmjyfxkPLDlf1ikgxgL/cd6s+nsv68iRd8zdvi6Hy5Vgxnux1JKqBeY6tdtn6kCeADVmkgABXHBPO7jLDt/RTaXdI/GaMTOakDLL3cWRM/0ZDbDBgfEDP8qiMsc4Bew71CoOeN/GZxWDIsW+DiSubTIy8181YZmosJocAM3QbxyQ/X3zS6itrFz1kDtNmUhYJx7dzjUYqu/6xd03fgI9C7Lykb1CEXF7Q0aqg7w3g56szQuacaM2q9N5jikQebg+Kp3isJOR0VjedpSxm1Pkeq2cN5LTHcpuS7EAtArpOerLg2EgSsMFhPFGXs3umKHrIV9JL088Q9NDuMZN2NcJu6mfoA+bQtZE7OxC9rosi2KF6XVpFZinvEI7KhIgKlpqRI3TFbB5YkyUbuzZhQ9mk8uR1Wtvw+l5EIMZ9LwqPLo4tXX/dC84oqpQPM8ombSovTKnKdrXG4dO9/TKT2XGDpLt1GMkZX3NSLrhFZbHCN1pKsmnzBlVgXqFP1uWmFT3xw1LxTzUaHuXy4fcto5SykJXvbGWFECMl8N1Zl5ratsj3sNeB1f6LOn2Ob7yDPoQfPhc41YicaSbLo36JLNScy/zjSyZn07aHBRDhtnqqvVtzma6t8J/GnwdnU3TuIuj6fVsaBUMIgnXDL2NCNCqQztUnaDW6lca1VPrcTfrRtXDWo7FLdJYss5H4YaL/EIQzP+MMXgZMszHtZSDdKWR+RNlIVhaxo4I7AOrBXaA13tNRfE1zdBDSfe1l97bXgOZLKl47Oqm/vSVdhhLjhyVRWnHQtyw0kJL6z240q6w6QZG4RF/FPMJUxax6S1gQp1b1aPXS/WVTBqkcu49ngns14caZgnGtq8aWt1Mpox+zSEj3PQgqFwxBjy2KirKlIF+Mp0pyq3Z2Jn36WtNfiV23s7c64vy+Z20Cc6pxMkbfPbpVogi8nCDwyqJKqbTF8uzivPpSrezbZKf8D1JfpbIoRhTvsQizO/ynAdS28quHrS1a6njg5hpqSkOCjMFtu1VvrFhCmAuZxfP0bL1xPStNHcgtjfP3TI8/8LoDWHHbodrGLlCTdZ2xHzLSi0zIY6UkcpjXyj2kB8CmxJZPa54/OLWfxTSDT4qrRaED6Y569eFMhDxUuiG9RIObsxsQxyJXjCG8ERFmIU5lTRQLVUL7L/adBgQvEnIr6XW5kjJlZgQjENuK7qR3G5gU1r0//MfuHjzCuUON1tMeBF+TMsudJ7xue1hQkNu3DENh+fJg8vMFL5GRPEuoPC/x3sxzt6rhmxINz83PSd+lrJIGRv4Un2XCOahM+jF8Vo3sinu9Sv9XzPfHXTGU1u3fIN1U2px/yjCSiPfwf2AeueDrY8w5cDj6g3HYlGI4F/AUHybpIsY58836sRP819y+yu2iBZ3zFtl1iVyX/8ad5FT4LdN9yXAzdTSh+NAZcfGe5mkU5CMwtocpWZU8nMKr77tOLXlbmO2DRlbXydNzU1XSUOdXqfv7I1R1XGUj3FnH6/8Ans+H5ygJUAZX5/W1zVfR9dgzmwnnr+QMDI8w6V0k5vT5/hScZHYdgnjCgVMDWJ8sMyElAHdHBfsIkLkaT2L7PdlIabVUI3SoY0W4ug+YJuLThCOwjUOOYIUA5Q9vZsriQZFv3JQI1fgwd5MlSS3aGgAHJ9IbFWOSavbadN+L4ciPGiLq/CtKAFv7oDaHR/CSW0XygajxeK/6izPlogs2kvHb0IvfP9td7BqPKkjRy+WIDPifc4JdTrwfC3P1viPidasV+SKXeyNro2vXyUssd8RvB6JotwQDBzGRYQK8wLfG3VvtCjyxF00Fk6ov8lRQfCAROTySbkUlOfJp9gfD30iC5CyG7u/t3S1/D09hC9rB8hH8VFf9fOb6ssm3jqm8swtQhzbsV+GyIjcAgr2+PEgebwFfA3JEgm7Kh5xwMMbJ/zx+dR9W3QHNO3x7sPN7Wsh8+pP+Udlo8tAOcfiOVdDFV4vppenZhx6ndLXogt7llnuk16EoppVgaThbThpljrRq39fI6zKeMprQeVdpomB/XfKGe5BLNjx+fvMg+TDC5slPAOqpTnpF4Nczdt6lhMR8Y07/AB6HO+H/54P31+88Lr6gLbtJVcHtQV5/qQ4TzlCDmSZyJorWZMCUAhCzD2ScT0H5myM81sfxMUqjB9HnywKBTic9DpMlENOW1yteNC9g3zcWmVCmsXqrgWvMocHgwvsbSWpTYVhfk8T84rpAgYeIh3xVULBlGEqlBoOVGoquq9DVVURwIgbUb3Vf6U/xCTXyBWNTOuKA75pMSq64SRo9MR8D9Vqt484ZK/zzY89Pb3CllAuK7HqO+f+lT+iVvDYZ8Hd8R7TTnnR2x0jIiEDUkBH1QKKDdz96Ty9cnp15dqp0sf8LXfE9Y4BrVda+dq7AV2hXuuFW1CKG3MzKx1jImIdbp9G5oM0U/uceIumQ/5Nz4FoeV9M9cdSIDwAFz8QxUVy7ufNx2yvbb0xKK/Q6D67RRJk5B/1OQVN+I21fwv4NtnYzzfUP7T2KdeHa5SK5394AqXlm9ytalv9bQV77ETKKqCjOWJnbEWLxJXS1ZqJfhU342iCX74CF1VLmwsOVUluplkKNqVtaFFqNcFEHw85g+e+u7fnol3LAzOxOcdYpfpg3D9eXHFaYnUfLNYEEbqgIC1d7KWsSr845aFoWfq9ApJ4VMcvhh9BZtl/u6lIQtkAg+wOyvCdairyunfew6QyhLKvmBZIW19zDa3z/wFZ66d6uojdViIVC/SHHZbrh5EGRfPCHJXq2npsbKngyb+AkZD/vxuuHA/6x94P/5iPmjhbV7w5K+d1UzwR4pWjogrbpWtQOaPwtrPebFdjtvs14j9Jz5a5pJSzBUhldl1dLy2nK8eSFV9sxsbZEc49WIE2iY91u29QWruQKbwU/HFPX/r2SooD35xptbBrqM/Mu5XComqBjemrlP9U2Try9CVwrmcdVhAt/joT9vFWq/Cj8xttHq2RkN6GggfYUhQf8AfRoF/BE0IA+6mKHDUSBRadE3A3yO265Ks8bNnnI1b9tf4ipPYQMamCIcq91K+My0rSbc5kuBd/IKzXc1kcHXPmoKGvzJlDxYyU/eHzujaMNCST8ymthRRyOvrz/of3/OB5WEaIkCz1wMOrQr5NuA9g2Hq7o1lUSXgGOzCR9t3OIYPJmeyy3K5KbowzeRhu7CUdUf6HUNuMXhgMSWcz4TTi3qQmHco8pjZWKlkW5WJy0RSsuE5p0JtfsVbrPX9iOpzEyZvDf+vu350qEHvyFbJFCd51uszFelzjzlc8tlGxZq0REqVTluTMdrJZOH6XoGj+zKtEpec9FiQUeVMUNm87FH947Rb2pzmrJ/c7T4hvokwObKx+iVXdyIQx1xI0NXz90atY07DfuUtotVUfSOKPvh8jV6lEKIxpdQhf3V0FD4eRac2cE/5epPL9KLw+nD3vu0E9Rlf76Z/1Misq+18jAoSCRBStfGL+EVvk8Cp07jyyajZtTtAwuUdmBBoadcnWsuDbaA4I9RV8eashr6LQQpbrdC1a8yKAx+IkHWK2XI8/Snk+U9M66PATitTPBkZXtoUKwhSRNZrA0xVA22NPVLZifSz6855QurOt3QQ29mZPNl5puPRzaIyxmsZVVEFxC4+K5iZYPei4uKFvP1ov9SAFKBGxmwFJSrjUJhSF2QCidPuolP7pVZ9JvR+nyYtc6bTrFspnw+3SNDOwCfNj1c34e64TTLcIhbwjJIhOjwGFJi/JCrJ3s8+LK8ZDQ7qa9eP5vf2uGWYxUjy+ShgeOgnDbcEqeQqGUNJrC7f1X4Kcn7qwlqEGA6zb6AP/F0En3AeeaDh5ttRXokg1wFmkDUQYjuS7fCBLVX0lawTugXMFayvfDLFPSHBsYJxttaQxxfbkA9bAWaXoyULlYG/8i0Xr+6UPVDuBddJctrcdacZjRhg/EAtzOI2YMujGBynrgaqeQT1eHQi2jCzIFCu85SvSSRrlmfihXASwtOxjA8j4P9wugnNEeYXMbS5ljTeV9n6Was/ViGuyJWMeXWRGoRlQDO+jp6gkaAt/Ueja73SSpLh7UvwYzKObGU9Ktx0QEwJIbbqFilRPGZuErgXO7F9Nfr7h4GdXbR8cmDjG0vWhe2uPWM+YgFwB50ZAa8QgP6w9tW3jbb5H6OwBHFRb3GEHq1cxbyT3K0BDxen/qCjVPpUVQYeqmaDohDif3dXMnXsn4E3m59YdaL1M9PKsnMs4pF32PNyiL8iNxM/h7abgr/qOg6JqVlYpiFTiar2itf09T+atmn52Ozx53C8Y1bRLjarjFHq4AmIp/yct40tgIKY24e4gdjOQu4M35zQxK2BC3696KwkkJxa2pjBQGqc4jIDcAQIm/bCQvtLpvDTcw3eKSvfRlFH3aeMM00l7+k6kIRRyOyMWBCQPpYg+lgaG/bc48xlMFjD4D2vnxtGhES+xc1W+z3R66Q33hHE3b0dsHvHDDaoZPBbKjMhqYolsxBrX69qOCSpMlhOdWKQfZmCkoxjx2M19pFjYUWF3rv9hWyP9p5bAdxiREWBE7noPWgvUbqvKp8tnc4SmklAwNRSyvC13gAKo4oBqRE/mn1Z9/KSrajHOAZXAHR0LR7b6an6X+RAyok26XbbSnWG3AFfaaGvXBunb0Uk9oJEe5bclT8Js1ACXThudlr2DjAD4x5tfD9SjV5Q9wfnnEBQ5d1+QS3ounDWtJJ0QQEKXY77qpIW3l/o601GGTaxoKjyWtwZ4Qwqo7zg/jNu+lNuC6pxPpe2xgo366+6blAqjMyFK5jvJDyG/vovYOOyTnNQChPuc9jWae2+urmo2mILH/+c08q3oSqcdh/C7sF9wgIi0dLdlSMjbcUVmryY75D4sWUbdnG5jZtPMKwRxWGzejNartnVeAWIGcPTJB56lT5OnBl/z3lhVVcdpsjFmk38uDffi0S5pcCvgOGh3Efp7KeNtlJbGswzPsneSeZdzdSoltTV3F5V1q8vzNq2PKvgv60Kq8t7O6U2j6wZfuOIMl2qBS1TA0+eg7SIM2JQwBIXYJEaUzYRnnpYBtcgITXzXeo22eP3m1YUQ1yBkI4QpTf1RzUAhk/j83Vbv/W3/Xylp+Fgm1KphcTv+fScBMq/jo+/0r4vCgnbeZdZ2rLpPeHGfMfZpqCk3aCC3UmC3OKrhfiO/G5xhKgCHwTngmddNLGi3q8k+bgwRWFizuNJDekbQWAYpTChxkPyFPLHApESXnVTnOrFtb6v1+WdZSocB1M2RzJ5xcg4fV9MrI6FhhIf/0Cc7vF5HFLtTbsMNy1taaOuEyMqnUt1g5YJlo15KS0AW+cfatuYvSKqDYUYWb4zbhjHZrFBKJExR6pyHDFpZP843XsWcBBk5H/Itf2vk8+Ecw+k016UTUt8tUW95vGRwEpU3oFlTD9RX3GsipjchNmG/gWk1bh3gIVObzSuhiZrE523nBef64I1ELOP9bj5VNRiW85zjMihH42UZnvAmprzNWlaqxy64xph6mzIQ0OVuFk/Mzyl+txt3MXu9fxb0Z5Guwf4cvU2/nBLi7v89Amx3auudS0hAB0BD9FWNBdAXg6QOXx5R3UtSCZjZlwNuWQTx6IfymCxIzEzlgUs+LoV2fOV61Iqb2ZRQTukeaLrKuapExYRk6/OFpiaYSLZ30U+wAApsJFJN55Wlnzlrl+heBJfU2CYqRx+stfuRboQGh8q8Yu3e42Cx8T+DHWEkFsu0lYpy+yH1gXa33q1qunLlLW1OhOv5pihXx7y8XsZxs2XXb9yVfmy8oGS/LYy5WmHbKgn45V5ZakoR7aA0IqvQb+uAWbBrKhvf5NAV2fAZMfLZ/6MQprXqn1f+ffLPK/Lq1/KRJAyMU7euRP7FTu9JCYSiXBw1aipp501zAhPCVXXuXNHB/Hu+9AQaYdo8X7nfOpciJ/3ODsc7x4wAP70rOXVms38weTDgxBQuWwbSSSGhIFO0sWsNULM5ENC/1TvZnq+cwjkqbBw6GyobCS7qhA0SYcHRFxwKuxK85V2cNPcEDdtg9y9W8086s3xF/BsHaXeRqGjbhPQSxppNbG+a1RFtiBd1xkYdrwZwmpxQtO/47tE3Qn2rQlIVcEISXpaUODR3nIcAkgyAfnEw83949dB5Z4dMDOLkv2dlrm7PjOfZOA+I+0UHt6fKaEb5N5SW9KMlRS0dZTE0TGRTNeNwj1zkw0KDZX+Dx5jscxmaEwlj4rxOn10mwXhoHctTpa4ltF1XU1DfnZvPuvokPq2S+faCrfAuSRhaqg0E667nDVCOIF4lbYR8eJRT1WnmIbvNy1aQ1PfZSf1mPF3u26EVaOe6zzbjN/U6V5/QZS7gYgAJYAiWoPSm5DAZq8hS1hWW63CWHi0aX3diJD/180GKVyB4GA7ufE5R1lMJWinfFlfE7jf1/f+DR5jeu9FXPLRjebPybKR7xL1lM87btKDstm5OCm5YgWt7lAo8dg7xQbYwJ4ILWSzfxNOqpBl2Bhv+RgcQFvac6bPkK6YqBYB+U4WcgcCoIAaW1Bg9rcPv8157a7NBa5dutXoPwtcdgsuzDBfTFvyCtoNTvnHnxJiAOTDRES80gn1pbCjqy1sgI8lnlwjc0yz+rQcbGvcZEwOoWyjtCBV2422i0jXnZjOlrsXLpqe7OuoFcx+9ewsXz1fCMrIqTbQ11YS6xrlh/b3F3agreyIGzjq0ep4mPzCH1Ku166dR+U42myX8c2SHaoWRK5XA2Fq4ajNsB2uezDTubr+JS9layFcMJOnKpUTY1uIUBM0AmwCXxVDPtezm+N9bg51FhnHfJtEuRQ4rlkiQs0CSz80UQwKAcKeP/vc0+bxRKi7GWbD3jwQFzUrZVdXXWSWP5Pa3X7N3OVvUfAzeydA0a7XS3xzYbrMoV3B78R8UcbW4ofvSIQtixNWYaPRkIFU98MvEscv0tKdpo3n84ukGnAQhbUg1M9imtNolWiOhvsvQCks2mx7FBOGXK8pMYz1jndp1XIbGhtI2uQBJbX5lDVt4O5R0NbSxYDAxJF+GMo0i+T2/RlfHAVcOqS7C9wf56CYwqeWMpsdyRWL1V5mSn/Gyn6gOT72cuTyt2QAggP73gh/i7H4rTc5fclYRZBsei+H6mMma1XD8BF5k3kzFui+moGm3j8vU7E7llaJ3f919Agxb7qrsNSqV5v1S3pQcZmqgjG4/fMK5/yyxdSg/KV01fwv5dusDhG2qMC9+SHf0VyeqkwWNcTCmpU6uw6rEDQdQHAirTOwd4R/gnk4550Og3ni+Lf6Asw2fAwlwTRDGVgaM4vIErP3ivkJDgBLaH2BXd5+1yixBme2VadQRI9EAU/aaECXhvgwAMVdytMFUFf7QExldnJ0/I6mY6ZepLUS/1QKE7+KMMCNJRw/xFYL3pHTS9TlhU1ECLserQrLPpvv70xsYvXXMDhScZUxRhdsEpF88nvx6FU9/1WqGqLD6mTNkdkSZvf6qzmIEnG8qXg3qiBSlsNdAHDXQdlovwm7tfPELhiI6y9aZy3vaiIEdliJNNxnzJpV74aq8ua9lqTSHPtZCxlsM3ReINQfFj4aSJsuCnom4AmlECB6/eGtdA/yYEea5OasPX2is6tvKK11LcWpaxoP0aABTDsoPv+iG9jaRoJoe1Xv+6Yjs07oqN4Am79lODfcRlcxBismPOwniW8c9YDxyfm5tWx3rxosoTzdJekVuzz/dLMP2iuHo7+7zAb/fryMXloTq1BMhPUalx9B8zVK/Emfp/3biLJVOF8t3wsu7+KrsJTQC54+m/9m6/Idue7XlzDqG82TzXDH0+krpapNSCxwN+lz90Xed9GnGFDk03fycDkuVNvxUIQHNLjUTZXvyxdVvkpVKARFVyJztLwvTWMrPyri7J9qWSfUMhsmuhvQuM8sYF133XbKcrTs7d1jm9Qargux+BIQi8ESYYWvhUNWVcd+y+xvHUn7S54YPlj306rnYN6u3u5qQfE9mUSLFYsLjqQL45H1qv2F/E7T0vFebt29sw/RokTdOwy3UyNJkJc6M0nwj1EE6x7Gn0sHtJmKzYATcatltu7s6vmty+757QW/QglEIRrn07eCfB5Qo73OBHZkSeqWC/G81J8UT80lqV/C7hFUS9sUtYrgId1Mphc8wjYSS+zsHrjXMYMQXQFKK13pnPw8uwNRrH2TWMab1VK8Xbj3z5SOWzBcwJ9d8I78AOmdhK9FAYOl1fWWLFfJgdXTC/hkJozSwanhLJCh7NXw1/uQUh9O9tlzUYZyzUSuhSDz+n0arcvckvfKC2tu3jVjsS4X8Dp5K+WumHLQgx73QPWDQv6jd50B2W0NmgUJk2J3ebFXzys1nCrz6fEaBuVwB3BlGOUwq7Axxen+MZb5ghhGPZYycyQcYFgCphyQIB+STlT5TbkgXnW2Yua/6RmotOlJFckY42S46WxmtqGqy11TQBSdRusQeLD/FqzwgtgyGvwjyOYYI8E4HaNNF7XvXe5aE6Cjc7HuKb/Rlv9eCytThVP3/wtgJhmArkPMfvi8X3UbJnUVYIWEAIluWN4a6rAIfOfH0odagu02rp1DG2zhG3yLpneZVtcTbsqUZDKxHwh4Mz9TcqTJ1+JrvDlF/Kdq8t6/o1SSF+7suB3VKEJQmCjCHF1SSz+V2pJl84Y0SHP+BVRkuwdJ9xkvsSf48h8A+zJBc+v0vwCuOMQItPKxGWpTjmyW6umPCLYiBZF9WfLG1ZTRMza3fWFw41Lyfy9WAB0xphVShGIcw5FGHT3wbNL6+b0ZK72hpxowBEXGyKIfoYQsjyNI4NSY2JyoIuzes/jgJjtRizZ/61ZP8cCnvL0PxSfb7jh5wsEyKF5aVBup2Rs6RjPM/Mg9bWkXGwhTYWdV5GkTrhLYygMR7GilG1T/rTTECh/bPJGgka8zzIRran63n32br3UxsF6pAHsrcqQoX73wmEtPZOKFzMATU3aJtThYCw+f3etW4LY20ssSvhezBN42rUt8unojSr+ScsMFTab6ITqbWq1E2JpoE/9jiNJCh2VsXH/w1+WVvvPGD8TFte2115giu4ii9Oqo75CnsDvMwg7hRG5EtIohKFY7qbU9rsXtt7JqfRzMoQVXTH5N21ha3hxvikFj+LjRHa+iAqKMSoCmhoFRV78TqR70M3Or1yUVkshK0weEJoIQ17Nd/hgeoK9D4dj6M4DZ2rdoaEeOcsWmWsxyi8ocVgKSSV2+4qKrp7vJZZHrQBSDhhuhiGwGKgUT1wO2b//Y7fgnz6BCD1/oraJNA00rZFOphXaFLv3a9Nt1YWDd0N0yIaVK9Vm9fT390vC0iCdCxsQCQCDb1rcI0p5WL2T/tN1ozLDlnfDsuxL6vtTyOLd4ez++CmMskwy58sYbtS+6RPyPm+nn2qd/ccXWCojRs3WJe5q2FdzS6MLrKrMmy/m05QZJPiEKzn+wYeq6WXtgbbVv5+OMz0x5jMr6ayRk7PJesGtpK/ErME8H9BJGaTMpHRcfyh8/OeZiILyfv5l/mt5zn1Dx5JOiPAFJRNaTdWtVa8CxrnzeyrMXNWefxuYLnVUKtv3sGjLqdJ717JvWaduVscaAFmbxiH/aB6h7nqFUcqZ6KV1Ao/rofmrowNKk1y9b8hP1xAc/r6R35tgC6iXuJ2Rv1Q1Fh8NLgKToZupyYtdImQWNiH37kvaRLpYp63j/l0ec15/G+IbHlDlnxVkdNnTgPlJ+z6u/ERaZ94/qzNirvH4Uweks+qKmA92/R01Xd8+/mycuP9Uri1dhhlokc5X6KNT1fliCrsAvbeCZbv10iubyP64I87/eRyPUcfALra3w3DB4/b6+kE3/3CEsSJjiqKaFuaJr37uBFTTYqXTXZM9ys72en3/iorX2vlO/mQPd5qiudaYAgmSmU4nGSG6wk8lLT89aqkHRBntnyjeTvZBw3X/OnzMnGemmm4X61MspKOgo0IiTiQFypByTvc5bkI2YeyrE4mk6LlfRcpEgE9NUNTWJlvsSyKerC1KVh8TRkmUgbFYMdiuqzd5Ip1XMhNWfCJ2OPOgz32EMdZYoRPWJz9HbuzLEZGYThfLIES9wrxljJXzvzFILvnuW65bCGtfpknzXTn+YQo+I5QiJlCyK+BM5uwLef2uuvGCbVtKuCGuEfcm2fHpV2K6wXeehBjeo9KKwQbUQIg9e8QIzoh6q1QKDhP4Cakzl284KZibkYXpXPxzc6wYxClUH0CG/U2Q8geGkJOr8OlbWYiFI+DOzQWhEPJtSeVfs9Veb/Pwqe1y1TxP6WdpBgc5Hi34+wd0YNPp+hFv37PizI5w+7g65JrvXa6Ql3OH2z6IXnBhYxdyXChTmyMzQZlxBrTqg3h5W3kwfRcx3IBcQNk+cHySVvZXyZ1GXreah9Ft/MkYDfay8L1fDXN4PgkDfoP7XFtjLBx9HgjToUGq1yL1H9kvpaZ6bT7XXR4EYophICiE5iHY1U82BctPus2mGTRvKsaZNYVNw96LtN8wsaAfalRo70DvJlBnVYHIgl3/PSJT2IELx2WuvMCo50x1dZ6r2V7uOUluBPIJ8wtBQhJDFbLWq7+U1BSwr06/xOG+i37VNljTiH79cT4waDNqKXdemkLsEFEQa1VP7eFbMZik7wdrX8me+Gdi25uffzenoCxYdGqaWmMYjE8lCvElHXsGETIYveMffZpdexmSLeiSzucrvmzU/2Oqsnz+ukzu1hUtj3eB0XxbbdbS9T6NKAvROem7EFJ7MxbJ9p3GbgHdnt47FsIu1tqS+ckQFpHBERghldPVnV/A+2HwW9bvT4L38INvMuW9K08XLa1duOQv7o6M7GjXg0n6XF6eUTZm1sSWXsYN6i5VX9T7vHjDVmbqooz6nvG66m2DMr45khB5MlnXrCrBupXBMmI6w5uYnHFxwzn8n7aeGHkssxrICgR03vXdff2BVOT+tFZZpbPZkrf+EW2bLO0csoUomIBpetgmQVheysdFowBZcfpBpdFVqe3UJPhXwYBBdVW5FLvYpk+89k0AApUcb85us2QNIM5oxivIncdKuNGnse89UE/85alsg3r1+ydvzrnABqm2mdjxiUL3PS1AA1+KOJmrXJT4vyhyA15sqf48dhmCAe3cuBBvnfzdFXNJ0B0o4DXaQLtN08wZajsxvPB7AUxoy6D7+jgWm8bqU36TZlyXznzywG/iz4AQt9NnZML6QwkOnBz682zZriWXcBP5M6NcPsk56clmrkLb2e+OWXAm7/MkJbMCDrga3mEHRYEf44w1GBkY1izlHzkrGq+L9q+bHb6YnVt1WR5z7IqlyJF2yrGy5r5eei5wY+52afbE4rWUoLDVvnS9U7NBdaF3RIl3dGgB+xDZu0u8Ec+XEOSBbFyFJSAaIxfA5I8YKJASomuO1Kv7R6kUdkgBeycO+daFoVxgpf8DjF2KG14Fk3T1sYQK6f2ey3UulDU9+C85mz/fPwQ2mypt8fa/U5QxaFLQF15LQYfm6N3n9Hv/zJz00JNlV84KtqFs0pAstjyLq9XmSnZLK+L4IQvKsJBTXAcI956UkzUOPdXgTOR6E3fiffFSoV+jFrfKsjDWQX4f39lR9DtX5soFoV0pDZA5tVHu9NAgKeq1vi3fVR/NYDDl4aZtPVg/7yvIJh7bUeX2A5h1zc2CAdMgSAO+1QWAnFMu/dav/vnL68J4l+FsnQox8+r4tv8IyBfQVFIr+C8jhRZVnprT/vAk/O94x7eyrDbsNePJalErNX4hLmBJ54lZXV21tMV2vQ+bRayRAtFKQaYx9HvP72KCU9rhtIG220hr/vE4Og6GceOhv4+fI8TP0kslEbcqmuz8ebvIU9vSR5pd4hR0+xq6c6Yx24thakJDtu9+G28HXIBBvYbZuSwR+tOYk29qCglkGaH10Cs1tBY7ZTrPaIQ+uSWqPlGfpymKFgajoTP2gzq2uzkPO38xzTiv1UyJ+HPnyq5+ejqgXgATYUQxygGIoiUmYe2XexnYQ5GRquzfyYkiCv1/zAoMBU2QBr/p8QFoYpsGBS18rLkfxV+f++wMNmXDPFYkF0VN1K0+qdGyUCYHIOKL3yegriJBLEwGBm61Mg8dWWVr3/svynj/YW/v6VUfxoFTvYBfqZVdca25SJQDxiTsSy6dSTj08fO1q+e1OF3vZjE08ONGwN7xPV0OUhPkJHu1tr3KAqxMgWy79Xk9bxSZxFDQ/H6ELS1ua/jb/k1QMMRnZijqU93i9x4x/YvjNkYG2zfKhgnvYTAPo8Zc/JThF+UVTbtsdfmHkliJnpGvhBDcdp95P9ey/gE+UBFqgag7R8DmxnfofDmtag8wnDK4/G3NDnue4EVxdZTb7hwgUOG4F9LtYB2m1Gsvhvva0csAr1mw43ODVgtZWajyq9Ej8j8vN70wGH/7pjlfPkxxShQz6X7r6zFKvyEpNprb2k9Fh+LxEgSACNeKGkGIPwLzSar6XiVdkq6mKmgadbZs4oQsXvyVcojdSTJAn3OIc0juboQpkgBLoY8dD7X3nVxSZJHwCciJ7s9gha35AkDYQ6D779e6rU+nXbC53H0iD4o2/uRtzaFTJQ5CP1cjWk75Kc+XlTETNTM7cM14VnZ+c8vRmfZfp5zTbAn1iU2jD5pdhhiZC1SDO8rYnUAutqfCnmaFJxMF5egGuahkx/REYdRsO9VcOfjWfBOlQpYIUFBaQJiLh5PKeO75GniwKb6e49uGIwZIhEv2OTWGvtoKvIB5HhtcHTCmCdGrc0daEuxwrTL6UDkl6PGdFeNw3IRDXc/iE2qb8L6HYGU65+SzWDuY7Ftc8as3qSaOftbLWXEu0bBzgY20WmGsUOYSOvsVHSICC011fKqtiSmR/fufxC0dmFrpjkqV4vwpHYQlOPojiZ9BW2G23sCmT9MjhdES3JVi0c575n2n3/7xiy7/Q2yFYoeCnM9KIsLEOsH7FOszgoPnsCFjt09GI4qaF6n6lpClCD+Eb/MSmiGtcf1yzlKPi3yhlm2QeyAIz80aP089vvx+qTU2360VMK8/Lv+Ddj8jAtnaTpQ6bQOLPuNO3rRXTP00GmtX71ZYzmEcqby0cb35/VEimBdlVLNgMeUQ16+/WSinZdD9QalRH2Gb2GUR1WOCnceBFvTNwfrf/qX6IxphS5KYPcAsEdKW/7X/OjnICDQ2YquvB4y0++/lCKLgFU7aooj9Xkka/xSDEsW55rvM8g10fX7gcxeelLZeDBukeq09n+Jum+ctVCxwoutW7erz2yXyghwxu7DtjiO0ISOEDbjuMRDdhAjrTP81LKZZ7RSNN2NTt7dz1aIk5ruYBikabsUS/9hQ6LBXbfhnI3k8s2au2+6cZUssv+KPf/Ou2GcSPPJqkkn8/grEqDUu21Ju+ynWz1HrrsvYh/eAtxf6/EgUfH1L3AIJa5AiG7ujISfOBVDH/l6AWHfy78FH/X8DXuYDZTsalMUXFdzx3aowF3pglw6CmGxl07151xSDRIGECTUJjeaano6kbeRQrLdEF8/cXKX9Gn9V8CD0ziK9qho/JaH5B6A8LtFJpO9sYG6+5eVL14GkYOTdDLw2hEVN2N07PZfXKdvg2EOZXTEMK/TPYNRiYR/TI6BlxraDgbdsHXTlAGO+32Ocff5r+i81Xs2Bq78uDtqoC5qstn2IkmW0zkCufPezSWbCNTLFf0+anYkMRHy8+/GxZFvO+tJmicV2c0AnbVPbF3AO2Mw0NwyMyWCAT47mqishi2U9f535fqfc4/qphUMmMZXCZ/pLKmuv7B3v1BWKx+13Q/2WhbBI071rbs05L0qrfqSYl//meEL3e605yjcSjI3gL5qhcmHJbR40jyoyWRTZfzLh8BSg0R7PvE8fziLW8PeAYpNrHg2FwpeOghbNSENMXbt21j7nlcXj4wuzfeBWkefCEpNrZnqXY5VZ38S/AUZ6eobAd5NSuGJV22iq/LAtQ5RaGbQJS2OMy55EiVUl7PZ/jzu8CEnKHnHbsocZsxyJD1oiGeT+LevMRP1Jlin81p/rfuJtPrpOp6YRIZ3/PW5mLqmoqxwcKbLJfFyTQNZwrJ8q8btL+6lVwUI/qXuH/mFtpDcHoOY0q7Sq+Iqmq/5rdzsvXhFTl+DkhtPCfXtlcLG+6pHFf98a3ynHxW4NGk9wbfnnBQVsgX0bc/EfKY4y9GRCj4SO5fzKS6N5mHdR/pXeDCIl5Amz55tUMcfzhSjqZhu9LhkRCkBjqV9bLEZeevzMach4JRfyLcaafj2DHpXcCVppDfHQTYuyIFoAio+E9UVhNxSF3MJnqb3tZ3sjHj+mnbDbkkTnglbqrn5asYqg3zpw5EjMUbv0Nn3j92DmIQZ67rJBur6n3rsI7tCPF/+L8YQMzV3DbON9cNicEAB0a2EwzJMPo2dI2MZ2TbRv9i61hDRhvlSHLsfvof2PSHnTjf/5iLIi/APu177SHtnH/blus6mySOCDJkZEBkcKgfy9849/9ZKEpzGFmqedtqpv/n2RTZ/0cfeWlgL5YmoOZbcUk+vbwiFtEpvl49tI9db2ndre175tE0iBBnfqnS9PPn1skGX+b48OlO8sFVhMM0sy0ILUxT67JwctfdeOuRYZgBmIst2+J7zusmQWeuKyI8Rpai7wTu4maYSYtYrOAritziO7CJ/TE0BIlEiGheOqaiVr6vMwQ2bUgroBBrSLO64UROc9Gp6AGreUGKptN++mLheP6RXa4+EpvhcznUDiJ9yD1z1Z32AVxkfDOyfzvu06zNNai9z71d8j6p8PMggZDVPiuOmvLFB+qZ078OvpMHN3vL/PSLULe6YDxiSnl9XO3qlbz1ZymkNyH+ci2VVbP+2+O6UzS7sQQyn0Ast6gv3VjboprfGzSInqPCDdl8ONdOWIyKKkKexosH4FBzcWwEglHankK9LniiYPmrvL5VSX4EX4q/lJJDsfS6Mscmp2s1Z5ouwY7np3nDOkoB5e/unnXQuhPYyhX1+XgUd2kwD7THeY9NcNrtgxuLIxftRjaMF3HgoQGDCf9JeRrG34zSiWHVC0w8z/hZZkBm9qkzaSSZtQ8D9J2AgSft5S6+03oEhGHWawXu9epfNZriYu5W/94psKtL5f+bDPi+h7rh02nvmYYcQoHELGftJp53+psesHIyOZa9y5erzKb+aQm9vmLZ03nIho4vVAt5en5K2hcYgTPB6jZ/CltNVPaAvaefrk8CS6IJ2K4kaO9JQ5+llXKiZWLZ25k4+tOhsGM7afRVHQUgIWrE8e04sUjy9tAigXBzOMGqaudjaXRd71ACoKe9SSLczeYjmDGE2IgbVAgXmCRV9dDZ2bxlX9nR26WdRbfddZndKJEIXIDyTCtamw7QpRaysNLxlprcLyM+B1en63M+dlQYaosrKV9bzo7M9CO8eHhnviKky58C93SyKEOQZbQMBakkU+o1ePbaIounMdnvJau9bzbp++Hjfu8q5bIisoYA7ZloWTKObcU6gbl5FgIO29WzV8KF8k6iEOgTVP/38Qd/++weWJaU3ejwAGTpaUrH87IqW1lVlhDDDJSUJCrAk9fH19bHLSLlnkEebUFP3sD3ZBm2FgetBgddeuNwTjGgIkZa8bkhy5qiLyc53CFul6JftFgoXSRajCZGswTagYt/2bByEjOHSVBXnUx/67VM1lKERWUc6QHnR6FQow3kpiNnxHvooohb0suSAO96jDDRqptfTFxm5UBDQ83GJZjFeJfN0cdtIZ+/CCkI7+VdBM9yfpud9Ee9Us4WdxWz4fHV2nKsQK6RiNlcmB4Sm4hrx46yPQ2rXa53jQoBqVUJh6ZZbhg9sSQ7gXlbvquAyyf05cPNQQzAin2ObkgjD7Rxm+aKfZ8xkfpZctLPLVxHUPF9VoUfitXiLezsQdBKP1l03l0OTh25euz9QM93fLtmp8X/RLOVYOvg4UQ8TYI8Wg+ctijsqMCBrJOBIscKUYbug37sbfKrf2dOuQzZ91mSEWEcgS5dHTAnEy4lIDbePvjdNZKhpk00MeYOggFxFCZAkj59XiF48mo2UQ3z5cU/RcX4x8ZpqPX4DGfqECNte7ArU25nfaK7mIf/pELd84maZ4E8dJBKm0rH5vcCNH4cvfCA7zpwDdfBwG5//7w4OQUdWwJxLWa/Bik/DGj+Px+3/dqq4zZCuShKM8OesQCH4V8iWDSayiZdmhzcNV7uiT3mbau0lxIA8K50plrbMR+N4XP7hQV+qxGoBL/Ijhr+iE8GySilzPx+3gQBi7ZdlN1BFAAIs1ftUXpsFaL32He24f8T5teSv7ns7EF/m8FXv8JwsXzNi0wnYxb48L2Zfcheh51GEwtdBotTAJZB1FAULoXRJMFlDRR6BHOsPEs8Pvbz/e/gc45juJshVEjFFaQECUUcSUCNHDUVWA53voWb3/Cr/8shE/lIrgw1IPenkQXFs6xiAodMf9IMbyFGKqBZh3C7Lwi7KcbgjVCyAoQs0pfYXSu9xiydPQwHtTHj6cfq0deMjWn1tXJssxwtg7fRTOzCYDAGFXmZQhqcfmx0kfg5iwicwijC/8tVDP1JDy66k3PJR7QHKOVDG5m006j4fu9xN7nQXn809CWQoBjflXMSuTz8jF7sfaiiGYiTyIc44W47GrNXKImPl6+I4cn/YZ8KA5Brq9Ot7teKhqALbrsDEeLiC27FLsxgkhCs+5O49ry1LfcWy6stS5zv/nznUVJd3ZjEBA9n2eyZ18h6qgW6lxTRzq9SEbHm+nyVjfI1KI0Nt9k2U0dpy/JlfIIgsuz9uCSozn68kaWKvLN49C67f+drTpRYZsKwy/nbGwr2JKO3oikHihbMsj6k7zbUHewX89Q5S4QQODJhQYIdjoVjP26aWbD3ltcVBo9uTxKrZOtcXuI+YyTINcTWi0pouCTV4XgkDpCHy/qQ+wdpDWlgshtlpyGTEpLdTOOhuftU8JZ+cr5MIQRfwER8o9obVqFz5rFA+4+58DlGM5wfskzn1FIfO5/KEGNHXXNR3JmjXj3Y54l7MOx1ZUFin82Y8mJRjJvXL8WBGSWhqED5xUyNB/apBPsoP2dpmNJhBga4yiG1z2tEPY5+MwT+Rp+dApiRGi7OB69eq2yebIsJHYVHdiy6kvnw5Y0Q1But+at16bNQ0/Hrp4L0+gosqM00QW68lgN87IfDpRnXeVPLcg/ZPfxrpw+TOlgVhQ+bRDjdr1vtkl5fTez2PAvgLHW8DNooLUjzLLZal1ubHnZ4Ka6utBiljnZ1MgOuJiL8Ps6YYrpmSfae15dMbk5TCPC/Jj0AknxNYPA4CBouo/5z/0udf9n7VlvJPkFvR8upmUbo2OVXu9sAd2BUQCVw2zGfi8R/qfurA19Kd4BSV23C4ODU/qwO2PJCyal4wEBzmbxXKY8mhjFuoy5Vz8IyxwU8jh3XFN9ZSTPbVKpodOH9XZ2pkLuHwS8DAaXobQINdtIXRalgkxLQ5AluMANtb0m5jboJB53bG3f+sIzsejtE1dP1qwaq0TQw/Wu/bRDRxX0w4pWPlUFnTuQ7JZq0GdKAo2Fg5M5rwuG5ZzGMoNXfuoVH6BsDt9SRKovQbaNZrgoszWAmyPHHCag9c0+wY80uU2DrqhYEBpuT1tP21GeSJ8jbp3K2dLUJ0iNwz8mhJIC7kcyhfgfrgXmfGtOWCl4/+Rwf8r8UZ2YZQ6NMjhBhYh5GDzwrY3jgeYYr390NAk4hsPlxH2l39O3ENLu4GyAa/XDgReOZu77s1PVSYCPW84FNXwK/7T5bTGWF7giLOOEjXyn3zmuzPmbnlXoHVVnLYBWfmfNlmD47gN0DHWHz9Ke1RpOhLTtN2z7L+6K099tkKUrtHzxuBNrW7HipJ2w0qt5D5XT3zJqGQ/bQcrKBTdMNMrL4w2V5zwsd4SvOpxSNtnGOzfTjg6gqDrcf1km5P8QFsmWMJabDg6L5df8xFX+d4WAXzx1ghVL6NsVX+kOQV9REtMZavnC1Gw9RRM+zX3ufXH+smP5fgoKKHfAG4rr4IREUgNiXYmRkUjowwAoZC+1wqA9J7Ft2YqqWRzVMT3JlCiG2d4djo7lBoinMJDL1zCjfaClDjDDDPwFVauoxdxIPp/ICMRFrAnPbG/qZUwgCDEd1SWapMq73U83Msdc2LXdhVqjEYgFLjgNSc5RlTcso9Yxbolcu2/EqwcjCjFPvgqa0cUOtA4G6+vUvpE/kokzw6+5wvVjZSpG7sQCMXZOqmcSBKyyXFH7twX+S/VdaGItckFnBePYh5VmaNLOiJ7wQ0oSIMcN0bi1GWb4H4UMZBjl3/cuqJ6erAkrq8vKe6rADsmztgLpeHgvm4UQw8nSJK3eXgU0ggdW7RYNdeC7XOoF6UxwgTAouvyhNRgQzKcZE10UMG5zUeNvJs+pPPNMIcBsrEcb9TNMTzmaE9wywyNP7AYuVUygADAxqA5xYRegaPT/lo7udkQ31EaITrUamFc/TQ5K+zIZrI+MFfMQomCBqAHRggDA5YMOtvkDZVnPuSt5nNdKj/L8jHTTbIL/Eo3UAW27rkoL20T+JfPHucK7XnN5zr54ZkUkY9v0HU81izlGQcYqQnKoGbnKdxtlkznf45ZqxJZteFozwvkhRQhrEi46TVfJjw7VmXkCvjkftMZcYMs0v/BYi8h8mU/WBAZv9iZ80TAQAH4l+IF8GSodHTxpkT/3/ba2XK6ddmnBO4jgZZmtELAgJWK9XfV+VGrA5/BfducpFcKs1Sc/A+4cEj7wFMjLZWx19VEaHKuwtX1LkXbDZpo0SPEY8kcJEHAgjKhSwMAaOwOTl16YDxCb64mzP2Y8hEGhGOAvApuIF/KsTD+KUFZTbj7zrwUfa5WOih7vCZuK0lm8QYzGVPI5MDzbKTXSEdnP9XvZb/jAVuLLka+qnrpGImIaSY+ETJILCw1WVpBAJsQTuoN+Lazv/AXstefUee2XO+zkBx3yry+/+ZhLf+VmAEUzZc0s2+B1fP1nyVZ6Cz5yFEnuF6iFLrzzvrf/kF/iq1vVdzu9WowhePB+hHcpAeBlLm/xj/YBSdM1Kf0IrSudYhnbo6UV+O8YKaJjHl0oc9nSiBljwXZTOlSZRsi2KPVVUGf+6+117oQ+ciuK30Rvgzhcfo3I/0h6/V6SaWG6ezW9qKmhMuKPFfWl0AzfxNjT7WEUG2JuEB7d3Rhb3cRIW1lIafR+5qtaVVmQ+nzni+JMcDvzrhgcVzXek64lEgrV+YEk1f70j+y3KrjDg7cZTJFudVXTT3IS3oK/nchhq/VWmp9t91PxqdJHqtXK3Kh5acxfvl1HBKpruvLdsbVHcPbiCBO8OQSAjnTkW1vnOj+yGxwM/5lxaUwV4V491I+LDhWFEu6/D34Q/+BjEGpQd2Q5NFah5Sc6BRCd/hcgwNRWPMdiVDHr/XH4SD+XPlaXSqQpphuryoSI9Ta2VMll3dp4b7vPWSGM+MXRPlk+qEHdDMLiMDg2mIFAbKmuvPoszVYxgoXbwmVFPuZyqv3pOkIPFpHolZBtuhh0FQXNNt9eKazS4RYEbioGjLuz4JcdrM66rROWHksrweahqAaNL/9/KOl/wJJ6rttNUmvxSKwvm4EgN8CTvali0HQPRgkZtvhUDSwoD/99uTzPNDJOeVrlmfPh+aeMXH3XzHezUYRtj0juO6RaMckUH1yuJ0qszVLxkfssss6vYyhSngQNS7Df0QmMpd6DU5IDM/cIpNtbLzfmAuOZhq7aD16LU4kCtYjJgCHMLYIC4+lTWdmdRQCyVeHanr07pBWorXx0uwSwDgzs4rBhJoJA8/FQNV0Sry3HnwkXdVqdmOBD+7fNy2WtXMo9o0x7V3sGUiFSlag7Saax2ioxAMDAdthucplCy7vfJbWvCTvpBBTqR8W4nYie2d6JeHb+8nQ6iukUSPlb2QWeK76tSLqZi9vzf4CPdEW/1RiBv1c5Znw2JIQHfK73qkydXhGmarFufrgIZ7BVg6C39XbFaB2+vzy7di6ZjZBsWamjeZxKynb/tFYd7o/cTNAAi4UxENpBXukOU1ISc3B8N6C2M1ttH/W5yc5rsqPuYdTLbbP96NIR228LaO98QU5hc8pQ7y/3I9hG2258rnXFgEDmO400Fi7L5jx/b/lYIp4ASvD5x8fBvrW8T1PdnC2wUd4pAZmVEbNMMG1XBm7ShE9XFIc6AQJjuF2rakYLtvIOwHmGM+4dw+3qCbxjyBnvrg2LWrAgAWgkICUSMCEZSfqsfOpt06u5/JUog/5725LhQbKyR5k8ePCB2+AdA0y/HAa8TeVkNaCss9OEJbN/TUoyZywiMfbFbyknTpRS060NHTeh4WlsTdQepfoBqlOP35ypUw5ym9+yfXWsb3aGW0W0Em3zCNlYoEmAqBQOOnHjkf3gnIJfleX4T+jhNGf51dD+yCkKSoiaBX0GaquS+GuAXhRmuj9osExqs46ZA6pmCuFGcfhLyMn9ErKJY5Sp+86a8gFq7UbQQiJSFUlKqgssXjX09BzV+k+pIzQuDgd69UisZEAr3mBVmCbWyA3DdWP1cRk3ky7OweE+eX8bM9Ntbtg5R7+x7zHcbpXr2+7X2WYWN4kREIT1KI1uMdH6fT23IKtzsT3KOBIfpXNupkZixXB9ThTLZWgO2lAB/mih/9I4CqccimbP5s1gbpKGy8V29Q6s3yX7+fQ9Oj5cpvGXN1QFLcsbfktTLfl2yHpYILePqnRrxDtXBmz7AFhZJiw/o1yKvFL3fJBzbHcxbMF9ddIUczZFd0nu+mxDLCO0PHnHGiRw5RhF9Ahu68zLpC6Q8+pKejSj/u6bN8/NZNnucrG3gtUKywXbYkHyKvaMxX2b1rk5OVX+ePcsllVxLwjawmDG5r91dl1BTShKNCAtiCCR0ASkJEqCASlGIBCRniAtFIFgoWoiCYQOV/GqAQEBAUOT0DQBIh0SquIFCYhy4UJQaZEOFxBUiijl+vx6b+bNe/PKzPnc2b89s7tn5+zj2YjchMLW39JX6ofaHowpJPqxOInTpeZ7Fdj7kIIktNW8pUooG9HgWWALJQo/65N75L2lOwNi1+/mmiULuoYm/JE6KVimB+T6KS1ct46D8MkDKrtfPQF36Ycp3Li35gaksfdRbbdFdtXfwhf2ypyDn8GaVD5QZWnxckM4WvoU7pwDxkb8QNqji8n7Ibwxc0iL3jMXnKLb6EjmGzjugKRwwDUYJFizf9KlH249RERfDN+q4exoG83r6+p2/sVZW9P6XA4B2QJiH7qZrASyC7N91PLprrVJiBZd/XQU10XBhYiRJE+nL4j/qur/y/fRD+yAoXkeiVQWhtjCnM+uev79Df6p+SNhQKu7W+q8RV+NgxTYz+j1Jhqyzp20brbO3Sv1iJFsA//G68XMc2jMK8d6iJm3ciuTWcXX2j4epb0paJGT12mj+Njrw6e8be59RjQ+XkYlS2oa0kFVr1+HSj1bNSb4v5UdN+3jz/edkcszswhzey52A4rPvnM5fBVSdrsO7UyVeNRAn+CGfPW7yvk5J+n1pO5rPeUynQfDXzjh68BN8I/3Xw/Hw6SwtgFCyNqv4gxU4cIULYRWQjBvhAgfMF3uqV701tH6ldt/QMcsQ5l6MAkd4iWhqfnK6eCYXCZNQ4jOulSG+n6r4tiOHv/DRNZbj/WrPQlz4ehlL+97KITwsfbnTLzNLLX8BwD+VMeL/ANQOnVpsacg6mM9i885G075Y+KyCBNphhvIRevJhNYtpdPFu++XRbh1GmCQX6tPqkFZEvl9c71e/tGeQPysts71AAc9pKCRuJrqVaPUyr7h2U71G5/Gf28ZC1Akr9Qwf6l+gN0T0hSUPLepXrEqXKZzjXch8T1LTnCuK8gOxEc9cg4+qBliG2MGuvnGQWydceFEmQG5tkkD+1JklXQ7+LZ0fcLcPdo9J8eb2kcgUIwHEDiRY4ZZp0onf9jcXPq+G+f5bfSdfovxJM9jd/LxKkRQQPXI0mWO44hBwGcHHq6aQl4/1Do3Q9t4b7XtPvZkda15MhFnNtlh7mrDEhOwdOvwegl7re0zfpW+KKf7k0vG/4+vQf8FqmNHWYyxIPdd+5bvg2tReZiUe1WpsFEJdhGqXw0mlAmi+0uKx1MQEQPOWvbdWSAIaO/g0Ya1VO+jFJ2okWiDDTNBJMg8ccJw9q5XSiBuKQ7HurDDK79yFo5/16yPKNllXPvyRFQoCw53ZWdiNPpA5wCx62hwTf7bfTtIt+X1xkK7Q97FyP0PGthQxUfpctlJLoVuEIb/2hzibDgv0u6ya43xsnb7ZKnRzQeBD0nJXea8jxNKDwpSgUk+Xc13ltDJ/fNCV4Qpf5awL18gy7K2PVJMA6k3gjj5Bb8vZoHX3ugOHx7RjnFtn1aFTEEh1PKF/Pr8P56zXNkqbKJCFPJS5GjwfaJbJ0RUA+19ngb7RrgFjRlDwjyMHDWm02L/yljpjf3ao3f+B0Asb5CRrUwEhY5f9XUFycqyW7bb1x3ENNROqD88cjByjYV1d/2nHdrfnXkdnc78Q1mdNe4dBl7UWkp4/Da9Uo9jkO9K3kE41Svf6hMA/BoCgFpOTUHoipL9WZ2bZ1mgnedDVaYVix5QQswFd5nlVRegS4oP0XaOCYkXij9wO72ES+A0tr/w+AF4caizySE7UdppjlC3p0NUv49KcqJ0VXmgyaBqUzQ4LzcpsZCMt2cEffmQVYatIV88XyRhsiEbGNCjB+1KG4MW7qb1kLgFr0ap8ZE0ESDanzIAIqhUnKk8LV5VdwWGUJldxWj7o6TVYBZTfoNkMERiR7Wos0FhNkdyd/vPIrmDFZ+jhp8uTNbUDFw6MQ4WmfhYxIbqgx3sXOwTPLHAiV/8P5l2TQGiJ6LH+/leq6NIZX2kjAzc/rutBQJzy4+U+ZqPygZVfr4jIgpJtuYpJBZ9X65jdwd37htEbD59/ldtHyFv4PgA2B5fXBr0Ynuj5XJZTBY0Y3xjvRd2grzaqxTYzl/mv0oKtuElh4KgcA2dNtVGmansxJFLzt3Y5AT+ZJSoAmNVN7HFb/bjWs1aA8H79HsvPv4P47SFLtu6ta9M9HuSIywIfKZ/qqo4HXeuW9Qk7nSF9bM2wi53KUoztbepdE5jngXHjakLqsBIwgCZNexzWyN3iueb62n6cvymL5RPKx9/po3LeSenbHWtGZNFRLaPA2NRHf0zyuLnNBSwDtYi0R2vOkxm84Z2epyIzcaXTLK1G0871MNd3oPFiF8kqbVRxVAHUv+WEgwof6HURpE+o+Owm4BG67d5fQrZSNyrOuNlsYpoOpxz1AOGk9GTkSpXb89Mp1IZQgwJgAgAbD/GiSzh1PFG62t0vEsmENWObd9K8zBjLgqoTCfqqh0xumab3B/dffOe1yRZsYT9QisImMPmqJwlaARZnYsYhtCvwnGg6e3UkX7Dyj1vcgs/ahKHHKRZvlfc8hquRl1cfpOW0zoiFOgRKxT/Sl9w2CL/qA/ZR160SG3rZxuYwTB1e3bmmpwo+72vttMMk7XFop0qHX48PTbqCYTZQlQZwnfpB1IdePJtc+/wQboFo58e9TEpyAK/MMUwN/7V7uQpztmTNmTU030NkmCxDDYaIjCA5iQWPuGnjkFkRkC78bkDr0/a4u7CYrAABg0QSc0MdSk0G2i/4R3+JbEIfSygoFS3p4dndRdbqboVF5Qo21TYwCWtsG3XfaEtXNKT1uWjwJiAuoYcAXnxfhnAK9ZCxPHPL45JQp8eLgKdXLwY4SJTimtEXRGaflZhOki/fSdL/GFjp+6HH4B2Og454igl+ezbyWT3NofzWZRaPNPezpa2F2444+GM08NJCd3e1/K7uAAn8JSeaKY8ycPinlj9X479/w5SmVTWOSvV8liQEXhjemwjLkklaPG10UA1Eet0QwQvdJh6B4gu3Fi5rK6lVj8SUHsn1IXtd7aVyRS6JP3gzJ/4jZufNBe3B509cZHZeFh/CM407jRCE30QkYkhQR4Wmm19GyzF+6Dw5njHDg3B9qV/oQz8a1Zz0gKveMPEaDm+p5YDyoKoVbUWL+U7v21IUAZa61mWFdfzeI3l21fXUvFqTWE3lZsCHxsf6D/xAJ6TkvHbVFEIS82z6uvbEopqdzJDL3fJBQEVRkAys7tFgQqGKnePNxBwxeVp9qYvrUe0uzEFfo19eu73LuupIxcjCPLYrIwF1RDgJjgnrB5f4751rtksFS1elzvkaZdKj41xFZtpILhEGuLIPTYGsb/4hTkfX9tq11rjKCd+eRRpLJP7nGnIYFU+UNtXU7ohHHSEeTKp4Lhv0GehXit4nFlK2iwXAoMSu93uCChsqrq/yyIaNhw10aDqugUlNK/7PdUQ93WY2bWqxa1Nx5PlO+tNw1acrWvxauxxyuqgPIkjXHKolkYt17iiKtABFFDdM9ys3MGVtCa08soQSPlPNo14tfHcGCsyB2SsiB22BjrZAjJNF+oVGi3ScpeIWohS1M1s86MAgxQBzlkBapqoklS8/1CGtLSTpWVIArBu3O6QHumLHeJU+e9Now7DBsWC+QeUIFSGzM7PQD++QVba1w7f2cCmAf8qbdl5K4skODaS6eFkQv0s1UzBE13pvtEdukfApzpiuaT0LqRyEzci97pdRj4eBvPByGPTdedVQ8Q2q0INRHItw08VGBHsxG51MUuEi9O3y0IONfN/AOSqgpcw3SdS9A39THzu5Cu3iNMZvyVnOe5XJuAkHmhPDlEW1r/0R888ziolHQnk5u5XH+H5nggiaNuY06/cOPxYr2geb+zGT0t1DSnTLzOOKNv8UCSbQHIq8Hm12kPjcIP1BV3YciGnGnb/Ot50uNJ9POw8BzQpq3We7UmQqKdBG3uFSlQlQbZKkobgAmxGmm4n6FSPyuHuJryvl9ppSQl3H0t/Etkk8iWp+IagDSBuuZepZSctzfjPB///U2H+GP0bUEsHCGEKq5KcjQAACpcAAFBLAwQUAAgICAC8oWlWAAAAAAAAAAAAAAAARgAAAHJlc291cmNlcy9wYWdlQGFiNDllYmVhZDZjMjRhMWJjOTEwMzY1MjJmNTNjYThmLTE2NzgzNzMwMzcuNDQ2Nzc2LmpwZWfku2VUXNG2Lli4uwWHACFQARII7hCs8MIthAAhSOESILgEgkPhLgWFuzvBCV5Y4RaCOwTvnPPOvX3fHf1G9+vb3e9Hr/392XuuNedca685xzf3Gvtp/mkNQAySV5IHoKAAACh/L8DTIkAWgIaK+g/8beh/gYGNgYGOjoGLhYWJjY+Lj4+Hi4dHQEhKTEBIQoiHR0xJTEJGTkFBgU9E9YyS/BkpOQX5P5SgoP0dg46Bg4GBQ06AR0D+P92eugAk2CjCaExoKM8BqCQoaCQoT70A+r9OoqKhoPzD4X81NCx0DExsVBScv2I1YgDKX7dR0TDQsTAwMDCxACioaOgADBJMUmYsMvLnb7ClNbXiKXjN4lj43jo5B1TjUMqAA6lYP9ZMsrm45eYJCsnW1Xc/EzYPqu05/auPBuVf7d+t/VMhBuZf2RuSv66goGCiY6Bh/KsDCgkqMxrpG+ncE02zuEmygOrudfTnpxi8MmAnctYnJAAf7e8QEjQSgCTgsXgqMebFJil1b7hKlVMroRDZwEDaq3djsYMwLYFOW7Us9Tk9E57nRxEuJ6v4/AIg/4iXm6PVXY6vncXmsRBkurBSLUOeiqaZhn3ctU1rPMPng7IhHBLBwQn+jrahtD5J0yq84Z5VD/ID1tDNUE0+sjdvxjYjtSxBvenuQXZa1qkCYnLC12hHMAzTVva0myCvxmU2tShCV2vnDy3USSNEbLbR64r6sv50MDlOUJWjY47P5fLvT1PQHHCVztfG52fLuVobhXubuPFhbFvfEFPapEWofE0FFACdSIsA01oe3buvv19vq0XRWGxzkLC07YG3QtjYQAQFGfDgQEXqLuqcURiHFMyXLEDjXZNcdusPpU/yKxRIRyBjJzk1OewlOeyr2LkT0qiinOutvzasbI31q9K1hs9UNauJmawRjq+FO/kTYC8oGsY2vj60g/D6astMmNv3itnaQBqZk5BZRN39x1EOa5lDM5WA7aLGRMpTiVPZUtYJDRFwsuXrSgruoPFsnKCcmtrAYXEmVKCj+S7X/0qYRN9X+VUnh2UDjVNXolhOfB4U7ToMpNR1jeqDoCaHs49H2QbfD8XThJOKkO+Pd1SFLkpRc4JjAChDL2CQ3pbgclw8GX8OsJo0I4n0JQgcANIVpcKuyXJLsqg5L6cTWrTH4MA6RZu+mbAA/13Gv6guvxby0CW/4FD5acnNlSj0I8AaT+a7brxCOyc6yRHT96Gcf3X8r6D4CfC50xpPr/Yyb2J1gc/tfUWnBDyJ641td6KjJwtnv+8e6ZvED7f+KOwUW8uMD4Um2jFfEvlM74RtRAkjI5Ew5Za+GDZgED0rhkjHuZJsgPAOBmMI1gUosWQqrXCm/GKmUkP/V71z7dJmnraSXUbu7CwK6NuZRFZeYefqc+t01ru6S6EwDX3jb4hpkJs0Djo8mJUC6P8FkIZ/q4fHUzIBmT46eyEQ6tqGB6QKXtG4dmxtVzu2ex2rtyVDo+v06xiAKec+uaoCPxTzz/lGShlbBy1Ft7BgkL4nQE/8A0OPjAfc23A4o+uSr1MP5NzblMyJa0UVHlVDPgc4I/RuVIuvIAKh8Y2yUmtNNfVsBPms+OWy7AHxBPoRykb0vx4/+ol4pN+E3+/BJ33ehZStZuJ1jdesfAjm1CncG7SXVXrvzjMMY/6sO2OmCA6Vph5kcmB/v26UeTjo/bHhWJcYhs4+7RzGoPkng5Cop74l6ehu9L730fVY8JzsZu45NhOxM1FHp3WLUfk/n0y3rf5U3zE2n0qL3udqqkpsywvtfgKQdAvdB0gOwzSROH+0XBtNVhx+sZ8XeXamZI+VnnpbwGp0gz2Ik0nJfXot/LbkVErjibu8nSlX1uLBvhKJHqwrHib/nMYDYa4CijX7CX8X/xfZcoE1JjZrUL8vuoXftlbqcl5P+DO3LiTIJSNW8QkAnXZc8dAu18laKwq3/NEsZckpcYucFXqrl+ZTeWspcc/llbeMoYdCkfgjBakBKy4cWkoOBEuLKun6KBTK871PgnleLdK53wkvbI9e+BU9Nlo/iF4KPRZZ9ov07r5+lDO0K4lzTVsKd0r1WjlbPQFPGHqenoBOI289tXP3+z0rPe7oXK/kU6cEgfdN+9+3d3ufHbZe/8Aem/EiatPO3x0EzDR+3VWLRTT+ctATF0WFTJZ91IoiGB7IMb3pusawophh45CRAaOCMQFo/sCtx+RbY99syOkn+ybr+wtfPvOHF68fc7P3XdKbU2PoP30Zh6r0J5L1/eq0Xgla9lpHHFKRhF39OjhcOKreXjpKCnCy4cx80yP6mZvFvBcDKpxQV3Bi0zSTKbmXrP7BplU+NKIknnUPu0d8b75Qj/kXdW3VFGVdk5Sh7r63dlkRBut5l8QSzGffN2RzH2O/tCXdsHei5vi8/BqnxUuiKPtNx5RJoxjcJrrJkuXo1/s5qYEc/QuKa9j25dUDWzPVJx7dpE+L9M1JALsvSvjycXTvhKhHKlLOADuT7/31SsrTDEctmpcqBPZVnlHhpYe7uzZNTizWJMXVc7pJodZgAUrFdKeC+g1jVC/9VAy5PL7UVFL5SJUThc9ZR8mRzqccNIX8on7fG1wmwDAf1K1BzbrRPMqCZnoZekk/fz1qtv72sbRZPsojeW3GKXhg/jdIo14g5C35e3C8IoZUPCFFhnfonVnDnve7Up2NVcp9O2j0UpiWgfLPtuyzclz0l77oev2Z07pRLJ8/znys/1FruBnJh7tKj887P/YVrgjwY5bJsv0tkbpH51trcPminiZXzeStCibMQ3vO38bFsuvOgYlg0JTD0GkPVpnxgUgLnEiBX5fY58lBrSnjz8gAHKNRV7TB9rLpOUqa4tktV7aqbmew2NVMi9m0oBTILbPifozFONJHCtzeRHnpJv6wrokq6P15cnxwDnEnaUhJTascqAmDjDqnVFKOwUUcxyKWeXIr64NMYNd35owurQsX5+bNjZF6qrkmiOI9rr7mwPMXPU0BKuJOihYKGgT+C4qDTgpj5btMQU0vfZB11gZRUSpqF9Uxu9ef2L1cjydKBipnl6WLXcsIhM1q+LyprEf5He2Ngxh4zfK5RZLpsA1QuvzncHS9v8UY1ha/T67eMp98cKmYyTsQHOGqoa5dcBDg8MDL0DFmaUBmhrGI9NQsaIUU3OjKeMqcYcFMxTmntd6ODhjyczT+4DFJN7baci4mKMTXvUu9vonNUe+lqeKQKjEtyRRvt5Go2H1QsISoLL1KUrIN4n8XqhJ477K+NPDHBMLNei9xsv284ruGp6S69F5Urdxifl+DDe2r6+eiz2cwOQ1e1YoPjTfVjbFL5h8WV/5xT9wcbWhoyZpDtEZXnlblrbzvNNpZNv62MTW3QJDT40OsvXC5VYxiIOkJWn6kuVjmzB8j2COwhnlRlG+vVAgWJwtyTTOEPIdU9lSsbDy3Z5ZTq3TkRquL5osVa6oYh0252WZKI3Da8ApaOeeV4yxHFMyS1MBoLx1iO3hz9tSZ1qXodDK/VBu54Wv3t0hFOUcmk/7+ZMThhmItDKrKkZfeYnT7dKutl7m4e12Hvb9geFswuSv0BPAmwNNmpFPzsxi3mn4CzFwuPgGo+H+ngYOUyg+vRRuiOnpqhokdSD+0/RRmXXt7FitDkd39jqbg8NQCWUf3OU2r6DqTQoRvkrpDmBAPO+3CMX/lQAy3dW+c7UMiMYxk53k7EYiIdynHzdnyu1acPU0obRxEq8CIrD7rbiw8/A0ZE4RZ+WCHY5PppnnU3mr3MZ97n3tiZl8jQlmPGpYeSD7vY5dCUJ6jVxvLmgzYXI4BXRBwwsSOIXpaFwetrxYqVisdnazTXS3eIjNWNnk1uRomYrM5jU+GXzJkxB2XvWC5/Lj52XjHYvXwPA+pH9/7mubH1OOEn4s9Pv1qzmEgSj+2RA7JrqGGZ9jvQ2+XmYaI4CGPOyNYuSpGcaRw6EcuF5kcof0Pa/k18TJhkm5MZ/KQrNA9vNm6yQGtlaktPe6j600pwwCVT+DgBlTFtZBiXBdJLAwPD1pXozaqdbXIn4MOOQ0HHhOUi+Fi5MXsgURdiOrNekJRu9dT1GYFwcwNU6RQVnwA4AJtXRP8XycrJ1b1+x4EeIerExX5yxDS4xZOghpjcK+A91F/fOxZ0h4NgxUl8abtvL8uuGdYmqPUaNEFKSh1sbMQfc6i+SU8ylZULEXgM17gb+1Gkw+HeLiKh+Ze2h5rkXSo8pyPcyK43YhM4ed9xZDI5XKHWBjvlTToG4chOTaYkohZiSnot23mDD3qhOEKYcw3eN051e8WJUXnidE+W59X5VyhUzAMsiVmDrpKDxaJtgndzoUdmIMX3/xmYcOo1GLZ0leyGm/1Ahikbv9IZFhRIgXyeaOCIa/kHZCGexDhfLFFq5wl4bXeYw+GyduRNoC0Q+AYRN4feKIJ3Jj+VjAA7xDfiS9JQ9OtSUkzGvbTrojPVKL0y4dGHnOTW2yLmT2IvVVD8woa6YTEnKsIW/neKygYlBCw305k14Ss2ycw4SfP1GSz4S7c5Aa+mS0AQovMFWXksRhS/8zaGjoj+/MTfe2fk31JpICrK1MvNdAYRUCwloOLd4huR+3g/Ne9iTKDF7joM9RezcLTWSXL/BjDiyI6gdeQCNrDZyTGULiDgtGAeXlD4itms4MQfzCuTlPk9wu8KBiCA5da6dnzOme76Nx39d/Ijqi7y3sL4LSEjQGl7blMP995zn6BV3XirlxOkVUTrNt4NtIRYJHi4MNyHKXYW/JQFF+UQZTsEl98XA5h0AJDB2WdNzr8MwIVleEG3YrsS+SO6kWdZd7qosx25fNhTnal3qD3UxplJNB7Qhxqhg0b0xq2++wH2cf6prRPH2c6r70uUsHLWtILNsfA3lwzHCdOaRwHZqMqQqEuNHvpPwPWUwl9I9w/Xv1QLnEraEXiyERIoVWjB4QQ9d6SuuhaLZA+qj/mPgEMfeJ4tv6WF4yXpR3pJVcSKcahhyqdnw+vTHCTGilD2C4xk+LbMOgXNOniErIUKCZ3/0wx787bKaMrQvxDAst7iSUkblcf/k1H0b+rTUiMIy/LaDQ6Gg67S8Y+hERRw5j7G19ywDDo6E6zpBlb17UMuSbfXuY6siwhs1fjk4mDc0IKbjMyB1hQW27EhRpHPNXFP0VulgiDEcHxqspoUr317Svh1jH0S+be1or8sy79CW4DxQJ37UlowCZBatVcGP0PsWBza0aisD+6RybD5IlI/RjmxhXSwDDbCQDyzA9l1Kpz2tY1WXu/Qb/USYETHJuRYEA5ikE5+wRwZmsQU8DuNiSN9TsrFv5Qt7AQryOO7gVQui/NL1MkJsPAyhzRKynlbpsWWGI+ZdluvpjujUnamdYC5+X+d7eBjKQSRtmqYoo39j78/C+Z/5cJ5wbT4jdiaV2cpdhHTp8A92XfAzoXGR7R/XQ0fP/EnS3dWm8ojLjsFhdLE4Uzco0XZrF+bZRIS4MS/38gBAX6KDJ2dIqGPQF4/USw7//h+Nt/eo3I7PVLlcz8H0t8A4lyR9Hf/1Prl3+otLHRkP2n1qJ/2iuEoUv8/1CoIX3xq/Pz/4rdRtHt5vvAOWBdx9Yaf+C+24gu12SyiKQgCAzJ7AZhvFyqy6Ud7PHYmcNsRf5xKxBDpjvhOOE+49AYZDmliDzNqE4JLxIv5Mvii1QVO2SscClLcmfWfy7pEdsa3PTIfe0WfWfzqgF5xfy4+Vm0NcMzXG0ms6Sf0zZbh7/Mu32h/n2Z+2z+nhBxm1jKXSIN8KdADWXOGgabcv8TwBO3mw7Fl9aYhf7Vs0hKUg+2vCn3oFO0Z5VFTHJfypqpExP9KbXnRf0vxgcotv/Qql9/8TuH2HSwPgh7vgwVGfJrNCxqtQ9AGZy9slqywInp2JgNrSDk1QjheBcIjpdXI3UE9ANW5m8nndrcMFetFqztyUcKFp3C6Ayy6d8sGhwJZaxhQFGF1jkZmgcb7vEhJQz0ZS+J5bsH2Vn9+EZdVFx/kbrFu7GmThcpfy7rj75Nx+8H0mprkAbDM5sB5aAu9mejpt/q+0t5MP6IfrWiGfvj6wXksi070mXIWUm30kwFz44M1cuEc+HZ04aFGb9MJAbU4ICS6IaowdIA85c+X5v6UvM/cN2ZHI4EOU46unN6e+sxAW0mlDM2HZg5NMYOoI6cZ8T54bhfX0/4yNpkzguSnLDPdpDYBiNjC3rN2NBwmAui8oU3Y2L4fQk9+Kh5Hn3KLPmi3VxWJdaV+GfaDfUn5oodDFMDvjSMNInaxVD7DERAGup4kYgdbiBnP1bnM10+zQWva3jF7IhLPNMC1/NtDoKBZuU0ZF5DYM8yh771TGznC8QR2MN+bDKq8PLEadhQ3ay9nK5BAJ/pkRE30nAdEzof1gUBrWjQqOF2CA1UbqoH1XUeH8s+ASSQLzatxXs9iiLificOq27CDO3thvAS2f4szp4tcVOQ5o9tDj38av3+B1LA6x86AWXyYmMB6C17vR7weNbvKZ4uZoXPQp0O5wDpLuOCof8NdP2dajD7KcQo9yYwk2DiPJZRcZG/ivBXo59/xhZjGPVGczt1GT+jZj0a1bMJ0+kWQxrtb6lZg6SfOgPJ/YmW/hJtwWKW642RynEQEfLfUq32JZpfg/g99mNJTla9SKWuwYVAVrZP55I5spzYkEcxmc1bA6mweXoNEGYPMLKB+5S2sLMj8XKvl6kc3NFtC+p5t5T0yEkXCZkR8FIOEDShjksYTeKjOE5OQo4EQgQPKb/sGJd/pGycQljcTHkTdqgkI0j8zd0K+hI/UEJISEyn/r3xldcVZ+MFVnmjj5Gt/WwEawTdFxJzwSVnWV5/9TBXjg+HoGH1vHaKSNxLes2bJvt+eR8n03pYqpnze3iAKxFb6EZdHfG86OryI0W2atAxyn4rXSTdUQmB6p2u/kVVpINeuk+OkkvdQDQ01Lv0CcDpQdL0iFq7rR6FV7/B+nbAzYj2qIzdqyHxgxXiEBQtAch2cxKZU1wtMmVs0s+KanEVyBGzGHEW2UAXqv+W9hLiPXREXDg2UR42HMrZGXGwL7xfNqSXKNVx1BoOp8Ko26BcUAnmGEN+ZMqdSJ6+TtrVt8YBKgIiVbYNFTyW6jW9xt2WePQTUjIyT5eOBcCJbL2BGnVwC/LSSamYLy+KWFlJ1QBbCdrePugZR1nEulyOOgwIeFVK2MbdG0tMGln1fGw1XN0FfWZhJWG6cyOG9N3FIJF9LaGHeoIBZfWq7b5+1rf23EI3GloBCHYnEEB+i6LosxpVJJtoFh/JzvS3Siyh9vlh7+ND4IuR0gORBIcFqlK3aQ8XBlwww1hPbGeL+jJQSpJgaBxennA2/92QSGxRbiZ0EU9D7ZIuNi5bq3vzpITXSo7/1VYj1yDSR8sgiHuBUqxoBtjd7/HDrG7QWZjbqubkgcWCVQyFEP1QVy4/h/T5Ildps6BN63KOcvA5kTLt3UvrCmQDsA6VnFc7E67IxvFMsX+RS27f5+TugUplt8zITJJbKyDlp0CRidP7cEVq1sc1zg/OKAyhbaeQKy+EY13CbDEv11w49x8olT24JnTJqYCZL5b6+yzDGZBDd5thI/zLebYss6hG3MkzuCTIn4kURSIwP/7aLJGHegBmU08fsrjZ0LPYwxMCTcX1YbqWUv+j4YN53FK2M6w4IExLfUhl/pI9XjhncjAt+k7Jcws2F65sDfYHMpHKKHT6qzPi3sQxw8uEzseYk4yUDJecpDlACqzxPoAKD+Nda5pCFvwBT3zKqT+chtCEHTNIJMlgtz7/0PKt/MXMUNgPynU7p3C7hr9VcYEyhxu7jcak3UHPGCi+egCDswf0ZSfpy8qRYJEex8jLLLpZ/uFjwvFniqnMJPOcOHh6uaxWT4DqYj0JPru3t6sQAhFw0mw9eggFMSmmz1Ys4PpXiVWLwtdUl1SmVkjgj8Nc1Fc6vpGQdTpMsNokNBAGPJknnAQus7SotHXy6i3EGxL2uhXqYs4kmcgEJoY6kxOTx2rDbk+r6DCFt/nKXH6vi5pU1H87a6B246n7RtZqEyq/Bc3+RcRygzhQNHYLYT09ZtjUkWkxcDfWonfo0eon/mAcVIGD8wRwP6TESr40egIoxeaO/3H5VXGuYn2xO8v2LhoqSOGsfeBOMzYbn8MbK74CGUCLtv2yzcf/+jDUc3uAxoOgTCgY7kWSdgufl4ZAWW/9MZSM3DlAGv+zkCa6ZNw3ve8vgjM/5j/YPgFSZvn7HxzqJBa1LOuJy+vbyM8aWD6CwHnaX+jK0RKOc+bBzSNFmhflSUDeT3tAc/y2YJGpyAKGDcqq4HIhsQJ4QJPTn7nRRXgSrbKtXrSNtfV21RmzULL2SDjEnrwMbVtUo4JoXfebMghRXXLIA7J/XkFCnbb+frA0ftVNGj2EODY/bpv95HotkJPflpajVtjt49pMD5qtsuWiJ28NjJg0lnZJiU1pjchHugXmEnsb8iGlJsHRnokTUldifXK3ZKBP4N9GfyMToEQ9eFGe27lIWhDkFIabRuRvqs6V4N9p2qKEJpGaMw6z0Ss5fP7xY94myQLtd10ka2NzGwapNm5tQN0tqh8+qjz2nkCa9rxTgrd/NRebikSqalIGU4EdqPED/AgdZeylCEi3VX2P1r6kTqHF8AW/xCoT6VKoDrQUC+uM6fv8xL+vLxD3994ihFZbK2EMKFB/7TfTeDeKiRXu8aty7+0p4f3Mg3wTd75M5vO7fAuZ6PMVyq/fjI1UEzG/BflwcG4GNBW4HDPpoTw/RRhBwmHNAscvZBsWvw5IHuQYk5LTHw8oQELsJHSHOGUadjIwLDxrFu1VenuviRimL9/UDn90yhTP09sJ+4ct/u+tmwRDJ/tNAt+u2cRhYqg1ZdBIK2EhoT9r95xxOiN6BkciiWMrhUa1q4FNa6+TSSjqX/tvBCjjocOswdrQoP14gGipjnlIyZGerdvGsVUT95ppvThTCqwGJoCoqvkC+FBMfQGAe1noCT+oVZNENqvv80eaU3du/14lPh41Rdi8nGN+U7FPGnS4VeRtb0+NhW7B6ITux3k+TeXj6WtNNEYTj//sGs81hzbk8SRp1kT5cO11/Jo0Nis6o/FWEWZtwQr/gagVJNS+auVgWBtzDbkIZkzcWJ4PZ8wXbxgxy28dxAaH69oM7H10W05juawWORrlGf+nZesN+pvS2ygdL6/3tSI1ZNNbqibtdwW/K2WN37El5cMwVJrIiSmG4wGauth6bWszue8j+VYjSrwFvNXDyfjfPAHAX7752jzmq/+3aYjoKWhnMa+mdcKne0XP9S5poqGk/30HDaX/ZlBMtpPfTxO+K80e9h9edj4M/T8NpybZal114H4ZmPNazfbz6mGMH6pkSak64+XhE4D4sb7J4WqgM4BxRpts6n/w7anPfWmkhLNbSXIb/jhkez9yP/AAFIE+k7Sof7R8NH+E3rFVnvOcM16U7Wl8eIifu0m+ibnV/iltHWIPSPyqagEOAP3fQSC2H/wJYPgE+MUPQyDFM1W5acc6jEimGz915VRO8x4L3xugPei0fLuNuax8NNeapDhf5tCMY3Y6ygPac6gdyOKeN2+oBHtgudhMJdLhs3H2f50XKlNo4dnkpsKJP64cdAdH84bQh8/fAnoyNBjrGIhJs1+eRSboqrvRj61cXL9ptfccGKC41N0qQuODkdAHucoUtOzB4ms0kDIDqZcQJXbGezfCL5unb6t+h1/TEqxHnBeKXosGgRHPGXomkqaGpTDq4wO9JYoNWCQ61lenksBtCHqmT7tJa0urDe/0IdwKCo7HOEvO2nQgaJ620oo2oRJYW/E5+UVcRJsC/g59aP2IW29DfGIxyZi3nf0FDi7yF1bus19lViayBBwDlEmLUpxghCPgT4J8FuQiUaCuKRbknBAX66hwJgb+6zIP7FU68PTefLwNhgVtWJQyKiUhH2jbzOwzPk2IAfVXu85aXKo2rTLICuLEUOFBeGOJUec11jikyNanu8Ad18XPy4KbEhPR4S8L1qUYZSPXHj92FFvyG34cdN2O5m/sYH0u9FI2XSAzVVSaWizAX71zDm2qoQ4m979nJUpXSyUZGUV0unMD7RyED/S6jzFTYth7I2asBrZiJp1NSh7OVcupb2AGo6MSwC9lbHLR1820Nu8oXCn1GROrdpSNluMCim81SDnGdLP6+/lgrS6of9W8mT4o6nh5v88s2OT7ZrDUSaUtWZaDKFf1m65mJ0EigO5sK7O5n9CHQN0hY3mY1tlAuRjSHctgrcpzA5Miue/DxPqPShyMEfYF1sVpce6Y9qPCX2S+UxCzGXVTj7cyros9klOvWoqfKuyo12T9yT8vr2ZCVepiuI1+VWglb/POKj2OHhHSsA/CBU35YLMEvuTv/I+d21/yM/4/fG+3SC8LB393xBajGf1XwOqIS/0rmOGsbl0jyo5bwQXwv6SQdmFxUUHWW9XGqC8GtHhctY3cDFcv2acujC1IDDZjIyxLSDhGrTRYrVZ8ArTqXVRuJ1/9LZMOk+Gmf2T8boKniZYzNiWoLvkeWsV/bzoR7cGAN3OCd7K3idZX6TM+ElZKXTPEuWrpDvVGXE7GKgvqTHBe8nXHAnYWoO6qlA/w/N0T4LOHjmtjHUaptFuQ7KLrhTe04WPSJu+meh8R0FbNXitCOWxJXnGAeoeFwinqAbnTnVH4pnXr8ftUm+Wh2eEQvMVoZsQU5AUpNNsjsHrNm9jqZEDAPNepPQUmz4AH4mhqoLGcDshNqRXeqRnLVza6oRXpeqtO8YffNAgTKxqRFgai2XEpxdbh7whxKm3O1tL0btPx767NmjbYfG058SJV16qLVDUlA4kWQ6wRU8NBAk5cmOCGAnjWhKg/CutWpJOJuB+xa0fhPh/DIp8D5TI/xLsMN5NNbUGvsQe20RMUzliIhkLNcpHVcb5rOhWdf5le3sIDy5RQzS4ss3lfaJrO0dxtLfcGMsbGVAaHyTELawCSAfeq+o+D4wPH60cJkh1OJ8d6sNIx34X3c8ArlZrd1N9TQzOMdoOegciiP2rjEA5dl8X3B0f34sDxa1P7rJYLNBPrPyZuuzN5cx/ammQY68qoiOeZuJTA791wXy7FazgqShzM8lz1KNq/D94NOigTmq61LMdlCKZMZ5oVSH7Wr7lJMjONm1FEfZL6u7M9T7zG+LekbJ2gRkJBgrduobZrulPTFbrvgaX47dhUo7n9agtfxumunrqi2+5etnJdRZU2iZ3giAvZz9fHHrVLUrqjf9QOrKi7HmbWJA/xngBLEblPgOukJ8BjRsuF2re9F/m736oq1Sq9lJVFy+qJ5t0HJw4J7EcinF6qbdaRBQdq+whhxe2bFD6XYE/SJPm9GfnzyLOvXU5DNZNhkWQBvGrz6lO87ub4K2ZsxUvWLEDlzoCGeNVDsRcVJQN8jx1Ud8/FdB/MWzDg4RLOucVaTkr3khUtsMBcMtEta9HHaLb93ZVmvY1axoK58VuGgjpRdo2h9MZOlCAkV/BjnMSHvA011MfjnXGuNxn5j37cTf1XmpHn3ljybkQqbpSvFkTePzggSMwG35jGQWKTkbK5zHK0U4qsGKwnPpc7EIzDbfu594hrhqjG/J0fJ1OWsvYnjT3fl82AQKCVVRzWx6rygRlhNP7t8YNuRPvHwJSrdv4irmkvo+e39e+PxiGnJEsHLMyMMKV+NNM1vRXJ4cXfx3Wj5zp3fjblWCwq1kLV+olOwQ6vD31a80cVlheV4wXjc7epnw38oJh2rw07yy7wbl4aI5Mgo3dY1Gsrfs98Ff04gXeUvIdsMZiif7FSPfOzdX2r7Ux33+ywWUu1IRD3u8LK33hB9w6nc4u5k/WCTXHnIet2TFu8adWlmmLf/SHggtUElnlIAZ24YezH6HCSJ0Bcv2RHaTaRQM1D49fsiVu9GJ9Onwp+v1oxAiygHJ9V2vJdX3KyS3Rj6OwPNgxaOnm+JUlGN20f8OOERPPuIZ/VHKV9Sl+j6xmYWtbD+6ee9icuJWp9HFf3WJj9Qqzzm6FRxfRLWErJeYSfQrFOcq2f4cad9IV7d/lm75340CCY9cdyE+8tucaG9HVkZNDJ8zLkUu8m/6vefk1HMLSs+L/EJAbdyBR/Isal7Wn8ZNnwAhw1PD7Nl3IYQsW3ttvz6aLX+ed+PCjczj0B3hT//p60kHv5OnZ5BbQc9UVDNrrwbQ6Uy+yCoLS755slXVDc0CaTOaPa53IFl/Z3ycV5qsYfLgpbMT1/qLZMG5cSlXoJ5n5wyeZVlMHCaSrWHXZ8XTY3ZOi7S2PEizfcInCOm/SHmwvahgzvcrNWBNChQ3cYnVg36g6sR81wWt2vK7SgjSyibPXqtKjXIvRLOXvkUPSrJvk1xW3c4ShDBAya9+I35HOEmDIrdvxiYBgZi4RpFr3s9uev7MeS/dqGLC81uy/lcdX6Mjkqc94bE1twspJ+aukxQhZgNF2EFDUprxEsLjBdZbA4/PEcHQU1aCXsHtZYtnCNOm+oBrOOENaM9oAtOkgWIBJuMOWhpUS/sNNonx9lMCDnf+KGa159+fa3DT8IvDxnUzq6E5ai94c5FEETDRlbfl0bYfdgYKg4Xmuvg7ZsWANtYxIZTX/SCph82l7km8VWTGsiS6R3yTXM5oUZJ/nMZgEfw8yoMbJRJhmVbU+sqVr3qmvJiaimPR+d9ZtAKcNDfal5Pk1sn+y4RIJzBOlKWHShTRdkFta0ObwZbaRPzZIlZ/q28AImO74sEH3m1U3vf+A5lVvvrDPmqhy45aHdGIc8yokqf4lfwC58BifEcHt4t3uVgxAUV+CcZnvz1a2GXB6R3GpraiMbLbLiXvoZTNXISjI02GcoRHGnzCGv8PvhsDjNla2I9UfM0rtC++mJO8jbRkoYGw6kzkyKmKxxJKguEvdzB9SGQNBxklOu49WnQ5IEyg983pHEgkduBeghbH0WdDvodC895d67Fl5A/27muv+0mtoEj/PXJyy3JUVw2ofq4zWFSx1UjwOw5NHMA/DG8iH2CXBnuUf1SJz9aMb/AHaq2reR6dgLwLrWEZx4AlhEZ9yJmVYkR1Gj2inNvUD3xE3gdwhhcT8AVKrJvX5oHtNaN9WSXK5djnmWrRDcnoGU7UTCSkET5JrO7RysMbL15iw3ZGA/ayNr9QZJFW1S1ERCTPWBh8vha13oFWh3NnL/1REcuabioKfqLjuu6PxxdlJr4cistmtM/ahypdz7hetxedrReOmlCk68g3vhoj0wUsVIUVE2pHebJejXi8bgo7F+v+kYUw/6QrIkUf2Ys/XJnVW7GKus2Mtx+Nmn5hlRU3WRRBuzwoJCu6SJZLI6rkQuPDBFbCI+F+5FV3ef3urC9dxRPrDyOjrehkA3K8f6t9PWVUXuJUhZ7i/1sz4T5IBZAYAbGeare49V3iQXCRWG5Q/KJXa8DB0SUObdOKu2IUdmZg4MZqMvAEJARWf++7FMsd/4HK8+Rwn15Q7pn5J+R1x887/AdbIoZTwJxPTss7K6EzqZU5ekghQdrW+X3rRT6SC9LB9K5tI74Bkz8bPLG+rOxvV2kKoDOUwEzAvgUZQwwG9z9/VOa0/oQXr36vuk4eJdUf7xqX46UBu5vA0Ru00/YkNkhC6CcKN7cMYrKfbs67ypXfMrvUKoDg2Kkg5/CyQli5AXsTTtkV3LXGUAGfzjMpwyUEy9FudXYfQyE4YOiisX63F202XYs42abL1K0SuYYHosJyw0ZgO6T9XB9uuhfBXH+sb142L59y3KN7aHzfl1Et/TYRu7HaUrIuU+PoTtzqkSv8N/DqjHCpBqZZZoriguqZHyRfP9jjnUfgLMd8r5PYw/mqRdLK/eiYnQe0xTRuBMHb8LsnObW9Q2qMidM3Zk4lBrjoedIJ0SAsYAox7in65MJsS9qqzvBCpCuLVpGb6Smo8YsQnLaDhrXTcpXpZC39NWP04CI2c1k6EDpX2rSKonQDPVX9J5zPUEeBB2S51T/6xqNtFpphaqMFmTbJ3pW9dvtl9qjdFP+84VDkOPZANxMjhokDqdMvTtfau5CtzHUnc9+o6IhQ1WzSuDAqdJZ6cmjD7XZQ7TlQ6ql39afch4i1m6S19Z2Jj+rHlX2ZzgDcG3ZT23aKR7rpIrcU4OLy+RMNOJqq24ucgOVH0oksXD+ebdwOh941XSVBrv4gQQ4+Gx1dQrt+Kony9w/nJJKbpHO3MssS4Plu+wTAslVNycYyit7nfXu1IVWeQq7ot6fXtVYLHOA0+492e/0akkuxNrYUSTX3q7SGOyJZe1bz+Y9KmlWPkwHhy7KwxydgZnoAVkrOmM5rYYFIl4T6cY0szg+aaFUzuRkH6MWIe8hBcDOe+6jiQ6NrW4nMaf7Yh4cTM2vuLNen9M6Gcxru2amV7o0c4s8QTApISl+mlNQuIZsL1kyH9IUU75XnNVTk9TmHqLPAFuSvbV78HXf8lZ5affMR9Woi724bFuhVnTU5DrMB5qEnB60LAlLFYBGxzzjD3I6IHrIHG6nH7W9ps2JPaFYGmROPN1AfdHxKTRzb/CvHxJzSkbOjD5fNMqaXyMfd9P30+8RbIEkjXmhxQtY3Wj2EKaK6U6Q1oju0ORp3hHvKd6zZxqmMfSnRkuRpWHEvsMsfsmx0VeRtJLG3uLdVamWtGGUEZFrb46gWHtLHIYeULA7kB/Z4641dXH3UbTaXrDOdU3zqn0otRZU4jepOnH9xvYbGLZHIP3QOkpxo8Vsa7yfyJm06bgd5ZlVxVUWHMcs37kDqxMj0xof+bEPrLTvRm/96rnM7BMktw6VbiC6W9bRye7Yo7z+ww13LmmxJQKj4R9otF2ueuulL2z7LeWXJjhqmuA5raqpn+UWhfyEnijp/dePMWVsS7IXdv2C/jXi4n3b8Re1Vc3Ntf6ut8+lvN3zrVTT9Mr7dq2S3Qo+By+3cRX0OKSKFyaH44t7D8dx8B5uBi2EnMO3xQ21RnwwFmYw//YAuc5aH4CLHNOPgHCR/++JdvZmV5X7/wW21xDtiiOgs1Oyp8jYxKhWxJFSeS1iZ6J4+Xul3Ni+a8q6Kqi5os5QHoCw/92EPV/HcSy/yI2FYzFHvt9WZs2lAvq/R9e36eyFfAWoOfaRY0dK+nZYcDhLLgDuRutYf/OmfhJjKKLO52z+lpmU4jUjGF9Ht4w6UihDbA22RiImByLekkYEKRv7wY62BLYFraPXNIzthFSVqtsSib/oU6WYe6QqdTP1yVxxonoKuRcwi02MWrqjx4urLXzZ32LCN2W2PhBADO7F6hx2mHzxyoCXrCagW3pIV/NykUucDSZ83YAkvNOEpZtJjHBMD+CCh4W9LWXd01VDknYad+fRbwewg+x54jimt82JgmhRMQXnA+rSf/RdVFlTopd/IwNAbBxKHYBvFCUA4yl9txGl80dqhQb5QlFGmndEIOQjl9zDNJGSkYBNl3WrDAO09XLZzu4CuACg509/oe8dGhYAh52XfkvyXfRjgW5dR6hgKW8X/IIeAyovooj4AQGLaHde+hZ98h0aKi3TzL48jacdqxL5j0nBrOcwQNx/1p2e1xcCGOyyA+n6EUG5ghjvQxLMPG39/rHDAgP4h9f8ZsqbhQlzmJlPLsaHIH0I189rGr5VYPYkman6IbOYHJssgwZUPYzWDe4/KISfKTlZqGMd6qxZ+IsbXQsMUU/T+eNK4Pbg4AegAgRjGClZzumPnPJoxR+rWxapu18m8GfD9SMhX424BG0ENMxV/J+H9ZKBAZkljyvwMf9oFOTWB4E98A7qgnAH/b/yXswf1w1QWjvVjWVLmOCxwxCwuIxiXCH5TlHKn8ShfgicMGJ5P/4L4FDetRW1XEs8u4NboN6q1LToLY7i9EPS0vpeiGlIy4AAVyvo6NMXKbKBo/OtpSKkjr6jkuyRjkc0j+19512Jf5rKxRXoTcQ0xYPbiIQgHD5ZLPV1hPA5tDUhcVjb9l/Qk6Oq7jaKvaA3Db5HdLtNB+dqTKlfzKRp8j4yd/E/lXgvqjjGraQqE43FgL9Vreu0K3xS5RPoYmzIQkcYmv8jmsBR6V/yBJbd6b4642UGKkPgXkpXFeP4Tu8UdSuiZvjop2LCrOhxlD+8jRbAKtC4vfWqbHJjxzIWP2zjydJw6ktNUXoKkenFd945Z8AJ+aMp74UcX6/nXk8IgoQJr3ao6eMuSrGoXdVcVRzX8YEHC6oxyRpPtscPAGQmCmvjdMfNuq/CGTicytEOTQkYw9K6x5gkIyJ2zKC9//oEjz/VRBBI59b34DM0koKqftFo8imhlpEGh9Xd0vqh7vmZqViWmW8uUdrNGUxauY09fNzEmJQ8bDfLV47cI+viScQG+m0x2eCGTvB5zfvQgPaqEZ1TTeqZtBQNDVTYzNYI8ZRO5ZyGijnJDC649GACMpv5GnBa5YsBN7L1WwyQ4cJ1jK3sQ1DsdFPfMSdNIElae+MuSam4ZCjVkfCZ3v2MtohV6etPwmx4Ndzr58Askj3JwCvc1F/Ig1YA9abSeKA3hb2EFu3jihgB5DGx/ue4FJvvFwmS2XgqsZFEICcGSNsG7lxVz4M+OAoWXJo9ZlxzL9JLEVEY76emLFA8rgfSuMr149HOX1XUvQFFjuhx2hC44EizVnZuxwi3D+uXNPTKoJFYLmWuCBD6X5aKcPZ8nw6e02x+9dYqmBDDpD2f5fN/o9OzKEw1P8XgE78BNB8rH8C/LRVhV/W14KWmPubhz7SsFadD3rJDkFYGzS3dxCZf5M4zdK/VY7wLcNNUBqi0WjpTlWoh6opktnyH5F8oL79zrHGq5IT39N5tTqn2yzMGTUlRXcvjm007IyyaxDlXdTABErGaVMUQjHBDXwwuVm+xVoV9wZIX59MvHffSYf5TZLCF7PBevIKGoldRGvOcvn9Irr8590ToMfz3uemjPUC2YVwN/jIUjU1hmcTzjGrncHRh8/BiTWzI/4E2LjHMCHQtMm0/wVtfb3UVJ1ga4TnM1QKLShHwZVRJAgdU+JmQmmyYp9ejbzWfbUXXEys+XwDbIgLgToLttFc366/u/27uxyObt8v+sqQCYdIVsN4Ez10E9k4/5aa6HTbdcSVGgqYVe93D5Pkx86ds15avA7c2oFqxOa0Ber1NLKxO+4EjL59ZhgBP61bgX1cYG5As7EkaqofQp5p5LUVc0HO2VBqYPQ/0LJsz9h1XS+2YJorsWeOMCGjaBhmfHxksQU+q28c1jVj16abx5Ru6ZkJ2UY4PaIhJJFLKjYwL0t68xjOGKaJxfJ9+glQi6ffJOvRyqXJ8roh2HLE02g4KcQToZfIPojZZ6Elq70JvwrhgjLz0TnL9LDkvklO7sZjVtyErtdnPKJt8F3n1x9wWdLwppj9maIPW6qvOnM0AvWDca4fT/tU0WQMIDUGPmFH19QuTUPOstGYbaWKIFSoDBgt4ixa+GJNbzlbDlnGq+9Lq87mNP8mlVDJrbdhgekQpJ2HlXPB4E8krYp5Bf0Pn8r/AWMPrXq5fYX59GbD51Ip0I5pnue2pdIPLHAImyjYB/fM5YgiX93UdbR9d4I7QSM9s7kRvxMzUWjSqQYtzC77DVIbKwVlfxyLshA8CwFGVF/yp1+VfxoezVqbom8sXGNrgwajJxYzEeM8AXjQLeieACIIvhlr0uPytQVIA/+ScUPN4bBNeiJX/9yiY51/YHZnLIqumvgCeTGX5VSp/vuJNIlfDCdgi5+G9JYFgvSBG1lHZbn1TISKnEp0a7d0H4JMncVz3rq+sSd9IU4/1PxAVgblihQzEO/NkqcDJQQkbLNPfEpk6xmAOZJ5zXxo3G10GK8Vb9Vypo+04PBH4SpWMvTnHALkxIRfo2lK76s2aEfk29QvJazbYzf2EfAtaW8XQ1tErbFimDmFu3Co2TMwlByrOYxDM/dCsnWWUxoXaVPujuRObTk/5L5ib2oYdHF6pmFkq6TOzrKeYOKjhvt/XmRjYpYg7HZF0VvLwo6H7YXUf7OgJ9NxaoDAmcMgZyW0eKxN44faUoHwmqUo/qIDtf6Pyuchk6pvmd3xRH+U4IGFlQ/LODg5kC5pi/vtnJkQmJUBBbMTCfCD1mixEljKUNuxoJhT6WyNWJohr1n5WiEwtms6mW0egfAwMIrg7jjfHiJZdlL+UtmkXVClodf6ZQVbg4OCv8G5ZbqTyopRTx+2+PMXj+5OTmjsTfxSA2IeYhHM4yiEzMPGmljbgOnC6phxDSuq4oNzG3Ejgz+w/bya2f9dRl+0GvS9+GIOZDI9t4gBLR46zQ/ns681sdxYHOKjeMFiMqddszGxGSEMBFfFqwlGPiIfMhLsUkaK27FolNWrNuWFH1isIapS0qIPLA31tzvOia0ju0odJk8ALvPK61dv3ajUi4unKb405I0SQEW255eenXQV20or6T4BuGcEpDm7WNdIZfz76fWn+q9pVhzcL/KMFI2VQs1NUoFapXZvkY2eS0vI0MmEgV6azUv5QF3op0nPj0alOrDWr+4pUVZezkpmzQTbKrXJuIpxcXWe5NCEuLTZzwyRanF5hZy/N19zUykmUCv7ktnks90FnU25Hw2rzWlCrQKztb7PyHdoHf/5xF2/WTRnKpf6aY8rQQfJXVv3s8DGBRJ/ILhpRG/XxAiRA9qOFRTQRQu+RH0t3Y1ZVdepwyUSSt98E9VcmNncVHh4ygP+2HA/Je6tCNk+6t5k6AwVLg/9PjVu/XJOfzg+/BWoGZQ1pGzJKeUzI1JQGk9IXg+QFxroaEI7uEUeU4bHc4NSevWrNyUp1Ict668shG4piad/y0QbXzgBqUGK10Ep7Ty/VoytPMbaXXdLazNnDsnsW7obJEvKcbIF1iAqValhhm36MkkGujjzbawnZc5gcW2U35ntiylx60tNcpDHPf1Drq0QD/LMIXm+zD6mWHHFX6URegpHAguz1hxtr2nqTR6nojBeNRUayaTEjpQXlPdxMYVzguU3oOT+mEJl0bmuAQ+Wvl77hHu9WL26kR8uwCefXIDg/KF160FFp17oiTb2Ob5zFslrF3dVWxOxhx9dgr4NwqI/vqzipkYlf5UcXWwVldy4uLcx8i2tMSmTv8Y8RYWksNkKPjuL3XKExpN7+x92dQ+NP+M3+BtS0/Z/ydY6L5fGgvHn2ZsX0p/fwkFRi2DiM829vLw1dcegRkeAnmJFhjGb64n1TXIltTBpehKimYBKM2mL7deiI4dRhtQ8lBRmrzGm5ln0/Ytg3G1UwbaCSii/XOovCnrwj/IlGrAyx9iOM0VUkE1NpXTQSbF8+zSbQCKBnDVHq9XB5mZa75K5eLbg7pu4a5d9Y/fcXfxytb6bBY+Xp0eC8jmsrRhF+iAKStkY9p/fZFM09bFsphRY6bLeTt9iiSjrfpk8Hv6Gylr4opVc/E1X4yRfb1MNTHFp1yU49tQQLL+W7WbDn2kQnta8cWS3bDIpEogYHcYsqRPHuBlpqDtNCcZiY5bjtBQNGz7jBWwFYg8yZaT6yFYPzMS6LrpsKrcputZtybMyq/X/ALpyIKycpUGEvMKDJXs7B0el8GhEaYnFD2sPgZlnwty8JjG8ij5KpmZX18TO8RRQuLm/nKuAfaJa3Z6tca1L2GHNsku2s3Ut/h9YqvTyoFbraXCy2ussGTBRIYh2Ws8EaLQ7KEiteyN4Z+x5qvGNVc7d1toNWi79EjylAw3hUAJkg3OwyuXdHpMpF31695SlGpcYSNZHTkfdC5qUUAgq3SnLAl/Hq2OWShS79pwDDz2vBlI9S6OGkbsNL/hiBGCFrjLFhKxlD7MLooECGKyWxkX8bKsLl4uHfR7U19qiz81r5iReebD1Rm6Y4rMWsIVjs6IPKDJbSsuBWHHjel54r6m8Mopur+5pkoTY76DqIHkXSLkGM4ZNzQi5cPAMyavAYmvnQ2uspFIiqrSzEMlyrgTuyU/vPg1QE4rY2zYpcKEz9wlol5eyob1k5wR8iHaJZbEqnE77ftk60EPZ7SY3GZjynRSFdJJN0bBx3fhvAkCLah4TnuGfVHpjYKZiMq+dMhRtcNwLtFa2Ma+RvzjeYjhawWYqeMnwxiCiqeHTjSiVSEyhsvkP0/KELW7cChW5CP4i+jg6VO+oAiCndPc5oSTNn2l62Xqbz2fLyoFEoSBjQzah4KwFs6LvD757sr/Rb9HuS6PbLtwv4ZditvU/NOqrE7l65aIXD2sWjAVZijk+iy9KWOGlzybyzAijPetuvijf9yrXhR+1ct1MxS8Vq/ZpQJpQaV8pQWzHsFyqovKFl8BSzLhvZ3e2TfxwygdCG6fPaj7tj4raI3Rb8UsRL3io5PWe4/O3xTYT5NNCA47vflyfR65tcnaX2LVUAGvskr9QhR0KGTr9JtW4Ja7ei9dQRLdw2h/9fFkY7KKjGrmppUkQYJ9u50mfB6PcYqtuxmLBVbLzCiRU9bWOonWqH2pRy5RgR5IxDwQG2X83sC6ooUOWl4BryloqfQEghZbK73vz7PA0TXfr5OA9b97y18sHSlncBJTPXJjsjNIbYAbgL+xiMVE+TwA/18GkA9Nj+qI+frKBpvFoWy+WDwynagehJ9Kru4O/SjOFJ+7GspqFPR5PBrLdT99sFYxb3xAkCoyMvsraHObgJCJFxQVHfmBHn/3loGyfwDWn7IfURfQlCLeWgogp2nmJ99WCKy9SjORUyTeDqoJ3RhI85752SmRBRBLdaJUKV3E9ZyjNMN3fGbxYm7ORJyf2tlkOMQOBvoxzoiEmV/KtBbgKN34V1Qo6KA9HWpasTXwWyW5beZhfEt8dk3MSlAgT9U12S3ds+qFdmtmxQ3CFDAmNL4b0O3hJa0po9++wcwLFAvrsYBcBzYJPgDr0Qo1BT/tCydBnah++qBD6/MhWV5OkSXCKGqDktmdGlJrsFhjZU2HYADUCHFxreTXT5mz4gqhlI5aDgXHdTGdALO1LUdVdUVEqHL0vQFIkj7QZ6eKRmiIgvouTfgxbwvjENsUhn3tRzzIO0vTuk1wuHDt6uuqcXl6UpwYUS07E8RW6FgXDEbvVpesIW1KtWcfl2kClbVHgUuEx+h5kc6quOMIkJFDkskerkwFRGnNJF7Mh8HBIr+90U1fYDeW2X+YXL6GB2EDI4ps/r1KoEdMSstLlO7FQozbE1lvGb7vp1LD9WuXcSiJj/fEJTHlirY9clxJGOr8u+7ClYw7MTbZGhh67Jxa3KU/lK0V3uRFxcIWM2Mga2LUuKkpZMF1NBbYdsfM3T/swUkJ8gGBQ6mbSVnJhTeJQkjdhi39IcJ3pq4CoLuJ5UUXqwSEF4Mn++vXvWq85nxOLJZHzPCbjOew9bDxt29w6Y3peIxmuY+wjyVvLl/5QaF3BzrS7AlxXpLq0TH4bc4lHd9MxazwsnKxPcDl2ha+9zgqohumMQjGQldDU/pH7SN1sMAzB6JAnkh9fVeugzc/ifuA9VeV0xHJa/iLlyk8u8No66WFwiaXHnuc3+X1hbPIzJWywoex6vMQu7UQeoacwQHJu2zft0oFze6VjhPt9RbVUe3+tUrvR5grrY97KQeE08wrOWYPatiPOmneU9MPDtATpLvCuz/pkthFPa+V01C60yhG812hW+wdIMW7DnRRxuXfoRKbxIyGrroXInFMqhKk9amHHXZFxe0hsjppooa63hp/8PT3fx9ZntXwDSx5Ci+I/mRX67O3MZuh4CwAVjgpJBYaqOj09iAedaUOTCMPMVpmE578vPq3LfdSSW3jp+QupXF5QCpTixiDNOCFwgIjET/o627qPlAEjYk1egVSUsF0HHL1yu+Ld4V8JCXT2fr9LqdZEXXYOokRujVjsTFzoWYgl9voQQhv2ljmR7dmbnBxAg6HlgGnrjvSheusHaatEF9wQZxmkWcrQ+3lrQ22Kqqb6UnR4bMahep4UnU4WjedD6dEXiXp2Q9fQ7OnCk4iHkq9a4qUfdRg2+sdJ69FDh4cbCiKPmDL8cfpcrwlUP9eNB6D6zJJTX2OQ90Y8B9G6y4Ty0ioxlUXGqNzOkTHCXLbE2JbsNYK7Wg1lPshqqVyttxVJIXXzyPPqiYwBZN0DvDaP8UU6tvDkHctizXiEe1ZwMy9S+qCtSKO8XCz41fb7aDZZDsYwwexxmHfBidsr23JB4CHDWG696JWtz/9G23sHRfX9W6JNhiYICEiWKDTQKDkjQUI3uUlCA4rEBhpochaJShKaJoOA0AShSRKaKCI5ieQsOeesGN73/u7Mnbk1703NmzevatX665yqs+vs2nt9PvvzWXuu9UF9NTApZHTVRvXz5tMLKdKMmelQa8Jdz1egDHANHyhaX6ffmIZPOpbyzVM+BuTTbeV1K8WqqMquj030e8NOSFyL8Z/d9GVf49lM4ATeQSEL9I/COVMlbaEGTUggguyHcq/v5/6eWviggdte1YKmx4wbNiYfzWjtnP/UjYDIskjxfv2C65ufsPkL2G5V/jaVyBJaP3fk2aBXOGse7Xd49MHO+VRnFEjLoAr7LAsi4jqN+/6PHj9UQAat+uUzzREkU9aVKKZbauqTbpaFy3F5uVS7vjcnFdlrfH9M0mtvYfwcXbqSQZ4QjTds/GxDX5dh2ioHAal2LkQ2zShx2JlIsHgeZQii5/A8K8FNFtgGEFh2efIgVMj+nwknCRO/m6zFyONoW14x0XHj6xs/Pe/bWizsUj3dvejEJyoiIVZzEZWCZ/rWKkRM6EWw4lgLzlOrXb40vmJz6JIatHK08oK+11YvTyoGCxrrI/mwgU9X4jbsfMQlBZO03oDKElOcoPQx6XWzkVxtKpbT2Lw5LkbBlFz0hzlnm1wrn4Y14vIMZthc03xYv61YYbpZPQlW1dXIgnhVMRwwIPA9rvb3suVvyb3U303sL2MGp6Z+0wU1CG3eM51nJJEhA2tcP+Cuv6kXwer++Ee2oVX+Amg/sxDfvXy5txw3ftzWM2M6t9L/Ql3MxnZuJJbFd+KnJE5u0D/ojAyQr6LnOWPgNCOKlBxqen5gtrlkdUDG30sjJq8V6myRdOugIcQvy4eFKJYqTs8p8eI1UzxNhCudPRdzh2/GiETBGPk3oEAdhVx+/mDPgghMGn2lfe4yQnF3+mU9G9XzLndzeGjhD/EMJgn67RqGn+N7OfrDIkdCoNXHAXcjCIjNvFkb+4RufqflTLXvf2E+WljAzBfLpODd3Ti+cN3tv9iqWJhRp15eKmOW0cwJ23Zrhi+E9A48H0SXXr+VUfAnSJKoZ48bn5e8PHHd4raEHMzzLTlSXAuzHXI38ZVDocEfYMZc7ha/jTYF2TBogFzf08Qj+d+hDTyXHRfX3wJhn8iwYVOw/5scGuv2yyYL2F7piCOPpS3MzNpsLB2tAvu6Ii7+ks7i0X88plrpYynletUDvqib9CdPjkjsuaJhKPmYEm4WM6B4ghYbVWUzkyLp0BtZCIYlNyfygZAJJzRiX0sC2cOkLqV/uzeBBVOl0k2Kwd3RIl4YO9QfC5bfl1/Udn6yvmUfyp6cO4hiGPaSyRPWjWphkOtXgGGCbj+lSX6C3LNr02rWSQV6j7ScTRJzhasnSkcjAasCYKcJZqP7idYkcRyqxNGlgJXcn6z+OesXbzbsveQYewVK4Re/B8f3T39JNh8OU5co/zP0SdliYQHhpZozg08rYpaI0HvqTWSc7iYeNHBf6kcbXrDeTUUVbSCnIWfvMsHCbc3Y08NFXiWxndehlOhBWBMr8JxfiI9Qa73+j2mKVVj8GMX43SU0xwvo4utFp/sHyMCuaDxu3yxk0PBZzlphfphwTRkWBCX5z6B2L6h5Mjndo5Kb9kE+FzFOiyv1doVOfD3lM0vkkGjUCtvB1x09WsCD3Vu+0L9G0oBVdSzpvSPei2uVZll5uVZh4VAveQ/slR6/6HeeaX4tK8Gh15jrSdgaQ93qstKdPCjvBMt6XF/WOBvx0Ne3RrkLLpk5EYeHuigx9mQ0AwfYiaWfeB2Qgqb2m8QO6IvPjMeDS0ScE5rlPN9DXHSfjg7CFpJKJk2iCu4/iQilCQAEAbV2pZIYRyqiNEaiQZQoHTi9ybsT+F5Iod1YadC0VhsJXS7rwa4OOpdx4X2Ly6nLG49ACdpuO2FbFyj6PV9Z+UbqCd+f09PLcqtdktf4/UQFz7i9fEcY+wvLZIvAxkju7hAKN+KKRa2yqjVMsxD7dObuYY62jjgSJx+bYN8Dy/WpxHH34E3eBwoJ+9pXfM/eRUDj/hdyR6IFnz6PXyHMdVLjXRjso2VLsuBDG+EANQLYGz4APYUcDhlZJq2nJ6roGhKbfjvSto24GX20HootFOXvlsWUNxDuKX4ArGyPf5J/U7K5d8ihPEFqEJnG21SnqQI+RAkJsUBjVCC9ME1UipVy+S7JkOuHOu23nkEmEKqvQVfFuIH4wBtsV+G8sZ1ITf2rBUFmlVnjFNjW3OC+RlO2YxkYNGHBJDfNwS/mpmM8oni5mm4NVEexZDet8kU1zmvt6wSr0aIxlQRRJunLUS7a43DdnI/0L0DRPYGUyXVmi47TU/XPi2ZoQH3kfbkCbOHFI57HHdYI1EzcqXsQO16JVvIErlc4vpfNjSVhBNB/Uius36DRNM43Mnzwg85/Bkzg1Mcj7gBS0FdwgaFpXgYZMEJdwnI0vpk50wyzBim/s80JCUzfz+lVBFW4QY9i0w1hhLmhNIT1FUHfIgi4potUfcw0C7/xBF8N+SAo34LNfNrxNzL3vFK5Y3MGxV8toOrSngsSapLxNBhVY24zpKpZqiu+PXIXc0fiNyBgKLLJrGtysCvCSi3OLPKtWhoh+TWthr1jBYfMeEqppFljrZhrk9a9rIlN6Yrgd8z9utHldviCb7PF0Qej97pUL86STJPe7i345YctAaXznfWbpAim1yt7XARd7L7yQ9TdonBQ9Rsz+tlltEpXjQS7stGFq3zi3nRV2+XVVIhj1n3Ws63qsbvfd6c/tdc6RVI4x5bNW01zWpZ8pVG8QWKTZrkBP2KznnIrqAxUTXGw5qpXCesheiw5sjOmiqe4NZfbxA2fGYkgRRmT31PaB6p9bM3WxPdC5J2bt74mIu0+iaobZS1i/DmeQv1BqiAW5bP3gBs0iUH2e8dbhRxs0trSPEn6b5RJsB3KFAXx5f0iy7QOT49mwMLV/AEQACNRgrndxGj+8Hh2H2xxhnCBhn/AuhuHjcWC4ANdeYfc1jViDUDhhbxybi7gk+Hhbuyu+/R5WKztE9Nhy+QscTrG9nKhobjRb32lpbgwxNAvJdNSXEZF0OQGZYLjZp/lOMxk4Q0QwnUmyxuHlex70mBFbay8r3RrjMgSomqajykubOJEDAADx6IeJTDyT3cKG8creGKTSXwSL1C7S0q7MdltEu74j6V3OWRkjzd775OHX3jRM+TLHsmmRhN0CszETcuvSih6FHnTsZjop025OdZUZ5S1+I1I70o50K7WNS3DYCZq9OLaRDOvTLA5BRnCTPnxdHSH4tdwJNKaq2Xvi4yFCGj5RyicwhBmlgBS1YATmuS1mZiPRlsfSYMMo3P0B3TGims94nnU8yrop9cm86mCtRI/qOmPLUsDFPGEBtfG6cZiCcOaFRe0mojsQkcf4Ln8Po6/P/sNvfuBnqPkR+7G68bTIaQ8HbM8bF5/8ijwOZIExNK5m/rNecwX6sG0H1p199vRt2J135IrUcknmuqi9QkC/YwNFtAAw16XZ3eUE0czbEJ/TZdoiCtLGV/eKzpr8GnXkX8Y9WT3UNU2NnfWfBaxdMbMj5TFYD9HpdSqPmVDqzAWxx/83Dcc3bKtMnENccR9wOxZmbCQp58PGjtQNaZ36ryBQmnzChjCyXCJZj4rzfzfeVRb4YdVODWTlVVbbr7IBUCFwNJnxgzuU06FJAzOtj6NoRGNZadaIRh4HG10TznWheVjyWPGCqWWlX1zSbmwt9xh4ohQC6cWSi02442NSr7Qb2/B9hZK+Ysx4KWdmlY6W6vxRfNcJLIP/SNxDg5xUQAX0HRN+hXQYu3t0a735K8HeJM6hFvYi0ded0cV9qLPEZ7cGwxgroRViGLkKdk4dsToVJ5FevY2w6fZIzbkLv3x/Ii78WEPU3GPsS38H62obTMc7sl4/UH51cKLPOsPjvNcFtxwqwb4eyGzdynfE37Vi8LyjGy63b1pJE1z8x8tQqpadEe89F7w/KjWjXMs4wAfHEqzmz1tD7C4PaJ7hsfOZMMlxsf8g+ORdNmLDRmkR7ueZZ7YXO9RVzCVzyDvnKOMbavVkq2YW7JVaJgQoaL3HuT1dzc0pahkNFKQXEf5hSEBy9vH9xv+3MsfOn6WgcVl8Fnz4jYkuMMzcp3c0k3G36gNAsMNiYsxm0IXhlxJ5JVtce+/71DtnlSFyTENGLf6my5w+kLNo1N5Vi7SOSGCZ2AKS8Xdc74NqiR9hSXClgG8S5a3jveG1eSOzjuxmAn+Boh6mc7ACVSYHEpIaG08MM+QTGjaFfDz+lxgIHAUz0P4PlrytoN7ZVCHGtQZoaqQ8WrT4H7Aaf/NtL6G+dGOQs68jib85cHOuNtx/UH6GtdHdn6xJTdscdSJeP3Kcyqi3c4quXeRkPrOV5wcLSNC9DzwFK965bWctz6BGOVYnb5G3I8jyQIsVkMDEw149CR++lco2ufDiZXfwiS8Mieebtpks0MrOoQhpWF0nr3z5oeVwePEMOvqFJGOOz0giPjGA2FV0D9rCfGrviMp87+Aj0rqzhk8yGzGrKrd5Am/Y4bGrKSJmrU66XIw+4GVG/EhAKuyQRc3ZfFTICjSr6Y/jbBP1IRsFV8xn/8sHhnznj9NU+XQK2nNpEYmKq8bE23yJutTxvZY7/4z5Vwlc+uqlXhco8ik5C8fbYQotlwPVGpIPsoU/RyrvnyHp87bxD19R2RfqnHyV/VH/YKmeEuWZq5y90cLdAsuKkgNrsRbs0dieLrWk94dqZZH09XajT11HxRdeVGlVgdohrMHOqKb+orvo/5kqZJAgUJP+xcD9f3/wD9d776MfLxwj/UvQOqHxYzNB8SC+nlO0JMm4geLqOvZ8NuUMTgxjuMkafo0EuOx1If1bWY0GR6zzFp+Z1OvkujmR/x6vKjWW4Id2RMLxLxbVy2KDqzBkuQmmx539jkVDjjBCrVjXZ30a0O99pkI2c4eMRJQRaQ3HlLSEy793vbzN7OLxo5e9D3c9HCsrfIntlxRAiMfc4Ope/A40Azj1xvD3NRfHzCNFw9Qr2j4KhzQvM5WdF4no7jPAcYwNtTAnYjZoTgo0yPcxjW5UI9+UoSSa33/W6cXcx5BTyAp7+AakCMSXeRsuRHFgI4ev7O2Iq8CTHo8gG9TTMJoCG/dXOKS3n5RavydJWxxD+ncVCjDJ30d74k/SRUr/dbM8ekBbVrxqlau3UxC6zNt00KPZ+5PRaa7oY4hTWyOYgdpT3wrZdhp3/IQ4S1UziLTACaBT4ZH2098Ti1k9Exd6pRvjbfeC83GbH4eXeEGJc0RuDsxd3lJHG+EuG59q0De2+zR63BxYDFMQdkXCnUVVR89lO38iucMUPR0zdzLNyjZ16r0WLBK5Li6L+YEPlP1Wjz6Tj/ueSfLurF/lBQm9+Fo/+BHWL5H5hf0KsTZGsYSi/FbapCOjQo4IssMZEveiBYmabgjyBWZIBp8PKoksKlwXF0Zciwr059BmThIKWyU4mFJ+xOqDSgnQHy+PtFw4fLl+eJPpzyCvhweSOquJ0+x9qZqqYmZbhPop+D7UeOHhfbSa+PsfNQ27xh2J7+u4Txod0PlbJR/8FtlxO+4Kc6/VCM4ihlkKCg+gjazE+gRfEOqvpd0oxa3aRqOXm76msLdl27zJMYGYSBNM4yfUw9Tew/0pEts9cvQm3sXFPoXwFlRQt0lNfoohUYdlikEU6+sBPFhNYRYOE9UyU5JS/s//AUUy8tr6R/CLs7c0hfsSTe0MZM5CIonEftHIIVk2rwP5LN3qvGEKNNfNBHPSp5VoavBczM0m+JUWbVFBzowzHAafg8TpaWqkFzwaC3XaIPRbrr3I91a93CvhOI6+qLdhmf3VnEhtwfzJGbwuy9Ef402GcJ1x4bE1ZepuX4XYcirL5GbKgvWlSBc4nkxiTkEGlE11mESdwfTXvVvle9nqFbr7/6Qrv54cE/zSXAU3NJRvv7BKEf6bQIonNXs0VBCo5rfIVVUhLFZWPHYy2XrZ6VVBtrJwzr2FuAy9dxf5gxrk581daD6G7ZYByHZi5XblL5PUjmxBh7v4uOBvtSK/TTg9jpWYxd+IZAAWS67/X01ct7IpzMcqkwL3o0LizRyokHpLMjibQoVElejaz6Hx5kf3u9+o8wbOsy4PcnGN5N6M+3aPqmSqB4KHCuAkuvDfbjKCDVNALwzFkRzPSjcafoE7Qur2Rdr6Zwovcou1FW2mqJ8VlIn4n6REXd9cUSDIL2J3osHTmyZR/u75TJ3jZbjz3lqqv0zf4bNXvzQxmz4qQjpyiYN+my8+oLk1zGvxrPThJLAZmheL28uFDcgIh2//Z7J8S3za6YEawoiJltg6pAtLU/JLXpylUUKG3J8JWqzwYnOXiXW7VCgrjvA4B6bui0XH1Uhc18JoBNgVho1fh6vWtSArbCZY2mdywAtBK+ASh1Uw7h9+UhI+B9yA2HavEAiskVXl4ubbxt9SQcxOWGaK0PQp0Bv58HGt2FkAoxPZn9SBEf7jD9c5GsAMcFNmMtMEHqNZUd1yzOw+TRG/QPPV3lJMnh6Bhq54W/twLDPCnq6GXYT1aLfvEOvDJB1/1Y6Q2slio0i41wOhzZypTQJCenrl1Q55z3ISARB/3NXh1JIIQVSVrtz4HHWSOj/rBfd09o+NagR4XfEBD+IFz4YsMVePXUY27MObRwNfm32iEG7V+5yBPFtSicx+5unzinru19scYdiy2kgSNDKPkLY8kqCQ5XTUJ8eLasc7lg5V8NrVZTO3+diTAKxQG6QlIK4IbLKJyq8KyqVLNnQPpSt7uDHTvRgMQsUudNvqbN8Tc57/BfQs2/5JgkBvVqaQfnVfW3vq3vl3LiQky/mrtMdbs6ujJEeU11+BAPGpY560vxb+vX9b5yPw2l/4+Xu/hASR5tnZo10BUdzI46kIzT1yQWv2e2fz6gl3i3NCVPYqYXDLvwUJUTJE6Olp4HBCNlVWb7nqAhX0ZHnjYj+GHDJEtMcQ0WgIxsIwdYuERUu0fmrHNU/Zbjws1bBGBLth+ibr+O/dSPj6YMZVrPuLt/A4ii4KQQhKr0QxQhhUbJ6NjQSaWOPKF1DXDN9u9XwEOSnljVJNmGYZYuIIIBCY/OPUXEf5yakA4avLBvUENV316V55AmDfywtdd5/qXh0OWLHq47oncsdFGHqbpBT9crRle6yp8V1VtoNe39V/mkVwA9ttJtnmTN6Sr1bSvJ55huFkSm3CzX0yyAKyyCJDTTsl6OQOxIIF3fFfeNQy6/0SF2VeyFd8rwvYX0whfchGYdH2OjycGAg8dEN6mSH33mfamfcbqBuYUMLc/0mtPRFIcR3kWDRkBdoBtg476zEM7mGlusLMTCfMqwZRqezQoHoqEMVWfaoJLJOmOM9MyQIOoj5N9Pl/wbG/1pzVr5H+hfgFnxD99tUVUk4a08qKaxoXHwFjknldhdvEC+lRCSPW6stPS8LHVtHwAP/ApIqnFrAQic/1a/6xyrfvNh4MRcCAaujJjV1uPiVVaPrzzMNyGGfDRQnO8BPnkxXJGkss0NG1IPUWNH7+soxk54m80C1qduYi+3r6Q+iHTVWPPPFavgHweZmdx/QvY5uX7bH1fsDtAWcRZvSOAFysoCUgUtKle++0skTI6roBcsYZt1AerMt8YnhdL7clY3wjhXOS8nsiTl5Lf+Po21XUY62DaioHDVWn8RkI4meNvJeemiupfRbw3EliVdOuiUKx7Hmsnk8IcHHG82upDOBsYHiv3jbv1NwG9mcYQ5RsovvtJSLUnpgOB+bW9cmVV3pInzTC+LlTJO0l/NQ3ek8apzWMWF/aG1rOAPdtQHziI/72STooMJAzUpOVN+0ZTknDp2jU1WuFDvRS4hOSSganl7CbdC7aNZ6ryr9+gvIdj29uFUighY95OCdOrZZstKJYyQRDwaXDRm7WFkgDOaBMDVtSkptVO1pfz9pi2j+but04pS/p9sIG3LeybsX3B1Q/+q75fTe2KM9f1CxDJ4kHEtCTythZ9IU+tCo83XPt671tzkv/KGOwsKBk4Ey4WwqQrA4bW4Qce6JsD3Nyp2+dVP9xnFL9PbdcqYhN/a/gIBVjBqeQlvN0ruLNPzp6Oq2QRnZjBSu1SfoaN2fxeyYpmfLY4G6FexR4Z2ojBWScDGjmE9zk2UXQJMJyL05Pd89SvUtdmlBmJgV7G7VT911n+iWRroPNlM4u30FwtbI3SQ3pBhKKe7ggMSRUeGM1zXCHVNj1fLVpV48mg0NTCZp2FJuZcNVuki8GWGfW2WjDHElg/2qqrrc5M50+uE+9W2b9vXTxhmOBXFjfcWJYMhi+iDhKOpV0lpo2OOOstaH6h4HGnf0jT0WbdWiRmq3HQjLhlxWuTcZDtRoU2dRxQ4gIkAB4N0dvcKf/j4fXfvNEen4Svnh4EjjKtygkNfKerVkY65gXzO54Tl7UVQpaKt4UfcJ3+6XoU/oeazxvbCY+MOfT36MFQ2eilcBQ1p+vvXNYOPkAHJGCz6lpFDktrGN9rZEWAvNZLAdCMeVyNCvjdR/9vO+U9hxpkv/VuGNaij0lMyfEgqggBmaUWB3d2fmPszMfMre/bQ3ZJZ5sosfPFTgqvjI0Ti9P3rIYqTjTAIF0KFJSTVd6azVJhYOB1y2FqvraWN5M98Yr2pbNhbaF9BiGD0ZKqkiv5LibzlT87CinqJX1veZljvjDmQOTjelo6VNigXlIxNjUarAAeJVoY0Ns477Br7UiQsh8T62TL820rQzvN5KMn/OcGzmnq2SLo7Yo80wwwg7y1lwNaVaapT6t3+plWIZqLoy4lE3YlWANsmvRRi+I+iFECmn5VtJV9QvXU6n1IEyv9tbKfrIHT36eVa2q/7K/m6SCeDi5jQ/1HOsxTTYcbxeximRmqTMuRlurFguU8oW7H0EDtjAyZ0/HN7ya46atvvah9X8BPNZXa6oc2vEnXzH/Gx89MXFt+d5Lh9V6qsb4OcaF1e/UtttXB1VzDyMvs6weAVXLJ/fRvaBXfVPwCVp+VAG9JL/i7lKHnCOps89biglK5GxV82Y0XNJy6HHTZT+/lNucpglBWAVysiOu+c9UfLdjX7e5Tg4AB5P1eHPDI1kKX8IUKJ0eYsX5jwRl5l8k5P5F5A2czIy0u01/TPMfEmoac8mJqMMq0JlmdnW6Uj1ekQjzMBZA43LK+dVvogq8zDIYznbRpVfPDTYRtwm1eXLTS+1WNs3rVbJLa84PCpqGA3bOWpca0yS+1qO02zaPF5sWKlxoZgognN/ErWPef/ElqTvWagtOZLLvhyqCCBrm+JlK2pC+GG+mNYpYbEfZnNSqUeM3zTLDtcr8KhNyhlZEr6C/Tpy5w4hsIa2oLxcS85F6Kj8rF8clF/dDHrGKIBHT6n6+AgNI6JiTggoyAC0YsafSlu65ff18XXL+YjM8fT7gT3SC+K8+K7p4gKRVVF+vsRSuQtcalNA5dI6nOnoQb/DALVM/Y/kOTUz7wSqe3Sfb/6Q4nPmpUh6d+0+hYZbWGO9DF6ZFIP6WhMO9IFegEVUbi5AL+TyccngTGqWL2oWvcAUHOWIPusnR+8+r2sLgcGNgJcQQJKL7rDYXYm9WmHOVbl4KwoJvuqmf+ZW4NRKXrk2Xy6NAWHZ9E+diszJe/uDW4/lj87v8Mh/DxOLOddBgKhkiSAhh+e2/OPLK4y9a6TNHXF7mvUVjc3S0x4pCuYPVtRyxEpCKKsZmDi/gAuLMauf0yfSrwNl3I3Kc4efHJ1W/LiRSWoLCU47tZv0+625mLbw/WGJwhtEl2HxISxHvcCLNCSJ6y9AMSgSLn++XLzjV9zGX2IuruM3fjZ9ALc7Ra96fnk95BHJnUFP6WK7AlSx9I/m24772n6RfSrqiAWFO9bKIWU5Mfij/lBnmF+hgwr/7KwKf6kKDIqhLZA+XNyVooHLDYm88Eo0xwnVTwaJbnvX7DIJWOCu8SfMh4tubh3wuKZgCNRs1jsa20DUIHwt7L+sMvxbenfjUOqfGFCfZ9VTo4qdabN8s60ew289lvYwX0xw8K3wPLpKpSfvge24VKyrQ3vX5KM0UaL2Lfrbb4Nx0JfaE3HIzxEEq86GXwt7tRjzTfhGY5aL4E5sajlNi045zbm/AglEoern47eC/M4wg53W12zogsQNO+JpyT8JLk8WJH8JO4VSLWxSVCqA+yEpjGHcwpbiC2xszo2pUX1QiADwKUQqMyfbak+0wabuYfL75cJ5q2C3Hwktt2CkgBebIKVcLynl65V33n2F5VXmzFfxPuXjM/PxjFjFvRP9ST76olcDK/ehhe4cbJPnovTFT95wzviaVu3SaFxmFXxSmvnu4FYxHG13gcTJPVVqiyoG8XQ4+ajt5T04rG31zsBXP8l9PfbwLm/DVUipum1pDt28ul4x8hm4NAg4wCJsSHF2cm0ZH0QoGbOlibhKay41ZIq2YyG2Z+3OD4t2zZwMdP8gh2qQ50Q1kKoA1R6VomqFhFBcfMmmowSf+8iqW3x9ppjyHhMKf07/JY/zh2UBEWq8r1V9GmHips3FfEGeDeynVnrf38/nmMC55V7GE66DPLFCITLPjsU3IsXvJmAV0AS/qUwF+Kju3qRavm6rSK9CBdcqzuAaT+kPyt/EHXt2hxq9Y9OeXwGk9G9H02ixTyNNG2nS5ZynRp7NRnOypy0thW4WfpWNKsurrxHrHVszxEUOpbTOZCf9BUzofGzJXi1DJnbLpPrS2/Zj9k5e/wGIw2U3QcZFQlBULtEeqUSIsp4BB5NPTtRTD02HH9TiF2nps8ieqPLNqHIHQbI0jnJYjdKAwNIz6aFIc1cfRCX/hgR3PT6q38ENT8DCllzDkHojSCj0akKJsk291UL0nrCVnMhCA3OLBN0qM/OOFUlNg3R6DpQudtCKSMiIHCgE23egLMquxfEDR5cmVQIs4MZoeDKWwRr+2q4w7J09VeMW6jqLjH26VLvxPU9AtYup3vufdp4TeZJTTH55uZP7RXf4050es9mJlidmeXyRnKdFV0EW0F5FA1IVjRdqyPSz8unujx6h98iPekPvgDRiQu65aE6+I4B349R/2ZMI81E5OpbY/fG90n2xdoPaPWo6msn0k37q59qe/j150mx0vBK/1kX7jqwdSqQc+f1p05IFcsJdPD7y7SNOuF7hZ46epua+HAcKYShUVdiXiHibOF9FuyR3l+Twlp5ZI05EJRrOKA90d+HZOqeHrR+XB2xC1bSXPylkdZ0Ayj/NkWJ9HwXr9UZSNDuHVrjYp/GwQVp60empvYo48Q4yCqH5fEHShkR9o7td2xPnv5qHN++VCl5O/77XLlSyU6rrwcpqOmq6t+qZ5YX+R5qdf9U0CdSPLssYT89Su2b/2WJSQK6vrS01MPuTOtR9hj++uDmDAl3FdC36wD5zmdXbbYimbUVHt9BFyI02uOdJZA2aVDfRkbenefzXu+hKgYd0rG1iLsb43FsaCBJXmj5WzK8l20fSjco9v2HF4tpZOhD4yg/TMYZnxtwGRT0V4tJW2WFsGlqKD+SZxr27CCO0GBWP8vfljqyPOOkJ7+es55y87bhPqHDcrSBHQBKabr1qoWIBOILIZS8FhgkfdQ9PvxO7L+qFFzXvNytWfOZTPl1UZZTQxbC/h5RdLK4PN+vQ5jQM5ArKHiXjuv+2t20duSP1BxzlX/gkJeSW9dwlUW6G5U63zpnZhmp74xg9EXQuZpxQXIXNtbDjotrQatOGyrnyS/Pjq6TbNUf6jS3OpD3mhOpTPukmVlllkysCA6G1zWJENWfqY2uOF6Jhri1pPTvUtLh7Xu3cMTmJrum88hPUIinL1IeB9veDXkMEfmnxnUGqxhOeLP4TFf2Px8//CUIte7/StORD9P1W7+sKWfZM7SN8hSkOK+qZStp23apZ/tkVFe8a7ZivN1c9eDB60VR537bH5Bnt+hDEIkUARTLRqkhjINvXyuiqo2MhWa1g2UD5zSOFLY9w1WvKiyMzHu0AScd0d3EICj4XqGmUjuJjTzgiS82ekQmdchRidjEekS2pv3gtHVVX9m0sTXbWhx8CAanIQWPukCWjLJf0tkvKTd5LJZVMBFUdC50M8nwx3WIIfCGeh/kiNkVnY08flZJBFMgtSzzD9d2wQdyDcpJasDYgyyGBJabVLv6ule4AhQ4R8yEaLfEu9E/45BJ494Op0gw8qaBZAVGDmM0wd7zKa5bfxDmrIvVKXSksMfWE6L1XvHzJEY9UK/l8hf4CKozl8Ge5E6NyCJ2rm2dOuD6sfNkerN/zBB1LoD8mgTm/jpYxm/EV/sqkFxgay6pY3BZ9vWKZk1Nm01juXpcWkLSXq/3ZrIdfcDsqLe1+qEP75EjAYaNuIyX5EzbXVLQ58tntnzlXJDFfGdOXRD5h9pRkLYYlzPIzzIf90p/jh6HTLegZlKX1C564og+SXsxqMuXcQM9V62EamKbSrmwFU3EPCAp7j/mfh8Cu7vMxJGi9FsUms6x7ZL8UHbMd3MtdPwtEEUWFUwjJQrXKGSv2lOq2A8bp1y2Bw3Xrwsbg9jn4AXYStAVrS4zu7RpjTImoNtqTzblnIHpnL1QhINU1iErWeAvygqr51fZzyQ0fbkF+YVggSshsslzF4/KaApGe4llzlD3aY4+XIQ39J16uIsb0+W5Er2pRyF4CcsMNqqjdXUom05VsEc3fcyYO9OBNOTl3M1u++In2D1CLj8+j35D5u5EOvkIIGQ1c8I58yCi8jMoQdY5ntZfbNfnIs9FaNX2Ekz2BI6UaHJC0s3PN2lpuJxEF3jrHHb/u5YnudSUGxIpvSy8PLWypUWcszGt21kDlemlUlNO0bV4MTdCloNpUw5ZKvueuJyJ+NPVaBD2+raNlF37odxVdOJU+tlb7KYDEQntabSyoax17MHFrLvM0BThdXlsIdeqFzFF0C97lhgBBvs5Gy8WpCWeaNE6gTarhke6AdjLfNtVadZPWhEZbTQiFaEdN1MYJqUHbL2HgSKXIfIxrLbiJtKRt0W9TUAKdPD+9Ro+b/XwuvtIpx6aP6vG6TpTzb1zwseqv3XQBMRFSnvJBPHogi13ZoiRl2AZ5dOWmBldEhypP84hqocd8kYlVg7rZgHTWfuMCa9TgNr+o5L7EM9RYzfwgxSGOZVPlCKaquF2MynHFfA2x9YKVQ+QJfwNFpD655YeqV1tTZaKOXjURVWsvMZ414FNqGyNSo9BGbUgI7+vZXeWijLK1gdb+DLFPDbMmpfBmPEaJWhpTX1sjEmgK5taQHVB+IWbMYfYiI9SVpqjpn7C7o+sO2F+MWcdY28FFB8nIgNV5ymaEjyaOpjVteEqG6FEq/Rla+a2s/mNTln9dZs0K0QOq2c10pn6lq++UCpPsiozSjG3CxKXOpsjLUv0jtO/htZFqU7PYm0dIN9nuwLzYEu6MDdwV7H1xFDqtLqQHZAaEhgtJaU8L/AHPf7Feo/R3xLlkdrnr15WTv7bimJJG02Ojfh6SQFh+aZj95FVfXtuLd+jdWiwB167rmwQ8/PqQOc4PyjTkSvAEDPEI6F+kQ2PKEu6+ChyznPc3TKtYH2wSX3RNJX8x+6JswA9IX5JOlXSjAjxu21F1O6NDk69pkedz5raeGTD2PTVb6FZoTlvlPA4wn2I5BrGx68sIpIyKy7Gbgj12q6rqEPHBum/QxUJzlIfOey2McuCtDayHdBouAGhs3U2EKY6gNwEQh+1WZbiYFS/mIzIuflq/2Ntsz3DnX2VV37fvg78SMhSCwj6dE3th0GIZj23e/WptxhydnCZ1LM7YD0XSWsXFxnUVt865urqYmdZXoAnmH6UOdF478ZmAn3E/Dk51Vr+tEitqAE375QvrgxBqHxPY03OZyZRtQjVMDH3MqlG2CyYW2RZvv0lzjza/0Xj4QLJYVJXbFQhNP3hp3GzdPgjV3nYYR973q9u73Zw2jdBIfMMUHMJQghyQYLqIMedraf/sqmDgSyy4Ch3g59ow5nD/8VD0l90n9HylQsM8fxJRqpPCbMKctnE037pXhBbg7p7Kh4e6F+dWVlXl1j8V8YacWaRPZsveYeqxheLd7/7RdYL17/E3y7h9omHSR8ru1rJTZ2AcvMRyc5lch1o15aoGysWfVSWr0+wJ0tD1U+ESqXCcOmTHoGbaH55kfB/9JDy1MEwqWotLGrZtTUifPhczWaGRjaJlKi6dfNUsp3wQ9/uVf6RPkKvhZi1o1iAAIejQ+X6oFYaL71symypeucUoS32+JNK0rmqZ/1oOFlsIss7+ztVzJE/LdJbnBKYPJVzQKV9KIFS9Bm6R6R5b+m4KLtyfZOpzUhCypwzp7vGyirWroUpt7iYkKn8pCPsLuHmlIoiV4o3+GoT9s3cc/dvHCuV++sAghyLDfyDG8L4Hgk1GwCuwl0ZL0UwqwwTuSxTvTrmP6p1HXhb2ms2jo9Oi6BkIWMDVb20e05ks0uS63Nzrx96MFy+aX2keqixNeOuRL4QYooAws7o1tWQGWuh14FU4td3IbmMDE57SV2KDQYykNZL2gdiag9+EiCDhWcS9Bg/JSjCEmFCVn4thyGombes3cqLW+MG23GsqkG097ppQDeOlphmqTyB7n8hCrERMnBeW6UvT60vQLR+JKeezpw1jriIy2i1P2AErUYv5Uq8dIqmZSj7nsNwj5dDR4J8qnyospSCBGMpBm+6Dqqx29YIDpqcR9zILtBDFTdJPWMh1zedN+Au7BRmvgW1qryig9OHJafYVXOL4Fp2VxourwsgPOLqj9Bn2IKpwk6Eq8cbWN6OEaCYCkHLh065XxPTkUsmiqJFvZifYm+K6+6DDCveu9ynbvYsbnBL5XWXWYhOJCNucwucNHl4MbJKClW0XFsgrKLEp9mpxKNrlWaBKVCEBm+bae8+UaZ8vEBck/Wieu73TFoHtK5oVa7w/0JHwI/e4SVHb2Tut6tbxBjFjq6oWgybTIZ2qy+haKOz/xEV3/3Y1YVUcKCmXXryS3Szdavq5pteTjG+cChAheFUlPznRJDqAMLIU6yVdsUh5oSo0p6zUC+Ln3nnLP2kflDjA51h3W/Trz6+gMR+fKth3n7e+Sc9e/3xmD0Yeq657mcAKf73m/WGmv34qycEonCsMIk57fidQ6hb/y2Bb9RuseXRbdunrFyn2LGRXwkHs0j+7LnC6gZM+WRzyx4RDSTjzjVTzqUUqx9j5HS7ZhTdyQAgLcdjpM9JNZqiXGGYMvWA79XGRbTxCG8grR8R1vvu5YK/cShdp4Zgl9Rp1/OhZ5q3tVlETCIjqpkuuL2bHrOcmCUF+Js25ZrHyLRRrozfyKh/9iip0z12ngMiZnxUclFsdrZ9KJdLssq5sYDSTMzJYxr98JlNqCKeZuFlV+QuQp6lKGz16fFevb81ZXshcAf9LT+b+m4Kdf70nuRj2IPL9fxT/ufDiVK9Oiq5jOxoP/0tlYETQv5rU6Vq+eIRzIGkAXoTjNNSQ//e+yf/beL70ycng9OWVlNWlaI/0Oc3ogbba3iTFThrPvAnmpphY5LkHNx8WCu00AmBoNCzq1gNKIvyRXNtSsVdqHc9/fTjhDEm13RNZ8KZOkWY3FoccfqGbTccwyMxZRj5sjIwmC1gONcbk+5grZz6jHt/58SYg1zQ02oum1ufQf15HW6fVeJlAGAhUPnpErw/gfH3L/exRmMm/2NQfm23oscsRKMR++cF0rly3J32Dr8l7/h5vL9iNxDaAt6He1sbKM/SRMlKGckHJrF49S9obzYn/Ct/VGBDV8BKHP7Mnpf/40dGQZqN05FRW6mVocnXmY6Hut8W2TzIvGnk1HeF/AbjQRvq05l9Q9vxtvTVMSfu3+Qoj3Wmxpy7rD77LA6NgG0ddtGvBwXAkKBgB7GqG0WpxpRH1Um8NTYJkIMAG9RZ44WuDXoSo1W2c4aN+xJMsYjKiBU01VWKnQOKZQuV+8+H7af/OMnFG8hmqLk8zYgRm/4z7vZylefKk1B361F1/pagNPOpP3UlLDpwP6OQlXS32LY4X4ml5+HG1rbuT54EXc2AGBkPaGi/OZOV6mctYkeaVS/BW7d+H8+/sAdEX7XFr7RyXD2K7oxUpJOnIhnkjkoGHAmDGDQjARuhByg3rtnwF9qE/pMYRMQ0rh816fZUbXVF1EcbzH2kPuBUnkyl7xzX8+e++WGervkxEHhaWs8csHSw8dpAk+CYJKjY9QGHP3VCj1lpunkYBMlxI+Bl89t7iiMkaFYr+k2u9eg8CVmA9GM9UZiGo522sWRsvoC8uV39u5n8/1PKTvfDWncH8fzEOc35rGVymtnjttrSAfsF9D3A5QCm+fFyAM6I5YxlSHXtsnti/QpcS5WOGT7IvofR3De0w7dXZFMyMdaSq77JAuZ6SL5L2EQAtm3th1ZYXHnPAH5Fnpf/ikjNjUxZKdwmIr0MfLJyhTgy/nvpqFzb95SA65PMP43+xmaXrLvxOHeM52abBv1i1Guv23/8wUvaXM02/1H9Or/4XAwkzYbP3sfTvV7jYV4CD/9UHmb3a3PfgXcbF1fGHIgurT+8nZ1Mf3L3jt3iyqt5S/0N/Lcrd5nvYor2pt8NVzxh6LkN5/+FBPC86z31CUfoi/z7je4yCFARZNJvEIaSC+lJ/yJeyax7aRekvS2/bPiTOaqzTq7z3imzmeopDYfZap38iXUdE509Bfc+r0pg0DN5Ai7J5wRs9tKlbRpW37Bfpcl5B7FhsPXK9pFV5+s0pNvTmpxa1GZVow05r2mq8leu8TfbvqQVeZIkC3qR37hhcgMtc/SR9cKgcntoTsvTz+3s3+VdD/F03mU2aR0aHQkn4o+3ujhlfjJMjOUzue17zSnJAlebXg+pSESW1+A+2NscJDUx7rRNM+ucP7nqZs30Bq19YdwHFPnuGazETRz6GtWfUfzK+RA4ZfcVbF1g5Llg0pZJsjcdghj5PFxeAGsKyBMKLUupT4gwyQve/yX0N+V0+ZHBVb/vbgAYcI8LW885h7Zv7C7Pr+eAGqVjro3JKBFdYJRKQG5maJOxxb17ILSnm4tgmR9Knf0qG0k3A9jqtThZzg4RCa1Pr2ROSXIX/ArpiUtwvWde6h4rtWB0+uBrNowrGGT2Syg64aJb9MCJHLANcz99CFyUOLkvndv2SxyJ8++d9hvHePMpWHh1r67LsbrJ+SK6UyKgkJTH4OO82Z7bl7gQuuPjNIf/EULz/VFfHY0WLwHTuBf629+92XYNB6k86kldAQq4BZJNxfa7z8SUw9ogF+eSOjVkaq3l16R86hknzuerxT6npl3vq68seIqAx5MThrrf+NVoGB1cVv1uI9zHa1+bZwd4o5ObsKj1x+HfPHuHAuvpiBm3RCHqylhbk3YOU4no+xEFns/WS7pDIEP3tkNNgd5b+AApCgeASBG8S9I4lp0QmTD+4dpf9ozSjk0/mPZFU77yMEw2SxG5Y3yOhkv9J5f8UBg/kR4qQ0aKLy4iiBXgjJJJdG6uIStuZP/rMX/0eXxD1iV3+CK900cUWFEtQiPJjqcvJAmkqUKM0pICqP01pzw69e/evGbDCYIb/fOr9fxyM2Cn5lu9Fhb2pnqdA3SyKuCGUHe6aHaWSnBxFaEChfOzrXoHek441a411iuMX5TUSBQ/7urU1WglCzcjVxlShbV9y30JrpBvBcMRkOj6DXHy87GwQPebDlI7l1xDS77FVVYkg5+WKe6vnyuZX9lG9WcsiabIBLNLAh6URLHQgC9cPhFx8+HBHxUmzZd4Kc0GZIKvtLu8vf07DDe43LgtUkBWt8M9lJyyOfKddXaZEkMMZmrZr0IX/yFjfuMZ0PsIEdACfrGtwFh8Dou0wArkoy7JTx02vnEq+wk2WBOI6v5b3e56RJ+aKL+VvdWf3A0VK1KGBkGU2Sra4MK6Qx6yFS1dhk/RWzQOp4hMP7Iul6euPHbgn5dfGT6GGxiltgUDtlW25EZ8WuyJjkfnNnI3rVatBSg8KhHGC/MSbBBZBdcjv+24ryUoLrz93Sgkp6qSVrhcFvLrfLfVd0a8pcTnr4vKCa5r6q8ncwVhehvQmq6Jjro6+bCkpfYMgP0j2gi9ZOLLVB+UPNpa/iH0hJnY7IUOsA70T2niX9lFJV21uamrCevZW9lUoPkf4W65f/2QMV28suxiHbbOLw0ULZ8o7/wqEAVtte0juWhon/+DhPeZoVxXMAIxuERYcyf1463HsOqyWu1yPf9pKfUQYg2sg4fuzJpTxTLX4k2dHf/pII+rdfbj+B5MYjEKrv3jBO2kBZmjzquDZqZmBQf2vQ3Dx8wVR2NMMsbzbpaRxuOrgYHgngJ4AUEGEIk6WgL1gAn8bx/wPTS//1RD7Q9B/3F9m8L9lPv//DeaPKxucx1O4rwoVvPFfk3nUosbHI86xQmbAtC4YfZpg6g5ZoSwDB4kwRv4yRwT+8vrd41njLbkFqkZzEIa+BnMUKEihv2acuBAoW53jYVrfvqybeXIEDd05lD8b42kDosev5D4KnmMqIu6m9q+nmGHB0+P46Z/tWJuDmKM7sutlgZ3jXP2i/CLJGdAxtsXE4oRogj1hJza4pbtYiYIHWkBIRFIfBoeGg/FpoI/4hMAISF/ZOm8KFL3w09T8fcs1mZFG6H49gRN5PBPcUfItO7vObaNMzBjj0lluI72+HK7NpsYiv3lRRvlt3dM39Or0C9Dp9f1AD95GVoolPBOqnnqO7/mLNP4v7VivgT2/bEtcAD4vQ5G8OsA/GGrER1we7FdoAWEzUe3vlXjaV/FTT7rbinrkK/kaJn3xxGOzExMNcmYTL+nkygAIfr7EQtwH04rqXF2li/CD0W6ZjkrMYWlIyboxRU+Ohdon7iwETxLO4YP/C606xJe9vui/gA/1TbpSjAtPLNgmg6r43Dco7bqjOtq/cIWryuqv19OaJhCN+PkUrAZxlF2G4Xb137XuL7BZepgN2urku9nTppu2qyrSQ73C05B8yaaRu1ZHbR0ur533aBsavyQXqaulci+kVrYzX4n/o4WhxLd/fnqFcTa4m286vth6cCOHfJRXolArWVHiS3+zOW3P5po+IMOnAMbMxUNP6cYXXI0NZP1/9wFpydJ4LwY+y27zql0K7Vb6cr1+3sBJNCK08QULBJrw21LdTe2arFlrF2vgXfY20xNmXseYDj2+I9x+FNo3gzd5dki6i2hb5lqUYiwh0m7umM3wTFLj4ZKOFh+P9VXEM7xHa/er1aI1ZWYSIeBDmaIqr+fSi3MG2BkWHxE/81UbG5V+5fJexiMBXuW8P6Cnee+MEz0CfKoda7tQWc34nL2SEl+4oSVYT8kz1dGh50uknH767dM7hWclOepv+WRrLJjZxrUFIlRIZMpndKjgN2GnFANrW5avhzMLa744ylurmTGcGeQkp+SiyQG3VVbGjJU1WVm5jh2jYrWjQufHzx4rx9lp29jbtCTSuObk0BfLnmUB+UFLbjGVdzoZWX9Mjh1L8LkG1uZnTzq7pGdYe62tZRkrEyhYuiuvJQfHARcJtT9vbMS1oKDNbusipaI/gkUVKBJkvAYvWy9NdC9h+7yGww2W3RBILPW2rj+c4KI8WqpZiGBcxdKkHQvRDzAEcn4yD6t4VpC+0RPN6kYZwShNmDz+F2Bv62BQDl2KwNbTl9wQCQO2cMJ57fe073Sj+liRGwwg3QqXk1DP0Ck+7YTPccPOh9h0FhVk4/gj+uRHgF+AitaMt6HjdnWjvH5ev/yrDUhM/tS32zyXvWjkuqGC8zWx1a14vrn7KHGQhoqhkRb1tj3fn7G8w1doM/SN9PxS12zTsybd0H438fr+ppaJ4ULqFv+fq1+SYWhUSo8NM07pE7Qn0t90wGAw62FjCdyq1P8KDovAYEIIuOUEBAbl1moV5JbXSz75Djnldj/Rb1tU87X+wXo05Z7jG83J609BawOzY5oA23CUZmsvrs5/ku/c2EbIXpsWPsusnt+NkUhwlT5OUmgqh8Ia5/7/WDMtwdbFdns7KLiXbiZ9Yb9uWaptOffsUbjmxhGJADeUWJBWVY6xHUuCLGvhvWv+mOJ25M++Z5i4YfJ6WeLW/I6vEECSkDGZHkoI0f48AhF+L50lvfXiwTrqufhwL2xfR8WMryMjI/8BDUM4oPeRNtdWpaVpMzQ6FCuv7jomvtgMNxdyw3wEgRI6hpwtAvVwKsSFIAMw3x0VcdfjEiUls4xvXit6EEfTnj6rwHpZJrvGwtoStdoINjfu+3dAVT8xzSCzh3Mzeg9mWL9zzInx1L3erp9nMXYNTWkQZ5jPERRlQKehoon6+4ntF4MoS49QQ+4tZyZ0DFyFr3fVGLryYCash1c/jisFGZK9d+5IOcAy+NXqUsZ0RHKwdV6lOmq4vaRGS0TmDlII4fAcy134EWW0SFfPKTvyomJutLOJLdDbQY67KTcQ6KVoWp+3CzVL/mxfTzCbRk9PE/hVynUcN2C44XOtt7I7Yiz+g9N4c1fkisqncUI3aoMO0xh1xMUHMIEQcQXNWEPNTP7l8vjf8B+Lp4GhzK3d9863ex8o9t/t0XTUXrRqLkmZYbPB0wp2qnPiUIb2gjI+WxAx2qQAQDQZt+MKL7tYqjCf3Zqr9ru5hutOD8G4h9xkJ8qUN/l+jrnKe0zCycx89KrNEG8+OT890oata4PLSeAmhgWwAnJuiCHXbY/zpZbpp5ZxbF8K8kh+pOd1J/+io9A8jRzfaaca7EirrWn/K4djxvh04t3n0fY1C3aWYNqUhbdAXltqydzUcLI1yO+NaeoFVUsP876juuS1jcce1rWTJH8S3crQXmLXMZuAMKDUV6XjU+9R8cxKx9JPm8MPK8nflL1zsYctpeDP74tnId3LHijsIPSF2flZhG9OCL6W4XoL9tJKug7HHyJ/mDPTmYp0I5mNcVgIFJN6QoK4vNmwN18LMrLTSGu11C1kYYoVaW0twOniVS3f9InS56aFQNazo5W4PpY4fP4LYJR94zZk19BOAKag4e+DamtChFW4Kis432UyCsv28lzOHD9zyvkLeL/1oqE6PeVlEHKmMifWK57UXmsuTQpqYgY3QLkiuNuHDO/7A72JvQK+lqBItm16ap4Vd2YOvUov6kGJ1qXJNrGHXtZFERP8sU96ubbNPGIQ8k3s8t4cT8icR5OHb9MV7dgdfDS/tuVbD5AhzDt9UEn7QrbcPUiaZPrI3SAjKoKXivu5wAVN+STq7bng9pqQ/q9h87fQ66DHoQ7PRG9va9j2TEt08jJHhlIFJdcrkhbIgm0pje0F7xvIM+S/LO2MNNLci8b5/X7MA/cCj9osII1yQjnjnp4Vp5zyUb19PSrxzN1ndP5wkK+UbwhuVNwqRmcCn1tGucIyWh1Ph+KYoeG8gMinyIuI6VjcvmnX2k7U634oU2PbmkK0GwntrKy+dicX3cDAVsrpw2ecubd/2Ev85mdCWBOVpv1MaR+HHWjQaETsg5JS0/DnQF/EuTAzAdn936PCqMcfHuXrlc1Fps5nifMC0cwWDhTBLuFC68DZgqpQcYmBnrCmcQVds/UbOe9CSFIMm6OxK1LHTXI824BSDe0VXcYxoLz2SKWyr8WbYr/Ia6RrLX38ln6GTrS0bv+QGCtaMdSqYJisYgjp9dvOHhVrwH9ivmi3eL2gKaWImIZhqtVn/89kdv8fYE491e4goTF3+PBLBj1BlrcLW11Jn/EOAggdMOsu58stDv59uTjNODgCPClzyewM6U7O0rVPqZ2MIMQ/Jrn/LPEpo3T+3uXqG/Hvk1T85O5zLNOrWIoEa98BcTZKbZ9o6h0kkJwvZYdAqrnpcm3KJ5ax/6p5L1WMSpRPg5iMz5+pXlBg5O239IzWdwCyZeHKjh1K0hLMRk5aszgfDszXxm7JRASF5czDVCEkrhvPf7y+wGm0Yv32bT58XCxq4lTqGGLcudrRk/SXLMVQxhlHaylHAQC9m0Hb8UXy9bW/CypTCVtpBeSrhh5y2RIFwClDA85fnoxHMJ7wAX8r2SGzxDYVSNezGne8eObD7dM+qA8iPykfMQT0C80Dvla5liaOLwlT1Vt8fDSHpIf/X7WdaTQUjrvHJ8kyISYjhMKMjKWyZRl7YWZkYiwxlhJiMDKEFoSfPeswSmNLBkOyNMbYJQxjqRhkmewhWRJZql/3d9/ce1/8/y/uOfee87x8Xj3nPC++z/M9348JirRkuXzhxI1vj5Y2uk3KD71xzVipVEkBTaM5x9jJJShTOB7rtgPhZpC4soiionw6uvPPJBnU1uAczu4FLU/G6XDFJxqBDTHMkOPJ9CPBob+EQfWzUJdFwtZXWlojufJO0zMu/LyUn+9kgGb3ywuN015CXCVHC7/9lZ7QrpX04gHcZyTHohiNb86mymHP3JfFFxWjiK542CcEks+4z+b6E90+LbazZn7pu5CsoDhhi1xo6cT9ripHrDWXbfayBOBInjdA4Bvyhb3X0UrtZm5y8gXW7R9fAu5MyV2mObP708TIlskElDNLvLM25UHmoJevUKuCwPGKIkev3Jq5BjUBF9HEfoKyYF48u6iON5g7Oqok07WeWYZ98KW/qrfh6PRT6hK+ZSGAl2VqR6tSAiJh4jpnbz0nDa+r6R5cQ9YnKWdJdQW3fH98pBgkmh3zUl4W1ofm7/j85JglJXkt3RzHxKrolMSUZpso6ix6BhL27eoFFPHO8xoSUSV1rKM+QCcbgIAAEWnUkscezUn+H0mvUj3t7CeuUN/by3do5BYHaWBBP8pgp/avRnyZzC0dnXdFRv2WZQ8q8sMq5LuHP2QF1arPBM2FBVIFn6PQ1iPh95/0KsnMvfn88gS2p2FKdtIj52z37dNQ3xv4+M6TjRZKOjLbaCse+3+pGq9LjLleoGqVWe6CsxA3hp6wX3uIzXLiH3HGGVKLQXlRtoyg/AmpaJOJMY1xHcIIDN3vTutGL7OmAepqedWFikz98dPvOdAKzXMozfUErO/Jinp9BaACh5X96jCZbZHr5oVHosKUSfi+xbEX2BX4+le/J7Iu58yu7JcHaCroawdg/4IjbAhATFB4C8wooee1hpqa9RLtnYpay60xktJLcmm9Wc+amqBBSLTsuBcl7AxNQ5hp6yfy9mrcgQNJDAkHhT9mJeov+Tjffq2XgWIfv//0gmbjF48uKM5r72K0KHf5kuDz023H0J4nk3t0B8ZSfiGbOAUGe1/rjvDqnF1I/l0R6zNV/2ozjEvwh1mF/eABunjmnm2AQSufKgx4oYQCk+0oickjponySms2gw/nymixyCCve6UlmpWva6E5diU8UkDWewzik01+W1meXWoJO5Jzd+2G5QpjOXugi3n8YLyZUd1ZlIE8e+SLld33qmfDD5xi4wMImE4IfbFryHgTfNXLigrRbY6//FQJEJ25uez94MMTyydW9fT8gYZRqDqWvresGkAF+ohyrTo5aJNOqLfq6NunLCu/38/qPxUhOSfpsZ3rvqj39frRa9BzOWMYUtQj6Qrk37fqlEqjizdrAmzPhy663Gxb747THKiMJsic6aBPPi7fUNQpmg9ENSjDeg2/01YpWXbO/nsaYU8uTrt5HREcdNiR3SIFYPkjRmjEAp6uA3Nhdd+h4GDw24nUgnH9MvF+Ge3tavBj1Ivi1ciihlvKAfYTp0hUIEYmO4PFh3f/CkaEGQy+UZyDmQ7H+SOAPA9H012HGG7XjzzO43GLloPznQKFz9LErW0yik7RLkAVzfl1Ma3osO0/AAejHa/m1kblitrFd+mCvSsRbFqjUCgWaBTxEEVPZ/Lb/G1v50bj/AFYdbS+S9fbnPCybfaNXFl4zmgTRPlHUQovhnsqLnmMyOqAU0+hv1TG+hDx6y6OppYYCe3cPiKtd6sO1NDj4jbGyvP05w4SNTUeCj7tlEtlxl45nGmoDKaxNDnjbqSNJgPlLeEiPl3e98nVNLG81hdWbvJuJS7Hs0RqVSzvbuDMWlSev5FdAiD3VHXkWZkuBXkfmjqnU5UFTtfTj7Vxm7NOE2Uw0iYGO4yrGSToTci5INcj51jC5soPR+bm9g4jJvb/WalGvZl+x8MZs0kEN5fxueF238Ian/7Z/FKKyzxn8XRIXzds+dXjjap6iykOoV24JLo9JrY8HSPMlVgZUx9vm+3ylv5Od+j8rWQMqQHz/5EMTXLZfW2LpH2s+kEO/v5ielM9S+KEs6RtnQTOMCzPFMMPger0SoGB89i1gmIHcqoSBAHdF9P25kgyLs27bdZs4T5HcftD4kQYBCZPvfgAZfgXBVO9W2bdEWnXUBV42/nyHuLDgrkQv5KdHRUHIVo8hcQAdhfDlW9oVx7mIFMSx/H6OZKNxvifLebZi1paZy+ogsr0K5CIPk4vNnK19GtOG9UthO0a0X416KfMoMIUODGubIKhewYueRL0NolwbDgCnM/i6wAufLjs0/ZqWtV2o1b8wSDf/oSfNpz8TkmZk+NRLlvjsk2N6DRGdqCQ/DaD2l7azx9iqD4GPmz1Df+W9boZMXZlLELIPJyRq2i7Nfw36jvNH1MTVGDxVmr3t/w4cXc9zTP3bxGNF0gVPTZkiT7UVQ5RUcUFb0Ys5gmbm6LNFBTE1jn/Aun0X0KjoOi/2ZSknpCsclDT9RFBs0pZRy9f3KVyzg72uafeH8BTriOAWQAq6U0HUkdTOl85buURBrr7kIJ9eH2oBjW8/eolbHSyFFQm3snO7EMhgfxA3qOyl5NH/PARkbV/AJGn4wLyVYXlnveOeOy7sc3EwkBFC0nYmvBpqMuDcGUNtZMi+tN0MmJioVUZTXKbbso1FL//WWWgP83TMkmaZmmwJ5029Rie+ZofuK4oAArvXSiADBs43HH0BTvf6sBgDZiTRJfeUDlTTEIHs3haCSGxY2IUd1uDeV56b3O28NTxyu0wdsXnmerqd27npsA8018LaVANMNrS1ireCcU//dBz06BrFnBv+t7UEAe7PnFJWuOSqKiS1QHisirykQeeyOLAc0Avt2J4eCHJ5iMSiYUHox64lBnSzofx4Yq9w7dqpd76ZH17rYCY3Lo/gJmhpcj8z3Y5Fnfe9UNK8psbIIRnP8Mqw+SgrWfQsF5EdnlK29eYj7YxWHn3+xYSSkqnwyKmpW5n0XrkltLTXze1VwxSAsdd/ULuGH+Bk0XkmM2T2T9d6/UpNXYz8Bh6jAmSV1zq2/5YleT2etnmKcp0sbbCJ3JGek4J1dInke8ehSYKsG1U2j275NTtrfpKZ+BG6Ew3s72wbpBCOLzh6BICLp5TsC+f/OkPXdnkhSfehXGneMF0xSUWeOW5v6d5W65Jm1TMrt7bdmz6OKrXS73mYidb2aUHevMpiqTbAGcHlkDc3XKlfIMTW+Eb4vv7Q+t+rW/H5DdoHNwJGn3a1AV/k4Kw7rU2LEo+RJmCQBn/eZ4RB9hr+45Oxo8xr91mtbQGJQTSGw035595ncNd9dxAmp6sV6XOt3OadRckfkj7RTB844d/VdUouA2z7/0uSa0FHxu3JhLyqAjLhE/aHjrzr78RmpZDZiIh+BeKSa+0Rv0wjPWwyvN6bms3RXLdV0Cnzg4ctxHyx8c1xt6UCU8YP3Mi0jxj12GLU+QiM+Ka2Hg5OadsrNS6k4x5nODn5QmhnM2IyRATChTSgl+9tZnlhK/pCfNu81MndU2GpA7gBq+HFEoqx7B/1UozNip3UmnAKBvYbAav/uGY3IP0UG2fDNublhtiHkaKtbIoAcqSIhfR+sgkCNmHvn/U8OAbYWRILuJehFjoU+YZw2cqkvbuvJXfPY3rW3YLlO+4FltkiagOKeOlx60/WvarpuYx+DocAot4zK5pULXj9vcJqtax+5neemsVTynqpNopwDnBJaeNlEUB0XK7fLpI2t7v1W55fOzW9rflN56Y+skgz8rUGI6SL/ZK2cJzJqgzOZOYcQ9yYtVZclPNFv10SeKKlxQLQ5L8vzVFhGdDUUDYscvvM3urC4XGyTuI796GNkMRwRjMX7PqH8/GQoSRO3uF2AMRJ8Gct6qxJ4n5LyR+j6oqym2l3G83nSFv3rcwaktOZmXR6ibQwTGZa9+oOJMtJ3+iJQ6St81b3ZOqPsU/OQmajOQXB+/9Kw/0v3lOOFZj5xBXSppFEmxV4Z5QfIyMeM8p5lOPtIhREgrq7DKUX2/RbHTXd0Kwmbyy3qwl8l6GoH/frsUzjZf7ZxwSOHiHXnU8iUfTXjabicrFKcJwkGz6RR1EX8eOhBYZRTp2JQi3IXnpTaj61TVpujuRpneQKdIAr0R02r1MVzsada3oZXM+kfOgoUKwkxu3ZZ/SQ2S5+C+MsIoswGQUubYzK1Rf6sPqeurgFXLz2H51EztUvgf3cQVz60f2PLG0Tj9hJ5awBa5BZ9cp3M1Net1xEipKPeBSh6eLZpSQKiUc+Li930c7Y+3L5wf8t9KEu+3rJBf60spTYEnwx+tibyyb48EMD2Dv7rsqM8k3/vEjeGbDFXc6Wyz2UicGVJQaFcXLDeH+a2th+PUqKv6L5Bo6j/bRo1Vmwj8hwH0J3MRGrOCUbcShJme5EHvPem9PCOl5UMpf0p+u/3Di8wcMX+Rh/+IB6UgFGoKzUFeumJmIiHSKKzDxKpp9Dd0qtM4Xl2a84NbDUUB/gUAiKMN25Z/G9LvDDvCpY49Tn80YEGkMZxJYCEKFTZLcjbdPdhjOdeOpGELSAnfXVbu3x9bA9MvCH0NnwGPuVefN8f4llDiIu5IxMzu6Q364vve9pLvI+867SxQV2T8AUE6sWMzlT/kdlxbCfrnVt1POiRdcHJhL+RYP9A9dVArK4lKyN/pRJ4FQ129+hGSS+5m6C8nJDrk0K7KYxw/GNavE/NqSRmkgIXrLNJH1iOS/ej1UX7J8Du2Nvrt2bbXVUFVg8rne28ypdJhf8qfb3GU+52fdvfd+WQXIOlbRP+f6QttUHHJ96oYlvBQt8UR+U2MpSMY/o1HWI8lLecRC3NP0ZVMD6F00U18p8Zedib2T0/fW46eM97nTAL9Hs1AOOXLyCBjKBvW/5w/9uzrzZ+I/AFBLBwjYVUeLLJAAAG2ZAABQSwMEFAAICAgAvKFpVgAAAAAAAAAAAAAAAEYAAAByZXNvdXJjZXMvcGFnZUBhYjQ5ZWJlYWQ2YzI0YTFiYzkxMDM2NTIyZjUzY2E4Zi0xNjc4MzczMDM3LjQ3ODIwNi5qcGVn5LtlVFzRti5YuLsFhwAhUAESCO4QrPDCLYQAIUjhEiC4BIJD4S4Fhbs7wQleWOEWgjsE75zzzr193x39Rvfr293vR6/9/dl7rjXnXGuvOcc39xr7af5pDUAMkleSB6CgAAAofy/A0yJAFoCGivoP/G3of4GBjYGBjo6Bi4WFiY2Pi4+Ph4uHR0BISkxASEKIh0dMSUxCRk5BQYFPRPWMkvwZKTkF+T+UoKD9HYOOgYOBgUNOgEdA/j/dnroAJNgowmhMaCjPAagkKGgkKE+9APq/TqKioaD8w+F/NTQsdAxMbFQUnL9iNWIAyl+3UdEw0LEwMDAwsQAoqGjoAAwSTFJmLDLy52+wpTW14il4zeJY+N46OQdU41DKgAOpWD/WTLK5uOXmCQrJ1tV3PxM2D6rtOf2rjwblX+3frf1TIQbmX9kbkr+uoKBgomOgYfyrAwoJKjMa6Rvp3BNNs7hJsoDq7nX056cYvDJgJ3LWJyQAH+3vEBI0EoAk4LF4KjHmxSYpdW+4SpVTK6EQ2cBA2qt3Y7GDMC2BTlu1LPU5PROe50cRLier+PwCIP+Il5uj1V2Or53F5rEQZLqwUi1DnoqmmYZ93LVNazzD54OyIRwSwcEJ/o62obQ+SdMqvOGeVQ/yA9bQzVBNPrI3b8Y2I7UsQb3p7kF2WtapAmJywtdoRzAM01b2tJsgr8ZlNrUoQldr5w8t1EkjRGy20euK+rL+dDA5TlCVo2OOz+Xy709T0Bxwlc7Xxudny7laG4V7m7jxYWxb3xBT2qRFqHxNBRQAnUiLANNaHt27r79fb6tF0Vhsc5CwtO2Bt0LY2EAEBRnw4EBF6i7qnFEYhxTMlyxA412TXHbrD6VP8isUSEcgYyc5NTnsJTnsq9i5E9Koopzrrb82rGyN9avStYbPVDWriZmsEY6vhTv5E2AvKBrGNr4+tIPw+mrLTJjb94rZ2kAamZOQWUTd/cdRDmuZQzOVgO2ixkTKU4lT2VLWCQ0RcLLl60oK7qDxbJygnJrawGFxJlSgo/ku1/9KmETfV/lVJ4dlA41TV6JYTnweFO06DKTUdY3qg6Amh7OPR9kG3w/F04STipDvj3dUhS5KUXOCYwAoQy9gkN6W4HJcPBl/DrCaNCOJ9CUIHADSFaXCrslyS7KoOS+nE1q0x+DAOkWbvpmwAP9dxr+oLr8W8tAlv+BQ+WnJzZUo9CPAGk/mu268QjsnOskR0/ehnH91/K+g+AnwudMaT6/2Mm9idYHP7X1FpwQ8ieuNbXeioycLZ7/vHumbxA+3/ijsFFvLjA+FJtoxXxL5TO+EbUQJIyORMOWWvhg2YBA9K4ZIx7mSbIDwDgZjCNYFKLFkKq1wpvxiplJD/1e9c+3SZp62kl1G7uwsCujbmURWXmHn6nPrdNa7ukuhMA1942+IaZCbNA46PJiVAuj/BZCGf6uHx1MyAZk+OnshEOrahgekCl7RuHZsbVc7tnsdq7clQ6Pr9OsYgCnnPrmqAj8U88/5RkoZWwctRbewYJC+J0BP/ANDj4wH3NtwOKPrkq9TD+Tc25TMiWtFFR5VQz4HOCP0blSLryACofGNslJrTTX1bAT5rPjlsuwB8QT6EcpG9L8eP/qJeKTfhN/vwSd93oWUrWbidY3XrHwI5tQp3Bu0l1V6784zDGP+rDtjpggOlaYeZHJgf79ulHk46P2x4ViXGIbOPu0cxqD5J4OQqKe+JenobvS+99H1WPCc7GbuOTYTsTNRR6d1i1H5P59Mt63+VN8xNp9Ki97naqpKbMsL7X4CkHQL3QdIDsM0kTh/tFwbTVYcfrGfF3l2pmSPlZ56W8BqdIM9iJNJyX16Lfy25FRK44m7vJ0pV9biwb4SiR6sKx4m/5zGA2GuAoo1+wl/F/8X2XKBNSY2a1C/L7qF37ZW6nJeT/gzty4kyCUjVvEJAJ12XPHQLtfJWisKt/zRLGXJKXGLnBV6q5fmU3lrKXHP5ZW3jKGHQpH4IwWpASsuHFpKDgRLiyrp+igUyvO9T4J5Xi3Sud8JL2yPXvgVPTZaP4heCj0WWfaL9O6+fpQztCuJc01bCndK9Vo5Wz0BTxh6np6ATiNvPbVz9/s9Kz3u6Fyv5FOnBIH3Tfvft3d7nx22Xv/AHpvxImrTzt8dBMw0ft1Vi0U0/nLQExdFhUyWfdSKIhgeyDG96brGsKKYYeOQkQGjgjEBaP7ArcfkW2PfbMjpJ/sm6/sLXz7zhxevH3Oz913Sm1Nj6D99GYeq9CeS9f3qtF4JWvZaRxxSkYRd/To4XDiq3l46SgpwsuHMfNMj+pmbxbwXAyqcUFdwYtM0kym5l6z+waZVPjSiJJ51D7tHfG++UI/5F3Vt1RRlXZOUoe6+t3ZZEQbreZfEEsxn3zdkcx9jv7Ql3bB3oub4vPwap8VLoij7TceUSaMY3Ca6yZLl6Nf7OamBHP0LimvY9uXVA1sz1Sce3aRPi/TNSQC7L0r48nF074SoRypSzgA7k+/99UrK0wxHLZqXKgT2VZ5R4aWHu7s2TU4s1iTF1XO6SaHWYAFKxXSngvoNY1Qv/VQMuTy+1FRS+UiVE4XPWUfJkc6nHDSF/KJ+3xtcJsAwH9StQc260TzKgmZ6GXpJP389arb+9rG0WT7KI3ltxil4YP43SKNeIOQt+XtwvCKGVDwhRYZ36J1Zw573u1KdjVXKfTto9FKYloHyz7bss3Jc9Je+6Hr9mdO6USyfP858rP9Ra7gZyYe7So/POz/2Fa4I8GOWybL9LZG6R+dba3D5op4mV83krQomzEN7zt/GxbLrzoGJYNCUw9BpD1aZ8YFIC5xIgV+X2OfJQa0p48/IAByjUVe0wfay6TlKmuLZLVe2qm5nsNjVTIvZtKAUyC2z4n6MxTjSRwrc3kR56Sb+sK6JKuj9eXJ8cA5xJ2lISU2rHKgJg4w6p1RSjsFFHMcilnlyK+uDTGDXd+aMLq0LF+fmzY2Reqq5JojiPa6+5sDzFz1NASriTooWChoE/guKg04KY+W7TEFNL32QddYGUVEqahfVMbvXn9i9XI8nSgYqZ5eli13LCITNavi8qaxH+R3tjYMYeM3yuUWS6bANULr853B0vb/FGNYWv0+u3jKffHCpmMk7EBzhqqGuXXAQ4PDAy9AxZmlAZoaxiPTULGiFFNzoynjKnGHBTMU5p7Xejg4Y8nM0/uAxSTe22nIuJijE171Lvb6JzVHvpanikCoxLckUb7eRqNh9ULCEqCy9SlKyDeJ/F6oSeO+yvjTwxwTCzXovcbL9vOK7hqekuvReVK3cYn5fgw3tq+vnos9nMDkNXtWKD4031Y2xS+YfFlf+cU/cHG1oaMmaQ7RGV55W5a287zTaWTb+tjE1t0CQ0+NDrL1wuVWMYiDpCVp+pLlY5swfI9gjsIZ5UZRvr1QIFicLck0zhDyHVPZUrGw8t2eWU6t05Eari+aLFWuqGIdNudlmSiNw2vAKWjnnleMsRxTMktTAaC8dYjt4c/bUmdal6HQyv1QbueFr97dIRTlHJpP+/mTE4YZiLQyqypGX3mJ0+3SrrZe5uHtdh72/YHhbMLkr9ATwJsDTZqRT87MYt5p+AsxcLj4BqPh/p4GDlMoPr0Ubojp6aoaJHUg/tP0UZl17exYrQ5Hd/Y6m4PDUAllH9zlNq+g6k0KEb5K6Q5gQDzvtwjF/5UAMt3VvnO1DIjGMZOd5OxGIiHcpx83Z8rtWnD1NKG0cRKvAiKw+624sPPwNGROEWflgh2OT6aZ51N5q9zGfe597YmZfI0JZjxqWHkg+72OXQlCeo1cby5oM2FyOAV0QcMLEjiF6WhcHra8WKlYrHZ2s010t3iIzVjZ5NbkaJmKzOY1Phl8yZMQdl71gufy4+dl4x2L18DwPqR/f+5rmx9TjhJ+LPT79as5hIEo/tkQOya6hhmfY70Nvl5mGiOAhjzsjWLkqRnGkcOhHLheZHKH9D2v5NfEyYZJuTGfykKzQPbzZuskBrZWpLT3uo+tNKcMAlU/g4AZUxbWQYlwXSSwMDw9aV6M2qnW1yJ+DDjkNBx4TlIvhYuTF7IFEXYjqzXpCUbvXU9RmBcHMDVOkUFZ8AOACbV0T/F8nKydW9fseBHiHqxMV+csQ0uMWToIaY3CvgPdRf3zsWdIeDYMVJfGm7by/LrhnWJqj1GjRBSkodbGzEH3OovklPMpWVCxF4DNe4G/tRpMPh3i4iofmXtoea5F0qPKcj3MiuN2ITOHnfcWQyOVyh1gY75U06BuHITk2mJKIWYkp6Ldt5gw96oThCmHMN3jdOdXvFiVF54nRPlufV+VcoVMwDLIlZg66Sg8WibYJ3c6FHZiDF9/8ZmHDqNRi2dJXshpv9QIYpG7/SGRYUSIF8nmjgiGv5B2QhnsQ4XyxRaucJeG13mMPhsnbkTaAtEPgGETeH3iiCdyY/lYwAO8Q34kvSUPTrUlJMxr2066Iz1Si9MuHRh5zk1tsi5k9iL1VQ/MKGumExJyrCFv53isoGJQQsN9OZNeErNsnMOEnz9Rks+Eu3OQGvpktAEKLzBVl5LEYUv/M2ho6I/vzE33tn5N9SaSAqytTLzXQGEVAsJaDi3eIbkft4PzXvYkygxe46DPUXs3C01kly/wYw4siOoHXkAjaw2ckxlC4g4LRgHl5Q+IrZrODEH8wrk5T5PcLvCgYggOXWunZ8zpnu+jcd/XfyI6ou8t7C+C0hI0Bpe25TD/fec5+gVd14q5cTpFVE6zbeDbSEWCR4uDDchyl2FvyUBRflEGU7BJffFwOYdACQwdlnTc6/DMCFZXhBt2K7EvkjupFnWXe6qLMduXzYU52pd6g91MaZSTQe0IcaoYNG9MatvvsB9nH+qa0Tx9nOq+9LlLBy1rSCzbHwN5cMxwnTmkcB2ajKkKhLjR76T8D1lMJfSPcP179UC5xK2hF4shESKFVoweEEPXekrroWi2QPqo/5j4BDH3ieLb+lheMl6Ud6SVXEinGoYcqnZ8Pr0xwkxopQ9guMZPi2zDoFzTp4hKyFCgmd/9MMe/O2ymjK0L8QwLLe4klJG5XH/5NR9G/q01IjCMvy2g0OhoOu0vGPoREUcOY+xtfcsAw6OhOs6QZW9e1DLkm317mOrIsIbNX45OJg3NCCm4zMgdYUFtuxIUaRzzVxT9FbpYIgxHB8arKaFK99e0r4dYx9Evm3taK/LMu/QluA8UCd+1JaMAmQWrVXBj9D7Fgc2tGorA/ukcmw+SJSP0Y5sYV0sAw2wkA8swPZdSqc9rWNVl7v0G/1EmBExybkWBAOYpBOfsEcGZrEFPA7jYkjfU7Kxb+ULewEK8jju4FULovzS9TJCbDwMoc0Ssp5W6bFlhiPmXZbr6Y7o1J2pnWAufl/ne3gYykEkbZqmKKN/Y+/Pwvmf+XCecG0+I3YmldnKXYR06fAPdl3wM6Fxke0f10NHz/xJ0t3VpvKIy47BYXSxOFM3KNF2axfm2USEuDEv9/IAQF+igydnSKhj0BeP1EsO//4fjbf3qNyOz1S5XM/B9LfAOJckfR3/9T65d/qLSx0ZD9p9aif9orhKFL/P9QqCF98avz8/+K3UbR7eb7wDlgXcfWGn/gvtuILtdksoikIAgMyewGYbxcqsulHezx2JnDbEX+cSsQQ6Y74TjhPuPQGGQ5pYg8zahOCS8SL+TL4otUFTtkrHApS3Jn1n8u6RHbGtz0yH3tFn1n86oBecX8uPlZtDXDM1xtJrOkn9M2W4e/zLt9of59mfts/p4QcZtYyl0iDfCnQA1lzhoGm3L/E8ATt5sOxZfWmIX+1bNISlIPtrwp96BTtGeVRUxyX8qaqRMT/Sm150X9L8YHKLb/0Kpff/E7h9h0sD4Ie74MFRnyazQsarUPQBmcvbJassCJ6diYDa0g5NUI4XgXCI6XVyN1BPQDVuZvJ53a3DBXrRas7clHChadwugMsunfLBocCWWsYUBRhdY5GZoHG+7xISUM9GUvieW7B9lZ/fhGXVRcf5G6xbuxpk4XKX8u64++TcfvB9Jqa5AGwzObAeWgLvZno6bf6vtLeTD+iH61ohn74+sF5LItO9JlyFlJt9JMBc+ODNXLhHPh2dOGhRm/TCQG1OCAkuiGqMHSAPOXPl+b+lLzP3DdmRyOBDlOOrpzenvrMQFtJpQzNh2YOTTGDqCOnGfE+eG4X19P+MjaZM4Lkpywz3aQ2AYjYwt6zdjQcJgLovKFN2Ni+H0JPfioeR59yiz5ot1cViXWlfhn2g31J+aKHQxTA740jDSJ2sVQ+wxEQBrqeJGIHW4gZz9W5zNdPs0Fr2t4xeyISzzTAtfzbQ6CgWblNGReQ2DPMoe+9Uxs5wvEEdjDfmwyqvDyxGnYUN2svZyuQQCf6ZERN9JwHRM6H9YFAa1o0KjhdggNVG6qB9V1Hh/LPgEkkC82rcV7PYoi4n4nDqtuwgzt7YbwEtn+LM6eLXFTkOaPbQ49/Gr9/gdSwOsfOgFl8mJjAegte70e8HjW7ymeLmaFz0KdDucA6S7jgqH/DXT9nWow+ynEKPcmMJNg4jyWUXGRv4rwV6Off8YWYxj1RnM7dRk/o2Y9GtWzCdPpFkMa7W+pWYOknzoDyf2Jlv4SbcFiluuNkcpxEBHy31Kt9iWaX4P4PfZjSU5WvUilrsGFQFa2T+eSObKc2JBHMZnNWwOpsHl6DRBmDzCygfuUtrCzI/Fyr5epHNzRbQvqebeU9MhJFwmZEfBSDhA0oY5LGE3iozhOTkKOBEIEDym/7BiXf6RsnEJY3Ex5E3aoJCNI/M3dCvoSP1BCSEhMp/698ZXXFWfjBVZ5o4+Rrf1sBGsE3RcSc8ElZ1lef/UwV44Ph6Bh9bx2ikjcS3rNmyb7fnkfJ9N6WKqZ83t4gCsRW+hGXR3xvOjq8iNFtmrQMcp+K10k3VEJgeqdrv5FVaSDXrpPjpJL3UA0NNS79AnA6UHS9Ihau60ehVe/wfp2wM2I9qiM3ash8YMV4hAULQHIdnMSmVNcLTJlbNLPimpxFcgRsxhxFtlAF6r/lvYS4j10RFw4NlEeNhzK2RlxsC+8XzaklyjVcdQaDqfCqNugXFAJ5hhDfmTKnUievk7a1bfGASoCIlW2DRU8luo1vcbdlnj0E1IyMk+XjgXAiWy9gRp1cAvy0kmpmC8vilhZSdUAWwna3j7oGUdZxLpcjjoMCHhVStjG3RtLTBpZ9XxsNVzdBX1mYSVhunMjhvTdxSCRfS2hh3qCAWX1qu2+fta39txCNxpaAQh2JxBAfoui6LMaVSSbaBYfyc70t0osofb5Ye/jQ+CLkdIDkQSHBapSt2kPFwZcMMNYT2xni/oyUEqSYGgcXp5wNv/dkEhsUW4mdBFPQ+2SLjYuW6t786SE10qO/9VWI9cg0kfLIIh7gVKsaAbY3e/xw6xu0FmY26rm5IHFglUMhRD9UFcuP4f0+SJXabOgTetyjnLwOZEy7d1L6wpkA7AOlZxXOxOuyMbxTLF/kUtu3+fk7oFKZbfMyEySWysg5adAkYnT+3BFatbHNc4PzigMoW2nkCsvhGNdwmwxL9dcOPcfKJU9uCZ0yamAmS+W+vsswxmQQ3ebYSP8y3m2LLOoRtzJM7gkyJ+JFEUiMD/+2iyRh3oAZlNPH7K42dCz2MMTAk3F9WG6llL/o+GDedxStjOsOCBMS31IZf6SPV44Z3IwLfpOyXMLNheubA32BzKRyih0+qsz4t7EMcPLhM7HmJOMlAyXnKQ5QAqs8T6ACg/jXWuaQhb8AU98yqk/nIbQhB0zSCTJYLc+/9DyrfzFzFDYD8p1O6dwu4a/VXGBMocbu43GpN1BzxgovnoAg7MH9GUn6cvKkWCRHsfIyyy6Wf7hY8LxZ4qpzCTznDh4ermsVk+A6mI9CT67t7erEAIRcNJsPXoIBTEpps9WLOD6V4lVi8LXVJdUplZI4I/DXNRXOr6RkHU6TLDaJDQQBjyZJ5wELrO0qLR18uotxBsS9roV6mLOJJnIBCaGOpMTk8dqw25Pq+gwhbf5ylx+r4uaVNR/O2ugduOp+0bWahMqvwXN/kXEcoM4UDR2C2E9PWbY1JFpMXA31qJ36NHqJ/5gHFSBg/MEcD+kxEq+NHoCKMXmjv9x+VVxrmJ9sTvL9i4aKkjhrH3gTjM2G5/DGyu+AhlAi7b9ss3H//ow1HN7gMaDoEwoGO5FknYLn5eGQFlv/TGUjNw5QBr/s5AmumTcN73vL4IzP+Y/2D4BUmb5+x8c6iQWtSzricvr28jPGlg+gsB52l/oytESjnPmwc0jRZoX5UlA3k97QHP8tmCRqcgChg3KquByIbECeECT05+50UV4Eq2yrV60jbX1dtUZs1Cy9kg4xJ68DG1bVKOCaF33mzIIUV1yyAOyf15BQp22/n6wNH7VTRo9hDg2P26b/eR6LZCT35aWo1bY7ePaTA+arbLloidvDYyYNJZ2SYlNaY3IR7oF5hJ7G/IhpSbB0Z6JE1JXYn1yt2SgT+DfRn8jE6BEPXhRntu5SFoQ5BSGm0bkb6rOleDfadqihCaRmjMOs9ErOXz+8WPeJskC7XddJGtjcxsGqTZubUDdLaofPqo89p5Amva8U4K3fzUXm4pEqmpSBlOBHajxA/wIHWXspQhIt1V9j9a+pE6hxfAFv8QqE+lSqA60FAvrjOn7/MS/ry8Q9/feIoRWWythDChQf+0303g3iokV7vGrcu/tKeH9zIN8E3e+TObzu3wLmejzFcqv34yNVBMxvwX5cHBuBjQVuBwz6aE8P0UYQcJhzQLHL2QbFr8OSB7kGJOS0x8PKEBC7CR0hzhlGnYyMCw8axbtVXp7r4kYpi/f1A5/dMoUz9PbCfuHLf7vrZsEQyf7TQLfrtnEYWKoNWXQSCthIaE/a/eccTojegZHIoljK4VGtauBTWuvk0ko6l/7bwQo46HDrMHa0KD9eIBoqY55SMmRnq3bxrFVE/eaab04UwqsBiaAqKr5AvhQTH0BgHtZ6Ak/qFWTRDar7/NHmlN3bv9eJT4eNUXYvJxjflOxTxp0uFXkbW9PjYVuweiE7sd5Pk3l4+lrTTRGE4//7BrPNYc25PEkadZE+XDtdfyaNDYrOqPxVhFmbcEK/4GoFSTUvmrlYFgbcw25CGZM3FieD2fMF28YMctvHcQGh+vaDOx9dFtOY7msFjka5Rn/p2XrDfqb0tsoHS+v97UiNWTTW6om7XcFvytljd+xJeXDMFSayIkphuMBmrrYem1rM7nvI/lWI0q8BbzVw8n43zwBwF+++do85qv/t2mI6CloZzGvpnXCp3tFz/UuaaKhpP99Bw2l/2ZQTLaT308TvivNHvYfXnY+DP0/Dacm2WpddeB+GZjzWs328+phjB+qZEmpOuPl4ROA+LG+yeFqoDOAcUabbOp/8O2pz31ppISzW0lyG/44ZHs/cj/wABSBPpO0qH+0fDR/hN6xVZ7znDNelO1pfHiIn7tJvom51f4pbR1iD0j8qmoBDgD930Egth/8CWD4BPjFD0MgxTNVuWnHOoxIphs/deVUTvMeC98boD3otHy7jbmsfDTXmqQ4X+bQjGN2OsoD2nOoHcjinjdvqAR7YLnYTCXS4bNx9n+dFypTaOHZ5KbCiT+uHHQHR/OG0IfP3wJ6MjQY6xiISbNfnkUm6Kq70Y+tXFy/abX3HBiguNTdKkLjg5HQB7nKFLTsweJrNJAyA6mXECV2xns3wi+bp2+rfodf0xKsR5wXil6LBoERzxl6JpKmhqUw6uMDvSWKDVgkOtZXp5LAbQh6pk+7SWtLqw3v9CHcCgqOxzhLztp0IGiettKKNqESWFvxOflFXESbAv4OfWj9iFtvQ3xiMcmYt539BQ4u8hdW7rNfZVYmsgQcA5RJi1KcYIQj4E+CfBbkIlGgrikW5JwQF+uocCYG/usyD+xVOvD03ny8DYYFbViUMiolIR9o28zsMz5NiAH1V7vOWlyqNq0yyArixFDhQXhjiVHnNdY4pMjWp7vAHdfFz8uCmxIT0eEvC9alGGUj1x4/dhRb8ht+HHTdjuZv7GB9LvRSNl0gM1VUmloswF+9cw5tqqEOJve/ZyVKV0slGRlFdLpzA+0chA/0uo8xU2LYeyNmrAa2YiadTUoezlXLqW9gBqOjEsAvZWxy0dfNtDbvKFwp9RkTq3aUjZbjAopvNUg5xnSz+vv5YK0uqH/VvJk+KOp4eb/PLNjk+2aw1EmlLVmWgyhX9ZuuZidBIoDubCuzuZ/Qh0DdIWN5mNbZQLkY0h3LYK3KcwOTIrnvw8T6j0ocjBH2BdbFaXHumPajwl9kvlMQsxl1U4+3Mq6LPZJTr1qKnyrsqNdk/ck/L69mQlXqYriNflVoJW/zzio9jh4R0rAPwgVN+WCzBL7k7/yPndtf8jP+P3xvt0gvCwd/d8QWoxn9V8DqiEv9K5jhrG5dI8qOW8EF8L+kkHZhcVFB1lvVxqgvBrR4XLWN3AxXL9mnLowtSAw2YyMsS0g4Rq00WK1WfAK06l1Ubidf/S2TDpPhpn9k/G6Cp4mWMzYlqC75HlrFf286Ee3BgDdzgneyt4nWV+kzPhJWSl0zxLlq6Q71RlxOxioL6kxwXvJ1xwJ2FqDuqpQP8PzdE+Czh45rYx1GqbRbkOyi64U3tOFj0ibvpnofEdBWzV4rQjlsSV5xgHqHhcIp6gG5051R+KZ16/H7VJvlodnhELzFaGbEFOQFKTTbI7B6zZvY6mRAwDzXqT0FJs+AB+JoaqCxnA7ITakV3qkZy1c2uqEV6XqrTvGH3zQIEysakRYGotlxKcXW4e8IcSptztbS9G7T8e+uzZo22HxtOfEiVdeqi1Q1JQOJFkOsEVPDQQJOXJjghgJ41oSoPwrrVqSTibgfsWtH4T4fwyKfA+UyP8S7DDeTTW1Br7EHttETFM5YiIZCzXKR1XG+azoVnX+ZXt7CA8uUUM0uLLN5X2iaztHcbS33BjLGxlQGh8kxC2sAkgH3qvqPg+MDx+tHCZIdTifHerDSMd+F93PAK5Wa3dTfU0MzjHaDnoHIoj9q4xAOXZfF9wdH9+LA8WtT+6yWCzQT6z8mbrszeXMf2ppkGOvKqIjnmbiUwO/dcF8uxWs4KkoczPJc9Sjavw/eDTooE5qutSzHZQimTGeaFUh+1q+5STIzjZtRRH2S+ruzPU+8xvi3pGydoEZCQYK3bqG2a7pT0xW674Gl+O3YVKO5/WoLX8bprp66otvuXrZyXUWVNomd4IgL2c/Xxx61S1K6o3/UDqyoux5m1iQP8Z4ASxG5T4DrpCfAY0bLhdq3vRf5u9+qKtUqvZSVRcvqiebdBycOCexHIpxeqm3WkQUHavsIYcXtmxQ+l2BP0iT5vRn588izr11OQzWTYZFkAbxq8+pTvO7m+CtmbMVL1ixA5c6AhnjVQ7EXFSUDfI8dVHfPxXQfzFsw4OESzrnFWk5K95IVLbDAXDLRLWvRx2i2/d2VZr2NWsaCufFbhoI6UXaNofTGTpQgJFfwY5zEh7wNNdTH451xrjcZ+Y9+3E39V5qR595Y8m5EKm6UrxZE3j84IEjMBt+YxkFik5GyucxytFOKrBisJz6XOxCMw237ufeIa4aoxvydHydTlrL2J40935fNgECglVUc1seq8oEZYTT+7fGDbkT7x8CUq3b+Iq5pL6Pnt/Xvj8YhpyRLByzMjDClfjTTNb0VyeHF38d1o+c6d3425VgsKtZC1fqJTsEOrw99WvNHFZYXleMF43O3qZ8N/KCYdq8NO8su8G5eGiOTIKN3WNRrK37PfBX9OIF3lLyHbDGYon+xUj3zs3V9q+1Md9/ssFlLtSEQ97vCyt94QfcOp3OLuZP1gk1x5yHrdkxbvGnVpZpi3/0h4ILVBJZ5SAGduGHsx+hwkidAXL9kR2k2kUDNQ+PX7IlbvRifTp8Kfr9aMQIsoByfVdryXV9yskt0Y+jsDzYMWjp5viVJRjdtH/DjhETz7iGf1RylfUpfo+sZmFrWw/unnvYnLiVqfRxX91iY/UKs85uhUcX0S1hKyXmEn0KxTnKtn+HGnfSFe3f5Zu+d+NAgmPXHchPvLbnGhvR1ZGTQyfMy5FLvJv+r3n5NRzC0rPi/xCQG3cgUfyLGpe1p/GTZ8AIcNTw+zZdyGELFt7bb8+mi1/nnfjwo3M49Ad4U//6etJB7+Tp2eQW0HPVFQza68G0OlMvsgqC0u+ebJV1Q3NAmkzmj2udyBZf2d8nFearGHy4KWzE9f6i2TBuXEpV6CeZ+cMnmVZTBwmkq1h12fF02N2Tou0tjxIs33CJwjpv0h5sL2oYM73KzVgTQoUN3GJ1YN+oOrEfNcFrdryu0oI0somz16rSo1yL0Szl75FD0qyb5NcVt3OEoQwQMmvfiN+RzhJgyK3b8YmAYGYuEaRa97Pbnr+zHkv3ahiwvNbsv5XHV+jI5KnPeGxNbcLKSfmrpMUIWYDRdhBQ1Ka8RLC4wXWWwOPzxHB0FNWgl7B7WWLZwjTpvqAazjhDWjPaALTpIFiASbjDloaVEv7DTaJ8fZTAg53/ihmteffn2tw0/CLw8Z1M6uhOWoveHORRBEw0ZW35dG2H3YGCoOF5rr4O2bFgDbWMSGU1/0gqYfNpe5JvFVkxrIkukd8k1zOaFGSf5zGYBH8PMqDGyUSYZlW1PrKla96pryYmopj0fnfWbQCnDQ32peT5NbJ/suESCcwTpSlh0oU0XZBbWtDm8GW2kT82SJWf6tvACJju+LBB95tVN73/gOZVb76wz5qocuOWh3RiHPMqJKn+JX8AufAYnxHB7eLd7lYMQFFfgnGZ789Wthlwekdxqa2ojGy2y4l76GUzVyEoyNNhnKERxp8whr/D74bA4zZWtiPVHzNK7QvvpiTvI20ZKGBsOpM5MipiscSSoLhL3cwfUhkDQcZJTruPVp0OSBMoPfN6RxIJHbgXoIWx9FnQ76HQvPeXeuxZeQP9u5rr/tJraBI/z1ycstyVFcNqH6uM1hUsdVI8DsOTRzAPwxvIh9glwZ7lH9Uic/WjG/wB2qtq3kenYC8C61hGceAJYRGfciZlWJEdRo9opzb1A98RN4HcIYXE/AFSqyb1+aB7TWjfVklyuXY55lq0Q3J6BlO1EwkpBE+Sazu0crDGy9eYsN2RgP2sja/UGSRVtUtREQkz1gYfL4Wtd6BVodzZy/9URHLmm4qCn6i47ruj8cXZSa+HIrLZrTP2ocqXc+4XrcXna0XjppQpOvIN74aI9MFLFSFFRNqR3myXo14vG4KOxfr/pGFMP+kKyJFH9mLP1yZ1VuxirrNjLcfjZp+YZUVN1kUQbs8KCQrukiWSyOq5ELjwwRWwiPhfuRVd3n97qwvXcUT6w8jo63oZANyvH+rfT1lVF7iVIWe4v9bM+E+SAWQGAGxnmq3uPVd4kFwkVhuUPyiV2vAwdElDm3TirtiFHZmYODGajLwBCQEVn/vuxTLHf+ByvPkcJ9eUO6Z+SfkdcfPO/wHWyKGU8CcT07LOyuhM6mVOXpIIUHa1vl960U+kgvSwfSubSO+AZM/Gzyxvqzsb1dpCqAzlMBMwL4FGUMMBvc/f1TmtP6EF69+r7pOHiXVH+8al+OlAbubwNEbtNP2JDZIQugnCje3DGKyn27Ou8qV3zK71CqA4NipIOfwskJYuQF7E07ZFdy1xlABn84zKcMlBMvRbnV2H0MhOGDoorF+txdtNl2LONmmy9StErmGB6LCcsNGYDuk/VwfbroXwVx/rG9eNi+fctyje2h835dRLf02Ebux2lKyLlPj6E7c6pEr/Dfw6oxwqQamWWaK4oLqmR8kXz/Y451H4CzHfK+T2MP5qkXSyv3omJ0HtMU0bgTB2/C7Jzm1vUNqjInTN2ZOJQa46HnSCdEgLGAKMe4p+uTCbEvaqs7wQqQri1aRm+kpqPGLEJy2g4a103KV6WQt/TVj9OAiNnNZOhA6V9q0iqJ0Az1V/Secz1BHgQdkudU/+sajbRaaYWqjBZk2yd6VvXb7Zfao3RT/vOFQ5Dj2QDcTI4aJA6nTL07X2ruQrcx1J3PfqOiIUNVs0rgwKnSWenJow+12UO05UOqpd/Wn3IeItZuktfWdiY/qx5V9mc4A3Bt2U9t2ike66SK3FODi8vkTDTiaqtuLnIDlR9KJLFw/nm3cDofeNV0lQa7+IEEOPhsdXUK7fiqJ8vcP5ySSm6RztzLLEuD5bvsEwLJVTcnGMore5317tSFVnkKu6Len17VWCxzgNPuPdnv9GpJLsTa2FEk196u0hjsiWXtW8/mPSppVj5MB4cuysMcnYGZ6AFZKzpjOa2GBSJeE+nGNLM4PmmhVM7kZB+jFiHvIQXAznvuo4kOja1uJzGn+2IeHEzNr7izXp/TOhnMa7tmple6NHOLPEEwKSEpfppTULiGbC9ZMh/SFFO+V5zVU5PU5h6izwBbkr21e/B13/JWeWn3zEfVqIu9uGxboVZ01OQ6zAeahJwetCwJSxWARsc84w9yOiB6yBxupx+1vabNiT2hWBpkTjzdQH3R8Sk0c2/wrx8Sc0pGzow+XzTKml8jH3fT99PvEWyBJI15ocULWN1o9hCmiulOkNaI7tDkad4R7ynes2capjH0p0ZLkaVhxL7DLH7JsdFXkbSSxt7i3VWplrRhlBGRa2+OoFh7SxyGHlCwO5Af2eOuNXVx91G02l6wznVN86p9KLUWVOI3qTpx/cb2Gxi2RyD90DpKcaPFbGu8n8iZtOm4HeWZVcVVFhzHLN+5A6sTI9MaH/mxD6y070Zv/eq5zOwTJLcOlW4gulvW0cnu2KO8/sMNdy5psSUCo+EfaLRdrnrrpS9s+y3llyY4aprgOa2qqZ/lFoX8hJ4o6f3XjzFlbEuyF3b9gv414uJ92/EXtVXNzbX+rrfPpbzd861U0/TK+3atkt0KPgcvt3EV9Dikihcmh+OLew/HcfAebgYthJzDt8UNtUZ8MBZmMP/2ALnOWh+AixzTj4Bwkf/viXb2ZleV+/8FttcQ7YojoLNTsqfI2MSoVsSRUnktYmeiePl7pdzYvmvKuiqouaLOUB6AsP/dhD1fx3Esv8iNhWMxR77fVmbNpQL6v0fXt+nshXwFqDn2kWNHSvp2WHA4Sy4A7kbrWH/zpn4SYyiizuds/paZlOI1IxhfR7eMOlIoQ2wNtkYiJgci3pJGBCkb+8GOtgS2Ba2j1zSM7YRUlarbEom/6FOlmHukKnUz9clccaJ6CrkXMItNjFq6o8eLqy182d9iwjdltj4QQAzuxeocdph88cqAl6wmoFt6SFfzcpFLnA0mfN2AJLzThKWbSYxwTA/ggoeFvS1l3dNVQ5J2Gnfn0W8HsIPseeI4prfNiYJoUTEF5wPq0n/0XVRZU6KXfyMDQGwcSh2AbxQlAOMpfbcRpfNHaoUG+UJRRpp3RCDkI5fcwzSRkpGATZd1qwwDtPVy2c7uArgAoOdPf6HvHRoWAIedl35L8l30Y4FuXUeoYClvF/yCHgMqL6KI+AEBi2h3XvoWffIdGiot08y+PI2nHasS+Y9JwaznMEDcf9adntcXAhjssgPp+hFBuYIY70MSzDxt/f6xwwID+IfX/GbKm4UJc5iZTy7GhyB9CNfPaxq+VWD2JJmp+iGzmBybLIMGVD2M1g3uPyiEnyk5WahjHeqsWfiLG10LDFFP0/njSuD24OAHoAIEYxgpWc7pj5zyaMUfq1sWqbtfJvBnw/UjIV+NuARtBDTMVfyfh/WSgQGZJY8r8DH/aBTk1geBPfAO6oJwB/2/8l7MH9cNUFo71Y1lS5jgscMQsLiMYlwh+U5Ryp/EoX4InDBieT/+C+BQ3rUVtVxLPLuDW6DeqtS06C2O4vRD0tL6XohpSMuAAFcr6OjTFymygaPzraUipI6+o5LskY5HNI/tfeddiX+aysUV6E3ENMWD24iEIBw+WSz1dYTwObQ1IXFY2/Zf0JOjqu42ir2gNw2+R3S7TQfnakypX8ykafI+MnfxP5V4L6o4xq2kKhONxYC/Va3rtCt8UuUT6GJsyEJHGJr/I5rAUelf8gSW3em+OuNlBipD4F5KVxXj+E7vFHUromb46KdiwqzocZQ/vI0WwCrQuL31qmxyY8cyFj9s48nScOpLTVF6CpHpxXfeOWfACfmjKe+FHF+v515PCIKECa92qOnjLkqxqF3VXFUc1/GBBwuqMckaT7bHDwBkJgpr43THzbqvwhk4nMrRDk0JGMPSuseYJCMidsygvf/6BI8/1UQQSOfW9+AzNJKCqn7RaPIpoZaRBofV3dL6oe75malYlplvLlHazRlMWrmNPXzcxJiUPGw3y1eO3CPr4knEBvptMdnghk7wec370ID2qhGdU03qmbQUDQ1U2MzWCPGUTuWchoo5yQwuuPRgAjKb+RpwWuWLATey9VsMkOHCdYyt7ENQ7HRT3zEnTSBJWnvjLkmpuGQo1ZHwmd79jLaIVenrT8JseDXc6+fALJI9ycAr3NRfyINWAPWm0nigN4W9hBbt44oYAeQxsf7nuBSb7xcJktl4KrGRRCAnBkjbBu5cVc+DPjgKFlyaPWZccy/SSxFRGO+npixQPK4H0rjK9ePRzl9V1L0BRY7ocdoQuOBIs1Z2bscItw/rlzT0yqCRWC5lrggQ+l+WinD2fJ8OntNsfvXWKpgQw6Q9n+Xzf6PTsyhMNT/F4BO/ATQfKx/Avy0VYVf1teClpj7m4c+0rBWnQ96yQ5BWBs0t3cQmX+TOM3Sv1WO8C3DTVAaotFo6U5VqIeqKZLZ8h+RfKC+/c6xxquSE9/TebU6p9sszBk1JUV3L45tNOyMsmsQ5V3UwARKxmlTFEIxwQ18MLlZvsVaFfcGSF+fTLx330mH+U2SwhezwXryChqJXURrznL5/SK6/OfdE6DH897npoz1AtmFcDf4yFI1NYZnE84xq53B0YfPwYk1syP+BNi4xzAh0LTJtP8FbX291FSdYGuE5zNUCi0oR8GVUSQIHVPiZkJpsmKfXo281n21F1xMrPl8A2yIC4E6C7bRXN+uv7v9u7scjm7fL/rKkAmHSFbDeBM9dBPZOP+Wmuh023XElRoKmFXvdw+T5MfOnbNeWrwO3NqBasTmtAXq9TSysTvuBIy+fWYYAT+tW4F9XGBuQLOxJGqqH0KeaeS1FXNBztlQamD0P9CybM/YdV0vtmCaK7FnjjAho2gYZnx8ZLEFPqtvHNY1Y9emm8eUbumZCdlGOD2iISSRSyo2MC9LevMYzhimicXyffoJUIun3yTr0cqlyfK6IdhyxNNoOCnEE6GXyD6I2WehJau9Cb8K4YIy89E5y/Sw5L5JTu7GY1bchK7XZzyibfBd59cfcFnS8KaY/ZmiD1uqrzpzNAL1g3GuH0/7VNFkDCA1Bj5hR9fULk1DzrLRmG2liiBUqAwYLeIsWvhiTW85Ww5ZxqvvS6vO5jT/JpVQya23YYHpEKSdh5VzweBPJK2KeQX9D5/K/wFjD616uX2F+fRmw+dSKdCOaZ7ntqXSDyxwCJso2Af3zOWIIl/d1HW0fXeCO0EjPbO5Eb8TM1Fo0qkGLcwu+w1SGysFZX8ci7IQPAsBRlRf8qdflX8aHs1am6JvLFxja4MGoycWMxHjPAF40C3ongAiCL4Za9Lj8rUFSAP/knFDzeGwTXoiV//comOdf2B2ZyyKrpr4Ankxl+VUqf77iTSJXwwnYIufhvSWBYL0gRtZR2W59UyEipxKdGu3dB+CTJ3Fc966vrEnfSFOP9T8QFYG5YoUMxDvzZKnAyUEJGyzT3xKZOsZgDmSec18aNxtdBivFW/VcqaPtODwR+EqVjL05xwC5MSEX6NpSu+rNmhH5NvULyWs22M39hHwLWlvF0NbRK2xYpg5hbtwqNkzMJQcqzmMQzP3QrJ1llMaF2lT7o7kTm05P+S+Ym9qGHRxeqZhZKukzs6ynmDio4b7f15kY2KWIOx2RdFby8KOh+2F1H+zoCfTcWqAwJnDIGcltHisTeOH2lKB8JqlKP6iA7X+j8rnIZOqb5nd8UR/lOCBhZUPyzg4OZAuaYv77ZyZEJiVAQWzEwnwg9ZosRJYylDbsaCYU+lsjViaIa9Z+VohMLZrOpltHoHwMDCK4O443x4iWXZS/lLZpF1QpaHX+mUFW4ODgr/BuWW6k8qKUU8ftvjzF4/uTk5o7E38UgNiHmIRzOMohMzDxppY24DpwuqYcQ0rquKDcxtxI4M/sP28mtn/XUZftBr0vfhiDmQyPbeIAS0eOs0P57OvNbHcWBzio3jBYjKnXbMxsRkhDARXxasJRj4iHzIS7FJGituxaJTVqzblhR9YrCGqUtKiDywN9bc7zomtI7tKHSZPAC7zyutXb92o1IuLpym+NOSNEkBFtueXnp10FdtKK+k+AbhnBKQ5u1jXSGX8++n1p/qvaVYc3C/yjBSNlULNTVKBWqV2b5GNnktLyNDJhIFems1L+UBd6KdJz49GpTqw1q/uKVFWXs5KZs0E2yq1ybiKcXF1nuTQhLi02c8MkWpxeYWcvzdfc1MpJlAr+5LZ5LPdBZ1NuR8Nq81pQq0Cs7W+z8h3aB3/+cRdv1k0ZyqX+mmPK0EHyV1b97PAxgUSfyC4aURv18QIkQPajhUU0EULvkR9Ld2NWVXXqcMlEkrffBPVXJjZ3FR4eMoD/thwPyXurQjZPureZOgMFS4P/T41bv1yTn84PvwVqBmUNaRsySnlMyNSUBpPSF4PkBca6GhCO7hFHlOGx3ODUnr1qzclKdSHLeuvLIRuKYmnf8tEG184AalBitdBKe08v1aMrTzG2l13S2szZw7J7Fu6GyRLynGyBdYgKlWpYYZt+jJJBro4822sJ2XOYHFtlN+Z7YspcetLTXKQxz39Q66tEA/yzCF5vsw+plhxxV+lEXoKRwILs9Ycba9p6k0ep6IwXjUVGsmkxI6UF5T3cTGFc4LlN6Dk/phCZdG5rgEPlr5e+4R7vVi9upEfLsAnn1yA4PyhdetBRade6Ik29jm+cxbJaxd3VVsTsYcfXYK+DcKiP76s4qZGJX+VHF1sFZXcuLi3MfItrTEpk7/GPEWFpLDZCj47i91yhMaTe/sfdnUPjT/jN/gbUtP2f8nWOi+XxoLx59mbF9Kf38JBUYtg4jPNvby8NXXHoEZHgJ5iRYYxm+uJ9U1yJbUwaXoSopmASjNpi+3XoiOHUYbUPJQUZq8xpuZZ9P2LYNxtVMG2gkoov1zqLwp68I/yJRqwMsfYjjNFVJBNTaV00EmxfPs0m0AigZw1R6vVweZmWu+SuXi24O6buGuXfWP33F38crW+mwWPl6dHgvI5rK0YRfogCkrZGPaf32RTNPWxbKYUWOmy3k7fYoko636ZPB7+hspa+KKVXPxNV+MkX29TDUxxadclOPbUECy/lu1mw59pEJ7WvHFkt2wyKRKIGB3GLKkTx7gZaag7TQnGYmOW47QUDRs+4wVsBWIPMmWk+shWD8zEui66bCq3KbrWbcmzMqv1/wC6ciCsnKVBhLzCgyV7OwdHpfBoRGmJxQ9rD4GZZ8LcvCYxvIo+SqZmV9fEzvEUULi5v5yrgH2iWt2erXGtS9hhzbJLtrN1Lf4fWKr08qBW62lwstrrLBkwUSGIdlrPBGi0OyhIrXsjeGfsearxjVXO3dbaDVou/RI8pQMN4VACZINzsMrl3R6TKRd9eveUpRqXGEjWR05H3QualFAIKt0pywJfx6tjlkoUu/acAw89rwZSPUujhpG7DS/4YgRgha4yxYSsZQ+zC6KBAhislsZF/GyrC5eLh30e1Nfaos/Na+YkXnmw9UZumOKzFrCFY7OiDygyW0rLgVhx43peeK+pvDKKbq/uaZKE2O+g6iB5F0i5BjOGTc0IuXDwDMmrwGJr50NrrKRSIqq0sxDJcq4E7slP7z4NUBOK2Ns2KXChM/cJaJeXsqG9ZOcEfIh2iWWxKpxO+37ZOtBD2e0mNxmY8p0UhXSSTdGwcd34bwJAi2oeE57hn1R6Y2CmYjKvnTIUbXDcC7RWtjGvkb843mI4WsFmKnjJ8MYgoqnh040olUhMobL5D9PyhC1u3AoVuQj+Ivo4OlTvqAIgp3T3OaEkzZ9petl6m89ny8qBRKEgY0M2oeCsBbOi7w++e7K/0W/R7kuj2y7cL+GXYrb1PzTqqxO5euWiFw9rFowFWYo5PosvSljhpc8m8swIoz3rbr4o3/cq14UftXLdTMUvFav2aUCaUGlfKUFsx7BcqqLyhZfAUsy4b2d3tk38cMoHQhunz2o+7Y+K2iN0W/FLES94qOT1nuPzt8U2E+TTQgOO735cn0eubXJ2l9i1VABr7JK/UIUdChk6/SbVuCWu3ovXUES3cNof/XxZGOyioxq5qaVJEGCfbudJnwej3GKrbsZiwVWy8wokVPW1jqJ1qh9qUcuUYEeSMQ8EBtl/N7AuqKFDlpeAa8paKn0BIIWWyu978+zwNE136+TgPW/e8tfLB0pZ3ASUz1yY7IzSG2AG4C/sYjFRPk8AP9fBpAPTY/qiPn6ygabxaFsvlg8Mp2oHoSfSq7uDv0ozhSfuxrKahT0eTway3U/fbBWMW98QJAqMjL7K2hzm4CQiRcUFR35gR5/95aBsn8A1p+yH1EX0JQi3loKIKdp5iffVgisvUozkVMk3g6qCd0YSPOe+dkpkQUQS3WiVCldxPWcozTDd3xm8WJuzkScn9rZZDjEDgb6Mc6IhJlfyrQW4Cjd+FdUKOigPR1qWrE18FsluW3mYXxLfHZNzEpQIE/VNdkt3bPqhXZrZsUNwhQwJjS+G9Dt4SWtKaPfvsHMCxQL67GAXAc2CT4A69EKNQU/7QsnQZ2ofvqgQ+vzIVleTpElwihqg5LZnRpSa7BYY2VNh2AA1Ahxca3k10+Zs+IKoZSOWg4Fx3UxnQCztS1HVXVFRKhy9L0BSJI+0GenikZoiIL6Lk34MW8L4xDbFIZ97Uc8yDtL07pNcLhw7errqnF5elKcGFEtOxPEVuhYFwxG71aXrCFtSrVnH5dpApW1R4FLhMfoeZHOqrjjCJCRQ5LJHq5MBURpzSRezIfBwSK/vdFNX2A3ltl/mFy+hgdhAyOKbP69SqBHTErLS5TuxUKM2xNZbxm+76dSw/Vrl3EoiY/3xCUx5Yq2PXJcSRjq/LvuwpWMOzE22RoYeuycWtylP5StFd7kRcXCFjNjIGti1LipKWTBdTQW2HbHzN0/7MFJCfIBgUOpm0lZyYU3iUJI3YYt/SHCd6auAqC7ieVFF6sEhBeDJ/vr171qvOZ8TiyWR8zwm4znsPWw8bdvcOmN6XiMZrmPsI8lby5f+UGhdwc60uwJcV6S6tEx+G3OJR3fTMWs8LJysT3A5doWvvc4KqIbpjEIxkJXQ1P6R+0jdbDAMweiQJ5IfX1XroM3P4n7gPVXldMRyWv4i5cpPLvDaOulhcImlx57nN/l9YWzyMyVssKHserzELu1EHqGnMEBybts37dKBc3ulY4T7fUW1VHt/rVK70eYK62PeykHhNPMKzlmD2rYjzpp3lPTDw7QE6S7wrs/6ZLYRT2vldNQutMoRvNdoVvsHSDFuw50Ucbl36ESm8SMhq66FyJxTKoSpPWphx12RcXtIbI6aaKGut4af/D0938fWZ7V8A0seQoviP5kV+uztzGboeAsAFY4KSQWGqjo9PYgHnWlDkwjDzFaZhOe/Lz6ty33Uklt46fkLqVxeUAqU4sYgzTghcICIxE/6Otu6j5QBI2JNXoFUlLBdBxy9crvi3eFfCQl09n6/S6nWRF12DqJEbo1Y7Exc6FmIJfb6EEIb9pY5ke3Zm5wcQIOh5YBp6470oXrrB2mrRBfcEGcZpFnK0Pt5a0Ntiqqm+lJ0eGzGoXqeFJ1OFo3nQ+nRF4l6dkPX0OzpwpOIh5KvWuKlH3UYNvrHSevRQ4eHGwoij5gy/HH6XK8JVD/XjQeg+sySU19jkPdGPAfRusuE8tIqMZVFxqjczpExwly2xNiW7DWCu1oNZT7IaqlcrbcVSSF188jz6omMAWTdA7w2j/FFOrbw5B3LYs14hHtWcDMvUvqgrUijvFws+NX2+2g2WQ7GMMHscZh3wYnbK9tyQeAhw1huveiVrc//Rtt7B0X1/VuiTYYmCAhIlig00Cg5I0FCN7lJQgOKxAYaaHIWiUoSmiaDgNAEoUkSmigiOYnkLDnnrBje9/7uzJ25Ne9NzZs3r2rV+uucqrPr7Np7fT7781l7rvVBfTUwKWR01Ub18+bTCynSjJnpUGvCXc9XoAxwDR8oWl+n35iGTzqW8s1TPgbk023ldSvFqqjKro9N9HvDTkhci/Gf3fRlX+PZTOAE3kEhC/SPwjlTJW2hBk1IIILsh3Kv7+f+nlr4oIHbXtWCpseMGzYmH81o7Zz/1I2AyLJI8X79guubn7D5C9huVf42lcgSWj935NmgVzhrHu13ePTBzvlUZxRIy6AK+ywLIuI6jfv+jx4/VEAGrfrlM80RJFPWlSimW2rqk26WhctxeblUu743JxXZa3x/TNJrb2H8HF26kkGeEI03bPxsQ1+XYdoqBwGpdi5ENs0ocdiZSLB4HmUIoufwPCvBTRbYBhBYdnnyIFTI/p8JJwkTv5usxcjjaFteMdFx4+sbPz3v21os7FI93b3oxCcqIiFWcxGVgmf61ipETOhFsOJYC85Tq12+NL5ic+iSGrRytPKCvtdWL08qBgsa6yP5sIFPV+I27HzEJQWTtN6AyhJTnKD0Mel1s5FcbSqW09i8OS5GwZRc9Ic5Z5tcK5+GNeLyDGbYXNN8WL+tWGG6WT0JVtXVyIJ4VTEcMCDwPa7297Llb8m91N9N7C9jBqemftMFNQht3jOdZySRIQNrXD/grr+pF8Hq/vhHtqFV/gJoP7MQ3718ubccN37c1jNjOrfS/0JdzMZ2biSWxXfipyRObtA/6IwMkK+i5zlj4DQjipQcanp+YLa5ZHVAxt9LIyavFepskXTroCHEL8uHhSiWKk7PKfHiNVM8TYQrnT0Xc4dvxohEwRj5N6BAHYVcfv5gz4IITBp9pX3uMkJxd/plPRvV8y53c3ho4Q/xDCYJ+u0ahp/jezn6wyJHQqDVxwF3IwiIzbxZG/uEbn6n5Uy1739hPlpYwMwXy6Tg3d04vnDd7b/YqliYUadeXipjltHMCdt2a4YvhPQOPB9El16/lVHwJ0iSqGePG5+XvDxx3eK2hBzM8y05UlwLsx1yN/GVQ6HBH2DGXO4Wv402BdkwaIBc39PEI/nfoQ08lx0X198CYZ/IsGFTsP+bHBrr9ssmC9he6Ygjj6UtzMzabCwdrQL7uiIu/pLO4tF/PKZa6WMp5XrVA76om/QnT45I7LmiYSj5mBJuFjOgeIIWG1VlM5Mi6dAbWQiGJTcn8oGQCSc0Yl9LAtnDpC6lf7s3gQVTpdJNisHd0SJeGDvUHwuW35df1HZ+sr5lH8qenDuIYhj2kskT1o1qYZDrV4Bhgm4/pUl+gtyza9Nq1kkFeo+0nE0Sc4WrJ0pHIwGrAmCnCWaj+4nWJHEcqsTRpYCV3J+s/jnrF2827L3kGHsFSuEXvwfH909/STYfDlOXKP8z9EnZYmEB4aWaM4NPK2KWiNB76k1knO4mHjRwX+pHG16w3k1FFW0gpyFn7zLBwm3N2NPDRV4lsZ3XoZToQVgTK/CcX4iPUGu9/o9pilVY/BjF+N0lNMcL6OLrRaf7B8jArmg8bt8sZNDwWc5aYX6YcE0ZFgQl+c+gdi+oeTI53aOSm/ZBPhcxTosr9XaFTnw95TNL5JBo1ArbwdcdPVrAg91bvtC/RtKAVXUs6b0j3otrlWZZeblWYeFQL3kP7JUev+h3nml+LSvBodeY60nYGkPd6rLSnTwo7wTLelxf1jgb8dDXt0a5Cy6ZORGHh7ooMfZkNAMH2Imln3gdkIKm9pvEDuiLz4zHg0tEnBOa5TzfQ1x0n44OwhaSSiZNogruP4kIpQkABAG1dqWSGEcqojRGokGUKB04vcm7E/heSKHdWGnQtFYbCV0u68GuDjqXceF9i8upyxuPQAnabjthWxco+j1fWflG6gnfn9PTy3KrXZLX+P1EBc+4vXxHGPsLy2SLwMZI7u4QCjfiikWtsqo1TLMQ+3Tm7mGOto44Eicfm2DfA8v1qcRx9+BN3gcKCfvaV3zP3kVA4/4XckeiBZ8+j18hzHVS410Y7KNlS7LgQxvhADUC2Bs+AD2FHA4ZWSatpyeq6BoSm3470raNuBl9tB6KLRTl75bFlDcQ7il+AKxsj3+Sf1OyuXfIoTxBahCZxttUp6kCPkQJCbFAY1QgvTBNVIqVcvkuyZDrhzrtt55BJhCqr0FXxbiB+MAbbFfhvLGdSE39qwVBZpVZ4xTY1tzgvkZTtmMZGDRhwSQ3zcEv5qZjPKJ4uZpuDVRHsWQ3rfJFNc5r7esEq9GiMZUEUSbpy1Eu2uNw3ZyP9C9A0T2BlMl1ZouO01P1z4tmaEB95H25AmzhxSOexx3WCNRM3Kl7EDteiVbyBK5XOL6XzY0lYQTQf1IrrN+g0TTONzJ88IPOfwZM4NTHI+4AUtBXcIGhaV4GGTBCXcJyNL6ZOdMMswYpv7PNCQlM38/pVQRVuEGPYtMNYYS5oTSE9RVB3yIIuKaLVH3MNAu/8QRfDfkgKN+CzXza8Tcy97xSuWNzBsVfLaDq0p4LEmqS8TQYVWNuM6SqWaorvj1yF3NH4jcgYCiyyaxrcrArwkotzizyrVoaIfk1rYa9YwWHzHhKqaRZY62Ya5PWvayJTemK4HfM/brR5Xb4gm+zxdEHo/e6VC/OkkyT3u4t+OWHLQGl8531m6QIptcre1wEXey+8kPU3aJwUPUbM/rZZbRKV40Eu7LRhat84t50Vdvl1VSIY9Z91rOt6rG733enP7XXOkVSOMeWzVtNc1qWfKVRvEFik2a5AT9is55yK6gMVE1xsOaqVwnrIXosObIzpoqnuDWX28QNnxmJIEUZk99T2geqfWzN1sT3QuSdm7e+JiLtPomqG2UtYvw5nkL9QaogFuWz94AbNIlB9nvHW4UcbNLa0jxJ+m+USbAdyhQF8eX9Isu0Dk+PZsDC1fwBEAAjUYK53cRo/vB4dh9scYZwgYZ/wLobh43FguADXXmH3NY1Yg1A4YW8cm4u4JPh4W7srvv0eVis7RPTYcvkLHE6xvZyoaG40W99paW4MMTQLyXTUlxGRdDkBmWC42af5TjMZOENEMJ1Jssbh5Xse9JgRW2svK90a4zIEqJqmo8pLmziRAwAA8eiHiUw8k93ChvHK3hik0l8Ei9Qu0tKuzHZbRLu+I+ldzlkZI83e++Th1940TPkyx7JpkYTdArMxE3Lr0ooehR507GY6KdNuTnWVGeUtfiNSO9KOdCu1jUtw2AmavTi2kQzr0ywOQUZwkz58XR0h+LXcCTSmqtl74uMhQho+UconMIQZpYAUtWAE5rktZmYj0ZbH0mDDKNz9Ad0xoprPeJ51PMq6KfXJvOpgrUSP6jpjy1LAxTxhAbXxunGYgnDmhUXtJqI7EJHH+C5/D6Ovz/7Db37gZ6j5EfuxuvG0yGkPB2zPGxef/Io8DmSBMTSuZv6zXnMF+rBtB9adffb0bdidd+SK1HJJ5rqovUJAv2MDRbQAMNel2d3lBNHM2xCf02XaIgrSxlf3is6a/Bp15F/GPVk91DVNjZ31nwWsXTGzI+UxWA/R6XUqj5lQ6swFscf/Nw3HN2yrTJxDXHEfcDsWZmwkKefDxo7UDWmd+q8gUJp8woYwslwiWY+K83833lUW+GHVTg1k5VVW26+yAVAhcDSZ8YM7lNOhSQMzrY+jaERjWWnWiEYeBxtdE851oXlY8ljxgqllpV9c0m5sLfcYeKIUAunFkotNuONjUq+0G9vwfYWSvmLMeClnZpWOlur8UXzXCSyD/0jcQ4OcVEAF9B0TfoV0GLt7dGu9+SvB3iTOoRb2ItHXndHFfaizxGe3BsMYK6EVYhi5CnZOHbE6FSeRXr2NsOn2SM25C798fyIu/FhD1Nxj7Et/B+tqG0zHO7JeP1B+dXCizzrD47zXBbccKsG+Hshs3cp3xN+1YvC8oxsut29aSRNc/MfLUKqWnRHvPRe8Pyo1o1zLOMAHxxKs5s9bQ+wuD2ie4bHzmTDJcbH/IPjkXTZiw0ZpEe7nmWe2FzvUVcwlc8g75yjjG2r1ZKtmFuyVWiYEKGi9x7k9Xc3NKWoZDRSkFxH+YUhAcvbx/cb/tzLHzp+loHFZfBZ8+I2JLjDM3Kd3NJNxt+oDQLDDYmLMZtCF4ZcSeSVbXHvv+9Q7Z5UhckxDRi3+psucPpCzaNTeVYu0jkhgmdgCkvF3XO+DaokfYUlwpYBvEuWt473htXkjs47sZgJ/gaIepnOwAlUmBxKSGhtPDDPkExo2hXw8/pcYCBwFM9D+D5a8raDe2VQhxrUGaGqkPFq0+B+wGn/zbS+hvnRjkLOvI4m/OXBzrjbcf1B+hrXR3Z+sSU3bHHUiXj9ynMqot3OKrl3kZD6zlecHC0jQvQ88BSveuW1nLc+gRjlWJ2+RtyPI8kCLFZDAxMNePQkfvpXKNrnw4mV38IkvDInnm7aZLNDKzqEIaVhdJ698+aHlcHjxDDr6hSRjjs9IIj4xgNhVdA/awnxq74jKfO/gI9K6s4ZPMhsxqyq3eQJv2OGxqykiZq1OulyMPuBlRvxIQCrskEXN2XxUyAo0q+mP42wT9SEbBVfMZ//LB4Z854/TVPl0CtpzaRGJiqvGxNt8ibrU8b2WO/+M+VcJXPrqpV4XKPIpOQvH22EKLZcD1RqSD7KFP0cq758h6fO28Q9fUdkX6px8lf1R/2CpnhLlmaucvdHC3QLLipIDa7EW7NHYni61pPeHamWR9PV2o09dR8UXXlRpVYHaIazBzqim/qK76P+ZKmSQIFCT/sXA/X9/8A/Xe++jHy8cI/1L0Dqh8WMzQfEgvp5TtCTJuIHi6jr2fDblDE4MY7jJGn6NBLjsdSH9W1mNBkes8xafmdTr5Lo5kf8eryo1luCHdkTC8S8W1ctig6swZLkJpsed/Y5FQ44wQq1Y12d9GtDvfaZCNnOHjESUEWkNx5S0hMu/d728zezi8aOXvQ93PRwrK3yJ7ZcUQIjH3ODqXvwONAM49cbw9zUXx8wjRcPUK9o+Coc0LzOVnReJ6O4zwHGMDbUwJ2I2aE4KNMj3MY1uVCPflKEkmt9/1unF3MeQU8gKe/gGpAjEl3kbLkRxYCOHr+ztiKvAkx6PIBvU0zCaAhv3Vzikt5+UWr8nSVscQ/p3FQowyd9He+JP0kVK/3WzPHpAW1a8apWrt1MQuszbdNCj2fuT0Wmu6GOIU1sjmIHaU98K2XYad/yEOEtVM4i0wAmgU+GR9tPfE4tZPRMXeqUb4233gvNxmx+Hl3hBiXNEbg7MXd5SRxvhLhufatA3tvs0etwcWAxTEHZFwp1FVUfPZTt/IrnDFD0dM3cyzco2deq9FiwSuS4ui/mBD5T9Vo8+k4/7nkny7qxf5QUJvfhaP/gR1i+R+YX9CrE2RrGEovxW2qQjo0KOCLLDGRL3ogWJmm4I8gVmSAafDyqJLCpcFxdGXIsK9OfQZk4SClslOJhSfsTqg0oJ0B8vj7RcOHy5fniT6c8gr4cHkjqridPsfamaqmJmW4T6Kfg+1Hjh4X20mvj7HzUNu8Ydie/ruE8aHdD5WyUf/BbZcTvuCnOv1QjOIoZZCgoPoI2sxPoEXxDqr6XdKMWt2kajl5u+prC3Zdu8yTGBmEgTTOMn1MPU3sP9KRLbPXL0Jt7FxT6F8BZUULdJTX6KIVGHZYpBFOvrATxYTWEWDhPVMlOSUv7P/wFFMvLa+kfwi7O3NIX7Ek3tDGTOQiKJxH7RyCFZNq8D+Szd6rxhCjTXzQRz0qeVaGrwXMzNJviVFm1RQc6MMxwGn4PE6WlqpBc8Ggt12iD0W669yPdWvdwr4TiOvqi3YZn91ZxIbcH8yRm8LsvRH+NNhnCdceGxNWXqbl+F2HIqy+RmyoL1pUgXOJ5MYk5BBpRNdZhEncH0171b5XvZ6hW6+/+kK7+eHBP80lwFNzSUb7+wShH+m0CKJzV7NFQQqOa3yFVVISxWVjx2Mtl62elVQbaycM69hbgMvXcX+YMa5OfNXWg+hu2WAch2YuV25S+T1I5sQYe7+Ljgb7Uiv004PY6VmMXfiGQAFkuu/19NXLeyKczHKpMC96NC4s0cqJB6SzI4m0KFRJXo2s+h8eZH97vfqPMGzrMuD3JxjeTejPt2j6pkqgeChwrgJLrw324ygg1TQC8MxZEcz0o3Gn6BO0Lq9kXa+mcKL3KLtRVtpqifFZSJ+J+kRF3fXFEgyC9id6LB05smUf7u+Uyd42W4895aqr9M3+GzV780MZs+KkI6comDfpsvPqC5Ncxr8az04SSwGZoXi9vLhQ3ICIdv/2eyfEt82umBGsKIiZbYOqQLS1PyS16cpVFChtyfCVqs8GJzl4l1u1QoK47wOAem7otFx9VIXNfCaATYFYaNX4er1rUgK2wmWNpncsALQSvgEodVMO4fflISPgfcgNh2rxAIrJFV5eLm28bfUkHMTlhmitD0KdAb+fBxrdhZAKMT2Z/UgRH+4w/XORrADHBTZjLTBB6jWVHdcszsPk0Rv0Dz1d5STJ4egYaueFv7cCwzwp6uhl2E9Wi37xDrwyQdf9WOkNrJYqNIuNcDoc2cqU0CQnp65dUOec9yEgEQf9zV4dSSCEFUla7c+Bx1kjo/6wX3dPaPjWoEeF3xAQ/iBc+GLDFXj11GNuzDm0cDX5t9ohBu1fucgTxbUonMfubp84p67tfbHGHYstpIEjQyj5C2PJKgkOV01CfHi2rHO5YOVfDa1WUzt/nYkwCsUBukJSCuCGyyicqvCsqlSzZ0D6Ure7gx070YDELFLnTb6mzfE3Oe/wX0LNv+SYJAb1amkH51X1t76t75dy4kJMv5q7THW7OroyRHlNdfgQDxqWOetL8W/r1/W+cj8Npf+Pl7v4QEkebZ2aNdAVHcyOOpCM09ckFr9ntn8+oJd4tzQlT2KmFwy78FCVEyROjpaeBwQjZVVm+56gIV9GR542I/hhwyRLTHENFoCMbCMHWLhEVLtH5qxzVP2W48LNWwRgS7Yfom6/jv3Uj4+mDGVaz7i7fwOIouCkEISq9EMUIYVGyejY0EmljjyhdQ1wzfbvV8BDkp5Y1STZhmGWLiCCAQmPzj1FxH+cmpAOGrywb1BDVd9eleeQJg38sLXXef6l4dDlix6uO6J3LHRRh6m6QU/XK0ZXusqfFdVbaDXt/Vf5pFcAPbbSbZ5kzekq9W0ryeeYbhZEptws19MsgCssgiQ007JejkDsSCBd3xX3jUMuv9EhdlXshXfK8L2F9MIX3IRmHR9jo8nBgIPHRDepkh995n2pn3G6gbmFDC3P9JrT0RSHEd5Fg0ZAXaAbYOO+sxDO5hpbrCzEwnzKsGUans0KB6KhDFVn2qCSyTpjjPTMkCDqI+TfT5f8Gxv9ac1a+R/oX4BZ8Q/fbVFVJOGtPKimsaFx8BY5J5XYXbxAvpUQkj1urLT0vCx1bR8AD/wKSKpxawEInP9Wv+scq37zYeDEXAgGroyY1dbj4lVWj688zDchhnw0UJzvAT55MVyRpLLNDRtSD1FjR+/rKMZOeJvNAtanbmIvt6+kPoh01VjzzxWr4B8HmZncf0L2Obl+2x9X7A7QFnEWb0jgBcrKAlIFLSpXvvtLJEyOq6AXLGGbdQHqzLfGJ4XS+3JWN8I4VzkvJ7Ik5eS3/j6NtV1GOtg2oqBw1Vp/EZCOJnjbyXnporqX0W8NxJYlXTrolCsex5rJ5PCHBxxvNrqQzgbGB4r94279TcBvZnGEOUbKL77SUi1J6YDgfm1vXJlVd6SJ80wvi5UyTtJfzUN3pPGqc1jFhf2htazgD3bUB84iP+9kk6KDCQM1KTlTftGU5Jw6do1NVrhQ70UuITkkoGp5ewm3Qu2jWeq8q/foLyHY9vbhVIoIWPeTgnTq2WbLSiWMkEQ8Glw0Zu1hZIAzmgTA1bUpKbVTtaX8/aYto/m7rdOKUv6fbCBty3sm7F9wdUP/qu+X03tijPX9QsQyeJBxLQk8rYWfSFPrQqPN1z7eu9bc5L/yhjsLCgZOBMuFsKkKwOG1uEHHuibA9zcqdvnVT/cZxS/T23XKmITf2v4CAVYwankJbzdK7izT86ejqtkEZ2YwUrtUn6Gjdn8XsmKZny2OBuhXsUeGdqIwVknAxo5hPc5NlF0CTCci9OT3fPUr1LXZpQZiYFexu1U/ddZ/olka6DzZTOLt9BcLWyN0kN6QYSinu4IDEkVHhjNc1wh1TY9Xy1aVePJoNDUwmadhSbmXDVbpIvBlhn1tlowxxJYP9qqq63OTOdPrhPvVtm/b108YZjgVxY33FiWDIYvog4SjqVdJaaNjjjrLWh+oeBxp39I09Fm3VokZqtx0Iy4ZcVrk3GQ7UaFNnUcUOICJAAeDdHb3Cn/4+H137zRHp+Er54eBI4yrcoJDXynq1ZGOuYF8zueE5e1FUKWireFH3Cd/ul6FP6Hms8b2wmPjDn09+jBUNnopXAUNafr71zWDj5AByRgs+paRQ5Laxjfa2RFgLzWSwHQjHlcjQr43Uf/bzvlPYcaZL/1bhjWoo9JTMnxIKoIAZmlFgd3dn5j7MzHzK3v20N2SWebKLHzxU4Kr4yNE4vT96yGKk40wCBdChSUk1Xems1SYWDgdcthar62ljeTPfGK9qWzYW2hfQYhg9GSqpIr+S4m85U/Owop6iV9b3mZY74w5kDk43paOlTYoF5SMTY1GqwAHiVaGNDbOO+wa+1IkLIfE+tky/NtK0M7zeSjJ/znBs5p6tki6O2KPNMMMIO8tZcDWlWmqU+rd/qZViGai6MuJRN2JVgDbJr0UYviPohRApp+VbSVfUL11Op9SBMr/bWyn6yB09+nlWtqv+yv5ukgng4uY0P9RzrMU02HG8XsYpkZqkzLkZbqxYLlPKFux9BA7YwMmdPxze8muOmrb72ofV/ATzWV2uqHNrxJ18x/xsfPTFxbfneS4fVeqrG+DnGhdXv1LbbVwdVcw8jL7OsHgFVyyf30b2gV31T8AlaflQBvSS/4u5Sh5wjqbPPW4oJSuRsVfNmNFzScuhx02U/v5TbnKYJQVgFcrIjrvnPVHy3Y1+3uU4OAAeT9XhzwyNZCl/CFCidHmLF+Y8EZeZfJOT+ReQNnMyMtLtNf0zzHxJqGnPJiajDKtCZZnZ1ulI9XpEI8zAWQONyyvnVb6IKvMwyGM520aVXzw02EbcJtXly00vtVjbN61WyS2vODwqahgN2zlqXGtMkvtajtNs2jxebFipcaGYKIJzfxK1j3n/xJak71moLTmSy74cqggga5viZStqQvhhvpjWKWGxH2ZzUqlHjN80yw7XK/CoTcoZWRK+gv06cucOIbCGtqC8XEvOReio/KxfHJRf3Qx6xiiAR0+p+vgIDSOiYk4IKMgAtGLGn0pbuuX39fF1y/mIzPH0+4E90gvivPiu6eICkVVRfr7EUrkLXGpTQOXSOpzp6EG/wwC1TP2P5Dk1M+8Eqnt0n2/+kOJz5qVIenftPoWGW1hjvQxemRSD+loTDvSBXoBFVG4uQC/k8nHJ4Exqli9qFr3AFBzliD7rJ0fvPq9rC4HBjYCXEECSi+6w2F2JvVphzlW5eCsKCb7qpn/mVuDUSl65Nl8ujQFh2fRPnYrMyXv7g1uP5Y/O7/DIfw8TiznXQYCoZIkgIYfntvzjyyuMvWukzR1xe5r1FY3N0tMeKQrmD1bUcsRKQiirGZg4v4ALizGrn9Mn0q8DZdyNynOHnxydVvy4kUlqCwlOO7Wb9PutuZi28P1hicIbRJdh8SEsR73AizQkiesvQDEoEi5/vly841fcxl9iLq7jN342fQC3O0Wven55PeQRyZ1BT+liuwJUsfSP5tuO+9p+kX0q6ogFhTvWyiFlOTH4o/5QZ5hfoYMK/+ysCn+pCgyKoS2QPlzclaKByw2JvPBKNMcJ1U8GiW571+wyCVjgrvEnzIeLbm4d8LimYAjUbNY7GttA1CB8Ley/rDL8W3p341DqnxhQn2fVU6OKnWmzfLOtHsNvPZb2MF9McPCt8Dy6SqUn74HtuFSsq0N71+SjNFGi9i3622+DcdCX2hNxyM8RBKvOhl8Le7UY8034RmOWi+BObGo5TYtOOc25vwIJRKHq5+O3gvzOMIOd1tds6ILEDTviack/CS5PFiR/CTuFUi1sUlQqgPshKYxh3MKW4gtsbM6NqVF9UIgA8ClEKjMn22pPtMGm7mHy++XCeatgtx8JLbdgpIAXmyClXC8p5euVd959heVV5sxX8T7l4zPz8YxYxb0T/Uk++qJXAyv3oYXuHGyT56L0xU/ecM74mlbt0mhcZhV8Upr57uBWMRxtd4HEyT1VaosqBvF0OPmo7eU9OKxt9c7AVz/JfT328C5vw1VIqbptaQ7dvLpeMfIZuDQIOMAibEhxdnJtGR9EKBmzpYm4SmsuNWSKtmMhtmftzg+Lds2cDHT/IIdqkOdENZCqANUelaJqhYRQXHzJpqMEn/vIqlt8faaY8h4TCn9O/yWP84dlARFqvK9VfRph4qbNxXxBng3sp1Z639/P55jAueVexhOugzyxQiEyz47FNyLF7yZgFdAEv6lMBfio7t6kWr5uq0ivQgXXKs7gGk/pD8rfxB17docavWPTnl8BpPRvR9NosU8jTRtp0uWcp0aezUZzsqctLYVuFn6VjSrLq68R6x1bM8RFDqW0zmQn/QVM6HxsyV4tQyZ2y6T60tv2Y/ZOXv8BiMNlN0HGRUJQVC7RHqlEiLKeAQeTT07UUw9Nhx/U4hdp6bPInqjyzahyB0GyNI5yWI3SgMDSM+mhSHNXH0Ql/4YEdz0+qt/BDU/AwpZcw5B6I0go9GpCibJNvdVC9J6wlZzIQgNziwTdKjPzjhVJTYN0eg6ULnbQikjIiBwoBNt3oCzKrsXxA0eXJlUCLODGaHgylsEa/tquMOydPVXjFuo6i4x9ulS78T1PQLWLqd77n3aeE3mSU0x+ebmT+0V3+NOdHrPZiZYnZnl8kZynRVdBFtBeRQNSFY0Xasj0s/Lp7o8eoffIj3pD74A0YkLuuWhOviOAd+PUf9mTCPNROTqW2P3xvdJ9sXaD2j1qOprJ9JN+6ufanv49edJsdLwSv9ZF+46sHUqkHPn9adOSBXLCXTw+8u0jTrhe4WeOnqbmvhwHCmEoVFXYl4h4mzhfRbskd5fk8JaeWSNORCUazigPdHfh2Tqnh60flwdsQtW0lz8pZHWdAMo/zZFifR8F6/VGUjQ7h1a42KfxsEFaetHpqb2KOPEOMgqh+XxB0oZEfaO7XdsT57+ahzfvlQpeTv++1y5UslOq68HKajpqurfqmeWF/keanX/VNAnUjy7LGE/PUrtm/9liUkCur60tNTD7kzrUfYY/vrg5gwJdxXQt+sA+c5nV222Ipm1FR7fQRciNNrjnSWQNmlQ30ZG3p3n817voSoGHdKxtYi7G+NxbGggSV5o+VsyvJdtH0o3KPb9hxeLaWToQ+MoP0zGGZ8bcBkU9FeLSVtlhbBpaig/kmca9uwgjtBgVj/L35Y6sjzjpCe/nrOecvO24T6hw3K0gR0ASmm69aqFiATiCyGUvBYYJH3UPT78Tuy/qhRc17zcrVnzmUz5dVGWU0MWwv4eUXSyuDzfr0OY0DOQKyh4l47r/trdtHbkj9Qcc5V/4JCXklvXcJVFuhuVOt86Z2YZqe+MYPRF0LmacUFyFzbWw46La0GrThsq58kvz46uk2zVH+o0tzqQ95oTqUz7pJlZZZZMrAgOhtc1iRDVn6mNrjheiYa4taT071LS4e17t3DE5ia7pvPIT1CIpy9SHgfb3g15DBH5p8Z1BqsYTniz+ExX9j8fP/wlCLXu/0rTkQ/T9Vu/rCln2TO0jfIUpDivqmUradt2qWf7ZFRXvGu2YrzdXPXgwetFUed+2x+QZ7foQxCJFAEUy0apIYyDb18roqqNjIVmtYNlA+c0jhS2PcNVryosjMx7tAEnHdHdxCAo+F6hplI7iY084IkvNnpEJnXIUYnYxHpEtqb94LR1VV/ZtLE121ocfAgGpyEFj7pAloyyX9LZLyk3eSyWVTARVHQudDPJ8Md1iCHwhnof5IjZFZ2NPH5WSQRTILUs8w/XdsEHcg3KSWrA2IMshgSWm1S7+rpXuAIUOEfMhGi3xLvRP+OQSePeDqdIMPKmgWQFRg5jNMHe8ymuW38Q5qyL1Sl0pLDH1hOi9V7x8yRGPVCv5fIX+AiqM5fBnuROjcgidq5tnTrg+rHzZHqzf8wQdS6A/JoE5v46WMZvxFf7KpBcYGsuqWNwWfb1imZNTZtNY7l6XFpC0l6v92ayHX3A7Ki3tfqhD++RIwGGjbiMl+RM211S0OfLZ7Z85VyQxXxnTl0Q+YfaUZC2GJczyM8yH/dKf44eh0y3oGZSl9QueuKIPkl7MajLl3EDPVethGpim0q5sBVNxDwgKe4/5n4fAru7zMSRovRbFJrOse2S/FB2zHdzLXT8LRBFFhVMIyUK1yhkr9pTqtgPG6dctgcN168LG4PY5+AF2ErQFa0uM7u0aY0yJqDbak825ZyB6Zy9UISDVNYhK1ngL8oKq+dX2c8kNH25BfmFYIErIbLJcxePymgKRnuJZc5Q92mOPlyEN/SderiLG9PluRK9qUcheAnLDDaqo3V1KJtOVbBHN33MmDvTgTTk5dzNbvviJ9g9Qi4/Po9+Q+buRDr5CCBkNXPCOfMgovIzKEHWOZ7WX2zX5yLPRWjV9hJM9gSOlGhyQtLNzzdpabicRBd46xx2/7uWJ7nUlBsSKb0svDy1sqVFnLMxrdtZA5XppVJTTtG1eDE3QpaDaVMOWSr7nricifjT1WgQ9vq2jZRd+6HcVXTiVPrZW+ymAxEJ7Wm0sqGsdezBxay7zNAU4XV5bCHXqhcxRdAve5YYAQb7ORsvFqQlnmjROoE2q4ZHugHYy3zbVWnWT1oRGW00IhWhHTdTGCalB2y9h4EilyHyMay24ibSkbdFvU1ACnTw/vUaPm/18Lr7SKcemj+rxuk6U829c8LHqr910ATERUp7yQTx6IItd2aIkZdgGeXTlpgZXRIcqT/OIaqHHfJGJVYO62YB01n7jAmvU4Da/qOS+xDPUWM38IMUhjmVT5QimqrhdjMpxxXwNsfWClUPkCX8DRaQ+ueWHqldbU2Wijl41EVVrLzGeNeBTahsjUqPQRm1ICO/r2V3looyytYHW/gyxTw2zJqXwZjxGiVoaU19bIxJoCubWkB1QfiFmzGH2IiPUlaao6Z+wu6PrDthfjFnHWNvBRQfJyIDVecpmhI8mjqY1bXhKhuhRKv0ZWvmtrP5jU5Z/XWbNCtEDqtnNdKZ+pavvlAqT7IqM0oxtwsSlzqbIy1L9I7Tv4bWRalOz2JtHSDfZ7sC82BLujA3cFex9cRQ6rS6kB2QGhIYLSWlPC/wBz3+xXqP0d8S5ZHa569eVk7+24piSRtNjo34ekkBYfmmY/eRVX17bi3fo3VosAdeu65sEPPz6kDnOD8o05ErwBAzxCOhfpENjyhLuvgocs5z3N0yrWB9sEl90TSV/MfuibMAPSF+STpV0owI8bttRdTujQ5OvaZHnc+a2nhkw9j01W+hWaE5b5TwOMJ9iOQaxsevLCKSMisuxm4I9dquq6hDxwbpv0MVCc5SHznstjHLgrQ2sh3QaLgBobN1NhCmOoDcBEIftVmW4mBUv5iMyLn5av9jbbM9w519lVd+374O/EjIUgsI+nRN7YdBiGY9t3v1qbcYcnZwmdSzO2A9F0lrFxcZ1FbfOubq6mJnWV6AJ5h+lDnReO/GZgJ9xPw5OdVa/rRIragBN++UL64MQah8T2NNzmcmUbUI1TAx9zKpRtgsmFtkWb79Jc482v9F4+ECyWFSV2xUITT94adxs3T4I1d52GEfe96vbu92cNo3QSHzDFBzCUIIckGC6iDHna2n/7Kpg4EssuAod4OfaMOZw//FQ9JfdJ/R8pULDPH8SUaqTwmzCnLZxNN+6V4QW4O6eyoeHuhfnVlZV5dY/FfGGnFmkT2bL3mHqsYXi3e/+0XWC9e/xN8u4faJh0kfK7tayU2dgHLzEcnOZXIdaNeWqBsrFn1Ulq9PsCdLQ9VPhEqlwnDpkx6Bm2h+eZHwf/SQ8tTBMKlqLSxq2bU1Inz4XM1mhkY2iZSounXzVLKd8EPf7lX+kT5Cr4WYtaNYgACHo0Pl+qBWGi+9bMpsqXrnFKEt9viTStK5qmf9aDhZbCLLO/s7VcyRPy3SW5wSmDyVc0ClfSiBUvQZukekeW/puCi7cn2Tqc1IQsqcM6e7xsoq1q6FKbe4mJCp/KQj7C7h5pSKIleKN/hqE/bN3HP3bxwrlfvrAIIciw38gxvC+B4JNRsArsJdGS9FMKsME7ksU7065j+qdR14W9prNo6PTougZCFjA1W9tHtOZLNLkutzc68fejBcvml9pHqosTXjrkS+EGKKAMLO6NbVkBlrodeBVOLXdyG5jAxOe0ldig0GMpDWS9oHYmoPfhIgg4VnEvQYPyUowhJhQlZ+LYchqJm3rN3Ki1vjBttxrKpBtPe6aUA3jpaYZqk8ge5/IQqxETJwXlulL0+tL0C0fiSnns6cNY64iMtotT9gBK1GL+VKvHSKpmUo+57DcI+XQ0eCfKp8qLKUggRjKQZvug6qsdvWCA6anEfcyC7QQxU3ST1jIdc3nTfgLuwUZr4Ftaq8ooPThyWn2FVzi+BadlcaLq8LIDzi6o/QZ9iCqcJOhKvHG1jejhGgmApBy4dOuV8T05FLJoqiRb2Yn2Jviuvugwwr3rvcp272LG5wS+V1l1mITiQjbnMLnDR5eDGySgpVtFxbIKyixKfZqcSja5VmgSlQhAZvm2nvPlGmfLxAXJP1onru90xaB7SuaFWu8P9CR8CP3uElR29k7rerW8QYxY6uqFoMm0yGdqsvoWijs/8RFd/92NWFVHCgpl168kt0s3Wr6uabXk4xvnAoQIXhVJT850SQ6gDCyFOslXbFIeaEqNKes1Avi5955yz9pH5Q4wOdYd1v068+voDEfnyrYd5+3vknPXv98Zg9GHquue5nACn+95v1hpr9+KsnBKJwrDCJOe34nUOoW/8tgW/UbrHl0W3bp6xcp9ixkV8JB7NI/uy5wuoGTPlkc8seEQ0k4841U86lFKsfY+R0u2YU3ckAIC3HY6TPSTWaolxhmDL1gO/VxkW08QhvIK0fEdb77uWCv3EoXaeGYJfUadfzoWeat7VZREwiI6qZLri9mx6znJglBfibNuWax8i0Ua6M38iof/YoqdM9dp4DImZ8VHJRbHa2fSiXS7LKubGA0kzMyWMa/fCZTaginmbhZVfkLkKepShs9enxXr2/NWV7IXAH/S0/m/puCnX+9J7kY9iDy/X8U/7nw4lSvToquYzsaD/9LZWBE0L+a1OlavniEcyBpAF6E4zTUkP/3vsn/23i+9MnJ4PTllZTVpWiP9DnN6IG22t4kxU4az7wJ5qaYWOS5BzcfFgrtNAJgaDQs6tYDSiL8kVzbUrFXah3Pf3044QxJtd0TWfCmTpFmNxaHHH6hm03HMMjMWUY+bIyMJgtYDjXG5PuYK2c+ox7f+fEmINc0NNqLptbn0H9eR1un1XiZQBgIVD56RK8P4Hx9y/3sUZjJv9jUH5tt6LHLESjEfvnBdK5ctyd9g6/Je/4eby/YjcQ2gLeh3tbGyjP0kTJShnJByaxePUvaG82J/wrf1RgQ1fAShz+zJ6X/+NHRkGajdORUVuplaHJ15mOh7rfFtk8yLxp5NR3hfwG40Eb6tOZfUPb8bb01TEn7t/kKI91psacu6w++ywOjYBtHXbRrwcFwJCgYAexqhtFqcaUR9VJvDU2CZCDABvUWeOFrg16EqNVtnOGjfsSTLGIyogVNNVVip0DimULlfvPh+2n/zjJxRvIZqi5PM2IEZv+M+72cpXnypNQd+tRdf6WoDTzqT91JSw6cD+jkJV0t9i2OF+Jpefhxta27k+eBF3NgBgZD2hovzmTlepnLWJHmlUvwVu3fh/Pv7AHRF+1xa+0clw9iu6MVKSTpyIZ5I5KBhwJgxg0IwEboQcoN67Z8BfahP6TGETENK4fNen2VG11RdRHG8x9pD7gVJ5Mpe8c1/Pnvvlhnq75MRB4WlrPHLB0sPHaQJPgmCSo2PUBhz91Qo9Zabp5GATJcSPgZfPbe4ojJGhWK/pNrvXoPAlZgPRjPVGYhqOdtrFkbL6AvLld/buZ/P9Tyk73w1p3B/H8xDnN+axlcprZ47ba0gH7BfQ9wOUApvnxcgDOiOWMZUh17bJ7Yv0KXEuVjhk+yL6H0dw3tMO3V2RTMjHWkqu+yQLmeki+S9hEALZt7YdWWFx5zwB+RZ6X/4pIzY1MWSncJiK9DHyycoU4Mv576ahc2/eUgOuTzD+N/sZml6y78Th3jOdmmwb9YtRrr9t//MFL2lzNNv9R/Tq/+FwMJM2Gz97H071e42FeAg//VB5m92tz34F3GxdXxhyILq0/vJ2dTH9y947d4sqreUv9Dfy3K3eZ72KK9qbfDVc8Yei5Def/hQTwvOs99QlH6Iv8+43uMghQEWTSbxCGkgvpSf8iXsmse2kXpL0tv2z4kzmqs06u894ps5nqKQ2H2Wqd/Il1HROdPQX3Pq9KYNAzeQIuyecEbPbSpW0aVt+wX6XJeQexYbD1yvaRVefrNKTb05qcWtRmVaMNOa9pqvJXrvE3276kFXmSJAt6kd+4YXIDLXP0kfXCoHJ7aE7L08/t7N/lXQ/xdN5lNmkdGh0JJ+KPt7o4ZX4yTIzlM7nte80pyQJXm14PqUhEltfgPtjbHCQ1Me60TTPrnD+56mbN9AatfWHcBxT57hmsxE0c+hrVn1H8yvkQOGX3FWxdYOS5YNKWSbI3HYIY+TxcXgBrCsgTCi1LqU+IMMkL3v8l9DfldPmRwVW/724AGHCPC1vPOYe2b+wuz6/ngBqlY66NySgRXWCUSkBuZmiTscW9eyC0p5uLYJkfSp39KhtJNwPY6rU4Wc4OEQmtT69kTklyF/wK6YlLcL1nXuoeK7VgdPrgazaMKxhk9ksoOuGiW/TAiRywDXM/fQhclDi5L53b9kscifPvnfYbx3jzKVh4da+uy7G6yfkiulMioJCUx+DjvNme25e4ELrj4zSH/xFC8/1RXx2NFi8B07gX+tvfvdl2DQepPOpJXQEKuAWSTcX2u8/ElMPaIBfnkjo1ZGqt5dekfOoZJ87nq8U+p6Zd76uvLHiKgMeTE4a63/jVaBgdXFb9biPcx2tfm2cHeKOTm7Co9cfh3zx7hwLr6YgZt0Qh6spYW5N2DlOJ6PsRBZ7P1ku6QyBD97ZDTYHeW/gAKQoHgEgRvEvSOJadEJkw/uHaX/aM0o5NP5j2RVO+8jBMNksRuWN8joZL/SeX/FAYP5EeKkNGii8uIogV4IySSXRuriErbmT/6zF/9Hl8Q9Yld/givdNHFFhRLUIjyY6nLyQJpKlCjNKSAqj9Nac8OvXv3rxmwwmCG/3zq/X8cjNgp+ZbvRYW9qZ6nQN0sirghlB3umh2lkpwcRWhAoXzs616B3pOONWuNdYrjF+U1EgUP+7q1NVoJQs3I1cZUoW1fct9Ca6QbwXDEZDo+g1x8vOxsED3mw5SO5dcQ0u+xVVWJIOflinur58rmV/ZRvVnLImmyASzSwIelESx0IAvXD4RcfPhwR8VJs2XeCnNBmSCr7S7vL39Oww3uNy4LVJAVrfDPZScsjnynXV2mRJDDGZq2a9CF/8hY37jGdD7CBHQAn6xrcBYfA6LtMAK5KMuyU8dNr5xKvsJNlgTiOr+W93uekSfmii/lb3Vn9wNFStShgZBlNkq2uDCukMeshUtXYZP0Vs0DqeITD+yLpenrjx24J+XXxk+hhsYpbYFA7ZVtuRGfFrsiY5H5zZyN61WrQUoPCoRxgvzEmwQWQXXI7/tuK8lKC68/d0oJKeqkla4XBby63y31XdGvKXE56+Lygmua+qvJ3MFYXob0JquiY66OvmwpKX2DID9I9oIvWTiy1QflDzaWv4h9ISZ2OyFDrAO9E9p4l/ZRSVdtbmpqwnr2VvZVKD5H+FuuX/9kDFdvLLsYh22zi8NFC2fKO/8KhAFbbXtI7loaJ//g4T3maFcVzACMbhEWHMn9eOtx7Dqslrtcj3/aSn1EGINrIOH7syaU8Uy1+JNnR3/6SCPq3X24/geTGIxCq794wTtpAWZo86rg2amZgUH9r0Nw8fMFUdjTDLG826Wkcbjq4GB4J4CeAFBBhCJOloC9YAJ/G8f8D00v/9UQ+0PQf9xfZvC/ZT7//w3mjysbnMdTuK8KFbzxX5N51KLGxyPOsUJmwLQuGH2aYOoOWaEsAweJMEb+MkcE/vL63eNZ4y25BapGcxCGvgZzFChIob9mnLgQKFud42Fa376sm3lyBA3dOZQ/G+NpA6LHr+Q+Cp5jKiLupvavp5hhwdPj+Omf7Vibg5ijO7LrZYGd41z9ovwiyRnQMbbFxOKEaII9YSc2uKW7WImCB1pASERSHwaHhoPxaaCP+ITACEhf2TpvChS98NPU/H3LNZmRRuh+PYETeTwT3FHyLTu7zm2jTMwY49JZbiO9vhyuzabGIr95UUb5bd3TN/Tq9AvQ6fX9QA/eRlaKJTwTqp56ju/5izT+L+1Yr4E9v2xLXAA+L0ORvDrAPxhqxEdcHuxXaAFhM1Ht75V42lfxU0+624p65Cv5GiZ98cRjsxMTDXJmEy/p5MoACH6+xELcB9OK6lxdpYvwg9FumY5KzGFpSMm6MUVPjoXaJ+4sBE8SzuGD/wutOsSXvb7ov4AP9U26UowLTyzYJoOq+Nw3KO26ozrav3CFq8rqr9fTmiYQjfj5FKwGcZRdhuF29d+17i+wWXqYDdrq5LvZ06abtqsq0kO9wtOQfMmmkbtWR20dLq+d92gbGr8kF6mrpXIvpFa2M1+J/6OFocS3f356hXE2uJtvOr7YenAjh3yUV6JQK1lR4kt/szltz+aaPiDDpwDGzMVDT+nGF1yNDWT9f/cBacnSeC8GPstu86pdCu1W+nK9ft7ASTQitPEFCwSa8NtS3U3tmqxZaxdr4F32NtMTZl7HmA49viPcfhTaN4M3eXZIuotoW+ZalGIsIdJu7pjN8ExS4+GSjhYfj/VVxDO8R2v3q9WiNWVmEiHgQ5miKq/n0otzBtgZFh8RP/NVGxuVfuXyXsYjAV7lvD+gp3nvjBM9AnyqHWu7UFnN+Jy9khJfuKElWE/JM9XRoedLpJx++u3TO4VnJTnqb/lkayyY2ca1BSJUSGTKZ3So4DdhpxQDa1uWr4czC2u+OMpbq5kxnBnkJKfkoskBt1VWxoyVNVlZuY4do2K1o0Lnx88eK8fZadvY27Qk0rjm5NAXy55lAflBS24xlXc6GVl/TI4dS/C5BtbmZ086u6RnWHutrWUZKxMoWLorryUHxwEXCbU/b2zEtaCgzW7rIqWiP4JFFSgSZLwGL1svTXQvYfu8hsMNlt0QSCz1tq4/nOCiPFqqWYhgXMXSpB0L0Q8wBHJ+Mg+reFaQvtETzepGGcEoTZg8/hdgb+tgUA5disDW05fcEAkDtnDCee33tO90o/pYkRsMIN0Kl5NQz9ApPu2Ez3HDzofYdBYVZOP4I/rkR4BfgIrWjLeh43Z1o7x+Xr/8qw1ITP7Ut9s8l71o5LqhgvM1sdWteL65+yhxkIaKoZEW9bY935+xvMNXaDP0jfT8Utds07Mm3dB+N/H6/qaWieFC6hb/n6tfkmFoVEqPDTNO6RO0J9LfdMBgMOthYwncqtT/Cg6LwGBCCLjlBAQG5dZqFeSW10s++Q455XY/0W9bVPO1/sF6NOWe4xvNyetPQWsDs2OaANtwlGZrL67Of5Lv3NhGyF6bFj7LrJ7fjZFIcJU+TlJoKofCGuf+/1gzLcHWxXZ7Oyi4l24mfWG/blmqbTn37FG45sYRiQA3lFiQVlWOsR1Lgixr4b1r/pjiduTPvmeYuGHyelni1vyOrxBAkpAxmR5KCNH+PAIRfi+dJb314sE66rn4cC9sX0fFjK8jIyP/AQ1DOKD3kTbXVqWlaTM0OhQrr+46Jr7YDDcXcsN8BIESOoacLQL1cCrEhSADMN8dFXHX4xIlJbOMb14rehBH054+q8B6WSa7xsLaErXaCDY37vt3QFU/Mc0gs4dzM3oPZli/c8yJ8dS93q6fZzF2DU1pEGeYzxEUZUCnoaKJ+vuJ7ReDKEuPUEPuLWcmdAxcha931Ri68mAmrIdXP44rBRmSvXfuSDnAMvjV6lLGdERysHVepTpquL2kRktE5g5SCOHwHMtd+BFltEhXzyk78qJibrSziS3Q20GOuyk3EOilaFqftws1S/5sX08wm0ZPTxP4Vcp1HDdguOFzrbeyO2Is/oPTeHNX5IrKp3FCN2qDDtMYdcTFBzCBEHEFzVhDzUz+5fL43/Afi6eBocyt3ffOt3sfKPbf7dF01F60ai5JmWGzwdMKdqpz4lCG9oIyPlsQMdqkAEA0GbfjCi+7WKown92aq/a7uYbrTg/BuIfcZCfKlDf5fo65yntMwsnMfPSqzRBvPjk/PdKGrWuDy0ngJoYFsAJybogh122P86WW6aeWcWxfCvJIfqTndSf/oqPQPI0c32mnGuxIq61p/yuHY8b4dOLd59H2NQt2lmDalIW3QF5basnc1HCyNcjvjWnqBVVLD/O+o7rktY3HHta1kyR/Et3K0F5i1zGbgDCg1Fel41PvUfHMSsfST5vDDyvJ35S9c7GHLaXgz++LZyHdyx4o7CD0hdn5WYRvTgi+luF6C/bSSroOxx8if5gz05mKdCOZjXFYCBSTekKCuLzZsDdfCzKy00hrtdQtZGGKFWltLcDp4lUt3/SJ0uemhUDWs6OVuD6WOHz+C2CUfeM2ZNfQTgCmoOHvg2prQoRVuCorON9lMgrL9vJczhw/c8r5C3i/9aKhOj3lZRBypjIn1iue1F5rLk0KamIGN0C5Irjbhwzv+wO9ib0CvpagSLZtemqeFXdmDr1KL+pBidalyTaxh17WRRET/LFPerm2zTxiEPJN7PLeHE/InEeTh2/TFe3YHXw0v7blWw+QIcw7fVBJ+0K23D1ImmT6yN0gIyqCl4r7ucAFTfkk6u254PaakP6vYfO30Ougx6EOz0Rvb2vY9kxLdPIyR4ZSBSXXK5IWyIJtKY3tBe8byDPkvyztjDTS3IvG+f1+zAP3Ao/aLCCNckI5456eFaec8lG9fT0q8czdZ3T+cJCvlG8IblTcKkZnAp9bRrnCMlodT4fimKHhvIDIp8iLiOlY3L5p19pO1Ot+KFNj25pCtBsJ7aysvnYnF93AwFbK6cNnnLm3f9hL/OZnQlgTlab9TGkfhx1o0GhE7IOSUtPw50BfxLkwMwHZ/d+jwqjHHx7l65XNRabOZ4nzAtHMFg4UwS7hQuvA2YKqUHGJgZ6wpnEFXbP1GznvQkhSDJujsStSx01yPNuAUg3tFV3GMaC89kilsq/Fm2K/yGukay19/JZ+hk60tG7/kBgrWjHUqmCYrGII6fXbzh4Va8B/Yr5ot3i9oCmliJiGYarVZ//PZHb/H2BOPdXuIKExd/jwSwY9QZa3C1tdSZ/xDgIIHTDrLufLLQ7+fbk4zTg4Ajwpc8nsDOlOztK1T6mdjCDEPya5/yzxKaN0/t7l6hvx75NU/OTucyzTq1iKBGvfAXE2Sm2faOodJJCcL2WHQKq56XJtyieWsf+qeS9VjEqUT4OYjM+fqV5QYOTtt/SM1ncAsmXhyo4dStISzEZOWrM4Hw7M18ZuyUQEheXMw1QhJK4bz3+8vsBptGL99m0+fFwsauJU6hhi3Lna0ZP0lyzFUMYZR2spRwEAvZtB2/FF8vW1vwsqUwlbaQXkq4YectkSBcApQwPOX56MRzCe8AF/K9khs8Q2FUjXsxp3vHjmw+3TPqgPIj8pHzEE9AvNA75WuZYmji8JU9VbfHw0h6SH/1+1nWk0FI67xyfJMiEmI4TCjIylsmUZe2FmZGIsMZYSYjAyhBaEnz3rMEpjSwZDsjTG2CUMY6kYZJnsIVkSWapf93ff3Htf/P8v7jn3nvO8fF495zwvvs/zPd+PCYq0ZLl84cSNb4+WNrpNyg+9cc1YqVRJAU2jOcfYySUoUzge67YD4WaQuLKIoqJ8OrrzzyQZ1NbgHM7uBS1PxulwxScagQ0xzJDjyfQjwaG/hEH1s1CXRcLWV1paI7nyTtMzLvy8lJ/vZIBm98sLjdNeQlwlRwu//ZWe0K6V9OIB3Gckx6IYjW/Opsphz9yXxRcVo4iueNgnBJLPuM/m+hPdPi22s2Z+6buQrKA4YYtcaOnE/a4qR6w1l232sgTgSJ43QOAb8oW919FK7WZucvIF1u0fXwLuTMldpjmz+9PEyJbJBJQzS7yzNuVB5qCXr1CrgsDxiiJHr9yauQY1ARfRxH6CsmBePLuojjeYOzqqJNO1nlmGffClv6q34ej0U+oSvmUhgJdlakerUgIiYeI6Z289Jw2vq+keXEPWJylnSXUFt3x/fKQYJJod81JeFtaH5u/4/OSYJSV5Ld0cx8Sq6JTElGabKOosegYS9u3qBRTxzvMaElEldayjPkAnG4CAABFp1JLHHs1J/h9Jr1I97ewnrlDf28t3aOQWB2lgQT/KYKf2r0Z8mcwtHZ13RUb9lmUPKvLDKuS7hz9kBdWqzwTNhQVSBZ+j0NYj4fef9CrJzL35/PIEtqdhSnbSI+ds9+3TUN8b+PjOk40WSjoy22grHvt/qRqvS4y5XqBqlVnugrMQN4aesF97iM1y4h9xxhlSi0F5UbaMoPwJqWiTiTGNcR3CCAzd707rRi+zpgHqannVhYpM/fHT7znQCs1zKM31BKzvyYp6fQWgAoeV/eowmW2R6+aFR6LClEn4vsWxF9gV+PpXvyeyLufMruyXB2gq6GsHYP+CI2wIQExQeAvMKKHntYaamvUS7Z2KWsutMZLSS3JpvVnPmpqgQUi07LgXJewMTUOYaesn8vZq3IEDSQwJB4U/ZiXqL/k4336tl4FiH7//9IJm4xePLijOa+9itCh3+ZLg89Ntx9CeJ5N7dAfGUn4hmzgFBntf647w6pxdSP5dEeszVf9qM4xL8IdZhf3gAbp45p5tgEErnyoMeKGEApPtKInJI6aJ8kprNoMP58poscggr3ulJZqVr2uhOXYlPFJA1nsM4pNNfltZnl1qCTuSc3fthuUKYzl7oIt5/GC8mVHdWZSBPHvki5Xd96pnww+cYuMDCJhOCH2xa8h4E3zVy4oK0W2Ov/xUCRCdubns/eDDE8snVvX0/IGGUag6lr63rBpABfqIcq06OWiTTqi36ujbpywrv9/P6j8VITkn6bGd676o9/X60WvQczljGFLUI+kK5N+36pRKo4s3awJsz4cuutxsW++O0xyojCbInOmgTz4u31DUKZoPRDUow3oNv9NWKVl2zv57GmFPLk67eR0RHHTYkd0iBWD5I0ZoxAKergNzYXXfoeBg8NuJ1IJx/TLxfhnt7WrwY9SL4tXIooZbygH2E6dIVCBGJjuDxYd3/wpGhBkMvlGcg5kOx/kjgDwPR9Ndhxhu1488zuNxi5aD850Chc/SxK1tMopO0S5AFc35dTGt6LDtPwAHox2v5tZG5YraxXfpgr0rEWxao1AoFmgU8RBFT2fy2/xtb+dG4/wBWHW0vkvX25zwsm32jVxZeM5oE0T5R1EKL4Z7Ki55jMjqgFNPob9UxvoQ8esujqaWGAnt3D4irXerDtTQ4+I2xsrz9OcOEjU1Hgo+7ZRLZcZeOZxpqAymsTQ5426kjSYD5S3hIj5d3vfJ1TSxvNYXVm7ybiUux7NEalUs727gzFpUnr+RXQIg91R15FmZLgV5H5o6p1OVBU7X04+1cZuzThNlMNImBjuMqxkk6E3IuSDXI+dYwubKD0fm5vYOIyb2/1mpRr2ZfsfDGbNJBDeX8bnhdt/CGp/+2fxSiss8Z/F0SF83bPnV442qeospDqFduCS6PSa2PB0jzJVYGVMfb5vt8pb+Tnfo/K1kDKkB8/+RDE1y2X1ti6R9rPpBDv7+YnpTPUvihLOkbZ0EzjAszxTDD4Hq9EqBgfPYtYJiB3KqEgQB3RfT9uZIMi7Nu23WbOE+R3H7Q+JEGAQmT734AGX4FwVTvVtm3RFp11AVeNv58h7iw4K5EL+SnR0VByFaPIXEAHYXw5VvaFce5iBTEsfx+jmSjcb4ny3m2YtaWmcvqILK9CuQiD5OLzZytfRrThvVLYTtGtF+NeinzKDCFDgxrmyCoXsGLnkS9DaJcGw4ApzP4usALny47NP2alrVdqNW/MEg3/6Enzac/E5JmZPjUS5b47JNjeg0RnagkPw2g9pe2s8fYqg+Bj5s9Q3/lvW6GTF2ZSxCyDyckatouzX8N+o7zR9TE1Rg8VZq97f8OHF3Pc0z928RjRdIFT02ZIk+1FUOUVHFBW9GLOYJm5uizRQUxNY5/wLp9F9Co6Dov9mUpJ6QrHJQ0/URQbNKWUcvX9ylcs4O9rmn3h/AU64jgFkAKulNB1JHUzpfOW7lEQa6+5CCfXh9qAY1vP3qJWx0shRUJt7JzuxDIYH8QN6jspeTR/zwEZG1fwCRp+MC8lWF5Z73jnjsu7HNxMJARQtJ2JrwaajLg3BlDbWTIvrTdDJiYqFVGU1ym27KNRS//1lloD/N0zJJmmZpsCedNvUYnvmaH7iuKAAK710ogAwbONxx9AU73+rAYA2Yk0SX3lA5U0xCB7N4WgkhsWNiFHdbg3leem9ztvDU8crtMHbF55nq6ndu56bAPNNfC2lQDTDa0tYq3gnFP/3Qc9OgaxZwb/re1BAHuz5xSVrjkqioktUB4rIq8pEHnsjiwHNAL7dieHghyeYjEomFB6MeuJQZ0s6H8eGKvcO3aqXe+mR9e62AmNy6P4CZoaXI/M92ORZ33vVDSvKbGyCEZz/DKsPkoK1n0LBeRHZ5StvXmI+2MVh59/sWEkpKp8MipqVuZ9F65JbS0183tVcMUgLHXf1C7hh/gZNF5JjNk9k/Xev1KTV2M/AYeowJkldc6tv+WJXk9nrZ5inKdLG2widyRnpOCdXSJ5HvHoUmCrBtVNo9u+TU7a36SmfgRuhMN7O9sG6QQji84egSAi6eU7Avn/zpD13Z5IUn3oVxp3jBdMUlFnjlub+neVuuSZtUzK7e23Zs+jiq10u95mInW9mlB3rzKYqk2wBnB5ZA3N1ypXyDE1vhG+L7+0Prfq1vx+Q3aBzcCRp92tQFf5OCsO61NixKPkSZgkAZ/3meEQfYa/uOTsaPMa/dZrW0BiUE0hsNN+efeZ3DXfXcQJqerFelzrdzmnUXJH5I+0UwfOOHf1XVKLgNs+/9LkmtBR8btyYS8qgIy4RP2h4686+/EZqWQ2YiIfgXikmvtEb9MIz1sMrzem5rN0Vy3VdAp84OHLcR8sfHNcbelAlPGD9zItI8Y9dhi1PkIjPimth4OTmnbKzUupOMeZzg5+UJoZzNiMkQEwoU0oJfvbWZ5YSv6QnzbvNTJ3VNhqQO4AavhxRKKsewf9VKMzYqd1JpwCgb2GwGr/7hmNyD9FBtnwzbm5YbYh5GirWyKAHKkiIX0frIJAjZh75/1PDgG2FkSC7iXoRY6FPmGcNnKpL27ryV3z2N61t2C5TvuBZbZImoDinjpcetP1r2q6bmMfg6HAKLeMyuaVC14/b3CarWsfuZ3nprFU8p6qTaKcA5wSWnjZRFAdFyu3y6SNre79VueXzs1va35TeemPrJIM/K1BiOki/2StnCcyaoMzmTmHEPcmLVWXJTzRb9dEniipcUC0OS/L81RYRnQ1FA2LHL7zN7qwuFxsk7iO/ehjZDEcEYzF+z6h/PxkKEkTt7hdgDESfBnLeqsSeJ+S8kfo+qKsptpdxvN50hb963MGpLTmZl0eom0MExmWvfqDiTLSd/oiUOkrfNW92Tqj7FPzkJmozkFwfv/SsP9L95TjhWY+cQV0qaRRJsVeGeUHyMjHjPKeZTj7SIURIK6uwylF9v0Wx013dCsJm8st6sJfJehqB/367FM42X+2ccEjh4h151PIlH0142m4nKxSnCcJBs+kUdRF/HjoQWGUU6diUItyF56U2o+tU1abo7kaZ3kCnSAK9EdNq9TFc7GnWt6GVzPpHzoKFCsJMbt2Wf0kNkufgvjLCKLMBkFLm2MytUX+rD6nrq4BVy89h+dRM7VL4H93EFc+tH9jyxtE4/YSeWsAWuQWfXKdzNTXrdcRIqSj3gUoeni2aUkColHPi4vd9HO2Pty+cH/LfShLvt6yQX+tLKU2BJ8MfrYm8sm+PBDA9g7+67KjPJN/7xI3hmwxV3Olss9lInBlSUGhXFyw3h/mtrYfj1Kir+i+QaOo/20aNVZsI/IcB9CdzERqzglG3EoSZnuRB7z3pvTwjpeVDKX9Kfrv9w4vMHDF/kYf/iAelIBRqCs1BXrpiZiIh0iisw8SqafQ3dKrTOF5dmvODWw1FAf4FAIijDduWfxvS7ww7wqWOPU5/NGBBpDGcSWAhChU2S3I23T3YYznXjqRhC0gJ311W7t8fWwPTLwh9DZ8Bj7lXnzfH+JZQ4iLuSMTM7ukN+uL73vaS7yPvOu0sUFdk/AFBOrFjM5U/5HZcWwn651bdTzokXXByYS/kWD/QPXVQKyuJSsjf6USeBUNdvfoRkkvuZugvJyQ65NCuymMcPxjWrxPzakkZpICF6yzSR9Yjkv3o9VF+yfA7tjb67dm211VBVYPK53tvMqXSYX/Kn29xlPudn3b33flkFyDpW0T/n+kLbVBxyfeqGJbwULfFEflNjKUjGP6NR1iPJS3nEQtzT9GVTA+hdNFNfKfGXnYm9k9P31uOnjPe50wC/R7NQDjly8ggYygb1v+cP/bs682fiPwBQSwcI2FVHiyyQAABtmQAAUEsDBBQACAgIALyhaVYAAAAAAAAAAAAAAAA2AAAAcmVzb3VyY2VzL2Q4NTE3NWJhODgxYjgzMTVmMzFkOGZhMDE3ZmE2ZDc0NjdlNjVmZTYuZGF0jZBJj6MwEIV/Tc/ZLE6HQx9CE4gzYHYbuGGDAjTQ2dj868fRzGlOLbkk69Wr0qsvPnhuVN+m+vH8CI62UjnNlA5krSgR1aepM7pOXIC2ys6TPxgNV3vhD7Bhsu+PUef32EzSZee1+uKP5sa0aM5V44Fa0+Qa7vkYXZkKLVmiokrP+5dWXHOVkPRrMdDQgOpkCr/dz8wxxpLqUz3iTv6V4hNORRbusBUKV8NDrhiCq/sWHaOea3LvYIOSGlMQn7+rU7Rw8T1LH+AbbAtq75hDoDvgmcVGUziFcNVVuBu6xGlooH6/+hYSuEPQS3LgJxzi5ACw5a24lZ4My7zkzEYMcgpBEKPNk343ObwKEusI/C4UfpeqVPrJQDbJZmYdaF8sUKfvuWo/mXU9Sw5KkaFL7SgPNnq7v/oPmQ62vJlslSN3t+hNNf+js5cXy8ll9y/xFnSrn0vScRqFTF2vufZ1Cen6YFpl8YE0lZMaaIy2iqZt0C1zMtjPIu2PqWM8SorhSwszAkoHxkVmy+QYBJc3zZLvV1T35RY/y2f9oQdUo+TW3MffuoVv44ne7++3BqinP1BLBwh/ViI1sQEAAFQCAABQSwMEFAAICAgAvKFpVgAAAAAAAAAAAAAAADYAAAByZXNvdXJjZXMvZDViOGNhYjhlNTYzZDNkYzliMzMyNTkwNTgyNWUwYzRmNzY5Y2MyMS5kYXSlWFt3o7oV/jXtswDjhoc+hHAxBMlGgAR6A+QGg8DM+Aq/vhsnM5OZtqdz2rXs5Vgx+/rty6fkGUd0fxqPw2n/992GNBW/37YqVLVhX6uBqMBV7i4J/4F12heta+L07SzSZ5O8IEQ4aaO0gfPivE07ncyqF5y12HleBQebizycS25ddkkwRe3zAWTNtcFUws1Z+t5FOuiA2+cJT+i2vLcsvhPniPB81MhhNRNHlCDHFTlBJTcb6atr1aJDuaGo3uB1NFmnSpdjdTDXtU5OlcG6qDeVBBnEwddaF21ukLmagrdYty61zh46ZR5etr3V1Lqat70JPrN5O9B2q4idZrc1Pqxu2548/K+GeC3B3tpnbcnFKHi8+HHJegZnD5lZNaNDPrsr3GIdt92dtLFJ5k7DTgy+uDr4sIK4Xup5nAuunerftWGwp8qg10K3TkG7ekpyMkvOpmDTnCvfnCEvWt2v1pXuzWWO11XvnQV8Sh+vM+SR1DkucV8X8BzkAi25CFrzKDf0tj08XWuDzlEfqiIfTyLvLqDnHOleJ4YldmySvWpB3lVuQI8RP0XoPX812FLr3rnaPK8zgzZyw+Zde//wbUwht0jmxKl0qgJPNNWGqd+1tf6QB3HQCp0ADvEheHn6i27vXqxfNODl1PXmh60LNg52SJ0lFzESTrEqZgn4zFDRx2fiZGiboBWGPAJmG6LHqyINpkLPAHvB20dsQ8g5KriJFsxiJ5ij9Hl5m8xx0baN522b6VGLEVHHA/im6oGMlb6ygja44Jfgbe9rp2rAVjCwqWrHK8R+hLxfwHIFn6iYxzTONLxdfu+MTW2AjwNdZBwghiF810QegGcPlDvHa2QQVE/mQXBvXfnMjBZkJlYjfDFHj6fFWOgM/qYTRB1BnD5J2fl0ieUodHOJ6ySS71js6vmjlh5apCEn08CTea37+gp1ecMvT7dtYi2/7wCnQzD9IlEJqATRP3077aB/9Nal5PDpK8Dd4pdJRE6PlR6/xfw+VEY4Sr85Ax6+4xA0G9FQAxatSUxPEPfnezS7t8gAnL9oau/jczG7qDp8x8KvXmWaAqlX8WLblS/BA4VKH1lB3yAJKIVOATrqi5zxBSwYojm4gZYrdrrrkjGxAVkTmWrdPdd60+AkeIvm1ZOALgOV3kP1qKqHbuixJEnRIdCeEPFjfetjo5iQRvywi9JYI0533jq2gjNAl+y2vjtheA47eMkuRHzM6t6DriHARm3+1zP0Z6J0i+Zn8xEliEfJ61ZwUxf8foVu1UX556z/8IdtwgZQ3oOOc+B6J6FbU7lkKP0vaEie7vhlQcMNKrdpI47vxF+1weH5umtv119l1x/6qK+GpYOnnEFOrO5P6fwVgQY5Fqn7GQUdBS/ZLL/1mV7Lk8TKYyQJ3jQHhgpUDtQkqX2EnqmKtjnQFD1F+r959sOLzxn/fgbaq551MLv66hsyHmdLJwoV672T5BlYVfWBnvYiyAZsbP3ASHu6irm4JrwxoSOG0JvcUjVH6jOjROIcoyYFzGV7h5qlCl0+2EO5edNwXhtZSxPmm1+2XCsTzjhJGxTrsk27TGOAeMC4VhnYiI036FrkpUIepqrQ5Ebeee+l9YbcZYoRnCPRs7x2GVu6MtZJJ3KVYC1c7Tlxift2e9XDU6XEOYVpFKMnI9boLDYQcUO2r8aoiQxfCQ9XYMPXMmN3ngUIcDeK3IYepFraNS7h9yBxWMEz8lpkbLflK1MqYVeefaH9HWHVnKHPBmV/j/eZfKkZaSW3oA69AxmUKtFJ47kHlaO2e2ZfxSw75noxyWjDNNsreXMU/HivuNlymKCpak6SMS82aLJ3n1Y8J6t9KqZiON4ql3qpElqde02E6EQzE23dscMabYnBgtSBKd6K19IVh4pbXuLZCUECy4zB3NaM3TeUfO4z7BtS7hHEL6x6cf00jf9UrS4TfUERd7LbFvyTvvu9s0H2HeW8z+ylu0P2UpMkmXJwP4J1Xpvo0pZIvcRchllWzDRrTqK7l9g9aYnfvMY5M1KefWWI2mkXDqXhHUtdbbZ5fYs7j9ZI2NT1bumSATRSnsGLeS7N37RYhR5XNKSdeeNtoNV+eC50iTMUroXbEMnUmfWNqnLQybBW9jArN5BVn2xTPoYSWSBHEeaxdapRDyt5LJBJyp4YKaLe3tUylo875mYT00e7drW0MORrxpTLlEepy1YkCxPKxizJxLb2jhPJbcgSGVKPvOx7GqQ5ExUTgAZtBVMxJXyEXdI2hC69MtNs7EonM7xNhtQBI0ppFtoZY3acQgV21IhzOQjEophb4RKPeLJijN502E20UhMR5a7JXO0gOnmqXXpNUrkuESBAN02cS3vP5IVnd5XpjVEgrylSoWTuGQyFq60rWeWLl1rzNrg/X4lvOSwLL5FOSuKygnhezxALKo9N1GnwKxrTzLduqfKur4bSZebNontDLCNDMcgp1eld9m93qHIz8U931llJqp9v1FOv0hdXNhcIZEAlay7P1Yq34Zoezl/irtPYQGHHIozxu4ZRdmWudaO9aWR5DPggesqtOGmlKXiNoCt8SbLGqdE5qfWxkEiOfBjzDFntnpEo8UYWGd4p45QJR6xiPVzzTLvIrtnxLnTZhnhyJj7OBVTmOMQtXeNhXDMuR+zUulTqLGbhQ3wc7DIaM/uSwIQmPXP33XhMkMqAU+yKjsSvs0L7zsuTTTenHrvSjvG6N+9JdzJFaq8k6Ie9KYTdIo55s0tnSUq3KaAeCOTTprl0AU+viW5B52x0wJ+dZQzHCv7ny2HBQ5x10Eu7ibjIYHlnMq9A1KUT6NWwQQAfFHAV3PdcHgru+emsmnQmRq3fEPaoDTUYgx8pd8Nl9mY1dLaUn5VI5b1OQ38/FF9lF0aJ7+1Yq9wE4alsobbVcaoQ0YvDE0xQKxYKX6tOTNinp/3hfOOd+FobI9n6LE6ZhzFno+ysHevPNge8FI/uJUWkjTABbje+sQVzmQ1dBSVabRIjvlNemMIPncTxYIZYUdGfhejPJvbNaO/YG4bMsEI0KibrgFPvKofwawm24xky251fS0NAR1cBGexT6asTQ+fblt+gJsJXohG7nukpYd29VsqVirYZ16JCH7V9LpdqbIXb6akHvMKjd+7JsuiklioVio6IOrvHZRa+MndkpDsHMhsp2bzNrKNoyQdPwx5ydi77Md532Sw08A3RjXQbXaTQ64bmUuqhmXRWyvp4tUvfZ/R7J33fpwVwF9g/v8/vX7rsi/W9f/884d+nOfT3VPLwi+CwT7f37bK9J1kMT2a9NxS5gN2AjnXvAg/0voCeY5mHWsW9U8HVc9GzZt/f1T4x20qHKYIe/A64yeopM9ih7FkrXdjiewEytOaDu3zbk3+XO7RVOi6sYIJN//DZ4oXrgv8T2PPgfBTYUpHYYfWJ1zP/yQrU030LHIe0AfD6Am1TwE76vHDnOzkEb2lvoVQ3d3Xn9ZDV6T9wotXPnAj4pK5uJX/n2v8LV1821UgD/tePqjAo8Eizh/ie3/nE6j1/n/Oz/KIr39nGHLjmVbqhEsvsTf/4hgHP9nLDsAWWvas6a4I9DUE0FzZ3AzZ/hr0d3irDabYGK9ckLS54xjd+CN65pyZ89dgTl/sA4Mkj2PvNxk//3Q3A/PX7VfL4AlvkwtFsyQGlsMeIFLxFfyjpxfrJQ/DYhk1jKnmoLdW2sGGYg8tdxbte9Hh+YAjY3gO7sJvA0+RW+Z6ZLsw7CX795bfNRoWN0D1gEYu+sIF8NiVUBfSASXINeJ03Pqz/oZ8XMFs+vPghD77HOeS+VwcJdQhZgRrIgJFRVfse8PWHvYdffPmQZT4q81NtZJDpI3DLBUPm/6cf9HKog87qlw3s829+7PC1ztpokKp4Ryt4zaZoIFrdi6bQs0vRW9dyMm91b/Ulv6vftein74ygpUNVj0pZLFn4kfk5m28fZ797K3EnbKnA5dZkuZVYokjV/n+7EflAMLDQy9JPwKvVJysXPEKlLGzkvtxhJIIX8MT7rZZQAuL1Ua3r4vEE+Og/OvLjTOrqInzLqOfb9Y8lPiK79MVuuY8Dbzbx51P1cwwhvj9ugyC7kfGvN5q7t78YDrz+SveqnJJzed7/fbXjBmdfmq/D68ohX4YN//r1b18apG/+CVBLBwhwKr4QKQwAACEVAABQSwMEFAAICAgAvKFpVgAAAAAAAAAAAAAAADcAAAByZXNvdXJjZXMvMmQ3MTQyNTk5Y2I0MTQzODY1NjIzMzgyNDg0MjMzYzk4NTQ0YzI5Yy5odG1szTxpd9rIlp87v0JNn0yS5wBCQoCcOD3sYLOY3fDmHR8thSQQkqIFATn936dK+wZO+szyIMGmVHXrbnW3qvLX3/N5zGY4TDQPMpbPf3v39ffWuDlfP7edJvjd/wEYHv44AJOBT0wtD75b0vEhp4OtDgwxh3GqYgLFfMiR+BdLlx9QJ+M9WX9PdOA/TWbOti4JovmeADw4vie2OQjOlEwZfNsYHCMDHVsBFqtzHDAMrAmh6SpECYPPFEVSBExSME1XBTibUSgUvhbdse++GuZZBph51sBDzgQns8gZRu4bq/Jn7Mc7DL5YhtsLumopfJ5TZVW/x/7odDpfnGdbOE9+yxwk+XyP1XWJkT9jBqMYeQPo0jbSx5Au4B4rEdrJbUQz5RlZEpR7jIN0A91t92coN8odquy2qUegb2XVvsdEieeB4rYeGF2Q4Gj8y7u/3r1jPGT98ThO8zzuwbR0AzVqqhRO5CDAA07VGVNSIRxFVYADaqvqBw+aLfGmCNHG8ffuKBEgGURbImigrxrD85DbPlqSolmmByzNqzR/roFNIQJZYkpQ7D4PTVVLMJBAb7eNlwykQPdQB2RJAXlWVrm9+4hVdR7oPvVJCpKSksHWvMYID0WIE/cRtWJ5ktJOnxw2mAwLdexHhLI8RBiNfksf0spni5IJQqgF5xM+PGiMcs7LqqBe11tAondqsKVpcPn8iDAkrzO8ZBk+hon+UBeT/VnVNNVDHjEoMTbdyVnHWb3SCG9J9E4hsJWAzOdlhgVynKvuDPcYkYG1O8jVSF46Fpzf8rbORKgPNCWlIgFKBENw0EbFhC4pIlzvZkyBHF5cYWAUlTgeBYgB6sLH2etPzm15nC9F4F0Mzpf9/49AogiY/P88DlHrUPIbfWxoEr0dbDzOioy8RchaBwVy+RTw0RMUSVWi4sDuMOfnZ4T6tUXqWjKTL5h8huJF8ask8GNlBilRYjTDmRljySRtvgXPGC0dBA9C0gweoIOQXesQdjowp7xvr2oBY1Grx5Uy6SspHFSAM+Ql6I690b46OwK6J72OBVVPmRmkHluawl2kC0Jmj4gJKghpF+sKlaKrbo+znD0LV/Nn0cOlEu3CETjud9F8RmiqIbnOjmENqCOmZ/J9Mbta6VoQ76u7iL0vLgsCn4QMcd7QGA4g/4EW8DXfEHpwxjJVH6t7FkBfCwLP7QRA91gu96bXSs9wQxHgTK8IeNLEpcFeA5LywAjq4dVk5fjqogPvDdeO11bBszSuStWirT49RNgck2YQbyV4rh/8IML341A/MShaicf+IGmaK/ExW5Pyai4VBfj/Fei6qmdb3Wq1Slc5dwCwXsVU/2sd31ilgQ2wPfpZVb6FcMJmEOWkzYiSHAMcZVUQ4BAQqPuBOz9cvI1D2joReHKmCl2pV1o3ZvJYwKkZti6FdxTaVRGHgVkEW2eKAmtY7EEy4xbL7xh+BEMSekuFOpodazvRWfgIyLKkGZKRCFW9xe2YDbSyxGyWyFg6WK/Q9bpHPhR8ntUBs4fqgH7kUYs7mPUVCq0vH3o5wD0reMm2/eHE1UqdTikWSdxmh+8SfFtZonzesqaSZY1j2UiYQwXLOqHtVDxEcMI5f1W/mdj8hNkkIybJlR2iAAqwRGWFHYFNikmVCLy9p0Wh9DM1FbLmfqtylvEZcyI+94vHLdUyEfBIFub0FxH/sz3gNluSaOTWX3NpFYlRUL4dZCWl/DNhYcpTRKSbFQ1WfyYYrCYxcp0yEWidrNwKqCLSwDEyIWGU/ENVMaFl9uy2xhJ4IvQJsopAmBpLUlc6kVTcNhlZ0R6RQq7k2OEsPQv4HoYvOpBh1n70NEUCsYg0WAChLtnQnnpPoaFm9xLMNRXp4GX+hiYpCtSzQs1wpmZ0qKFbSZH8+OhX+gZLtkCFi5aroPcVz+aryc/EO+QtXkSVL+h4y/c6cV+eiBsDL9DF/ETBYR4MZpV4bADH5pNuN9L7fL13JEj4T18ae3De6swBGAGDf3gYer9ERWfqjGKgKg0kXjUZE3wkKzgPhE8uGX85kH8K4s9AKiiqmfBXW75MkGm3EeY/8YUaLw1Fk6oCDw5qNNnwZhB0gHyNE468Xs923CUXh+5Jj0obq3vM0uWPOZ4xmXuozwIoaorwhWUMUCl/lpaN8dTGn7qCWoev0WwhthcC/K3lfB8262v083J4qji/dF+mnVVvOmeJDc4TnfNm0mhsurS0mTUe2VVH2Swf5fVqSnGcLD+jAWdRW3ZEfNUuDceH0ZGdUaLbnyqzL3X31bKLoNcQ14Qp882GtFnxGrvDpWrVKvalhrZp4dLyshwN2yV7QixVZiFWuMNyDvbUYk1q+voi7/u72l2/dSqPFdHkuiWZ77YF0C0ZrDKsADge4nRcHxYV9J1dLfH1rCb1e0IF9rH5rkH39509SzzK/Y44WjQbLZaEv7cW1kgq7Ybz9qnf4qjBrl0at4bn0cwWhrv6aTSr2eNZ7TRs4vZwrp6GLfUMGSb0/f+7svDce9xvdtps2l4H+HCH6eF59qjyvak9lmpHnuTJgcJdBgf6vDnXTuP5nhpc6ufBpX8evMDxUukCVhS+fhFMOH4XgdvevIx23EGGNMhHVmqcN911Zb16PPIvE7ov9UMeQDqjc8I2y+OJtSZoc0CKItesnQa7+hHyvMyuThZ30aCMGqP5HJeY3hTnWupxQFAQT5dXA0eedHn9Uj8OZ2V7QJTMwTmckyOns81qTfcPIs736pXBmba4cyD/HXQ4R9Dt2INL2xo26cuyJ9ubGT2DNEH8H3dIlzbSEMoJyrSltaDMRb5Ln5dd+shCmU5c/IVFVzzC9gvTpe1+e9Tqt/pQHgvhqV2COiVbzrPm3oXTLo3Ge9mCuInsYSTPFpBPSGealMasJpVhSygP8U5jtN80xq1OZzjvdEaLPjndP3aHLe403A1Lw12nO9ktIvAgHuTS3EAZReDtY/AujTfhPUv1GpLTfIFXpt3lmXnZyJv25gz5JHi8rDAr6sJ3O1Bmy8cp5AHqPzjIcI2o9rglXCaLNjFtt8vDxeIE/5cmO7472a/t0aV9Hl4W5+Fi0xzN+gE8KIsdvyrJrDKNwJvG4S3ehHdEuA/IDJ1EutqkHb1c7Kddt5+77px1OIfPW3SZ63Z2DLHE+92lhdY7J/WLz/tWvdzYI7PUmy2mjWVvx5QeN9qssRQ7feYIwJGZaN3pd2a5b1KL1UyyzH1zaU5lZmXK4lSWyLvmszltNzqdxmIxUJcNsb1ers12fdAWNodmedN+bHTanGRdlOVTn9+tcLrWuGzY7+odV6yUe13usLq7GwO+ViUVpbGb4KOBaFBwgVqP6rq2eqK6TaXS7NPlJ6LSV++e7iqn2uYA3wOeIu+oEjs0u9KLYb8wJ5JU1O8XdS/WOo9FZjzgGqfnQ220eear3Y3Se2EGG+apSlL2tqw+lvv898Gi173sNmN8XNfbHXpOlE7dibIhzf6m195Ym3WJrQymRP/YhJi0oYX93ug+nxbLaVkRrb21G9TIF2Igt8Wquqf6+0qtU+LVRulO3zVGy7I4IMfl/X64FikZX/QWM+U8hTT1z8zlacnJ5dqGL0ksc5w3BqP+6I4hqFpHNtd8f7meLV5MIDZm9KVBGvSuVzzz7aH49NwfdVu03D/NWXtq1yaX4caWVt/NhXSi+pxU1VvN7onpa9T80V7N8OVR0ZdEZb8/TcXGricsjgzDFaWS1q/pq/WTWuk3ZxNyZZ/lmrgR5MZqfDdji91najuptViCf7nYxrE6b3fm06b2dG7OH/npVO4sKcFelefr2mK2mFUq0rEnPZJD8zzFpb0COpI9m406B+XQfDSmVE1oFunpZTKSdWCzBCXfrfV22a4uR2u9Vh60mKdV48muK/a8VJtY+5lVGU27vfOLpaukRBhnTmNVySbG2+lSp9f2xd53yaU845jetrtZkPuztFqX942ytaG76yMwKO6uxfa6s+nm6VR5mnQqK9E8PY/5dWm8ZZQ5NdpcapVB72XU3PeE6ZCZ2i+SCMozQJ7arcqzRq6kZrNbYU7zam/O14n+yt4q3d6LKjR3e6PTIOmm1q2XeuedIFeJtSgRlLKYXqDvrkIFbdUm3f1elpb4eFo7aMRwur80DVbtK8pq+TyeveiXwXC9AWb5yZyeO6en0QBqmE4IeG8sD7WmujyTz0dVqMkHQVt2HyebA7u1VnKDFU/9p6qmqcXhuPVoz+fj5zLx9LxqN48i6H0f0weaI/qL5yX1NKjxc7w9uYPGV61MSwe5VlT00uw839Z2i5Vd7g2I3rrR7OiL3UyqXJ6Kg+qIVQeX3QuzFstHQfgulvXVeLzlrOpiXO+eisuJcnyhJ3VFqnSOzzalL2ffT2Mwmdgazir0ApcrGt0ePFVl+0XZcQO78l2u1jcV5fu2KDzedax6fdI6i0DgF1pLrU5QQNJ4nC6otr5/FATh4SH3CaYUeR1ogDFj0TYVRFtBoF5NFSXiUb2Tp76icsEd5v0Sq7y7kWOQSkV73IDI6Lpqw0zslKwEhYn9tRpwNE70tticCDlz9y+WoJWShQCCDmZzM4yMEk2433jJSwoPTigTimdQpUj+RDAEjmfmT1Q6kwyagl2jyPBUihznmyx5rJMlw0uP82hvPIpxYicsDsGRXJBrIOrD2qUr1DwZpsjxYffM1gT6ZyzZHKuT+9tqftroTEKR8ULCvcc5J8HRGB0opo+7X2XHcnGVje8049e15RrembXjFALeY6cKcqMU5q+sRG7qcpQsX+FfjFF/A5EMPfPL+NmIZAjSScA8FLxkzJd4JOfGrwzMUAG3PUaantz++D9XArfdKTvmwRECM6L1lkyifkksbgXs7yoIkaEgGWz8O6j8qoqEVbqs/fZ0RTZmWpOF2rDijCdFHbGWLI7et+tEWbXyX9jMTxCTOk6Qhy155Dt8S5jpRnyeRhGObJKRZLBR8ovbEiGGTqEjcZrnLd+MHt0qm/nSCQvecH7GjFJ2c6eVSvpLPBk+EAmXUc1ke4GH2gD4vKsCMZ2OuqtYadlVFHegV4pretVatJ+X90yDX5b3eJs/R6mN058e+5YPdU4rINE5Vds8ZP0+uRyI7OWQLFWml0O2omVp8ZtiCnr5VryEB+qfQL+g2XzC5JfK1zpf2/b++jXny9xEZhVtAToBTR4vlCiQXecLOBKJa7L3a9KnR8gaTTRqt/Ud4W8ZQFeYQ2IZpQ96/eKSunlk7ZrdShsCZ6/IgnqgRDUptSeVXrTRiDcd3EW3BlNnBeEYoCP6buzD3eIoxB0ko/lwbcDVlDd1KU4Jnumow/K6t4d3xeMnbcCNrjfXRKjUHpJw6mjEG3WZsWmgC6dLZOxQST7cNo0Ai4ZPkRDtOrBgwaWgKcDOZjJqyh+MjI2EMhVW/69vN0R73X7qu5xK0sKHLcV/+BTQsRixjIz+P4oJoxLrUnnLjt1IpaIL+xUyhwOiKoduBJkT96RC0d2+Tx3rjXimAKFawrORocW+tZ0XRzpwOqe4tw8sXJ7hd5ZhRqXpbWbqwOTE+KmJ25FH9ABdwI3ood1rdijO/2t+O08E/PHT3BIVHgzOnjKeRYdH+/xMxTooMD9w24LYFDYmz3Tc3lbMhBs7A5jwNGHslzF11rhkyGgAaGYYU03GvqFSx2oftUSrh0Z4QCpmHKCCe4dDXUV3phTTZwdSJ0kjM7hWNBnGBzYz2BAF1qshRtbJteOPf9AEXaYrbweU8U1w/0QSGZlPfDUzuUuQGf4/jUi0UuFBgzY/sekYPXHp7t2/Mpb2ap5+6rimP0WMHjyTmAhgmCZEDmm6qlsNCzjOYSAU7cbPAl2zEiF5r4bF/oyE/L3oBNZ4gPKNFRSVRvwkUFpro94pQPCVyZQp/hboG/ikrV1qSuZn+BI9ZXSVL76hCmlTTe3qiosUFd/eHg8xCtF0A1i0t38AvMRgqiKfMYNDW+UYo/DYx1CFKihO+eShEj3wFkWbCow1hOl0zMrQIyPCcos/IFlvjVOeKFyERutqbTNqv8PTjanZYkGSI3a30BjWWdHLj7Kug4kEbiGUWhYQ8jaQ24XLz5no/1ylK8CrVKq+T6JVrr1Ps/ZKWOtqd7LuhV6JkDoig0jLtWDlimxiFa8Qu6ulpkiX6FGZbPXx6yOhRUCvmPPMZz6L1h5vIZ+SwN/DPqnZCewrN7DPevY29qla9L8Z5+k3UP935nsK90RV43OqJVIUQS89tcocwASVAvwr0S56pcwzemUVOK/O4N+CeSu0Ra9M5xV9ECfUn/Na3OMQcO3It/PwegzknE/7CXcIDWXUH96+KRThaKwS7BFyI3FBLz/vierRVff5v8MTF3b0eoajzOGVDBJP2ZD4FRFHmlcSvwiREafoANnGjhZeudDoyuzd16JTF0X3bzld0szoBdwdc2Tc1hwmM4pgMQJ8FGn99vX3fP7dkdGx11cTGKbx8OHDF++7BB6g5knbjzbMN1W7ALXfKVoVRB1sC04OOt5+/PAnVBnhw6dvD/inEAhqy3uQRMZYsjNnPgQQNUENUxm+ycjyg2LJUBxbS+EQbAzdFkbPAP/x0493v8HZw77Y7w8Y6v4pMv7jpy/vfuNVzjpAzhTQiURUQSm8GodXm+EKR0a2wIOHFuyJJpcebhOkwmWH7k1/QKAhAhIiDeLiDibeGP0fHz5jEhrpDCW+Qq5cGyMDRTBF1DVNgIeER4ClAINjNPAR9v0tExaMyA1Th0bjo3RX+ywRnxAKf2Wxxr3g8dG5Tlss5vPfoAI5wsnUoCOb1p+gzdWe36ICLqVgFr0L6849cFdwDx+iYv6A7rrn8/+Utli//S/45XSQ75FJcJYspkHypNPDh1W9+eHblTvmnuFCOvIDgx3/656TJUg15JmB/WCByBwl6NDQqdU/eLBlLNn8I+zx6S/sL38VfS3GZofYQHBRaBL/kEO/5LDi31xy7tIqfcEiTPr9n0Dhpe2/nIv/yHxxMmMYDzlNwAQd8jnW5BgY59K+41C89vTt5ZxrLx9yyF7moO2QZW8n4CGHu989T4O+I3g6+uB9iKyIGosm73zqzieaJDmzayCDm1wpyKmZHWMG2egYM2dipA8RBI5eD+jXr9DpXLROEOhGJ5kzZtCamNKbERnknD+Vc/EspCsuGucmgKCfoXSKsPnbswwYA2A2I5kwMz6ozqorFN59FfUEF9+a8hV+dbQRCjueujsRIcKDwdCqf8g5f9vhvlgUGBPYzBndIZZViy8owCwyVutP35b9xN+AaMoSt4cpjA6+FplvGFyNZ9XCeFX5YGIGAOibjvHQjkqKY3cwG7DQsQH05yAYbAts2AsqJm8UEtQ6wvsVTYxL2rkin6Gd7pW4rZqL8fHbCMD4QwSy9qfzpyvQJV8H8/4cM6DSqLqZrdFFXyEiLdFuqadI5u6nqxaexI6SIbGSLJnne7eYhFB3/hAEMioPOd8O57ADMEUVWpNuew5pcNzfQw5KbfUnGuKGQ65h8QB5EDzf5hqg69080ecw14U4qgI1xbZtpCXoz3wUoLEoumCKCKWAnL9h1TBD5zzsd0YuZv8R5/4bUEsHCPiZXfgmFgAA30QAAFBLAwQUAAgICAC8oWlWAAAAAAAAAAAAAAAANwAAAHJlc291cmNlcy81YTY2M2JhMjFhNWY4MmRhNmQyYmFmMzMwMmVlNzYxNmIwNjc5M2FkLmh0bWztXOty2ziW/r9PgdbUztjVIiXqYkmJpSnHSSfujpNU7CQ9U1OlgkhIQkwRbIKUrfRka59l/+1r7KPsk+x3AJKiJNtROu7a+dGVtgjics7BwbkCYB9/Fyg/XcWCzdNFOPq3Y3qwkEezYU1ENRbIZFgL06TG/JBrPazFYTaTkRPzmdAsf5GBE4gpz8K0RhAED/BYiJQzf84TLdJh7d3lD06/VlRHfCGGtZmIRMJTRcBVlIoI/Z4qP9M8SzLNli237Xo0JpVpKFjAU+4k82EtTTJRG/3Adcp4FLBEhJJP0EFEgZMqBw+WCp3KaMamKmELFYgkYtdiwngca/ZP9ibkq+tEzubpccPAHlmyNjHkVC6luI5VklaIvJZBOh8GYil94ZiXuoxkKnnoaJ+HYgiq74GYXss0FckjnydBBarOFguerMYhT2ZiLBfg8B1g4kTFIklXw5qaPbId12DmaRrrR41GImKlJbi7ckwX7c5kOs8mmRZJ3tn11aLRanmDvtcfeI2+3/WPBp2W4w+8qdMJpp7Tb3VR8qedXqfZPZoEvb0m9i9B0gaTsiS8hZ64lAMXi9m4d25BKZjjUNEiV+BBUfYcmvJZZVypNPcP1oIn/vwRKWW2ydgvI87H/kYSNnhoNKUy9EEU8H76hfYTGadSRRW8p4nS2pkk6hpisyfOfeb3oNhCGV1tYwOfhjXpE/h5IqbDWkMuZhUhdEI1U65ezu4b7/NIRRICWAC5W5jvhMFDaGnEU/ElGKa5dAYPDPFm7TTuBhwnAgyLhJ9uQ/6pOTg7PT99f/SzE+jI5eFMQQzdSJClpkVTQCsj0AaGrRYqo2WxK7ztSqZZ5NOyswVfTcRZhJVOn3BgTQ4Of72WUaCu3fH46evTdxcn796+uxifvbp49vZy/OTk4tm7ty/xfPXq2ds//1lujPxcgt2s/3XJExYNSSUXZPFmIn0WCio+WZ0FBxVz4Uy4Fg5slyO1zgReCYJDssklSrXDx3J6EB3+GrmSWl5cnr8c/uUf0XEgl0wGwy+CqjGdruCvahOVQIIfsXQu/SumwUlS6+Axm3D/apaoDHLvq1ChSzKbHLS63TprtZt15vUGh4/BtwSsfsRazfjmMYt5EEAzitcpyHW0/CTyitroHxFj7DgukJsO14KE5BGbqDDYGNO2Y/6msoRVogP4EYQEIDNSKQsVD3JlDlfucSMuUIxO2FIkK6jzYoGFSATXtB6acXadKGivAXPMt2RrzTdXKnrT1Srwfypn7kfd+BNx1fiWO6dSG1Gfd0nI7LAMEQ9k4rjBRxuEnmZJAhEoe4mAFQOH7FjHPLqHXcXSCMLXOG5Q9xFjB7mCsSUPM3FYRfdBMJ3N4IJTliYrsmPb2PaRHyeHgQlVpPLLhM4SISKQmlNqCTtuQGzx/MtjUhDxDQpyK1WHdT3MdZkcOLW6MU/n5GrqCHIbteFwqF2dTXSaHDje4V/1I/09qh+LinYlnz/vbRCG3zXr5SSgE8+WKLyUOqW496D29PX5qfUyLyG+IqjVd8wPlsxarNxCGpNoXXqNUdQO6xbHobTTaUD+I9ta8WXf3ywgn8Z5D2sVx1v4oPUgl3oi3M6NpE58NEPKIVYSZthw7KM2q7ZLFC25nguxBox0QaS64WvdsK1u0OVHQSc4clFHiNbDYeZJh7fHEvIsSuVC/McCq+h6k+a0O2h5RAbjyEYsIfvCMjD6zaPeUacb3AKjkacuExWsinwn4ks5M+xFpJ/OnSuxmigK3EtGjb4rDD1se2nzxYE4/LVc/aKQy7ELik7SNJGTLBUQaHJH6RxNtbo4/Ezinw4rQK0+RFkYPoay/iqGJgK9QCCNcJDU4ywVi4OahXD4GdLgzwn950SkGeIS8fng8DEN/244TP8qDtLDR7kQL6jrOdaXH9QOwLipSLQ19MhkCNwj+Mrk6rB2aLsK/VdDb3JV+xoYIUncFhBTByglPBC5lqzCg43Ha20nlu/r2SqKP7KGxQxNFGlBImYmyOOJ5E7IJyQ1F1cyZqliJCNF9IehvJADjfZLlSvsePrzrIzi/lQJrrd68TAkB1ob3QadXEBOGoRsg5hzdKtVJHBCEYN5OM5U3ggKQuOandJGr/HYmKo7miAlpL4QuhQSWkV4qWYzBPBrYYc7SHIGiRvYaNgnGHQealHbBpvasX4oeORM0qiwTBYNBV3LGbMpc63dBNeMR7BlSq6fqJthrcma8PSM6gzSuQwCERUB2jEZariVRF0BsG9d5SmJWC2vdaD/wucxFpeClbJ6gUknocRjWPOaZXVOTqvGMK3zDuvNWy08vK59ttp4kuAQXrJ3yxl+7YQqMlFwYJLwaG1vbmc+xfZoQcSfG9a7Yn+GWLpqqJkZWYAzOh6cUfY8vlSXPqtUOI7RqfGLV8HJ746KdHYsO+pdqV+THcEw2zapuEkdB+sY+ZQfjKqbL5ORUYIdhpKkspJzsOwlc00sJiOsYm2EaFD/pvE8lg0zwokriejJmzMD7Q7NYQHiS9i7qCw4zlwhuqTU11iK3BwUEsx1rOIsLtKZ23XJGqRcVXZkhigfvUJyCWdlaMvCok9BxHgMh5KZFGpNA/KslHaRsLpjLcJpnkxFipw90thIGTOdiPW+3hqe8aTQITGFSgVss8FxOLzSEpQbp1XsSThk9+WNkf4qvQ2iaoOyeJXOEap8K4F34i/gj96Ywh1UfORL/vvRYKGPfsTjDvyBSpGo/n4UFPBH7qtnl2saGllYaOtX6AwlT1kk01XjWoR4gbSfFlUVJ3aXx2Ebb45T7PtsJ112L9BsAC4kZfBqmlbMVoVXE0z4ag9m3Tk1RoEeggSL0rGzrfrD5zJ9kU3YesOyNtq2DdbtjZer8LVNa84h99aPjp8+uxJrR5sPKB0ks0OfmNbxLAzfbNQ8lZpMSjDmJ28vtpwpMl7bOKyVMf0F4lJ/ziYivUZWZeI1sy1nnIHZmmIHucsMV7aZKg+34p9vhAKbgNBbhZJsvHH5G769BafaqRVhABWLMIDKOYcMLsvCMwRJ43g1f1s4/6kMw23XT77ba9UHvucedevNervuue0uHm3t2JJjym3zhkf7wmtS/aBOwxgN7vlOy+0d1ZtOt95yWx08upoK9S79013HvjhdduF1qGePBvde0s8ndt6qe+2wVW/6TbdLNHhO0+108fC0KTke/Qsd6uLYPo5Xty1178Izndt1AkPQmneCY/vBGxQAmxai59Vby5bfrNu+ppX+6TXk92g2oCoILjDO0obxOZjmF+AsnVsAnXoWzIAg5dQRLMDsuoNBveN2+zSR9sD+eG6zXZQ6mBizjfWyR516EGfQHKJ8RBVHftkpb7clgqBLuMQqVL0sEdPE+m4bII7cQZfdR8c3k+Gvh24TxF5WqCCawKZWnai8Z9B9xIbOmqJ76GZ6m8iXa9Sgo+c2sVpE2rfTce867tKxRv1pOw7/bbaFLFbFtFxPZ180LQO33QMrut7pwIX8HrkeLIfrodBvmULP7UIhOm6zX2+7bdgDt1P8gWFHfTO7NmlDkyY2oIm3eqdez2hBj4DCpAzaRjtgAQZgUtvtkzHqoeB18OidEtJmj7AS6i695nR9Mhas7TsA0sMgEmoswKA+0FSAmaPiwLEvzsBoZ+eI6OngZ9DCj0e20a7OoE/k9mDwun2yhUcY2DEFspFohY10Oyh2WqbQpWlieJ/sT38AiiE6xbhTD0NAHFBhbsBK1hnvZDfbO2ta5lY7oYTdmsJaj/8e/ni1dqqbbjHvjIzgwvRnZcl5knfZcHZ2C21kdzq3B+dDnNPKFkIlh21Vclgq7wzPH2fmpGdTUum/QuyM9+q47f4Rs4+QJKnXY/bhbDzMCnS8PjOPgdNze57XLd7g1Y667TZrOnmF7exsdm6W/TaamW0u3kpYOXC2gZgVsIp+n2p35OVWqyIVCVt2koyiFbEUkQqCL+XtVP1R0fGNrd+2AfetGzJMX8xVGNDK2aZyo9k+7h3+k1jpytb0pmRWf9cbSoi7NWbO87PDavTpaBkIu0vA/SsK38uEuYEeo1t2tO7aRSoA0yaSc53wOEbYSy8fbHn8qRWSdNngtug9F4li9OMgPZB0w8C82Q3m8bsff7zZ3LCobpzNvSqUIqOn8iWVxmp+FW5p0RyKYbchZj+//7iZ7ttjCRFRBKu/9tjYPW7MvQ1K7crocfxp8rq6VYck4QK5QooQ+uJj5bS1unfwXKQQNdPJBPbVKeRZAUXqeZF6zvgnkWi2bnTMRY0NxHO7//WVec3decx2xrNhw9DIbgPIYB1t/rK1NCBP+ur2DbZbFAPdae8GKgRMpTrwzfn60M6do9kvzLixZudvnXynf/U9q6zKesrF4RMSJcL4aBIq2oClATZXzedR1WarMHAt+CN9siX686GA1FLupdFWGu2S6cYTeyVAu3E0K4OPTvPfiZnFMG1PTQp+TQVPM5iK8ZXIZndrXaUaOLb70UFi6DhH5Uzt4SvtCD/qNGPS5nl7dBKtWHFp4X//878YvYMfKRRrYSpeR4KZHS90Po7NERw9JqONCw8u7dFVrmswncV0GUozGKVCQ2H08SS1FREogWrLyA8zOgNmp/NELWS2qLMPYvKTTOsmqfxBYpnVjbuNtaDQor2k00lw74M5Z9B19lJG2Y2FsOD+64s6MwchyEdhLtDx9KxuMntYF01VZl2DHSzFdonF8k4L2tmsThJ8wRR2j4W3LjNU7cklwpELc3ZBUlb/qrG0T/Q1Y/MtriqI9WbXPqjN3lB1eLFL9OXBZmtrm/jyMNty2azbuZpI2HasumXzK07bhhAZUy0WWWjPGdSUPVeKDhCMqAhj+k8iOEoZmJXOAV3wKQyAyy6xVJqj37bUsWuVXBlLsDJXBYS+gkoYEFhLWuHTUGVraaDHTrS5r3ptqM3/M5S3QstQ0t0B0utXik1DfrUyrlTvqvdJBld7zWW6o9pUqQ37hT2l1HRiNRGMGyNmXDUiCLSjGuEGKSqx3zZrl52lsAoawQan+xWJRBiu4WaxwkZWdJxbQwoBU22XEj5iIqNSFGiZ0msFCuSCqmFLqCoSIjCUwWHLqfQlDxmdCqsMRDqmSxHb+DyDQgNUhQsV2YQ8OlOZ0M01TefshvJtTqybgBA0JrDbIIAmQNiNxSFqCG+wijicHIUpLkRY+Fd2EAefF5iX7Z2INJEAQYfZYT4lH1bKUKyiQK6xLURa1aWE+2CyJfG0uBtipmWArihgBnWzVR1Tj8m9MHEj/MxwFE2+qCMHCYSC/dQ+3bvQc2WXtmSy4ZXQD6MaEECgDYSjplNdiKQ5gduWxsKDsiSzYV5+MAqZCxXp9IyoDOQUEQFV2wtd5F0qlXGiiJGgvrqCdMMHUSidX9CpveF47q0mBVaK+WUKmSSemXuMGYAbgWEQLNDv5MBJVAFxQUyqYpmCnaXUrmJaa0Z3o+2ofJEyirMtA3ghbsXqnmdhKmOyh3RLKZ2XK21MqEYYAZunSAc4Xik2WxQjMDrlE0296xu1OZcMGOMpK2100da0QFSNUFdwGD6t+WrW4iY3COvqzLLOcsucCDI+Q+ACco3ZRTOmUjfhAdYJ2Z9hw4ZEZ5q0KbcChs4XdI5Wmp062QsB0U1zonIVI5KQb6EdHA4yH6A3YVXXBoRSioEVKcIgGcUZ5EXGgpJLvCJEpGQjk3pujNsU/sespRmW2fBnw6lNE3gewi9FAvQXc47AhD19fb4bJ2EyfqrAq7yvLvsa7oE/eDNhosl3DGCM4gsKXvJLbP8iDuZhoPyQkUholft9MgzmBnFprXZ9VW4gSlnc4bK1zORtJptdrRvj8EBG+tgWJLIP4pdMLnlIQg0rQxBoXSJxXcKClE0ReuTaHwg648CCTmkiRrfXszFy+okybZJkijtzDTMOcgNqQYKK4BdSY1IQcwE34JIxWcgwlJpuvQZVU/FSzaxC+XncesGXNnCFp5ljFvklMMqK0tIqFcjsNW3yjDIlMKSexmoZ92gnOFnF5PhIa2KBTJ/CNaQ6DmGNhb22aIxvydc6W8G/bzJmzRPj9wPAwg8xecMTf5MovVHXCD/ArkuloMuzW5IY2PqZiCynntvvTPLZYp6MLhUnJj8xRquMYAqeLsgCQSiQNFWShQJ41c9EJqpReaJ0Zl8ZfR1TZ7MCb2kM4IJTEQNDorLZvFyBtQ6gg6CrNHQLN1bSGENxE4dqw61jVfRWjCDYeymui4TtNI8EimWWEQVrdlkwLxktaZ9lZnhS0DDlMsSYDSNq4geW56Z6i9Y8nPA5CQKJgDFuOuKxiTDqOVsL+uEUzHgNjlNQYrM4cHiBxlvkYuM3T6R3MmqTil/YuvHs/MPFN2bVXsvcgdGnKswW0fj5j+8vSeRao9O50iIi2UHECkcshfWCtG+RT4nsxUeQQmFOq3pVw0Cke5/jTycnP2xd1SjyLJ9uTSylzhBCp8idFW2f7GyC3LoT8f6CxN3sQ4xuv29QIJlQgLE33CfUew+oCJZCpa72B/w6H7AH7Ovra5ekCWDNftJ+CJ6+yId8jL+IobpZlUlHJbMGNAVumYdOJvfDd/7ubJ/JVFCBtXRT8Qp9aYdyHyRnr55/JRJEHBPRMCYpyRYOQmyHpBdBGQzLfkhPCETrK/HC8fmps75MuFOxH+63NOpVOWgfIrhPkbecICFOVzBZZMXMHf79MN4+fAtv5RLN7TaqYfcQbfVUqXS9GZ+/2Ye9RHeHxWJlyZmGmQx2LFgOxF5o0bv2rGhGebOxaLDfc+W36Ayta5NV9LEXeOzNFUQl9lOd2zpVt8GrhDmm8Y4deBMdVXfh83X9RgR3Xu9jZnMZLkvcupq/kYGVu1APwsVNiQZ7/CsKKqdIGIx2/ZLZbxt0I+WzmQi+7Y7ULi9pvx/hx+scZ/Xo02u73fXhp33bPU249XQ+R0efvz27MR+LhS+Bchy9OXv3pYP4lse89tJrzp2Wt3S8wdxrLVtzx2suve7c6y2d/rz1adGG96ZKd9Dv01Fqu8s6zpE76PVYz232WMvtt/r5r6l2THXH9Vpd+u21ANvbPZreQy63jNAVdxe6euCBTJMCzodZnqcW2B/r8rXrkn+ebJRovTjwig+zLpcW/B/r8mCW9Rx8/12M6sNfNb1FHuyB5B/i8LVqSiE/0vI0mwizQv6criqEjXennaO/f+zHT19006dK/7LwZkHvw+XsYVbrbyq7BMY/lusBorD1hXH6mtVGXI49hKBwqajKzyXuiaxvMQ0Tlaa0TWu+KrHn7LfbEF/Fqzz0Oy2K7H/+m7WarTY7L7T+tkDeQshftz6H3OPDxPX3kXeO3fkQsTqmQZ8fmq8R6f/I8n9QSwcIx2RatHgVAAChRQAAUEsDBBQACAgIALyhaVYAAAAAAAAAAAAAAAA2AAAAcmVzb3VyY2VzL2E5NDhjNGQ5OGY1MWZlMWJhNTEyODJlMmEzOTE3ZjM3NDNiNGFiMzguY3Nz7L35kttG0i/6KjhSKCyOQQj7wv7kOJJG8jLyKtkee8LBAAFwsUCC5tKLGP1E9xHuf+fJbmUtQK0g2PZ894s4Y1ktNitry8rKyqrK/JVTNLXtFM3mkK821e60zctytVlMXOs63z0dj1fz9Xi/zQv03XjZ7FYfgbIeXd2sysNy4rnuk3tnne8+lM3N5rOlb3O/BPwvIf9LxP8Sn9DnxWoznjWHQ7OeFHldPO0qX1Y5NGh8Xe0OK5Q23i3vDss1pR79raOsCeVo1LXIqlf2rCnvTjfNrhzf7PLtZLar8g9j+P0eUuymthAH0M9jbR/x5yN8po2auPfbXWUf8lldnRrUhnnd3Ezy46G5n9VN8eGPY3OobETS0ls6zrHGo6ZB/WWxO65n++m0Xm0+2M7siLqyOR12+Wa/OqyazfiwWkO2+XFTwO+TrkSVqKzm+bE+QNG4HNtZ5vvlGIo+jW+q2YfVYXzcV7vxvqqr4jDZNJuqpS2asjq1rM3r1WIzWa/Ksm5JxuPmeECFVe3vOWrTdWXL6RPT90vgmz3ZNc3hRDpBKZDoNTuub3MkW+TL8SzfV+PVBmXcVzCe1eZIuEVLyzluTXAWS8ujeb4/jPRJCvs2+fUs343HJRIeobk0Aaof4+qVlpNGb3crJAV3tL02K3C/Kiv0bys+49vJErG42tzjSuzlYV3/q8wP+fiwrNbVc6j/txNfcLXeojFd7ceR6yq1Lnb5HSSgag/NYlFXLzF3p4u6/g6X3UrBId+Ol6vFEo3ykjJ6ghmyzXfV5nD/N9v5e1O8q/JdsRy/YipB+6X1t9OsuUVd+wjKYoZmE+IK+uae5xtp376AXk1wpVckAXo4vs7rY4U0yBPuS1QI/ToSvt4f6PdBS046IVPjb9tSJOqumKhNAM23Q0KCJK74sNg1x01JaTKVZt7sKoEm6S2H66aGkCuMI+Rr5WRq8jiIkrSKhLR9hQorcWo1q8q5K6Yei6La7yePXTcPXTFttZk3k8dRWCRVISTc5LsNjOjj+XyWS5nKfLOodigpD9Kg0rUSdwQ11Y1R1UYCKMMv47gIzCT7A6KJojB3tTR4OFEHgrSoMjMF1JT4uVeVPTRQVZbPirmvJdIMLLB77s+LfvpufCePPdcPQ8PgUaaVYRmVaQ8JdKZIi6wo+oigN3mYx7mpKMq6qpq7Uo8lGjzUHuqnqd0d++bRPJ6bKtQycF6iP9W5HDwLwwT9SXUSThnoupks5jwBdMd101kfCfTFdZPAQENZ58cz34/NFFBTWM7mYdlDA1Wlbumn+qr0UhfP40pfsZZlrht4molP+RUWs6AM9am4C0meFZkhHZofzNJZHqkElE1xVcyruSEZKkiTMpVEkCPAgpxXwTxWKfTcqebZvOwhFiZkFhRholN9lDtVnCcS73gCaH+ZZVUfCfRgFqS+gYayaT4vQkmaBAo8DeeFLE0iDZ6E87JM9VXpp+B8nlb6ivUTsAxS7YrAOOYFfpCa0jHDosANIiMFHvG5n/gzHQlj1yyKIzMB5tYMqQptQzhmlUi25zoaA6/QAlv0kgusmnmeJ65uN8vVocJMF76e1agWmKkiY7FNp5p6uJCRSolmOVXCiZroQ6LGPsCJASSWaM9XeWpiCIlFUbplpCaCKfoYMSWQdAROjCExLbMwq9TEBBJjN04STYNSSAzDMIs0iRkkeoVX+ZrWIiaoHMP8FTnWGtMGU9o1kHsm2xslGLL4piy+MUtgyhIYs4SmLKExS2zKEhuzJKYsiTFLasqSGrNkpiyZMYt23FuJEDPBbEU7HYWcr1+bg+1FzTkN+TgbPfKjNGZSzW0TlI2YSrI/7uZ5URn2nVIbWUMWdTNDm3q6OaMHNttbMXWXl6vjfuI64a5a0ySyx4UfdX432S1m+VPXhj+OG7HCpb26qU0GciM7DV3hsncMNeVtKYTc83y9qu9IY/d3+0O1Hh9X9jjfbutqTL6w31WLprJ+/NL+oZk1h8b+cXbcHI72qxztendVXdvfoG+td2ig7D36gWrareb2SzgY+Dov3uFC3qDK7EespEf2F1V9XcHxiv1it8prPuOjF1C59QofX7xeN7+vHnU51S/e3a1nTf1I06l1s2ngqKmavHvzNfo8/qFaHOt8Z39dberGRl/lRWOjzfu+qfO9/ejtalbtcjgFsYAcVfKqOe5WaFv/TXXzyG6L46tCW/2KcA8O/fiUmwpvxckC3dnOfNqm2a3zehJqE/fVeoU6VqJduS4ZJyX6JFHy1BqZBMA51HjJZfKcOBInAj2qm3jdPJBP77iqxEwjKUN3UHo2i3RWNUErw3qvpu3h2DHUp4kHWZPiOFsV41n1EY3nU9dxU9t1Ip/88CTdsF/mZXMzrm8mroVUg+Wjv67Fz3hDjnWJckSIOnTRDz6Dr89wqKEKKN9PlUr8ke3iukNz/R+RTiir23G5a7ZwtDvptjYsab66rcqJr3zPNBm/PaTnWEwtetAPfeL4tp4g05ZPLyvROkR2F7f9hVSic6lyVWSAfD/ic7RzTDgBQgn0QJ6XKdfhhFQgaiVVINnuhPbyelPoyYinN/RA7R6fi6xPq80S6bcD9z03/9DUa09CIIldOHDtZUf+utJYGr0zODTbiatPotcJPYfxUj5Oo8pKhVs8tLmI0jGoIlBgci6RIT5jyNLjBMHnOOJz33tOxKUEQorPJ4V8Evd9xH3vOmnC54nFNC5ptc4XFbkiWMMy2w6cUCm9hEHaaP8BBofrHE2SL3ikHKO/QVM7xY22VnU176rjuIIT6b2LJ329ggWe3cmILYRkZGjlyEbcLjX58WXPuEDrfVup6/BMIgTcjFJtN0KyP+xWW4FSMKaCkVig3lATEvUGIL97EMsEeePrFycTR6Oba1zyZVLOcVBXLr5I6b9C4SlLZM8RawXfXfFJ+tuYrvyRSsyVhhiCFoZVW6QsFKoKYVeMzEJvrwC5WSOxp7WbNJnooGL5JsPut8POkWmWgP7LWWMJ3fqg0pCFmmcxl3hG7rgNndq94TK73Kn7ImO+SMjHdGnLP/QdHcW204Li3Be7pq7J/RwataTN2CWgaV18UFsEp+Loj0q+PK5nKvl+hTYAOwM1kUm1ijyBPzRTXqMeqETipKJEPMt7CIZZJkIWIqCdGSQkciIcSRTyMEpbQbGuB4q6mFljr5vWfpKRir5qqzPzuCW/ztFOEJmVh12jWTmE5HallMeBEG2XaC9JZC/oSpjl5aI6N9SUyDzUAsGwoRaykIFUcvCpYj79VBWOKwmhZnwlc0AzyH9Dexd9Me1IGwpph/tvYAO0ZbQuGBKPBAXBUbG9oWtIJ90l/g/nljQuG7ZRuLFWChAOYjQFaPcGqbaJmh1CqO8rrFdrtJFcbWu0g5x4GpIKVsoDGvHjrn76CbguTLB1+Gx/vfj0dl1fHQ/z1P4v9JuFftvsnz9aHg7bybNnNzc3zk3gNLvFM7RNc4H+kXX7/BHSKo+sO/rv9aq6ednAt2gv6Ecx/H302X8t8P/bpr5bNBtr26BZhgpOMsfNArR9DFMncxM7QDufNLG8MHYStN/1U5bg+5GTeoFFM+By3QR/RlSPnn32X88W5O9/2z/Q/c8+0Yxry2C0pa3hToNflHVk1Fw3SK9AJoxtZ5xTl5xzmodS6Rd2QxkjbeZLdAzJeJkNSjNppog4y0UybnoEiUpmnBwkmTuUKY/UyDS7JWnZQjWRpM9Elf03heVSu0ZS2TAa21aLdTZmke/KPovLdAI9EvJf0HBfyNmNSdu2c8dlOF/rrzY016EpHrCBQpl6dirG02bIpxEnfv/IUQiqm6Nhx1x/ZnjaMs7PHHYGq2TVcsBgwrWZDFbtmYVt3jSH/mzqzY+UV6ezaFLPUPJ3XCNNriE+f9psingLQ0xpH2YS+SN9KcMtIrmEw+pQ60/wWKeaBRi9t1R1r1ebp4GLumNn7nVrIaN8zZ+RWZz/UN2q+wbzlhO8LS8Y2o58oMnGZbjYWtPnxaSDsmJJ0ioLfnlSSU0LWUe5P87ISVkBRyF/hSGH5eL5Iy8GK45syNlvok0Xov+RRbfND0sLWTj180fcuRgY+4+s8vmjrxMn9CwvQj/fer7lIdM2qEMnyiz0I33rpcjKq8cx/LHij6i8Z1CgbFbpO6wxrKi37p+QXVoCPYoIhBGiadjkPzucOmJuQH2V9BI1zWchQjzgBI1meuD+XMp9ybYtksoYvFdn9MRzebXZHjVnKEZ9wXlo6Aoarpx0ubc1kp0lWm7PGyRRf0kDJy+ZZMVxB0fU+L750ZAJLcxaL0b/y/Oan/J0QsPMjR3Xz8LIRnPWdwM/yUPHS4LUt9m/ru2hP/S3Mf33Bfo3it3MZv+6mE4u7Nd15sSZl0WIzvey7C1ohizN7AzphizJXqCNXur6ns3+JXrF8x03SnFpaRTDv24YJ+2/UJPLirBpkUjdpH4QpDb9N0ffJn5GfrJyHT/LPOgSfB1m5CdJHKPC3TQZYxo3+/WR9UzWT2KQAF1b0+D6pj2UXqw2eCtx2YEOl++StY7Lpr084tKxeqIKRHu9qF3VuAK2cKHUmUa+rpKHWUeetrY/c2bEFYRG7MFDAXkJ32UTQD8aaN7uLxs/LsfFxgrJ3I2I54u3Xvu+JUbdCLUZBrZdyUDZzO+hZRIhr26zL3VAkQJKUDbFcZ8fd0dEsmsWO3Cqhvl41urnMuabDWJ2UeHrUc4SgHAxkfKQL8g9pNJB/X6Uy4oI6ny7r9pzg4V0/dhLS8VO8bBAmSQVhGrG5wR8CglbaglYOl2RuggIfIURhXGKvV07Cs6u79w4u+TWBceXSsYW2/6waz5U7HrUCQUKOayJMNTQtpGQdX08VO29SxZn81xsdOcOIt/jei5axNzU9oIA6X6xVLxZMnNi3ZRITdALk1jmJEml0hO7+mTBA4X5/spE1FpabfbVAXv4eNjDxrWW+xpLwBMb3LlsZGbZrhWgROKd8ziKojwWeUz+gbAv2rIolhrWUYjBMtT3WEc4B2mV/dINtEJnXPwHnIYuGOvl6mBsPKTRAWv9j8VUwVhW2gkUff2AdNoD4mwVEE6XYZlV4kT4UN2BB2u5gtsjuKDOd+3vT8e+H5XVwn5cRuWsCu3H8xT+jJQSJHaNfTr0j4uyKKvY7vjIBAPabHeeYB5z7QpcO4jQNt92QrEaejJAWRqGEkuVEx2VK5SkZcyYCejjyq2CKkXNGQOj4s4zLEaWHpp0UYR0lz/qUUH9WlvVSead071D7p2o17/NfoUAk/YXWnz7e7sgdt+QaJ32dxpvwaJi1Ws9fu+puxgcdVG6fChxG3srxtv2+RzfC5GixPRbo7FZgkLON4dVXq8QJ8qrNpgU+IbPnfPy9+P+QN1C181HQ5L+22HbbTqVz25wqSVCIk7l4Sdfj64gl9lL45mwCxa8RvlAYtUtDPcPsRKNHvCs2YJf5seqrhar2apeHe7uV/Ndvq5OdM13xdbimHIuEL+NJ8fWQ3fsxvdK8FMccbnH43l9XJWnLhs90bt3ds3NqVztt+AQOa+r2yv4QULj4cdVW+8AM3vskVj7zldmPIYTFdvhXC+4r0jE/6SGeJliuapLKfTf/V+r9bbZHZC8teUemm1Pocim+xJtQ6Zvv/njuxPvE8iXhLoM9OMFmgbVbs/owGcBjQL9bYdVmNvWi/sp1YxpyHcnMVtPdZ+hYakZrgKrlP3a1oozYZcBaP+JfIId1h6PErJ+8t1BICM8UymRBJIA9Ne3qPpNXr9FmmH6zfrwD5vPXqBJj8SMz06+EipBRld1KJYCGf1ObAyaAljh8ITsy3vMgXYqjjvsCCx8E89qR6EdE524162gM/aJQsfb9nSUREJxnFgaJ2E9JShSJWw25AKwP4xYAOna4BJ4WZOkhS8DceVfBZpQ+789BwaNfzthloowFDzrMJWnjEbqBPDfE0rQzOfIOEB0/LhINL46pLETo/8SqRRfKEUmCpRi/EgqIBAK6JJDJWsQaPsRCgXIRJFSTOhpOxIJxchEsVJM5EoFxEIBXXKiZtUPSCIWIBGlSjGxfkRSoRiZKFOKSeQRyYQCumTPVSVLPySIUpAticpTRTTTD4onCqlM5WnE1JXHxZNElMHamBYCbnoLikuzfvFUWgKmw2730gp3u5eWR3Lwb1oje/KD7jJmpv3jspPe3YoL5QX5qerqCiB6y1hCR2mmYVzar6Ve7tcyl/qY1JMdM6m/j1xuwqMuN+HR4OyURV1+yiITh1pCIwlj0LqUeriWrSyvhz89ubE3f2//uMyEPV1mMq2G5qbc6bIT7hjyd3QmCsabeiH1rl5IvPF7eNOTG3hjyEp7x2UmvOkyk0VtaG7Kmy474Y0hf0dnomjVTy2rj1riTa/yMecG3pxRHbWsempxmRuamymeWuSNUe20KF8yBTO4BPNLb7zx6ls0H5FWk8xPVbsJNmhvEXodLpmQfAmtFhcM0IuK6BS5aIGaC+Foe6h4ZS52GOk5mWe9LOstQavRpe7yBbQ6XeTYBSV0al1imJFfHamZiFftYmeR5pPYJWtAgVu9Bej0u9RVPn+r4QVmXVBAp+RFXpmK4CiNNLyiFzuK9KDEKVkfCpzqLUCn7aWO8vlbfS9w6oICOpUvcspUBEdppOHVvqRzaplT/UqrrwCd7pf1Ta2oLOm05IICugVA5JRZXbWUMg1GRuz1F5FiZ+mxHg68tfZNvSrlQOZLYmrPB6O2UfqUWAo+E6OKR+zESaaQ70NHloGAO/e7zy3MHcFXEHAy+/glBiGbmaEEH6vHvm2ksXKWK3X6mZiHO881HeVyTFUZxoUrj6C7ll5GVpsVHJczgcAuZpwvBRx78eG/zNeytTLuP8zKfskTrojdVvTg6oQInpEYQ8KIrHdwRK3mfo1exfSXNcQRCg9S6j4ZznPHg9loORAZdb/07KVvLwN7GdrLyF7GJ8WdmA8YN80dTZg3JVU8ozWx3SNhzFRSXrbYGbpK1ZnEI4Gz2tB1RIL6ftJNbj5OfHS/9PVEvkAU6IkCgSjUE4UCUaQnigSiWE8U80Sr9YK7osCnLuirf+Ez5OdYc/8mLgW0IH0k+ojLDNS/SYvAmcztBcWp5bGMOQzLGYP1QtzVJTM8O8RXXbLntKH+BlxjKWhe0wpm6XFEvRjJE6/r2ySfH+D+sv19VgFw2YkBIz16dMUuh3AQt5zzVNRVvpuggpccyvLSm8xXu/ZSR5VREuIobidlnGdTR89APH+2ZAd8AkiCz1UILJVr047e2arYWbWEuhCdqUwrC2crGwCZravMLFfnatxydQDqdffbscZXbW9X+8N0+ur4lXQyoBYrQHB/tuXby9+vapAYxKyf1quevBzIw+geI3frYbg5oIh2jREUylyDNAElUjjwpj7h5P3hrq7Gh7ttNambG1hCm3W+IXQtinibp8USN+fPa7RO3hN08e7iH/tsTdiHdkLiyPorE+dVqHFcrHUAgbAOO1Y+2/1obAUVaUIoxKafkUlzWJKp/tTfjPpMFQMMRlvs7nxmjc0oSoIKnjG6pGdtt5YnnbfhQ4rWmI4qpkjH2vM8kFA8VKtLBvIwGTZ6RI+OF4plJSN5jO7BDW+zOA0MxrzPlSL52ALsM8EhckhUXQoqiCC/64vjIrTOFirDgLQ+NBRa3sH54QK/o9F+yaDokYV/ePqv5a6a/zY6yZVjtP2tXi0Z8EZG3NMCbNZKyqoPQ0QVUQMkx4g3+rXUJE0VNxkYRL8D1aGj6OZGD07JSN8L3Z60S/5MMEZ4pxCByOyFcr/s1UsalJJ2C+ZeqTuEXc++QAEpAaPfobEs4/rmpB0iJeSFP9tgmdflkMzrUpv5UA/JfKiFzGSOtG5w8MbGz0i8yXsErzegSsrp66b6zpLSvkTm5/TlzVpVFqLjHqui9awz0Heu6G0O4nlnoiepLTW49RlIIamlY/57elKa2lIT30EDMUlsaal3Dv6FvMrBnHNIOkx3PhV+Z2ngXLea3/HJ9CtGgfdDfDr+oq07367QlEKzlZBgL0G0SwCTnaW07QAzpsj3CmmbcO/kJdrh47j3L4h1OD3MfnxrOxh7ZTqlBitTscftVl9im9DWjXtxfiGqyRrXqnAAhhyQjSJIdjJHIqQH5GyDqVnegfmEPJjRBd1Eg904Id+w9MPuuCnyA/cqDfHOJ8tf+yVauVfb/Wp/hcFYxgQldNOAq1/bOngRR/tCTje5r3AyTtGm3zuwMUQq9LDhVCc5++LPwYQjw6viuNujXzGWR7UTzm3UUzEiL1RsLFRfs6+UyUTwfLinNZibLGkeWOGcKU7aJDpo0XpaPXbiCz57KtfzaoQEqiSV1EUwkNiCCGBJXNv3M9vxIjGv3L3zrehyaKGd+ksBcPZRy5ZO917EmN73IC5jjR9Eth8kth+6D+BN7zMTF3BHfHeD4w9daS7jjvnZh8t449peHNoP4ov5JYlLuMI9p9HxBK+nFzHE9MzDZdxIQ9vLMiQs8QMYYno84gJutO9ldKwQXf4HcqPnHYcLp04U2V4aP0hAeh6HuIAl/AsZHVeoaXQRU8zvNVzKE9eGeGD/ATwxPwJxAUu4NzAYR1qXxdIQWnuuawLw5cBFks+ihzwZkLEHXlMbQNpfZF8I6YU51VBLdWhGfeEoepa3Oz9DuYYtubZuBUrRQM/t9Y3XqBq0R8N+n4dA1G3P9diKI6Uzuk25ZONrog2uxFgUuClMXOFqjL9W4i50dRdvmhs14bZP4yjaNhFiTNvAmNUGF4vbJDpohlIWa3+9OAG8wgDJJBGsgwkZ4ua9aPLSQwTp2N8wShCiI0fyGIcLE7uWe9XAWfLhbuIkkVj5BIdrijY4PZdjeTyWI5fPwkwzSjiVZZlpqXIRh+Wq+LCBZ+387S0ixliabdgaKuO43owXOX8+rMHsxCdaAyl5+WQVTqcYvfMkTj54VFA8q1fOghTsz9GVvH1TZr6SBW1mAAVtPD/WLEiYvTU5nULcsbVaL/Czp+T5RwaNi53ahQ5g9zNDNfgGTaGvF0b6UEd/WxvpY4EeM10NTJt4lkci1MrVrirYc59o7K7omcaYXV1SfcKdahhGtr37ZWGdtvgoK6gn2/xOq+0wnLPPOq7Dy6TkglRSIVgQum5uIABQp+XCB2k5JQqxq2l/nGFELzUGgNGMWzVx6uMSY6xxjjBUM41y144c5XrfEash2lVda1XYWs3xtxJXa142Nci5muPvDvOWP/lOoieGaxcVo1LA/9ediWthbkdKr7SLrhiPfOpjac9RqxzFfFk5HBqInoC8zNXzHnIby9wWpbwsDBcv0rPEI/wlWT1GyvGQMa5b3LUP7WN7bMyFg19WBD1O7osHH7g5lGPULyukPX7mhkO+FlEOyhStSXjfXayMqE7UbmF0CLXIViGKo/VHsTqHFF6jtmHoFMetv1hKhSbrRdR0fkrmkxFZV8BlNQIqm6hMIL2jUReSrc/JsE5bqy2iRsT/3w3XSAibppY6789KiR4uW6Oe9cDcOl1zMq4DBohwXt9j9oK37zD2dXsr87io9vuwomUTvxcjfGihVxfCGXNfbJGFhLqA7OB2uGw8FpoxmHDPumtSr1eozKpkl+0oXSUil+90y/BQMdLe3GsaxDRPvrkbd03/t1f731UdtyfoQYV3nVTK1e4M+rDkHZ85W/RafyYccdX8UyHFNfafClreYwBq0LhH2ouqTgfQJ5SGwHLr7UMV4FyyEJFKNykPPX75EIxwRWmYENMHAY4rV9Vn1IcZMl2vSfC42Zw+4cfz6rgHEKGqRhsNcqmnu+5k+zfe3UcxEWm72HFEL6COSXDFEw3ZaiX19or64DLxImYkFJDh/iI/LKFqyfi2hcSJ9st/txeXg8xF7GnSjrP8xb/YF7+1h1bwGiSd3OPqGnFrzxQj24OsT33yT/Uh6+ein9hzgqijxvbsSTw44nEKTLshgyNJ+1ru/eRmWe2qboPEtnaDRU/cEV6Zxcy4iTQ1Qdy50YkxunBmaG6pL28ju3aRWmgUbJpOZftPtLUyvIsxKKfC2G67fWGTFNTOIa3h/KvMDfkLx1i6a39IS+VxVg8V5JHuHhp+0FiLNV822kpelc306OHSRtFsl7SFHXKYmvBXjjPvPXB5G5UxJl+bR5ikP3B8uTovHF0xp8JYfCZ0YWtwngvaQM6dtDX/hePZ+T9c2DR5JOE74zBC4sPGsK3qsgHksyk8ZMdxFzaFZbugGe3Bn6kJf+FICm4bl7dRHk/6tXFIafrDRpWv87KBlXIqjKWnpBe2h+a6oB3sNNZQ/184rrzvycUNlEeVfGscVJL8sDHlKnwIK9sRZY3BL2Jpr/vFK2HdA1pSKZ+xfQY+/OZCD0ZiyBVx26AHDi4XyyQm9BXOnaxLZRPgA13hYopYurz5wAyQ71VbuEdNTtY8DDoIKTdw/w/X070B7Lpnx3rgEZRXxgyeLOpLICrQqXKNLN2/k9ZPpzhMWMCxkBokP0I2EnIKISgChCQjw/fz9DMBQWa/wZ0vmsgawAZtvZZEoD47NeLrVCRJbIQxmbRKlUMZYZOviw+yEavRpZAaegNzhDL4m22Cnkui1Zo5k909F4NO3sU0XGnxx9qa59twUI5SuK1+ZR3rfvdyfT3C7a1aaBsDe7aZDyl+OsX6h0wwId5MhychP6VnKBGOpeRpLz6oNxJ9ZYzFdOvIGQKMxmGkaoP7+pJ5WBPjMYj+BF0fjsBfdSP90+QHEmpzpUSPP8xxgLvy46GRuAPUCSXhh1C6uNEnAXo1mELVPD/Wh9G91tnLSe5Fx7ADYFmPid8qDGvnkVqV2InFciDxLfr0zXE9q3bT9/OyZCgEbbHpfetko12k9dzSvXc4uto2lBO7qs5BUK5aFUqOq5H+6Kobk5NFkBIqE23SdAqoyjZHul82N3J65wgnnyjmdd2hp7dhTfgTalj1y1MAXKGH3/okuAsjWOL4WgzjM3StwZKlNAfPZBZN08JNd7k2DdKpFcqn8WViJgCIOB/rI1XRs9Qbn7E0L/fSEzrDYhivKHC0rHwBXYTOltS9Xl4hmW7RRmCisMFyWztgfEfeaxFQ2XSHw51g5TOkJY+H6qqFY4CTW2vMTay+F91G1qcE6WZ0RjycGPtvmURETP5z97aUL3Zbk93Jnq208krVG/PjpjBXLCkXXrCpG+RHtMsuq1suO/2mFakRQTmfTrH82vQX4kHEPjOMiIJgKaw4nIUW/SiSFGYnqX9eZ3YTReNtQKs2ThnjWnnFWzWJDD5C8JxEEEaLSLHuUkxsYrfait8rt87mma5//FV109D2U7+4Dmsj+17YCPc/ZMtVfd/v1ilsMulDevgXi79jo1REAWHTiX1FlA64j1v4h9u5OD0SwO+dAKsbec3C2ELwvEqvhojcJybtAEn3DrWce8bR8Aqv7vGN7sldXdyA4WFa0X3V8AJu29Ix3rmfeps2eRy4QRrGV2q71OaoL1uefx9YuSPRvJirHCXBVGu7QURJ9qjzsDMuT4G1lcZrUWk6bwb6mjIM16yGV42ldnY+XSeN61n/E8d8Uc2ikcGjtS87aN8X5goifsyGvnCDMNLGj/xFntVG4B09dhtZnGxBlVwWOl42BTxt8oq96TL9++/LrZXDLKpFjAvbQEs21J/+zW45icVLQMTgovNfEYU0fed+/7m0P++WT0a0SqM/RCK+jn33Mssv6018Zk+PNgQvYV17h6zLMq+Ryp9+/frrmf0vQEp6Xiyr4gOyAn/rcJjvHXgmWhdN1AfboXuZWlVr0gPU0hkSawIEO1gkQgJnkJytz72Crb1ZNz99LbktI0MITV3svkwq53SkvmZRQ557Y5vpLqBjs0+EcmNpbZCBvJ+950ww5USEKRXFodhgz2mOwswPXvOTuO8F7RHfRItvbvuACobqVMInTAc6gysbd67SwmmxJlBDtmOZIVuVQovpQuCqh5kcR+kmm2fsuH0Tm1CIuz5kmBi9rHtf1W49pz3KMfZmI+1VWSEtVe+n9Syb/wveLe669Xye1/vqN2e1f7lrbvZIn8zWP2af7Y9r7HXBuiCUgLYsm9/InYiYbaTkO89PPav6+M+xkTJQtdF2zQFZYU8zt6wWvIEmfK8ON79t6XuzSzEXxYGnR19dg+VvNPV1RnYPUZ8vas/D9/09FTk7oBWW0jMZgkQA/zfomDOhqfeO+FCzLf0+nUKdsIU4tYfLPbviiqhxuLzjziDoIQZemdU98T3fXFlzd+we0cA5yYPUj+5VPvWVot+KnVMeZllQtMXIQnuSZz5bSdXgjDNKht81kUfyusMdqniMM9FLDVNRSCCTSimk71yAvNbJZ//3Z1MPZM7nue+dZcpm2iwoXXQFM3VnqMZSsnzl/HTyCPtvTeVYqWtErhd0Uq952maqev6/U2j/I5FmiaRCgc1ZHLpMjAN8p/AcvvztNIDHE2wdH/AZ7MhCW9lV/jQL4WN+gNNQxNEE/bY8VmPKYd8PgMPWDB+PQ3Q5ygw5GK7H0yx90gp4n+jRHugOuzWn2GwFodALSrQ4TWfogaoVTAn6TGCJRIwTbcq76erD8Xs2Wdm/n3UviWq+om+LaldHNAa3VYmfsGyNEiYLe9S4D3edsUJ/J6ud+bwXl8ipl9Vmw4VZ68whxYMBDjzHs+pwU7UB9sS3WlBZZ9EplMeouBXHlQoz6E1e7/W6u5PVln9R/mW+Y5vv27flL52CpTswGi1vkavwNrFZLDjrkdt/8U/T3Av4Ad0OCC+r7JiJO2fWZsWMOw/xQYwTLedwrhb8UGiFgciShpBtLe+dvzfFO/LC8xf06e5m86n2W9tZrA7L4wzA68Y1KgBZlAt49/24OYjvJG5vDc34VP6aICySvip5uMSWybLMdk+56jILByoiyr3ETi0egVmVGC6o+ul4pfJ4s901ix1+5ZpvR3u6Ll008ti52ggMnrozVIQy/pKpJiw+7W/isU5nWejDLgJ47cJg4OhzeEoO+iz5arM9akCwlvsavyjzxAYFhl+VMedG415Uy6buLi7k7JEpOp8dAfFcOfWucZPHfuhHPjtj6jPClGa4UV83hrVQHClTI88cwRlkxlC52lUFpEpDPryL7SsqEYTztDLP52zPGvLtFn2dbwp6xib/rjVxh4icZvIL9MQo3jTjXYVqPFgOvpCkcfzP8GNIHnlgpkMBFe9Bfd0tqJFLbTAmTGM9NgB3PZpB2fwC1p4hkytRpH598ZDKl1Y1vgWT1pZRJphJ/fRPSMOoTiZ/XcnsgOKvM1tV54vWpMO2Wt8dZVA+HeM5j2a/9qZSQyB5MqDh2vf6LHCeCp37guqzIN9CiexqL6Gkr6nPT/9hkJ6KOyLqfIR0Lj1DCtMcMrY8/PWpnrfwvVw6f24lCwj/fFmsjDI1N/Rj5A0dIk17TLb4kD2UztT8b99XyT0ihrHQNB5axOQsRNvX6xXUN9QPPjHgDycv3f//RXkvO0DgMhq4TyYRD2bUq6PwuDw9oxswXl6fIruwFH3TiWv9frkDS9eV3NK0OC/6avQT/5KzewYhwd31RVuTL6YO0oB7BAM7KVljh79QmzgxthaYx53iAiPC3eODg7HCBzybPsU2h6bPxE1Xt6tvj5HhdUj0BVZk/ciCHR18rDoknsuoFQRM+SENLqf6kEZ7ecpRdeHquqwQrI4Px9VmycrsLClTjYiQ3IbzrWjj4LWt8Iij2pBWnCPlWhFIrdDvgsmZlUz1GRqSjeayuafGkVpKB3HEp2hPwbmCpbP04YXaCi05NTeVMGJuzUrrtKqAayIuhYHpcm85aarqIBfkNB34gm8AX1BbaHoztGvkGeg+GQBOv4G4TASsXjLOMvh3eZnKfNJjpypMhYXitNitSklRsZfE+JYzNgH51XlyXCoa7S2shFR57idkh/jUt735biS3RBjiIU+ZBupTptqBQGXLUqFFaVUeZu33FdMICdsYMcXODzfnPvpXDnjHOXbzrQ+GlPhBWEku4w3nYbo6xuMNoiUyQwZ14j8L+IWZPiSjZM5nVX3+adFLnmPVPkhiavZ2V11b+lYpL2D+n//HetTXfVM5kvOM9X/+X00xcF+FeaE/8aG5eY/Ts0+tDggdar0KZQRs6pCzXdV1C3wLyOnDH6vBWUWDSjJ7gKCbE4rV0lUtu8cT73gReatXXVNfdzkC6q9UtcAcmyyw9D5s/z7ff8APY65fxdvP6tXoM33SqafrbHFWLQTMPdk4UDPa/JfUAFCpRn0OO3xVuntzkk4jho1BwjyVJYwuFyKsgoURzuqeH9xr/TDlOM42eue2CwWVxIrSBu3KonHcPxeM1C+Ngoeo1IneWE2e4Ky98FctIh2HWukTY8rNgyE+qdCuwn1x7vo49bNVCO08H4RCzuzhBxoWmvesyHJEFi83vMDqwcbv+5wUaOxAAQkTSLjSmjGu8WKovRmScqAkfZ7MmMU3ZUmNWQJTlsSYJTRliY1ZYlOW0JglMWUJjFlSUxbfmCUzZfH6xsWQp82hXpp5M/SnVJP3x90cvBZ0d2uClPdcpgk2xeRxFcAfXRqHdfV4Pp+z1pixkZmPTRy2Ljaex7vYuKKHjRdmsodNlgkONtGTrtXiozfGK899sWvqGo53UBnFBw1zwzBUaZcY1FehjVP4YyDXx7RNHic5/OmenNE9dqwOUNI+UiMF05tvABVB7XloDgmV64dh1E/fvTqCJGM29+eFQN/7XhvibIL+pOdy8HXMS/SnEnOYXz2bPHbdALGrn17oQzyPq1igNz0ihhiUBUWY9BALJVfzbF4KxD0PciHelEEqtbzn7Sw841Kp5ea3rVDxM8/zgl5ysfRqVsHYlk1Brwy50I/H82gezxMhuXP04qrFd0EZkmDbS2wnHQk51k2JjCSBwZGX+LmGiF7gIOO4Oliwy4e/cCL82C/8KkTTxAILLcXfIiFwAzcTiiH/wF2QIC2Zm3uegRBjE0jC5Qq0y1XLEMSsoMiUVNpufH0tp51pyIfqDpaBcgVamPg6tr8/HfuxEyHdaD+O4ihNfPtx4AVRNBspRQicc62x3zIu9csoslmC27L1ceRFSVIilgItocfjGNihndlOIFaihFeiYax8L4h1VFJr2Cji4pPATmIkKjE4mKDax2E7ovyVoi9Wj8P/mFTiRYiTnSPgRzClO0/DLOE8jSxHvN+marSEYc+POzT2jHIMKp3uJ5hXwPaW+d1LF5zEMbFzF2x9FD2kmoTqt9WCfy6ZxA6h/g5phw3U0UBi4ayKB5qQkQjY5azR3Zh4vPIBwqEIPtFP13Jle3uPSJtDvxXMUFMfh9EsD2falQlyTR4HVZ60q7ZKUEEs2yxDisJMsj9AvFvqB/oVkDz99zhKCy8qzRRQU+wVYRz30EBVSVnMU483XrojG2TWqOzBWQ388fKk8uY9/PGSxPOKXv54cTzz8n7+eH6Uej09QxRlOvP9fv54Veb5+sHq+OP7eeinZv44nMi3aDGEECNua8y6NCyjmXSK214uSreh2137Sg6+auU8gPREENsIcbNj6hUqoAfdrA4s+FmGwom1GdUIg+OufvoIxGGCkcKe7a8Xn96u66time+QMn1+PMzHqf0keIUSrOtVdfOyuX3+CWgJP0T/f2Ih4s3++SfLw2E7efbs5ubGuQmcZrd4hoxEF4r75EnwGuXf5oelVT7/5GvPtxw/S4px7MSB5Y7R75ETJAF8QP+78JsbWIETBqmVOamVOr4bWZ7nBGnkxA4yN5zUHztIZvC/aFFBpTh+Go0d1xt7jhvCh2jsw6fACYLUSfxwHKJffZQce9zHV6ET+qjeFNnBqMo4CCwvcfiPBZSYJmMHKQL0AZWd+Fn7wfKgcfAr+pSiBqPfg1j6jIqGLyLLd1IXsgSoP6h/WeRkWep4borKSmIn9JIxTnSSGFrnQh/iGPUrGEcOmvuQGvj0M8qM2ecEHvodSGmVEeq0jxiDVu4xsBKxKERkkR+gqiDRS2KyMjuuCySIAYhNOK+TxYiVMTQ4Q60KssxC+UPgv+MihrqxBWxFZadWYOEEH7Eeio+gFBgFKIf76MQh5I4j9FUILEhQC4AWNQN1NHIw73yoP/MslhkEIYSxAp5FSCZiP4KOJ/A589GoOUHspJDBzfAHn2QCvsVYAKCujH6E5kCnEbMix0c0SLD8CMnOK991kK1j+ahbmQ9CjQY9op98LKguSKqfjJmUkv8/eUbkGkQcfXrEeR3yYBo6PxsfLVp0zYKP+nMb63/i/IWnJZ9/8sQPkEn0yX9m839m8/8Fs/newTFd+aZYNmStPekBccYxMpzvc5781EXTCvct4Kl0ESoegx95i7Ylb1ETpi+/SN4xO2CZ75dEPxDcO/L9Z933dr2i3wmt677efqZvtnfv3B1QEYfqM/rwQ324A/feu9lB82jOrioFz2rxggJZJEjREVhQMKgsBZ/vxGXuoqTNUKw4o3CZLuS65ffJXIp0XcPFY9/SffpJDXdu0UrBi2u1ILeoyADD2+FZgzo1snA6doEekaE4sVdW3PvHnGGJYTOQ5h6v9vsjnM5BEFl30kGBC8svQaNP3zfvC1uzPGDL9D0OqPoSZZ1u75Y/2KplbzlAz9HdzBc/cPGMfFAX3tutAH8lr+s78JtZoxZW5fPD7lihkqQAsOl6Fv4uBHPdO/sPq+37hoWGzf+56H9byXDEbAoE4Q/EKcoe3nwaniOSXCCe+fxtlOwfodlv47tbts+WyhYDAsHHb6TrPZWDS3ADCRAT9g18iSfd9NVPb25PvDNI53mJEWtIdR82nyecV0MadXyBHb2ru+fk81o5vfFk+IyyK0b7hDofz9ai/Fg53NYvph9/qn7v9fnRStFl6DlCIIt4ozrAVwdfmuiLpOCoOqtNORFRZg71xVF6+F0XDjG9vtuFPKYLfjdaiquEkZ8urt8klCv7qp6zC8KrNm+A85KISlRs/e2Jjyyh5iUWJUJDZWlR19/p/dlNr0fzTMCzzfTW8YVODkLsq9LGPucAzXWEWMLfqVvfNH/xw7sTXYaQckbSXzc3VXmv0aecziURZtNV2Pyo1agCKf5y+sU35QvOrxOr0HsHwpFe3yLmbPIaL9ub7778UYjipC6iQPg23yyOoPE39T8/nITYVrAXZJxYmFtE5plj8RersoJuT9fe+qvTn/G3f5Cz/IMyXe5az/UWrcvT3z9vrs/4z7s21t1jGtrgb29HZjd5PbHW/jpxgMcXWXMDfSLWSK/+vIPYud30o1+72gfJacSu4W3rQ1O8UuHSrj/Mfgd1TW279oP0aDiFwuZU3voAbtQcNBSW3sfTaUejiYVXUO4h3Fp4B57Wrzldg7sR7tt2kQYFxVsP+PlD0BhX1IyaUO0ke8lo0Ilo7U59R4Kwr3N44lPZa48Jlj7suLkN93azuAJ7Lg7t1U8vv/3hxv3H54vmBfrvm3c/Ll//uICPr9Hfv3/+6sUv8Mv7T7/94w18KD/Ur7//6fvmY+h///33yYsvXyxev3n2/tnfP/0w++PZDz+/qDff393lH1+EefPiZfhm//Ldi2ezN78f33ivv32b/DTbfbl7eTzu17tD+Ouv3/4wn8XVcvZzufnhi9dfrr58n7/+8R959PqrP37MP/zwLn/9y8uv3r36xS9f7w/f/5K8ON7my5t/vtld/7r+ufZ3y/CrX93kY1a+PVT7+Te/R3+4b34MXkTfzmY30NqXX/3wY/R69+GrxWLx/PlIOypIJPjvyQaKetqOb3XnIoLTa4yWtHajRNfzCH+nBTfmo70mjr+3iuNsVYxn1cdVtXtKbnVsT1xnREnnGiRVS2Zovt8iyR1j82XU7YVW812+rk6Cq650aSM1VNOEz/r3Uo99D/5I67IXPmHMCmPEmA6j/CJeJMDU9gKp4wrdOJ7d5Gn2h3ymdu4YXn+0TJ/xVds52FqPXO/hf7xsy4uVvjl2byPJhhw2Edqxg5QzIaSIxMY/zEGkHIlB3zAr5Qh3mP06ydaniuPGnTzoohmuka3QdAid31x/EXXwqgS/qsVGjfC8lND8NCFRvJBjy6dcHaa/Zu9uRGMGYwpL1sz+OLtvdw8mt3tuIUKkY3xgwZz+FO/23sMUaZ/SV7QJnxmR/VAtjjXawOzfrF1jNIjks8ndNnH7VhKARmLAqUWIyv95dVi+AtyP6dL/8EWP0U6VjxYbtAst97SBbJqaiHK0NQnCvL5ofHhNa5xn3CDSPaiudaJyaZ1u2QDQDXILNefhmLFdp6p7ZvNTNk9HFr1xHoeRBIQ1gJjBvuGqjQw+qVsu2mjibE5H9U9hbNOmUBQBpSEWjjHr2WNxrv9DnZL79tUcFkKCuyiCAl4pO6NuhmDsBidk/dhPf//n8SBF0pGJ/f3nP93qgWZaBYfLYRPj3gH4mh+3JSjR6fXN7TV3irJfoy1j+8g2XpJWBzQTCwXkXja26V72/beudr9tiLNkZy/9qFEtV0g/Ug4xgu6mDS15IC6iCDOnv+l6KDrrn0Rz/W+HsLt0m3sp/UU7YhnMVjfwr2/RJC+RaH/9efC61e0CYUuyf3GsNbtpfJov/irXNX39/tXNg4EQh2oXOoM9OnHJpcTn8AbcdJofbi32qHqL4t2ZOK8+HFxV8Le71V71hBbVGKFpF37jlvozxDt+RebRZfBx8sAwQimkXTQS3N5N/bHm3ufitAN90Orb+Sv20NTsj/LtiXuQhoWrXy970B/gQAQ/6qK8T3MBvJ4eIIDV0AbLk6soWK/e4bzfEGiatz9XyYl4RI85FXyuUKzrhVLhtOzbzTtcEi37518OkaZsunq212mmWz1Hfrzl/EnQ1XEPW52qRttMdjxeluBnByfj/3Q/L2wHcfSnVXUzrf9YvqUC3k5RObv2UZXuflCOLnz86N48VYbfug19ANH0aEFNQipHUmNAqmer6lZqClsiu2Ol+qA912kLew+YhNN/HK6T08WXBXxgr/w8JmuJ6YFLlq6LmhR9z8S4ycjloDUIgpXJO6zt43T2S/bTqSMZrOlk/HvhEYSOc5/qx8aSW2B6SbTvFdC2CHiJbT+t4p+QCYbfp8PQGvgdDcZL/s0sbgd1lj+4aJj35KU3lDpt4u86LAasH88Up1tydKAcDgMRE78Q92cGL9keh8Fn/kinQCUS46po3kD+6QB3aZUWOireWyqqk6xSOq0Jp1gClo6hX+SKdUwBq2wjmegh6fEw7LIjAkOlMHGyPXYL2avI2K92JJ4k8K8Nth6k49mC+YyyvMpl1OBy4hD+qO1XHjo0GWYDapEBCv5C11b2+OK0/urd9IQhTitwQCh2+C50kl8Js3O8a27udS82GkKIBS04ksoqqrpmW+zWmsGovRtk4ub12eYPt3kkQAJmsz/R9kVeoylXnuajK07q2pytr0GV/yRhr5q4bhL2otnekR3Dq2a7QpuBZvZFqJ8vHSm4lCCN/W7x4tSduPgGzKT2XITuVsRipndZ8o3NffmORFjhtLe/l+9O4H7Injt7BVLMNoNscWDjSdvMvh5yfeBFe9q+9uippyXt7VQZu/SlhIgLgnCHHB13p8Ija48mU/XUCQL9SZOW8l4/YpaOrZzJqrZIW/lF9Sj86aJBLmKAN7D7ngjGWMG0TqL1/t4B3A24M+X6//JmnXfCyXlHePTchn+/RdS8NGVMX24Z57sd4LYR2KqAglFp6LVbft9112RF02fqHGWoil7sqjuxdewJmZN0qdn7yrPp3FdXcIcpylq1xnEckpeXNutDL32UlcjEkNHZqyFjUeoACkfSvbd3Tth/0ORqzphcDU7iuEF6GS6mu3VzWEvBb609Hv/rSiJdNWbvaLAG0L65duo53Rg0oPKDfPzj9J4wOWfT15V+cirzplv4kK7YHcQXwi+YsOf8XXqMZ13FHOCgilfFQbjp8VqkKX7vrNaLaXUd/MFUG0Ea6R7Qm76t32fyG4/A0Y7kC7Lvnh5mP77FZ95nYI74hwyjBz1kKJRKHjRUYIDI/Ze+lfRZ9Q4in/gYykeTXWa8Anx48fau70aAXUyG6sXkelWWtb5Ea3+9ICaJPO5dxDMbe23l7ZoUc0tSDJ3vwA6+aNbEbfeXb96850wsAyglmYeaN8U722snVrDvjn1+nc7qk4q2gEZ4vD7Wh9W2XiFxd51UHjFywkhcp78/Vru7L8EHenr0XyU2/fqnarcH5uGEtfvjShshezZYmi0BECirTDoZwOBBd1a6wHT6lKcEPYUZg3H7LnipU8IYTWV0qHN310Tz8Hc9WrbTSAAT81uvZAXtoet+h9GAOdB5shtqHIhGrg2jHhkLfVgxP1R7JLBItOEEZvrVd2++4K70CAw7f96WuPD0aL1A8pSDh99099774dQ5QHgR8dPtKL7LD8s3aOpPfy5/fCUrARnWUWwVfof0/bXfDDiLVCWaSQ67AZFLZsryH7NXLwXctBDtU5THTuXc0K1pvaw8jRpoQVdkheAZ7nx74eMEndE14B2xWaYvXuffnkx3rhPm0QBXtw3u77stfohn+s+fbn/sXiHYIAnG08rb02edrNVmDt65lZVfnUmmiga/j03G5XFVya8FYDfEzgbiiGVutG87UB0edA/YMI8bImx4+fvfrA8fqjvsbLa38tOhMT/m6B2Ou43ushN/f3//v/+qgjDHwZH9+p8/8Z6gPjee4x0eULR3OBRLXtFjwAU/imzfi2wv9G3Hj0zqt0XB6ITecTMi9YvlGPt1CVcj5AkK1f2Qi+SCxPfN+4ZuD6f733/+se/OUod7oxMAMoGJx8LAuxBeDHhfLQ2qPS3YtHF31W27CLee1/WfdUZW33/kpHVgiMwYh8johkDxSjg3EASPrEO3fNRvYPFeP2tkVV/6rh7n8PAns/MLt8SJd8vmZno7v/629/BEc07SfqV5vUE5Wsbn1OI+iu7tKoaSPlsYULx68xBUKg0+Vrt5rN4R3HM68N+9fvNW9xIYrEuoJkrcWaez+HWADBryNV6lV/s3hXww0RRfI/Iu1+L9bIdfJP8OIium0d9fig7q/ICA7mH+9i9fvflnj7/9Pb8F4Wy+CTx9A7hbd3uAL30JovF1XrzDv75BdPa7atFU1o9f2j80SG809hdVfV2BsW59Ux0r+8Vuldf2NyjFeocG2N6jH2gF3a3mvFuAJyHdIwOmDS4HX03BrwqizXnHKl/jzdmpVPbWGP6EhJm7iFOJpJvZADvj4pPRIAi4iEvZB5/qczDiIwoGBK3UxYtxpejutkmLNO7TeK2WffdlvCPiCmQ/nhfwx3JtyDZSN/aPywj+sOqYdU1/MwBBPi7Lko9HHdoY1ARoCco9UoNgadFFUZzhVttWhqapNq+AP2q7eLcVBkMVwR9+aWNQS3ToBCglLxrdM+l5KFTBeVgCC0/d55+E7icWEXXyuQU5IAgEoYv+12IYoP8IhkGACAMnLNCy4kQQhJ9ZqRPBP+h/F30OrQglePhHYHmp5VmOD5H/Yyck/2TXEKZfQFQ5+sIbx04I0f7tv06G/vHo36T918N/4TeUifyEwHkH4t8zy6c/ERX+FDoQBe+Rxjix4+O8uDSItMcVhQ6AKIxTWgn8m6FGuvAb+hxAUaiV3pjQOSlKgDwRxRBATYWYfB9XG0H/AiBOUOWAawAUEHvooN6iryi4ApQBmcY+/QntR12HmH9EB63F7EKFwl9UPSojQXyDHqWIN6iZFmomKi/GdB6uCaADomtUYgFOzJjV0NEAsSJxMJoCGg7UvQT+8VIoFQ/hmIwe+f+jGtqPevoMh3fhH93irFGYxADr8Dog7Z5Tf8qkmufwR6dBQvhzpVnwiFYO+TCX7pCerK/76fbj7FvbmVcAaVntpx+q4+L8I+GsnZy+Ir/zbxQ+doM4LmOOmroItr+fOdjXncprIn10lpnuyL19h9NQ/44iMqnsprv1kKqkEAc9Y+aOg25IMVQDXm3IFZ3ccW09dPSEeiK6ekVcPaFUT9TV01rJY+9eeeOTneyRoF7tC6Bk4TW/DSouxeGW9yr2Ysko8H3OsRAgDjFCHMU6NDQA1DlvZNAQY3OLdaNHMqHmWOwvY10ksS4+U64wWDSsCRXH/rJiY6nYBIpdVrvmJUZdmP741Ve3uuirWeAFCbNmICxJiX9hsfX4LOL8C0GkVuJQ1Sw/8A8QxJiHrQPGdPHPn35ns5Ng1DFOvDugtXL6j6Qdb1WRYHQhxbzj9chJPES6ko7Qj2AAFzjSdlEdoEbwi3/3e7M5KYevDEJPFL60swOBc11HsdzIhqtgrHKHo6BrLZzjjF1oar/eYBS7pIaZsy4JgnAvqV7WxpBwkN9FUEIC3nH3Il11k4afNXjIKe0PaOf3lZ/e6jS6KGZKFgsHcp0k53vAeSbbQh+CQPTfcuebfMNRyS/qw/TVty/Jq8Bc+C7cI+4qxC+QDUrebrUg00/H9y8EXlbFPJjnJoSrQUUA6qcfwrnTotm/Iy2ZLr7++Z1ANU/ns3llqqg/rzLXaWX0+Pjzr356z1yqI27GCEgax5rkwRd2H1+8eCNf2LHdbeji6EWfC3VFi52SHdy4+2NYsOLV5bNW64VZIDKtQGRMIFgkLtHGnIDwwaZJZKyYRdSZqnc1lbsjPqAUCzQu9vd/BO9bJrRv/WD91vukD2zQoebaXq82qBNP/RQ1H7/zM2KRj/mu/ALjq03fLefh0MfW2UmfD5O3LYjo9Hr69Ux89/xKDSOSysFnpl05ENa0+LgrT4bgIFZKb3AQ30O2ouynq7fuoveZerUWYDaYBUp1ZDWDUKvZG2/xJ89P26WiH+uHQ7K5F459ddBIfPppzK4jllXxAVBb9qtxcZdvJo+TuAoqgCbVE4wJPjza/QZzF0MAEzpkRqwKHOFIl0PeFm4Lo86MPSQU3w90iXJshkHZ6RXSYdPexWFaikesprZ1qgd4vlgevcyjSPJ4L6/HUFYOAoO+gi5vAAldqEpDzyiUOCl9AAkcvp4hGd5Gmq2niTleUEigK366hB6XM4R+89gbcwpvmWizzhdjlJPNDrFBWJ8SXCS2kDFQmdWbHxrb2SMF+QEpvTefb7+zuymsTH4MsjJdLNxf1deUsAedAQNI8VLpC14Z/kq4oFi6EQLnZHmnfaW51OZyiG/EUCUEewTl2qbLRJ/zteXv+Xkj3mJ1NCA0517q4d4J1wSAwPYS79/UHYYaPKRht/aWjNsahvLW0BXBCVPwWhTQJJwgsD3biVNb9MNsH1bG3bfl4bM7Ftv8IJlcbvov91R2F/nmOt93V1Y6gBKs0TH6e38ABB1A0squxKFSAxq5haUncqITkDl3wSYMty+vcid9J8ecgpDVmdtpM/zCK11uIGxgHiNzuVv4sIvnAa77cKBtC//te+mMUy4SGfdKSxTmFUdYruZzEOrZGPpEnps7rqn+9EM/83tp54shVFAi9KUo5vMy7aNsoyWqeD7Hj08YSckzfog0n839mY60RLNtaI9a2t4eCSXi0ZmXSRn1UbY9ws9pZH2krEftzbvnZ7YXuLYTjjT5lsfNB9YQnCUNbS8Jbcipz1GR0GG29kZJ7Ma5hq5dRomuaaHV16tbRFChSbpuympC/UruhBL2h/zQdYlOWdKjxA48O4jxpYOapx3YB+WBUSvzMKy69bV9AAPzdVmT91KKbrS2u+qAlj9sdI/3d2hje4tS1jic5XFcJQkG5++j3ezhUGPy2I0iN696iVGhsGl6nPqRW857SfeHZgdaADF5NV/BcOHjE0UuzdWAxYt2414c+FkvOeUOmppz3/f7ewDvEyGl99jNAzfuLxYpzhVE7kweZxF90sZMPIM3mKpDF9O0Gx832B2lKoFfbuL1N2yF1CxaDsZoF1kt0NJEjT9RcQ7JCFI0oL4i36HuoQFCacfdZnh9ckasE4cyHmVaoAk8aFhB/R+32GSFVy/84MwQUHrq8TtInmkW4uw1SDRpDnj+8xJ6rEtak37A8Ej5NLq3rz9o/d911Q3ndZsR6ivz+azqVx40W7GEnQurbsBskfLRRSid9as11sjFptm1tVV5Vc39S/LNBspGhXb5eDnZQSsHKT2NFkB5QYVIy5R2hoBDz7qqCXjW4oif2ljjZ0/SIouy/qqZHh83hyWYjNW8QkZaUZE4fFnfgVf7erXbNTu9TcGlk8HRJpE27s+TkJgezYbWRIl4cUAbS5JBWsW4PLC0b3AoIyWV2MyR0h1RT0eJwUAX4j5bhMtDds/MPCKrfYByBKntg7dhpM2F1wWko6i4nB0CKL+Xy/K639PJM6u+SmpY81VC0zKsUlLbYBCldrnWEB63xLw42x/jsk6P42aq7UxTdkdm19FTati4SjTc63FnKPGRfrv1kRZenobb90h6gKci01zaGLEuwdkBtpaRSk8LT5cunGdpG9NRaY6yPJ8XdZKB+OVr1bRAwbncswVS209CTSI0ztPBOAZoIgaGdPFJO4GgbDaIoAKpgRv/MAozPckWbSOwfM7maaKKEiGi7zYqtr1AtKmOaGtdm0ao3DVb1Fpmpp0hMne9IyH7k8ehH+ZRYCSjTJK2MYEy1G0G4eRUK0YSKUYn6G9EJ3iDyhXk1MAH5UHUhbp2EEp6ioGfraf1ly7aLyvjKBA2SDJ6W8sOR+gw6FtJicik1Ms6Xnr6moUJ2rMDPG19z7ezJ3aUwbm/Om1JkcgSQSvEets707ijeDOvxXN3tkzCkV6QkbXVMzSizdSdfegVHKYukW4wHJGoZNDcLI81k3YBF3yslUit2UlKfQy1lH28xwQ3+QqfYVHCME/8QhHHQ7Vlo41Fp0dygbTiLLf5PPVSRbNiMvbual/VdbPgZMgwzJTmMjGimcpqdmRNKPws0YwepeR7ZRBmgbKTCj0PROp2SGNk1YU2stC0ckfzSKzrbQ2j7drTz2pGP0jIWCaw7fJN2T8NKO2e2rGENswLP57JtPjWEaNkmmZLR9FeTOpFEhPSOyA9pzqKtqgeQrioN4kiJthVpWnMWXpbz3yez/LUUE9VbXr5gynaouJ5ifaoWsK7Ct55MA08R9IWVuVFFJp4fqxMQ9wStAWlLpxIa+nAIwiZo6Z5x9N045LOMo50u2t+B0Ry7jBfOfUgFDRQQtmmsHTmdo7MrzMEzbHvbmH94bCgl3H4/fi5H6hp9CKExZBKzuLY9ZjcOOOrEmN+bGsacoecSS/nI6Ep5C1nX3JWdxN49DahfpxCSggpcBdDvCOFtADSfJyWatNCSAsCOc3HZYI7jZUqhfoatvJdILGuAgMS1n9f4V5+nR80AsC+PnsiTgmR2YFUzhzJm2LoKhTjdbNTtQ4lQ3vsumQmLH4wmr4aLW9e0q4NxOQgYVZwnwdWZd/lOE9/yLfdPQNV7Ulke3CMkAXCYYCcjYadw04irgKOeTAKdX7Xva3sUbdZmY94nEEy/DY6Io7tJLTTAKe2JZpnMk0pV+DPs1MMYmbgNotGHGCaQO8qzAUzAmrzSsWD/tjk14KlKFRDxmRBz1y0o0F2diV9jKdbYPlR4FhxIMdtEFRfLuiVnbhP7VklNcuj1CN+XZTOsDQLorTecSuhLi9eAqXjE2Xty0O38mO5SLzoSWfCmtXOy5N5kIgUbJkLS7/kLGfd+hYHQeF6MrdgYXOzOCtzNaXNKl0Di0uZdAylXcPyMInmUueIB5Y3S4o0UFM6C8fL/LxrHPOoUEafLUDS7q5z+ehTdJ2anTC/J4naDUXqCzymfKmibns2D+bhPNYlDmox8xSCWTKrirmrTR3WeX6OV2jGcVMO0jt1qOEvTRxUEaHlHqZ3O+WZIYZBYHgqHGhwSyBVNIzdLiodnHHhOQlF/WpHlz+xorW7js9ym+vnXMZkuUhFSuaJp7k6FpIHMYtR94ump8/0J3z6WBGdpPpFloSzPqLLOsSLm5+lVRj302m7Qa2gEK0lieK71z4xz9YerZelYfT4BetxFpZB7p+hu6j73WzqEZFLZpWYRz+7gE1op432tU5okBg41jrDIea2SXSwtHKo/qB6j02RBl//nStoGB/EPBdNG8UflTYrKqozdBe1bJBEB4GdRkaPWVGiZc1lqFeQaI0OV+hklcdV4RrquERixTx6iY3s1MX3fbLAssw9bZRGl3ry0kMv0UpTHISx+5doqak0g3opZLlIHEWn5oerctmFGTuHeGiPnveTXdK9ATKdxGir6rsmD2uNSPsuqja0w1gRaTmPQaJlMmUN7yqQBZpmvUSehSx6cebOOUNt5p4W6qWD3ENI4ty+0Qt7N0Ih7VcECnorSg5Iejdnisc6dV5m21Pa5hRD+6AmoW6mPbklT/mFJn/QV7vsL68rYFADlJsQoQg/7CtCUht4NkZkKmYxmo7xgNycGS95FPXXp1Vm+5vVAZDrdngbrO6fxXS68ZcOdQQafDTJHJBKtF+Z99N1KlQ6ONFSc32Xjk31jWAnFeJRLKX9sGlmQnslq0JHJmgRaZ7sqwV4b2DdsTnsmlrLUJWIAOKIcm2aVMbsklgL+cMB+WVVLneu8zxXttIoiRwzyucnKIH4AakuQIJTuuQWQ9LowZk2Da8Y6s0sSWRVyjpecM1XjhxpMu1ImZZVFcqJtOQe1U63jTgmZsjRAHvJvSpXxzU9b4YQd+V+TlMJDm+fcGeGSiZfyYNUwC5vc+KTaj/VZeXMAurZ0IXXbevjXhECmUoZckbAnUibhJyRCvw2eGXlBcRlYId5+VyKpHQN0qdz7TG4i1FCJleyViPeIbgF0pEbS+qaIHuHUwKuDQmwA/1Fa7kwbyll2wjRtzM/QEwVixyQ7sW7xK4hkr9LR8I1BeTBixM7FC3qjradaaJH+x4CvivcklkRFlw1NIVrhjadb0PkISMosONUUmOYkGuAV3EBENS4Uh2baUrXAH260ABDBAS1ZdsWCCsx9gHQSAT+3igOOPW8LGAygyAUdbNHSlzTdZpi7DpNH9B1SmnoetlsyNhLB734+652XSqvGqDfaOyVMBKga2ueVUIs47bZ7JsdmYqzeZClmZrGTwE9hcIBpHRckQMtLceD+bwbZhrNBWsmtRc0LsCYhK5Z7KZKXls4RSdmIC+FKKcvmZqBrl30LPTxvEyLJDAQYZsg3x+UJU4plV0ytrdlw8+0NaFuui2gaFWbsvNHs2cOhkmoK70LwvfOoZQGtzVjV7EcuERPtee6RF8xKrjEQDWbu8RQEQ8uMVINzS4xVq/husRE8czjElPFG4RLzJT1nXHvWAGH5DWwS/RUQ75L9FWzvUsMVDu9SwyVWyUuMVJN9y4xVlyKucQEwKwC3imES0wVt2UuMYO3XJB8Rgr74A7OVRQzn4p4lBdVNZNrJam+4qjCpwaKvwufGqomBpcaqRYKlxorl4p8KnAqDOeevmRglRuUXqxNJbwqPZkb9MbRVS0IPtkDF97KS0p9sq+44gjJgeLTIySHiikkJEeKMSUkI5YlZViZkhPlFlVITpV7WCE5U4KmSHKDw1ko13izR0j2lIgcIdmH5FmSyGyhyQEsruk8lDUkTUZcq7xYVaA0OVINOz45Vjz3heQEcDZ8Y27EtajwfVMy4lqYeOqIwbW6qxgrXRrmV1EV8ryCNF/xQuvSAsWRrUsLFefzLi1Sj2LatFg5T+7SEiX6rEtDrIlj1/V07QS+IJ568pBtjzuAn3VVa4pPhnWvKFNTsq+4nQnJgeLAJiSHyoW/kBwpxqKQHEOng2wmK3+ajPgVeX6eyTqPJsMqWHnzxFA3rIOVF8byDN4CgLOr2H1cIpl/QSXLE04kAlUqCxZOJBLlFvIo4kSYeWmU57IyxImRatR2iTDrMj+NZcHBiTDnEt+NtF0BsfK8INQmglyVaA2VZRWg12qqpFyFCySV8CguZCVEUomKCnOZ9yQ1UExZPhXYVMSR0mSSCnMvDANf3ypgVOXPPX2rYP653tyVpZGkAqsyD1mf2tQMZNHNXE9F2TZBEJnBG8g2KYC7bD/ow25w0cLrdYwwYTckWcFjFpmxGzxkHnMD2ovdUGSlV+rgBgTshvNUPMBAjPqc4rs+3rrvgXEg19mx7cWuHSdqEL8B0kHOpgUz0KA7GHsjoDucp+L77IepnXp2Ehj6rAA9yLn0fTaAPnTZhkE+RDENBTHlkCAf0FIRZpWGbiDkw74As1LI3wP4ELq2j4bRj3xhI3sG8mF4Loj0mM+yiD/GkkEf6Hmaa3uIR4F4ntYLACGxqh8AQprCfQAQpZ+nZ0iNABCS6J4DgEiqKkmTXvI28hQtprOkPxicRZTmURmf6UEXKYpW2zjqb0M/AMQ8jbywv88GAAgXqcviooz4dqvyIq+/PgMAxPn6dAAQs9gPOHN+AADEgGEVACDmflHElwFASCvNAACIAaIpAEAMpxcBIJDZUpSDOs8DQKCNZOz2j40eACKfz6NZ/+joACCQWZZzW/LBABCod/PZRflw+GXuVe5FQA7a9XIgAITnRcj6688lA0AMUHpmAIgBmrgHACJMw3mUDtLjBgAISd8pABASGyUACMkINGBAnKMSYCAGEstIEPFAJAiJ3xokCHOPVSQIg4liRIKgF6LIzHxih8kTwQY4CwRhblgHBGHm3hkToA8LQjIAzFgQ0kzowYKQVuQeLIgBlNqVuwcL4mx/jCs8hwXhem7oKvH/ChaENxgLQkMpYkHI42/AgpDGVcWCSHOBTzIWhL4AGQtC3xgVC8Ik7CoUhL5eExSEPOVNUBD6dnZQEF7szXwDAIXgQAd3SE+b2e8j6/ln1qI6TD2H7p/hWxuedFHhDwTACNHW0wNGlH6Wqc2RASOq3A1VXAQRMELPTgkwQs8dATBCzyAFMCJwgzgojWQ8YIRnh3Y2GC3iTBMvkTYjcsQ5Nlwo1RoUCSVXqOTSIErox9CEKKHvhYQo4Xt+7CvjJCJKaGvl0QDMBN15hX6CakEkekgvYbseUIJfoi8BlNBqSQVQYt5Lg+M2qjh3lckqokmkCfYHyM7BSegZr4OT0KoRLZyEfn6rcBJa7aWDk9BWLcFJ6AVIhpMwCYYGQSIPEm+urNM6BIn+umUEif4WiAgShnOxXgSJ/tZoECR6uasgSPQKlgFCQi/4WggJ6YBKAyEh26NGCAm9GPKhsjNvlhehmaKDyTcTtoGzmkHlISREk9MMIeFlvRASPfwRg2qjuAxifZNbCAntyGshJIJZEOq7RyEktEOsBtzKdrIOQmJWpGdgJjoICXmfrEBISNKig5CQ5ESLInGOBoAkyIz1bR8HN5hwJGSAagOOhMYv6UIsCXMJQ/AkQvrWlIRIISI8KDE6vggPoaaHIraESpCKwBRqFFDIY1ooyTiVYWEoqYlmTDQgFLAED4CeUN+DVYgGnNNroCgkw9cERSHZXeegKOSp0Ic/IZ8CncGeQKtUFNqxNxB4wi38knMLUoAnmJRTRoBAgKt50OKbUHM/5Wrjprw0V2WsCWl9FLEmxDNpFW5C4qEebkIaPy3chDR4EuKE3AcVbUI2Xjl1o8GakEWFW06lkdaso9La1rOAalZOAZ7FuF4aF8pzK2TP0nh+TexbDAesgubl7+y617vgDVnpOKCJICuiQpPC9zosu8HvgCak3R1boSRhUYAmDIpMgJpwLR1oioIv0UfIgf2J80lBk5CntAQh4ad+FQTa1C6CiJdGBTdCmo0iboSGXUJ8pa51hmhKIbglffJgtAiqHx8CFRF4NtJwth9EfVgRuiERACKCNA70yAdDRUmBiDBLihYYYkgGDgZCPP86AwMxpNmCsjezQw4xHtLsfuQHA4KCAlWERthDdipauJ34XJYLO89NDnPPNUHIg4s2AEHEBAgi6weCMKI2aHerJuiHs2SGadKD/tDT/fP4D2zODwF/KEMv07dKHyc/oGGXyHEP3kOaoiGMSTDNEMAHyR4bBPjAq7gLEB8GMKE3SD6xoXOZKpwm0Ae+nX2oD9I5mhb1ocyRIAY9NHStOlfWgNE1AzwMyCXIqeTq0QPnIJuNPRgOAxqhA23oDuIGgDZopPIsaIOH91CRNwy0oWeg+oRQ7zDXh9TQNasPqUFqjR6pIR6E1NB3rTEIqKHbjD4ApcFLEttL0TqSxSKW4VCUBqGAIfmV2wWhBLe3C9IsV46M4/OZZZCJLvdwfAh2byFMQQWvQbrd1uI1SFJiwmtQLVX+3KEXvEHJei6nxCA+a3wub4vqINoKJlQHyYvsLKqDckijQ3WQ9i7nUR2U44vzQA7yHugi7IbYgN0g7U477AZpPyViN8Q92A3yzYEE3yDfFwgIDrJvhojgIG8QJQQH2QwUEBzk/aMGwcFgekgYDvp1zQTcoMxHA1aDgU6DzxCmGnIDJoM0UlpMBh0B4VnfGiFBMvRd8nKIDPIBjozIIE1NFZHB4LYlIjL03h7z8Ayym7YKzyDuqzTwDPp4AAmdoS/gQERqkI/HNEgN0rW0FqmBuz7sA2rou2rkQBvKWVz6qZzCBc6XUeyVcroAHAER2Jkduj2gDQqlEKLQIThIRpCC4CDZ4BoEB304g4Df0Hct3GI5SOIjYzmIsiNjOegFh4dy6JMaDtZBvt+XYR0kfmhgHbT8EEEdesNHGMCDdJUvAzxkUcJjcsgADxDG4wVIAydGgAeVUJBYHu4ByazHgW5q4R7CWZqrFJLcZmh2xH4v2oNC66noBgL0g+L8a4Z+YHcwZ3AfxOCvIbAPSerFsYGohX3oed/chPtgWiB1KA/DaGVIB/liS8BxkJdREcdBvHcScRwkQ0jEcZBuYEQcB8lSEnEcZFtbwHGQTUsBx0E2EAUcB9kUFHAcZGNUwHGQ7ycFHIcir9SgXobjIPnpijgO0tWLhOMgWeYCjkOQprO53BWG4yAb6wKOg+TzL+E4iMdvEo6DXoQojkPklaHKW4rjIMVeSDgOUhSMhOMg3YxJOA6yOSLhOIhn5xKOg2ypSDgOWVwokeUdjsM8Cnx9yakSNCLjOIR+rMS+cjgOaRUoAbscjoMYA6TgOIg3gQqOg2gsKTgOs9RVVAGH4yDaUTKOQxpGgSt3m8NxyAIjzAPgOMz8rA/HIfTyXhwHId5GxXEo4tSQ21c83xUcBzdNA1kWOhwH2diTcRwkW0/GcZiFaBegTyY4DqUrB7lzOA5ixJCM4xCUnop+0eI4CAFYMo6Dp8ABdDgO/EW3hOMgHrUIOA6i1SXgOEgWl4DjIB22ijgOYoyfiOMghoqJOA6Z6yts63AcqrJUQXQ4HAe/iPpwHMQbcRnHQbpUV3AcRJNQwXEQbUIFx6EK3cKAxAA4DmiGKmPH4TgUXpXI4sLhOCSeGylca3EcyryS2d3hOMyqUgu4gAUqmxVaTAWQqCRJVWAKiuMgm6wSjoNorYo4DlUQqz1lOA6lHxpxHKLKcxVl0OI4+G7sy3VyOA5lWcrN5XAcCn+mTyWzzlfwjDocB9E2lXEc8tgN9XgKGEMlVO2iFschLwLflxnV4Tgkvuvp2wwzMHRLV565LY5DGLuJ6907Rb4rp5//sPBP9OwN7g73Tb0qret893Q8Xs3XtIT2rMZ33dEVNb3B0xFZux3tom5mqAryPZDdsksHhYbay4d6dLXOd4sVOJQcDs2ao6xJKO3o3imbw3R1l69PYsWR++QKbVS2cFRHj/1ndVN8uFpW2LyHIyhWOnF8ibsvDmjXAl6PNCwKkd47eVnuqv3+Zb6b/tP9vDjB9maxa46bkrCB3BOLjfB8J0LFkHSZbbA5QZuF0dW8rm4nnuVezdE3k9B1LQ+2By92q7y292hXMd5Xu9WcNm5C3dvwmdsVnEbOwSFpuULacXO1hfD9zWIC3o4e1I3DrloqtHCvtmioro779q4LPzSrA+442+OuR3ISGhdwUYOsP3/8JdQwK8/zdnyEgQnaYYCPiCt0EBIYBOJAN/3n/Ju7U472aRt8vbCfwKlZtbvqqlG4rRVSNM5IkuYHVVohIm8sDKaQCUvMsFyskzDK7fDA0SeMIppnKMu7VVlNv/3+5985PrWev7Q4MgOGt/Z/EVCDHO1GxRKGN50rAotofjw0OjkxdwFt7tCfeweQWzDF678v03aiknk4UK20LWh5COJN9NR+en2z+ePEOL3YrcqrRb6deLtq3c0a3Hyi115uf3x/EgYGfozL1Y4EF0xQC47rTasrXKRMONXgQ7l4YmEZpNJHyn7ZlHfTr77+0j/RzLjNrBH3zgouOKbfu8uNToAHtOn34/6wmt8x9cFy0hqgy3DAcO9s8nU1PR6++PIEamW8X32sJvj8XdKpToSyoLavDnfT6o/vt7aDL3V3d9Nvf9n8ajs1slqPaPz208Ws+YMrjFwRYKU1viF9Rbqr7aqOQfumQDrtLVqW99PPP64KcQx6e4YZT9sqF2PlJ5molRJy2XAPKER7xGrINF3WSTGZVfNmV/HietzVTx+BeE9W4E75bH+9+PR2XV8Vy3y3rw7Pj4f5OLWfBK9QgnW9qm5eNrfPP8HexzH6/xMLEW/2zz9ZHg7bybNnNzc3zk3gNLvFMyTBLhT3yZPgNcoPkZpW+fyTrzMnjiIrdoIwygMnii38A5doOa6bWpHjBvUYPsLfsedESWThn5ieZKA5xkCcwtmSnGK5JK120mSM/uZOkETwl1UVh44fZoXjeqETeog2zZw0CBzfRx1z/CCGHAn8pVUhitQJ0gy1LXAT+FuMUV8S+Is+JCnKlvgxovMTy3eCLPecOLPwD+opj75EnfK8GncHdy0EqjSxyE9MN0YN88doGYX6khj+siZ4cYBSs8jJUEvRX9YZPwlRE7KsdsIMfQqzQGq95YSpj5oWFo6X+I7nZU4AnY1Q51PPCV3/4zpAfQrG+KfCaZdx+i0eOSt0Yi+Rxs+FSjw0fmHooWoiB9noThAFmLW0+raBYS70we36IPTZ7fpsyYzyOkYlHEcjie9ey3e/QGPlxHHgxAEMVuB3g9WOqjTuLh13JClekACjHKTfnRT94ydYUCIo2Qn8GCVCP6lktYKnsJIx8+Mnz8jcgGmCPj0aWZsG7Qu3VX64Ygrh0SNRQVIN63emGny8Xx7WtR6H7H+WBpiv6vr5J0/8ABmOn/xHH/xHH/xHHwzSB/cOwEhU5ZcbPJdffPj6xV87l6OHzeXx7lhXzz+prqtNU5afWAXaa8nfwSzHHEF7PMdNlmiEvCD8KUOzIy0QP5MMJokXotFKfR/99Dzuo4/Yg9iaAvvgXxioOL4OYAy/gNH7KXa8LF36SJqSaycLl4iXBSKMxg6S5iz1cDFoUF2ffUIihKdfhMc99H36OQChQ0Uncfrr13g2IOn14xyGNbXITxAgmPxoavhOmCSWmEjVVmDhxF/XqEo3sRIn9ZbQ7ZS09gv0OQ2uY9QpH7XX9X79GvEmSEMn/QJ3+gXKBhLuRmw64F/TIL3GrAwK9FWUBKgSUE9uAALuxj75vEQ0foLEO8JTA1IQi8M4ph/Rz/AnKC17BdoOSvbjCIYnQy21WFN+/fcvUP8zpbpbof4j4/8Xy/i9c7hZAfoVls75y8OvTDp7z2HGWEz/hNgGQWT5yUM2V4HrW4n7woPVMWOmDRonZFt5IWIc+ktYnSXjwEWk8D+1nNJxmHDfoGZ4Y18kScaIvTwJEtVIIPHSceZafP3ot9CzEt+KE/ifNMnz4jEMpJfgvzTmOhijz2iMYtrycYAan0pUQTZG8i1Q+VYQKcPID8i22WN8T3xCyn1PhnlymVJjW3Zh9DlN5/y9Kd6RaNeX2KXTVr4Zv2JgVOcOREx60ySYf4nafJj8qab9f6SxUypI8njFIkvESTnGLZuCxkyTf+DyoCNiJ7MTVzp+D13p8L0rBztH0bPqK4q7t20wvqFwohW5bnswHW/VM6r9Ni+q8aw63FTc6Ts5m0dlzD6sDmP5rF09fFdYMCHuTepsmWAnIs332B97GOdoZIjAP+kyRpeNEIwMDMWnfZSfDJTC5TtG//kSce60P+yaDxVDnXNinu4LxLH3u0roO3xHYgrkbyFahP/uhwpNZ7F8uaUE9pujGKn8twwNP9t3tajxdx1yHHd66qmHlGjKxKLO/BJCb/nugY47MbnKt2j+7PJNURGxwtdHq82y2q00s2r8j+puLx64rlcbyqMir4unMF2sTy0nrda6fqD8g+5cOr58qO5ayBPjJIX7nh75gzL6JU+YyrqVCqBDzhwuk7sIJxTGBMN5XLXr5a6qc5iUV3DIPPY6k94VB426Jp6kq7nuNoUn7hY/w+1a108OtJGbut0VxfXyCm6HEIPbJs9Xt1WJ29teoyG6m6uP49WmrG5R04UpiqVLlipufMnvbBj1reywzfXKtb0eaPnMt+DrpszrPi22BgKN7mfSFPdLE8nO5El/wUJbGMNsgMsbi97g3Br0CSmTaBJVWlQV+DLfnbSXgorqRWsL3HFbxgSBd2+a3frCCdq/JghLaT9f1VVCNxHNuQjBSCMdxs5rJmYr4k8UJdon1mimn5NqfnUj1/VXnCoHOAThrrBdAAVtQqwC0shUbGO3wNHQJ3VNM2n9ruXCRFM4MJmwEhRAU8OyJijWBth+uJt4moL/wqJYG5nOg37WGp7oycsK/FhkO0FPu6v2x/qwH1w2o+/qaGexbMO9bbBzypebclXkh2bHF/51vtjgVwfeAnimOsz9+rFdLsbjd4e8rqvS+ovq1SiOgQp+wB2u0AU8pPbgTpkb3tdd3Kl/kZX3N+NASTNrgzaHWKM43t6q8n2FpoqFtpI34GNgza7OEwxaO3kXJT2PsYlK2cvkAGwRYqYIEvFFVW8lo3j/pmkQ0wVWAe8GzE2FOXRfMUwU+uaAhXZ/ZnmE1JPhtJTL9HeKh3uC1ZiSY9NVvybTVcUaq4uIvPLoaNgqqybNMYNZ3hE2pE1rHFuumDk4viMuIdzvNKR0yKLXAfueH0ylFNV46oojDD8sVxsdwzltyHKceOe4QTlItPNJXHkH5wUc4/NGsrDQ0KUxkFyMhluTsmnPGmgd6xMObt8f7mo61/sVN5mAnc3gJBGyGQhGCzUcnBh8W8SZzefIOGemh50tvF8d6uokGS7ipF0gc1ewTpVkmKl63gMmHmM93VfhDUkqMhE01KTOEfea+fhwt61OokOSPOmB3oI3F06yOr1cK3XaUXL/6ticwsD07xYFb1SdZXrGoNe3CDFe8NTrXONoRzVbe5T7pBrqut0FKzTUbWllU5Q+OLVZnJit5l7h+DaSzfGjvQWym++UnPP8utlhIOh2XcU50Sq5nmBf46fu6ErzlUI9RuWAsKPtq0X5fzZNaZ8Fn6VGAqPNe6IlasOD90GQWd4BEe9WNgx4RhglR7+DAcbum+OuqC7bGg804GTh588/Y9cVtFTQuU0j7T3G0sT5tIbYY7eVr1aN4+DO7nv6OzmYYIcRniv3GY4Bh2woDEsvDAbbWDI5diKDaYHq+xe8udFiTjw/7I7Vb4KsGNacMwpHWyzWZ3hX2e0nJi3KjcyI3isSU6P0Brp05rFrboaw77xlYklrOTucba0613hg1n+6e6HV2hV21r+WtczvWuabWoaXPa2/utdt6j11pRN39QMP19QNAlX9/GbgHrVIqusdgdDFJ9WmLY9JIAcUhbvd2z/1dkIlUS4qeMhof8TrcXnmWdy2a0A7LLiKG9AYTHeCKzscwyGXTG2A8c0ORk82HEjshkcOCfUHivJ9ksG4EI1Bn3dd5yM9xrdtrId6Mq0P9iAQu/iqCskD9MN8CnWQbEQwO2UazK8Belkydx8ghpqLoCHZtNpkSEb5OmlgNo2gDckGw/WQbDBEQ/LhRca8PFBAJjJY+uuJ1/C8xP/X3JU1tY0E4b/iStVW4axF+cCctSkCgQCBhCQcqd2HKRnLWFi2HEk2EJV/2b7tL9vpOaSe0YwsZ0PVPoGlUc/dx9fdM1/ZraS4wo/hF46G4YdfEzdKeFmb2VJTEjg6LI2pmCdgXpyccpkbTll7mtqrm6lZD5zLyGOBTefUnkuNGWMaKYZPoEaDRrecNJiMZdSZ+qTJUAulwEfGZx7P4U/g5PA99AqMq91X//xde4WpClpWQLmyA0jLdaPz/HMuIeOwICtVU0m3mhYbW3SsKITkCy56cnC+kv4lzMXVHCsCILLbEcIbwDh7iT0h6BidKkVNzongIKLY46/iYQS3rTVt+p0KYlWObFjBH1MZpEB2T2YOdJoa8s2uiImr7H1lmFbDaWQ1sMmWhSOZP6O1JGsKvlFPVS/ztioK5bcv5WBv/48d7JoXfV+uGNqoQeSOvbjWS5u/5SjEIgnT3H202K9YrhhilGep5eqmGwQoCTF/4QzoZNbNrxJ/DKJBHN1XV+dVGm1ySSOoGsiIxw7z0tdrv9da9cU+ZNW5tbU8NGMDRqae4kRHSHCkysOYTkTC5DfVMuNdHk611m60BtQkMlDa2txeiVLHSmlnZ4tTCoPAncYst7PnRnxsyeXR8XljnV+NLh6Nt5ukxJCexe4smsG9lJyePP+xd19fUMYWJqlSzJ1MKJU7Dw6NdAAcluAEMyzx2wM3OoTzv8j9/Hirob9CkTlk/hxtpIxv9tixWl1Gi++Ag/CJ/BmcjVIV2IM5nLhzaAA75FTqCZQHJz6da7xkTOWGYeT/gEUS0HUDDON62qfT0KdT8zRPkYbBNs9iPQnvLsKeH3jk9Ooo1Cw8OjynlPhhGJCbTzfcQyKmvfsbVu7sc1aW6U/rzg/VQuB6Js/2hHbUVHEvlEM8lDmiGIEsR4gsrQUdkIzmdElp+fpFxDEKEzqka63tZt+7x7ij+mKhLFdG/yB4d9L4i8rXP6IkYFnOpS2xVt001Nqsl82DVGBKSjBNxrDH5KfFF7rZXX0L8qNeRUb/STIOYJ2Ri50PD4b9wC6mgUSG0t1QLKXsBXhNvp6O3vMNSRv8uNvK5AZPAt4Xd+nGtbXcScTvZ6aLB86no/wpJ6R8DOH17C9PFbZ8v+ANufWT4VuVb5D3t504tTgDljAp2j1xmRiZPFz0V81Cl+MFK77AXaQqp8UpZbeXyWhH8Rt6dkL/hc5+ZBTI43XwPcV1NLPSJwx0IDcfmhfIKzD3Y5+yJPjBUYmsPDiLiB8f39kxS4FqIR6BRwM9zuzHQpcN62cPOYetQ1Tw2BrK6OYBMFrMSfWO1vxx7sTOjx6Qug/PXS+KxYowJZt+i5KVsU23Rxk3VddkpICA2MswtRKNB6A27JJA3NDILu1McDn/petU8LlMbyK9zaPO8tMiiqJJNoMlJwE2w+++AVZseKSiukiiaOqaujpeOy0Fq2TDVHEwbTuTvqY2/t0QzgnjBI3jInZirxM9p5opbaPP96bOAG587xFWM/nmdVopXmdoC/HI0pVcOqzVF7St+VTeX/UihZvn+gkbZqgVB1poI1MvkjyaDAGj6JPrH2SWViWnDEQ9U5tuObab0bz78TzXaeLzSWTAEqdDVXdrwxHDMCjSrXZzNe1+w6qTtzZWJNUtIbUhSGUmjB7+ahgG5ynIqYWT4LkWM8iuRhkFpZ4RgLPvGPUeHJXij2afU6PcsxwbozvHKx5HxdYyAwCU82Py3mft29nZlMZNmtF1EEKBrASlbrmLcewD3QscZxGkBOhSFFtQkrX/Iux7V+H9PVXz3x2NvIb4nhCmL8Xe1I14sBvnR4SA5GisM5Xl0+CQC4aY9L73zzUTQRKCjqnKi7a+BaSTq26vO/WF2g6oVHcMUWEepoqfOwNZnCxyjbf6Tb60GsVHziCY+f0UATSyrwkbGASkiogI+V7Gz7GQXzGdTOxOKWeNHY4tssGSP2xrT7f8LBK2ikKCjDPJDo+3Lw/z/tXWO9DICntHrk3eus8zL3o+ZA0mX65Gjw3xXKDG4s3Z5fEJ2r+bTcUc5F+ADiOKR2enbyWhGy+KaafFm+fptz4itFGBkLYcDMzQ0s9N3k9YUgdUk6ZDdn129pQNWYdp8XzJsagmEg5HOL4KfAumzS0xEGN2jCE5EUEEDQNmp3sXWcSCsusQfKECprtwYe2eFZBldrIx9tEip41xkPNhozUf1l/Twi8eBWnGvhQtQvyQOgRzabhz1w+Aee1V7Ei9qO4a8HorPFH68VJ/ry3pQHNWiTyWQhsyFJZJopcYmwzYRAIXVoo5sogHY/93V9CvdPyAR72Qz1biD+pmh44tCa7KHT+2UxNXiKs0ONVN/Ka7xRkZuGJZ5OiwtTvwozjhFy8LrWDYcvL+tZnAkh+8GbZlobaDQze7WrGOLNZRirW7WLSYua1spFmqpOpKKvL8UimhfmIKg8MaB5KaJsVZXPnF8CiqP9LVeBVehVNhTccPt9flOJdBSaTKKNKBxcqkUzQB/AjCoVHEszlaWi1kipQuAA05IZglFbAxvK9QRzG22kRN3J6lH9ape3KZ5KlQpRaSba4SCv3aKm25zqaKxTVVheNJTRtiGnkDupThNOrZHVwtEgpODz8VneGnsoz3inkmnMmqP3+xW75akonGmE15JjgsWFd7cNQvwkQMsWcvGi/G6pMzO41oX1Ld5UPGvY0HaVM1GMArDZAG2Jv+hE0FaPPCpgIvrlAJaEtLfTBgVqRgtDq9yHNHDo/I2KVj4/f5Sa8HIOLOKXOJibd5M0+xEKHLz+Fi5F9QSwcI2VZD/7hwAAD8FwIAUEsDBBQACAgIALyhaVYAAAAAAAAAAAAAAAA2AAAAcmVzb3VyY2VzLzM2MGRmNjRhZTU0YmY3OWZhMTA3MmY3ZWM4MDdjM2FiNzAyNTU5ZjEucG5n7HtnNFz/9+7kS4KIqCFEjC56MISI0Xv7InpJdIIIohsSvWb0MspEjxCilyARZdToLVow+uijzSj3yP/eF/e3fq/u63vWOmax5sycs/ezn/08+/MR9a+WMtlthtsgEIhMVUVBFwQixoFA/wgT3wL+YkQqFgm83PDQVZa7Md3DFwT8QvJGxdgDBCKlvj5vgBBZ90HElEhVBdnnPlmYbBIfPf3Lyw3h2zybj+4Gf1o/BdsXkSbryxAS3rYd1ZG98T51B9+7ur4uLrJ5nuU2+4RmWnZaVkYmTIyf39awjawJXcTP/+/HMo4nElcev6SeNKomvS7Q/N2KXPNFZhY4Js6zn9Q1IlsXvLZB///4/8f/0yHT9y4L+UeRB4Uz+ZUW19yZDSf6r+97SVTCsGstAfM6D0GPpWui0evVaIWv0t8xHY9cT6Se/tdrfoujZ30E3QP/SQvoPkOV56+9YClGpfeUUPzUE3oldvW7Z7i1doHqv176UZVZn7rMuulXHDmL/jI8qVdIQQU6Hr0u4vft4MjNAXvjv14kUem4LyGyY6ArGshNtpg42EPBFmccGh8dT1rw1sYwcK7qpeAJ1P2/3yuxGD9Uf/lKbjBtlEJXYkKBR07DbKdSabXvQIfyHLdyf+EmCMQUmWYXxUw8wvifX69J4rrf+Mgk4NeHbxnPNY36b4JTq5djvYLhX9b1hHBOK2KcLwPoQCCI9A70Ixz4gPj/uP6d0/vn3MFwd79zQvdAuYz4AA0gcnhaJKLkIzfp8dpCEOv9KnLgerJJ95dzD2QpCuj/uUH8Hw/PzbKWomNe4POVrgSxxySlHYq2RveNWr9KC9AKv995Wn61PyMRtW8OAv1hNePfP2UmDoZYNouqG3bL/MfNyIQ9jzthpWM6XC0ejLsSkZBelBQ4y0K+XNKEahxIiBg4brnxnMXaCR3adq5XdzxeuhvoX8jm9gagSIZftSpSng/fnXjKBoYwq5R+4K2j5vPskYlLCfrPcHPW5TdxKiQcUtuwnN1XzCRnWeuSpPZn7OxO4wp+sVRv/N4ADAJ94iK757/Juy8uGR/0MAaJBA8SkD97IxXMrCLfXgfePFYoYDn4F3aTOVL6Pz6+QC1286nIjp974E81llMKAfxz4y4vSvfPBpUoaN64/Ri37rPz+vNj9aFNAhBIq4G2slgsF8W6c+fh05qLjihqSQVFxbnHgec+OTcIbr19mTv5rdV8IOSw/NWBDEXBURcraXSN/QyN54P8165TdRHm8y3+J8fO/mO/Gu8UtGw73fvPhzWh+1sHFirQtS5pFe0rGwCl0m392oYkGxFwzOd6dL5ZvVVNgqB2rF/UgrKECQzIQQhvB9ODXOUU3+dRxdmse6d1pfiP3vj4+PhMa2vrIEnX+eaZF0EXRwsw7LCyOS2/yVu6YOZIGPQCO1q+23Iyn13RfND70DmTkoHBb+ujbMjTaBctl68uvz01Ti1nShxHi+a6U51n9GNAz1/sE42Q/8f9Cha8an7SeE4nuIIN5eo+IzEMRXuMj6xbi1SVzrvDxexa+cCeqevg7Y5d0i9Q0Ls6TWs0U7EVPHtsWaXIebAgu7m5WZru3j0ySc/NsWp9ff1B86a3GwObm5uKSvlubJqpPTZPNQ5JNW/E2Yhl9jloDWfJUhC6JSZBCt9m5hZLaB2KDAQ2aU6rVqe+toYWziCuhly0/IyNpzuQQZdni9mS3tAfHR+9ovutv7s0l3vvzptd6swE/R6fh0zc3/gP9vq4Ivu5C2+krX1aPPBJwL8notBdA9bJpEz5BdrmeoAvvR8G4EzGtAAaDGdrROVOjWo5Dgwx1RwjpIMC19iUP2ClgUfAqqcJXHxrasKpJ/Vgs6edobLEjXIg0I+Boe1hRU7qEUz+zCfBX0jpq/qqqqriu4ziQyGi0dMuT2DfPLcmZO8FZUEuZXD/N2XIbHUJf95CT21tbAiGTbV3vc1gVIPao8YN191ohzfl08IpyQ/wAg83tudrgXcP/BTtk3LOikvqyrnb2NgY9PnTp/S3GyOFk8Yh4dPOAhVb9yXj+KzGssQcrZQoCB0VamYoM8ZmJ772OcmLZWh0jo+PZ6afs6mOpAP340k3I5eyFRwS4mpTkr+NysASLAIxe7fFnXMWa+g29lyQG9rfF0/1hV2ity++VwvlkzKUXNTlQz9i1cxB6YUw72rtKm+v6GtVDpD+xu+V2WmZ9DX/n2sKU98b3T48GN0eZ1+YQUhBJ9DTHGmdhj2vXwSpuweU9dAOOyaufIlK+y4wSuVdQfqX9VLDFQFCaeUFCKuFwj8WoQQ27YlYed5dGw3lqxrZFHlF/f2qepkZkGAmImSUAZuJ/nxB+HKjyqXXEwFuZwcrZ0r5+5HTzl4TI/lS3eUp3kBO5hw6mbe9Pq/eG1j1qOJbewEA7+r27dvBo6Ojko511d8rkwLH6pBOCYHA99d4RrMV+9Dr5jUXNPzrys0yOxNPu8VWqDCsgGcYWQ5QX2XHJz9LA7Ixz+Ghh9gOiUtsjJrnqKZuUV8bxiOz/1irxOynJLI5sgbcKRmG6sql10O9mupZuH+Wip/TY8aun1AsFLkTn4bc+VgfCUfugGIqjHDnxvULbORdp/Y7BweT2wdF+/uT2zb7+qkLVT4xQ1sBIQsu17EZKmKhY9JjR37eb+k5IykOnfIYL/nT7m5XxssONp0ufovWO3fLIu4iFgTJOOXnbkuJWTemz7Z3jdVUM7057h0cPCn9/FmttLx8/pVYJu9DRtJJJr6IfgKQQ89Xl3S9s4i486aAs4No4BjqjKFbyJ8+/q0u7Sl6IXN6A6jn6OTHo+pqxIeJiawtjcxJVNumwlw9xTavqwajDF+8HtN6KT2Xy5j5GOsH6xB5otqTUH8/Md+1uH7BWC1qU03bm1f1Q2sxRBRnIW/SD9P167/gw0C+xcLizCPM02DkVxZ+D3B79q+fil0Ob53wSJbe0rvsjbEA4nqP+xFHtKosFGt/kmpl77PhyOCReR2LN+SBxgu+wz6jp6cbRnfxI19HyXBSLO/qD9ELf4pn8KaI11gs0sFv+A6AQHo1arnDAqTArjEiA5IAEQpsmvVBsCMg0nM7kKC5HRqETZC5Fqsmo2bBdwH/WwM2Qdk7qohKCBy3VXULtyXsP7qCdNw5mtxuCsnZXUem+MKsJ0K+7zxwZQAHzU22QpxVB3dftu2KXd+WQ0r8qHVzdxgKdrrhsYyksW5yzgxgVAVUBInERqIYWJTTNnTyUdT5008EQc/CF08f3gENMTi89Sd32rYkKp4xRrn77s7UC378/Jmn3QFilzGwWnqMaopy0QPouMagZkBabEayyeWZnrl5S2tentVq9D3eJqc61DaXVpZPkoOCnmng8w2in9dvvtcwlFTW/Sw8VvwF50GyoM/3X3H4wZCLQGuVLN9SqN9vGO40A7ZxAk+mai9WU03gDq+ZSrvDreOq3qPTVzC2rok915J/1W/BzYGLTKbSf6kSJVC4pj2cVViSJ6HtkbBKNWALZPJe5te+5ApzmskvVAv+0fPaJclUxjJB4WxYrAVO3GvkMLOgILIQW1W/cZa2vqyWSvWzaAjPVAIn386HI/yQNGCvLUGC8yC9yUHfg/z6FjU7DtwQsi3t0pmWpFvUCXwd0Lg2wS1/QQYg1gwv6sq2/P22f+UteJzaSc+14R2Y8uh3iyUptETgq0GBTRd9Dl5DaPzG8cPCYeCnwYhZQcLF27MOhJRXzyi7YdJcx0Iio2aV4luETWW6g8Bo1uGkbeooY7EEumKmMP8s0a7y++u1B5BDB9YLzwWolkj8qixC67KpYmbS/kJog0umfg6FcMGei50HElyXMS2JhMhETDd145Tm5y4uR6W3PbW3oWsoXhfoikBSwNh91bNHcr3BV31gvc5HNdd0JRxHGcC3LYWtWdkdU4yhndM3NqbnRTPlz7W9hhwDH+iyDD+Sqz4z8/Q8ehrStjc2lCvvei9Tf/fHjx8PwlQ2nGvoQoGQOGysZwwl0eQSS1UvwdQvESZbQXV0gz6fQ2gkL15zCy2x4GDaKj0JJeHJ61eq3MNOdxyFpt+exbDwH9OQJbkRm5skMRWzs82LVVOtC+euroipDvFRYwQ8UsU5NirrFuExnKK/oYYOWvSJbEG5fc646i9FxVfKSSwc/VnsnRFSBfDA451ge/DWvzNPeTIyMQNdycNHy/LfUabRGR+yWYC4/JE7rwrcy9sv2s/dt+37XXF1oQlU6pz2YSRy5xt9YFO74Chf3tlvbe91f4Q7gjewKaQDQeA1XdEDTWh51Q/hlDaHxpTZwDl9EehXVabH9ezKSc5JVNnTWqeUPWM2aZySomepnSoeqUVDL040oQO3ECfnni8G8zPURKZe1C+fXDZtP3QyDdI4zt0nGYKtqLenzkNOL66tOoiJVELk18EZrcSTS7DZkg6aKcm6TVkF+spserUdzeSiNXRfiXAfZSCcpyX0EAR6FhtODE09ZhLTtftd44j5eOi55FUuGXh+uteXJij4OHOgePuuQ34t0Cezlv/FJdienYaR0lnMtfh7x0+J1W/9rt0ik4+426IaexS8B+CF/x7M7JP+Zkb2H4+D7CeMr7PgQ2SNNCIt1cn3hw3VPmTxFCp9V6nuiKetzlRyVYG32KR4W7msPOTc3mNPTJyOcnbMW7PNifVhaynXcJVP1c2z5ZZQK4Kj2DlCM7H7lpwwzJ1qqF2TMVhqoAzuN2HGKJFiF90oblXVKD6rOjU55bnuOX2yt2tb3/aa93W4al49L8cvyDA+94SO+4Fu3unFKMoFYjOE+kntypOxonB3RE2W+1nanR4dP8Scri76NuL7KEo6bF47CIYekzzMwuz1Xh0i6Fpg4JD7N5TAXF6x1/JFan/w6ZLisvzyFtJzrCQZk3Y0tw2knmhYI883wY6jxVlQk0RTlKxSAeVulCTPZ8dAHYcplnSgyS0m/5qejHliWj3ozHUeKe505vi2HT6N4Kt2OM3tsUlIwQhHD41KGvczLCqjH2i2GuhtV8y4Ba++fPca/xQx6ZjnqES4XneRs3rLfsuUMrAON3I65ENk49q2++Rvp5D0Shz8Joe2DIY3arWh9F2gx+5w0SpWPKH9IUqZc/mECySjntcWPAjU20yMAYmAWHhExIIBUJy2whnHM4y1Ypm2DEnG731MACkhr1MITloV1gNqNHVpaWl/u2zbcTtjb/SL6ZNtI0FiwHP8KVGJWpzXvf2g5d6uKe7E9y559D1FjcYMC8F/gTQ7q8Rd0g08BahTR94PIxGD+dlBx/nza7/Wv8Jcw86UPiPLseFj9zlH0gtCM8ymuO3ytE5FCh69ZeVGHBNyZx3c5/axY+ROh4TTPBNFMAaxpjNe9alwwOHMKPADrcNHEtA2RR3XmDmBbzBavxc3tT+w3qSWV1kctVZdRO8XOGwuFzjgkgp8VkdDSeRx6Y523NDkKFlOlptCLJHqshz0+3byfs2sYiV5eq9ieUDDCvr0ifkf7ieyPhnZDUopn+zRdXbQhq13mDJ+wSemrfqoOwq14jregKW6Aq+FLONVP7glvV9+uX1p/ekN44iAi+rAhkHBrYhhiIeDwRAjtg93CSEroY/5Y12U4BhrxY3faBU527ibqfh8UZnanl+6Vux8qgcqQB2IUfYbH9+zrls1pY4rQz9gIzNFiP4kH7iL2Gb/gSi90eRCFffBTvbdTulbhA7kO3n3b7+W9jVO/xjvd69jBOO0370WkWqh/778V+tPf00KoCXNUPbiO4utyPCIcz50EzgWjxb+WfrWhiYoy7bt/uJN0N7b8sK2CNe07+cHffhBQLQn9tiMmH7Q4u1epX050mAKkWN2v/EveTrGevTAGsJwgnzmK8zJw/M5aSrnhbTlz9APk4/Or5EmqsvqtBW1z52Rjd77aLSP5XJNpvrpr9aTsBg+tu4NMPFTxAGDHFx/1VI9w8Ku4EVaYfIjzoO9CUaBfY2gRBqtDJnbnHEcQN4MCh5yThiFZlqymtywbxD9/G40eXgeeewWCy7q+ZfSLQeWHejaRq1xmyGfWHbwMowmQosdF8ndzK+iducJfWIGMU2faTQNyaNfPDccb35Ef3JHOMvrduDDO/YydM0cXHFm4owJskgCsNiBOpjOZItY9DpStX+QnR054BbHAEfGy7vLSM+CBwMOCLrzqg/OQOoWDRG8kA631jQgc455QjEUmQZIkweBmEIkLf/5FBw7Inb+eDqiU4Ft9P6FpyQaNOeVpH86XdRjyGfoGP3PW9P64WYtEVGZ+kJlmWO7iO8LhOtiIhuoJzInhU/IoBR/7U+SzK/YcTXog7Ah6zK9neEi97LSQiZloRgDpEiBw9TD83219n0JCtAP6hIXjTSDPR0O8Jc/7VetV8czruBmQLni7arPgv3+TDu77Doe5/8p/zGne5vw/uTyzlHsH9FZwqma83QNzpKqqoPG2NjYhahtf3/O8yGO6576hkjXqoGOzn9VnNa/oGFoR9d9jFD+FVb6jmPli+H7jGpSJrlc/CZ2VKQPgjptmSa6RHyfcWfdl7udQ8x5U+Odr7P4QH6AI9vuGIULJE5qJ9oA64agZG1/GCP7GQR5/YnKC/GFoA7KGceiqAfWY//YXWLHLdBv85LtpxF1PCtoule6hPas+Lla9CmifMvwiMQSvpVf7Ol9ymjSgaQ//QF0GJnSNuktLkADpTK8mPHE+l2V5Us5WjnQjjAeDD51Twh3WEYdhkR1qbDFjNpJLhanjnGeizNujYMWlVMCn6melugfV4LXOH7DvNIJ3s4MyOESgBcjDYbFCLtSTlM1x9Zc3+zVDdBcWlDBWdyFB18oeAE0xwlmCHj815E5dWkdTPN0PLTOtoL/XvLQGl3V2xHOLd4xQFYlkJ5ZQ+8t7VVLAUFk86w9nSKGQiZJ2yKuyBpg+OMr7/2lTu9+u0PbIxkRKRcIb8PFH+mOG3/ueH9v3TPx4t+xQDFRcOqbmARqcOqp2tquOGu2D5I5FxhK2nYYwkLBsYf/gN51fYSTHi7lN9hxnOacoy8YHmjDzvuJCpI/9YSPpZMDKSIi23AzbLD5aZNkXFbINcxzZNNBbywPh0LHgDao6LhmmV+bw6B5eyqSN66/vZ0Q7NXI0Wb21u1b9zLVcHGrcHyIAbP+Jf0TBeORvjNcxiPCj1+LSZxklshkSoSqDC4TRqwikxk01w9/uCuqfTjXAtJkhHzsYeLWX0N0uO0Vn1Ka5r+v84JEBLY+WXlICLg0K+Ju3DQv8xYXEqRspb0Kf3JqfzGF5Ayzqw2aGGZlWGLmvCpjU2LICM8WMw1DsmkhYLP85+KvTofVpH/ZgO1/an8gWEQVbkPvhiFBmW4WzdOoMjRvRtcnPpdQsGgRaG71haPBsA3heisjY3ztxgRDBfkcpysDkDKlXZk5pfMPf9XpLVkelAM70u0oLeDX9Er/VFGqP8aalWt95LEVexCmkI0FD0ic97dIoW1tbRp7lkRRM/wmNevlpHQC54POYi/GGG1c7wWTj4j9YyK4E+jSeOjpbDB0W3pkY7RYb8MuUxW6fX5+/vr2nTvP61dMFpXnVvPnAJwy3HbdVo3Z5z5z8ouTPj5yyz1R49YZvK9rDRUt6GQSKkDRf7Eip/ZLNNIINyZR4hZVmkANQuiUNVatP91GMpXGFlVBsI8zUBbrJHVJ/oyobWHt6h6oVx5cE/PgHeQfCsmBid2kfKCXkRSIv6WyjFPV1Q3lK1R6UIgVT+roRBp9OWVT70lQ3vCEjnP1Z32GZ3ghLw5d0zPLai468ravJxprlPFH1U/iyE1fCZLj6n70SW8VS48qjAYsIo/yFeRfrX7is8oTmlGTVmYser1YLLaBitpbflOWVqrs5zsrLqi8Df0QCraa2TlMkZCpT1GV7gLN0U7znDtPoPtuIx5CgsiHXBgo41v2jxkqHs4pgf0kBm7973SYVCYE/PqAjyaVrFUF9Id2nBjSjhaWTGmB6n4Pbb4Rsg7ufE8FeidZMpguoL/X+PrHuxsPO95bdpHZ/8pSFcnQ4BIlGmM5ZSZeErohGgbOH/YpaGjwSZzq8o8IDZ2drXWafPBbgjZwaAf4Mk8WDmW/6okcatdL5IBSpfh5hun6pJJaiVDF/RErD6BW0vitBp31MarJG77GatGQSk56Md3oHo46TakPDH4M4PqYZ0wsuDE9UFW3dPupNW+6OIIGihfn/uDTVQYnF3Fr45IySBVeIjZ/1Yl8hZvdHeYKvzIFg59+fuycNxDUntZy4TpxjC6Fk7bfEAIe/TUb8xYdAE9E2tUsN/NWMcoBWiAhZ308iItykBu8ehST/lBFupbwp/bhh8PPetdEZUs1AheSqZ/mswFrimUXTVN+nDl9NvDnBybuybjPhY3rXuE+SbcFnPzONTu9fJ9VlxBQd9sSZVTav8xn3yVaj7Z+uNhpAlNTvky7YlzJdzoXIAOBBmTkTQN+a2eJ73PuH3kVFhZqV4V0Igh6KAIoCGWfSYoBwtqiBXfUFkJEFA2Ti5ANueVp0+cV92DtJgjkQsrNEd0nJSoAGFet77SchV1lwgWdqTMflqistP2y+DgU07E6g4gzYoH5CWrAc5utU+qSf8P06PSOKCZqx8TDzLhxELVjN86rr6tAz92iVLzMXSPNucMZpscZv5ShTX1tDc4rwUcpjMayyMNaXGjGIm7dfrdiv0k1bn8cJX89KBzCEtpcbGouq+ycsWk+G0iDpEAUerRf2VBKbqB0vpGHIsNJpDUlfpXOAyBV8qVkwXdDAHimccbtyVcnFLIz+y+/QqS/w5AFfd5v6rXYZQsmv/t3GHVH4p7Vmfm7rIf1SsSShg84zr4WIfVYQkmfDHCcZn1Vp4+DnLNcHt5XehlKB/oo4agSA39aFPPw3KXeZaZO2qLR3TZfaS9h4PYO9F0cM3HwmKDGqVCUi7hE0OW5qaWlpfdXl2dJMIbHv0iryEEfXVg4JFP9saqUUoVj6WsAFJ8ieM12Fq208zxpDN1pXDHciP1kgkplFaln+ZBiUUf1PPiMKWyz97FTV0wXWP/cNzhKGp6wFNljB5NLj4Ljel/mt1rd24+ov1CoqkPO6VqdkuKm6GVFLezjr2d5Dek/yqznIXfROS/8hs/j7ATjenhO9r4eVhm9CgOrnzt1iP7UvihApgqcN7hnGSbV4sUZVmyvtemNJk27mL2kgao2DY/IVWkI2z9Vk15jrfPn1ZP+RDYVh7ltRNcrLTIPgp/H1qlB7bv4G4o4wanVA2Or1oInRmy8Vdp7ln2D+uJ3vi+AQIiQ3+zgTFrkzty3Un5o7NZgjpQkykbYnIooQpN1B/ryOm4QAY0x9EgRX1+nX0tg1dT8C1SXb60eobb+qey368D9RLnbijvsqEav8xZ2NTurwCUdXDCq7OESPRo7CWSOlVVQaL8Zo1gUjRZTBeRQnMZ/kz4SysSKu+ORqPwwRppaOSnPMYilc3gQseHUU7fNxYFQ6dEJbU1tHQWqVx38JP9KVgf5CnaheLa5LMdycT3Jevx5ljod1r8Kr3lX9oJoqFnt0FxmQrBDoCpyWgtXqW4+om1tEmiC2KtOG+P/G0CPOrx4IuwVsfSravIkGCABlYzZziPLBPONtUQyimKOPdeRLb8kH/tna788Ngm4XjYH1VipGH+la8QRXpmFPP8A20JwgCdWPfw0RmvOxOn8GRXpF/WFlxQvq7P/Z6qpN/KRFjnf4r8wpFVzyijhbvN12GG2uE76E1EEJaFsvAFl/u8Rr5XelNrrNiY1c3yyu3C1+itbUtLp5D2GAOTQokIi0nJnoxJqW9HqXC2bRMXmRz9iZSFagHpYwn3CzlA45pAEuGjhD05L920JJ5fbU2zlO3PqBPA+s6fluG7o3Tz6o04LIg0cz92grjLtdMfEEatYM5xq3LiKdILyUdRixYa1PXa49Vir+SAvLZlmUY/xgs+rCnjQLKp0z9mYLq7HpT9mjg+spQiqAy+UZSYqpIcovt1PEUMyjMBV1OkCs1Sk4xJhm1SBzyyzDPVq8GMc+KnYA+GbNq6QWzaujx1DwamHEFOCqknF0VmnQ1y/xZYmwd/lDYew+EPqUyNeXYlVxfkOD6+s/rS1LtHynohCq7ce6lJeJNdLc9Mqclj48ZJ0vqW4ks8NECLYr/50yOyvgVnye/j582cLW6LgMLQ1oNPwHyHBQLf5bdTlm6FR1JuXl8dtdTX8Pu7wlf3MjrXguczxDVDN3YLkR8hEX26xoOQt6varlypxGdYq8Bn7BP9Vdsr2WRuRNH/dPI1OHT3VxTGUapte/hdWTfP8BmZcDdkwynhm0BqeGKxqraKzrpAHJxVVLTHDCak7io0MynKznEvA+rHSr14kYT3X87XTo8jhwEMavbQij4Nv26KYPmbIV6eFGx2WSsT3SX1HMKpIa9kgw9WlNUUn+lbIpF+D18bTvZBlT6/lFLwFs1w2V1yuY2H6KgHG9xP+tFfdoCrHqHrn9sCT99NbVP9UT3pNtr4maNirDr8J5rnGJT+juxejayNLMUqBRBWlYF1HLPk7a7RXeqkmf0v/g4tdCUpppxLen1bI9oWt+Xb4H+/7oHe8JeoHOjeRW02eWxNtg4Nw+Gbv4OCu79HmOIHDviwFoaOepRxXmqSgWcPe9On+smQlDBVJyfY6V30COzHkBbiQPeeCDmJBeaVmzZZymgvMdnjy+ht5P4wATnR6ZFbEEHLCroyIZiuO/8kN52ZrfO4bnj3RpR9MboOkFcCJk1AHdkF/3mTmjLo34BO9bm2fXpDsgC8CVyfTJHBw9MfyIc7ecmVOvnJPdnXrf4t5cwP0kWyErfQHL4DIVe/0d2XLT4jsHiLlqlO6HHhPGa3XNL1G4ATDqFqAIk0Df0fvLftuQwWYVmy58EZKvhkABPtYNY4XSfotvDke+297IR4hyn9PVrOel3UR613byZtyPCiexMGSeCF0rOKYG98ZhL1YDmG0XqKPcaNhe5Ea6xN21Wx77b7f0B8xjd9jZOzvqv4aUr+tlf30nr1wxmdRItgA05s9+uvQ5Rj9htkYQwPXh3ItnRf2fhCQf8pvflrT/gggBfWI+pNnaXaHyF1d947H8iYY+3Bsw2hzi7JkaozoiYLWeLcUG8R9cB2RqK3XA6WAmcDXrel3RZ8Dp9fXL1hquiKxC4qm56aBv1SiKGMA0crm5eT1NXxaFYrzqQFsvYzpR2W73Cdx5v7abR9/lC2DR5JHKTRjIV7u8OoGE5xjTqVFDvd5g1WWIWwGtpkI85pQP668F2gGwIwXD9xmKLZai7aKfMAEKF0nAGvPFEeHVz2R1b1pt8ACf8EGcveLZT17HnuX3b7LYrzmzCwT3R7KkkYqRUbrz6hMvyj67mr2OlANXpv8Z5E65vMY5p1C9TSDrwQtnElRN/mhxMHMLo+sZiq6PlkYWFjkcB7zP3mZDLTrTtbOCF/6kWXny2olMPj3QDyDSJpF4JgdZDKL3VgtLuFoeFSF8kFfYa+U9pj8zvv10V5FMF0fVAO76MZ8oXGHpdMS0CZyDXyFnb1e+S0fRvrW7ilrtqBWPXPuL5oyHvF5NQO6JHo9wXi9E52Tk3Ezdduf3Lxt+73xTSGIv2Mkp/vLCTfa6mwsm2793rIZzjG60oJf89RRdRvqGXeAK6KdLq7chh6lwsbSM/aou6tTjaqLYlcvfmDGCVzmSadfnGL7z/4hGryOEXlYFuPAyWiBs429rkRdVp+EfVfPJN/Z1ywmeZUMIhUpsWByoBw52ILYS5sOxOR0H9Mg+wA/Im+e32TU8Ed+1EIFuu2FmdovLjWsYKIl8rRlEJFs2NoJ+QWETuWwUwurc0J07kQnYGbkxxu2rbwp1HstWH54xCeyNpNVU7ugPDgUq45zVsJjG9R7HQQ4T9gzpz4JwALSG68nan9KKL5Vmh0l+z9u7TtUAGu/PqqMhMo7qUlbh2HlKwxP+8V1GSXG+TiUe3T9snp4LhQsJriUysZQYXfrfeOKFfCb1kXWs4DQrHnpZ0PrO3z628JgCr4qjxiVqrqt34gqI4YGlCQEMkZByZICGeYPRqNDwU/q8eJpMETdHOqoCm5w6vYI/8m6uf/9tJMtJSc+ngnyXqKU/LjbOEV2VBNvQfy7ZQRAG+TvFPwfbnChikCTND6+VygiFG1No55Hvzje8DzWCzmkpwfQWoIgGds87dY/bEB2yQoFelAjS6NfTOvvXo+zo2B6lpaLy1V8hlEhzUrbshbe4LdKgIJGCN5VALN2aM/vGZibw3wucEc3nBdkT1g0cJZV2ub5zcyA3ZwNSaba1jswa1qRDoxh41zgKVRCPRhZvsuzLRWl5k/+YCCF0RForOE0UKmd3ytMNTifIsxongLYfmSQ7VyCF3FMlwfPzo09VhsFzlhxwIyo89zOPjU98qyIPbrdHtRKAJIhzVO2S3gSZzszZz25v4Dt5stSSFKVhyQ4amicDgNdYmQW4DOUn3nm3nLUcjPD6E41Khfj4QIAsge68DQFZibZ22dxPL3+/HgY6LtEdhUJBB4T6f7oMk41A/PNjMPONUgbbKLl5dkblkfeYdoVsyvxmdfDzyfy5dDCSGixvEGiiDUJeKYzbflVUZv1ty4xZLeedCVKR6MAkh63x9A+GWJJaAMGycBK6tGj37xdvV4eKx1rFmsjf311ff1uPYSZeERsWQFbSb/S2TGUrww/WNDPwIw2etjXSeso+0okwTBh14tATwvG7iMBhzdTVZlA9fMSycK/Kg3Q3u3CFq7h3/PUku1mWMwLSH5jcIU55v06wOOFeXDzLrLK2GOeLBq56HauzMIClcKVCBJp1QSNU4lC7fSzcOjmNNH4iew0r6DvcB8zwHzviEbZqqcyu3hObWjnVEUiVtOVdoRG73cmjqlk/9TWU5Ue4DivQbtZxLmclGge95TLAxbn3KzvkaBy1eDEUxvkbyVfiUTYRCJT2TiXPVlSgAakK0eiVGUwS9ABai9BVeNve2sgexNf6D2vW2HR2AfzWxFoj7h2JTIi8r9il3VJJegPDFnO7nfqUhMBbfx8GYMtEcp5dDxGA5uqemtz82zF8pLcqMDhvo0NSMZcPDFgjKBMLFH7zZvHksx9d7twWdJBlw8H3psn5RN8OxLfmyla3gk5AAq+XEOqzj914klIG0Wnlwz5s70fA96zbkROkXq2yK0ZWUDaQJ7g1jcswmuMHkTJqn1gtFKBm9t2R4q4t0XUnvSrCqtx6+S12Jdtzfgz42WwjnenlS+Y1PsGiXUh2ySAlNE3CRwLRxYQJyVTtCqBJa0jB/zZhH5GtBJ9FbkFUNn7HimNg8ocQRzbAB6iD1FQoAXEp3iMKaCmG/c8NJebN2d2ln2S06wX10yUfMc58EBIK8J7oQ8wKJ+EH1m1BUR0sIl4IJKOBhn+qwEso+nBXkFayWVlt3+3WMn+u3MQUbNbMt+oDsOjBbp2n/6Np4xW2KNE7bNPJAXufLlCSSLPOnw34wMx7Sgv36yp5YBQw55Iz4DsrIdEw0Sgfx8cpQZ0fBJYwO9+v0pVTxNwoSHy1LTii9FLuEnVL/qQRtnkzewFTi5+VUtq4QHn0YWOsfGZduXCxumfEHIvZ3tevBnXsfznPYJpItAfv4IGeovwWPFMHjNuiU03eT9nWvBgYc0JRXsZYT7Usiijh0Lz9zzBMFGVtkcktLbuPJajM0FvAAt7mTxiFZVMxW8S+LMa65YLn242TGQNiPnJZR0BGP/XefZ2ldoV5p2p22/g/UuXEF5/G9oMSDB8eKfZHGHyP61G9dTxsxcS5tkNjXM8KXFKNiwimLa3p+6FXgtBMYkUWDqaOj4/GupUmwcfWa/2v5cUkI6xvvO7JZFwpZy5xT1tlG9GUYT7zYla38It2EHq6cgf0IPrfRgK8Qc658gdlY1u6fhRawHSYRR7am0k9CghqGMF4/VMb9ONNkOwcPFculCV5FppM+qCeyIeOrsAUpvQCzSBj3sy31Da1OT3XfyjU+j6EIao2zRgtiVnP4vVh//biahgOYpQRyT3ub4+/6vibqknVV7gpubc7C+YfJe/PuYNmW7AJ0NVpeYV8pXltpAgtkKFMAaASB0JwdRSglvWRZmkxRrMN7Uhev7apMmwWYFDGWzj8ad6kVXKnGAupYS8r6rOsWlAV0eU/dTuYIGZGa3vDxMEWvtKcyid0spfb/ewy7cvmi9GCbQY7JEUTWvJQyyD4dONf0YB+gSMXx9FoInSN23zKu3ymL813urJg5+6Lf3BBllhxox/PByhFAnlk6rNI08LaKWwTBxU86iYTXGvmL23Om92bKzltyZwkcLZ4rqzNDN2YrQgFQPD7RgTXu85Ar1hKbAhvIKllm0syWvFncl2S1UpHjgmY5aZi+We6a8DcuL+oi17mPxVx2TCpU6sLhHIoZIuIEsNysLCgvlROlll27fzhCFOOiakxlMNSlxwo+DyQN4p6tukaM5k6uF5Js20sl3VYGcM3eToxZ0HZL7yV5cX+tPF8pLdUBDIML+eOuA2ksE3m0X06a94Jm8zttNuXZNYM0ahjPrMNxkrUQkDgscyWEApZeXBC+eUbTAU7gH9Ly89Dist9i2rkhl41bmFPu95ZFmknm5Rt22Pn1A7nebuPsCkA3o76itdgJ8dLTy3Z6Rbyo7hekW7pGJPT3uDq1Rgo1iURDpnfkdv8lGF1F1b5Cp4xVYQ7+waiqmersTk69kgZTjx6E95g09nlMACZ5/y4MJNpYY7ajnzzeP2YbO83hmzkt7cG0n1ydhfpu7Rq1c4NP9GeesaENf1UddBueuVSdA7UuY1rkcuUC5lQeYU6/Qx6zKWswa5U0vrb72Qf+B4xZynwomKq+rtke0KjCAWFLhtjR8EUpLnQHqZ1jmfHY6XGh4t/eFjBxM6yszyFzBrgr2/dyG2PM0mtxoT6l1oqgbFmr41phTJ7863uDoSXVf/qzsmbfYHU1tkjkIkHPT7YRzVVJGWWlQxfIUKGdHtOZw3qeURQc8MSWlhz0yOgaiKD0fYp+uf0kvH0mj5xq5by2vqvorVkC9AP+I8pxFaLP4TpfNw7CQt+f6OKeNTEkl7AC+UUiIcyJyMW65bvhc+CEaGvIIpBbaTt49OIXDsMq7Sguxe4DM3wEzX4X1+PhIcTIT9k4FJqn5P6D5sL7XRpogUZdXAGn+hhDm4Z6wfSmzw2yAtGnnXN2wLtOeF9XabC5UY/PxIBpY2W/1TA0a8B1mlj6SI/yK1Qay7hOKS/iE3+J6WlkiPfSyfDRJXyJI3GKXDxLw7xn1spPcqKgGggd0oz787CltQniWJ2gYGBoLGqdrRIQ3xARQFqd13l3ZQoRDYLD9DLTY9FOOx0puCeU9AdFn+EJAJ73iFClDGlxRQMe5QEqgqEEJFjmpqlZ5ZG9r8ZBpHHsR+MuvY47YIfqR7u085LR++wXwdCCNhHrz71LI3kUT6rTEgPvPgOV2h4Hyl0+Gt5fZEUvADrxZc4ChXf0fEv0AAybD9yc3+dhu1wdrEmuX6e8OZDjYDvpwXRiNNYchU6K9S6DZ0QLR3y8QG2fQ/xf76I6a6lqkKPrLZzgD7JwyTX3P2KA4q5VVReQ/m/p0icXCNocdeQhvZbFvgzUQdmIrAo/mFjueqQ7Fz1enY6epI7IAp1ve7VAzu025PxAGd30nfC9DfmDqA0ApfR9B6wqzvsm4LuQ2vYe9XUwSqhISClf+JPwa6PxPzAUQF0KhRgjHg7O7JDMsG120nOtBQr2M8+vBo8gVRb1UAQyL5yO/2QsZphdhnwoP6+aKbtpinn5utxbiDiSxZXmWxtJY7Qivn7Qfwy25vkMQj0e22yM3NzbknCwGHLm/p3rYTkD97J2QBetd1vZmvxKx1tsrycUFXaJpNB11yv1bNbWiPSZvyw8GV98HkCuBu6AAHXpwKVkMmbXbqG/rkApCvEwl7ep/gpDFTbF69xRMVRyOoCLlrVr3147e/Q0DZWiELZGHokxzcTG/PLbkoPpD53Efp22Bt7IE7O94hDOw/zfUtwxbpQpYME0sA6t6GdDiiKMLWedKE5exRHjl4IeVbNHYpb5COdri4ngIGlDpdIjkdTGVBik+9H3bMJ3w8YKqhLch6ccxnY6w8+gIGP17Al2hftVBcT0XfNTGPvLG9M96FD+juiQeHodliONyiMPlxT+v6tkvqp5aNsNz0bu8Zg9BMrTvR4YsitKDfnGQJAc2GFRYXyvnDRrd6iBzJLPNiefYdVh56NbJuQhi9vml0NQaMqwhYNKp9FjBMqqariO8lTfP9NTSKOW9UN1QZL3zlnhN4oXukH7iwqjRXzEq8j5Qt5yZo9H/IFklqZbMbB+gMmPyJvPOLt9TX+jhEqEDBF+lzJtFHtB0+th4VHnsKnooUyLyF3NA2WaGfmF+OIoNq8uP/kvHLaWVq/dMMSCqNUxiyQIXznHEcFQb90kqufonY/ALP/kDwEgT6l1Q241YFwBR9QRvH/cm4IWddQjATdZyz1Iu0dT09nNu2QwWA+N+FYG2aQJNX/ycfmHLF42FRueOzuigbpKAqcxKs6kmCDAsO+8e4uBv6bTIx55mTytBrodYYdWhpKDo/dscqD4D+vYJ6JezGN3t6OhgOY6yBW+WnTBxkbQSbrgoWnMViB198TehiPX9Wc6KHjDgODF7wvvZmXPEiyx3d5cO7pJUoB7azBpNTt5mp8gRRvaBGFFT4BUP4msnEckWIGwXhu7qwFjQgXcQSB693clf1rQ4igxYAho5hPmPm568yWKX8R8OcVftIn62k+U0YTU4ZawS2WOVXBVd3UXsnuhqD7MmUbOUSfD2lvZS2Es8N3mWHf/8WEgvzf0ByuWBoM7WV2fNxUiwh8Oq3jF9Lcw5ha03q+VmYKJp8sII16HSL5+DPYWkP0sJI8/yyLpywuSEV+/HF7iH86Nyf6WKQVnj1iwtacHebWW91l11IvapnVvQMPc4f0T2zcC5Du3quMfHwERq+UlwlUnA+y+G+2Kuva+hEYUqk9ICE2EVGJYY0DSZg0dyQsQN/XbDhM+NSP658XAnWJAE5OKlELVpwHOryEaEK0J/+JMY2SJntZbTfBE/HYxT2ACw02YIjoZpsOHGKQIV2uPO9QLudYZQWeV2z4KgV7EhHrzIf0OCSwc6E4PYWCKkoIGsMgCIMB7rv+MGywGIxRz3eZ+SvhSm/1QOt+6ktbwNWxJLUREIfqMIxR9fdAqWIZK4d5vKu1cyH8+CwPaaqfqTDxdrz7jHroxFx2716St5Hy5bXJYm+PENm4HmryDe+e7dtXvpLb5W0RhBhsnfVQ/4n42QFAcmsZ8kfsmS0wh9noNDPD0pY8BA5nMScmfU3M54j8ZgEwSN4a4l5GuidmGwLO1ha+nvm+kHTdLW9d4vf0aY20ES0PzhP/moPY+Ki6k8pVXJfwigK7DtfWGhDZ4/YfC3noMKH1XzCi9nb6FxDsURp6HfErJQ/RyObJ30jhxtJo1Ag5QZFfbwZuLRAfpY1cFqTJMb36cjWrIaH+giVu9OI7sEMuhBdl1yIPk62RXv5PQjgds9E2Kz4YfynTrwK6j2sz63cCb5XKBZIfau4z/FwfePBhm39yJaX6gutQOldUirsiacNOqjeffGRiy2TrzX+xGZ8/p9E7+YsdbUyoe7ppy+3NMxfOIDkTGRO71fE0AmWW+G5EKZPPTc7FJ77TyvfgzH2XP8/QTCNyECpjUGw/p5q9N6TApTLv4RIdsU91Sixe2HQFbM9R9Uq8i5vWew+ZBhlcerrxziM+vVvKDL5kdxCkoJaeqMq+ML53Sps05RRjETSGSSTyfWoukO3BVxTWmA9qNH+3UFglILS2HiC8wyidOqo0qet7nTquOlmMTC7s5yqY0GWAquaZcY7c77XOO4xUERqXrswsUd52r+ejiRxqkBw2H5z+WB3wyQLuWMSqjxt8MQ6mwIS+qwvDF2djF1Z/pZK3KPMHsSyMdjOjhxEX/rTpTt2y/tLc5CvBDVhc1sOrz62FhPt4KdOcmF/aRrESrYW542eip9R7VzXQz8nZineZMGZxWDbd/IlCnKKKP0Z4fs8uX15lkkdT8MwBDJbxRaJ2mu/so2d/pF852ft6el5lx3ckZQXO1elJoURVn48vLJWJWKDoiQ4e7mmk3jsy+T6Z+NkkMwsuZHNlr6R24JYFPKkg3vpLrVneryH8qb7iATs5kZiZeJb24zaxFnRLY+ccsTbEg7vzz1DWbRuby/KvSrnkQf3dwrga96OfapcuKl09jEhS5Kg2c80b0Pi3+8UTZIHuPHTvf9JZ5cQ5CqhMYHhZSaK1kqM9khjrGOoPJFAgztCgOYrYv+ruf3Y8saNG98L+zI7Wj/D/qrxcBapCfc3GmDJLyJSVzk8p8m/1IXoR6zQS19Vo3/opf0Z1VUAk78+cvs2RDCMasmDG5zm9v3soY6ECjwv2pVPUjr1fQF+WlKNa01Zan9sygQa4iTp5duvSwgQJhOCcAWXBcN12PBTneMj8FLTQETeYjF/LR7S+aiiqxvamCOIt3FleS+H3Wirlu2GbqkOZh1FrydVpwJp7uNAfpwVDXBOqx1f8xiR3PUQwGEXjWUBqf1rNEIdqq4qzcSCR/PGQaPR1fHYBTz9oLw/XTeQ58/dUH/pBMd5pgbvy+xNvP+fS7gb813AnmeG30c+V0Ae6Dyg6eHqeGQD5iCjDGRUk/aSkNcT+l0rrH1IIvVLEVzHR++WweiPPgmA0ZJ12vOAaiw2EwOmbowcm3/zapGFcPi8aHiz6KECjfyW77Jlqa7ML8r1yxytKRbjHsjiYbDikRsR12W1/eThMl3SsRBp4x0PvWbWg7dqwyrP7nY8VOw/++lmV1HV98p9jdFlAvJ4CW9XOjx7XKb/AUwACzAXZuyWNbtl0sNROJOY5kb5SR7DqvhPXt9MUlri1cksz8H6lqkKdsn5YPUDuLsOzO5eds5XIsbwUOzKyDTRpv47bbwYmHqGKyU5ud9KsvYGwa3ZifIijLX0z+tBq8sNbo7eb5hCiXP4dCF24LVKTIZ+ImVQuY0XK3UAsRQ/nbLGtVfYFDytYZ8mytPmTYCZlKxbUwbeSrLWOM3AiQ9z9dv8JE9InBav2PPAnX6NfVaZL5CRicmHZ6xuz3+5DQJByKVE1FuChdX5iS5ChNXDRzD5LGp3lBhEqAODs6KhmoIXkJi95Qk3i5yxndGpvwV/PM6Cx7g9wp9KAMVvzo4PGCWeticlQecN2rHgArgVwMMAIt5jC0h6dZS89/fNzQ6M+UOBZqHDDtbHWibCWXGA2I0FxG5RQoDDAR1pj31CC1r+eY/9j3nt2F53KP1X18B7A4eww7V6w4VdgpOg0BA3oPB/MyISzEVcOMAuDCx48cSgmmLtWKpgLSkOpsF4383o/rSRPfnUI3/nx3eDQUNPS/QOcjeGvgddZU6n8PLyvqBLhGNuEHkniNF8mcqP/VNVuKkrKmEUkMg3f0GqevUMTvi9MuXZY9d7Zy5LVNClaFUpjXXLvL7dkVe9zzTiF1m1ww1yKtO8QkNFvPkHnrqvPUs9Sn3r+zqkW2lkpeKVGLevRXXApTrR9PPDpqDx2Q8NLtsX+3h7eIhUjoTTF7g27y1jdmbR3sFXbDeGj4a5AV4xZgNVenoa4m4fDH0XSxy6mYEeeLiQlC2dGp/YSypawFPdYyPCNDBXca9goLMsB+qHXRdxfnFrmuid2IecuA1EkoOEuJ1KHAMAhysC6gC1VU7qJsjIVvzPYlRiMJfSbTcuwjxtkSgoEz/ep2B9WW4aRa0IRlhbR8S/UJbuD5rIo9cWGkY9KjQJRbLpYmKHU0883JNdKbt8b4BMhGQzCn/fQvoDoEg1vYmkYosz9sj5VAV3KkTW8ZxDArMM++hXVlSOJYZ4bK/9954YcuCZFF8eueYvJZYzZ2Yp74plkt8t4Vjg7Luu9mjsL3xwcVrRcEQUFGaUDzhIaGsp8vd6UkUk9MIX8PLeLL6RUdAz0gaMyMsKxWMh8qmTKLcfUE58QL/uszdXyiJjJ5cfL8C4O7NXLISAuwW5/NPXXR6caw70AB6W43SnaOjk0M7yI4wXZuXhYJpPVnEHp1LrmHTTu4qZ0WVmKoIh3FfXw8q0gKn3w3fZlGIbwswby8r4tFSgnOTiX2NqDhyU3SReYSSMPaNsLszULr9tSx70Ky8cJDzPTkwzKWCaMGln8DNK0py8U9o/qpjiK4xRZPKPUmbb/fTzLp27WJKA4FdnFvPLupRV3pGVzgqVSbr6hHLBSme6admmy+wVp5EjW5fWErYlPwz+UuB1u3vmTAo+9wS1mzYn7c/Ih3GrRBXflht0qYmWPRaO5/mnErlgAaLakJuc2dVNSzKlTjuYAHNezTJ+T599suZBdb7wxWZnM6DKK4hFwiLwg7ThB4agWI3z/XeTVCOcP1+S6Rl6Y6b2H89ERAlZbHb3HFt9v8bNxAcW/q6DiNLkx4dQeaXZzcRpkug/IlzTjzojMkiLNf5F3+Ns13AOBdqHDdgwGupSOF5cGwMtT4aZ8eEYH6inWTOxoOSYigY7VXQZL2ON1eLERvbcLHChGU4xbMWzFa3fj/ZzT+Nvg4Y+E/fyHW7asp0l/yLt5WtkD2XiPOmuC4bnQxRwbigjQW3qQIR7VhoRYCMyMNX1lFWDr5/0QU2vLYSzAlJT7liHHZkj8UCV4sFcJwc4tTZ6vdpf1PVIRxFp4TthgIT6G4yUMcMOU0l7lCOhZ+qAkOjgwb3pieC8EhHA33n5BWp2kDt9QjL4A3Y4QHACc2ZsuLL+Kexwpex/awe/Tukp+Xj9B1ErOfgUBDa49tbj8bxBOgpI6nyx+CSW0K7utLuKYLpeKAY6y7/WYLBT2UecER6fZ+kWcMEQbq3xCPSFSDkR0LdG7Mj4eIoJ9HKt60KrJYLg86qduENMTVu3HMbScq02q9EnbD2Qm63CRUKByd9e8qzdo7Sbn0S94Z279ayVu+mI8LyGNaX+KwjWIYwJQJVtzu8fbApMMR35vZKfa9jYs4MC1Hdwa1oIc0gGujxouDlRMZ/Nu6U3UXPHj1/Z5ol2fVA1mudM2uUA0lNrEWFffxroZorxMp662MP36e5kSn/IPnczVmDRv5sHX1AithKmwEtsczB/AUH6DEBVaUHpz8aFAknSStJBHSZBt77jOFSNE9SvlYgiVymmgK96RULUqp9upCYhIxbQ0+NLX79+/bbRutWF3/2OjPqscbwx9KsRQzAM4OpdMs2OPi4AsfInnUXquDHReH+cwyNJZcODm1P+VU2JAy7JoK1YiAzKr4nd/2MArieVooA9UzvWUQAnuH3eE0mP8cGlb3By83exFypUeiFfwQKmXnzZPRQHw8aeY37cAPHnfOwXHkgvH7GELABaNL+qTP1gn3ADlRSGLHI+2U/Wsbhrg+SzrxrMpWXFY5xDMYf30gL+qaq/PWxPupHrgu2ZZmcHT6xW5wDs0zK1LpAzjsW+GpF0vXdtUqYPJdICkvfN+/6qkzdtyikBDsdVfCMqUGSUEhgBQ35OhCde8IEzb21fGTHV7LIBQIrgUyfaudp77fltb+/9CYs4wd//b6Nu6+0uT6QcVel04Fzoljtmqe2DClAETl00mo65lUy1rzC59Ac43tdSaYu/ESBFRx4CaNM+lMVBpeuhZaK2v7S0tNgxGjdp4b/NlD9slMekcvQupFGFN9pgZ/g2K8ZJWZ2nR/lbILue9LzquYVRfqTUMGmPpltMz3ZPX4NPntojrUKm4SHre35jBkxf+q3v+e7gIuJ9Gn5Y3/NuauG0yb6akW9q+VWV9hZPPhB0Mozh8v7uJtNzdTeakdX7u+8Uor7VSQaygHodETG/+oAoBf8RoKcTaXwyat+v9aDhMhsFZqMLfc69/sI4Ol4hqLxcMKj0PAuzBnOT3Ohl/0hXd/tGZHnamtj+kQ0baKBo6w2teRr9XTR4GNeeQydw2cHH6m1fho6TFixf0Pa6MJL7Zd5kxebcI1wALlC1tqkaDCOlqxu+mCSr1339bVuMs+xzFfnM95IqOE+D3PGNj4V6wrzzB8qfk6lEOx7zXuITJaIK3lrczn0hQqusYYDwb/iz/E9jMcf1NgZmXA1kWDkzvi3AWPxIiPPsfiHENisNKnTuD+vH5m7iLZCPqcHPgS7H3iLc1+xvm3Jw9fJuL983qUfVb99n/7GeyJos2B+B28cdNSktoly2oTnCvX0JGD2kFxLXC8U/eIRHiyZgRvfskD+cU7/IHUyzsiMHCpR/pZkdbGRURxFu2+UN3moy0/YzNoEBuGppXK9GYHv1TGA4zJlczVkZTd7g7dL1pO/Xsw4eBSSH3IEx3+8A2ts9ayLXU6xBmdph5YSAbmZagbMAdvLfV7kZPVDy3au9kXaieeSk0xXdeUi08t2WNZHTH/j717swP47LREdwa0KlyXcUepX1E5PMsEIzkVDPXijDYnHuyGCUzg6dd3lLbXF5+qkuQ2Dw+eM9sdZWOHnbLjWoxnkzOeCp906AdbFW9tOq0TTBF/M9dz/2Vjlj34U0qPBGKh7/cYenXI+tKuD3uw+dThJYruY1nhbzcW3np6zen5jKj5YSRbl+MQhNljApsU+K90v+XzScdzzV///+Q2QU2SM52WWVFYoXWceIk5RV9s7InucQGZnHnnFsiWySmb0751Chsg+OkTiOcY71O96f3/cP55+D283tXI/rul+P5/OF8UWzKvKz6qpBbsCzZGHIO8XYr95y7AEyE/SZHp3Ch+17FOOMOcWYfP9QgcP2w9QhJCb/0DTEANddg7Hgam5f67XFzAVFmENOgbOODbeOu+65s8g25TuHx9sGK5K1g7gDhpO62dNVfyNJbNeVloi+SAEJChrGd2ft/h0p4gIF5rGX8Yevxcivvyaz4ftuKfdiBfFlc51o7sga+v0nwufF7ho9+qg3Quz+xuh5ZJMA9BGbac6x6J0P8o7Cp1lasiWgvn7rYxGh4/eKgTjfZvjmVM38X5/hA0ezmSv87ZecrnGk8LfrWuYPnsuLx+YQX5CSdBD6eKrd7qmU3PAHOJ0sOyCdzx0qZcIIE0oMwy7zFsEHR0iy/KPYOaqtqTw2pWYwLdCQxlTKucZ6oL3bKOxu//tNSldZIDtYOY6h8tIl8SiLbGEZccC+UKbcmfpaavDjREqES3rIxm/csnMP5IXLoafMSKWCHeKt+OMDwq+wrYaEy1IzwseivERX1iK4E37RDcjVup4Ka7nYg22KF7e1YG05Z+2FiZgYtHmweiXkzAtoHuUjbj3HXX+9Z6pOtbNr/hGzl50ElUkAjtdSH4kdH01LMEoQOEDADpkB7owxx8o3WPJoIfj6e7JLlxpptVZM5kzAOmCJp7+gmjcitwylSVrz64HAShD1Voe6ilNzvwwRHISn51iJ0dZzgjX3ZbIC+yUnu0wRQm0Gxf1fmKhCtWgcUveCyq2vPH4+HE3D9c5xYPbK1KbnTt5LWS4XmcP38sHJcGisRdp4aVKiZxyrtoA1zfr7VtXJ6WLGYIcKGzhHl73zxkzPjVdVT+G/UKkVjEFen6SQoQeenAMiOCgyklPim0eyZrp/RGOv/ftlzBycdqgDxC6SbaluWIVhVlr/xp+8jajneOUQlirful2+5AcY9LifzxGCPEPxIcoST3koghW3PNF/9roliQGhP7QeKYtIoX6DXTUK5OgnEKFd9TzqN1DmNdvNtCrn06UylzrwTc/PrDeNf5/09iOa8AST5Scn6ynNKXRmN23YkunxCn8zOlPiYd43Al0GGTDlE9KyOSG3Tm9JxJpGcAPQI+1m+I17VpdSf5jqzl6zUTbO3KK4tOPTKA5ENWLL1wm0c0t7L2NnpMp03XayZTTfAXykCFU98Gz7Pvm9nkEdNBUD/PK0wCuVw/PcpUr6s0zb4GkcFoXw3N34VqWCNc8duksLaPyI4uKsv3FFplfrlkWOuIz6RaPW2xA9kbEgOlcnW2zfWPvB9PtirSTBsbLiNSM8X2wHmsOmfrpPhGoEOWkg3o+XOH7LFHjXRNyaG+pVB2ngSEzWVOJfLUKsYktBiti7GudPYCczHSnXc7vea7rtMS6mIG0kCPdmSMmrSGqBtwRApWjHhTNIBEbakhqI3dq7NxrGYDpGYrGvR6QoHbbKePvvbvnow5lm2+lC/44obih7uPTFM8V0dzgLtQAiGCS4UjzNIZ6aBHtnOFM+1wOnWB+0uGQz5fkZZXi3otzABu49Ux4w/RvaYRw/YPLkkhlPogCI7TnO+grwMJ5DconNL+9f57F7fNDCswz7hjaNjIGRu+KPwj01/nRUu1QHmw4pPV64x2TTPKLEuiaRfBcHT3Uk5S1PVlssHGoj9c7NBX49WGqrL/9Lsw3EGAhxaXPaYHyK7Ir43nsjCPdJFXkjmgW98gnUcmTjvIyOVXycQ/jwJNlJDJco8jctaZvOREf7EGkykiamaJ3pNQFLbnhm0tDSc9A++e9OTSBoA9ZQO9jLwx4M3fL0ktSifrS1dqTFT+HJiGXXsHoqeKsVYCHD3jOHqF6y2dQTPT8xHFJ+tYecb75j29X4SZltFxxP1DHuA5X+XfOeO+gdqDYHNSX90YbAQ5ZFcQPN/4YZe51vrA/etpBzW+mIk9HmwGz8qFxpcBgnKs2Wz37vCPYXqn1lD/KNyDQ6eFTJcCk/MY17EbaUzn4U/evpWOM8p9SSkakZdFWAK664zGzQx3klv4wF9iuFRIGDevWQG+wwMc5XN9f2tyxNKuFls46rOUu12nkzzYV4gsIc8XbjxZM1DG5xDEp5Kt7a1IBUgin/yc7FaeTHOgsevpMApzb48X/3OrjdNeoZmGF+1Og1UYljkvDyoa5TDkx9ZjC/BrT5DfEEwNWVPRMagZ3UHQJgOCM09BGJ4mDEXzHAyHS1PdewY0wSlC2VLDhyqwHCCKPafmGVDMvC9GqASJm6pYUz+A0dWqAAZVGBoEj80COh43Z/P5L6ir7/HUK9/XcEeC2YQ9+QrK5A41HITdcZ/2TmbnDLAslNJdJhr5LfTJ8GlHxflqobNLCzKRjtsWaEzt6IWgaVXnJSmNYFEjX9fFuWEx9OP0LRNzgitx1kuK5tqVSIjZKaplOczC331OC+lBiuH8YJJ3Ufnpm3qt7nEVuyfX82r6ixbb2e1v4eDl36pLT+6yePL8tU0IR9fllddJzSr+Z8MYkik9ygRnGl+eS2QDWkAfrbHt3rdgOzwEYpuBHmDisfQ6rTVv/NyjTv+aXUn2IKz3X1RU3NdDO+swl/Ft1uewjPE2t88u4RgobXKSwpTIbv+msqYouJKQOIbZpW5d/JB5KHEWB6hLUmRXs8e2pFyxG/WWjW0V779dBVtyJk7vVQhxgDy/XYo8nIGOV1ROp8adWtm8sZHuvl3jgpJtyAMSavBp60vOIoOwKfmSAvhcGaylqCX6Bz+OMYLdglXk6PHLjMtvrafgLkPjfcXCwdATgWKVV0vyYxlrvtZhtJiXbW27kzpULt7tz580x+RZIE/A/I0VeKIHFMsJe3jxud0IPu79lhnbH85Vkl3zlMdWJs/gKOeE/pssrfNHeshYBG8ksBl0lM12GaCvci9lHItDm9e4cOah1zvnXS+N0P5FjcTrK2/Ysr78uPD2YenTRkYxvMtYAcTcR7cVUcIUUX0MlFak7oxv/b6NdA+Jb4b5vxElAYSbRj03VYZy0rLCAXzkf0mHH89zQ/Gsf+WwdoH3fk5fzgjOdssRy+9fCC276TCO7CxJh5CRxXQAHw/JDMqwpH29W8V+aOU1sTOIOwN0+MgQtHo1CQjD3/pK+jefJ8SEkzDmOoduDMtxjdRP3FHOvsVTd4P4rRQYKo1UujAGB4z7hZrvWuCV1qvPrqxkw/vR8u2bwj+NDBDZhjv2vx8hPPbd/DMI8S+yGKrZDspML4VablrMdSw4Sm+DEilIHm5LeZV7HT9hclZ4VMpSovOMwFSVUqGKXNf/dDgtL8uwEeoYMP/C24L296Bp7MniqjvxfrKP0771lhlajzqIhOaLPRk+MqHOTbo1Yoi+ozzKw1NA3OyKvg32+xMD9cfMxhA4fVaVI/1bi179ikpfL4ksjzn3TMb4Cfk/vPBTCI5RGOWv/Ik72fjBr5QcvXzf9dwRLnXdxO0bHKd7cLkL/va4wFbetO2G9rRrspf8RPmvKf/klvDn8cdH6jnu8fh8Jz32GcmU2NpBCcU7bGc4bCjsm4/XWSUMKYHUg7ZbUW9qIr5NS9fDTx76v/FPVGmF8wIji9Qz4uNOATPO+bGfTnCzOoQ/+NuF5EHa3cgW3rLeJ/Z6MPNEC+76eyuks8cJcvWkIjR+msMOCq5ontm69zi7L2S4F49rFsfSe75F5s7PCluV84o8yM/yhLtgduvsF/IqNOdG7Z8Xaz7XjJexKg08ZghyAOA8F/bh9D9chNIrC9NqywZq/hcsdvbHFYZvViLeBGYDHDjfkfD41ZYT9T5gJdtEA8LsUQSzahY0zNwvqgBmKl5HzOvgSUSjI26Tdyx2JL9cg3sLi+aYn/MpNSFVc4I6zpj1YcUwfdGF5T4yVASXn6c6tXAHE4BueGTslHjAL/sqK4gxyrW2Gcfkfi8yTV9fxTvETyXa6nMvGj/zBHScHDMQY/VLckp67DNkSPZYyOFDwTiiBv7fMdMoIupJFmBDrdocUtv3l45G1w73LPvUv5em4pDA+/DguCJOsrza2trbPkL4kHf31k1tdb3HyYpffzID881hujbAkDX6wRvsha0ziDOpL+ZLTE+2jb8r/vrB1R4jzwgj9IdMmdYNrDfR65LaFrC/803dvHLFFQy5ZzGPpDZt+pNP9pKXq1gdmoIlr3Lle24+6dF9oDhU+8NbXzcPpuCqPe57gGTBjrmpj12r8XIT9x+8S5udOtZteSW7J+cJh2qSHNu09X4i7hs6+/mSYu4SA068C8/lngedZEPP4bBJP/GS7ySfk1d3OsctXuWjq3hJ0vLJAdxtNViFzzIyXml/H2vPVvCpuR+IYyh0kIzsvLdsxmIqzTgef955w+8WHethCRpkDYTONJI9Niubi28ni7/riNaYdNfyzgaumPVDo8ac77S12z+ds6gv1Sfhyv0k/cYBmvLHE4xXS3XFwciJEej0wdnALK6C6A7R2gJ3zcYohHC2GsOzvjLu6dfncy1Unke6oaUAr4DRhuHKiB2GMZqi9dGtepGaO9ywVa8QlkzxmXUR+mmfmysHxnAuJNoyzeMVveWQ8X1QxsejYjPBW2lbqsOgOWIdpVFiHpmYZewCKwqQ3PtYBcbeSsGdqx2GmvLvZiPWYgAPL1mRKZkPtHdwNdjtDEr382liFiRIvbqHY0Ef2qOGs3wMZn6gxJ6g7pUIAxhWE8DK4BMKUgo0lOqaIFVP0YnFjtzcAlqf1LKtQ5oFc40of4/pbGo14c5V08UDqoKjK4e8pyh7MuPA0uJCP7G/p+BPClVr6WHDISzrqrme5XrT23e6lw8Mv08m1NjYNAH/hKIMH+Hn3EpYUv8iSPEwAB9ZWG5fpViwW9yucEZHCC5rK2p9V3zDZFz7u1qGG2HzIixtVcwxn/8HbEE/OSF0SduW9euidMXo4bOhKHPovhcJHDqhUvBpcgay/I1NpnL84IbV7/jva4P/uQm+sHG+4Tf+c3bks8rFubtWzxKGrcZ0neBm3K6il9/G6ov/1Cq5crqPEpfNxE7AofRCmSR2hasfZEjHCKI8YpbBz6lh/6H5ezYvwRGam/lRUebRfCN8/s950v1a+GrYz8rR08O7ZvUnQ4RuiKkoujtVTiZMmTNM4qPG6dc7So+/4D9/ucsk+sLbY8PwncvA3L7yxHTvES2/+WIy0BGI/3sPn5iJD/Kb+h8zHhN/3chB3nbqmOMqfRenSHRWsZTN8dYqb5C3yXT25QXEjN4vfjudNVasln+Z/va6KneIOv1du7cGyuuKM/NEVVvzCN3/mlfegtN+c7ZV71IzphZ2IE2KC+OwRcCqDtTzbs0FkV3Dt/czef2HctCj9NeV8ckBa+w6SrZgb99RFLcXGm5OKK9/y+zSyVxaKolKi1K53wVOdqMlNgG7Knp1xtmr4rj1fw12cPIvN0HcWlnPdzqjvW+BExhKq3vhYJ8WZETtLkVA6c3+FJ5RV+JX7vld9M+bYfaAg4qId/I+l1XeVgxln4GKpGbuKqjnB7iacZI8TqAkrZWw0vGGHhTizDjqka+PW8tnw6oP1CdMtaeNMKRphR0llwJDYVqenvrI6AxWJJBjuCldC48MgBv4oiBnbo6gt1RLfYS5yBHckkSW//S+ZVPQjEoNrshgr9x9QYOmwx9cjFz8MotdfK5e7+UTdDmG3lSV4ZwF1yZKCBu8N9QM3uph8vRTcD1u6IRDywQ5wj52BvwM/Lgi+BZ9uCzdfDk4Bsq5k2NhYxaq3XG9Uusw7GSRbqtaLv8Bnk2m/wqFJdxpJIHh0t4Y6xEuMnjFrH8zV50o46XNpab/7B8g+zeTGPFdZys+1WM89fsONTpfGr/YpT0cGutoh4Mt6trJODibzxtgd2wynP9X442xkfbs/+nvxHWMm0VO27Uuxll+ma+yke8lSkY4dp9V9iz2SDX8F+1vWTQJ9727mN9PSGclnL+c4vODYWWhzZdQMke5Ua4JIsqp7vJouoM5iWt3joHJF0rj4sb5WAjFrhQfID6u/MVQI/PVDFDOKS+xtPm1iPiownPV19K35Vk69jtR9SshYtj3D/+SwSbVuE4qN/LTNfqTdnMOChMPkb+7pvSbpUPsOX02It1rPrNR/38GlRpuGpfZZm4Loqree/WDEvBSr5pL8PjpPc3g4B1JKzUTmDYTNY1NNrJ3Vfle1C6zEg1jNMbulZS9X3HgQLVR3W09sLzj8omXMTIvvX8cBTfuyBDdfu/g+IndLW/UJQqz42qHBz1TYx5Dabi6hm8HqZ29cPBcXy75P0jCxZLSOe21QZB+4pA3afpx2mhQUF7clh17bQxeByo5/87WKFcO5FQV0j73Rr3O39TN1lTPJpfVnC6NBZWunRMy7hdsvssxqqkiMZwQNn9zH+QngE8NmlCG7fyvAFng06aZuQD/Qp1TocloHijUL3FRzwL3DXxEzr7WRN96lFrUC1/gyiR5PM1pRhXN8N3emhrvvjZCFmB/I1q1wrgnWQPStQMtb7cRhwvPuBFnYghVVjhvGUT6/1SURB5fGE5IS/Rctt8riZKGEOXKEzsBoDQERQwu/VEOVOlUPR8O0gM87Z0jAAmX+NbTqaD3ELD7C/m3PUKEIqJMKIqGZVoJMLszxKGoxkSJfWHPfRPYyh5K0RZooixXu3JpbtzrUOu1BrBbySdNvc11ckQleTBXUzxEzFyy75H2g+rI+OaECbBvaKTK/7WiOC3oBeuFH6mXHMOXP9saU4vko+cRz6LVH3pxVNpP3wK9Pn5cnmSkH4Av627fi4uGBtTt8JciAtfTb8V5CiMau+wJq1z46kPBqfn/zISTlEdguweM01rlFIdXNcZjbtj21icM/jFsduzrDgosUtniuOyMstYhAbZ8mr8CfTDSJ0D7pyrBii7zh8EP5OjjdZyHd3GetyiPJytb7px9mP1XEf7O3WjD/7cqnGfVR1amXY42CUb6om8gH7pwL4jZnm1BoyMsnMgk9/aQSx7fKxZLdoo6o+y/GCch7bgQ8Gq5j7h1qeRU33VAYEg4UeBAupgrJ6axm6Qle1tPt1ljpb0QK30D6W6xzbkn+Fm/+Z0B0xPy3atm3uWg9hEBEYLPzKfYZaVgfDCA4eWRqHCff/OqIDvdqRPZ4WLQpEguYj5bbpoPUH5gWIilyOo7rjLPjBhoyn+DZPv2FIlNivt6hl7Rb88XNfywlfM6FuuOumA3/7yMiITidxo/LKsItFrt/fX2hGC5bjIUaLerumEqkQKf3T0gl537F4seSlVFmYauDqlXPVXy7XHu9+MTeECeCTUeWR5UQZLrz1OgDjPCosPo1nBsTk9M/elR/Hw/zLiCdSZxQEKtInXc/VFBTBOkdQN0HfPIF2G5akai/H1IbTTqQ38SMGNJSn5H5Wlr5BRNkgBh4fVjAcVCBv342B8bizbHlfh6PuvwWOn2H3st4As5DbKMdMFcAM25DHD6INEStAplZRHtDMvyk3iVNHSG/K4xTc6GH5CjdeZWDVkpENVwmXaRd66+A0BA/sZOYBgTVgW3EQ4CYc3cNOQrqB5PZjQyxz09VTeXz3Gy3kx7BknhWKOwcxXjVY0IqkRaA7F0fHs7Mx/gu11ud0WHH3WcCTFBaUklcNeWsZNiJhruGIoCJQEOf4Nd+cKwdOQdf/ivwcCFN51ZXZv5usLDeU8sPr489k87yH/mXFumaTPm9dpqoFh5PN65v0mJ/efl8Qc4e2aDrgASt/xpbGsWdhy3GxlU9+YwbZ1VH0Sz+Ee/Ts2kPrwxWe6dAOhoN5Edsvt7cVKAcJjhxEq5boBIyO1e2I8gM71c8TQxM2PmdfUJROVpAkha3CSxoaSoWlIkaLMAO301f0vj5bwXHW/xBw+s4ZbL3IlSBaH9XYqqTEOfINlAAo2Cs4/wUisspSz3aUnD8O1a+U8efnRgG9MmQSyoPXVeu273QzFYSUfFE98D60d7T+LJZszUsVdPm75FtVFx2TFGQLYs/K9JR8GWVvyoTvJtgErxxYyrRdXTnzN02PC4ZdxbYoMpsP228451zXVan/41/WB7I/31gHGNALoCDFcJmdaJ67QX9uj5ll90+GQCeGd/V4BxUM3obwKRCzRVFIf7CVsloB4m7o0uba5M2rcRXFHTJ3lN0GIpZCwZSLizXNVj8PqO1Yzoq2GR6YVT+O308Rf+GjoLf/JWB3SZPIdfSVggH1DERr7pawU5++wV8HFzPVM+Usnm/lP66sEOuR8956mDgAGYiyhz0gm7F8HOU5MTTSeN4e8X1AZzcZBVYF0cDMWHDOz7C9RIU5/qBU2wfU2fznL7Jl7WXimcE997ZPa8cO5z2KkLKmiPg20b2O0BH2gAtrbiFp/qzbp9PqASVQNCq7doeI9jEsQAzoEL4wLpS7rwPisDRjW2sE2EzgIKYxDMbnaoVomIqB6U9/BQbFapGMN6bXasvu4CQfIcDPsWpE+Whg9s4BWgWUv7HHf2NeI5khGmAhuGpAft4vgBxpMuMVOnggJKDmwJnaRkHzDZIhtSqATg6kgIqQlLhTSUWouj40aHwLFAarSkJK2dux6+G6VfI3Lqw67315h4+wwnw2cPdaoulJNJmB7gpSsZ4EAoKVprQ0sIAUZOH5MXM9laMUNvVh48RV4nf2Y5nLJxgGl5AWbzUDOOd23ZaO3ytuk6g+AF67nDZnaQMijUzXhkx9Zej5mY+dceXS0hLlBUKUjo6OKuwwFifrhLSRI97uuiqy9yuxmDxx6v7aP3gjcGNEONdazpxzvOnGgeXfyNPPx4v3Upfyiz3ee6cs50fmYHhq1KOUxzwhiV+VCB7Xvn/Nt0qe5k+KueOp+TB2lOvAKRXK4UVzpwcmWo96rXa/LJp1kQCKx7aLZb+0vH8j5vkLPsiVf1dd9TEFGDONdFpdzYi+goZBSm+nBiOrG35m5INvXiouZb6LM5bHVzDlTo6uN20JbL/g0tt+XU35HW0RyvhATLe/uU9XhEWE+bM1cduuMY+d7HMBN+A36hpsmMOgBmDOupqV2IMnQnrZvCyjPkHAjjV2WArv51vFs6G/Tjc+WonYz0c7LUIklfXJzzzwqZBERx7l6srbRElqfKpOYijT+2FAGqxcPhSk8I0JcZu+WCveRrINGaI+tf5b9o6y8k4aAi5XsHwkK/Y8tkxXz8ybCR3Ft9/ypOrC1vWMJ6ZaGxyRnfqWdKAgbGHwsPNvI1n4TgoKnFFVVj2mzf9DK7A3DW4hq3/jUPenI/OjVkXb76GVTy1Bid+ntBpYEJo6uC+zA/7a2EnF6TWjaEBcEg2mg1lsDU7CtMq7CF7pnhMfvJZL4NjbNZZXi+cDn8PmOE+buV14dTOqNiUoCXhq0VeQb/9+fs2nFcfVbf2+ciLj3wqZtEW0wnGtebVIZ5KsnxXbIsBOH+G0MPp3debK0ti96d0OcsIWI8pRLh8Vv72EcrwCBoQ/uyQh2cKg910moPdjZRDXAoj4oDDYz/qQqEckFX+XIb1w4GgmbiEuhUFJWUBID9g+0QmDGlFjlov5EGt8HZQ40+pHgIUrdOoSLawoYFIdNPH8bVFGBkOsRWwYWjfuiro4zCCwk4ulCVO9Gtyc9h+XfCb9Kdp7nPLmtxBenrFUtohX3ZBrR8I1lI8QQmpKsks8o9VW5dkUDYynYx1bJqWKwqEOSYKVgaNGOfCZoWr32VY0g9x5o/NkGZik9JoYhkcr09W/W0bF3sDrjozHfjGGnR/bSIOQsu6yb1n/v+5lDIPgSnr/CKuO8mPyQ5pSCt8AssHAcoVt06qbo/2e8MTF/CozD0gM67ZBXQyn5qK8xmuXx5lHwIOyjU7WmYDXEB4RPc0riJtDqoOlnlD882sxikG40LwMQX6xt2qkfGJdChdyjQP//uI4ZG+Xuily/xGiiZvY8hS7jHgbbdy3vJQuRYc1jHH80+sxX7SH6VzzwDYYpZK+XoZq8T4IFlzKWjTeJ4r2R8YTeGndHBERwJstiCjWVkdgo1XkCv99+9xSslMLixiAbBfbKkYZlJOjDvY13VJrgHG+yt/pfaD+2+54geka8U69prJoAyVx+F4h6DBAXjyGd3NFUc2aJVph7AHtcXb0cOsvJDgY1kln7jyClEnG7dVpEXg36/f6mo7mk7uxitbX5l56coCZvMe+Mpj/Hj/lSJ3dGi9AposaLw1tgvTw61o54cZ/qe8K/gBf+I+7OmdZIjp+g6sjInFjhAiVijccTCvvOqXV3dWG2V6e0Crv1G+LVENkxJJw5gvlU9JrhRwefbAzt1VnxXHsrqB7aF3cPudtjIgb6Lh7bqNHUsf+Rx5rDf8DatGWVMTdLbUH0TJamanVTGuVkYAc1emf2zuT39eBJmtEVBjo93S5pGag9tZk4wU1q/Gh127x/FBFLNPiZ0YLIP5ksDR1EC3sNm4R5fgw6P2vqPwqveK2/GdMsJ7Qr4a0eAU3HbzkhcVXad4VxyuACy/8nAvLbE0PI6Y0awKd5IQjktLFk5BedJjl/jeQ0PzV3gJkgZM/NcZQP+e9pep5h3rgNhd3h8n/MYy7Ca9BCUEd+MFo+jYu+WEEOUKElSjDdlAhTeTNk8OzaSjt9yi9QVeNzjgPXMK9vXF+PYL7IQFsQEozyI+MVTVDuu31uY6Hpx571ZYhBPtUrb0KJzJQz4h71H3Bo50i/qTOPz5UrZD79xbUmA3H3jBQsk0219fp+FluMa0rXVEPgnOMNy1wv2cDdwc6i71XYlqoF+OUmHP22P2xlK/Y8uurksgWjeSgAPEJs5Qn3QqNlDtLU9KezCcw58PSrzwdlHg0JXuPvQbVU52auuPA5yWLqIi8aMVv3d0PI1+GXituUKVDJ//JJOG3a1vsR9JfBu2UZvvU9ZAK9gYdEfkM622ggnBV3LrheIMophR/zJbPf1wUhF1mSgMfWJMzxVZ/QIG/xGcacWtEzwgvbrxuvAYbOv3X3MrxN7O0V/mjuh7T04PusdMKJ2k5cnc80VkK4nuc/Pecqfk8z/kV5Anjn6HDzdtbNOhLt15ghT9kFYKmvqpeIw6vLHdAr2E6S1N9U8gdkeqJIWzgXudHl3tt6BsgO2iLeR6BTTeQqb/OCPJ+Pc/nJN8vNOblT3YaGM2FPvXOFoej/R7ftjj4BafwNGU6Gfp5/wegBYEg9C3ZQaEnnjl2eosum0ZlzxDKzVLRgNkW6WOuGhDpdUydzh3jtJ1rln5803vs6I4GwCwqPdhlnE1Esl/GBeZTIOTUu+YuVwCfKfDOj7dIffMx3nl3uc1VBZSzLV3E8HTI7Rv0HJE+MFws2n+7Zhkzf4D/ctsF50ToziTJaOOZUk/s9sT7876IIA7co31z4x1DEN67+Cv88WHydHldHVKbZPItlAcKryiOPbB71Hr7deHAMSc+cOsICIOGPC1ELhuh1sCJUJMc5P1kbMPzWwhxcoJTAXI9IYAoMwjQ4gNXG7X2FNoGuInvJ1VA9j7sunuFKHA3aRqOCv8FksH4jOrR5iSQp8Us8ycxrN9+jY9bigF8oOxgwIKcQI3tTYK3ydsPlXt5XHXxCtnNJkvW3ccHumiN9bRRaYpnvPYYSiGZfZXQXTuGRWeAk2KV35FaK5Nuy3b2RxiCaIP4tQBxZ1ZD3KAK2qAJrvKE+E478j90CDik71PkD7VIEtwcMPYdAuvtrZMa/kPi/rt37xiX3kKyMd43msN50i4jGsN1s5p5ufVBNY5fyyf7mjyOTOLXipLCw2nv52+CqcSxJoIZc3t5KXPeUaV1qGdsjod0YqWRZU0tRySe56Nrfa6AIqxkCx9epvnD7NqjRMuxCEtuioUOHcqnuj0kcizW9rxJHJVaaBHJJbv527b8Mapf4R6Iofrxo4O7Qk7FKtnsp8ilOY1kVG7Ct9bbX+E0xEbLIDJeg0gjlOP2nMkJIVcNdZx8zPW0hPxmlA/Hry/02IYMtZuUtAqUmKVH83RDp/s5tLA0Lqwvx+G3a9GVobIxQGUgHwqGyeIelxEkv/M5lJgo35jtyxTU2kELcxUgJJ3W8A9+SoWw8ZR8cNKgepBsu8CVNIiCS5T0cdvHLA+j2JQGzPDMQ2h4ZXgIlmiFFU4tvldjF9X3PqMPh7bYIxXZb3cycMv3lq+bhh6TWg/ETmkbY9sh9hUyNbzpiQTzOkk/uBzqPR/dIanpG4rGf5SiCXGfqi5ClVdVVVl9/2DgjmmqvVlB/yng43+7lp8JH/C7/+azNzsilLKkhBO4HY7sXGN2J2nu6YMs88+6lRV2CotbLdiHwOu5gj/KvzxC6qVtTG4VgIWIjRzYSUwMUEWSPiMs6exfV7e8p90XT6kbK89zFIifFvEKdxy7D/3tEk9qTiplSaz//IVSb+xMNCuEW6K9DWyCZpu4bm4qjat4ePSlMw2xSfHf/4MLnIAJHDgHbXnPUR0oOIbBvpE4fzHhHawPK0EG47HvQBx6UhK3bFHlD98CwRz4xQVHYTWAm7ilAjdkIbpOqSDEbVynHMKg8vhAIl4zDBpQhJSu0iiCx0LVpTHM4Y5IqgpUOcNfakrikXMSUgRojXsEEsfxrnHid61R5X6Y3kJ4OIyqX6zfCv3Whi2TxEDx3ei4UOHyGlGk49ti9mFE4AXw6xqlsqYE8F1dClbolsfS1ke/8WGlUN7vB65RKv8qmwo1fJRP9TX/lyfcbSt1LhR46EfoXaG+S8oW1+eZq2rJ8JTVyVa1aHoW4p+9i5ubKc7AZ8vJy4hKe3uRHUmW03CIXH7UMgs9FEstECy60JAXRksriuUQjOaMXry3yfGWncVKXrxoXclTLCGyrL4lwFFlzcWOP8fpVVxlKPCSglZ+C7VEQv4/xY0qSmUSsmqAPhmhZX7+TbpB5nVLn2uFkqVHca/5uEk9cmV1zw7xY3UaHCaBP28L6FtOQ3O1Pv7FlHB//kViJ8kuZ43YC/9OXG5BLBTXYJtHDkKEJ1DEXApUjU60RAkqra8Y7/sI5H3b7l9mgjBF6k6waenMQZe5eG/x3kEh3SxwK3er0mb8b+eHMP1A7Goq9XKpixFqvZR1ELV4zOyxL232CORrOQG78Yx6kJVKTMkwNnyUVUu0Iyr54TWs+kHcnHK0Ncg4TkCoEm3RLYQvZpgoANUDPnZ59642p7z8SVvs3JjpmBI4gvwz6XF0Js/tEJW8H3DpwHLb3rZjK63OwlCueDMNNP2gmXmhXHadffZwUaX9zmJ0GMKLNBe9EjV8ccrKyqGcMBhLBYD3TS4jmiTupFQApCh3sH/MU3oWnqWwUlxzbXKg+2hGwC5EsVVxv+tcZURULYlI9PBeKI4EXmediRcixxlgZmIHzsmocsY6CF0EoJePtUUP9wbzpyvOcww4gQM7jptwJ3Yce4lQ6QvIcPghXXVE/18PgH4AmxgUXQJWSiplFsA+ywWIXPYTGYFZEpx5Yyf/TAtvUFmTasFOUEQZkbsYtVZLRdxRRwxeJuVEBDkspGeZnPghBqDF8Y4nw519plJp8TRrMYDi+NqVjNW9RlrYT2+sd5QawsLxNp5xeu3lB5WL90wpiepZE1DiBPBPmDQGsuPlCC18nSYw5+rKfnNe9o0qSLLTRYUFNNufDKci9rXQLagZwm7vmKqedbTYaI3ZXI0xVT/r0Lpp+UDeofCxzP86gd7TIZ6xSejEcbBUQYpSy3trBDd66i2Mi+IEtfnt1R2nchoryKkn3N64R0Xf8DjBbhB5T+us6hbJhCp+afqhGSTSk839hYSFuwSTkX9/rJRw7lQsPREox8tBO1bEXpa5X//qmMe6U5fb+ZaMNpjyaOyq7ddwVTpaifdsLpPBE1UTwWMekCSqw8vG0cE6bjLRADGJ789aXoweTZfKi7ZUHbTzYmALkXOB6+WHMiKW0sigIO6FFtkv8UQ1J7sw1u+7QE74z3kethjFSBE8+oUKwm875uggqfvV8XiyqdPxfkhL9WPB3+xZgkRszUP0IDfRx9T6a23TnY1TIyZYve7dXt8Bd3mxhHD9GYtboAxq9X8UhJzZETH8NW3NL9Ooy5Eju9N/OrD1C1chlz9SEVGe5jc7rmUF3QNlyN66RW+umFrAMLa23KoqOw3mdpy67vXw++pCdDHiKTORRoztjjKl3Skm1TdN96fhfdDfJsW8qga7+jn1EWSPVgbfivxxCcGkBulf7HJtIVropH2pCUTC/++/IamfBI6+fMopnU7PzLQ0b3adYcbI1iUUF9sOGkEjMh/vJwtWVojYbnAcxC1GhnWcCXuPYEFXJwd6jwglH+M9/xkJdUmSD9dc1RjZ5NdiqKE4cO5ebsu5gdfCesepgrKxk1ko8M0VDX3p+XNj+59p6Oc+aZmef4JzU6IA7abXor1HDJhckvEP21yo/ZtwIssc77euX/xV2BwqQsGBuzzROXuhvHC6fHEBbIOIskJsau/XRcK4HvRUdk4Lxz8CJULpFw1+XgkArZH8vh8QPpDCFKsgtsmJip5e5VgQepklEnj4DLtXQgtrpsY0xAgSd2QQCSL4QE1tfF0EsKY6M13tiIyixqilwsjRD8NVESqkFv0nUDkKRtTcuUCj/7/tAU0OSeQODepeAkHCoEOBUdA/pFJcdAtE6gja31ItIrrr6OAM8WYTkUDNtYT0aXDGf8cK7rx1cpC9mOABzqgwY0qziqUK+Wv9QC8XVUh9dOOl9skiK5LW6wx7VW4Rvjzakne4mqQsOpTyA1+qATRPQJ10wkgpsLrxo5IERd9G2HYKK7eEtl1sHjN+sgzpiiW0FRUgmhlDifeo84Ru87eGkNRfSXMEbcoULJMfUyS/4qtoLPA+s4/UHCQsZDqEzVPnUgefmpLMP1CHrl/p0WrLoOv7VL92Q6cK01g4gfCU5Aa1oQ8kzFcO34ani1BZfESNHl9tbRlM3RyxHZYWwaFVEO6FkU6fZcgs/yJlHt0sNKcXWi3u/Xyl4EVyz8CbmSigH7uQHQ8/pMUWc842yQFX3IY7vfZ/uFpaYhuGLsMafz/9sKzZ/A+TGhbqrv88GVLa8uboj27tsQPDe0XbQjpM8aDY67YbhF8dc5wBwcFRPw5iCJlDnnM04EMnLLlX39mkyh3JZl3QY3Bo6ULEbn3r+ajIkT209SGn25rmV/FbmfDVCRUQbfDRbqeT38msuvQOc1/up/QCJr0RCK8phLIsDTQvlsG2Ui+WXtWlXk+/bJKTtnzi7fEeRks/fzPy9HP00CkhOyGz4RgP9slr1qNU9jN8zN/xK5GmPxTKwCvV8MQDIUK1OCJ49EU8h3uNNtY8Ljb2ZH0TUwwHgixF8zcmy9J9PyJBZsPPSK2Zy4gToW/Xdb0MDpsSt93IahlbZ7bKAgoV//aGGgt2PWCpsgQlpk0FTN35sSZL899BwJpRGCD3AD34Km0q1OKjlD7Xc32ugd1/gzeAE2M54vt02cC0i3Co+t0eFMU6X6qgHCejboyabH2EIBYhBh4TKpSPvsD+w6Np6pqBPmCfc9H3MgOoGCU8Rk7cMi5E2nJh91o0ipDMwv6mKiBBtKNovp1eMtLhp6vrlDM9LEDUGdgk6Tragg21ZkoGk8cxFreJJUHm985IJVkSU6yKGGIl/68tFJcRrhagonlBiaTv2mX5W8iHeCTJQ04QYx1yjFEB4jiPOLnbqNVs2DNSB1DTkZFvbdn2i5GvkYPIDu8nY3wEh+iLARl+laaaobWnvfmPhp9CbEXEzqAW4ic+LTxFfoxxLkTWbl5RFhcZXnvwBLLcy/ObFMAy3gv2AgeBSTdHv4fgThlN63OqX5EqzfrlVzmQp08n2kau5OHV3NzkDqNr6m98HnV6SuMc9VBE9LqPDCM8pEODEhDrdhzRpFtoyBUsRkWw5KSpMhtyr+WtfI1OXMNp2aFU9f6ZZvO/gYTRQvEiO3d+lBy+ZCnO1Vlge3kVjDttnA0n3L5L9DWW3rJNDH1JjiuwzH+XtlQpQkqKb9N6aKeHxzJ/sFgRwWSHhAkdPj3GB4GlCwkJMSKNBk89J+JC3+5VUXiY+YUlHD3VDMm2zbbxETg8znP7Ob3qQ/Vl6/VBMiyF2tzjbF8NccsFq1bT9TvHxsckI0o7OEHITkBi4YmqxC9YJ13rCg3KAGu33GxY8n1OmrIhEZOVlNqy12bbgDpoyLM7pkNRrs68AfAcaV+7716BHJUvsJN9+ihzuMh67uGT5U0V1OV6DY/mBuvFMmhYfrPL88F/6+6Ym+GOSpYttv0KpgvVCZhMQ7zhIwvBDQeN2m8mViuz10OmTWpKdz3MWMa7ke896t3h2V+Ra+Qn0PqEKu/kHbWpk5L9luBn9x4kWL7VdtHna3gnrPH8udHSq2yoRPs1M+39L6ubm79T2+83p//HTo9KEwKP6Xv9EXVdS9qIo+53YxW2Eo4h9xk5EfHikMA9e4EOxcvDVw+v8pf39hEWfXX3nR9jvR9agWhg7l5YfrC/LICXBK1ogNpI85F5QzhUXV/5aPwe8S8j/ovoWiVkewz6D4GLtCTNSm2agbkSnO087P083xsI67rOtSOD41Uq5fG8bf46yLINQv7GdHkhf/tG7EWubNolVADwe1hvdQEiN5ttmxZI+c1g4j92Z+D48v/tm0hjgVpLI4c102zZ0sPyi2BBzPnA6dsZrEQi9Kc0Rq2O4S3geLGDEpzN5UVYhUHDTXIgryVb4/gQa7fxMQvFbfI40zsTUCOnJHiNCjCnOC6sQ5q+x0NgFRAVVHF6mvR7MmgxDeoagJqNs+FCwzs+hNcEB9PnNyFuRbh2OQGH7rzxwyrR/+2iIlXDtfZiYAOU2RTVUlhb7pf2VC+5WI+/U5yi/n3JVkEmvFVqbg3Pc7g6pGIHb97KEjpMt/1mP/wq5+Od8egyploZhJHip4LZdFHjov4r742cgYwd8MH41Ihne9Cnxzf18IaNZKer2z3niVc1oz1dAsKRLKOXQeI7CiNMTzl2TFn6b1FSsrIYZQ14r3gFdL+BMF7h5EsmDVp3maceLQ5NyVLU8JlRSbV+Rz2JLE/RcHgFs5Os5zA9+B3v4v6I0qnrNv0Nm9iq2pENaapGwv2rxHROKDQz1lz+wHpHqJHDrzM7YOAuvfGo6Hjt+A8creIXmavmGerJx1airGt8b4G8jslduG+MiI+BoSdtSOSy/7ECyys7bG/Btxybxr3H3f7WpkaHsL1A/l/QuivVgLaQnV1MmmocqpufUbkvPasgaTpkPYyuZW0PUXCoF6b/SJ8EdvF/zfLDSO1CxOupe+hcqahHbt2VgzjskQw9zDXRsng67gRxOvJSEevY13caydEkzPBtNGVxIY/GOLQ+A8tFez9hv/5aCO34YBDhXZ1F/rBr/PvJIg75b/CFBcefnvX5DLlfkT4uO5P2S0En671W8qHtZN6h8X2vjat3+/hwHK1C3Ujx2ZxniEu4X0fCcnJyORtqj6o+PUO0/S9WNozXmZWfzQvoI3DotHjIAN/eZMxQlkw937rlXS/M3oZHVHDKc6z0Y739CprjEtKP/C9ayiXr4Bwr6cQJFQ4gqJLPZcSJQxhK3ZvlX3YbaRtl8HqEodNuuDVBRwOw7qcvKb68euczJTSH51SG7cgZK18TZYNwjYFxUR7L+H2EwGohevzt1ezH3x0jpgzCoInUF9BFYYSK5kdsFELghg858eu8TLB8uw5WSNTrxaHoxL9MqDVnyeZNTtlxxzyhccdPtDAOnMEkNJzygir2yLgJtTKgUFIpPwiUSHkPfxl2xkK8d7GTgn/W2jOtJoVN/AGTeAGcFefJPuR45y2wpagGxLFg3vJ6XiU8o094cemnJJ2RCDK012ZttGs687+2MWV+7yrGGag4zajfhQyErXAnmixkupLGvw5+SVmBbRpMqawmuzDIdlBBeSZzB+98a9U5ZLr3t9XPlS2OskPlap75CADXQQoZrq6NnFXvzPvj5RkMKq9z3bcZcm+sU7jsp5EhdOhNmbx0dizn1Zz0wKwJFuNWb/MEdwiucltdf64cv378ddB5TiEjqYgcsbJ+9dkTk8JLIONQyXzRWpP4FyIGYVFsRx9Q0WeWVrxbwysBeaL96TiRE/2g9QpyH96p4hfOApkGtwcCSG7eHenUJUCW6l9aYaIRdl+b0NXj+ZNX/q4uJkaxcHU6MiwTxdRy5Nj7Q5prXdC46uvIZtgi9t6hDD4ME6wa96m5fLmm9cjBZmhD/Z3ed/WCqolRVOi5NLfi8tD+Wrdvgr0IhKIQucHXeKjVM/KOXBTbsOXBt02wuYsXfeoGv/nCfGQnucOY/NuahdHrz/X/ADPmxPuY6U3jstykND9SHwxmU61R5uQ16Dd64gROY3QrO6fOY1eIOvuCOUo3EZaK3BEACXcpKnI5qUDRsqyFN3XOKSV0bRe2UoeZC2U2h7hPUPu25MrVV09YkvazwD/t6U0RmmQhTxe28gvIlMs3L4eQciVOOeR6xGDXTFTCYkW4V/Iy/2Dg7MinEuLLfRzOpgKgp6c/bF6qAD69+G9MqrsmhOFPz3v4T5fh7dJlCeBVx9Sk+6t/R0qMo3nX0wu1gtzksQSMcfSM/n7FKPXd2FcC+C+70/87p5bBV4QWwWNh2Nt3vYDlDjkRzoPsI96rtvP7RvnIq7ZzyaEdQro/3Z5wYfbE1peIfIhNsPIUQ4j7gM/FYYXQDn8dMqEfaColTvcA124u2tMdZxUg+UXwi8VtPM81/W8qvxtMBKn4P2jd7ENWtSGmB0mxItm6GZPKhfXWoYP5UWP5mUjzMcOXhBRqQJuXySD2yYlPMA1R+w1sqPLPVERSMQ8oYgADIUZD4DDgtAhKidvtvkR78dxiSSUYKLmzE+PnWNxGNbijDnLBNLzjRRQWRfdLVHGxPewKlyEcnthS8LNPyGmYXYPnCl8c5ZNQ7KM/7zbnQZQCX9BcdPxZJgeT5NWP4Z63uEDH36lgrjKzZXMB5cmMEF1VpWZPhiNPwxfdwOZMXf8V/1vNmSdW6hlVA5UbA37ZpYRGYQ2kZSeUEHFk1YAzGrz7WTczc8/wb1Z1XGbNwu9Pa1Zyzje3eTjJ24ZvyO9k19OYl7s/mnL+bX04U831BkmZkaS6GKFPCQRyHz2JZyygBNhuv+UDlco6A+68gq7PJrEInJXpPzd91ehISQ+6oSaOU7twUpG38RH8XA63jI99zOKhNq7TZS+MCjQQwId9gZ6kCeILPQRvM+SxDS5YvapgNSF4OXKbIRWp5EKLFfAGqPENpukamQJjq/DnfE/WVyoDnL4ha/3h9wXJZfnwnnTi6mD4ZVfdWn0MIQgssE14pYyvnBgOkWgMB1i25AlrS4vpMbdbX7r7zTZSBXL3dcwj3lQiwlwtS7Txi3qHHRL3QK0r2qu2k337kNNFsW0C9C4euIM5pnVVE8c1uWNamve0oqeybTy7Kp9ISNji4Hec5BDcoeeKrERsZS/gsFDewrWTSuZ4lyyEbbDH8yyQPqSzgTKk2evoPuGK/OOZdwe2UwvbDG93/Q8Rnvc/qYjV6lBhGwv0VfteFKc/Q7S3K97FcRHKwSDYszIiqVyidM4DZIIN5deVz1seni5LBkuXwcEDjswiT4Ej4+dLompJ+I3rVNAUC2aS37Idfxf8Ef0IRAxNSN/wrlQjVXr+QoihFeIFDdEpWB1Ucn5YKrJcYsA6oM1vzX243RlvfMWQ7M+I/LbSf2ccn532r4p2Fg8mpzzsJ8jJmqy1JiM/XQ5xTzSwEGc/lqHCO5ttTX7nb3e1RhDjd5ZQa8m2YEocjbQg0USFVO4/RgPchBOnPCxzZzo/6H6zS4NpEVJaDO34lpZEYQYFyFdUsCDShJAT1S8XQy4rXbOLAWDf6LDM3WB/dJ356bdjGkxxCSEpseivLTNhRwakVwSJF6aq+8kH8g+D9mGrTehhUfVlQ47JbIQ35AhrTzot5F1hPUhD1MC30AiAIbHlnvH/HfptPNfaRE5CU45D3o6RqZSp8LHAv7MeY0ysQPvzCW9gWD+9GD+zB9iKh9t1CbAJorjDoFxo1gn/bVJ81LzS20Ov++DVRpXzH/huBO52Ozz3LscOuSteVoE02bbez9PvLbZ0s14XONR7eSU496vj3SuAdDqjudDCMt8bBsjOMOPX8jfCR09MHoVpWMXQmJuEX70RA1wNikgryANTtSNx6Bf26ULYOuWK63+7HtJPsXL+KCcm/fUNmfF4yRRzdDL6c8HuxdVfYw9o5M7FcB393B9NSF2el9Tl5emBRQWjYflKpF3RuFx0gWW6Nbn0/dpvljAbA1yb7M/1lZDL5mx50Z1kKPBrCmLtri0vJXbLk2xQKpTxsC3WGmRmK/deLZczuvBw1O7JoEjMu5f+mayaVy1zP1YzrrTGhbTFXnH8G3ZTQ/OMb1jrLdRpss7c3MjO+oNfsKfO4WwD3UEhc6Sq6PD+FdYZng7NxPK4UAA/d0dLtMPBd6tzJjXi/nxe1O+Prp2drlV3RLeKwxFMdDupkJ9uEqZdptwnH2iUyU/G2BbWcnsxnjvSuo0bD9yuBEJd7eHMbcPKX0NwVH+kRS7fHKwewO8v3j5NEFZJT88dCKwbXEgIu12f22z6Efmj0phuDro37o5pqlf73ez2sPm/9a65ZSnkZm9IIYTzNEOCNCY0nJPCfLa/WnAYf4tHPaNvk49+3RPofMCiXSWLAvcD+4/3rVHlybXIT/QwuyJ4BCCFLrfIU2yXC3a/p39U8EfemSV+eV536GQBIYFXSITqhewI6v4UN1Lqjf33/f25KoWPCBcF4SWIeHGpSQEcOOs+XV5nCOMKvyglo2wHzhuMFoM7O3W25ERuEjGpBWwd8VLBeB7WIZrYiCi0OeQDypGESjOlqoj8qs902AaNEoLrwGRzATL7GjmhSvotgHzFBLuNL3QGYBx4GtKkQQu09gqHAZ0cOKgXoMUbJDHo7lkPDYJvgV6HQTOM30K1wMFWHo3RKoAQ1jYRyuaShOQLg7LdHgLj23GLnnv3FEMsZlAthNBiZPRdgW9fXLS2yAkD/6v1H5uu78tA9hRwWi4l+6MrKEcVVilWMT6VYV9rRGFZ6JoIyvEDzUkjC3byT0C558XCt3by+9pAw7Irt8A8e7Jg5eLzchlE19l+zcXMvGwP8IxLsUKRAy/TZ6n1BmnRtjpxievENdzblmC7ew/izXsntFvrJc1zZ7L42iD+PWdxHbXnxEvcDtxhy4fCCjumTtkLtlVUR2nfrx1dtsRUAA6oNb4/4XFotPTN4pCxZ4XR5JpOqt8MeYTR9tpiX6oVJc+032oYeWOX2dLgfnRFjEzJjpS+9zUciv9+jh4HPzFVRaD4Gv0hfRil9VdSiVI9G8+CJB+My6tsh9Y7X86gbPGkH+o+HV22anfSaTZ49e5Q0sfMg42o8sKk3BoFZn/PwP7vsgCLKZz7eDD2ns/RmTz+jCqXf7A1eXNbK3FzepbK98UKAOaIRRNG8zDTg6rst1KSGp0BVwRrcYcjl0PEysfjlzOAUCXLIayZQl+3iKPH65pEnaTfXz5d743GP2/OXWVnqdy4DEPh/FiZ46svjR0qUIMiaDAFDF9kTtE0DSZT1nBYAJdTKutSHmWDuyHy3A48b0/lok3q02lDgLmerwyUXuZC1YMIgLqn19K1O8qD2UcKcvilcF36s4ac8UfIq1cbjpgmHMTd3V3qBzijarMiHiJca7nzVLh9Xhq2kcWEe10SqtiquD4f6jgkvOgbC3VVAdFt2cr2bDo83nd2R5FSZLQbEGckDqlf3Gjimsv9dKV32n80IfXOQWBX3w46dL0daWRqCKS8fjWc4hv3DFm71CazBrs8UMFnPsMytKYZhhjoBa5pH34xJ9EW1wVkyRxQ3yV1+WFwQF5jDwB/doXEUArvtsmJPlMCRB/jAqS2OF4SgjcohLQIodfwDmEweXxg1CNEwipqbesBGeznqwmoKvr4/RtgAyvBjF9cbpPHW9/8onMLNGEgioaXEo7qd80pnD5CWCB4SV4QGcym/d67JnHMcjUfortOEU2qP/1Xj0z4QXO9y6u2AYqbsYu7LMdjpTuOfDALqKg98aba8uqs6WnDh/+GJOXHR9an+cvOQAxM6FaHcpJkwXsZ9XrkvjWC+8UwMHL7Lt2WIfuOdwdqMCBVJX9gUOlXtU05PkDoEBZ5czOe7HyyvVI/oyq38yJcNvf/YgmfXnwGnn+LC/lwhxnmHmb0FIolEB7yW8t53jxTlLp8kCqXM+BjsCB9Cp6GnTFvdf1iiOa09njvy5TojexxtmZ5n9nXO8PPKTE6FgavpDrCrr+TuLaDdmF6/idcF5Ugo+T7I353gg8kiB6U/cCh36mpuMAY2W5ZUzGkpuc7k/fmpzSkZ/zu/+PpvMPZfMP2X4q2Zm1qxGir9laUxxalldaoao1aRe1NJVStohVbzVCrRu0atTdFExSxN0G0RqyE+sX3fX/vP3JwHM8RnjzndX7O+7ruW4xZhJbURzbeNRaDD7R6jBKvA6PTnfPepeKWB93TYNf1Bxn6fdZeqoFSXBlffPw1OLZbL3vjjdSnatifAmGM3AYPMZIMHAVAA/XcGT9Tbdh5NDxxoHH917rMpjhEI0AQynB+6cyBL/vahSmXnUD1pZn9DW1ljSOUCtKAi0MsIkeiLNxUU1wwNenqWUz+2b/qO59y/Hqdc2jftLiVdT3LF+GYA3/pzqsYcHtJdVqcFJwWm3acS3YWcGsqSGFqngXFQITMVX9fd0hHr/xYvww5VdajO33e077VLDb904NPwX5TmoAt14/4Q0xDybvv2bFx/E5GrE8M7HdXvrxDEHE0nZWk7y/5ySmeB9uKpiKWovi+YV/aoG75ClrrzMlSCwL7V0Nuv9ebwP2cjMCh8W/TtgvPRscWgi+U45stpuP/aF6ulBUZ71wa0Nx88smfbT/boFNJwjsRl85r4vnBUoV8KzVRPBuDjPNsIWGpkZW3EWGTEQnlFITmEmLOyNoy5D9yLDP6j9KQOwmXrHb+1t8tP46QrrDVtkaU03uPTgJzBHweGg9s2EE4gk3wbRdiwWxxd7bvlmdb3cHaf+6Dry1cdmPAj6Mhxob8iF5ylfvAXNGedsCc2X8LZcREMOvM3/xG97IVc4IpBztQYQ6+UsJol0ZWIr/lIFfKjiVXbd4DgWT7I+oIEPu+FVdrsgZi7KVmOpwcp9CVCxEnXiCyOW/tnUoKw1eyoCJ5EarMp19RAqN052w4054cOPEiRwB4k45sd/DC2HyC9gs6EUmtW8w4HnmT+VRkgihJb+9U2X0SMHAgJIhj97ASU257EtDKefcyzdyHWfWd+1nNXN0/ZjV9/EInQMxCFaFLAdsKhVVvRcOYdg0hWI22isal4eGrgc4+Be2AsQ724PaDecfzVZAasdzAjA3T6c5VEwpOcVvjMUHPA+yfPo2/9ljk3sY4Vkfr6PB4vFrK6NkuE2I3SQmXURMD30zP4Rr7nlyQiIbVRX4S8Dw5kuBsfUDSp2C/WNtOeuJPtVhjQAJwQjBXdeV3b4h81wZWtxUv1L3Nsj8dZVN4v3h9e2YtsYJVTSAnwu4L3eNAD6p+jZnG+NdRSpQn8vYiPTBpuq6eB+Fm+iGO0NQECY0liI4ktll6d+gnWwpp/iuuAgpCpmpR+MbADsumDAtGq+0HGa0wDeYPR4yeyeBwO00L13lzbK7X95V6h5+PgB8NfXyzDrdyC2b/HU9kahGmBJZYPvvMocCWNDgPnhmAOenjoF3y65l/vt+p5zYuPorF8PUDg+v1phnWmnU+VKLdLdxRJ4JrX6Kdmb5Ke9nL/Dm1BuGEDQKi48lxI4nBD/Bry0/bbJMsip8c13siLtb8mHZaFchMFrwBz+FetJiyQmxsqede/0+mJAcxjUaasSD5mMDCvyHb1berC/edNUA+w8yV34+eq7I0Pk7DrGZTpjJPYbcVUxTvGASROr9DJKfHWwxK9eMhvPBQKuoz+V/K1/pMi56PJp+bXGP7WJPRmqgUWxffN/baJ5M11JtxssPJUmSOCnskvAlUu+HL8yvi7X9lBsS0BvluT3zzEk7b4td7tpOstDX84ONBq5XbSaE+frcLV2wTt7epmf8RVrTcWarhsZTMS318+/qsRhWcFGaEHUMZgdYuXoyelK9TKD+mgd2iJ8g82IqPAhjwv38jj+881gfjrDakFy7syfsAULsEfice1yjuN5Hq97r1+MeZlSqxcle+jUiuvF+AoBZ2BP9C0GMKz7RJEfhQxLr+cWNyJeQxqogC67WqbYVIz4WsvEJExO6WCI4XiaGLCo1AjEe5qI0lGyLfWcnVlRL2Qv2x3SQTlLhNsRwko0BpJKBMjguQmuXEu2PzeECiOFNkLtKU+MKfQ6cFND92BNQwgYBO/ikZ5epKxcMDU7vsdcZG0qvP0+Hip7cu93Y45MAT1hl3ojpGsr/zIXJJT6ljzLsfuOYWMq/WqMZA2XZ5zbV+JGTBEU36AfOc3CrH5VsIYzuiqRlQzfyYC/98YRhs30EbBbOVdV1SdzvCvzuxv4j9HaT69oIyFobP00f3vf6BvElzwl7GvmYnOT1IfUZdyn42G40qcrSCHPI3S1GYaZqJcz34M4AcQNARkTLYMZ7O5c4wmH3GB9IXy+V4S62JVyMCbdnyVtbwNmu/DCKjIZkJpFjttD7hhZH3lZ2G1qYTdXl2FcJ7avtA707VhTWIQ09zTJfTHhExdnbgbsF5zf74doN/QUfPzJUsYuKapjenPiH7fBWkt7qi3row1fdOnJbVCnZWcfLKXu6HyOPbqcnk5qq8fbd4WdACDUyuauEYzda/ybJ7r19pFecKd444qt1u/GdmqPjRN4npNL00mBbLCuYVOr4vO6etxo+4YIskhpl3GcEsp/PWrVmXY5ir7SPKtzxOC3eMy2rkSHfsEe8zWIYd2j+91CH5Y34LjjDUNf5qJFZOWHGpciCcR73JgQhm9u8ErSrmwvmnjjwubpvRN0S5agiX4qQyX5+RCSCfVyNl5R+2IAtEivvsAkgTZGzakggExLsVh/v81HjjNNtgZkm0zbQJ65K2WEWi3935+XL2+ruufiMVJnvtH7MqM4Ipfhhre0JjvuXQmV+d65fcXkwLeahid8PBttO0zUK0j1/abxmoXvBuZYfufKB3X0dFfslSR4sOdi/vMpz5fmNoS8gOlIFj6+Wrv8V3SGdVu4p2wNvIT3i353tmdLivbVI3K4i3tl/JXMmscT/5c5uzlSb0PJXAnrSy0lyX0Dd5F53Y93xjb3u36Dh09+xLy4dBodfHoYDcpk11IwJke//r1En56Oho1qpPzffSUidWz+nc5P+GFPC63ITYHyeGAvAzxfNEyf7PAIlg3r+XD0PoQgGm48r1h0ChESL3ez7+cwLszePD3MrCggK8zH3Mf4rVwYx9QIHH+N/yr+yYCH1KVHnvsRwp8TGA4LQWIHHQFTwIum478CNKVw1Y/R3iLeUYJ8ZY9OWl0JGjww/ktwjYm/eAKDNh9iPRGhO2DFPpLYhvc51oiSx4zvuRwBwE27dSxoypmaTG4+S/z5Did0fMoc6Tco+/ECuJnMf/zN68RoGJKuQfhT6jWiU6JOLDKxIYKfn+DQm9g6e5dBoAE4HIlYp1g2HQfschKWprlyioEtm+R98iuoCaUBlvTn3637TC5xykewSUBa0K6CJ7DvbKBsHdSJJNDRi/MiaD75u22Wf+C09LYunJr5za0Q9Tzgm6AneZi7DavqroGzR4fmmXn57de5t9Ts+TgMdqvQiOW0cVPayEf6oFSe9Kl+F/tZDnwJmxjbwNfb/TLseb317czsQG0akcwe4cET+FIOMZdPkEXGn/+nncPp2kpKSb4MrDF+2RxdUVecyaqjGFJ7jsQ369vU0pjxadvamhUbAD5Q2OscNDEvkhecq+v5AODwuyTJaezgBHPjMlw6VqJUZFhDPm2apave4VUDAt1Ez2ifqDL3pUMExDPqFZquruUQL76OmW/dVpJDwiiLkR287HUQxAoamDlPycrNka6h12wl9rsDq3XiDlKeqNKfZbrKGpLPi4YD8qMdWmcMnnPndNeuR+Hqn0rlaGsZ//9PY8D193t/skFS0E4mLpe9UXbl0alhGgIhC3rUJ6P9jzPFfrGapoZovPe1ene9ZGgYiuBqEt8Nyx9zVEmpGdKObCaxpRwe5JbK16kAgj1zN2Dtz8ehIIgVfKWwWV4u0/vZ5l4zLWHnt35omS5rnRZl4q0WRBmfRWdBr+y6tracu+NuKprSXRYrUD4UwnWkymO9swDwWHB7Br3tkeqHjCszm0GOwJr2Lg7ZUnvRXP+gh9OvwvgptpfhRU2Yq+rjnMDQfexq+vaLfOj4y9qwr0tDJ1c9XR7CPfs51bSyvCf0WD34GCSYLOotE/7LcR7xFrpGcNAvF9D5Uy18GdHkfs8kNK+tzgSLbPNRlivQGP6Vea77p1K/NrjPh0vhA5F6RQmivSLSTMzpprWQoM/vwZZFnr8JRuf3qq9XGGnHcYK1fw1I/kgBK4KIY/+H6KT6DxfsPxb/TR74f8qfkwKZZNRGyF7tuLTyUnwdQG8fAbBGrpLoAa32zNQbhXDNRp+xtfgz0qBmi6gXr8idglxMLDAJpQoDbyWBsf/M/CLlOpJMEKUfVXxDibjibvnzD4RX+CD2MSxamSpiKkPdvTa9VL+h1i/dHxwDeSs9pHWC8Yf7PrXexYgrb/uMB4H8vRSCE+8yszXsl3mceJHL9rBIqGylxOMTDiNgVzkIlLD1CGIUDR48sO7Yg6SLJuW+SvPbJcOhRoQX5j6Rcga+GXx23q5UI0c9gW7oxC+c6Hc+DvoUkyIMVWpytO6esroi9ioP7pdF1AmQKuShPQuLdL32/vgOUD6vS0ACryXdNXctWDDKcfXylfQ1p+NtROz4Zzsjy4sMCfnTZ3E6n/O6aTYvJB5cxjWKa1V30r2uciCNsIQuPbXx19d6Hrp1uzk9XlrWMFAyMQldikjXYG2CgRv4nYT7/YJ48iCyrpAUK16Kr+/LBGZNATCxxWcol7cB0t8O1C0kfUDCO6wEiUqaudk3Oq3HBkEM9U78hIfOwOfky87az6pSoimmXXqgT79og5ZVnD5omQZLD9bcVY89A6kZ6NaylS6oZQ7G9Jc4LpraiuskSRrG5HNRkOyOpyfGcvs8diItVcCbQBL9he9Pw24voio8N75bdUGI2ZIC1ufNgtIwmDZx1Isx8GsW1iClcD4ZqejQHPioGtk/J2pdos1vAe8Cch7qdiwt8wUpn2kR0DMWbar4CFeVJ8QzhTbl4g3/xCQn4nvR0BG9PW5fLLSv7tnbht5P1PX6S6hMMdwEcDX2xMn/nbORnJTQd5xWnkxqkT37pePKIGQVLO/RTN8LL9D0HLs63tRJKCq/WUXfEvWXaZzdVtGTI8RiNmsVroqm8Mv4TrDDlZmP3y3Li9+9/JwKVV7htZCNHPmrmQG4qEW7tbhd7Md6OaKG0G7DCtczSRd+JX0RvP4YovH8MDSTJTBHjLF/2E8w/W6g4aNmpaUIQPT53k+nyT21215PBkRV8eORdxnR/qt0vWnp7ZN7wtUgWD225wvk7Z0piI/yWOKItius1kvtZX9rP2z2zXqAdyaMz9ZdowL7w6opRcpYf0jCm9nS7ArEHkfnuP9KcQ+aLwKvfMQO7Ymk72zzUXWzwB0HNNbvsHpj8grPF/vBZOfE5WAtX8PfaA/NW9pCInu7V7wk7/NmimJsdFxgVkZX0oYKKwk6VIuxJiXqoTsmumOH3EvQaJh0zXejBH/W1+wXwMD/lQ5Aika4JmioFxVcTkkCFsS6Zz+/sSC7qIXBVB5N5L5yRGzDE10OhAV7bWNAfShF3gUxkPTRfa72rShlYX2O3n/TrbgTcdBWoAJPHfd9/VsTNMkeDliNLl/mQKvFEM7FZgWKoodsyfv3krdcvmKoHzm0uYCcwA5myFYDzZluRAbfizcT8IYpsjx22WP8RVRQAquX2CLl+IHPvAGKMB9nuKOfjtaOedSoGXWD24+lYSU6OmivChxruv1vSKDEfyI24yX079qSr5Ae2XPyUisAYgTAyjoqs1ZsQgOWLBxrlzJwfOctpAtVrzm2LftKzwlHgxivr08zs6N/LTJ7M2W1Nr4mafH0OkI3qGJ0c2RjYYX+thibGBSsR5LOMdsteVzhpc/w09R3OyGSSBqdn7Z4G9kJsTD3aLH78XXhtEtPvweUBnE5wLCciqgsvN9VETqKvbgVDRSrjornRSPWVQxF5rWg5ET1VZdoV7UMymqPgc/RnyqpPrQ5B20BM+YkAxfpmOVFbMKldWpqGlDWouK8OWnNw0jN35EZVeeIIqTM58+VOb/Hzv/BWHIND06uIUSAHUDXVOPpfryIvHRsYESukJjwRw5B4M29nEyO8Kvrd4vFcVwkf6LZ5ORTSkxY02m1an669d8puSaKnWN0f/jGrT2GnrjXvfGMIcOvVYkbbUuzGSHHMFi/DgcM2crlkv97yTsMKh5x//jiZWKJy8/hLpVitYQFHonbVhkt3ZQsWXQzf0vVc4v+lb4abEAFujsnGP8E8fsL2l5mTatcXlrG4GT9x0WOZ31gADiDvA2ZI44mghn41TjIpc59IkuB11TfFTKsqRlqLeNFGogTxayjsC3E3jI44OkNW/c49qYjt6pCM4DdMtktxsfrM1VqxWK4rodRVdS6oyNd6CKSckRdIi/oa5miopzAc8u/fz09mMq50cRZm+oUecXMfXi4TzhtRZisnkVeAaqyl858umHq8M/T2aBdBwjbr5VEHqEn6NFo18QDNHGTr11oOm9as6KHs9MUSyqcZ4Nc9c3I0iS42QVpRjGU9u/g0Frk3/Y/go1jSXbUPrqMJPzizFLsEmTZ1b5Qb1T4VfCn29AVPBjBQE8aCIuaKmkcNELr45e0a949OD/pvyj1/Ac/ijrMHGP70RGTXCgtEt0FNP6oDz/P4NYBQHH6+9nDqv+3HZ0nY9103bzcazWhYngl11M+RoHS9npfwPQB8CHXmWLbmIGCprhTDhEB8X0LoKu6XUqaf+/4c/aFGR/0BdwOrpgPxSqGcErLelyTQgSAaKKzzbfm5a/eKVYxySZ5SZ9K/Rb65TGdBJPLpIDFUkhzUcu16x3Q3Q6B8+dFz6D29tqAi/VcY3lvIE9ty/owSGqPFK5epEMHVC3CDKrwbMgzAnPT37kC0ybP8gEigazkVKC+FO1T7uTL9KXj8oM01HviGBMa3a6OI2OejbcyH5pLB7u3uMjoAw+b5pbuEptUwoMH8XYxMBVSLf37vZD1ZFNBRc7kTK4wORwJaHx6DaZk/SSUHzd1c1IPYr5LSwXWgndp+VAe24VNnQeAFGQCx1Pt+5XAUSza+cPqTl9F1btE7eRlR1+XD7NhoTf8eml3eOvPk3/l6bAHbJCNk0dMQiVtoRfqA8lbEsf+oAvn0k+joKEDwvYcMV0xDQt9bswmFMu9I6iX+8WtD290CE8dnPRS9QYx+/FgU19PlWQ3TbepxFmagT/0b2JxgHTr0HpmUQExDlQ6Zz932x0I7dgkcHjafpfCTR5A5PlRblA5Q5mFclTB/uTUWXjwUxCQLXFnd36OV/KZL3NdKLfAqDb+raCN5RRHCmvFjW7fM+Zd5jAgUDhXqg9qdhxibSdYOycc4rCDgtlXWVciua0s3WvJn0PDPP3bYYOBX51DNxIjZpbIpR+sup/9rCYCQigalmCSo3nUDIs0xTa61HvYGmArVhd1DepkxRY72WRmV5zhdz85q1p3/IZs9q+ut67jZ8IU2x9j4caM9ZpBIye+oavLnmdLJ9plF5/OHOsQKE/IHrl822KbvR39nJm5gtbqrAY4cG/G21jVRH0vs/j51yIarDqKKYd8Dbl6hIi79b1r6nriGm7vyTBQLf8o6fagEpDR/yCo+4B65/rOVuWfNTIj+Gtl57i7BNCbKVW3eWnUvhy6WG+kqAyeUoyx/2t1xvEvdt97jxmPGn3DXT9Cpzmc2+EeEbkqcTUapB4MS9jeIHi1vsEDH+SSUSoc82oCPZ6ljsAOzDkLR5hOeDXxzRI47TvtXref23BAh8ObGoSCsQEYCTPCzCV6X2B1bupCq5Vi8uJ6txgwegmZPNOvJBwbdopWO7/pVqVBKgFTrHUxFiifdrvBH6KxNLwQt0vS9bI+OD9+77EjArDWXkSoj+cpMaeosHfn+gIc0RdZujBVQ9ANOvOscew8t5jIsx3di/CT5Nxvthx1Pib1QSwxFSAauttY428Yo+3gGdbReuEVCieg1sSiDv3wE3VglDucgnB0YIk8jx9K1EvssevMy9cfD/aVkMBX6FSFpC8iUrTbL3tVm6ZspE3yVgH/QEyzvYsZ2nQL30UspYjG6tHjRTYM0E9h25cV5N1gg8Me6SEWb/EFUct+WVL2kI65SFVb/470AQeJZEJKA0HskH0sPkcc305MLlhvsY8Kg9YqJ0ZnAEOIZzIG4UsIn0y4F7dbL93AGAE69kTwLDj2givhpTn+JiZNRA861sbDs2IVAdsDhjf58eDwjC0d/HpcGOMy1Ru9xw63Y54mjfegU4IPvz9C0tGLhRs6dOqoDUb7tsuQdzeVjJZQXOb/VoRsGIyPCnU9vk0I/OebQtlgsvgh292uQojTXsaUeWu649P2gPxRKId2P8ejgVsnrySvcR/vpDWMjqhhDZkdp3tEDLXaz0k1fEz1mkCk4ZJFIJqaPBJtoo/HLCfHqMK2Y5qL2CGnOftZli7mfTgV+Q1XFTh64iKaptjS1frBJvgJYhBeZaHC60vy4fgy6Xa/uH375BAhN62X7ta7WTo+I+MTAYhKeKrbgsdJ0s0L1n56tEVEflvi83rK9hAjWJO0QjrYhByurW2Pfn7GPJN7L85PQER76JPOnz3rvNyLj79EoYKbR2E8DzUIomPfv3WP8q5YjjQ75/LJz2KftfrsRC6vryhv1kxgVizPTjp07EWhRbhUE7LN3LNYjRssonA2tSZz5LkujA7sQZW+VWPUii9XsqlKuVSApi+XqB2YMg4busO6+5w7NjaygFq3VxIxViIYmWLP+WuULPFoZGaL7RC+vnjL0nGjhGO9R3VsYhMjcjjhQTenDytZzH89YLBwpXkfriG3hcNQls1tmMokWZ6daIpHlzzKnLb7Mii9CEWXXKkR5h+j6athdqGcUZv3IPTa6dfK5eVG91kyVsBnk27iiNLbJb8LjaMzd9o0Zk6fQgBm55m2frTDzK3mRzZIDNquu6I+D0wTNxrnX6SWOsSnQ555ORi1uJFOaqIT74RJ2Dxklhxr+u97/WWzZNAJQKURNjR+3jwjd+GAdAZVLtpJJfO6dybLoylcYbZqm4xcLITkyNu7nFoZkmtAGc7IvYeAr76vms/rc+mYwkkX/1O5Yy+CsvrFWwwJxNyh8bFUf+gOaIxY7NjEppvtCFCcrsX+OzSNHq7VlnqImvb51AAE3Ly6IxnztFuMOk2L9figFPaGrZTE2CQFD7vIziMe5qsE6a0r77Fs5DJ0uq5KyzzWKxf4M5BCqSC/EpBircMYlPNErgjmGTEt8Nna1AorinlcjDQrwMC86xGP2/SnZUwuRZI+Zth6m/RAFrvQN5mM0lqjmQtdsbdu020f/8K0emf2OtFwzUM5w4KmEP/LOqLteENyuRwwqdpY3/ETJH8pYXQ7ByYThQC18eWWHCc6odr0Sy4zZ/pasjrlo7p7LgseNE83VJxtjoHlSRw+SiqsyZTp0rSWATOceNsnzDfbfw96IAqLPJO4pTd4xGPORCJ3trbIGaaLmMK5/UylJt3HFSIVBiUbpJjv/Mi7hziwjQkGZSGIsEVnq5k5RmP80tBCq/u9RvH0txOtQbE1XbVuHP68HSA0xqdyP/6CEsL1JOss5UISllr4WcJz0c9j4dICp7ZMlUtkKyygar9CzvVMJJYUFd+Gtc6GO3t6qt8YKlHeQfl6IA1rcIbalwACYc/ygXIksMsbGXM5uhIu1w8qOBunagrh1SrnVfYdkxN6dozwNeV4oWVE6JglnaOfG5tF/I/N1KulPa88zFpumFsE3TRJnpgZGpqWnjya5B7M6bpW+vrrwI/CK1lwq5Ly2juveO6/FeWjWzuUquIKASxYTIc89kpi0K2FiqlaD9pZeI/iyWupYuaV5KOc4EorilmR4FtIeBcP+0MFuJdIELSp7ZoTxZVxgp/4yogyaveAYIf2zwO2Ln1BdldhQ3FurUETmhiV0AhdeYSJ3OQykCy/r8mDuCAm5lP+eOspRdqWdqlwzyop4mWo/rvylbgjUxvNI/pFcMLFhM9okSQj2tM/fnYXex5w7PoMA3pKkhDFImxnwcqX/ZmgqQPkZzapUTyGZJq9kwVaQyTsmDQt9dY/463cNVNSuVWniNUDI7VozdkaCjO7nLt53qtOUjNEm4/1fCO9On7MXNNZYX78WANH9HGKWI04cNXqDOiRxiPhqZrgHycU4NpDz7lZGASLqdjcYaeKe1fiqbuV6t/0lp7eHVznuXPToScsxydthu2eCWx2ghpc+pLRXnenZEjB+Ft/fOi/zTr/2RVtzVr1PWvmQ10Zs3V+daJtNxhSsH3RF6Z9hOB9owbs/l5NpYS75h72mZyWLOA6+/V92K/DwKA6Qhx7nFL7l6y3qUQRGLMZ/sn5iadjw7Zlb4uf3aUa51+3ghGMJTkXf07dFKU5IRKD29KP8yjW4ffV2NAlXTleRZ3NrtSxrghxuuaugPLluCQhqCqVcbNuxG6irhFHizJwawe38C7D6YllwOM5cZwCxqIoCJYqDL7gvEUA2hrf7furDXmAZI9IiXMC6xzhUL620NVLJzcMNTvRXuYvvPpX5tsT8r4UEEOz3Rt1vhB0XB0ikIv2U6S+9iDRlxjqRYr8F8vIx3mIlNAd4deyDBNXcnB8nPN0IUHaf2MeM19v0lFxKY/rktBewtJebAtoEF73w/FCCy7dil4mryx2UQXk7GmLEHfEY8iJvx64wio1AmzArRjPHSmBrdUOI3Np0A5f6SIzBYFod8RX45Ne2qDhDxO4pmteZJKJTlOQ+oYGOZPBrG4MyPYGVosz+37jxmFr87xFdUI5TdJhF4BZZ9/jLhcvFprl/9wx/aTFSVEXfZ+HH3s0mmMwwl1vtbuz6soB24OQAYo3e0wf7m3XXXFKtcfGfFF/qTxnPUcWPQcy1giioKdm+/mKEYaAjCSue8xdrcCHrTCUyloO0/YHLvhtnUyn8zoXOeiivatIJ/K7ct2lxls8AcyLzkEDxfuzTftFRfJR0fm6ZpJRxKA6cxoHLPpunnz5+r6HKWeZNyc8a8H0KSTi/Jpj9S2z1vDyEFpSzXfCo4QQeXP9xLg7HoHzhGQ0gzlQ1M8R9+ZcA3lwUBLaUCTTXqlP6+NjZ94X2r+qEPvNueqPvd7/T1DHIOhtdvqDIRri/mTWaO7pm7/jvFNPDQXphy2GfX8t3s/fpJ0uH4nL1hpEqf5YMGBKxIzpo42K8WGUCPDsjVmXs29e+VAa/iL3lSkwWZjJUmMw0HIT3aPy+ZwrXAUsbvqgViZy/SCIuVtxNmVcYwYvd3TsrHmXKZcs6Xn5fFiD2hjyaFpXA9VNt260L7i6Sn21DNGV1zK7mmQImLqnjtbUJkssa6sQARhiCRmQkXd/5Um3ohjnN1w9+EQrONCpPB3cuNoj8WRaYgq2zhKc/VQEff2828+Qib58NR8vbNH67bCM7T0oIjK47UwGDX05cfdwwq6RR6xf4FNCwIsJumPjo2aeTy8gWvIMd8O3xM+Ro/KjlRa49B+ycVA9h3EaIUB7KF78pki9yRRp7s3DdsWzY+9/qSJ6eHgn4cmTDnCDeWXbgOdn1J7PF3DCXJYhXoGBfIcH55rxJS/MkbNCwvvi/vcfQo8iDh9swmMHYc17dJ653WTO6bKNfhukxxttfCQ511wTi6L149M6QdkCx7cfAJ+yKjA70zUz+2Z+7Sc1J+efwAxGel6fZRvI9Tynvo8j/Z5T9Jgnmd7PtpOKuAWaeum4RR1e4WqTDcKyeM4cz1CpOIieytg3S5cXv/78XAM1QRbzFRwf2a/5ltsThuxBpUDaHOW2AZAP5m6Qe6sJ3rcf4n4cJRHsTFPNuql00HvBu4v329Yv2/yQZXzRJkAAcxCBcDRW/CASaiO3rp5BO/HnQPIEpDgKahHLjUj+3iNznIMWr8k8stEDSvUUXHjd8xNlfxOEm9A8k7eFweChwD1UyHS9XpxUB/y4AioJgTMXK8v5VOWZEqkaKpjXMgZQnrNd1J64xtn9Uup7VztFcP1DvNmE+bv6oB4ndR2QXePQsM9iHe4wesr+kKkfXBqWhwShmHwfMN61vj39Xu0894t9OaTK9hk0JAyjLoSAEC1lO4I5bwoHLH1zfRzfrnmye8jeIvIz9sr4XmA6oGC54pW2Ns6L43SSZclZCjV4bpcPaTp9oBURfS052K9+mnHRUqI/0iTA/oLRyvivGumyq/BD08/w+Q00rqZEAZ/6fLabv8CrM1R2Fy1uAuYW7CXt/x+xGfZYr45ZrwTxRf+N/XCgKxXslMCNsG/9ftdgEsXdeZ7uwyIaxpWc7IX12vdNj3YY0OaZauEh2RmXAM8Of98/ImlQnoah/gPRTPQiDLMIB5t1J4p3nd2qgWi9p5HCVqL6U3ErBOj2k2NBWKmXpe+CR7a4XF6ANtzMreUsptn0C7MsYucW4BlN1DalxIAOeRQy7k3mOo4LsYN8U/WYEUSDGVTx2AwMjmdktlBqv+kRZl406AkqP2FdB9mpNNlhdhR3qMEis5HWSwbpcFP166nbYC/m+j/TuiqzOTpC5vdl7kQMT9vDCGjHdLykWtntz3VMiCSu39OqLelsls1qu8eMuaOWvTH/RzTRD8jP+X7pSO+KQxhbeZO3eWPZeGQLWl4pA8NSucraGsvzaqErO3Q/TewFT75Rauu/l5XHsTTvMQjMzBPVONzVU8lUvszhf+ZcUmgRWddTfS92muwW86xCsRdeS0Xp3DY9AknKCPCJeWo1bDpPJVPX1mjZcrfrY5K83yGJPVSlvQYZX6DOQdwpj0rGxxExAbTPZG/N4agwFTA2P1d12sN4FjKBvlXBIN+q32x2LhjZXTdEIj2JcGOWhn5wxNHXHA8VUUBP8btPxnPRkN//tm8r8Q+8B49DLEYkfcmv399lef2gvuP8zGqQXMlmrQH49eiYVacA/lwkWxhuYldOSAzDA4FMbgxLZUkI+/PaNz+LDqHVBnANv6CHM9rDKXGtno5b/czgfC5L1C0MPQMMmPQaUfrUErDce/7JoVM21ACr3EJMvx4u6qId5t9D7b6az87hgavRGlaIVIz4E8RhfdxRjex459AfvPSRUDPuGAXCVypPfRoUJ4G/eYOoKRE89pkgP5HH15xIea5w/Lq7CkKnNK3JQN0W2FUBu1pLC66iA8jkVJowqZNvwMtWE62oIst8lrkseZduVA/n4YxzDSC41e/pcxNf9YX1lUUVv6Oj8D7IusIyCpmw6vpzgVqYmCRnQHoFUBvRItoMuYyBorGzOqgJcsEYevAC9Wu15eAU0zB+ud0dYi2iScrsPmzwNHqU9DskVMHz8/6UiDb+FX/6lYJw4qOnuR1G07mFzHXhXGauTSPT6a2nz2HvTHDVm3cDcXXrYtnrk5APblOnPiMMNk9eVCEEK+LwSwY0hOgkMHnIXwOQTx9hXC+eUm8EVwayCpsojeA26XSoVNfL8rMF3pk7CbCVXRTBGxGC84RdFxOqZDto/yMcVwOHLFzs7OpCcyxTh/5PncLKhzXugx2Gek0GdVnfYffopl9tzqeheJSM/Giovz7TgiJJ9u3eR8/TtueUXYAPqMeTwWqtNEnpSTF0lvyS0ko6eXK+vqJDU9HBs289O5Ghav2KkXAuBf3RkXoNvZ6HmFnbhNIlkyJLaN4N0YsXIlmz3zfF5C9zjgKfhB1J65fmua/ytHMk/ZvIKk7pQ0lTtfhv0EBg5tTeF/iVhBfVA2pJpaUIVp5iEVy/awtcxXY43TKK/4bMV8/yXK3kdSUVSvI1jujtNN6rY5wfC2TscJEnlxCM/x93bq+VkHjFfL41zkuZMuqkOY2St2LV0isSGxyboadVRj7n7neET23gIlfneVP3tLQ41ZmUIRYYRJEahKujMnxE9QvPo8l/XbzZSX7vSmlgPoeP+n5hyUowqZn2OOEM6hgwkOngoTURDddIh9dZ3lTJJjXUXSzMVAhPTJwe8s98MGntFLuV6OEz/5SGj+6O+RpWa+MClExiKE59L3QnZOCWetyIviRt4jjNO9QQvQff+8TcB0da8on9BdvAkcEeH1fENmzv5+wJmrfV4zVsCts8U6adKeQz+v+n3sRqm1oMXwOeftGV9DTr14rFvbOYuGBaQp4Y96euH0zz3zaleE7q0LbjCApMPbEGW7VDzWyxvQec2uqoJ27SEgTmfNpXd5qI0Ft1m9EejyLOOHT1AQl2JA9uOu7kjhGbobkBoBq//PVCHNO+AWNnHfWoUNeGvYASw97EIUqMjU8lkmurkOJPhcJTLp/GJ/pE/BZnM3IMpI+E0GK2clmLmVQAxtEERnbaRfadrK2LLhwCs9Avtx1cRjunKQT0lgnZrpSLURFtRGksL/9mLTNUEvL3uz6VsHoeQ4U/HLgaSaZ/mnZSwN4IeHNyZ4EKqXp/hsgtYERqHPomRAThhpnRBgZJAdx+5MAvMPfM6DKHD2npSQJsZaur/0rCxSq1058GjoI9QG+ds34dB1idUuBlhZHFE9UJO9+vw0HvND9c5j54+plzAsG9QxeEjr7LfcL/Dk+KbcAwHrB1qAGDO6sNS6GJjxWUf1hcHIcCOpr1reAS9v4+J9zsM/FwWkQ34bXmiqu/FUQcg5FpJvv+gAHo6/Arn8QB5aX85QfK6nDKpFgQ9kKWAULyz/DE/cv3X0m+bk+SuQp5nBtUyjyUdmiAcZbj0/E8atS8ptmv4J8PJa1UrVlVZ56Nt8yZ2p2gSa3+7cKhESRl/7lx1oM2KFe1ML+vZxa/py+UlaRBVMqgD1IotdyCpR7rE3rhKM0oxhlmkHs8+Mi+aw7aTm28BEICuCFTJqH7F6JiMu3I3AsaZnWgD14Vf+ZodRXfdinUPBsBo/isx1hJrBkh3z0NeV+oQYlEfv0wZ8fvzgzWKAFC+BZTQjrX+nVJvBGpXjdffjl9nYr1g9jKIwtdi8IGfy87t9qG72aNh7KtMtOq61tVtxg60masB/p7BreWxcXL3feGEuFtUyYmX1OKitaTXB7EsUTdPdXrRhUKqeZIvT26pji8p3uvSBUS19CZpY5k2dCoP89Oco8vmL05S0rLSscPLNoeMAAMnTOZFmbmvRurAlAyrudIIBnCaFOU6qt8PlPB95brtKKoop0RK0rDphv0oQqEjru0t7lgwxO09PGeroc4fe88f7nxRp7D5P41EKmsSsFB/KP0Tbu4gF0pLWTPk+Fis9MuAFpWAMr9i3PVLaAcFVoqOnYMm8WeJy2V1dKmekfn/ll05/TpTvUA6pvayQ53x4lrjgu+9f9Rcy3EQyCfLt9Og1ZYMmhMFmM9f5Yz+vrywF0/hSrbjf3YnAsX2AB+r+E2UrzAqLcVf+0zo1jQJ3AtRnbNCAH0jP7D81t7XkuU1/wKUfHqf5kugn6nd6zLq53/yTd14fGL4SUNT40+n3GyWVY9b8jXM1t6sPD0pcfn+BpP31uevm9vdPZ+Ab4U94sYASuMVCQUXEd2uAQ+uiKmiPvf6C9f56qCHZaXfQvz9zu/Tn9EAZHZ82TqNbghnH7qpRAv8AO+nbMgKVou3zmzv1aGDZqcPKhXhMFKCIcxSJAozDod4YGzv5I/pWlUONCJiBCoePUOuYyqb4mg82Txxm/DeBF5H6PR4O9cYa+oZPtrxCRFgs2ZHjyTaLAeLfKDxeVIYv9yJGXXEaIkc73sEFRGsgipCcsiZ+RM2TeOfXIIpOr3sFwbVdUhWGI9URMdT4ShnEsNKwfSL75RbIbD7QjgxIAbdX1BUHR4gMgylgnQq4pf4itwZ2PA7+PDrozSq/OohqtUaVKHCPVWlIBHS9Pw7pTAwOBVFQtj9pYhqAoaR8ynAcWrCnE7WTIzymPLBduVsVC8MVVAi9eL7mq7I8XUOWTOPKXzl3SOv7g7TJ7DF6h5IiiHq9qhsoYDrDHvZ39YLZcVPlGiCYcRDvNzotjg/+rirl3uTl7pi8KJiScCQswaUbcJyohKi4YDUYYAmyQp1bW79Ztorl/5D0KK836tXvtdTpEh47sJ77gC0/BQzE07EPT5eDQbCkfFqluNTU+odhwDiUr3ZkqEVZfx1uamwi+K8hgMOtgrrz6t+ykDnWlw7714rPPE58xTmD5DWr3o3lG9be6rfzZTPbsAzJMCGdTXmTf3JSbAD9GQL0ErVq+vkDnV+Be46hUAiouvl9Asp7lJ3NpFCQt+eWXQkk8p2IDII5GkTbLcxg0i2LOiad/nUjBKxayO7dbwDTgZm8rGCjNmcVDLl5+rbjWGn6F3Mr4gq3MSyVM8X/5kf1pYfAVWCbSjYe/vSZ3hqLO3NvwZKO4L2EuIQPqtrlipETNeLtbJ95oS5BLWHA7U/9jqbU6tVD1/Wg2Sqz7rTDAue0eZZSWkrcnmQF0z+tkgNksq+ZupiUFjw8+ecQQV4u2OBz7SKzmu5IGtmpWtJG6pXsCDiZpkMC/8pQTyV8QQt0w5zOYvX8d0uV3S05e8ag+0M3H1PArr92+n6PHcHVIGTFewq0LvYzy5wv3ZtNvXs91ZAF99Qa5LegtFQnPAab1fmBfP+8YSjq3cHHV/KPFa727am5n+xJcLbOiHNONr1Sef0gs9e5R+Pvty7+Bdeeqnu+TTqfJltaWzGGon9delaVZaSk9jn2/22trxdO+m2WepR9hiwUXjxR4cGiqmzmVVgu5oo+nC+bG5KpARoEHqi/iuaTxTHW+DdYG70S+JtuIwRb+taY5XuA4UhQfBx8wpnlaQizQOVCjHlBXPjfwZg8AbyRNO6pFQI+LzFii4AsACwDQc8dEvBLwYcXA4VE5XVdKu8nGKChOzOiOxKkwhuxEH57h5uYoorkhJtveZZATA/N6/LxmV02At9z6fQOFH7lIiVpYUEmaogu7+x4NUQsH06hHkIOO9JBRRacOqghRCkxYzsJ12Gr383Xt8QoYWIZl5OIpSi9MCDXOh2OIMfFF51KrK6IagB6BTIIkngoHxvOqj3SLY9F1xG4mrfhtSoN50c0Muyz56sCfLin/CA53UUbbUCDSbrAX2eW6bqX35Oh3/qrh8/7APzoZIt4mUfyv7wrcj/0e3xZXwmwT1rHwl5dPbJC2cMl6bb/RaohvsExbe2/TQpYxJSGUVNpRbM3pwo+qCHKCxo6icED3fflZ6kSNi/E01n/+Ol5mjoCmOB9aqOtzByhTIQGZZEpgfJU1jn78pavF30CMNn1guR1YrEIID5pAgjo6ObRzszDM1u75Alf4ztBjiJek9Dlz/wgntsK15CP0J/a2ppSss/um/jsRK7AwYvyvB+sSd5TmK1ro6J53t+4LhRnAIUGRMPDoDJxnUIumBXuOAEzfcXpYereYluvloQPQn9YUr9sJxw4qIiTcgelvX5UVfikE8AhSz0Xl7M+0B6Io27z0Fd+uGcDdqB48UiRBJ484E43ZPVVI2VrpSoiPz+/I8BC4kuNXbHqGSEV8Ui9ZkDACqdXICglE/D63IdWr7yrQe3ks35uydstRdBhHxZZO+r0WG5alBr8xCA3LKt7+9wDQpb+WJl8pcR7yenAgTnFY8WH1rHc5Oa8WQUZrhjj49Dx5dHZoDhLQP2j6G3+0r/LCyjfXnZ/svwbSI1s8mgDVdDhcw2A78eLrKtNdzzkhw29V5EbEzEDDvhhVzYWcLuq0Ny9fwbjvjcWFt4+5Tz6+aateybb51yOm72eg3YMciCDcCqRQagLDvf52N3l3osFTx82saAEWxbvzgZP0xAc7a2ep1CHft8Su4H/2g4XJ1FplCh7UkTo7rKzYDJ7HdEesBUg/1iJpA8RFN51fC18JZAO24u9GXvs4nC4p1175qCccnGr50/egGYH/EQxt41l8t8HlMD9+371u63TmRqghM9Fl+JcKieKM0FfqS826EJntp76NAyOidzlhd0EHqFpt2PcaWFD6L7MLUZTixL4rqwuxjDNCORVDWfAO+Tjnyza2JRANCKBt1/gtDCcJuJWGAAdkrUorJUE8Rwm1tPFVNQIgprLbUCwzVLKVOpTXAnbfjHNruFLdJE1s0UdMbmW7woRbVBRqHnLsATJLIzuSzECvcyFsxxVfW8t5SsGnuUgBUlh+kI5yDYF3OnxpmUyaqPsOoxWKAfeWOckDgYC/dORYuS4TagVxw+z2Z+Rd/DeyWqIP5x471Q1kJ1L6i08Wf8o1Pa/89EGZUCgGBnEP6L4iDCzzg++XBnm6QA48f3xyHZMIyd+qOo99HXKJ6h1UXEcXY8y9C4r3acsEajr/ie1kTFu/opBxaOR1Fahtsr5NGOfKZVDVmffKd14pG+qgZWu/FHIJ3RR0nuEMncAup0RVrcVBeBLZtXRNc5tzbObVJo+JF+a0sNIIEeCIEK34ysEWSyM4dsr0I3zr09jtX9A0j/AwnaMPWzRkVDLhOTfOemkKt8/BZSwHn8tYnvYKVe3YeLd9nCn4sIsp6L3x89vO56+vncdr9JxAVB/VZeiBUyeEkkwGJ3AeGq7Q6MfscKagTrrOiwpKQ915yQI95CQ3WgYogzZbnaIvnadT8LfsuDrO6Nr9LbtcXBtYxN2FDj9HdT/xC5vJ1Onme0mxSnD0975fufaTG/KP8AAp9Gq3rj5uhFCyft6v+ZBWqrkxjFTz3FMQ6fXlEItAkQLfydC8WD10NzpYIRXgmN4I8zK9UkJ7nz/7Z3jtL6lahEW7vyEmEk/dtGSwnKnd9zCNfEdObTbnihPq9tnYq8fTgrPH43bJ6KcRyXZzhPDt4fG3wF2Q4Xbul9rHpLDXI2Z8Eac5943xbp+3ecSd9VPyqbaw3v+E+m8eEQgj+08bKz4ocsY8/ORSjXzadyGpn8Q5zMLLcRhFEOJYDg7+gzx10MG5GeELmII2173ca2eFktYt6lX4kK6PRqdFbD/Q9cVarkT0cT68KCxJH7dsH8M6jlirUbKkvnrKbSt4dx7h10JN27RIM4gZt/obna6YaoSsdoP5lQ44t0EBmvCV6QZXfXGFreSr0+eSrqncdFuOLI6CqWuNCw46qae3w+06ittxgILj8aae8sedL0509VzJ/ziukEwIi3EGH431OWenKl3s9wZyevj7wx0IhQ+zqhz+lL2lyEX3tyqF0l8hBDC+JX7+Vz3fYcCZ1Zaz8kkmU5xYDRqnvqkXzsMYGG24P9ZvGtAfNpL6LoA6y+X4tE5ZC/uBeyK8ElRsFuKuBFGmDdmzCEHwmyNCAwHptH2TSdvM/bnLzZVZDB6lsaVtv1FiRJ+CrOC5USBOu4aqlRCzMt3S9gxhsnFQJ06SBRriNhuqjWAvZethCuMb+wxbuzJRwIXo+8AyBOMl9l7AOJxeTyyKAr8+YAPNzUcj9SXE8KMpZn4VRGBtVoG8UlpGFy2w8AIm3BfrXkRASUd0XsPECvCM1XQeygbjpdohNbpSKnsdf5Hqwx26UTjYPFYrYkz8RWNG4UO9duLaQFXe6bF2PcDBF+zXAOkVhk14uCU+G79rps9j3riGor59knUgE4mOpuZ2ZCRsbmB7Zr/GDZa3NnT+rN1WoayXCOZTYa0GnCXFvaOy6AaMoWODAFRwHybNmwMr1HA6tgPg2MwpQZU5OJVmojKjVhDDOP49zB1BKUN6JtQhYXuriEzGswZ8AViymxlHA57w/HXSBBbLHFJsM66m7cpU+nnVox//L2NO3Xa+dODHzX5JO7jwqqQqxN71fP9U/OZw8nV1VUPaxcTLnnT6a993sflSb/VJka76B2OOhRrz70ZS7fwngLKp8iSH0EbxkS6ZOB53j4sHL9MYkCvWfpeJxpOenqP/r3kO5oQJQrJ3G7dEniHCiu38CgKuq9Q1pZU/O4mH2WAi8v1F8PN1HmWEdolkJCkrZVaGW6Iv7n6kkti2IPuwRdevFyihdkhkW4lu4eNIh1a3UBtiSDrUefxMY5qrJu3ooJKu9Q09ZVZMu+4X5qhvfM7ZcpV/lBg+wD1xoO6VTlp6E+TO2zZJ1v/p9bMQFsHTKvZncML7TNF6irn6LzZR41XWuL4loYZ89nzQIs2mFHgquz8XVIl4M79YKe/ttA9vVttbut9B9bV7gu9fxiPSnUarr2u9uZ/LFEgeVsrSkOYTtB0wGzmsP8HtNYs8wO5fblpzrfVZg53rvpr+l7io0wCx+MBlKsahV3pSrX0rcGGmiE9xxtz9zov9NFXCY5FYSu8Tx8MRzpfPVha9GI2f3bnS7/tPKL7fM+5U7b21rm02etsVu7Q28+C7e8M9/Fwm/wL8FY60yFNlgjiOxrYMLZQmusTiDEJuNPlo8Zptq5ZLVQxUPZzcK+vy/1kwmxt7d5sbNunF6G8VHT8F8iXuJSE3xVCOnlEwZjeNB7pi4M2wwhHakQVDxLhaUa2qqVVzxJfoiK8dX7RVLE4G/BjpfdjkBuzGnB7QMBZMziMdvNT5RLZ8SV8xxiBOISaTzaEs7b4rRCs/i6TV5ZWSF5jDbVL4OwEDAoceZk6T1BFtHfwcbypB+r3n60c7mVwEpqZVS283LhVgiz3v6YegjiJz3zgc6nVg88SwfMP9h2H0EVixv7j0BLIzm8/Y0viy6SfYwEebbDgMy+Es3IEBAT34zUQwS9VEfz+62WNP0rzrsN+7RSNm5fVDTJcxk0uptPPuchnFnN2EcAc8fGvX6RhwG3+yoXQ3cCTjYqqEUsORJwW9jby6xj0mS6qyO0zXThwfrkURQyXndQ5KPsbkIM9KX6EDv2pSBwvyGKBWRZy9XSog0exRmE/rSeeLqODYT+NVwMYk31HRGoNm6mbixrxkFnbMVTDQ7KLfNqP2Wr6z29i8yZ9iMVKTszZy7a/b+HQ0dn3V8czgVelNVE2oAN0LKxbEwF13kFFWxz96r0Bc8/ftrwpWft0/rjkecOuzOPCnqkibi3/DQZNXxKuFCx/FzBXWwUxu1MJMWBHg9UVYMPE+w7oYvgn3hYcfrdgLLwRZeRfVM6f/SMk8Lehej0ZQfOtbwHhiZkbF8l2qeS36jdN/VHanp1VWpG0XDrT7QsH+/t126iio0ge0ItxrTHF6L01vLRMR9e/GFF3thquI8udsK56wuLuilX0lfyScoV4d3M2cNW7mepSJrqbmqoh8AqRnkh+UDT9PdV+tZkCdocWeS6xwZrFpdSuRN195vY+jeStlUoJCoiYElwleogZwkd5A3lyldYQ0uni2OxuPlVihCD1KoEHU6RD2sLW7Ec3j9N0h2RfTRKNMs8L0hHgyKlE6pWEiszHxyWBLkod7guwFRmKONXWhZtpxQwILC5lWJf/rf66Vm1lG6VEjV/Na/Hji3CNjpf48EG3nGX+vce6m7sFi+hsn/PM7vDdqZRYdry/M1N20bip+3GUti5vqZuwVDJq53DGb0+lJih8bPn60o9qtI/LaLuG3ESYJCYxMkVvuQrXzD77Ab6xTvXQAb9C4i8CDydsOdPCnK8ZsrSDn82scfvTlM97NCQEZqjAX7+qwdY7KOGGie77ieWo5ZHFzJ1IgLx2ftjO9P3uudbo8YLoa/hYZ1c8Meyaux9H2zoCIVsyCNIfwbdM1nIO3/tjP4oZLcu2qrQ2YK6/gAZfp6gQ7vRIttI/MLWLgiqFtXkxxLalxIyi3qhRTgcWdGS9e5CwzM8dw0loMMQmdhnUp9i1uzwscefs67Jzlcm0jyAWhBv5P7fvcbY+4OG8aBI84h2H0bU2sRAjUTimNAAnlzBJsyebX31dG1FS+jf640dOvXl7czMzzozP2039BFdi7CQ6w/nzeDfaNnGPdX88HCds2dwkcZQBuSm9DjM86Se5zjVLZaVB4HN+DlJ8gzWMNwLtB5DjiqMpxWVxggLjRbOUFREfoUQ/v0L08/8SsRKOfiO8vPMc+5AB9sgxbwG81ecmeruiJS0xuFllU0UDB+ImVgXdslg18uCll6xW5cZc+8UPdw05UEXWaDDk8DIfm5RA7HKRLfn438n48gN/bD4FTuHOZdvolGypeKzPPx1+HSZ/lNu/IaEFeGLGNmeDin8Mms181yM66M9R6Oq4ecrlznWa3SQG2IQUxiuABkR/SrY/LUaPP5HEMGrnENmE+vQ6Y28OZMGdHff0snfMyFt46j8Qh+S7gaf+aNEu3PQcZmLaH0mrBdSU8SPQmyW3QdL79CHwD9CI3ijpG13Ld9PCeEGRhzGftYIC1CvhFuYl4rDkKolJd9DR9AjCrfLn2h1nT5HX/X0D3VV0bEcedTQEbLwaKB27Eg+f48RjjxyMLig6csuD1dBPNmWvB2aPMmoJVd386dT0/kFQ5IdfZKefb2MMrbB5JftCdISvHfBb1TroIjg7Pn8PPr4IpoXVSjx1yct8EapsHB34u0uomQF/FoVy5cIEeRekEnFj/Pmzxu/mj9FRfRMuM3U+DT7bzzhVHpoazKALqmLDoE+it++72qC/8J/MPHBalH8rrNwI0d9PTDxfzW8bC1txz35LKyatsahe+oPhHoOEv32lbk6ygtBqXgnj/mBo6a7PLz3DvYk/Ih9P73DAT7u7XJ/yKT173bGY6hQFIx0uBnqTTUact+48Ukj6f0x9ezzTf/xvueROyK3Gco9cKhTiI5dyt3JXLklCUi7JbSP3W4yQSzFyWS65RJK7SZuEISyXWIZh5DKXbS6/+f7O45zzF3/4Yz6Pz/P2er7e7xW+5P27g26zwz75ESIMG4n915tVSq11LQfGZ2vVuZ3exGPJwpfL46qi7gVtEBXwgFJikYusHrhYYRTZveztqaHMMCN6aeYU76O0ikr0IiJm7q9n8OkcibEgG6lew3Rit+WzVytbeNLbOCRMUgBj3Hoo1mdRdBB1W/gm1M37NbznElS/AjXBDu8Kirc67zISnqhXadyBgrlrTY07z2EXm8ltAqbkrwP/7ilNKKZ042NWSIeYzn4CzNVTcy1hHSrDPp5dbHJLnsM0/Yw0XXGKrItvNYrGLJYebKq2tmrf3LBPquwYv9NQcIZpV8D4DLkpedY0BvCOobVpCn0U+v7AybOaYfE05/agMS3TC6hUHIG+igxBub1Lyv5SdlcLcUYj3/SbPuJZ7ORUn++WBW9qCmgJl6YPjoP642tJ8oer2UnuQuy1iss8r6beRTUGPJhdC8hyA/vvC2BqIWJooPWHt3Ger9aWfI0D/de/cuqpB1zcM0cMtJrdzqc/udVTfsc9AlfFr+Qoqp8tKOsEqL+W6R55deKzD4rmHcANw0QYePfMBPVV/BvObl9GJ9H8VA+Yh7MG/+Se3tpGJ1A2o//WZrvcIKY5s54bE6JTQe3QS8CfZGVbAZE6csw8S/O8Ab564BCbzUDlvF1KTfjsNI+k2tsGq6FU6Wzwn1X4zAPDaM1kASzliFT5R7jF/g2C2t7yNcTyUbcT3ZHMLgtbG8HfWqDZ3wZxyifMX0Jbf8YgZWohMJPtcm6SlWg5MFYIcTLfpqdwUw7ar2xq9adCuOYoUoEY8IOdTEmRBPNSQXd0EYyctATsIh0GWrK2QeWFEA9uWLMlsZ55WikR61HMQM0ZgY6ZYOjACb1DcLMgF406SWyml1JuE/XT4fBAgmQZxeCYPDDxUlRfokoaksIpte00VNVcCSWojDBQOO+MB/aYW50Hv/mrclMP6C7JjcFv8Juj0uDwxJqZaLfnx2N2L0UFvzaexbt1DZmjA2DXDMnaWIvL4WU4lquuCKc8eiKPRqzgNo3CQkVTSpo5WFr2mUOeme4KxLeQe4aeTvrVFvPTaBYpf/0+VMS+7bb3sTNCZiQEcycQ35tt1zHTvt3tBvzXJaHvcPUMuPjxZ16l6wk4Q+7w16NY5Mn7CJPugsc92suXh3ygCKl34dXM09nvQ5c7eIbs3Owf073Ei3T+VwQDNxUPDw9L2WGFS5dqt/KvB5ntS7l7iarfmbiwaMtr6mPc/kLUqYzUMzPjZApZmIT/1oWsXYdGpBWQgvKC+QZGlDrdbYV7TlQ/sMkOKuOkEC4b3T/u+hxCuAZMLWuvL0DYbEpcOqIH+iRdv5w/JXZRxeExWzwgJkEuwsU7rqk1KZm/7HtVn9D/tTfD+mGW8bV/f+tCPGabLpwVO3TQGkXevqowiiYiIm3rldzW6qyZ13OCpE4pyu5zByGY8FRhMm86PAY2RkD1yrJBFDkuF58TwQq3SYL6kYh4v1EbB5gd8zD0qj1K+PVD/YpKx2yD8zK7gh0zCyvQwO2QhoIAtlv9mooCm3IBwu0b9pCCaNUGl9NRriuoS6u+nLeqNZOv8vOwDYaxTjFaxqIlsnVFbSTSVssBELWqLzI6CKT3CXcgwWYa9LWTCpkVaXgXqhfcjtmed4gE3O/LOc+UVq8u16ZaF/W4Odm3x3h/e/jBtESJ1OLkK7DW0qUsuuZNN9Ka7u/h6GVHdZrUXER2jGvEc6Wnfy6Liy9CXtn78SmixeJc/Rqu9HukXOmPL7HQCO0RV+/ehybRNrhcO0L9h50b3vqaNb1Tx+N+PNh+sfm45UTBc2mQ8gAgshcPkeDjWJPfWcweR79ffYK3ty/wstgWxxma7Tr0jsDe0Bmi1A6/IF25mSfGiTRGbaiu5axr+ibY7v5O+c1miN8u2kafG9rs3rYPk3jjPE5/MfyQ3K0Fan/lxD13vqecu4yiVSZf4kalEbQYYHlbuy4hsGxuGNmmw5b0BYE9UvOb37rzDw094H3Qvl8rRRqNLBWPDhN/LgzZFJlgKQJRM3OXVRyZ6bKdCPpu+A2wyVpWeXACDTCW3CmjZt7Bl2YtF+sf+4cQ4khtZUsFN+WXK1GltkWExrlqlbdDaSk9Q4OSF2iEz+o+P1moRw9HstufOIpGsy8Z1y4OTDd3uN3u+r18E9DcqWtDVdaVUYnbTmNWMD21Wshv7OIGv9C6ejxd8y8Uwb82JusiZAWw8TZB2vpFg+LSZI2gtPEXiVi04/TNQh7TLfFyYHLo5klYeBkGyWG+9Vth9MVlQr2uzeRn2zcLxdWr7LOfnVAxP+gBg04Xb+6VUGrvICkK37fOHN/o8YFkKYEQKhYhX5ZEfD2zh4W7EbAegoaAijvG4xRae8S9M37foeCv/kv4Wcrp2e5HwvmJQRo7v/WcW9ACr1qfYbO8qMoW5FLl31HwZA0vGazXa05K5rriTxz6N/uOnyIHLdNyvb7P91zldWHidtUzHJaFRieR7FO54PFop1N4z90Z3yqW9bceZj5/GqnNvjtyp4YstF0NiPUyMfzELUc5ieaXqYI7ibau4MBmuMwObxeEx6YZAhHYW+pBRuFkzZlhfH2dQO/8bF5oYqj8ybA1rl1PN0TTn8V1M/5GSGzYMqu9C1fI9LjBuWOup7PJ1n/FGKfWaUHBnciCBasWSQnEbIn3HuJfY9ESbaUfs/i2jUxon2uawasuqb5DukT1vWNtUkooFX5ZeKK8wtu9mpNypvaOLrg4AphQbE8aD3poVKvLJCo0cvhy+leA773X5x1vNWqMyt5+pxcHY9i8T+4z6MstCg6zKmGCEYwvnPQYwT75ry9jz04vzl3WPw3vkmV7Ua80G42QrN2BngVwwWw+aNGovv2+S2n/nPIruWBjr3+UmjXkwUTC3tvnmfqViySBkgdvrsihY9FSbGve/vLcMFU+X0/Y+ASo4a5wbD9egxz6DZ1aRXcWlpnFMcDZQKdGzkgA5R6c9k3s6EzDPeG4RyMWxf0/6y8ppMR0KTvstTwJ8L+dm22zgyUXbod4tkkJcgw8lE8zuYX3EUaKRY2gTuMpzfJaOxQQ1bM/UGD/jsT5kDweYwd/LgxKx/a7+Mqp6MulV1TV/HbdtfYPTgYHo9lp995o9Hvk89GaagSfQm7IgITQhdPk+uAnO37q5lqvbPnD4yff+zYpQnjbdeJh+fZg9AhUk2mhaPS9FDRIymoigkBbf9VWFOxLtmhSPq2Els0vc+DFzRVFAar96N2zdweTuwsuKvAupda6TOFp39sxoIac52Jrf7zohAx5Aa2o4zHeFcfFW4coWrjaOAe8n9Wau/JOBlGaBePWAUV2Xzv+Siulu0vjh/X9wcTpzzktypniiiNO7OGPaYEf0y3kQnTaJKt+13tkLOMaeXT2a/NrpWvfvNwqM8/EGtK5Uxk2uiqwJX29CHTQey/6QTuVlYka06b5gbxpykmJSeo0BATMttMBO8GddF2Ep0MF5JX8KJqBdpqo8uDli4pBo3uW/9Vyoi+Bz9yhywJkL1wikHKKSndJf9fDS71cWlmulIMPd29u5r2js8l/o/MfDnT++JcBa7XLOXsD2Bai/VIgl+dbIybigZS69j5bYnHWcoADIy2TB2afB+fCLlaBqCA9Q+fp0aV3X5tXHNioJFtdhCgn1VHVLigwq3BQkI36nOONPth2erT7faO3GmTLodSMLO4FMFFZRwy5YMF5EJckaOsQJAbg28RjZf3rOCkJWA9xQwC0j/2h5JDHwwwEeOVBKHSuMARGFNMGsbhy0J5ZljgYP/hcxk1dhG3vNkHfEmb/CYJi2vxKIWzTRjMR5KO2GmXYRqzAwKNXnya85K5q3Mjhe/LiQlYaXStBPt8ApcckST3EA6bney6hTt6vuDaFcnDT8+HviM/CzXieh/MaNuf31Gi/nKGAVm95Z/L+sjratWMWjLr+aaI6eRAaV7t43uwyGihUc87qAur8SXNezDRMFwQivZdeC89BSaae2kmXb6N+qslSMmSkXRiOXr6+XC5FKr87VVzQYnSmsa4tyIg2XlrNdRa8XHlH+eOEkgZZXPbsPa2Nb/xSfv+e5ebmmhqNYqZbgpJXOo2Hb137orFJkVYVsHB5cqsPfhW11Ldae+QvC2r/zRIP5h7JoBGkdDR+QyyoGRlHTCeF37j7EjKKU6CqRRCxu8pmXUjalRKCIOXFn2fGnppLoFd9VgJqN9lJ+i+jO9aDADlP7XmF1O8Lci9jmqhKHQkvArrxeIQxv41wQ1optUrwaU2E4Efbx2pbfHkW6qmCGRasu8qccfOJnMFVvXYnwDdh43kgfLvBXL7PZb67fM9OftVxyi6InNbDUxnr7WHj2ufpblR4fL7L6yafJiVOkjrBtdT+WvPjWImFd0iV78ynz0Xwj5h4HvPt3+enjj5rnOEJZDWL9rPJW7d/dOmEwWG1FsGNcYd3JHpqfyTmQP6MKQQpKXckaCGz8H7m05zn9W31KbtvHIN2V83VKnyv8H38J5Fo9PdNCYVQnBLEDgBpTzemBHJNsF5jyp46q5m1LrL37iszk4uWbqNmaB6sNDcJkNAtlPsdqansHjb0TflKEvtPu7Uwpnw2RIBDbmIE++5FWtzXOPOYB2zjhy+3vkzi1VdVp97IoM5HP9sUxyCjI5Tu/oR8+xJ/RV34yr/ohz7NOamP3CCdMK8r0VqbBuC7czbnu+mhpE/23NO+4KxxFFPTzzaG7Nwi3zx/sVR+i048uth3b+fER3I9WLHVGXqocnj1MVf7H983WnkX5K4WEQdE77LZT9b4pfiaYMKWN+bQhum7d69du/Z6eaSMrbKP7shLAKuqf8NFcHpaab5C1abybH2A/yEaVTQbudvtRZzKjmn9xS+uT2MfQXPCCPTsUDvoK71TBOaZk0QDAh/W5VVG42WpOVawnzikZTlgkwg9y0j2InoBNmyw5Qd5ENFYgKu92dQAYCeNxILeSkuNyq5uBZmXg1sPOUN8LGhPMg/7HsGWKl9tc0K2loStiX1pkKLEZ94nqNayO+VcRKvLpOLxoNFYavVyHHDn6nFd4XaRPGSynW4TlJ+pD3aeDjSJAWQ1NjVSkQqFg88+TSgFvD++fa8DknX87aYB8kS6x1gO9eKoWX2tD7actLlKXpKLBtoEsIYGQEm7N7P5lism3ryD9Zlcv8cNKTADTMLdC7jz36L7B9LdQgNgaCxt8InAZm55JDQm8a2SPiCxnvs4EdrwEsLwlvdJkuE3yOn2iL+em5rAFdd3hyrw9rMHKH+NTT97eMoOE+UMh5VJ1+AjFmuRnd9zMlASd9XyulRbu5ro2V/Kl+pWv9J8MZxBtV8CIPvDB0GgDaZwgYUvYj2oKYFT6lPb7lQ1w+YlYi0Dh1ybA9XEF93NRxa/x0azvvKbbvrq7uKQ8ew0srUrHSR0Zv7ESfOMpP8DmJnkYKMYYN4V7LestfyVBWfV1sRyZjcHbfDlcpvg0IG8d2G41nJlkZLi/0sxpmFhYfQUo6qjc3QaQh4qgnBxl4/zpg8uqGw0hCP7Zd/OqsedRzj57r3QAYVrMaA30HjVedA7j7hO96eq2kv/GqXorGo5ejOdhwV4TCg+CZs62Jz9pCB6tCKQ+GolSCGN2UGZ6nxrJbdo3T63y9LM9vJssdG2QxYPT4dCw1uh2D8XlS62uzDpdKDni7YJGb67xg9m9QqW68cc8fNiaVzFLpqvLlrFrJhFdl0zb9p/wh6pFfw6GRSSs9KyOSsPPZBMVppb3pZg804Y1znw5cwz1+Zyu6E5Nb5gQ5db+YTeeL9AQVK2QTfsUIOTozVhwFnXU22D1bFNLxadPO7lc6FVllD8DWDm3K4adNMHZBD1ApTMZBi73Kz4jd7Amwx3BzR5xh1ksS+G7zTkh/Od+ucpzFCd593y7V+LELH+qpCPEBqfvbfCl8qL+KKfbje0/9bpUnAsB63Kt02eJK0HLgbRTqveevzHyAYU6X6IOqyXt3tDKDbLWD6dk/wGVUcIELerG3yzvnr9pOz6+jgN327U9O9itXwFqcTnZa0yE6HrqfHZUCYZYzag9BNV+TXfr4A/z1BuIbfUH1lVyVKNcLIIN7Dt/PyCeS1E01FIuivQmdPxUWx3yPLNu/jFvZFnvntr50kdE4y0oeuzez22+9urasHeN08nJZuj8uXKai5/Prg7zorMuYFoamrKNbc3lyl/JsMW+nGP9q/b/DmxuIba8F7n3M2joTOUP5VP7W51IMBb/bKsEW6eG/NC2nLrbCIoulLF/LbEq1nHQeNyL7bJv1mmP8/Lj0kqqNaUc0XV6xX2FTw9gCb9zYIXEK1WsMguWSrnr++AH2Pz+aXPuj1ebsCNCY9/BGT7VtK5kBQL2p7igZAjdTj7+7Kw9d7R3gsFtHbPI0KxG6I5ffmYEaCw7I9YpOByi4V1Q3vlX+yiHANsAFM0eEeArEH/EV5JDyCTn6O5o4FJKeJIrB6dKW6mD96S6zesWG1+EgdsqoJVyOKY+F8vKA7GW+JYj68xUKpxllPfT4yhyZaDgi5CyNoLYBTwAgKWbM2OOUIXzEu5RFSpZMB4VMRADY73ezLkNnm9Wx52skj+7TW7II2N/4nFGUf3rnz9b8tu1FMI+q4UQeEl1vKfI4m/Ou4yrEV35HosGGsn9hTaBj5zSQ6xrFyfjm+b7u/0WAyA/L2xC1MnsCVBU8kXuu4MPnA1kduj2OwFHwXAsTXauK+6WqfU6nypbHmNUYVokt/XEQQr7M0NhCV3eGEuib88FobJjIY9+FzRWnUfzDzAi4ffaoaf3b9NlGQE7tL52tgmAVbBufWLEeeWGGY9UiPMdhADKx5HPj8yISGPlw/imp5EAoQYt7eNPpOaf1pDVCxq1ip+059SiU/aPO2eal57B/eqziQqffBp3i/83lyNb54vw4CV8vEQw3HRKXLlvUHeuuv6AAEjm418aa8L2BbC/dwF7w686vxgPsRHdr23o/vz8znf3PCzSs51Few1el72sXbVvg5LnlfntWwLLKxKchKytwfKfBve8XIWz9jIjaIv6J+tMpFD6KZ0gq4y7Z2eKtID7m47iTLUYx9YsDIoPTK5r9+6tv5qxTdHkOkaIhivKX97xsaWylVeeFd26l8nZxP1W1F/a1/tWzBnEOIiyu2txNSa9w/Nj2E3gGV55R5rqv+PJpeVWDQ0UPDVYTkKlhyrK8wzI2X7+/PVbNfzlDmrk0TJMrk6ajWDOsV99usoW5O7vKv6rTgfwDlCsD9ck5MHHyI52zcRfr6MakTjZdahLPBWNj+kPzOKcGxH/e7XJGfv1+e9nTOqj3BZZg3CbQLV9cooH4crpo133S220ita9rdcT6dKI2/6sQ40SXeJUdxTpl+w8YTXnYsL4fXdapeHwqrnL8tLaPthNlr11MWkSBk3L1KnBKW7A8MVHB8ZdoZMSNMjCxe6rqMb36Jfe/RYuQewKP6Cj7zjffnJ0J2pVicprVppzZ1yShFW9vr1sLfrwORwb2+vA65x7l9L/9tLRMma/7UAa0lUgnlzgHM4hcJS8yrknwnpGljy72p62axuAavIVHJ/2h9U47UeQILMJvqoFOXt6bKF8YML7pQbVPCcC6yARHxjRySLeiXCFORbVS1hqhdbnxOK9cHaQ4bxgJrDdKnwG1IGmXrbipoN5iPx56tXXaN0vTdejj8ajSjEZrc/NI2DHnbfgciBPeHcsDUu6q8aa4QmByzqMQPV0xWhyQBLteOkallUHN9XjVlU+LjKVzTIj4RgeYsGM9iJ3RUt/633Ped+P6cxWQTJTl5Yrq5uba7sk+alJngBnNQLI9CGIrhGv2ynPHnpXKOeHvBDFeFuOwyN8ckUOS4qPjj87kkb1ArIg7NTOCUmhXmP14c4uQgq5owUs671vd7nZzCyrny3EvQzYMJrIr2N0pL83zkiruEH0nC98IzxbfwG/3ZGKPXxc44/nJTCXhyt9gf+9NikvjD/NN+6lQ3OI56BlvkAea52rDvDeTcUHnqE4KhtqxQx9Qkt0955sdWlC5nNFussEpNWJzi86j5DO2GobXqBrDGsfdLU8dCkwwMi2yaP+R7LAamH7Ux1uOhi6m8Q63tAtMKJOjjz3pJXwWYtPCb812ycLPU0qfiETltWxq94CHMd5PP9Avkb2monw34wAwcEK5MvbKhFybD2G7t1OIA6yEx97GnKBcOEnaYTwG4EgcktwPWzYKPiwkA+zfrOnSHzcP9PDdzvzvusBywOiLquWTJdeuZyQSw0SJEEHIlwu73AnhV7jdV9rflOpiBqqyFZtSv63VTQtknU5PBz4dZ6Ym9E0L00uCC5SF2cReyPnOdVPOeYE7Z6fVM7P66Mf7CzW5b5VIc3pyZTRS2P8fbGYFyGncLh5SMt/6dTWXzmBk/4EQH81SOQrkBjkBbDJ7ll8Vm9b8D3z/K14ueK2YMuWMLGtlbzHBvugZLFVySkL0nMcG9ehzdu6d0nbDvtRkFLyOdel+kP+4w9HDFRjArXilEsx723f1SssF0mnwaxgYTg4gvFGN4YMYt8hRDaLQnFJnIVBrFCkQCcdXzosdcVGbG+176vcl5mbHnwHnoMA+o/NWVJ4+VVjZVahGI174ZjsNvNF/a/D97nO4pnWEyo/Dflgl1GSl5SSOVNzTJrYskZgRoQ3FjPZzlpeF5WFusbmH8sph+PGhkijfT75r7gfurMdqkKE6e7Yr+tCKYJG5DmsiRaxb6NsOssLmXjVZc4QWix6O7deNejbWdcym825OXJ9d073kPPxnQJRyEZtddFab9Imae1wg6o230oWlW3Po824cITYxsZ2IwPalllHmtotk1P6ctjScH/1JayhYZcWsMuLExCTtM1nY5vbd8QX2VNdqJ+HeRZDN+6SswJxB/WuQjBLoh6rvgjkpsAlbNefBQ9xl7DC6JiLGE/BZzHLGENF1v5eqwR6cfCDnGCbJUXY5EWYy9G7xCLE6EPt6B2Uh1qw5m3ageRz44k2p2RrVsVh8kedL+fyEB5nuVawLeCMUQDo1nLVnZFkJ7llh9RgJrNjE0AFvl328mGC9aw3KLkfR+8gl1ku1c06MBLBS1gDatWr+gjPD5XtCiRLG+AA/IGB594+oy/uVI4qMlGJXO6YtHvFupNjleQ9oogwvGA6+aE0uV+dDySolBvtBUC+Ccq9KM5lBMSARC19kc1RdjIQ6yGlIcegS4MHx9cfWSKWZS+3C/7QubYy6p8NCOovIKzhsdVvoQnQG9JpYnA01G2OQ+SYH9lS9qEtbP2lStk9OdkljsdXFIeueYmQA8DdBhAcNd87ZjLrvmi6nvlEqS5H3XwygSYSa3VXnBykVDbIYJre0coBzdFCQcR+8XQ8W+n4p2m27uAQT3QOlM8QEf0ifje2ySrV8WEuactxN18UnHHmvV98VaVsFZloN7kJGyNjfZ85ITO7kuYQiecnfbBL/W5yPx9xLcrtZDPg9rvC5oT/1tu2IA9k2yg6SyFC07fQwPUxxdMU6GYNNjbd0ZSsmd6E2/6R9XFFhdLlvOG7I27RIgOQMyWMchTcSV7aYquF/gbnb8xFo914pM/giikyO6gDmwM9+tfunzX6cKDCgwHTbW+XjIOr8Sgs90i/dPgLDNn91nPY6JGooSDf6qnlLTeSzojNqS9PzNxqeFduMitZHblkAqImOaeeyGFfB/aoWyb/uhBNTbJsF5uEdt1LX9MLrEc4CPeGdQ0JdBzG18RnQwu75V2e4Vfkqh/tk5zbV/LQmYMvRsPCsHdnXHn38HPxnfmbLeaeEfnNFnFp8MV1ZzPPdyFRzzZXrl4EsYq5U+26PxaeU2xoGbbg399/VoLvl3KBPflytKWt9po+XtcvPWLjwOGb6XLg9088p5Pb8LU1g1AYvsPznFu6c8uZMiDlP+GK0cDTBRWGuztTblgH+8KhjeJ6NMnTY/2vGQnUg4EnnLUsGZLg/Tbv1ZMKPVZgxnBtnhpNKCB2kAotnI/ZK1hKfd1SjuRrTHkWyDGgOxdnFVXYuWeAUcejNPUd36nssw4xCtl7EqoHEFCOQJJVm5WJoWDq5NfAlzCVtU2Ef0ksfA91zDXybJEEarWL4PjrcGVi0//fiELCd9BpGx+3dxGJ+wTuazWTbX9QnwhbFT7+2D2MANSdyFEOBLQf4g1LFi2EtwZMtqW60B5n0ADBw6x46xb1g4V8PUgNibUf6Vi6PtjW/6WbmA5ptM217xlLOeyqL33AIIabRnistQBHbMrdjmuB3jGB5kEmtnBQvY1pOEiyEH1vwpjolV4BWQ6EtjIigHonFDBdyzWYZGA0JL9DXB548oZQ0B2PfNW4HiHNDHgGwP1uVbQSyTlwvFu/u+bxw2CKRus2QjrodLM/OwvBu04PS8nDjYljpiegv30AkyI+sNQapzyomQZpXZZyT0PzkepVUXc1Or3KKr65N0u3+9REAP9pgrmIPAXx0LLvM8jyoVv0cO9Fd3Jq/R4vI+BCq+LKINH+hKlfnvs+21sh/uSpETVVyq7lBUE0gdbdrtnNoTHJvRzWp6bdkFEcB71p3YoDrGwxvLaQW7mHbmiXmCSi5Hog8PbKkdEJq4WLORVf3SiugbtGpFWTpKQbq9dwR9q4YkyNBDpamL4P1eIKB+uyXffz3by89jaM9ZwGV7x/JdpHqZSxOJTOniJvaFOwH/dygknW6dAkqwkS7gIzWSkJMD4HuJkI+EM+wk2zoFnyL+klus+5vWNyZVNNrWXqx86cjR33CRXbY5/qNRlJCPUyDYjppWNpjEA4ZtELHCrOL2EY19bXn75or/e5kD+9Z7AWYJntJjGJiV8JGR/dVXNd//BRRLbJiVU+eOMeC9Iqqg7JPQSHcRdgbpa5uuXFPpnMbKGsVB2KdCNxls6r6+85uHROdSIYv+Fk32JpO4toJr25e+at7zCn8wWSJSRsDVSVkBJ1g90erm+8qU4KPw2oIf1PDdwhKVyJlO8iAdv3gbyuYiEMHXL4nKB83Nubo7imJVByxKqJ0NK4DxPLHAm5XSrH5fiQpybxWl9oSD3bSchKw7si2U2/I7sFrXcvxDyFYP+Xu6DCYDgkFFWukS382qPL/KlhR5UZ76ULJt95egHUpQ9VNqHSXz0sxp/0TuSr/AyJ3Ss9rI+2F/rYXegF+i9/1NTrOEUhOPpdI8O+t8tmrHuJYVEoVRe53tCnnHAmQNWdGQ95NQhXhT+Ssec/ZL1D2VSRx8cjx8q+XQR9LTP0ivpzdXNdNGO9pDnmA0fe/GfP6CanDRCby1EZkoQ2RXoKuG44BjZ9+q2ujnAg/ZD49cZuwCa67VHQj0AT0eLmGgsLfNNWH77zpS8fMX2OOq7anh4+MHb2jwzFlfTlz59MlVARis4Q7O/Q23o2H7/TTqkSlL7kjGQmUN5aiUP7/bvyZ4u/dBoXYQzOx3Q8Ks7d0qo9t3AvG2wF5KaaYMXkLQN5iWotEZolAMLD8H3LGEGRCvpcuBzSshzotWXNIjbS4BLewg54d2iUMRDmfgF/3PB4tzBSUud8C3TzYl8YIHxQAhLfdxQ6XZbvOepKETg0GZP/R2jWIYPBtlcR3fhFYLUXx+p1cvxwF2c4TmqfRnV+ho5seIksdhmJpAXnt9wCmZRWQhJY4IJb7piF0WYyRqOx4mJkjDqNKlB/v1YgPp8kc5BC25xQORZL+Au1tB58vO74/M0I/AyCit/1/EtpXQbHslEszfdwmPiyyjffs5j4mWpRhhDyX7Zp3HsFLORG4BVQzrPx7U8o3gJMNvehfgTiPTEOUyOs2CjJN93Zdma7Rrk4YejKzdduEJdEzkOvp4yL/vDo4OeqfsuhspR36G/FRo7vy+c09hJj0ZcqYPXg2hnRh4iUuKOhic3Ag6iABx2PvydyLfO3mYPUm0xTZO0dpIkPeeFahcrBdE6X8G05nHxo8GiRM3Xzt+7nm4vH44voH4jce1h1F4Pv9zzCAv6nxWicIb5awE3i39cvMVI+7Zz30qOpF/RenzP+WtO6oc6iJ4IztBkb6m70NTnfsFEjLZNfNgvt/eTOQCyFKb8rf6Hq8Wdn6bUupqaPMe72Pj/T6Hn5+A6T2WfgI3MzZ0K9RHLYDqwQw8cUqGNXeE/LeKg7Tqc6Dpd3zzom7GNtBLu1zh8o3qWOBjxJBW6aW0MgBhYEQHbX+NsOUaGHoTLg944xqJ/eKNmNph4HfLg8e9RK2df0U255iHnGzFIOjYW2jLvL5MH0eLiQTxs2mJX5uGlVSmVgFtqfkQPKXN89Iify/qMT7I+f1nO3cr3VB5Ek3nuxxn8SkCJNbjfwW6gSmix2XpmnpifMHCxW4Hv7lgBRDeZDj4+oiRU1Bw5lA4Z1UWYSFGf279NvupcZx961fTkzwGphcJpSBi++ZI1bnwY3y4zKNGD9mSmZmYR3QheALxqQP9ijZTZvrZpHTxhcuO6Er5IOagb5srEeXG4P8sJRG3aUgXz4NU9VXTEwqod7URVpJ+3bH7x1NrrFWzqb74A6k6s+pRc4pmILmCgsO7eUbcQffPofakvqfFdNsP1GtUmDnTruUht0D7WLUIDDRD+veElZShp2Rr75p9jzBZx9c3zP5k6B+nExxf77n1/Bctr/yIGSZlOLCHpxcGeruDonmksSBSA7pnj2xqz6uvrrfhPwe5u7OLj39Il1iUw8GZKeLY4Aj4TfJnax3Nam6rNxPPvXuhSqRir2NQkAzXTCT/61g2sQh5CAe56iE351qpSKqcseLfebFvEVb9i0OhiOcC017oPHXVFTHzX+s9ya5tvlddjkWX8MPUdXrHJ4QaIofhq8m7aZlcEy+vx9YbBP0N18Paz08vC1sEu6DnK7gb8ix035T/Nz4oGxuogTi/pwEZSCwfnBKKAszhkUuEgvzxx66EGFlnMCvP0yWaF7fgR6w2jgMH/swSUNOqUHb7w2cmfWB+pD/44Ua1GLI0Dih4RR2TNmGGo/kSA6ThtH0gTJSFbvDKP6xT6PXghW/hE4JMquO9HtUaSKtiUoGJF1+oAursGEVREJDG+BH06kGWGRYzp9j7vJR3bGpuu967OJbHtiBRcwvNvhh6Z/LU/8BCDqWGYlYXkyvnbUw1rJ8RQU/M4FrUYWNLSi3xXzjbRt9PL/Rtxip/OIBSnART34ApulY20dkcv3hWMeQ1rqBsU39QePEh2HvgzEBpakcIhdH0YDV48OhBV0jF9CU/UBd+rGwy4+gDxdAInW8aAQ/6UV9ag4nu1/ECUhMm9K8fZuqEWwmXuU1iw3KP9hK/k8tBq1p8VIuBxNkTHIrCaj5QBW4hlUTq1s3e9zbE1fGYbK7Q9fgI2+u0TM7XBPyhIFruI9x6v9uEtgl/60F/OKPuo0v0nBsnkUqWR0tHWJphafJNQDxdH+Ok2hKNDbrE6LiRhZLni3HPJJe0tCVDbD2lwZX3AwlRl40OQ/PeDN9EhSP8hyfO8PovfUW4hp8z5/OzcwK+X9eNmo7McfB3OsCDlkKfTe4eDk74O81r5ATi+RMERpa6mzYqvPzwDi1SrUMklDSXvezIDcAIFH0+c+Rsqd17YZzEGRUTIQV0KMpetxAnFccCKAyzbz0ZmYoCnO6fNb684obQKBB/s0nkkFtvdaoqCQdxGndx1ERWddOkJWtZ9zxMiNgW1wn+6xFQfDkGV/mJ40pQWhX4EipwmW6EAxHmS2+88L0CwGKV9i2L7hujmmM+zmJUbPHztJPOXZOlXMmtzd0Ria2mh5949ehc7+clA4LGbW2GW01fPuvNsM2I/COgkvjc3nRVfHmTrdLsOszUpJsW6hsj0aDGNlRfBI8v2CO+n36sGnypzHZ1fsT9nmQBU8g09tQBNtalIkfRTw6JjYP6xaGKe7/X6mPHESl+nHE47fHBQrgj3opwQXvVQChS+J8A9A5rFebDQgX4SflTL6JfLrLlTHin+rxylZ2SEgaPCfDhkZWU9XCer2aKB4zHa1vmIiENvflEqsbK6CjP4p+y6G66l5mzx99aI6BJKTOumXm+PbgGr2DBHV/TvS8Rik+06S7yNWjnwg73mw5VaHvNNkYHX0GrWCA+1UUMUMDjpiO/xhYNoqreJxZLH+3+JwDYLNa0G1n7xt5ApK9mYtj99Tu5f67Kuc5+VTrjp0Ul9l5THgZzy+xHQ6583MUhgLGhUmlicAitolyVlOJzaoVPGtv5xh8ZBrouDybMfB2xhcsi7sReXiVs1GYvqZA26TiMh8hUtCoWDDj7EEeNTsIIsXcTijxhg8qEXMFYIt5+kw71Sjszr3RI6clw+b8zT5R5TBL/21ujZKVjJf6fWX4sjblr6ZOcs6Df++KHES03AxKckQL+5egEjcut1BsDIBbLIQCT86maulDiYd+9V5klEOvusyoCW8ZyJi/FZ00ZUoDnJxHnXUOpV5bW9Gy7UT+6uRZyUKt+p5BvXz2P/fKvjeXyalnOB/NtT2PBZ35tmHlht2cpBAjS3dK8qfIxRJ+h60qr2y/yHWua4m3U8JQ8RsIInF8h37iMs2WHcoc7dZRHXkNlfVjTaUOjvsU1iCkOLf0dYPN8Pznski+ylu4LV9njrIDnsNHvrkMDPVZtJS48c5gWKTXaHqraGGXQ+1d3QYaKSH2AMp5Jwsn9ukSSLwCIJ5f8K0TI4q9ImQ21OmsFugd5uS+ZJm527gZL+WOq9IeU25cOvUu5G+RGiv+zaXB4T9S3OJ9Fl3l7qn/FHEolkFGjXFxUVlQGiZv6K5C/metyQNuhi/HqQuHqFEBAztpo2IbooUuSbHxb7n8jHQau7YCFKhgCFk/JhGDoVU3NZwbgrt2GS78NXK8ckvLfb0ONbTB8XLe8jTmyl6Zzb98fXSTD6PIp7f7RpOuyeiXI0tPbti5EVfBd9sO8ZjLnYegYnCxY7/F3rcjpFqU8Jn1pu0Azi5c43V7rRIieLX8tghduMN1jB5JlgwbHjmv73YmjEt0lX62MjVpS1kp3/eGDDUeK4QS1JrVQ/1GofX7sS+PuyGbncp8mKxxJ2gexgeML8qiOMD+v/PaQhF8rZjxaNPagKuBSMRs0ixEnnQibkAPcSqrANDu32UaFf9pLQR0GZ+4FG7QwLCdjFI1uQfv0zns7pi3fVna9YqwUq9KOb5HlemI4MuQXyaX83UJAqs0tPJmlsnbgbHnY6jvmO75aF0E6vYx+7tsimV8slAdh4yd/B69LDdUFbT9maKQaop0+rfKse5lrBLuz0InHofDdwNIj2UxInG+WGsALRQDHTOdNnaKphEYyHlANuqYdLOGRZIeTBg78PNtu9Vc86xSiGzPgocpa/klbLY6Jqdc4gtxE82za0i3+7x5d0UIM70M1n6cUzKa/otj5mf7H0r2l089xwmnOTapNs1BK54n4FnJ1mbVhBh/jpKX1kB51sbWOzc5b57ZwreI4cs8qov64S6cngvwO4VKfp0k7AKW3vR+ff40O4q/VBEnPNBxn7L4ek5g+OiEdzZi4pD3rTBitBpMxNLyYsMrQW0i9DxRUsj1zgg0U9iQXGao9P8XHQfvESA6ZsiQHG/NQc7xYLS0JxDNDRV/hfd1YSAywqFkEWOTipz9tr+Z2q9MAqm+n64ACfbGnyUvlLoFJ9cyO7lFJrQIf5ZSTlQyGkhJNqUH6c5kMum1SRHmDRjr/VICZbdyQQDuxESdsXDhIIL/njG2h+daLp2X2imjeRiWJ2W3bv9i/9BQFAanRRYJMS45cb/V423aVBVUTsmvNRrqEL1wPX1LciFIWgqaQTYaxuf3HxKUzhpJ84j1XtBwiEzf8e8Wv8al76xSPeO/+QWebq82vIvSfEq2d1wv50NYqhDtZVXcPglqmw+5L/pXiWFgQyO8jjVSr0iaP6hnq0bTzYJzFZNECYvGRtUgQprYXbZmXTgRtAKmYOV6iFy4IDUXDor1nDLLL+DcgTZW7YHqYOzhSuWgvRE7h/7MHUciesrq6lQ8ovSScIAamknopTc9Q/IyujHz1tx49R793Tq+8rG76e/i6A8UhX+Rz/v4utVUgasXLijSBZXJavl+0mLzUNETH5Oiby7bVn3zcyXn/mhp3lo/Km81By3t0+ejztUEAoToEarXKXz4irac1LILKYQdQznfq4Roec1KAX7rfP+34pOROkcWOv+INwvhBL8XSVkbDxJ56TLIcUdmJ3LY/xqR+RQ7Jc5rLvesj6G+ys4k8jEgd0V3qRrusWfO3xyHxM0eDjKHH/oa5d+TzztpexunJ52Vs9qRcacsJ5RfdrUNq3JUeRURjDguU5sWCuWx2q6oqJt2gh4r73+OS0XiT68mDuewErlV8bKxuHLHxcESa/gtIXk++DiyPyahGynfrCu1m9qICsXvmxMUFcXHvVaEevJUyzaiC+DaJZMJNWZZTDt9sb7brkeTX03NSCY9RbSFJtxOL6j2o9EXJv/NtnVx0FZc+rzwlCtu6sTbp9cf42ozPJ3e3oOnMvT69yQyGNpycQBdvtj+5+/VwLn/Hylc7apzk79RfJZqRPraml7Og56WCFlh980IfY+FS67tt/Gnxd6Xsvk2E8xA9Ec4waibHy3d+4xkZTT32EW0wEB0nMTwSynw4kWbVhZVVUAs6FDAY+fy6FjZda+uz1Xh8MGx0VWFF7e6ivtbkV1HgzYusy6o+YV/Peg2uOZ4czJMB+P8uB+ftghwqej+tn31etfzLaluOh4fKWu4+g7sERwIH98Xo/2a6Ual++/hpJxZy4nVVCR/rCf0inx/agEShdmR/iZCkd3WZLLuEJvyB//pg4j9Q/goxFiH+sOdWheUrgMPYZOKN0L5OIQVbTfVf5v8dnsOgFg+O527b20CKfKAcx4Acf9TRhKzNnwY2R7DrqROuLB4SC1um63TisClYkjjgxHm+dclJyiiDKyRNKOqlQYfKdsRfHavILG38erGyTN6hXsFD/Ekn5uegFbHnm8VSSrujTCSG39PieizpRipntCbD0Zu4FRoD/J0Y2sf8iiHqavMWeX/fQrEbqUAp61FT8l9ZVeJE6qE2tmOEYmSqFCf9JrcQ/Y9mbfKu+o6t4H/GAdLrx7TR0yUeTaC3Lr48fnwdIa4bPzjFotjxw253ZqEf6uoSmyS3gWHDi0jRcFCzJ69Nge/X1pfnDsRaLP7vNTb47cjuO70LeX1MKZIq6nuVLij7bBTxel4RQ7twHAxsFZ2cN89clu+mfONEmGiH/7dijPlb5jH4xVRwLi1nUbeJy1b4+DLvUPKid//zkrZFxQgtbNEQSxpqUwfL26a0OcvHe7hc352HIMrGyIhtESROn5YCoafzJinlq3rcsVBvF1B7/OhIUEJjfynhd+jnF7dftMgAerMO6SQmf02De9NsL1TEEZGe1KFGnNnuvSCLmHxPcLLb8kInnQzzbzjP/IxmNGKj5aXyZvbwFAi26RKLZ6/SMjre7/VxyFR0jGCbMNWNVjJnzsnf714Qb3okpOCqbam3UGm2LZ4dwKZn+HXJdCykREDQ2ln2geTsU7/M8J+DUQLJbbE1/WTkgxveziXuu+dOtb8C4Yt2gZqohK5/4S6lL/GuVRjdxaqlQ9iokxdom1sYnOn8CBQjEAAqxxjtQtkFe3btilQG/F8c2flRv25yA2WZIFYAadpP0b29ycT//iYsnZU97iN5Y8etA1UrZqt/69DDLiZOadtDcLY+33zLpImVokGlm0HjBL/+35wp/I2YYJ+BQdRZim4sehgpv+m0PxGxFqTsadZQ2vWvpUfjtsXworHqwxKn1pqzrxnLLt7mI2CeYlWi6RD7MqRusMlKHSOMWG/ho62drIuDTsWRH6R2vhJqez3tit/WGNze3tiBs/76s3vvyVDEeUHxbe7Y/fo+2NZN3HME/t73vOExYi+FFtGunS1FiIvaaE38FOkHLWZS41oqiAG0bAeezWA+MdhnV85V5OfCp3KgCUnWzYvCEe8Ughq6Kg5gws+1yn5/F+ohT3LDl+z52+bEA1/khQ2Aw6OaPlppco0+QZfSzVNmaVRSaynOW+rj2eK52gMgUhR9tBOHnhLlfJK2IbdJduI00lTjqFCg+dCzHz9/z6NKd9aDICnbxlQhV6yMzbCAxEaAH7HHH6dIoQKHfkA3WPCSOjf95S5r89QkbLLS3EPLPvxDScSkgj+dcYN6gZSr0DWYY2mrtBXD89AJUe4/nZ1lOTJSfd8ooF9IGzUQ2c58yU8zcsYb8FDOUkSZ//2y8LAWTPmiUBDWK4qFtXTQhMFrObD8ehsi4su7k6v7hOFSmGB4n7tHJ2Dr4VHw3z6fmYmmLZLw3z97v/7DrinhwF/95KPBam5Ph6rJjFDNDi/EJFu/m9ljzgmt1pfG+CC3zvd/1mW7gC7WD3Bdxhkw6nLQcTzp6n9YT3cHkXy4uTxybyJywKt/D8o0msyK4sTB26BuQ/wMN4LN6gLFOHjDz3h3kPtk6CsHEHc46m7jaa8hIw8Yg/jzhq4pEACbrVpPByEbXwbaTYMqZAFJGSsD0xPDBpfd2pel/+i+8Wd4yxBW6SsvpvySLl5aWq07LEh9jtwbImyPxyzVc1IofpRZbdHPjr3cnBnh49FTNY+Bd6s2bN7+sSJDL/1lZf0sbbFIUEt6kRJ1HONUeheqAItTZ0Rt0JM8zOD6K6w58qvBxWnz7+rwEWIBMxyrLuLsdXlMWVCRyTeCCYQxjx/eFomlCve+2yWklSBNUh/4I9lrRP8waEKKRSsnKhUZVf16L5zd5X4udhAo+7Xsd86+37iUgpjoqyyO6rzL04Ls7tHEuSYJi0GrurGvsKTNVxt3u5cvz06aMmsl2vbovbTAwBf8yRo+X+xbrutzFXmTc4xbNzHoBneqfH5SRzlK0BGOz4YBHYltb3ow7cir9yBOiY4Ti/tdnoLXXnKK0N2FDtHFPLfVQFk4OPVd7JRL85NdPP5RUyBvrg7FtdhJKHn9eKxlqjfkfKaB0vq8ZtNTRkU5M8tUQQW1842+wxqDz77cI/PZUucZ9/X31xafJwSFelGsbF8rz375gO8UO8/9cBM8hSboinqTCLPGaygVuiPvqFupc8eCI+Laq7yv43auFI3vaGKU9K3VMsl8L5hWsAfseEBBjh7FzcHTH7N6LgmIGYTuotF0XDbL45zxN8pDdajVmcKbo+v09w2etp7dH4xP2n1gv9YhrmyonYJGcJDfTWDu6cc6MhcV5uSIOQbR1awTvQWmdLd49fblbB5kIeyjgzHWK8qpKj0DHMRWxMHKhEMJofHzO9imBZkrP0fWqPmSaEWV2e7HXGzrhUUwGXyWPnh9X0R0XIbPJT/3oSi33xxjGAzaMsIY6CCURcBdHfM89jtmPuan7lWOVLagnMYCQatF/k7QSGTIlSxIhScQUQWRFyCFjj463LhOxHhyGwFuNzd+YEehY3+OWBn6YgnfLfuZnJ9eLmV4ALyfFPho4QzlNKjbacjhv80JuBLqQMwKVIqjc0wM4qZcIKgYVJAmsRzMnxUxNEhEcBS3LTITeMrFxekTQPy6qFV5CXrNCcb4kK6rJMAQ1nxIR2Qpufadue+ytt/1dnbzfRP2dV2W7uHrChfYgFdZZC89np+F+J8BIa8y0M1brW/V9NeTGVb8PVliWldArtz/VullVrbazndOOpY1EH2+zYV7D5JNgSXWIfVj2IDGQtFTR0YhrOj2SH/mZAwIuxC76ox+wUY1wSKueWrjENB25BjYnaN8yI2EK8m2hdy0k4oHLUIVaiLL0TjpfuMF+MQrg28P7ll3uKqjo0l6+LF7Usb6/q31xNaNLWz5/j6V2ov36RrRyZhmPrtdEmsQnNWkuSvElQo8QbrzVz2WAEhm4vH3HZfuFly7Yn+HOcTX2wDQsjPYC1dgTx3UuNCMjPXA2xjP6rD/qXdXvML31EzeBSSnC3Hr3HfUUnd4MaCYG3S9IKP6w9iPe1V1M641H0QHJU6uFKMH+LFdd7zbqbIcK3aTiFaaypTlmBldifgk4nyyxvMDyfR41zv7l3+S0XUnf6ZXOK9VCXTCqcZNCajRL+b9PLwEQjYnQOS0rslqW35NL0GOjJejKS30uWRneqr13ms3txpt1bYrCqKHJ6tfqdEKAU/qsmygNcyntI7GEIaeUEUxBZzFrql2ex7+fqFqX36Xci2jbNwBfxKGj9cHREVe1WufS0yIMGTT31zs/6yStY+zxuHf+DHHubCi/9P4RKLtiIfzyeaGPi2jXsIcnZ+L7624cOfDGxHdMcexSeOkhmT+1H1QuAykg6vN91txz1k/W2LD3lTeMDDMpOXup8B9J3/OwX1x4wYXXWejKBbLfFwaYAcntPA59j4NmIEfPFzt1i7jFoqDxYvSvg6bwuTe+jKw7X7v9IL+N3VNcK84PITNvIM5deyqlef26jkTroqY2GavPbS5M9hr9r82+eHF/7hpRR09vBrQmrEFti8Jc/jc3vB4uLcQSiO7p0r5ArlMcRSL5ju2y5X/1V7f8Hbzaq5SzNNy7ZRXLgmW37wAT+dIJ1U4G2pRVBeSjWwE1e8HKowiSb7blxYlFcpdRfgkcb7bYbU5llcAOlWJ6IaEB6hTxEuPl+GfEjuBhu+i7otHsR+CZ8IhnGGRzJCRQAtF8ClYhOSQ78oBuyScTAbWTsCfmZHHsYqs0WQP26QkxYMeu4LjowvDDuAtHKIzsRLfq1Yn+NLgNsT5WH1zX6J0hQ14S+fQGSamytQ3yKqPsyQ9Dqbc8R18oWo29uNlbyFOzelb4M6vyLcWSLCdGaUKxxVbuxVIKZ6PRVm7vCLTMiigpgSjKO14lPE1QKeUkqNw5BZXBWEK/MSE2rsyqWHDs1RqL3dt8vAkhBIQoO+UavM98ywkH1xz9LK4J/Tw7XhCZdXMA8eCrdu1wtUGOJRt1LxEb74awefHo+ATL6At5kmQ8/e18ctsVYT7/AMHHDmtsiinurdC0SmFBKO3Onb5ezn1U7VQ7piJwLpR1t69e+K2Waazr7OKfWgib+c7vkfxDNBtptdou6Het7/7lZsR9hKGVI1SGv0tqCOkmB9kpP0sqzlqTfABm23/u5vbxh2kK7AzRMBb2dx6LZDHdpT/NJAFS8Q2dNvfZ+LmCPSCQhZaZHLrMTLoMgUb4mT0/N30tbQ0eEn3xIKDroyddzj32Cu1MLOXIcoLfDSpajX4M9hN1577VtIntvD/ULKoJcxor5NFIv6ALvn69ZYcwd0Db5RkdgVa8MGLmdriYegvfFTTWdRggskkpkASnSIHNCZKpAoS5tXs3rACjj3D0J9WGnOe83QfKpns3vnFKnBf+onPSXNb55ZCs+V67d1W1aQxQqb4jjtjqj6MNGzQUPD/bgqoXd1HhvlXU0+SG2pZmd6k8CRtLEHCmXKJ6FK1OGbU2yFv7iUg8wfGnp7zJgHS53Uxa39Y44y4sgDNk3L/wEiKCRUrgCGJ+yaDBX7R08bI8I7KcEKVqXM/lbHHuglWC4RihqNSO71F+axlut0S+uX9xA2sXNrsmIAfit/M6m9UAqeSHMfjjm6TY8qESp/Nh+nr6c0Fx73N9X7X0c8dNDkudWiKg3yRA9zeHupSFFBdk/m7B7ATQH6qMOZ99VI9j0Zlk6yadbgqVHhln7k7Sml95CaLcJrqd2/Eb7gQiwJ/FGBdBeunrVBvLJ++9Hoam2GVZB2W9Xv1474v/KU7h9ab1ghVMEU9kIxNVVWgBL/OIuDWedxip60J9zKe57L6Urcrr0hqQVEJh6th5v4RKnvb184WwUaxvVsC/oiq/xBw31o9i7ULKAagBqTh/2S0s1m6KtY+9Rv0w5J4l7Mn34zJ7WZxcHoil67UmM2z5oY+dUxRAoCH+6Tk/s48dRxZbJNXsyj3rcPQI161Rhk33vRZH/LnSYHX3WjrkwHSrPIRolTtRHccFe9zSXLnDD/sRB8D7Cgc7HmIXE62QGyWXsuIBlr5IYEEVfLWkMVkfYUq33rn64NXjGddSKRts/6MeIpy3r/R4tL0EltND9JyhtnZ6tzinFcJzFupvSPYfX2KlbJzlFPDQCwBRv9HV+ifGI+/qpvFsOaD62zAVKuNwHpy3nKGqy0h5VYwx/Kb9iKQfyQPe3ICUjQvvFJVLziX9GY/4M2TX5mC/3Jk2qJWNX39xwhbH4WYnzxn8CTLqiuAaq4UXq5GsTDJgV1seuk7o5A1NfkUV28KVq1SjzzE9PxL01oqljf0nzbeJkmhA5143UGBCkoxCaDNRyRd6/qyhxnXGY53HGwc0zze44skZnPfzoX8dHKFx4uA42G0vkpvaNLI+cJ1fkVEnKQYssJO48fB/uHrzaCj/N/6/KPuSrcgy2XciFeFGtpAmW1TWhmQrS0TmtmSZLBlbZMlYE8oa2bKmIWkGyVjKNjExZBnDzFi+4/35fs/5nd8f95zjOPeZGe7n9Xw+rut1v246In+2ikKJ+c7bYhE3VC/sWpXukS5xn9QD3SUZ9TcVapaP6V0qKvCO0h17EZ7ZZQr0PedrSgM7imnu8MPwA9TPJ3xMpvQQxnul/WuVHLls9TD4SXl25IVl6f3IxysrzlnK2PKXbW3a3auW0HzNDRk98Ypyqq345oS/+mnLGSfuNkyTQipyQZOHYnQTvyBTs7L53W1b20MCEhxsH525DFsfiA/wUhcTCz/r8jDJ9hjKOkdiF9PK8uHVUyG6L29/tTaVI92261do32NV6I/dKhZs/qaZlMB8r05WiQ8WwWUwBYmMHpw+NRfyZiRRcnBZhYeWylbjKGj/pojyIwgnmF9x7PS831M/J7k7Q2wGiKhvgdZH+4RKnJD/kAIq5CrZWE1LVq1UBufb9P3Vy91paOUF3z2DTGz52BRjgpM0IAu5DJqstIByu4TmgHIjhovzATz5+UlNLn4xg++CejaySznHpYiG1pUOja9/tcsJ3i/oOz/DHhryXe3D3g1NmftOvCl/Tgjech9m0zG+k8VB+XA79VmRsI3S+YJQx+sTPMnMwDTDR6Ezc603m3X+KSXCOW6lIrWGEUgkG03pdB2UAQ1kz2k4x4Em/7oYH9X0ViVFlmDRUu2yp4g2UzXlnK5yJHkFhVbKmL2LriLdmo+eSJNiqVSEifnvvo/JO8MzEVcjtXg3Bu4mFXccnBJ/hNR4DcFxnnHvKn9ni7LwKD1abna7EvpWueLohqP05Qu2TODXLsCenrJJMHbCqEvOsmTVejHLNWq+Mq68QPL/bWPByUh9jvPUPyPVqfYtk/wHcW1/930c/qLe/gpy+9DtTc3ToybXCB/L62dsd1khngEfbKx3/KGGllt0eO6NArzxNmlGR3vXhScckXNGj47HBZJW6TOA5hcFTAlgEWMhOVVtdBIWFvwfMH8thE40Or1rTbqKWv9TrwF5JD9U3jlEp2U6MUuQcnrp8frtCPx+zij8nlkuhoMLZNnMqY4C3BUlILcmpE2BDNt+TwlDgHc9p9AI0OlD+AmRrebE2t+IjPoM6LFlq4UohSFDlf+Y7hvldSzv9UiYtqKyvoesJntwFXoBAFlahKbPR9utqMUocBIbsjBX7tYiP/HSns8i3FDWucSthiDxW+Efij6GfSqiO9iejlBi7ta/N+v/Opirwll2kMmeamjgpitq6OUXoIyfRtxoj1PGtI6sTP+8zRx7SSn/8HJVofYWHk2Haf+EHyEBBJv3uPKGd98HmYhBcciLRL6qL0BBZSbErZrkijPNN4dB1P6Uq0J49qcZyXVC27Z8xArdaUmUdesLvo5L7564tLqY7Lz/gWEyVuP4N50sSHL2SsxcNmwqK/MytMQvtLHGqErtqxeepFyx6Tm173kKtAupKOLWCpC7SkfptHwH/iJMr7i4uAsBW+69KGMKMKuUF/bRhLEHo+/9b4pDygey+tF+8gbAuEYaMhrpUQyNFiBmsO70sT6gLrAqUXTNjrPsMn1cy+oKun1+8ltiVICxDEdEC4e0P8GwiZ+WiqnpjxosdtBAPT49hBYzTAow8H99ho3RbGtj6J6AaRW7q6OTHGc3z5eLEunnsHNnRT7d2yDNJ+02vHXo4ZRoYsHs8n2/gOka0rbapYpwgWx2CUD9e+Uxp4tRcP7RVF7QaN1mZQCoXPrpnQstul/M3X1f9NZS0dC8lG+Kkq34hSbRDuLlD7sHZ5pVWySImJyRA18BKkvkvzVVYoli9chC8Tb9bzzUfKK350EuXlIcEukhXdCtBzGZ2yInjQ4PXD5O+ZgogC6teCVe2ig7vz6LEJ5T/8PheOZz3ddqgRZzPJ2CmIyLoca1GCHNvcLPQGS4jzJA0jN7ePt9Z8GlzDks+oNrN8NmUKlT3iW//NzzhNE7r05bfsMuRcsc8bFlzXOMyXCkfyy4S71mPS5wMLcivURP0hSDAn6qXC3GQqBivV56zNRuzm7YFuWmTrjww7wSKfDfBs0tPRYnwa+V608pYVKTucs2U6nlb1L/15T2a3R6cYw6rbiZhtn6lbr5O9L8QT2G+VDUwJlmoydadjhi5rL9VJcvEwr98JhDYfpRuIe95UJBrj4Q/L7JQpiq4+SHLa/vLxfTRxW2coHLD4ox8j5Y2edchnSY1VGOAb5OqhxNmgsxh57/gK7iZvKlqLypjnA+GJL0MD18lFh3POTFr1d4GbXhz0afyL/DH+EMiJ92nHlh/1jkLI1SU67xWNxTYqdFLOXnTLzOee1Xq/F6S+fQMyTar/kCOxGzo/suBth2x5Z3sFA1ThkebREbB3Sc1kfJuH3FlmvlnOanGrFgTfMXew1RcmF+2RUaqJP0KqFnlYs8BvKnch+x+Dfb61tpEhBgaGmN/yT+ghkP5Vo0UozCEuz0FH+By6VhLho6Iuj24TFt5rManoweL6nhc/mCtIluaDUn9uic4TK6vrH5mRct63CfW72FxR2HMNQ72Q0I+8WD/WGegXo6PrW0tsmS/gy/WftDTl/fHrCT4ezPrrMoo3c74shR+5gXHXfU+WldGuSNOibag9v1mOMoJd8qp5RfawVMCqQ617n7Tmszf+8MBV8h8Ek8A+JSwOWkWijjw8zKdpycK4Qpot3YEEMLlNcLJBq6QTWMAUsSn6Qw666XAqOeznqCQAxEsRZp96o81Qpq1SU26I+Eb+LIN5JMWTaD72OGnr+5deib+rRaYOqQ+0blDvfQLy7Wa8Nl1Ki8G6peL8cHd7kSvM7c6bToJBs7Mm//U1n+iqlnoTa3tU2NbvHw8EhqnOUEDdU/Ns+cUh7qFYcoP/t3v6vo8IbtWluSIWDo0e/5RpAynSEBoS7uBQYIYBhDqwszhjCMXvUICfKAzLhx9RMDDoUUbYRkmuNqlskt+8zdWaHfKOETzJ1T645mazGp+hLdAP9F9wZ3SM2fgXeVg0G3GVpc5EU2i/7KrECW/ZE6w6ZdwAe2isnlcLnLuidGb3xR/I3qCC+xCrghWPm+DTP2ROgYCs2WANw3iTerFBKWboZ1P6dnvL40WRq/dyVS+rAgUR6KLDt3PR7Mt/csPPgitVcxMCpNYMF8AsUT5LQfcE/vPySMVHCMwN23nRwruTtdUsGoZxDu3OTGeTEt1IC02/uXEpD4iH706+xfMePpmkaeutk6OxfDpkHtSG3Rl7R/UQuft/xfRwo/PI5/mi1sACiGHbuWwuy8F1o7Wc3sCGZHgVkbODQKDbDbaBIvJNVsFA8AJZiuCFwAjvsKCzo6fGNnLe+8l/35NiimQE+VDFtRVJ8UULwFN3EOWlWwqzSKzCody2Egyd81iQOWFVIEftO0yaY5wr+AJykiu6MZ/cd1/T8ZLrQXNr3Qr8MEa5H/nqtZn49C1rHV3ITRjWN51Mp2xsOyEiq77xVWiaSw1WTpkL26a+kiucdvDX7uQlNtUT/L+ChvsaZxQJnUEP31pyGquenFVjpt/3lmtJ7ejeWDky/RHumHO5/O6tZUW7cs54f324foivQxinEyeyfybbXf6S/3924z5yWZ0aE7WRyyhTUVovCHFCN5N+ssg+0TEMAZeqEQgF+V6cSWVx8n8ZRRXsUCbcZYU8epMg5QE99gdmuq8beRX7YYtVYDwkhYUK1c5S0/2puqm5sZnHxeiHTLxeiwj8B3J6sduKhYDRRm4U3JBWEu6rVUpNwQwhDIeK8PmMsDJlHc2nomr6Yf8QqRE7Y5c0wOcdZvgqZPbA+FBb9sjsupdvxkNcP9u0cC7XACx3ic66wYTR8BsuUSYcLEDMTrG/j6h0M48Pf8ndIoriTh5YhHBq4lkNpJ06TGDvwG1TuUyMhFlXODuLDXIWtEaP5YT9QTttOdhzJtq0PBP2AJAuwGFx/5Y8tDxLgjzh3Xu+w+a5oMSs0u2Riul8SCEnhceQc/7dUJPYndErqEj/HGoByGbxKCytVanMVoRpfnTFj38MI0ltFi9+iC4lhdSq/u5nDt6upp8dljxkKxGk1PI3+u+y952ba5wSuRJtygIHkYe0fV8h5i5pDlkUtShDLlyrYlJPh2W7IBhGpSzEVtbmnRwm4NDw/D7Ag2tXPLrYE8kYfiv4U7zgg8/RclaQiYzp7flBJBu7j2o8PunzAEqq86ZXe+rbaIh0/T/WJTqb3hPKfdomxRogvD1FOm9MFUpM26JBPg25aLBhTr5+qUOG8ElcyqU3Qk/u2rxJycJt/bM8RZfmIb73syV6duiOQXJM3VYa5UVz/vjh/LURqKjWbJhRdHSbTjsYia9U1Hiwzj+dvG1o5kVCtt4xlU/bb/osrXG5/ivX3W0gbxgtHAHgV+DqJGrrs0bMq6QwCqX+G3PrMUhEloO2HlJUg2SriltM1XlY+n9q4xgWI9XnZXzj68htVdctnEXH56MJqDvukxLxS6i05fIoOh7zBqRgAT1vQamacLw7iP3WLrR8jsYUtRlVuwDZ/pf4lYZWDlSWgKLkahJDImb0a5mVLuT2u5OWpq0/6531OL+ZjT3oWb3aon/yxJ93oFnJ34d2HWJEW+Z8OIldascv0nDFVR5O+OW9IgIkRhOLRbl/PeFmKIZe9l1WEJ+uM88KWDreHhr1Yy/uJHBW7wQXEBG/jDDq5IaktpdXGXoB6Gqnj7q8bCJ8yDVhuYOHZrbVFNT4mwPFuIB5HvoUEcXR0ahlKUs6Iknlpkmi3ERsD5dBkV/vA5+O0NFV6EAExswEThTX5pUp34plURRjF1ceuKPirddkpa6M7cWOqaaW6mgW7ayCG6oWdFv2fn9Zjeraoq2/dXlsQOXs5c4o8+67cRUzDOSuEP9stmA9m4qQ65BJiZX/aLIsxJ9so2wU3WpmNUlkanW1LUE/L6kHg4V/rqcQ2Wn/ZPLvIXQp/LExqMT4AkL8BSqtHJPZQwquTIBd46exVy2y9bZXgpS4S63ug0zE9VyiyjfDtDPyTL+7yAIKN+zya6hmMA6tfqvyMakJA7yfA3r/QBPuN+xPWeEzzrPKmYUJ71uTToiAPj7NaL0HQTn/7UFaG2Zx334dnq1pbbVvYJdybNClpR3XVdGxxZk4wHZLqwu47RBKVoOAEOmm89P02TDSebHY3arv50pG9Hdxp/VujKQ/bo3xa1X5kdDNGXs9HA+QSwia4/fJ07av93kfG2g0tc3BYk4Pk8qXOVx3aL9ZkQaXhztvxBLVJwjyXYmQmHgBgTR69lbi7Q+VudaKj46TEWLUj2+jok6pbrfzfPDSVxTNeYM9w3JjyzDvN+cWUiSOPT+zF03TtFVN3Sk720LAGNDdH6oqq19HuQXGJG9o8NSkbe6nLDVOv4bUuyVXbZygt1a4IhSvsewXDmZukjpVvzfODv5ISEnHdXUXvclu3YRe/ULbz8MlQnuV7vUQyfMWAYir+wxpAv44IY5BCjKJ0aDzZLQ3JRb+L5XsVVsluvrxY8zofCvy62vTZ7e16XTYz/+In7Z++hxu4RM05iPCreXrnAcXHJ2YQMUd2tPCdPnoDriv6RcYoz1ZdAXUvvPRUjSBP8RkUw9aMt2gXEIW4WPMaNF3esvB6e6JgSO0nxFg0V+veNK3p8WYMPiw7pN80nwNi2Xr0j1gsO6qT5+R0H2Z6KLt5M56fgFbevietWzFYAX3hBPHZJLZujUYXP7rQRzOnaGzzl0sNDzkzRCEGxJImBjvSv1uWxbFe2sAhIGQh7zUI5TzAsGHTvrDyvylX1DHKNrOvmsrfQwoS6ATxn603pBp1PTGfJZMD0ZarmR1dnFLdx6BfSu+4lyz228FOpsaydHm6bFddtd5CGYy0B+F1/qBDtRH8tdwtUpaF4VuPiiZQF1W63H/Ki5LqVTuZHhx9O0qoDWB2hdkSbwqJtp7tNvpT2ZDEq1gj11YOERRyUnxKgvq0i3MKnOjt62KMe2kgiSF9e/NP2qW6sVmUAfjtWIqPAfkF9CB9uKd6KWGI7N5aJBp4SYM/B3L/xMcD0Eoc1mGwXKmS5PVeLTCVIdgMMJIpj7prkFyCrlCroipo30SkTpPJrL8rb9dMdWoGUNuQpQk7wmzjG6qTtZc20YxKIWsv462OwPOu8DMn/Yed963UQ9wTklg8qfFc18Eo088WWPu6niYyUzM8aqOLqVQVNUp2Tn71XFP0NKJnnCDB6eb22ZRUPoBwvMYKCmzyFmJpb+ihGHdKE7DMgXJDkJVifV7WqzgTye7cpRQNDYYTesZD3s95teKxsYgxw1W/cs3VSRY2klr14Aao1ZPoMfn95BO7gdwa1WFJDzP0yAm8lKLQ1T1arMPV7pofhexkhrJtm82lItdneVOT5ki05MkU9QmkfZe9xkHfeZD/H1En6vhv6riPd98sbHe5xKzWOr+OYT/YCIXGpxN5aZLwBSvl7Bm7/96KtFI0v62nDVPfnO4/u5WBqHP5aiH18JGZBmqvlLsWh0ZrkCe+L5AGPAYDWHgnbmXOFXeQcexZngfLHrCZBaLNPLc81N2WhATkr3NItQ/ldKyM9eq0webvJ64aaemEJQ01ZtiTwvIgC1/proe985cg8JgjQ2Qpno9lsqlfnGxiA8JXM23bDjGorvwOyvDKu1A/qJD38V265xqJebwu51KIxIXu5ArbWK+yXVz/VethCDXrequQ0rwERH0Z0RMtFA4cUTKRDMdTXl3idDSzQi6y+ClFcogRRmdbY8X86jNAU2Q0M5ONm/9J5EZM9NnTA0pyGFsv3Cz1zV7JNgaQwPF8qK9JDZHPjVCryIe1YSNLaXMNQBdO5+7tFRpmv+dmgh+6BExyi5A18GvfHobk6qEx7lnRJD37lwUcJoyei7ar6KpH3llU35Cw6viim3gr0qHPnDYg7Y8zprPNwndckJfwSQe+NxWZaKRXLVuMbWn3d4OVtccLHy2c/rh2mvCXJEur+XlF4oXeS+3Bq3SHjocww+uqpe0w0OXGI8TcY0/HbqFRYlZSYT035sY95yCsXYAmATB1yItJeGi/ZC+SJJRVyg9/v9yqf57kRZKhGnPXz7Sh49m/cxbBsGD17RTWTaJiApxRUxPhsLn2oM4I8FEvQz2c5eAd+LkTSziZO1Vv9VhVbiGjDLIj9Ba6NZ1tA595HM88COzLTWVLpMP14fsrzWu5fM1Xv+03+UMzWnV9HlZqqBo9nbBJOeqskxva2awbCWzBzYolwBoFazD0uWnNqTXCB0MlyeQniBZKgCJOo/kug7WYjJsSxLePGv7pEcFPvDhsYQsRtCIQNgeXWZeYqHs1GEDZQIdOqCNma+DRuZ/X7wcerDphHuUZcywm1v50CGi0NVxsvvejybuu/OVtiqKdDZj395hOSTvSnYmzphQF9vZI7L2WI3/tTsivqxghbzV2ZWqTU2FJQnC1EbY3HDbVnF/pSnVDyM6TiKKnXqJB43gRL+lljHqWpvz2THh6xYuHCl047KDxQfRL8MtFu6Z3KkCcjt7fGf7LfzfzyP9l7EzLcGaivrgI/r0K0NtW4wE37KQ8fQkks3PclHULNSazzRRg7HlJL6THwu4I+KoMSRdd2thdhYcgQcmfKg4OqcdoQVRvMhkU7+GXzUz9k6kO8/M4YAh9aFXOr1uZH4IuKpRR6XjfIxVznIc0ptJGwpm+JuW9qiLySRyRuIUa9loYxEtrMOWcIwHORJ3aT+y778gcgQzc7LM8aq1y+8ml/1YzEfd6jo1nb2VLd1r5OValpYf2r7xKPgzu3UhPmTx13ogjNoYCYMZgOXtJ+5Lqz7zp29XD/+EHH9I7Xw94nPLN8SX868AG0o7huVY8Uo73LcEMNAdMsWNNnILwUZ3pM7+l/Z4dcpsb9Qi4M2RFg3T1jZ6c7p/5AqfNPlc8131IRyhQkSibLEyUryJs/kbzkIr7ecuq1WihMiOx1j4HGUmuqr9cXCyae3eYXXeNBZvnB+lfjL70fLKhKG3rPoMltOFkLM1h8iWkP5Lvi3y97u2C51w3ij2Pmvjr14f7HlyNmfcCy+sfPXsC8ER14tg5o/7TTV+9ubGxs2RJg+zqR3WWUY2GCzXPqBxu99zU5f3PTunU2hcK5bmQ8m9XRFVEJukfq95RHwKeNj/b0fXDHtEUrwcFfLelT9KGEfVXVrhtuadYp87VgMT2nv3BDMXNwhp6UKibuKhLaLlg/4zD6eezXR+OivQ/Cb5skXjjeigWlaueK+HXkxFGc8fQPxaaaqKCTJVs8/81V80bbMZpZuVXA/O3mOveX7oGfbq9Pk1IRwmwNf3gq/cJ8H7fHjsqkwzmaKJbv6gR/4iSi0Vl2Luashl8XpJPjgp0Cz0sb2C2mg5uvCXRHKzZCWZK0TAvQPmu9yrMqCt9YTCZYl6wCNo2blZPP0VyfldYPWogXmQvRnpPZY4wgXHv+/UvHFZSvXR3XlX/qjn4Up4HimaqZO6QSn9GIpwLhz2VpW+Bov6c0An72faLpT8jZEFFVr5MF8W0dLZ3SaWhBNkyZl5LadW6wX4nPDVWmQ759rhdYUOlxk+oDTOc0CccUSJPRkdwzCPw7NP77UuVFZ4owE0j+N3OofKTve32J1e4WfNsnCFshQrokiinP4bfC6nG/X3t/O4nI3PGp8E4htdny0ufHdU/9KAr4PXaJM+C9nyShDgmMyV7LX5aE5JVRn9dxfxyjX4qEdHrYKc84WQG8qUW296wE8ZDVMpb5fOiIHiBZYJ2/WHIVIkDlVyHV8WzK62KZn0xd/G7xd4ZRnjHCvH3qO+LgnLXM36VHPy53/LArtqeb/OGXR53yLWZAGYSS2f7/RA47Qclv0BhCC5LqSpuqNAxQeUzYJUmrYgxaglBSszpfCOVMKkTe/GWcxv0alogtL2AljJ5zeLs62VdOIRQhP3JRfe/3iqMs6QKlM0eaPmrsfhE3Ap5VN6kiSqprbrKIAszpyV3p2laOuMXWXCGyo94iER6rgVIVJA0wb5ppPIP3L+H7l+5eGWgdhufpJMoc+r6pEf/1j9M+oKE1MdhNJTs2RqjarxZ7nIOqVD9+T21CwQ3lQbYmNjjGgrcS65CvhYgwT3FyWjTkOM33yTfYrGfSaFjIYU3H7Qed2q73Pl0+hYulAUOPfjAcdEDrvmXrRLhwIkHXKPDnpCCNeJ+e9aVpRO/Hz39lLwzRBdV99YFfSH7fy2VFQVKLs2I2s95iHfQtB62/G8lF+9F4ivbjwmcgjbOZBwZxy6yFfmAlSlZvFffLVtaJ7RFmoXy3e5BXW6EcSHDtVRdQJ0HkG3dk8zDnW5YXm5ZEOTZ9+iVxslw4E4YZF7Z8N9mZNpaji0HNeHW+gG4PeNz1ijuDAEc0iVu79+8+epqTvSH643D1vYqNBQdI2PomQgq7oKLyHRoH/OS2/FjoMzfsvzfDnTen+QBCZIY86113mdWMl0D5+BeIfRFHUVjj+z2FDpn2AvdZsOgg40sK3xPQs72OxciOZdNMYtC6yu/Ttci3i6Yp4LQQuYUbU7Yhp01mWETNV4YGeoxT1O2TFhUfFm++Y7G9m3NDJW+oEiHoeEqc2akeybvOYwDZ8MchoA4TqfSENV5p23zyc9o/Mw4dxn89MA+2lvfX6aaSEfDNaojjRIXMMyDr+tw5yN0UZd6od2+X6w0qkZq/TB3n7JoTgHlblGmrO0RlDEEU9rmAC/ruY8w70Znef5DOhryY8xTfMHyWINkDzOMVIyx28rx9IIXL6fwazqgoPRfznYtukc7kKeW9lUjt2UsLZx3P9KUvGFxpcZmgf/WXAXhJx/HBaZ2m15GbKr/PgkIFFulhhIwSKMmtAnBnqJ9bRPWlmFbz01JXHucIsy8JpfnninxbZhI1yXffjtEoIr5HNRUNkGDEV9lVYQNRsABIpMUE3orQ8Gim41+/z5p2SkqKAsnKfuP927T9Zg1Ux6+fphxrCbM1wKijnxNkfPLpSiGmkc7lktDtFpUb23NQBDbNNoySWItssUXJsMBGM/16JwQRwD0izKwSWSbg7FgJZeeiwlX0IX/YauDldFI/kvhbLDoLW270hpJ5mjAa7/ikKv4xaryUYy0O36H3rqSGs2LPJ7b1hx3vfxrvefS6X2fRzdJ5o7egmAnoewE3t86FWo2H5CCAPpsjBw9qO4ZFj0yqSBNKbKc8zlIJVW3VwnHAmPHRZC2hEKosRvXvRyCAcTqwGNLxQsv9JGnCi4HqS/+fe+UiNYcRFls8snRMlIwBrKKpk9XXxIdM2UDgQhQwP6kCDJmyUgkj8PvC0K2EvCLoVktV/tEz21o1IIz4Cwbx8C+DqRhNnnUhH7qfpx1HWc2PhpH27Flh2sPj6TUZP9hUgwUwPY/PkLeaQtrtL357EvpVEqUDjDFf6gV83nUDIVn3IMoxwN3X1ufXYiLr0HwEtyBizF/Oma7FW47bGagn3Eob0jOMl1p0yNEnaO80noFSF50BSh/QojTh6VmySjwQ8Xtz0OHeffUZ986/J41UrVu/pPVR6YlgMT1OPRAiJ5CznkESo++d/dsN/aDKDH5zQz2wqEWy7PRj0IuMNP7Ly/K+OJjWOg8y3q8kDwLD2MN9xjaIO+shxLADuQ9+Me1GTOEf4rGmyeAVcdWKhaSZ3smx0uzwgI8x1IbnrcnKPkWYuwqkuoiCA0qyRxCRPdF0AtXUE9HlLEbJj1p41eCfGyrwffRhjwfZj4uiZH4xEa7j3ouFul5yzC7t8rov+P3L4rXf2DP2Bxzap9DpYDuDNQnneREB4t7xwFCPA/XWCnuat3CQEJfA1wxUM5AkAqE6Ifb3ptbvBEPEfMSeW4OlY06JgldfvYg3LKL7jI777rPugkah6ayCmd3UslrBOBGJb5IGusXInMpV9bdp6TH8SSYFKTCOMdyVuPIT1wGF9s90FB95+dhMTyY9l3T4BVn6V9d8+2ExVUWUPIcK+gCkcIIdfqFvwzue+mlcf5teCCnBLqVJDSEkIDWNWv53QrghSm1JnxGq0rRX8cxa6B7rmx0zXJqWLSwfT6rhX/lDkfBbeQYA9GL6Cn8T8gCeMDkKLVrGr/i75HNcdirGMAbe0WAgbWCk0DmPm1XMY5JcJPI9Z6JHSf6aN9ie9b7aqoUcKBKZIPELhfu7nZCmwvBZrac+7+pTbwRAEBbD5wkNT/79rvYg0YvPsspx6l5D8lF37ZVi+ww38czzvE+tEWZpUAK302b1Tfzol7vM8NIK4AX92GRTHY79cMYNol7k2/wYJSwKDygBYaLUFrNyGN/DKxpzdchUPD27JdmAguQ6pTG0b5z9mYPHnmrkOpmx8pfiJMrVzOXRshPnCoqNgBqLo86Zc7QGavwUlQVX7sEoFUKTQN5DlTrPgAYuktbU/bcHdWZO0oFjuqjeg/U7S9O9LhY3POyt5gvSU+DmNv+pWuASyap6tf4kifIWW4g86QWYFCGj4FeNE+jCbYlHqiYUIW9OBUeLQ5jAahbs0gcO6nOfNo4i7qpVXgMUkwRh9GYUIG6O9RTWuzsX1KtB8npq4zzVZ4BavEJouMoM0ilcn6/RyeL6jxDl1LGQjTEnDorcURmAeprlcluu53w3gBynpL7vqPdhQ8JlLBTalEyBBY6j/hvPZtFfXVizmZhynhU9Q6srIDk6zMTAGqdvtlTTV+oun6sEnJcVJstE/w385v/u95P079VKKDv7qoFMNhpIvQdpo8fRvCG62Bn17r4ukOwajQFOv3v80auH8/6lESfIHlwGVkfPEBs7Q5K90ZCqWmSNx1Fc1wbLZhFXIWwRIU9r7u38LWQDvynnH3BrN93L3ur0bzRRZwa9vYOP1PmMnfXI1K2INjOa5OEiiBhl2rpL76OxYRHGbzM/wfcdGrCybG6Rzn3mCqGg6VZvlpeOCM+sg9pubRDDhKe+VnYijjlNbO17+CKS4KB9gTyxxHIldvpzSqQ7M0jm+TS9pb061tn51sJL3gBC/SIOMqZ1pMnpo74qkAZm9ijJVSts0G/PYIev3454XhZhgsTu1y74i4BMN/iqCWlIFx16iirt/eUSD0/WhyAFSAvcszz+EK6gh70eI8aOieGuGhPl4ykPWMlFwU5XiA0mSFDnlkfGSiezZ+cDzRtXEFi86ZF+DMyQc5r7Co7Zn7uD7OLf9Vhwg/wZ8GQpamhCIXeVbfq5QsR0yKhkhhkQSLCxjI94Zww43y0T7FNa44HW2fsL2KzaR9iAStfteWuR1uYZ+JlJh/d5pa0rafw0X3UmrLtA0Jdlwuf+oXPDpki4zrj1qyBICvuCv/xfbuObZ3Kop1JinvQ83PNqVn4ef1dfYdr+/t807hhAZ/P2gDhK4X4qZvRMywOtHamvnLrHP7Z87D+w4GuonzVJ0aJadQEWYcSG8wIqEaz+BaKM5V5z/vmhnFwlmLSFSdVa4ccsKYzkuX+/LrlN/r65RqY7h88XQVKF9X/jr8rghqXLRKS0uNOU/QvB3dGY2o5f/o1+krcmghstJRkJktXrbPN1SINKqHZYJZKBPCxNFewGRPE4NFMFsKjQnnz0nFTDOWTqMoyNJlhKfUyP3iVXUfZnqG+P2mplAlSCrGoL9HIpxx7F4Or4Dbu/PsbWNdXeUp9azX/w2oVwygn1l2tGQf8aAo3KV4G+7EUbde+2d3FA1hu6gFDPfoTQrwkL7zZzCZIW3Uc7E3jBiLk0TAAPaXg8ZKzzuwGKyk898W/JE2II+F4NCWp0MimkC/sz1tT6l4AMAlikq7gQo6xFUnu36i0bDWwJkuboRB2AXUqx9htXsqIzNf14bOUxbhsPb72WinH3Skc21w8eo1w/Hw3/kpCKEfwlxwiJsBZcN7Dff9D6JllqXPvpRdDyb1blrdCKqgdnQg5iLLRy/nxg3FqNOhlyVskVx0zpAQaVPgM+yW6Qtj1XlI5v0Lnx1clY3axGlUtTyPNTd584vVpqOMsODuwUBYgJKSPBWHfIlBvk+J4vHwxi1srNDIaEqsJ2fCJttpvd7s9NI6a39kiROv7vv7CfYMWWyyQK0GLvPgczu5AXcQgG1LWIEwQYK1ntmN4QqXkpJQrMXYEmmdovbed2FTxbEIu4Mzxc78ehFdlwG0aefuH9UK0jLKJNV1tmj2d4jdYuZQVmS5D/vrUghwnNzBnMV5z+TqqHSkxVoAWCB7LVCIZ8IEE4gcRpTP1SfIKKvSwuTxKPGTnftx2/2uCJSSsPS0B06hmvbiBuVi9xaVrjjxo8pq/jR2MH/QueMqo0FGvhG87HiUNy8w1WAqX6ZW8epzwv5LZcWHfIZaPlzPmfjWTKnq9/cQ9VwE+7zhY9Xs/fXHPKDXVRndigzl4Q7VWbJ5qCXHI0oS4sjXzgiWhbuc+kcL2DDRllFNhynYv2LlKum+unOCTiku4lQEYxh4RF+y4nXXz72bvZmqPrPuJBmyG5bl5QNLSegfaqipg+9iTnBqluveXeckvTRp2Gm/meiF3ojcGqtnbBzTlT64mXjKr1nbabSb1kFvnSwYWPE516aFk+rsKRfpdZQC9RRNi6H6gxBa6ezT5BUbr27OPbagtWyodXIMMjsvax8Rz8bsO549UHO0JrPMutj3Gy+ho6pIC76cfH+/76O6WyZYdt+BcEC9+w6Z3VnFMQMUHF7dfy0TV6KmSfPDsEuQzDjLUVJtzXmHh34lzuyHlewsLs7Oyt+Kq1Ymz5PaGjprjcLcJnN+KZ1dqIX1wmHFQhA9TlcawGqspPi1ASCz6uANgEnLNKqbF0Me6aFyEFac8V2nuUu4HXeJwparnEdi548ASZHuxfb2PRDyqhZ7wqob5ntioABnLCYTG/K4o3GW5L+B8yn910E3B+ot2ILeVYTsAf6IkV1gjsfOGyL0K2mn+jizcsLawbJry6cjw8kWnXgQncTIInSg4tCbxdvWKPnaxuhr+hCMYctcP5mUisF1hBoP2BFqniIS91T8GCpJXSavClEHP8PyXTRV5dT0fgu9+uot5QogBHP/uoq37jvHGTKvKktB8hfd/+FCEDc+kFsU6ENFxOue7pdTTbqmj9Wq0aiu81gIgPeUpMLY/CZXKNgZn1/iUfoc1hRshJguQX3QHJCTj6Pv8v77+Umnm0RlmNsotsyq0ZRxv7NKVvDZ6PRGC5g/6BZ9cbjrrh1kSYPT0mljCQJ3z5afh6W1TwDUbcwgT+QYYGG+tmzr8GSBJ8YOezvWHTHaWHHJeuEBdgIrR36tHgT3YcepyFvGFnTh7wmPVEPDnW9oiW+xbNcYH9jN79GUnH3bes1WPHnnkvbuCYa06SW4wLVHlOu0JYqV4KJ/U+DrmhFk1qoUl0Nzc+Ge6bFF4aVG4nJrT5D6suugQq1C79e/Hm9L6l1D5cMYsQdLGLhsptE7XuKqM+eFkHlX2YN2llWIeUKep9n7cCd+CcX6htWp5x/SHtfNoQtfM7HJPgO5hYBGUNNfxRLP/UoVSP8z2Ti6puTORBs8ANfgqHFhsirXxW84A3vzy2x2NRuflbG7u91iZrqOsxcDpbsZT67hQMdT1UyTJ6P/m85gvtF4My6WBmHcaQkWiYYdjOYHMzwJvlzklnU5VI0Z5g+mnfK4zadf9cac+SzRj06IY5pXgkHEUuYFh2Boe+5mE/rA/heSyvMG3DW4c8QXVginhnfnvS+xVBEkquO3rWPJXwXdiMxCN7R+hHaJ0GSsT2bkbcZsTGq2AgYyp7FzRXXJ7yuXBonykKZ1nb6plr0khYrVoLxBt+AT1SqqsHwxv/SqFONyAXhjpos5ckT6hsLcy2ksQcswO8gLUvUcjzFgNKRbglwPFM2uAQNHpwus1fBq1WLn+5P2CVTcTkdfQv7EItJPTUy8OP7Fz7IRI6acAXxyz/W9M1zGWugqSJj49mnnjQK010gUoJAnj08qhJzeZz8qhJvc77s81nZ71bTxLfltJif2esJAGY5QWVoNus6mnLsMoexcgK4E0dsrSn6hxdhfKkulO0VxXr1rGAk9FFZyfz82T5bmw5Tg3JBtoSbESw5Q9G4A5x9r6DTNcIk/LZt0Kldw46hMGha39rjgzI/V3rkhjLSyfP0NAM2nJvQXo8/DrdN8+hxsWHymt92pLpP4yHTDBR5cQh7EWYk1tYhAWJNcsApbiLH/EQImk9ekUIsisgbFVpDKOVSHPebScIo+dCP4odwWlTwwbrLxMT5ykPTtLtiqo1+oe0kqHbaXWrxZ2pxq76yWqHML8z2YujWj/PD5UnSQ15JsoNoR08sqX7TTng3yRR1fIlYdO9Q0/2WHAIlE7u8pbf5tu7dikPXR9VBqfYKLb/sGtmH3XEYcYmE8Qsz6N5OKjfGsZ7kL5JIjRbZbn/JkzCouMN6KZy7+g59vvhQSyVLr8iezBLOqepqWhMKrdDJfcvFbKAGwQyWIc8FkGvcflrMA4a0RVn2muI6iMCa35H2zewZwNzhRgKMvwCIei9iUoM0ENPtBdxS/E8RMnjerdcIYzrMHbiwpABRI2c4Nvz4sS+xhj0sc0WzhQRkSt8w5f94bzRlkKXWN6c2MnZILSrhm94VZ8VeQ/ceNmnJ4yXfuyOrvUcXi3f6jKF6YyZIsEPFa/XdZr2w+aeqtc0WUWKWWXXOrMTbH4QEL+5LGsK5U/b7MTPQ3597PLCHsdxazEgeDq7A6aNNS254ge/yTV/fxGz8sy9WbmD+WOZkD93v/X1LbWXhN5CJBfNvQvmpU58MxM79bmBxQKU6AWeGrk+BwOlcGhDBKg+MC41t5pgv7HV5M8l2R9f7dxWbPXwjlzl++uS2UM/7UJvu0xtv53tR//Eou/gbX6MOQVOw3zxLjYMfGDlbZsZD5Uh9P0EYOS/weMlZ3Mcoob49Mkqo63jq+e/ESOPaSUPI+efvHX2UZ1F7e/0gN85m1XMztEexIvhhQwAwOebNEUE3Ynvlz2XIf2MTodZj+keaJO73CD3whHK67j4uTvMhF+rOi51YUoah9Q52SaOnj2/fuz3gZf2crJ2bL5s5Dn7LQZMoprH+8xkQaqtAL20D5c7/ud8tT//ojruR7br7HkI07DRerpsK78E7O9cxi5HI8Wor8zpAnu5PPp7xBb1xbESqUaUNN/mqYU6GCi0K5lt/313DLyiaIDKGrGFwASczSsAJ446aF2J2FHfiJ5U4xhB83u5SC2C5PUVk0m884y4x01Mfuwj7Xq2GvfGHgunvvbl/ME5xbZApjN0uAyQLJhnBsrK6gc3NSA2/eXrI/CjuY/OEJrc6GSOLT939Ioe0YBIE2BeftmC1Nj1BMAci/j2x4KX0CtNzRcwQNnokLS8Aoq536+qc4Ih8lePpkEsoNzmRL9dyEAhNwKuSRh1jAJ4nh49T1CQ+sE2CqBOVvela6CarvrZJ0Ncpi5C65qqSo6Ba9/UcxdLYoCA0etvKP79nunAkKyBy5S0MbAgTecV/NZ7HnzvcdSw+nQvI8SpFXPt0kxACSWlaj33qgus30vgclUVNiuknZkWduURFvHy/OhfYPFK1HUxJOgqQObpol91OHkY5Mo9omQUau8ePaf642SRBijLFPGm3QNXLiT8y+V3x/RQ55nCT1M78HXcHLWYdAn0f62k8JIyYsQavT62xFVdbI4cHURd723MPVcylwF+c0XdUSeWHIt42D8CXneDaO3W/d9308i8hxJUt8Jr8f12ENp7TkdJm5Pro8mmekO7c3XQ5DgcOotQ/tYK6rYg5jELew5K3E2+h5l7lXV6H75+vplT+7uns/dqTh52ruyneyXygbX2p1LckrEjYohIXm+k7pwJZh0UJBU9OpcbB/Q5DdiNeLcXbN09ThFpL4j6+NQ3bj8KrIXABbl6I+MWcOz+uY9Fv1+QmFWXPV3Nnk7qR89obs4tRmuMecbN3SQudCgxFuiQKy5t6/SM0r/RQNE6/9EYIskNxYxvHQimyhYSd5NebfvknzjF8hd4TJtYPm+bK5DiXbWWNgi44mRnEoCT17fCPHzaMnnhmxeMX5JgHsVI5Tok1z6utNViLsybrU6eTqGp+3O/grlvegSoT/paqhekBmtyHBLb+B42VGcs9DrVu8xkv3nI2u9pxzUxXm/lFcF755F5T8ZS2JsMOFXIFFhTGqNXZPUBNfkMEYt+P5qnf5dnhRi11hYSSAx0esV2ptNIE9PBuPQ3Db97mgNRd8ZNb16KyASJXuhi5NCOgPhnSefrhpPf4XwELDZT/yX9t8zK51+6GTE7tuFwpenfZhTK/72NTXX9ygUtEk8ZVe4eJDF8035OwPvmnIdZJbKjZ5CfrJa7PDrwzBaySSF8p4ed49agFK48iZ/6OfuH7f8LnqgeBCBNdxOHQqghdXqYDo5C8vsR05Yu2iMm3NaHqe+r790N/v5n/aWTlrO78+Yxk7t7x0yNgTgknO1j/WCTFxB3c8puVgNlX9ZkwUqdTtVHIX2ZQCUL0rAhav/SM0A4lNAgZilE4jmay0DZxagfnjtEZzGQEqyjgGIN1KXTYyGUgSMXvGBqO3UxCbqVMzACl8IurWmIktTyFkuqiLziEPrpqUh6Yk2Bp6PlynfPT1/I5WQEJKa3Xm8+6IS6BTu3uHxBgsiOn3uX3ZKpi7mtbB5zHOEl1RxvtCBoX+bUYVcuet0m2AjiPI2L3I56N3kiYrCOMzTMcYfFrBp+Nqd0zC5TyKslkJkd3r+wA5rF9+o29QBVL1xRnIA1XYcQ+f/c8e6n8Tpaa00FlZaWE5e33WyESkIRZ4ugKh/BF7XQD5eZwce48oSEx6g31uu9hdx6X2qhySy0z8+7kSK05+vXzYx1L8XpUnp0548IMUd4aLl+KcAoKIkcpkN5Bv5K0l7d2eqStWcGk91QtvGgBok0OrX6pnalZeZ2H3q5eNCbELT0/bU1J8gmwJNG2Zq4cA4a0/ZXyx/SzvySRozvne2thZDZRdD5MaOfz2lCuRGD+dr+r1EsH429/O8+dUmEZ/3x5+sfexLGFPioZ9StfMKfgBYhV1xZZaq0VEOCCtfbWDEeFesOOcp9gE8fPbDpZH0u3mvewvEEQgPBlr3tX5GbDGNnmHojIjTab2XUuFisHVIRt65Cpn6E3GbQ3+QG8VHGl6ZQ/JzkAdVNeXOiJOU3vy6pTm4M/SPIUnwMfZYgyWEMjP3806V2jrPxVp+k4bXfc0+MLVUQj0NOSs++75iaU19l0wI+p+9rvTYFivfTr6LstNbvvHyhwJ4x/NRGPSLSTXQzYFQcMnxz2lBvDcXKHfnU8at+mQdybhb6ECVSLnfN3bAIcy+wALod4JTKkB32/2nSiHLBvvdG7NbQAVCQi5G88O/XJdiGVS5LFvq8FPLODzURunu4/NenITZ6Eg9xqsyd5IO1KQvGyC81Mx8wumPFYr3a9nIktTjws4Dzpi0q5CkhyEl+rPy1dSWyBhgrj2n+PgivRFZQVXxswMcDAAflWhFUgxvUJI4+c4McpxJqkdIVwNU4++yf6fLDFYACKawvFVPFDZq750K9EPTfjH8UpbDV/DuwcDFMp1UctSIL7JbecVH3ehhfTc8za9bwrcsn9C/ZmW/Rc7v8NfpZUcAb77bPWNNYuIpzH/pDvQUDqPK8ki6ooDtaw0uTrMCwqf7RuKT0GEgWjga0PbCewsxgKB4mQu33afu53uj09WigcjU4O22y+kGA3/hVvkanLaNGpwYtAl8VB/jYDND5jwEFyigsWM90laElxdu5SH7K9dk0TKiVx5kJmRc2+sD0Y0uhkqq/6Yyof+6GVsjzM2Upp2SyH3ZaioXFdvwkfRd7exUSPAF3e6PLfFumLVm2XOuoJe1arYsAF09LkNWukSu8tYkNcfckxmWIG+8Dm852up5GwmUuBfY6zrh/25FGzpj2wiCCfQB7H668Tp3M+oGHPPG1FqpiQZ4YecDc1slsS4A9FCfZhOj0/Tnr6W/HATq7ESVrNotxsuk6kT2hRL7fsb1AayyEvRbz/r46SbJ0T0NVkCx/A2ujHoCEB05cav0j6lu5/4TsyPXQ+/QF4IU3OoUT2jPZNGjh3iwLZQA5apHVPRZVliuZ2abAoWbxqj3pSv+fsc7utxZxwCWRovRF6Zyshojuu3p+iNFZw1rIUxGuku9dXj12mlD2mEGiYDNVmh4XBsCs3Lk1FOdOFLMOaS7+FiH0hHtxvYuCyKJsd4Qzg8KQWRTiUHeTcp1rr78OY1701SIZvGrl91UrA1f+K/da+4Wl0zr2/gPi9wglaGACv7UzWz97SUTmNXrsMyJ9ha/p8mgEYvCbj/9tEXbMGB54N6jmPFf2HC6Wgzhj0mVy0e2uVD/6W6btNIxtn/8KqY5hD8dLfdULUOKOJvrNrUkyd9P2u14SXdYsFk6FHOacWGChfW9sy3l75QHzROf3br85v3rkjCQN1uQ2ctqSLE6rWBgJX3fOjkXfz4CTg/rR0Hg4Q0MzLOEYnEFdcG1DwgUGTTF9TL2hHf0mguetOdJKA0wWaXjcoPlaBN1sCxmnDPjnCHMv3f44p3GRI4WvutuNpIXj1j7eZoC42fhPzJbQwrlUbP1Xl98NNc6855C6aGjKARLp5lUtcdvlQD1vn3c+rbZ+fh0Mqr9BpnKh7/zAaI/UH1dh7UezkNTs5uxCK4CvOHS6LWr9RiCxBLqdoHFt2+t7KvJ8k/l2wksDSDzY+kGdDoQkbPlnV8hdSUhjU9UJfZS9MOUttjy1kG6misia9a/P/20K7fca5JSiOq3a5sfsSqtSOupX0OOMFH7R9TrNviWl19cHfoy8/p6acoLyKhrw/JdhdvnCzmY0nC190UawX/aw0emk5ZY82OjEhl16RpeXQuVa6w0TDjCW7iO8BBsnHuqejNnW8FiIWSHGjQlcTiqEMjoVcxvTFchq9QyY2qXrUPAqxOvoNoN3t6KAQQ+sbJcGqcVDjCr4M2RIzXpK2nKLkl+zSnVUo8NhYC7ynseZjy8lUHUSeMMbwucgbOEmWxednuJLYsONahHJpL0dHTLlihfpDOni0hTeall4d7l+YuTGYw+M7KoD96PrT47FABdWG1/1GUJYyQGzdcjXDOS6URjKOC4WPLEO0yIP19qiGm8s/IV9lgmv+p355boY5foDksrirnsPBqET4sIplAi66pI3/tRi1BUzwJ853YDI7pGT5gmLuu5Q9G0ETuY67JadzXb9s/NlJoCSIcgEVv/8Nmp4pNJg9v/fEgebL0Aa5TPwsZ3ODRx9QA/BOiJ3eRhayrCr1gUM8ddCL3gQJTkY9XSeh3m4IocCkIFx9rZJF4mUfNyXeRQ3k30gZWWwmavumlUXwHTUg/ubWX40GynlyiWu+OkVjW/t3WDe9kwfD6/AouMlbUNeTJ+NjXw8w1bezeymhxcUMSmIX9gd9C8IPGq0zl1RFXvIbjPXJCW6ZvEyFco13Z8lgarcSh9eusn08I2eKeGT5+5Mh3smivf4R2OzdYcst+fgrWWEG0r/TksfDFURjzPFrXXkRAdmPJs1tgHllFINIKJH9/o7FjDRtHh2MUSLa2FvOU5zGd0v2vxwbtOBd2DbPQDbfavR6bQUFcd/tLD2nj5A54TcJwJNb96400P9Xli6HsHGeqXt85jTygM2qAzxTN+Cf/JjCD/59Y/88tDIb4CtUBDvGvvDNFDWjofij0VYbFVo6B1nLm5ZCZdv69CT28yRvLGZELcyohEfNi23dlvmHIrjEmmh4ID0KjOFbVCspHvvQb7IFUYCxWXv97biY5GwY3Z7vHM3MvrldouORvT8yq0q16OrXP4HoPc18vs3vgfsCcSLrMaLIHoLDeVmgmQBkRaIkBY0tTxsYO4a+7FvK+pHaxbq3q+Vn6lzYenQvALbvpzNeD7kuv2Q2r9JzelW8RtN3l03kXYVgJ8SXb6y0G2rL8B9G1BKwPmLNZip2M5Pt1wcQs+P4ej+FvFh9CSbqhbJynxbngdXfkIS8n/Bs+8YeOevYns6bb85sSOrlGul5CDNzMm4aZmg2FaZGtYFe2VfW1/1IAB5fFMrz0OTtLDUYIX43sf8NlyeOVhVD7/4VRJu/mZN4CmAyLPgxv1ouaaaHXdn6UJZoammJeCc971P6UfLZ4xHoHD2gEfNeu/3UcxwzaD+Kjt+c+lfUNcSUVfda0Re/KVTX/YijIParuAFmDc6xWPRhU1JUFLFDRswlGBjmEkoqVptDcyFblEsW5pWct387PcLYzioP8qxsqF6egykon7Py/ZTdFkWNQ3KPs4rbRp8SmhIz3suQK8UmfoQpyMGJozATyd5t51e9m6b/EK37gIGUo6fnd8Zi62EEi/AZitt8YKB7cRF53j4l1wDgGFdSNkAuHK0mDmiw/PCVSDssUUH+WEJtoUYufqkRftG39CywvpICr7WcG0n+Pdn23Kjb65YWSQakDtP5ilEGuPQ1bM4z5Lj/2sjiUQUIfnKv95Jdjnfi6hZ8SaJ0WsCrIC7/0EokVGevJF2xLV0e7O+wnY0H71CXMiD/G9BZDjKdSfc5YIA9ZWD5tZxZjDFXhFhMdYQ0MgUB9wBJpa2ewGeDpla7tdvdMheuVAi7F6iMA0nQhbs1m06CYy4o6bchX/mS4tKVpbdxr4SnokGh1AfJy3xAcgvjyuRpT2KZ7xEN9SLDAOJRYukoWJ1ZO9kJTpv/Ald8kxbV2PhZOa+hSGxu3Pn/fWIzJC43uczs5prvPkyiK6wo07tp0Hvhzhh/BV8hrLZZtFCnZLwv92y+cFVr9SasqXRm17WLPl787NC/iiLRYcDfSZQ7Gw3UHy2xlG5wKdZKlXZoCI0fNo4EBxwBLM5KKHV4GcYJPBXVf1so47AyzeI4oERn9A0RakTBgycb1DX9ftyLs82Lou1EBl7bSEljU7SF4eXEjyw5SekKQ6x4eb85DqwmDtviCovSKLXtNP6kDsTdmEB6m9QGOvrY8W0VMw3SbnLRDmdRdOeF2sIdz2bq0CrEerlbbwgD6Iws1yEJD6+kV5z+PVgX+jsDa3Yj1RIqgTKg2GTJ14CkqsQAnHGb4XgHfCzqDjWDPLsjrNuVIGL5NKKiv4nb9xIBfPBxUWG6Te/zqFrpcR21xtSuezn/ixns2RP1PkX8BinhBfhd58IkSWh3Ski3KLMop8Pg2cSH2UXiCMsOAt0FQ8WnrCKHLWaHthPldhMCNcrc0O99ygJOQ8CHqf/9Fy6eSLEN7l3aHnuWlW8pkuULb040vXs9UhnTPbzuTE0nZOu24X+UR0zTQZzxSttLhgTYJfGyhsSbCEWCu1KXUAfO2gekgtNiAeajOhZ26oI6nYV4pOKfNujWOcjq/x+3ZxKuetCzU2fLm9LpBO2VNX3lvzOzakhncRhfr2v8n3NS76XhNUWK4Ki50XYQuSmw75xalnqOa9cZ/IuaEdAU6TnSvYDdjHfH7R/1OIY+8nUC6MINCvr/h+Szjuaze+P4/YupWpXWrRGi9r7UTNV1VitTdHW3pvEHjVjtZRWjKKtUnuU1hazoVaMKqWVEjUSQWL84vv7I+ckTnLOPc+TvO7rfT/3c7HlJbgsyx+ICLi8iT5Jc64tDKcJzmHr9v5FaV4u56j5IeMnymsorN3gyQ1Q/Eljr2++H+eDgAeZDq5RcQvZDTsMHQyfFGYHveKzF1K6kkg+q6tlISYnT2TdXxvoVDPzvjPaRT2VtahHN8+Us+ztkt6F2VPceV8qzvjC7ghy3gHR/ABHloUWQx68jMX5hudxeZAG/r0UWUhMJu+WQrzKkgEhcm6JBqj2JmaDX8UCH5sNaWDK54kA49GuOy6qzQYT25Ohh83fxjTcpYNxYYrhHc2pcUAAPhm44dH+DOPeDuRNB/NWHN3/Mwm9If726P7td9jvs0Hp0+VH+TrAHidIZmciTpCVGGjIXyJf4O3WO7QPL7jjEDE4WxXES8ZIzy8m2wKUSJ4ky9Go7/gOmv4TA2FCFtMwcXrtT/hDR/jcz7Fb2b0sPhp7r7Zwd5KgrZKeibA+BfsRPbRLuTh29WYPILSjU8JGrQlUomE/Z3Rhqz/6eubYVDABG5o1rbarENuS8crElxBC2IVaiLD4eflHR4l/HUTCjMO1X1jIw2H3Y0DO6MrbXZCSriIhpMYaqaJQvTnd+4jHomC+YT3INSCHdNa7rIjFvcoDcKNGmB3TkXKiq+THnVI0WKcOldrKKlCqC7oM6vx6Lv/5mggNan+Fu6OhNKhrESZtKEFlFoAqaaWzx2+UVtmIKRGHv/syUGvTC82/auiq9+AlWcyufOryzC18Ff1iVhBzlWJfnqpChWOfQmoy1iQomKWD6nsbk2AK7FFBNzDps/zDjfvia/xd+qQi9cmukO6wDrnrDIKU4vrF58dUZpPy0/xz4sa9AvL/fX5nc5Gv+7ugRtL666utROR5PSjgRIe5BHJ6CRZYXDb+oT2FkmRJGZ7LAU0rJ+br3tFjhQnyx4L4RckvgIQsjPCH7T3LHNqWaN0+ILREx6/0jzq05ZhliS+QQhDn3TOmmYWNe6WfBaeAWZaiFi3T1LIkYqJfQYpKlt7GCey94mXKO/JbU+03AEyXVw2qOl5WlB3Xg103uBNT40QpNb7e8f7kHTrVJjm+rLN4cMoZpJahewSy6HbDu7VmLgTZ5d67kV511XbwQtWOdSbLf/E9KOnKgcDQLsoRq4dm02Rs11prVV6mOJ3wkqOKTH6inC009AtIzKv9r3PB+0iAp5p0vXgy+RW7F/xBf4RN+Pq0siqf5rdTyoUvm48dqugOE0Yvy6HBVLD5e//Zg74pbM9ipTx3w5mXPI9B4mmIvpVlqrjzci3cS6LjX6Cbm1WChYHBvkkWZCgaUNQ7j+3XiyF+5Ud3RaWPon5kyu6s+64EXa8jcW+ACqYevjOMh1rjlG98OvR7IE4FsOB9a5OKPkXEVPx7fptNxagEku6wvbKqw3h4kGHDstN65PDEF+k97GjO2879InH7TkK3jUlk17PczRZ2n4MfXUagyHgcTKkelbfZyfibztPJQfqN0eIOQlopOlJS80Sx2PbnvudwzqYE5FvediflZTpv7fJrNsZhfcEdct5s2EqB+MnXq2vciw071gGXt33YeunpvVdzHDiMVz353O064PN5csakezfczSgCZezook3RaK4jEW6Ko9yK89V0s4trziPzNcZQkRhgVnc86XwZLcCeDUaz1itKnFJ89OPyExaiwHIJCkgtgcPZMcIUoP82Bvl55dEQdcXvIGxOv5+fs3B/NriJu/Koz9JsQW8SWrHp3v418w6IfU/mLu6Va/4f4ffYbCGEzy1d4GdDteARZjLibet6RLnBlZITwEu5eo+Iwx3WSeEVMFV9Exv8RxvDBz1PuBOtGlcXo7rkwY8/60jBYY+fw7BP0cglBkJdjiNIbbMW8hg4L1Kx1EIefh5zbrK/+VqtDvlleGgtiqkrUPAoDRfJ1gAVfFzDFvYR4Gt+I8rnUYsq1e4CNsnIEIwDCmGxzGdzZuGzhAr+n+ifOwP8WZPhDVEuYxMb+03cHnci2l4+injP9SP7/djY5d1MuEO5WWGhR+AGRvT5aJD3RdtK31q4yY4wEtgvR4MZj8nQ1EWLvlaX9lFcyYSznsiv6NOT08t5xUvcGRQXj/jDtFxJq/JTO9w+NtIzGsZ04dxoEmjJVwJMHl66e1g88ClrshuLog/dpSUVcIeoCvx2hNQcmYPsErh7Ac6T47D2E85g2N83D6OPw6UuE9GPXU9Y9uxLJ49/7jyDb/nyQXkIvQ+6/PAqykYssbhG39bRr73uXsprAaB/hnqDYEpiqNSIfr9ViAzW94MUDGyp7fSg74umcUD3BfPXXIyfouVb6Z+lZMME/RuGL5LQYwxxm7nMPB1qHDmsP7TfWFWauGF5W6VbjbxJgm2j1HHzUpRHd2tRwyz+7cliaiscN0Cp09dzO5bN9Mh0iiPhmX3tOAxrpBvw2ohj85DLTrC8jpoRnnmTD5v1Eivrl8kU4ignclqVkkHj6jVbcEtZKqV/DK8Z1ppXGQesHsQvI06Ce2EPGBZfDjScpAiBrjTLUcHEBgNs7h2s8/NEKLPmOTXUiirTNt0A9S7Ewbu8Zi603nou7CAscvSk1jla8Ohtr4ebxBLjYOLk98DR17UXUBHB1JGn0kWEY8rOlmuapOkzCkiHR4n3pGBo2b5vB24MioYfJgigvAMe2nESxvl6EoSwDVdfxOjnte36FvFSV75f8RVBaiXJrA/57Vqg2VTTQojYfrWzhZjMdl7884HaJ34gpOE4OYbY6bWoIvKHIildIwI3DqU6R7X37eLk/xVGDYDViGXdKzL5ONhNT1x1KkySf9nWQ3BfTBskfNl+poLYaHZvf/d3CcT55YZzY48hGVodPVWvspg+VTzHTuWqGYGvTSPNE/Io/ltyrNrJvoN4SeabNd9jBMeb/3aKXSSiL54va+ArjzhpiI3udw90jIaLi+7+W4AJwLwMeA8biOAbQZfnPwRIJWnVf3aJjIp7nSHxY7xSzBjOQLg9hbuIsA9PC7coWp4cgZusQ1ndjwsy2A6QKz/SlYakU/OWlTe5yeDRlGBdiNmjVpJ7hwtG7C+OT56IDcyl+VO3FB8XV4tphqpJsMzFMOmEFP8af7Pm3344N1TRYxyJcdvbZapH8Y/6TmSSjP0OWU/lo4q+jW+9U37CH6d/mc5Ln5YuQdH/4ruf4YkxEqzz8cO9LSUbhxq+r8Noagwf9HpsPTyOsFAGAK4kPpdB6Ym8f2WEFyxTX6GIFQQfWc7jYkGO94UQvwxw4jx7YT/c2zE0I8WohyalqOuC5+7DUgLP/CP86Z+q/p93lPj3ojHADQ6YdsjzYpSiSSl8d77mhtKL88XWJCHEZdchHcRLkxjX8jjgVB1vJZEAtHAVJgAvZ4L9kgE5ywL412aPz2JjYIeFp2EF8I56j9cTw1Kp5F/+4d3JiK8QfvFowcjEssIVV0yzx95zI3zQO+SXEveUks97TXv6EXVKobjE04XLZq/P+gKZYAJN+VKxQPMAkPqiFv5mqw7Oc14TzPOaVa0pg/OqLcl8/vmYDw4dkPdH3kLcH92l5L2w8O038hHaJZmHdCg2Gzp0/hEeJ5CkIWEO8+a5H+g4VSMjGuIwcnZcWz0xodSspLqbp7Gvc/q5snu/80p13u4s9TTuNJbv9mHk1ff37eI7mBehSmyO0103Xnv/FMZ9jez5mwnXy0x+qyN1qR8icmTb1zm0rnl1FsfuW6Z60TQ1BrS1//kJ8PvGodne7ufr3CTdsJwFnx5HRCFtH2Ay9nb5HHwjXWxs5xUTve5aSElpkdPdLRk2qO6kddxC9VCnSSqAbYNVvRjqTD7mnS66wnzG4HMQZF/KjnH+3MM835gxr76nAO9daKqY3b/VHEcMyZ/1eT9eGY2jd5hT2DbmOZ2A3XxNdyX2JHPVlyeMLmP1U0/YhlHraErMZgfNv/SdfqG11bM7bLA1tOhV5ppU02X5kxsZus82o+HR1PEbiI+a9qU/NsQ6NP7eUD8xa21klSFY7V8sUifsWhrUhITdUB+cbTvUK1uMrxJTI6pjK+i6YVryi8c5Q791g7RSkgFOqed1KFjorS+pTJeknH6XixjUD/bpmLy7fSqgTv3LqjQ5DIOz7JTEztdALUKGJl1S2Ihi3VecGQan7krZWDbZcWmBeAl1fqVwC61iVAWyfv2dQjLAZuLlpbhkxZPk3f5LhDT4y6HMOLjLu/VbB13Ldb8nZ8KkyQ3677qSwuPIN9qIp3997UK5f4vSlRy/MxNTw9Ms8UYJegf0zCGtslH1JIE99mgIhdGuQVzVmUauw8s41B978E5XXRfcrnjrx4XOg0NBSGEO4uZm1PO8JYWJqXWPXLfv3A/n4d1qGrM5q/N6UhMuWrJK6odZTghOOn67P4sJuNEF3wIOOiTj7PLtjVvYQVjgVeRQvebWnV4D8C5+Tq4DuhsbQ7a1orzM/2ztWZOq7KsTkyFSlyWKTMHwibVl5VDPv+9hIR4+/rXYhI0k/eKRFAA99VZQUfETPE5ys8EccfOPKSzNPNTAlHznKovfA1dwhRuTufxMMNWU8w0bYpXE/OodWfLfTF9uTH6HfoDkOT3Yr1M4P0+iih5mvoYL10EorkU2ehYbYU+vm9IdhGehT5jZiHw5iyS1/ai2qirjR28CVKJWW5xDb5ulSLSnsBIw38OlgL7KPMRttE4WxCglnNBXOl9wUZn0ZkDtEltpT+2V0PazG7lbDZRPz5CiO/jKTJebw2zziXs6wcXH42/q557evpy49efZoWBq5S+GOQzQvOCbuC3UwP8ikbnytzDFNRm6+ZQUFiov3YTTTZMS0CtKfmM3DFeHXLCSgMuV651iiP72wrjd7pKFd5GqjArS5WUzZK59hoIUpN/6Fa97ymper6uvelt+vguev/LI0nbhKQ3Rtp6LeDwwG5x8CZZR4p15DZ9FVja2pREdxI8nhiUoKXb8XE0cID+BnL064SLMG1YKV8E0CEgKv22y83zSZEeFd2yyE8JMPogGZKjwr1xk8OyzwXW6IGAMae7FbYQ7+u5ZgFKOG5bS2FvxaDcdeJ6Jcm0YrOSHQ3l2VvzgnPu+6+2TBqtJatXloDNVv0A7ojXe67vYZdK7kY2EVaxRm+x8slSlZQFKHnwhb6M3G+YJh3FxU5A+1krzEOZ0N9sHZz1rIchWtpF6ZOd470Xo/d2VTNRdkOjojkGvJzkasg9wYOUcMmDQF3VwqR9JnifpjxGXyVPyPUrSx9U6FJ0DU2Qjy7En/lvPMPE32tlqdudFEmDDLxjm7BKXGvXDRvrYh95DUzZC3Xb2K7jtBFi/+fHgx3H3h5C4Dd20Is2908+Cdxl58kNClpR1IUXpz2VSfQMsr2rTV2v5nl14oij0ZFx1kaeeSSnp053DdxS6RrbR+bxy7J2PBUypkpZPE4sG504unCrPsKJQinpLCin+AGUpQFH6UxQHuronfLVD1beMq/Fa0BD0XoXgghB+MjsGRk4c19GiHeJKHPjJ+5qcRF0FFD2BvaI8DGuGeVdpviy46zqn+HmamUZh/y0qZPG2/cqLsF25YOjzpaWPH2/U6KiyRbBstt+3CP09wSRt5IRMEnexVhnfjAhsqD7HowcZjxS43GsIW5r+JfDvJbXHs1GaAokCCb3PzXwFQngf5OisqMvx1QSsWg0nLPwKbJUeE3GmO8r0Y77q0CB/5UGA08631lRL2DWTJOq90C1hEdL4tE/IraUiHqqD/uSd4vdXRhr29+2oCFYvqEMSYfXLdbeuFFGK7+AhsUlRsnlrDUI55Uehg44x6hMub3hI6tHrKYF76H/Fw2uGmDoFgVTIj+4Wj08le/kOKxvc+t7wxW/zno8czcd1Ee6Fuu816uskJio53x51VDUqZC06/+Wh1kqwXngqgw+LhV4ncgYH5UlNi3ZO2wVqGvSqNfROKN/mdGbTK3Nevm7OE0nzTa4m60SUS3BkUm9wPcsE0/s98hA256XHtYj52i7P7s38rwumxbLINdDzQoB+8XhbZm1VSh9Ycy4yNDN5ymtEfa+/1G8zawGnVoy0CF2qpD89PL2pvl9N7XXCFqM/PVE3sS62usD/cD5D9wXoZa/jmoH//VQRUhCVSsX13ZzR7iJaIayOGWwQaftnF+0yIOmv3kGZ5GfxWHNPHksHSlrtijuMaJHkaVK4W72TnXG+30N+kzTJPCf98woc8nNh5TCwo6UaPuDhIe1vvHXh88ljG9CUiiLXKl3gQIZ+UO3XMOrXrnMUs4DH85FqfstHK9P61iuX+5wRmzckOrTvP0bwP3oYymu4n5URDeM0g40+Cm3KdES85MDqZMFvUxGS/wqpOhSYkuloJpv5/62QpiVsb2bSB092p0UOSOziJxHYik8ybmV0732g70f+/LdS5ruQ5L2GlxMcd00F7XA6X8hrTTGkicCM46bhN1ZPxtjXuPuZ36n+ZTD8Eda+faNjv/OC2IKL8DDhZ1oLvbdeW/eCifdzjl9zY2O3HQm1K8Xf7E/S0JWILNKQwGMzk8ZqMUAzxRPsZ9M7B/maMfoOtujWfF3OX3rhkZDNCXYCxaDqxNlnVL6iNoQM8V9YUTN2Qweb80lQXJWifC5UnBKnVDKc/8b3dVD8cXak4PZ2aww8A1k6cMQ59fn1N322qOxW8Ycv7MqvnTcGcoqMierSwGKfjK9zsMGkeJIAC0gyB4wGE0AV5OrFHQfsbdTEMU3bhWMmjelhwRJ3EJI7F36MihI9TeMBo55cDtij38zERjIv1fHs36Gl3DvjSWBAhjgvxUocXSlBCdQ0j1ydANsuKNi1Nd9cMveapWEl8rw9SjO7j5u4Bnr5R06f8ihNMQWaG4Ni0NiQAdoCDaUObsI0Ng58o4mJBZ8/WudjRy2Cw1j6zUXPwceHlUMynG/essI6i/YCwS8dQaoz10lre/t2DnXb3e7goW3GfMzYN+f8kMv3Dx503QLtKcPk1QkxY3Xw20fdQMpDexaSq9VnlD5Cs640hv9A2UES0/B+ZYYsgof70u2b9Gf7j38ElnVuVnt0tB4369NrzpmcOVVqXJBOWzKT9lxZoutGEmZSvza3RFoOnIaH+BMi+XLaP0XKE6bTkf82/s7/QCwia+BytZtlt7yBb33eqognO70IF2GoERfpsGiDF20mfIW0IbJq3Gsp4CaQkLP1afm4Ben35YxL94FlvO6ZyeD8xBUIpFnL3pj66p7zMqFzyJgCz+jb0MxwOkWtvenXVfmuDmIuzEpkCDCTdzQ6quMiDQ4InHdMyRDchsaqWCL2kiLWckaaTSRRkzBKjOMeT/TUA+z+clgg6em8SGK4/Mty4vObHYNPv6v+6v+R4dK2IHBy70rI1NPg3/xE9QgCtikRQBVpIFO5F2cihmU6fgRwC9CDYnp3cnwFAigf5MSuqGswSQX8WlbVpPVO/b7SLNJbW2/ITlzzRSM1L/1LNVtRJ3Et8YUzrRLA/FMhjJikmqNKM+OspX+x7TssHdLdQJEqtjcG9PJfg1Ch4Y7Vq35KEHF3Wna5YcCyFM5JCv3YChZcsCNH77SWgSLRg1WORS7dbOTLOzVycVCvDFl8VjGInI5ZTswviRLFRI55HoM83Dvur4BuZqHaezyl0YNZ8H+rR10aj+CY5lTJCeTAOHJEgFDHQ7TM2hC+g2gK/DksQnoqi/2jv7yVbGHstne59Uiv9mTALhb6RLhms3QQzENJuoWKtXlMR63pTdnzNjWTjayLSZVRErbH2yVUKs2BRTDGLGr9Wk4QE0xs7+ikKiN0vlZV/gJAxQeL3eZvBvNuI0yOGhzfHX/RxCaBknCNhb6vuJFaoE5df09D+RRYK5N0CoxjRVaN68FaKEZZnIbVWTprU5W2XQvMmwElVW4p8768D38mQSD/iFK5pc9r/j12WxkPnnamtaiq/5WznnsYgqpVh0tqdH+HHu7Of2dGYPljH9kkPQ7a1LethzQQlSc/XKtp9u6qRV2mxk7eZSdhTGG3/vPD1ZsJgP5/TaP6uxBRFUJWJVG+weoDm46mnfVGHfzWdGWfE0hhrHLtDqhQ6P/9zgPjSYb7WscWXjjXBAtTVM0tVdU2iNK50VSQgUgf9bulXWXNlOM7NOUi/nmFImLe7ADKWrXslKyxFrhfJh7qY6b8mvu13gs/euPI5Ue5Jz/1WQn48ncu/MMXlmL2OPdZshyLSoQG5e7fUSe18tYh+Nl/vb+9d1WpbC2A4TLY5rYz3mxo1FwgINOTrd6rf2Kt0Zt1pwFRaBJIyMrSKf6xmIbuh1NEBZfW85yx/NmBJERuGvt1hZsLfqYl5BB6gnZ9Qn08bgOqwUlJmgfoqY7M4W5BuqhbBrgh0b06JiLn5T1xBry4awGcA29yD5elg6jiwOCSTTABBQgzaAGckzg1fd5XOa7SVwzRuDReGSOEn7sRC2iXwmXxbhIxQJXeuEv5NXzy9/NkTIVfyYQLEm85Ndnpl6C8NPCOboAqRq4wDggJxVzyYICJNNn5Dbi33xhyb0+rPII6C41VVimPgdmP0kx1gR+6vdeK2I9ZwEo5crfg3p0GfHNFX28EGQmWnHaUSaW+DM7ljqhxTfpKoryhtu5YcOn2tEHqeyEMzt0JVPPV482JNH53tW9B9WrSrvre3+lDyfu4jJ77Pns8XxTUCZS9gP+OnAXl8SFv1d7ei0dhyTkwT7JGNj4ZfMo35QJ304szZaNsUVTey/uxX3O27/smKQXZNrZk87pZSXnayeXkZlnwLPNcXaV93/6X/dL6A1g4P0kz/fol8I2i+1SayZ4R0WpvQortoUvdxJDuCq1I0SJbQJB+Y2Lzfs/p5yG0xc30FVBKvBhT6cKXJlO/dxNXjr//4ZM6CaXIuvTyali/sbrq8XX/T1nrllPIO6NR0a4Fx2bM88YpkRs6VYaH4lTnHtEziBM3T4QFYirFlRzVj4ekCW39ziBHnkOZWJiT9UYJpOQxwileg2tVsKELrK6dMHvxM/zqcGjC7LajLfFbWWbzBRzHfRFiftVOKVq0/FLRkrdm0Y8bbM+n9q1vXSauBbQO16in/WRPiwr8SVfZneSoiacRAL+Jm4y/qgxJfezjPUnkm004WG7OB5+fo0Hpv5bTi/j2pw7CtLj+Y6Cw99ty4XT3Ie5p0duvqdagbhKWDZU42bhZWxhBbx/z1zacrXrX+joSOP44A19378VfdCMDjxg6lH3eK9rlocfX9kMkNHvXsmh4hS4RKsgnxCCTffslpiz3nzCFoNVnuFMpXAZTRqN3S/s6pLWOgoRW/Y10v5XLhi6jSfeUHfgqqvcKYzZuDnJOBp4Vs/UCmzTnZ8O9OFjWI1xA3al3oK/odn5KlwQVKX7ABMvNZOsPp0IHOGT1E4Ksx9YF80voAZajRefBSlmVolBJg54UmZsxiE7aSKK0PX4jg/tLVNfqg+rdxlNw6FL08a0FjDDeY4d3WH4jZriarsx/tr8W5M/zzUxnWVaUTgr3r6df2j4F9ie1Dp55foIOdydn66hRPO6jmm8BHyMyuduXB0ZJ6H3QEznObo5p4p9GCmh/y9HMJO3R9ub0w6Dn7V/2f38HRFucnInh9NcvyZVZX3lFg5L8svchOZMtb2OSf9vnb3oBcqB4+20NeqKWdUbBJ3rriVTjHzLzgDmwxd+nWud17yoGU1iPqqI+z9nubUHKof9aYrreA5Is523hbt0QwzhzxLE2QqgbkCBn5f8k0Hmr0T0/bwpn85blUMU0dMsAO6N3Anq6UT/EcQ3xUj14qEFwcO15873HlYfLGddf2Ar8C+uSaBXDlnRVzvjwHqK+Lfja+LNv31fu22gW23CsTZrxYZy2IXNurhpREtHK28z9O2lyLmlPGIMVDaD43Z/pIpIUEihn3aggcxkpoKjpvG829EGlD358fI0uNlD46lVBioeCX7hfiFPxlUdHxfch2AObcyYXlI/lfC9ZHE0jehBj6scqyQfNCcurDk4mOCcJdzsD0QV51sPXRmsVug+D+8WvIiz+U754bdOFoJiqrew7iNQ8q6A8TuJrYZuA8XVudrzKBwoYK+8dUM1nDzgjRvgenhxv+8Yrk7VKUXx6GJ0sNnoYVVvWHVAUI/7ofjZGOPb8gCkGoqX1Qv/DkLHx6WAZjPD7rYLh2WCjPyVw9TGX0ltjLlRfH5SOu3RoFaCUDBJf2PVYpkL7usDR6tk0iIgelknI/I765xMgKNTVr1PxQ1Wg5PG3h8GOsZvX7zsOiuaVE3niALK24VJ4SR+bJuPIilOSDPC72uV7SBI0LP/ucKftP/PxX12FnCW+B2Zv9ybpAAIErRJnUNwTxIAptuE+ORKbdwEeQWhReAyiaUlybtV602zj4jKRrnAJbXKGdyDMfDlpeaJ2NxJeOHeKiPo5szMOVtt0OA4L+ZJ5oV3zAhyN+1tdGaGZ3v31s9+tN0k6GlTYZNT1spWkoopacESxfeztcUipKwcTsK9yLEyptb/KSzNvoXY54sNPsge6Oo3DsJ8Kn1+qjvM7Wv/SquHMKttyksbNLZ55RNOKo/RN9ezd8N0RbQR8G4qeopEUx/ndQEvoOem0+XGTfXd7IGYmPXByUHEdSGc9lp+FUxLcHHkJWdEgwSE0ByHXe7F3zEvRuvmL3s2OAr/L9iWSo6WdeXVXhMKmclzI7zMPdXP7APE2Ba8tutrA7X9OYgjl/w7LaqCSZNo5xw/XmLGLi53hWNFsyhSka8iV23ssAkiHBFwuWVh4qWfDkhcLl1K3e2HJjGtlxj9+s+dTH9wpGbh5ydvw+7KMJtdTsJ1uWRt3Zv6JeSysT1zzmjhkZ+iY/528MNP0yx+rFF1MUnXgaKCo6mkZDRStnj0TPMQBC0S7XDmBstJHzjxp2LUlRZOU4Vc4r8XTENVfZrAQGZKB6bQ7ID2ss8QEcmNDSrA0PwbY9r6pnH0+N9u6ALsPIr07fTfa0tJYzax2t52NPsDfr4muqDxd1QVpENh3HmR4g1YIeQJW7i9Zjj4OyegCVYI746KF6TzE2g0gEdrKCVqPDjQXQWb5PCvSs+3svgOXCj3CHYTOtasV7WMTkxAK3ZMQza7JxLX16USQ4/24l2KTO/Tm7ioULzp3434Un/gWCNDkzU34vuIfGetQlr133vG6+nlZUCcjHJtD4eJvG1jA8SAjR8uXJ4g1WOfBbZGjKE1PcGdQ3rQ5iB0/9yWi5TznKlet7vLex7doqAatrYs++7X6hlq+yCZcixUWb46Ah1yIPzg1sTx+Kue5f5L7MHTLa+Iit9geuymsD52UvmuOuGpoBps/wkTDBUkM74H0NnOQMHkc+Ml4r15VX7ToxzhZvIzNygu4Oci7lfxY0IbDPvM4IThsVsq1ERY8xFzjtTJtxK84oPkOIIAvQckYDUcjMhcrF3yJBTnfO5OInUNTTycfri/GjR/rIL4rqS4GZCE1uEElA7vyHe3XWDIaIKU9O3ahVSj9jmmb1+iGnOuEXP565t+ByRrqG7zNcB2N3rDx3j9Xh+EichuZ3ebGfExhA+MqnsESGSqxKc5wfxtnHU3NjFG08Lsn7gPJKOYuMCFMMam8jPqOANUH9T8USmUHOXPIZbZezc9rCLvFtGWJTgn4smmUBNvPjHs6YsdzgxxREngHMNBMyzrJ1hMwTQv1vc2h8O1G6Z8X8lOtuSkb62eILySK1F/zP+mLIrbPQgxrCp7fuGemZWRSZjIfe5kyXeOkAu1kCP+SqkFYUnDH3q07iE35wm1u/FeIC6sw8TTsbP21m8szl2DuvoI362EIufZb7dj6USHS7knRbDEiz+3JLG7mj7OzZx4LjNU3HeDAz1VTw5pHxivnv1aTJfFjLPC1cQw8jWlIjANuet1BiMXpI/qF8BMZ/woq3fCvVnnwKk8pYBycGBzlLGay6yIxzZ+HCL3bOw9NtE7fIlryLfRrgTbr7FS9AF5YvyLiq9Aeewn8QSFctv7m9iCYFqqLnkwpT61eM8bifh9549mUP0HfzI0dkTICGtpKHMQdn1hIb3/jWaZkCVRKRdMr1sGZiOo3CLzrVwlZ3XAuUq7vRVLH+27Ah6ka4DweDU51giNHZc9ENRWp3T27x/nWgBmoiBNI3QZrZggi3V+vg0hqYHPi2tbwo8UI9AmxmsjsZ5sPatzxMTRaOKtblJ7e2LTjaZxS+96IK8REC7PLnIqaOR1fqhvdFjCQNfgQHXFsKnnz2GxUREXkiaaCBaXme9WLSJ79j04GLcPulxh/KFm5NB36baLktO+4aTNnMkRjwkZgsrzEkkPRPye3PjJnIIseVfkGo2/bwt1YR1auLtvqLd8aGnIf1HjmlDUB0XJCyD1JF0VVCgftZcAOleNhrtoJg1uAKnr9fj7d8VTARRL6jgbkEkHdYLGMAgSoeGo89Ll5otJz8izx7EhctJyR1BaROe56kf/nC8fbX0feTYN5V17EfXwWmjsj7/bUwYEwMPEbBlI+m5we6VQpgQjq/FMS1IA+bz8AdX3atu6YAfi838x0N20+at1foj6gBK/IyLOX61eUTuUz/xqs8aQ9ulunDUBz4L7WXcAvnk/iFkP7tvEHreacW+2g3yQf5LeA2SfLwn4gxlPbzycX958V6WbFiBoHD9OGTlSwMZJcs+CX8W39epUT4Djo8IcuNm4/zyw+zcVHLkCLex15gh72Q4MvC6/16iCgjgi1AuWZP2b2Lg+vsw0OrDx6I3q7PhUMwBf+mUkJsXkBqW27drQTv8riwkKxztOc5akR8iSCLxsbtHXXzrQBzrJqqayulHfG2z40ECqD7tUBMR6OmmbCZ1loD0ONLllDO/q4QHnvZ3f+xXPewsjwuuI0uVIi/FUb+774fO0Z+xzTuu5AGRL3gULrsswiZ5oFlc2v/UwQ+YvKLrZrJr/Ye9CDmzXbEfDTd8Xz+j0YAMrN0WD3/bZoU09oHgUMrarIXFSGykEZJSAzdf1fq7POAiST+gXFXGwrZY3mp54oG+nugl63B9iyGOBT5+nnS0TlltgF7dn4Bod/1C+DJHd3KxxD3D9hL3zS2/If2bwKEv/N3YQkeYQvVzFu1b6tAP1JyK+9LXKxqie2NqcXeDQOvkftVQUJSrKGCQiuTFtqa/5S/jTQ9JRCROGYoRpows1uTI5mPQLZCHdox8vYS2DL7oCexucp4Cd6AXF1Qtj3akCaYi/sXwlESwjRyYT3E0Jwt4+BBVZecD4bNvLZlZGN8g5R20od8Pk+W5TW7KB81rW2KOiBS28/Pevbt2HvykcodIXVb2n8spSqa0P6HEgqZldhscJiMq7UKccc1xoJUCVQQpT1rYxfKRyP2QzlUwIz2L8/5U0J/F0QzrNhVQ0SPMLbCq8HqXi8aMpbdcxE2hPF/OpefC143lrJc8QDoj1xFV5GOMEeMf81El5BXJY47rWOCmfYqeS5QK3JQbz2t55G6s1bE4eA5b0R9VwMf/r3nOZfbzCr7zokLzw8eFYioaPZ+FfU6K7gAlQADOiPVz7ORE364CZigDB3nEqPqdvstQv4OVFthMY7IR3QU888KpiTiVenIH7uMTXx469ilL93IPnGiu0xlg4maSEYqDENd+KB72gpSfyruM+7+uMuqvSwivloQLsQRc+ojuetigHKWPhg+jzyRDHn9sZxZLjnLEW7c/tbRcRZ8mp7bp1dcyZ8/I9zPJRzedJo+lcv4enypB730V0vYDGM63M2ShOH6mdGn02diZTn4Q6urFe0W31+6YJiH0Ftv9RrXdehg9GFrsliclywZt+1sKsf4mD31FWwuEIdtKiF5/57cQ1FHmMYY6K56EH151c0QofsJWwqGrdAaJdcdsL79wOA9U5ZEqxiSlbw9/UmkjFWrtARJOdBeGUXwNPuE+ChMTvu4td1Y2axF3GwCv50LCzk67w/GH3SW3YCB6XsGoaKdBVxAiojJyJTOdmGVIIEhlYwM/SjI5xr//ZoWTITHnMVtHUUPluifyccc7dHU+hYpvxxmw9d6U0H7Sf9nreqggUL+QS7Jr4FZCociJZsrY9GdLXd6xIn3+jXYmJY4Yy90nfrDLPYMlpN5KGJvengLBdKLxX2IIGhTluTg8AuTIno63BCrNPsq/MvlqXzJj/RYCdInsz1iJ+w27fAmVbbvQVcjcVFm5IpwmVZiuHCwh2DRLBpjhVW0QeK9dwPO1ISxQ85v82yg2EGax4FPpm1zsV28HprhHRrHN9Wp0PEru88yeWDFX3pHtMP3vUC9NOBgl07ezPaNWFnhNsvsU8GecsKwJXrdFf6+TWanVZOcf5lcL3XP687IgSYx73/WnH+i+K0z8GISe41jXLWwvPsMMIKKeRvA4YC9PWL7ouwxeFo+BKDNLKYDQ4TyXe8RMQ0ExdlMpgImCbSYh1j5LAHoToTldMD0Ap8WUBNzpa0bf+WJykigyVnipopYdhu0NaB/XZYj2ZSYzowP+FnjXGOj2xEwRhJO5qix6iLP3OfMh+N/spCPUyEdrzlQrhpp7IlwLzNpOTWJp9hnj2JPBPeGRMNnaqhFWz2yHjtY7PyAIfy/VLBpgO0UFVRxFy+3W/O/Cm/YLVpeXt5b8i44whGs0j8F4scv7SW//KqPJFl9jEiS5yFlCv4hg418XdHIEdLKH27dHydw0qacQtonHOZCgtlMUwkZdK0JoASPD5piM0pcNVcmV3dZ5V5txig4L34lV6Of2U/rx94gFldLFok/K1gx4I4jRRZXunHtryEuki1W3aOJfnsv+fZpT6e3R9Ybk6/aNLLjdOmZud179kIj0Eb+C9T86PBscCvUy1xMgdI/g1sVmxKH7qbiFPLtfDxvYDGLIpImkWzS0i+adPza11kXgXvFe54+whxkZL0fHx9NHVqA0d1B+HCGmaPVgSJ4v20EaIMMNcNi0oHxNHxQXXmkc7me3zTunYlAbUPanuzgPtyNGB3Vtj6Vd9fr+92G0pgVZ1ysXc+InjpsXDb8cHiszGN338ELvmiUIY7El5bR96UTGciTQRXR5QsJSHQKkPIziLzo26Wd5XxW7V09n9WZQ9QTZ/Dfkhs0gxORrzREZ93+XKDP/Cb2a/SwqCeD/2AU8q+3ach1aodTKWlgwzL6ceJGE2O0yz9yP5M3VSMaIqOJrv2AmRdT4w4Ak2MTDmV5/YhWKeYriqtbr1zftehcfnhgV0XKUKWFl1GpRmVnmUH6RwDu+Lfi2VsDd/Ev7+hg5AUwM8NFsMRUnirfi3E5c/josaJgGF1MaS6LHgg+AoiVfVROtBw95lQbhzgKIB/jyxGPbmJmYyOAy5UF6N45NXVrOOBsvgXWgh2JrzBr2JItgLe0bmdh+yKW9nFkKiZP7j3K2ipCC/gS2AxPPxJXlAOJOTynok19LNbNDz8ft6bRyA5u07Vn+lfkmd/aVusb6t9MwrpXexkFv5AzF2KPWU5WnuOpoenwxINxF2xZrJn6CR6TXess2M1EGC7Orc6cTNUnW5G6KCz+VX8Ykh2t+lGJslo5lpTPMv1o6aXDJHu1s4IE4XAYpSzE8KAD+sckmtRLTCDlavSZ2mPYo5DtCvNcRe8PJEc3h48U9sqSfvNh157ccbtOM8p8DfqsVOjA9Q0zUHICZqjjM55LTxQvwgvFQSsl53ZDjBlggpLQ1fXNSLxdzK9DnthXzzx3AmaQ5bsdwTjPrx6/iEwYQXRFPTLb5l0ffC4+pLgP0bKb19ERZbY2pDUWRE9+EO0aNaauVHJNHh4YvnYEcS1F1TE4sdCElnjJqnT167PrQoC3xk+RaAd8qhSLXxFdEPiuccLTtQB9dknnxhgacgQ3owd9xsiVe/7/b/y/nvtORVtvw5y4VeLUgpra4FqgYg3RBIAfDo673pGB+XNdOz8m/yE2QW90jVIVV+Wndry0gGFOl1/bwBaJZfvRfcSekYPECm3qun22HsYmj2SWxBKu2Q2+Hvw73ezmqGydpG1Mmwq2mXvaahRsU8+Qrfkm81t3zHeql07lbbhu58cbWR3ws96dwQQTD4psGe2DTEw7/c2sMZBZPEE8kM/mI30rpjt55pz2QRYrdmQrIFS5uCWCXDL1u8MvhTLJhImLeuXjQv2Dqh9EMl6GMbVipyZ/XWRMOEhJRtqi20mutrk4nemSxcGusDMsEMukGCiwSByplXqiyLiqKUajHIrYWvxmcaUuR9k1aKM2I8WLxbD42GRq9GoW+X9SA99xd6Ij/1JfR7uXB0Vtl2ba8orSoqUI+3pdPNQ1sYTqqhGD0Y5HaDab7WhotX7Q1o75WU/4VpZHYDZaHo3ZNJCzLZSwxbge67UacfQsqS2LHPI44Hb5dEPsB4ABHtpsWbuayq5PP50/fRmFLmj8zB1fTPyXLZdOgjuAVal6nEa4GeZm/diScVmvpshDDUaITK3DCbWOq31i3Gx1FH7j87x4w15VtUZTEFK0t3ZALZhHW48VC+Dyr2A2uk/wi4mEeZWc7TpUWe8OG0jy4scXfXqaYqkfF2s8wUYvhZOA2M1KOvgE0Ov1z7gIWTph8lgep1BTDB392I4QDBpIvI4Ip5ZY1ctq+CnDNLsB7eXV12r4N+xq6FVkC+icTB7irXVeADFuOenTR7KhNf+tWuf2NwQSqXVwKDrSdh1Il/g15PZ4PXvakrrFS1+XkCZw4AiKDFicKNznctj+z1XBK2PtCrtrKPNzrw0e2hTL/T4QE01+yaVnqp+crJ+1gNbZzgXIfDSY7iq9bhzWrhleHXD8Kb/zM2/W6E0i86isGk/mdHwH5bOoC+ulOPWQY07lSiJ+hRMJbfmv5t0/Z/BzJik9MPscRRHa6DV6DjEZB6PK3seecOrW20EUjz8wK9jtgbnNALZcHjyxMK+GK6xtmpZyBYHtGO1EG9YtRFGfBidLJRq2xj4B4aswJMrPNOYmg0BPHsmiqPkPOvKITzwJsVw+c+GbvgSL6DhCebSsBbo/ViSNigR+gDiNL5OzUqUXy6G9OqWjFVmyTcbJgLCCYogtfF1HUm8geBHalg8+YJA5Z3bgcmMLY5C6BQZel7NR67g4DltgGrn70DJFcbD587tUkFZk9aXVo6/yXN9bh7cyH60OviYAC6AmEao2sBeF7qPbD3U55mb/rKoxHBAQ4w45x8tHHZPVXnAMA721rUO9YQaK2cUB3um+hzGcxgmx40bCpO796YrnmlNcYkdJ9Vm5x/upJd9b82j6v7XAYm1zep7v3T+xUm3SZ+uAbTZJIs3i6gNp0mI1/Xe/rR3elIWhpSazu4bzqAk/bCsIH+jExNyTOjVD7OybEd9LKDHHAgkjyEKV7V0u/50Sh8MmXeX6VFWVUnt/1SSnT/TrY+PINOxblRJJeSVQ/2rHsFsW8f7FkxTg0i/5bJ+DXeoM0vQDI1EVe50wceJAZE+9mPnC1GBBZFr4xWIJy9/A7zPw7c5mPU0kyKtn4+kqnX5yzPcvYH62feBhWSML3uMoIBhA4ZZCSoPiuKSNhkcl0Utf/zrnXl8DdlmjBXWYyO9lqfQrNQJrIXwzLGtjkPyOSQJYTWOEMAPshQD/zwN5lm5vtyJSw/c/dkr4ged/atvd+vvr8OajmaimHDHrcD4PJVqtz9Zegri+NDrpOKA+FnDDhV+WJ9ybIxgSl6VjC91SmOZcPtMb5PHrcXw7QRStPMOTzgdORwnC7dLlbFcmVPY5Ru+//0qwsDCxL3naSsL6s7R7t8dvpyUUp0ck2fHtKFGX7WlAh66EiacEH/vtUP+inOyPy0dfScX2rQZ3Pg6ggbuP5UOBGa1or47z/legfLUlKFKsPgRIhpMC8M+BsVN2D1NL4Y/LIM/g+ZxHbnWwpcwNfUFE3aJdbSwjwVQvH6wW9dQtppiCVzqWVZXGqHxjTrboChEEqDbQUrtyQi8qOi3cGKxeeWpA6ryHa98/aetgg3WiqEEeZWxcX8lw/myoftuVtkkOVJDLVNR8iX9lWtTN0Nz3i50/W6dK5H02A0btIZad32vUREMck2oMtpc/Rylt8j67vkm51G+xGO9aMYzlkOqs+ofXFJjPbv6pJ8r8wE31emu3EA2hoYeh5umRcPUE68X43d0Wy+oJAjBMrpCjt3i76vFcZzAS/uWzdZ48nsGAhmrgTzjFAFmw/RLcgShI55+4O8a8Vv26h/G1n0Nitl/fmJzbsK9OXrzt/pnDu8nSpyVopGMsNcLOXPWXiDUkq1Xsx+mgG6TrhT7i1UlOAY+taGz9+2Xj4kXzCfw76n4y0cH3Yu3LwmR4WkF6QLaNzadQVWPQFewwi1EjBaI/zzFmxC80nc+SDqBaIlrbvGzSRlpO9nFcF/rRECdcHQXRHpNGgyNz/Orgmhcg1CROijG118JF1UmQ1+Pk0diL4/Rydi/tR/n/y3kkO+VZpOVnkNcfXhwoDZo/eX6mNI/4s/+JgF6qP2xIqjuC9Jn/YKj/GxN4btGoRfH1O7cKcHp3VHi/45eKh4wtFb6VrrKyIgthvEO+XP+FeopqiHWriswRRy+i2Zjg81Y6dGGfazXuutjRHxn1ojS93ZQ+eTqUGAUrC01CUlOdVTEVPBcaMtw+v4VWkR5/Bfc8CCZ6xRvJ6x/R7M/YvLjFFhz77k05UlroF2skx1Xt562puZZRvZJ2ZDm3qqxH0xo6WeAIDk7y06RtRHFvhcmpR/8u2qM7Nr0KpgGSDwQQfYp1iuYhv4b+F0zLdDXCZc2BthL8oxDVsYMp3TAGmNmxrfwlJ5Iw6+NeLWHkWKCWRai3r9XLEbRyN9dK4b8CiUzlxn2jWEcLLjQX4zy9fOc9R1DSyngjwaZiCzkd0RBsxW7SursHFwHghm9gPDxJA/cCjmPDZJHES4J3IuAU0GtHaYMXYzQRx+n1zeZ7aIqPllI1n9WPlvvCMhRGpHerleyGPP6cFnv53cLXjzjwejT8fX3TiD6AliRIsHqzjcbc/U8GsuPQ9lK0QwyhoO/X+Ze1PH2kAkT4MpC+mm5+WvYr4WPZC1EJC1G6u01Pbzm0M7W5kC5FknHOJ5UimBvGlo1Bj/nOk4LoCFNPapFcV4gmMQhbP9TS0V90oTmr6+xQzEo/AXC3bMfZ88jDN22X1k4D/Ozn6pFZeA1wm/PH8g7QVEyizpOybtG2b5sh2sXDt8h/d384FIYGau4N9Mx69X1A8vqX3AJcLeaSbrjrAn48+w0m2RTq154bOR39od/OUpvujia9cKU56LU/3keMygbFqUabFOKnujtOA+DCCp2dhTAIzQ4h5yXc8K6gFtCBAP5LoDjrd8vwS9rtez2yN6CCYRWX5LVSZHv5l1qgs/SJgkIHXk93ycE3/bnIclPXlnZdzFd/Yn2WjrEtHlwB3jTNquUwKkxSUUh26fUM7Iy0N9+xw1P42/XVzFr1qc2270tnsLcJ/wJ/ss493GsEi9yAX+t0m0SvvAuMG0p7IrFv4Ks4FX28E+oWMOzVd8rWSzbBms4UZdUNNjtoGQ8yRHx17SdzYt5OHYWLcK5UcfcvUoQ2vwDksDmjDQdYyGd6Uxl8BJ0LU1uYTD7UzGe5TqU5xd2e/c1s0cpdBKDMtpAcDFE5QJBXLSf4ohTGS/TB8w/4l3wklcEh7gteNsXK9PkpBnnSFKU9wMSh87jH9/OYlcfl8GDRws3VN4mwVhKyNgo44atCWuBqupCOPZelWkBjUPrSuyHo9/TNjiy4AdTt3JfZfdbQ93T0sGe690sh8VbFocNMEN1d5LCrS2bZXiwpG955BVbHIy75f4L32m8oL/R5VqFLraEE83eKPfmGMOcpdCyMc/W4J80B5T0KzJrykOMoazpoiqMbDLlSW+0J74mrSydXa349/m55hhXMHQuK5DZh00jLTvuQenUO3nFD6lNR8YYudMUqsgBBjTSOVRiMUkke1OFrmWJtDwfxL+oWgPOCpZhYHBAZqJ6k/Chx1iHS2RCtX3ZsekNikNL4/ZnCJ8OJioc3/H9mPjlW8im1FPlfx9MAw7pb7yhUPcuA/Qnge6xleXVR4mvdLGXRJxBYGvYGrt9eDWQnmYDy0B77MuQZ9UmIlpg5en0hvPtnpHaadH4ODIk6yY2cj6x2wvtZNWhAjLIXFz/nQDQJv/3JA7Yp/qL6ryOW28edD17yAOTVD2zY14H5b+2KVL82bp5dnE2QVqvkM1ru6TLpQW91LDPNIxSi1EifdIrAXHVE4q0NW9prTiUGreW0R0EWj3oWS2a/oApFaz6eFkoffW7B2ZFho0t/ElrQ1Y5ZrVPCs9+jsIxS+FiJ2hPG88KInIe04WIlKciij+YdGlKi0zBCX8Nvyf8VeghJknxhHOz47kjolRz9AYJtwI4XVhKUY4fVuubsG+XNb4udfnFahHNXpjgAnQvDro388fMr4UGRti8g7CTwJglaIFSoI3jLjkMMMWugy46yiOBZWSwlQ7iDi/xVk4JJNMI05DJ/+O6FuLnBT5YpJkWYvyQ914ZXLnZEES8v1aMCmUnpq2S0zQr8TmabKLCWghHCQzuWvrUn14tBDyHLJl0sNY6uwwt0D66RrrJuV3AEzchhOD6OA1Oh6ZFQ6pS37yw3UibMZ1aRmrPvrSyk91E/DsDEQv2rQoappFtjPx0bfU/nf0jws8SI1mO8vWwcZWJMJEdXF8dZEjdCcHB5fia+6jjSIR58FRb/HpCEPuQU0G2thje6t4D6fKbbZpZIiZrgfIGLBdUNAuKwILt5eWD66FZm1KQr4lMa5sftf8lgdo6p2mxch8UrfrTqsccEeoZe9+dQPNYuRzbZ6aP9QgC+QL4qbOG3tjo61GpeLW3PTSG9z2MsiJJLmDiwM8UgkocD0Kkrlt06L4Tu37QHBUgzkoFohxB92ioY2Vi1Wh5hY+d2U7QVJp7ztdKENFP+sw14OWXpZxfRckSGq0SPx5pCh2EXsw0ZVTeGolBqD8GzW9ccjCLAWQPGR+V0mqyOoPer4iak2dwxR6gQP0CNkcUjbNdFgS4motq8jJ+T5/1ZzDTb1qfFFE0ciJDFJYk4dv1tDDPjB0nDNLpWl5bQP01/pX9ZU/n9Z9O9t/GVD6PxMjYs2EGpUaEXwNRF653wrsLNT/Ge1Sm/xqsidvhCeQo6s3OzbJbTciyKy9XRBjcK2S7Mvsw0JJO9dMXqq1mmV06iQz1jFm6otiDPua1gBqGso6K5C1gclpczq4LKBe1iz84/K+8ss06H0PtprQmY29aBqeJkvU5TVad/LU7n5kjZgg+2UEj3QNnjR4WQqzU0oGn6/MeuLofGLMHcdAi2zK415rZkkTLdKWCpMJ8M5/OMi6WLPk2sMBS+hJPsvVQ3PQylwRUvc7/RanahlGk4N+0lIZk6FsZe1xg0c/vAfafpsHeeHY/lAA4C84ArUiVBMyki/saPVsftMVTnuT9iiTNdCkhmLoq7Zjzxff+jnOEdB4x5cUatf4hsXrnS1xTW9bIJ8NPuou+/1izu9O9MdGwTFBsKZzOtr0mKeIMtsMDpfkXBx9CI9+8nRoPbWVTTbRo39Y6eS+a6Xv0VVbWWOCysvN62HHLpneuoFZGkrOswnjSE4Eh9MjOW7QL5xXN/NHMtxGH7K37i+nZb1pu6xrI/B7/jeSpeTu4p9KlBLlUoFoCD7h5KHnjqSYpqSeJP0qDp/mGwFLqvMrin971ar0rxkF2EKhcx/WXMzuOzh1cScZrwo8R03Tn6u2ZviPruu/nGZ8nXA0UsNuHee3XKfSkQm+ZpLAT/MgeyI5/LyoM8sCY3UGv02oBUSoYs+LBdZVEgDYNmv16cH1OCCRjsE8VIDt/zPZKs+UHxCE1+8+o/9fd34sCS62KIIQLayAT1WHfxK5ty0rngaLEp6E775Pbd8NnXb3lZ01LviRRITLIEmjg+k9mQMPD0j6nlBk6498KnlzsHfBz82XT0eCvngQXGt3S23eiCMILab0pXXR/4XtdChqKKTvJ59HBll2gj0qxiQFJHlvdrFQ2+tn0CAPm2b1eihC0HWFTmq+ynO0Xm3GjTDlVznvCuoRtyD1ejaKX8FKPOzh4A37xhZeKkGx4lJqOlY0FmjPh1YogDUyDBT2xL3ncRe3D8LjLTaXPqdqI9LBo4CbPXlbpHcSguhZI8KiWRxs0j5GziwEepQM55uToXDNRGXMNPyFPfC2XCIwpY3BZlPgjXVoYMXVc1DYGOEbXpHVkbJm2HKH556bvCaD6hREzTx5SghQrqhqc29Bz9+sguNEau7+bj0Y+fvv2CLROSCm3USFUfPgfTVcd1tT3/2kpQUJaJiGgEiKC5EAaFSYoHUoJ0iFIbITE6BEKSo0QkAbpkBYGiKMZodR0AwYMGLURP/h8n98f99mz57n3j3vPOa847zhFe/MNo00PRpEyppf17zXMzCEOuOfqAJLuJrBOE783n3WQCemqQYKlGUntg+EAOqJzDSiSfddM89nkqohwar91GHDMQTXa4UJpSw9jjy+Q7YNQ06HkMbEsmbSssxXstxswKVIqVLHKmAn5YmhjgeuF7WYa3oWGw0unssa3VYunAlw8q6QYY44svyClj4/2tLJMz/iXO/f3dDt7gwvAIKEhjHgBxDkCqSATqxUJNOkaMImH6S/ZF37Xqa4c4PhlPlw5B3FHI6XN4U4MZxXLSzCeEwf0jZOagejGE+HaAclv41qaHRlR+omHN9/8vKk899KUTDV2KjlY8FrLTnig64GCxV1mFHRh2vt2d0+QOlsc5MWS6AsqVbt6lI7HEZ1QOZfEQQpvCD3ZibIEag/tBUvWVHgtHKLGvxdUiPIW2KEsX2Tj507cHtqglSqagibigz5MC7v/vgk40B4vUtnPCYUFHsuJErxvUhCkV+vo5ndcssSay7X9b2C0/R1rHza8yWLWAhbduuwzvj1oegFM7OKqflnfpQ0G3A0jhBq2HBYhkdUc2Y+WOwaWFEQSrXKtFj+UUxyMqQGquY3akLI+pxlLKgI3PJkU36eqNAmue6UvYIVsGhIg/KnzbrWRC/1h9miizLI+OfmNqxcS7Z/ZQ2IAcuzN7jIP5G0tTIDQUuRCuF3y6PocB3wACrTgsisfGfAvhLFYHD+hACiN6lSPDKzv+KJrkXcJtbKNT3qAQci7GljfYe1CpETWBWb6JcOauKiPdBFQSiAPWsMS/Bj0PWZmEBmCwAqhZmoBrju19aeZAgDftn8Uu8eN1z3kzhk5y0ztEZjWUtYqqhc9cPLrXsp5d5RPgD3nxp50GTTWhu1/2T/g2nm2LkuelwQCkldjBpYKvUq43zIWQfkinsBPAwpnJBNQ2SKUgLoYuiL7J24919nXm68XRafYr3zac7lwkvFF/Y4MKCe+H0BzPN9ncuTLtCVpvPACkd9BqF2s4Munb+jDMfmP3h9vBBex2CCJDUu3f1y4Yctuj8Rp5tehz5xrPJbOgQtHd+9InN4eCDYkKQsBSqdKxscBLM2tnNqQG9ExFh2MJE0ojZ2xCjmpgo6hT5LlGMVzqegmRg3KQRrfTeCZgoTaCEizCUCuZ9imHDSh3EhMnqBDn1AFj0IbiJHOeSBnfkvI5G28CbxTbFfvb+pB87Gu1aCvcCIYOZu5qAtfrPcgFz3amXhqNYg05DnmtnMN6Q0NWaWgbcl9sVsHn/t68/nGzoSZFe+0sKu+7YjnF6Tns4gK2UjZzhTgecT7p34ChKCNK2MYa4NpkLvXWhsHfGzmS/22heK56GdfX+e934H674EbmvfS9n52G4SEI//M4+f9KK8X/Or2Q3GwE73pzjTCmc0ZBpuhgJEGCq3WCmHzKEHrSm/mJ+9uPc6CXUVN+H5X/C5Ha5i4lOqFFNmIacbsd6yjXFdqc0a8vIWXtZdfgUL1hXGF+uf6cmMg7/SrPrh8+IrDx95CONCCwFaorVrxV4dK1a1+Rpn91Mb5eIerjX+7QjH8TvB9LqItQlRyVuHb8BZC0j0Ldq+xvEC+cZiHiGt8D9weHhWdJiMm69q3MV1c0/fQQmoA8uN7WF/d90BpxVFRiilHdGEUcNq+TfiywbF3IfON+R+wrUy7K0RnHogmeiI5ApiI1oazKI5iTFmIjI4pvBAjqstbqSDAaTU4aKLvUjYSa7/mwfg2UVU2JqM6znssJuREwrU8WDeiysS8H6FDDqTfPe436Bv+O97gaIJ5os9KZC+otoaX+L/r+PxvAZU+P7whRvxIoZdUA3THPR+XO+Deq6gF0ZFQOtWzOv3AKnqCrYSqQ6IPWw0zQ6By4Y++ZHEh80ffjH7S76rE3NaoqlM+br2TRhLsAcztyjQyBVq5bNjDBwUPxpIuQHT4Zxdykud07RCefdi3vEhxHtOpdXyny8kj8U+U0MmKojaRX4X3b1qXF+gDsmXBGV6nIN2B8bm1VAgDG8mj7R8UD3Pgaz22zN2vHHJ135AgelPR/P0b5DcGMxiGSR/pTVCrEmotuZMjrwsbbjvdLOi5VUEHTDrCxzZ3fk8hC/n1DM8WuZCmuISpZzrKF2rnwtNx+CCYLuDUlFZLdeD99aNCKGTlag2MMYSvG7iPgJRlhOLSnFB7fKv8snhySqARq25SZAcy6epAzwv3l3M71hw6/e9m3fYNtQNU5OcDhNtGKooNYk523Q2w9qI9iCo+TZxBT6iFTtdmRoPYrDnPrJ+m7LfyD/LfyglU+lkX44ZYl73NW33VwK6wFf1wSPYa1OP5O8du9yWW9p0N8w85YBbHYt3C9snRiw9f/9tp6HqAvjLzoa2o4ZcNE8Z5L5M3C9eqlaBtieS8EztzYUJistJX/8hUYe0BEdoAIWzaojbcJ8i+LVfskoax9USxTWBTpUVI/deB5VprKaUj76WODVmBwTHIz48QCLbQ3dmH8ZjrwgYfiHXYPpax+3WNyJW4LagqZBQBa6p3sQS/QIhmnSQwdA08cdsJ9CUaBxgM9sTgqQNQVdSj/2SKfpRY+6JHwfM8pqqucQzk28tli23NPM/oMvS2qF90tYTdEdueYQ9ldiHPYFbMN9uLFZv1pl4gbkWSwijxXAG0W5TMdQGMij8NOuduMcn28/flJ1iaSAA5trimHXdsTw4zRsTcqSD98ShoLn9wbCJ+ly/lV82X4PPVMhab6hC2KFC/+xWfkQA8XzuH/IUGDF5uYn54FtR6UPYHbzH5KzUjxdrEHMVvbPKuV3Si03617R+U6pXA4FCN2jRWQyegspQTkQlhx9kHR2aUTenEQ/ibpgb6aaUsK4E74HLQc79y5O2OqZLPZKEvRkvULCE9DtgL3XjPFashrf+ontje5w4MihE1PjFjHWx5jSY96oDT6WsgDpUiwYsaCN8vkoFJtArpMw+YJFEPyp7fVBgyalsarwmbyDPp/huRSZ0uBJgUa56stvEqNQ2jY7jTReXCGtnrdyohmhWaEAmYzw6arob+2vwxC16pOtWw0tBTs8vfkIEqMfVfKMacmeXObbnTuZ3pgucBheeK7cRN9XR1VQnHmpJriQnB6YW6nCxHowe5Vay7YwMq6tNDgZUDirdMapwiKIKPCMWzCEFKOFBu3DRr5EJWjoPSvCImli2XxuHCCwbEvQyZMNXT46/LIGkffg1gkDSVqv8SqPl9iDNbsiRxbbgQUPpXlOZHm05+c9lfJ+lBQfaNBwCt0E+UGXBMz+bMx4C7u9fKcAY/SKT7VAtCEXAM4PjFHS90GkwOQA/x3xl18uTPvxATWbKXOYnmw7JE2tGBvjlw35g11F0DztM66hTORPjsynlBPfnIN9TEyJzGaOBV1oH4USc+191lXgiPhSwRFQF8+5aTGUKzak9HvMDWAGxa/yP4A3IiNnGzYBTDIIQtnPmX9qZ8pKS8fU4dyIof01LJkK2lUX1NbBmRerup97ITsa+w+JTE4Nmi8h11qNrk2gIYbWLX/Sl4wJKH9A2HPAaq4GSGyUi6S5hYWwDTie6oztD93WYpoUXY3yIqXF1cdlOmlcd1lcX4hX6lLs8pxOlV1lFmd1L+kpOdhD1OKGF3iCUPNPKRoBDW0g3CqSqc8N/b9HwC+chi7VsO5YzFz08pjWOO/orBNWu7MW5M5hIORfrAmigwrulIzF3OYqnwYeYwy4I9w7+Kqz9/OiWEwySOCm9sfzTFF/4AqiNWebyYxqbGrxku3zehubVihlxrbqqkS97lT8b2djG/WNK5QhplsRFF7G3mMR2kGFjmA/hJz7BsgtFXVAV48IUREK4juuf28Mh7G19rQCrzKMyb3lyn2OAP6Jr9F6fuOJRX3ecpM9W8CPmO8sEQeoj4+P9HU3x86zIFoOCzfaGrZaMbHb7f8vdUbb5bZbERUbQQ3+OxXlXvzWnrF+u1PFqd1pIwnM9GcFjDs1E5+hCHjEiw2PqYK+G2ys4d5QGHLvclaU2+Djdqb6zg9zchghv8LgZxOstnO/jMZLrq22hiCX1hewB2VXa1mDYEK1btFqA/pLlmGHvk2bTp3LT0ybiQ2QlSszTq+OHCYXrYpxr69zsGjLQX9wN9NmI2tQHb4IdELGwzaHd0gOv4az5Mdnd54N1fhuMLqKAsbPuiDZ/fPezmOkYDSOiiMZ3ThfoJrAyI+djZAvxv4Voy0q3VBnro+YD9OKYLqgF0LKGTAGoNIgMLDUneOExu10OAUEnO+MqeriYQpljfU1S879V9aG21U95lAZY8Nu3bDKPXZQ5gNgbzLn/sql422nZiJ7mIPz7ho7yMLP8JVY0AqjMVTOZFiE0HP4zzn4/uKP81OMAso8p6b0AQ8ES7SjluRlGzu3IxJIBJVSfJl/OZy8ktfytx2eW4MHD/y+tCcqSE75FG7CRGUPjAElXzoRLFDH8PrVTcnfOJO+8FhjvHaaUuw83UrbI2qp9O7TuXWx9tZnpwvX8n2IF8lwVbWK9rVrkjfszUsRFcuA0auWbee6UTmnlN71trruyBQpctQIJgKEtytoAQapAsvKgBj3KYS6SpOwvJ2RJC0AlYayJSrb6daFUn1DBfgbAaVwL5/gufcDUSweyvqSEE7YDTqRRQGc2ecHyyaL457XFH9JJz2jU+4dlFeapgRGt8hXfiup1O4TU30Q2521ffvGe5WxQugjtpnX7zzPTo6Ipf32TIz8k7o26VL+uWjKrJ2EwKyZ5/V6u79eDrEiurmVepZbL0dTO5K1fMSpJUIeK+TG+dwyM2O1xAL7MOmty3wHvDLbML4JVv5yIVM/4XDlTH6gZ9r9zCmX3vja0gt98eDTdMl4UoAK0vtw5Xvda+01f7m4WZdlpGqndqxnWJRlcMOVf1WJsUeM0Yi6+zWLu+zYNFBk/n6zJLqszUcfXwM+3Tzn75Arsmi511yw6xrDB6IbU85zYV69Xx5Lz9dXyi8xgs2Q5tT3G0bB8WSvTU9L5Ng4c+AkhemKIwQGDfDA/1CYHDIiTuMOHRDv+Y2B9rKtXfX2pt4p9V7FHIjZdjYXWGPmoPhqT+DITByEJSDRUkS8NSkPEPvg2PycE1VrBVlIqjTk20EP+C3T/yLMRnaA0hQcB1wiyWi6DQrO5GMJeUI/Zh1QCbKEmdfCQfC1EMUSKpAVQmfE53wk6oTWFlLBCzhv2JQL0FbJXwhjYcpondM/yGQgtpADzcMuiJka55MI5jQq1S43DZiOiT6gsoDXLIEELoxAe/WOvLhxsQdlve3prxK92ZtVEvBwU9dCpHvvQaPi4VJHVkzR+15pl+dhUkDDrehUF64PY4GYMISAC+1x7AfeJcA6MKwdkCOn475coPDQvgCq+EWEUZ2igfjDWSzGwBzOREvC0W6tDw6aMjYt+IsKrBD+VRH0YeKbrgZMxlh4Z7MiHF08pQqaGah5PSIjVdMGoWYBs6FDRCt24p3/POFF4EHKgTKqfrEh3CJCjMYRK0+oDUF+CDN0yGGUfAcsasTAobGZ8hW9tFdM/BQmRoeaI3+wkXbK8AJgpxy5DBa3Qy365YdmpZY0zyz4olKfGQl779kgHwWY3APSTxVVZ2A1eCmquSle3h1yA4Ia14iHMb8o0SSodGdX9yCeMYoZJECZA9yK8EDmxAupOu7uy/COWULkGstvVIcDMSxVbb+PqBI/UXYCp2EPhp3IGzTZ+FTaEp47WvOoCXZQ4sTgtTfh/aaFGWgFtv4Nw6hdVy0CNZVhBV3hcX3cwL+7bH8Qidx2t6poZBJ1rNzErxM62b6hmINDdwRuMYFFA35edIb8OsStFkeBufq+7htG48j3LiOT5CiwfAnqjn8ysZeq4ArVpOS9aDfFu0k3JuN+EPvtoH2KO5P+SE6CVC3vJAhv61jelcOb7wIXzhwPt9CJndQWaCdBeQRkKWCWMeke0UCXYDmgTlPY4GNmq/m+Ve/ktGuO3K8GHtAfHDsEYhTLksPrLKBe2bIwBo+eE0bRyA/CnSoh6SK5UG987/gUlcm0EgzwKfrivxpje+JHcHclqCMxkQ0KR1l0WK0GSH6epEhqk//Y7n9MLXvVPQirMlKFFEE7kN3RG9ZL5qz994Q7Ede2GF3B89Ktn8EwfdiX32XRdIiYKaKv0omKtuqznFyd5I/jSs3kTAKTnfd7t6NuVCbhW8FTaQnIbn00qKt697Fpd0f1IdTid4wJ0xkpRV1G+lWZqC4c58WyLUTuSLdG26wWjMsVnDZxxU1T2idMjVCp6upgPdvkxmpH9d/v3bQ1LRacPsyzNS79XO4imzMTZHjoY6WjMd3Y5aZMHB1/Z2mXWJrUgFAJWtbY0qRyTNqyjUeq+R1DVXBZx901RJeKIJXDvwzX5paTSQRqj9RSVQW6g9c+0VvNjv7+mEfsTU6MAYi02jBQT4zxIij9P4VTgqumbvikuzi4KcWYyKGkcE/XrA4JiozE7guzn7W55KSc//QXGyaORyjjv7aOSUmpvutcbpnYH0uRCU0QSnpSvxlauEqlvlJgylSB5zVU6g0eNmY8qwO8MtOoZvbgxX6/uiRz+J1/pR6p5I1HaHpF9Mcod9x1mTGeS3RDDY0tlv+CBIVmJ+Y0aATqT0rgjqW6XNDemGzS8m3bcq0m/J1Rffknsqmi+7GZrQmXDQfiISaanhInZx45fos2P/C+D+9lFE/uuSkWjNkpElgiMHRfwU8pRY+hE2yXjN6Anj/ENzOerjzHchC1Sk+dC0+ycf758XVBtuuIKxJ5RpvhO/m+Xg2uAs5B4fDRgxFIY8cPuQ48uoFVzl0IXpXJTSzn+JDajiEsiJHLNiPHxrfitSEO5R/gPVrfJ7qkYHQWNMha0zjOHYd56AxpeVOsWHEN1/bCwTDfEGFUzY2OvjL5/KwytxypyZ5POIVn3UwyEyW4np0HJbKxq3MQcZDbUfXxiX7CjP2AFq9ldOCaajsIWzQi3V5Q12vFDTSYWaN01IOt1SiQ57nDSBLT9hf739mqTqiNYY4HWhZqfuB8v6jPzcw8Mi1y5YIWIg5OItIsD8Tg4zAi1jJeOSdMQY+zb/7bFwoJLmZUwyU+Jrf8OFYEFasBDxhW0mPW9jIoDQQCxbUTSwTBuuFT1aIqfaOHyN+PPZI/i965d9p7+FgQ1Ak9y/i6KARoUwof92C77yQiJrrf3zQGUshLVySkgQrzrA1s2UmYX41ml0oHWkJMsjC7TxJAhREi+Af9NLDpdT3k0ZY/4BzPm5SFsJ/L228aluClPdIrDw3HlvzcaDnviBhvjh/v9KdaggNv64vSwVXKH7we0d9hpYieyB+aPpj8LlutPJFUWY4LTqfNaWahFyUgIzB08I10FKFsSHGv98j6WfJqgO03d0s/xf0olHPPjhqVCVMqqzsDVkZ2iRk+Rx7liKHBtmP9I0YQtjprsxEdUuBBiwAJu8sQAHLK3Kb0mrqTwKakmGYsEdkmeGoe7a2AH+o8EnbcyQ7Ixj0dpouKPgkTnLp7AjPF1AsxS7LoRZ/kZXOOAG7sLwjYkAFLqtNHG+Zp7ZGTQnfGzdSDqPv2MwfRxbv+yJfBxEOGyPyha5Fx98ZNZnAtgVLjvz9AfLXxM8t0YfjEXjzLz3XkW4KJTqCzReFihemEZo1WsGBYhUPgsJZgrTfIZesIkboYMw+px3U97EsBg4WmkNbtvj/8HKl+cCZayCce+DO3vXU6zt37hqNRpnwRrHdMKA7BRjD5ul8gh4mYCGPaYXgFo20ftRKfKE775rV9+G/JweSpvBT+PtxRTlyf+k1Zn5wt5DqNCrss/7gDIId/3OuPvPJXuC1e/YbD85u6EkzKSDXKxvtaE7+2JzTjlV0rc6whJLcfDZzzocWPdRG6Dg2/LxiXnV7AA90SwfQK37ge2wYQRYdio6iy2UaX1CBjzghWSPYvTUAfmzGL1HAMvVtvrCtkmkXgg4g+ZIl2QXzwx48+JCyHMRUizAmpc7qWK7+RLAomJrdcPdvZM1hLXuSSmD605+DcY22PZpRgL4f0U36kE5ZA4mwfHL/JniqW7n9M2PjRab+C/gnFVSYLH7796y2M4pa/PBAsUh/rfXdidn1XLwksIrqT/Y69CeHLllTExaM6nEHPhaTIjmIwf8eJ5taWdTuX1OjoIf4t8DuRjsJOGBH9Kf7bKYqZMXUJJxYBGrtFpmJQ8jnIxifL4eTMCJ63I/1SHDrPmdFSy00SquW3oAbQJ3Op1bigT+2oyazawA9ITYetZ7PBvo37iyWnlr8fN3zqaMFNDsAJkqwfePzSS58cxhD+y0U9PBD/CTQUbgfSMxBuWkrwLB2ZdPYUZlLrBcQgOggvM1ku0pT1Iein8EV24iygN7NhZ0FmildqW5iag3+4MztNWcjMf4RBX2g9Hi3FX965NsOo9A9uSEvunywTwD8SilhtMaCXkypfWZnl8wYNeff/CVJZi7d/07zj5m3pjIN2zeHmd8XzR1bkI272QvfmPh9N9Smz5TaQ54JSXJPweL12H+Z6Xcriq6sfQnm4G0+hPzzvO+E87M3WD+22T2N49GhTc/AvY+x5z9iwzs/AQacX6TBEdNgsFvb+ztLJ/9W9Uo/wRiDETyqdZ/O0bjXf5NFJ6MlAxQfWbrn74H57dMi6ywL8sCpew5G8AaDXq4JO0jfsYqKghp+wXxcfoQK+RWI7NXZWzM/sJSJvTsful9vqYrWKH3gG1Kb1pzu/1D7CM7io9PWVPvOH7jOn6brOD+OFnB+KOapMiut35x5s+155QjaxMUUX5xIfeLy3xDMvUYFSQ2QZypt0WTK3ePZZ7+Y5Ch+Osw7ify+yHd5zdSPX/rnF+X+qYwnMrPn+vHDYL1fmpJZrwu9/186xmCT8CUT1cO3mIXwunz8YdDh7bMw7C/dyx/7PVZwV+ewubLB6WqsixOnr4s3PJwWztZTb3gmbKtZsnGY6vfOqkYOXgJD90R7vuPfr+Pp6fyNtu1FOcenWTVqaFvxw5ye4yCQSV/p7ugAvAp9dZKwwKl3HgK+P7jB80lutWJVnLLsre1v0Id6xQhei/0VSxlY41Zq+AFQWvbr2hiRgdSGNmN3F6Jx10djRTMI7esXBFc5V9rlyCOdQHISV5jGqo4ZfJTfGHHC6yoFYUqK9GwP+j6doM6marKfhdSkH2jIAyeumxYsVwytMX+YjajvwYZ7I2xsUOnwVOsjZhiRp06mQizRZSQRu/LTK26biZCCg8k3ZUHUlCZB7p6F1s3Skb0cgc25iH1ruSBeoQpsTLTNATuwUfwZZpRnZIx0epR0ZwIoJtbxjVuIt6+7f6xHJx/AVV1cUl2XHBH2QgUMOvIfFyfMjH4ujkabtWaujHi8rZVCuL79yPyeZuS7d5L57q34Kzveq7Ha7/vYI1pKAi2qCtIqQOW589QOhSqSa8Am2JSKjiZc+lamMsHU/5a5GMWUoXwYq+xsOtjhiXo1kQ6nPtM8KhUqJEU89niLtQWTicLLEJeeVqxgyr0+UeSOLV8MfXieBEUD2kCsxhu4meLpgxkltjM9cmAwmJmaKH6owqmGv6JHzDsN2owozfs6s86G6lwmrGWCn0yh7AQt8TrE7xrjgtb9ldIujAI2fGfoy+vBts4a1sPvLNvqJipAUs/pgTfTxZG8JCEU/smWGy6aVBQz8Ox+hMuW/gq0yvAdSIdm6DsiW4Xpp7pIKUbBLmB26Pozh3oVZn7NMvz0lNMCZh9pna4LQhLzcxO73+nEAl5mw+738NgPvLKwDMV8trYmkgzcXf2CtDrLGTXx80Aa89ARGfu/P0i307Uf7CwhqjymF+expAtXOnv3ZvxFZO9H9FgiBBqM8tC+hkXgrj1C2EcpIBEg+gn26dis+4yxe5PainkCSN+dP8cfgfFgEJAmsv4VbSczLPXQ9c/fPa/6liPcvp3tfY3FOw2dCsA9HSANyKpq/LQpEIxRK/d5iwx2BYz9BsaELrg3QzTjz5McAs49dfgWy66UPV/ef8z9R6UxGdkO23ehaCWQMXN2ydHX6inDcMZoaOwRG3AVv2ICHfhAbzdDp7BciIvfyFTTrAXz84o/0JSEm7f1QBA0KuV8WAEMo0rfxCTiUL7Xv9T94EDsL3Gaeg/R80O977qCTLoxf2ZCGt8SeZ+JgpbS504cEWHzNM/zAqNnswrqxiEruSKd9I3L+lYgu8sFZ+3HU2KUlUfnTNLdm8u765daz/+rd7sv0h7GKK0zN9xxePUv1cIzEn/bvb9Oxq33nW2jAoLMFZaYw7ZsU/2MvElLDRkn/fPkeNV5TWU1BxaSADuzWnsDiwSvVgeggTbgSdxkH5HBqF2bcceXzN6ZZqc159SCx7PGGTt9DOXLx303hd+bWN/tHsW4XRO/I9KWha/yMFXfLMm5OAJXX9/V86B+XlJ4i6ww4IQ7cTrKvfWJl6Jl25CA/NFxBkYHBA6unk0JJTHvgLWuRykIUtQKHDZL71VT+SyBVRNYeSZIQkWELED264SJoOUYTNb+EkjcfQUpv5gVPTF7/W9lEk0W1k/ULESOC3Uniu9e/sVNk071eBwcNWv0Vzs2IZutck/Xl/l7aSJ26mF4PqOhtuNUNxRHscBeIwRGnKc/ijXl+Hf0sm/q81gHG1VScny9FR5c/A2/5aKoJTkP74FUSkfZsQGn/U2xkzXJ3Jv5PVCqINIhlDgUUzlYVENzDISnYyUwaTCMMnDKn05pHfeGwfXFxAGj/z7H1kpf6fBMP/UXE8PkW9qv/5LvAzWp3Cmm21O5+RkrLm7cEf38zZ0Mipc15xLkzVmklrkS0w+6Q26vV5L3eiHbM4PYVENIEi33w4okr4HTv+UzC0QvZW2J5m8r65580nxJwZwuou93WDcCx/Dn7ekd9fE9AsovT//EMbEicxKPwgXN3VOTzn9O/cpsiLPlaxqvOIZZu5x2jWfz67Dlb452aH2t/RvVk1U0PclGqMJLgIPfyxYFKKL2wF5Du5kHtUyt809e26kk93aOPrklaHdkZ3cxlvh66mRd+fw4a70crdI6ojIAqdQjglrjGoj1QrI+GlAs+w15iYvgRLA2J7dR+XxvvZEByUAm0/jlZui6Q68iXQcPiFbTNLejxC/t+BZbdXS4tD5L6pmhrENRDTuePJ44BameA68UhXnDjTNokNgXJKa5wZlPSCPu6B9ntv6R1utSbsMoALnauMjEDQqYJ9Ey36mxYU01uVHNhhNLAmt5Fa5fojp0kFYcNCA0TtWrLuzNzWjguXMB8panOqYcLMFgyYC2s1Qcrj70OOJRUWt/ftdO82MKA+hlYErHs+LPnnYTXF3Ud7cIqhJmmB1wlR/XNGVVlPVHnsP92I6wUuoKh+tNTzl2ygiV7WeXBrwe8X4J0khcij4uWEgqCwMsrKr+K38VQqoSFkI3p6A86E6/joP/qANmB/FnCo/gvsJElKSkS7T/zTyQWHKra7cFMw/nPNAwu+b5QCkUcy7qjGd98DON3lIxhtYmam8MSgU+PbtjDwE62vC/Vvr8mCDaCXaSz8DEGW2G8Ww0REvg6lwkCOWTVIdHsKDFXoFMC5EBlKTnAf8ZTFzF/q0duZfLwzXOjnLtFt7FczYBUOtT0R1v77cpXLtxdsxEtH+d9s4vj+JEBZdRDl1yfQD7RVwMkA4Sue/6qKnV2ph/EdjvcD7R2N2AJYTrB3gITVJ07UGed8SpUMFLB8iKx+mlVAtH1wr8kwjceYl7LHWwD43kJ5WSOeqSBVPBVWsdqW6kNDIl9imcamCufDfT8pze8ZdnK6ZS4zxXXIUxa7C6rVdb/CLDO942J8YSdd79pHBjM9gLP8Cs7ErAHvC6rWj2tkt+wdDwzwkcTadIC1jfcclp+dp8g4SRyy6ZfTZ5dELbFN+NaBrXgnKM0xUDPbtTHEoTB6XcRszDLKuGAZR/1hjaJOv7nZ5FOk63XItSF3l6tHy6M+XzIf4QceNNeaf8lwWSTeEkiIHK1+2cOvPIkkAusR+vdW23Zn1iacT6xOTTw/P5ecDxNtG4keyO+HtfJa5+cjPMk42QVihBNxQ91zv2tH2wxSvU0eJx/6z9E25wUv8IYz8GqzLCsrXi7RfXtP2T8Ro++uzC8CuYntrkGjXXa7q+/YTy0B5/mr/hfdSTjc0D3JU/SwefODIrZ2ve+aD9w5I0mervSQ4WAKE60ig6eE+fbtoDpRUE9D+B3K330PP6E8fp6caD0DOS4M+jlE52kfmgwn8m1UayFwFX+i+OxYBFFcsbOvTZo8W+2deSH+9voY6OCEPxK/97qOpbeq8fzhIgakKzUts1z0qyduC9yJ0EiG5XIQxbgYnBtKFcX5w1bgzHoE5zNpFSNoScmjBKIQky/G9JaGbACmW4w9Z6dTItQxDt37Zeq6Oq6WqJz8vGCWmCrpp8TUF1FZte1wlWwX+w3j77KPXH4y7A9FYuLRLPR/pfv5udK6EyWaHxKe1Ua81BruyMsLU2dswH9S8HxsR3Pnba6MpXgA+0+rWPzDBvEL8DjUZgPNV/XD6cSYcEHqudPbbhVw5yCNiIKwXz6WdFFto5Ih+ntl4/LS54iaczuVy55abRCvUrqzj0GWPVWhmjoFablN6bbbmCAyf1ydpD5e2YVOSBX46nfIs/4+oeIbdgRGhHvUe1xQQIa4HjeHgXYaQIakLrpohdJmuzgsUpEv9g2bWyL9w3l2uRfKwkHD+ZCTdSmArqsTWRjtgTQ0uMmcCGKGV6pgq0bund4ODjpg9qQ4vZqonot9FclqrMl6vBX01Lof9ZrFJaiQqDyB0+lWECdKK0w+ogov6+RXfl4e4903LCjSmA3grG0gT/fKTO0rZufcyZXetgCHsD6Ws+6x3e7pHDarIAsSm8zGGaF/MrxsLLRCGJk+9lsHNcl/ov8aa9Zf/RN61zAujW7f/CDVpnHnvLLFsnT7yyDpJCj0Mp27aVu5KxMU3pwaxf9ZJF3DcoM1OdImY8FX3crEwFn5aGVMnU34zMAlg9I+6VvicP4Zd38gvVUQbqAL6CeZhG/dLfVSnZqX3S4r2Q1rtM8Rx1KNMqrLUFkQkg/BnK8mYwZXDW7rCIq56NyW/jULYLKVSJsCSOjHmjw3iW/hK9T7o6QoPjpN9o1m6ICb0qlFV8rDjhCZ1mY+sRY6rtEi51ctiOi31YUr0QnJ3cmrWg7uTLbeiN9NgixZaB6Z05TYedVRlPk6ygzy3RRas76KZntwcttbfSlngNLVdjCRtUOyEIYNY6WPlaO+OAB7wTh2nWZ4vsMdAs54G9LHG6GRR2qZ/ixqevun76+wfQmF0V4dooWWCAWRkZ239Y3u3nxwTIJ70CF6S4aL0bbmNRHNysNClZOhk2H6uyHRE21zybOCv2OQbano/G72CiT+F1EBx16hn6An7nE/7mRyAzEQ7ObqxJf5bWeY2aeMDZPvYopfiNgycgg/2n03W5Vi2EB4OMbHf6NJSVBnVRjk21TUnT8jJqM0tSpZ84hM6KoSG1mN28DqJIXF1qEeqlHxkquLEJUwisP6vU5H89DDwyPv4DdMCtLpHyTWJYRPYlrZjszB7wTCHu1Hg3O0Ua3XnQmTIDWzdhdMeCna+TK9ojJ29ow4f4SPM3lSH74uzXtauwD8KEswl1eC9xFFow/E9XJ3ZFeJPznykMgvx51TCVmoeUpyaGIMY4CI+XdF+p38vDGjvgJ3QjQYKuavBXxqPYnodyIlgTcFHcJgCdo/uCgRYywAheo2WNPkVwmguG0B8uCC7Vm93IPvhVx3/6+y7yzUwLef9tVQr95ma88LqN/Cifa+ef51d6fNrEtEfJTrbeaNzbdSq73OwkNCdsyV5tchqKfmDWoWh+F7gE/4rpABUN7CIHVcXR6n65E4q6aW1y2HtPbxM6bQNMVvt6Sr4BiUHseKMNPeum6xrISxFMh7ij4z56k/xpFzE7k1DXzbChS5dNxpCz3qMha1/e1g8LL1UGBH81tsgPfnmqdtoRavtzLLYyYXLnE7UXPe2wezPQyjGzSlTvdtgTAe2AotC53UxFdnhRR/v125kOS/8Jgokm+jxYYx/ByXMLCsSUQMuHzhn8L2sFy60UPDAMBz+TIDxJOZIFPi0ZFnnCimb43kyCvOmh//uwvOwLtFH12UsVzd0au01fTRa9jdswEKNoRjn3ntyHU/cCLdjTOALFa8Rg86ZwfujV7ZH55tvLNZ09dMrNjldlqE8OjvZY57kq2fRmpOCWmL0vTb5rzR1QJeksezK0Ft1B3S2Dhk2WRfD4FyLZBcouoWXSbEaaH76gTuQI6pts6/t1L52B+1Yrn21VdezXUoxO9GOMqnbVfC4vdQ0ygTATaQl/fFpY275/mYWn5kdO17Iil/cmsevjgcUqYiJcjKP9PAeL7v+yvPqpHRzS1bucG1k2pV2JgzKEFJ0/H9/0wZa4Owj77k9Atwl2F+FDEmxPor1X3R2yzC0ofm5KnYU+JRKeFmMZNhlHPjd2/XCiOOT7EcMMjEwAby08z5LHlLiguQWVjRSkNvTiIHgX37Rl9V5nlbxyJ/D+FyB+iP2rMAbH0Vu2esh6Sq6r7h31Ljs5GNFoVuh8/ScmZAwtMv2zV5oXzXFL1JH/N7bWy2rh0whO6WxpmDVHxsNHY/GmHt3tNtmvTa/0XhAGnsTG49jECVmh2ZUiQu3ItS/a9cqMfOvtK1Z4rerX3f9HfiLxzXxbrHzJclf+a/nQ7k2sMgRffFiDlylLvstP/HCWh/4I9iW+UM+LA+l5jT17GMaxMZF6Gt3PodS4+yP95CqOaMDLX9DyxvKmEmrj/IVXp5s9CZ2FiuN/0t7idewhNzRPiE79/suXe+uoTn9BSV6bWwXK5mWADaJX4LawSNYD5Z1At5YQvj4lv1exEN4lO71xHvuvymYWNcweILQiYe8tYRkllpCcDD8uOe+oS2g1Qi7Z/s1pByWw2LDehA4lgyLDB7XxPZ5gdKu4ZwFk1boKyUTlspce6pgvEu6TXBv/1+MDptJvYkMnynWa83MnMt//SYdcv8zfJQ9L9jX4msZBgQ9aNIiCP3e0re9BWgL3u4gCzv76djiu01e9XKwr0jGW3deltop3a+rdNbP28XlurBBeeSXWaBuFiCynlo2WRG+Alf74pLaH5Xz8CUZcI2BCp1WHKVi90vqhWB2sZcOIlD6c/z7Fwqdui0JjMEc5Wm3oqAqLOtWCbTC0t50fbeAPJO+sSKP3cjjVuxXamAxwQWTg+lz4QVFVGWCXfzffFoafwo7tFAFPW3u3rwroUYuPjN7p4c/XS3dUlzEr/6TU4Nik19BHr/Anb46g59BkmiCiv6Wa90fYXt+7v1nXXWxON9adWDWe7yXzGD6TWVBac+rdsmiTuXX6jwQjnIkSx9/OfVf4XJvQivAWQ3ET+8gK5eB9NoRUUlLt73Bs2QqYYUeIs4bxgj2t4k477AM8NRXfHzSSl0d0hTjEEsBViwNZ36SMSV+Z6GQATwda44Mg/FNxUhSonu7+RUgjQhpbZVaivWUHi+knDH6Hz9NsP+9LvuP5P23yzgtUdD44ZtKYy1PpW9TvvPCD7CQad7XvULxZi4kjhltx3DKWBMRgpZ+mZkOD3HdoaFWhWyGw39QHK21J58IQZjiTneVlAeqdaL0S545hpaFBTvg9+4LAHR0/G+PlhQwQg7iRp2aGCFliMscycDFa0S3yXCgqxbangzCRIcY6MsDfaEhio+FAxnc1C6rHdOVG+MTt1gvvUfxxaOPgflIZ0qshs67xGeyxAds+UgoO1FYgQniXMisASwV3F3OQ57ffzsHbtaGV9+/jt1rkP+2sfFz64iozkx+7PAmH2Tql8XsusuSB9p4wkqQ5pkpegVvBFeJkeRqQEzfq/5xtjYWV7uiGwHBbjDfYO/GBQ9H5tpa6+9D6Jr9wH5gby71wVjC7v0eoHZhewBOaFOV6SD24l8uD2619IItruOEwuEf/6A3qrT5s+ZaKn47GVW2cXGjteGcXM9VQOf/Yr8GaZ4xs8SDGxutjTYRiTFlJbX1LhTpJk8QsRXpMe/VgUyw9aG7+LH6Q65Vfgl0yzM1b7Lzr6Mw4NFYW3Wg66E3O2k0235JtMBOxJwtBb/hteRwM/mkIwxiQB07CkW/8CM/4FuaAzNN/z3wq4ElhATg2ApeAehO+BiWa0Bf30PqN4GifnMQYVyhO8mbiqTsPrn3xRsmi19Oi59wUOEzibiwIdP2nXcdtkuRSdcxdu/jlR97+GhpAlvuYFfvHdS67A/mk0JFHtqMeOyNlRhg91Y8j6OBzPzKAbfzkda1I07+OO6TcmPhBaUqqOuMu9dGA/PWKazXHmsekKSrUyptbpfFfFjcwG6J0ImAUOE1VEWzrEw52vuLCzTPhcTG37ARJVUdp7BCOcX2b8tA8nGsvcgu1/XrAfozckTandyihN3dzJCPC/wtid4Y/CK/t/P905uS8ZuP3ir5rjH94dbc2qhZRSvWuT0kormJXAmbmU4lYwOG2FXag5SbMUxHt5HQ/FTwTfhJGDzjKtnfW0Gwj4nagLtUBPlEYCYmbspMfvOo+TjzZ1tRwuesgYajk1/hAI8XGQ8flg2THurHIwniAckNRwnlWPyGtgPkXOV/7X2ijOORhY0ve8c7qHtV1/ZdhdZOm5K3SFXZjI0mXe6dTWPzJYo2O8dU1VNuUQX6pKVEORnDb3t3fMTjoyxf0nO++yYHQOKtj5BSvPe8/CiUmHSxUlBXlvkg5RsfQz5DQ+XglE0eWUtj52QKHLnvMQiHgKTBMIzZnEd60SMgBYHlJtr4Q2aAfjiQTQErZA+/q16OROzhT2S5tyhB3ZVIgWZ/oZd3Ffg5XNoYAYyL9PGfO86USTP0l4lJyM3pgNNXpSOYkvbGYzTDqbgL7M7dtrydbVXbR1/pGDZSIz/VPI5UAbPjnufYAnr/C4Xz/C2aKinmIXK9ArRMQbNDC2prPKMgmS61oJrXkabWGyw2I3xcy0Uz63sCTUOVQPqD28kmcIybQwYVOBXIqAGuu4ZzZX0vHxfMQy0kJx6znLu572K3+PDlyuSnZUTC7/cbGBkvGJ+8+XPY7M+Q2JKv2h5LLRKCWaJJgfxXyL3JYrI7grfJW0AK6nvIU1Xv06FAh5yFGLS+hlfQsqi8wm9OOsbTF/YoUcijq9GhAdg0yRX+Y2Vu0ie0bhd0U+rFPdjCaOEjoAXW9w89kaosH7YwXagZDgwv+5qHNEpbQPnqzf8Res/PTTTTegTMCEQLJZ6n6oTtoHS6VJQJhmGgPEZwRX/wGx9I1P4xK97W/HqMpXi/u0r0qFOi4h1snRztu5kdw3sXK2+aRw2+D9bE1hnGMkLQe+8Razejg8/YvZk1lIQVatV/PlBsFnWKv/bdBDAcnq46OiMef1lBGDtP8s6YBchCVr4dfs2HCbWUzUp14a5VTYQu6r9I/E6F1At+hi2hPcHMa4kRfOutl55/HeZRoMeblzODvxBQXWGw5EQfrl3pPhV63O3xd+XGXOsp40gegliNTkntAA26lrNt1ClZBcfmJCpXA/NovMsSDtoJn/9YA3N/XkAZGlcnHxcit3K1l+Vl/xLmKssJexOF6pgLfsJROu45YSKQnBdj3D5MEXDamEMOHyIZ4W0WuFlO0JzH8nLfypdSkKswnJEGHCJImO19BM+5+BFQh286JF7PR3KQE3HPk2GwGDD4sHqVBxKArVOnhjw1GYUmbY6rw7UUR51yGSHrF6Pgpl8Io4Ws3MLK6FND1rnV4TvHYUC7LGSL7RBK8jqBu4ASQqNIBfmgDe9Y14YzbmgDZAksA/6Oj5t13gN/j47TXobyE+bA7AsX42zqpgkgxVQCc2DAjRkTzMHbxgXJv7PbdelJ2/VqzFJ5JTHgL+1iKCcqKEQbQ0nCLznduRJSj3KKpiGNKl/HrRZHQJr94VwSR2Ov4NdpUNDXRc1VtzBaHRpb754xuR5ym67aExe6sHNM4Z3UUybnKo0PUNt9DCccAVIiUtpPyvqF3lPAy0pGBAnhVJAvKdbsx5qDCMzCqgAg8EUGLfhtMsxvNRGIHxtQWffPbe+6cSqfFMo4BgJ2wyr9AfMoUWNOEmLxYWhcY2rNUY64m1vrDdOMJqrxP8+bSMKfwthkw0/9qP9rzqE7Zge4raNR0Q3jP1BgEWkk6Q4yHJQiwwEsk8p3UXs4L2Y4X+2UE6eS9sK5bn9Y87G0ks1JYPHO/SeKEUAF6sl1DdP4KKstA3DhvSDeQzZeJend+O8K+cycPnA8dhne7L8heWffLKJgsTLSFTPitVnLsHWa1GXvRaEMLcqb/MpglwVqZCK0SG4H6wt+Bl91FImVUKUZhdoCaEKwvEsZz15b0Ty+qppoquSpgcda6zYH6GgDx2MkWqe43pF5MilQV9/OMHzdKt8RHwH8Y/T694v+wJGbL5Ef4vG5yXEFyyRDW6wkwfxzGP/wimHHOUc7SwevY79otyvR8TI04kwY450vogYmqcEDmxh5IB7cQvD3LoRant8/hODz6+IcaZw4e4bqdufV9vQFw94b30Xg75tBTCqNTVMkPsSdgUqT0YEUbUBhNOA7JuvXnlEQkKEL6rqTkoy0qv0Bjb4CrKu6dxllby9x6o46sTLJCqC52wqj6ThmdHb9vSIkAF9gkvCuHpnRLbNXHyf9TflHkjTSuxDAaYKC8HxgeMAPjD176RiFFu+h2s70xLNvE/TN+3OC9ccXy0MDMId9/nVCuz7T9xmw0QydEsJB+NRJWR1y8UlCeelAu4FblLDk1Zs3pj72JINKvVl3W3STovgIn8VuAkrHSn5qCpTVWrNNVgKLzMtBHMrQkl57hHn03dvfxGdvcXh0VgyEWujYreU6REuvxfxwOs38357TvEsl7tZJxKvHEeckr9Xq0mP3vUGGo3xMZ92R5QvLRV7rNkjc1/WOTwCOGMSztIRgk/Ia0LXpVAQK6rk/xr38V7f8YprVzq8L2cL7HzR4FdDRWfM+uao6jRrINwEUstiYVAIv1kp2aPqtybIpHc//CjtNUBgFdaBRMEiwBQbNin7llHbNzZPvPSpI9prlAPP8xkxfuKelgDdR2EoRfK3J8w87T7CPj1kwjCzY404N5vNqzvseVb6T44kenlCPFFKgwjGZ0bunXWs/zjVOHpCfCiMPtIgn67ovn1lPYdP6G45rtOHUIulvPfgylNOHyYhcskQzAfgPEY4Q4QwKCIW5ZIzhI3hReDPCLrXXCza5UChT/IT4SZIQa9IFowIHYH1l+/PGoJ475sWa71WMqvTynFo+qAncpZg60ulTAXP9GbxLWE5BWvCQH+JbyuPkk+KhwKBE4EZUitVjAg+ECrUXhmYubdBhPsDnAyY0VOy+FMP5pk9WPQdnp2jTI9xTWfZ4eN/Yzu7V1k1hpDr03IFTK982Yl8NrMjvBvqUNq7Sn/i/hErpHVPvBFTO+5y09aqzExXoo2ZjJFmO39rYsh2xrz8eT3wtES+5lRIGYpbdur3gy0Z/yDph6anM+UPFMoqrmz86uLHUjjooYS6IuNGdI3/KKMxdvyfNNlCpbkWzPQnjOGU0MUrQZiYyTg/eJD/Co6AwfuLtX3bMp2IX0C+Z9B7+UBg/Aape1qFS/Z1eYDZDGw3hOlqTB2h1whNTTwV3TAjkL/5kJAy1pVHh98ZvAnS0/fUQ0NeAOxaXdfr+KxAaSKNvIpCd6DamBte/WGMZghde/79OnzewbI5XiOL1lJB/yT9fG8oSs7P17mtQQoq51eCxNKM6asDpUacviWPWF5w7B6bCysgjLxwDgSUFdKHWsHuO2lIXsO/tYOrr4WbKMIKSFLDehG3ev3iqq6QwcXT4XX0PsHKQ6Pd6hoawX3lM7VSOHG79PH9Us2hf3UYg6ng0+ehhzaPVAQyW5y4onfkt+0hI8Xw3kPUy1sB6JN0DjH9bg2SlIzXzPCApixyY/5AlVbDXIu9IyVxg/nNXVkjIq53g82+HVhYnZ8CiHyUubhm3tgGQevTpRMzXIEWnN1MTLdoIUQt1YKYcvF0IftJ0JE8F5nPBCQCqq+CJC60pqu4EBX+PYQ6iYeJ+ai2oeMTbhjoRYmfWBhIUvFNk++YjezZWiaVl55Gaj/G3aTKDWBTGWeIVnP8gHzNlfLBp+5+mv95rC19VROnEcZCyxy8IYD9K+Qlu78sr2GrzAA9p1AReuA90HIhd3adeElrJIu0kzlmMM+Yh7euJN8u5+YsfzA54sG3mhMYH1j4UJSwLNhyftK7In83eod/Kketp2PBv3geSHZLv4PmCmHKFZMw2qNzh9zSBhJHNHdNnbn3UzYzDkRhUPL54tUXExrgLRk9cUPtcynqULxZjc0gdkKinPfaHtPTHnuHflsGVTomFDPKMrVoxlXXxoacdVFI0EI+hy7atOnHKQ67rjgGgobB5/HOxBScp+sM5uiYBnWevFxR2/ZLnc/Vs38s3PnHbH0uUwKdlaAMsR506mNprpnD2H5XWIUyRtM2YJINC5qZtBG31e2eC99un03tzo8/zujBJQHxK58MmP+3A2EXTlu+D5Fh71xcZ5HhDC7D80h5Jf/+rZBZCx3nHO8ub2vMXQntAoNx7c/6g4gcm3yCemUELuNjYM8IBX336zDgabCSG2wnkLL2Q3HoiLWskOZGjo1XPKaDmcl61Yb2tKbunAvet0NhwS5g+2qxRPwxYPwZN3JobqWFWqQ4YMP7EliEMsD8Qfi2QN2B3spghszTnKKFM3AwnJbPh+bw5cgufD3rrawJX91OYKYGrdYbRFbmrkr2OASJxaR/4RROUxWXPyiQPbsv+Y+VN1DUsGsij2m3gj3Z9tyvr/ydhRrEi7GXnPs5MX/pnBGbJr/eyYZNvg6yN6hFgZc7CbW8wcEEOoDPKfGPZWKFY6H1hm93rCYuYr6uwqHwRcebnebAwCBVaY8aPBoXJ84805beEJMmPr2ukwGjDkupGXwPIiejKqQvPlklj2XQh/eEyQULtmVFmGoBglE7J1MVsU76FTruC1QgH0Q+Wvs6v+K7DNWJ8pbab3E185o8JXMh2Vz46WCysxXPwx3cdmBdmy9rPHikDVQDV7kMXDoOZf1ZsYuSOUR8/UOrG3jg9n21jrhH7FRW81LL47vxlWaysnDhq/AWu533/nyc+vr7b+h6s+glrsRL9VWIo17jiT84vXlToNnCya+LyCvIo3oeZFRQ4s6fvwZt+/lRyf/eowjYXo1wnPqX2Wpo0rCDf+vXhSii+awfAKxho+yTbfCVi8ofciFuGyJM4OqL4dSENgJT+/UgxhOgzXpbLPmAdlzmC9FvmjmwrjmFAjN/lQbeyFEfLzRhl5l4Vu0gRwJqjQihWIw+pCJJVRPsq9FEQI+V1v3JGqRDRkXMPpNUA7wMritsEzdixQgsdtX+0LYPR//jvD95Ceg/WDDAeXqtP69TK2bxfwL+awEkyQ+Ny4ACS5K794oYGf9sX38G0l6E7hXro43NbDG7E6Ob37MVINV7rLe7d2RR95JcfJSHO9HeeotR4wblE5eSV3JIriKtAn3ikIvkxNhz0KdmLo6QZSgm3vYO/XeSJZyluod0N9ECbcLBN9n7LKSY4JwXxdfPfxa4OSzOPGGzIhyk7bpORf8ypGRZWPFkdELIHaIjXwD7sPuA7eoqq+iOnofrAsogUUDEK2xbhiAPL7TQzhdxBLDklUOI15iEUhmeu3CdUebgMhrUvGfP119rbBfj5gw1kFtgCT7o1gEqVychldUHAqQOn597s9V5eSIF+HpLpKuFNRTiQV58H0kONZVshI1bIRQGF/4061bJh97IUCLGioxhR/UIQtBDcuIE6tMCmLdETPj+aB1fwQIJceCAnU9rwAjU4uwqBu1INsPp2xosN24tpoyeH9M1K7skB8gcHyMA0Kxpr4heTVWxJ9Jxyer0uXLkDkrsXOKjcLxQk5g58+R1/233vuF+Fude5nJlfF1d4RTWqGygTR0l64ZMAITy3SapBFth1AYm3q41fP7eZeoG3j4OUudaC7rkf3lb79NbGWIoh3rVTM0S7prz//JW5e2/D0qHI8Flj2ZkE8TA/aiS0vKPe8OeBI79OVzJyDGz7bZj1GCvaRkh79iMR/KBrYJgF7y03WNSr3LiSWI4fkD7SmwkHbPgDZHBsRpHcUpsEHhLwSvv/0XTu8Uz+///PMSSSQ85zKIdyyCGhXE4x5yXeClGOI+djDpuc5TiiJDGaTIlIIRQ5NOWwOeZMTptDDjOzg/itz/f2+2e33a7ddl27XofH8/54Pq+9XgrwmtmHC4stD+NH2QVoArmKqupLn7b/k6qs4aN3r9dh58jD042/ypFkJS7yWpmp70FIIrz7Geg0Ze18SfSNHVmGewhvaZ3ABzaSZ0R28jzQeFkXm4UlGmkqflbiKNLr3u0Yuns4viUaHXuxFy3sDCf+GYb/yolEdxC83c2rscawAgOQ5PBq/iO60K0GVdTqibXtPmRKGbFMuUpdSfQ/jHjydPJSlZZOUaO1PTJ68NVAmjTyrYa6bcSDi3Nc/UbzT0Wqrqywlu5Z38guWguWX8C3njLdZEyfu4KHoxV/gKJg5NOMi3EhCleiLs1RfEHeQVbdmEzyElVa7GbPQ9CDfou8uVLIw88n4Ark8gUwTVy/NI0+YzV6JC3x6as+y8H2iG2Yq5AJYFHMmwII9WK4aDdHUYiZdRQbsHwXn1MOyTkBD01uMH85EFlUjuys1HaGSS7rvH8lg3zVAYKPPKmcxL8Voiv9sP0GUTMG1fegyZ2XnJYbDE7C4r5UmQD6UJSW7y5VkcXrEZWlNCzHbSk3vYN+zEr74jW1iJJCQmgy9Pn3v+/s3c4drVKx0YrllC/++tjulo2l+QPa2SMfB952rYDU9qtr2egvc0ZFKiy2RyWTVZQVLvsj0xbXrIlXCcB/4O0ntQG2VepyL9yRGfP+38OQtakHlMvhO7wmRbxCZfbHXlVasEtvn7ypTQffDFg3ty8ulXFh4SSa387D+usR3UZcrrymW9LRr9aXR6ICbEVbjp5l4OXPv1ovsF+LeW4incsFr+h/Uhur0fB6w1/urbUOy9Xj8xlKnI3vND2vveW5A5EXfDSRu6PQRCswQD5ZGkT80rK6bjUFeyDgUYxoGD1F4cjuTCufXwburI1wZ+pGuTmehAhSw0m3ciFV8fBX1zT6GzCs9E1++TYlJ7i4ddSPGuBka7XtAuRgnJn8u8FFhhwyvB52gxce8xm37pECj8kvnNywqkdY1gBy/K7eNcABH7V37y66onv/AUJheG4kv+mgbUr8WmxEh9s8n9l8C+dtVRf7EIgNT5Le+QOJuRm8QoC+TnPcEkOdClWl9yZMz6dyGx6q1gQXWMX+HedWtGzLE10YmIbZE1BgwBsHRsCEN+sVbcsRMOS5QZV9dSNQ+Re8Euc3vUtRlABoL7hk68OQZ83HtXhey8Z4mGY2UO3Isfm5LtUQ5PXVL7vxW5oRyOXGAsoAKeUy7luO+DqA+TiEiY9tU9jiC/vvnB5xyOZhyGiXGvbT/kVy+YGvKNz/AcXzF5J580cYcyzRymh+jpV8Geehkd5Eoj0jH7rouc0ffCun/212DJ05Rpl7agXt/QjsyYVEMum3npFlV+8yzMnNPfpjlglpIFiSIrOj66NomYJRxHyvqBcsSPRJ9t9rhudjFro0bvDC7GdQ2fwzXQzbL0ImhCBIhdpcsGVyacAD7XVbde80udc9PgaQiiXKk02BMqzKXha+6P71wpIzKR+WUMLDIqrxEvrSlWVgGwFEUpMtMG5TwC+bCGIcWgBnzPMIHmob6K/IP08A6dHyvmHl/HY0Bln/3tz0YNVfAbOF7TQIraS9F1ptY7aN61Uf39KI4vwJI4v95HVKdjrViHKzPytqKl8et7xLT4bd9d0LEaSKBzNRH+OgTSfgkebHSiQc2BRw1ia5BQDW5OfGyFULFKSOk+SISgBcZUjlvWmeim0pkyrscGGiGw4qjRAhueW7XCS5/a/D4gEeMXjlqWxgJDwbsFOqbD18aor8BdFNBJbsCfnu7HDT3bXaIcrVki3RnnLe4j80XjDDnuT+UGGiMfxikFU5wq3RkgXe793K/qI/Yi0eG+1iVcdLF75IWSu+cpM2laYpjQg7tgbdTYRL1su+f+QxlZw7jaLzsyVtVIQQPKA4vG0n8LS/HqskQeb7hngMF9ixM2fT1+eycx2sQ3DEvXRD9siQ1YqJb9+x6Zt8A7gob7aaZ+Xv0Bw5Lijrb0XfcdzwoOLZqx8oQt6q+raZf5n1XIq1FPuDdVkN4e4TlRhwnqP4MBkD3LTeXnAqUE3xLNRYRjVSBSSo2oG7OtUyIImdkNRYreasWHXHNo2x6ReFmcyPMk7EWa22Zdm5+m+9o9TxUucs5peEOO/MSbFdEi250Vlh3pHubeCuISC+6/0HqA+YyCr0/lldosVK6x2yitHpApZnbAMOdPrrEYKU8mZ07gS6uQObhIhNDr/wo0ttDVa1V0iinZk30QiIu/QGKs4GvPmyaYIBUh1A13z3P5fM7BFmH1Uo6WwRbZnhUctaSLc+8tLu1+qbEThT+yPds/+ZbqUUb9vaF0dxjaErhxo5rYsRHPCK6TFoSf6cCtsG/3vFAeEfhUfdmEv5toH9bgV7lon0l9yjh1ttjbOMsUJSSgKNb9mF2eg+sIEYFdnG7i4vSChc0TwbGJdW8X6lgESzGn35MA8b+QaHfsZCQN1H3jsqW0jrjx46s7CXSVIPINpOw8wszcunYEIcpwEbMbjnZlhaAJAZFt6LYY4S9i6VvLm8J1WOpM8RGCTE9Hdn1PYFPHm75hCu4k1A2WB3e7OBZ734RIHyHjya2/6Iev3icUE239KvhXUw6OaycTw2IF8IOX2LaA5sZTa8j/g29F1Vqj5ELyPmyYuvVQbIG2srpwbW3aJHvkd9CIFcX6MGFayRBH9+0WMR1L+X89NYdsLz1+MacVrdpMrwql2Ev+bbrOzyN7pyov+9/vVU5EwCtJ3bcCVIqyt75urRiRm5C2VTmmuiClLIdfd8bBM3tbcDAx/Uua5P5bZAQDrbWYaDtfcqQ/W4r4dzPoUv2QZYcLW6/vw1POlejdXRzbsTcEt95juo8Ot40vAvfpNdr0lEku1x8WXderNKIc7htnkE6AIOvRwllRP4e+m4EHlvg0+Naf8Z/Mk9P9/j2ESY2QM2EuZSArJLI0q48rhJltn5KnoCGgEGpsdspwn83/mHfjhnwvud4P1ybS0b8m0fGWGhhZOQ9jWbjcznDI/h2HNxqAEG5dq4htaNR5xtrmXAP+LQX3yrsT9kPtFm5uVAIhTx9THJVrNYCCJy4uJfmH/AdGLjwXkVisg5Gznpq6qIwdCVu+2uibF3TfR/1S7RrFsLYHd/WhlZjN4Vd5wRCwkTW+hWzc79MJGqIX6oHUDivBy0Z34KJwPSOzS/agiIEvh7y/6p+bshMBNwyd/Cc3mJg6EOIOUdnXaneMBPmPS5zI9kC2311zz36/HvZnkzMVmiWgIgPeVTxgufPF8+VXgah/FvsUwFZNb58nh79LSu8GlNzXU5xbZNihcKbk6688QSa5zixDslG8yCWgfk5yXpkpux8xvWkl2b9dvPDu95PhoyjgcMxXeWW3ngGarZD18a55fgh66v8rZ9lOP0Aicvph9Z7pLOVe9wMwHnxSl1rEu+fBRhJ1h/PDaGHfZ1suw710Gv9MjdUNMMDZcWX5UMWKPlZALedC8rJLc+T0EZEx8T6eR5zoJuIaJ6v3TXVi7du+h+6Qfv3Xz+Fc2ViqZL0P1GdeazCzd1rMMpGNXh55x5CqqYoLQzfiS7uE4tIbCy/pK5MOXN5cCGE3HCtHIc9KUO5c0CF0XkewevL0XxfTzyhNdgNTF5LEptU0p0S4cRx5ZRCNidGwT+lFQuUnqBjBFSWZfQYP6L0DUNIyeHEPhlGJGUQey5iHMmwPk+RdKuXADARXJ054I7gZ6UY4Na1mrvRaEQQrTwM6KMMYG/xkTr5yvDKlkSRgbO0qxuicFtHpQjGoegbWwkkY0TtJ01lQuy9oSw71y0ZmB2X9KXpNYfWdT0P9ruQLdr/NsXiIU4V+gapxqGwy6H2MTAf2zrIibKG6lt2qzGfkzGs3va5CEjZNppupVQHXY0Nht+Ueg0XcD7Zx8X/fEC+DtQbVWHFZUgc4Ymwo0qkGxPPm357cAliKBIkLHPSrtq9IXSo0PY9thqerxp6zPlfW1uEaqZNOOuiENN1BnlZf71E1Rt/90QNop2wB++nRwVsZLuTfhLaSmwtT77jocO3qsbcPgD5EDbXnqAiF9cxw61gw7MMeSmpBAP6FWpySQ3ZJRi7NQHEVWuuKkPAkIMV4Nm6TMEViJwTGS1/uiIWygMwEXLq+flNdHkVdhUdPi3p9UzD5dTCqT07VCh8veAyXve1muHp6ExIxtdA8mS81N2iqQfl1YdkNdD7wUaHfD+wH+OeIufHwCtWeScPFQ4SyrPV7wauJwvfweUsmxRj581uvX9gv1fGQ5BgNd45ZuzrddEoL1EmHBgnPzNgNCLAXtvDKdg3iVQiMVGGYLedO7m1DH31zuFJkjcYNM5M1t84yubeya/kDmo0Spt+9InWU7z3mo7e39NrKsR135cFzk6s2Ms1/5hAZCX+OSN7oRHZpCoIwTP2wOfz93Mb6Q2zxGMNZA9Lqb6e44P1vJ42120CWH/nYQl3xmIFHRGIRy7GdOWpOiwHNZUjkXFwzK44OKw9x+VrW3KCjngL03Ygcza5zLIKZkdR6kTIAmitDKwdeun2XHgpyK48LWT2SgNF7a/c43+u59nt9vrDh6da9KP4UW3fvzGh9DVHlpmU1SVyUu7j1yyvtf5uXL/zHA3C1ZrKwfjfHTKSzcuNfS4KCMDyV5G/OVWpQ7L54IXTNa6cJOzMg3/m7+jGPt6E/VGq9RTf0ZOvEIZCLSzubyskdQhLkJ9OcbQ7rBB2+UlldlaXT2J17D8Bb1tTSP+2ou/9NdCzYxzEM8uLH7OC6nS0TCmReU4wYcXVh/doukizO4du9pLfkiyufjEt0ekHKww2EYmfPofwKN8MDiCCelYJjagq9sFMOwyK4YcfXmwZ/uhQl+Unfeb/io8K/52sUdI6zMOH3z6Ao84jWNCPusqLTmC6D2BztQhD32kEeTbzFo+iBO8hUTolIUyEZLaN6D2I01Yvi1jfB0192vutQPyhnE15OTrMQw3/aVQPW/Jz5YDHLiUoKvEgtz6U/cfrWhC7q/VJn1dtiKVbelnT2aztJ7B3XyVxJ9Kv/6aavI6U9p+fZoptujDTnYZmt2ZPJeG1zLqhJzOa3ucADpN5Lxv7vyTMW+1uGA3llEGoOHVhn65GyeAvrGGr0MYNdLuK74EiFsZhPyAHb7s2fdHz2jZFHmKa6fe1zgY66Tj/7VPmshXD6lDn2Wc61MIwY4i7N3qucBfu+rU3DiWZlC6sfF6+jyf0mfYsw1sdsUnjFi08xdfFE+mEPlO477/lUXJmNjiJtHCBN5o/aOvzs6rePBBKvz4ZN6yGjcY88y/65gNIZeHZ3D+59sVM2EzsjJI76FzQzd0b9MDr5bSNM9A4lqM2ACWxB2SgfKOrewJkOjcsobmjNoO1Vu27zL/guyi5AtlJdmmWwtdH7K/Tyx4MMO/mzp5ylv05akhthmkjlDvPhHbf+v85tJ1bvqmAw4BCPylVCtCT+g7UMBs+iuvC/sguUZBrfFxBWSQBG1XEIelDFhcpBCFneL6v0HYLHf4OzsQ2vj9Aa4C0MX+6NM8BpPYc2Uz8fO2e3jlqvYNVtEb8q/iPDtZsmA8OgYA3ToX68q/bPxB7L1wGeR8CvBuCFpcOwQ2AS6S0hlC3Jm8pvJpgNH0nJopACBOo/iUYY1Ok6L/C9zTuY68Quvuw+HlmWgEUbhPPuIKae1BPODZ4qebBHwcYwCs3d0kQOUKLWtlAprFQtB4wjjtKg4v1hX+65qIjSj8A/u5s7QdLdCphZF7bVhRukCdA9Lw9pyZpFPC9bm/+P7cJ/MPJfNkj7tMSbFUfHENUlHYXj7TEOnEJvyzHDv7HYjZCVOtw2qenMA8+Gn5DXh6twtwb2VgeRx8jlpwjo1x4CUxlI1uHxEPf6uDATYYuB5/5uB6BjxxJr/+YyScivexHTFAnEDoyRfGdHu8wQwdekmCT3kue2hNfnr15vp0j3yr2Uim96p5Jmycq1eewPMC1u8E49Zw0dLQXPJ/1hfRb/wh/UaMvk5tG8KOYnd+x65Z8f2C0X2Q3rj6fWTlu1noWh+0bpx+Rp0FYLolOsz5PrGrZiK5UGOTf7rUpIg43MNNFxeoh4D3lTDS5HqOb0Do3R6AfWLv5qIkfNkBGdQbkfCRtiy5ZhMSPFgeqLeXH42CrJdYRRU10ZZfk65fafGC0z6rR0aqUCVWfl/LOE27fgKSI6R7NbBu79PM3RPRwnUKQhCSS/bbJK1yIq6kSv2BPgP/jD+lo23hD3SD9nTeB+zxlUFqglQXJnfRv1vzDJHOVLZO/hm2n/xzmQfeqN8fowpEwwTGvF8a1mwPlrMXrS9OMHo29MGg7MG9igX0Ki/ekWNH+iCzFy/Pv7zESqv6/Ko/fC0PUtPZH6mMu0LRTgAitpqH5MG/CEvna42QJ18P4eOwYXoK2YDN19uim0s+LdaD7mrjOAwf8c2XBV5RZaJbB3r80H9tXmN80W6t8FQwXfFU3NKzJdNjoIMe5NRI6e1FL6AOcqe3JcSDltIpqZ9C2n6cMssNfemOPKdAMs8NbfTV8w8cPoG9up5x/GvRusD3mPPnkd/Zi3EfhJ+mJZf9rMsWp/kzbIHpdkW+y3+YLdOxkNgKvxkgNeaQp2tAnyeQf+m3lnmLlrVOzgO7/JsBNN8M2ANtA4CVkivyHir/0mjW15yiss4cGDZmJ3UC6RxtBdBSSrrtjMkdcNMWHZKtE1z9ZsCtDNJ+Se7XVWOBe08ckKHI1AW2NWxhxNpFouQXB+RZgl2owBHhrFbOkfrchZkma+xjzqgQKpocO7mK+kgzQ+69fo0s86UEZ9HazjnEXO3Z/qNXf4vLEJCWqGgouKy+1MNvg9W6YZa+5d41V6vVHek2aSlbhlRhpVNwm79W4lk2w3B85N/8ri8ckKVTDiAwv2tlDaByH8kqHVqNyILbKDS4jvO7pjogf0kwLncwciY8DJELuajfx+/y8RvaxdJ/+zwclMrbOelyjaC68DnyWtD256yX1be39Z9HTxgfifxU1n8ktDC1L6Zd2CyBSQK6yqOtg0lodjNXf+Mp9SCuyMHebD3LLwKjxm68CHZa8KgsSoqNqiQfMkxApTHI+7or104IJ+3dE1ctvz3HgTJII25B1iZScUCPeOPcI+p1jJ7F+HoZJJeF0GBjVncCbnQ9RKeABaSjPscp9Aqs5z3iok7khP4oH/pEvRG1d3nUOJfXfIt9bsr4PlYoJ6bxTUfaDGZRnOxT2XpjAmUI8JRhtcC7RkfkcTbyl+1vknQbP+Idb8TfoB/Ha0fnrr24UboUAOBX1QhhKgikdei5XCxPpJwyoHqyxKiIzy1qEeUVRau+4v/Kkh3Q/HbrY0eaN8cpNsC4c0wONLfqkR5b4P8qOrKZZUY2bUnyxdD00+csSDMhpn0f9cDCJ8OhsOznmOtDSqJtDdPC+hhFP6FHJ/PuQaQQ4SpQQb4T1Mz0YdNu4Oh6y3ck0f3QxUCf34qh4n+uxJ3ixQDDAXY7S622GZKHwZuoeGSwdHnV5YvJTfTgnb3sE3HLOu8T3s2ih5ufts3iz/uR0zVZAAQzMd22jNcYsP04kGaATBWg+eNx0GpO0qSBLDbyytM83hRAWg4HVXbacmGE2ffwS9k46LE6G42igIOqpQA13CMupzQDgAAFEtXkFNwsHzEZziCqnLhLBshJIRy05QR81BS5Jf+uHKLKA49Bnu9gXIVzUAyuiYN+ZAj9sDkKe5Wb+vifT8rUpHryrI64DIrCKf63G7ngy1rII64tqkU+r3I9wvtrZiOtrVgtSiq6bSP/StXy8fNHN3ISDd8NoBf6zqUtbDjlPsHU80pG/UvVP0yEewsx02FBCfDVkM09lMam3RAz3X7YDcQTx5j7Fk6bHlorXhnwbsX3D3jqIKdT4Z47sh7IiE9EPtrhRthFuS9iOB8QB5FzR/tJ0+iSgu+e228cVCcFwLx+eaYM8oqBGxkLvCKJZwReneBLhY03mjmc7U5Ih/GQC7qKodpEzqFPI8lO0qA0ZSAnHuExI2skmRFdEFbpqzWpfiUIz830hoB5tYJZxjJCMCc5ZHjLIxX+ciDKsYl2eROlqXOlME7ruo372qUfjw9KbKBtuRPibCdd2SKb+OsQz8mwKcsT+i9SQToS8X8lRhVVNTbDepnpj0/ry5DrmfVjNvOlDIpjJyfCbgcj7BZk0z7RxNdCJaenALCkc+DmmtVx2vN+ZYlLqyXrRf+qIlxs8P4XcIb7pn4cw0cdHPzA0/Y8EU/mbSW/Lqnqzz4tjmVhi24KJvWz2dP8lUuPZcSfngwyfvpbrUpXiycwLr1Ka4U7oFBKmZ9k7lM/AM3Rnf4vbDDa/sXLjNUG/uA/QrFG17CuJyYpy9P/bYbtewOwX+hvAZ1uBZKPxLfCBjv/0v254pblQHz0yzuo73/BknzUw3DHBKBWiyYswwzyauljpmuX/GlxgjGiQDniVHMSOFU6gro5YjyyHqa/g52laQjIktWKPcKmCEsVY+hGReLndzLIFG7KaGVvGgvyXooQEqnBQBqlqcWR6NW4TYnLTxopE/qH770yEVmwnRDQ3ejtee3FMQb+e1i7dtd/56b1TqTNPKw017txJZptTDTi+7FWLIvXFDz5wzGpaw+kfOP1t29VhwPsPPCPAcB/5sXYCZ8cGNniVxlL8J5+1gP+JduAD9ywio25j/nDEaoiY9BKs19AImxYmFiUb5gHiVC80n7B2qNI4ZqiiOBfyH2DYHb193MOtWFUZvKPvtvv0xvTr9nGdQOjz0u9kwGGJiut+ZmjR9L/gyMsHqXCw2/Vr3dkU9qB6oUm8g5qYt2OGW6R0wkKCiqyQUrFBvztHqv5ld2sHwB0Jt9OusIypHb/hFB4o3RZwCkl319nN8yqeQ0ZeJZ8Ciffhso2/Qaw0sKflSOymUEZ8JaqCbAhkPJgf3fICJTJqcowX2PJhebViBFO1bNrcaKnSSH1Y/iI+jFwD8DjDHctTGCEhy0VovlvnfFWllexPzow/NPXopdwvdK9WbPZG8P3zofuERWtFH23PxcT0g4bvljIf6mdbc7etGvNEz68wIP1S/TQj5bySr86/IxmVv+G8z709Zc0xm/o0+ZyWi0bApsCzCQdMR+UbQIiE4ep+CZv2aHnzrFui25tE5hBeWbz0XxyESKkPDH4+BuqMfK+2BGH9O6tzmCEKAtRLQmQIXJ6lHcwgCJMeUZMx8iTwKD/0zyxgUFDTWSzSZlFSUEqAdpMdDHUqwwRJE98DLJs1xpe3+OdONh3Npfs2zwJKCcAj8pR5suf23fDLij+0iYo1qUCJuaNPwI+9aB9R9k0Zy/8fb2M/hK1vvc0arHhqVAH+GfZGcl/AF/6XtbH4rQLljgQc7IDqmFxGh+SEdvopxGTJuc9ctehLu37VYv8Yfcb/agfgQWlZZn8/aj09swFDB956PVMt3DAux1s96wuySP1UaTIUtOplafBm0vbwn/tpeqN9Nl3GlLcQBo7S30dkOh7Aa0QNr7DrIjL+Ct39fE90/BU1rLNc+9mMfBvkZoTJY/ZbVnp4q28vfK1z/Mg73iolwko5B93HPTkdW3S7s1cBDdci0go5+UM2it3hMYDpaHFCH7CkrIB6Nm8cmUrCYeHSpB+9+J774aX9WK4/y/bAsxe4Xfh9y4rZqdZeZTjoBnGhBHnZEBe/o4BMmQcJ++YCqD+I4SlyoK44Npk8zBWeOp6GfZXJQ6NuDw7drWPm8atmQCwRJwG7u0KId9rNvU0qaUBLJvLS+Qf4uHLcfpbz8R7Hi7v+xk9Svs8hOrLZ0tarwwj2BlgB+uwOyeZ6M8/0mcCNvdqWDZRvgd5g/pF90F/C27b1kMMpOuwXPybHmNbsu5IKT3yG2l3JCzZTB/0O1CbMimsVPVQlElyl2opNmQKYmDGUi80mp+JpvlUtol6ebnBwgCodn7ZKTrM1cUIeInm2kRpfAQzsZwvFyFEqxhJDlnml5M9l+PaqZjoRulZu1HItjX0SlJicVcF9pGjV/RI+wFVjUU/xfeAc+9j6S5XSPkkZjK5kOtLjmUTwsP8S/iNr01c0fRpZrQY6n6QmNQLD6SwHs0Xe7Y6U5Bsu9oWPoG/DxZio4e7/8vbuA/dRw4O/xmsdUOCzx3c+UTLkkWosoW4HPHADEB+gRfIj1dx6AlnONedakjnX5iVss4WgWIJeTjbFm3su0cNLZ9ZbRB5mrZlNGZ7ckELYBqTKzHd94WOaSEdW7RA5UNo2uap8IzKmQlZn2t4KTLa1aF0p3IBfLB8VedsQ1AZdjhf4drq5YtWuulO816vVg+G8dTfr/joh1V9EPcM1BD+g3k1xE0MXiv0YQj/1i8beDYhj/FatrvtQwrJgEkyb9ptuyXqPWSG3X1A4itDXFqw9E8MZTT5ci/0N0iJlXooJwMKyIT0UIfb2/W9768+NxHYWWD53IMRp+By5ZAQ2uLhI1dMufd7qVq3APEAInOOlndePXZITlXms7neZgBR3dVnlO+RH5m3wHeE12tup2fv7yOT1wmGw1eUEqWRbkbF2CqJKotp2IRnYbEqGIhLE/63PBJnFXDFtmW1pKA2Gi24bOfhIPqgtzetker5arypqEr7iiA2Wz/hl9Br93tOtSMbs2/CdAg6HtdK6aGyb+nmSD+a40kc2Ge/6OVFeE16uEU9sU5Yt+bO1sjNUQnxxP5MhEM1goRXSAAugH/n2JR7vNnaFtatdH3P0X5YyKKfFmtwnEhPgN2pxoKrzu3wiabwdkFRx0lPGyvvjH7jT/gjspNXD2muHQN/BzauRTMGtdb06/ugTAaWT2CeOiCNUx1AGH5XdZLO4oNqyHbjRZLiRTKfE/zJy0+03MLTOLRwPcI8k5dKc4/9hCGX/qn/lHR6umKbnvC+3WC1dLY5jt5YcH1K144ZtqVGyTsquteeB86HXxSVH4/LMg7Ty92x5K9Q2TekhQZVKI/IgNhoShq+e44Pwq7PfppJ5X5iIHSJkP8mDRjuU98akgIxkTx/NAkeLmX7M8Mdon1lliR1zpFw0Ox/61vK91qmP4ap/KgDg5jhiV8KHveCEwCHvOlYzwXZRmrytOYQC3Lm9BwlzM7tPmIrQLMKXVcH7o3cNuqQ5GNVzL/HRr021fn1fdBXPXJNy7LagCSdfDwzD/71ZMlVwloG+7cEidEO2lOc05zLS1lVOzcU3CVSAGrnQzz6KA6Bf2aHmD8qj/nJt5OXh73fwA5ih5XmJfAOsAu5xCISYxV2JjsbnlZebsZPqhl937rsuz3Zw5+C/24iEsxr+fHJsGbrgCHiv8PRy/38sl681+h/fjelWGlCHC+odU7KDNYhmI67GRqKaOc8KhJ+bXpCf+Uv6uacakYCiPbBg2SXkFoO6nsGEpUgDyWB7jEdZl3ipgxho38sYCa27LxCz7jOiaexq6WL04X3dmSQwqPzgjUGSHaeMogsD1xUEYd5OyRfcJXGOqKdClxSKoPEu7VYpgDE8F/MyqT0YtUUQ2SjLmEkwRiZ85AZntNgCmIQ+ysmWtv3cqyfjRj8u3AZtvgZLu0Krc1ritDl3TqnZvVQJ+1fviZ3P7xwguARD9z7LbtGBqdGgvIdQGy8Qw6g2Htr5Om1pOl8zJeHgzwqCQO8VNvLC2zjq3vUvnvuZgFmP5YmTh4I0B8voC//y6FU101AY/jqsA9r3UEurQjZzQaDtH9PxWTu27ma9ACDlQwhg5ZcICuWTd76KuW7jGbLdLUxigczP9PKwdxihr8QR0kzdHdk6ZaN1E1TYOCsr8MT78JVeV+HoZedb4VYaWcW8rOuKJvfUtgp37UyzIVePG0IbLSZDeJY+bPcLY0vp3Pb+S8DOTDtnTzjXEjzbXYT4AWnKrObgJQHKyBmFYLYqII2mHAlPRJ/BZKgOL63ivk8sbUU2gB5q0i2LUdsTEAvIEOdxw6Fn7VFsbuVPFxc/341fjRV4XHAhjidMIR1hXdBTjId5qYic3R3ZO8jjb0n0ua1GGpsuhn2sYHn8LpVHbq3GfNuDM8lMz3yGRLrjjgGD17NiUAaJUAevG8zMgadc4JvVozJl9Onl8NmrdZtidd+dkUcvi7n9d2rx8927pIyq4jRZ/z2RD5I/Je6bThWvxu8BwmdW5U1AIW20t6FVanpCa6YShh8NnTe+a9D2tP1q+9UsDTA9PXCrvrUoF7qLY/FmxExXA8ePcqxjsiLBF0ioOIZmp7WSDv8LU7vP/cNK/jbX/33vlhrABe8v4OXSe+UVS6iJ7xwmGBX4QD6Vc5bvPUkAWvMGBHMYeuzbt2IMEgd1iURiDjFBqdgM7egZkxAqLgMMrPq7wab6NSihr5YRNyzWn59aPnmof7OVJawODVUAXcA6n04vih74V7G3/yvZrFfxMhX36ZpI3QfBx0mFsRoy5ikAuCKl/63eNOK2x6bSv7ZuTPyy3Z17MB2dV+tCrd9zl60jv1pOw/4adC43xTs7RMtUPQHv5lA+/3slOnkv4N52Hf2bFR7dK98EjOoqchX4QrApxyXG/c+q/3d569FV56vzDRn118ioxblL+1s4vmqVmPv0GAVygRxtifsBI+p9TDRwK+Ym17LcWvY5nwbJWDuoWAlK6bBAbnxWb0geuL/+FnifdDzG8dLt7b3jzSmU7KMBuJ597bOEfmc4evvKcyAX9pi69Up9+iN1TujXy+MR0rVgafXZeUSkYKbI5OenX2O1QhFcp4z3KneAXRpU/YjTTzy9di/wD+zPpI5692MUSO5+WLk2mI25NpcH7p1WgbuR7sUtw6vo4rXdEer9WRiIzrGB2vqPlmHdccNn1ybblpoCbf16MBbcO583l7Ac9XO93d9mnHutZhITu5oCqak0czu4sR9+5zUPi5VDYH1p3vQrYMvbpgCz3DQC0l6L8wOvHbHS5XgsYhhwpJ1CEJOneRYY3oDYN9EpQF+0cWQXHEe+PhksPk5toN3/GcZ+p28pgLuAI8Q+L1HbmTCes8XXg0MJHmH3TVJ1Nv8S2wU4iP1VmGUBm8iUFjz+XkN7Fe89cTBQbGN5AgDk5XeZB6dEreWaSAcl0xoqu+Zr0W+EDBTXIC6ZPBRN++DEFLIlr6cxSJDwygjWiaX7070gw5dUXQHNPh5QTATtaoDfPokYJGPCFsw1ggVyzaeQSUAeVGR716WaH4nlypIDzFvTmbjv4vZOWWxk7q1c/QzueDi3YpkRSvhI0X5WZWr6d2ctKLuJY4jqwKUib4AXWHyQjf34Y3QzSUZiki7oKCPVQfi/RXKG6kkZIg6OR3XH634B5Adf8XMpl/98Q+QVFjWD20v7/xlefOhiabolrlnszwxThaZxJOLBQrzeAP2Jk1yIZr/kt2T0gbImluNwYSGIiPk91YvQoOktQLRDYdW/FczlpUFgXHyuUag7b992iTHn+hWz4WGOynAyXOiZdhqAQZ6e4wRRgxHCHt6aQA39bkhshYDDSVo5MuA1OfHspuoj0dc9LhOw78v7Y9wU9sCpwga7EEVWYJlWAVg9oIHKLrFL1mHZA4yrWfYnujbIwQN1m1vWIDurMkUrL8ca5AR1u/dunxzIez3pReIAnqKA4iFZLvaSvwB+xVblPQsF/OVV5VbIfrsH2mASNNCt3ctTxzRH7GxrF8II3ig8eDTdMI3rIB0SifwNHwC/YqHbh9+mt67AP4GCCrXIb7Opt0HwVsh0vUIx1bEBXKI5sp/SW7I+w8FWC31NZx/ysKHpzl2tFMvnOavf7fGp+T3RGqlOREmQBhR4ky45aDQixdIA1ipLysdZ2WKXntlMMPHo84S8i34l6PZDQUoFbsVGgvGeRDd00yAEpTPIhjRFE4evFmOCC9eUbJmPW0M8GkJ0t4dDFYMGYCAepPf2Vlx4vclmRO0Lu3dPfSi7tPoAbXSUmAC5uzh80b6jPVm2AvTZCDm34azZwjG3rMOWvqpr/chlnhZ7VaCxoKVscCm76kbn1gim8YGo3s4JuRNvwMSo8/dQGyHwZthHcx0nw6IvCCjSXi/6YE9N1GZj+HL1180Y16NoTNB8Dad4f0QWlRYlXPToWf5ED7HCR4j4gTPHTrVlB8r+RWJqLkAzkO0a5KkIdz5WshvluTf6Qe/drSQCnOrYeJjchfEpmHL8uWnJ/Bn/faLwpjGoF7lqyR7+71rGeiT/sY1bmJqUA8ZInGSf56cyCwaWZyyCFLUB0N/v34TEhU5o0Zjja0BfRDc8ej49+cCGU2acBkiyRRUWI6YWZad10oAQqcRzPDaql4M16FSo5G+u0bmmbQB4LZvK+JJWs0YhhsvoG4zf2DYBdR+VA1pXjlLdFzkIn5+ZwLA3mbKIOc5iHnOsA838Xju6/rHZ9ePnqeCwH+ZSbFilIV7Ns6wXvvCL+3hdBRgtj4lRBcd/f7bNCKkOUSvm29HtsRr03gBG7LGmHVNYLHr48tXCnz3JX+SJNO5QIePLe7VGK2877rpRYixL29wKb7p1S1kL/E52zqSb1njmRRSL7i4jjcw7qRtgPvL8JJrnXlYTnukzWrLx16GYQnXnVwB5FmuQF8v6bTnBxfORU7l+M80B9yudSFGZN2dvrHcoK3OqXraNRujfyf9Z1fkq5Z5vhyY+mtErGusxBUDUP0YnjtoPz3/yF8t3L1+Bu0WZU7TgB7nJU23jeH5zDhJijp39afYEa+OQ95Mrn/ziqk5aMcFr9xmpQnMvJ9UUYtgpnXJhivMlY7xJgADCiTHqdoLRpz/IPzO9WhhsjQuzR05qLVpV4dgUDwCftdnX2ehagyd9nUMP3bNb3+txxkeQ+ydQD93gp89XQN0JheG0wWyeWhncu3u1gDMRPNcaEtLU8+z28Wy6/Nfctt0cxefzBwePmFHnlT+WVHoonuva5LFMmT5wOYx/bfgS1rJggTopWAeQpJ2c2ZJuduEYByCEGaPJZX/U3NUYqmSZGrsKM4UxET1vGYEXCd9/aRlrVK7t1pfJIO03AjvgJYMxLRkns96+akMnAn3t6h9IYX02wjonb3fhYTl9Ils1t/QE5ikPF/muY9gp0Y5N+0309SaogWXtzc56Ee8g9OolvzjE7vP4dj2o8hHIC/LnFa4Zk4/7V7ckepJPepqL/pyniFCh0dGGbBGDaLWav2b4U1iENjZx/Ltd4ynYwWWNeKlkGeE7Ba6nGGpHB14P+Wd6NXibCX1LT4NWP6FLcUroa25ElGRBSwzxg12DBBcivR9ZQKIk3vVmABNfncfi0y1slK98d1CdbVnHpKhc32DmrGOh9Tos5yPSoJVLn2p3ey+EyDHGRIfJ0xKX5lEZYuQ826VYgSOrLLGL3CtyHNNgKMnW1bQiSIUNRN97kP75wtclMkqJn3RTY3Bby9/PZayF/4qJGg1Bf8Zt3/tZ9yR2IP+aTNom+iNCwtPe1GIE8TfOOhtgSDS73+LFKbP/RSDa4URGmx1gy4nAG6a6+GFkrR3hn1fuBny32AUD7wbACcDcwK03hGXzCgUghsuFExABezVB5KK+pY4aP1aKcCswr+k1t2irbPlCOQFUvlvXNrLHlPkoweicNM32QDXv09Txcp4A0jm+ejWd+XYWFGCsSic/ZoPSa14S/3fZoDGudgUJqXOikIq7B/yGZRB5t8l3J63kqRdjz6M3fhXNI2QHEYt9BUSti+Tsa7RoKSNE0l+eEumk/q8AFmthHjRdFOji5neP36VzsHg+m//Vl/zQKYITUDr2f55m0T4s9ZEOOuO3flNuyR3EL1FV4D+snhWrO9Ft0c9xlwpKFKg74Uk2nFuk5XZ9yzfxPV075QsmJMZXujdD6hX38idsScnQKkwh1j1ha4nGVdc3whQ3j0962nZpXth7Q6+Zo5HbheolgIxw3z8xWlndrq66iCVZ1Ph6oILDXNpaf1RQ4qqOT6kP0BoeDDGNhOBIujnCNLqmfXXKwonLDz9DxTVybujHkgBr6+WjHlYvKNb7o705ryzlfc4/raNdMi4j1QPy+OApESXPyKkyQE3SFY83J11swHcAbj3IR7DyT8mwOdYKGpdQEnWH0CdPFSGVHmYA9/i2hz6XbrIAkw5ICm1hXVfjEWoIfJhYRiLaHSM69KeC1vMpt15Asr3YO1pUOGcCt6sKXB5b0Vy25X5Cah0SfUU3KcY+0c/ryCEM/Aee3UAIOsu0UTVfkDiq8duhlUBshJX0KVGr+tP7i6fE/u90i7hlqZR0njvbnOcWJfRLVuvTreCfctkepNI8PHv6w8Gv/ROwbmtgRYH0O06RFxjny0K+14Ih3nQaZl63QEHTjcpRgiSHJXiQRoE2UF1Ry1alVSFmeJF2mfLHbQkIsq5DRLW/nUIsxywHbO1jESewmFahsAnAAsUQpJ6NyILprDj1gsuXX+lDLS/NP5MfbSgPxIps5aZ8LEnTarU+e/8p9K1xf+VWYPtWuAfa86Rxx9iyk33C8QDu+sYAhnycQwtefZ1ONEnGyN6YOqLfHizEh9sT7h2TrD9rrRLu9GkZ+HEKgP63j75UavWuqClNcVMFffohTo9USS+MWTAwE+IbgpXHCclPEB08DCk7+NrJUhzzh/d0hRy3O+oxb8rCvo+Gm8R+ufhwFqYlSVqAPpC7t+9uoMY6P+skWa/b71QA7RGVWMf9HNfe+u7H/38f8hvJKEnI4f7nlS68ffrprDus0bqqNPU8VdZ0Ocx/MoK8lX0xGXKI5zgJdiLxQNy6Z3ZObu02I/pC73yiWnuIHg15LYgbTPs8xgGHLC/pjIYreOzv/atDHLX1glO+eNxnpmkdh/ERDvPUQPIZ0yty86CX6UB3vyuDxNht6iY6flqvcjcolqy68TQa8GcgdKMPhFo3iW9i2fsbzHDJBfues0Xbzxivq3iLRVdrb+4eqWrHiQmHZHOO6iyt9qBcS4hL4aww9XD/+iZLqOSgLYheb+UAc8WyxQ9x+v4cOk6zFnaO6/PUqlzQV0pUkHWAoSuYrhSOWN0WKYC5UoClOSQTVSHZLFWuRYL6Ud63W8au1jgi4EQwZYaDDdZ2xCoLSv9I7f9EH3TrAeIJk80cZCpL683Th4cKDOarxtheu0OCrLU+67kltQFJPL057AT5+EvJYp8GunXRQOvJ4V+FdulYBKiMhoprG86oAaP2YghJ2DLZxY07NkA94/WQFsPdNmBf0bWhHbqJTDeDC3UEqDceLObPd4f6lvG2wOocW2qefNaZObxIR6927PyHFqQrLZShzg2WI2DT8bLqQlUGIEaOHagREkWsuL7NP38ZI4FdJuc7dTzMiTXUZ4SFyVklGhch9US0qOIBA1vLV36X5aC57AAJGg0Db94c6ch1QP0aRY9U3bB/2ffo9MlxLegMOb3NyQVWYmMmMK+HEZRkUHqyfWmnc9IvUJ7jEuTQgaI0/yHDEFwFEQ7DagYkk9OlQIxYPQ1DpNvgPxSq0ljDSbIXqUxlPw+6NNAmhuS2rKmkgMj4cC+JCqPBOLNBOYE/OwNgnFla2WREWicoOF4Cv6Eg7QLxcmbJwNL/xHCXlyhHRr7kkQsu0ThjO+VbKlrMa4Nfd61pjJiiuTWIHiMEzxOwwGBXN6A/c8dTnCCIy/cCt16Zw5fA2y/lCCJRB9u5KtVLT8sSTtUoKynGHPTRuvtCHb2/4qivGLkPHRb5W11DCBDKXIxv7ZywR30t+BcD2C0xU52vJU1Af3EQ29WXxHsn4JvGg5jh1a5mrWbNJidxb+fRYzcmXt5H8kvQFOS70UXZcHMbOrPLIwsalr2eQrSon7i5J/KgtgZQu0rQKsLXl5STmIIuwKp/IdBFYT9Wl8NAGwCoUJ5vEmAoxJQpMlN9WHESEqdP4mvsmGZqsJ25Kk4qeSZmeQvNPiAdWGJmRbCdkiYhguTfwSL0JNxlxnzGRlhVA1xq8dedOvMdEdWcnL4P4nvUa1YWOjVMbhllwqPjLxZjw1kondrdwKhXbwISXpvSCqcdFrfph5yrtToPrKVPXZLd8s2rEAOUcobIWIi6Rdce65ku+XphMYzY+Si375tPSTO0FR1RnfWQ+/vS7agZ/1v9K9j7gnRehkizcK7sPvV72bEjtDUqp3XqOGnAei645ScYalPJA9cZW1wOQLv2wrJFoHeDLM4+zN7IunWvcCO9tWeBTOa4ApnyO6PEL7Dbqgrpl3owqv+Zm37l6Gin9qxifS7AN4rA65UhugyRV5y2mF0sZ0CQRYb6WgAOk0ZMkTOSxiA4A2QPFF4LVf2v8cyFln1ejjg3Jcx/t/9iqamPNhj1x3h704y7QsIujHk/bk0aA0fVD+xGPbftbH91h/2hbhFu+Imij1l/6xraWHiPPjwBGwHpHgcqT1yQQYEmzl5m3548uQXUVmy4ENxH3uIhYt4gYw7sqttEu+51EJJS7sq6Td66vWXedO1LWPboy/bN3czV6qua99pifuR7yI2+kMlEdbrec4EUBv+FKA6c8jTEbDolgqTO9ULfr7xFtjgfou1QXWgiaOe1/HF8YGnbGR1V14IXXxxt+nWIL7sGHtt17/dK4qcGWwPauUdk7f4Ner7xiKT91vuz08jggQNWWeaqIZjNeLe2aD9yaSLSU3lm+hyn8tKzIW1rl01+paVrRY57YSh2C/HvyurT5abGujH/nn91zYTH+eBnGL6O3TZ53LMIVlHqMkvPb7xllk1wxI5reci0Mwws07rOsjuJxrFpxzBRk4P8+qsLnwMd/XqRaO5HnHXADSB1/+/2qlOChldD6PZOMGThZAK6iNjn06XrE3Re9J6devOfR5m6fw0I9YcQyX+TVO6wOjnu8+O3MOTEpGnftRr1xP1uv/eBMkLRf3u/+CgLVaVAqwJ4cAaQxeMQTkxg6K5iOuzXiM3kmDLaypMJEbvjRNQxoBf9ucznh55YjDPhQaHgR6pILevfcyMvkXerB/AWPrsMfDPfkEWG/OjRu/Xr+ngLv+cPs7NkLnxJWaS4sX1yS0PK9v7iOcSy5u+WMQWFz0hLm3rYOnBj5ADxPe8ouMurHKFgQWTvnO3+AmdRMPFIinkqtq5ncV1foUrURKllPALQbucnSMC1N4wF+YdvlzsiHGn72iRCj/DnWPlWIjRprS+SQ31HREVLap/2ONYH1MwUbtDzwOVfGNpMmRIgFK3WanWSOmuKqoDF965jkdXfhRm29uMkBTZvYlrwOrmJ1uNf707rsS+6VES6i735wpDwz1EKAwo7+b6i/MZglDTW8esMrxDTsRdtFoOYY0raEQGXCQzWtZeagLMqm8zBb+YxW3Epo43qWz7Kj0BDjzgNCjCnivrxJ0YdRFLYo/tr8POGgEnt5iJ6avZQKs2KX0ZB21lhosyAkzxH/dsYEOHxHnVCDS3aozqj3zTi8mXAg0TGlRv+pLccFDFNl7Wm4SlMIMUBgdhv6U4EfgxeVi3HNhi3LghMtoHpH9bt0ELVD+EljUEBGj9Q1YPI8aNkckibUPQFx6E/N5/65S58pdhN7hIuys46MvKIYwoLUs9AZDdRdpXmyKDCkxBXPDhgTLEzLqsAdIKjGMMMu89F9DFsrQVWd2l/achLX0fh8AJQCQznObJPWUtyYJZfWQ/TNg7I8lgdbcAAHSVkJAQoUMsnzh58C9rg7CcwHj+7OP+9/YxXG6jHrKyiAHClP/tpkr612inrCvbNCfQT+LhVpVtnpsNM8z0d2fqIf9hJqA1mRPQkb3mwzDnd8QpRI+k4p05Gaa+4gv1mvo/yiCZ+VxEx6EnUkjPDJhDTOV9wSCi48qFki8cRB3ZEuz9bOXTfl8qJoYFCcaBJ6Mb3jWU9OgGPeFm3Tszw9+ZB+EI2rfNg8hZNwfzHEj/259hx0GcFgV9s+s2KQVuQSS8UBICPbMGHEUJKF6260SrQuvM+HeXc5mOODTuOSxgtPErPj8vGQcchPDRk9frIeVybTZcE/JDl3+bjGga/rRVehvGPoRUYT3rxBzrXHwfpCMR5bkTdnICbyAvS85DMemXJFAGuWndxfeRsrqbYe9OWXbKpsd2C+DCYIVhExNfCw4pYRrlmANxyrIgJ027CxD5kvuoUv5IG/eajwq7vdT67D4ybYliaQQaXjX2dh10bU7UTXrdPh/3fRqWmq+FlA3e009/YDfcPw0T16LVjR5unbXO3r6xk2+Ob3tgZdHRYBz5arHstHCjOk9hbfFVj8eQl2mSX1inD8C2GbAADWwZecZ/bivM/PnOE3TrUTC8pY9h86ZSAki2dQgNQtj+lgEorQa4/SnfpXbwod79ACDmIyrhWgxJtmIrlP/Ex0OVK3TC8cxD/iOOfH+eBAQTlUMZOLXPkN512n8Bu2/oYXJvzfHEdtdOul2j1J8G1fivQQvktO3F8bQcZ5gPB5FaoTrYvs+76UtTd9/41Xlkul83j1IZYOJVJkvrjDXzzAUQUjCi+91hrseGa4FJtkezOlUU6i17ybYcm8h6LZDbB7/RyBzYqwUtGwRskYHsWvvN4SV2eZCIHNgMFF0+lSVQQNTL+R5mc3/tm+V6hMVzMYF6bLZz9HPxcI7/9O8lyOtzJU5XzVZtPbKniXtWXjJuibT4xaDg7o3XI6YgRY39GuBH2xj+BEP9s+Tn7mVTnSE328zP4P/GZSkmABcwejq6adTh4+ZRPXejVhW3r6zjE36cvehxlhNxD8yjQ9YwPuKAuHFqW8LYvxLrHP+laY0FftNyRIFNaUvUmwGgJEVEdTa5sHwMXX2qBpgddQCNcL7fonG+H+dixASt3ya5EMRtRbKOjBFIY3Op7t/WtMumoAZO1c9j8uYtyNfG5U5wriT4LW2SjpkzTPe+5TXIDbI/It9SyOLc/EZz3DXe2+/vVtq5HEi8L6jI/WzxDbsvFt37+VkmaeIe33Hm1UX8FaNQg0vsMclayIbrXCQ+/GcHnzzEFGFJOfmLjSFwydFzBuX5iZ/QkNr9XRSefHOG33PkBgt8fEKzA2wIdPoXToYXsh8I1/FmJsJ8WCn8ncEQG23k0lRF17WUB5uKDLe6JH7bDcG5nteQhFaowuhG0r8+vD8/36QcndWwHdtUoULj0xMFexMna/vntVd/POSGc+Ur7bcllRRvAYgX7RLd+cj3zz6kdkqyUW8uyHrdrOOhJptzQqVx+A0ORaEOKEEuFbbM0YEv+u1858aCLIabytEMHlApEPVIiP1uUv27Ls27Tcv/mV9TZX3aK0mdON0Fj8SHhOVn7SwfPVKj5LbR8Wglve3CwZM+P3caolq5B+Ksfzp5cVGfew+5gdb+aA4tgPjodQVoRXGaor4ag9yZDq0+BFKH4kGPMh1V9T/PghFwLs64744D0buKqsatiMif1TOFp34f0SM1J8JeMiF7jawi9Ax6067Q6rQY1nCJ70uKMdJagKY5bIDkYKIlM7hKnZSX9y8wTKDrcNA8HpoSzgB5m43AAPE4dxyYy49UlMmzux5+++RpEvWZEdLGCMXwti7apLUnl1lmz06E377NRrPywskPiZB2G+KBJTbCUuZVG8QVI6SACwqSwQE3rTMF8cAVyOZilcsBPPA5rSRAhJXGzXAUqbDez6oYgIv0I/Q0jfTrPuiPI+xL/RA0/vqsSRmv9Xx/wjDSNxhO1KZETi08kR+S/MCSX4qab0hUdZ3IMIxgWLDS7UtkNd+DkGQ46Q/Qkw2vXKvDWl3atGMg/goH/fEfQN/xPpIqNIH5OIthpff+AVJ6gEvWddgH5+oQWf+W9EtyQ2Zjl9aDauqmoKBnmhYm9/uWBKhK8g0uyjYWOibGubwpgDj1JqErD3vxvT0XnIPoGLCES+u+5pIBswHnQnTZAENWKsVT6o65nDFgoc739nymnJVZ80sHdaIbIa2j9LGD0oYzJw7jzK6P99G6+BsH/gaYPvbQ/eXV1y2U//wT09o3rBz/jqxNjG89pFKIfsc6WvAsndVux1iu7V094hK/q3s1NkMO48t49QbXVQVejCRx3jB8yVv3/mkG/JVy3T/w700XHBQ4DLcfYqD/ZmE94ozGZtidDkCTmZx+1fdAZ9wkE76ltfXZuQ4jfkDocoLzRErK6B/dRWyQHeK42AAqF0lxzgF5XX1pH/9jqx2Had2cu3Cst/pb++gJDhy4V8QX0/1qQD4FKPefWl0qG0LLGQLLWmmA046xqBKH6E+DgbUfwcVnEGh2/55MlNZS4R/0U/mh/0fTt4cz/b//R87H5HzIQoUSOYZ4OcUiWiI5JMeas5xPmzMLMVJJZEQhJXLKMUIobE6ZQ3Jsw8hhZgfy296f7++fXdf2x65d1+u5x+G+H/f93GBl1SBoPfX+6ERhfSGYn9Bis7g9S2ZZ3S003WjGWYfMmbLSxqlpXUVfjVA0DN5D81cYfzHEWZ/I2a8oRddyVIcHwTS+AthgDVL4X9CKv/QLM5AAWYiN2p8JMP28CITRBSI5PR2+XKksUdILTQh/l9FA9nx98DGu02NT8b2UFqNaXz/Q90YEFHuuX34D9EtgxVq0ltfH7WPouam+EmQ6fG3kOWosc22+LvXi1gtwhN46ReXpptqxlaMrgsIGzokWSYnaO5x35Fs5dmRynUvldHamLjpPui/8aQIF/EOI7eQHP5UBTS+HpMuAFDWhbyzMjby/CFYAq2IHWlBZHBrGRBFSmFQUkKt+rJNp1p24RWa/cNPb/owPOQcdlD4s+vMF/AY7TFmYj3pt8vdaliM81a8vBIT4OhMh2N7xuy3qCORhUQwZCIJkxfkXmcVNbbbHLgZ/LA68CR9gpzRcLEYfshh4fq3qevcR86DX9WC2VPj5l2mp69NNhg/Zm0fAKYCbnizR4feUFM2+kRp6wbOKcZqGHeFltGtZRNiEBI3o5+G3V9sJ9KVwqkTP0J3GyVP0f9OeqjtoMhvyTmgnyCM6rLMxwL9mb+IB1gCvfle7KF5ydImpS/asujPSMFnn43UoUiZoA/GowIku86MXB4NBZew+M7BrM2iHQ8u8nU+Xhxyk9YkDGmnSVHxBzKef/Z/Bj3mnGKLpqVc22lHkzQA08xhj2NwTL+jXfVbVvQDyqOnlzUBWyoGMLOohG7zaLFImop03LoD4bWOIh9hfA06K2fRK/SG+pvrjVKc0fJOD9AhU9YxI0d/daI3JtUPdX1YdjsWPPTmqIXJIZ8qpkz3vmL2hK3+dak2qkMwVNYznHRGrZzrWkQe5zyLXqhpC317PX7uVDXnER37UL2/8Pfr5xzd4SRhRvNHhuwjvVtSDHq2zPrloPs23nYgF6bOjLpsWOt360Xh1GbO02maEEWo0NmZCoQKK8v5O/gvOT9PLHQzuFDu1pthoKTMVeIrp6GnuPa14kDq5tAvQJarrmEmyHhJ+WsVtiLj/2il1BeV1IolqmcLkqffHDSTf+N3sQmuDNwAZBQOfU777MlhEPc3rbZtIKaNHS90XqACF8Xy8KkAQ/CtF8YpHH5oBPFQNbINNPHBFjJjmXuecqUCcem8ISoRpYOTPfaUD/ZghqkGK+l4tBbhHyxubUmaG+z3HQEu44Hg/UQTg+Wl9S8WYsTl4YzHOthgSw0QNDWWBZ60W8+dvnCyGXOaDtyhioGotIctLYlRyJQYnlAQcnR5zLqcrgagWXyVTwBGv/p2JuPAB8O5mxatbJgBHKxjcl7Yh3Cue8FikByqCFb8rzQq0TYDZ4YO4VjbtTsAlaLnUfzdI7Zfpk/3Yn4ZtMeEY+x17rHyI6wBs0iQUaxBgmAOJPTK7qFosfanmRoLQw61dvBsIbHMvgpsGk/dAWZj2AVRFleOkSs9E+HkHSFQaFpEIgmLL33kQ6uwQ8GUFLJiaP3VTYFIk0sN/vd1+VIE34SKETkRZMGanwj8YefELensY+dtcvjsOG89SJxo1+OCjtWaGgC98VHGLc9QIFQbkE5Vk6VbF0Rxn5zCafxxl5/M1JeQzWufqVnLTk+Fby1ogiZ1PT3ktiBcNWsJBRUMa+T4s+Lre8xJkD7+jnBGk3NbS9NO8dcYokBkh93stZORcm6UTnIPkbVkD0ROZuN719rJJ9pcvvN1Azql4LyaawmqxWY9BNFFwxjoDTgrzHClG3fApdAPpbDMT0y777ueMQCYRVQ19YfOlvnurL5+DRp67ZvYpb2zuGM+tFoUDv1fEqEK8NKET+FzUtNxlXyjiPDFk8+/dUYA8D4rTwedeWEEXXN7um/D10nDX/w6TSD1vEm7fRMnWSnMQPWVCFxfjB3YZMK8OqHUXP9PV1YeocC7hPulOG5eAqzOVOdiX2R9e9Qo4qi/LLX2/yMNhYdbLGaRgoMjZENd/9UOUqH0rP+rvuzcIxppDUY9SyAblzjgb3WbaaOM9/IiVpdztyG7pMTtUDBOc51oP67LN3UwgArNVitDZK2wbFqfWGpuYmulHcMHS9WZ6O5rCtBeDsYtyN8LT+qEl0pQKG+ewuIHkmYPdyNh/pjAtRWYcQGGJPOKdnl+yyODPX/ueN0wB7RvdagrH7llcJHjflKxloWm890iHk6LHuyvNGlTr3dT1/ozwvnH8J/jmCjwhONDKpBciWjJa3FChd0bo2Rc6SSRahWdiH59X2xFf4qGcubVs42/2KTTzekLrUy5BQevwAwGic05irug/jcZMoyuan/fHo0ILPjFBOr7wrLD5m2VyslvD1SifvUcb1K63zL2CFuOuzIWekwXpk0bkQKzUu1fDVnXvwtkC9/Ld/fYq1R4KFlFdeX8SzGOFHOEMqF848AKpvfz35JeyZ2iDtIBgQJsYWXH2OKD0MBm2KU+ulNwS0PuaWvK7J6J2tJVTpCkwrZN0MYVS/VwXv1SZAMiSpqz+0KFUzoMRm5ysQV74ALQw5Do4WqeDVsWG/2/ZTAtmzWacU2W1o2xuY6gEWcr50bieemI5pD6CnUCYYHLSna4pXa+65ki8UG0u+mG9KUA/WN35jnm1T4ip6OH6R+CYS8R2IurH5+cxGTei3/yliG/vOs33q2TmtI2ziyfwkMvY3/kDy4CVXaRvCdKhAH1etAQZHy2Er/sJTuOAfZqs6f/cFw8bfNt6FS84GI8sGZHHFpgdh3kuC54zRF2SrL6KfeifdDkgGOsxNR1yZyZa6TVq89PLhWC2mEIjUN5N5EEHNfy0k9G/Ya2av39Dujv2/S/v2EN/0+wG4uyje7K+5YjH4XBMt06fRaLCFHV3vOvljluVDnd5zDg83f/9PZufHVDq0gh95+tKh/ytR50IWRSvksnlRW9wJ3j44UU64i+HS5/aoj8wwdnuk0Nqw8wkhU75VCh/kWRgYoxGyF0WMsFGrrQojWYVHP/2sZT6uIdwIvwtvnbYSJggdgypuqLkvkeKJtsErDHxxfa8WEC1a6yYv8eghUKIpQPLYn3zUNkuQJku4YUPbC+xGig30h6HYDbVdYWE8U8ndYGVBscrK5ra8e6o87k/F1c2gipAcMtOwNQUYHe+CsS8Oo0Sy8vm996t/GiIOsVMnPJhhmsF40tlUedU3Ushj96OlLMigIsamcAFReJ26DF4mw5xW4RxEZXDaUOUCy+mnBe1KdsPTgbej+DYS0ZwV0LPMPKpUhSpgrOGKHFmYv6DeICFLFTJqMEsCeF3U5nh3x7i1V+aoKzN8CF/hkvQrczEKEg8APfE5+r0e3b4FnPvOhvHIP+t+G343TGYWy71Jg5IeMljcO2DRkH7tO3PywoHCTKbQiWiMNLO39BGX9dXMC54Oi/tsygvDV/eRse4McY0j8fopo09Qf2XOGlhvo+HBnPhIJiofXky8PTO2V9P86T/S+R8Ht00YeyRsSuIpwM+IgnFnAWvViEa3yywVwoozBIuSuPwi3qJOIYSYon+tGuh8sRWIhFmNzXqZTczWjtdcAwkDWKGDVvg6kZ1jhtZqNVW3059askHX/ZUpWt8utgHeGjJXBj59w088OFKbzifwIf7eJMnF38N/zQGBX3PmC+yc+95C1Kcw9WYC7p9/3Ema54O9KUo4pNaZO2vci+s/DgPLdKnFq0rKt826Ai3y6+nVmDlxdddMgznOhqlaKGeGHCWOGlqg25H5qEu4MkatJFoLdJhsAaSMw2Xtp8tvd6kpzhq0KoMetJX1P17uqjt1bh6vgkoJscJrtQFgTxpS6zTD1q62uS2HPLnDVGBaYD/33ZeEhBcgP66YR65eKgZSurF/sl1+/VH7g2VwF1hHiIdMDozUfiKd18H5+CbwhOrVINkju2QCyw4C8/SGC98+eiTnPvWbPxe5N/Jdu18+BBFkACtLtlPFIwMuCt1HgIxe9WMm7/RiUbmDdYiufv7tH/dFsKH3NZ3GgyfcFCQA+WagaB07+iBt7kzeNJDY8y5WosixE5VZNmp9ZkJaigpr2heeoBafLHGdUmnVWPmWelgxMRIEl3Mv2gk3xWJR5+1yoC8ojhUHF4/9/0wXPxih0FCTYlNwv5vFmr7yi3GtBIX9UuGgQFMdHvDD7sXbEXwtmdX1VtulKadOBb6ydr/cSBWDKlJSIc6tiWMnjIwaT6yNOtFir4e7dSkQ/vVVwTZfqi2EeBkHTbOZ3uqLkMOpS9Esc3NQXtmwd7KW+iYy7fOQs+Wfn965qmEKJJkIO8+M1A13LUAaia7G2l8J7pk3UIhSqif4RVAGmzWdlUi35sFCG7Nx+K7EyBWqy2rAMIZ8guam2/yhFuDiyjgCH838AEQvFYF0fPfq9T1vFK0CkrcHGvsjqVBdNGRX0C+myzU2baoOhbqU6ksZNH6IV5lqv0nDeklqHdSk5m60pwO22Qny3wAPrLE8qHn3V5sh7O/95sQoov7nmk+HnJyuN/AgzahZTlGTWaGhUag+1m3r1UF3IL3fjm/2FLz3ktbH6ab16Gql0JvJ/ooyXnYtbEb7PBkDizOU7WRWrYlRfjFNBPT2Pdca6gWl9QUtIlhetMrj5Px286RQUpvZk86tz5Pml3X+Syz8iCA719bTpLT5ZCHTqLBoKhTUQWSzQR4P+2PPYyAOMnMuQGI3tpfiJw3OHH5I3BDeceIGgwCft0vxdNxngVbagowE0cQkLC0kaZ9z9VsdLMmwLUpEBL7odfvTvax2J9RVSMa1BNbSx/mpVV9kuhy+AtcZ1ZSR2Cu/9d8plMBLLupl51yhn763dCnmvaEOEnaUQZ3rJEypvH6WcC9ssuEK3q7hNrAr7E1vx/SmcCAHMtggqtIOhOwa6/VFpiA7jzxNjQSohCGzZL2KhX0g/Wlj0KFi6QrWAGN4yZlyRYf5awA2S1ODxtnNWJOAnpS0iE14DUG560+b/KQf0hLU852vtRTKIPuMh8/rW19/BlxHJQOWxZzhfAk6VO9HjSTRr2cYBybUyrL8YnRlh4j2CU9dusH342e3g6+1m/k/9Zi30rf65rOWWZSvo+AupJnpGTfVnkbT+wgBv1UX4+vE+3JvSU3GH27OIg5loMOfuXGJV1oM98tBiC6Pd17eodR4V/EG7bVb59e+3sOK7/JBAasmXdySiBnEIxQjT9xym8UX3fPiO4Hkjkx8vZcgbuqlhEf6BL+NAL48UZpCSMf/62gniJlb1mC5EcAALuoBVSYWv8nExAic2TS5X/syWK0nog6PmRclbjqwwV/q4YPMU4FlHiollchTFSi7iq4lj8BaOck5uxI9AF8JZBPGHzuewRQOkjnd/jcDVDqERcGd4qJ2ubLBldjwctBInQSAJ8qpAANVtENmC13FyN1ZzQN8zfo9GNhhPqvunOTeyeSHD5d/IRSjZjv/zv5YnF35m9DRbqKS3/vMWb4mogCBmfdA9jZ3JNl5G4EaJYfBjuRiqTKnhyIqgfK5W4nwJ0RDx+chnNlwO1EmWjvPz6aNb1YU+3M81xjuJPr4xmlwHzLBGSh8D3FW7e87aJfdVlIciYAPJT3pBul/dAGRgXHlwXf/STttDhli2Us5HnoA0467st8sDd2gprnDI9u1PzUWw6v8uPdyZmB2X9SpDqg6xI8QP51/D++2eGemqss1Yv+OHecar3An5l5v26I6SCILfbuf0Wptvc1yL3kO9dULSMVPwBWDR+AhEykm2mdttK7CIn1mA/gubnwzrmfCtiuWshT9S2TGghYkCDXSMNjkGdJq4PuXuTVwdeuKGU9XYIcuAtwdvYiNyNqcMMPkWJX9PvC9JUMRA6j2sAcffrTlOpx40aqVw0EohrODN95EiMV93gh58lSl0E6Dzw4JARkwUhJBRxGCW6cC+itAyG4/IHth7tX0nxyx/B6lpnif/wBwgBut0LjrAm1Nfz82vA1o6ltc4UrCxo+w4PxV/JxT6A+y/LNXy5DMv8OzBSWQx5PFuZblAdb8KZdffbxsutBi0d/cz70mMHyGWChYxHDqlEQwoKmSpvu6XhXaF6W1Ixr8+phrLq4a+Yf/LYTt3PKGHWBebP5awGsPx8dfbjJQhPiotr31I/0nYkQp42rZwg+tHkRVR0jjhDrFwg4r0RUtOhGYrBn0OG1acrsF4HUSmX/DMiEi0rx6AE3edpALA52IOO7vXqkHNCKWZSTYzR4J6kdKYeN5x7J9veVVifCHmPB0Q7R8Ndgf8tAfMKRP5YVcjnuFLrhiOX+kaYAOo4oeZ7XPuW7SaI1Zf1m2Cdf8rlTO2l/+qGgdxTQ1QbzoIobORBmU2BCYUfHtBZdt7S4/X2wlOz/N2qlxVhZded+6mCo8MONkCu/sxwWtiu2Jyz0RuIyiZTX1h6Lqqsv8y2hnL6wgiGZ0ocf1AfFuDqh4VpFqMIs3Lfy4kHymII+4EC199PK+SotQNP23qvUcxW0iBNKduYUHxWFc0+GgKb/txLhcyRZj9R0b/0QGfP+IN0QFGNdjNZnNWB0fMm+bap/PVg6pnmYNhxdK59isoqEKP0YeeMkeNvjIWB0g1eNtLrm+nX9hhOciEUsFtk9yr0X98IExErj+ABs6+9hwf57Oo6FH4DRdY4tOry8Hl0r1aJp++9F/WqZoKsqm1F4bfsV1wv5az5jzOC3j/smruc9PAyfMxlbNInPfBTQD2dZmW3JSTowCCnr4w4/F4mYPep7JlXY+iJJ3UHnmiW6a+Spr3bomgQJ1ZYKN1da1mpGtimrZrZfjALtdCx7ZCNNgQdMR9jlkBxaSKjLD5OkuOp73/Ykl2NiORUL+k7H3jsudTQkCH2eEw7igyezoR4/UzZE3W4bAT9ihmnjR9ChtTSxTetP006swI5fXmxLxmvpotO5WqAsuDIb7ea8HO5k4EZzj8lfuRrw94mHgXdd/mYaXKbMkx4wkbaWR8QkYzbneO4IzH2sqJG/lXclVR+o2T2xbFLX/SMAST+hXfxZv/4ipp+UkhnsctSNnpNaFxI6RREb8+pz0JiB86mwypeMZ5/Q2171kdtZ6EQ8uCmWyQwXmu82edtydV7uT8FQ5HQ8LLQTmsy5JW51cqDOxhBwz0CyblpnQ3gyxDdlasAD9zRZKOS/Nq979aXI/QvFfXrs3t8f5b//8dTkm+UfaHpkJMdOfjT2heLXmRdlhSeZjixzl8SOvObAZiZvt8AsBsGheGi6VFasNqHS0DGOiIV+Gnif9xh+bvtFAsiAL/ZAnJwDbbfdWnId/vEsHJQOl2UhyDXRXlhGwduF7n+xf8T1m2U+BWOv8WjEDXR92UNr4n4q3a21pHNTsq+ex5QnMMMbX8t475ZkAgVejzOBP5jyZmb4TwsHOQ1qPwbKygj3Rw74A8PF/EYAInYJQyenqNuFm3QqusIF7w8VBQPgjkkjlA4PVWrCBCUugR/LNEZVEt8boxSZiW5jzn8wUOYhXy7idu+6FLUtNh0dbk5BPIaVtRk5wlnwu+cQwNHbMWe52/jc8yYoNx9GinSUiIEqzA2d/gCoEa3HEHIo4CtMNAGobqTioW2FMqhYrp2RwXBr/NhlX9d7v98zjU5qPzwfZUko0Clm0TRgYe+IzIlFEVDjICtoK9v40BKWvTedMdTVmwl//7ZtU4JU6ZkFf+DoSncA13sAA3wN+u4pEsUcCWfZontt8QOxGmSSogoUC20+Tqj7dALb5/79+jfgsshlk4eIX/ajZ7gT7snXFtZTImv7+6EposeBC+1jYsTtG+UOQzloH2aYYxB+7PxxXyfVZZNhI418jXXtHetiyHqIktDBQ6JJMfKJX/LqyTlHMwNC+FVfPjjLfGkxaDVM40MkLHnmltZooc0ncxDIX2us4iHYzKBACYN+wBfb6NWJXAoH3anh992jP0m3rz+4aJ/VFm6P26FWMpEy2R6oR0WSYqQ0/6GXcA5i2lqxPzntD1b+JfgbQA1H6bcwjoZurcIG8MpeaGvM4ZiBXjRBEJoKb/n8CL4Z5Is+tSB9fGvEHRW52vblh++yKv5bzmYHSYgrZocH03eWMGajvVsm6d6EWk0rJCs7D+AG9X82eN467AL+3cIgGinYQI+Qu7pFG6Dk88dXtFDHH+7q30BpV2vtKb2D4PwBXbzNqxsDheDeAejIIkIdG31eFBe8U7PQc/sgZEHx6alTCLWOtFHaq4kEkCB+9zjdz5Q1oV4x7YsPVKyJIsrZAoySap1OnMh91wWE/0uOAaJ2Xv1GxVwA2TQWmWYObFeoHWr4DOlDewC+HOTL6V1WbLfND4Ed1RRAT21NIB5ySqf3J77UypnSdrVA9zpx/xcTUdHYxkq/SlxFtAAunaztL6zGZLXv2fGjrCHNKmzVESYSNF/3iCELlb2zkaOLcin1ZDIsQsgJQWb6eySI32/8cRHgYvSclTsO2dxftifi78xa5SAfwcMvv89Ykm5Q/eh2XG+uWLDIjyRh0bSO/HRUGI+jocFvPtq93pkP012uE7ht5mc0YT1jHTZ443Nm5vNqaMy8ltFVACy2UxLizEOxLQpmvn2wpOoD11VekbB2S+ATrp7JS/xTmrQdB2JZpAQ2lqZ+IQaVFxnvOaxKka9NXjkMG8b8kXPO6zi7oY+7GbAo/pRkZVyAunXJgMTvpx/Fe3zy/jwlqO+mv8U7ouYD7xokFzyyCn2meUL+hvde1KffurCDdWnjJ9J/KNUMXtIGWpIzS7/c3X+05ftbMVQpQTciGbYpTJYBHb25/789Pf/ey9tFXe56TbpY+04ftbHImOfNqUVH59qBxGk9odt2Ncj/346+67VXUoNYkA5+wOAkVV9SEHZtiYdmX8/YUmGMmtvwImL7Pk3gNO84wvubBXnz1yye3svanBBw0o32ADdpXbtXx9xMoYz27ulWA50XAVmCjJWuWluOEb/3rwFtVNLnZV+sRATv9Qjn7sJH62Kta7psyh1Z/3ZDtkmzd9so/sr3UK8y7qmHjMCjlVtu/DDNq2zG6z171Wqusl+YkzH5YGURFRK8/ZO/mbyVd5fH/gz8/bNJVfkDXebwe91vuydPRFAlDguPUO20+KpFy/G+L0e01v3Nt++sBbvYfL6fI3lp3Lpdk+f5a+jclO31aKGYDInW19iTHumqtaIsBCy3gl3ZjIBS6JUT3FJFR233H8x5l7t23/2zG7Upxffo0ZzON8rmbjaq9dGSrLiId8ec2tZh3Tdgsuzjl2Osl/37HztlLVMu5hyE2OiuPGv+LkG9+7QEUlFoZyG0XDedYcYC2GHASTCvUmReeMsPFkYisS1btJoViApOQusGCu+9H0tE+Uq2ZX9JGwzK75YW3q8oQRus+etHj5em8We0iyvnVlT0iUl67y4ozo19f3DlQLkL+DDgW7TRT1s5qiHK67wkNJOPyBRRxexbg2i9iDQYCTefcrtv6+pvDj2SqVjR6ZryjzywwRz+ofjMSPfOcyKsZA4b52hGyCpcBBrPbwqc3xy5mr82/cM4AQ3IbeUEIYmgGPf6z7hsvn0pkWAW4XNeJglIt6L1ipfm7ov256oqNRyO6dksptQlWd63DoIkmpfhkt6EPGzzPp9rmXlnBFIDgMMEDJHkNmFqic5XtZVH8XA6T343chajymARiagBWma+px/Fuhb5KpV+Fi0xjGb745Dxzbr83oBWdPTPze7ytncKNvdYaErd6nDR19/jTSMBP5CE1Dy2zy0DKbwz0kSeVVkWPGuIcj7HGELWSJ9K/CZE8Xs+XFBWxwPXKlZMAdbLtuhYJyD1n0kbZ6Yq3SlGiqYAGWEYxFB4vgnKpazGDJQIO9DE4Ni5GZtABaiD8xj5HmYqy3XoT/wYpUdIkJG1tXRdwOAybdSI4lUpQKUa0Y1u4w4K73eWg6cvS1H7d53l8H6TTsxEStMx+JxIMfqKKDk0b3SN4cB+a17z2hP30vm9YluF5CRZdyKZyC+swvfUE4BDPxYqLFvgKbnGJe8HPy7r9b4jxi5J8mP7/pezLv/0eeGKxFprvI1IDVL6YJab4KG78qYbCC9vm31sc2/sXSUW2pKLRVztApTraQd+Wiv3E+E88+VPsdCU1twNIJpgY9MJaG64onw+N5cp/myYQZha1dWOrvPYtRXdMIlHp9vhap6cRtmJlu0LELqzIRX7pozSHc0Tk0zx9Dm5WZDG8VvprC+s7tn7vR92DHWxM6NGdMAVmJTw9wKxeh1tIwhXkMFzKzXSthvumg7Q0o9HQDNUkgAu8vbzUl+y6oCWqhp1Wy0R5R9MSEC1fgVEWQkhRklwwo3IXxl2qLfBWXSX9qPgjEdvFSf5kFKHPfgTjXU/jD+M5aFdvdIJWLRCTgfu53gkwPkabLrQC+HDbijtK1j5kiSqPRL+xJSwG++KPuzWVzLX6CVK/Q6Sjzr13WC68nqQzx3saMu036oz6/LY7XjA2dp4LBPV+vI4yJdgYzncBIm4Zxp7425M3cFvj++k7Th+6tPZLsSu+1Yk3QoDXqKziFPFuyqa31CvQy4FF0A+nGgwN/YmluyqTj1ERYogVA6YDmtxxLC29i2hd4/TwaZ8sWuDw2YbU1Hvf4GRMK9qDjyi8/TqEvRePK5+LDKcKKA3EsGtOzibAS9XUTTgz996Evgl4/Kih4rQfK/r6uTJYJEig2VtTnj1dArANwMjGIM27uapzbyxjHA4DSovQdb24qKCvv44ZvgYre+FX6oYYmyr+3Vxp9ZvV9EqBg03BoIz+Gnqsq9En9x99u9urX0DefzwLLvKQSHnPiXvpkm0XvRdhR0DygtZEDOs0H/bza0f545Uxs7gWXvGP3qIUrIJ/mS9J5ITXYG8Ll25vMzbk3daS1/HqeiNefAUbRwKvoO3nww4Lov1nJznfQgyPtca2o/QoMBaXTJgb/E5kPPvIPop0V0Dj26oD7N8nxSjXNOOED96UcuL3HNMtTAqsPb1e0/UeYMWDi5y/qiw1Vx2byYUAw7YrjQBAsxEzltdAz8LKsdsNIW+t+pgWyh/3de/h9si1kRGsrgU2zhzEVXp5kzViNoAK2DeFwDPAwpc6NiLcDh8csnyj7CQQYvgvRVM+UFN3EHIui01b30zR1C0kQOU7JgRIzLZDsbgYktBagsTp5U4Np4TuwM3XPpuHf2pn4I6u15Ph2m9rKcqYPo8v9IFJOKDI1y3eXRt6YMhKDF20XOrG9R3wQow/v/Lido5P3qE1yDfToCpYjuktIBzGByvfxXEW76NY0eHZHb6NceO96GE+9x6iWWY9XzIIbUbLB89K1e//KgGMegj4Bqy5QnYEYb6xhtYydR95rZDZ5kWS5Wr80+N61/1nNTOl5FmjuYgyPyVz0YYgs6OTYTcKVIew/ZFLJ6oeEXUOV6Gnnwgyx1lOXf0VyeFvNbEbJmu0LmDh1E1nQfv17ks+15c3AIbnLVrDH6VCFJbCVM85MhSWU8sA0kuDp4EyREXanCySGa4XZ3nyzPXRRF1zreCv7ZnC45YCF7cGSmRXvAX31nePjErhxo4M5mZeY/sUdek27dyjHRztm4M3K9/Vf8+J+nR1MZSqAdSYE+MjorY1/0zFzP82Vu6wuv3A5c10SJHDhQDpUPOrG8xyqMFnpkRLhVK+h1KrLcsJHyLkaWeLxJPi1PGnV4m93VwlUfdNQOEqPbHQFkwaVBNWqpVmOk7G2fZHfFPt7lhqZudgt3h51V79dW2StLcFz7jzAX2H99yghVJn+p+PRiSfwxVy56CTdCnnphXt7ZUygwvum6or0bIPxko7ovJdX1V6WOLz+33SIxNHLJxMG976a3HRvZIjbN8jTDo0rNBFnOlMR1KPSnCjSSg3o06sBm8xYPZY9/pssaGX2GKDcd3ItPhRZqsBnY299YpT+9ov+NzGnrbxvahGFsejJG13aRdWVP+ncTGbrNlYduW2983Z5snvKPzkD+bHwGMtEaVom/IEaeanpmgLtYP9XHAQ+uchajJY5fwdS9NULfDJeFETF+BFuWAD6WdYYaKZKL2XOGEP7HFC76Q9QDlmqE8mIk6f84QdSoRwJIGBmfFS6TYzeBLDVHWPNSyVQn4KAs+ZJiPqKNijOoyrkKfnl4rNUYZnSeONFE5MOX12D7VHc5bD1qj39U5s1CvGUQYwF4InDlsYdOQ/Zj5twh0E/h9O5V/pnxv9bepP1yC1HlHhRnuovAHy37/OGPdkb0bqIrR7lf13m++g+27tHI7k4lx61LAPqXjZe0UGAmPbUNgwWwG0YQ6YkANhJeGlf+qvXL7pDXCHeV0XdIDjvBSitYUvdB+q3YxjBnGgl/qZez+ExVaFvxOd2Aoy5eX+GI5djhxnfKziELxrRKogXTzSJ8KmJMJWD8I9v55XaYT2o7CrHWP8KcAHT5aAkQ5+ME5F3/ZKJ4NQGPaQUUiV0clZov+E4j+bovXC9dv1SAvrd72IYx9l6L5jbuh9nQJpY2M9cGDjvBb10fWco2d4M81/2DL5xz8Yq7wPNplIzWYDRQdE6b1C8zAevrUSAImI5ArwgdSGl0AqRNSqPyAUQM1J/S/jkdlOW7t4hel4RZeVegFEu9YBAvgFPr2umqKvrfzdbEtVTMmgKrNDrfoh90Jcsz7+r7iWMQONWLlWuuO+MdPMQeoBMDzW284TuTWMK7rsCossvqvyGferLd1Kp7/TP13B4z9g+WmeKiDg6X+wMc4VKr7XLi1bOGKR9w0L6wm2fBVpK1YCHPDWxfDU6ORMokgfVJ+FbuBw9aLID5pG8jr0RoxW670HmiGe9DmrZLaKJPvG+6kyK8/Q/X0dfnCvqCTcW0/tkIbRqAdGZkAt7QIURW1/imRcX8AkxuIl1gygMPLo46/hGV59TT9vb0JotbCjpJ6gOv1F4HgVkFWg/oBsP92Jd0W7h6oOIyijpRsn//jYR/MMrE8su4E699c9MlAPnVXbIQYfF1VZnpU7cJOkxx/E3KXlAPRP6PxPkmY918WdK2p90hjIzU9FlQyWlB6swGnZ0uL1pmlInYHlMUpfqm0Lf8KIFg+cGfqRw5ahnen0hTXcuPaZMPYaNhF4SL14ddfsZ6WU89MP4pHpE+s5z2C7wTMfu3spVmv1K1E7mSEVej8Oe1j9RyYJGqMFz0zh7Lrc2xR7s3cfGspOLpqzAbzGe43Ttn2flgQyfVXxQBZMc7Muylj8PdULO+VHOdHPt18xd96bLUW3hii9Jiontcn13nm1kKeNFI/8/5Crh2PWPyoL3cpyurkggXSpwqiQ1Q0eI/UWjcb/WLbdO/yJwuc1VJ1R/1BSKTyqnPwxxz0obFBWFnb52VBjTltHpfYXS1jp1o71LNzH4ACIbzH3Fpd/pf2N84XLpJqvfZqEXCxze1vI1k8lJv4MfN4gIsUdGnh/uharu1LO5A6YYz+12vFgr32dG6n26E0FNN+Ha9t9T3WSNM0IXR+fKipfjzF9H7gu/WWY+6eSibx/PmY6ThZ0G6EkOvWKPN0/ZjMC7ei+AGepRORJp183ksCY843HvGRkytq+s7/YhEadxbdiWVOmA6yv3rshJFp4JBiT+dZVnJUDBNJ+gfYrkhE0VmlCo+wjPql9K3hurh23abgmUN7ULlI1NKihYpnegXiNGpirh9zNR4omfYqhrzgJHLmDQvM+Xwdmoa18ZR0gouWHUs7rJ78+H3OH5i8XBFyd7hT+uKa6g/nziKEZvcKxx5BK2buUXQhQv8Abg3ozRm3WfjFOHWL0EaePen+a3fuI7yx++/To+5RuViNP/7AaLM8GOg9INi+5ICq0gnGsO5wautAny/uUJYHCT/ldhU45NipZQM0jsttf55dLEWtyfZD8Vo287s9Nc6R7p+FwIwEgpeE3FZaychp0JvePql9BfGIF99OkixPJEDea+VmnS/5oJ/b+60oUpOLYH4pk22L5Yd5aKG3ElrB/KT0Lou8BCoXNekKkhlb7vEtTTK4nWz/GlQrcM1C+CTrIcc8dM3NZsvmdu5xjT8XDXgOvGqQariziSh9JS7ylL8+7v7Ipoco7fHUmXhQrqJKIpztY/EG8Iym8k3d5ejc4ak4UQkpy28XrIPO/R+nqPpu1xoDtEIzYK80Yuy/RBUpAIeBXpC4gIHWHYNrcTFGBsOEKAoYhDtjsMSRHW5n4VBijOp+gIEKJAG1akRKZiPVqwStQvcnaSYo0IiuWxEX/ORt/NhzWZA+MZ9+6MONSyExiTAFYv65V+UlcgggtON6MiDPScwvuxHhXYxm4cabDPNQsynKT6SlaMSbf1rpBPRTHG/ypzWVc9fZBAvLY6LyBPt0/Kif6BMgDfx5AU6KTRx/cRo0FJr3mP69nOefyMKHDsHZk9/41ZK+41q/byUEFpWeqFrezbu8sC56OsUIRUuBsxl4EjwCv/u2ZdjciyaoTzDTkmflCaWonZO1/Gn6hNLAfYdbQ2WMbLHCfN+QDkHwQSr88Xz5mbvU3doB3qY8zZ5vN6ztZ5X4L7Tb1H5dL3y6a2+ezdjt0RF/m4VCvrs8YFihwp0CLBMK0i6d/GKZTLtvTTDpQoJMAAHmHQePRNjP4GU5E1SYFPUSUU4fhx6W9A4m5/fd4U0BRkNyzriP8QfSBErQIrl0zzdsGS2++OzDcYPpcJA+SzArrcYOJEgYs+gFhm9EflA0rUKfN6lChndk1FNvEsY0mL5M6Gc4gy6yPrnH/nqaWY2UptUFBC/jOEg5Sxy0/hFXFOk8Ke3iEhbXtSStGlyFNt5xDMXZ5oWcXW2bkB+Sos4eJ9jYBndw/9Oeq1U51EGHKh/FWEzp/0MboiTLhthNyeFheu0Cdz3mlT/nSnaXnsQfcHvvyoRcKjNKtAyfeMIofj1YNgflJkwLZi0R3jh9K1g+e/ZleHo3LqAYnW77GV7wqLxPCjoP5UN9FuhEyvvvNTOjm6UOBs+ic/dxo5JrReqj1r7BXEVSnyUbEAFGD5c5Z9s8PPoRJqVOpoSN3/ye8wMLNOv9Vu6tM7vO1VrUwYjaEVysIepWI8WrGMm52QzNBJTdQcKU5QKoA8AOfOu7f/Hbx7HoT1Xju87KWtT+/vIizKLNnYDthRwn2NphuPgex5ZDtvwhZejZPz/cfIqL2gJp/f74Px3u3C/OFm78wL+8HxcBz3c/fuLgs89j7wY7BV5tJxjhPhOYQOKUHs33GZq8LolOhz/Jf885W4/sH7eN9mB5F6snOtHhmOpz2K2948C/LyPZ0I8r0K+oNgJqK3QUi4bDJl6+THTsOr9TqSnHW6SOfp0YauX4KjL/njrHSSEo08DRoZsv19oef+9vavJXuKeGj5XFk2p4Zeg9TPcxWDX+LYfKhc5yKtFST19ZuMjmRunflzxnHszZViPPYoaTf/2ZrGkvVym9dfSrQmdbIyVPrcW2BCLtS+Wks4OofRVabHQt5EUj1ZbqLvgyazbR9zLXw/U/IKT7/6ed4YJvA/5A++FkluHG2fb0v5d3mifxiHrquAtFs62bfalV+p/9wgxPxnRj58tjo4t0XXgNjJXP9gApOnGSVit6gbcfgGiCCWrXDYsoKz1FkLsRGYTPdf040TeSnFf3AWDZvxYI+vsztVyzF3DEj5nNrHloLtwvn6CjjPaqR3h4QNLGv6EcPX/ZHW7uHBXn7GqXC1f6wQFtlNL4hBdOcbOdU4OS9jEKoKWvXFuoZp7dEzdNXHmN9H/tvehj2cFmyC0vWXpylM2jTvyUvrplvZ723vlRcZlqCat9yCVQpThh0iw2k0Vt4Msm4vBQtBYS22U126/S0+zskUO0gUu5YLlwd6Ll1C1T9LmInHs/j522WfbQmhGuRjqUIiVYyRx1d6OMfZEHsYmx1dXyIXfnPjf3skc00m4OerRewHokwCxYY67ZZL1AjP/0YIvRCJImeRXdcUUCc9OEqHZsOP7i6NpYRhtpyt1AOZAxf073Mf9Er7hgz7HeupsIvJ2CM33cRKf2JZaS13Fuke//Suj9DPwQKhKPlFvuTuD/IaL4oBN8ZeLNMcZlxFXiMr3SW5QHKj8q4BLzJurnUtFhG5NmRoDZ7C7xs9z04yb2mCwfdUU+4XO+HlcBTp+3Z14v2q7bnixl0jcnqWeapgDhar/OjCKrlM5pW8cDD0a+os6POqTJkbttTOnSm6h++3F67LsbOj1LUuRKH87Y14XHDdxb0ZH6ZOtaJNsB9tXOdGd5mzZJXOK8K+osD01pLoGNPVebFMRG+aw2EdbJQv6cDvPE1/1gofoJFqMfCOLrjNJn/8iZ0DmGL7nAGCXyFgOt5CTK1DlzR+XS5TvAQsEMlmP6UMmGKBY2uKMNfrc0EXYVL5hdYYw6FoORN2WHZ/3AQM8jABsxoow/QEdRgokEXHtHR7PIGBXAQnmIH3tliBp7P4LLVPdruc4NN1Mcc+ahPrYt5jcFvKmr1W6RTnwpgIkmBlz490kJ8vH/IsxTa4Ke6XCO2RIs2MzAuAcpgLbzB0D32aaAJ3OxBqVxPFH+UrcPvHW8lEvB231Wq79d0gGvf7IdsIFvJfw/4N1A2N1uRoD5AsFDc+VNFyBic2+p0Gs/iJWGCadDdmn+zrsHLAYsNPsEFIjRYkKBLtYgb7ci9QkerLHva9Bc4rTPlVjoM2na+M1ayItH8MEZuAJpCp965cKahw1O336coGZHLewN/rhrb1TCP2D6XnZ7oJhzb8ATg2iiJFNPEnJT6HTjlwUrq3PJeur3kuNIigsuRs6RptVdIuRmNPxrtsepeNCR8b1oNvLkkd7LzFh3sS03gbftLPi6KaVzVgakY9nShy+GYVGVeGjBZc4+PaEdT846l/OkqT8apOYKd9RkGLbP/WtGIghYWKmYkJ81otMPvAp56bdpMfqT2YD9nAYT91ph77+O3XiPoYRfCYZP4+FXt0wSkMR/7Xp2WOiXXCzuYYwwTUqgBtmxIN+RFP79QkmSFtd/mBHBHSutvDmiRc0OcS+fuSxKs2sJe70rwQUbbRHJ46JiuwEu6qq73Acg4taVU7IfE0Yz7lF+23zftD6PNwkwPomXY0Va9PP+vjC5O+LZI6K3a3pmlh080iyqRjMOEMoVF4u2yW+ijI/KofIJZnXgayLnkUCW8u6TnKiN529zjDusA8YSUD2PjWHNurya31S3bEKoUcIHW5J/1Ha2C33ZYsuQr54l6MpAreEwPWn+6azJc5vG2JwMDOgUrqd4p8Jkq1DOEIWiP1OHUrQKnWhmkavKYExfmhlIgDYeMo7fNcxGYhZLTQC77LdKpvywokkDlYOXRbgvN/JqkT/qnCefkaTPcn9UrKwyAljIXuUt1zKQOJWp+t7yH4Pd2tOBYlsjBq7rh6A8R5jnss3OALsCmezcE325+14iTKqenE3IDa53c/bzJjPrrdMWvkhEGJn+3b9ZOXPJ9hB/RW9/5ZYtN1fSTLzmQ8n6Gy0BAstyzl9SA033BK6wLAt6ZMEicyEbJxJDR8vKum0sVrYHImNGOLv3PEK+skZmOiC+kByz3iVFFJOSI8cLox1bSK/yqu9MEaKvGqLvhg/tCGXzswK/BeZzuZu8xSOj/c7fKwpi82j0lNvY8V/BnZ40o1Dtb9167S3QElTHsZG0X7wY77U6mf29eoBqBjKpguj67lHOSQeYuN+Ed/LpjVxhFmAfw9suyWHXbPjg3/nXl+r0DTBfbCMyCmvKzb0MuOCbfX6Th6kGe8+JRqV7Sdsocf3aUdxtJR+axPNcO1Tnc+zVYmS7HSr8K+zOaV+izNR0h7C7buTCo4HkPCo2A4yIEyJ4MMF1fy/ZoapvNFI5cmqR6h8Aed4PgP8zhiEKsbPw2z9GwOMRp/ydFomvWRWUlL9lHsBmT4c484s/6x/SoowuvXby+7N2l8TL5Z6qotJpABWWzUYHirsiMypwsUYgOHHMVe1AxjCtE3X5gYh7/yfm5FP94GgRmmauS0xsrLgPpTk285/4wBfv7t7uL6ejYj2kaIdhhU6rSZaJMGMHNeMGTF9oY8Zl0qORy9Sbs4ILpamGdMHx3i0nAVItxXR41wGXIinZNiU1Gc4W7Ndqz1E90iktPvNZQv3FkqUTkonEEXWipk9xXA7+MfIq3oN/T2jGVJ+PsR7bXbczvH5SeWcael38LuC9zQHK3L+bnYPe5SHfxNt8Rd/okaCMF8WxxB36NbBR6OzzSkh92WOOcQVsl9OzS/hSdiA4lOFw9DX4EviteDKOwYok6lzSdMfCslMMUUGIwSB+dkBjNO7EkxeL0swxxHypjxkOHpDXLyvNw23Ms/i2tQdDRYSJZ65DMyzzSlkNnvGaj39jOqhU0zdCxC5m4qES/L1AsCcx5Kqpwbl5cC9wIxE1oFqhO2W+JecO6i7MYyXluHcCfOVtHCQ3m3s8tPdl2PLv8Wcj/1T9nqfQwjW0Xzy68zprzmR5yevdDx7K1fzTdA8y1VWC1pJggzc+xAuay7e+VMBA9ZMA2pAEXMoE9ZyZGPVKDmUHFjF34FBJh8XmDUfj1VHfkMYoFCt+l+5Wdlnw6nlGqLK/I1o5jOD/4CIG+vYY3Jj+Me+pMAxY/VeYu5ouqrAsCbglhFe/l0/nFrQk/WtzTVCX0VtT1ePWo/muIDY4HjbpENXhy8KbAARyYnC/mYkjgxHO2XQO2rVDdX2zQ2V8swPxkmQ6++LhiU8ZGzjHbI7HDBaNyYCsCiDZPHAL4Kl0XLaALfFvyPG1J5P9EQyrs5yg4vL6IlsjRMKyrM7Zpd1+WYoU1cHjDspl3LLsobuycoZU+3JH9n8VNfUNIw+Uzzls+UtWUlAdnaXU3VH37RjR69sPGMuhBLqQnCQBRoHynplnk7P9+AGXHfWtG6sRAIh60/XyakHC7Y58PXEhMoasulw3rUJn8ksuwcPWJcg4PtmD5WX3TAM6JETpNevp2IO749HUnweWNcgvIhS/+SkFfYhc/UE/Xv4WVcdbaEsOEi1el9IDvpGlTBpBqm2fNT6tsqqjErV24bpu1Yb+2qwou6GyJu2z1sJeMWPUxuHnGWnutTLZ2EHP0290LMIbodj/0tfyriCKvzith4P+Vo4gJ2/3iO0g9OYMfPGKWC0kseMXoht0pwbt3CUt/xC53gm2FNAHbW5FuVmUl0hRhbZ32/sA0ZbiZXdRIdT646rajZfZk12SnBs/jopuaSHZ2eD9vJaUg2KTAOITyY4q9+HF7Xu++EzXphLVCuB80dzpc5fTB3g9gpc+P49tvM4O90nxLA3f0rGViBUq6t53veolO7z+p75+HtyeBpfF8ROR10w2ttMqtjY4Iwc/c/Crrd5Phce6Wnei77LF6j1wNny1Wv7m6BuQXJ7YOA8ykLraY72qKasqGBj7hV+Y3T+vo2Np60VuyY2IqSTAoKqzvBqzZjPp9239DnQGzoKXe7V+ESOLalEjCmCQv164oyR9BrPRsvLx6OOdgOPyk0DpU0WKP2oPJHitTN94EYPC3l3PYmJM44RWZ5xG/X58EUAfnm8/KucZFG+PX5QmwjKayNr8dNpJghj0rOz/Szk+JOn6+8KwHEqOd939TjduOxgOOnhjDbUlRosKt/IZTfBDl5pV8oodMT6slM+8c4Y5kL0Fp4UbOegAW9CpD6aAIOeOuVA2WpGVEjmoi5iuQ5eSlBRloDejxt2IDi8TTbzv1Ozaa829amWHkByy0g9lrX1nBVZDCrOrI3A3fcOfh2Z+t4lHIhIFJrRAiTC9N8gg/oGrKduVXiTn8w/AOJmPxdc+a73r7Ht7HMjbDXQbfuvZpud18TysgVXzi5XxkCLOPgSpSMxRy2yiWtI9EfQm3FJtFgEy3uuK2bqK2osEt0h/DZdkZbR8yHVSCevgkS+WEXPam29Ikt+wa8q05RJmVGuXQRljuZZLMSXV7QW2Ts643aX3dfxzDv75zwgP1DVWCgdW/iarQcFxJ0UMVF2HG4s7EUge6TtJ6/8AvBI7CMKujVGk66mhY4yMJ5KoakaQg0R6O8EJVpHijvBQwXtlQ7iH+4Z+f+eTnG+NXq7uBY3uUb7trSvdP0bu39BfDrINBs6limKmLjDHTEPc/HUC50ywIV9y6BBPFFjgZ7oePANBOqSISdrFO5tTPkdbzezsbnXx00JuPeTut0g3/J44WVZvOB0M+okX9FGdMT35NnVR2qQAOT2be1YWpQmEtlwAp/NEe+JNRiCfp6dD/JMuc3ESpv4kvT4lS8iZE7l1ftyDH6dduPCJPYYYFa9+l88NSYqanI62YIJfe/1mv7cDWndqgyIbxVt/igKhGCjpvwYv6Yv+K0AhQtpslvV2VAc2dyPD4p6LUE7Mj0W8SoRJc0/H91GdZFDX9ACMFBnDM/VNDhK2cbMAlvr3pOwxlIC1j2UC5LEIWcEKOL8VtTZzXE9tK0cSZukIUyBYB/H/sBa5gFVXvDe0zKJpUz8yLy1xao2zMav2g/xUGgcWGv0kPkrp5NfSmI5PJ9XJS2JHtjlFpfPgLPMZZCK8zDb/AVusNpWzQ3Qe3AOQOpGzm3J9Zb8QrqjtKzzzfWEEk7dtYqRK3VDNdzwOA9NwNqVedZfDLN0MDpJ55wXr2nOdfeL/RzgvGsgvZEBPXv3Xl2nkwIBNASt3rWuTEqmMmZ0LGtTkkP+6NDcVq7SJDjKGqPuRh1u35IhpE8agwHSYyDWcy5td2JuRPqQJyICJSpYfFKxB362XYVz5foYbIz/FRWWxwY+ZpwJ9G5epChjcUy74nLbmcxNUYANG/nYyUKqJQVhGKO46qxHN6bZLRxBvUos+8R/3uKYztnH574lX+O8NiBUXbK2hi5FjQ8BhIbMBKMN6Gia0fDwRBgzynP+XTecl/O/cNrOOiNq4qBg38SubB+VnD0FOzv7bI0fPYaRgCQSgFd2BwoINGLP5L25E/ZJncE1Y03/MUvmgB6hTYkz2xJ7Y8dCUI+V00d3Wn4z/ox0kXIFcmwS3w3YBJbKkyhJ31ENBgkkX5GIqXOtzaeTEdey0B7eIVmvWs9hVustj3IxoEM73BlmnQHSwWkSXIF34vh6EnLgxR4JiwDeS45RlHXGjuxJHeu+9h14bg1LjfubUP8DtBTvW7bLFUQa3kMI7bgM2Jyt7pKgK2D4Z6oBqMYjayHeggOach1axHXgqTrmz0y7hl47R7C0j8xuo78Mwa4Lh/I7w51oWT6Tl55uiy4N8SK6nm3X8rljWQOpN6/hZDTbseXjpLwqknLG5MEKI7TfA+GQokncDuOGK+pQZ04MlwyZzDrBZ7X7QFDPQFWx5TyXnR+WWPj3RFiGBrZDdq32uO44K+neA37e1kAaHoaJdpstmKukBJX3vvfQoA2y28v5AN3/SYHuNFoqbmKraXmk5AxuUZCwTewYoczeUv+32D2WWpvmw+/A+7plfCbo2NNR0zAAzOw7ErJ7r4LveXeeRW4YOu9ELGDNylT01kutRdPJgRTvgFgRgzM/MpDrHjkfMV/6bueltL+QDMX/74ZR0SMgCZUmYDfb+T2uyGaqFWudQihTfcSiG30V2S0uIk5QuaVEV/BmZIzZ9XfyuHjIxSuTT7i4z3aTYufNTZjMUP541m/UobFAzUf3Ja3D/onsuf6bwPbWUG/vHaEo/ZVC9sE/XDQGN4Azk0xYpyjjlWQM5chBt9Iz1zjY6G65N2jOcXjTpHPYX/d9eF4Kc50GVJEkzVkB1T/+VGYAo67nmbfebO857nFPYqT0z/RX76+809e1Z0YybFxWEAo7LzmvdNAMK5gHLgJ2pTAmuHR0FDQo+G80jTIk8sayOk/UZGsguypVmRxmbrlK3B+dPVWACBVOSNL9JPQX6VMcLi1Id69TfINGm/qOLcpfJCv4eUmdP4rtzIA3eoiPk1lAlIJo3BeZ4s10keN5Emnvya0gUhaylIaLCkrIQZ+CYcv54eMmfprQK1VUl1Mb3ibsZwngPrz1zk8xa+fl/VlKzCEJ3yGFj1+H6nnY4wN94penmVna2N6P+trk6ohmsd/iDKJkjiIgx5TH60KufIR1egHY2Kj7bPnLJ/VjLAfXs83r/hDf+jq75oXMnvNipLI2eGAQ6XABfpxNfOHGCKDhWIsx3vRYJJzRQI6947W2rNlLt3VDV0YyW5QuryDcKaIpkDXLsAxD46ANwnjTSxJgXrYg53diw+22z2j+7NoLfFOCPeXedDfBseUf+yVuI7kg4a00hhwJJ+izk0JXPuCFafIz01QKkes6X1BtjXCMPTiYZtMcq93z9RdHOCzve6ESIsT33oL3a5Q1Wfp+oLOWEz1xmHcppmQW/2N4xNhPj7tVP1QIFWmkIOgso6fiK7QxYF/Mn6Xv+P5auPZ7p///mTrnkknsWisgll9zi7W4hjahIkktGCJFctkluSZpLuZaRa0WR+zUSo7Ah15DLtMncZ3ZBv+3z/f1h9mDz8N72ep5zXs/X85yRlHmZkenQh+26+UvT7+OMomZqf9yIutLn1i0jq1a/q5fJpdV9NyGqrhr8b3+2U+YYQVg10fBfVPoaNr+6Z0/C5jZbYIjRj38eK4LGkhv6IEWOqwH7RM1tv9PyKHevrQnMXVx3kQALwLrtMczcw+Wd8bQAWDeLJFri/iQXwd7bWgDy4cPv1Pg2JSQGa8UgCPkeIQrxhpZVj5FNr8xbhxCkDCVnoUDPXMUDqZBccd6y7+dpyZ3xAu8LXWSGvOGOKiu/tADV2tR6Y9lzUWmcx1rH7q7+6G7IkRjtScVhgJYrCi6+AzpH0hrk3Ze2uibECi/b1jtifK2qkyF7DJgSB96KidgJB52g611ctqzG3HQ6eaWsjZ2oFaxUsEJvJe0dvPENPi/zyeJkM5ej2/X/7+JMlcYCfH0BYgmA63DaQPjar+dWGunaqZYEYXlzVL0CVvFyAsB1l1B79THwg4NQaxELeDf8EKJJv5KCIzRMQDF8pAXm0OjvokA5MGBd6ydOyu1n+lfKspJ4PLD4nGnC6Mqk0wt4GTfTYCa3wgyVyZBI1x8DXlsKCYAXIXfwUWqZA761w+FP6+EZc1StfNiOGzuNtxz6sMP2MVA3lqRL464C/mnU0Xh/1tHaUBqdUUzvw1Oc8M9PRAheAXsrUB4E0GABHFACbqSx0Noe1fzT3JacOlfuzlgWXklVN+Rp0Vf3Q0aHKIsbndnq0yWP40BoJvbsVtcgEUy3MPGyNtIkA7TBvcDHK5F2JzqRLPTgzeI7KDw70XGQld6U20hnbiRR3pX57wlWI9uZJ6Jv+e0x9H8rPz2nnq73FRhBJfCNlYa6ERHqIsfy8V6lvzkqN18VQcpIOj+Uf6uIfgmIH8Gd+mmc1ECr/IMFvzgKF9/myS6CrBquBLLCI7qRYbdtsQIYg4JdEoxn9WC5Gq/DkCQsxjbbKmlIlwevykC1vSD6JpqfIoj/oq3l7jKypPIC4dzQ15TUSAnQ6AHkSP3VOZsPOsagVSlVQNHgle3rKGEGS7Ui1NaFsGZpX/r2NjszvX5b/tTHMzbc5Cn5O6gKE7dWJAd5CspFl57HMq7ephsSfUGEHhYsRA8L46PPXCBGFjahc75daYI3dde9/flR90IfWpCswWHs5jzk2puY4mYf1uD49+u/n0X/RDNPzJbBvn4gnoyhrTDtEFPn4utuGe4tRzkdm7YKYr/xT+HFnLiO/84wU1bn5pbfQd3swi9oULVnrE72eLkHglNZ0rlvPhBR1AzS40D0BgLIZ8VC8/qrcm+2MlzhlYXIE5QtXusEPGl083WIaD3UPW0O1T0NsyAUgwGFVMCmFilDJTAeWC0QtPOuPH9jRJfGqFHhUnCVQgGjH33okmGwfkoEWpAUoqn+VCPB8HonmmW75l5v5GQTWvDy5+db0SGNfWC/jWFGxX+M+XpOhPHXYH8HMV07X7wXpzhubI4g8Vs/+lCPb2+87OgB29SI/IKCFgImwp9+dBejS10KYaUenwlNM0O1bFb9MzgcqZZXbjsUVQ4nIpU3EuabMWJvb365Fix1nL8x1n/hShrm+BNYQyHt6ZpCH57bErhwFycc8AJm+OfSRO6GZqm3NbJ0p/IYMc8UQHwPiWBHZXz0hzr4X08kaehXqLp53ROel3ePDsMmAQqqxr/drFIlXCj0yrCSo8JuuJuKYnk16L/16stfT5Doqpxjxu7JX8i3Ut8zsGU8R29l4kGGLrWvDxx4Y1SbQQOT6mjeNl/IOxUah9rvkVcyOiBcDl7Y+/tVEzcv38w8fRDwKFj+y7zH0skbwfeYQEMEuemkGt+MWb6x6Tzyg1zdNTT7LdQvqK2J9N+hgjjOQzaPqjxPB5Nj8Q3wVDlU6siSHYvqTyX1w3BvE1u+9WTeO1MqQxGCxNGOE5ZGPpPoufgJh2jh229IwreBo2Trs4PxN3TX4rPDx39wwweqkTMEr09j+JfWHyB/81n0ZoyO/GJtP76LJPc9M3putuIJP/jbbQ5objYfcOW/M0Csc/oEeq8ZsWQeHVZyTonGGdr0oRkYmoiYhlxzRZjpiJw6Y4RCfLr/z4FTEnGWrNRVSjLXayjhyxDTdqyBiAftOBQideEF30SoFoTPVve3t9IBq2ekpUv+mOWHt5s6hqViArZ635wEvktny5BFVj2QWn1opZ9Li8jQo+QcE9RIp4zidJR0kUz+IfWsu+weN8Xix7Asqv00LlI9X1XheENTAViGvBpEdaAVbxXswBpWYcdeRNs44ZYuq52FJsI0F6jR0oe0yBwsrnjoodF4UNwRuM5iDUu+r9O8vDyqSsWHmeiITlr3lu0D83MBlT1J4F6jBx1Timc4IS88a9gBL4v57mCM4xK/v2cO/mohUn89MsrT8EcJuyTbX0GtM9b576ZzzFEi/PCSHW36u9PQlmM8HpFW/RpeIkSvgu9ylJpnJymOZ05bcyEuYzFhMi8QKl0YbZmTlHfvv+lvOj58JrP/8vMsdF9NmFh7EtMywwyYO+8k8dnGj/xuJkj278fJBE6upU2bnwutZsCQ3UMXWdSsAbNxzXQo+F6EEWVhujZJ+eb1MphpGX1i8doLmLMTYfT1KVTchzAstJmH5DJQhDHjhHtKkLYUsPiz+WvbC1g0JICU/M86AdjauRUPeHfYJgJaJbUMcCk4hfJqG8Y3ydAuXy9vvfIMC33rRjDfLhv5q2X1GCgW35bdcTtKkkiOKUstgbLCv1mhGkeSLmr8vmARuKvBWGlBuxImGF4qCSqo2KYZufOCc5+kyypT1I8mwq1wXr47skqy+D2tJ0McCvxn/vXtZMeU8ql8ib2eyM8eeZXguG0dt0xZPDP/I/uZEknJ9r9YKO1J9HsmlJTmbn9Ogl8aqMbUXb2D0mdlbo/5fP+QJ0j3nYa/7mHO1rR2Aes3iV6Ns+AkuJwe2UXR6MvcSXBHTorlp2UvDhbgUKzmKyQRcNFmp1ZuY8o6FesuJAGnq5ZxcpdfxMh8dd2hCM+HJjO9afRoLvJML+ZbGTLub6GCh31Y8H2KQyiPlN92tTWI5TBge9C8xJpX1RgYugK7K7X0plvuDmpQ88jiJDTlRhZrjPeM/JXwwBrdheWHDt85ZPE1/fk4aZ3IN91WG2EBJM+pU0a31d9MNNp0G+irjlaXlV77gKTCblR4dKzGL8OyZ/6aF2KeTfDLxUTrzj/WtQmv00IzwAR5gkEQ6XWj9fQ6XRZjA2JoSdxRxIujhKQ7IH1m9yaf9LfiCegZwsBopCmJAYwi6PBLKgZjZ5KWCoTAk+Bj8BZxLz74pQ/IwfCPWvdP1wWZ3xY4lnnxZTHu86P9lSKB5i7b+6QXApASXUQ/3509jyQC34LkEgYr9Q1npdHuYWiE8ShGiu6ngTL7OzEvR4NBJ5PQX+ZYGg/TKZ4eKhlqtxzvB6Ro3dYkN0fsKhj2SpulvnvH0DjFCYDPJLTgOCsCcUrLgJ17uYJqGuWKhN0KINWkwKVNQILUs1XAsbq+8gK9qWs2hOLL4araQRvvyoO2a7jg62Mvs+8PfXDC4h1S2AheYuYh50vBTlmqgCRzN9wR2Uj56VoohxJDyKauN1e0zCvPoRqk3rmThW/C5h419yRdfjhVAnqEzxQIVsGKDX+KWDxiaTgkC3rwwt9Z7M3fxjt95ctf7GvM3Z0iH0kW0Im6iTCaFm5JJ6KdY3sKnYaJeAJbdMIV+2+/MzrnFgcz7MBkZNh9OiGyA1OEB3HTZNeMwpipzG094LbDgTFPECe8ZHVgL9s+ZESfd+ql+Sf/xhRbk4/BZ7BfrR4QL6an7n35lfAe9bHzd1RS8XTa2Z+S+Y/zhHk2rbM7ECtRkhnd58+YAlr1hKvH4H0wsaDd3AcONGlo6caPkCbk81cd0GiHlZRLdeK1J6kcHE39v2Zl0l+ao7a7I+p+nU+cO7Uqqr8w9ni3eN6Fs3DIqAuwjSpG+LpTPkk/RrVGeCW4a6n40SXHOSqqwSAOMnvbxzp6WmNjndfU9JU3O28HgfAaZCM/nXAT/jp3U5nxiRSlY0PF6lcUe/jJwyao+1fqaDmXI96kP3gqh7r+9BCqiDt95i3WJ9q3DxywKet7ZisAULAUsf9m/hg5M7eTyE+ZgeB2qn/BKkeu+VJl55Muw1IFzpmYKbMZN8roUGQn8WV82Wqn5ymfTU7/m+aFZlHtZzIFyxZlzuEye9Ih/AKmxsQlhhpxXY3zl4LZN01xNTau3sGoSZAnTY3IhZB3HsjD0Dm+v8Pd+dHa3T0Og7NdMvB1UTJBrltGP2/PdiMFLtZAmbPr9y9SJR9sUz+Cib5teEPUmoHxq6U3chOFArbFs/iz2+9atVli6Joz0lT2QPvRmMwnMBmp48lo73l5ZiFoqPF9jOHnoPimCeT+lexwPQI4GA7fnJdPMkENnyZLwvhDcPKsKHmVpTFDIyDLMgfPQCyWvQrrEg1Lo+vpRZBgzdSyd2BTQ/TrvhCnxcjE1+W2+OPhZcgEJ6EhBgk1Lz0uemJPWpcn5jevhhx5WFHiFZTgyXVoT5RHCx3o8SAIv1gpPFk1GEGZ6HlGVfPe1FLqrQ9HbbWGaTTQm17Adc4Ttb6y09lVv+54RGPnOx3ahB4SZCAMnADVijJWVhrRhO0ZvOFYKuDqRKhlFD8pfZJLEAv86zVCqEk8cK4ei8dq8sOzqr+pWX2YtGQlUWe54YvezJF2xPVCpHEgM4aqnpMGg8ibgxLh4iSe+VSAlzZQyAwMsXYogoD54QYyXn3gUYK8F0pYWJ+cW/hmw8BO84UnSIJWTf2oUTmWNPQotTcfalUzpVYQo7zj5t3gX6L5u+cmPPEDFh3QkaJDq27zH/8bGpKG/at1fONuMEH+SoQSNglVy0moRn6cZZD0GlaAPw35BD6H4c5AuLHdTJv4/mhoV/1f9BUJ/WdzQVeGx9Ya21DnqMRlKREabOsqTweMZ+8kM3iqvRPIcrw95AlKUVKHViOLldQF6ew3Qu9/9886LkiH4Vn/Gzd9L1GDYdUV3lzyYTc+Sg5h/DrlDuqVHDnkET89Pt8DtLIHSyXRpV04yq34ejU/3VLZGer+Pi52dtOlqwhjE8MP19vmeQXKNwWxwqb7JvFC0TOJ5qAH90OtDXaCZ8w/l+3etWXUtUhBknw7yioWaHnahzbOVsj4hjHIX35KQKMB2lQAK0InlNdiKN+SuJR5xmjo6rBAJEqMy3jur7dYF5C/K3z7dkm/4jEp9x9fE2+Ubthm/nCeuES7faHl2QW+Uu2mJ09pN47PzWt+XXUvw5/fbioiwYNexm32Tj2NuMAmODg0eh1V/wnVkzeBuWNnm7U5McQ9WU7acbOVUrAJQi80ir3wckNfmuSnszgE2n8+l+YB0hehEz7f0Fv9BT9LW2DgjvT5LkByc9T0iLFh3Ww5W8rI5qjD0yOPeSfBVyTQRowlUaJls3jxlQiKeCvAdpX1l4uSn4L1xtciiNjLpxpxALlG4M1Gy8P3S4bbeU8HPi6r/ri7QRk1B42kmVRj/L0aRqW+jCURE+h9xaTE4MFkPxJnTdmgYrz2JZyLDg07cLVYez/e2xqV9BilVQEoyEBIs8n4J3LD9AlzvQfkjAfF+c6oiz0B43+8w1lmEtfSOxIdN3PerDUNQwuEqem491445hR1H9qDuYNWM0rwEqDNPCxmSBsHTwGantbvuxeW7w7/9fLdW+AzxqgPN0zoGU1dGxfEujGK3gXa09/nzij8XsLzabmxbsviLXtFUVE2KRCdwC3ZzvKuNm2VkwAXgRqU51qay0wuwWUK2E/uGD/dieQbVo+eN5GnN4EtgNM8fKuL7rv5S+p8BoVmKTIV2MNzTgiocgE9jOX9rhtP46FHsFRTojwqNRjUILEuQiWa7Q47SFOl7/RBPaVRqzZZH43REts8GjrMzbMdN1HDL5isj+r6Vx9ICJU0Wzjm/9H056UvfN6ieQ0TzAshZ1Zu0q59s4xya3W85XkEkPLEFLlu6hjO+uvL/As7OZO0Yb4WYl2hv6J9jxPldSej0/qJCvTPu4mbglSCFDz+OirP0foDRn+F/uDoGPjMVziBpUlgJrmcVllqrBvQmO5uXzGgn7X1P/gJ+20Ye3imJRoXr6TazVU0ngF+1GCLwmeTTLv5zIf9F+ncO/dsoG3X06+jHotOnjWa+3ndClD1k/P7qQB62GvbC1SJEM2H6Ppkpdn4bK3/vNVuuMJbPjcqkQRrkNxwm4sLY26vNz2xSadAI7jaa7Q5yy9jHM3oDAfnW/vYNEy9v+4mWDafIMcHsFOOHzf/08yNK+pU/MYNk+nRQbVaMj643a6IljSXT8kJBL3640tfnbuRazr0gtvt5OAazHJKv15NpVEGPpTYLQspO35wWawH8FDBrc1cmGv6PMfFkQ8P9s9XtzRclM5e4c3WmlL9dmZyiRA6p0oMkRvaF5cgM4gJedLcqDQeuF6R9FXGXZa2l5w+B5p93xdecTGAB66QPmHmaraxHeMcxY704cIc3lgywr+wHR4Mb34C09zcf++9v/aD25C8K2k4DuEEfPqg8nHAgfzW5ONBEaqhTvAxGeFYJEPg1vJqsKLQDzvxyQvRm6f7uQUpFrW5aoLU5xnpGMQFr7CdW5rrwxYCME8XBelShzRMvJ7oxSb8irV1RNRnSXqTogsfCzB6VVswFnLmjDKuyEQRF/9yyVBRO9JqgBe8kAZGVFpQxGnN7CQtc9CJf04Kgl0YXv3weUblzUhwLkSlsYvyI94rj94Gq8o9QcmzktOFAjgRdWuAJHGpelbxKCaj9gylGTyJz394k6jlzfGe5P5MOS5rvocv2iEmRuV2skFEtqMbnXgEBE3DXJG9qEdaqGXIiWSLJXg+NoehbX3fxwL+doUCYICrLhX4FEIYNYsFbEurmfaatxVr3cDiJL9SExSHdockYac2TLQIA6nsVyyQBTkSMr1Z4BkchMyBdCQroxzL2gFyJP2hdEyytSg2SZf2WrLcBDT+d0c1AQhSxkK1GUKl1G93pch/tygVyLsOah6GNh2BJ25XYNFtY9C0sjHwm025QEDFiqj1WJdOmvAACW9mlrIZGczshGRNH/32p4U3080G6ONVpp2Sv0SbpgsofsrecOdV/g+TbGjahVUcDQWpxj14EapIKDHucwJcpayN9799sf9sd7yk7SKbXSGRU92AJiW9Bqm5vMxKHq6jE2qQvIiwSXDu9vveGgb6QREXVCkhJ+ji0/AZxivNSZR/DDIiazwGCTLgDRL40uJSjGiDk9n6a13B4QVx0S8FyGuBmtUjqFMo6cqAN3HXzMxc8Zq4UQWxD654Bqga8vt3M6SNBO04rjgW0M72G7dB9lT6VyUORdRfN09DsiIsSEtoSQSpaB4NSfX4+oP3kJsAfk3NwLdP0p02a12sX5AQEvTqp5PQWl64Hrloa3yp4LJFRltBcuqnDJT6yYsGMuYDMW+Dq/f4v3FWWW7nJOgBy4qvX5PZriQO9PBk+IWW4hEW203uId6d976Rpp4QBBq8ohu7R/YWxMfr9FLG+Gqr/55Y2dtaDojXGTBxHg17Bvvq+votjz/imRlIiL7jpsRLsydmxpemCtWUeMhl6eg/c199bfZTcScWN+H8AbNuosSioklOLzY1XotPRIW3JIJOUoa9QKULDNSSoT+dx/tyqZKTtbqBk4M1yNcjnQVJT6LFNwUdM6ZzZZmRt3dQakNeoNBNR7NCyPDUFbwX/kLxWlykxvKO210ixZEB7F7ZM/Oz0o9kIPDPouts4SNSnTir882yl6dh95QDAWVSyCRB64cKjvOCX9GpeTyrYVnZW9oku6FE3bFX9Pvfoo3X0YejkXn5v0H7MO4TnOux6DqnnwVrFsVIFvotyzcgu7dg4DoWD0WnAg9tpgiOGx06NMJjpDxhySYT+UYHJSZ9CiVm0elpsPZQbBKPeHzqA6hR+59aMPICOXKOfd/XHrkeYqSFk2+kqAiVt6hJlbXcpljS/q1Sm8Per2a++xW8taP+GBk1f2VjL6S1cVUV0NzuKgct/qUHLdxJSZy0TUcuiYL06SWndSvjkKtfnn35GYQsd6dzKbMjYr8HQb7Wovaf3YPfOI/TusM3w1klnIbRkd/ODWavH0hD9t/KRj+SqOtnVGrNVbxpGkYgcmQXJ8QXyDnaQ5r2mmaGFakV+fRx/CxIi29/N/Fq9dfgxR5nIThnx+/7nUtG2Uvv1HXe0vrYKowAlxZyQZGdr8globNKizLwSkn4y+sgzd+vLId9UnlGHj66/IxkdPGJpPnbzQgUH+Hgh2lhvClIIiZr+T9UoolfXfm3WudHrPmi/m8xHbU20khra1s8Vud8kV1rjsekAvPBeaSMY7xuoa+8ymCq3lp4jjh6JQHI/8UzWW4k0APw7upN/F0aLEKyEeUbaGGif1orb8LZieYMZAomjVomAghJwlLE1w98aKBqKv6G7ixzdhQjsbImPxLpf+cccWWYpxl9VUZyW7ZKizqSW/hyZ0r3vL+w/6ZgLPLEeqRIOqY9EbAps3bfCTvBjIVO2+XQy35oHrWW2YGmEqMPgqshGmigcippIOKuZUWnou1jowfdAn5bzW1DXNR8WHDoB/Vn4ccnu+Xi8uQKrnbL2N0KXA0h6W+I7lL+LsJckRLE4UIpeCbStgJtTVgS+SsbDM5uj5rproW8aBxs+KIasAUqNSRmL2537xYPF4T+68FUlZjY8BiPausMRi4MpEFGc3jb6sjsPUYxZ7Dln47ALqcLJAFs3szxeaHmHjAnoH0xVRXofqTUCeYxBeTfuojMd2vdQ/FTpO9IhB6HIGwf9LFTpB1ikSO4Yg5AJUT76KbDTdjitRkt/f77zysUe7RPxKXyGTF00MRyvI6sj/7KabK+H1+Mz2enMv13/VpaEEnj8ceIF8WagxqySgoaYONrl72eILw3hYWQ70ddeFWNRwe7GGvm6Tz0meD+2Um00L5FrV4CfKCsrUFpvvw9N+J1D2Bu7nC3z8aJ/+YzaJI62tbVy974z3k0QE6D+N2EVaZh1GxxXkfh5M86KIWjJNlMt1WGQLItwnygT2DFiyBn84Rx3VIM3eOidlfipszN74UCjA+SGeq3X1tEPnJv2P2VFQg08qe7CKluCrQNo9U9CpiBOzHP4N6EnZPTZ7HQBh5SbhezhTN6gjBqWrBu0MuMWNT3iQfceLFQw1Q40zd+7nStGzv97I7bb24s9HQSIO9cLJAAdEuQrXX9dov6oOJJgPlaA61iMukCpe1T7qZkp2IbZ442PXimmMV48XX2wVPQOVbQMZw8nM+0h53W9kjD91xk+/7+1d/bVijNB3f2R0l7b0sgcW4MdaRmwoz1k9nXi2N68AwwI3jRvPTJ/G1a75VW5HPmD3un/fYkNr6+zFZiaKHH8PfNj+Ezz/+bCu1PDgdx0Jv8ajAb928yu2SC+8eJxf95ss2s3UHlKZM1AvfemefD76v6x7ttfOp5m6Vb89WY68O0t8fd1VuVGV87IWpxQOCl7RJ0pPNsIk7IzvmXrTT9llmEa4GOimCg+rlJxSfyKO6jcCcK49rYaZfwuyPoyszPHfVqh9kStHR8281a3zQkSidd22BmyZ8vxoJUzGWcz7Ep38icweJGEBg8UhYKYqEHHympo0a4f+ud2A7G7aQ2ie7yPLvaWkwg5puEX5y/5z+fCLKfZxOJylf8nQQfuBAzf9V/cuhR71rmv85UNpBcNDzm9aGseIi8mNzfbtWnvIbPxuxGqxc3JK5q1nxe0K9E7PJ+vX0xdmwQKV83xaOIbxXy+4DJSORxnqacRewaJr9UKn5c8ufs1HiBF4gfQWb/LF4NuSjTvIA+Sr+ECoqJLlpAs9KlP8fBPU96oF4ok62PY5GcdEPvSS+xPfFYAbsnL3++sJeEv+4ErpiD2Mgrlz1rSx9ZIcxaw3EPt5A4MhOOVimZ5ijWqLi9WneBYamOC4kWo1KdY1/sTFN5oC75kGDR/JjcAkVt2q0HfLQBUTPU0jyUxhHBXv72T9Npw7EY3YIVqWSZ36DOzbH+zdy6YyfogZZVW8kjmEiZejwui/W/U/0wUogMPUebtu85zGwdoI/SVM4nAQ9359G3iaagG5LwW7GAKAEdcO/7+zF8AQsqaWw89EYgcJMg/1ZGa7I48lCmnqJNXeD9mnSFCzgUw66uXW2kYBkKZgrcd7gn9dRvW8iz79YNpTTMxG7+vPrur4V3PkGFZp3Qiv0NnogGjDrrdjL2FOovO/X5TLIk4zY9HeNhMHE3FTZSbwf8/mAHsFMjMiKNj8LYcVpICMuzCfFySfjHQvKjEXzuK47GZEUHf5Ipya3g+UKRta+OslDMav3RE/T7poPDSQ7+XzVW8vKV3cRKV9efBxyV50nTvgVxSwBGqbCJn7wr9Aw1OPLKW5ruVjBIMk4Z3riQYJoforEhef93S/ITzc0WpzmCI6IJVvfrfN7h0tW9QeHb/u332e+pr18zC+bt77Yy2FN+KLZnFVcfh/VaL3de+cVr6/olcfmqzlVscSBp6qwunf3BjHBFDxDQsfqQjzT1h5Uc8n4MzU7XG/3brdAGSz8Nv6xpLXbiYNJ/N0RvYdnig4DfdrJ8X/kbsfAvUwWDD43YcfKYsPRcpe0IlzBgLq9boeU1B/BPTLG1Mg0pLrFfV2D/VKb2aM1pZXfqbeOX+uohvf7WUiX709LQbKr9ZGZNXkIdGVe121ufClC8UgTWiXeeWiUYIc4uKpU1u07K61ApLZPjS5dvxRpF/ZSHyUhQm0bGvViD6jC/VYnDsqDyX1EDd5BA1KRXRvvtMw2TjR62lBL9SLu6k6qojSinF1bRQwe6xhB8U/mleIC/9uJJO/LtznP5mPnkWKnNCXW5zcaO1Qju7ZojQF0/2ARgq+/Da9T0gE2BVt8CceUGim8sRpiBLH2XJ/raDeZrkZiwnoq+pCOgPHOV3zK9mVmdill39x0usG5G3vNsyyhXVKgo6kTzb+dmVJZ8/SkiyrEr7VUB7g8xaC71btHgnNc6KMlLc6zQXhK5+AOZYCjvU6amRcJn3tP765COUWKjOWja0pwzcpWF5LgrPrMi2ClamWiW/Xdy7XbCGZ6g/fg+a5NrQlqbWrPS+058WZoXsrxAWpuh9myIyhok/z73JJjDuLU0xy5yLXhmXcvqiHHZJJTvPf+xGzWQL2ci7g8ot7VFG9+eesT9ycKI8E5NfvsdaDANEtfu6nd2e8p2mjmk08VPcoC2PsdCS8sG0SIMpltr/xj4olTrpkzKFUAV71zAojEitIH6eCBQiZRrKW+OMuFgzmuywp1wxSaoJWXSSkkQSd+6EMMuycE85VjOQ5b4gW/tWJ6E8qI2JAdd4RaE7mITUNFYkhlqQWHHzTzBCrQGE/PflQjw3ZWtxhtfFSd7aN0uGUPLktO7IGUXKDX5A6e8UpD627JKC1jFRvo70xN9/n++jHC+/Ke+DNp22EeE0h4Nvn3kOt6t+ElkYeeLuQ1PEJm64wGKdrz9ohrTnredwVQ4ZzwZldCCmRzp43j79zWtK5G5nqh7opNoO93lZR9WxEzdfNIdlGUUcemPIVPisNArRWsgdhcnwbTa6tu0mtUPC5Sngs4L2XGlgG71+0AFS0CTVDRsirJnSr6iebCpsTStrv2ycFdtYsGns0g/vU2X7nSBQPJCH/RkrNG2F8dBjvZBDoNNv70cvSybYaW7cTcBEXbKt1aBlZgu335y5QPclQXQJBcFQWWvvhBjM04vWUbj5fhjOjhuhCN6Nod2x6vvhltZ+4Bfem+loSX2K0vYbK9zPT6te7xJpDM9Td1+vgf4vTx+1uDXiRvF0bJrexp6Bg9YGnYnU6v/KNbsb4jVEEuPOQ+fPVE0+EK+jqpRGbXb1M1887K0n3dncIZQDnosvD/RjuiNPPMAaS7Vn7O3NI7aFD5zB3UWMXfOgg3hTRydk6ZP+u8lj8UxUYPxBr0+SZQ3lzxHdBwPRsrQXq9z/2q+Ul1q0AlcrwL48+EGKUpyeFfFi9XUj8/VlrHlASdjbhIc7e2f/mo8LNSNcBcXsQ6iZEh9wXGebxa8fJ87U6qbNqXWPAx+k5JeI8Cgz4mADEMnOpEyz8FhOlzGUIdQs6PK/LNIRdqG6SsPuoO/XLM1SgF+SyewZzMnuoeDEHotFfvHUZIgr0M7q2EOqJmhWjwRWphZMxA1pN3y3npUyw8G01Ba10gWpeOWOnRpT+0MhxYL6MDs3VmCV0LMZVeYaHIn+koKZv/yz/0LApiDKAl3u2SLIShqRBT169Hoonyps00/FCTbHs1loVuRdMD3tykeRrax9nPmkv+r+9X9L9div8+sQ5EdyOlwQs/wFx76nwvBk+vH+qBsM0mW7/ugP2V+iteKXeiVTIcEclBf1/zCmeNbEPN2wI7a1riMWBrSshiJ3xtZ2ui7AKHNaKm97S0RjrjXx2IoWCd1LZFoWVUzMqFsdCP0niQbMLJrHxftk38LUpUm8EXtV+BuLozlQi/KdHe4PxiE4B7jWutaap/wCPkpUYjjfxMCm/xkxzzVHEwlSOoX/Ne38TDbqWapaCYsvTWQpu27dCLxI3MRfivlvi0h4lbwuRPMIwAh+aLcQd15MJ0MCXVJfjgrD0mQwXfgrPokh5vwyV+/pvO9UPKGNQoMorab/PDe1x9JXiD4BwE0MBJ62trNWZy0NdZA08vb/Byw68F4DDMcOll3erEu7ApB5hRcAFZdayvl3SNjVjRI7kwX6FJI4AgoO/cnAgD+vWIBsXowYGU5EBjHglmMRz4VOwbL7iuKLGa6H63ZcwYOCjI3DtiC9oomy9mzRwQWKHKgEhXf2NBz8OBAtvyllvbZbFap8Wl5LxmjdcFQsQp8gfYRfROgNNbIB3MMi35fBRaI1sasetiRjDqN8jDlqKnPbNG8FeA+wP1iNVjM4PdY6sCjVMVPyWcYrAf5bdgXYtDuMOW7N/VP0Qjo33oxGIkL5U8txhQvfNQ2NHqgdbi3Ezy9KC+P+rL7y8RrblFeDiRBC3BMR3LDePugjaJU+/liSwACq0VaxQJHN5MdfFp4O8H9gob6QyybEiC0puxtNlhBXk7n24HQ/j5wJ+BTDe7XEJ2eDJ25cqUiV+1M/GuIDTTLJtF5SSa7Gtk+4PmuEqfNZcwgTF7PZ45+k49D5T4gdqG8nXJzv74tBKVkoY6f2HeqZ2UqFsg1jv0+5gjIn9DbksQli1ZMrYDn9x/sdMPRRzwz5fHFhx1xCp14hN3DNU0WgJf6FJtURz2OMzdnes6kUgPEftxsk+yehuWtIzs/SFO1L1bnWbHB+T92+ssx99OUSS7fJOGeYl9TGM8iCLeaJAAilOPM3LF9EcKO/P4SB0FYnTn66funAqsYkuVGGL2dCChpknLfxwGZLtzb6V488N6t66iatjFwAhCUZwq622HrS3L403qpDotXZaH51iCPwPU2PaqAuBJ0nPYk3qhoClywmQFtez5Z/kWUnhML0nAx7cUT6yiE/7o2reLxjaN0etrEILNrwzUoQD274og6dBsdr906AiM/uqT0FnoUIcNO1sjd1uwBGOCgMIkO+/6DgznG+VC9BmNxjOkNwMCQ4nCU/ljYGnD/HmkSzIZ4/24eL8byv1czvAaZL8r0/n93XIIu3omUIL/72AN8eNMJCI5sUCWV8s8t/oWwTM7Ic6bcnO39rqPvPKbjaoC37n8lg9cgmI+QhQbvabBo7svO4z8zwJQYaskWUzeP1xxvONP8pD7w49kmqCqX8ffKG1IsVEJZGw5rrX6O4jVOli8GxZykDWsfeTdo4sk8xG4x3w0CK08qukYNVAvog59h0eAewLvFP/ORwrhu87NdO/UFLD4/BB4EKuyU6jtWWMg1tebyAylU20gNdVm7dsQio0vQ/vap4DFQ355PP7/J4cKj9A6ClLRkE7cUq8CdyINa5+3FSJUPqGevPsl0f/fpdx7+yU7TziiCtJEY0iNGg6cIuBiimDjwsN6q/4XJMeLolYlNhkI1ItZCkPBpLaI8YwlrkgU9DfBjDoF7ybpdwNYb58pqzEGvkdrlUP14QPHiW5wZ1+TV1vdYNAs5hBdu4F9shsrIOPbG4eW0BhzdxElKdBqa26Z+1Azb9ysSaC5icJcsK1SRblQ/n/t/JwfuPJDPmTnuEwjo5+mA6oeTjMinajVl9Sv0jaQKtELnTfHNeozXjHarrGgSym+7pr9N3z5LeWckzyYji1/QNzopc/VeZnO+y8hO6PbzQEBNmzYzBsvu6AdPEBjA4mXw+666mgkqSpom/rnvKXydixSiIxD2+cNlMBf8te+Wg8y5TvDE4s7FoC2qKoQWmpWCjxns3dmptV9u9PfV2Dutw19wFLYPKZy4+Ghs0bysJQA+Bx5WBC1GRMdYZIqCnjyyiYUpjAc9/hd15gikbZrvxM29r1pGHT217QiL+k/ZPH1Q1RmuoMd0+yewBoY6kNueQuYtCRT/+VZcceFMFyv10sQrfQOc1g1LBquFzp1ZySuSA0GewT76piMzU4FFmJjfruxkOXngckTi6zhFluddfiO7u21h7QNpBRiPTmgDr7z+M+1805cfq8K+27YMRQ15bxVOLN2S33YoRGL/amnY0RAnk+h9xRWAt3rBfpjw4QUoyB5mm7uhvKSUBCwnUYdDlhp51FX/vdamTRo+xOIxRxB9E+7GKtyxKXQPj9aJmplP+ln1CL5VDgIDUeqw4G9AWINtLPCgFkmLiKZf1+uswcgmMTPykI2iNOfLEX434RbEUZdLYkbkGuOFV55cTIUS+je14VLW0K+LFI/oi6BbM61SCQ0ZXIzrDMWZV1uTS6VyOjqOnCwXHdn38pGdC2ahvGykToKBBy1XvH5/CM+ckp7+Wc/R993rC1fdLN7jDuqnW5/zrNCUf5t9dY/Amejn/8XqpUH8PDD3jd3WOXedu6Xx01EqXx3sNFKPBRr5VOPvpyHbMcsPXJFPowY8WaJfZoEOQ6LhAQ0HLN4d59Y9vshkg4ZAqeSSnamPpIlS5u5W/jdp+nGCY+TilX0MdCHsrS0S5vvkclkLb1+SOco0/CZMBOc1uyjPBjrjXWb7ghUWr4AKEvCLxTjLcs4UswE2TjPF3popnBR7nDwkdOWOQI8Rmk+jsMBPmkQQ9nxuTtByhMFuZkK1F56C2Y0+3gGNvh6x5DC+FkH4JbefuyJ+YD+vpdXDQrPOKLAVqkZKUNI1mVrilXknpJp/33kg0q+LUbmm6I9rMFGJ8MRjk/jVMxUXHrFJSp+qAgQQzHPRu8WNRUAC4MpOqLVOAOjcJIYgNjgK//8jYN0PsYpOscDgCULtDDstGGdehDHjwuLF7rb8UF9XXKk0A8WwwoXESX5VQSRrXCpgXUuFZfPTsAqo43WKo27917HQowbKWKiQASi7CGMRSgjNkEc5eumTqOPsTAPM4rMkatIReBShEGNsXSwQtOtQhDmfch0le5O5S2pPNM+Dc/opttnEwfUoVHtj/N28w3BXmEoakvSQ/YR1esf6oXnf6p9osSffTXfMgfPIufN0W+sNTg1p2iSlOWwS7y9WjXRpxRx8Y/btr3gyA2z2RphBZNBn+Tzkd73lba87gdpZJgb8WQMexcFFNpfKOIxTZp7Pg5HwLJ5JaDMPefgxSKwa0sSLuFer9CkVY4OJPKXmq5BFvd199TcsntPb6+4vw8p70Twfpm954huyS/HqIZuhEh/YIkrQHiynb0zmmqCOCCXC+rzYSH7dQ+zUygVs0hMQzTmQ5KFqnM1bBXCSiruNo0heYoeEfMTlaiRvvM65s5c6jWwodBiuUX9zK70GSZJOMHaZPH0HxAqXg2uVNGpVf+w/ERCQm/Cy5lgIniTFu++tVecFom96p7PbINmoXhfOSKwp7XtQwFH/7sbMJ5Kon6KLKQGKuAAa65YXXu7zqoxK9DKvaHvai7t8Vzx7PlhfFbL707pYk+OJks/ZiGRtjVI7IuRa6J1P2lnjtWf2kc6Shj0YzKePacRKNmSlyU6CX8jsExhrm+UgZyjy4c96pgWcBEO4lqssyRiR9BUOKM/Db+KWjtDFCyEtHJsaZiDg9xiP7iLrQf+ql+nV1u3rqM+hzJr/Zk25I+FRB7JLGHXfLLUoeiXV/QFbzgz39WlYWK3bg3tXMJZrK1MRPvuRTelSaGHHrZ8VmRWahyr3ID/shzEDhkVj4GNwp035YpRhuNYtfhagpB/NS9WbIng9g8lwklwKEwCyT6sNG7xg4ttW2ES7FTCkQ227YwIISNBndknj7XGAT6abZwpm54Fouh6j2C8yxALlgsD9L7e/Fib7hyyPznWijYJbMfQmx++iIAnqS9g2y31ylAAPQvX4wWcuhi7xVket5s0WAof4VzoRlX5iTpv/xDH7XtoFa/oCYx03jzYW2jfxcU/IoRZcHeA4fifQGjf1ddhzGMI+HaloCcA++suAAZqEiWIhsvx+S0qCF0p/X1L3XJJitvueeGLJhMULufrQpAcpyDC7001QK/6ZUv+wnpqViAcDLk6S+Yk3u4h5bo6/O0XlMI+WC32CFe5dAZCSS5AiWoVFk8DFx/gn4YU+WIXXbRESPY1BIw2NSQc0J+YofjnS5G6Dv6ew5q/lmqZspU2q1mMQREldZSXOSipp4UN6kDxxt8z5ZxnH9Xq/LsXWyfhsXjipCnCd5mHw8zNB2x6TUKmgXcb9YlG6dI3WwsOfc8y0YjQ7PWzcFFQ0pvhOuwpQu4NynO0PDaz5EOof4DfL6ic1Po8UMrTHmdtbmwJsCq0Z21tdhuOLO728E64wGUvcTnUhkhVBmTD50zZ30HH8opBzqwDVKLJwDZj4JPdPIXiXJImL1zUfknQXub8VF9gIehY+3W1kkLOkTRwulpGNjliXJOs9FTbuLYs18iTW7eo90SuNBcI9kCgdtfrdyWREg61ANCl54SyBcLH6DGI8p00n6xvc/vBLuPoSuNhoBdZwDm7IZWTJUCjZs36+Lf9YZ3w2uv/BlOVBJzcX+vBBI+5k6wFXmBNup0lzojRwq0i2ExwHY5/X+ipNqVjQcive7cSnHWXQNy0dUciLi981C76x7mFPL75LNsysFyxvVvbN8OSJdmbwf58nUZVmjzG8GY42z1ONyiOHCkcu0yOtBlQ0ytegOsnyhG4t16dHYt5zz4MTjBV/6pkYXytB83cJvNm3YdR8HkrRJJqfwvNiLBZUq6+u+AuuIFWD9Pnu39b/csKoF3hFVzN9Y+mKnZ83bRN6+MUVVpkmEAfwvXXJRwrSAiyEOWiV5o4cNAturOJzc5Q9P/x6zXFcaLB+HJCUXdRTVDrikgCo7mLxfUGchCVVExDIYNayEIPcLMVCZRIAhAjtPG4Jtdkedl0KPn0WyxCCuclHnsGcCN3VGO2j8Oly9nPYJA8QP/yF3XXm4YsrN01B44TR1IHwEMLom8uP3vj0JSWagJ7BO9KHaNSPghSoJAvAIGI34YkahNAhxAeBHgDPtcXzyfQoyUP49r0PAt0AG+8k/uD5ofR+zh1Q3qkXiCcvG0C7AanR0qdAGZ4PDjEJhee3W6a0yt2pg7VJESLvat3UiyHws53gyy5d/8uoqcnblvQon8VLXZxHD7+cmIzWWL7LxWD7YOYAY4jWE8b/M/MaDeyEMWUBN/Nw8EniTis/4xFJnqBHMi/gWc1P4O+laiA5HGSe7F/wEmMB/1J0+qu0PbhuwHrIkZS29TuWnXcrj/Z12TyBEZZstdmpWPbqnXvPEB+x8fXtX7uQNL1b/Xct+ghgg088831JXqgLzADjUfJnzv3KCbQExTGvAcSP0Nl6Og/2Y8vo7kIq4NAOxMwPXQBJ5a4wGsiHfVYiT+EGCwX4/ChbzU9Tb+c6/yJINtQbvwj9AjmyPX3kxv5KWDbnhnej1h2ZC7GGPkG16DO50v9uBUCkEMFjYk0LZ9pPPp0ZRC30PUWV/M4XV0FonEi5bciA+O2yZOdpPYfcDTksNCRObwXGvmN0Zd6iz/5UB0eAq8GRVlZxypRSA73Oa2r0SgpMe768XdKuGxItykEPuzOszXhfUN0nXbSZQ7cnB+Ub6KdnuIihn0KQT2GXMkq82QvjBx7p88ADVt48xJZrpZwg6UNfb7REvjXnjkz9Rh1aPttMlI6xIZjfx4nOtiT/HPixKX48GRoXjpXqGAOfKextciQxG+QD07ABV7l7EIzpcsgKxfuh6NXPQdbNyRtvHxzf7LY2vKjMA4GHSmPsbJLAlxQMocsVodq43np+Wpqf1CgMY/Yn6FYScIO31i08HYOSoOnFwWxi4bediXKbNSlwmfPrzUGOt/Y+DqObRVEfslSB3YgU5N6e0iQQzBq0Fbn38eb/D8/vCvxL7VaV8lA3BdTqKH19iu88Tu6PzN81PLTx36+yhjptHhzHtFH5Cg4i1N7D6y0sATYepn9YUb4TrthvW/9bGsb7CSzDPnpa4ye/Rx/a3AL4rW8FFAzJoa6agCSp02VHwPKwn5elH+CWZN2MjaDLb3vrLjtJol4cLYYsLftBN69FcCL0gznar98yGRtG25u3/BlJVjt46Hp/V3Yj/4HgBYWSt7QckSak3nNmc7txbnVrNmsJ+R2WvYY0PjzLIPhcF3FTH9fThTtq8tZoWrGg7QtfPm+fi0jg+7oXRPMohWip+O3kkUAF7OTzBAaVpbblJi7InKDV4bDlpWVj4F7gokoNsvH+V9v7u1tFVUCW8G2zDwJvNv+qXI7INQExeH+p766H36BCW/x1FEEt8PjKL15FsYPvaZh6riTYx9utsRd1g+a3x6RymmuOrJWLvA09778VcoLyUh40kY4U3z5YPZ8ge26kImxZmd4u+wUsIESfaeK5deU18nW1Qp/LalL+Lz2yRqFM7f4/4izXLRHoV87NWx0zpTkWmU2iAYXZOLWjWacVauKuWmTabrhl5tz7VKMrIugaRbxw3b5r7kTXk7d3wE7VR8LTxU+QqXM6WhsDQwFFT61zfm80T7k9dXrUdfB7J4LZpoh+rnSeGLKNb54dL0YKzkX8HHc8jluqqwJbGSVW/zoWF2VI2WiQNJ8Lv7WUT714yEWfg3wpRaZSS3fcYvKK13uXklk3ca1xsH327a2ClmP/aCrfP/eALYE32TvVCqAbfeDc1RF5FD0qyNujE/0U1lFvBmydHUUpxHpLHUOtZMQihdg2PaYG0zAH5pnOYZ3gLqPu3fQQ5P23KYsFgj58gNBfHuNvd5Au0r+i+fNx3N8tDazijL5TKwCvqp3q1yFy27s1VuynNdVexYL4tkvuhSTCS15C58HJR4yX6prMjJcfahSihumniYxio3qV0zj6TRzIqxVzVnEN0KRI5M5L0s9v1lo/Rg0ymLJ5Civ9WzBxpyoe3vIvcdvNZ6mG8HAzFWLyxi4hcCsk5r1t4LZDGvIo/LovFmpbyQ7P4ibU5rwuvkbYOZ0AbPlgoWpJwK8zhNo4M1SuNI2ILYQUvxGhXT6BhTLkEFwbNxo2oS5N5SaM3noCqEoXYiL8CZmVF2jsmgRhWVOUwwsmqPDR4pWx+EJO+LSMtFyhwJsNoVQg6QKh2xXOiwVP/PVihbOTI69p04IJoymyoLm/XvxwPfKKWiFSc8GyBqIrTBwdUyJH/j5DdsC+2GpZ1TMFtKkb6asbr4lhdcMf1/+VIN98klm9ZZDsYJbU3q6OWqNVIB7ByOyX7s9dZc7EX7Mneg2vF98BQR1vJ3QBlhrLF9oyopmDgemvBrqQT+Avme3tPmZIpnMD3Umn7r8v8bcN9IgVJp/2yY8FCTO9wkSItVhJ+qnvUuSz20afB3rzEBnRfOggVYyHT61/jliO3QP+UA7SAgFv+IfrAbH21CZrM8y0G4gVIgv2gTmMVan678csswhZYj3Lx94ugE/Pt3nVImU5kozVsMgol8cgjn/i1RhNjdX6tkjRyNzXARdE6CrCqcAPEcLoS3OUc1QZobxf4kGuF+Nu7lDkhYvJOdDa4257cou/qnrG1jZYbkgl+xQc5yGKyyJPrIc8ONAW4DAmk+4gpCyNs6Vqy1Ak/dnqw2KOykHovSrtgcpaUO3qqAJojqCVaQb67ZZzPf8J6mRT277lqY/N40QGvrScMu+GpP3clJcFLX/mp1/iM9YkT91LhJvpkR2+dkL88ZPgZFZYeK4Hyp6PLiKy7/y1QO6b0QPCmmL/xAX5yZCOc1Wp8bDpp5s/lNc1epk5pIqooUezlwLf3BpBjpYmdTvcIYTu/h37JUo7W+uWOQHqakepWI6t508Kd5CS3Wns5+FyOZhwpnmY+Bs7xKdBE0JJWM7JixBcoXuAQcGLGeQDeKZDeKesk0QuP0ojl9h/7+HbXgmSQ4G4GOSlmAitafbPEjtN7xSK1RwkjHPEYdElg2hhYuiHQuRRhE2LQ3mJV+cVoe3InyU9SXg5TN2xiDDlVBMgE7P4O/OzcwrkVT/e/qGnDo3P5fFriLFnXxIr6msdpdoeN7pg7v2FKrQotS8WEvbxw5E+KNJddYB8oP597H5szNgxy6myjYWif7uJa908FaRlXqd1PcgplK8wrpblGlfAnz7oWUsguUIhDfLwGUxOBJfJuREicwrECdNmWi1EoRaEqM4MCneOIB8LSkqsDTm6rp+UV7cGDVP4LgBBs7H1oUXC2YMGDWObW9UXb63bzR6sP71Wbv/xhtC953qx9+pSVb8egcuVUD8uoPvxyBn1vdlUZaPGxS7MjVPanjuosuFyEdpLmb9b6y3cZGR0lRdX78FET8CEO8f+T7mNT79H1iOgJHTOb4o1J/wPTdci4ANUn5RejWQjyWbf4Ey+xOw1uMgrtDHWQ3d//I233fHZPCQ/r5G/o2XHq4DAlLIx/PFm1YWELOfxOhZyooDl/dsyH291wGxNkjTHXsUcHCWXLc/XJjf7Kt2E3VYxSYEokZQMSem/4Dd5By3p7h89McPS2/SMnO2Wu2sALnpzz/D1b4Dd5djfBeKIaFNHg/62rkGswXZA9rlJr4TgW7Kg8sGLPv/at9ZcumW0Zpa4o0t+HTsWbZhszjwOpVF2vrq8WXboDhIInyNkolDYo9RoYNoMJLWm5J4FsIRLgR7qygjXuqELTtVkdhq+6CtH3DKQQU4joztuPo/uEO3DSyn2lf84ykcN08j969kJtgJs8jGcJ7ebP+0pzEDZgQc0m85yFCuMfVui2m3wgC1cTw7VlSzHSjmPy/zWXYiRyWgf74RGaEJyeGHkreczmLeyKDZDEdpzA9/kaGc5X/5agglSAydm79ZLWJqcXALIkX289Kb8LfAZXKjT6bHTogwB/wTRe/LB0xM0JWPy49DN7rexICkOYx8+4+JM54FO5KDbJoPI64CJxY9BifDna0D+bDdgPv5+vvwJO2LmPllwEj3uD8isGHCd6HiTojh+PzFo5vrPKW9OmI7YcUpTEixCb3vLqw+qb84g9d/S6IWlolhoOg9JsC/Jp5UTLqmMhTK+UcImtLWn9V+Zoyx4aKevjBRi1IBfPUUYjO8QQ2pI004fFDJtuqSLMHMhyiS/5kfPHwNtw4qXAknJWF0a0bEQw32CRpCE8/OGssI5M3kzmGAg2VmISWGltUWUfOkYU7x2f5eaBWZARBXASyMtMgeqRWgVk+VJHh0prCA+OvY6yIi88leBvDJQjdTB32UHemtDN704Ybx9XCIMHMr8N10zhBxFY3RfPFILVFMpYuve+FPrtravw0PIxAwxyr/VpqPIJPrBd9uvwFBZ20wXcMZo+e434CjFoVrALv6pFlGrl4+4036C/E7FMxGunO8FkqcMezBulI6QcxW9UMovJpNiQWxkl9N2kcPhqBPLwSsT1533hiQHfKPYQlk/3kHYN5gAYufVN1nRQJXetkMRpPBpU+VblEnVlKLyppy+u1ONQGtlHe2SqnHKXcro5+BN9GwD6m5vBSUpDnV35Hn2OHvJhSMaBPOhmqNkh/v+70+dYggZHop5DSQg8zI/TITQPaRd3rfqfaqlK1LFPyP254Z8bOWR+TZjoqJlK2bFRJggzyLD9mfYLfzSuXmnUylG8k85oDdZs/OO4PMWtscba/w7I1R82/gc75V50mL2vK63u+W4PBLz+blQBWTeW+v+nP2HrVWKRYRWyffTrAY5sl4LXPq93v0Ycl4/JUBoQjfyMdPc0jMZ/pKbWGzBArSaRT5jpYsortewAg9GqBOOPUa9hEKIFB6LPknMHOaMRJuFhIBN3Gh6kXcffRhBXbuPXFLngU8GTAwab9Liq5q+dD9wWmt+ZbTg+hBrSmavNvh1woMfDpOrDYn5UvzUGTVYcOdwqewkNfwU8hAZdqs1HXmCrv62u82LInCwl9WhFBERrPze8rXFYI3L5nUF/16UFpcxK41yNiQBLi2p94yT9n80XXs8U///j1Duyf263HOJ5JLrIeQStURuRS5lRErKdWcu5ZLb3EqlzKWidCEikWuM0OZWcymXDaNhZmY29Ns+38fvnz322IM9zs55v5+v5/P1fr2eL7GzFZj55FMs7oaWJ7o6ZwNICV7qdnMghJt+kKDfJbB9mUXoQiQvzmwQ3d51L9Y6PiHEHy/4RK+XQd3/rLObJHwl6etBb3ghzgyeTi2yru1ec/n267XXEUIBwYM/Ew6x71Z/OquTAX/aci/Nl8g7eQB/filzSW77jm+wFaAlTXn9Rgn1rrxP3WWa4OpJ2CiQpjQRcUQ8D3U96icxsB0w5CKvq61L2y82fTwf8c3R3Jh8VFPYJCv3CnKW+bnOGDH7ZRV49Gf+Ty9+q1ky8ubM9O7h87FYRbdKUZ8z1dD7U8sF3ZdAHNxD8w0Vmurx4UYVLtaipdUrtVAU9k8A9x/Y7wR/qtdl+m+/fNgF7hRRm1YtCgajxvk5wT1nYlorUszQ4lO9ZGqClDWiIyzxCQfmyBvVA0BYa+bVlP202J8cjLeF3uBRWplLKTKip3/pvkdVvKjv6YllPB/TAQtrK2MhfuxXW9YdsExZ8Wm1EnIlmzRyMc4b5BdEpuzIIbhdeE0EhuoVvMgSqAsEV4NeNG5VVOpRphGB0kmXo3363nTN1ZcanwvXXSDMTfVg8j7VcPzorp/JBjSXI4ymL1rh8LmdnQo2z0oVFmvQXL/Cwn0dWgLTL15CitAelyuIaD3DC2wa70RfaNCM4IjPauw+WTeJL+5sZb6zJGmg4kfQDvHDzS9xi0YWy+HmakHNOXclqhZfGdJExm8JbBpB0taeVhwdCTTZ2+wOEIpvfTBUiuSlDHFAVF8dA3IifbY2Jxw+Op4GtjbHO+f2wQuNOYBrPCSrJ0nmy5eL+OAqhEBOuGdqnuesgiEzxo7kkSSM4ZAA7yFPYFT9IUlx9XJDL6eIbvajgQ8nOZhZkjj7szLIDITKjr5vDjfNJdLz2z5Ej8aMvY2lANM4EbX7aAa9YEQfWmiRq8FU2fKT6ny6gNV6ZpWr76of6i4rGHBahvujuGM+j8i5SUtzT79rjHrjZAdos5b8AyOIxMSCcinUIgkeU47107IHBB1KnD1LrVGVnsXCKUCkp0w4KjvVLMgRC+MpEcVW5vGBr1hPMD8REOWmbqfYQPQmu0sx4YKM+lIsi+6osD2E9c/dA/oksOqq1vcAjVkhrH0HC5xJkB+yoBtRX+zGUarJ1WCqicFBjBM2rZEhcNwKhTCnwD3e8IC+x6yqMbLoeAdcpVkXcLMfZ1/PqPmcDZpW4+yLN4bbMcxwo+2WD5yoH0rv8zDN6mbzebnIl/1a1PWNd9QfLEGmemsKzvSirR3/deXmXODNK4umwDUsWqdd2LkDmhcIKdD4MNcJvHL11fnP0deJ5Mrl6uuOgxVyIeRqkFOrrl77Ld1xi/GipI2C++zEcyDq+/taFvnTrsE4V2t8+B7wo1+cpugVHLbFrrr+nZaMwmW0D393kN0zLEdZJkuf3ThexIkqjZRjHJ+JFNm4p/Nxg1MiA17YLzk+n3KY7iXm8CFyyka3riYVIhLS4/QjQH8Hr7OzHi2851mOWiDERa4YbX8UYX47Q0wLQOGCvl/jAJ/Cavtry4fU3a9vPQiJs7NC6aeL4NRf6ZmcHLRyrhhJp3y9fwwSZhU+N2kl9BzHx3GOlxRp6vBNfCEiGV54nDSSsXhVKwdxLt+SeTly5rbyZUsyp1CWbHJ30t/jTQuKzkwoX9DPs9/uTNsOVDWLtrlbJn61Yex3FPS/MjTBxUx/KzzM9lfDCzCPLn4+JMK7E2YYgPppfoKW14ER0iKJLsswa3qeTYptHXVUMlH41vpqG21zrBQZ+ywAAptRt6CqPedrbrCsMosfcBbUuOHVapHTJkdVXJMM31k3yylp3bemo3W+bMSUZqsLdjYu5yqTeGeWl8OKlCll6wrPs2/vzyn//Qy/LPrj5IYGrbYaCsgOQaN+CA5MRUh8OOt4+lOHRkzpNIJitqEXY19iNxgxLrd7nhxoBZwrQ3oVY4Ql5WTBrJlFmPoM+u3QoiQ/MZAHoWay37Jofc1RAoeWpm/3GzIIwYuH04waT8l5w9+LVXWjQ1kEn24o6n8vSB93D+mrlS8BMR17uNXX3Msk7ZcLkU8c/BSq9KdRYo4/ER61PdZ5uw19viLKdcqr0fC7IYJf2GJavmELXTonyTZYMJToVe9LhOe0x79Nhp9rh1nzNAmbcK+tCfYu2kcSKv5E76jkIg8LlyGRxdlAy1hWizC+j2mzeuCr3XO7cUU0ubdUOZj620XA9+GDF65tZjMKcf/OrIUvfSUNtsCjmCnVJ8/X/bJzk6lBws+dC6nLFEnd1plY1p9T2d55Wfa9fZe8XJD+xqJh5g804DiiGxXQWv0fuB/Mlv+257+W0J8G7gx0vr/ToIUpGH9vaUhXXEPddJOsf05VDdo++S0s30RF713Jtd600zMKCITdPUDtHVDt+JMl+r2fki88Befka5B17ii1HeePxa/Oio7w6kZ7g7QGwwCI5Dsg3DlGPu4PpI/Q8nEsEkenOX2OYYjd7hVeLdL1+aLau+i9Kk7I7a8o8r2m76JrS5h7aV1PL1RClacBBtS/1rDRnbQFJXjfRdpmxZVmp8aA739PbPu2nGlVx6A6x8V1lUKH9D9LadmgJAgf9VISLYqdL0iNKu8NwEWiXYTjn2gsa6hQIn6W4CMuIUWfVRyBNP5Xg6r3s8q+XcGHgl9KGDHGtG6o4gosmemA3cQW/DJDBXcjziEbCOUi9EXygg7LN02S7FM/oH3ky6VITZfCKUtHE5GyvWlG21N/D7NzGPH6wqeB6Z7XQ8qQibmCIx8HWeuBmAt9kmTmkvrjjkYe7Mvoa539ZGk1G4j6Z/ucdgvhVMid9FR41qDFYZL08+syjWWYlWSwx8sPEtjT96EijV0J2sIi7dLVZShK4MPHZSgw9RWEm+mZiHLgQChRZ9BBPIhnn5iP/VEi7jj7ELZNHxNXmayOq5S8SYv9jA+L+XeYv+2+8ei4G7wdfXg7zJejbdCOKHrvi9h2jVQZRskA9+W8FSsWXLAGoDfwdT7aYtthqG5rWHPJOGBjhVpKtUNpyDFJbqUYW3GGQV4p1PXal9At5Nsx+3vAdEG/HKMep5/0zJAoWnoPyDuoEvLQ/OnZaBei6GdkAESQwbU28qrZmMobmFcGJZ7aTzMxvn+1Jpgq/fYUquswSxEK32TLQg4G2R3CzaC65wnf2HTprIVCX49VpoW3ZgaiVg/Tll4Vk+PMKqrvg19YdNG/JDqEiza7AjxXJY94OcdJ3/Z2VEcAY31k03OJwjbAc3GCTWRByfSZNYNnAKI1/mPgUgFM9RbO8g0a0TCQ8K9PiP7CiLwkGsvJLD3PtgphW09Ngm9rkGOFHtH8ZLwIrUm+skVTdgJsmeoC8uz+S/10AQ83VwBLr09MtwYeSz7Gk+V5LnbCR5yW147UJwWOreITweBm4e2SdLUr/8SF8T1Tprix7QMDIbHS+pcuo3dmIh9L3ikhKPEfsJR0o9pgNGkiRZIfL3d2uhfVHCXnZ8Bj+pH3QdvySyGClj/paAs6PmQSKbJr/MIk4fm1EwKHsWkvTxsdOKVN/bgPGKyr7xejG4y0s8Kx9tnCZ0FeEwQxE5TSh4KcKsZi36RJapbXbpJTdtLAo7Db/ZG4wMPcW+dJkReQIJ3L7RBJPbl3UsBvBo0wl7JHbEsMnarW61s88gpoldT/u9peP/FAxeyWBk3VzykS55G/dTP7PvjT2w8lqIazP215mD5kuCPVgRQl1Q2yiJteN3DhzkxlNv+oK+dn9EEwh7vOXS0+7iAF+dQKwk8K9JgzovJezIdBhbuzlRVDlwJVyXYhFZiViJ35UuSJSUPQVXOVacBzMT5sAUoVmsKU0OfrfJ48qvPZ4cVru0HyziEO/M6GnCwZteC9cdKc96zu4vgmcfEWbS39coIMxzREpW1SDd/BccAllsBLz7K49xRfNy46baj2zLUDea2Ybef+H+Dz8YLXJbipLq+aB0qRnHF8evjNqsMwbGX6JYRCpIQ49XOel0nCFWqgydh8eCZGmrLbfQk+kfX7wbecryzmbodgRme86E5TgjAr12aRtDXF8X8mYYhOWV6FGQXVCBWz3ev+z6cr6NCVns9dulzzMl8fpE1Epax8dXDbgWtqRj8LtQJqJXphxRzbJP1TwBKLp0AXN3sX1S0oeXj3amTfbsG1CkwMxahv9/LgOszlGEVAQSGKc55HPunmVc3WB0DKpv3t0VcK87lrHhtLu284XIW8C5MPtHrfW7YRKpvoHVnApg1GX6st8pBFcF48ALF+iHCsmtBSEIbXHsYg/1yYILrG7cTmSHoIBP5rF/sShu2ciGyzzZaGLIqLU5p+DyGF+/B1wOmvOF/in/lr2nE5jQxtgZl2++nlDYF7gJaXcyn0SBpQfZqd6vdWHYyuvf/YkGkcABGCyxT7Qd6NwRptqpEbQZB+Xl3oJbB3c7+BLpcf6KD/li8kQ79ZNI8FikW6vtpRLRHrw+JTLVHc6nXvSzeo1WFvMjlRkvwc8AzZ7Z2lUqiIIuTud6eBWEPI08ybr3xP20n8k/FtUcWlwaELC7PDfc97fafEvFzORlw7zU+4WXgLY6d6el/86OOd2PB2BcFN455tgSKzGvR+YuB4SSDHDbEZfNQlZDdKERPVlGzxqCoNHT60gE+Pq8fhi0PHJwwwrce4tuMnBiuRedvxlsdSgMbZ2UaNFcjc5QcEPl4HEvVy0bwUkgu+Y/Si7BTc9M3ex7Np8FX3RGQG/NHGY0WW8jtOqHP/lgh3m6k4gjrLycCqQQS3p35Fa/HvB4R6YWZIbvLQR/4t4Yl3iqiy25kYBXlyrJ/nCcwtihNUCmlCNmnXpxxhyYTYW6OKEjlwodCI5PhwFgFNjIIU4ez77hss3TWku/5JR/TIBiQjCh+xAsDvfZaBpy8noRw2THRlTZp/r9pc8H8h6+rrL0PX8CWJVoTSNKYjAYWlEweQx7wFp+8fq6p7bZyLlCbP9qaxazflyjCHR5GXsuI4t7HjOoIM7RksCztLJoyQiqhKMULdjZxEoO4i0SZPGHMnCXx1m1jnKgzKqGv+778dongJXaUY4eCSb7Dmp64zNmXQYa79VOnqNEBFhvrgEBZWmAhUcFGlH+SCtyuQnGAnF3viYL2FwTcRtqlHkvY/Uax96ObSzeDN2TofAQaRpQipS4Olwk5PecCBS2Bc1TvgpiPW3nL2JRpY8/SDyLNHlYjseJ7uMX9+TKfZFigfqlSOTTA7VoEsWznRpgFS3nIJ3XnXCazRkMs6gdjFggk5hhgfe0ahmAz7NSYD5DsxPy/AFGv4zcJ6Jx7LIHZDWl4tJlif5Dp+9Xv1x9N1wt3AQ/laFqe1qcXoHqb5z6D7OdmZe4yBrgU7c6NrT9JHC5Lwb37/56Vi0wp95H5tZrFTV9HzX4fmQBhif93+9/6Ig9wsaCfr655vh7iSIx880/X3P5QdTHO5BNZr6CrY0/F8/4zr9z6P0fBcu48H4ruxdW23vWKfUG5z04Nx6nbX919IhGZlgCdERpxZQm7bwAy/DyFGrKtn8fqz6PzFH0fe/OEmrW7LUqD39y32rXVIK5bn2VubXXdCmg+qysTfqVE/Pz1XwYmySoIL9B0kzCy6OaVmk9D7IwiLgCcOLo94F3FoJFQ9YLhtK6A7tC7pN4ZTjIGV1tUidbVDa1JBVli6KepSC01nv1X2RxnzMqsiffloIe/QwKtI3zIZ2rj4spQ0UyVl2X9wJTE+C6uerXScctdU+qog+MwfUvkOKAuqdSUWFP1kfF8yHNQcRvfzT3KeufTIaY8sxZAzvjVDSwNiE2a+ohrKnNPESbx/NMGC/2XqaVx6oRsiWLQAE1uUgrJ+qJjm0uAk91RoOnmoX2gOu9QvBHWuU68U3OcAHM7xObX2+I5B+hTy9q7r+XCyiFt2r9VgxJMqk1ntFg26CDS/+T5gaWwNSQUH1FrMH6+euEGtfUrWdKjAiIlSA1Pj35YihxfwfAzn6P3bUqeQWsTAnzj9Ltwf1/RCg28aRjMFyonIROAETc9o27OB/uzUvIYkee0KNHAqUaM39F/O6Jwr/YlOKhxg7jOBtKZ8s9usTVGCCF+CszaQjQFjNKFcZJXMb9e06GvfhP1x9F84l2bU4+Qz0zs9uUiPX0dj7l6ZU6OMa+ViTrkS8CzogAzkYkzsCRsF3BS9UGqEKKMqG+Ck03OZ+nFt7oFhamHKJ8gzpW6jApbJ0YsvAjtKMj/T40u6wKq52ODApyJbhMvNSbhvd1qAKOXvUZ58HwAzl4fJg2R9npnAE9On/yDGyl5XnTjC7fu1sW77/fJzjxly38bn2F2Z4hjtJXT1BVZ08FTYc2LUQPKv+Jq0XO5/CdZ1v7hYBmv+L7Gje3ch4Z5EZLNfQLHa418kjQGh4PSX16uhNuLbxlaQ2AanFECO+fbwOyD0cgCLw5En6feLOMFnfiijHFHfkk8MqRro5ML7S+C3+XsqlyZ5/LxGKnO/kE/unFt1vSlO6WtDcPehb5P3kE0H+bR23Dw0KBoIoo3NYjNxUcnPU+fPno5k/Mht3C+Kuz/qWWh7yv42xfjZgl7vYc62D2W37OyAcHZfqv2PHolww/0maRY9RfHDP/GKlFpbCzVsj8CaGN9mb4gLVw36VjM3qba/BlbtOFc8ubJ+zG96N/wVOP2LmlZuRmqe1thNezlJIk8W0hLmdj5aAbFzYSXZ9i43//KaSzxMTgA/SUUn1I3KbOdCiCGrK855SMdMViD4uU71xMzh5uocbYCA95mnUIAMpenDTfPVv0Xt5fsB7ROUccfyA8A1nhW7Jx3mE25FnPB6YqJwP1BSsxvTzrclpTyrUNKlZC/3qul7zt7fQFTa7w5AVED6QweKwkd3wSJFmFnRwFr3nMBOLy7tWxA3QmmwHdkOBM3Y9wCH2eA4XviL/G7VHyLBzXz7yx9SjMbBHqSCXwZtUhAbLvG/eUYfTN43Lc5o7ra3AVqLi+puEZVzMY9eam/OSThh1b9zMM4TumRAMWKB333gzkenVGCEm/qkpxQTKbZ9nKjv5Rx9loBVd0kGmolhRTzgU9lSKP/LPvUQzuLVYUMGSV7rFGSCqP/U/snqGemXhowXWYWlwmel+LuA+iFYWzB1aDBa0L8Ma98FfIdLngbEmAeJkZ/bOBjUazBuRsszxrEm50l4TAVGK+TrRRLrOoYJ7qiSt0Npnxg1QSgFnRroSV7mHXFcZXU74PM8AGJPHpFeQ93hRkwFk12SkPspZX0JJytEU4DX2dFR2+qgHDgfvDiMigifjcBn25E2wJWEY/2TlrSvR0uRPgZMMTmm59nYJ/7s4tD9tAijedVASLXGh5JzE+BUB9Cj8aH8GztNdp5UUUyhfCyhnAiApEVB1HGLZpLss94gHKxc8oAlH+2Jtj9Kgz1/cDARDIqRngAFcLCc7sKiLHChH1f5RpnmdTQQEvJDKwMufKz64Dc3aztbM+34G8JBBo34RncPYzpv6/3YU0X1+n1wGW6WbGTPQk+GONEDcxLeziDHRz38h6Da9yxhL8lF3W90zdT3nW/IQAR8G5XkttTj5HAhdimVCrc5Dxs4nQacVEl1hfMG91g64Fx+0TW/smnVtwnHOJoe3Iy4VaBQfkrhwGf88hcvb5lcqJPIihHzgdVeXJGsoq4hV7y9AJqkjtcbUpdui1nrKtPzSfwG87vyR8ZTVOXwUSw0l7Wiao7i1D27gOvN7Jhwp85XcfiZZN/Pnws49Q5xGu9YDbRcnBaiHJAKnpHaIpZCLx0xvG8DoWwOWEosi9Ai/iwHZsBH3SGm4lF3bx4plvnaoFtF/Qe/SLFPKhUGD+dbQ0wL7jbPI0Pb8KPjTnQoZqzmrnea5tfGzPH3bm78/X7QfX+DmrW9wTdD7qg8wmaafE+XRQO+BONRPvxLLyZiQM15+lnq2/5fziU1DSW0L3EWwnpMndLdqcCYMFs+BVKbMFLALEMmr/J8qLURXIWKl9n+nAgE9VZWlWK+cVpBohebLxuyW284wKxB4PTx2c3H0rSIdsuEwIHARIucY8DtgUTk6JxNEtIKQEIHbAcdvWrONt33UG4MmP712zMT6suMznzBbjolkhV/tO3yHS55k/15AuC2Bi45NjwwiJ3zmpqVzfqIac24rSjvsvf8lhvpuPRDthW7EkpTYPttbi5GzU1ebFGNYjKbCL9+gbBRUdZnn82xvQMfEuGWOMQ4ehYAVAzbKjYuj1cZLIt9F3K0eThrj436HrEjliC0JPnh75rWyg4wzOcw3B9xQH/orrf58h2f+0zgWSbT8kqOJijat0v3d5ONPTz2drVrzB3lTImr7F3ckHojZL7vw81t+C8Q1RPwPVX57eaKUcmaZgrwEi0fff+bkJ+lSlv97ZjzFVUKVQAev1P+bIVRV4qyhyE42x6XBFtSfbSvj+6r4yzp2ElM1aR6nfo4zMkKAnU+fLTZom54UTL4Yltn/tmh4YNmId4nL7ANIOxI+HPVyHhR30fvAHdR3xNUEXqaEspHl+tIg+N+FUFI+lRLyyWjX6f9ex/tmghs1St4GfQuYkzHN2EhGy65UFleJlfq+sarQjmKcV9bQzcS7N0irsUat93Y91HCsH1cKmHKU/cpOJCLVK+y57FZ3kyuKIHjV4oviYmshuh8Wv08/hPP+0fjIOlBqP/hXzVovs1buApk7CXkI7ggTWo4+YVjK/iruqYS/icDcJ/YQrgxhJ0ax2cbl6oSAfsEJQ5HBctiG9SXYmRHNKi5uvaJ8x/jtt5+4Gcv7GUq/MvnNLhn3NNPdKlc4dCN8TOHdRVRN8ztZro+jmDn6jLt96FO2OTb0mb2FOMIG/turIvo+wi12w9ymM+I0eXylW5Bv4mkFYrRIngRZ2TYbVB5FIEdKSyGS4vqGkMOHElCXRXcOYqzT4S8/G3fDYisfmJhlGsHH/N+0z3Q6DoOFizijwKGVDLJDotNVTLSgtMxfKCRmB6FdYEylPXfLc4pAIL1lJK/3GlwskKxyD+ZTfz9ARmVAWWYIMN8fh8YNCf9chBmlgKMaJdiVBaxsEZOEHEExge2nkwC8H3z6wRtGdDB24VYYM5zbCvDCJLvXj/IksSH342l2aD8Xg/ZpwAHUiNJLH1w/v4FQleAEOhrrGIDecnOE+kqLFX6Qz6N2VuhKkApNjJUnIJc6/w7KCrD7g+jivr+ZrEGDmbLSiIYM9ABhT3acg60tZhYUdgHKck6R4s2pm7jxyqef13CE0PRZ8ow78wpf+Lzd3fyt851SWJ/SAZfMbviByHWsLTCVDgrXMji0HiND8uq+vPz+xDmLHov6Or7UH4SFCMp34PIs3uEXUnK3bhVfS9OS9eBGiQH6/bCUu+Dnl1IDuZAXg3mcnQN9KIkLk3lCw/JBaixL1jLnkfm9htG1CQkaF8vyJE+Rnose0d6w+bH33YMnJvJdaUn+Yiqdx3SaOllN8duDJaBN9rRUGH4N0rXQLNkuDmvFRRFkLrKhC1gG/W9P2tY4sjh0Ymdgj6W9hGNCI976o9SzYa+9pogcUlYOE5HaZ6QjObQsTzA7DsSElWdiLNPMq/0NmlXEGdedfil731d0JIA0i2WTodtL8N2lp9nLbXy0gP1Y83+7vpfkf5WDLrL1kJrRsmiA3W+1zf07DqA22KkCtsOoP63/S+yciMzXaqyJcozEWWrTxp5RcZVHo1AyjFa5Xldip+R1K1zUctcjBdeVpADJNE33SxluwE5cC+hHPnEeOwVdTrwzN7nlVLoKZTcS1ftM8WYOXl0REKap1tZnQ+V90/Sgf+vvakJb+gXYNheF/Ud6+xL0J8zvi5gJvAB0bzuV5n9eavOc3RZJhOqFt5Fsai8tZLq5ZRiyDCJ3DZ9FY7pcXLNKV3OFTN3+NOWQbhBzzK75z39PAUTXT6Pvs52HXYf8Vm1Rl3JOMTwPBstLk1tunAHy1Zo8IbqgxPwvesHHcLXXZ7CtS/BdUzr6eaa3nDNs03p/3byk64w9gTq4/np9E2l0PXZ2d7FUa0bIh5bemHvXOvae9N+wFUZY9bnV1I/d508eA0Vyz2f3Ga93WhXOgcroPZWTh6O2czNw8Qt9sLqrYBAuTwkUpqy3SdIwOtQ9WxSLY+223dZ1H+t/E4cOXqSZBxmgyztQ4ZIterw98Gohy40QQojoK1le2H/+jKlRJ7ftwOLZjqQCV0WK+WsrXu36me0+hvhP8g3XSOsbx4HP5tPi9stNgtVnGmzqJrQ4rgGXHkQnTDVo6B++0wZdCnCDHKjSLgp83mRoLRX9J+TYoyplrHexahES+oNYH1SMiYoQjgrtlpVwqAMtxhCcYq3yYl/5gfh3qoS9T3F4NWNci8G6V5N52qhAekKjCqcev2Dv7y6Be4Q2IbPCVpE5Zj9DZoINu1c1MuWQ4kXOTABIwduzlC2N942kL7P93fnwI8e9Cp5fM9oVg6JbXrPil6L94Ab37I8ensvcyF7T5N+XEoBdequzLy/bIqsq562ch/V/1zjzGOq0LAZZtABfPHsUtAarWBRdjEJmpSrAy6Qyygl2ULl0vzj/4pw0uPqb1UFDuHwiXEvVBwe3IwbaVUWoxFo/tTa/GdrmuP2K8NdpKq2pW/PEcU5CmJY9SvP5G0m4XPICmtC0NSmV73p+F2ovch+SpO9HSDAeKsWkQyPCz80nh5/jRAYtr7tngyIbVPPnk8SxghJWFAcxc4CdjN1l7iBa2IzypT283ojhuZeNkDYm/6DcKHrEanxnbGRSBlRoqsnyZW2lgEW9hJhyen85EBlWHFWwtt2jKfgzi1SHab2t/pwy2/0gsDO4wDIyVctZziZ1AVc5cLAPNmpFAcD9RrovexhDXLbxDIMCybnys8jOVAp5mENocB+QI5BHtcpMYmJmwwzeFHWa/9AiOH8sBRz1eDMs2/DMeopQNvH84SRq78w2mLb5J3eXGH+5yuHsZXbJbzBiqdQ+3gZxwkFcg8exduHYlksuherfjkZUD70EZoEdKkS9Z1vUMtw9gdAIQ2s/RHIz2WWzuIh26GUORlyC72szy8YEm3yMKxdS9W7sRnxjHz79/LGwoPwczXCSCHm1TsuHZhmU/KIl42lWi9adVVvH0S998AamdBW8OcB3Py5VBBiI6ZyWB0TPpsE3esHprfXTtI5Vpb3rfwllH3lAsO52fX4+bXIpcIiETYV3/aExjZ9A9RWgG6T+fk3bEOhx2djs98MdGCC97PPE3HfGVGodRbVZkHWzpFG5uckUO2pH8QkaAXQqUUWpYII/USIMs1/pvKNwo4Uu9SynJvuZduaJlHwYTsjjYwmMXBj8/ED/ABSei9KCK5CtslDSgglSHBduXAJIaHJ6zanthchuSemyHCpQcbJnrY89uMvR+4/L58NzIXfT2xQL783xUrwdwNOxRp9hJDvHZjDEhysKDJim4h6tZSOoBlIGPV25q3ZcUjKRozmiVQZUjyVFAom5ZU+0c9PFQxdyJiNM41tRt9LHJBoT7HrzQpJa8r+5b/CbOOMl+lsNefylD/qD1HtML/ejLwP/rxUCskAs9hlpN8+SczYG+yEPaxBmi99shitnYWlZYHW8rWY90bm3B1Ad0p8YZ/OU58bSV3vDIkFigvNhY8DUOd5mff5iKJv0BZBQzYouOn03Q2H3r18xJSOxWjFeeyiUYy1myQPSPo1dG0hfIr55PHKMkxv8tozeN4FZYocf1vJYDt004XQJv8kR8Y/pEqPuk8TbBa91urLopPIU/cQ1ViY7+EoOQtYzO3J9w0XcRf3vYgXl+vdkZ/9e65ifOtA31q3xlEz+vEWpWGXSGu164hoiT9iu/CEPxtLOvpk13ws7ExHKaaiWxB81cwRn9Vr/7Wky9WTuOHRbinUjnbMxBgMzSkrQvjgcLVrFZ2FTjG6Aco5iLE81s18HLlbsJXxqjvtfgPnfAKNY3iivnPB1FBk7RL/OrctQH1G8OD/MIrgix7ltR1P1S0Lw0oe/bdwy23njpImqG9vDWSaUJZe2gNjboS6Ec5tuWPGlO1xQYLyqmU9UzRyxmZI8SvkjaO1XsCn2icxxiQuBZmnGV/wOeWhAyFhzs0ZxbEMM+PtPV3L6Yinf0dTLjt7xx8q89fyY97RWd2L4fgO1mXAcxrKGKVX3WTjpMY6c/RmurzjCpmrQz0SbDy1H4d7PPxjdr51JG6n8ZfMM5OEB5/axHmKHlmjhis8kYm4PdK/Jsn6+n8N9rAEnrUnKxQnme1Csb3Xp/+krs2Fx2wyoXofxgsey5MNFvKx7MOyo+1oDkY6r+61ntC7WH1C9LmQ71rnuyxDkw1Ide4dAHfIpl4HS80yjM/FNAVv5t0mcyeEXf8toJX8dGZg1Zbw57MX6QZwpgDTeV+Ox8Y3vbc7M4GT4Go6fi0HXohtlJQpyXzUFVl7ZE/CHzKxXBAvWnRuxZaWr9brPSxmUm38dr3qHVppm4cYyB1/J9viVVVlLhZ9eNzg18mFz2aN8wEn+g/TPMsUDuAChUDzJAvv/cJ97iY6ftDkaoP+xpuhvMySLfxS4EsQo/Xy382tSSJ5sjCu0viXsh7aQqlV1lWa8tpEnfffDlwP9becDZbPbYuR9+GrSx8zTnMDLOmkqndzfYgln0TqJCAv+1iPFwwpYP0Bz9G8RIxVyKvQ3Kk5/EH4KuSL5JaWvs93Nw8coKHWzuKoaeRE/alA5wg/CHQCDHci4WfZWHScrIzF3K/40YG0sjTSuI5nN9jWYjwDm5HDZDxutWtOgjbUzoLArJbsGigmpWazBPnvvTf/9GdBTubn/fCfn/cBP88C5rXacoyDhAprVPBoUSn0Xowy9YnWKZSJtsB2WLHqKZR0+Rjsaa9bEvgq19mu4vmPUgz0ejF0xEeOYTC9+5UHzBcj6ivsOZYPpr1QvQcE0sOKhol1Hs7RqqHZwCmNWRmq4yxWPQb1k9hVi0wEmKfZI8GkaNIshczDS9I/fw9Iy2aXO4Iv3VE3TSguSjKgb543eGfE54wKaeNVBviFnzTyG0saOdsJ+JytgUpyIL5ITYCm/CxE7zT1edG/2sO5RUxC5rdED5tdIG6Ig9rgX9vKCwPwTOQLs4bfIf9qVk/xgBNjffbxfAiB/85O+ZhSHdCyGqRjM/I/RL/7Yenq9/5mwqsWvolV5UCI+A4Lsu1kWXwXwaLZE6uB34CHg2ycRjzsQBa1/kZzMGNCsGg+5oAYDs3B7ieKlWC7MmS+CcGhDyLKH8ZEkusKW/Yy0vL0P0nPtT3LNklqeiydi4xVlDytE+hbkz5BVm5HFhh3WXInWQbdsEy5wZg1wRwesY4zSbEQ26Fv6Df/OIL1SoV7PtXqu6CrK4KFPTiYBjzRpPljK3nTgExZlFpZ0YjIb+P9G7s/AjGJGlZRrjPO+0hLSal2Cnjqo+ZfDyUgWwFQyQJfSZn9S8dqv0JVTiy27A8L52Fm+PmJx45rvv6ddroH6JDAqd+HfeVge0nUpQvtOOBg1eI0XvHaTiDV0x8iwU9yffbZnhu48YmEUDBWKRVmxvHcHqjoAsqUTlCHAorwvDRH4dO+3gd1VOiWpyBmuuo8U17DyOmEDXxDKFUjTPZQN4AR/JOY1uqlFdR84RkmysuAcRSXloRyeDmfVg6ZOHiHb8y+xCq7xs0NYo2ArD1JjG+7nJLWlnGqX+SvXlQ3h9zg94iYzklcsKKk93kxsaIo7t9FLyrCCYhCWQfEL2Gnexi6PvlVnS8fTa949YQN4D4I8BBcX2Arj4/4uA6UITPg5knAak+BBKTODlVuCwSJeqrFtjyeW3cuou5dwtyRzsNwj0ig0Golp7o1ima2RiIGlvU56HTBR+VPly68+kKxjBU+2YuKLb0WGIboLP60HsMHv0osIHmIro0h8hVRB1AIkWv7LdHKNwVsuqGIUy8/wCpuL24HvM9UQkklwd2bkfCep4qoEU3K6+1Aowf8hI0N7t3phDrmA8jzk4yY6mMAzCXpXKTg2a4Kkdd0P1+eclcd/LBhnZ2+RVQhUqtt2oqag4+52Rk3Sr8OrG4HKyjQb5tobv3JWL5HK2dgbQh7Txu2rt7ycyybDxadCQyjDv3+ILvQzCN/BMX0qRoO5FfYgUs/WjkDewdQ18uPysxnnCDsHk0BErYq5odbSbz9v9yz3w5pf/kFMQyqryjt8R0urXyxLxfzlkbHkISCD03y7wcSFDJlfqEH3AVFVL1BbfUW7/W3fKOwu6XStNhzaWDwz6Z24Ew1tPxiNTK8s792DF3B+2FxsBaaEbwxvg3fF9C7OD8zemXdrAnzFb4+d+wUsDF3+5BYT8SPafntnYulyGSQaOLnqbMQ1ud/5e8cGpDMixT8nEvR+lghc8SsB5LwVhQHq1isUZ+mRvGP4kVIEaLbLJjWD6477SjSrlBHK+HsUsi5LTcBv9yw+bhDQWRzvqRTIQ23wjvoB43beAomoJepeiOti7sXSJHFcojiC2uHF3PkGC8WHtTZLIebZJiGCuNbw/vXP+gW3ZrayD4x/sn5COT1oP0RVPyX92p6RyA84DNF1KD518aax410h7PALhd1qZID8ijpgbbpTFcu9PADQ/Kso/9Q0JcXr9+LHHjh0J42fxxKFzGfEaCLcTHFfhX+uiLOrGIpePVjlg0R9pdP7mSNsYcdDyy0OE+AYSJCM+hw2e78m7IPH9/kn3YsgPFP58Fkmyw+dPaubIvbhfc3ZjuX1k7afZuUr4U+ywDD3HEwBxF/1E3JAlt83vsNl2tuBvBGiYRMpALjm1QpJiA/2IL6oBILSxJimPeVIkcXCo6w+52CDhK7JuElv99bQXLgJRW9aadQDwK+ZLJUKVaFnS/noo4fO4X6PV0WOxwtwMAu6RiNPzQ4lwJwxBtTef2w6oePFdhnuqMO8oDer3HqcknsdqxS6GNWqC7FcFhQeS2O26YA9UOLsRNE5VOQHJDH4R2we9YbZDwdiH7gjqr4epG0cd1btyXOWSXbBsLNbOmogQrrzXZfgtcHsatmygaB3+btAB99NtLHuwsKWyLJ0G5NjXh98yGM5LVYyt8ctkOdhN6Rg0KcpgeJnhPEyMyclsYSf+iFP/CvLj5wwgEO8MhTkO8ByLqtA+zqmKL/TD6/PE5kD6U2nB8bYYE+GofO1viQdIGnaZKEV1WEaPBR9Ngz2qRVWTw+anhV3z0jA2yh4hbNpJluRmhAYCcmBLfooUzLy0XCvXgsxZjOH94msS7/6AysgZvugsWYi7JnvnGfoL1eSAfvzKTBvy498xDb9s14N6D29ce/KR7ZyWNdbxP/Ph47IbzhfWX4HiQiCGf/dOt2KkJuHVlJrgzGIkV2tHkPwRLmo1RlaGVec5gyTL7EXJQ8ra/z8KOwkiAvTapXuRVk/qMA+PQWUXQwP6n7LNSvZJpbBS4/mAcNyixHA3bkgvCIJ4OxeY3gBKqjIlSsXMWI+xF3JKHuQgfQEUeuqGcepwZyIqSoIuNHust+o/chCqMgPl1IMXkW5gtalsWR8Hw7NRofzpe8CEg0X51RkKcqmki9CQ37bvnH+wjqfIlB5uNTkMZaaOhTc7PYS22V9YxCIMrXUsyNsXGmTyFBmmiDqhlsixCcFIZ10jb53FYbpC8Sxt+LBDRoKU0GEl0Dsx4tB4rRbVAxr24RVa7fh6RF40Tc5Oslhe9OJsez07/PA9Yn7hsP/IkTWLy9dzxWaSpu4i/lk7n272gRXajZGcQVYN9arfqsheJkIsiHJQZOLG+oJwPvc6EiiZDGUuQU0dVtxEeVC86XkhB0ZsUivJH+TPnKYh0hXrH4E3308R0JcfUr3ypnqyMombpJwlc6smlrs3HM8pB1l1zk7sjWOtP+ZmB0gboJRcMqE5lvnC/W9pT+8Rw45dIsrhCznHB0ctnVnMI45EYnwHLgpoNpHkWny/vSlCC3UVh0OvwwF2X8nSLq4MlcDFKG8toxD4PhmQlMgb9l0aZUO4gydXvV/HoWxjolT/2Q6bH9BdGX2/ucTgpshey0DvCdGP57SSiofKM+xnzorsgqM0bn+x3PjAwLowqGFWVd2CL9ur+9yzHz51PqKLWtd0/ktmyftjvBsPZfw4Dpi++iOUPj/xpGC4cmNIc9XtNcQuvlsfhQtKU3WijAUu7fze6axhJfbMqPqPmxFsGZcxFWR/Djh5kDwWmm/GZKt3pOPpagCiBC18VCaQ9e4irHRjyHKCE5YGEqREIIMVCG0Y8jilZ9YmCNUJ86ZGjjPTXICHZLbcjbNEBC1Jc7dHMWl9Z9tTOzYfvFju4+raeWKfSbQNfF24suLfpOcQRRzwz43u1eFtOj3t3lpjUZ6vuqmLThp3qEejOup2/UytEel8l7VNkjntBM+UgaB5cjOMD/wblyy/o+mvHzNU2p5aEuhSWj/QN6KRbnXJCO5mkW5pPe6fSCv2c3SM2+98EraSeXAl9ZNPksWWr/VksbJYrOizFqjFAGbum4+82m2guf7e0A+e6rHpXicow7Xq9tAG07Qlcpkgt+laCciPn6FX/rJkQhje1VKRLpI7d9ayZyutRHiWfG5rbl4CFeulQehgxeoOGTZs9kIgvzDuDcivaTXU68EWNOGbHAQkSZocdhaSRTNANrkylmrgDbDUOOsQ3pL4pVCC2T4bIrq4VFw6SKc7HzBYTxzoY/9YLTZ35ERKGjUGcP0zU0SXVufqij5sPXgOs/PHna7m9W1b3+nAR9ywfCG7VTUMMLdapP0xQhT1MIrRmN26NIFPSEsOCcKtGGYnCD6vj47A8ZakhvKeYOD1jij4VplrzsRYsxdjJ6zMSJG3V84NMaNQgfiDhSxvb+CXIUxZqHJPOBnLYVSMvTQHzPQaJo36tm79f/jTxj0f48Naz6gByDtMgWMvV9lYI3NsoifQ4cYKF4Uqo7au8VdvE0D9g6758N9Lij/ih9/Xa/KJiqx54KlYWzv84uixBh3rn7DQhaAQ7T8/KQG3du58QPXIIfJXNwAzcro7/Hm1Uo/3Feq88HHiFuvQpc+mezJyFPE17Wr3r2b3XkCj7wygzeNPZ0Khu/w0+SXEddfQXo6cfJrg8rb4ofjthr0BT+OoV8YdmXqMnJdXEIVlrkcC3vTPuRPMWHMV2Y47zMrPp2oEKFFPiTxelREZxMY3aHa8gWi9r65rB5OqHfVZUN20snaC4LLSrsghJxexILIwciDzDTtU8kshAea6LLg+jdGvyYYRV2+ipii+cnWMNRt7NxvHpecCD0mAwiWffviWnFVTykcRZZ0ACJxiIv9gu3sXgnXNbMFdd1COulsWOUAT6quVogVSrsJCExMvn0ecfcKxWBvfR+MfpxYoXql3VH25Omjr5rxl2A7PSVtJYKRSt3fUHm1foTfvIcVgMLn881GKAWAxoP3Bqt6OnbFK2frVQ9YEmlcVEWuy8QlT9qen7jpXnJBgyTRcuR0uzEkiFyghyYClq/TEWdV9AnVey3vGF7lVrhB3k5a//9XaeFHTHSShgkqScbEvACTM9TEA9cmjJECOzdZpSVjlNrRRdLdHe3Hudb7J3ALlIeytG+rRCvHbi1But3GRwPKzLfDDD9fU0Q9Oz5Tk4DRJ6rlqECyUJmXB84mtf9FrM/r214mv+MNGl9/GV/dQEUzxiEH6BWnJt8XIrCLEK6u/a7no/cCTHCX/u5vNEYQn2ybFcBVSxFwnrtQ2ganCS8wD5H4kJDEqD/8rWOOPNygx1Q3r04pCG3ba7mDSc6/yqwfBXgghlqt/+QN132R3tYAsK9PVMnfGvpt0ft7pJperWPMaEu5Srqytk7H1wlo0fDHzBRcI5r+yfweb94yqyZqPNLf71+9laumbqttLmcBsbO5mH8kbnQs/qEjTpuFvBXCLNWu2hyQ5768biN2N9gwe0EVXwJvHlvT0sVz5l6eqWnDiwqDWM2fd4aCS5c+8IxxqNS3oPdJeChp++mxp+LmBLVuIWEJ4SGedQlA3bUiuK1M9c2fC4ySVZNH36Vj9dk9w5+fTOnkBn0nF3JUjgwFDTuR+uKIH48VXD9H031+gDd+MMLl3OO6GLCkPTKrOSk6BWQaSph4SGsfwnITuGARk6NXOgC+k+78xjdEQKdvUE3onKKP+pnHCkwbFPvOfl28OZQDbKZxflbPFIB1obd1aUXTMOKA07/XegFaoQ9PlzR/dmnw2dxlO5ZeMRwW4yD3CTeW3nnY78+ccQuDpwg6Sf8PdYOhHVmwoVhq+jxxxK93lNiHu5GaWCd2Q0Lu1Hlr2F1CSIdChoKjWyUlp4VO0T7nBRtfspim6e04EPPuEARP67AL6uyCq3EO0ghmVn7QcO3tMCBevVGXXbdygz59x0CZO5yKkGF14GEILxVFW+VRR4nuIaGH97b7j48dSOMMqQIMR1/abDtgK2c9M6/q21K6CpHLbNU3hZtPCO+LRumd2Ndb+BuBLErSbjfT4Z3W8DlYxGal9yUQOeYgvRUWENS44WW85AC8L23ODTXjnE3UJKImuRlfuZAhIlO7bPECzng0GI7hMkelcVaz0bm5cbsP+APidq/6TdG36vkG09WfctuID//6/BzsjM6rDZ7qnVEonXXKoW8AtPMmnqk5Q95N25fTPkeKN1qMh3xvTpX31eAkUsVx1X+UnIj1h365/NJpjXi73lYAd7ZI08ZNeh0kYhXn4Avhz+w/v2uZZCFxdw8RH2PZCDSmDr+ygr1xJyPOv7eCqUhwLhF6irDRJqplw/9uDKUforF0Y3XYRLSbJ+zj38P/FnoKsVEyzFUQrIBDsdAbqp0f1CzFLWszudMBcZXCORUJYoWWpchH6+emcWqeyYDisw0PeIIo/18fVQiYHMHuxjLy2i5lX7yvzJ2JrWgFGopT/XHqX9Cji6P2F/fXHrHtjjb+JII2JG6JuByNdCTB0gbEjYWLeP2oVtLSu1QScRzf8gxud3P9+DP/FAC/DMVNoB83+RqIdT6D+bcAQWfP/d2wzaG8368fJfSONNe9Am3OLnne++0HIO+MIs3XRhkd6W6sVMyf2X52Xg1wGLqP2/rzc+7Grj68pFdsMJfv3oYUr6M0ecRKvd6/wqrS88LMj0pDQlKRQm0JFApdvpVwd+6vskSG1en/ptnelfqemNltnFqBRsqlL0dhxMlVwViZZUdO9/ss/lqvOPyNKFTk5fk6lXP6HX1VRJy9SVgpP6+9EdFrPqhvi/gFmG6IHsqgBhZ/2VGPA72hYMp1SHcBVx8W4sx5yfVYdPBNyYNTNsxbDu0Xpj/0WSilO4zGSaH+9dmcf2dDb1mcW5LyePTrGV2wOr9OsZaeAa5SET31RclWi337xjuq8f9e5YRf5XYpeOEg+l1A8eMKV7OI1k2kEdBT5TkGLaupBGqQTk3/YHag3JsmsqbCJ5yDdrreIW/fyayitNskkhBLT5o/yAtq28xxXUh7/cdM8Xh5xi8EbIp1s3eHP3JvVtpIkyuzFSU343vTtyWh2kuQ0gRZr0RamPihR9E44vJh/MKMBwsvioVjJKqwfwwiiNVFG9oKpEq9kzC90FgWHVlrAhDTIZZ/3ORy2xxcuQSPug6eahppWXPEWKpf9Lw2G7sS0JOmwC1TyQb+JCFRO+/8t5uDLjToDW+Ma7zkxj5w5Cq1/+4TkVs97xbIcca2WBUCrFPnLlq+yQndH1GUi8mbua6wOV6SUd1HakSg8a/WEy2+d797T19D5emf0KjUqDAn+lrzcLgQAnhn5YBQyyyGml/AziTIc2YEsItRiiTI0zHru0D3nYvPpuYcwUpJm4lcAV5+29KzV0w1odxIo3/b1PQSuOc+2uR8+4uPINrW+A9PjNhVMjqCc8Nl5//As13lve5BW8pa4KGI3LbcC1l1DHObRI2FxrDd91WLjcXo5cDb43MhhtTXW5hTi/2olWpEWHU19tdsW5KW7Bj6pXVWxdPXnv2eM148GHEqibCK/7Quy73zp/+OqshbYeEo73vvdnt3cVhQQIesF5FQm9NiT55sBz4Ufrxnc8owyRA233DRwT2HBMtaN7u/Ufz7mTWGXmPAExtGMGnLVUuE104vPR+uMIWSd3h/3fQczg64Z0X6jwh/8owdiEqfSsrKiZgtSi4vkYLEfNaeuEkeLiOs6Rn+FF932KI9k1H60mQU/YNS89WX3riB7nta6OsjPLjZhh0xuXf4KQbNzAM/P8zwblQjRy/X2RTjQymjYemgLbVrJg3vpn8mPRUrwmn3qzjO3cW6BeNPHRiDjNGcJ1YwJtQ9H7EfJIrycQ9l2Ni11LmuoCAztDpq2he3ZN+0D21BI74LA2BZb1M2Rp0Rd9b686SGBvn80gN0oPGZAvqlzYHf39kMRYtTopIBI5RvOowJdGuZxh6zVSs0PRZ+1WxRZg4QfkHIwxINpUVwu/5arHzMSeIkY0Z8EdmSqgflKu/rgtu37ny4bQdYHEyr9fVJ0KiVz2p8oNXJjLifajkg2S4wYxrUDrHtsBZiTJ9H54Z0ah2ve/Ovw7qjYgjcLkXSBuVnYBOO2tDa9JN3h5g28LO2Puh4PnFDXpMUoPD61mY84mm1q2jfRcuEUr8G3pfbIVVbBmovQ7JdND08Hf+OHJFoj/7z25CQ7r8lsfBaZdP1nTal4Y8XsUGEd5pnN036BGvG/yTcfn3IHr40xf86RJ8YHg+ofkeqHkUB8NqSvCAV0kVDYz0IFRrpkvrpLWbfJ1U63qoKtFVrl3dLgVAFJtQ/LHqOSx2f60XJrJcjYUBoZQy7GIfveltn/09oG59tMErxvQUixqpEPUFMaTH34Oa3QiBPOBhVWIBvYAHlCIPyYBP9UnKudDhGCGQFoxFo4wYpFl2h2qWxIYPO01/8bYxJzd19h3AR827BD6zQu2/51UhHLppotLIEBDDwRKNpu/iDoIM70bGC8rS+6KX7hCjadWzMUPuqF+qxA1GrQIPaeQ3L21JswY5vDpy8frWUI2wU6qXaSS54hvH1p3hXGhqVrxpplQSUiIJHkyiUi6pm/rEmLzb6KKuLYeizR4CEe4D6Oyi4lrM+sV/Hv04y6roM1aQ5mCaXgf7XDWlh/1aEgAZiUJ5/5gEv/zSphdKngamMyI/LBM2bYmbHITNzt4Ey0cEGAUGVV+cvv6R96i22gNFL7v3ult5F1z7+VQ/xbhrKkJGNPPHDAiBV1Q/5sN9H+VpKxZJ5g+ISBHjKQjb/C2NFj4UrfydpbJm/l/xl0EQfjI+EdQMxcGS74NXyRsVXAjn/w5ss1YAAaZbxDPKhQ7kffDOCnDRmKaXjJouPDqDZsUEqRroRUEGi73zkLtaS7TC2oevOyDpYlrTf3KecPDRm3pPnLRl4extuijxYIK5teWxd0NITlCCn2SDoc7LMGaxsIjE9DbWapHQCjlV8A4aKUocMS9QhJSMmJ89V41Ne+nIgwbOIgN9v0Z6biy7TxljH51kfk4BL/uc7AI4dGqgiUClAy1v0oMrktw1ASbHZhFZl1X4Vt+2BzjTjOn5mYOD1d1n/5b0LJDAUjTgBLEWc84DV3mjowZ66hZShEH6ZcN6yA9/ToCkgiAOMOfJPvYMuCKJ5MzJS/QhNFaref+ZSwedVulOVhCG7Qrk1+0ICum0+Z/MHWA8VjneuvF7+26VkbbgmN0z202ysxvk2onJa8H3yGowlEOJzJl4W4LXIhY2ZRKDNMP80CbRwsR3R9Md0qLpLm6QBuH5ePWZ1g99a43ygSJirRyWb02yRBdvy3sjChdQha4mVaPx+rH/XGctFPs5GFV1PkEzaD7GDnyoZQgtStbvE9idCsKibUj4iAqkACKjetz+O/52uAjFRbdYCaJMrg1ef8LSnQrPC3llt02NGHtH3O8I7wfiHu7kUN2HGum5hDy2wYGoLpd/5s1j3wrEJLaxTe/TTe/e+iW69/nDKdnCG+uKCogmiCZ856sVsMFFeZDqgXxZ3gcTf0OrswbizwcWpv3XGPU6JAWOqKUzbyaBb0uh7yA/KuAxPL6ou8m/IS6Jj2HJ8Tr/EPv5RYfJNPrdqr1N+NRIOPAd8TV5Sli9tCf3KmVdQW3LH90Lajfp5pjbrMr27eJxdRJ+w3KMozcAQ1vnjldj8F+3brRWX/8QM/XLn1vtnSUn4V/HxAwLRt/WD1VSzyPdnZgfIRlXrhjO1S6Wf1m8iFrXO61Dy7czanS6Phh8YPrlb/IPIrKmNGL/AF9weuye2LbBVSwsJZiidw+onq8/gSKfCIBkwAvfCv8MRNmm8eqylmLPlzH09c7M3z/dO4ETVJdaKD8pXnFftbd59iAq4RvikM4PE1Xu7bDxontGs00xiuVi2zvSedBT7Ly+dd8vixhbHaOCtaSduR7AwMQjIrwLzVIS/0fTeYdT/f9xP7PI+JpZOYmMMjKy4kNZJXVIGck8MrIyEjkfM3scoiRxjEpFOMmKjIxDqnMkOmbkxJETx3EcZxj3Ob/7vv9wOS6Xc12uz3m/ns/H6/0a/y0Xu7XSn1SXnz8PccRVHzuaICLshaiNPto0qenMwgsczBwob95SbeXDNY1LOeveLH9pZBYnFJfTOvmP77L3r92/l5lJefsvEWXUj5Civb6rfJCuUqFfJ77NXjSPcHx2He/ov+j9Q7Hb8Nqegvw9sEVqGy6W3RForNk3y0/StgDc8cqQh2urUUPpNtaAW4z6Dbj4fN/3sLOZLDHJgRfpI5WKpPtZ8YuL5JAvPBIfidf9XTGkIBnyckR9IB2068V4SjNzOqxwaD52PbsuSXet4uNOG1fsH/QapnVlGvweDKNebrV6CQ+QLSRb0jeYN/fOuwAmGxAWTNybsl5ra+LMDMFHt2ITQyzPS09n0O63iLiZvU8duNycGmJ041wfYNuEuTyNzaWv+UCax9H8TDZTMM/vxM1F0JTrzpVdXuNEJitAPLPg4gSx1ieKyDYr9fdfa/YmePB15yATS2L7pYlA5DXCpl4KoHuCXT9Pfc3JsBN5C4gz7HTSgbPu5yB5LIcjrVWBMZRM4KIEqp1DOrHYY6QSWsENxtRiDgmBVz9Z1mLuSLBIRLECs6fAycyY1NT/deaCOTLJ5P3X9BdmHoZf+txARgFFAlvTwEWJzWyhNzoh59TFd4awy2fSQMtS6A1oEnj/DiHSroT0N7QHmGXZUbFZAZzNl7t87OUo7gLzNU3ii1vfjA/gaTpNvKwD61AgXLbmE5s9s2d7A/2Bsv67NvDFpvsAiP9IV2fK/YJ/dFCE2x+hDf28wskRL4diJ/mlqdpcZn5skrg0yJ6hWXbzcmx7D1BuF7sluVx+ZmjEipG/mjK8mkv1/mfyxOpd/kzLE6W0TpPH5RcfZ6lXboR/+f70hs8Fn5V2SWhd0a39CX+jYf6Hjzh36xRcLwE2q0PLkRrDJ8mxOQqu5qGlyiQM4U3nn/Tm3Wvfp9hl2Do0h0YMu/NI0IyTSehBFHPsxGzsnNQZHeHeafsEsKvuLQZZ6lDdwmT57pmTS44ePP2Ai10v9PLeXXfX8me1iqa/devgcQf9eHHaLOteLEUrWOTfjxFgy8WRZ1UQ2AgiwslT8s65eWSkUCbVTKuHJUQ7RqTM0MoepHqEay9QkhFqXfXsFqEvgt+BnxoYIZot4+/loJgF5nmHsnRj19YkVJ6fR4eHerF4Pu86FyI5RhxXvWPwedVX6g6G73UzeuFdd3TZUlsPkO5Gfq1p/Kf5fD8H80GG6rzKA7QAs64QhRiyPnGlESHnPG8TQgusRpK/eyP1b/gSmzreBhEdXWYW+Rn5I3S0RT7yhj1h7EbCpBF1uHr5V6EbaAuxaIAInAxx1Wxf1OIA6/H4AwYN3gNrAkW7PjxvKDNZJ8FHk/WLPi2nxu63ZD+rzaSmp/PWLO7toUnziXrXpO5zjvdBe1V0xOYKJuX2VAloEv59aw9ge/sVabnO3KzklTZD/Lbls0TMkOIr/Rgt+b8onm2wXW68Q6PPzazfe48q1lYUZ7HNzUAX3qsK3r5MqswFxNRlQJOydTI3wy7qO1H3YhpQfIagiJamhfMmvPy7gOCiFjj+IKEL9ZG/Q6nanBBnNVWi9o4RYkXzbNAG6gBwNRuToFx+rnl42eEu2YgiI5l7CdkMG1pmqKwvWrM4BPu6fgc617cF/YXu6nmJuzld08NOPw/Hn9koXBdrq2kxW3v9i/dWaUJiuidDUgJgCD3qeuqdCy9SRibpkCdfKCBHlYf8zxvDu86uyNBP/2AFxO6YPPizMwwaPEF+HP2Q2dO4ewGoPpj5ftK/r2uM5mcrV06QT2VOYQZ2Pfsrrq5rvNJ+Aod7HxxGl1iveeoOoVUX5Hks/3o9N6Iu/Lst587IZ3qtj7q+0iELnEwtO779s/PF26lXwWh9yCLc2YU36F61Rtg4I9imRMupera/zHwOQmzvfxgvcCoVeJF+/33e0Z541Xhvev69v5j1B7dfNLl/wDoh97+sJaoUU81x6b0u2DbAj1tPqTsgEmeh0iGHwui6jH9OjPuxivmr3OlLUFSESDODDXyQ9tvKnc+aGU8GXGsxe8tu+b8sShVb/kQafow8GxE2o94yrGk8HrU4JaEEGekdgRlKqlkBAznw0EJ9iCKVT3rYrIYSt6BML2+7dhOXfjlmtv9F4XR4dKCir0ZI2rPxqE8jkNjHuaap5sDjRrQnUsPWJGRVO8U0gv9gnNx8nlsj+hcfceNnd6f9KxsO473jPNameZNXMJfJxI7ydPCXf9gY+krcZ/SL/cZrn9LXX/ZVjS7fyTkAxMpQFCZjpOLDbUgxdvxre8Zp6eeQt9o6FiNmZgN5skPrszkhPPQo95HFRLj+7/LyUksl/NilUHJ4HtyF4XYAkgT/fBqv2EonWpVUDh9X7vF/8mRFJlQQvgaJdbmsRlXjpqqZd0C9GxFqNBbLSc6jrb8ZE6uTkDvkRaE/GxcbUo4fzMMNyh9qzZ39hdPX/BO6+OusG37ubEhB3Nq73CsMs2mC6b2HusNrCVhDJvP24V8bCP6FaddgxdbZQNkSUkKLyMa9gh1P+kK4UGMF3GXHLMQ7XPDkg4Gt+tPwEf2+nCMDQKwmCmPujFNJO8MsWj+am8VVbR+3e5IWqlbOTrg2HsIvHjlyucocmfrq0jRciuKg3GFICfxvX7Y8B9lXgSnka9q49kmdFyyf0i985n+H0BRiLHOSPRiTH1RedM2CKxE25VKA7sY7hE2xw1aAyY1SaJO7DCWw3hypJMjgVsoVwapcNYdoTz+SS3o8fJ8wdjLVB1lQNe7/oAeQo58mNGEOgKqkSbOiZtYPLKy6Qxij/pcOhJwgbnYKMVgfxS5e4ubbynG0DNN+xqKS5UY8oItYtBwzIATYeSdNHT2eAjGeHqjyQX67oZ6POLNWUF9TegAZxUcjFECBVCBMbl3qwv7ax9hO2ArGYACO+9WAqYjYm4Zu96fHH2sfrsAg+f5XPaTNYVbug/TgZEaprCx99ZxrVSYuRN3P/iQfMV0lIxDjpTYsmmcmxel9rL/UHzUkysdUfyTq6Ih0OcFPcjh+ByHHDzqZvBEOoVcO+W/BOPfyR2SHlu+Z0mcalDKVf/rb0yzm0Bkn5XYeHKbAMsHO52pa91hQokh1mAKV7xslQySY10YbMeJ8TDvdXkDXl+g4IMK+mK5XOElD9QCHxUmLnEyXZKSQywZV6It9L+bEl1vzy1lFnJ8grdPx6lgoh1t8lVWtcCrw+R9Rnx/+I2N6R42xMK8yhWxlWDIjiX19KOh7brDqaebI12/H3qwEFji6/MDr9QHZqpTAh70o6GIU+d3iE7dtuYmudj7663M9K36NEIPAyfCJnkXynz2ZNQdvRHfhKifTN3/66jCyNc0H6TVHqrY8GH8+xukSFs3BfM8ePNqIiJhTSvVG2u8+Y+l5Ztii3P/r5IXlgdGncDVv+dbUOHGLyhQU8pB1uTQF1Q+8PTE/dgPijF22DNoJPx0gAwpYRU9/Rzrb/o9TpobMS6V51e0GPx51qrqBDHn1PUHrjZBR8m3vlW/+Hapk6Ue5t/F3g1PGSL1hNRuLE5sEOZAfk2v6IGvX8c5+K3OD1FP9Suc411w1psffTr9z8kfOjwsKCpDHGzduN6pCbx+miMWKzomgF0zJpzt51wZT3PUrvjiPkPpbT21s5Vhaapol6sP0q2/WPHoFBGvFguSW7rNBc4RFAWbbYZDfeOHWBGFRiLLRuIAWZYhz09s44uULFzeeFfPxfuDJNbOWw2uL6vQCCKMDyFN5GsBY3Q24zgah3w439HM04byOfvTRfr8PxH9zmmT2ccSZgZB2SHdK/0sobFNsLvX2hkM+xqP7xpM1pqcJzTJyp9ZD9bM+eES4GycrATxNtPW84j9UE1GcKkp29UuG/2Y55r7rhZhtXvxm4RlyZQJCglBdio88wu4+m/uFTMfQ7K7JRB/a+nTP2/rTxbppZGqvQxzJrlvKhLZyMwLZISVxP9hy6xwedvhs4l9FxEPmeBQZVaa8fc9V7mze2FMM5dh3ORqW6Qx5eoE/dgjcbIwywe2rfqaezUlIf1EVj3coWk849ChNTjFsXbx9X7nBnxcsoteLqLh2yIbEVoeEIaKmEnm59Oc//TlFK8Pcmr2ilgokLFskAb0orvi99TDPCkZOdOyceFtGkd77dg2d6qN/Le9al2Z6erXsjz2xIMsO6yTBXfD6SKcbFNyyqwSjbvRyjANBkQM5bz11NyLW4g6MpfhuoMxqJWLgQXHXeM1r1pF6f8YHuSRDpSPNHp95nf581Js2G4r+c2lAd9KqANM8c8qw5C7P+n5+9oRi5MZVEQWkGweYJUbfcZ+C47EIo9PqR9bhyJEuFcI27668mjzRoqsmoXVxp15kyGPmgH8xfXHQWiiEzM8F1tkjHHGwto/YRhv6+o6VScAqKvEsXefThji1/+zF5AQFb4Q2zwPT6bff1TFdulLUIkTCc0TZC2yNr/Cvy+lSJ0mzMa8E2uFZD37Ld4gwfsw+zUpPb0CbnVX3dnQ/SV4ZKsDMljk/NDwHRL2rLU2Gc1MK8jGmH1saXw3VtNKvFQvRKc7vxLafvqcF9NjwpQJxDn4ZafDPAtM11gfh1wgwQXioGnXD9/NqWCIor3mbuMhBQ732nlfB6O9d6OKO/1YMuUcoZgkT7zWpBJImff2phs6ffZdBpV8XrwYXAiyp2T/WPqbvs7o/+anFcKbbSarrRXSqtxvjulQLPd97MDsZ0sH83y4T12SbDza9zOIXr0obn84kiEuQMke5WFrpwk0etUDy1I3WdPGDSzIVmOCHrqKUEoUKTBQHyE2eBFItkEflWJyi62CO9MQG1CQCmaKUi3h2gZM7J7s3fdFViuyNTW+lq2LRCVAlTmqOH1uLOMAbaxJN7uIMpVNY/weJgLcc47kq1v9JImAhTVp4C1hY1iJ6gOD6oPyALWkC7m9kmxkauF0NNUsD8U6QPJBBsif0NSLM2WM7HzZCtUypRn49ALpDl1DtBYkdvBS4Hcuy8+5359NhSM2dOi6zMlc5LELogHS+cMesyHZnYb23/OH5PnL0fXRn65UoJUgYGkP41WyQ9+g88jdAeiHcl0u9J6suiVVBlB3OBllYo/a/bWGJ7FvxmV727bq7Rg/C5I9VgbCVqTuIGyHuXrAunFaJ49p8w5VdGz4jpkFK5z8nx5GRBX92jmWYUA+A5psWyEfHBRgZdfdz/L8udv5Lr0Lm7v8hsaDHhPzOc5h52vr9rj1F98PDROB/PMPBtLuTDMZTdJDkq71QCVMa6hMgNI+WpoqU/OOgjrLnghb0Qou446tyPcPCcEd+is4vi/B2X7GE50mErfvO+/vNC34R/DO/bHCUhko0u0JCdISYWaXF47Y206aN/nr7R7sOAr/fHTAb5adsOFdA9aGRSaAqRYSQnox89dJ/iJ6TCERceYNN12danjFN+/W3vC9t25lLnP5MqfsU8g7PfZPcGlz6TWANg4LKtHfpZ+x8lBzyb9clKh6HQe5+q22unK1p7pq1CWUXSC/Zc8SfN6J4E9A8VIdRqGwImxlPMgJHqq/EXsTVtFV15rovjblTc8wNKqFBXBRUxhnKcA12eamgAjyxa+hxf+dMhbC7elu8xhEFkXBV5pbxtd1olTcCuPQ3FiyK0V1qcv9809lS8rOgSVrSqaa7uRI/N4m4R+ESi/rPek8VOm4QGkHVn/cg8sR7hyTSjqrs/1Oj5QwnY1wC0/yemZstCpYcq6pAblCGw7Liv53uXxQLF5hTFKry2S+LqRixnpkO15Bfa+cZTz9R2GohYq6c8H32zWhNfyUiPRew4gGzXo8vazeJR02sShockLg8cwAQ0nVfHv5JkZMve5aLVik/92gYHwf66KcJlGTPQAFfDSBB3CIbkQwnTR403J9bvRBASG+bskqBP9y57Z20nmC/l+lH85+dUP2JP2pCOQ/FAXLoAii6naRjBQQ5NO/z5sF5ZdlXJ+0YkSF/u9uV+dCvSCPK6B5wJKQasb2tJKb6wSjT1oK6kLTmZt8ydnJme1zH5HuIKZ0W/SmOFk8Of/GQ+Vrs/kzf2rLd2uHL+QiDTAyuScDBCTFkOdAoUHT0SdpBJsR6qzJdhGQhc1/dKJfwsTg/fMN4r60E8ehgw7xZ31X7QKxIHmhdoteihk3vgtPCrx2Nymj+GLuVYUEPc1LYw0rjwm52zN4A/9eChj66d4lBfG20KpYVR75FcOSPJ6B/5ZlcAJM/oExHq0cuZdyvB/x49fqrDsBqWdAymYUWYZiMVLKQ24VdGiCCtek1Jf/ZqhpP90GG8LJ7hDGh7rVQMSLfi8DbmaA4ocn59tbkNvxwsPI6+o2zRfgGRQ2PX/r9+c+IlZCGZiEeTxopq/G0snfRDKLQm44hzUJKMSFZ8CIsJqin8SZcNxczMLpeMDLAYuX89ZVnN2923eH3d262mvhu3Ub5v3sEfk7xkuAXQ3Nelqgq82ec+DMomfvxu3rG07m4j6P9c3F98h2D/XNVPgbUNB57lDcPyoHowzMqlQR2jfktfSF+eXcJ1V/2C1wr0TgWXMJDRS67Lx90e549hH6tfZP3B+xg3PMnvXLF9oiLEfxxljpWcoiFz/xbUoViP2Ac4LOQVVRO96GzZYHTl6nC8ah1j+7QDgNe0LIUM/pZji71bkt1Dhcu92LJZtFM47GiZ+n1+/i+CmEbgD415pvEzq5pugkO+csiOOEu4njY3O8+9gy0uItVrnLHIVP4vggpqGBGQT5UvVwm6oHVQbiLHBdSDob0FtanDovuzAQRC2WrO+16EOg2MWklfb4d4pZU3I7/w/PkzRFYFHFRCXE/J29YF1c4vqQdM71fYHLD9w5+0ep+nXN33jKaGFs3VJGhLM/VV3wRl54C8W+EQg4Txxa1YqI8s346N5xL/bc6FN7PT/NtHbA5DxSM2CtcTQOyXU+Gig35MzklbwUfSWdvuqv/wS6lfWPNh2+KfGlEmTwhA0Zv6kMEGSSUe/O2PWGzgx9UJS9g/U2g73lB+AnCok0Sy2QzbfgJug+b6dxyct/Q0UcZjyyQKXIMvfwK4UtfvNhBT3qoyhyi37J6ISNgi6/gBshiqpMVUMep32I/05+t9aGEU4CPQ1OXDoIxtVBheS5KrLM5pHnUZgCIeuB8BGwSll0Yd/0ElKk3Qm14wfcOHkejcMtizbM1H7njp4Jw6MR4oInTzHh+7IpwXE7b8vs9HSF4zBim5mLIdzUK3RAVEsaQYyqh/i1OYOy2H4/9Q94DJzeI92eh5Omuuqgb5pBSl6/s6UZ4KfakoiEc+g0rtPKw4iqitrpTHD/WJd7d6RY4MQMr/culLt7mX3IEstJPSketWPVzJ+AsIEfcQKezAVuuQT3AqnojhpcD1N9zzs6KH9qVvPJu4S6wFMRvZTYnt7vDEEUD1RqNiPrZmidp4DWS45fOWbQQ88K8/5uax4GuXkhXXiKM2yzyaw+iOEMgXonYNMTJVI/mZR4iNdW9nyA1VXFzmQUB0ymuSeI7zyNJFqJTho9UVMcV9oYlKDCp9T9fArQkqNixpM+xP/XY+c2rIhL73DcHr7avoPdFH2fZE5qu9UA+aG59vOAkBD7O8kOe4GSov76XR0TChvy1R6TTQMlsEY/soLLjxSpeofRTuL0R0Xn40aQQO+vQsofUssz7YIIgU4kRlK/iYKzlMAh8v3tFuhEjw8PkDpy3ycwBv/QIDwDex6MSmsSP0viWHHqhjdzxAjibEFolLt3XX+wwUfEdurHbxovdQc9hFpsUh3+FVbFPBuBIBfmzhDGXT0DuXZRaOB+TezL44rkhw0nVXVvfj98pzXq3ipFxM4SPk/IxhMhFXiugNf/O3knbu/wWBUIiJGK7sMfu735cfZNr3j+yXERes+XNzoJviZgyAdmhfWLLptq+10BlLaFRna8Z3b/wAkjfsMMoxlTuX4wRMs19WK0ZQLAJbDzdB3zArmJXPZUg94ROqDKkCzKuKv528LHkDCOzSHbnVtHOvzeruYATTkW4AnGUPCxI0DVlvarNBTRhSPVEDCgYL8cBscgW5gKcjUgFN+Ae5REFzTTu3Mn0sn/330kiv6ybYQolIZJZ8KcJKZGQj7khj/ay//2xXeInTzpX6jk9ThD0uPX3N8og2b6RWhPT5aoSAzfl19plX51N4MeSjiP/cNLrCvOh3DYAV3Q1rSKAJrBwGThJlgbPm9VfOgd0yw7evfzeHCjUwzvesAbajT5k+7CEl/bIrsuDvCWI8Nfw1QP6rrxzeAAoYh7CfvJIbOOOrgpg03PPPG9Ml4NcGkVIx3JYDYd/8Nq3NJleNsxKk7P4ilLBRgxLf8nuylosDp2G5Azon/3LWb7SdhBIKZw3JSanbLgvu/w/qpmbjX5Hbd1YRbzTN5ziv9fgOeJLiNxcumxAiZVq7ZEwnRTug4TJOb1b+n5lXxy5e9TKVF+XsNmYAjH+VEv85EQSDEl/3duMqvCQ+CL4KuuROA3L7eSYhMgBaUOafNuEG+BtHfYyXCWimPJTOH7DvVR2fMIb0uEEsVHsHFrZ9bleCW20qkUMH2rYDaPDbpVlGbbc0QwtgDg51v+5XAq1tT35PazGpz9Lj1soQhGZfte3WIK6Idie6Z0waz74rzN0i6N+4CvsLTBcu0Pa9juIQ2fcPb5bFrQ6LEqlubWu+x6mDoULbfneqJCP7+KOvBlIZJfumkOKvRBiIYCQN6I7JX/kHnMyuONvb/R833RLWzTl4Eub4PSuLv+wZDOiG51Ujdg4U8/DN2Aq7Te/XFK+utGvdaqgIZeHHIguEL7kNGQjPTl+5rzSQw7I47Xpi9GEAlZ8/HYMCSr5aQD8ZCOlKRbsSP+XXcMr71AgnC0AlyIbvRzIBWdw/nB4Gme8yWBhztn2OdhM5jG60fWYL6NofkSmYuZHLUSQFevc3PD1eiB0TFxayqMX1jOxIs/VMlMwGHOLgBJOB1x9kHOnHF6N6MTkueTxT0dG2hULwA3JC65ZZAGGukMBdCDk8AmCLuSRZakw5ua1yV5Z8KTNbuZJBznGtcynVhPsxTLPkm6L0xvtLO5ygLft8U1x7/jB2/wEx+wW+its+nEIDyPHxp0XHLyI9Wc54OpYoQyU+0mKdFIPlxzjNNGiUrgPeP/VX1Umv/HROWRvgFci8H60JvzLAQ7QkORQAb2jngrsurx3QnaxnIoi5IQ4/TSx2hy5aGrFkg4+ZpQzShgy/cILWR/jyZcC6FBXvpC94f5JoDHqCQyZJ0pd8coCgcu3G3yQUAmCog2P2T+BwKDwcu1/xDsIedr7Fz02z0N4+eiM6SvVmFqtb22yIDlihPZKmXnWjnHw7lx/sURSwykSXHFAiK0VT7whtQ4e1kTYmc+rR1SsY2/JMtmNfN+bxdtD1aKnJpD47YfmAeFCcY/v8+94B8doB8W2C98AfQnVeSSdXsCbk4F98PFbU+qMjcjx1YtLhat7V7omFgYMadJqPZgAPvYwjDr2tb0FCsPNx9xxsDMbZKGXphdEeucLGa/tw/6+JVrQCH1VLL9jT2zqGTkQL8eCtKKfOqNrvpydUjTXc9SfjqTFlOciX1HUTXeBnS+h+Xn2Waz3XPxvz9f074g0pXD2MeTpieATywezRpTwTT8OxD/mJ/YpsoCAh+J6sgIjyg9eeEzzwF6FpgDZapTXcY/r5BikZ3649PNIK3Hmj0z0DLkY1YDxnb8qiBNdPWt2+1RttLxR5jfLT2Z8nMxnAvOwzi+NCP74ZOI0qK/3v7yY8KXGNFD/bApYlIZUXmIvxQDZfdMmt7e1uYCTlEBeuUD1CoR4hLGuwqESFfGZMZdkIPdfPkKIaThLFHuupKhbKfKderAT6nlpH5Aj7JX8mQueTAMMQmfatCqEZacf7Rk4WSE/NXXXpfv/VI2hGh9o2EOz5CFyCdYRhV1WtxXOsXjHDQbri75DXtzTUiwsn+jutWto2reTGUz37EHrQn8392qr4rIftFwSMONCOhy5ToJlwgc9JUaxwiEM77A3iI9DP8OLaX+6V37Bl+fRw9YQXWLf6UQeijaXmeO782Zq6i+xaJGdYQ1C4chb4DFWRasX83HQzEhqbOvztbnfjsFT14uewjn6mN/8vprSqH2dQRsKw8dQZ/Z5N8IMzsfQv+McusSj8f/RgxUn3Sr19J1ieLSKX+fu12IP8QSBOcul0YloZ8UNn2xpUbJrlk+ZnALSXYYsHZ2Ru3pSm6xqAZy4XICJrSmF25YoIDN/fqlE8JAcqlKAtEWBoC1v9KtLxDa87lLyoUl/9JsRyYxRAfpNP/SAKJ7mEkMKNJneVsrKh22VVl+Z76DXaJ/4qyNU3jEw9SNH1lToFNrnw/d/hFS9Tly4LGTsQum0XSVUJ+hu9b9QD64r71oM1uXjSD+0vGnRZHkqo+B+nyA4Mw02nhGFdczdECNHv0gNmTdldnx5KJSP6cuL9yjf5frcQMyB8MLzTjSf9L5ifkadstzjH1KRBlKw6OfDNQBk9sV5SBJItI45o+cDmSI6jnAyf6AgC1ZjTxrkGAFvAWZZ8FZlCFA6vN3+B611RxF641pMvTvUasnstYvMXa6tg6Yuix9mFDvI8gw9b6SBYJdCoEvnIm/wPglt52Eq7zisFVfcCk/F/xkPv/vWU7LR5pwxx5U8Fh5QL2jLTr/Q4zJKvU+EZd2Xe79F8EJIzw1rE7WTgHqvclWVCoRjiKnyZEgOBFP/oaQFDOPQ/vqrqqHyDmL9gz8r2BvyML4sYVU0LepUu88ISVTnVdNy3GnQTYmYhxxI9XwoM3fop0IOWoS84pMLd8kZqqmJHEp/gXTNZpGEOF7xKVycoPtEEVnDC7k1yoG8OQDk2cTOXiIuitLatVBQqnWsUTp4xU9yTyMprbylYPWBpPy9dx92bpJZ+BCO0EavXZqBtUhIi9ITrHitTZZE3lmZ7klKizt8hvU8fi1KHaYcmixa0aOuvNBj1plXfhshfa66/qoRpmFUjo+yK5ZgmX1WlDWlvH6VwpKeEnQF9M9ROfodQh86+vqkkaM5UlqUUqLM5qCTlMm35sjMV8025siPopTJ2nMQfvYNyhRclTLpLwwWWUMSsuAso5G36oNdPpYOCAoJOlQKZ3OCQsLXUCyKOEk1+g7JDSyFqodtemNtQrZWspVta4UvjlV/HJ4qbWZ0nrgBzl2twIQz2UmqD6g7RIuI88mAADPKG7ucQvt2kkrH8jOVVHE11Q9A49OE6iQID101UKsHAcgx3xf68MbL9eOI1XkrOpyQNPjQz36be+AznJ8ECIDhL3OZ3XmYvq/U2FvRxM87z28chm/xXtCR84HYVHeSOZkuueSHKOgV61gH/Fje868jjXePS9/gb5EeSBoo7xFNiotSLOvcKqhEiCmW2VUiHN8Cylj0ihPSOVaV5NCIsT5MbMqcOVg6tNvULgBZsbKJs3rIvHOqPcz54abfw4R7Au1H4zX4c1RvB1DV/PJAcXYDB58old7HyW5hvq1tSnXoRdSkgVK0jR89wkG0jfcHzV6yp1Dx7LIEIomDOaTtgzxhTXScocT7K34ksFw4NPyZPF1xApQ+0QNN449fOnPllnaKWX3LrtQoNNo6Tm0+nQPJy8l40rIfMOTP53aCW/yO9CVuioOzmei+77vvN/EOKIwVL/iYdhtrcxgNZHNTXC0ds5/7iU5Ce2b4hw2p08fmbe/ifq9OWxzVbSscv/suFdwRxKGFDS9OCIqzaADnfzn/gNnViRJviJp3mj2B9S99VWYP7+OnZp72gkjyMVULUJgritTA2wiwKBoZUED0gtiwR1f/ZoUqjdcKOnkjWLRSfQtDiXu4x+aisXsYegLy2cNRLHlG48G2H/OeOfLLNKFbj5fuFpx4b3uWRIyUYoWfnrihQO2W1arhC0fk1xeGSfQtOf5oxDnEn8yXYZr+WQbFjwyePDIo+fPP5+/RusyPaZKHC+3fewp0pil/8hcPa7/zg+AYsXP9zEmGA1k2ofDjc2lyQQVCs/494wK2pki7MNYOhQisZTmlz4e0xuzGfPjj5XqQzi8PszjgkcopUmHfS6R6JcKCVJ1YJueD7EiNl+OEJMH9bDWAsS0NoOFyu/la3NzvzW+v3A2xHw7TjxJMfXfy72kAUdeclxCex3cTPBVbKrU+jTy2FE8xNrIBOk4VWRvSTSQ+//ik+Ee20usrwv5021GTLqm84ht2NqP6lapToQVp8A91yf4GiuRJTQXkLie9PwKv+1kCb6Ez3DVsg4DXB8E66p7C6xoRYrmAOtElyioB/t2KN3sJm25Az19cGzqsqqMqsv7FJAVVUCzyyDLvT6suEfHxd0ypWt7HEv3S+yZOLSUimTGM4sv4FkBovXJ5aGOGmzG02MGr3FP7SyTC02oxNXrh1VTYqfoXz39PfC3d3mn+wg76irlO1PhnDSBvlzxDNwuzB8y64jdPJ0Om/m4yOpEOuw1XpLYuHqDfol7+stGQ9odj/C7OxqDl0iCQ5sS+Rg94dQ4SR3QUKw1kkXCtdhh5UrYul3QVHVuwuT1KqECsvmVbRU9HzzrK25znl2Xv6CqKqf1sWDZ+U/FP/d7elYEkmqzcN4HuzHszQ+hceI7047RBi4tD9+fxgtQnw4V+SHGyVPejzCA+2TuBVteVGsgDXy/HNw7H2KSaHi+wvfm/K/XBtu8TMEtTE78QYOKVymEcLHhzWORvpZSKuW3ovLwFFzTPCyGpys7J319p+XiuZ2H9PCHo1T9S65qZ+mzf2+CY3/uPDiOyT3BcfOniABwXumUA6XV0n1jIfFx70xwozW9Y9JM/hVdEEH2G/Ev54eVEVKENByvUrjSnozlIC0bmEdjnA8uN3HCfEwSxGgWkAvrHzCnioh4tXJIpcA+GDIZBpuY23XzuL/wqtA+gOIjL3Pe6vlCAuvVo+coCCg3Zkrr3Oyk9S56rj/Wy0XUXMOENjk3xbTf+dMrX8YMji8y3XFM/zT5efNGbcIsD/m76N0tyVMmZN5MNjhcTBqPDCU09B8AlFMqd5fmUkZ8dmngoCyHA9eovFZhrggziUzsnfnaSrDzTd9ciBYgzpLxu2jb44SADVqEr6xOBrSo1ivRXlkPfrZ63ScLsFRzCmZ03hwAtp+YrpKatKjEKQuDfwwRHpDeLDLD6EGmGwH9vAYWr7DN2oxbqObekaIE0zIPrES3cwPu/NfjonWDdQddmJ+S964Tq3LXfLCY4otIIVTlKpasmtdIC/gFHBedt+gCkFAohtPPe0TmOomiTZOLUZsNnA1jPK+YLm5apVWD0GSaMXy8mhAV24v4zgDs/PtoUjLxeUnke8mFJnB3uGWqHSYv8VNTt7XBe5vsjQavOXqs7OsGKtpwJ9w/POAq4qOZG3PDNOEpBBWyhpJaL/tDqZ25vseLw1vGT1NjLfYAxYdPYBhBnBseW+QdJAxOnkme6ZYeNkfDyX+wVAxakxQNMwhRo8hWF4IwXJ/RRsy/OowttBoCrHawQr+0F4Y3v1CPpYi7JLJ+AQbRMqa4EJarrb8W1OC7aqELDw8bdrXe88U6xixTCeuPa6r8n13+luQrqiMg8+1SVCHGkLVb8U7EhqGQ/Rp7g3CFgVGq4jA78RqUDFIpoEviDlj0msHuH2PQkCSIESo5tuHcto568LD8AcDLVjzOzVaksTS3qAd5PqvAdDlI+/v676zPP708NmKosHA6r67nyMPtnZYbKKELlnJHnMxZ+m+WBeQdJvJA08IKTmzdy8EYH5n4SqG+YAiYfhSFJXvLuHVAxwR0XH6QyFed/z1HkIFsL2pPiniUBSi2OgvnhVdo6UMNEQEWjAqFG5ftelQ5IR8F/llUL6qN+XoP/Hhze9oubrxQO8RmiLUvOSYul+ruFpN3DfCT9lR2Zw941ZIeNvm99QV4mHoROWciVjMHOfxcNYzfSZmUxJZx0X79Rqi6wI1e+joKcSEMmY175At8G32ycv9/0LAn5y84nDf5cxOPFjzbDrqDfd5N47Hx4wXdjBNh3EowffBdAi7Wahf4pWTDUtEC6fjuz6zvJWeTWtlxvxZD/AUbEYexE2ljH9ucPbfdBSWTVWMNC80V/7cqf13Bd+zk7eZsFARvDKdrunHTc3rZEKLjPQ6U72ViWiHLS8eridKIoc3zkRw8rwFd55QrbN4bLiu/BpTyCga8c5MmAZDj1zVANtxWg6IsvvFC+XmNvew4QExjy/30r0LeYg273PR8aePTHiDx5+M2oTRIQPaowUCcLunRMEnzFldFLqOl6HMRTg2Vb6zpBFa7se8qfav6dFF/pLJRbX/wnCwosdnRO0uqVJqjWbr+youfyiqdCLSnD2cQzSluDHxNMCyuhAQGvZBkmwW7NJ47ihPv2RjoatEyXE0j0TWYO0RyZzrdb9HTL9PPuOMc6Yl/k8N9rgze73zyBvtNvNA6jiGD9U8Kjim/VQgXda6FPWF+Xz5TKXsSpXOgFqsZrwjUsD6rBOsUJsDww6i3ghKsJNJWLHxEu3Tmp+M798EwnKPtaTa3drD5b6Z/1yXqPSwNQR1X8UJk+soMDLh+A30w8h5z3DlR/P65yx16mC/lkUF6Xgip8qJIL4FHl0bLOLbvJeInr4bfKzHSOf/WCJsrv4PmJlcU8GW1TE7DwEm/1x33aN7+1kIlRd0rGGtFSR57C7bwR2kJeCK4fMPk8eM/v0iRT/KopbcCYIXN7erueKXxp2+vUkXiWRXqs3G7BKSrrPhJqmmxQlVeJw6uaTMBvtRRAu765XWi5oYisv1oKFeZjUGas3pVapcPvr58Y5qRTzFTPF2C8+15pqv0dqjcUncJH2h0EI7LA8q71Rqh8DpnR6oNERZk4w1+i+5tU9U4KYbaFzDZujliFncKUne+DyZ8y2cN3r7Vd9513MqVJt/3RQOR/3eBk9lR7urw8hauxL+62v79mG6HumkteaBeEF9kTmlzMWUakRcPLeyj9VrkQo7N9EZoGqlIqX58cjL6e+fTcxMqrl5ZJLDstVYmxHGU3H4Zsvv5ocwz5kZ8sglW5kQbAlAi6tinAQT3CYoKXYR8gzjhNVKyAzvcqKGP9/8vmZxl5L6zKhZz1qyiE+/88EqFe2bYU+kye0Xm3roaDSfHC2cgujLt/AmTILHobt0oHf4h4sAy8KMuz9wBHB1Qb8uom01uZ9kTFO9Aq8WiPOElTWmCNlZXZEt1uNizoKBdR+wBE8h2SftFHFv4Mu+Q7S9CnEyIJ/2AhMzgVhMH0ctiaGFbFsW4Jh476Xwlt4Ha4BPNJHjlClB3Vb6v0QE/xwy9YP8LPw8IdvLy1ga5Mv0pRrTji4qtxFa3Be3/8ahE5oL5xD1AqiEs/DzH+HqQbsq0wab326y2+y9Nas9Sya06ElwRLBQNYeICR84JAN6MhWaBf3K0k8PnQYqdkzKYqIiV1TnkezcmU6kUcpYjO+xu1h/2My2d+P+w/GJ9y1zOsz44/XsbPy6NQ/Mvhl0PLaRkwWqEGZREfoHWWpOgUX5IDj5E8xeQnK7jWeSHNheCS2dHIgWAz6ezdh9IUV+K9pIauI+9/nE230rv7yJ7Qh8KcH/3b1Dihpn7M1eUsx2Zt+eDD+zb5Latc8/AQ3G+upoDZjcg7UxnRO5SL/2XY5HYvmCTsxooz+3nymSYZMOT48aDnQzj/shnSGI57h3t1AYGa9c8W5dsJDuF8YIBCA/y0Sc0Bw28jQjt64z79wF/DBj9GNJLYIw+jPsTEFs0oL3MSK4Sv/LQZvMgBynlDaiqg/8mZQ2RTgRW0rIeh/I0Sn4c2mjYTkftfIrZbD8owZtoK0rrDZvsnL/0k3d/+SiL8x9dQzlwYX1ftPHgClXawpkIYFIshSMcIG+YtGxMt95ZW7eu2bPWkOvl2j0AsLWesZmjMPHDxQeU/FfdOhd3tMrtO7RgtD/7KMKLnndNd2a20IvGhmgcSlOGqUZv4prm7hOowysKdYx3YZWOPcttpkFKrOTZEH6vv4AY9RsuuPBqMmVy+1bQpfWN4L0CrZhqMald4uy2z6csB95NOQojQL7A8vGYhs4D1xs+eCiBWfm4MZ1yQC5nMa6bZZ2xC5ZtpqkMHzcDcIE8wp2z8l7mSFWAkN27VVPbAp9JUwlaxMfiuydV6hfLaPYCft9lyAZM2P4B8WRWwGqs85K9hIk2eFFjvWuCkE9/bALcLoSa2V/G6V84DTosfvjyFi+N16R+MKKhPQOwhkGjz31ML5EO8Ie03tomELHoubzF2Arf4SlvDVFEs/WG9l62LXBddQ+7P2b3UmgQX2zy6COlvHPdcCrRpsU2R0Dd4r2A1NvVZov+6BWmt6zC0GZco7QZ952Q4JXSvwXNsBrusMAff/zsYfyhUms4ca34cDSxvLm+L/8VF8IN7/+ZruNvLPEo3xU6+/ZsMfC31ufjVljbWLfOYHjnfVyGcyQkSGxEzf6v1mfYzfSjok/rxmpfyjENEiwLhr07vuk9lcCE/CtCesAtVohQ7/x4iwh4AMtRKWEdVKcPnrvmZZ5lTaaUrK7ETS4XhZyUUna/2hIut50YoQgzI2jaA7VNBqMXHfD0Bz/AU02hy3fiyn3E9ci7vUu3t47HNkO/69L6WrwLbGXiprSf9L1rkV3S46odzrjYiDoeY+jWi61xVpl+hOemGsxOwxwfUvvXJ+4ZL5+QCHbvBuH+H5Wg09SsClWbHTJNTPD/sN0YVt0Ys2MiLrU6zHETWo2Z6EV/2ub1vQRvIx7UbD5LhU4aZcCnKwlD6wJvh9FsdP5bEXiggPWwFhtKfmyNBZQ3g4LV5x4p9b/FDIqigjcxHiQj9+uxzEANq+FHmk0RIOg4tQYpsRQnzAEryCc8u18zXeP0UjFnKNksz/bRPYFwYzY15j80H943nYTNs4/5D0VfsLNBpqKSDtBlaqhRgkJyQUVmgCTfVoRLBR1WbgZ3wEHDNi3BzqoT7XmF/atULPhUIIzjBperjFgDrD65dLcDIcYB+LGI9fF2c0DR2iF1rdCbVAjkrzrDzed1eqggRZNh5sWx12UcZ8mtZ08cWEO2WS0FboxUICA8r6BMh9eeR5rxgP04zDUyr2utVgEf9rOw1JoydTmul2xPGLpgjB7UVOBl35sdoF8ze/UIQIwlidebINqCO7U86x2uOuMYFvgXQSgRFBYgiZRQGEZ0gKLKLVjmZUT7eIcBLlh6YUrV5zP4JzqOfRPPSYBI8W75lUEOiQ6KwKkkBBT788VSfodQd2Sm4y4VVhPR3VEI9gksgzv6tQYMHm7Pns23VOGm4a4RCMXZufuQEEfadPQXP2SbWgThGlsBNFQpoDaAO8gCHszgqxeniYrDSIn3IYfboHZh+10jdOFqAgfeuxRhnO0EkmDvOfYD3/pnALYdGqHQeKEVTG7GQjW8pYALJJvJOhbvS+CDpy6FNC3j9o9eLYMjwAT1iddC22ktviPSOPbHPJxn0JekOHIgXJ1YnQ6B5YNEXURxaYOeLdi+wqUTU9ewF5mSoDlXJyN+8pMXqg2aXbhEVj+eGLgqace7UkQdLtH95/3M+q90E0B/KzvZ2vvypbUDjvRRaDSl2i5fxKJRJwI/Uk38Ui6r2IMwBdY7i4c8o4eniSuHh4xJMe4IiVjgFWL5ciTnPD/69Q2gyN0fynClsbIw2WXIyQWxBQpI0yvVJ9nfE5rlnwpeirjQKTyKO4JbvHEsH9GqVSE1TAuz75y5tqBNOxS50u2AU2li5kM5y8t8NG5TToiFcVIeJssuxXxoR3ymLh5h4Q3ykVTePnGLrsGtEd7nQ+0t+8PyJv4s6VL7f2schuqRCcUsAqnjz14pbZtfLl2tbzJ/7eZGQUGE9ysXLHzmmy9wOIUzTj9wIMUfVO5CI4H8eCugFU5p4lvDZmtx/MgsHGAJQSdyyOpxXpSLmglwWNWMwMqRvAw8NIt2MJDN9f56hRf8W+iJglil25OrlKdXgtsKCYWrYXmFmxG7Lwot4bVVt8jNeUL0RehFWjRDZsWv8BPx8bo0knkN+/05Dfjd6AGjpEvpK44rC3bUu1U4QFmUoDjb3Lv9ErF19GpdTu6KqJXmkFyr5z1SHM0KGuySPEXHGiAtoOPkKLUS7me6ejTgANNg53oBrvpNEHqlxt5g0e3i6Gs1N7viiogRZnnyieUacrrfPewSIPTI9Bz86vdJWf/M8EDXrXKn39NHbLJvPZ3oix+esetO6K0g1KRu/oY4CQ8tagnTK/BD60jFIWBI8qzRv9WE+JiZbGaJILvFNgt9MBfxwy9szScBJKkvvavC4EVW7vJGvL0+8GrJJMqW+P4g3LE3GhqhsbBaFvJoKMeLfN4TQu1wzOPfdMs//a/lUuwzEbJnxa2UZq/2mj3MQdq7nrMtEpDW3xn6faC2Pc5hfPv2eHmmWv9Eqy2hrjes44zKZvfvfzt6Hc2FOHj+E5pq6xfJPbEc2hF+phyEnf1UTf+sHnO6Q8BtvSKJ3Xf/vr7NEEGetLr4JkH0LeAtS3gLG+LELoVuvkzTwelbA58+NCH7w9kolYuBQQ90NUOjMZp/yr8+40ReCoXPthTVD/pu9sgF6eOW5cAN6WyVCDJv+crgh8JDUk7RGrtgM8KoatT3l1Nmp0lYGrvfZTKJpxLuDcTp3G9OVE9HjLfL+g/5/DlEzGk7V6kNqvBEKrnqUJwvyUlUdwQhIZre4J47afbi/2SfB5d0AfHWv77v73OdUNKA5Ea907OJyCICKUfyrmnV5Kgn9tMG8qyVImhKbfBzZshr77BxQ1kKO4lPJNAdg2awgzk9eqT8GGV0aCzrCBUCfciABZizjaSvtVY+KEi8Pb/8blgg4JGFGO1JA9V6ELHPmCM6fyCf+NN/3lMnGzcFN09b5EgR6cPnU/osGMjy2fut7emh/BTpRAxHELF29/yA46whOJaXfLx0UZ9diTv0du8tju9ueLOfIivdtivOLwdkIeRpJ/ZNsAXuo9f9KOL94s9diqmJrsvhBP/KouzjDUg3r/zQRcOSmlHy5CjtiA8gxsDvfqsyRU3GG5NEKjAsHOEiydCToZqWfQxaYHGQFegnGjq1OzjlkYoqFNNm7oBKjwMMQ8HWoFA7a4lvIfLGCYSfw677WQJ7aEyKfCz/t37AnVDcz7uDH7AbYYxSFBRlyq/XnIXHEsUcWkDTwg1Qj1F8yDzR+jVvmOkscc+gDBHai/sPa5Kw/9EJkgaLTQcslVRAumndATZljow0irn+lX/+GKuni7RCWm1+zvV1I7h2esCJsLlkYUIYLv1Jd/9gM3Dji6cSdKehpO6TSwK7nkUIhxlUbPNWnWI4U6dTQuBnMdSmSiCKcEIoTn9f9xc+YUXkL5FUgAmsRAzRNdvcBXJyd9Kn8CrgFNEGNhOJbnOdhH5cKElYNwuZIuu9Uw2jS/hnJYLwuOz1jcoakOzwmx7T7X7LG5F8vQoK99TOZ3Uw9Z1LpNI+e5t4RN0iE+DciDphR9jw8bPV28nebU4f/eFyQYug+TpBKWcH/7DY6Z6DdevENfzyFsGy9VgWpfQzJui/j0VfFa3JjVTgzYNu7B50Rz/kIFGSPSdnW2hjfF5V0IPRFiGTvXIAHamY8Q3+6r3QXs/Hj7CUnHrYl4Gk+Q2iq8DtutK/kV9zxwL3M/8CR2r5oHawc/pWLjaV006OAtry1iMW73PPa0wbZySC1oCGwXYIaqH5mR2+iByHCfEVQcbH8ZOaE88/mYD7wTwWfTiE2rzZirnBRJ08Y7FwY1qYGvmQ9cxUZDn+7CkyJua+y3vnBcOcKRI8p6zkbd2XvuBkIc8MvezqGobkB0mIGpEfDDZvexXexUphv7VZ9zZxXGHava8OQf6dTZM40uq8J4x0jaDg8h30hKDTwyCDhqDnkjw7DGmUA6sYQXMkbNfbwOyZwXvlU518pJIJoas2NNIV96CmHui3+H5BOPlDyaM/LvuWCiEu/qLrB1+XKQ5pEgJS8T/742IPY5TcHgKvVCNdaxB9CfZAAvaiokvWswk9/yF4r1tdn2EUcAO16hcMolRqADkMtRP9D0N+7d395241C3/wgwhBxX1BQfXbFCYw32pdYuDuBvCb4q4075h1fii9usbHXhhMItjsSsrEA+2Brd9FvaLnDuzSfEnlq4nfkcrrWBgbhueSeLXyRN/Mt3eACvEb7+OfunKN/Lv2RIVcauVSKA6fcShSRb9bn23k17GmFSTEbCYUO78dvige1/jdgrD6qANHKgt8PSXOGZMFbpPMx52gCCAVMQhY8r7r/SQxQf0mPXhTBS79wGThxnQBDwCOaR9GueNgEofAPQfN+nWm2z64QzCZ5N6C/yfl7Y7Azp/HXOb5fXbUO7+nnTej/OPH74UblYWKDx/w3gIP2nfsiEW7IxO0Ky4hnyui/3kfkFCGSHCABVQZ/5txtyJvK3zKZxdsdiv7nZuBqMQMmwlm84D0r85b4Nf6QkMfsOjNi0+0qoXAR5S58mFH5C32qKcEy9bo79g3TxsWpWnSJ5twnalGLYbDifBSu5qXxp1N13oIWpVDBx1+V3AJYTlb0yju3EHJ4yzg6EXzuBJlYGus/Uju8Hem3HD3TWcgMAdTUXreVPM46XOy4Mf6gNEBHfRm7HKoAuVeK+WgF8FMCDQ0FkXmXYAgFhovtcAix+j3j2WTSpdoghdhcFh84HoMlsVM8Ta/Q6kuN6DdvVRytTQWoUr9vuyF0sSo2jejno2xGUM+rhE40qphnccOpWcSNrz1dyuZfEL9Gf17thy//f5XIGnVHneKhDHsFWap/DjbO4Sz7uWD2NqAUIyMETtUvB7Zy0KeMMuHG6YWWxzyLL+BXP+QOyNGJSpMDffnCYZsFBdA9gHlBCd93vJXmogh5nER+omkTLsI05Itfk2A74H0/ou6gFdGiQVeTI1WlDAP3JnCY7NLXhzw7tuzIP7yq7/G3uO3F7MloQKYMVrMFcOQEeYVSKVpsOOuj5JuQ1gPolbh6Iz+ZOi28OHfKkJx58/VBQDOXRUWADsVVtYKlEdPnL7LbDYot04Am15PrT1I/O+i6vslCuV+vell4V+bNv2efq82R7nKMH0WVmDUzPUJT+nnkLxdDinT6h7hH1khtdTlmhj4kCfQl9LmBhpSNI1gV+yRAaYv1u5SUy5XCYVvSx5oZDyrC7RLeslfPDIb7RP0sAA45VQjLTlqhEAGbmasnmhkUcZb4TIvTCI2INHgRDob8ZiJKpdv3d83WVHPHG2dEI4XYdfkWD7/49LMHkJXtWebqt6wWWiqyG9qnW0fHICdahmOWY0p/rkQufRQLmckwEtaHOxQcLSTFvnjsizyPFBBil8costsPX1Z3CrArPdGuxMXPqlr88A8fOaef/+45zw+/sCTRbMOSzhmbt8DLxY6I9nF0BvhJnM2pnCymrfZCvuVkBkvgVG5ymP2huzRI4GF++Q336lQOmtmOYGKgYJNwds0Zdvv2Nx/I0xKP458NtaSZGUM4/3oRlpUWO+kNkfifMPAx1aM5mY3oB1HSoFw+EyNpHTryD98eQ5PwJb7OhY0dhC0cXN7wx2qcJcKEEuyw0HwjxnDoiHAfMDimtyVxKOr6JVA+C5Tk8VBg6lDbH1h9PmnBeg6Sb3DLJpM1uOVnh9KBw3/J1hAJ9ho3pS8NJRceml9B9iMlNI8FOvkfa5cJVvnr9n7dlyPyXY4WtBMp7inCty2l/d8AcHb45/s67XQgwsmgBQ0Yk8TUfdLA5DPEat9CgYSnBLbM/UhDKivP17yeWKuWXb4VsD35h5vqPcy7NvnTjkn7GMaholEhnKnxurJrFC3O5N4gVCAUhFBQxQ8vx7ai7eZdqE/vGw/tbj/p6DbFYlWszJGSutSF1576fR3+epBFndNJHytXv7Ctx5A3JLKgW3tn1YjcfqWalm9JEzDmQOYrqk6ckuGZtjmWkN0c00KPKFp5x+sJnUnyPgXbmHzwL6brz8kY6lz2bwuxeUXEmk4gRc1oDktY/E7TfDuKNhwcafdDrl5tQvBRSop4KCXBD4DjnEzVCtaTxtG/HYM4kgpvm01ckp600oItfhAYQr/542+tvyE8XPv5qRh+8dWW/4Tg4Z1F9UO2qX2SkLPzke6c7PbpH5di7n626jQuaaHdtHnxa1G7ezWAfHbEpm5YpcENTnhVb5eVsbd9Jo+brpjcQrummnu0PREe0FIgV2+ftXP/Oh+i6C3Cv7Yzd/nv/oPzkNT5AYhK4FDNx2S4Ez++6ZwFsCuOb0qXU6G+HqrpzzA8jI90OoY8vDTk/5Depskz9+ipr4h/KfyC7V745Xtf7hxijwsO9S3mBO0aEUKM/MX5/8PUt0cz/f/xoxC5fFzLJQu5JCmRu7dbrBsjJYRcm0sSynVvl9zKbS5dRJlLRSHXyKWQy1yqTW5DblkMw8yMbS6/re/vd87vn+3s2GHOe+/H8/F8PR+Px7Nn4+6bWb/dLVcnew67VaOkvRTBgvWZTZJP4yHOr6+RStH2iY8qtGfeftSfmYQbJW8hvTzEvnArnI3prRLwIzWWcgN2ObbaX5el/SI3lqJTf0dzW78ZDGn5/VBD+IxT10rrmhRxLhEQnBOvauFmyOrcN8dMu7yekAZqW1tPYRemH0V5l8Fe0loLqH8EtndfR9hfLzk3T7/Z9YGNN4J4C6zTubdZyBqlcg1f8i0d+219GA04FmPsEkFfH5xSDzs10xHEHap0ZQi5JOXR3FICvO4u43i19xvjhp4+NfDbkPgqx78Z7Ob5Qoq2w8hAyhOKU0lk/ksd2FZyzXCSAXVwr/1ZqdZFlxtiN0cY8mbt+k0Dzh/rN3HoOwPzHoaJ/dOSm8RD2GLUq6L814pYRWgptNP3u129K1K8zMbpZ6GMTF5Nq7Zxh6EK2Y3fSOLxvUPSexHS4OmuwjOT0fZNKbcaSUe5jvSZS/+EUucuKVN6VZvPcwVc6Gr3cxSV8au+5rfh05xeMsmVmdYzOsVOtolBPkI03cdnV0qlHUSk9kAlJ561NgzNy2fA9r4a8G1T9JXlkEvJstXcgEGgcoYCOdADxRBneBZPomWpsqOFJ3cYErxR5/L9ZZI59l6v4/OmG67nK9FAfYMHpwG7PGjPPLpu19LIDwc3a4JOb87joHV00dUm4TNJv+wgvFFOnEB6BkbupDStpdofSOEAVc7hOwphCgPzHYUYVR76d2MxTjrx1R0OUDH7qntxs29NtXN01dD4bnMM0NKbZIZaV6G44aCa/xsCfPHmpKfGV3KAVGbfIL3HiDZne8ILCvRg4YeYnR1XdSkWygaZWhIxpfqUwaJHCCKiVzJht9PBP3RfbJIbasrbtFDQWYEwSPSG1UxnV6hQqjuAyaNkGzkzVCgnyc2N8dqyWtCfWQ18mWxYycWHsnjcDSWwrdN+kHGWNJjfJbNbN5iFV/av6LCG3Topvf2YKvNpcWHugvgE9ElF79ZUkx74sSW05pMUHd+eeEYFUByR4KMjCv/tRh9e9UhiZWs7tQPPi1v2lsNYgwMfmsrdldtxaVoNqgihnFvXj0MUfhpDYEqFmAPjS7WzN94PQ78Bboo4qA95wA0VFEEUsVrdv1izehyZdgyvbjbQ504OuHqqfUCQ06g4hYfi0QnkS1LV/bfWg2JAZpPR245MjboT5jMDbQcsSMyfBqfhoBe6gcPMKsMR5fkvN1ehz6M7ZW2QgZq6+YBvPF87Nie3bb3J1y/19Ff2jAtR083XxN1WGtwtCviD8965W2Vrfq9uA34WQUYdozRJtdZ9RYkn5fCacUaOE4JQo5sr7YJxgFzsi0s6lNlC3IKwOP22pxsW+mSNU/U/LDw2q0lTdOdV+yM9ScrL28uiTx6Bf9QrHYXFh/Uf5TVPHfg5krjiGVMYjh49SLy40MWQ/Oixc3RxTtoNMhn+a/FCkF5LYSJoJ8lSeb4p//QN4KDdPTRC7cjVaQMs34RARIgibm3ARG5uA6MUh86YTCyda8ldz9Ha0WkzDCKg0dp1iUCJJM4MJSK8OmCCOu5H8HgCSp7sLcAu/Byg38L5qQAP/00OpE1QkbQ7yglA39e1Gf+wr/4HWyJWkm62FpPeFTslqng017CDFsmlC5kY9UdRauP/PRDvSsp/hMk4+PToA76pXYHCiw3OYe9+iBvQ+rkMrkD7KJOCa+1K9pEJGMIVUuYUUcuPMhuIJXjwgh/fVwAKtfygJtHWkeNAyFzLq3ub6vUMAjRssQA5RJpD1MI+OLsMVJwsGlZKOM9oKdfasXeFDK67jB1dedsGMZtDDvdUNguPzMg7IkSH5NdqJy5wAN3qzrZn1sVRvQuzZtTbuRFiRoIOKRunHTOm3abQRnVdC0ktfqzQ7pXo27MBNa3TlVxyfU+Nr6vNyChknlAXu1wINiaHvbl7PP/9bz4M585jUwi1I8VoJ7aoYr7A+1YsQm9cHhLASYu/ULhtbEhm2aW9OWknMheoPjw0e03a1SCDjykreZ3DipAV+8Ab/pzB7wegei6604RgiS6o84kGjI/oypGUknHzPy+fL2e20lQMJnwPuBBN7/VP4bX4nsg2KOnWC6QvVMGPmufhcfpOsXm9ijoay91aAuDPbEykpIus0swY479Go9BZmp2UUAhB9f7CV4npv6yaQN2hwMbyPB++eJimSltAik55TvkTNgo6UL9qW6E0sWPrXaSAqs8jeXx01aIKIFHIpfwv1J9aLTl745gb3xbpxpi2HESMofmh8N9TecIkH3Xom4sGQYToVIbZe7dZ1d3Am/VNe+5OhMXHBpp1RmaUvtiER8Bx79Lm3gUTKBDa/AONI4roKPNP9HicNDxTJei32du2aXvrvs+NhyNLwdn1dGUsPNJVayJC1T1G16phE9cuczK9272RI9LJBBCwgWllcRLV/TYCv1ZA+1yye9KACFJ2r5oRs+EAT39aKadjte78TqlwCuNjmLnQSDmjPVGKScAJIXXl5r9n85e+su/7NErC6p5lYiIy08KKwKO9ivjlqpdKp/BMev1xIrOSISDsh89GpS9fswjZHPNLQpC3DGN2LPCD02+64K7lAts9vTzU3kXlSgM08DGVHHGoCnP4Dg7+nUdUEtWZAWuXufULxbuapFS2jzgZvVL/aXFDLtq1Abox6rMMKEpoIdnz9jHF04no7b13jjK7HVmW1TBI4xj8PG/o7YQis5t66kX9Y+IQQ9KsQ4y2nBhBnrVdYf4iFq4lNdFViLnKhfAkmGXChpVjESFWNoUwfi7QW7Fo/qPRQepAAew0D31oSuMnG+hdjPEW1yfUBhyEMpsx3QJjlJtqy3ASkljkD6hQdL0FQMluZRw0Dkjz0KW6+QNQOrkUV9IgQMcOOEszKBdqddIRue9xJUnxYJMfa0da0/uepAa6ThyodwlXIp8ixLhPGjQ5YKRC9qlkws2Jzmzvq7d8HspeEohFXly+ygsCjwOckQCsZ8nie/jn2Y3LA9uvTFBXB4jZIHHO++mLR2C5RbhuAuvxyx2gL0WLnrGM637GJq7DDq52/5PxBB4Enfw3x4430I9WYe6IEGu7OBjxKReeLswomaZSkuWQeSsn8nq9rvS2aschKkVadLYlLPOiknlZadQwQ1aTcqZilskkr5Pk3VA+wlSbNoyq2VAIJAjyc12rjmHviqIJ022qkY9/Ec0GMBxnZCJyp6YpwOPjDR1TfcZ3LWcuGBrq6S5euYZERT/6lhmxveB6Vhx8wFv76J6H1aDUdrYpRNcqFiVllUoNci+/Kc/DqNoVVS1a0C5gjFJscsGl2woMA16yw0WRi6P9ngo8BY0nslIT9nolyYUkNNIUkhWx0BuRji9vA+DhS6+6d/RKzrZST3KBpicpNlWwFZGc3e7wePCTpM6N/ph738+mV84azPmIVGUfd0a6o7J/RqnxiPt7d1ZjeLOeBXXAxHFw57OYiNjIkStYZjmTyvOegWfzsYYdMShFeggkMSrX0RWiwLvto5K2UWNq9INZECQYOk8iUy95t3U/eGkCefXxDBP0hSToOZ0KxGLT/zs2fpWSZxP71Wez51mP3up09OoqtU2L/iZrZ2PLUtooklNBP6A75XVoW9mWSViCNDyNv64x1gyiNH3o+R8zDXKN83U2zWuJRvAZDVUehcTu4s6M7LunrayOQAIFgOKsTX9AEVuC1/F6MPrFmzJgBvHnw57n3/2s+bU/Bny3VA1blDaDMFrcvRnh5sdRqlJg0AH6Uako6RiZYHxwR3vu6zdLVNqoIvJ0dgyGT54k+zLEPHXxlyPC4J0zdHM63c18wQ0f+kywd00BNR/+z4k8OHqRRhchfnQQyhSl4a+xItkinpXFQPsOzixq5/3R3V+zIcQByuSONeXxXzEIvcp4+Oh5Zhl9FIqqiMBrhEEQiTLxmMpr2RhCtnhPkjbtaUg8QrEfCz2O6qXPnwaLkb+xfw9SaGY+5MbcLwPOegT5qqIDLI/qD++InTe4BT59u5r1RFX0WOmFtUI8TpfIZ1R/Dach54A8Ax2HVL5+9IqP/njd2exnW6SxgQGj+1vzgozoti6fx+ixA+f278wdr41YaTz8eJgflKn/sVa5SkyaRnUoGdwEA5NSuuDRsMK0FRczFDf/Pisx6ad/et8pPY+e0bSq8hCF7/yliWInynvRA4cqjb1a9bRGKhPP5nINX8czL7bP3RfVw/CyVFCSXHUHAsVBU0nn/DYLSwTPb5i/iRaL39859uve5J80xcbfWUFzXJDaIfclS82fshSatiyKW4z+O0ULomAZ/TbN2mc7MEgy8uoA2m61gZ7x+3PCqUwjufAb/E7OlWwoY37656ER+dcBxrovfZ18/mk7PTkjnYy11Ro2cxSwGa8K8tkG/hR3vulCu91CShADsfPFXYlfotraBdWOu7HtmiwKdSIWWQc/432JkKir5WvP+ZHslyzGKpJs3NBC29/H0tC3yr+J+I+8PI7iDyvatUhE5BOqXiYwv5SZsIZjJ2z46HjbDOSvP8VyqC8GvtkYQB+f3TotKy5Go2hr0o46Ir7/6QYEZakSHe2wWaOfswmFSSQKXOTXxqhv2s6niU7DybuPj4BWGbv7vyfgC7ut4RRBj4ZMdMyPfM/9x6kgsRB5dHYYFHNxrpcWK9ozpR3a4IKMxmDkxLaVw+WzWHPd7wpCPXAG6kTtsBYk/2VpTZwpalG1D/dRRb8k6yHvB1tCrW0dLeP69PlMM0gs4ihlzNAkDojsDmYZ7rqTU9WNUTZy8jcIc83ROjtPpbdv1LFKZqkA/WCNHardMzqDF5SUzipAsgEGuw6P3J9RxCqA8T5J1jnfkQ6gbhjaDQRcwi6cFqM/0PbZXPRlftyuGFAvzxVlxcF4MOQGMdweqELK7NQ1WF3TPx9SYShggkyMIAYiP6sOCGxjM501X941KnwI0qVly5hMnpyIUdlF2R+e27g8ejEGc2r8Qi1MxgOSHQLhZHiGPh09I74CiDJ2yCp3nV3m2uD5QnSdiaU54rYak/Rzg6sddhBbosfIkq0FEvx2zBWSe9FLjN+ouWdO5YMcZO1TIuIrDe+HuvaqgZ56sk/DytTojkdLzTeAd/vlvFc6KP2I+VfCJjxQ4cIUB+tXUAujQnfikS8/3YMglcenJ7iCbt2Tn458cON4vdb9Fhm0gej62e+2L1ChTu2Gm9eJHvpWUaPNJEWpyfPPdvR0ShxUzIDuz+lRTt40H08xfvpZthMkzKNE6R0WOXfrKEN4NfbFwg6IEERKTVCcvBS3WRw8lgNEYDy+ngmgvMR8K8Ts6MEvWjHpkOMtY1TupUMVLy9mtVVhvtccEdIOYctwSvhdzy7giqzFoQfQ28kMm84wR0PYjFoy+GcnLA9zW5jq8F5zR3NkHBx6jnL1fzU63i1JdTjjgVIU3vYpikVZXusQ7AIuK2+PjXfK7JwlDl6XXPBiUnomXse7oe5wkQavIpmNjcgKx+qT5x9R16c5aCTrFg8kGMQBSr5UqhY6Z6XVObzysB87OvLUefN3BRAaGulaKOjvUjXZmMDPjSlwLTs78n1mbOFsC9er+K2MwfLGwu1KqzqazgHQwiHBKfppjJH8mSwnV7e2JC3a0UykVzHmBhP1xKjqfhRZv/c8N8/PeKRmzzWzwJoNdHlugkxG8C3oHwClXVE3+cLHmKxeALz2Bi9ADR/m2NNJBBpfS423lqTPn2PtycE8yPKR3i49DdiGpSC3hvqVtf6e0xNwSj9ltHsxChoO2d/ZVljFB6YIHjYHfrSakEvW3CL/nsNZoB/+ZSdLOH6UljktEsMhStsGU45MrSXITe8nvnDcW/yPFqZ7AYBauw9Vq2YK+pFfeqt/vGIB9G18v1ueT0E8lKDv3IsHyOpd4QRb02OGhLC7L34vzWnkajFObMz9fbzBZ07eLNJ5rlKKlrl17v6iCsVGvkDw2O55ZSGX3T8zk36QfN9Gzh9wItzjuO212m6D0NnNHyyArthLdmEC9NYI/wf7QDepMMzean5cPrf4/vc9mb/P680GT54+O92q0s+R9Sl2uFqtSnKE8/qNdowe515VN2qJj3H3rnUaNAEYJt4CPfGDF1NXswphZjx0zXKFKthprW9+lXygqkVYbwXAnUdzd55M1vnqfvKe13hQ64+FCJVz+5e6fj+W0pUZ+2sBbMnQfvdrQcLjb37J0NyRsIqykUdW+I1uFAwv2Cl+fL1z+IXdDXPyONvOMRm2C5xN8RGpVUq2vEZnMtB/6/PL/7j/O5RHV0Evi4cp+eE8dKY/VKD5qJ7D83P/0bH9iNgDa2yBFSrY0eud/5vd/gNnp/IvF42zrEaDMtXDPu4rGuxtSAogxnNkUWcNBpiIBrPGDwaeIj8MEmZlronQIoimALSnZAsQbuyFtyYi6BBxoTboTzZ2BFfuARS3JIMvsqoa9nxG6Uw1JmdOmXJLuD/Y/2aBsfELys75W0Uxtxd64EZHNzRBQJS0QpAZ/oufHzBKnbQz57oH9hXftv9sRhwM5ecNvcW/FnjKRtZXog+Kf9MOnf5T7AUcTgI27EUJtpmyEAFQ5T0WrtjLd33EBKJX76dy5ZOyPOVlT/FxlHPrYWLHPyFPdyFVhp8+lFkAc+akX9CPYVkgjFiOqQW2JCCWm7tWCyJGlx4qgB1gXq4hE1TUITkf6Qlk2tofXIkgGghEPDjit+nGBORcVsqP4LHJ4SvGKBlfHcpiegPy4YsqmDYP44EYrqRsiOiRCOrxEAefmEAUpBmPmSQ9ToCBeIp1cUVRfYmFMH2h8NbXAvuIV0Nayxc9mgGru35thnozHdRL54DL3pZfK0cgvxaSmgeUtrQRdos21Xby7EClpwiO+x1L/JLjBhm0ceFiyXNOleDQvk+PdAH4pnp1hVdS0w+1HUHVQphMPf1oNdKhjGUS21t2jWfpOY2ZqHuh733bwGH/rUICHG4uEE3YEw+i+ZIbj3z9LhW9R5rHJRWhAs11D+YeT9s45w5524sWZYRdKm5JxaFvpXwcS/odEPzF/E0iZJxqBm0fwA4W1jUmTaHwgMO+ZMC58V3F+1VctMnydK4wwsWPHieg5umXCl+8LoUfOrZ4nXsxSdJ9QKnkbPH6se/3nieOWQZkvanOKUQZ8RPQvHt4i34kQsYMSHuDHeRX3m784Lft0DMOfnSN9d50sN4/J37wV8YuW5MvFs7eby7Tejhn7Uqwy4U4YIPlqk10Q2HHS3Qp7193VgkmABu+ihmdHvc+Hfxe+VBUuz6a7dV7zgme6MMI+RV0SqKC/J9AlU2iUesN5Z3LJ0anYVENt8dzpLkPUh1kC1E3rl2thlV9nYR/4WDpXHLio8qrMHYaTNBGgniit286mHraiI+hWYsGfia6RBvRPtsK/Bvidmtf6F4/bkhmNkBWejHAungPNHWtaN9uHGjdWvRbnk468Nuo4ffkSmwCUMef/1VdP6ojUHTbS6QlcvUvP/+Bxc8vaon8ziXdIS/TViXdyFy1QrTUkP/od6hHN7SbVgowOocJ/0wVFPU4QDwN4KNdfTpugh9wdkgj5bonRl17c+MCpxGVTbmZtCCmv53dN8DsQJl4wPnc0kg3Hgh6sL2glr7yKwYpsZoZg3nAue0k28DwajH4K+zyGsFemRGWMdGw+vnoXeLZmB0Xcvuk37rQKXPg0hqnfNG3Uzibj9c/yqPMxC67IRprem52C9JOnW8P/np7LiE0sqAndG79Wv+Y8nhIrDHQfx0/N+ZsAWRy4YPZgFaZEVlUlocIMQN2KRGhlisPyVaENC+8PMjkNehtp58ctLM4j1GCh3pT/wfn74fAbl1uUIc60CaYovBGdOBYim5nndEdfZ7oqC+H1twWcGHQyj30zCSDjbc+xXj3dujMWp7oOgFtqqdh+osf/H0rvYHrVEQNJEqqcmnDZ4zWWrBNXDu3en4q3Jrd+olRK7oseu8xb1lTwZXm0PWbP5JzpKzFruyWncPVPifaEmutWDfIWbxta64A/e5TR1DrfHl6VSK1Arj15u4NeTNIOiinTOUpwqGbhuGo30uDbwQEtN4nvd7sbWWMNX+O+ntO3/ivYk5B2qmGe+/kFk1VAMmOwH79LV1SoDyK0fADemzaXFhTk38t7bIH8jT96JXeFSEXSuP9XV61ANqhXj/fuXEL3vsctWMj8oUyXJF4PBfLKDvWbuBggrpbKFNr7yGjMXRgjhbJwR/4tkKpzJ4dohAlgRs9+Hh33YOem5wTwDpKv5I3RKiNMUFVJGn0BSBNFt8ObMP6z0tvV1mgNg0EMjAixxr+8CQj9MxJOnGIpjV3LNQEgOXKQvQ+XuHxIwv5A8LkXohwfxEHRHwhA+mHWyiVYngeYaXsaNAPOsAKsBD4+k6Bt8Hu3kUDh2KviNimFZu21mXfv7o2bZW1jO25P0z8Jqr7RJ/uAMDR5WrY2iffMiR07YZy7d6Z67jVu3HIzRw1edIsT5dUJi9FqActQL+Pt3VIAFp6S4KGNHnoV4Ww8HO9J67bjiNCdk1GjHSoY+djZSFcYEgwsyXD5AcKUySKE80gvIiwPJghJ62K70UVE9wT5WK6D9IPXiMEe/83BunJFOxniySI9LNCEap5qTYFMEh9EHFQyjKdUhMHOJYhjQEV6qKaG+qe75TuyI0EQJK6KPctDzFUioMmx4PXSdlYE9+tQpYdSnqHRBhAcpKrr946jyLYcW7kyEMOkApPA5p89JbQmuEtSvgskxK1ztZeRj7ZlOICgbKn7SyVRLX3Vq8/0UO3r5+dGnjn6REH/2M9eiVH0YYWhOyyCqALQrSDKLhxkTySwYPbPEdwSi3l2cwejnzNTmw3Az29ell6H9uv9WxuG65Oy13ImHDjavyhGBlMNENHDHRDkqMVMxjrgjVWJ16eOOfAY26Ej8pd8jq6qDAHYY+x996AqX/9ScFbGonufS8uSJq6iQ9xMbuHsvTaHv1cwnu/lOv+G6375QJQfb7NoVnswmN7ZB+zQogw6bVF1LT+bR597h9dnuSyv8SGa+opshCP8gGkhqXRz4adN4TBi5dUxDP6H/YkeX59BHo3ww5MkTq2KslDrX1VgnHApi7lJaRtAINgjbU1UN0YNhCxiVWqU2OWa0+CbYoZqvG8cM8ez/eIOQMtsEFax1mkXiRKnPQu//Gwz23GoF2aIbPM/Qk+iYPfAoN2Ds23wRtFcPCHVWxG7SM4+Bdmv/ZgJqmeoTlrUw2zFTpAtSlyhSico2a2C5oB4jgop9EPpw6A0sSdp3d3oxCLfu7NziSykIlLB1ZtRi3Sq2B6zgEQAYLl7Vsa6dr396GC/49OF2BL/hIPlGfGamlUJSaaPCmvbpcgzFn+MftoG3Th3OXH21UXAySRLXhNykmTQOSrV8YoVXSos0YCoPDah0LrOEhX7hWgqPtvXaoOoAkVt1wtxGgqFWIo5d3hb309Wt5deQxvYt/U0f91Ko+t51D0K6v6WJhdD5QL4KBdfeaIUHydNDp0ipT/KnVKNuX+XPT0ObxZLGbSe72wuOlcT+764KiOpHTM45q3VcUIH7LHvXvyqF85dnsPDW4w4ViFq9h18sz6N/1Ja/xEYNjiCwcOmqp4DzzBGFieHQ4WaYno74E3GJIlTmZgjkbi58if1UTwHqP1Xto1/ZwE1prgT/G6guDlJhzBIzT1DQEdpvqQDUyWkgJx6r/bmW8mmE1MtXCj7njIfImAmGZa6ZMctyp0wHXJe9NNi7+WMyIfvIjsf/YjOlyQ2hHQRpaJ+7/DS1jr6MUFE4HGXes7Jqe2f/ql+LSfr6665/V9o/LRDfYWlqrZtwy2+wHXdu2HAEO5AigfKCkcWSo2Y2nfDnDu5DTQrYm1Se6obnGckr3Rt+X7Grfvlu9yCVjlx7T6G/d98mucmM/OSk6deH/0i0raJ1pLXpoWRJvcGF2A2Y1BDAm5dAzOSGUlCp0KqOouXW7kB6/1BM+K3z99R06t4sOjK8sc67A3bAYObTLgLeQlT0q2VBXa94RdftcNXMcBoRfjESFSNsinX2JHqtAnh+bci3x2Bqsrhf7b2GRjQe6/6WX/rTGSGfdF65Dlwu9kfXfrMM+DMn7VXLTxyz0lK1wGAz/5aIcIg09MUYeeI17LX3p1ATAM2aCMm9W86BKmKcs30yHCAxlMooYQxRfjY9FAo2ZfvwNRY+d2ImgBQR+eE17/tn3CYCJCgsx4aLqXW/Hr8PbDwh54BdngeMlkQDc8eNANFeXmZ0D3P4tmYm6BdcN5ZV1QdwrXKComF1TSDmUHLk89xvdA44DorO/zPUleiio8+A6NYzdCmMir4KvywSKQYPtwwXNq3qwQ8/OJMIV27HzIKX+gtdobC38VA3iEXydqOCYAD4uhRWpxgLz1GUfWEuSov6xlkNyaBJH7roc4BO+zvDTHBUBlki6z0eYSpvgod4e8xyolykPyAT1iBzp00x1X8kSAQap2tjxJYt67oTXXCINpf1c8Jk8QB298A5ztPQnMtldvsQrDraRLDr9tjBL8o0u06X4IFqSuJt9sg0WKkAat4tf0DyOk0TJbiBP3kQcR1wkbsnFAxS3sQifjHiF7WQoAN9Sr008UYpWcNRmekH+W1J/s24E8rNiZuvtBT2+eyprfT/D39nGdvdIyjP677hxaNlziKeAIXta/t+nw4kYZMh7U+vruPP0swaMNUKFkVsMcFqowWjwMZSw8KcgxlVqES9KaI76/GrVQuJwnzTHQ35CFFJRHhZ6m6dllVAbz0KLEM9YMn/62C+7x18nzFG/8Ac9iuHP1PsiU6Aq3jxR02D+x1e4UNGk9Tr1wD6OAr3e0uhc3jI+cNP6K+kHxe3v7MK1h6wanwA1ud79L90u0xiq7MpG5jjsGIQ7+UZM6o1VMqIOfmvt92/9shY3ena8PRTTyJjtVFSw/4RXo6geMCkNwUKeRi7prTbLS299LfI4XwDrKPG+3A9L075XRnBsSZFmezyeyvsciW+131eSuu6Ksp4MNNi8u/Xpl7v16MAcq7LggOj9s9a3FUZOX8gRtkOuodLb2d3gnbIXXqbQPXaybAL7iNBZHLcTHGCj9HVH8ayCyU/s1c4RYa4DDrop8r1XJMUPdEKaqP4I8fPoiHsS/g3g0M+k0eHTbp6/Yj5UQJ+rRgUm/Y6Cy7fMuFiJPHTvtBoG3CX75OavIt6HzDah/wzWCRXMwvLElmeGqkiCBDrs7g6CORzS+Zyw8b242rMImzVMrNDUlq0U4Jyxq7jDffvaf1h09jX0Yj4iyTBRsTEfHDIY13TTIX3zIgaECT77tilg/IPlQdS+nfo7Jkj9T1NnjOXVCPQu5dA4NKAa4w3nAp+vOiv6AlTbdKfgYDWcCOdkoAL4ZFqIEfhpACzPeOCKp5/ypvRZBOlOnJg71yEkuqbOhFpkQrp266N4G9VsPf/mGVLfsfXaerf7TsmXUkXBI/ZpR8ylW/lT17tqV33uzV6T5ShMen1P479kV1g4AbpWnFt60/T8J5zZJqOQ0m6qfC2F7K2qk7Qg+F3q4eHK9uhxqmIMW3162JR629bYHnmQMDMxbAiE9C6+MgSMK+OCx83gPdpCSBvxErvSpUzLTbdS06cqf0bglD07w6KpN21+FINWvF9J7ReEuJxp2OcMEdJOOcOebVLfDx3wCxnFz3p7yX1JNUbJwXA4UA6iTiPVSCRP3TPGZGz07C8/1vi7LdP87Gvm987z8XNPPGrXoZ7kb8l0q+8kWqMiXv2qjjRvFXq+b9SzYX74F7pS5Z6K+DsO/GAMhWKgrhAuhyiTTUlWYeS4DUYb9J/p9oq1I82vvTV3sGzVd58PLUgw52rb6m91d7Wu214I+/VigVlzvVHx3zji4FbkUJI/iPkzveXIJj/z0239TFpNQ15qZheB7oT0EJY9HfK4eg+DeBywFHqNeHJPIOcyyoU5EBD2KqIkx1BKjEiYQ5eMRd9/5G+I9HlRBL9sxr2zXdnhaFVpN4rHiqP7O2DUmju9a/mbi+GEWju+jRzvMe/Ye8oJ95jL1u6Ed7PjlzzLIBi0TYOUb6QLDUpIyIIu6LwDqQbPuZhcgRXpKFmSEkxFF654Bkhp4+e6H1dIWexlHhQQQYX8ybnMB4Wng1TaYVRVmcOsYtTfOxiVUipEKxJqK/JyhyXKvDyUVZ7ZaXBEtHZX9EhN9MxmhpYzhrlkDVvH3Nwitl74BUtqEKuTQku3nUUnRYzW8TESHbJO+y79M4WUJ1Jm81jwRcWexAOb1dgCO1rx+o1Dw2KhCAWzoBBf4QYOwwR0HnD9IeW8ywSTTilWYMNb2lmLWuvej/3/ODHWXtxWUpm2vLHg0K7N2gZnxYeH/IWOAFlZSGD+dcnNQuR7VBoBCF37ZtwOXizGZU97So7f8NweqYDDNt8y7+REiPeTIPxdyCi+oSRwc4yEOCkFeEUvdUVucVHVuoxXLNkEoAEn2JpRUNO0Hmk6oZiAllmxyI4njkQ9oGUpzHfF2dQMl/CCA+G+6jz8nOLyjJABQGdnkoyPodxK9qepooNvGJQSHLppE+xCDj1iED9ihnld2aP2Qytm/tpq21mdThsyeaw76veSRyFqCOiLlyFKm3OLHQROBB6+e1eLgUPN85ZP6pwLxxZp71jsizgnw1qfgn5YvN8IGBb7IdJmKLmEfhorlG/7RI86VsXN/CO4M/sz1n5ltdpyMgvqn7fA+ryQ/34Uulcw22Kt4ML0pEbyL9i67Yvl76kgqDYLqqpt58N0du/D8oloR6m4MBLymyTaknICyu8lPP4s325JygbdBj/CyAqzfY6TA68S5aKFCjp14XkJHsEscoApXr/wpwQXOv8cuiHYAwX6KWZ3BRNuNE3vlWfEK/FtV1d4XS0+1pR30t+oxhvpO6Npg7n+d1VNa1m0z3uTrQceATwfR5iLW5RBdNU1FNE9W6yNdlq4+FbTvgDHJwWUm+BYFbDvADxpxEWsHYsDUGbifrSG1+gCTMrcBPzSJtf0xILXl2fntsSsfRa58RWmwp98CrYbhWPR54uAhLYWfHqir4zJPo+r2piJ36XsZ9wRPsKxH7d3lryy/Jo5GJhZfLFEe+T4jFvTo/HmsdtAx1lohtQLr/QuauQjJ7BCnrhzSFW/AiIdfUbpjOc5j3X3tqMGEvDiGYpD8CIQV9cScCOM3PIASWpDYO6mrIqFg4ew+gFz5E+B+yxSiQcyusICYfS9A2qYBifayqLsmkAPUl33VSDNCdtq6MxUL7T/VTbAI9xKh49tLK4nskNpqz5PS21e1OSBZ78dzPr5Q2hBHudv2zAX84uRb1X/RLoNgzDqzdCOCUXTJ99OI5MlPUxdOmAONuD/Fx1Gg2OW5SnJloffLprCdtOOi5bsS+QEjPDK3kd1XjDAXBrQ2bMon3UWXq/i6iBkYu3QE/dZxVOb454/CXHjba6bAWyXJDMwFHlbI+FLjW0BwEwMDi5HL2JKnBk3LaqYQ/p2cA5AIp9O9pnkjylO6yBdcKJPCjBNc51CL4dJnKHrJwgfSiyQbV25LBUljtvQsVvMGSe8ymFXoRG299jh93vAsuwuIbGuGa+b7NvIM1nfXPv+8fI8wN7XaxTUzsJSi30m/X5oVXln4PU5mfGljOvy0tb+DUuoeDpLid9MdB+f03+R5M1PCOzJa+S0GKUHlqY1j2UltCpFthuS9Ea472BJFVhLgGHxgySy46v0ZuaUbptcx6Z+f5cc+XR4N/vJDaXftOp9TViJXXMCfycx7+DkLoDEFkbuXy9XK7kNo3eb6FbBgXiYYbvX7KnrYcPK+j+UNpzECMvXY2AVDFWImi23zEIKPjEd8t0F+7U1iHVMnR1AdnfNFhuQVHJ8okGyynnhHz2CTknr9lvYnl0c3k7xOSUUx2ePIcZOXFdz+YkUCHcERojL+1Vz7Pg0y++pmgOqvHjUxWsaDkQKMiHO9PMRy9FjEzNwhGmUcnYHJBqm19qxY4UEmu2Sv1sMXn1DCocNJc93A2DdAcQYtSw3k3Okpburu1sBvOJU87IFgn9VvF8TcfkHhiBKlPZjYHdKPrlpgGwuVRzmNP72DOsIF3UMXT3d787MUTmKrjVyVu5/4Ai6ctkh4TORgucyUvNR6pVnB9G4v35qgVlp6S2oOxQH674ouD4k+/2CTLUF5/4E1O5w4OY64+GEtt+1/9iOi3f8MRVVDY0xeriz+aUAp4uDSOYKG9NcBSUphD5QbFCUGuz5+zMXaz2Wcxc5KgRT59otUdRBUJj/5ywq012s6VY/03pxtS0pgbVqJ+NBT8iQGkGY1WrzURcUC2E1xXkTdg8AYUO/SDJQNkgjq1bSc+dYO444kimAyMdzntt0IJYZA8gspkEJYMDtGHyAHmkrV+NJyXk8nvq40M2pafskBqZm+7EvxGc4EIFOhZiinSVJvHhFujqDcAWpQxwuQlpoMnAdkkCVm8zjfd6UdGJP4+ywPl5RO8t2TvGvYozet87W/yw4CxS641LEOrovtmIQwcGjJIwl0GfWAOJchH4F98wJUm0yYuX/5C2flP0I5SVp7xIpyhSaVgFm3woKSDxfPZy1xbGOvM//v+YLHTbfjktLn9a7bCsY+OKr8ogozENEyvODJX+5fy58tyaEx3RgrETDpzpqZ7paS0OaUOUQ/7IPPUarsi+CDnbFIjihcn2T0R9nrxihs4igNuFQaAxTyf8zY5DV1KBZ0PpPtZOp9/BLbk+hzcUAh+x3sgsH8sL5SkPjGUr4QjkmdrxFs88o/ZZ1NMkEd5GcM6aUvemE8AlDrbbS+qmMbGuw6QUu5r7Ty4bHRqcY9ooyjptWCnBf1D/Sun8iJgySDxDbYWVbs4+YMtAuQS69ifp4HuJL35s3Ii2G2htuFLLUIWeeM2L+D6D77MxIMYggHw5oQrKnsRzDLCvwmQRi82HmJUNwB8PvcRVy13z0Fv2n3tgCf+bS0abW1//eXldh4oC5Qdo5qSdSLYj9TP53qPhnSUQbj8/MusOSXpts36GEDnRPMrArX8bZVY64NzlbNcWDJYNVxOi+90jDlzB10MTWnWPn8cfGECJsdkSR4JARamHFQ9FhQLuJnsLLuEsflNCuL3oEX1kHfFZ4WBLiWBQ6xssxOUf2BOzNoUZq9K8pI2pUVsNiOOREef9OqAHnplQ+l95kdJMUC8mkM3TXgvDXofaYkhnk7DH5837YgxrPdorfI0diqVnS2EZKbPh73xb8pc1p/ymxeEDX9SRwixnKHvjCKhOh/eNpVX6PAZPD/y4AceRYt9rZvqL1YTLLQtQJGQgymk7aDTrj4qsfJoor4aKrm1Vb9s2NdOLxIeyaGjYfGpx8v3CGGDzb1JesmXGt9rX4c5SmAqDk66vUk8qokeDlFHPWrb+NGN0DemDhIOyoFXp4vGIAem/QKuaoRC3QrooRPKFy6nDZfioZ3Mvm2PjcytsS66jZH/iLIwRkJSYDvF5fq/NHJtXwCbfaCnw2cULgL5Cd3ntqfWdN/+Tnk1AH/I9nIxZBDQBysPRLHGZaXfu96AUZXaz4zPVJ1ys+It+73I5kUdx3KpUAzyFbIkYaYv4Y4wS+3E9Ii3v/6Vv9+qra12LorhAn9rbIK8GhkTb/ezG6gkbvbpLY6ppJXPMOaUJtvyrzfP3zAJX3kow1ps0GqW5941sYA5cMlUQ+ds5HS40siavKQjkOVPYmfNnFK9khQQKsiaXNz6sJO98PPzzJflmGTtMp2gk+Jcf8JOHsiyOgAqjkBQZamG3j2QK2wWE2qPUOp4RZ4lNLbttnJ/7nlnZ5axeG2igp24+vHz732Xe5V0TU3bIxFkMWphJ8NpoYO7TJXClg1QQFv5mFWB7lPei36iuAY/7Vebt5vC/KcHMbCfvXqKPNCwUsWjT1mYfXTigYjQRUxgFRPk00q8dxxlMAt0gWoBt7sV4IZSkmZvHg5D3E1A8mB8Pxf5jyM+jYwBkGXGkdwLRUiFbbDM6qYj4EekCQcfCiwhTRxUqtm+WXlu/sztg2G/qRe1x6lAsZ7Dn66aBEyumaNWd5aTuLQ8p62ssgoqezt7Y+bEipU2ZND4GmE4kfjrlJzDronJ0L60/bRWIwTD33npAnKwYCP9r0zb6LkChYu2Xv9+pi6uTGql49+fUKX54YEqRC7ICjDBSqSlLHw0bBYsPs9tmQkX12F8v60GeqL/A2WMyixLA34ykhsD5g+GwvqkNaNzsaXm10ow7gezDoo/V8awM0tl2GK6hBlxBe0F/5nSNH9LcjvESbZRR0ugF1l8vdO6vMqwYANnndY6DfAci6iSguSv+otPurcBfyo6QRer/8MPB1B7DCrRnJFiRIHY807AAPpnftDHXIZGG45PsrjfqDGjzJAZhYdjk3CmQYuwzufoQeAis5Fu8W6gYXdbbvXi8Htk4TsZilAyB9AXVczp+7LDrDyqKol//7lYMm3A4UZ+HnlM8lgVMSx+sy3Vy3CDFNZ/QKaDTzKOp8XqILFszPu9stS3U4bPgtPxcLX9mtDISTLZwyptt3IyrLSgmtiCc/f3hw7nqBmoVQW93aqbHTZwnPN0JE61ZPvpWNsIjRWlmfT5734iMPrhUPf3byF/Y/BQT97L+XW+xzO2toIR2RbO/L1Xhrf+Eu7VGGk1k2F8EYd3fHp7MAi2YwvE4q/q980Tz7COJqVxy6x+Z9hyOl5RhC+9upxyBdR6V3RT3+VDvvd8qsS/PJFgf/Lz0yMIzuImyIrNqrKFSCZ9T1KFAtNx9xgBz8enXso4eeg5nbaHDjx4PYEkQM2uGE/iJdGwrlGrPFz7e0Y361B+5XnVt8KMb6j2fbDOW9sVO6t7h3VWe7Le3o3AbwqGfkAuOlrKzO5LFdysb7hrDuKv2J4Bq1K9TFLZ5ebr8KMaHUzi30BEgzhus+SSk5KEosvGKkQRUrbgdwQlP3pbfUk8BGlWnD3U524HbPRC6UUwg5zUn0Kk9sdicF9tx8BrlilH4Kj8gZLA6O4PPV82IvVsl2RTzJXCGb7NspBq+7ORImWIVDbz9P1B5/HoIPtAcPM5TeRWS9KyE/7w8LDJKP0ENnt+QxdLvy8REZJXNSbZ9l+xt1p3LgXIYevFFUW7Hfz1TlnJdJts60DH8j1pV3svCKfZaNGOSGNft0+kf2zPXzc/PrLQIkb8DtFfarkh3BnsQETo4ji5nLJ6bdH596OzttaE4q9N9V9KNVcu6o/IbtnCbXb4rComZICEvy9JC2nC+i/G4/gjY1Kjkc8iEW+FEcpLImjQsWd75wGxMRvQzdpR84GbwfhozZO0r6a+q6flJjp6MiEWSSxXRgCj9h8+iB+mKxrXyJJHQrnPu/7ee79+GnrnyvyT/0mpdJRll15r18UmmIglpmYmQq9HrjRq+6u9vBH8Qhhm3DHGiHa919Q4IYEubfO3emFAGUgBvXhsFjx5hv1yISjEwomKBVFLJSbkeMnbluXYfOmJ8SrDHkpG3MjyCiTEZOgVehs8fbkkfX5+OCwh98lWqSDhL2gb/5sYj1btE9yAhtWfyZQGme9Rr12AncUhc9Mmo18cdrg9q42eNdZvEO6oDPQLROMy67/YtnU1m1QE4iUT//zNn92e2vH7KxBHXK1plLYBYjmgwdEHNiXHCwdgU1anyReidv4UGliO249Hyj4RXDaeffYkr/k48zXE65xt5zL130fp7lIb98Vw8Gbf8+bFSI5GMqFyDNJAN/2IUJtvzBlfTAOuHdoKxR64bCgcDoocDkNSLZDbWtZ3o+J+gEbn53/5Pf59Wt/hhaKwRmwUS0P0aeE4x3Be/C5kR9ln5sW5D33/sbm6X9JYYt8kAHLdIWZFCJXbJBeuLmySyYTEeSUZ6VoVeJJUQp7HADliHmz5kzwOyXcWrXv+j7n5g8QOvYEnTsLRVsTbPWX7K02pwVnX8rcWr8KkyfPjr1HIugvzYBMPprBKVlUOyNcVQ4Vxjrj0P2WgdmQha63KOA1HH3JNvPqbYDdI9Svb0DTzEJgOzDYVfpxgHsGe4fP5f4Kb9L8Ae9smIzU6F9DfHrcGmmL4IFyqkchzrz7q+OLNqJ9LUv0IFC5ORj4Z4Jjj8iiDL7pR9rddy0qDJdtlH6NtCXJo/SEynoW3mGVUhPMIDw01SNY+PtUxAmCWSySh/IkswBjoJnFJPmSa6jDNyVY6cYLMRx06VfsSDMDafpVj8xM2G9RdlCx2OGVLkEjkx2ytr2OKOlZeMxBk5bqCHYyZhZsi+rSAkFzgI+R6jmLg8fzgY48hEG9S6mrWdUYa3EexkHfKkH/TRt31IyoAELVAyIAjqccZTlF3XAllb+JHe2w25zbix1VSMkdUreMGJPfo3OQVpvn2I188cX+K+o/kuToMyXNT1+lIx4ciQOoFpAJtR1GXPTjyaSD26FxBrGg6yPwexr5mjtk0saFsw1oKm5JjgHJfluL7vfiR2/V+23SNgNwSx7iDG/WjhzfQIKIy2DdMFqFaFuZgYPyREmqVCFTOImDPQZUGxPUnw4gXKlnK2hhSc6tXfT7FvfzT81xXu1bYY/eiPLvipb+RfNtu/k8M6eq1lf6n2azvnKy4ei2w6kCzLi4tkPU05B9KXvmC0cF6vqXxE+8hNrn3frZxJthLWoeaS/qbsvpQwE/T0KwiTGKTwA0UMDLFyD1k4AyTorDyvNHXp/OuAa8+ISPCp3tufxNS/jzpeF3T+ghXA9yS9vT1Q79OmBqedUo9MN8fbbl9qEzvIgoEY8Wwl8mFK8AfLt16l1AtEoV5rZ/WL1yDGaE7Tx1TLzAe4vHugASC+ITUWyDIagvsUs2LrO5IZDwVy/uPL2Z6k3PrIZlPOZgXJyB+pIzs1YDjlF0FQqQPExktootQLaqLwaRyVa02Z+zd9gp56kmjxp2IWZPf0cgCmGrhlfpGi/Pq2MtuMa/G0tJetsegEx48dCdvl0xy65eajvPDpIPUtSrEiGSyVEEfxp7AZHRePEr4kieyD1Xev6V7dWFQdJrVPKW0uu2vMInyvpyPGeS3swMq5eQuuNrSzU3OT58/xz/ofZjwdJd3piP317+gQTjSmLmmq9ahDpITnv5xI9yaMw1J+NWbZ3TxbAlZ4tb6podCMVsRn3VLl2cMZqz3iXH26DcNNVBv3V1DlSopkfTB7UWPmjQdOgr4YTO1V37FNiq9n5XXNbdddnC2xprzWcyxruPzH76INcUcp5MHaYyUfaS6KUOyY/StM9Rj4MqIop2SrLX7yy8LcXGyaEevuuBE6yuS7v8hw92tGCBb2OpN7k6BlEuM/qWG3yQX0mThdRiS2Z6oPzgkEfzh4zrry33UPCBEI0g6fwongBLAEme+1lELH0QZHC1w6/wZOk5gPNe7SAJdQN+NuhweIBk6DHun3fm+laka9G3IpTtZF5sdK7nynQsLtWdYz9DNXzcJ6Jh3ft724ILVCv6Fc8HrAbi1VvGtSVl5ooDT506PDb2VhCsqa1dwS5ccnCRorWyUXc9tkseDF1/W1UZpEDw4DbSagPcbhd3N+WTbo0dK0M4k4JrubZ7lw/svPXezIxBCtMJbhAukLBaxtq21tOTlEYK6nAxssV3FCK5v3kROgaQvIw6cmemlmU1uljgzx2rbsOgmOaHG4mWE4jV6R+mfxYnqIoQffJJqhbES9hqA53vfwu8NzPy2sDJSI//ZZ7Un6WQAINUFT6i0NjaKXf53/LtklLfZPxsBOsa8tpkyPuXtsyuJfNGlqfeKC25iFU6sl4RE39m3+z2rUySEUPweXL4MJ8RWbB638ljWmjoieFzRnfLRYPdXXGtj8svXSzwG1dRziea11PjEXReJueG6TwRpz3WgujVXDEFzKhzNNkHzHJJlig0AVSlaQaQCGlMHhuEk5zpjgZgWtRCiPacqMvrvNiaL/udh3/QZzmR+fdJkofUP/TPzBiKCgAdcYS5fKeodw9QsdH7f482xU2i04tDQkTlW/jqhktavDdPGnkentrd1B5Ko3E+/ObPg7Drx5bciz8IhuXBQF5QjpPspi6HEiw6UquZ+g4Ll025wpcEqFVv0HBqvKC7AkHjBTR1JWgCVohR/QyZ6UHvzvCJC4DvOuYKjAFHQkcMxrNxoGRs9om3lQisYwLRkp6q1BzP/OVI7QQAim5bOCrIbeRIKO4Eliwg4jz0E0H4weRPNGuixtU6Op8Xj7UbRADBoUy6JNwD7QaKhpXM+UFVD1QUB4Nii1y9XLx4qg12W56q2xuLrJ5NcrkZJyNPV0+cHrmCuHpmI3MiKuKD+8deaGykvR4Z/8Bg+PVONA8h+JcAeLeRVB0DQKKxCQe3t7gb+eiikowcn63MKmSjjcvtYa3p1Q1L9XTyksUvmuFRrr0rMzJSn+j2ktM3nCqAPFVjiH8ZUpwh+oYlNF87WQCLwpWII2/gStIf/gD4drwLWbuHg8pfCFAHHjFBYeEzJzHYNBY8QfLgYuBfe3N5DnW9/2RWVaBQVbdiqMr/9UoQ7FlRAepR/U4Op5H/PakAv7cxRuOPE1GfTgf04ZJmIfXB+NqRNb0x84MUh2XoVpkBH/0+sbabcQ4ZA6j+OHOOUPtuLLy8EAv13Vz/3uaLqT0BrxqfK28DOOgZ5VmSoJNtdVGU3seddc7G/Wc4KPdkT8P5gcaPRxQErrEVanatWfq50zYGA++VXCxC9Kq/S2MzEqXXzapLLChUIUV5GD0z0P9BNP82z38rADsH4yDBFcVE8MwBWMGdVy9qJqFPop4Wt3CcdkUdtyXKK6TjU1HAqm7ZxURt8q/dzDy5AtgHAdJAO8BVi0PfNpKm47H9W+ma8DXnVaWwienmp79VNCm9fX0qzoQNkpreaaNHRyLjO3w6baa+n91T9fO9fy700U3JyfM0YdreWf78wfQ5+rHd7L5fvZ4KbH+Unqc1LKftZtndoZp1ennOlXSM/tf01wBweMi7Wmtr/XCH56mgYewLqGIxsTS79OzJAzfuuCRq+Ddi00nnQosmxy1QcqYo0/N0e/XuKxbAiCnqWx3dnhOsIcN4CiD+UtjmfvNOL/mlATbUW7lfOWoiM9lPQsVdulvFndryUgJmdsPh1d4EDvLut+ieLUHIs7AUwWPDz7ZW4Hzix7bW275KPhPyMPstn/An354dzB3xTi3xpRXfnRNQHq3R74s+JxSAaLjATds5mYERSEdYXMOLKGRgZHVgj2/KoxZ58Rq3jqMaxwOdacdR5uIZSAHq+w8/OLzKvTeqcYTi1E2PZsJ638vZ/LK7nm5d74+s0zuDw7y++7RIRwhXxr8r+vNZdAiVmdj2dpGwwaR5j78mG/o46IC77DKHCoob6nDXLHLC6WjXZFAyFRdHjvszcwEd+jIBuHmQoovuNrTju9QmdWCrmJ5x/83tlnRGqE944jE67ibPaQx/HC5v6o4UV9L124M8VmVf+wZMIfrbJzkosu9lqPy+AZKPZeKMOi1uTi1t5B3hBvjoGcSq+mEoD/jAEaTy4mtvHmF8rrWAJLMWgTY1UNpM9LrL3upLzYlN94lMtDhlBB4XD5UB6hZxanQuva0o8Xf7L/mnA2kNtKdcpGp51C9zoD4RYCLYGOHuVdqcFlkGVz+8MFKR9/khg/1ePrJruCK/5/e4dCg1/AADzICfXxro5qqC5gnHGD6fiBDVfXMpyh+wM2eE+7NH8sYhvFuC7uMgOnvTmZRPYmijaiaJjrf7QdqOO3G895QG4sjemL8UFPhyNROjAW5V5RyHKFBsZFH2XbiPB8LS5VCFNFlUcRiAz+kJNIDkthVgNp5nII8xDMZw8AgVF9np362mX3uj11PehrVXSEnnUjn9SLPFTUHSiMT29tBOHXpOKEnG1+jrU2wQ36RaLhiSKoJTSnJD/af31e/Uq/n99Ah1o0KrzzKr1QcRV9EPTsYinzYJXcbXZslCxGMR9qI9CweSEUW6pFlsEnLFHat0R4ZleTTPRl6c2w2euTyBOEgJ1D8rssotil2YeSAA2hdjrmtmfssQTAIsFfAiJfEAB60TuTDXrEzVPZduAgnwuXuECc665HVdrdxP9G0ZKU6j3LlCVWl6fE9hBSBNT53JrEZy0F8dVazCWPNTJUypshwMvhFXlAkvUcPaFeLF1YMrcfaNrsm+6M9k3hQPHFp05z5xcM8Twh5FfxwC4dmhCPEbfflbOoAUWntw9ebt/YtTp7W3mC/FaRRrDgj5vIMORXfshwCY7HayAHOXCwT2jkM1GTn/SDQvMXtauRLzo45xEVdSZxFuQzSDhqWV/YSGiX0eRo+vOyNtWOic47dZzUnlGXVF9SCqYFeFqmFOJlWwYuEuIPyJNM0JhxNLiZNxDSSZqfqHHrkyPuXxf1g693im//f/O+YYb8ecJ4cckiJnejmbTkYkkopVzmfJYXNmOY5UcsgcEpVjRA45xqbSJpU5lNNksZhZaweH33y+v3/cZje73dz2ej4f1/1xXdfzek74gqSYAh25iV8XwKBdf6/ET2mg/MR2T9uwKwY7mITz3fMqrIvSAjsNAVXJlnuCxGWNo6ggD1VrEIgT3qtF7aoWhZfKV2HXnq+2do+ZinPC/WtEx7Tl/k16rDx2qk4GQl94uBtzz1rOc5SHCtuec80PulQqU5UnvuDffISHRbw+xZjTutP3+ddjBdbO80Hg2B8g5OtB517wl5uocTmybRVWWkyA5ehSjXqa7YgHZwuyeK4OACritEJ0HO+LVtGcdHjqVzxiA8z1rXK1oXNaxomlYvyG93zFQ9hBakmPG/YVp1G88U+i90jLFD4ohLRPfkn4DhWAE896xOt3fKNya05pZBvqt9zJ3JIl8YQm4uq+qFHWJT4vvRkEO4e56WQ2m+ejqp1UN74aXhvvDuu7aBO35BlBmZ6hoRBdh8rf7XEkTIb6iCnu/0WbGlQ8SqXUuDrHMeNMsL1D8nrZHPDoVqwE+5Gmw8+JMzXlk559jE9KFKDrSA2AA7c8YXlzddnSKN4jLnGLUr199ENAWfsRjR7arROAacPIapu4wuRIIbJqcr9gd0XDhMDgHNKitEbkINNhmkrZr1wPnwg0GnJ9s+Pc4ZLwcHszm7IvizQ2O+GQoRQkhfGrsQK8eCjTF/M1WDyUrDfJMKcXZbBf162+gShBlIlc0muDpuP9DqAf7qD10ZgSK1DUYR93AybOSN/sMfnv2dVFE13FTYi5ACrjN7Fdl9uVdm30efoOOrSE98whww6Dzo0zn+yXusro4Q481ze6FR/ZSMgu6Zl353S8u9j3ftTiSwRSylZ8i1ZgqzmfcFLlga7KpvUL5OZrW5RGwLedF/IJk+vMoP5vl93bIlyP5QExZFc7kgTN8Of+i+NzU39HdjoqPDY9QZbxhu/vhAkmmFD1Qv5O3AR1Hyz/1hJ3ECdsRwqHxt6HPcM0Aid+yNIWl3vnIgquIcP+ZO3+PNy6+nEfH/O+0H+7q+xpxuni1+SJCyLeMzOFWGgWTKnOCGWkdkLjTs0fanB5l6NS2r3gqbWo9e8nTKdU9hCf+ufC0/I3tf8j6XHDfYWy4j1gUlomaxPDZ+yD1ieGlE4wtQTXXNScshuTIT6VyHu6rDNoQKSmudFE/Ob+4CW9ptLFrX0N2mvDf4p918zNlC4bk4x32nq4GNSZLL/4TZXpEwdZZix19nx1GuwQzggUxbY0tgD28Jn3lJ0WE/HjhUgeuIPGg/JTSJhSBAkqtmMhiEdz0eOetbJNfZS+c+glrg/tqNQjc+/rdU9+X7IthDRZAea16CTZfdz+8Xd+80VvFNCkB5tBaBdzWpbY9S5JVq8D+l7ej9yZhCSHp46zXCgzMR+du6ruH1R71rKMUMzCj5I4P4EcAWoWG3c5c85/gh2CX/Mow4oKM1uecoHEZZnOhLak54eYF/wKHWLilMqfi8JlyCVqxkwDcwvO8YClgFH5QuxEKxlQsTkpRLQ9uFNPmMVPjNJxS4HzUMSgPVfVtCshqVaAzjBu7f2pg+vmFvF+93NhM/zEmiFAmCEsjkfYggxpssp1IYJg4I8d/vaLCTBnoglNr4MRTp5EWIO0FGvL1xq5E+NbPWbx0Piyji60gdzc8JdCjbrlF6HtE3WWcNJsFTLkCMBcCGgNU6/CaVwxYEmK0rSImie9oKCoP0B07pVVuVOfGgQbJm+CEl5BBluxoYdp00ECrK+6PiS2qslDUcv2w0BctM5kSfzbXoa8TkgCn1BaZGv6URSrNJza9v4OES1IrklLJDjiwBPM4S/aOSRPWJi6Ncpr9J06AojcCSt4+n7f7Dvd+7TDTZQhUHJLY2vCCrR53uNEJTaw9M6R2FvEKJFXPDTPlQj3I8z0iRZ3lKTOq6hDR77fXWoEzo7n4kdn/FPyTRugRhWPLffPUtYRY9CVYiOCyZdSMJdl/+83LH6Sagqo43iL6Pnk52wKhXN9goK09GkCkuwdoiW5y9ZJ2Ux4anQL0rGBrZQ+CxpPSGromZYOpfMD4EzAL7oSKYUHZ8AoaQCbqQlqcZs3m1uNuUk1X8+HnonBIVRQ5tOdESvMi1+F8lKXkz2+Y6zKZIlj3iLwTwexFrFjJr9lqKuYb5u/kNHUszXUWUYOXM2LrcOCyHLvFOd1coeolhItjPBDD07O2dDeIaSd3Mo69j2EkpUIcuQAD7nrQmftHv0+4hzn/rz7GzqQPDxrIviNWCOUGFpdqv8YhzSlQ88TXXlIrs8cUOKHLPXJnk1pDx//NLAHuOi9bHd1ObJ/Wxp178i19/I5YZWf56IblAzKYCiy3sddtmDW2gH0jahru5uI+zEvMjClIwiY/9K6my2i9PCW20XLh3cDEJGJ8zU7/ejFPKcc5yqWXD6MSVRFZUsyCpbPqR+mRHQcYnxaxtTNwNQpEwHbrekw6TVVkCxT55Rx9/ltmBE37EIl0nQBal8jCpp8JIAWkOUXNkdiJu9FqJv3t3qdku2ptUj8dbXgAXVZ91p/Wv2z8x7dxwW4h3zFLALM10R3uJvvMqVO3pt22BNZHgsa1IqE9T8RpXZ9us5NfAs2okXQfXq/Qk8m5ptyE+ZuZ3DHEKE31NtGv/lYvg192wR5mGwRx7AGmTO1Yl9mwvNK+/8NJ2kk5c/PrUMbi4W+x01MeK+5oxSvEpeHh9FxhseK5T/i/Dr9/1bh/JDNXEzN5TBBOI2RdQf0nbg86hC79XHDZK5bgBb31WFnTtYINGsvGtzucvtb36z0LOycEH2nsQALnfnlqqDa4/EK+zDYQPZpnlRC6PDNGneQLGOOsNwTqoDKexUMKxZVcmBxuA8rHZ+FNWSemSHMY1wrO5QU8dBTU9+jHEX/Emvr2TB6yRYwiAu2nDn6oK/D94YnK4vue81weLlCmsUypI2sfMvKQ8tb2i0EUJ7vTP+UI9QccJrFpGU52y0I545GpVELsJyqVFlpcKQMtsh4X4dxcOxD/KzTAkPvrI50FZtAiakotBTLg8dy8tKWNuN5Hwnjb0IXRQttnKHX62bDevmGB/3qBwf9TBRg4DvFW6DLhcAvxR0bkmW77uKKSaBGD1YRvBnNptKKEy3IwcIOpvBsdlLINWS3nmW1U+wimM2iEO/L7g/YilieYYuq1RGnBPz3RuYwD2XR837mhJBHGcQ2G+b7qy3CW1eS/t6ZeLoYYcj89Mv0VI59KhDKd2dglwMBtE8guECimXD2EteyECROutkAEef+N7GbtvWgCivTNYFeJfqzTT4g2CfJ8K/CbhU6EFWNmcKrhVWiYdts8axn4yd7v4vAuN5jmjg4YdRWJAegMij578lNkH2Z6PkbkSWITgY7XIoK8Vo6UCflFWv5CZPWYgI7mtuLLyq49vxbkXHESRep7Ph4zXCIqADdcexP+Gt5RtL69zKANlt3t80WJH8C9rXgnaUduDip4KOGYzISwEiMA4EkaOjDYnEWMZ/ympM2obhyedKoptdgAY2rPSScUy45DiS1uYNO0KYvpYtdP0ccbsEmuN9ElT7HI1JAZ0iuYBDLTkqaBbt56CDFmQZfki8Z1SYts/FPjq2scIp4GZffukrUerHHzKKRNM+Kz1lWj8fcBiDdeRl8ZM/DxlJ6NOH3m50Gg5xEA+g7roc9B6UVkCDMvXMJ53f3fGmZjjjd808S9ytZ6tGefUMJUtsM+CZIEO7onnBjNLD5I8wPDz4Mdzc0R17mYrQ4E5fHqiAyGcDGb2FW+lkcwoj1Vh169qlw8H5qB9Mg9ahn4N8xvnkMaLlk/6/b+KZLBx2j7Li5njX7gJc2/Rucb8npQFKtQRmVRlwPMaEVqtSAeOkM1yGA81cr1p2XOd3EY5liEdkDUUYGlhdLs3hK0IDOdx/QsPWD3RAfkwlBk9XbUtRBWVSqNcpAnbp1Ba1PHbPttlQ6xlLLezlUOebqZ2zYvn/h+a3vUH74a/JCqNEDrLf9ivVibBTZ+n/a7G/LHRJ4UyPyhBUoH07Pum62NBIXLFduI7FFa4ntBU5Jr8T/yRj+N0ve6Sxz/jV7OLZt3eGrEl2Dq47kMH+ZrzX2iiBN/brN6BtzaciFVeO9HKMd3KPo3yI/5RI5nIq+uHjOrrlaEaHSLMm303UcA+hLw1jfE8yu2kzgKtnVeQeqzhEPPqlPi3uPQxqeAITpmldh0rermTbQHKx8TtPyuoB54Rb8yvelbXIZlrxQ9iBky6cKU7d9xGTf5z+V9V2h/yuzVWWpmbrXae9daeOsePk7p1j+UE3D5j3N/S2Z3q0/Npmwn2t/hdjW+vjPtU6xMFF8eidfQCnMRtUlwAAMOAkzFDK2CXZuFaXpHyZd8zB+HXEE10bNi4B0RdBohDdvOpARQB2rG0dkKNT9rIgXA30yTfP69031raBZzPmepvk+pGpds483VSvXM0kG9XnmcKdP2cJcyJkPibunK1i+ihWseNXrO4nHr6uj1zsx61bqFLOBQmzcNrSHsOVdPP0EfW75c0sr0kk1f6CKBVyYLrfZW/hHwqH7zt2JC1H48JPkZNK+kdFt+c/ES4t0PPueMG8Km3mh3v6vsP3fox3S5vluLq3u4Reuiwb1XiMjOmWm7auQyENM3Loko+UYatQCYO+eNwx+Yhs4DUbTBt/TGo3LaHubs+XtQJL48YV7tldO+iO+abazLTxNYc7sxPPKZZGZNStUv/lB6uABAmgkAqbyfcttW99Sg7e4gj4aoeR9YVOJ13585ymZ7Q3XKE99cpARqlLKDyV4mGZ/vOYFWRwN9+RO0DmKGhqoAD8fR4wmm5xccJw9bdKf2ucSLyiw33ZQeHMfJ9vu/9cDEgh0eL/yziTSeG8Cbg6aqrUH4P5lSDmGBVSEIZy9omcNqA2L6BG258ix0iLwBjugpih2VE2Ka8cjBS7IkdgwDIzFkFw9yNDDtKOgf2tz27Fd8+69VujoOFpm2j/lFFimVTud8HhLyFp232UehzbvCracvn7uo1402nJkL09m8dG6TLdUs8h09ofzxtXXSVe/CnQakhcxdaHvI7/exvnJCiGA8843eNnoWfjlVCk3SOR/F69JMt++ZzO4IPxXwVM2aRInY/uTAb5cHHqZAwwoSTIUCHmAEuL50HalFYA4ViNgC3AxTy2cdgmlBkhbVlijfm0t48o5QSkwdniUqaiB8tBleVHQGjxe9/FyFRcrnf8gKy/GynVuZ2q2Yk9JZ8OuZhmxt2mmjG0h8uEtrbT/njx7D3CPOVVhOQ7BU93wdf0DwK4JWayqePbDcg9TnzR5PQ1+YRAS9lgku34CqUT5ra6KymeHDBcRtIUw/dTApG2l0vLdu24DfJL0AkdcnTl8rhOyfidMq31iCMHFhOHJdx94KTANDO7fQdncRDF/tSI3NJvNHoPj4Jd7Fv4Av1qQhjW97H8/4RQ1HpTZkj2AlWR5CMGzu76Bc+DZr76BzYdeKTcCx/CrcCF83fNDLH+H2N8+KM3DtKwXQYJwJVtSUTFO0sSVr3ifKXjebG50R5lburMfYf9H6f6cn6dOLYa42iRFRF/6COnQC5GkawzgyTXnjgvshBPbut/gvbRtqiBCIgcXcPZ/Xr6Xh7ABzb+yAErUrrRkc7K1dKv7/uWGbwgV0IPnq2c/H214IcamZn6ixK+K/FOd0Q3R5hmPmjRaX0fIndXuKk+9/fdLRNxyMWFzhDdT4qLp67M0AsahryHZeKxCEF9zJIqOVlChGPiiCMeeo3J8lZlvPedLkeSr85k39t4cxoaFGCzU5cnt1LdAkuVYjn+AJK0W7I1zZAn/98BsO17DOQ3OlYcDi7Luy6hweX7Fa2AkWQUy/r5pPnhITDacxlfEeqZe4KNONV1PmzNQJEJbv6HnJRke74FEg0O23SCGGWAcSgq8APE9c/efswQLCz13R0qQiSsqqOWF0y0d+9LOCBwhB27C60108o31c829ldlRn3Wh+9MsiFhfvOV31mk4YE7LBHkxY9ufEmebv9hYhXDuSzK4vtElfxLWz4u9x+S+3T/LUVfRP3yX4A7T11CoWl/aioo2E0H1ZQZ1NsrvP1KtxHat/1uw0OGSQtdVUnLP22cCl3/9rjuFq3v5MOMX9JvmSV5a1ZO60hLJI1SXFJCEnSvmMcgrTZmSQAnZ8qwO2PJ8qHUVptsqjZoa2/VK+nx2Rz/cjJG4oEo5M9B/vm4EoVas1syWd1ki5Ge3u210yANfOwC97mY/Vfp3y+0wqJdq/d8HZvRQECh/SH5eZ+EiEI/xw8RIUSKqMX469gBi0aJQBcWjSimpsgKiNCmmzXJT6kdRgVcJbcRMbQYAyeaCN1gBDCOmh2nHq5nyIE3jDeH4vYgsRfTGqoygRcz6Rtq1Z969GY1bsk+6GCZ9NxQE5vW8yKGb8+SrdTfIQ8X9C13NSbYln8u2zmG9Y6FWkj+V4v9zUkXql/82MJN9NPpsa3k/XTjSov+JJaWwCmsf86nZxOwRrA+qOXma6913hU5jJv7KWOMveb424x7Fjtx7L/+6dvbYszWdCrVna3rzO7EWYsLO196jH7Hjca+wIlqChDbvTLaB0WxBGrzO4WILTgyr+6UXfOdHCyJzZ+a6qSBVtRLZ+g3xrJaPFg9PDtkPQZYZhyqfJ8Z4vWEQ5rBDP6GdE76pAWXYItwSFAzUTv6aPPdsnBAcmzc+qkSR+fTuRrs7aAWjqxQ5O77+VnpPQL8zfuFXU2ru2ofmOPS5rzVFqR1/PdLPuCMXX7s02JxBalMDRBQE3qY9q2iI40b/wdW9fcwDDySdoV9srLet7wtIahp7q3uC8rtHFEs9rYLy0/lf38SFAohChXxoOoB1IZxe0qwABahTWqGg4y3IPIc4zxz484enaCWPP9CurN5aqNVdJ6eCISYGf9Do6C0X73Cy4iE+S1nGzlnQughgS7oI1PZ+QAQvjwNV5h1sI4wL6VpBhNlnvEiqdnpWu3Xtey7xCzdwPBenYcPHtBMkDFenA0KOv06TJk/dURLiAywH1GN05UbYqm0S05EMtHnICRGW+260M5yJUcn5G9U4BBfqhQLTEQMWtAXYEvioQDTHCthSYBgcwSH8cnPhMBma7AkoSCTRvwjCnwYosHLdrFBio2rncH4yyGSgUZz34MB7Y1HmfXfUoMXZNF667K10QJ8mhgGreWTB7YqQ6fBULdpZPV+QwE59KwT0OEaYRr3cyThFnvRKRl0XJE/m1NZIKpKHJ0+jPBzOOMwNT27dMhbvOE2cNHrjpcF8EuaHAIy86C2Lk75hVlyPkc/YC6TW5bo4Tc/4w3obbAZOGQbUz3zI8UVt/kzz4Zie6ju8o9aCHKM3fQn+28rFeuj2CpKI9+s8xCJ9u4mC2w8CfylogM8Av1ppiEeP6NNMfVVJtjECjGs7y+Y6G+F826mHPb4uKkl3JA2oQlF82nRXSWrRvH/zzoCoUE9FYyBDICgKzJs0NBNOlDiWhtIp9FIzbj2njLrMxWwI1LJGrXuoI2zZvzHIZyRewfRlqZ72g0jR6Xf+unrEtpcM3nRDS2wlREYo7K8PBr0tjACEWc4E26gHYCvUqc5bOk1PU54+TVRJMj7s4xgYmH6m2+UmKORSNOAklHHBqkBE8gurNODW/Or5fDAX03FhdcqIuQAeAuS5v+JXkRz5cEIMioOXXlgAqRRjBbM/WhRx/UMMSJ3mcow/813KKVKNwJIPHoHwQWGUlTLhPBsTmT4gpXJqmziDTKhleAnAd+IaMoHEtVPE5ZzjPd7rk1MzQWIbtE0UW4cFmPi1HVtr7OWFRe+GfIu84niSba3YVr2Jdonh6ZZMpSAnyloVSuuKyU7VRcuik1sSo+1bPkumbqXh0k4STsNxO2dNkDUcRB7tDIWRMlvRpW+JYrGtLCeL+bjTCma7+RRvo6Ufe2ULp0PN+7wU8mST1H3P75g+u9abYf7vL3rmwo/S7OL4PzYrZwPCOzipE+YvbhAdQELjwOVHU43pwLc3NT0GPgt+WQHZtxuKfXuL9Txf9tbgc4xLLUV7Lmy8Ulc7H0bW6XLaqAmyyHl4AiBE9J+SCNPtzQxd3huq/fx07B+PokcaJKCdjnPxjptPzEQ83UPw9B8jNAZJvT9V4GqB0UhVq3K6LFzvWXwUdUSep7phyji2Ecp/fT8e0I72ClFiCM9ezD+aIIVZVS4fPcJxcCWCUC6mrvR6EfINRqPfHTVkhRrK3fgQFnzk7LfpK1vM9NP+7wjPxPRLOc9Q8I2Ejx4d5rLc7n/As1rmzmG4zXrcbcUPsF2hin3mlV7yj2MP//Rx5xPeMr8X7NYb6Cs51YgvGBwr2fnhjIvK9rmQGU9sLcmf90WvfVyihyhSbi0r/t5URdWpZNgcRW9FbmpG04/mW3/x8vxfvqSlNISgIXQ1WO438+fMposW6ZWKKsicqQfye3DPHZ5jVnbI92ZzB574wQtuFB8xN3wT2SnGCD4SAnTj0OzV/UOcWtgiGvJPbAAse5Au6Xl9DKRKdYGiMO5K+I3rQnoS4MXQisHnIQdz7D8OPbnRtmh8/TCchFndsgKQy5gmdzniZPAFI5vvP+4QPz3HIfI3P3we+asqEf735BGjvuMaM1M7dN0c1Q5BvoTKdxe3TIVmvkNbPL0gZ9mkLci4b2Cs3CdVQL+oypTLSceSLD20n18+vcMRNFXf+m/gyYwe39b3L/fL63qC0W3wGNkqpADbPC1MKLOR1oAdSDnFzxBU9Zf4x1wswIVYx8MUnwG0MCXuWitShK4lSIvbKhwGRk59OJ8D16SURIg3f7qAzkGdHBEK/bGIgyWL0enCGWmb4Sb0PIOHW3UYDap1iXTNqy/oeNn9CdryWa2TaJwiF5MUP6V3K6EpMv1KXohlVehD9TnXgkMgNnB7ZnYLM3VuvwB1PQErow65CE1YOQDi1BL0DExu9P4x1JOu8KqLgF71uEaM0bQWrUTgitghuMgnZVY0J/x5lgNbr1kKpVyi4tg09ofe+6YDEjiDiv+R+QUr0M+10+6ZQPsIeh3jP7F2uhTJ1vhVTTDQ9wWvq0hcTrqWCgzHiUvhNHyezK3ZtkJeSSjQHQ/O9gmzhH0X8X4FAwC32BMDHJ5YZJGs7qGMqny4Fyzq9GgAYhnZhXLqgdxof4S+99fFBxWTPeEdWQYpfXida0emCsJnesaQjL46VwNS3dBzaGdoysP3LoK2D1rfTrAJG+QbplEJCa36XyvFvuHkxnY9klKNr5tknRLeLU4+I3XBC56o/cIdFIVHz7ijXprh6q4OXoW349Gl7ihYK+SiK6kNq0B7UTMI3GV7D3Fa1htx1vuSQSDCfgRokm6F/IyALESfKN/rAkm3JyTHhRz2wLM1vD3JPx348MTaModib/nPgxLE0OO0tGYu+Nknc+1pDiK5mC1PHTIBz1tY355c9tMOUB+qxF7s63RmC3jirTo8Gsl+0VfCX4NDrwpOx7WJXpQ5CILphuZY1cqDnMhFE6rn74iroX89f7Mj/vFrkzI0zwkTqeNytTfjhm/N4bfECn7yZz47ZvVAAyn9Q20lDe62hQHxlATxfmGd0cBM7eTB+vdPh9BcOliORA2ruh8aA/fhhEyQAIsnnFiDgO8JEgrB8bwvB5ECNLFpqfcDSJ9O/gz20+IpGQEyHe2rHWVoAr9cBlE3jfqE6n476p58wGWFerhzFb7zbewIi/5b/eTJ8SOi+Ubbz5vfiCKNO/uTtEr+4q1BZnc5uu7p/cZKmkSL+o2LtB9M7MBJdGakAq4nVgSxksy4k4VYSP9oHOXN58GAJU8TIQ63uGuC5WCN6iVMbK/eLcvrbO653R2CFnq6/z7nqXG1DTKv3vzW6Rmn2bS9IBGf6Z8GweYxnNxJuej1d3tDs6qig3H6jGvxNT2ffEBFRVQHouuIAw4cSNVLOZORDvySg7/08qe2GlInFJfftMvIwQXTYA8HEPYcBz2gl9rpOm/T7/26ka7aFSaPPTeK2j32YJPb7ME/1r7WI2n2n8iY7Yre62NKRly89t/1msjWvLVLKiiXN4HL+4GxNRfSOB6G7KlfXz/F1Zy0y81W6wzBd4nflUEUGBTjV5wL087Lb+VilE+Age1HmIOGhNG7JzqW4i5x4eoCfeTgBrg6SsOrev1di+vyccLLnU/18n986EOq+jX5wC+Yje7Fy+w/fce3obpnt6K07tIkwXtmfQtWN791qbMxtnHzupuMeM451bFdYM2kHK02GHBNO+jyK4OUjvan9uqRDbXEB0oJx1tHOz5Wvxk/9xUqzbzmezE0eO6Ko8r1PyAhrEAraQ5qdOJLiy2Ipb2x0uXzX0LbbPDyQv5mA0PEyefGyowcEz+BPMRKh+fJ9UeD2968a2l4JP/dcJfjoDooHZYP60iQL4Pl4sB5cLbtlmU64hEdrPv+BciDiiv8YSOweGLuv29fFMvOrKvcZUnPjY+3yVKrQjTutbWF//KVBkrHJs4HcIPMKXHRBZCz1qD4dyPvgyl5zkYJOj/fDYPK7MO2CyshIqEVPzNfeV0r7PrB909Fcrnn05KiZaFN+1+Pt4p3ZmBKJR1KZYMVYClm7MpSuNAC3e/P7yCd/KTAg5JgY+kii0FsgrOufMsHkl8v/yMAP+7yoc/EY+qauRi4Qu9d1S0ShyolLsZZOEuE4sN2mAyyEWrVIZK4PYdZjgXUUjS+ChJc1UhQwcTsVHgDn2UMyVWTdHr8PuzD+AW/4o8wC76Tb+8uQ7tvEYYd7lblzjsKwiIdnZ+P1OtRI5x0Z8ExZ1Q+6kX3GAwFPYRiYmbWirZnWkLq97bjv+Z45pktdhzMmLHTeVQIOfP9YMaHirQs0062UBRrcXCPcYBjoaiA4uyKCtuPUyOgOL9D8tP2y31JZtN1g09tQN2niacz8v5QTAxkK9iQrnIUNbw87YSO0SNGeaQCCnQDdmC9zkWPBYkVFmAnnNmR9A2zvkoUDQyvaFZBzgvC7DQPyoGnzsvHgd6LFzzjHwYCFyQ0Y/LhzKAWpMyUOhTVx8WiPrIdREqzZAYhYXHRxYGwYg5LHX2yizIositN+wwm5IwJxeXPGXzz2UqwKC3aYEjJtHelzkvp3RzQ6HWcGatR/GfTL7hdWFH+NZTfrJvqYg2Sok0ko1J9QVE1vdnp8OgZeF9rRA+b6DP3hehdqQBNK8sd9Ie/eSnw74QvCuYFF8yGB0qCaFkd0iwDTXvS8jEoyDbVXDhLySr+otoJ+Ywu64FeWpwHbgv41ZmEqUSamRHr4GI4pD3ZNfkximM5NHhnbPSD0Vo4uajW6ZXXaPszPRtUi7SxDEUgaLAK8iQZ8OFipbO/NXs7ZdDmeWFmepy3HVuRj0jiVxXc9YlFKY8q/M46QWvRsg0PK5EsrYbwFRzijmkILeLi0FCp7H1ZiyMmV0CZEoLE4aWqro0AwRQiuv4mEqEyM0vhthFUe/iMvhOwQeha5G44rIxWnFmTGKgZOWi64Hy+gPAFaZUZ4MEOludIEvUDwCVNmsAtPZLytNbr4/fBoizSYW0ethbjEBsIbhOK6Z/bhrQqfzCISS/jAtl/sgV5E2yLyu59Ee0UMfh94UbQpmKbLUr8KvIbsamhYTayBoJ6I8A2z+JOR9EuEdFy2nnY/3B1BRpJUm/RcWuXTSCu6LNOz1UIQRd7LiSKnmFc6KNJmpnl7pl+HojzNdOGONquRIyFy8EVwvLupy1X+j/8845PxLtzqOojKrZ1/U4vHspnCzgRoE/rbiRvN7z6bsz8ZGgP6FMZi5la1NZDrPvvSp9PIKqULvYgpffc2rj23Py6bue+HgMLJGaLMT1C/7l0MiTvXdgXNsP46Y2pXMzB7uTUt5O1f14Nl9oFh73/u9m3eAJoP1sneRWmRkjbBNB/sYBNcI3Z/QbPHQwif73U/dWxPc9hoZNfw9Jej/cNvPqTufi3+dfSeJNPPa5IBfU39tX8IVmGm8Jr9p61UTHArN4XY1yoqaE6VX+4kA97+WnsJqaO7VKLMVEZqqiXxzCrmQCllSdBhxMkMHOihQMuyAF7tpymS22tHgePAm1NrYf067LqyGsLu/4WR+X2XIe2mveSKnf+rS+Sx80s5gO4TT/vZlxhkUbL0mpcIt4fNUGaHVpt1Viw0M2YW9UY27Qcx6kNFxWdvA/VYvS6nhTyLwGN6gjTuob+17vxaPR5jS9RoBcgKv8EiWUIlRiH/xNJyGs7EOmfK6/7TrI4i1hh3Ew3rx8CTq+yjzDrJ7BFQkkvM+BpV5OEBzprgEEH459r20HbmcKM4KJWiKrpOWLbRzQ/PKZw9l6b4wAYxCJdtsuBD9W2R4PTb6hS3tUcaSo3TSP13Cu8u/54fAZGUbq12ImfJSuiZ2EHZJ0KIM0pLh1MA8WneTegoW3oWz5X4dFV2Mayt4/u8nU2VQy+8W4s7Hqj9ZoW7lEjmtCupbCmR6xUXME32bz5a3EJ+lbJj7jMp7B/L4yN1VDQDOTzkcmXsn2oPPtXUl1J86we36255Kdx+8Quif1nbCuA0ZiTZAg7q6L8xoylsGtHUVURsaF4HyUJQtTDo6hVG3EP9sZ9I87Ay/yv6CjAesJrmcRNsgX8ujzrXELPiX9oLxsqg90inD5oSl5cMBeHuV3xr7AC/D62y4GTTjHdSh5DSVAOUOGKTHfRrncvEN+ZBiXmR7V/W31TNbtdLr2XH6/3ylljLvMw8FLH/t19dWFGfRXW5qsfhm1SDrGltgorKkwPJw6XwWSoWVU4v8f8YMBicsWI7VZKtOXgzwvCCcMtWOts2DF9wqRd7p8lHALRcXCNsE6iThogTiusRE5NTFR/83soDIdpUk3luOahFsIMBdBYJXK+VUyfsmUJXOOEZ1bZV/PAMykYPEIV5c5Fb3d60IJVPkxbvAhIMsJJqgWQB+lwZls4aVLUWi16yhd1MzvhEg/Z57et7jYmBJCka9oMQnqK3kkSwXKL6pWQqycPk35rLYP6ooiT1kX52fWtSK2N31boe2PQXnxI3J+AGsjVqWPULacYVpa+/AkYcWjjvC1f8TSRaJMCyReGN4wAvxzi4KXzms3dSLTmSQEW0ZBFtEGB3x6krBtC/2ph+E8ePvBwaYB0CxY4TMuqv202dNxGCJ4ty1LogLchF5/whafCLgR6K5R3cbRxJccpRppQfpNxakJmkkq7/ugEKf/2YllymwXuiZR16WOQ7N6tonUFRkMlHuHdN+4Qdxbnp84LNGpRxx5UIculje2aVHNtQNmJPFSB7Z7sR5IszUrRHH+qDw5x6/a2kIdWJfacILz0zilSW6o128a02VihpCSZb58uHVzJ5PZAUmdX+fCrMsWhXe49q9JXXHTNmnfjk0NoLTIy2uv1EvSE0b5mQYG0wlMyoRGITj8yAvTzk2oC/wks+By25ByNQR2Ox2s4p8C57KNbsDdStEnQyunnGJpyPjzGvxWpco40PABpkWNhiIg5pdrgbTG8xssTcU5vxHForzz4M/8qSKYxxYkRUIns9+08aFpDovSe4zQQPyuKFgwf9H3/dSxuNknJVX+9NYi6uHp8Y2GZgWCbbn+TDLXKpSdFDSWD7jjE7avPBWgRFRU39O15OEodIO5CHAbq3J+LsJWUZ671FnqHH6E1huOuibPVfOUiMKk7EHfneWIZhBN97/Lu4IUapCEeHPqv68U5w5FQaabO61xY7jjQidGtDqZMXHs8A38Z0OT1tDaQ51bHGPiRzuM1lU2P7MZCpCB9zpkDxFbQE4QTwLfVGzZxkZZGT0uSn8IdTi+kNVtqvZEGSWfDzJJSckC8qq/3Eu6/vFyLL8S2ml1urXQ/3OtcY1rRPCV3u2xHtLlDMXWq/0mIHfBuarmxT54cs29JplmpUl7U2wB8kphVE23ImSor4DdDBfVSqOmFw93L0Lerz9nrMYD8IlCrdPWmSxksWK87xxoU2VCN1hGU/B3x568YmPxhQKZXT+1QGNKEv86FsKdQxr+6pRVeYWUNMTN1QKmj/SMbKiJTQPLTEZRsftMNpzoXBdc36JulKqogdWpX8rllpxpff3Ft4ay0yUpHBcuiLL57bdP0pupedyml9jvTVdii12v7X3J2k19MMPtOv2x4XlPb91lLi7it1rmLcweZaTdOZO49YRQeSfxbj3xzXZc+mTOslA+Xe3EVHvOlYDZmgn4/NorYhu4sFGPSX1SJcgN7gkRoKpxocvKKXTt1YOP53dZOP41b8/1hpwmqhsy5/rKMwaC2RctFkZnH+tRWVRSYj/lQjcLG5O3WaWI/0yjhgnT7BBjE0GzB/kl4qzSb9oZ5bV79Jtb69NvVSsntWPTVr8Nb+Sg9xuBT9OvG1QhrQMeUhI0m1QRQDaXBs9OQXKnhl7JKH53a+7uUl0pm9FpfXE7Mez/5I4bgwiZMWxSsgL23AwnbpAJutTsHr+MxYDWDQgJPRZ3s7YOMNKrfklZSmhp5GlJDSoeG88vkHJlLGBhMaBFjkF28NZePCIrAbKI+tsvY0yZufEGbTv+xrEx8/xhKFJlYa2srghJjHoL6znQOEcbN3oKFYNRwyN4A+ol6/cdKrK+0IdXTSh9lbwOA7PaTMyeiFsUvVmEVHkyHZ7EpIU+TnFXCO4Uv0adGuFqBMmE0iDrL7a0QcVnXGpQCt1hWI562zhdj5i4f3M7VeguU9utSPrnV+/qlIqyYUpg61cUXtazAVnrR8VP5sGdq2pXIXHgm8f9ajQsybEDn8QgVlJUAS02+FQnQq/BgTpjd1wVwFjz+BZu9admnyFHZo+3jaFh3GVYLOrM+gKJp9FQrnnU+V5xJbVUqnxkBzHAOQqDuFpZ+p3fNuDAzOnrssjVIguxqddDaMeXXEfyvdVCzefOTD+qfKY1Bg8tk7grRt0J+bmzXlGx5J3X+D4yHOpge7wHDuy1Ix6pWiLcrsSYHLueBgIsEtSJzAJqpryyLoFh7Mw32FJrXGkU4diGM+9M++eive7D7cYpRjheqkAI7WoJMreiPSDGmjmsqSvnnRtu15IMO+ZZ1cXpXY34ycNyzTfSdTlPns66UUwdp86gfkkz6l1sPwoltl26iHnGxGoJ1KyFRAgz2GzYGzAayRRpbV0+Rij4XiubIMXXumafwGuoXmEBNwpuUhLMu5mqupt+nRfbhwQllJciJaqXL8gVLMdmwSwGvRBk/k/L8/zI87bgsJZkNk4PAJTWSqvEOD8WZXDMEpHCxZKqQ1h8eK8t0ZD+5CRL7viFxSzCRxrN+E/SAX+sqqcbRzSvSks5dV8b9m4tJQMD1e31MVnLmCNKYixMcoKCDI3xbbenwyMO/E98mNDAiaaUJ5ri97ScPPHkzAQEBgVpBuP/GnXmHnN98Lk03dLQzjlUv4V0VmLhW3YwUoFQCTbV73WaI88vUn8ot9guMkaYw7lw72r+pP6b+IIcQdZ1Q7HftF8bvu6Es001Xkrr4QvvPduyFSuRlaO/XysrS3iONEwg2sT/JJX/peaeMq3NutHRYgIqx/BedODkL/mJWtV+eNOig974jy2mfeJsqVtW/EFN3crpeVxB2rvGgqvcexxB6xtepHGb9SrU75rLdkdMU06t1ckOB/cjiIIPhtrteVeWrSVvnyMq9ewyd3unbtSKU6dzsNC3K9Is02NKCxSJ/uYYieEWLi3HhCMbvMS/h9L52HCBTxlZvtmHLhFGCKK2+bsVzxLYBmxpkyWqE1Ik1l0pLKLfH4GjMZXeFMm2suy/qPCHRHLzR3yZsYHYR+BheM/l1O7wa3RVQLJN8ywdt82fL1U7UOXD2W/AXYtHYqEUkMeqQFFi9Zokc2/tdQyFBXFf/wjmXgAk5ouCunB8CgHyIvPpXKqFtdqH4+jrvW61WB5SG4r6bAEvO0Jhqj56e94UXHaK3xtnu2Lwe7xELo4pNH31dNCLJXg4QVUOqGN6v2cmE6qLx+hFfR8/U0GJGVDiWwygb445Z/flUp9wMlSFy2iQxTjwZqciwKMUhnq+8D6bEYkbHtndaA07QWnNh7+lN5nFvI3yPNoUGpL8yh22dyvSVO0FyqXMOOXMVr+pbcLJYmaQl9XUbY4u61gEK2ReC59mXF+/ynR9pCcxEnyK6/kHWT629H72WFOViste87jR8Gp6LW0WJU8dEGcK5I21ptG1+wrCvCEPYMnXVgZ8gUW0HCCgwc889gKIBXj7L2gx49CDyRIuoPUAoY75ezh+ouqypYBH/WxUkCNvR2pB9pFGAbf2SWDFdzPgbT9SNEY4PCqZO5leZP1AEhyKgmI5eudnv1aFuHlscoMcj9UdaPawOmiKkNQ8ONN/fSzkKqujylzmDeMOmT1VD9m4dLoQs42V1JBnkCxIhBwliLlE5TriFyEVfDDrtfZENypaJq3vhfzB7v0WMicEg/kjS0wVJEh9OvqpE+m+bAjYp8Mzj1e8B2wkVF064eGZl7UHBjk+IdPo+JygfbkIVODUIKNB5+InDyZBLSVI0gXPSAxq1zQMAnJf2+7jGk6EKSQEWVbpqKqGtvWgGZoAD5yXGf1jumQkawiHLlRh2hxOe+Ucg76f8CfBWOqR+74UTaH1QK4YInTUk/y7vyBPnoY5JjAPffUDna3opw8DImQ8fH/9hU7UsXUn4ldaMy00UuOoASAW/rLFtttfLI1j+Zg051tujm/yKbW5C02KcHlN/+J/zcWxbdmOT2SjPIKpZUmtSLI8R0dkT13l5LSNTDYmIVJCYBFViIAUryAl3Z3977LDTGCZAipI47sUWvdcjd5WS8mHEvku8cBOap1aBaM4hZoN/jMjxsgiSbRU2+5gC8+CQeVeCmYA9oGFK8Tk7oi8Iv1bUUh9qlrhJP1Kw9PKQqYbO+y/Nr5yRPfdpRkIhVjOzEH56kaNuc9jF/POcDgdnFSmOJ3lpLqmowynSLUi9TMuzRjk7Us/uH2JpHhw3PehqO0dW9QFJ0QWMRgC9kLHtD3wmP4Qdw0LTAcZN0HDAjUyYCVWvCFaFRDE0q0SnQccM5q1vhEQ05u3unh9rQIsw58b68j5OhVb/rJcxEbG4f65KA0+UMkvNsEZpZQRTJ1JBei8/xhOHXUvu/DKc/LQU8TjqMqFUGPZJBTVkwMQ0AvYpADNE5duz7w9UrEEvfqCfrJV+/PZX97Sway9+VfFbhTq3svrexKjvOvaSIf8lw8MnJpRRI2su3g0jfotSkfs3HOIi+xkXkWC3ZrGGEbTzhxNAtNuVn52oo3WTqyYT1bJDQe7WwsMmIzmwpXW34e6Z/dRl1kWysD2ghFp4NMAZvjMv3MvYFXQjMooAimy3xCMH0iLGz82gfFQhefKtyU8ClJfyolpxaqQU1jR2Ebi8cgxV5kBow5sRoVtdbu8dQO9W+yO/3rCegWkH3YuY80XrCyb639HU336pMkVogVaLg69ywglbWa7NM5UTCFvQDNeVgB1PN4WnNkry4K3IZv6dmAUdcgsRV8e/gBaBVzwxnM7YTe7+efKMarlJ09jxkLntZwMg5v72xtqmc9ikVTps6qrS4t+e4nSYnC/fmJMiib0xSbRHDvc8J9Zq0gHC1D+Gsbs1ql56A/+lHXDK2Bz8UX5trjtu8lhYaW2rt/y/+Uzs2y9B/5vkQJnI36yuIQjq933UJhbt/md8WiU8pExDv5O1EKrGZ/r8Lbh/HB3shRQhFbpAyo+dw7v6D9TY2yFVSHG3CkUvKi31JquGDP8O0lG53oac1cq8fNqidHdgY/eHy+bX/OxEj5gdJYsfIXWLKPhDDDj3TzWmDnUwAe2JNWCQlodZnWZ78xi8j7QE4bTNLEH1KEpCxX4AqPmDXw1Lg6sRTv86pXA1Nz2tjotBF05L2+Q3YTMgFyP3+djthI96qAn023fjqxPeka+w9U9vtLqjqswj5z3/Ca2NNNj9IA9xoWrvJLMR5WueR3p3YY4M9YUGe5elwzxyMeBMYKJ3HGHIfB9OnHQM3HaxAnXuTt4iDhdg97RuoYZasYNj4ZYGAkqIY/oLy7IaQ5XYWFMH4unHtqhYkYOhbP7ScbeOZE1NOL9GCBIlhipF0YDqYkIwj5DtQc3Kr7BAFOt8AIGChKJTTzJUQFqN6kToIVb7WblkDkG4Gx7MgXqWKEznObb99H9ZUnI4efJK6GYVXsOk1njmS/0AcgB4MeoO8iZDuWDxTwyY7Vfa6e2W0975X9egvaHC/Y1lx7wnjuaNWP2jBXg389VG11ryxL8MCbzCYsnKN5wfL2thbdlxo65EpXqHnVqYHBxRHkCGtBy0kMUjv2uePEFvTYcTZZoBtY9Pk/8yfEDHD8padW8PfvpFvbHJJ8d3cqj2NrwHEn5egaLgciSJJgR8TfIwS0HTlAQ1WfoMvlf7Dpl790cLfVL+iZjwJxYd+JX4JA0EEHDgstQhkCFzIoCpZfcRqUT31E5B3Zwgq6awoRpze4I83MRHdhwHJHca/sP52cuLxXsqo6QMToS99q8SFe0i3Tt8fEe/daj4l6BQBnBchtb1vhIr2JzjMVH+TBYB6AgS28ptQNhJYVY40ValEqsvLQJ/bHjuWIK49BRk5JElwPtFfsjK+vCIicZcXqyGS3fT23HS351QCTy4U92RT/AsCOwFpzE5XnFj9M4S/OwvDECUTX/xvBxEHmLJGB0aIpuPgdTKnvG8aMX+UoZq0idGAGsFVv3B3DYlms9y78HkzWo7S3FaFSvFauJXDSbgBF1vBMicBDLSgUQulocVoE1aLvNz/GfvlH0vOKD/l6XPemsqEP3wwzvzzohfX+72muvIhQnn2464nA2mCobcuakR2pgMPMKgTSYLkM0mWyrcNo/qcNccHr0odolbk6oIuNSG1HO6Sq4JobpUYL4rg4o+uXOgpqfOYlZMl14r0Sa4LS01B7GHJ4g1A4Cl5JsJsN7r8wZMTbTg9MsJ8CypJqnrPga95g4ypMWBo1jmpbONIIHn/gc90TrfZb+9KVBF3Tty3aE2jqBnuil+LPdaGmse5vATm+Tx8gQgTtGLZoI2EndvvDcOyiXLPeKlaPU5EySu1MntNezqar/bzEr6GpAVubE/eJxzd4E+HZ0Pi3fErBrzUqYDlRgegZSS8ULIt64jPJSu4FTYs2OowGwxb8pb3SgMeJXhS7mmP3imIwV4+Rj0zgF0vArZOoHGk4Z9NzyMz8Mv3EKP7cjBZciL6B8fXl47ig5Qiv/0HB3qZ5YZ9MW+Y3I5vnbsCj7ipxmxKCW7ZnLBgCLzgZo78CkkwOqz95zmgp1YlBaP4MHhNZ+upk104oDBPvGXX+DeV8ORgG9XkBZUhjmH8gpqVot0vLe/jw92JXpYG+VA75rmo7+Isw2+3VJXdT+HvSoO8nRb39qZ9Kv+f31Ue+XaHHGI/D+CYYuZ/KAjwUI06zsOh15v/nwzTdTN1lT6+dEG0x1MzzupSISCAYgIpVWaaSBflCdmOX8HeTGoEtKHAcv9ePQoz2sKuzhTcfNWaFBmwzvmwQQv97zFL6M8NM3QqaBtLUmSS+LPLw4WSD1qlqijw68bJLVT+fBgS9M7y5ePW2Rbo7r1XEINY8BLXdY9h/eJLxCwobj2gwToanIy22MPVyNgz54og07j6wr+AMjjNK01zWZfNjbKrlyWIbG11gWxsGCsIFLxzpSypeTLycgdk8BrrIw8dsVv1Vz42EpbRqt2K4C33EHo1kWsWf5M4d4M7mn962jb67t4qXr5Jj7Y4yPi7BV0S2zNXucWpq4iHaayWvTJ1fogxwlNB9o8NKlVA3VivIDeabsabLT0FU74tX/ys7A50QuZ5iEUsQhLA5dRQClCwoRqqmaNitARpwZojx7Un2INepfiTGhiOHAgxQevYTfKjhkKilWDwLAUHs3P1iiwAPwr20DDnYTt1p+ljG55axwqgCcfYlHByfzcgCBJla04h+kCTosDdY0qgy/eSS3UdQrutJ//ow7mAv54xD/4mO0/gDT70XhfmnbfHWUgS3ees4VWJvR8bfKDIWMSU4DP3EXdeKS9kUeA7k/S7ses7r6/oENdXIryLsThSRexNjx6SLMZ1goJyKV84bR8KojfmMx4NplwKvoV53Cv9kCzFBUcO/3y/3Pkdn0+WT8H3t4ICB7QlsCOnX8L5KH+31w8+JCl+01UmiBpeIAtLwH+6rSqCPvrveYFF/YugL3/M7wte6eD985djkQ6nZOtr6/O5nvSXW9Si7CxzSqdO+2Xk0GPzVWWujkshXd57kDjOERHgI+zc8fGfKswfnFBAqyC9iUMYtO4pZp3/G4Dud+BFgTzw62+FGQeaG+GsT1Q3DK3rjLGqxOWmOKDWuFi6oSVpqxUnGODPlZfrtPVY2O0CnspG+aI3yi9H2f4WSV+QWEh+IyMuIWhFfqpLeiyAR3h/e9UYoPgP4+09OjSRMLsXJ4yUYbRtjsn5zGbaXygnMpooN+/Bcm1I5OoOv2f/yeHwvk0ExrDNgueqnMTdVNJgiTxqU3VIw2eakr1SWip/qEBIkn8lM6MpewnPC+RY2IW0OdBO/6VyL94NMQKZMmWiZN5nL8TY58Q7668F/32+2xDXVNwkH+SqOvO+lYqQILZGy05XR+c5Vbd+t4S66bwaMihmW37AIyfPh8Qljs+cFwVUvXlSZGmpYXAbUTFwHnbIvIS7lavhcXhFRunqp36ScLy56VGgVXngC+8JpCu+x8mdWsEx6nH6y2ewj7/LhEkD0OuewVS2UE09n1W1JkFaNP0Kp8rcbgUTjwLP49Di9OrKgdsekTTDlNuH6+eJUadf7R2yQDa81X1XXAynMJpuflk9w1XB4N/TlUV1PUOTMrhpXg2WAFCzZGEtgVBWyBsvIsHeXs1ouXfKcrPPkU24ra7ef3/Gtb4Pjx3t+mumHUhRC9/rTpLzdStTi7maxzf5nfywP630JTIUNDyo+/wBfr8i9i2bf1MmDb1KroA67Wb5IdZDUmBaYvMp51THWYrdLMVgJbEaFxMgX2uXpuLIjBqrYHtbxjwN0KbcxYsdCXtx1ciWJTZMnv7Vp3sD0NLEIEdYrpxdcp5QFR0JVKJooeAR+cjFJjXJjlQFyKvrRSg4z6ou5XDxMKKluMztlYXHPOHm/OAtCs2X1xiCGd77fInTopcHPxIiPWO8RC/fvTFfw9Sr2RqLL8pKAovja1QaDvZuvwujhiVYYsSkK13vM5XbiO+gDstuGxUG06Mart1Y16y9UDPGTtA+bux3VCs6ErgDn4lsPbUIbhwbV5Mtii31En+BwMu1nsX2u1fXMUb178J4OgW3bg/773u09gpZBQbsdDmnQKXoWxFDOpKH6Zuven4VteqLclyJkpMfFFMKPs+8lP3xhLtR4KRLeCGnh/7PDTySQdmVsyNvGlOiVsqhAR0MNrFQauWR+VB2A9sSWfKvLstQVRtwf7pedvXb94Uenc470ef4Fdobsc4OvCrRDG2+YjsX2JtuxgWKgAXVmC2j71/UfCa+kY668ZMUsutAzl/kGf3CnTkWwcTJEYHY727AgltU/dhz1q9v6ugjrIhuV6OYWG+w1/xzRYgHN6JOpoVq+uWAyPh6762YJ99QQO36/gJp82clFFs76xZAJHNhDlosQHdqeQx1L8MAmLSj/WwWVnsxqVX2PWae8Kalr4a2p/nHrqe/HApAeKTglW5aEJZXMQgMrhA0oaUAMdCCFWn4kmJTp6vCTXALgXyKfqtPlF1BkaDSOH8BOdEIonLMTfF50SdUvmyxJgXkv3K73sSTzsozdpXQbZjBVi5vjjEUZD4SQG6goAY3k8NpnbgRoWZwlA9G1DIK+x/7Y5utqjHAmkylMKhAqSkLEvY+SZqj/8/gQtrJ9NAsvRT5MniaxsfY0pvpsBS7XLZ+q0gmKhJCyj+cn7u+3leuNoCNPjfb62mSarylGEVRqOxRwpfJ88wqRDJJs92a9OaCOvR46rWs+26fOdYprR7XlNn4HhWcVTeDhcl1VuLPGbLx0v77WxH2r6ntPKNcYa2nnn2W8rdMM5+Z/J2zFgn078VYn0Vfi4q/UorFNXtQCw6SQtwjiVJ1KXBRYwdfvoYL8gw3hL+FTKm6ugvZvUuCPD8gpWndYEs35eLRl3Ws7f8tQhxwUGsvRKpA0jJrhUNou5jQUKbm+nM+VFg2kN6oO1a6sF8mvbvz76dOLD6phmAOM0Hh0hDrRgIM6+p94gxdeq2+uwiS2xRvySZ5asBDoVYU52g0pTbkTVY2UPwx3EyVVj9ziKPtdEq0XHx72tF6fZ/XVu/G4ubIsoK+12vKFZCOVn1Tetzd77wP8vL+AX63aG21XUJ0zcuyi9EwK2irRRJw1CPI1bimLYKwpXCea5xKEh2h0erBemE12z+fySdezzT7/vHncs5Oecwh6JQckiOb2dLYZVjCTmFQs6hjZBjModEKnPoY8lpEnJW1KZkc55TyLTJnGYO2xx+8/39w+YxG7t3v67n63pf13XfleWKs7BBHV2BujLohegIYobisl5gfgVz2GwcUlEJHOnfAFOWz5Dz/qGZi/gTj3a2uAMsPrg7p/yLSO8xl63Ov3i59NU+UeNbl6wqyfxw0G91P5Bs+zmNAlO8EborBIT57t3Stf0oQGeqbOY4GJE8RR7Gv3zz/EX/sTS7ruez8JnuXJJN5kysbEf8r+6uAsTTw3aHzzbXvrctnJzXpnO4S+WkhfXYzf033xcdaqHiLgUrggKUSKT736MC5OQU4F42JG6hTfs5oKS8scVkr1/A5edz4GMMCXT0LVYoJWj3xidE2t/i+zxke7cJUnkHLP1v2I0N+Of+JwMnw38ZWnWXC8KCRVlpPj8wxJUJ8fnWPYUBI5YYD4bw6gHSKKyT0e6QAxGwBN52dS/GN5s7JO0IWaMj81koeiYn7W4iU6SKyzDoLfMXD0Z5sxB2YhgiOAtKZ+5Vk2O0p1Z5RA1LIHXOUN5dDnHUBVf9DOqShxUswGw+VUCoEmjdU1CmWTVBWJ6ktpQmBDYFUTUSAJo2jaRDfz/ZyaPT9BNaDgFwaOntV/JfJx/XXsTb61C13bmte6RKz4XIvs589F259PcLEe234SdrxIt7453elU/RwyWalgwrVhXWfL3rPBcGpfCvY3nB2NlvxSNT/lrGonUC107HoyX5GC4pQMH1gK96DtLhPHal6WeHVU/txwNfrB4xbQXyIi61iYEvxc5Cj9D64Mwr7HdPx1m3KVrn8Kw03fBD6Q7jsXFkwlQr4HJimqMrVqcb7s6/UVA26oc0AW5G1MM/B3aOgllA8QnQK1/3danpgYsJb1cvhYb8i56+JBGo36RKdBdTEH5Y/q3X4PiFLzqIXC4gXpmw+bmJ5pIE9SFr6Un9Xvg44a2ljHACLefAJWYjlQUvn7w3/++l1eemYfGWeqbhkaaMW+pwXQsyuieUdQmHLEGhs6CBXDCB5vbUp+qqw+O3H5fDV5xr1o9HlVWbQi0KrlZtzx+2rv7Y9/PgpORMQXUpMRXxp4tzSuGiGHAGG21dehgM3CuFr6AgX7rhTMFhmUPrk/MC0QAb7cVb5rp/6/kS/9SfUs9Dk/jxSZo397Xv7eeP3wKdfcHGUYZ/rt3fivEmD1z+mUruj/WedhqZaBi6fnno5Oq56CT4yd11NZOO41nQTBzxmFgK1OXvHHsCNPoTLvUyjek3FEDnar3uFFRxwPyfCSYBwrcMSXH+bIYCoXMLQpdli0Vo0qeUS7AuYpeo8xikXg9QLkENkAWpmIPWFOXX9fVzyYrziv8bFZ/Ce6TjWYLDdxGlCua6FE/JTLF0K4KiKWJMc1vy/ReAbfcieRhB3mf+e4huYP+EXDONann9poc9OU/tFMyH3PMamsjE8EJ3vr0QqnkpBCLLCpuszIaPkHsSIAZ5EcQ5sKhAzGT6p8vCB8tu+X2LzwE3nUH0I3SeG+LCjN/krJ9bwNCb+W4t/n36X87LXJOXf8izogH9FaBJYtH3Gtl+5Ia70gpwzypmKQGUAeuMh0OzTl3k2xfnq1JJj0L8fwMF/uMo8r1i+9WyCbQSPtWwU7Aley1HNP2BxVDhHbH0hb5n4exZuXBIrKCg92uFMApP/7/jNg+O9dN2zPsPzsJ9B8At9L5jBy6j2/aFg+5OT0ALF1BwiZXG07sXJvQog1b3tzQSEVMuY391ps7t3lIqgjngUpPNQS/Fxp/fMAEV26jtdJgpmIKE6q65/P0vATj9syiE1FDdJ6nmjSN+EqJ/tieYm0nB7uhRPEOtvw99V0aVjFn7VC9xvLv8RN50Cm9ufrAqPB1jg4O3fE73fzgMfXPhYPCLVR9hR/Y+WzU3y1jGdbK5VwntHEsKou/gWRoHbOxobA67MaGJ35SHLPyuGzC9T1b0DUdpxJ/rhvMwzn50S4dN3kcJtnSCezkYaRZc7JW/CWtPzRD3mMQOFmQc9YR5gWRxg26VQEq4q9v94fHpn4/vrKx5Z8QbReGU177IBBqEydZR0y3+y0FfD41Qkeowey1JSQIG7LVu5OgcZhqlCxes9RRFrnnKXvAzMqEsPk7Tz0/mBz+86+mg9D2w7UnTteEbcT4KKraG7MjKAh+y/a4VYjkZDeikAv/LijjyDh1NDWlWs9ij/3mt5N1BsALJcPgkxge+VJN1fAan3XBvXWjlYeLpQEta7DN1hS0u2JtT2bYHjx+MRRDihmodUFjzein9+AStIFeNCGG3qvv1ioizuS4n9cX6a6y8DR1/ghZPPbJoeWl0/SDPOnqh7cx7nFsClM5N0EpTQMjwEIS/5WDx5iGyIEFiOvp6zEc2Wn8JhviJi3ZnxBJw5KRUVlgAzz5h0Gzb9cdhvRIXNV5WFUXZOMcttEagBOMPPPzmn3sUhbo1PQWcMldysyG+lYOp0pdniyNYHZUrvP+sVuFf5SYnST7KLooBiT806l5htGD6tFwi2yuexUH3QzeiYRYn2UvuucJIKxEE8aBDydcCSJxwdAtEDfAIe9Ex4KJl2ysAI1fhquqfALZxUgTKQNGaHFNv7XkqP1JUR3Y71A8MlsIDQ+rgoI47qM4Y80BxvJ/ycxbgKsk79GnBx1HwHedG2hU8uktDwbXVuw0cdDroDrwtpikZiBH8iPIH60C/50/jLzA5lpINMS0VlJkd9YnQEQvs4u9hlzJHkKWnDffFa4PCe0ZlOj+DbL9kGvPx7e5KlUJMp2KrrQDLBKMokrciiV0Ahpnd2oAYl9Q16m7n7B+7puPe+LVnIv0jPfUruOOgx33PY3xGD0ttyIS6cH3P7r2dCk35lvc+B9ugCG8olAMZbJ+zJHuX33Af80KcE0MJ7jdKIjcoeMUQf6Ey0/+vuvLde1He6kMwT4DUPgGuLXm32fzUODw74/cKdqtN2rypoUsVjZP5KW0eVfL95WjLVllBaXB0XLdfOuec9+ScIivI+2/5haSjgymH5cKYzxDOQdVQAAnA7lF6++8GiGi9NUVYiez2rusgvlf/SjVD9IWIhgrj0CtPhOjR0u9wfoZJgAgtuve5YgG6tE+eGaSKuAnD1HX/ll+pK6nnqNy+THX9OgXNSmN6iXZ41sWjkfv+HBRPvN/ZZ0J0HN9fDPjdmaMTm+BCDD4fXKo3glVNZFeiHhLPxE70UcJ4XwSPrBNinN4yvR4GYo3bXbzLSeE+2TZNypu8lgx7gUHWXDHwFXkOXMWXtwcH0pYuxNnyx01WDjleXrFvu9IXBN5uOucWVwJfEQhwI6MVpc5zXPbbWcz/fqA12KSBWz2caBP8rLLcdbgws+O2M+OhOjUcdE0VnMGjwsb2QzbYteul4qPV52pC0xVqYN97twJeBTnnsosHS9be0c1+Xh0+wDh0G9cd1zsmEHKiJtxItq5THGzS2xOZvUneFMWBPzShIPlNlPv2BsMwtaBFx9ElIEK1TtD168WPonzXXrNLFS8Kx3U2LTogvt+roDt48tYV2Wy1yLhGV9Zjs/7dRYw5vibn2dRjly+S/2v0W8ozyJa+iwcvsyRp/yLKtXjIKjwML4x4EZHZjvUm7BjZAS+FaxxyCiA5cMbIz7NTwzLnfhK9vxmMnxBmUVt62D3Euugz2nCaXL4qHL6L/JpuPFaK+GdD0zgWd5JdlNrTDcnWnie+VGF9svdMlLTg8dSRjY4abc6u5uTZ3ehzpgz03K8zrP+rgk9lQ7iL0Kd777PCnB775GxKsdGPkxUr6NVR5ZjUl30o7P36yPEPq+KL6UAVB/XWzJahkwYpXKzqLDX0D87Pl8h3U98pykYYRzz9spkuZYDuZSdOdYe0P+Mi6KpokBfeRwxZt/ziYNdzegLrfwJaWfZvZjM4h8JWuF+s3kjyfKtuLQeSZOyGHiWDunj2r5MVb3qDuPf25h5mwk6vN+iZ+AjsuRSRFUXfv1oV9udj2qGcbiwiAXdt5R2nade4oO6yzb9an/PbemtcbkXKWDXqxsWBk1S9INkdicgBtzrII/NBWbA4vfDxA0TePqNw0vgDP4xCoQQbUPv6fnnniY2t0qUEn888t5JHD17c056KZbpwnqYA+UtvEcnorxdKnL/GbD8NaRlgoe9p2IIPFP3mml3D+2n7J2WLYzlsvS+UbCQ+0KRqvPpn7ywM83rABlMpIimWQPJzIL6LlUqM9z8bBeh4EZpL0Z73vpi7qAKiN9AQIZcNMQQD6r0e5gsQzUHNA56s6RIMGO7lpkdTD6n6JEHLQ5vuRHm8EOyETT0arGmNAHVyz2Q/yp78KWpdp91TPHYeRdSRQ3R4/byw4yQTilWV9cdpSAg+zupeYC9bH5kTjb5H0Oen0KyToU3OWVCx64RwJ1MA4WIFnHfIg952eUOwh5EUg/ZHDb9EvzZswNWeEoYVfTv1cMW5IR342yRT/WPM7ZYmtXRKHhCKEjN+g6mjxj7Yjq1Bjj+I+3Xh3HjDuFTjBdEttIzFcIv4IEaBZdQEgXPQlugCwbwEG/pCmYJpfH8rZPpiAixvKmjBB07skrYphXfWfvnZdUl/lPhNPbVkpoK7kNF0LC7kfmpkrcBuX365LDcjsOHeB/igmLtMjAqpYdgmPibqO4iw72YIPW75n28gQ971jg0p6so3S1oh6mVwvgMDh7zwBBtkCTSz0vfymslDZqDxNDNoe0X2DHhTzXDOiZuGcX0kqrg2yT09/TdBynX6+iemjxawnmDZlqZc7zDWsk/8sHVwsIJBV+DAcBFKjKEO5i0w9sclniH4MhD6abopD2bnujbR0v5lWmZ3LccgQpru8ASqtJpTioXl5YkeHeIs701SlEdIgmNUCJtd8spXmO7rPzxxpIuXUchqfOkLIDgdilfuEaGpGaZy3VC+jjWwaXBz/g+TWuFXNS4tHjtbuyYa0BU8fQa9UOqqR03f7Vmsl3Td+PNoeWtlu9bi9ekHFTsOwrsoL9sceNrRFB9uWgS+oXAR5ZfzBOCVpC6dNkUQaHy09b+hcz0lEG1pwbQAgI2ue4NgHlY2zHQNwn25JZBm8/kQ4F0KUMq3iwsAyHdMQM6sMBGy4hOsULHG9quBEngirCIAhXXI4YApbaYDEYmCBoher27wd4CHWopCu1ZLMzKVl6O18H7SUMs4vl1o9Vfgj6/kXlo6sOTtklDGIkrJMTAq+paAPSu5z5G7KRepSZG8ZXp72jsDmqiVGSL4dk7xlJOdAmgNZU3tlCnU6O98XvJcwAaaML/Wb1f8Wqi/BJ719Go9dmXyx/J5qcDFyLYKBm6rx+liP5Q75ZII0dB163y7zshd3roPNluVfIzCZAA7virmroRH5vuS86gfTrIbi3oidC6S7x/rWR0vnR0truHiidvOYQywUqJSMWuRhdB2MAaxdpbWADoTX9FD8Na/EoeABZVOLaTlnhafnvzNzhkfLU8cl5veDWDRjIceE+8CZfLOCn5Lft4TstFWeuUwULMpJT6191Hw3WAWVIkgKuLuKz6o/zNHouaeRlK8SqLxqJlxx69y0NYL0LWp2DPH1/PecxmbQj8Krok5HSc1fOVgiJy7Qe4pEexrfkLMw5bh/PKbeRjRi5TYxfXYMFLD1bug3/zV2yVu6PuPTh41BfQ5lMB/+lZX4NC0sul/teKoDAVELVGCeutMCfYq+NTbI6lBaleX4JEL505/skUXGEWVk+8+kmvM69Z/G6M8gkPfsbvnHqUZ32Yoc4UzuT9RTksirdNo5nZgAS8fgtGz/h8oFbjpQatCwbuGLrPtS3iC4u3JilvmLHyv2frvIlgSYGyZSAaK2zgBd3iKZf+hIefedbKwPxdjnTplaWBxkjohxGGeIY74G14RiwcXrHrywXzWFzyBazhixBkcMbPtd8ikzKKymyHJuxYYHT1Y+zBpvHqV1LC7oxV9t19WuxjGxt+DRdU4k8TU8k1B+oPEV2nPooNWz4m8pCg/1fun4RL9B8+SZBoTdms/VoR7MMluL0Am9AQktSJnB3FrKx241m8OanXipqNUCkkN7WxkeyF6ywoO6UXebBfarmTZnxZYL5+kXPv998F/YbVyiOkfOZDpyPYTj/htC3zLvlF+4sP/K1QEdQgslgjb/pDYPvc5gtUyaTZhtcP07OF6zVQilC9p1kpDz/jfkKR1TZEm1P51N9gMiDCabuVkc42cw6Dlj/MbAl8X9hU3RlLTVQgNpsnQOMueSldcCD1Ku6il4TYG2cJF+5T20+xZtEafcvHD8VGzOVlOmn8opFiDXM8C9SEp2qK97KFhzzW/GL0sgVT7khRH76QAE6NHzaAStnJVAxZMiCvK3Vp6/zNkjyDdVnuK489gVW0bV+jKqOtnp4Zx8fHApXW3wsxU9Bo47z2vv4ibELUlxSq8ruQGIUZbaXwdrCT9ZPyPiIi4KIqIWcGh40YmB/++HiS/no6azYwpp00KDu4+24mM5Hc/GK2JEazRyUqAfL1evfabddlNf05KY9Sv6t4HrE5VBV33+Fw5kzISgeKhq7IuM5PermvFmB/9FqY3hCiblMBEaAbPZuhSLMCltohR7M466ocQSACoQYblPIN+ofJt8CHGh23T5n9HKR5DCktxuMxEG9ef76ABDOSkHPJjAOCYbJTa3y3/2mk8jRhc/LeHKQuwTDDbsSH0bWlu1OHdvu/g4S0DPPHT4phxV+3l8GOrMptIO1PAmo225ytEm74cA1pt0P4Ffga9J91zOKBtBRwaMER+ZsHIeLAp4Dcol7LXsk8scy+ofz/ufepfi22VAiXdBtb9IH0/NrRA9sIZxP5O+XDz2/utseyTZ+pw4SRv/tX6dqOCmDnh1KZql0+MBy3tvs5tbj+vIOYii/hgL0s6eGgRJZjUxmxTJhCfpUw0s8js/DJHEmICiwSTAMZZavo9JgyDBKDSO2BuklbqYkQ2hDKPU040BRGT5tnoT+tJIiCiCOcu6mavNij35/wt6d20O+fW9RQ8EZIhBvrsRmcpObn1WG1HFULPH2Fo7NVhqMT2KwfW7VfdFKGqRx8SYSLrWgKdCl0joZq785/91NCAyvoCJJi3pBkpeZTe9Lm+3sPrYLvp+Vb2m1cJmAVh0pJTLVduVXjeJfjzDVOrcxjlde1r4lcG9oeN/5mvTbFKbqcDTfos26fxRi12Ro+0RoTx1tgS+AvbeqzMp3znINsdSaUKRqY/Z88eMaFOisJ9VIda990BdH67ss8BcXvq68+T25Xfxdyt8EjHRhRcvpK/8jzVeuUu3hK5mz21c+OzOTAgQiEaWRxIM26bFYywWsZ/nv/3PUG3+a+i9C1Aqq1sAXXe53wn4jO/B3wS3mgO91x8LI7aq5FWe6wojuA7250b981lxDmVBntSePdmtov1YIKJSICpx92+bk012RJvlN8GCw+UzyqgHrK4jqST0EU1HSpTY6qml+aVNQq9ERaS9PdleLQHm3Ezagjh9DQ/7pNZNaWAqc2pXghocfPJb0BVe3j9B/FU5nfd7SPFVZGk+3jmPwGO2JfI1O4px5tKThqEcM6qOxe8HXd+8lA9hWFnqbTXpoh8N38/yW3mGifZUm8NnntrUQpRcdJ9o/DWhPwAGRow87h7oumi9LLCRTu/zc/Ez0rh74mft5t4NL8Y/0UJvqUsYH7XeXYI8nkwURzs7k7EfsGOH5wiL9TdRTx0JPklPQGk2O/uAt182/L77zM8QcUHRJObT072AGx7ex+KKOVfAPp5QmRTblN6vydC5svFNxFEYdhAhDgePWG4rVf1hfk40jmq9aI9TJeyMXcrEZD8WwJvy/UllQ/neWAnhn11Yf3n9adnDmA2K6BHotS+Chyy/Xh4/A+TfY3Hg9Hb1tqZug8uUT3xynRN2eIwPvPOK+ZxoS2R3o/ligOdjOrVgs6YO6emGUWH/Q3VfvUoOci8p+m/ejFGoU3vCQxamloZwbiwJbzj+BTID5oVdf4y5nZ/3V50z1uMJaCeYy0m4NJXI6fAhcjXg3AOGEkv1frDyfOKCOJCbf05zecv3b+DiBkkI+aev9l6k+Ih9/DQ/UX7xLHW2ylM+3oXY4CJ92MR0G365iFCG6GIgLhpuKzG4KzLtxvRRnWfF0oFWP1x3mdll8UTkMCVbi3FTsL/RvkYz7VwS9MM/RKhuZKUALVsiPB5yq1AVlqvu3K8ujRNG+7ctPxH+NELa+CX6nRWbdhceQpAsQDxvs9SBC0r0wqf2e1+OEml9YrQtYVxyFeNOPR0Y3bwxJmmldio1TPtJ9+mtHvJdFX84/j4if4vEKq2pycqGE9VPTVg+L0p8pPhIDGFh7733Ko0IBpKkY940wC6pddyVu0i7PegAIyc+ivLyYPf79DZ/fVW+XftRXtfMg4pUO6KNDr8lhodtGlhIyvzxPbtlNfb1+w6LWFz5kh6oLD9Udd+xAd4kgZVfv9cCTzqAyQXqXhAHuOy7sEkrdS4EtiuhxPMyxX7fmRs5rxxeuI+aHn8/bcAIIoQTjRHGDDhGa9cccLor4jXw/usbXX30SRHQfoVe1iwPLEbjaHPcOsZGDoMQwMTYg1pL6//O8jHEe2K/yqWYE0/ynJLWIIehOLRB/Ffp3Y/x/8Q2I7vbd71RL88fE1VXt3fhbzNhNpU0ArBgKHq0RDe7xji6legYg6phEfHrm+qdwOfOP0kditB7Se2WjMrVSimsLo0Ct09nKSN8I/tUqraLwotkIFjf389GJB91eQ9EH4t3qKtQ/XH1OkJr1i42G7v/dsXUHAeGvn2j9xS7Oo3/7pEQIYpzg0sAo+t+3hxOXYU+RukYQ09rrfb5zSY6Iy9I0nXXSlACaYCbhLU+e5UM0Rt6te+liucTE0PtXtl6yQAa0U+7T6TbIa4pcbJCCEsxEZw3fK7SOrR13e7iwgIMa7oRdJtztgmKK/siiTAlB6gsKepZe/Rxxk2Ty/3Pbv0hW9bqDvVExHqI4P8CoB61POTZD2EvgHSeyHTiqIlgB/OTxuSBGWzSLB67/ciMy66olv5+jsW0HnC4O97T2NfaEaTxzVTcuCPXI4dvQMw3ptS0q9BEphs+LjRz3+zEf9ichRkzU2U2RNJPgg7UW/E1Md8Z9cpyE6lv2rdTk034Ph2Vav2DB/i01xJqt1uKc4Pdt7uqGO4iEnU/8TcG4+O9xYEAylv63Jum3c18CP+NqS2H8RRQmXlEEkEYunhZiThgJQcjhD8fpB8Yxf2XR9q9E+9OnpH+yXf5/TCEs3+jWMKe09CbnLoIYRNeNjKzv5e4u9f9u5u7+TqX0OiEw+0ZcQEcJ6D3WFqp64POKXEkn4EK3bZuT8UCnry6RRm+Wx9QU2ycWNynMrMWNXI8X3UEjB0ysFmzCsF9uIqSqGEIz3wI/Z89bpz0PIRAR+adQ5Bdx0Q+Z00wp3nMEq0uwiDkPYxho1eXYZJNQVlwZxaPBa2Pt/ngLkwf0aO41blpN46V4L9UUvkpOol5WtS9Z6Lvh22DuCjn446rffOyxe5sPtuMYb86iOLLmT1EbjteLe5p61fsdDAUmAGTGX5acuO97cXciunSz8NXNxbZe0hskrvYLj/v8IFKlPyBWC9SolAsGQxMVi4ux4ryLM92MBWOmszhnjHZnmbXJ5hR6O9rY5/n4uCC+1y/8Gl1loTeC/1cOrOuJmAEmADx3e9tefRfNueOLRMqwMwCkZUJAJMX5NRAvcl29vF1+yajL+ihjZTXR4xumruH74Xo5ZCzG6S8vyeHS595jFu8xWGXeXVoL12MNwN1TyVWuzlWov7H14HmpmfwSFvRCjFvG4IfPayAHnmi/I95d/Pp5KsHwjePago372/o7cXSlDIetOVznsrGaOqUrPOTWxsO7RKyokvCY1WiTlkoxc+9mr7MPVoVIIu8XDRcSUdsBqGfVossgFV6lHrM2G61L4qfarGsfhPVfwhcEtC3tlsSBkPrbcqB+v4yaU43U/c4+v3T2abGPBVD64fw2GXq8ETT0ya3jrVyCNKD79sJXzBz3SKRnUMkZvkQJMXhjbGfmlQ86M+Ix0FDUd+g/inuRbqO0uj/+1HZ0Gt4ntysLoZUJ2FFmsR2l6pHCLbTZMSoKnMaftX1jKvUNhfX13UVtznLMYv/Sn0grMM7XRhW9ftZseCWyTv0NiXPFN9twRhhHRAqVsZyUQq5i3N1UpZaoCCEv36iQkfT7GiAWyv4jDk7r+KzYruXAeHmykP9Cx1w2tYzhE/ovLvIC6fRqA/rCyl7a2eUIqvB5mfjFLUvacqXXGYkZoS+F0rb6fU04ULbCjKep0HVta33N/yxMpzKTrsn2e7/mOQ5kNCyXvUQAUdX4rtmvdvWVXctg2e2io3L6r2xCHfBMtbVj2gUh4+j1t1jdNiG1i2WrBXB0OXp2U92qK6HwYLSNOYFvg+eaF7+YvzyhF4WXtNRel5tS2o4kH6/Jb6RpSwoIYgcUth+hAUuuXMGmsxNtDkFsl5hOSrYGBo223AM3lXs5Il5aY3yR5GMP/xy9TdUy8MomYyBnobGt52jHqsOgFwfGJ0GEsIR0I25WUizhNxyiFisOpGc8Skwam6qfrDztDAnxc6IjHKt5KhAnOdlcesUx0wRJTvUWbknDDJXn678sTeiNG2Bm/cqtLRiPjpe+QGkuE/wUxzI+Sg9K4DN81iiE+EbjgnumizNr7VUUaGfJj1RQuXuk7MTijm5UkjindULY24lit2HEC76y9LZWxNQLLJwLV1fXPgJPXW6WzBdFsKU8sA6dwYPsZ1knkCJIxPf+2Zkjq4IV8B5C4iLWjBTdZKNUXUHlMYTLbKgWfCerURSZ589AgDER6ieen3o0niPfJsjP6bKEFO5pN6TkVZ4/309RAXUFht0e1XP3KwoaLUwbsId83tV+++AsJ9evDix4g33SVwjW1JyNiGClnLLhkG3MOBr/LHnSYvFOhYccZ9R7GRigby6iGtbNARjLLJu+I578x4qw+nPEvnX/68aNcYVJAQPCVaqKGGJY7gkKT9SfUgUvzoijPeeEGXjjuxHbO3WnwGLqK/02+FYn9L8pZL8BViFL5atX+AJ14oXt0UCrhybZueYq3eg2pvYTHGbjh25Ds7VtD96+HfKoFHG2Lu+XdBPVnOpbODRfIgstLDZvhey3Yetqe24Dr12qM3DDI7uajh+Oxzmij32jvPuLU7FrtLQn/Zn9LYhFhNHLIFBmE/Tgw3S2wyZr7uHXxS6AeZjHv9fnLy5jk9ZH5O+G09PXW/5URW/ZbkwNE8R+3sumeZmoXvvhuPdYNWPoGWcRA9sLHo/1LSf7SF43yowg5lGUmIpyadNc5eLLNDqhpPHhLPJCBEDywNjW/LO92cW1CmnLuLSy1Izec76pIbegahlmL8fCGnEP8abjIt52UOaktWvlFtTm2upt526K/eq6wwCYoQzu8/rVQm+1Vnl8CHb1WX4NBLfE4XSXkJvQNsR4Noyxase5sGupsPutjQBuc+o+8o66v6Ez8/MUGPqFeFZHPvDk7HmYW/NrR8z3YiImNvEvCTGNvtQY3BCVj78qPZG8OdAk/ijJak4l/OS13a5p5jLvNdkNFKqsnvChbZ/w0BKvoCJEB/YNU/+PwvO8Jh2nUJI8EILFc/1pNN7rkhmAwo4cFvEJE39IllMROidO1HJLuYi+SeEkiRKE65h2+1UprxouHSr+emIFjR632iRmP8iAR9euAsdTBf5E/HKHrw7nSctoCtZXnapmMSQE2fOUuhC/ltjHxSjPbv93h/OAj6HL+O3e3auTx/CFs3+td1KCMLahV6bhUHL0AHmTVPdPU8WhWDFn4Wtx+X6S1DQOaWO+K9Kc7nomNHINGxVzVPYfWSvm/WUZRrq/hhHx/oDPq9iv1ZKy1lChK9cJH9RKAgjKLdjd4dRxR84KZW/rdk7GgKnOegBAg9FsWqY3vtedU9f21AraSuqsmDcgauZ93Un/DbgJK4OEvbxY6atcSTYOvOy+IoxujfZn7anqX+YKve966hFHnEMfcdc/ZxwXWXtROGtDjpYsnOMT4KjRNrO49Blj6FmvWN++yyehO0ZqUpLZgcrKY9YfirCsHbcswE8TSjBMI5FXlLbxD82Oji7RoLoCkRsL2ES3W/LPVLLxWsvJJ6zUYzJT5Ogr1AqdSP8DBEgCZaZ4t/WqHY2RPec3mu/sts2UHb8o21joehh4+l1rvW4uCMpcjXd7pAcuMbYLRS6Xymor9E0RckzSJvGWYJ546YFPyG4KP7zAVQCtf/9Pu8wfZ/P88Do9w/gLbJ0PGCDWheDwFPb1VX2CWotbAANOIk9Ybz+O7irNPmpbWFfJDyXM9EEqqv/nxnWGT3Tq30bmBNyAc4G/Q0WdEUYWyUWQ9/Cs2dNpivK7bDj7WIZtVloM+zS9xEiVLPqfeBR3aSQxDej4+qrB8do1TakuyFCYrmiHUzi0A1ucPPDZeog/I7/bHT03+eVgfJnp0lsr7DH99mRpgZTpgAQ60M3qg7MgyoTKagq6yn8MK+HgtIRrHddE7cGv7t54dmub9FaGQdS4CiDeKkoY743BRosAsjKfqakxWTQAbblSd3K1WZNxGFEdouUFbB9maurVb/HEhaPsYvy9Rms2W95CHf/rExI8FobKNxZVyBDOQpZXnIyD1+luFDAEnWBdNEgh7V4Zw7jQqYjH6LG6pLmYeVmQGIEIKi19GEgWT/rkfy5oAhc2dvl+ZBd5vcjppkFbMFPYgfuQFpesjcwifjXMscyDi7kM9/OOU3j9LEUoKP9cxBLzqYICbUMqBv7DnWhVyjIiGlw9B7X/N7nSQZ/XLLfALQLBtnTxArLMsuvxSu3APYY2g+YQPKtOiMWFnEU3e0HmUe76cQ+/bNWRSW46V4nwQT8c1vCKIBaC7zC6gB6q+5LcnbNVKvQugJFfwGUKMORzQ0tz3nUllBPEzV17rax0fhvi7qP3R89IMtf8ynEnCjW4E0OxDbyvVO0CAOSzZhNGJS0GOps/fk1pcfW3XemftzY0AOYuLHSXf5CuhM/ViOnApc9BXYY96L1JhJTUR8UQ9f19rwlRAzFoRaNs/HDkjsOzyF6eg0zTBxXWcUGVUP92RU4R4+fg6hTtgCKT6UGPwMW3PcakamqHl95D22Mb7fyckwTaF5+5SJ3yJbJCFJl8SWDl6hmcsgDdjmlYjzcqIKFR5Ctx7meKgqEcsOzvic91xuP/jvnWa/1PXv4weLhDfobizL2yETGTG+d8TYFk72LelDiVIQuxi/QwnW7BrJz2Sl9CjjHT4Va50X5+UoHPeHwG0svXtF1aAAx4y1GTEndzfUzco4YMzA6GoyxtZ0VRjmhDqa12b5U3QxW5dy44cX3u+/Y6mAqiS15YI5Ij9YhObjlf9TtDqiJVP0ggj9joMpokuS4hmpB/6D80t+AqRnidDf8ZLyfpRAzFLt3+Vd8Y+XnujiYF+q6+lezzq1H/Ex80lWZe4JOPfBoBcovFL5eOUGPCDlIWzXAZQBJem4e3CYdL2k/mf8UEbvUOWJOaj1Kh7ci8JeZuL6w2yep3HlT5hopZgAUiR7K6UclWyDwhggUy9Hb4QcJz2QO2U+TTmkQip7cIZvO2doTtaWj/6GcJTjE1RFQc5g0Ib0QcmB1oUxjQJd+udnr39vI9AjB6HOpojpacMX4uJ3TfZuGBrOs6QCOcSJEa7tpzVMyWoXeEwp6Pz1htdfOkbgeY8W7rTac8hxHr0sq4asPxNLqevUF/vRXn9kDTWjlGVPtfBvAXT+HUEa947g78xY83gF9cMsv4oVcHkIpWmwABf9JXKbo8mSZD+60vaBD/bxcEMY9i6o/T4nbUSEUT2HAWfB9vTKAinEUQXEg2h5HWGI2ue0xWObuhQNh0yoS0pYU/J4zZCXiI3ksZkp2A1gN+i1zcZgTr4d99WdKPOhql/1xEYxfPjrHAhGtSYUonp55CHxGdeFtfnBuVfRlI7F6Nhd8eh7L84d1dViPwX5ay9AUqCnkld9MchQH54iCxnLPP/R04hkPw4KzTUJWlskB+KC/WmgwTpaMeirpOEysVJIA3N5HZXp0NyaFidHvzK4g1hbsE5Wy1cUwdteoPSAZLzRjamJ9h9xMtS8ZyALKniq3Be5u9TXFx01yar9JifRSgteEorR0C6GJbo1S6XmPrj4ds68OezdVMivjv66zfwg4pX4t6aIZ3x0Q4OFs6fsfj8z96stpzrJhwVdbBw4SrtMLLzC/vacJXR+CiZNfhc1ARnstnQMYreuLad88VyIVlshZqy1feoZrxXY/ZafWCxglQdr+qi/PnUJ55fKB7NpXp9c+p3+rQSOVGzS70gZ7tpLc42dsqWWiooQvHuRyaRL41Guj/YfHPVbj+hTS10ftViKeeF/mEV5NHJTPBfl6kr4YgoOLLZ1xH2CIsF97oIJYffTYo8A3oQphaQrhLW+B/yw6m8JwdsgtYn1aF+003bvguvu4he0+NpnurF37tl1jUI50DPXqIAcwVRgp2+YiaLEzzEEb1aGw0PVulN3EReZqq5FFs77no1N6rlc5j6u8Z6o46jVpzxyimA+XD9q8O9abJcScXv5m1us4SXi5e1HO9GYpnz1w13OyRVbXKP1Rw6oGmQtwF5+9QY76OigatqDc68JPa5mtzPHA9rE6wOYf6ra3W5whjkiho+uexqNmYqKfNet/IodYVc24NV2AazRl8oGQu4LEd4oIi4c+zpoaQLigZ6lzuOVXyATmWCni7zSDa4+p+WIB7OAclQ5AT66jXeLzBlVSwCMXM+yzUHSCr0Q1mpZsF0ORPGQNigFpvQehY2ORhBi6s9ShIShdhvhaw5Lvpe2JVXNQfbrPZ5wD324OWIw7CSldA7t8RzmohijhElVlF2Yep4Aj319YaHPCBRwSkm85B0vRuIqUFwqtbSvR6JeZ1zqs0LnKHNpkfL2Dr9HnQ9b4uYwkDgxd6VeUM0LdM01xvEp7P6DVvj5JsqQ3Y7GM1jgxZnUBERBX10eEMjdI3Fz5NnF6uDvN7CCIvvHyZs1pDYVm63B4Hnfn5VA5OfkAs8HqqTmXOxhFIX22xJ42UEI/7hw5s7hJKgvvGd9a92jHoW1fBqb7+WkbmQGu8ZU87SWjnChGWWpcAYhl3KFlvbP3kShy2rZtXf50TPRXypWEfGVJ/9j/S8tR9W830S2x5j9p7V+C03NSG9cqob3NFWxB5Q0rRBQM/8JwTMIF51D+0zC73+EQ+1KISfQgNUNsvB7m13rExhl+etPEE9cT3MyTtNFcxuzbZlxD+0sB6qvpSpVPbpwK7z+aE5Qh//R4CEMOJHJxHf8mFLNuFRdYg+brvVKfv0UVns3+Sms1aOXR+OXH+dR5XcpJvUFfpHvpCST4ZH2+ic5qNYhut+ukqP5rrkW9/RZCic01Hjq/un1xNbb8Ux6FqL5tvUqft14x2pCaeERkNFKhfXbct7seDMpmWI8XXqofYLeeGDIA8tEQVgeuj1JjNPGp0Jo8msLrh/jkBmeoBzubaHKL4LmxqYKl7aF9lVyUXARS2PXxMwv2G25uReq2aalcK21iEfDTBY7owhy1hhEMoMSkhm2BtaZgUzNltp3sTmyoMXaWPaoah1Jyt7EUkPFU+4yPo1MGq/qk+yjqlhg3vA/OdzHJvLa9qzdlkvhmhNEfcSqMCy/HaY0+ycZ0JOOTI/IiWB9/nfv+ffwgZyBMmuCpHY6Ru6/UutoFXXNt7Zl/tLh3M+JebOI4KkzSo7abg4zNW3BY3fL4L7rTNbLwEHuZG2RlGt1SuGLRzmL3cpvweyUmMADy/6ZvJ5sSOUlDLgxuaC43XE+/9nZUxQQ6bfUU4rg7AchikZ2szpt7rx0eLjZzaoK/GOpELgYrbedrnKA/E/1X+OmKTvxcG6wZCmaMuMbTVfMgI4tTGhIrZPRswu3tk4jAqZwKH0MUTgB+pKXIPwgE3obZw1sTIw9HP+vE+Ic1eUcX5MW3oADT1b8PEnV2GmssoN2OPPSXS4Nghtv6/1CVorR1UTwqcEwCRirbflA/XLQAmb4dOvN9vCsOw+wDQ80X3f21A4WWBR82zLI88ByrleG5MLF6Nk74xf3tItfx/BBbCefzQQ433C/cxmXajg2cZQ5eV+AS4XlMYZaPY11PrLR8YPYlaol4lrp6A6oHDu0U1+/vOyyNsk62xLR7XQZGE0dTeoBnadqsAEfwvWZ98oVo7ZJ701AcDv8vyFZccFV8I1br2xLBGfCUe8vggrqiN7dNwUANjIGnQVdlSMsnPkN93OQp6td8NlxjEU0/jKWCM9xvp7Z/kA5ex8p+LHp8/xYsCi1kptcGUnwTgV0zAAV0vADYaZI/476n0j7N8J4k4BVzi6Atj5tvHnoR/W4VwIZzcHChuFzAM9RD3jDSYL9azzywxzxAhq4NPOjaqweLrbX+25ePgOqFGjZEbxwHRvE82/rOoRSilHuP3V0cscjkX+PsTI2a+OE6YN3dKZUCzXl788YGZ4LmOOdjUuO6tto1bFuwhdfe/ZYZK7H9ccfvB/38taM9JHRvv7J5C6CVhYjTSc7lkDQBH8umP7Vbj8PkVvlc5/hD8cXz4Z5uUZZMv1qBe06qQcFkWiVJXQjl+U1fhHnArlgrTI8CZvywC9k2xNgSBuxyoSz6yStpMWw6FY+qH8tGJkTWdQN2HNSX/EINuD9NPUQFgN66zdQWAv+7VdP3JWVj5O1ii3r4eI9wIIDnuj9Eu7SYc+57on3q87NhH1H7Q29eLfSuidBkqz5CpQTHNmAAwVFcs+pLz8vIqIS4XrTwnd1dDrA2i+cZK9gh1OSBxlaes0PH3mWL0xr9eAv/fFJqpc9E0xgrModM9ozCD86IMhl8sfP0u1myseoVohjE6V1Zhg2Mud39pixxBhPSp96D2ouRgJ48MMUW5HSLcivt1dqD+t80D/sBapC0kfYtiuX/j+5IsbDpEk3wv6KEiJ1RX2O7tyJF5VNHl1bNXsH0bkX+1K+t4pD6CAmjac1/f3dm9d1/nIQczFB7/Q6Nm9J09LoYhlnqefMXnQD4QxR72CmUv9muX2u7FgGPuaVNNh4MU3ydNl66tvlK7FhA6+N05JAMb4ktBwy2fjZB5b4/jKEii1tfir2PFMHHeaUmx6dSwJCh37cNEXIdf4nzm4sQuMIJeV1Z2PP199kfkIgZfHyHvs82UcZWY44CWqfN94v+ZGAU/SiXI4pIjAF5kT98ZWHJ86wIdqrjMkKzjHBr1xMcwSfKYAmzwxxpsBOk/LOlkAUfi3xpSsiONARp6+Ths/xc7PRew3eiOCIak0CrtxvgntKmWL9wQGHJvmOBoENNqtjpbSaH8xn/9dnrEzbdqNj2Us9hEvkmGQtfJeVwVGUyAzWV2Yrb3qDuOL8TU+RhX1YGWlxYpKeCLnNo+lRxome+MWfOZDWhpPsxmNeIOeXQMexCGWSAyiAV/1jhSMrQyIBdG039T+tNxsmNI2C80xFtmT9f+AeN0XklkE51A0ywEqyZguoCH5qvQDNZbW14kFZVXuhDRBjdt9daSoqxci64+K1iax7QojbNzpW2hyEYSpfAdEExGK+ydHFkRwlhgMH7NMc+vae/RlynnNMM+9h9QmS+XPoSQ6K9XV5hC4nrf1sNpYqM8FCPatFun7vPCVnKP9jH0A7lneDcs+D9IEbJkGRpAjwHGqdOPbGnYgh6thu5GRj68d+1e+NOofEXxOfnh2T4m/teA5mr/jTdwhNRBrf7snGanl3LmD89uBstL1aOcSt+NLBQF6MX+dT6EAooWFEgqZ9OQmaqUQ77ZIA/XCxBX2c/l4zBfhQpxXDa8SLQ34MalMpItkLiVX/G3N7WRskpkz3OafaAxBOGR62hnVc+leksrAcoUhrPzUOlaTfMetZ1/LXXdYtLkSJG0DuhZHyXMNJ9s/R+gZU2mXpQ9Fl9RIsbsUxGYii2rddOvhj1I6KujgZWJw2kdSxUY7/+qBBFfGnwfIuiJt+BY9Wowqpb1oDXmUQwbiBpnWFNb9UuFbtW4NnX12/YZoTLrx7LPDy9w90TgMn34vpX91MfT14hQG7YVuSdcNSZv2WkmptSyBx8pSP6vJ+Oyw+QaGmXy4IzqH4c+CwIqwbB6y9aRB9mwz7dpB0RkpWfa9XmR6hu/0475jZI7EZg7/q05eLzRA/suFcdCYAT2q8HGUqOGw1mCzsxs+k3axUsWJ0kjxDbz301dPY1WHrf9aAyrS9BiXBBPjURI2zdWJs/blgVHx86vvB6mq88SJNbHmsoHlKKlXHmjslA7kzIr27/hI1ueJefV/eXbwP5wdPhEZrhGSXYZRfPRz/VgIJE0kC3u788tTLWGnFqyjRdFcE/SL1TqTUnhaAmTGl8Ne/qBCdN4IpmKNC6VshdkLd4MCJb1hkjyMhzOI5jHQaUclH+wwSqir8550J29UGwRfyHPB+CoaW0ox1bsDovwBAmaYN4mRkLnQTT3vY1mNdopFZi3lQfND9o3yJ2/AI3u9T+03SAvrUmRK4DudOCFUr15ctzqXHtjxa2e3tdpOnFed9heYl0kpcgHnS0v6E8S9gEO0E/h4uTZeOjdjFDcny0UkSRy1vH1rznX3xxKjgxUhl250bSaDRFyDoCE+K9XnPtDihlF6xi9XlT5BC64oBwm/p5nR3OZDOIpIbQS5fZVRc1Zn5WpWcXAlc6gZuk8yHHsojkmoI4TkWB2rxl8wGlcDSmcWJkNmZhONrUoXz7okn6tgsdv087eYih/j7uT+nY7oD3a8LKCSF3wqPJW7QCc94LiLVa7LH69LGD8XK/PdJtzPfs94UoYmEk7VQIuHH8imRdyUfnvAoPzb443lGTj18yFAvIV5iT2PdgeSXwD8Iv2QflzkPP7POjJp3QirZ4hOj//UBG15SddGsMMJegCWh/QR33Cc2ARiUV4JpD5RvBM7mk36V45Vz7KgbP6zK+GDBCvXKYCBdVppevX69BOIFt1Ek5ZFiJdMvFOhSQzvTLHhgbw6typ4A6W5YeVNO2El8k5ukJjXd2RTBkbrg8luJ32N7mmtfXv8Xsrzb4K32HNJ+sVlq9NZmK9uGdOPTJ2omCpfYTubBqMuw0kObuyDFdeH3XwDCYmTCh5V2Ns5dbiZFVc9yhDINBM++fz3WipvBEYASDGjAqG1z63wHTu7SzuMlGHu/pbjoxjVvV3neuabD7F5/AYjaOHAyjOpks63hr8Ub54BLrQ1YZS7ywNanQ8aHbfh9c8T09PSUAMyfkxaz7h7BAbe1M1XkgZG2XQd1ngCbjb4bYldmrtdcpXL/U9Kk3PBEfLs6mgD8eqc8aKxR2+oafWncaTiovToBGH1LsWc90HhF8hbYKUwCGnX30bve/fMYZVOm0wdzUNI7BprScrOxhbMNzDfZH1mtMswUMsaLXFEM48D1Bf9xn6lgR1HaXVJ89pbVQ/LKOs//rgoqIsprXOcaxm//+fJyZiM+qB1Xsvw6eiReszjaj7tYdrvlHOWVPyvt6Qp4IU1E+1U4h+1fWfCwRAZ0aPCFAsLybw78v5XW21fyoD6EvHJTQNSGWqlB7bsRNJ7vqketPNsgDPuomgqIhXjml8JFhWEEMRVJjweO6tfGfVe2WlvHYVywWkqfybwfBrbEIfsaJT6V5ZFQ+/mEnk7MwFGhBpgTvekh8Fsdl9Wpj0Nnxd3nZmRj/X6uWX1ZaBByGS9X7Fz5LTv7OaJ7bcgCdHlLG5RxNGvqC8BHy45N66XZFYH9yBExMgYMmhzjO7+IiNgkB53wd9HcORduLCDe7W0nxFbVEuTsdjQEnkY0ByEKzT4/Ff/zKMzjvPpAw3xSMEAJa8hpiD/+sSnCPC73eemRVr7NgvrHNslSpp3H4ZuHveWDpw58Yp+tNbc7PYzNnf8NP0edSGYokZUCciAfIzF+rYnQ1dfWBsFGlBb2esjo/5r+eP7X9BdV4IWIMPw0xyeboZ9O/z3/nmjobgrIjpoBXAnQC0ZzWvADFmoxHRg8dGz28Nwu/3vsoIpW9BDyacZWHtLe+W/4cf9DrK/s7nFCwzMlVoSlWhZUDKVLmcchO3iYHCr8yxuXygYK+Fl7NsLOyRQBE6FZYPTSzwF2jB4Jak45hih3DODZPmquFnsjaD0MvXcfheULA8y/A9APcM0+tK0NhbndOY6K42zG+vjoV7qZ0ppOgJZxMWzuWuORypyAMpqXrJXlmwED7mkQzCk5Vxe7U7sMU97Amb/IFmfFS/J+o92Chl+6aQUoSbKClnwFYGyLKT85UVuKLSyjLVxU/1MqRISOw9rj+5hr1N/k1/q9B4TC51m8z8GopSuSkMxX7n/tOgX5yS4XzEGunqDwOeSsDCq/QGyv3RU8DDu9rnUnKQ5TJ2WVV9HBYT7Ce1GtXDi+iN3j8mK3n733HHjo3hDEK9/99/TT5j6+7ZYg12hHfgYpXpn5sSfsqet3IDkvVP9LtfU27ml/Mlz4u/xEQ+xf+a87p/7u+ikMHaoo7NXlBcspyPEKJVyOMZ1on5O+eUHh8ZFqKn5Ur2HJ2b8C4+1TsSwVDOg+zxXnwp4Rw/5M6NL1EkTCmbRTp72I/1lpULXeS4fPXk8ARdUudHx5FmPejbisvU7k59xDYWiJpmJzEEsSUt8+zgYFx49d+w74uvxuy6zh2+N40A3XnlFOY0foXtrlPnsPrwysi+mJ45RL0rxB8QKwk1De3g9HQ0bPbm+UYsAjqq4WOYKznc+8EBZYqSvUEjdwmcFzc4TF5VOWwGlx5uPb7Ak9zWtXHUwRTy9I009H6CVxsML8N97Sxtw2ZCAb0nZynT3cvY3GWfgmdGh4+InsSYEUxbeOd5Hl7/P+6vDTbxzShfi3Nb4aF02p/ZHXYknrXKnMurj3h3X/nxxpnCNDGw9mM37AuZ3TLZgMeHBuSGxzO6DgLzJhGJrVOf5tzzmwD1tc4qW5VC/EXW/yZtVTWKIvOSmv1iTWWa5GCiu9nfOBhXGRFD49w8Eg/fJEUK+WQL7hwXAt2bMGowsmbsbbh8+y2rjoqD4en18DfclT7T3RXj88tXl+nsApN4iVYPm1b2X7Tpppnf9oRK0ctADxUzXiyjxEHtxhck/4g6vXPyw1uTtBqJUrS4ASRnlchNZbmY0N46RBUTQuc6C1SO7/L7QxP8u30igJpmebTzFCCOGVcPWoxhihNo+guKkc7PzYedRBY8FG9DW/6fFJXv5Wvq+KccIbvVPP1qko7Ho/pm6jWohCk8TaVmD8VE8N4OWzsbIJUAHmK51j7k7mTsVLU1ruJUJvu5gB3KI2lMr8dKClaKVVzeToJLW+8c4RzUoVE9D51Ur/qQu8OLQa5ZbP/OT9MH6d8JravkgPfpjCQNkNjLWhJiAZL93B5mY9Ywqi3+mQoe8lwXU84D4QOWgs9Gf8ZQ/GPLfr0XnR9fJU+UaXTVb3GUOhcuWdL/C3U3OqzQK7XxqN2IF/lcC9evi9D3AOWNTV9VRb6lKmcVvjl1XBWRN309Jf24flOLBHEbzRgBen+DEWh6xNwBqL0vBIWqEZiIgyq6Y1sNBPupohDHVGlS/7ajJl0nLVTpChjTA4SZsWIC3ESV9pNja9t7Cw1LtCDp9c3wzK2oHYfu1YiJLUPbrS/Medk1Y49fGaGTA8giG+F6K0PBzjHrKedhYleaOBR6zbldGq6lUobGLD+9lH3P8iGXgJWvTAmBziuPu3PGgEGx11OPViOrjLfXoR/Pqdrk59+RJSaqzR2usz2I+xZPT9MzhACG6KSC7jZGP0EzF+WMOXbLCyWwKPiWWK519BKEunm8j/XhiCTRBXXi4AnW4FCwchujcJ4U8gmzkoyDh7qc+ZGwRFb9CRM1c7cuZF3ERz6d0QsiIr6OaPiN/zASGiLencQLACDzRWWkiDpJiNHbT2YWKjCFmrno3co7xLFdnK/YLVFd1lEmkioKz3b8NpXtZJBQzwMd5liW2EG+c8nDybALWSVE5C5ITxUCU9OzOU6JgA5G6h3WYpbXgo5erSRJE+IZMxL4gXfAy1E2haMJeSGX+d5YUjUuxBWJUdudnLXBEqqQjFfi9Qg2tMZPtmM+XDagSoCgU//wX705B7n09cffh8Jxcvi0Xcr4sVZ/jyMPqbZyT+tnc3793eU+DbwLJXve5BtXLyIW6IUNnWg8J/bbs1SzHa/VkZZ3HgQylOgNDUVZyU8AZxR5MD0cmQuhcz3f1JlnZ8qzXleNe1d6rHdzoyQroeHN/psmtNWGe5LfaV/SEl8aOQbH8pJHrtjpMFwtCC+t+iYhmoxsQhLe3gk4KFQMnMTcd+qSunep0z4v7yqWhkyCMuW1BiJP92WseaU5W+Geu3/B9L1x7P9P/9I/dr7pcwt1wqyqVc4u1uFPaJVIhChXJJ7uwt9zszlFuMiFxyiZJLrslyaUNlFJFlk7nNwjaX33wfv3/GY/zx3muv1/M8n69zzvMQdSycd836MCcjS7X/QJ++/R9UPnuARSSAgPskOIz/Ou/Vfsxo5B7Fob8MVm+wkNx9K+O9MSdNWIsoBPnvoxBWudTu32Y1VhllAnkGk0ltTJ1rtyqL+CNbLvb5THE9Awhry/nH9vUFfzYin5pX0/7Dm12+gyVwxQOcR4nSLR1BFfJyqAynb9GRidb//PcZtPa3lJ0mUWgqtgHajP8zaeVykQ0dLpIkDBXBLd/U2x6Xh7RnfWorjNpPm5vSGLsmywXahSa452slA8G1/KtBTNFfscnukPH8WMkNBYYw58YpW/n+EfnYh5DcL7iDuuNAatEreElXTTl1pOIVKQplmMYP5TAyY1dNPBchOogwTlIitBxWVMx8ZASIaUJAE4/0YTNPNI/uSmqOZ4PYxS46Cx2l+qU+wOswuioU0clNwxMWaGNSwSXFcdVVMgJYgsdrY5SSYywgSZoMRv6xFhVFnbj9ePLuC1jLy2FhSK4PcPE50ZObGNSpRFPBKcN6009fZ3z8gKl/u3tXiD0L+sf12ex9eJH8I/8x1GiH4/W4OB+hsqi6c8PsPX4RafzW0Al+Kr8dvUNh+dsSbsuZm9Q+hlZ+GcK9tztzJbzh3o092IpbOM5HVmZTAqE855xSnRzNkJean71yjYGe8oWvr711QXbJMZs3klRtF3k51BmPzoaHw6GugcxURRV0tYVpFhv12vGtawJ0bYSO1rehosaBv3aUmt/vXN89J05+ZYE6c4OjNls1y+YocS5QvUIuEWjRo1D3ORIB1v911BG8d8bEt8f8fv2qOGycFoM8f81L9EyIJm1UR+KS4XNuB5G6Uj374pxMrs3NDy/Vh/khbqtuIAV7hzj2vNvW7E0gwDeo78KfaYlLHV1J4CK0rKleitrefjEeCH6BeYHiruMB/0rufOU8GsSsbwI8ILbcCWJqx8wI0vDyjWXC7UMVj4Ieit09XO6DSv9qRhN+cYG+GfBRM9QkuqC326kfKXvUNRds8C6cfeAETP3X3J8nyoeJUUOrF8XlUKmfPV4gJPCeoSPq3GjoU2n6XlQTwmLDbG6t3EJso5f99lHmiZlqcyMbBltVRFk9fLdy2qsORvGIRCnVgenPO/fCF4pDSKl7VSj/AhwNw9I6K+Iy951l95r2h2r9XmgiPFTNvNO1Ck34N7t1U4r2sexDwdKkic2WO9orQFhfaUt3u9AszZyAt2IC5W9meXSqv0s7YpZmTsLUYMPzxfXCtIQNvnFdciCgm2vCkNWjJ2y9xlUBYdr7qv/wWo52fYDDTUOVNT3Nwp8XC1EtSoGkIJv+I+shXDKMvHk30+tIxwcSVT16CXjdWAa/rGlGtHHR//u6+DoOENxemPdq5drDWvbBzPsQjTygZZoiRct+rnbkHMgyIk7laXuBOKs9amOWyWV1spbb6qTpl2Tfsp3FMh46Y38Y8JxDuKMwWrAst5otxV86tLAJDWLFIPCsis7iVLA22anPANFX/dfdlqrorW9ng1Gn449M8Dp+RFjjCAq8NIlNQSdrCDIJmfRAUik688PayPnsnXs3Nw02HHI7fvWP8GyPH87lwLasI/mSbrv8/o8ydPN7AH9V+9xHnp1ijq3ulEe/0jm22jPO/7KZcEygjjfIjaKEH5WIhcfnJW7ISkZ0zhfz0BN2qv7IdsHU++kT5BNziGeIjYNW5vYUpsSuWIu7L2cF0QTRZODvnAqyWOuVcNDciQ+qJflyf22RuqgRN3Xlc/m5QSU5koevFhA80cTvbpFCFK2eGSIDvgZfpFXv5S3mAn+k6N69GE3OPYZmSOVVXyAIH3AQhU7eHG1GHDMKZGpD1/YD0YKU8ofAbwmyXB2Ca4/xZ1g5Ip8F9HayOoFW7st9HpX91JbSnpQgc8MpuBYWFwNwNuQje5Vo/5GCmP4HoApl/KqlppBqrZRq7JC1McpuOWUlL+l9Vg0P7eNVolk1TVdq8Hf+F1mfPXkmUL+Y6ZK8xGrwNVnEOB6VNfwDXdhnZJn75Kw7RKtNWlk6NCH6tREFxUXccsrmoqfgIrLZ6CybDOacs3ZyvE2RC6zMaII1sR311PFI+wVlqxTsCCHcIby74/uWtJc6POyGVG3UNa9Y8NrLsBsv+wBLYjLs39UyGL8CqUKnH5CRonk3wRKxQ8J08UefhO4NzTZUq0ciAWQIJhMlTTJC1MxWOGOTDRH/WRDN3Hqca36V+v8I+WfJp4+x7puczHpxdddHhNLupkX09KE3sF52LP1bUUg6KkAeTgV4ds++jQGf3bvBE31NCKxUpmeWYchcZQhHorKY2u/K1URzkQVUrR2l+RhYmt9mZ98xKxRto9x+LQne8Psza/78zr8LPyeWcdqQYllIBHejJlkmtr8u/6o2xZU4dzKFzP9Ls9Mxv/SnG23hh+7CnIj16yKPdb9+Q/tOK3aXtt71xg8pBJfQvicfvgvxX9oeGpiDLKbqEBaX5eo2GaR1Y5S4vkHCZYaH/lQy0OkTJE9XmwJDuuRCLz7qLXmfbFg9FzXFGlBjIWmkw1ufEL73Q860teUq715jg3sE1bMB95GwCzGIP6mAaDbir7NX8L6WzudqQXxFN9uP4CL+K8ao9vxxld9SkhggMXlofYCfXd0EUwZryCwNajWD0Mv1FYmTD4PQx8emosNfCrDrJc3EAds+Rt8aJajwtzPaMgGWPZmQ5zO/H7bx4Yi1M90jrw0HDF0sfvx0/BHmk6NMfVWGCR26kS2oL5KIP3mcQXs7/K46BQL3ox28/313DcmMIqEJXyyBt5zgrX4ujdU65ry5N6conxewyiF6/v6rSSTpNSykK7cc5nq89MlPbUgRE7srcShaosaMqGO7M+/ddORPoS+TgftcqvLwxH71DpgbujC32flPCe01AfzUcfKddhTBa00KU79Kb+v9W+8H7vfCbJswx999BMZ9eKgGumv8X4NkkiMNq7jwWkL/7uIrCpcmz7zRxA8o03bNHYhaeXPVq1jCmpFzvStGmVY/Nz8beSkRGPnniJpzkJ4fQPIHMM2sufWWwTpnt5wYcPwIP5D2DMlfsrQoe9Qmt9RkDdSDyEqOWHi/U1brvvtjO480xGQ0HzxcjihfBmuLl2IcxqBHVRngc/6xO1eJi2dNUHk+vkX8rq4OVbVNiGMAM+299VGDMryIfwgQWojOWJRhpdvIEhY/U8MplSub/6vKjQcBy8ZcqV0r7FCxO6r5bIBqLLzLETukHKI9svPVOwmE22V6oKEnzYx8FBbOmEG2xj8bXh5w8nWGzUAVfd7KbLO8+n6MLyp82QxNv/908ts5vw3zSKNtGAQeMBttsd/Cp5tx5z8qKdczejwqZ11sX395/kwZ4i2OYDc3PFK0DKzf1JglzP4wnB3i2b1aAeGKtkyxvPyBIyMnMvYDXwlp4N0GrVu9miYesHBvd/WeaOhFxXM9CQMaFRvWv1wLJkqYUXUcWwCMdrJ8Tsw6/8TfIIny7tYzHP9GzMXHUF1uvRcS2G5BvWVX2frj3pwQfT5YBrsZ4Hyxn4bfoC2RaX82aQQF35g4sJ9NWP75xSarb2rmPDmnrzvGpehYBVyerxZGBjw4MyBlezVg/O1zkZfW6U90aeMKS7YfBGiFXqw0p0pTI+4xv817PsOIBx2Yie4/jx9sDGBGmup1ELBdVcccpT2WfNmLViIWQKwU9TzJbOucvMib3/tcefCtp3ByuBvje4/yGsEqd0/ZsoE3S51SxLDKJklAYX04J+39I2KubBWDvwrBjkivCSQN/kXWzoaSumLzNy9r165GihZskHozDSR+d5XO8vh8ZhmHCzv+6PmtMD7u7KD3FWykazk8oP7pgCc45m2NCKfjyV/XYZc0iOZQok6kSY8mRweG2drEIAmMM//9k4POUtPEHwHO3OhTfBOt5gwZdXCH8EXH2TYh7P6yk/WL4yKMamd+/hDf27NxO9Ar2Ekn7siSCct8laHH7UIWz7AaKRGhieBoLORd5o0wosNs2aWqI220PV7XjGDdcFClaFgasQ1I8JMPon6OHlRJD57aEV4NfnNowOCykiaov79L/lqWY/6sTD9KseprmUQEEoUcpYlB0raEXKL+elHgVuZDS5eytY4JU241zQY9v+avvNdbTjl5v9FNN5Lwv/8CwQNq54K1XYlTb3ypqdFCJAcJSk1wEUcysNQb9/Z9ubNQNJrWlVfo1/V1F5oeU5sYp62LZon8WGwCNH9CE2oYgHww6IjPe6aFd/C4gld4eeZeLkjmX4V+dgHLJ40Zi3/U6DzeGf+o6SF7Ftx/8ahxjhQwy3zJpSdmyll/ofRG1O8FO3DzUaNGuAfWwOBC+IVSCRMkpu00fkuotLjSBJB7gA8qkEMpaSh/nnokWaSuO5YNcxAh+2x/FiG/ffR0H8T2FC/xUO9KKKB2uZSo18LSG04fmW0Q3zyua3AuIXpy0jhIZo0+lJnv8M+8VOchwSmTiocVL1eq4ZmOrmGDb3FEWv2H0BFXLwR7Zn2kDfbIdMJAOxryfe3gZFIO8zvHyqMC3GKIX4/EYHd7yKz2W5Ott5D7s/5Ez2Sj71Ajo3PReiyrF22NR3/I4PBfRW+3h/ZiGqQ/irqt6m0Hhs2nvu48PQBI0XQ9XAjPdLu12SzYZM/pDN3/ESYisuQ5Skgk6rVxMIkYozqSDEPxW+sWgNtvsDNRzOPjX2ZhUdxGbB5c7Y/IM7kditj79teX/P3DktdilB/t2pkDoUSHESyBza57NgZY+u1d9j94XkNtikXJf4jGfdFZK3l/cscOV9E5xUFVDMIPaLbcy3fCe0YUYXr46QVxqKI7kJU+jHTaUVqIlbAxT4p/RQB4/91STl/tUMQLDSNh59TIqcJo5QlBcnkvFFMOy2DvhNE/4soxrtHat7fUouR7Avurrr9uUyb+WKv1jkSoPUJI7nLgzR60PezOgM+slg55YJO/xspD2MClYTQ0FggK56GZn8Yq691KAqToG6sdUjvJ/Uh5Bnbf5yYJxTUckSUtbtflZ67BIrnwDunnTF72Opw0qSJ1JZqNQxk/YyV3Xy3ivDTjAa7tQnP/YkVPCBdokGUXQ9dIiwoPLkIMbW7+r3zWHRXIQ6MYfLkKgyEzQAbFLseDHjztfjxdPtW625uiQvAuWOazcv4AYTgs0wMHZTJScFyx2k2FS9AkmHou5zTxryvYDpzV/mpqNnpv48pJU2C7b5a4X1C/vcriFy4cEp0MAo0GeqHcyUCJ3tFw7Et+Z87lLgOi78i1I8tHed5au51mjmg3e8nyJKNzaW5x7n7c81AmMPpVFKni8Ole4bvcX1FRCnfPRh1v3m9zf9x2smBukcs0qmSQ5EbQ+LESMLrdbdyRMg3kW+Vr/MjHhyXmpU4fFHLwvk+bZpo6fyk7tCT4eEv8mxOSNp2p2LlW34RtuX9jcn/kWyFq/OX7PlQOaVlH2dPmOOOJMvk54445U11VEu+b7qv1tSwLAWRdmuq9DejpnO3rqjWjr/TOZoE42jPVPQ326Be/Wvn2reaHvCcQL1WNlOahyaf288R3l6vvoF4K7iKr9s5vOAxrfgJO3ZRRVNqzmlfODr2iWpZiAum2JznE6CbB0ZdjEag4+G/iZWVa0xuBdYvOz2Wwrhhgs1RHnJIa1mPXkcSyU8d8dDmPqTp6hSFhO9wpYUohFViCFOwIrU3LYWy/pbRO/NCTDiyZPDGlKtIsDUPqUlL9njA3S2e5O/3IvTnrJ3Y5NIQ9C7lynctCn09eBIcMCPqPSZodyXYg9d0cmSVwUMMlb28GYRePXmdy9QggArz4zzhlq0QwTphkNjH+fSKunG5vDJGgsxT3Aac3BrD8ERHHfTxPYDjoHMSWmjaNXXdcdduDDlgAX3T0AoGmCJF9yw0FqkfvoK4F4aB5Cx4/ffjAYURHsf+ve6zbGpXp9QMA28Vp5W+Gnb7VQqDmisxs39pR2cBa4JQxRN+p/LwRv1jj/QownKu02KQcI8EENjjzg0Sh3iCt8Tvff4U/+iRhoGsozW93Rcs/UrJzXy5E66z2pE2Lps0DWRFTNz69TOgApvxz3BnvNxuSUY+7NImegXT1uncbmknAzGfgKYM5p0Q/tq1jod8soji0jMJ2xj1QknIQKuhd3Y7nkPWQoXY17Z0udQrnzKprlG15Vb+djTCYrhbOE/wTMBPzhgkfaOO7YIHkT+qKJ+nQ5acXLpAiX/pnY4DAuZp7Xj+3apUlg0nxyVFZ/YvHKza/zj99hsTkqZ3Gt5zMNNspD9w10X6WDWvlop6tRBMMitTaY5auUBUhrNRb+UhYEHnn23P/b4P2R018Don0u0Ehm47o69jqF6nAt5K/LV81KT7y2bBci6kNb7yFgXAkH+991P2pTrbaFdRj29ZHq63BJY6u6dMXoiKLlkOKKb2twdoF1hAxdY1jM68m1KS/YQkG8QB/1g/ER2lCrP0lSjPkbXAr7YEufendQNiizMPtQfb2EF6QtDukSXYHD9Sd/cV5fyXI7b6LioIvTsj8yjkoEwIjW8VcQgN/ViQBmttX/f4MliOOF//N/ZprhnKoW3yUbvCI8AfHRhMWxuem3wAAq7NxN1ojiA5Tr6q/xGKMOKg/M11Ca8oRUXflDoRupBTrwRH3f5igHuNLDmWmf7gi375mH975VYOtbmCCuZqgnC0YjLPpdefjR62YCoqGmGr3UTkXcfeXaqd40vsntNvrc5dMYoEduwmbrXK017BJjvYYNBEuTtG7zsDINhH6zeanN1w9IC3zBP9+QLQPIYLzmvP5yp9hYkjYlKK+d8ALeWTAI32QmOdpSlRjG3I5eui/X2FzdRTA9jo9928YdbNfZwX3tnuBjIL4fDBcuP/DVZhyVufrHEXGc36gGCPUC82ECxO18tt0uPhqGQfQfOiuM4v++PZ4vyNOOeOPyrsVj7oC/GKrUcJgM+bsG3uiVq5FNTXY8GMsTIcNrBoolEeZTYqTkS96h/40qQyK095fPuLXjGeDFFpdFyxZUjhqQtWyuwPJghtYCNOt5pOHAmHnJOgZ7lfxiyH2zEYVrNsSap4MYmUpYdHHDzVSYCVLyHlCogHmaHnWPZUfgdTPYKX+jdlnX1rY6LvWL2sqHOC65M0rJ+GvCak70xfF5qqB1ifrHgPHA/7dR2FGlaGHL3eCmeCXVhZWEmb6gHe44ZGkSXDUA/XAZqdmONTNsWTN0+dS43AvvyHkCi0pTqY5ZIrfmeR5n7vRuR9Iun37N86LoIV2XkkLgdQPXiOMFPyNlGiJKlUqsbDC9AhMrDCbdqH/2l5fT+fYlKO6yV8lBknIHRTWTzsThRS5umOnP7Tk0X5+JHVP12Oj9boO2ruYIuSZotlEm/rZRGpPe6CT/ym9LngutvXPlpWe0OOUttHmfeqxQL19u5VeWvRwpn0FhO3JnKD1BtTUKKDIxCjAG4sxLl3+7nb+ePTHi2773vqPGxbnq3sk6Srz0FLyZLXNtbR74OV7Gy1n3ye8vXXaqlZ85Hj69F0U7hgfiP94jRFBVcipWyME3JAOf7MwLZyQ9vgmI3jaM1DbS/S3OKX9S1DPp5XAp8EWScBmQ/6Jc2UwOAOwV76Uw261BZ3lAn9rY5UbgvQ9Lr1EslAYWyxWHrWY4veEZ8R6ZEZqIHM9PjbXz91KbqpHmN2BxDhZE6uWx15VaBzT7AeW3L532SZyWNnQ9JaODaw1YF/zJPmHnFh34ALjLKT2iN+tWIPwFVnuqDus9PrcJgSawboZVKH+DqQms3XuNGnS5TMLPUWRtOUAESdi7FQoetPfIkmeLNFfsUOsNIcGLGP16//ihrKXOM06qt/ihnq/ByN8n//tU6LJjs0eGNquyoRJU6iXtpRmEl+WLWQsMtNuvZGkaRc+OY6xcO0LWvDSWKLX3Xz6PPNpVEDOm6ZhX53PK9dawCUX27RfuYk7U7d7J8ursSq0AG2ncMd40Fd3fIiH0hz5AuPKBJJtyhAvU4ELjA2lX2Mhiwq/glYWwqh1ZISm3nh0sS1PAQKqyR8l3PhonSJnbyccJdwgexep0VQjNImAcPW73b92o3g2FN9SbN7GcQnbwfrTOeSjYWN4WazZecnw/7dmSz6zMZoSwqDM8cZAz2O8lt8lybGfPhlwef4K6zxR6vPXLNSfsjuTxTxUtMNR02hpo+bfWqVtjZkXX9KsGQ9HnLT58fiKIy9V2/GeAI0DPxne52ggFCJjpuM2OAzq4SPz/Tb1b66unP6gVNx+vVF4amV31kmcfKH93RcDk4YtAjZ87ellJfp/xCDeTOKKRSl0sUnb4Ly/0TN/PRcvbLLB3HQ5xmg/nFrnTir+MfUdAa9dFlsn6HQfL8f08B5zpHj5ty65th4l534YMDlY0heHvvhtPHVh3yMOx/LP9j88aR0H/GgVAq8djfa4NPjd9YeUi9xi3QUVTXFfzXFlmM1We9FThMmILjNnkwJKnwkIxTtYB31eNyE/d0iJTudGRiggbP99fitCUVUxm0u8jdyvVo4H7l1IPDKlCDNFxftH6JJ2FMFRi8vn/nfZ/FMnUCce2LGdMdyd44x6tP7xQ0eUspIWMWi9Enx/Ix2eUYYR2HIJdUqF1zLkW8wRkZbYwzXDnvbC3h55cB7dPXc+/K9x5WYsnKgN0UJX53NRvcsREXjPV+tC8bTuLfIKfexJ2lw140fLbeU1cgV1JoD6y33+G905AIHx7kw3Lb1Hmymc82TabVoqn1X3xG/R1rzfTLCQp4UGf6O9slQEpXcsNxSJuVJfymDKTPDw8keVqyg1guI70uMZo/Tn3HizG2zg/Q2+TZWNQEA3s96AlW7zB6t8j+sW39Ytie3Cs9VsgP/ZLHhGM4ZFdACAMqK0TxEiDvxU04QwBnylR7IReXGg8LyCHOQcF2h3unfIxXfqj5p9E8bq2bpqKf/DhAx4xkl1LOZRaa+B1L6KSxC1ULs+x+YO/8ht/6Ys83LMOZL6c3fUkueIwjLTgVZB+U7GQQ83AgF4ElXLEPyJwGmSg5hLhNOl2SHB7fH/tTX4DwWjfnSVTD1ipYl/ypk6fOfEih0SdQCdb8Yw6P74IVmzeD7+l7Osz6fg0dArg5UNhRybaOMUL7b7EaWD9aUEK4JG3dQvg4AcDCvjs1Pd+s+mMUJle38z7NjqaVPmRjnFlFBpub7WkxzLtiOmVpAZ2wTKmKVVj+/oWv7ACip9+rh3RIHhf6dROq+Mr6Vgdax81ewjt55JDQAB45evPX1zYW9VUISmeupcvrzpZWajgPxmeZXtCJdKS6OAml6Mi/BeylkbmkaSUa2qUfy1eWgSEHn27znJXk8GFh8z2s/ow+R0G3BFA8suSS/BcMv56jBOoBxbHZZ6zAh/kZNqxZrD7N+sQnaS+c/qeg7kdUweJq0CPZRvt/XZov4o77Y1bHnrnLNoPBBoGHCeKEQILAnOHERiHD/+Q5s//3GPD7zFQglsRyMRW79SggDEe3/FNHhH6b1B/RKT+kUfwRKiQjb/IHCa2NI1EJgE97gk9enFs2VdaSNhqyiRpPgS6jVIGlh51gOitQuNKt4DzvbJrbLIBjnESeWpfeALifO3jekF5NNAgHfJmkgIEmGoLGUcI2D7HBkqfxDZOOo7mfuE8zILiAUjg0gD9p6ouSqcVxCk2e+Gjv0NmUFAuXPz7kZFH1Aj2oQ4ZkTL9VcxmjjeUWEofDRnJldGiu7dh+gFkq5hau8wFCNlWYZV5yA4Mgk4WFK69OOwxLFzyJUTdOO/lGGpVccHFn3piR0y/fJ767jee6GswUsN88hlKHooRMBW1FXn0jdoifZ09WUclBVsdQAzNjCu3OA13BDPrkbb0/yX+WMf/EKQmK2Rxhfjv0e8RaIkhlouGyNhm37GwNnj+41Mg39OqRQBSHgAcIxw/MPG1EO1puTr7OjkBtXXLr2NTxlIa+I9fyAgsw5JrQasPmoN9FzLxgwJU30vWgJaoS/GGTsvZ0wBRX2qALk3wji+k/Ju6fBaoA/KHXl6ptvuQFJj55+DBCX1bQbIQDabnrk6YLy65oIQiA6pm/Z47Jepi7B4Mlu/MnL60vXV7iSo0sts+ucIbXkEf2Z9AmDLIICyZqhivbf09/fZqP8zewgPlD6Uc6hrTDL6cXeMnhgmRGkvFvjP9sA3E3gidq4RwkQIqdhwavyCw66GXJwmhOmwH3mjV1GvaX9LNoVU33gUOhmmMuHwv/Lc3HyESyJVF1WI6E7X820XikVIU39S0YRQE1Tp1USO57dTtm6Q/7tmBeHwK7+vSlG1mHspjZ5bzqz381eZJbgnA2GMEKhBrhGnCcsOpu/f4Uw2WDW6+WY8cP2joRTN5qfWc1tyYUG9gwLkmSjVxrYPnBz1m3YMwXueITl8eN31IAbsJ+EYX15y91x/z2bvrho8B4bwYaaOmoIwLfTQlXT4i/pCvFk55iUN2CIaNRDNIfSQ35BHulUWmrLj9wlkaeZt4oOASITqBhKJaRBPgrtNyUI8iVrs0tuWmvMKL41Rj54JUKz57qGhw4EQ1O/F/zUjjHngqrkHAK0IZlrwJd0SW7L7JJzvNK6aXl7TJTwjzAcqknI1JRpUcx1xUGZAcLuQo62C8Wp8PSfmqNiO+DfapnBpMRAupXdY8Hyr0geQomdcGASYdyj6epYxEBGyO6ECXXsMEqDxIRmFyCtH6N/mAq2k9njEeqGfb4j0rCqUsm3vuljxRu1l5rjzWxj+Hd63Z89FLA8EUg6ufFl//aOx8sn3wN3YcRLtYNFQSKZjl1iwIkXTlRSnIDV1Zqv1cUOiLhGFNjvNTU/zL0yC9X1AwBQ5GOU8/eVKDMr9XN+GRsTsehGTkbbShRoLkmd0LWIhX8x995/FPKYa2d4h5kHfz+C0u3F+QO24nIxPwXJgUTCblqG1ISbni/v9xq2C5X869yNz4ep3GCgkpjGJ8EQ5HdywKiw4VYap731YIGLemeXUVzk3pUdZDoo3QTkJ0ykfUp323zjJ7Qed0Ix5NnKyQHmYwPuCk7RlWV4rPxrt8PfZLaJLq4fjqfqmtreBpAq7JCNheoruwdV5xCmK0EtTI669hUGe32OeyxpPyiaYZ44Zimr+rGAykpfY48ArDED0p6Glfx0+5ZbB1u3PngInqhMYsU+h7Kgha/CmqFVn4p/YNpbthaNSg0NmJpBlW2ASLk4WeFhvDDCoLjZyTjGQKLQS4RoLrLXWpdxDJ4eyBjIoLkHeopzf2hiF81dkAj06n8uVWNYLJQMjqpTl52l/Sqw8Vhr+SNttWAPCNF2pT3FiMM9fo9hDzJxrLzSEQD9cX1c/nI2KfRbaKcKlyPQAqy4YZ/YzMGXeDimqGjggzWxeQ/ru3Rmy/q7zwoxgGL8ds+LNvIQEHP3wbdDS6GebDM7v1LmhlU3DQhYcd65WXgQA3J7fNdauyvhqCei3/KcYK73ZrH7sK2mI++vkaUV7o0/VNO1oUlrS1P2yhUyfymdNmOAscA7ZcGpDy5V9u7Bcdzj9Yjy0DzPEtWF2BNdcFAVPiAUPPUVlzX18aHZcfJEZnzmJAO9ueH6eNDW6fnqjIgZY3n6FEcYpuySCj6WwKi/7AVt7hiQO7m+W2O6zhn4lTOuIwi94yIL7agfr3gp31n5+cyc6XL8e+rAcJpEMeN0j5sYDP2BtEjSsD4BY785YcPe6+gv7cY6nIcDXdMAv5aAj2PHb98V2v8/E9lXdUeI11IbgYDGReVtFiVawHA9cfUlrRrCALyjHUN6D5qjvvQhBcbRsuR7Fh/PY2yRZfSEa8dLMSpUS9T/tx1ayKG9esgZnT4yyAkahOaV0aDx4JRvxqmGBTfJzI3zfXuONsv48UQv019tAZvOrBf1nNCqpy7PD2wrlT68hurcx83cGDFRccRtYFKbWU8Vh9fQMBch6AHZkJ4rCtRsrh5rjoX4swyyxFPg+zYYp2ezge33PWQDK4uTlqI2ztCRVJEwDCozDc/j3g35PwoWHQmqyYckOhsku8f6+Tyw227+XYeS+vc1KBZx/9UQG3qZnrdjbkX04aRQ+tU8x+9VX3SZ71/xC2qhzlxvVQivnkdk/r1fRHhE9X8QBC8K0r6EAZVwoHlj/sFMqQPtZt7K8c6PpyV3JjUbHD7b85xq6b5TBooyzIwP4v19db6vtXj/7Keh21GLiWMvG2Ku+XewM821nHdTfIHMxyngsGB0klXr7E4CIO4Sn/02yZJzUor+Xpc7Uf/y63wbZ+qnRO5QCX9PFK/zpqkvbK3WU6yljvpCUBFg0q9BBwYaDu+kzCcUxgCU+yMsMtYSGMoG+tdlLNocCAxwgz/uO3U9hAnTnwLtiyYAgeRN2H1udLkllGfcBTuNbyj3RQymgP2S7fbqiayYBJBJ2Svr3f7zBfgtU6JhhUcnG3J9FD1lkwkPfJsBVNnwqsdX0j9gu9ippD8zyWu72yXWhnd43Vrz3AhR5aH+wYcwU7eA1iswgC4SV7I5Vvs+f9GnNHTtkEKrz8CZJXdQMOMtJ9c0/KdCTmd/09ELOs/eJF067a1meeuDRq+yjMM1gvdcn2EQtgMUcs3BhqlWzZ2ecLsWaU3EqVr8JYXRu9vYdiFESvFJ8Q8ABjiu1RiJ0SNbBbbkx/AOA213lexEapIFs2DtjgIf+6KfCn9EyjL4u8vnL1iaMs9uapAQVfTSYrk6P/DnK+lZPAidVX3Dey2Muvd46ok77FXTc/PtlgZ7Syqz+UjjycRzs4PFc85+ih9+58YQF2+Hbn4qyO0efA0+Ul9S0uuXu94ZUFet09njNilHujMevXJGU9mXEPT9iBT/9Jyc0IiS4AxbVhym5OFutNs+I6JA3T+bEdvvzqhOAEnjCjcU22HGjbBSdXeij74ZFyqmS30GiJ1eDmvvWxE1JWQofF1gGALksRS7wuY9XU9+feh7wok1lILEl1gTFjTv/MuVaBq+D9aS6JrHFXX9VM+CTiG9wZ382hm2nDke8Gsdbb+9LOTvwqfCFU+vjORKXxVOcNkEywF9kum7XDokxqFlJe9AU0f3G+buoozDd17XMivOJ6FdkSTXvk5m0aEn83Q2FGZ3keEh0142gjSBjG4r71GXKYt8iurqU0GDNZuQvRbWKqvyqDSwkX7DtB6YsvqVUXSVptacFZ+qkajfbX8vy5qSeJ5otYgnZQZyY5dOpZiizrPxHKR6QqDfcxCD0u5R/aWOsUoI4QvY3ve9nrrNKUTOMzPQzzRbtFJyZwBfT5qjFFJkImyRgfCBI4JQZyoYcqL9tFMX86xyVPRuqTMPW6IlKJpg1Ooi8qpagNGM3CySpKk98T04mgsTFaVF81CQTb+N7nzJEAjgnjCW8lvAOd1FkgkjQR7F3UGGf/0W92PHiICnklGGS/ZnpKbhglISBxJ6KMt2q/cIQcDtoIz74TFbUm6NKcrdE8GwErQnW/fTi7lVTFE9UYMKNrc9AZvsD0iKWj1RhYsRDy4Y8OagTEKX825l4koGtzp1yZQUbHJ+1pAID7+713jXjs5lhvPGCsDYiLhnJrKNInCyLCNq9bvHkQ0eS5fbK7brXQ72Z0PGgK+qj22IrBt1XHhbBoEq0Jm1sNUqS+gqx9WBEw01TH5sZ+TXGhBqYjq4eOPbKNAD219iYZ0MFYLDM/Utp8Bfq5U++WpC9brLkNgXtviyjbcuiqiKT4A9WHmSDf7WzuqhsxUtCT05WUT9mv2H/N/Am1izwl/ElgzsAq6Hv7d4Bf5cNYs6Nzd3anWBZ1Dp25JCdwndNAXWXbIhimywpPD9ri4QBZsB9OmzAJhUur42uvt16Pwehjp/EnEBDhzZvsaGIk/07L0S/TgaaozLgzl1QolHHFd5oigmqekdq6FttJB8o2bo59rqj7Xt61Jl9HDzorAzncMLnta3XphAG5Y4xQdFfpgJtAjTsjmomliDjhuEgam3Ei9na8J9rP4DGA2EPg2sxWofOsQuoKLmJWcnbWRJxiHq1jQ+Zuu/STSETyIs2/8rpjcK0DPqlL4c0odqTkjxs4IPGG/L00bc/+CIzGIAHdzYDhjVhuQT/t3LlMLXTablXQ4MlGUAaX7TLZ4qyMwGe3CUGXamiqijTrimMveQHxyxqczd54cfVWCmbgtDQC95VVO9sWL5xkSAV+yZcTkdnjJA1AEgbDI+kgJQ7EFo7toW4FJEC2wrE9T7Igr/j/MkguYC62lHqrQPG8xKr/Cf0CUwi331q4+sH37+4stt84KtYQHBNA0+RubAxXfeAf8TgfpsoWQMxax1aygKebS3DXJy4npF9GReHtE8tdnLGKgcKQQEuklkspqDyRIbtC7TyzSwzlGwpYx1MjpIoGxN7TpKkRWioEev25r3p+7tNpI/+xcuv2enhqk2YyNc+QNb0OYa4+PeGec87G+HwxflN+kdFSFokLuSLpARdpQ9xZe3B4w/On4AGj8f8UKMZbLIdqVD2VBN/gEidxJLPdy5yEPFBe1ZeE3T6jSUTmOWijPFqbG5ov5LxJEBj/jTj2H0FD/jFjJq6u/q+ZJlBbogwNFAWucOzit7KEl2qZbB71Qz1pzLGS4+ILENI0n+SrkEMcdWbP7xiUFHlS5Ny4VFznRuSTil3Vgx8m8ZMmvwAU3GK3DQEmrLIyQTayX2kapve+pL9Rf7j22NyQlZCetuchcFZwTInlXKrbhmj8+QTbNT6k3yk6Ak2PegmGJon58c930edcbxrN8Qp0/OBT80gGPu5UU3Baa+nm/fzt5awH+JIrZd9n1/prHrFdZKweXGs7lMVdeqzetHtAZeyTPDiuROqm5i4k495DjmOtfoxsRu5/HuB0i8hehFuZYGV4rs+fsMYX1eH6CLxjfF+oJTX9w1/8d9FN1ioyO7RGJZ9tnbR+WR51PLbu1OyKLTPhZRKIfAuySHzlao8G0POOKQSrYWp11R+o5Vn3ma8TADGv3ARF2VDOJNJLJTmM/1ySXD1phoguR7DSXRIMXvGmvLu7PyRs11g9QnDbcUXrORUGfC5LSXVA6uMMEGpMJD07Bs9isSzrPjjiIXcZRSzBF4G+aLXUP+kuuAraJIxI6rSmq9dkLF/YntmI3nNaQBLST8l6RayOBS272CM0rm/wUBPaJo7hCl6TmCKh+59o/EjcPh4MgbFL3zUWsFM+/rkd1KkGmmxisnothVuyPYT8C+4CIPJjXnejD/k52Iw/HFmIy6igidqU80TtXjde/SqCeTZxW0f3yRQShunDEsEg2MhsdGPJppTTVHpv7KkLG4/adw7/4kD1A97e5J29969WSWig5IZJH1V4vysCiP+rep2rJyW4UJ/6kN9Ofk3oaDYufyX9MDxh08Slr8snn9ahiDzUlKWoBHLicBrD5T9akUUXp8LzJMtP9VaVkCpIF43RX23j0MdNJ5puO2wN9PIhd9Kk6Te+mYKgAppGx9jg3Zp5iL+YuTyjFVnW5GJyQmBnZUAqy/DfY10M4Gt4HMff5kSg/LytN5D3KL9OdZO3kmmjymXJ/+zNzAAtWRcKVxQoM7ok9BDowGhc3VIDIYovXeG5luGVu62RVcH7OpR0t8bd4ulTaOSBamUqXT48HRDhIwEG7313gtEeRniuznEEEp5mwbq648rdyXMttFkulKSLy55LPZwB+z4PX1944l+Kvv1/XyDMLI42zd+sOFVGSbw53pJHBH1pYyxiBOaChQN9YHG6l+31ZVo9doXDLsqGcu5Vmrzyy0h9nYXT9vG4K4H6b9Q+BTh+sBGy+qjJHj0Vdt/PqF5+Y9rEQMcUhJGHGIeT6AhHxbKMJlFlytLutimDNsg2z9D5z3NgTBWSuBPp8SvQsI1Ely0vCBikOrxe83+vi8wJaygv85cO6H6CDlvQWtzOcGxUz07n3RGeVo7dpU4iLnzp7JID7yT4MLYam4LYEIbwklN+LmnDVHYboc2Y9bg0Xen/gZgQ7ryDT5X1y0qBQdNBN29QUfyd1zBek0c3KTBu39Nh/tOfXgzKsR3nqi1O/XKOzZK0n+QInNqbbz15JJG5/k8JohqGjy0SZzs7pecmAEPl6L5umO9EiRpir79r8xtK4Sowqhxa+ZdxfScuLdlGF1OaiWLB/w0ghkyknfszVa9/f49oufTT7H88YDmdjl6CGoXD3YNvhWkh/fZMTOoZT2BE79Y9gmYXkH/0+c7qnY/Hq1CdlJowkhmgY+vazGYZ23I60LiQBTyVIVMqMHUaWpBAyfe+XI/0PX0cS5ZODeKfONVFYV4mfsfsdbdY06THHTO0BzViV80mp1bfxEV8DI0CvmhT3yn5wz785V33eVzM0jI7B99UVozpuRxXn5iVkXXWvYyUBLyPB/YaLFnjb5L3OIxenOFm1YQ+lfAzTcHgxwKPLhwgxR4IOKmAPOMt1WKex10wjc3+Y5LjisQt4pAZingNlniSuzIz2FyuD/ayzxxrtZCX+TDPZjilMe5BAyoUssGplXZVW53sMp3JX0iNeKBs0yg6c8G2Y8loSJyMq2CCeETlwU0W3jkWoTHlMZUva7ihTShd1DtT7sipoQZVNUdmHb6ltbguRi3gms15nzyIIJbZD55AXWyXo2bleZ+7JWoi5OO+Lb72FQZym/V3Ehw190heqm2ao9jowUWWH+DaPOn2U2K2mSg/Xl+6EOWiPqf6/8bMPW2SGW30C2egwkU3y0MLbl1WwxbnWYC6b5t9rXy8lXWF0oTw4N3UZpqRKHVfiSsVWiV64W0CHroQPDF6jl5ZxtK6rsPxqHAuHKRKeQhH/hCgqKXTtz0OvGaFUQDNEWGzuWh4XPJJy7Ii10d0COnCmOVH9xk6z8ojW/zfWIJSrWLVSGjbNNYGy1Ik/2EyWudNOf9oJeqm9hHY54dJ/5ja8+CJCZNVVcc/JN4dci+jMI7HznlpATHQdz23Sc6h38KM1Ayl5n+9YkirUDRBHJhmzpqGwOZEMMH3c7plgdtG2fH8+6y40+XI2RIuRWlpAp2Olac0mwCFsUAkU2wigTwcbA7BHpdi1RxfG+eJRnI7zl54Vn3wbM9b4a26NJnAYk95fZEs82xse9uRIebt+IEfmi5d2jcOA5uv+OlYSP9DBN7qIp3th9K4PZ8RC9G56XNoqrd+X3avBHd3VjHyJOXJ0m3qzzXbxQW0C9LybjtB1C4rGM/r2mdN3xkLTX7spQ4aYmvEKPl+dhSxtfuH4Xu1om6Ih6j8aH/OCkKCihN3g13dHXroDVAef9qyBSzsE+6/B/eIepkNr/rqT8vrS5bmcNtzub8Fsq22v446iu1uWPiezgkoINfdomHs/0zQwfFP/p1zCX4pL6AYb3oYuPkxd/jFskbu8Nh40H/oJL4xX+8kdRWASrpc/I0EAvns0IT4EF4odcFDCA3BiaCNi+w6muxkMe1vkEzf9BqjKY4hUCKKSrUhuyDGXeldN+L3BC02X4+OBD7uWDzgf7FJ6WZtqhsuk9L1J2HO9bSbx/Brv/q3IkujE3Ez9Gmnv6aDzw0p8xFCoKhYm0naV20EScGwDZ8cYFxEbcoPdcLCmXcfBOAsKsg37l+h3X1gfkAeFNIIXe39IUC23/UttIawGglFiAR1ekCuh56HBabGq9qG6EvmcpgERan/j44jYT/lnwedsPzjQD1pwOa4PZ8afHym19XEys9n74PLNljr+org/GeVr/34uz3eDPUez5jyKI25HjYCIOEmqG0oTQxVcbzzP/9rVyGuN0/8hvdsISFWgLLPLTg8UT4RTw5A1ddMl/Ni6uWnq/2wxFwr/uATsSmQufFl2V14PmOGTYufMt0GRoqNf0NB05Ec4HRFRjCWm4GluDmZOYxgDN8gB7fkGbe/toG2Qn2jTya6RnaPOoZqjk/8KPvN87rEhSo9yNrQ1TZQPHt6QykPQ+dgbQJmeJPX6UyQ1QlaIrs3CShylR5iGoSyEK23lS+BIsH96y6m6pepqtQrLeuukMCJHY3HjLBNb+P4BjPXp+/IKu022TokvfWLhH8TmYhB75AQwsL5hZtrsKyVHZOPauzilg9DfuHbMKcfq20VOeSyjksjEtuM/322PFcK1az3TpiRHIZkAtbNqf9LCno/MoB8nTZs1Csie88whcOIyr8n3OXEI+/z4h3I3lmV3QF2+yMh+Xly1XTR/0HglHtp0mTkrvtywyMffRcbBA4lx1X6s8H6nPStUG6YhHRHIWCmP3NuschlcvaoxHB0WwNzQ65yIi9t1im/yB1KZwvcEMLunElVl+UT+Dhgibq1VbVAvhINhMe2nOLE4lALiul8HGpzj/mGo6+SatJn0GO0kAkITQ1WKJvTR5xhmO70tViY1Rwrt4+AXv/ChYaD5ouXW+Km3ZLzY5offj4JAvFXa3MMXflQfe5919mXjnyXlSrd8clvzWOBUVPO/c2I4SPG3GHVEDA3OhQFcTOA/dhhPaCVyPXHgn1LWZf6+SjGKUyROsVYrIpKp6LJMRgVxM8aaAumTM/GxEDBOdn8zdKInPrTlgjMXkPeWjmdoJHPi3Wfxi/2s5jldM+ZcNUX+C0UYIS1A11uRkTWQjTEZKWl0Bbx/TYwBeq5ObT2CSgUoUL/PTcPE8lMi8GqCCf0MuBbaVKlZoNW+KbztorqR4XiNfaHE4Jv3ZodXDJwJOjKEeNQQnvFVht3vx7XoRNsspq/+aVO1ZDeWXXq9nGh6BlB69VXz35lnk072TUeMBo9houGc6bDj/wm7hk7w83OlsO0YkFfzIY9bl/sUQzC81dZBM/NRCFRBG0dOYI8px0+EJW0no1s5NnhPBuKysdf7NWae/m5rVcULLF7yrqwVAVTbuyrpnfcHiEKbP1ehNMaADIUrPbLsdWy03JvDyUNixlAO2hwfcjdjobSpwsbXDMq9jw4LRcQydMf7pVEHqMhl3m+9AmNXR8RWij58yTj7efRacbnTvIobAedFm13oRe+QrW+NSEPkE6V1WIdfcfqh+K8tfvS3zQqSrHfMk9z6sWt9x35jeuwV56KOztcTqRxei3bXS8Kepxa0QR5swDEpaJNGlXP9k8PJgA+XdoGQt3G8+E0yxczQ/R8nt+AXJuV16/V0MnWypThV3PWsJ9pQSteKgfB1tyiJ41y7pv7gK/VbYlaDbVMPL0v59buygvP2wImoXSdCulx463r4K7QhhNcDDYJIuF9688zILvHdQZA9BxLwcDm3eKA3eL1fFBl2VRzB/Q1T0FeIX9aZ9eJ/ZsBC0CN7zlaDhePfZL2e/5fEXAC9gv0XKYsg0FWUWT6upf81TqtFsoj7kb7LqldRDwJwwfvXOhfR18CfLfqi2Br+et1+ivtXWsfU6/1kynTBHf/YUaCBSYrm0Noff/SdFI7V/JK3HMtALfU428gOruUKPX+E0HnwTg0ze9lc87LJQIDIPffiIKuB0HnHiT29w+Jr8b2Cx8qQe8lUyCODqAX49qFXpmrmT2CtTJqdhlWDiWuJfDJgIZjOaw7H/Xq1xHbuYyfKAg+RIn7ePYXSwhEqpEE0ciYjvvoaGc4IMie2lxis/lZp3u1ICyb4PnrsYBDweRrryv5VDqfU7EF9xUcXF668k98WaMdBKYtXCAnSQuycQ2PAOkqLq+pjpDz46OVsMDfEv1KbxZLIIFjK4+QlnTzJ2UqLu8qQJYZaWzN4+hIgfmS7ePQ+bsSo8BS8y73jOfshEWP6/fRKO90r21LK00iC2p+VY/Uq5ynjyvj9RR0jBPBONYKZwegUQhtCdWOSZ/2NOBISoX2c84F6GY6bscpMWBBr+JLvfchtTfMmzwj/5XkLClyCQQz0Jurj7KxGRFevN5hI06j7zoHUKaoC4YsG4EDjupNbCSBQI3tgQRciixP7cshCo/XoNMdTmeTQvP00Dn9tgHCucvRcb9fOw2x4WUpBE/AbnE0h6b1tZU850rdu1XIrGEhiulmzh1s3OcNEWgCR7edxv+36XH8ud9hOcN+B5J/AglTTpBI2aDJkH/8UC3OqsRtkfEraecG+3qJM8qdjrFT2fbh7ZkPd950IuAzSv/OhbOa5TUGyjB8c4Gmn1PNB6I/a7H8QI7dBFxVHYshZ7Sk4JmTway6KNkLyQDJsw0Flt1vK2creFQcWhpMJPJpLVWmtWgQVs6x+Oej1zb7zNkBRMBk9bCG9anOIoGm2EbvhPPNa/qxREuO26Abqxn7gKv7ccv2IuYilpZY5Nbsz0h70amLuBepfShWAUP2vseiNHGA7vyeaKXVHsxtwbzUHr/4P0Iwb3zFAcE2OrEy/FyDI+Dptnubsp2Qg2nRaxxQ5mhZlm2DDjxsuTtr85lIbvTW1dSCi7XWeLzHmSBVdfkHpMvmJ8nOqhCy2GKiYAQKzlQ7Q8ncaAJMelorudqKZwI8OWfsMjN5lcdtjOGnOSlpApilYdzlLIx4QxO+4CkygdaomSloZU84GMBPVNjCDcfKK9C0cAY47HBCfuGQmJGj4+/QUEdBNshp4ofZsPI52enLvPkzfQvjt1BcPHVKHO8vWirMsDMe1gUQzNbY6a992k6GtG8qGMV8OVE+6bKrk8S+DPYA0XbEfFxh4QhJenvR+aTX34CUFFlGp840XKNlwqZqa8entsuF4r+mIf6dNblazWuAhjj410OlSRVHDPK9OsFbAW3Pwd9NZomJHgqJAIiRhnNlY09U1kZWvJLX1zDRCg19SpD7emnxD9ocYOqlOlASTC0TYgBBOgmxPKXlvOzoYJKLmT3jlOIPO7cMcU3xbU/as/COv30Z0rZtcBVdPL0F8/zP0K4lKK4WMjto4hVrnPjlcepwb61CDJv9ODJA9rR1fBMQvS18yYPhxF8RIWG6c0bvmIhd/sRbnsOsduxkDGEnxY59bosCp0erlnLwb+uZu4NlzADdIr8V4VRbNqaS0G0UYmP0pnIQMR14QNFRXl1dSZola7CQY1bykmPcJIZErZdFp0CP9Dbuxdz4SCg6Uxkxu2YHju+/gpu+c3dtAEeKuWrKXC4hFY2ToX/Ru94CNq8e5mzvsVTsDacNC1D3m9Z1x01hZWvx2oRo5qMV943dAfX5jzOwZQLjmmjii0Av15DfQRBEBP1utGHl47+deU1/LBGaZdYQhT6lpTKUAuIYMw4Jyi8c2byfCy4LZZrVGFasArYrgUNUff9O/O2P/xH+OAAPnm61qm/NqI0YeiCVG1HFfsaxs79wGwodBL3u99OsXHSSGfzyjHFPWLi5YjAkLm/h2ua2/xhsA/0uMJUAdrPkH9y/6K8OEvpn9hX9u7P/0DGbyIzWbvfLfUSlF24L04TvJjA6OvykAuU5i6dcgyEdVcciRmTQ7kcB+8v/MVIxwCffIAdPop1sxh26MtuVWHsdbFfH41SQVsxo4ufq03oaPWjbFKyAsQtNAgfBLuD6jIS3R5nivZno5/faFkRN3rzcEyH+GA5s2H7JAOjtciBjgqoD1zESR4qBzEohsSOG3eddd2WXBfYQUsKBv1njIqPZt792sa/S+qsWTYci+F/yD5qLUX39bo6rzCYzf+Q+6zwUVO9bRfLHDohU4qq6H8Cq2ye5Ym609782aSr0vgZz5F1OXYIxQBbrPIg4mgODVyC3Hx5yz2QZLalNDXHTA//rNrMz0CmS2ygmyiO8fT0+hAemhXjNLEDWU5Su7qXsVDuvXpRHPRqw/0iRFBDL6Ania/oA+puClUKC4G3tq6/0Z73SuxqSTXUpDk14L59KHvgdEbNrwzrZTo3Eba8FTqhsaiN+nLzs+sNDaLQYa/mVpwRfZ6WLQF/wQgveTiC/6XhlVCbHR/OvVfNMK84iP60l0SEwYYEHwhotVNrGBuE3ww4VJo6XM48d32tb6Z8SEAXEDF55nMXY1x2T4n5dcsJ71zbYZMyP3XmVfIJbxTCONmT45HibVg5YpKTpQNrJ4d9GioZK/RF9tFvJxY7eVt143lhJAN47TpjjE9RAs9Ylv2wYOnINVBHqiugt94YA8y00Y60XicG4LoOFztU+fjrxS2Nn0aHJMKlDW7X2k/GPSwSnWChldP7H0yEtPP6NrrPQx9UXH+rSZvuslLshQVRFOYRur8fFluVkrUa+S7d7FDeI4muFpoVjf24lN4W8OzirjtxqEWGvdJA2xpHKHORng5ouruhVSHqPvm2GZHHAlaqUFLLbDssc8pgrPLK188ThfRMjoPyrsNWwedMhM2AG+FZzFTdW3exypdlIXygOuMfLFrUzVvfJsC9vSTIqZJhRbaUVKkzSrT/8AplMDwazgfitBkB6PEJ975y2Ecsj3lBtcdhzC3hLj0xdASfbSoz7f+YOvNoKP837ofsW/YljH1fslSIG6Ehy4RKKmSJpMiaZcZa1hgiSrhtmagsKcq+xJCYQYUQMjIyMRhjFvGM7+8553n+MXPGGcd9z5nX9X5fn/fn+jSkqDkjXrPGptQ4w45KpvxWffmwxqL1SM6DBL2RMcpDhT+VrKToEYcbkDGzWYOplSwJ5n8ftsXJArr4pbojZvJKh9fkfpwOX6hjMhMkU6/0AuvM9Jx/+uMr3gcxxjlAqQLEHQuNu9POtnerB4KYSoXtBnwRxqp8k+EVpledBAkTg4cZr2k+ZvpUSxJC6rkPQ7B/ZiXVGJwFRz3upgAdsbudb7Coi+Ygd+H5E3H3TyUDftKJAF27kh/hU9jJZD8/q2RW6sj6q2QFsjboiywlnxcJaKmPrjbgij2b6dV6IG/Pf/13cHZqQFdAHS/iohCCJxFxNRm42wssjwT25UNSpBRtts9/JAflqBufYLIh/AmwrH+Zy69GqxXdilavFY+fc0lz6CrQw7lMfk1ovZYGl5TQrIV6eADe8WYZVVHSg9AMmeUnxUlPIfG99QUKxw5ep1sgNysGVQIvxLdv7h0JP37jYRdPqAWycZs4acsU5RtnKOO5yRfTSZKLqaMKw17TmWGvXeVBEHsG70riNMoAjs+kwXsvDqpk7H28gBN6cw4QJKlNSkEmfy61/qCaXJS5hL69bQBukR1IY7odqGmfz0v0H7ojUGbAT4vxUi/gOvSPoN5Vn0t/PrTv/fTBePg8/8ndYe4fNeuNCDK+U2V4947Rapg1M+X6bWkqPgHgp1X/6qOE3fowWg7zh9jVLD09r0D6OOk6v1vw9rQgravry2vMYv9JhKGM7lmwTdX428o0/2UvElpnCZKHXhxutNxM3zmxh07plWFCfPKFKB3+D3wK93z3FmL/4OvMxoUhClu6x0ir7yrbbjuFqLHc3GySIAVMjrmfw4WtKIDNluBallqkMulki27/d4pyJ4OyXVUMyoqkAmq8DPDEF/FbA+6ncDkkc4gCefUIOYDvkLDvpPfEJelSlrsdqHsHBeHhEbMvjd8GagQ8Z6a9S4HnY/3rvxtAWLfGzMEhdsHg3d38EIlI3nQj2TIME4Qp9k9wXAwSmJ0wJo69k/6tO8NKWuxGm0RqTEfzUBtODQ+mQssx52SsAU4pyonDY33OpjHTj/rwaKnZBN0JlYUNAEyheiSBqcPjFxDO8KH3OqlADaBHajy/1J16uMoVVdOAiUlEfM+kHIUEtBSq0F673ADfa3LBpRTxlrn8/cDVBf+TMDZAJ3etcEpbxQcUoza6G+lsHSWGCGwiXd8qqwoNplaCIprLn2Tch/JifzyAT5FkuGIHkV6xLB2RI+56WUCwCk5Lt1PgO6dGzcx5NsQvmet6HxYwnR/IBE0+RPFAYBnyESJo08njNnGitLL9MDV7LaR48q1oA0MKvmaAfK90+eVKGMIFEbTOUV8djG90x21u2BPHfiVfOYMTZ0aryN24rs48gFLofjxQDktwOKXGztT8kaMBtSzXLQdhylZEMZgLOBonHinM0yNxPr3HxiSEkb8hGBDKVMOoZWeP2pumdgdUra4InCjxAbslrDl8sak4jy8NsCP9QGnhMXOu4mgJpndurscM19SZ/TytFwiCR0fLn8jf037Dk7j92Xbco2eXKsJRofXyYn85DHuWlzxWJymXWVWXeRt3ykZtE1Nx9Y73XM5SXtzt5z0QJdr0uefxLDPWZ37bhlCa8k618LXdCvvT8PySDrobc4eV8swNeaFIJbgLn/B0Pay75HJqsoww7WsIUUEOUrNqkI3oVSU9O9+WTQxgptvXnP2QACzeqYUpyStfuuWNTb2cYePKSc0ptrNxPTaUgxE5NaYyngvbTn+noxwrgAaafVtMkTYStGLLqktMdiyIUdlQE2ugSlfFVsVg0P8iEGylLZ+yQtR8K2ChQnvqLz9rIp3b59y48ey6VOYVPhyPuYv8R6hSbqzj427AVusGpONZIIz1vK5YjUUOM69SSwIi/yaP9dL9Uy+RWwuDK5fGAm8TlrJpp2dZKU7eEBFK9Ix7AuQ+KzlkMhExK4KO/hjYjYEyUPxBowHZxkaH/0ofUNA2F412GBJHHaf7Nich3rKSc70X0BmFwQ9TeK59VeE+1PIJQGsDrDqOMJGv8aIXoHKRGHVkOt6IVEPp50AYR89dwqIq2nnE6vN7Iz35aHe/WM/zmYN+xNQ9w4x4e5wwyP9tIs5Uuiw4dA1flo1//stLqTUXZieE+JGFCJcFm81Bsszytx9WEC1CZRHeh2EnylffZ/yGtIRfL3wEV3xQxU+9HpACb49XZcIObo5oWQGkl3W1P9YGbTDmUpYAJy0XKUiverG0CwN6NixB671thMBpilqyLPjI4t9mzzzY78l+5ddB5aD/FykTgzF+5BfuvqXh+aBsePtBlkfngcDgShob9c73RDj5jwUgYM1MvT6eDP9cpAC6njlOveUZKD30zTsjHZBOAl60usjMT3rhK5cMLdx3tQJaYU9L6R5NdIWO4D8fwT+tu7fnuqimz5ccHP7GSWOTABVijqd6p0NbAm1N5DQrIkj+fwjtgwvf7+qzs3+ChRJapBvFA6/5bWj2dte3nwjeNYGbxnAAzc3dYpf7iHlvDueKMbB12A/QxetzWDd2VdZ29sgy7niF4Onb6rmRW5LXdxm+X4A6y4RFseIUlj80cdWoqDvZeUQN83IitKu58T6pRWR7EgPTZyC0d4/g78pgiAreZIDX9tQ5vM9hc8AtCbAbYnjQ/btQwPn+SXJAn5NHi9BhM+e+Hnk6gmfOElM283pSGBqplouJlJ6A5w9CJw1A0Vz+EtzEFELvIcDu8n9ZqlYGSzA33SmJNSiU3DVgB4qavVRZgPO4JmvHJEB087k4cZETJ9TFpBAgSLJdwPpf9D5xTuWoPq4vLwcmm8kESUEwDzKkyx4DuJSAw1GIFqAwJPRvXzmslo125UU0J2GpvxKb6gXuNIjYdkOzF0sjfD3RkWrZiO9c+KYUawtkcpoXSPh278uvbrTTpx6MHfNeu2I3JtPXVREyo3QDlm1zBLJPOS9Bv8XgqAnDsI5cq/vDuvXh7c2Yq7XfrD4qvVNuhQ1ecyYUv0/rZAoDA0e9l+Zdjb2UIpaxKs3oX4ms8eQATX33o/biI+XI0FpkTCtmLjLfNXAC4Tf3axU4zR13tWi96foN8CYLFmeawAJhQ/yIfeA6PIVaXdvvbsEtbdAXPLl7G/3uAcxope74O1xqIvvMNMo1P9ludSGmU24cDSMpZiPa7PvCdEMcQ1JtqJYhhzkLutbUjtobsh5wohbNNnmYlXOVQetu4atMzNWivfE/jI5ijzJgaxGqIS+yPTv0Hqq7Z6qth+tzNod8J7wiqrB+UVsc0Voe0VgaQcUaTb9QF6dwXr9Qk2EJmjtj5SWhgIVzZq3A6/M6FCerwyFag3lxX9GxI/X936mnr8wI65Iq2czCRBb865j3vhQo73312tAc/2JM8OEkWfYgoabkYRfEn6h1kxSE36zst19l17Rm+vy+njgsasnAhOGW15T/7ZPplpAMeNQTSYJ+Y/Hp8kdyIIco+NuyHPZg+xIbQl5iS87ounwIXijA84HNmbczuXNk5mQg99TKsQD3NJtXZxMRo/KP5SDjHybuFPE/BAR8KAZgmhPaRpiGkzvLTfOVu85NU/TBuKBz3qmJDyLYsjhFJfEKp+2PHyhmIpWweb4/pai3HFj1JhPjhbuhGtyldavmpO1VyzHStiEfwiNiYv2k8TJU0QtS4zd1+MC5J3WZcSseIUyOMpQtYam8B3CGvGrArKzfOt/MrDcUaD9whffP0EXH7fKJOCuS8bDgYPOd4+ShprOWRVp/8ggXQG9UFkKcEoI1HnhlRM4NtcqTpONqG5FCRdlnTp7KwRT+u/8lika7FvAAKOkw5kGct7ML1iJ5QV/mL259czaEDN4UQtAkjtDwlqbV5a7R9Iiv8r/Vxj4/Eq1WMQ3Of/7wVSIs/dRWAC8ND7fsKhFCGAvQSGsG+EqFnTG7VmXaIFqT81jv/q5d3g3DrVWUOYAQGfTvb3EV3wq4Qfn9XQ7Sel5jOLf46QNKZeNdS8AZ6pOTn/vQ0zOaFQqetDDpNz6diFDdsj3+FeK590/CZJ9guLe6MYrXjRGVCd3pUQjjW2gU+3kWUwiYY06CC+kRYKACJJ6TuqedA5O3b67uDW8zB9qUcGGCiF1Qbh7GTH3AjROaFtxyctxSmzwH3I3+GX6Eemt8P+JMbAUypha5HgAYN8A0bjQYGWoGiNAaSHPb79aRWkyyprsej23x3y4fuYAuh4Fv0JuuXRfhoMeD1j8z7Ai8L4TB1FTX+RaGJQlMtwX7MutflSPfzmS5PVpFOu5E0zrETpA0ggnPA5HB5/h7oN9FKaPn7LfKsamKFpCdi+C89LlfhSGYpb1gs8rWTiYRtiTg/aRGbsTvHxD2Q+fvngWv+l/4qrzsMJncb6uKBL8B+MNkAbAVACHV1CFbVi09w44LPsKiLzCK/GOx8E2YhdjBRT4EM0l6+onD+DngHMHnE/BjcEWzNfrgQd3lzl+DdQ6/BrU5qXeCpan2FxQg30Lchd7n/I+nWxZvU5fJTwX7SydwP6LAD+zfc57+Y6YR5uXvwTq8sn/fxhymrgQGVfw0vgQ0flbdmv7iPZjan4iUpN5qgHGcs1Vi4yYIfcphfPXSE/VIXlOp8pACswFlauDhDARhKuX240Yk/9C1G5Dg0gRAin4P36dMrXqTqmWbjDAkNooMQs8fp7++aZRGYCWNsZlJzi493RHMZIag73QO6xIqLQDt0FcLxcNhTo7bQ25Dw+49oU642oxKcLnoXTW1XTYZ4vpd77IdFtqmxKtoPLJyklZccqv490SABqPO8GtG1xJ1fka4yrgzGSLvJk0wvntV4V4QS6nlF2GtyM7K9vXxVaBlybBehMWI5AYjw0YSdOyN0xC0Pz3APyMKtVMM8GgXe8W+In/vjtQeWpETn8fctVlDbLFP7rpkrMayf+oZsWVkPAnY54sm+jOUZTjPvjbaLa5OZcFsUXFPpVS+JOVAcRynTwRDCy4eOaipCpCiU2AqI4aw1iPxp68K7M1l2vqKYdHzeQZ5Z0E7Ihjx7DQ9A6++J7GllnhwPRuxtzL2ecEMVLGAxLfqvFzQeu0bgndJNI/RMm3GS8LMwW5rKXqD6LYBfsXYjjf+K8V/qeJ3Xtw7LH/AMPPPy9a3iU3uYpRnlm2Jc00BEZoZCPIXwQXoWbPSndcXMMYPYr56mSUDO8y02W6m0w489C8vFx1UHNqyT9x0eRXtcmvymCPX8+tDZfx2rIhbi3Uv0u6Vh+CEFq0qXRDaCr2bj3kO26dO8hBOht33eWMOFPgLeNmWM6wSSkCXLCyPNwB10QK6NHE10AJMy43mQGH9jz4EpjnE0JEPn/vLwm8Zf/yNVRkI1shhiDz5j/cVi7bFSRK1SWZaVQ/jSTcg7hPxJAc+Z5+yi2EG0tIPaZZBL8/gsltdberHZ6/w0G8lQnINFqGJiD9VivjK4vU+LDL16TqjRJxBA1Wt8WOz06ONyFQuetQ9wnauimTc0yO+jydzSY3tPDUh6qTKbuAZM73hag8gTKv6UQ4MyewMqRPyfkjRDf70Asx7BrZT0MlwSHQt0sWFhQpfjTckqR0EzB7M/uzinN1eW08EMtYCcqPxbXJi/+4Xp3CeuTx85HC6uH0AvR6PaHJbOT5hjNp9l4DotSMlQ2h+MR+yfdryB1FzeYfbQ2mU0mf4Cb69ygSpIoUChvyLi8nB9MVivNZXCscesA3Ag2blcZaVeXBtj84HDz5EKX4aeM9PVW2E+Z3KvjP36KlKrHxnMjSqP8eZfQcdv79vQOMTzzzYbReSkVpOT73eThwkXDAh9z7HUysEqfCHHj/nb+fAyh7Avd/nYkY1n/4dfTj90+fEDDoXNs8iTBWu8KREa+H6sp3zcjBy/5t/q6GOC8tziS16EaUd6EAKOI0PuFmBLN1wOTkbmB37I/6O63Zl6w8OBEkW9PuAUsJVstPeAcsrv8sx83sTRMtqAZq4q4q2BK29o+o+g5OvriUB50hhqbuj8jwUuJZyR6sUeJWvD8XQnc9Ogn+2MxMOZ9t2fRZCMAjZiFmc5T84F2FZ2VMGc4hQyha57P0nLtv50X/LUZ8U2qqK71/KnZ9Ux4ldLKv+nINdYVPX/lSmGaScDLznbBGizQa1hyEtwO8MsU67+E3lBzb+0wnH/3IA4JZKI+Yxw0omAIkSd4t+TygTw9oakHzEMP2pFZ1zhAk9ynRYkkkBsk7ofvkrhyOWwFauu96Wk8zki6VB7Qy48stc2Etz4E8AwEPF2gIOcyqp5fT8Bv05lBX2oKG1np5/b4lhg69Yep89UCTbJMZKGvPvvmODN9f8+NwII4gaccG/sJIkRNvS5SCZH7LEZdBemHtMcMMtTrlYjmRAQShJV13uijkoy4RgXjYkc+b4HJ7kbfb9g6+a56O8ciT/AGpLleh1uDS14TeFNr5rmvlLpuARwsMPiz7lI50K3FnpRjsywQl6k4OTZNyPxLgvOZjbiQzUhhwLOdzRKLXXbhNZqj8nQXJTWpFvcU4An9zJQOpNFouYsMUWaGAxoeSQbY/uB35aS8tqke5TKq4/Cm1Ojs+d9G/kRYw+nmOYsIAXEe796xubc54nzuzGe5wUg1xJPXdta9d6pfGWND183Mnj/lw4KNqNLK+mawasGuqYLvhPmxu8iZZxgDjhJ6BMCPsgGsPu19NYzIDses/ZtML90qwE3Ubi8RKOLl1b4nE7yUL784mQZCCA2OSocrMbc0ooLnK6SooyvdKLSSRk+97/rLDch1kW37uO3FYufjBv9UON4mDsYMzSpVZV42/LSnx+TuPBPCmM+NziDKZiCo3pSFvesIhEelOiPR7M2zO46jem3Rd8ato/jLh0OtVgV33PTYmZlt8bHKeGBrg/i295aZU54Rn3y2RzU/7m5BW9PbeLD7v7v2ly7tkcsWE268msV3hwqW8iNU70u7fQWkqx5N4JUmXxlj4sGdGMedWf/fH0lTMrxEhb2wV/UTTw+pkwfbYbkHwIMNMftE56ddF5RVkBeP2yE8EyF0NaKxInLQ6uyCYDlyoCq85nIxiG/3EO5oEzG6JXbSu3DKmfCghku4qT0u+1p3EwIQzJi1iVpIEyjJEVB17Iqz+XP3A2YFxNgvYAaZRNHIMXwQzvWslYAot9YYwr4R22ehrN1itOsu0pRW1trrXOmZP1b2VAlMuQtYpK+7kygQr7ts4LoCKCAi2SqipSrCqlWCKPZEIYqPUv0/6c7APRIlqWI9n/eO5ie4GIA1lPOmz8OI7Gy//z+bqJBD2KKDyFWj9Bbb1vvZGLnFeg0yvio2/5gPzUB2Ar0gaSh0H8Sqy20pAtaY+ryvqWhXjXjQQICsp7DOFvxUz/Onw4OzRF+Azvf327W76rA4CDHtnJcXeslJDs4+iwgwvUideP4UH806JuXFEgrc5+C8Ln5eY2FnZyMuoN55ubg+kAaeVVrWpfsSuyR1NRDPZXGIs+JoQgOZLHyiD6NSyu2N0j8Y9kdCuPU9+F1CId8S7qDbD078fXEGdMvkHnN93vJgBj6jew6hQnC9BSXoKKZ+D5O4/JairsmpMsaMlMlXJWAIf1tqgzP8Oe0haVvp46eaSFg4pVA/KFT1Zw+nNzH7tvkJJcki0L6df14Fx9Rll+8SRt7cDwVwowEYTLM3lpFidBEmbjE0+ml94/i8yVicJSb5roBUJkrlWbA4FmaCEdjVwMkodK4rssDwo/DYL5D6LD72vbiwyi7WXBTnXcBFIOsmwAkc6Dv8tB6rGw6CkxzPNFjTcb/G+uJgIx3UhRcrpzEng5e2M8GX61GD+xGAC4XgN/K5TLuHfrvctTod0xyoayjBPtInWDLkocLliN68WmIpfWd0cfq9CkPOBv3mDRaXHr7YznD/ZTC39tzFNk7434ws+EngDeNna3fB9B0aScLCH0XMpNUpgq5XfYxdOSfLTr9XVWFiFKs3yhJ7ytDjdboeQhro8n6tTted/0TldwXfTUP0EyOuD+/MtEgvQxd4oN71P8+7DxSrYEAyM2T5muBgZ1hFQgey4zhCwnzX4pD+583GjLVgyLQgyuBPUAWkngaDdw7eDIVKrj9rRnQtAwcNgfyEF+NwC/52CCGIK2PLQ1l1/rdQ1dmA2R0eaQjncEJ87hw4Jfy+nSFfHbjd2mvId9gs5V05FE/mDuL7aWrERdsW7/K4RzV2w48QpykE6GZYB8sStj9RLWyhVNG+NM5CIIJei+U4w34iVv3tTFKVjnIoUP53pdqY7adO64ofT28llIYmzVnelOR3NIInzKMQT5VTIltso9wwf8xkxvV4QmIpOf4hQKX1gAgqSQUQ9WlJQMGtBw0776JiFMG2NtOpJaDi6bJMZcvzLcv88c++XkfbcmQ7Lbj7N2X09uIULIf/dLqQqvl9wn39JjHVsKZTqwEYjlhwc7A1lOdQ48xAt4hRfc9NnPDCH7dBW4TwzxOE9sKt5w0MlFAwYT54AYFO0dL90gzjYXU2n450D+8oEpy36l98JpdZnOSqHFM8q5FpD5kCGiNMjsOXyRwolf0ihD1ruLqh2PIxsRL5lDPP0ZyEIvrMVIdQo5Dk6h74+rjQdQHOUcRKb8f7hRHHVkRXqDz8n1AZ1BK4vQsK4jnkj5Un/d4N/WlNFxc8j8dGFUmLY+fulMoQ+kK/qdIGWkUP3hPHONnpPRnmhBH3iJ6cD6iW/91+uZ4mQ3+zblSkiM9IcP5y/OSe1rdo5yecxy0dwGZ1S98f4WWmdG7SRMxzMha/0zp2AT5I/t0mFGtGk1LMOfO7f55/r97C51kw/tmMzzhjxm1/laoqIASmRUTzaobhl1Hy4ssouTanp71Ez4EJSL4AlOqr3mSnoA4FWn5Kti5HnT2tDT4oPQ0KZephyEPRsuT8iwETsWxNBHD0aMSiPkoMBr/TTxeMnFpVuoY8BvRdskgJmKnbKCcCEoBod/7Skqb/xYkKMKDbdopmN15BnmTyoQykx/aebobPKTh8ZzyYFVEPJqE+moaGDPFGcAmezSFYnIlXmZGbkivXVI1frHSE+hDu3Djrlwh1pMJql56kUgF6LIC8JfwqArC0xw2oy0gE2FzxL/KcpayoLvdJnpj5bei9B9r259xR/KYJc7TuAtHR+Q7WpGhyNh4mm56oQFN93AdmgK7ZSIKBYn9+iiq2O2dvo9syVtPeN14k//t5Ugwpik66tUtTb5uZGStcRDM+nYNrC/D24QrSAuj6c7h9uxw/jj5+t10vEYt0c/YzOwgbusJp3bJjLTHmmpLaIL5Vr+mwu/m/Af10yoIbi1QWReD7JTof1HBNy1xs/V/tstMdLYmTEo+gH4vQzWprz3sqxXI8N9ga1ECHHV0rQe/7EzPf/guS8uzOY4leQiB0J3S5KX2vpfvn7lD42cU8dZJvKbShKmNpfS/v27hQ5B6hnzphE2bdUM9cKMf5USpv0O4wTyagW+ujeE12NHBUzPfVi0QL+nzHwxjbqzejxqrz++fOU269ZmxeBKLMl7cEWMVD7ob6lJ48D5VFgBsYq4MEk/9tHanMN9sU7GOUiTIehm8RqB06l25c3RaZIPZBn3KtJxRA9nBX5fl9ZyIK0eIY0Bb+3YydMYppvzLIXR9Gg/en/4SUvYlpMlKM2Kf08Vj2FHKSxOWX/NmZQ8jMQ6uvkFh+Endt/0I3ei/UNuQsuQAv9mjcYU2kv/4ZWudHSxpZacW9ze/E35FCMeV+aCIBhgU3+VKpCKSK/eJAAK7Ask6EZFayOnyPLN0/wIm2+XnnyIei/YJK8mXjOAi+U9bB+YJsIV8UsfmrhkvC6pdjonqnMhgiSpFxs2XmQERrxU3ZO52bjOQ/uq9J4ZsU8cXNFOBO5aAnqkgPPNNR9kfP6pIkY6BIIfAClXJfF5fxSzCbe/ngUs3Jhp76Sps7UMxnAQJnoYmNEgj/HHZZfTf7rgO9VY3f9aYr9pW2Fy3Wk5GG3WrbGTIww7EHaBCdGrsQ4KbnIgHI+XYzoav/jsNpqhy3Xp3qzrAe3/PqSyQByeezn6dKf6lycAwtQrF/BCYkmLzBRikrWFuK0PViWnUFy1AcaQ4M4+gmpbm3nHn9tvX7oBgTio/RTXeXJ++3Ej8tLnmCsv6lIjaqcmqgyJjdXdKj4l3cDaUbKbhr/KX2YaQ4R8u2qEdT+UTNG5y7KRbPC3l3tycfla7x97QX6eT4y7zEVsSpKDREj90xR7Cs3jiQv1WKi5gcy0YUEUPC5BQXY1lcGV3LWY1jacJlcZxjV0bpkctzI78+rlc8zBUttGsvVc+3nMwbTYpWQ/g54IgwVDj9Nk3U9OHndL1vX/8pWuT7iho+cMKAJTqesathuZlW1AWzRhgrKc182PlIvfCH99vPgoKKBLlJawq8CqJB7GtW4tsZIbzyfXR0jCVcmNQznlSJ1k4CMxQrHNRTsZAEapxIjcMv70wx1zNnkwTrxlUWSKVTmyG9Dnig5aWViKk+k04E9EmGQuLLnxgM/EFvUzfSDfCcPEkjBOgMFjwpL+Ltfw/Z+XKKOoJ7euXuCaf1jBetNXJ3n+bCtDD7ekXZaD5iLBo3GidiG4JR1vin+ICHPBxZPJZueJlfz/7lyAUXMP55tdXfCPG15IrYQAc/7sjMt9fnn4h9Ljbn5LM/3Axsk8nIXQVOr11NZJ767jf9nIGFk6Tzacz4ZOui31VPlxDv8cykNhsmrIgA/Rq/xE4U7FrbMS6ZbgicJXHCjbQfSqHmZTsFda+3GGQFC9+f9Wt+49D+NoqRaRn61NCGdbLEAJAB6yYOM7IS582CM58ETIHVfxu1GnehXx+vbmYHkAB6TokSkGt5BpFMwkwTImDFs/zml5DaZyZJwpCbdqluGuIf0Bys23+pSU551Nu69cqQ2vZqMNTkE/l2wIUqLdv/LQo7Z+XpSFFKC6gYq+DHHKJm61F+DZi6pQGy1iAb82thvUhEgS8+q6gTeJkJIpNNeObeRLmKzS1hBw2AtDH+LXmZBXx073Xe0B9GghzFslF2Cd+7P+Cqljk/OZ85LlMJX6Ni7adS0167uXjC53hjEjLEM3eR4CbT/YEbSG05E6feEb1iat/0xkflxMkDnuuLSfk4eXCWfeZZeGIhd8olQNIcigL6mrzT5Rt6FACuEM36uXLvcQf4X9IEDmC0gJ+sbWVN/z7Dwwcy+Yo+OokPEyFGMFmTjhMaNCMwD/VP4baFN1dlnDQvmPXLjBlGwJWfURCf8wJ4QIh5Qr5sDemQNOrlgd52S4DL8pcjNYdPG8g7Ql8P5Q+1a21k1+k9XXFwrpgvydcnLX8gI/KX7aJ5/JNrwqt//sZ1rgsrhORqzgUVKj1AnBXd5wc+SiPrGs7/beSJiYzDUajHT9BQuVAkd6xAluUbMUQAdOSVyTQibcbKXX/ixQzhDdF+XAwcs5yLej54CRBtiz9hbjEVTHIIoVXxlWAbObgP9IgPNwIaroZXw4H/kc5FBnZtQ9OzmZqU8b6N3UYnNkFoo4OeJPHPzObNK5JBXzt7X7QvbqT+8U3ZMn8pIdXJxBcgWM4UcjhctWlEO75osTfR66XrjkNqo8dKiPJeDPOhtz/inkTQdyy6xvj/7aev7wsI1BX6OPepvsZp0uCC5KD4byDhx2ej/HiGdfIPhYRhYdnk5+ZeF0qhPlJq7JkPpb46VyPUnkENu3JusuVbxrF7TzfJWyvX7bnu8kM0Rh6+P2YfsUt/b3/kWvMY1LqmqvZDGelvbbAlhULZ+If5eVG4GHDfEnTyoLuxIEBaQTgCzbUzeXoa8PznuGBXq/yQpeOH4rgvMYVkX223mp6W+DOUhJ2lH/Fm6qeCMGwkPPqd/o3OBpHYmTdn8Dn1YE63io+DNvA1UCCvcV2pRrczFxDGwbv+X+NVhXve7SOyTjdP8gPw2FDysiDMQndA5PXuCkflqnd5XrxnIz4P2nvfLj126U0mwfQ0kLffGhCEPUuJuDZc8EfziK+JWka1KKsgIUfrEMOT4ug509ck5p65wKxSe8Ih8yoHgeiy7sL4O95R9Q3jSYQl+7AdEpuFnr9xip9BDgobfzBArOTDBA7uip4q8gB5Le+6I++GcVl7zzPx8y5YOOSb8eGFp2xhLQua2UCMk+7Gr4LvgrJQPOo6Ea4uSQipfQIKPr4VY9yCbvGKTxZPHNjIKt0CdaAeX9n4uuh4nlQrpefleLFfjHDtKLm8QkDkrH09d8J3cIu6fb1ob5SzeaSy3Arf1tihWEfTjSG3xu8nmtwHG3EY9bBe4eNbtNqDz8MeFBtFShacbKOATvsHcSWOC1KQCtAfmMIblIN80W2jxUEYGKSef2H+z0/Vo480u1Hfqp199XCn4O3edvzwwfUH78eEEfeJbPDHl1kXIB75Pn+DkBeVcZTni74APyQtgf+/DBi0MX+8r4h5QgQB16QX/REK5cmoCpymsfQi3oPzTYMYBXlyw6mNmpJ2AenS09PvRPCrNkAjfRIfqJ5mZEN2n3+p/KkoeocSFstuvS6nr9gTdHAW4rbju3zjsrU6nvX16f+MVF0aq7UAZhihPNK4ng3bczOBwAYVf7zrkX0oH3H4uI7kWarEIn88GHMcp7Xyo3l9qbR5bvgi7DP+R+GKEus8T55fp99265hVSBMZvRZ62D3nNELA1CJUp+N4EDZTCRZMAkEV59Dxd2T/BNkheYLDQckiMHuYsX+h3K6jUqjxrmqDw8KZ0sJkHibEF1Q2UhM2HMNOHHXOIkziaTV0mAipuX4JbcwwALUEoLH3bvijGfM15fkdcrvAKjP0359M9U9m4CH95ynX1TftmH09JgAUozbFTiqEL5TUEj7J/ypAlTVCI4JH+CCa3JTZRNd+cxkqoOjJUs0HFeJnbEJRnhsfs1AYxXb0Si+AhLNT3ARtQWQ23DGIXTiBwdLCrZWWIfZza0ZpXBUEAi9EF8anvKzXdJiLevDbdsG1awqV/LhOj3iBMvxeiGZWp2+X8ZT2QxnDtufFmsYDY8u3NfVKIc5l/fxkebfameusuOwp42FGOJLE1xO1PO/6/Voy2D2DKC0lX+pTn70yTzJqQ4ecNVrGGpyzpKi8wFOOr0IanLNmqvB9KH36vWfUgMfM9761YV7myT+m3JE6vvl6KiLLW/kN0ThvaHjZFEvTXsRVBQGn0/4kYtsq4y5mIeIn8QFRz4XoKWH+ipQbSOf2NrfBdzYQEaWJQhuqV2l+FxtH8NDXqTZuNlROvdzb2WebPhksG8W+Wv2msF1WyH0swkfa7gKg17NYyURLrit7XipHU5NllGjp2+cpqcLhL7o2z/nvSJYgVIZgDe60B+/3enEFKLyi7juQPE1O2Lw17/44G17704tcVJYe1INtzSZYhuOy775ppcDKcWbkKHYEJLaUmA42ztSxLgxgljBkKIH0cQxogK2Bkk4TY3iTOYifYu6o5rOhc1fzAPHrOhda5e2n/h345SO3g1mzivrYB/vn1l30muen9J8U6F443Bn3DSfEGmyqnlxfKy6ySOz5a73fBwfuNs9rOOv3qyUJtTzWefrqudg2wVYf0OxwYhg7+gu+8+M3QJF3kicrOFlZYzaXwYmihcNRMlpgNOYTGk6NixS5ZnIQp7H03HagDMXiBrSvz6Q5vTGvCTfieA5lPoeDVyY2NOI6ZekNTY1L2RrSBBGkJOocuRTMo0G8ZbAufrkpbqnicDLdLkvcQcDESENhX0qtcu2MNnAs6TBMdVtv25EPLHUzXzWfZjTwI2Z5aZRO1TANuOHspu1XLMEzuzq+Sy+o+XoFlY9IVXduZ/DtIQ+YZvX9mqbHEOyb2H0MQbYcNTKMT/t43tytoUVBZc7+wqf/XerNX4ztcQ30k+VtJ0zcphXvjZy7OA0DUr4Ngg+xzqreb/wzz2aceBAlkldYBQI9SAqgkLgW1XfiQxQcKY4FHHdR/51j1EqG5xjilagIZ88BT9hUoL4A6M40ZAGdIskxlyU3BLIg/X533Ymw4WtQTkU+DO37edo8MzkDe52AHBrcbzeQ1INuoV7gWfPLkyGE3ybaAPpO3RN9xVZkASVzkAkJ/p9Mq5HIGkRHv4GmHX7pSGFvH3A5IMgb78Os0bosKEMOg4IiZttKKt0CE7bk8MGSsiKCQgH8UV5Li7Zl7Sul2GRSv5j7GTqMZywZtg0Mb90Y4uvdY6r3j+vY8ztTIP5757fiSKQa6vUs8KWZoKU23UGjFvjD+vOZau68femkHRxWmGOh0LK0Z3idu9YQS0wb9KCPFSMB+iyGFHNwBRiykcH3Ov5tl78FFq4M9KHgPurhQeFFaF7aeCz6K+Oh/g82vRoRHzwcpZr10rQI3Y+HsK/dwbMsNDmfJ//FactBn5JbFFKF0ONIlqw/XN7Ii3q0il7lqNVwlV5RFL7YtCM8Ilf7rYTmByRrf8hLtnHHAeNsbswfyPV6LHWaMwVSI9saJvxD2aMhdN6fLtK1jtnljtv3rtK2N1DaqkzVIYmdVXhaqpmbjbK9hM1/zFIH3a5dFrXxqRkU80zWqU3gWacO5p5tZ6v8+IE3WHNshrESq59zQX0DF3izAo+qBQ3G/bBZTozO/b3tAY24VUC1CSUHwp2V3/xVHK5usemSIoL3lcnFTj9TBDnPQsTrqcC98Urx5wVWRVMhlgr85R3ZKTfnq9pwzTky5iaF6O+aQnVXwhI1mYmsPXmj84uFK2fZMJcesQ+EJCiF7CLUmc0LlyZJY5cNnf1v/YqVKrXMyHPI7jGpJhxVUWgJdCWLTwYUr93hU2S0CTC5ESit9unGnDdWHUSE6LMu62DdDoN5/Mrsq+ZN2bkDmm6AU+8JKiwf+ktbI0XRBbHcrc+joAOI80ICvio2obMPbSC9BeoJYv7+fO1xsQzr0TJP082LatCBaahfAl6TsKsZgtnRxa8G+PHMneensW0S49xLByDKODBrJoDfw1tgNANq0BJjR3vEm63n1/6LH0C4+gvd2nox73pUk19dro7PrRiuB7fGzrJg8720bfB1dg1hl0DZUMVnpSWZkZA7ayZcf9cnRd8Oqyekow6aum4Y07h+1lwWYYaUx3Eboz0CZIfTonTFmULQO9gzmFwqPGkbfHz6OPPOT6N/s1xF19oTLwMdIc6CCD6O0xsRxP59jhHP6sOjvXelldgIlTt7EkGV6lKn8e8yl4oz15HtxIpXTtQmcXUEVykKsDDFxD/psjhmbpq65I/XvehNAsjWRQHVkPh5h60hjEpvLAXtMFO77HK+Rg+BmfjmAycFxty1Z0UEWoui30RvMZiF8s69Z0/VlA4I0cZMcAwsIM8i1CRHzzFp4LMook+Z3eUOo3HjL+KX6ioHLfWICGL2ZU6EI/us6iVygszrT8dX+sdn/BynCQbBveOFuqvltl9UUa7a/gqX26icfeh2MywaUp1viQvZOGSOk+642dNz7g8FXsSmMWVfytPvfDflcnt1Gsg79XaYHeWTAW8awTAP8tN8/3uM3R2ztevtQvRwrszzLjFP797OzgYOmMkgjyytxcnpKjfPoh5Xnl2ZLYcW5gDGoOzhMMSdQRr6NxEiePTM8kXZjDpnFtZQVz4FycnNJbi87foaQ52tUM5POZgzPZMY8GV0qhwDtOHPpK8JuzWPbJe0sxrJ8/87IiPjuFvBEVQXtaun0xyN/3Th0QZsj5V7kwdDmGGjbvNtZlMHf/7/0lM02J2xGcNktYtNndBriva5kMTiGC3RuMTIYokHU1ydMIQXeUtLnr8yPZcJLM9Ivgx5ggxo3WUAB/T8CvmgMu8pJGpPR3lZiA0Lvwpn/anpY+5D1bgtDR9YB2U2jYap+pFEX1uGgT0+/G41MGoNdVbCoLhJsNoYgTsonkg5/7xH6jSrgP2Bd/sqBThoQw9Lh3eEW1bjoDu4nAz3ZFnUcKWbDLioex4QtTCuSvEZprBtargaxbbpaR2bF39I5ueUHCZhVuFm4+Zqa3V3UDOnoLlfa9AJ93KL+1GZ8vyshv22ACfrlbLZCVWiSiRx5LAJdDHY1MOOk2H3GaE8/058IKb3+jCYN+efBuZSpO+zYO61/Oi+h8PBe1sYoTmbmrRI9duDa3EmE283e5ouJg59ym5avnRYTXTOhT3iBZajnitP3ux2dL7UF+rZgRmZUXbGbCNM0YGYdc2G1LkE9q8RvF2myhC7mwJpJ4xUhWorMvPqWlP5gos3+mffUimKtLlBHhDmZCtKOVe2OvC7Zr5RmSG88ntjioq/H+bF4lNg8ntCCU26XfLvx9qlXGn27BYPTH332x3kC7skzypGIiQhlMmMx3IRbFZFhA6gOk6FEjhgz9XXgcM1NCkHlYFUbcwk2hh7eZ2/0e+4ls+rkQ+sqRk8V2xCKNovvPwlk9tuu7YwF24Cd3XcNcoNxHvyfdsbkXa6r7b2pmIKJEND0b6Zo1D+rlzaRremCv8P4COlc+ofZyRL83GFI+ZmdxRz0X/XpjYk/yzuV3D0/Vs11zez+lnggxnvOP5I20GakN4IszCRQnT//tacTI7K5NDdcKLKwYn/XHHiU/uzzyazDV4Mm5RhjDKglTpZ4qFl0ZLccc5SWVM6A8fKl0+6ZUeKsmjMQZVuaEd3lwgpUhwZcHVb5UH/P6zmrChdBUYoiET7mYnkYVcZKRajVVSuoZ9HN/j4CRoaHJcXaJLafDdovhCcUnFuAcxnepUkKYxmPlIvUR8on/d39NLjKq/dJRxWPIBynhzLLLS+GSOfl8PFUiJXh98SxweiklATgt7/eLbS7AqeoWv+CcPxdB4XEDkifOT48QlkyGjR/Xd+PZa1dLhMB4yU7kUfvD44n9laFA6qoBaCtFVcydzMPpSh4Ws1lFcsDnhrPuxdJ/lgymUIkFt+pZ6FOVug+9Ic5FNmLkIeEplWEnRL5YMuAwnf3Cpgn1AQf4GosfmFaHuaaWw2xth7RSAde6gor9GKPeTh3zrgUpk5ZtYdp7FhppLl6EP6gCHeSOjWF5dg61c+vbV8X47O+fyMofD2eVLcE86s7B5ivxHX8NqSczzpwaQ32rAX50Q42moVlxP5CIix9Uam9iJ1x5Y3/Aqwqr91PzpyyyZA1yUCAXNZzyod5VeBB6Fir438461bu4CbO34gi+YvSEwEpuZGPKXsDp8uq8XP6SXxPm+0igjQsDWs6OXYlsv+ztLw9RIg99GcjFIgxp4Tpboa95Ed42bsk0r0XzsNnT3TL8T2EW/M+Xo6IGLpu04k9KUEnCgyucGfD2LksdT+lB/zA9++bqnvBYZfv7v7svykL0OalSqlaeKXDtWzmwKmaqVcuJIfQFaHsE8WP1M3xlYCjs4+3gA5JMyXyhU2v239teFTCNbmhrENth2gUyJ/KdmRzAeA0zZy0OXzCoDSbG3u74BWjOxc60vuya3dvYjho0Y1E+w03xBRFaHadUyzCjTVGKivxL5JtL408E81v4Qo01/pPi02twht+j+x3040r6UUeFA9pFsOi0eB722K87QDsHrLONJ7mT3PP9xSgl8qss3NeUZ97NLg+OB+yP0x7JJISDl17WvoK+SPxvoITkbY0Q4oz6VFAwhPTxb9kKPwd8/+WhCy24Vttw8DwQZxR4C++SnNGerGpqLPICemcs//YD4P5JUgBkq/wkFz5M76Bpk6Bjdw7v8+Gbkqy7Pck2ttbuRkzJ098TVbyI0Of+n4BzBEuGsh+tmGk9KHv1BNJqHDRuvz2WCr965q2d6eEeGb0tozJz4OoEXLIVllWF9ZdBOObNUfzo7p0pA4R1eXIW8+7Xeb7DfSHTZd8anh7jybwk+qUMaX3nmCUgKkz7ZDuoYp5rFqio1cNfWSUY0MlFWOqTtLTbKsgrw3zw5SVJFLaXEiqEgf7UXzIFT3/5qB1Ohgkc8gmcHm3ESJpO+b9n4Hto2ja2+mvmVSxaLuxJcUd4yYtns0uqDUjL5qNx70KQLuTQrZOKXLHCIYTtpGKXbGF20/YXmmIlWmPudV+9L2Xmn2y9h8uzAV/pc3sY7P/Dib6GtGrd7MJotJ7ZX7afjEBltsUsnp3cyYrwKTH6nZu9Mc4exxOSP1liMIeaDvH4W7I+MYSOfs++h60BuEuhEz/9E+rVSKuMYvS3G8gCd1k643lUdtu8R8Kgizf39dtTpBMLGTAXxKIDfXnaz/X3BoZLtQ8M5AkumGoLeCzlLdy0fXs+sdBBHWYO0aHbRxn59gzn4vJ5dfyv8rVfD11cLmKv5xQkLU6hMy3APB5aFCe+qdQCkoiYHQ0lWJYjz6QCa6ZG5M2i6NL3caL9QNW0FP016MJT//Fd5uudbUVCmMTaShhxyToXw9yoI6ylvqhVHVujnIi4YndrWRNUWtYj53YjeeILLvcG10zNZMVVqZm1L/Srk5ouuOgTm8yZ4n6HEPq6MdfHiiXvCJ1kMdOP1iNvftBuQVvegJwee7Q2dbpDsvzALHaXSfTb+w2EyW7UfGxd1e4Viwmh2MKfjbvnxK5VnbarmLJenRqHfR6yHR2x3fjmqMNl05iZZJPrcSd/vu1H6bT+l+4y2dt+Zphdt1g2A6sU00H4ng7jcnY+q5LKJ+DVk4/fnzOHhNYlAJfSSuyFsP7ORt4SWx+/hKn28dGdrYVphIZlrH+qg0DkVU/fvw3a3Xwp8E/ny5FuQOTTkj6+iSZmKtbRi53B7X1Fb4bRFcKqsDf6GJLSpaMffSqHEU7wISIf2fhgV8z0zVjHWUm2krUZiCpVXHmw3WMv8LK4ze0PbEersuHvqoC/UD4EfiPWl6MovqF3R1zl+rzWYWBUPgVhSHJCA5PzcrtjO+7jsVW7Q3/jNbFJCCtIHn0o5p/C2/Ht+AxxsptsA4b5Z5dYmdJY0p4bF17BCyJCnBAgKNysKzqK0NO8p+CUBHhz64gQfFBJiKKT3pBYxu8l6WlV6YBb5JPJ+NMvdPzmJp/eeHEQhwpEtvHQLjakAxt/dbrD5D6Kv/unWcqrYX6Q5l1Shul+GjoLCWXzirWbzuydlHxuNOsEBTLEnl3D/gz8cq3LLJt9j6/73owELxZ6aswfelwI8aPkT6U0TTVonpnkBJshlV4rwleaA87f2u8bvL7agHGoBJ9bAG1DK6FQAWq7iHwn8fNdSwAnMDQKA42yPn2g1KFNJZs3z5sWJLO8cpXdnPYfdFnj5sLl6YfLwj2lU+gezT3JfahFr+EXUfDvyibvidImS9RnkbhtWpzElu33bHjFKBcujIllEKQnlDBTczDslkDwT2VcGHeZPee3d/akgPf97ipeEPfmP7eD2+pMn7xpZrv4EHi75gStpr7TH0PdjxLwSDccaj5bxV5SUP2B7bRGyM1MHo/xGYfbsi9tIxub00Y/LQWu+rx6WVIDhOLDmJAPcV6fn0dnBABzrAj8V4gp6WMqv0JjxOQVz9SunYNPCi1t5UiZg3Ae0rtL8zAT4rhrZwN9kPugUeZh8JfUpeOZAlOwljVB7EoObz+gODNmeIumPl5oVF7XWT7R/LcCi1qO0QJMr6P0SauR2EooEG+EU0gFDowvZv52fAhUFL95+eh54h/L7zG4sNMK4LVkwEjgZzUNohqxtTkf+Hbf7nWH7Y73cJ3omwk4aQrlQNwu7AbUF1YM2uZv3D7K83ry9tRbu8IA4K8c5AfftwDgTS4/K5DFTGt3hEz4/ttY//dnHNISwwPjELp2/+E/9XuwiZLk2K+JGONvgpbiRAm1BIzNuOp3yWz4leAb4XqwdPjlvIiT14zIbv12L958ouQ/4cLrAxGsj1xYt2y5f+fBx4fUE5ABkuxAtR7eJ/JBn0w2YrBI4EgmT8wMRFTTLHSGv0DC++ZgaqVMwPvPgoOpc2SnPuCn77LtYGq94Pqm8NhMqWbkcwtwOYNwy2hYgtzo2gfwGQ0P0on4j8KpgN2lYffP3UhLDXwlX6xoTcmrlfIXDx0Ut2Lb9G+8BH+H0ZHMyd2kX/TkC5TdJyOuKSNHlZ8eaRZNKJGot2veGvdqRZ4ihKEcdgMCz+gUerV0lhRK7WmOM+1dICwB4lrXPIWFEKqkVVVy+UykRAV1baVhbiuMwpfRl5FLP2ZVjhm05JBBiPf4/DpmckqmZ0nwYhnsRDKgmGlw1K1KYdD5BmSN5+iMr/zUKe6eSPSxT2WwU0mqpGeD5TCs4jhuiaMolNnCBSZ/S/KvcFI1qFxigeUZ/9LEUWRdhMjOR5YZVX1csRWL2uYSJ/0X0rMMbU0zR8m/9Thbtq109KNwpipJ4OOTx5+P4RzbvpTBsGevGmGSfcAy6/YF6ye4zvPNzoS+q18aYQ3dwGdVilMF+MQu6tXX8Udxfy72IO/0IrlouTBqrgW4s/5ZnBKydDdU5OP1Hr9cdcrHpAsqMg8BLoL+AZfGHRmkD8hm9UVpZNF6VHTktvnX1zFWmMc5MOlMR1J6Odb/Km+6AvhUzYAP4a3sKh8p+Cbp9Kaetwr28zG7cmTy4Yr3lIhPqtZQylkwkyGxX3NFFYjZhBdhoj8VaZRj+Cb0004ajeRg+Jby0qTjBc8MhOKFzpwqlAOnxqbTbmJVMvPTpxYl0iTihBv7sm+giQYPOp5mHXyh8NjEsmql97H+lKi1Mg0l5FWtxkXsKTzfq0wwv1rN9OJlSUvREcU2rcVyktyt/W88k5Ul9xCT8NIHiKuHCyp1XVoJ/MlA1X1rhqpQ7eZfZRGwNoOkAwVvDFIQoi+9wXjj8lWUWrdAaAdMCcMfMHCeYImZUCJZfleovr2AzkcdMWv1Agt47GZtGqwrJckB43rTKKN/BQ0wO7tSljnm1xVbeU53KmB9ED8aOBz+N2TSAlzbuUQ59YJD5w2mb+GvPxF+hYkn4gFwbmw5ynvCaGodKKencRDTBXkng8re1TL5263l5HpmI6atOfZJHDK7+xIdltll4MCbttYghgglhR0vgz2fQrEIIS6iivCnxqBiR75+fyByyUQuB3PtTS6me+4FD1X8r+ZZEH92L6Z6v1kO8ke47pQHNDKS7/GvX22Rr+pOnbezP7s1Zi9FvGc93oSRjZvKHJTWO1bfZSy82+GbxZ7i0N/3O3Nz6lFW1Od/d02a9ly0Blf4s+Hfpc52RWyqD6LMLAEjKapV8a9BlVZp3Hb1A7i674VX51lD5ggFQRlv5n5eQkhFGmTlwX86xRNeVUJGeKNesQTMNtu94QuaeRFdAVt2sIQ4CCFo6PG1UF0ZzqH+FFAHH256GQqEPo3uyIWxhtIXxGWuhxxN8XqIF3P7wUdSs+giym9FmSDR3397/aSr3HvRnGGCXi1H7n/ghR4gTcfXrfDbrszmJdSViUKDhbz+qGX0E44rJ7m7Hkkn6bw598vf+Bs6xXFHItFSkQ8xeHdbzqbITODbcqGTqyfyx48ix+f4bX8/97Zr9yPO/P6YnICUoYbzk8qv3f+X65Q58KqEE/HngkuExDe3+kr5IOPbfNdYnvHF4LfFHgBZNZdr5v6ZxOvImH73fQsZ34lSWBqTCWxSlyBxCmBRWrhKNHD/CDmANy6IlY7niztKLl/B6fzbjT04wpJ5SXrqrcb14QJ3PZxlCPKzASj9o4Xw63DokF/nx0ygeqg2vuefNpCi8qAxcCKN0pCaonJHR7QBZX16diLiWlgNbCOAFS549orCqjoD0Uzw/I5EJ2Fqg4d/g3+4nqfRlpv190t3pDUsQGE+xMCLum5KvggP1QaLVjx55TAywpnEyQIknnDg9v2AJnF4RjMx0ynbn4QhYRnwKnHyptIrHUuzAh4ahYO41JeAvCTq+Ua/Y0idBchoF+5GpyzXZMRaNaMLmgwpbqMochrBKjwDmf8AEWU3RN/EGwVz2nHGFagOP0Fx0t89jBWtnTTRnSx5vb5y5+31af4wqdDZHR34XPXSY4tjyQnWbD10bSf8tpnG81rw/iIWPZAE2/F6NjczgfjdfHrOvyqSENY0Ex2hTpGo4opTxG/TXnXv/kuoV8RPwLhJq/NcNIP4Mwl3p3cy7x8rMAMfiSgcWGGJ/zgkoxPCOSwq+RRu2UslDQwo3LrOnDSgIj9lyGmhPMSh52CR46ae9EWNdJjHGaSpYpSFLJrdOASxqSfl2C2EbPNCGZ9isaIFKMRRfO5Metkq6pjN8xC2RH3bplH5e6cCRo2cgeB11qOjQiM6siLy95j+yjNLWztam/hnI5jdM6LrlDjCK59kfD6Gd1zCquR4Q5ChN3lo+Zn46Bea2QhhrZqBDKXbeH9bXrteoKgbeZnU9JIv+GU/Fgnt8Larf48z8ZXLSoL8jLmfezw4+f+wdNZRTf7/+xekU0JKZHRIKIIoCDft4C0waQFpEUGQRtCN7hqhoCCMEpDuEkllQ4SBSEnLlKHEgDkWxG98ft8/ds7Odp+zs9fuPZ7X9Yrr+eS8WreT6/sYBMMM34b83M9gegfDkoxyettG01bYwEVBopfO3AMn4uLzOPR78Ccf+/MOEsbmKtYlENWC35apWC/JFKjRpGWNID75jUIx+mEG1E3ahqoJqX48RPbXfBCG526L1DwuGWjyyYeI6QNNua2sc666WejwrWtocO283SfqTbo+BXVLJ6ki5gKQXLdzVaX5m8qCBPaTs4rRSSafmLA8KltMbonvxLbifY48Z/qi8HmT2VUZ4QbJpZLz1RF9w9+VMysUB1R9T99JkQmtVEIvxekjClnDPhh8uGzITeCSa4S/lIC7gr5RMsSZKbf2Aavz2iD1fQECF+wniuIDkA4k0Irv19XxWZWvdySog/ZnFQysyQyZsB8zYXJGSiAH5sxkVBO8joEqi1/vDDVCugu5KcKv3EEaTUgRRV7KhHUGrHnbIXMj6tJmu0e4g1PF1YdLtoTpW8eHtx1fLPLiS67qWWD1u9/xq2427Br9+nWx0942/jwyZe/PHQ6YE5N8VFbGROIdZyIsOET6gfbXz1lHVzAXp8WVdrkjTG7D0T/HxcmJCnFHzkJHwH/R6xmx/nPkS19vniQMyPclZqFnsevH7CKR208W+zCXFndJl543mIL76ipHIvuYjt2/tJrhlb97VMNtcJbzv60QZghsmQelfvw1tkxQc1GTMEmnaLXcMR3Hu43y7N+xYFt0/Jo5MpVFT7zesEPl/PPvqt/XsFllRqUOj0N49l2lpMUUpS4mPzwOSjm/77QVXxeb+LPPqTlhoFEubM6HS6SgVwTS1Rfv6UTh/djTp3N1xW9iwVkU4XIDw8MNj/grt2/Mg5JJlUA0rl/H5DSkQEO99IBmL8BXDKRO6EpO1rxchDlov74ZcOST2CfyPRPCWEEycs6rXggJ8SmFZ73ks6rSmATfFar3xD+vfH7ZR2uyMtKKmeyrnYi0qXT9UVQ2t+/LsbzwjGWl0lHnaM/tbY9VbHY1w4Ou5XIeuivve1M2bLeHpp5cn4x8Eb0z4bkQrtktzT+qrRX/BBNe8YAThgfbiqChH98eZ74/BbNyMkl++76UtOEUp7O056lTSe4hdvEPR3IlcVYIrTPmuBJ/BNIR7M23hko4C84c8bS/cJFPTMrBxr1nv654P3l6mfz9+/ef5Ff2Dwvr3F9j6mmA55iDPD3AgsP1H0rTIfUJ+42qHV6sZXr+D4bvVg90/plHWgkXJXSHUV0RHLrjgdF/Uvr338PRY3wXn6fPycxHNPlwZtK9TnVSZirqLT/+ng4itIK0KE7sqmmCcziEh8gQJpkiumkpE15ASfi11z3sDGpi11xQ4KlcxwV7yL7Xk3z098fzkmd9uh+fJ8kWQ6bOq6x8oj7IGdS60HViH8APGuJpP7xQ865fS7GD87D14408tcUyH8UnD2PoYDONAjgu81WVFFWNZPGz3dq1fGc5jq8eOiY3yfUEWNAS0yDM0k+upRlKv9e9ZsYak5zkCqKByhJLOpEvH1YkDYmocDuOfaY7SzcKZyPJ2rJAJTHuI/6cnwFaUuOCEy05bGT/oXE/8k75J60vLzvod0ZszHaaeOY3ZHPOWoTmylq4gd5/trf/NLto6B2wqKJbTk9RNUOFyPQta2UCNjK/u/9WJi0Nr6cMeIema/tdwG9IxYo+OKKkVIx+zKUlVETVdV13bIR4Qg7fhF41OdyM2+5RjUa0tx9k96MHdR/vyfydPSYZIEIrybJNkNGOO/3ojwGk4yYmETIjbeKW4UTjRybhXs5oCQ5Rf4wuXbpGXL9yIhXmwmAhRJTougHdG0mxCVXB6EdyTNchhsWGQrSKU1yPPzdBik0ZYnxUuB7mxeu8+KFMp/FQwt+NA66HGGldZyo/yw6gJdN9vZUe9cbTSJj6DEiMogp2XjJGwmU5fBlKxT5fpjCrIT/XqoG8XpTKyK/sUp1ZN7rOXNF+02pemh2PWh0aGK3W419f+KwzUd33Pz21FX2sbMdvm/1quAkyke3NEHE/tebVVAQdcW0zJeIWIeswgdGP3ddVayZF72FdUOVIP1xH+9KiLHHNN9C8ff6NG4j5SNWlRuLqS2lXBIm9J7ynsesfU8FQCYT4VsNgQpb4xhqOehNSWyVIVeGlj6e8L0hlQvC89hdjgckcea7/HSr/lfTG367cAGgifE7KyoRvS1lwudHjk9uUdGovgqmFYIPryUAl6VN+YY4uYoqN/Cnl7HjYNWxOogAzOW38zleUuyQz2R8zdNdwjhWJ+7wFoYJ/IltnbfxCEe0/tjWpLy5wPJDsfTi6ArlEMEdwl78mqFj5ktETMzyR2ZJY97S/5madve40I+bJsNDRJk4veBkb5daVAfRC4NZ6VQJMeJpaFzQIAVZuCPjbSfxfg31Po/pfIxiS6Of7N7dylIYAFnyZ2hKYhzCCWa1UH+O++dN3UtYVIWl+HaJCaLLUAynOVcbnSmlUVNF3cXTmegetrVgWbRkjXqChmhacsG5Cpwc26La8zKQxqzHy7jWfgwC2+VCGqwmO/VFJdzX0Qd2Gd/vqPPdwKaqafzo40cSTFEb+SPbz8IaJqfVLR3BkB5Hyc3cyaB7Ctq+JaeGHE0H9PAMBYd7W3EXhWvQwLB0iHTkROcqMXwjlOJZImVNFnCj/8n26FDLFA5PEtNw9/vysLRnYNj3M6ptrOI8373Lm35pypSunJ/UsnWBEHHcq+9DnfFEbpmMoz9X6u2HXe86BPGeuYYLqUrMg7qxI1jz5UcF6YzOjLSeMRClPfIbwmM7Omv7cU7eE0/ABYS25fWXHJGRF/Kpcx00HCYRONNTmShbEORpK9jXRPx0TxPbdYE1YUBVFCKjvd31qh5RNveJFgfN/H+QyYA5CpxV9O97J4yfxr62Wcmvs1UcqJRaCPtYR2r6Nz/44R7JxvIICj7Y7aojqpC/QfGlQ+fCUgyywbfU5o5oHRodPVlq/l/0ADbJ7lXD678doQ9/d3iH9u30DKssrQ6jd22wv1vnv+56cVykjDFGGrGopR0zLR4qczjII5MmWOIbXxj3STLlWj3PVdeUY25H8ADGk1P4xhB/mEEcH299DXVK/f7qk3m4oWShamQiQy0YzAGelV8Vo+CE3fhKpcvTp/NVIENusv+2RagRTb7NwBsiIlyj8snltIexyo3BCdplXVV/A+bbp6Q4OmBH7vzbZKzWfjxx5X6q65IsQsVnoywlQ6aytjln38YznDxTqdGGO7NW3PfIhN7z/1JdWqF6a3hy9F/CYpV7yR5UeSGufRNXau5tBihkOf517dj/pxwBaet9OZ9y3mxZFxJATEpIfuvRRlS2VlGB+wuS5M0twdOw0DCyYrZ5UHVzDHXEw8NWo70+G50M+KYqD0qegWEnEb8ZHvYYl6Mmdk+5voI4INsgcYcVtSdwf4u75s8gBsVwmeCjrMMSD8iw/B0jwOMvI+97QB8pk8cb2UpmcjiRVUAI02xYnQLCLDkgxptK73GhCJskjm4/JPdtYA05LJTwtSh2pVSGpYihMhSm8oR/gJZ9lh56/m91qfyUT3uH2bg6Z7wq6WsRGROX4c47dCTgRGjXL/eIrSFhTlDrMkt0ybzXwyOb0UxZuDs8PgFdoqrbe02c7bE1q+6Q2+qp3LhABay84MWxYCOt3UaRE4F5Gnz77zEvGsz29EvGJXzEX8wLsoDI2t2HTsf/NoxveXteDWfW8I2Ny+GZqORix0FRoyx8Ngus+tjMb175J17tZI0HIMj0g/fOCXo+8lNt3IXF1rU/sHg2MoILlMSpBY4eYhO+m6q8Sw+iEZERRkuY6oOzwlCjAi6nxP3DxPy66HxMZ4hNK56MJb5j8UT8nPPXUaKV/i7pYKNFKb+xVCIP7v/Mwvb6TH5FtUMLp9duL7qvG+VM7XnJmCIfdRpE7CT2aeAploRqoPed75yLBKTAjs3jcs26myI1Uqlv64L+1DmmCy9sZ0zz9jKvsyhONwvQ1WlklRMXnca2KWWdEGVpcZCPTXcNZlthIxeQaWSdbDXDqa9/9Pgn/7aVdMz0AZzuWlT6SnYBoFWyVvd2RYNT+dx8StO7r/0v57KCiil9LkJba7WmVs0Chc9olrH8MMdCI8+1jNcj2rn9zSiwFlsjSORlo6GXxR9PiejoIlGBbUj5V0td608Cqw3Lkw3Me/0oqChOcZCO9FBuOtqk2AEKDrcURAgWpSU1KGBTyD61b7a395CYUOE09WQ801ZJUMoF8KYF4vacKjMkkiCOauqhlIG1cV7UAS600X5NMDFixPFqqhbVyc+PFaO1oPL9VCeSny40JiQucMAQd+2GNqCj7VIS96Yn5kPYI9xWhappTo4UYc6zKfWaY2+VwNkpSqNyH9oLyfiBDkyVimW/krDmeeAKVH6R+Y2oFcHCnot9/vaUL4y6B5hpZD5dbv50Ew6yCdRBlj6rnwPRH/tipl97xlwLUHps0esXD8h/bN0KCumslCNVzMvo6VM26tlopOE/oDPiuVvcBQTnVQzoywrxr5AOOoIImg2Yu/livHuFQmvOCeK8n3rFsZIOXpc4CMHN1EOzmZfBupgKefcSgL8QO27EmQPb7Yng6hhT8udn3j3dTlZxY5FFcCSLdOG5HyPSd0JLj+QNXeawHnasyur5mQWqFKVatOxXSZNlKMtsELqbnSyq++yl6SgSf5bc+PR7qZO8KAWdCXnjlr0p86LuxP6k2Ao4BqlGJZpnhobNSmnw2UUvvp4VJrcGKuBL5pfq/P9+JS0pJisebfdt8hNHXZiA3YR49EldWEmE9f3M1MsHMAF0SnI3W09QIUSwKXoqlCnz+5+GRI5mQq9HQ56yYKc82YZIkMybIip4kYIHhGcmCcxkCTfQCjfrspEYvwD4TXjuuB3Sb4M0R0lKI32X2jJXE4IfPZxy+NFiG28uQUX2/F2KAF1duXyYLfGnfvm4BBrjxYrNmGTClgWtHtGnthdFruevYDjlG2KxnyeyPYM3j5ywinGb9EieMe8WHTvgHJ5dOejEyGdf5I1MZ+SJjK3siPp0fjfgkEcGIahi9s3Iv8CPH1Rl2clwA9gB7SZ3pVN35TO/PgmDaDl9PPr9fA7NqT+sjXlzVmN4goXNdiYfyF7bd0hFIzoG8XIm9DxcZAUY6gvrD20IU5Me0mJUIPX1LFW8NGrLR9PT0IKXs+VziDRd7/OWo8B0dTNCHaPS2HtBBT178KQkiK9snzgwdxGq0ezhu+Mwb1uiZLoV8f6CZ9ud7vKy2KvOshU+0ybEqou/CfpYuqAaCDVK8Xotf2Ave3+v4p05LEb6bWwyBF0QDh7KErq66nqc0FJ8u1kbInNxi3w1+LRm/xOixbg5xRFJ7x9Y3Jlhoe5sH/ydJBB8D7NFHx/3VrWdz98MD6yPXjpW0E2TiKli/T9UKEhbNFqdoViWE3uAY7jCtSoghspKpNn5tzvPiHXNsjqQY4lWzjWwj+hYDLMaOKkqb0ixv7SvzoZD3o2G093mJr6k/6glmEeIC0s6AGvASXmd9NQyOgavHAuL0hD1peUYg1y0G/ort8L5neHaQhzBRwe+VMGWOaW4oAH39lY/hVrsOoAm0Ic0MSuAvWfBZeR+Nsp52gi/hA/K8y2v02xeozzTEkKbaYxtqoBsMNfOHsRtstKHO15nuZOnes+Sy80sroJt7Q6v2W6gRrejz691UMIjdIdx0OkC+of7tzpTdQrh6RzQsmEbb13fjV0kGLKH411B0/zMYieCo4YLI9UuLci4a+Kz1G/fiFycdG+kyjf6IBh5Cx7GSGsVFuXBt/xwt+LLBKjaWSeBFkisiKmCP6ZqZTrGxOK1JzgWX3LRzB7xFHldoa79dcCkcL4ZEbZtbMNDS4Zn9byVEMc/jEK/To4zVmV6/TY2S68IhshlP3yPXtLfpjipzHr2VLIw5/Tp1Fn6iSlE42sgMUbITxIuNne0yX6WNBSIkI2XsxWIBVW3+DNjRg6tNR0sGO59xQVcfydNrR7DSE/eKX4lR8Z8UamfFEUkDe2kt67bqafxOPATPIwnWvqtaApIi2nV18tU8VMa1JB12Y9nzE69r/PLc1nNiGivsyJAuRj+3FRkClCQ3nvtkf26Co7Jai0UcvA7+XtDoK/rciO7R8EHIl855hirKv9UDJcC8BfGupg2634MzoKUV36gQz87klPO2oC+V+fbF4yzaVoAGJktFu+LPkWJImjXNJq2bgty+OjoLTlL/9Noco387XYAnWxkMKK/DJe5wUK8VHMuC4KsUDFQwQx3bKSIRdOb6UxdUFAQXirQTGvih/SWQHuG9zIahuNBGOL5368FiQ6cW3Y/K06olmyiE2H9bZTFRklj9cUvGMo/dWxwwN+GLcxv2tTz12/6YbcntwJ/boW5zibEgQYI5jbZZz7MRyuRyENU85vIwanOTs/QRnIWTR4mXSZ2ottsjryH4LHeEzSrSgDni28M5ME2EAS+58XsjnC6i+evES5/0S4m+kwJ+QzmuIPqzA0pmyTCjsfyzt2XxWRafAVOfZkjCMUDuWQiGxpyAnEKOA2x1QfYh1lIsqaOu/DDu2PaiYXlXfpyPARdbSDyQ5eEjz0+g9b/PRfa9KnkRN8hCokvyD4z8JGWuvPAj/qL1l7Kr/7EuDkVBTLqu7E9em0Y2qlSQt75dHwN/NIsCAjWLX+Ompnlg379lyH5fPsnYAphJVVFl/+2fFquNeKI92BbrDAD0dncceIjlgpDtSCb6n5IBEFxTL63aMv5WK/VTZ9xTxOpQBVFS8qeR95X95mYcQfskfuOr5zqg7655Daoh0n5/UJp0DdNSexlzcOcSypMSIJDAiuGREkPoSe3PS4GBPAcJUBvS0rNfxLE9darb4+0wckfRBD9JQ2ldrv6rZorfXJUEkQxAQ2rUEtWE9oiApSs8Smp2JhoGmCq59Gf//HoSHGOPFRR4qkWvn6J881fJSoIP3jEvfvmJynx435jM5E28JmJ5Zvkghpb8QBKODgoLNOU4Ce88d/NPTTc7OXNDXQtPkhc+1iasTmwMxX/AT2yIbPNw9uDTtSt6WthWXnMiZ/kkcOxefaqTiU9/edxmoCB7kqZAfakJfMUV3dWWmZAQU8X8+mk3yrN/jcuhiXqIvjleqto2971Ogim0f5fAF2ioOtXpWlf6LFgP9SZ4//Erlj51sKrsLP65SqdaMS9Xcjahz7XftV4MkXBskLbfKUa33bRQ+DdRmQOnCvMT6Rnt53EPy5Ddb6VZYN2XKcHixC6JRrSp2WHXeiNnwe8cdAUJ3wp17PLIoyWjqOhmgP1481vF9DJp61sG1F4fUcHo+fGAFmaife3v5WPO0t1B9zA97Mon8pelpBd37i0OPS+8kV1PS/THtKTU1sz9d6mwNZtqK1nOYB4wMvBFAM/spozNucMqucGNY15FyaSLgyINK4Iv9ie6g/IbkhCWc0NNcE6IyZ6y9h921vds+fwKxjaC3Pg9q09RcBZC1nnE7PfxV/3IhHcML6z60Ra5S8rKY+B2Q36/JnHr1RajuyI9Pu/jU35EaTUv2hsFKzaNBa9NQTO6/piv+QIpbDGnBQ3yMyrYoEgX97UV29KIiQccobWKVNU1vvilpqWCUhWLKMjfCWL03ZgWXPXccyGcKN5GMPbultGQHw8DY2xkzXT4xtOhJ2iQwcSE85o2hpPISeGh4cYLNoFoyjjEo/QQyokX+oshwrRp61wu2Tr/GUS96Qf45CRZYBZrfq8YIllgRie8lDmP/hWxnJtirCc88IFIC7UjmY1+hC7iAdF0LPa0dZ0qr8eKzbFBLBEqkCG/GcGzM/03DxX8ltWXj6BExVvooJ7+oNKL/eiuzI3ArI3qT0AELYXIvDVkj2qCI8Dvk/RB2ikwPmcbX+Ou0igpYTJxdAISxXa0yEbOaoQLH1XpgDg9rsx5iplGgZ5RsftUfFajNi/w/RAD93ltJVrKrWlXlTHz1ig3hAbDWUyJObbFV8mLIx5om1MqhszVCsVNPZoRh95hF3889eSCel3+zTYWc16SyXsMM2Yo/35GFTO0FIKPu25w+6X4j14Dq7THt6mc9qWCmdfXMUpglDWJbwpaKoXRT1G7Hfs4BWpiJjZM5E0E1jMknj8QKf2sinhMAyuVwwu+jwOCSyHf71FHTxDPDFO61KeYLBa5EsGhGKCvvpNVbDbo0rbQ/HN698k6jOfG2yeL5LvslKpFmXHLhGKPU4EHqQGf2h7LNGsEYCTa9CWRADdRzHFF/3kOnm/3x0JGz7O3YWyUW8xb65IL46PGzBGApN9pUs8K43jnHmIesy4+izMITIcIoZvgtEf3sO6ltWVzG0lxMMkze6J+dZQtPZmW/GmkCX55CDBNpqVItlHvkfehvi4gQbz5Z4CNrCo9v/UO/aHqdckpxXoWdLbDvLbW5Wr/ePiBqtNSoFDsIHqd5L9UAr9C9HI8lZ3HJz4O/+XzRKldK++lxo7XeVJVH8q3tUX4fOj+q6XKUQMQ+0JoyGcDUPpItG6lC4LDDD8ZFWW/JJOJjiJkwn9IIjZCnQfLFlhxw8ss58Y6dZXN+MURjzQUqzYZAoOC5vnsng3yIjBxkgxQDpFbcV2jNj/90PmlyLvtYQ97eESa9obXVW6uG3d00O2TSn0xLTaiCHYvbJ+xKOIeM+ltnDlGUHC/JAeqlN1Ar4jaGFPLRC90JEBVS0QcO3a+XaYsLloh2nuHrdp3vt1HZqIV9RGERrgbZXBmCvp9ffY+KcS2Wzqv+b3vsfhdgd6HTDl6Iik35MZf9kvH6vJ657ZqjYDP4zdBzzk+zvxezSsz7JwxntiQRmxQOdrgLxDRmnmcOYID7VyiZ/PaCn1d2mD5l3KVk+1olpuNHCA1QzT7jHZPXGUdzSLOu0muDI56S3IspA2cNF0V8xwVUlV9tnyW8pDfMPvz9Odfl4vPGal0FdjvcuzfeHoW66G88gCO5rB8OZM8ATbBvwdIItXZhffCM08vlD7JgouQF11RibqI3GD570i7+kp022y2wr9T794zrM6zQf7dLzjeFfkbKIujevAiEQq2Cf5DFTGhiX/LnVEUnA/XB1eSDNrh0IqRjq0fUlFwHSC/kqQjejbn8VF/5pn0BFLV7t81nJJmgozPxYVQX5h+f9HwTOOG2Wet/1bLfG7cka7lmwDrAfLWP+c86YclA1ZVpNVf1/YEjOg+ZHeTBwPRAnlfztr5edFgNHV0QPnaJt+OPOYSz4N4WGAChL1fco2cY2AXUMYL6p+5E3lUxa9glAtW32+ycgFBLmLdpfzhIblJRZ69w9n+8GYPhQUFKVyTq6J1vFZKbiYlLNSClmTkECw3gBbPtVkta4r/0rw0HWiZO+QdjAqQ6nC0/YaUU5+NdP7GjgyPFSVsRAyL+jtm6V5QYsZaenVmQvCuE8gYd5BjJeXxEPBn1fMbteBMXqS03liqVMSVMVO++rp3Q2xjEAXz43dptYOr4aMXWn3C39/AT8adBc/rr1Z63tsnhBH79lmPGI9jogb6mt8DJ0O3CHugprxW0EkZxxk8Y3GgF0wn6z9XtQGRE+k9Fuy6Xy5b5AEv0SFTwXINXAIP0TjyVcfvVU4gi8RBNDBp4diVcp/c05fCRGWsfn4uY98mcu3m+i0koAJphnoWxuxuTeEKTEvQgsRxLdaVcM+1m6fC0I2NliO+TOGRrvXwb/REi611E/mohiAxqKNRPb+hIS6kjIpt5l42Eu9QnmEJhBlq946NJGsPtcvSIKxZy7qfSUA5KfL7bxkRWIJTivd9bqIr1pMLXgLiZF/1LOkHdnraSi/cXNbIZTu6tmWZmq66oeET/NM3sHza7YDWngoaBxQpl9Q2p9HAV3Lw54JGB9/CY1qyD8Jx6AzM9nFjkn/ThOLQVXeIeG8DkzLrAKzKK30EakRVcP9N2BvqKJyPB6SSAi9MIDPOslVLfZWyWbjch7IgrdP0Z7MbYxWkt1I1OkBFZfhw5QXF9u2URxMy/JPuBxfGiiFqxupjMt5xOsCQLN7YkwdWmijt+rdfWBi/YnDSe6KQz5nTgCYOaDLvfBo9R5XLeLbfHe8oPz1G1iA9fEcSidp10seoXf4N459q8QDjnXX72ijAQpmbHJDrCmIm36pxQTx5YeSXspz9rz0OZrCrzrqlP+51egGmQ86cbUZooiXhr3RB7HMydgkwXssIk5dy/fD3DDj3irRoUJBTgroQzy18F5eMK8g8Jgr4MycznxENOms6mzMjRGmtcgExesk3SLNECHHYHRsgnpnfvMsJ6z7p9MJaOjktK04k9hLtnS2TZwEgMe9m4WAm7iBM7Eg8be7TZSqfZx52Iq91v+WfuvOjEZ7U22l6SUeoc/06w6fcEudg5ufx/GvJvvyTMvvc4Q5y4SujtOfaVCbBQw8RBUV/Wir/e7YlsTD4N9QU3yVILGORpNsPtxRFaDUbAx+ssuC7V/ME99cEKv9mci5V1+x4n7+ucj2TN29iG5VotjdidNfdIcRw+4SRnFGYQkkzwfWj3oR9gnKJFLayQL7CP1mK7K6/+YVo0x5JFEeEXMe0xIsjfASeonPEEEHXUoCGBGiK+r4Y4hJB3UIUwULTZtWx9ccEU+Ylf8s3E8xzbSoN+p2q/6BLwV8MEOMxgK/vglQ7VqgxVXoo1X7AfWEu8V1ooceEBcdVqUbBd4I+f+LOGpu+di+p88RtJQhL/n5VXJILIJdONm4yk+9JlicCh0RXYgktmXhIiRu4QB3nF9e642dTnYn9RyraR6OuCr03fuXACHbpg2Iak8jnqhwCfSnBkJvfHbtifuTnm8UCN+tnxH89vLw1dOnaP7NoYIkNikdtjEcD+PW2JRs4Zr2tM+KdSglnHccN9YV7rzBJ1fpqbqNKWvskVtMDV4dnylgev827iCcN0psy5GDCpIQk1Qtmbjnml5yp3El3xAvOs7XILNI13LGgVt1yFE0BRt8SDCw8RIF1EDY5UPEbfvPvaGGhX4ohH1CJtAhpGlgM1j2/lsy/uvvTPWwwt4z2n+pKeie4zZoFM+RgbB9tXj7ZWn6RlkzXIosTlIhC36eBDlfQZVsnQ1/OJa6LrFtF9qZQcSywvxaw6B4Ydx40FQwKLaAFhfOSXitjJb7gfuZABfB7vHNISy4kMDr93DQKMcs7gdQIErxLC3zJDcSVnTuLXMWV0Rw2LqSOfGnJ+2KzVDTqJMVpU9AJzvqQsIi5cTD9r2daWYas/5bi0+KIn4J2r91yX0X3PhtRxjneKeFc6v7rhnZ5Cax9zoK3xUcBfP/hgjogh12OC+GbbBEJIezEPdEuDt3Rattov80ZR5h1CTxBsSe/T4024gXtipJ98rvznKL+KDgOZCJDPmI4pf7EbCujTWgUDHcJdu6El5xWMrFx7QiJHEDfEomQZsbdNI3rs+M++mrMNyJMvj/1bRUpTRaORiyZE+c9+9FiPBE8RjwtRrQUk/GEhiigl5digo696jscQBzX1C2d2JCMBXqDHvOS30aje1pwhZEcAFXgKtziBCGhuQ086s+6z4E2WHEhSlFw1kQg+F/AR1SQvBup2zmG01QHBIqGQbVS6AliilesMR2vY0HOLBG5Rq/kvekjDAJxU3xk5lzv+IjqpkBz9ievHrclNs96sXoJU3rW6j8BQgNweb+PqaguvkuPzdrmjIIwvvY6NQOP+BIBh9/mW5axdUFPBAjMhZapvi1Pwlq8GwuHiyE3BisssZbxOC9rNrKBSZ2BpC8LGMjKGeW68V446zqG50YJmznHOwUqbudUEXeTSuf5xFJoQdHQ0lr6/SZN6venilxeQ+ARLen1W73WPWMDSwwV50W0JIP0Ed3vj7mpziy5KuuNMClTPHHP94N4YrnY8/vc7WxfdRdT2jC7f88/nPDMNOII+/50VAxu1hYNU/0JEuTLXkdgBoTJ977z/Pqaxen4LoiewLX98qwt1NtwquxNxcwlLkYg7egpE5vALPX2e6OPOHwwSdy22t/LfOI/GOZUau8bA8qXuzptxRBhEn4FC+YhNPWnD6l9kdyS6IdYxlzO5962aoJwI4ExOXGGiK3Jt4+uFuy4w3MlxFkiMjSM5irfS43S2HL7LlegP6AQ1afhJlQRLIXvsnBItkZsrL9Kr7ymcKTpxNaXRMNVyAmz6oc4zIGjQBLfouZGxbs/2jI/t5zgsY9KvPlrvYTdEydAek3xux2v/GHc7Q+Y/9qt32wiK1ChO5OGmEPZ9bnKj++BbV2ElkYMiJlhaxJWDWfR6bQjDlXPLNaZHHqxkowWQrbXUMjHtspFKzBmePxFl7UODzaS6jOxfS8fLzqtK9XyWbnZKZi4T08NgZFkY59s9J67HfH48ONrzM9YSlra3qlTE3JovRDXmM4pUtDEDOneGp66CwyrFCHK8tC22F8UxeeUU1F9IPJPBlT8IUqmIgqajspEKwnuz08x7IeniiMc5prvJiqu/hjU7KaWMkuY6sDNy1nwuC2rfscXU1CM5Ycf3QxbNvHAn9mLUkrfoabXF0fWMri6QrUEbeKQeqx7qoYqWXkuvJYx0bdRs5foMyQlUgQXorPyM+H/CdWjO4I/2uog9PBLUAZ9vaCAfT1B75FZr/BDUZAWnlQjfOfU33MFI/Rxd8egI+ybPuLFzTII39orkK3LfAKJ6LF1AeqlzK1N1VZl9xnHEsQDci9X/5diPjsxITdXmfD9nnNqabP915XpqGQu9tfVYOA5JqhSFJR9THj+dd4cnvruRlVDjW5I5TmE9/5cg76ph3K1im3pdVcR7/VaUrvjc8xU/MRGhv6ZLaq0K1EaD6SB1dfBZ/UR48DzOMxRx/2beCbXqkpzHjwV0ztI4PJ5bQ2qx4kCkawQRSpuLi4tHAw87cufVBGylytJrYlQQpUESAr/5niHEa9sanP876fSbap+5qLqZ0EJF8jd2Z9FDiv5NYqLZT/+S3PpT7yZootwSeMzX1XJ10WIZkAtUPmDthlQWt6/nVbAZ88H1dp2xtx443+xAfnXc1Sdm8nXsWWfAODaO+WtdfYWiWWMmrNXcAxc0Dgf454l5jaR2C6cK1ht5+G/KgGnQShkRQHVc55eNT4e/ciEttcDInLMh3Ny9uUop/9WRRjtCCl81RWXdri6vlEVLcUn7zM+4E9mHeL3lCO4RPfah15+AbqFxroPbDH5qTucepPnox+rhp7zGbtFaJrhoizubAK+0Yjx1ztTFxfC1duVlypbBuALF1rDsk+mQMRuyO055AVi/dX6yBPamfRj7bC+o0tUpUzXN9DX74fyw10i3z5KOOY4XYvsj/yEwF3q4o8oIwz5faX5pktMv03Xt5e45inMqJ0TRnyT/ZX74gQSfZ0+wkaYQvxRPgTXRUjg3s0hxc73UpGtYmyHKwxm62UjY65h9A/e5I4Ww9Fp67g3xrdpEHYyayoU3k3Vno23CWf7j0me4azjAy90gR56/J7rxIZmT6E6YS9AbrWLb7AAsx7KtVwrHvZhSha/NgfOAjO/f91RZWDFsvLZwqNHyoONQmz+stZhNZPNYliNA18iv/+eFlFe91ES19J5R568tkr1M9R6eeP+32HWkq6UB96NGb8fxP5TrRTyueAbjPEtNZ7zjGBv/7pujm0JeXpDb+O7aLBandDCo+RHNu4UNvuLgxU5FVSgJ+Pet7IYUL9MvlVGknHe2byyrMQr8Ww90IvmZt8PD1FIgngsYM6939QdJXs38GlA0Uu4bAqUDp/sNrHBW5rmJWMsc+HGzi05OPgsNLusRRBfQpVuB8lCAbxZQ3DRwPsa4nJ4wbdXqPLZQs8mEBv0mIlRK0Aoe8cvPhJ7HHtD5qPzWzZKFeQkC8Js8eZE5b5iQOQ30dYtUPqTSe6dgGHrzQeLNi6I+/xS5Hm57AnOIWD8+tb6ohDF6ONfhX7OTVg+a33kltFJHypI9+ctqX1j0VmygRzzkYD8ACS7HxjZdgXlhDZBRrlYF289vNu8ZgnjWJAt4XxvPAhwE41/YivVk8vZKUy4qW8slMYRIJ3tqPxHE/MoBvZvhRJ8HGBJVcZM844TlVuB6vWztuKEWdqenjXeO3Eb679wepqX7L46t25bYSyV7hYjBIrM085pKXtcS7uii0i6G+btICYyDxXhfHorFTyD0NtVrLx2i8wm/RHBueKn5PbsgeDJLbtYlbyGkrU7KrGgaduCVfyInWY7wHlegNBV61ENkbKSprTenARXvgesaemwTDC6a/c2H5WgF6yrGzcU29pi2e8NcPlC9pW5c6gfI9+/ePW/eTVHxfK/jvHQuV1O3le8LYrNso2bZpgcXkTSV7zErVC8rJrh1nDOkMxqL01FmP93BU2fXgG4mf1YJVEByolWONsm2KtzFdHggdrwxHOc1Dlippz1AFdqMQ49R+qR0we84ZdCasvOaexbHwPs7N8bv+hCHJYIyYBQL6FVD+TYsZsTrUMKMaAnt7aF5OkAx6Wpe18JB6/Je4a3TiniaYdvB/p9kXvEBE3N1h06kWV/BrjfCLihUS8wXRpx8JqbQWzzX84aKNTUeoHPXGJfbvfBmRiQiwWOR5Aznutyrw0ug3X3PKxsrbEl8BPsjyGsoy1Bv4LG78Pcv1OZWGBsid0CH2IaXI1mPXXKMF+hW6+b/00MOLoH9VDmjrQPxA5JU+5n6HjNmH937ov+kT8+35vqhqhhb7u/56Xl0/FsneAYqbtaBgZ8wR3bzT/s4cWQP/7vehmmC9XGKoVuhNiaW+an/pEYNefSZmRPnnHs8bV9NlT44gIpmAGv7j29+PJR/D6MTw3f1b4fFX8STzE7w3tKMtBVxEaOw6gx44LQbgiOWJAWQWwXXEl6G6u7isB6tSWYHihjL+wnX0DJ/Me6nzzZ7JHHgCkLz+esI0XP7/4cmN+VnkTiY1VWZiA/Okcz1pgLXiT9U6R5IbTrs1jGAVVdFbGT4LGRlSbhvIABWgpdk+y+YKFJCUR0uJzu+tzQzMPnIqKNcG2744soKutBdsa8h/ewOV8C4NdBuf+3QaTnbLURedcFdPX13cv/HtoZeSTJ4tXJ+WxHPcPNXzL1ER4pArgRe+kh4K6d8KHC5Ou614vuNTEwPq84rS8UTd75uyP+cP32QAclik2XF+oiQf3bF3+IChJQElw6DinV3vlwFWKCH1HDqVwt/59VSRo8dYyW13+0t/2hVuGGC4h9Fbxg4/RnFXyJ8GaOg7D5Z7tHQ2Npw2YA4kDF/pMh4DKjtuLO0MT+gM7qAtCfB3PwW5M6m7g/OLBEMRemzDrNsZ4OaA/4TaB7xPr2E44Z+tb6hiA0MMLAMzwNMV0LdQndBG8wFoYK4o2jEOHiUMXs1Sdv2JxreIn2OT4Wa08KGJw/BH/jIv4AWeuAEMl2uDfBbEBOy5pKvOqNxJesu17lm124N1nIYvihglA8ILNmWhCU4gra7SoPp+J+9eOqAnpPGAmYkXCPJhLdQX78WfJ1URs2TFe56bWddvgFiXt29+l24/NWt81rfcyZk91Bz3daOq3muYWQQEquk/T7aMS7iz0cZSCOyBh+W7mKo1rRjdZXqdUXA7b0beDetRWKtXxTsDC/ztRF78Y7rTOvbNIv5HknwPTeeswhu4QunU3oKhRPVOa3hQPJughvnzcOY8XoGfXy+Wnq3TcuPlY7qPYj7YoPYpy1wGakwH6gGELEBBpMyOLfhL25qG6eDA2D5kPKL29nn8W/Gfzwxw5lwn/Rc8Do9pNVtUdL4JteBm/e6pUnRwHrkGurPMZZ6Pte+RC1ZHGEggG1XGRk/6uikqIxGZBLEsqOq0N7/DRIu515omDPYf7y4AqjVmJbFKJT1zsTvN07xI03/+Dc3VAnp1tXcfr4bD/S1qX4GvPxTqG1QVtqbVOipRhNgC9SHiwZR4wpeeYGdnOOGbqAzOW39JdPiqjGZ7ezdNOTcb8p829AT9MfA4TZEBDczBl+YnzzSTpMFm/c0p9+vp2WMle61yi7nKEPUicYv3z1MPGR0BBAuI6jqhs2smwjPLb1la1E4c5U42zgZdjyRxHPskTAMTJYHS+2+2zKKxaY/XNlb2QtVaB1j/dOAlW1U6nPH8Cc0MECk9zikTLd72Ire5wRLjkxlXf0rGjZJgmphkDq/0X/LAmp3MMM54QBW7wKyxqscDQrV3sH3YpIzWDTXdt7Ie+Yf2T85uvls3Ye6k8HT3gu2AkM5zbLCf7o2OXeCJYvdEgAArfKHM5PD6DP+hFeW6ocmgOr/Ss/j9pIxtGanLQKsJum++RDbEVB3da2PAU832OCSCSjFAh2xrdb9nrp32R3JO6Ys6/fbdxi0fOWSGRkCK2IWuiwRHtvmM/vR5qbzYmQPbuTSOyvf1LPSdBYp4iVkmf9cOxlIiu5thjleZVcC0T1+gnfWWljxnYodd3Yn59h2J83j6O5nTq/YSC/H27JiAlKDflNCNCA4DfP7WeJzF4eCLs8CAj5w7/wOfma4JXLHYKz/lo3bJOIzx6l/+wOLXtPT/9qNgAbzL58V0Ef94z+NflEkC1VIxooOMChutfD/JeMNZv3FIoWn4vABpWyn8iHKxjkNf+t5fo4M/y4qL6iySwKSHClD3t0bPwVSpGslv/ATsSWoJ03rz2fjT8etSzrKAT/o4SJkZdpRA2dZw2VZ0dX6N3GMwyJA2ECC71/X3zTrTG/5aMixDjcE8eqDU1n2C90NQ3Z0AF1w2wP/tn3dHRw2JQsnYPtnDsrAc9EznLr538/76F4Xs5vCPnd7mhd9f5DdP4grMrsQMdwke0BZOc/7NSS/4ZIPNABjCXqgVTf2ZdA+34ZkR84wFAWfTJQGdB1rIolPRnbBOF3Qaw/Uyao08Q2qmDVD00F7ic2egEMLJipLC/APEXxQ6vZwZvlNcUPotKkVk1UMfrFL87xiFNlcqf0xvOtoDzhIW61FvR046cxOBtkLtiuvyh3pnEjdL2o4O0ytQgYlHHHKFucAzGT0kr7wQZZ6McssOzz1xIGRJqkKayYdeSslTb9vrkbyJkDZgGzyoLk37T76Jo9XtaJNDDZVzY9jBHcTsqLAopKf13T7n7ggvjVw8YVC5SyhY+6vBITQ7xrfrUu8rf2HQvWvbAr7nMA2i19/tHeiBY3Putb0vOHh/OXHaqyP75kO7z18MP7X9V0QF2g60RiwzgBH/Df+D9c5yV4GYPTFmWgnJLXd//xhe9hyU9XQiJd7q6t2BZ7R11CYCUSgW1XRMH8l5qFCkradv4mUNhcaPti1bPq6WqiG2j/ReunnnPQq/+zjkZjzoK0fZrJaektTVskGJPAkYQ+0MtLZjuh79WPjN9tXFm9ffTsGwh3mSQDBW/H72KPcZdfRAVf6F03Gk40SlxzF2J0bgkjsmDX3d/QOdc8JN6vpFqXhwUsIAbYtzX3SDqAA7ymInYe4FFZ05JjBXKMLTMGXlzxss9IckNohqG/xvIPATK39t/AaJ2CzLLNBp7seIWNSYxpDzn48zlltAbhAr9sqCNkHFe7kugIe4HyLhPI0Y+ZuqCGeFUWWMrqL92y1Q3uHr6LLbKEPacHtFezb6a6g3alNFkirNzOAmnfEyYgUT6pDTarnk3ntC1Sqxv1ys9pi5TGU6+w+WC7HnIoVORwY1m0LuAX1aMNlq16FrY0/zOTRHr7+NcOJtBPzxkVOKebHtQ0ejldVJv6bZNT3ejB4RV6sf3bI2uxYBspPU8btwW2ZcJmuVcrCwNssOKlhE+g+qCM8x1i+ahbKURQXPpl8y2CnK6kIXAdy+P1IssqiYkFVst6wcvwQ5QRqz0AEUUY5W960e8n807IBC4GGGSMGVIvdm/mUicLiIOzZPGCb5JRXIJJAsOVJH9MTkrSgNxDUz3sATjgZEld50/QY3Wj3t8cfVeEyvPpnnHUnBchLdDhJ/FPOJ5E6aV46TaPaP+ZivzewVQ24bkr+yDdf3jaPxom7vhwDkmtBIHObF1Xc38PLogVwxWAJWQ8shHOGgvYevl9kLUwIYQvsN8ECkwB6RTocI10NCgFVi55tpkyOWMOadUVn6dBMN6Yq1T/zH2TsPBzWDcrDsZrCduaMMiBEMRuyKQIEJps3UBezZzvDekpt85mc0hJWtURLffvIJ5d4rD723e6SV7PLUbXiRYVpOsh5NsuzuVZp60VQFytiOpsLFf7WbnyXAycWz+O8EPZy7648Dom0EiWVVngU2XvNPjy7xF/s4Y9PlbXFAgUgtdpM5fVySg/Qgp+Pd4Irz3+xX3yyikac/BPtr4r+ncuX11VZXLP+/dd8XW8xNbGtvgVsNCl3JRKtd+DshWvP0bVLxggQhvh9ShPuNLCM2vvImzQ1By41yMvty79h0kG9Ap9UjGoDFqjJLVfYumeFsq33uWYh7MyEFPQ7o778uSmwH7XjCGqUlCxc3kxaR0Jl1BWEvEaWUqEYnlBGgMyEorsNWqGa2u6ap1+xeoiQlqMnA4Kn8tynJE8B2W474OH87wIT83TWKdlZ2bMgdZzxqO4Zd2+Yghud1scNDQhLPD0dv35fTkxBL/g/nwQJQsyGwVi54E95aYEC5ODhUlVfvPTVxQnPPvrAzV76y5knCq5zXbyCTp9D/7u5KvnNHLx6LVjPAqW14g5OGh8fsDrtBghDKlHD+k/kTunEQ++WTg0VcI/cbPHiCYK2/bm0ZygJfR7MaTPf3+Ryyaqcraw/8mpRmxC/n/thuUiZCxcSSttOcBD+6FQJzJcpw/O51Rm6Wyk6LZ9tqoadLaqqnm4acFGCpBqV3rT344rtYRFdAgn31pQntMm02MME0ujHxg8qa7RYCerOtUZ6jld3hoUuvYvVBdx+9whNgtdmAqdm3HEHLZx1IGhTxWfPtiEYi1hvxFVZgHgX2vGj/9robmOR23U6wKF52H2sviuLLfwNuKzIAlqxQiZ0DsthcmAtPQCT6VtLGmg9rwTYDhsh2trSugomImS6ex3IYKPoUGmtHJbQ+CWzyMUsrgmEx0cgpnakQTxgQFeSk8i40aPdi5QD3p73CvCuCyFTIpL33Jm4oTMYaR0IDmhc2WsO+aJWkuJL8IGUm4R1voTJRA6rwT2XUnuJiyMgEIC7IiOUNKPzLvh1J5R2Slj/VL6l+IQ4KTAAjWh31G+e4i5vKaMkfjciH7Cdth43YCNrGCZW5LmjnhX59Ypc/elXNvrd3RAKu/8l+wL8Dp7IV04Cz7AdjS9Z6kQU2FyHheACnWdP2ibFEMKlvttugfrFdWcGNY/BVjYYuYPY0mHDWHlKNHOZiMdRKpWrDk5TgYMWFCVEG3E192Pm4Bjc+GsYtTZESFv1qN72HVVXkWxhio9EPtc5a+ak34IZM2n9oamM/l8RGykGyrRsASd6SxI2BM8ub3JSczILEYDxLR5ThANDDrMinXnZgSxwL5yrz7JYgIlwLLX3F+x+RXwWlzp2f626o7g8BOKBcBrWlmqcrEvmXdH7HD51Z8Ap1aqB8gfKIHPKnAbAi1y++o0aHWZNfVDXk1BvDo7mt7zPi8lTOPb+ECOLqiocvQs9bA7ELu+GRqtC4LYiGkuefGvdWVKn/WUf1yU+nIV+SRAmTq+LHiqIs0fgAsfP5hhP1ao14mq1THkPcrks26K4R/ph4Mv2vynWDt45Zt3/m34Wb+yxge/VhMx4hUUoznke5a/l8Mv8eHUvtHh51UbuAt+21zHtrzRRfy3XMvic3FCJvgOfbspv+m6L8I+Y5uXbNKVdo3mf315dBFMKVDhFC5XyIc4pgRoigA+ufHXFJQXhcwWRxzQnvnJQAyPXCakvCkO+nJCxoKGagYE30Qz0cDEE96JxZytJQ8ySkn8nDZ4CbtTOdUTlRsb+2piI1OY0lNNcy554U8m+DKTV4w+N0G91ncfXrGp/bP3k+3EPvLxA/Zn5nxrKTVZ9bRHVZ/7OcesXUCTZrZcnwEM4emkSOCKSHOv3F9FZkpn4wigSEEFgTW7TobTZ7koRm+YttxLU2CY97EIq2gY794IYMps09mLzoX8U3+ceicf2gx5W3hna6qWmVIVBXrRWuWOCE6A5W+GW5YqFjQuvvWpPBWp+gv/wEF+0Psgo/sPi7CWI0vOdqXy9S1hhkT+1c9J4mxYUfwm/4g5BNF4N8ztLo3IciacUc9sfS0zB/txUzLBoGgQc4geOC1IDZPvZaOYTYv3HQnVq6l1qL8DD97mxpqDtf6Iyp5YqRcxzaVGOED6r3W/9k2c2jFAOH7xuvTHYTfYZxCCbIRsQPDvZ95yJOlFv1jOFuVOBGq1fpXPoDbeoPTSYA1MeX8agjBTizdQiREJfxucdW0e8WUL7G8W1XVn83DPRxaY7ZHQeSuueN6bi7ORms85iuIS0x33kgq1RRBdhr4paH5hEjEi1Sm4RikBGmGIuBhZjK6GYSlkXTxMwiwB+m0y0jIhFMPzjoa0xYvy7OBAbdSNg4FCBmirltMNGjVH7yAHpct/TbBTwwaI6Nuje7jf0Fpi02tHZH3W31Ju5Wqng1YS6Hmk1zZ7+duGoUqvX0wkkvjviGA+dzdUm3+QiAj7yFDsE0jjiBfc7wu4wZcey+9kIGIrtfXDl9d6OPNRpEUfKkMPcZ0eL9h4TFvk9EK4oA+NTCf/x/DfvwlwZPCmsgtchSI2xbqwAXw71T8MZNHFTICdnklchBXGwVAb++8aoK6HWfy9rULxu18T1h00ppGP2DgyIunBmkvmz/5d8X7ireH7tz6BbM/rXB+/XsRgkva4/3sf0/4mx5nG1xD//3P4K3YQkYL/m8MXBZn7alUHtZddmb9onfjB+4OSFr6rrPIsx1NxZD9wuHKYc2rjx8+VMfxEZQ6nID7cTm2s8kkj2jQK8UGIgm18ZfvMDZS+Cr6ET0aBIbNwV5ePNtFQDTpYBZVU9PuTzOSe96Oq1D/O8pPn/uMUXnLPHdDsw+nTa2Sl23ckfb7ydVaSnAa1ekQZoFQuT8jcszl3R35/A5X4K1GZltCYvfknNUCyvYLcODw6s8f7r/x5TlDGi7SpHqrMFA8PxAztY8xXc3rfPourTIE5WT4MCBa8qh8cLKfw7rpVS6mHUlbb68/+kNykJadPzSNWgyLWuPUSo/w5Kn5YL74vE3lh+JSN2DreZk1I4UVVGkYh/rYjHxS9g5t/cB9/rjM3Bk6JvkmJwLHGGnIW3WRSWOOBxdhjCY6GnHTFAYt0GWGt0Yjbbt3wvTrTw01UqFPLbffbDVk/miCesaBn2aP3WsPYaXq3Kg0AoUbOWEBbM3Z0N+PRFBTqdBwvBgL9cPl2gTseGIpYn/P8BMIJ/pOB3tmNR7+G4QTvNqFpiGnaTKB1fZyyOptfyy0LTehXHgH8XrukOdZ9rAme50sl9xT1hcBbg42c8YBTznWjN7jSCU8WJOA01bx2Qyvxl7oEv5NK0Jq6PKeTJHoeuTZSjGY+i0nYexspNMqfOZ0VyjBaON4/tamwKaxZaKgkfKTwTAvdz3m2oa3zIPcDvxtpUC8BlmuJWzeXpAp2J2VN/gPeVU9m04tHYVflLNutaLXrJiE1ir2tUQid8NQrF1qrsjfMk10mWbjiAYuah3OJ0aDJS08lZ6/UlnRZBWDXH7xL0kOE0JJrne+NNKGhkz3/+fBOeE69ZZn5Pa/JAmv/Wttv84PNCYsPjDOTR6pRa1JeE+x6IuCa88XoHVPB/RQccyu3wT2MPgs/SmawPglcAjcVE69lNeK/4Gp8G240CjW4n/kV3SyLT75WMrEhiSbSiQ+DPA0zxvQ/vX5goZYsgWBS3xc0y4JoDCYGYnnGiyHXB52MDbeSjh8Tox84/HQ2GB3QFSaibteGRtzffhAdpupSrP8jM/MlGU91YjE/H6ISe52/yT8+8VCofxr0hJGStBCcnns2ZNzEAOs7AxD5rfUrsUA9tBkt8kw1QoXZSHR2emhYmPx4ENi7vsXjV5sQYfJSytgywoT0pREud/WzFfsxqhHSLSi0/nBiI4oOtvVyYqPRp5pzCODGN/nxU1rLNXDftl5dDnj8VNyv4Xh5MRvYnTmuXfnvWE34GQgvZm2du6436WGSpB7LtTDu9vgTfY+weVx0ltRlPeB4MHUPOwzV/HCsULuikSiFyHmC6eU+ynRMX/xZU9VVDVuo43PUgVxaV6y/oVbS2CPiXPGgv/hG5OqINfM1ttusQ6+5fxkgCv+gwLk++ZAPVM1dP1FpoUNjiq20CKgPqIZrHHXJsZWzn1b11f2X/AJDvUANYxnj+cxRb7dKjw32V3zcKkRxvwTs4Xvjm+VUpjBiThElI6UsaMycjPp/PL1pPNTv+/6PkF2yhDBZIsouW7zsW2KyZN8lb9nLmhlZssdYSiLGFpVsISXKblTMMJZJkmUwso/BbPiPz/f3+N9ww8Pc8JrH6zqO43md53Wdowiv9i6Pv5llis6LX/3ld1BFn2MwPkJipZ3M4Gvp9+wgZbQf4IJrJDTb4+vfina9P+/WT7fpOaEO1Ayg7qBqez0NFW0lQk6VqvzbwSeE16rJhPT6IWQ66M74TOTBMB8C2yE/FAJ+t/1OhoSwUt+EXq/d350Jx0oenaxzxb1D3Wf/epCArLcmVEzXiL4Yu/qerq8Kf3sMhRncbzaJgtp3hdy/0TD33+BnfCAmrlI4jutF92EdexFxNICD7UaO/9TqYsX12BivEVadzmOOslmIGHTtwBNL/qtY+cz9d2TJ6fRq1mSjM+1ws+1cnc5v3+im1zsu/P/d46nbYThVzN+Dk/2T7qNn+rojxeUwsaPZi2Obv5ghHwQbqZ/OJ9bdW2hXTv5lD/c0T/uZJu6dySSnKFDZsHCz1hukPbk6OOkSRHwnNvW7I4zS8H+J/A89FPfRXcD1X/NxVod12YrdSC7YatnE3p+xQmVYqC18ihwARPPi13Rw6FsVyEmpHwXwIPV7BWLvuFz+VYD/L41bvgfnv7tuCA8ZBFx6kLpJ0OP4Wl94E1oJk5tYxvuxuzu+QJjwWRQNmZvgJ+XOvShHDhHC69OA6CFlCW8j7ubRc29qLVQ3xpgO3/SV0f4tRAIS0a/vx0DcoTpX8ZO81UwA21Npf/0QVCh3Gsp94LsBHtjZLAMQr0kZAwVVeNW3e/V60eusnJ2f/PLJJJuy85Rry7JNyPP08YVXPuT7IPzzGChOyrNGzUiJsgRA/aXYNdYDDGLxUN5eympzATXkftmqaciDCf9GEnTheX+Ue0Rdg+n52MerkQTlm6MnX+K+uRDSIspXz25QXhgml99lhp5WY8VYjBdOGvT75n8lZAt5BbymRICCMbWqNZSIiBuNXODDterNzggGveBbh3nJp6l8nIfa+onT6EfamYTQiRoy4lTj/x4MPgd79q5XfUtYvfqtN3oHvJMnjOftTDtmgHtHvEOG7gjt3oCYHtPDxx73xhE8YmB/zGa4t8PPzgdDzs3xkYsGZZtg7SYMnfK8C37PEeWwC8mA1Be1GGVcXzNsmpENynjw8tVwOWx1wnfnlWmx9Y/UVY7xnyIxo4sYf1LQuEgidKWsH/+5tgkiZqEPX+YjaZbdQ6VFC/woRe664Ztnr8MNQIUXNxkKVbGSLohm5ANuWbZ486zMplf95UgfWVbqs51C1E0hYp5tOfy1n1ybqd5yPQp2ct4vyLJxYPndfJo3SCwZyDIW43cSd/nclN+WueKRMammIVy6Y/TgNab2fOgnex/Okc9sgZc3luwzzg3dTIVOyc/Xwz0z9vfkhAi/lBoZLq7uqI8o+CtvqNaJuP6nGuMagFaUjBAO/c03dyDrhwFeSuVyBxqy9srwSbpdAnnw9G6a+xSDn7QlAA4XzFd5xHPBnwa0Tg/yKL8u9UHIJEnngvs/6Rg/fY2QSTOCjw2d6ykHM1+F9NswQ3uZCBUIGUgYm0SqlPfvrLWYIWqc2qYog8gjIU2iHKynzBFBugrRlfqynTsD5dh587dQP7cbSFObrQ2f4S49V+19M5cxAbfZ/2KMuhTj9udfTt1v9/Drt/qbYBcbTDtkE2lybzQlqMEVL0WoSoLenTdLhBp/+RO+WUXC+oJkJKZxfZWa+0+fY2TmnF4yUIt2+OaH7J0/BPzGmCXAL56tD4M2cv79mjVxZQj4QIv14R/vY4a+um+ge89j0sCHAfSlKwU+fyN2Hy69WHsYstZe82hjdt8srQJsamrabghySSnaWCKManFw62bx8FzYudlvonPBmcFINA98ku6j07wrMnXkkPqhY1BdxlrtenvXpoMr71WcjQuU6W3tjx3nWaEnkLKc2BtcXhPFoLHpQ9fZk5nDmAd+OuRQ3ZzjvBSlp/LJC9aR2Co/isIatVCGbB+gr1fcDK7LOO1QUG+GqV8aE2N8F5INOXgjDv/zwsJP8JIRAK1UXHztnoJQ+PI9FzmpoA+oPeJ78VzisnLGpOhpl12E8sDqEvhb96XfpKBMWA9KNgbTzwnDMM3vOlfEjC9bAQOrbSd9qmU+mTBkO6RO4QSOurFzgVAYOjmQC9ahaX3FX7I94XcM45GG3ztxuB0DCauK9ZUSh2MkODAVTCRUABAXoohfcE18G1w/mRdhGtgeUAmua/T7I036LwX413T7DMG7YMhHYWF3/3PTTF7GNkxgKcJCVLgh8Gz+v4IRNfpy9Sh948nnpiJX73dPv+THHFAufzpaF/kZXWb8Nzs2JuKPLIH76t0EO5mNvrKzNAQt5O7bjyWSEJfd6pdRtZbwvlbJ0yacq6Kwk9ETk5cLerOLkSnAI8LDaDO9UEXIVka4J+N83/DS7hKxgjgI0Txwze4VL3C04Xt8bj/b6k19w5YaDg3pEvj7eqJHrpW9HClKF9dxkYg7vaQcRlp5BClwy6oJLOWA/muoqNHknwywvJ2nBHIseJ/AEaeL/+xaDl69BOKCIlxAobFFwNDiSUv0hR2bsrW5obiZh3Pu45u2Gun6nMHh2Ve3BEBZ3gPuS+L6lpH1X35HRSPL6l8IRFf2h3OGm5xnESZ9a9dVRd665yMl1bq3sXr4Waan48fOrY97yx3f3UcQtZwKrGSdr2RCKGLJkuFgYioZuLeBvkIkmfiAtEdkDlSuJX1LTkHL6WJ9DRJhsjjVqbBiZCEZDZEOmhQHMUNviYPyGKFPGzeSnH7d+VGB9LTW5SeUksp2093O8E41/62j313nZcS9vc4ZJxY+2+fSLWwMpodIYVXTGUA8ZsBexGW05pZQsdQoVuva6W0uqhuYoMTTiRc96b7iLvN97PfWDOATlzBss74vhBGWS79+WHJ7aZn7/WdM8M3uBvhIb/YffL/9owl2Ux/ESryy8OryedTQZbue/NuwLI9j7EOyhR3EDUYRwv5QYX1EwBcOAI5Xgcf37y7ePRgsdC18Qfo6btBwM+v1xiH2w0DvH59KcDYjtMFZVnMuPIxRRLQkHSpMryca0IHs81idvD9fK8Qbj7MHIY/fZEHZicd35vXcL77aMMqKIkkyxG30dLa3B1YgRWZu6BVE+Vh/cy9S9dJY4ZjN/px84DU631Wkexd0zxLlTxT/KRYr+DDIIspM6ffxFVmuFtElIcLLzVfmN31QMv3Z2LKkX2KyLELPb97s2xgLYBEqyMltFmIRemHxfRGVxnetHLxTXcBSBmHrsbNmpZkKeIfQ0im0ek5tTyfLB34JLJYCGMxd4NmAshoAfORcSAsPNu7ls75KjAxC8YIBA5lRNgIjY/42Kwnu9dxePGmyVcJGOen6AAMZwTsvo18Op5MVIo8VmertqTkqeVanxU90pti+u+pUvUlLxS4bVeWnbfFsUKd4x+ZXK3H8VyGNzVdOzzVS5NaEHeywkuXcgVPX35cOu2osyQUeRczwBxUN/tZsE7lY+0wV1xKO539irWCGkRrvf0ATd5ln4j6d/7kJSQyN3+TRquGz8b157noH41hVJs9mD9oICGFKDx8xe8o+rAWjgcKSX7/m91zYkQkz1CdI0QuN2EuvQPj3O/c/LUelnW7tpJb11/TINAWgwvs5vk9IwAUzIWQ7rFEVGpLPRLDQx62vEVeffKMPb6za0g+dL+/WtbLgpttvOGlWI63eDp0oOT+B6b/ki35cfcdzV9eGssQyy2o3b/2Mexh2YTPrt7Ka3uycceZr0gfB47x5mAAlXfBgdyl4D11PqMStGnkKEXeNNhXwM+FPZn25OWmWksOCleT3r67xgqeiYN3AIfenMFwL3Bd+X+tAC1vDpHedjyKiXLTBK2N1EP7CGxTtkX/jX77UxpKC1eHbOsvd8r9Rm8dIa75CHYeHiAFq5O3fnvKpwPLy8iYzFFfSdOe5Y/MO/HOMzIYEc/B3E7gVU4zkR6f34QFETg8ytOxXEfv2Yz7BTtZgn5swEYLajkLE8iZF82U051/QD4Ofhy9vxz/ii1qPLqdQQ3dudTviqsnC3ziJ9N9KWtiR8tpPHR0u98kRGN9LKHbftwPetxfiNZCXcXahlTAe7J4Bbx7MAufrk+Koi0P3ZwCcVqQACayyrrhJKgRQ1wdAa5KgTAtBuV8OjD/kmXDHHkA+W6hqx+TMaaP8WwN5Elj0Af5BnuAF5NiIkSnAJ2CDfSinWkBVldJv85I/Xo28oXOcyqvNXZo4mmMQc29WWEcv8KqHPTUFvMsqYAdZ2ZEFGn/W1nXEr9R1CGwbvHhNGfPTcp+MfNL4z6WA8UekrAjpiS32IcMUT62XaKzDJbilCxZdr4VYrQok67/PzgUfTnn8mpzfa1tGmYEoboGfzhoD+xXIO2VjzxPJqLS5liDE0SHpujPxD/UM9nML75Hjdm+1fFrThmcAcb2H3VzTM7UysP1f/bVnng/UZOkvRekV9pSn7qCW66IXTgYu67TgpWLFVnryGcqkDUF1/+FFOJGm8CZV8xuevQ5Ghe3owBJG6BWyshHcs2dy3/IyxfXN1OMDist8afGKPkiVGhuRfwI4Qxv0YSCBnhdU+E9RI8rixTR64nDAOS6ueN7VE4J4SB7FfXl/vb7lax2eeWu2I9EyRUOJpJtjGx/QvTqtMrD6IgHyX1VlnVL8Q34FfvvFqDuX5VzYyfZuZn53rsu1nCRn3n3spqvNOjn0agS1amMA1LND7+Ni994sPcYFXhsv/VmgNYMjb7fNvAUsOA1BqgexTaeNjdBesdG7cOuCj729kV1i+GavT7Wf0ZDipg+B+Tw49LMAAJIP/mOHPk6qrXkcBe+f2shFUzXAN3auX4ovLVppCWnlIrUyHgr2lk0N6I64j0ye2xEq2mn4aEC49QqZAHsCYb48KikDY4D3WDwclr1ZEz6rqmbxarjFmY8YRlvI3Wb68Gde+CIZcZDHubPADAPTAataN0DfNG15hhJRlvyMMV6QYFNgT/15e235mbgB6PIPLbucuCsHNjsqsSJUYovUxFIvHl3WwPzZb80LFtgFaf0sejgVaZgGqUbmDUVuhBe+0IXm5A+tNBppoyL7fLQoR4iPTjvNRTg7I8do/giXJ/n+q+WjcymSIDNJTO1kDUWNh6KDiICvvN9TebWFnlnvvKfWNPpDkBjwX6mj72khGBn/xnXqLLEhKxwn2cRd8q/lyIQafl9NLXSrrzM6vl9Ee9hs7sYNpdq/1j/Fmthbzm4Nbhh8UfbfEaOHHvgeNJ0p0qVeugebx/h/lB8+ZjG8chCe7ouSebKSb37TMN31/BAgNnRO5aYXTf6Shu7lqvDo5KgB7D0c5FxBglZi+bAME0ErpTyg1gL7Kj5VY+namgiDP9vOUqxYIh8lZkzzgBX/9Yk+PIg5Pgky7MsWT1VoYVhbgxt992OS0ySy5vuC+Ov1FXOgd3Fmdv3d3I3GF5n0xM8TvZ/jqkCZ0LsjaIfRcR9QWzy7vWPb7hogQr52HuXfnBTFZGluGXDs6MxHvsZ7Op8KNHdTOAXw6HCIw0/9lBjpzGxrFWq96mRWEsW0Lkt46dIQvIRVOa8l81wywlaoV5pmB+oVt7zgtsZPrxr0Y2wdsEXnjXNqULWCNlX/maQfXDFu/WKeCql0j0DIDCqbPcsWTLNMb64Nx/L25XKnAcpBwdMB/RxVpYY/UQXpQg8YlJNl8cM0e001PG3lH1CD49phefk8fzRYS8iDvkaHHNT3s4xSv8pDHtOCV7UU6iFq/v0LxkdSdHfTHz9aA7ON9xmmFiRx7MKCyNxxtyrAihOQ0Kzf3jdncwjLJqTdyoCv1IkkkGdq/JY568bDOHbSx/rKQ/PtPc2DXXQf0N4ue/to0gmPNNgqOJv2EPfwPyf06dlewUUQK+W/Hpg8mJuCWbv50RdTm6PztR35PBLesD2znfTvTMgbAOfATZlA5XwaboLduBG43wRr6DCmhxKawaK2pgtzPNPjP5934UqcYM8hyrMc0JnjR1IV4IBf/LOfw/ldo7FLm6gswfMlWV9L8LsOQcod1+nJEb/dMmUcPfs/9vltZC9+mYzcnw65vlND+EO5jlDoSjwaYt8dGy0oOpxmfJqJyfbI+jbEbuDZY7jPH193zAVm3u5W3RbrtvxxHhXJ6R4eITK1UOstGivmYPPCi7+gr4boFCybuj+lcjz4WYQ0UfIPrXQQ8GawArwnTVYTOkLMDybf8abLuSUJD1HB+na10blrrHqfLLsGp0Ku7FSs/nq4mhumxiXLHZsEUxuQkScJjooge2vhR2dCMeABXwfJnbvfWHE64yDwF8Xeh3aSu0nbtTEWR59DMpFB2gOrrp0qYPUB/7ygO9P4PlwH/kpHg3XCcvFdpwZJ5BLnWhPbyHlEmg68qjgd8nE4F5mWilgtnttbuY6n/KkEgqmUIg+eaXOrQaBea2xVWBi+8vAPAr6gXoYz+nAPU/uq/mJrxogkMnkP9wFgV7wG7t2+IGJYm+uO4/skCj57QlfC9FvZpy+EGC+Slr6ds/QbKyKC7Epdv3MozKgz4nwS+a1G4EyVys5ihyp2zmWCaE9bsu+r2L2MPMw21OG+V8UbPVWNQHv7uQrrepTmx8N398z+HnbEj54z308+dYU1zesEyvjyQyaPEzM68lGToGtXabMv5jdxMOBcFPdmxs/o659iDz3q6rfym5B/fms0UT3vhGU/6n4LiNLtF+Uhq7IgODXQ0I7cNdKQ1WzXZCbC7EvHuoCc9eD8ow8M07AcU/fiOiGSjhyqdj+Xu75DYZKVP22jHTWNeVe1At0JjtRtXplYWqRaJ5QJF6Bqq3zgDox6ogyU1rAOcJ0PCH8k7/PBuxmrdM1tqtfHPmavAtz13H170gzAB9Ci+i0VYwCu5uf3guZ8+LfiY+gsoHE44Gt0xHyg/uIj5RH/4CR93euD3kjFs4c7K4EXjZH9sRxEc4T/7UW3B/grOwsYfy7F2BwOCgu2QMRwsdtM7Awt3lYzsm7w9ifAGvS5IFhWGibIXZXXTwBlN0Rc/2EgZySQDHygGUJvBvbaIsas58GoWrcuB5WYhSQFNsMsa0BuqpFvaHHWM7hhH/9WY8AsDaq5oyzg/uuy2GNzOFxMZuTqF+2Z577NuUdld12vudkhKsDXU4AUsII+PYk4Vx6eUHBmfn6CYQPNQgxYi4CPjdAs4N56Z2orXrtRnUEP2C63tiK/4N9py9t3ZyBPxPtxUqkiX7nd6JYvnlVqhHORfxY+WvX/udV+poVidzpRgQ1KtIfnep89J1EORiD6WJov/wrH8S6eSzs3FMMMTSrlFTpgjbIybLo4rPvSAO41g7O3FU4ayh2skYxxY04a9JeIMZROkr6XlyOZflqyTap5ZYiaQLOcbjRVoVY5GPxf+aFkwgSyDUH500wCKUCiGu1TNOCqxgwploiDCvWGgEQ2FwWwxQ9fC4xM7p2ES232FfHCrFS+l4x6j3BmX+d+SBEXcP5fXaa/2MqxxTd4VdhOS/CYALaW1FjLgHjHplutsy+wD5mu/jfnGOvh2JTf+r2gvVg9S22PberntaFiIUdBgvONUkP4gyny20pZP0x3OXfA+Xq+Cj6SEs5I2DNzJ/xyZzMfJfcKQcjuKWKs2sYkHV/OL/G9i84mhImDbGyHXSoeKgermQDWWlipjACa5bgZ0377uBrLQGoSNgZepovlGiwiZIol4NE0d+gAS/iQB727rKQXXyjQ59ff/tLIHabPDOU6mEjTG7x/js4CYcacVMyZwnigJVWOFAfGalf0rD+1GaT8zovvIJxWZo51NiNAbI+psYTde3pCB7sXMEPw16VbRhXctJfA817uSRlWLM5LUM+ZgWJus1F1Nt50B4sxy3qMONKzpr0cdi+8YHFxbuGPFS2yoG77zdy63Ky4qjTorHMbB+XT3l1MrfX/RlybY2oLrQ/eZkRbVje2d6uo4mM1HbPKuaG8H6AVYK1k4CRHsTehKUuwQ/bsdtB3MyRGIgImH8xHxgQpDKDXFXpX9yyl/94tnPtP4Ws8e8bqzd2Bij0nEpLvVs6fNPqr8f114p5L0e8ady5OauD4mkS/wb9cULwGZDo6iiYvk285pZUmRfZrOZl4PLkz4ec0gP3wVtehOYXjwGlsTZfvsNNxNBFshPB35Z2Kgl667+VjtsQbf+vWfh6g2Kf751/iE2Zy/3zzGy26SgPsXgUHKWgJUfv7owSm0zH9hcbyQlqLxm8O0m3/MMqxu4hevEgGH6m1jw9eTWR8Nfq9d8HITEn1PyGx7ZAsmbkHBqveLahfsozIHM+sCzp/h7K+I3ds5/V2H+ycLDw/J2kHEbhpBzmo+KHS8W6dxXXS77M2T2Hg2p42p8NFFS/+RyIOCzJMeK2z6zh2FWzBVSPARITUCc7jLv1gP/cRMcRHVn6FQ9/F7dF5DWFgqtfXvjPmq2ZCnx7/UnPrmm6VBTitCW/TWNfBBG87aGsBFNH1NGkAw+AU+v0yMiMIY+yeEEkUcgrRzHnh+Hr+10A48c8slBiM4nJipCZcuHeSIGYZnxQ3Ef/zyFUFmI1kpoD5xL8QpPueSW//MK05ma1r8Pu7cvhiKea+hfZ7XzavX5jARKcFjK40nKrq0U3Qc+ver9tkg/xErU5HOZ+MvTiylC4BQwWc4xti5jOAe1S0sjds7Lih2/Xv6NAnPcb5uC/xxNF4uq/t0Ivhvpvh8noXNEL/hlzfkKzfJquv0U9FR9Kh0DYJMJquCxKa2et7NTKCmz6um/LLNa5USWy6u1nih0Y0HS8tTT+FiFUEAPVZEIwxfIZPxu3GfFPC10EHsSilb8NTptO8gda64qOHjCtvQ86R1RKgLozxPzG1vj4gVjKRyimgEKi5NWYIv+L0NON+jxpIEjUUVgxORq1yc1rtJRatSJYjPU8M4dNYNSM41yPOdM+rNaT3pXJhYKv1Buz90Fm00s7CiC9nZS0dcB4v9Ewz7ZUOG4RZFadaIlNDVMIW8PWWI8NSoUnDFtoCxmz3bGb7TmfXtOrL4xeYmoLsOH0+mZ35Ym8jjASs5E+XrFwwl61Qhwj6edhNx1xNfPjP203ojFejEjlQqvPoB6nZvm5wIYgkgkxZ/pGvTwuMwP6DyZV6q9B8WI89yKZeU1Fb7JDECc3pEDlU//Z5sqchKItp4zh80Ofr44qgSvDCtsClEw3LsCUrcE7kRul+M9h3vvYtplZrftX71mHAeqTHJn08ldwMcjxcWO+O9oG+4NmQNIA/i0RXPHqot3JAsTkLwe5ThMSPoi/d7bZ+wjFjMpOd2xN3TuWuomHqlhkiLAdqaJofxC3ev6WUtAm7hFm4YiiydG6DD+a1ysioiitAlINzbwwvCSYJEiwMzg0AvrY8auqcBkvjPGplvvByVmeWaoz/eDgzlCHAzloi7J8so7WklV4KXSaUhgXJCS/9eZTWRZAF2Egx+rlW9uqsa5lQhv8YKIxEvwIFyW64WQ84QSKtug+gZ6A03cXI3A6mi1dLYZnYKfAXPmL8MQZ7r8U84vfcu8zlu+CB7BBDMZ7Nshdg58faP/Nt1gtlHdlmy/KBv/7a6Qe0Prh2qDDEVjzNnwPV+eFcd2/XAYmtf2lQ7JHThtbCO1s2IydU3pfYDpYjycMilKAi++/lyMEMPsqzS0GGyr2DaIQvMzTTwiRd0O5p+pgaPsZeXEL3P6b0u6g0BhDNeUY/ixBZsLybRdn/nc0/umz8212/dTN2DvEwXSy8kF+VylGZVipdakhA8dLcgxvIwRk4V98y5q5GyIiOBRWDMwHCWoH5Tf2Iv5pBG2WZe67DuipjzJGUR2fOPhJ++4JOf3EpWdePxfxgV1zonDbNS3HKDGmtt9+00zPm1x/50NJ+k+K5ad5Jz09LU4+uh5gR86ixHNRc1Zt88pl5C2K6G0uKTbBvCup/huCRZuXw3yBiRYjM578gqcPvRyobD/W9QLLqy2mzLdyWw6dIYI4y+36OKlXEoBfVeffGhFhkf9cfPvInnDf8/v9Q4eJ9GhW5xJ4/eHs2XkfzwOJB41vLg+6uMw1xa+vyCjkaYAuo5vQZA9B5serCrzwupvFBdwb4RbSck7zzXigF2XGRg7+bNWIMO8VcGdZNy2HLNbZOpssLn/nX0n+9TL7Yvr3kMql7d9ltQMPiBQ/JihkCaKbzBMYnjcyGopyPQFQH0nUaBdB/Y/+V4n9BrPfHjwJUZLD2e/WyhEiMs5OJWwI/yb85czTxzi3gvTp/r9zHdOqjy00ztmxXyabEqQdO36JThsKQdwqzxXeUtSaHMHc5/0xw2pUPDQpuBSgQ8qTJCCDkgE3xjNRdPkPB3rNdFsB0cSpkTtH08JB9181e4bjQhpbb/6jrA4R3bzoSWyfUpAYG9CKwRrXE6trqpjvurnrHHIV9g0vK6zxE9xMLXFBdP1rMcme29b/OecrZzmqS4eNMpMgvPjiTTyZysQv3gUDnOdm2SAOF/Pp/lQh/X2kjYIqD9IoHsSoRRMuzvCVoltO++icQDoeoNnV8QFsGIF9ErTr0zb7Vdn8RzlPFC+WoDZo8A2TfIgRwkFFx39NSCyANtNg72MSd3WsS1Xh1uTxc9fPZQYHcOB+x2AY3aeRLSxH91DLDF21CMeEmKtqKmhxZuX+Iwd1ROvxE3Y7c1eXuOzeUI9fF35Ojtb/qPGAdvvDdxiX8i0FR7GG8/Jzzw3OK738m3LGP5/3fWbPGgscfG9ZHfRdO7i1FLd/5KPxBUh+u+I06zgGNX3NsB0Mx3+7+O8hA2v/4dhW1/+Nj2qmNcL0ZwtjDFflwxynCXe2KPf8+LzUFmnuqT/oPocquzLaz37ne9ub9m/9oj9se+kc/ZJfzFvREYLAfmOkeojmFFdboIayht7r+DkK2ob++5BSYtOVC54z8vEXkct6GyfewR/O6xgU7xlWV5iRAxHhwBVv2dqUb6R+6DgrWAjeeQw9WNNZ/4x75jLw9EVilSlsRlH3hXDBo8dl42guOYG9ygjNljfE0hXHXa4zU2uB8+Uid05r4l0HpECD4+3cFVhLqPrz42FHn+lJLS6l//P3jC+OiBOFz31J7MnrC14+zdIDLYeDgdfBmgMjhRJou99lDXPGP/1d/6EP+uiaPt2Drue2iArPas2ATQMikvzLYwGLSavuARA5y2EaVEaDDSTOW85+GFO6MWC6Fb1SNDzTBznNJsEFEBDdsvjdxw3xAXPF8DFRiC43yfbX8hXvF8Jo/HB2lkZfRZiWBNVwHn+7GTmcZwJc8wng/s80v3c8tcfpl8rXxDM1Xih2jIhFXf/uIU6Cf7zajbPThM70yF8Jxe78HPuEf0JnpHliLkM3b7j53jKMZCgtV0AeeOhXbJksU+o+ByvGf6I5RM/L98RtX9EWiBzOUown8x7GwG6YocWLk+oTwy5mb+KTpoyRW9MFBLcZfxpB56zwmzRCuyyLWcaGn70A8pj9+nJ7xt5hx0x/xcW/GG2EbvLeaYQ91kv5rYOWgKOGWyp6W2wydkyoHX0oGsCIvUrt316o5GK0RxvPG41Lj2GuMt4CcbtkhHqVlRoaaUikbnFFxeLFxBYyDElPGj1kV6QOE2eIhCjsQRcP/3ef+orwCM6RXYgDKptMToeQKEoZTTBNAhXKeFwcAcvgG75u0+ExhA72IGXCGGHmsD7g/p+O8N+lX1Di+rxCQmO8w6vJm3gbXgoC3Y07YBNhxLf3tr9qerdiNliNVtlWuydTvnI8t9F6+Nic381Plfc3Ilb7itcoAPydLX1Tts7Z4FZghnJNXliDbM8g68B61Wx0+wFKVLe+TAhPPVriLSFu2SWA5ZDDuWJYcf16YduVC/sMyAZKxlrvpM1/1yiv48E9Prtygh25cIWil4fL8Y12wRsKP2MYYSMachblgaTPgzPi5Sb1sA/ib6Bzxm+83M/8VmGea3W2MMT7Uzrx6cunk5AgX+Ob3NDvmr9FEAY1euCWJtWfBhgAH3f45IZ9LWv8Cep9d2jzkR6yW85VqEtRJ/psplMcXU1zXJz6JbsFcF9jy9SzT4jmaYYYgIs4b9PjM6dgIE6D945vbR/Ax7LT0YQ+0T5OQ14RMVO+mwQTm382mOhg0f/P2QwTrYdTnxWOxvG5gMhWTZt/XBPvCRWXZsAvko8Sk//MGMUNDtqNJqtCuARLrSmOa2OhkA6r2tQ3OLnyTbXTlWQ/UUj110G0wwSoWx+uarlHCAPX54SXknq5QsbpLMcmI8R0QJzh9ZEcyxWdZZ9LwYjm6iWUmsXZ1eyjLcmnML1Lu/RQo7Q4uwCkFnnyn38TJ1ENaz0zhGi38tmV8fel+7TZYKIOq/WDClyUOez0V8lHICNh3XI8IpCOrQSvBaIdHkY3t4z/odtT4yUXf6Y52AgynI5oWjM5g9xL1ge2H2L0ZSkqMusoFkJT7KqK2ITKPO9vj9bIf5J01pNfIBLBgzQjK53ZHt/kj45/ulcCGgkznHz/6VLGnpBgRVZbsLxPSvVf2e6cS3zgjCyha2kFWMmWBbbws0Kgwk61gSeSDK/yAla9/1/z4rq7OadLPopYYxFfX0QvukcNfc0X35yKltfDD/oghU27Ss3+SIHzc0LgRMN0auKA5+Dmkmk3S3wj+JWRHSxQfaxW6aO1KUzr6X8Uk/+qFDGAwbO6MNUH5s1jTsRqoKiPuFddxGNWoQvIMzBWh++ChMjzI1EDqc5qLmV+fNp7hTEHhRev555MBMSEWOmXF0QlWJ2vVJHokIxQWwh7/5ChV9/aROL2y3qtu2NtYTbvbiet3om1iNtWpelb9di2HufAltc8aF9S8Ix1lXXf3pbtgjbpph1ErC1sjdUE+r4TIRY1pDyIpmJKuDNTRmcaKwsf7tajaBt1ymBBdmygu4BwF0tBdcqJx9uDkVdrjz9w9URR64qP5i5piLfTtgeu3ncO7Jqeix94Ck9Ehlwglcppm6t7vwGe7dUQ5iUV5yGSTEwom7Y53n6NG+Il1oPVeXjkSal92wsE/zOaWVZJU/GzqCbCZHfUTUfsSVbvlkS/JFoXhrGhs9ovbGAnFtI9dLsGpGlwqm5E2gE95LE/SN4NbepCKTJSmAOCFt3L02WuvpsM2fJVG0ozgK9Z7AYzkWzVQNxAZkce9JuuLSpMEKWFp1FCnCA0pQENOcF7TCcTJE/lRE4Z9+xPhcFiDVofgzst6EyBZkMDak2tMD3Hq6bwrNqArQrmN5X2jmwZCDyTQ0EKWHqsMZgA67OSTgfsexYwQ+yZL/teyv4YOsK3TZXykK4wEmyYRlRiOQ5qONo4oJ6/245NbzHsB65dfr/kHAz75MO5XLcYvO9xUuvYfjBDO20E6//nzEZXo7Ef0DjJrkOB23pXn7qL73z8U9W2tvwWPbtl4Nb/pSPeBy1yYpH29TALsNoSJL2+Etug1aSCm/TMCfu/93qPyNUC6G7ag3ViTAOpbA4KZ4jvJFQoJhFDL+XXHxMaOiT6AgwyhyG1Rl+SvgQ5CGZU3Wtznxdx7CBuHvCX/eHW8ZJLObkpsCqDS1IIUk9LYcaq2Z6FJGxZcaTwbMXwG1uEcZMYOmlNgC5/oR+ebqTCYiRrN4/gYcyy8MbTvXI3xKdis+wmHrTSDdL503pUDb9Sqppod08HLeDbh4m6g+GVrC+qn9tlsGS3d4bXIHANQIZJJrA+QYoaaH7cGMUOd2DKhMcJ+OVcuCN9RYLCPvcY5ANyXNdqxKz8bz5BtTcpDgZs5KDv30BOttj95Rp5fBw+gfUB+QnPPbZ9509eJsFN/NOW2mn9vFMmCxnJQiM+8ZUdK2n9+4fvRebN5tuWZAUj0QHbg3ctKIT+n6118dRaBNbtT1peVcXZJkQWWmgcv7ZM4eS14M505KE8VewfDTVhEHdNRzVgRuydNyiksF90TdmykuD2exAESs+YNsTSa0F6V+P6SAS5ifPP0xkHL9A+1qNWkoEqkszErltcEbb2nNVzObQQkq/JcT1e7lNyfB7b/Zm/cRSPBu8b7VoZSyUA4y+OrrCAOCuvh4/iLmjvMTY1pHGRzjNlB8xPIwSHKAP6IBTHvq7WRV8NgAb/hRdTyZTG/BD+jxgYlM5g9WpiDD1bcLxVu76VasCVCY7Q3qlBWhxkSsCp+l52HWQYgJjA35UoMHyXIYWHOHz3caLGVEZfGilO1T4MSupFhZ3ZUDS8w6ZmZ/rvPR8H884XH3PgTAUqMf3eotTRn7Tj7V34ICMHuhWhvtHgyQ1sxaRGYUiNQofjBLqoPiNx12bCz6uEmxU6PTf/+Z9Sw0pghNrpvbggCON+I+Pkt7xz7cjGbuQ/OY3Q6RV0T2n2yxoIf9oXuuHx4C1xuejqadodo0tmqfbqTPlBXZ+v9WZ3X4aJ1rxzhGukje9NTRKqfPRfla6FyCnbIZsLo73uFSSNdB9c1cvFV8iczbiKuHOY90gdM36qEh4DUvCthFjg0yuWSqAROoRxspLSQWMFdd1rXa/PmFIcHX26qQPi7ipdl/DTpXwjkIM0GmpxCw0TuCeqyQSwTyfypZXfzE2ORuHRE2nHxy7dvNfPKcppGQEsD9FW7RdnyZcKaTKWbEzGPCCo6GlBeDwKlKk8W+Nt8Woj+O1pLvDab4vhaFvgRYQfpaLBerOuYGrvjDsmE3cFYOKXBUyOxWk5mGXfcSxTYsQUyueAKfYDP7fkHC+APcGW1+W9jnUTyXzQsAg2plrXmZg5+emtCucOhTt4xuk2EhAPvK6uM1b69+qU4EUqQJk98QboFCuPzvEGygVrUvD8XSLotr/4ayeZW386fdRV69XTUd52rXlIxb3U21ilYJ1sB+5U6nukb86iHx+nJRk+oml6P4ZGuR/GR5JwbVbXjJ0XoG7zrrPvU3fJAzc/+Q3waDNDvgoRm6UOCxvDRUdu+/+5Rs+Hs1/DnXQ1FFTDSoyuO7TAo5q85FFpX+3rS/7j9S/wwnXlaL/DtLuPE3MnF8fd6jpVDBwMsLhpnvqR2ZTeaEnq+Oi+FJ0vASzRcL5BnuxKNZEJ6r7+jx6HplWBCRCo+F3mFHirSVxe2Q8xWTwA0aF7Cyf+yLkzXOeX7pzGGTqpwHtjVAE7DvuAz0H+5W09+7+a0K8Tf+HAVmi3/x9ffo2Ts/3aoFEaPRxiAext7PwYBmwveyku8Tp8a0PWb+VZ7zeXdZlzQQXW/YiQlG7z3MkhzZBVd07AxbgAXelwvgPLnOTUGqmLNDdT1S/H7S4uQDHtZJbD7egP2UX8Yd+BHdS6oIVEKFGWL4/1Z2e3PkgwYdN6dU2KD5DP8Gm4G02lZDBF8ETImfTdqeLrNqlIADkr1m0iUzJ2BqtMK6GXF7KEEGAKwEm+CGWZBRdBHC7k9vp/SDEB6wTlCOjLBXxmObuOWqka00OcOwmaXXl2+WjDUDOOZR4dd5yDdjRUtKKvDrio93hwzaEQLbH/4W/JEZvUYQPrYfKaRgh005PAlm6YWXdTofjNS0a8DXNe4p0IfX9wxWqe845sOFT6jx0fJBTkejq13RzfSnaz5CFMgJ+fnQIdi9roHPtbfQIQE2Mf4anq9gqhLMfPWjDYbqjEatGds9aacU/PRSzIV08/dNGD8JSohalre582oJWaQi7Zh1B5SxvHiihP0NfLjJBh0/rNgEYRyJPrmiHvdYmPotwcZ4aq8UWmv7D6Y85FF0h79Y/2vppSPZjF7fBOq4IcbquvXJtQSoRMeUqH5yNhxpjfQ1wqGm9EZl71BbSd+ZUnJoEJb5nh7LQ7qDr7cBo135qNOGOkVr1SAUqET5wljoVxWd5I+V8befGv780JXHcqkgrsPiG+1vSYhf/D6efMVgvOiXebluddON/O4BwAPP6ct58Fm5DWxFOCqf/69Z178wY9k3zLW1T734gy+zzplzWOlMKg9TraoztBJPb1p3jM9e8ncl0YO+rgihlSIUxXeeUFMKhMyixckZIQNm1RbckmUyuIX0BAJIUJeLtKE5mMfV4XwGcLiucgddLpwFJuNC7avlqSEVVVKfpZjzkoyR0P+o6HDgYW+PbwKs+PC9lXk8ML87eiJzU36jbgsX1BwqFA3yI7OfF6MxFh+lEr3xh9Kdxf/sItxY60+rvMbdxpA0Jllj263Mpl04QxJkYvxvskV34vFmPU0IeuvOI9VC45Ji51eoMyD8m85Hw3smPxReKA3p/HMCMRKMd8Ejd7wum2EWW3ioJrzxrfSmefEB0UK9QCH0V/m57g0gEn/di6qveVph6uw8ACQOr/adMMMcMEtGYjF4U7Hu0Tasm5db2MVezO7JWjsGbq98VAZTIjVnJZkh+ImmDq+BpK+7Skp6Vzs89nbsQ6ifzQosNQ2kv0+KK+GjOL3UDYR2TVe7lVReVFP8EFfwq1qjGlkWRKxaSMM++YWTUOCW8qFPDhf9Ks1YN8hahK+4ctG1iEagyQLjISLcOhz2AA5lnHxc1oOuZIgVjIuF7n+O3MnwljBYaPrey4SmvnQhYc0kX+CGlpVdNPvHfuU1lFzVbbMetei99fSUPNRbWlYsdiTofepSxpdOqjYTxraX34OtPBqLDI1cu9W4kPJdpB7NAj4+KOGuLFgBykUM3YMyES+Y3S6aQeZqt2TBSogmdyuk/yyrpNtsmfVmz/jBnPB9EFS2L0yAL923MN/ZAEsxg71FHGQWDD7xTE/A0vveMh7DvkxktWY1nK3p0fsQRpdg83g9Utwh1KcLx9ZMMGsL25p6upG/PcF2JPHN4XetN4l1t6Og33M/CmNHGJv4tK1LKuKIIO1PdzKkhwdXrdYABwk4wsf4uL60JDvGORf+Rq60Hx4i2e/VnWpYk/2OuT63bj619V5oNBU4Fth3W8ZETLBWfdtwb4nFS92GYe255gQu2J+HBhNwNnDNY75nyT+Veittdukva/RO/uIr1fMLXrrKZP1H79mRe2tcNrbzyasINvneR6yLy1jas94ianiScsSIHKglpmDASlNjhkSMvufFdYu8XtJ9G3n/JTMZ3RulraLUZXsud6mgKgYuXXg9ADZu0WRB/Fz2kXxFQSnNQ9VQkDdesb12mPLV4oFISyddv6DtPgPHW09c8Bj4m5cOynbtMNyOeXiyxVeq8yA/9UUzAyBgn41kDwhgJF066hlNwDgIFLrTfXhXYTPRxNPkT95odqn4r3MS3Xb56aPe/fb5z4sfJYGljMXD3Fn4Ims4oJSwq/eZDHAezIMsFibedUnBnB9D5WzAN9h2IZRHsw0FaomcVzEAOeRvT+nXPYEEiNXGPzOVi8xbsOWf+bKlne3WSG0WE9k/Mhc5EDTFtXXDQNlLYgxQyFtWvd2XrWSup37m2Ht6v5dna12kFctnU4KzmVSisFW+kDkYud6/hqJGRqfP7Si0SqWd5Um3cUJQNsD3MMR22FxmChJGPOVZwMth4YWs8YX3/hTO7De6cIQ70KT8Oc9MO6AQbqJehwn5PA+FCfZBN58/D4BXjYQbbDdezJyVIQ+OQudlxQHuZzAzxk3wxIAg2QLoyh2XMuFxL7DcJwRW+sSRgZ1rMQgGmB2zrwZZinC4LbIM097EROeQE0vSyYYgMadcqAMg7UGqomFXCP9HMxQtQITPooSzqg4iuHfWrWQTEVZ7Hk5mli3WBtdX+eg4U9jy20LVFo1XgtpS8mkKugvy3TDvpnnjZRzW76FixNtLN9mV4Hkj8fUEuIndJjjJ1p9HNL/+/jsneBDJwbKldi9ZwMc1J+1sjHb+QLELOpNodNG0vYnbZha+4spgMvGkgkeawctRFY+9yL9PP/+kg2u5YGpsoOVjNXVwfszEz7vK6xkB11m7o5XS0xps0Gl+XYHL/icCRYJCKJXzxkxwwmO/Xc+BRCLZXko83lZ/NVKcRbLCxFjTbSC5LhsiUkeuFrXKg0iEYwsGBW//4Tx9Khw1HkbI/AlW0OgGmHwMr0a4a8vLEGpVcHx/toWlPgr3lX6FPFVhKbd1voR8CqnwIKcrp7AxBjLia0t1g1o1lJZFzPGLOfxwUWdEBY6C7iq9pEZ5Jonj7TuHNgxfV89XQL+lRbM/X9wzLrUDdZn35ydKcf6v7FNAF2Gb/GKv0uDItqH0qU2jMTsdh5eLWx9WSY3AbH0UDzIo2DEEiEHgj0AJXW9G3ks7QXvG+kGzII5u2GiRnqR4VFBxcgu0erSkE+KfcAkM6b23rdnX2iwNAy0pZlwUGNw+d7wDk1WcszE+KTHYdRnzbHpGUqc24jnBd1X63mpQHSIW49MHJuS0rWLkuqrlY+DgEdDAgvZI6+zG7bHz+idJ2fI89tdultwqfWTGXPc00kOrC8tU3y8zgDFhjZpJEBby80+fq+z4IUWP3nM4cg42fhlA5KbAWRLgpSHh86RjFd8tsDLCXRah64BxdwmQCRWL/rd9gJ2uMBcR/jwtmPkmCwwhB7HSMH5vV13IzwddaZGuL6B1PhLN6/H3PvJpqPnq0qL3Lwe45CMF8nH2S+ST5Jf7NcQqdWli+gU611nw1qiyIodxEH45WKLjfqATFLjvw8ZXxlLin6oYAsUc7mZgAEOUkQoIyniAqK2hAeLdt9WgwRVgu/+bW9zCBIqOfZlIBQVz6EnrkdJn0D+Myg9xlZJW+0pU/eupemkWujvJE+9xPn+A2q/fa9L/Ph9HibikMmqU8hxwsdOtev2rhFDXRM4xA9OReWF/rVPmvZh23HBXP7U9ZieZLL8KWr/5peummEVI7gnep86F7thpbKuR5Jmodr8niP2z/aN4LfZOvePGG7FeSbCgyhLdfSNkkt98p/sztp7hP7Zd488DJnP6tNYEBSvIUfQIdA2iTAhUisX3hsN8anzuuiS8g3UmTjzpV5npHZRW65uqwq/+I040/DE+Q0w5RL4ZebiZgQfbg9xa69icrwF32QkAg0eeG5zD4tOfcEIFfOMI5/kDV1wbf364yk0XgsjQ+XQHnAzrZ3fHphRWEJDbhmCdLEtA3SkoEBIMRJ7tuz0WFwpLaQPr3pUIEPxGAhojW46gfjcx2/63RjD/oQ69D6yKimuWKNr6Nxp7fbcT0uO80yq86qayrmnZd1UJRxvdxVCxvmVBb3KRpX36o7vfZ7HPxNowU0OXzSUCLON+l4BSyrlILLM+sL/gYED/yaz7wZ34StDi/NDYC9QsaKISkTTUJ4BCOQuBGD35qTImJLla7TkpBg8eg38CfVBhzMX1owUGtBrI0jppV34n+TKesG6I6vQtgc1S35ZKXqsOLu+cmQBO4bcsFi7WhlSffEswEHW1OCK1x6PgH/0WN1/k3Da6m+XfxzABLlcvz0O/2dH4Sd93ESKXw3SeaZ7IFH9l5v8KY1PCuwFL0+8cU4tRmYIMIqWDMOInQ6C6uah8JhXwDbpGTGixuVH4oyauSLckt1rLAyvYA9wS99pwhvHkAwU21ignlqnphrAfVGowdf6qgD/P9aA2+BbMn76uhlqWrz/ZKvfOjPQsvP9GdY391BXCOIj2ibanM9lNjksLZppi4mD/Cp5/FDH3ja+lV3nJKuD7zxxOPVm7MuBJlhmoa/U6aaKFnkMK6lv5+UzA2Pd6VvE0XDkDo8RgBckjhmC8g3fCe4FHA/EOLZ2wxx6Xa6UIyVAcz7b56/l4Rfl97HyvAh/0k+f90XixR5Pn6Ozmh4UdwN2ASZOqilqL2uTgRQnjYpz6wFLFkv/MWGU1EEXB7G+S0U6QSIj7KIm+EufVyV+ZmOLs8KmRZ58QSlIzmpd5OEj38YuddME+IjJ+CbCH6s17mycc4lTz0jb5DzCn2XzEw14WLB9FWCpFICP1GmUxw1f4TWoADfGGO9rJUX+sQ3XnjmbXmAACtY1XvTts9AbrDlByNAFyDAIvWSL0I+6ifGH6wOUR0ITJRNmUuXIreiwG+MX76zbi5CClFKgUjtVWJPMymemTbAYkTr9O8+ED/Xg+vG6Dx7/NklE3s7joGwE01E2NPqBvmxfkDxZSLwSFhxb0wROEr0P05yfQzKQc7dUN4xmNlPvuyRjhkqN4Mkhb577wvtSMafj/0Qol3rOXDebtcEvI+gJbQffT369PFns7/vswgH9/v37jCh59l1n0qbsgKBwXnZe82dBwRLY12aTGNWPjOrZ77fvK/26+HOKj2jub1mBjHO8Bd4N+GcMN80Fd3EkwCw20BuyetLlsAW+81rHAYPGoALEqlEiBMitX3/kmQbBdSgMtL/mIE18VMFXOC7Xl5iDLc183KhGRoDFLuuGTtyi5lfyihnHxUYvO0j8b38ObdiOif909O5GtVLn/BGPh/2RqCLTseWNgdXlX3/xssBePx+caZwPfhSUCb6gPeDPBF9EP6dJ7tUaYtA5O0ivdY829WnIHccI9fdC+OEUq2uek34tr5vE8GumeUh1clxEikz9P/KOMEePIDRkAo71VRozo3zqnd9jvh5QjIyUhJWwPhaj21FT+/Nurr8MxqkMezusS3u+niFOazJ5vjioGJaRAVg5/7rcB5g6Ro+1sCKGnPhc/qFg9ONPJ8VHTBNhHGSnULnBEmUS7uOuxLPHI6bLbVMvV9DCqDTrg9Mm+2G//Zd6lBe31B8TjvynkULUNwGhMT5bC1PL7EweFNvkr79fXLJVZdM7jOONo9YuDGZPuf4xqVrPDnH8ox8yzHkLCpcodBX8S69P012qSh4sqph7WLeDreCjg3jtp/PtIQ6VlXemo3bfAvzOgeFHRcLPd5cS1S6o4tdwqNrgXO76GoVJ1mlubYiFp+u2lGbRyYHTRc+T+pJ/D7GJ5eBAH7hAAtxMmKLm/XzaqA/IW/VW3pR0+hScawBiJRkrny6Dh7X/T32lb+0FCJLSj+Ws9ncrkMEPirclNyGc6Z49W6pHvA5OuUNaDIQJde4Dne6bDVw5ccyXGbOSIlhn+9h9uv3DfOi0zjAeiNcyQvPVBOW8YBFclpUIMyuxul/DFbCbcSrzNGHPzNdZseg2e8HwUXacEfSYOR4XILMgxga1PWIk8nwyExgCvs6I+GndJTZd+Rd+6zC1wECEGsO+szTwQKAZpqrrPCoBxfgKk3CP51pcIMe+ZGrED7z636tieXWzPrJnnLUE2H2FCM1O9iMVsG6gVGBh60YB3dmzv+zhtEhzULSF3lrvvJXwv1InH/XnfWliBSaNSuyQD8Xvu59MvxY78K778jVOiP/xZlb0WWhyd/tj03TleclkIPGM+ZnHpvPloiwiHwpa2RP7olRxvEpJag9ADGZbZnQDwMFZCxXcknEFmJZ7l8rDs9IGS00rwBITVfnlNbRFC9rXfJADTnxkKDfBy3TgjZI58072Zedb59un80YUvOG8HJQr/mPWrBsPhW8q5kCfzbU+vM220YdHv8Z/o3t9YlJ4Uzwyg5a7G1aSQQHjNJWVzC+HcVF2rhDGaq71Bo2LOCiDbZ5+roxlIJkrbywNuc67Pk1Rg/tcy8crDPoUO7K+FbQ0t9S1aIn5cQ9fqIq16z9tcEL/Z+J0/bna63N1AQWxgdJ50gI+m/0M70tvJ0QusVtgRV7A9tXYoIMr3n2C4zi3IJHnadl8pBgsLa/+K0xWKr46vKzS+6qFZ8v4y5OwIcv0sE+IcvCTP0zjWsYYGiuzZEKsVXFGtSRjrmWEzANzAYmz/uI+XsyyojxnxiMRtZ5sEhg1uJQxgfbXymgdWa4F3aVzv/aUGiAWW+C0joqQQ9duMZ4U3bg5tQS9Dwddr7kTsHCN5wJ0L7v1KIz4X1fzy5Fzc9VAx8G+6Z8c+jczOGQ5mN8IkHO/aFFRqfRcgGqfwr7BawBceHseYzZQkAh/Z865BdHhxVhtRX5BdIVpfAZviX0v8AVpEX9dbYI9E6A8nVfeUU2q1Vjwr85j1ZNugtlTzSdEwvr/bIa4bDz0TIW+i7bADNFEmz7+fjUtSL/TNdfGVsCgd+drrf+9MXN3p14hB/M/P/n4uPDr1Bxp+Bf1hbTY6D7CEP7hwwN7j6tmgym2n/o97qH8w4KAuQx5YxjmfEToZVwVTXvmIPf8tYLM/8yhBxxQucKuf+5wn6gtZxNMHaKFrPcCBPCx3RkA/i1Q4wARct2f9MHuiZkBSNNl75lvlpjiBu3xLgdDQO3Rc/cvSb4WwxxzOhxYI8eIy/me68amzLbDjRqhfoxlGwtPhjpuzB8m11a1GF0qE/rChkRiki4cnbiFZiJ/mNYQO+Xgiy1u6gP+nPBF388et3ZZdVnrdtBNlXYQCWTLHfep8XcKmRD11Z5U611vRNoZeMj22F9uekgrYvWdAi9iiDhRNihNLirGo59l3JB3WtgPP8MLFfO6f6fqL5iy+v/x9N7xbL3v47+t1B41qlJ7t1ZblGM3VSM1S2vTF0q19kqMGilKjLZWidWmNjVaam9VQlExSymxV0QS6xvvz+P3+yOP5PyTf865n9fzuq/rXPfAuCjyXj7E3OqIzwSnkADNpoctp0PfQHAlCFh53ZEZ5/NUt5cR3msaQMMbdWTiiFKcOnLSQQt71PjNLiSW0kwJp+DAeviFOA4/NfzkjSR45afbNYUXlHuTeVt5jWQb9bU1j/5rW+yCJyqKEB4MWv7aQbqhNoHCzzN7nZYwmix+lS+Irth69mL2IJEeYOW7OP11ebLucoXOJj7ns8eWB7Bfb9en/O19eceW3pGV9czEvOMqTzJ0moNUfNdyslilAFp1qkaaDg1oayG++P1177A72xzy+kCJMvAZOfhO8x1n0mhuxcLeRCLpO4A2D/NNP7rcwhv5Y+uurQ2eFt8GPIArLsbaSLnpdRHk84ttYmdyZgVK0gWp7isww1qL0M+VcB7nnlonvjVfPHscaLZLvBk2PVpKNK4xHPFSgKyuQxYE7a/rAtGct5bHq/u4CEwF/fCPvQ8pw4r9rDk0LHlNnFcVpMQSKUFkpnI1u6gzELB/x8JU8AWms0vk7Bm0aQ4j9i3XQZZU+79ADqJ0m270+SeHubPwqdOFYVabF0RvdiVCrw6lq6+oumEjESVGXeQEm72/T0k7NE/NbVixLfXwte3UlcuYSfiq3Hzuo/4CSNIV0utDu8nnJxT04Pb30LlnEmkuSKus7TE2ggcV3qMswF6OiqxegoS9KxvfV9qYoWOxusjzzF6gxkUz8suRYAzuvEZwl+FtXz4awkSiYZqPp2CExW3fa9/VEL2GZ6ieY02ao3QXYPlSAvCjusopVkVGvgnG9sqxPEvr1aB8xsoIu1+Uni+YzlQfCUinPXYETXQrfxb/eCCO0lUVoy4t4XtoMvTKl59Wc/lDuMAPPon8DwZjTiCxWCBvGfd3AbwIi4sGgdJ2VCXdyekCro2C1tiH/UEU7O0Pw0Kv50ynn28k+vqXhHDgFZLC9zcKkNe7LJodrYQM4TBGff3MIkly6iv882B16Eim8/uXK4Q0qHtPeey8frl+cY+9PhNJFi/byTFdLiz7cUi2U3H6jbAscthlwe0xu5WJ3LKx1DLGzZfSc6gYyqEqkSbO5bhFgJYXJXEmDXWFRkFvvxFelfQNXXYuCmNZU9SZu18pmuEVB+XF+bTGyPclXgrKt9OK0dAHVvn2nZLUEy9FQYWxykgnFJsCTvRikk0ClG4gFcIvTEIJ61xHvv6azj6aoYOkiTmKB+vdZIQlOy5tGBC68Z7j28UPV5lZwvg9q4TOFPYaYS/W5VMECQr1HOWoSg0O/FrFnzyguNWr4tFWkK5pvZWxmc9mrX3sk42JZublpaTih2a8RMBJOu/K8Wd/DNz4yHSvkPZk6i+iaWsZ+J44uxTI8g8DNzmckvNEv7Qz7gVE3rggdUVCLrZ+24Hpd/ZcJExNCTAR9uHlDpgRNvvy3I0SFvitIBQVCYSS9dey9hHoeFyQzeDiv/dGxOAAWH2d7Q7jEb7x37VdWNLftD7GM+XZk8NRsgLTwLA5KVyklJGHz5lhlSm11cVMtcBAzy5WgClxSPcco4NLkOvdyDF8wkCyVdDSpMJ7yUUPvTfzn7OIWe062D1mztgbJ3mpt+wplvdrRk+scMA2XahIdQJEZcUJ1EdOGH/u+pgKbhS/F5Du2cyvD4D4dYF/UOc3TER10Dv4qANXUWlTtvGBB/eySHiy2r7SCg+3on/6hxTCwxTWHj2uow8a4QIOJxsyzVsr8X2y8KKxmaWRkGJQXuCTyFVx8AItErFnRm0OtU+F7Nl4uSagnyn0uNnRya5xIZMkHLkDGa38EyA0ZDZfgxkY7Y1WrKd9ItzvR30X3G90FiBCg+38jfGzn+Xbgd5IhBSNKwH6jIKU+UoZ2W9ibh72WKUHVVNiaZyNNWc9VKbZEqQg3eeEGTkjPY3hwL3fHPw5WF1TBDNtKu7MAFWVmj4PqTCYDqsQOpvy/TjfQujIh0g1vRCu4lZoDIZ1hZy8sI266OrANzbBfp6vOBwhmltkzz9pTd4c4oSFJwUITUErddBbhtXBPcon44P8JTvgr6QLHK9ub11VyfWrnTOFgKmB/5bHSP3g+ZLBOy9XrWQgB6m/A+0Iryq2mvKwSdlvf18w2H2VhwU27Z3NGgvcOkoXMP0y6H0F9lxuxsUtPLo1qUri9wfSC58b7NYoUlQ+gu+4blS6ir4dcDImf9xGpNSu5l7MGRh8fFpvt+8BuDwdQdmMQY0u9Hck+zWU/8NKVz6irrXsFY4KFp4zGVT/59b18EbrqXpogpZG/ZZSPTg5jMkJYv4SIbTpITJbJBeJigX4FUbBIl3AMxZoXYm8Rb7gmsB7PYhYXHpxui4o9jYdlBe/19fvop4QhjtwmWJYJgf48MezXR2IGBhUZTf1KXKFGe5vx7FZoOq6K/Dxl8aiKOQy7L9b5IgYGfGs28YkfDgDezCmOjjW/P4ve9ONx7KODqC8WusF2/YCSMW8HigxVjIkkMXhj34BwnTz4LXxkce6WpUPsyOSgfwRrzh4xro7BgrIozY9yvBuv1PF3wPUn7vRnuBkwzM1eIAXW+D+SND6kuDjCDtK6gid9nwku3wwPVXcpl77iN0l3oar2Yth98MK+Ay+zCEovp+OYPw2i3zUaeo5B4jyyjfA+YEaP/IR0xqCzxA0n++J6dzKfk8zgXH93CemhC3iR3bm9NcgfM3U3qYHYMAGNeg6ozjY27HafDYMWCFdOdEFFLsqxaEPLOPUhvJZd2S5ANE/tVQXp1rtZvxyAknF7nMYsoS/lWYMf5MPqvfAFVXSh/sr4Ip+fYTD3tJecuL+IrqpBO7I2XCIUS1upCL9PFgy3VX6k3F0YwgcSY57zYw2ifcTNS5fbPe6WQl5rhn9YmKBvR+S7N5fK/agLdYpZ+t3+/eWqvyDbaRl+kFNaJq7M/DbiC0J3fV4+ps6Gb8DPU2jjdaaCeBUNB1CwOtl25sk7zovL/+WmIc8HLQAFTFG1daxH/40QnAxkNQv4UwDBtgfL/tRsesmp0vuDyz3w7VBUVAS6iVWNxU9Y3BpJ+f1S4UhieYgAeEwUC9/jsXJAiezwFZCk51GpMYLiu/6XIeb4ebq3lRUhd/cIC4U9+NgxfWOmz4Q05tzSxothzNyPQWQobatl35PKeAAB94GdW8idJTuVh9wdYCv9AoW7gyar7h062Ya1CjRrCbAztKUfxy6pRNu7PtiWuGNLkh3s9YwDhZouAC+vdjHi5/S1KEPZxpFa1PCWKbWo5FdVBet3zSwzZcR8Mvbp9iEMM3GRSDpFfKaNx2mz471ePw+w//6+V7T4EvuKj54Bdzyj300RInowgVcaTT/6QDSaC4zLoA8efSgyadFwPD8DkhXxE/e10+QrvtKPqvdn/pGrt+sCdDuvtvF3k9+OOqGD99Q0A8GZFnbHIIYIFUaCG/21UV8n1f5vOmbNpRt34cXjLu/SGPVb34IabZaw2FGRgc173WRK/nI54+M26T+UBA8NuLJIhxKFmOFGLYhfaCqxSGGp/BggWDDXjnfgk5Bz1lpAf6Wj5ifnFkmJmbcEFp0n9W1GdMXYqfVRykqpfKCW1ufVLOc7zCHnUxumGDVXcXV7tItZvl47p78rAgePb8ZbHDACvRIxJjsEemqqqUAzR+fCJu3gR437ty/6VSD9c4JaDqFHgmj2z0S68LlRbVOnOlFdhNPaxu1vpYmCoEooUbCSE/FZT9jEBFqUXBX830u07lF//AnHWSyeVE/mG7RSAcZuoBSgE4qYkUqNko1R1dLO5ZWqrZKWWGiy7oFrlJ5iH5wRv9gsFzcLHgyt8t82Z7krNLo5i0tevQ4IeKHY8vHcsGmutvdgFwM8LtGLFjjE4VG0Y2iiG5aUaSUUJXYf1iX1unF9bPUO8eFR/VHGnBr2AqkAGIXVsTptxUDAx4tDEXAHTGPLu9l9V3fzFFnnKyy6xnKsaxo6kw0OSxpDaNe/GPRoVp4iiLV3dlWEEE26AK4tiKYNfftcBjn0U4dXhn5gG5SWqYyX9hPtRJ0uT2pO54KlZkKgesDz1lhLyU62ENmntOPTv5Om7t4wxOm0ZoNwQmtEujt5yZGayAyr5AsUbDHKnN9ovj4ZorENWSm9Qy3XDSQw28781EX2Ln1IhvBjj2wcBmDrgsh2+LRHigS4dfq15BSyLEt9d+MPQPAZ/A7y2sHeyl5yFZ0V95v64GJKB/EbWbIQl5H/LMo6PjmHttzabIkgxMKBNdExUbNoxZF15b7+xy0yLfITK/vxJpje/Tf4BfO/D6rbuD9S4j0UA40uUtQit4G72H/8v5kTw1C4mYXJ4swmL1LQ1iV4CFEKhkDhvcFTJDIGzZ5K2tRCEzArLPgMUl+wtnkK1Wi/hGGVCnB85vPGdTQmuicl3qDhEFpfDpWl95oVuMn7AkbX4tpqm+J3HEY1Qbx4UuOEWK7XZe/fethWAe+s42fg5e+waH2M5FbI5c2i/i+UGcX3DXgwAslYaiTtoA4GNYCVN+l/bn+4kyN+g32z3MqeNOQh5ucrBOfySyW0FIVZ/9Rw0US1VXd5n27ZJ7/QSs7k/FfsbIkDd7UxADuLN0HJHhkPTSadALFMh2PnNDiTYPJ8XHSgxDmt7u0o8uJ6dspbwdWeXF7Ge2IV9Gg5w/yFmNAjOHBnzpYdTX96zPeLtaBLAEqV9qEV8VvmyRJDFZc1/WUnyj3taWsPnrdWBjSGpuJ/tu/aofUad6we007H/sYWztSRpGoblDLWB1MJvKA0WPK98NsxjfbFfljAfMQGXfz/Zq02/Ffn5kJWhn/7FpnCLHWvQoZ7Mn2abS+e/vRZdjvpOGOJlNV65sprINyOf7x2sikGzw1o0Rhndz7yTxs9/yuMyxzeoddWeQipnSCP4jnOo9IQLEGvxhuD8G1kR1Zl0Bvk3ejiik9ii1iLi9zzu/wdv4xuRfsQAkLlZAnX29ICoeCOvk3uFy9LSjADvpbJnzrU3MPqSi2Uinz53xxIg7nYnAtxc2uVuM4GB630O+G0P5+3L8+hLbjIuG6T9uaFlf2tZKhvz/3+IPIXJZNYjmRx4m0QzLvRyJLL+2rmA3lo4eqtWbPoR+A/SmhX6+QTk0Yf+QiSWFTyVZvu+34Xv8I+pId08mbZfKzqo2k+18nBHzr5YvvMnBgubltjhfvszpQDWE27AS2P3/cOlpQ2FwqMHREqv2WDP39EOcXBh9EkHnM83NkVcgeoYyTkpLr2vrhC236yqYr4uv4VYw12vnybqAX+/y07StvOds/+n9cP1X3ZZ8I2BVe3rN1v5H3eNAJ7Zm6qkCCZNQEuimEq9tEzXoeOQa3BFVfglT9jBn6pH67XufyRXa7spQnboJLFQJtXSXJUWoeApNG2LH20JtywYT7+IM77MRmrnSEUISknumERjL02RN64nghS5Dn9tJ4ydj/anKfCA8X0t9DmdyS3RZZ///377v2lu9yknVYMy/QIWb1k95fWiRkN23dr1mA0EZnDg13JItxxZ2e1RSvBEjhPBdIxiMB8pn8u9grgVUX4CIsX14W+UTwelexHtr24euQYwLCYNm8AAF9E24SBxP0L4SQtfBwIbmj79Bqji/39xgFnjiyizbhLEDTfwl7NRoPDFEAdA9HCXqg8PPaqcdxq11+CgfIWBU7X56QyR2Xu42IG0SAtWFm+O+7AIm98dKx4NA5/WaOLHpP35s793YKuE77d1ZZX8Ew05UczfrbQi9i3VzGGxL7ZWS7JmSgZv/XBB0acI6BnzIv3rkzBB0gocPf2bW5YrvewMI//n8zWTR7eWb+hFzLwO90bmVPW9n90ffpbpm5k/IOxulyOysKEkaBdKDeT/VFVOqsfLz6bWZ6DCpdVbS/omFxpbdI2CZ+Y4DyW85J/kVtbjMzFU1tBS6ATJjCE8zPBfeEyeI89/xFXudo7+RSGUTjxrB9cZOVNpDkiJT4iUFFOyGVsFwhgrm/izuc/Wlk1fntZ3ryEQ2fTA6I7Thl5IBzNpqrywOIeNahjAwdcZOAhV90tZWA9snSvLbU1Df4l2azxHtarRJen1ZGvST4/NnvBRpyZs6xb5pq3pPKahhfYPCAyaAQRaVLu5467GTAsb8ngdK8K7U7+k+iGoHsfxQJcpAjX3QVZsL/yykN85IQP3q5udRTeFGlew/LlhD4FeCzqZSYUTAoNZYusSjIiUUx7MKFkY/3MoW0fLNT0SLBH5/8fOoACj8r3v8acuWynyrOxgL1tbVsTNj2K55681pU6rKn95OMhpztJa9ImKBr7qMizKpT5cEzIYJC7EUrm5JxJDKL+iHq+ukYB2Hd8hpu1BlZ2T5p9/Cgba76x5mf5PH2MqaPd5fdgy6Fzhv+3whkhGleqJrVA2PiHrfzKrRb8DN4O3Y6EDQeeFzQgMLAl4PZpFG6D1XTbcm4NsUuDdewGg/kI9qBJRo8H+RubzXC2YzxbbpZQeaHew/gOo6gc486IwIELZzqR6fqJgA/l51mIIT9MulEaoNS79Bqqm127RflLjH87/U/zQ1hw4Lm67+MiaaStTZquy40p/d3wfodiGZb97p/Qlpcn4v/Je4z5bMapCLYrCh1Ti7Lz2gib/VVac3Y/lJ3mIeCpBhhjMH2tNZaj7EDReTIgqSKg77/+bMvja94jchEkr3YywbeGw/17ZeEWANiSG0kd7pB+n51mhDSlg5mZZyPkeAp60vv/ec4ZP0rU6D8Y5J4UtObgKIvNfPRgXwbcwNrgQxXbT14+HBTC/6UV3OHXYqWaGPURoaFxs8EOjeHhX++V95n6vS4KNwpGcGhnfAUOjchaAoN7JcKbg1dQF7cO6IitreHJMqD1DtDe4SaV9lj0jrDBLrfoQdOVyJvrQeadh+EwjC1hsVH1re3wMkRgVcLQV3ziq+FkXnLfbhl1BUC7pfx7tQEuC33Re2h/REgCM8xjH5Y/3joSZH2xOPUSOAOH360vxpxz+jIdMMqNLaMD9/Ix//6O9JIpI2ukf5Ulhood2oK/BV3ULfQx3bcnw8xr0YIEmr+GWw0sySV35lC4SM1tsN34sI0v9Uc2jGReB2Rz6g3zWtzxC9udP1hNeK1E9KU6Xh8rRpyi1bz6Oib/uikjQDf8zO1tUU7hDqu0cY0WWNNrDrpR1TXijpT0hC4DaODm7V9M5ld0zqo+L4zz8w/Saq3lglv263kiV5M+nzAe7Q6iPlWxnvX5FFh/t9wDYxuVfa0msXk75q+d1/LRl1cGO0ZNCDhw86tr1ZaytTNR1ajfgffioQBI8Zb7ldwCvERggIkLDW9SP8qtep+AafLg/p+1PGxfvBTc4AUbhGZOLnTIL1f0BZ2Z8dCSEmEOt5n73nyxVEYTaUb/lZXWEBqr7K0B3eDg56o7326rMaaGzucLBT838ljdc0NWPNngtGdHgmCzO2e1adELmRQDxdS/7jOHNpE9mkGMrYfkeW55YwLuVtbnezumIBe0YmDYriQFR/p+lcZwcAysT89z23yMO/OnObbrry4UnlsU+rEi2uXD5UDChElE7ZJush74iTlPXRl0ubbBYcuTpjrCEpqoa9fFHRVd1k3VOwTW3SDXe/WcT2ZzRKMLxYhex93z/5yhIKRvUplkL9BZcN/iUlTWH7jPERNj9eX7MMVResGNl8z7BjMXCE07bh/oyCDDUd8amG/Id8Pb23IKkBX7WXvYRLPn56C/5hTQccb7qgoTAKjJUDVuQjFacNN/c1ioft2yjyW9RWXYbhPJOjx7oU+b5L1GR4NnQ7PhtBKv5jX78li5cWV3N+/91y6R1TO7n/7zI8oYNNXiCPP1mxC+hddw9o+nWdX9j1Ckm76nOVZ6BTeRx22X5RnX61dTFG8jQE/nrkVJCFr+5sva4XzIxzqP4KqqbebWddFxn0iGil8WDmQsDPOWymKBX6RKsOKvXGq3r0A684vMGCoyZOPanIx2VKIC2NyQnf1aqgtdJnX0Em8nFVSMZVKQaRpCHaaVUvu8+kUQNI0b2aBfdDy+3svH39BNrDXuZi1Up1cwnZVsw6BE8NwB1fa+3Keyph8V755pUujJE/2buinNd+Up8jbif+u6wIcs6nRIDDDCa++pvErzVt/bSHInGGyNhs4IHZjTTwxMPFJ50VyIvoMJ0GS1RqorTW98+rkPCZ12LkUkchyUjfjjwy0Xz2Ulzipu0LY4zKHFc5TtYbZRJReLCn/UjQCvWh4brm71gjqoI6QTw5jcsGsusXBxnU97hYI3itAe8fBLBrCChpm+sxUN+E/9igsTOj5cKZNAnE/YnWQRQ+b+vbU7xf9LeDNpejh/YURlewV01XI+7A0oLrI+8KM8UQClfaLrMIoA4xbUzugpILfy8n62AOE5wlXpe8eAT37B4CxGrUmKO3mlqzmqbvb4k6EiegIQuBE8t8COB80IWba0BA3gpi+nnQ7OZyXYLpPpa+trA/IWFu91nzRAHqR7F5Z1S8BOtA7aDnY0EbS5hEFjuWx6Qh9pZBEt11JnI2iBqshKvXTihPfc8YXxGX18nzjH08rPtzPbn9yC4ALISdc9F1uuAxhB60Nr74bOvgWE7At+tWQLMpougToh5uO1P/r4Oi6R2//+dQmZvrX8HWvZY+YJJWP+oBTl8l12zhoJ52bsNdDus5uZaR8HNSM/R6K2Jz+pvpr+v34SxsyKZAdFRZY6LXepkmOXXBfBMV3e57I1QA73/ExazLSFpdB1DR1x3I2Gir7o2U8xJCwq3pREIfRGSbquSll8gK15J+15Y7MKRtojPvg6SFAnB3vAgqTzKhOYsp8/Fyue7/YowwXPmpCwl8/joQF8jkiNRQ3ax+RJTtJnkJThLkdEQNz9ShA3x/f9Dk535yj17JwK8TvzW6GB93x4qiNV9CXwns766oVWoQVBG22BOltMo/i5mbn6oY+ZWJMN8WuFL/Oldbn4i5XFjFbIc4H/jfMRM10P3GY2HqugQlaevnyX8aq/p4JvfrcU3Q1JJ4f76M3AIDf3lMrdUIqZtOE0+ClJuNgoru6BawG2jWs9JofEziHg5s9221JCg0qv+xZYfzbpQq4eATiheIIXHDuENthJ/p0xXn3vSwm5mkHdMwYx/g9ttIpaMS+b+k77z7DoPaBpY28fXoyu4Ob02GBgMCD4b6tkx9OrMYFFGUfTpBpimcDG2CE4QhAEJ1/ktd/RerNuxFUgj7ysS5yPRURD20pYtACiXmP2PKb3ui8tHxQQ0pj1Qd24HN6fQjvv77bnPuQx1ESAZHQB9wfN4+2wud1u3u6FaHmf/rhlYQPiEQXcMDzsxMZ3mzmHsN7V4LrVy8p1zJ2XjU52P2NPQye2UEGu20GBcMrCCevgiRemD/ZC0FUEAQcZYAdQxngMjYBzVfzl7PMdk+B6V0FoTzNCvrLsfnGtd6NpzKA0x3V3Sn/q+KLX7iRcvwywIOFoigoYNpSkQxVFoIwk5qb+EFEi3pskXqDYZOnRZk+kr9559kN0mfK9iZrXOrHgFG4+jF249NUwkZm08HtsAiZG//QkDWb0hANqG2CyEDIpaSfcV2rUvK24dxVcibtG4bme8PrG/LzwVfvLTcaI//cutsgw7PVj9i6Z7+x9R4lBP3DfJIXgewwHUIoHNKElBqywuzrBrEbFPgMI/Hz3ZmJ9bt0wA/+qx+wnt2tzHp915QUlhN9MC6TPEFVH/OxBgqM+wcb/hMowhGVqP3NYKEohCBx/DwNYUEVkqRRcnALqb7Mo37v7JRpOTfnDbiGc08lVDJvC1PZS3cXrbrvwYs1/6TiBqcHPw8cQZRAhnGTEVSVUVUZ0ZzOUjihiaE9u9DNseUatIMYtvYGM928Q1c7YCFLtGhdKaKDPWtZKWImuVcSTxzkfkPfjsCtpLcP1jZyZg8jTOcoHu0oHbw19OLYF3J4ZBVUvRrSofGu6sidCmSpjTVcF4mEOFBCSXnMbCMSkfpRiBIaWOGp05WiBEqke+iR+X/aie/2nyoscK6WSf+G6/uwoh/Nttj8CkW8e90p6Fkz3eW80GceCYJwb6eqVZWeh7DaP12AW6qSSmjO3iYct615+rXrozMGvq49oj5vn6SOJm6i47Poas8LmEmzoQHi3vw/e9O3RSg991eNEqO4ayAuVcfK4oTRbiDgy+7Y1/B21ljAu6WA97xAC+AvA9o+56MnAoYvYUPZOEO3KvkJKb2KWN1tGN7Z6w+M15M/XoHrOHOrz/qAmtfFh81FVhXP5+IXI1ENSZnzoWFexkj05y2/5NBORrFh9XzJNO4qYJVyrNYCiiOdqI6ZEPoXDcg9XUgueZJ6NHCmXINd2glnPxPk4cPvHTUzRVQNUpFSoJVpHMGtDLsHxhbOIM04WBotXohWNNEsOKqk0FOUJXx8lJVWk3sUAV1ze8Nx6uosaxgHe6U82Bk8SlOixU+rWRx5NVMvW/YfOkcnex2VoAOKg0ElcY0dB63xWeVXM/+J7TfHTwmqs8C8d2e/yCNWfhRh3M6wsrK8+vwh1y6D/3MSigW6qg7i7Pqcp0c2rBVj3scvdBRr810KHGg3W/XnaLz7UaRbIan+Z5QrMm4kSjQBSlesiK1tjmCU4ht8nl7TGedq/OVB54MyvfI6I8cRt3dMxPLCrB+prHCgrPuiJbYMeC3W8zkF8lXJeiqpili+DmUs+57XztGlIpD3jYawBXu7s5GvAxzPDOxCwqYm42/uvKj6d+z+5DS1dVbbMLduPGs89ivy9ztwAfrMW8s1SLAHSNXYDY69ychjpLX416d4T3qTUz0vGvmRg8CHdsZIWFAflxf3w6Ez09clA1Pc1oB924Tr6MaWT+oXZ8/t1qKNqE8z/Qhd7YhGaVW8anHjtm7t8rX68tewZMsk2AM8s9YeCyWs+wtCHC81J+G8AVCR+mtYS05SOH+w3h1oR3BCGreXmHp8RhlWfUkBtHc3BbB9mD9HTOPnuUZddvVxQGNjYxILzAL5piVxz+FPzEScrPXzpngg58toC11f0Cjk5LZDFu1qxJxeb3QC2EfqbTX9s2p4+LUWT3uhmcqFeg8wxizB1Bp2k4R9DV2nIkEfw0dQn/rdBp/XCbd9reh6cV3t+KhJFxAl3Q2WWWUpRH94KnP3MB5auJbAGi84FoAdMWVizozPMJLdPVdTzc/K4smeMu7J6dIZnd1wqbt0wr/z5lz7ec+qRj038hTa41aZLAPIKFtBefcHIvdIG/JCO3cFiJ+toHUioCFuJL00RqQsKQb6FgPO8Lc5LXEypiC6a3SW3bOswRaJEFJvktyPT0t9R1F0GPBB1qdWrB/ri6rW5CgH2zIK8TW/t62g95cJRT2n10/nOU/u4AXFT97G513l3OtNo2luU+O8d9W762XR9sZz8eWQP05Lcv4SVcRKmSqnP40zkj++o7hJymah2INCuwrNI2LttyqFk9tsFa2s0s/9vQqrRp8RkVp1RLS1f6Lta33K2/dPg5UE0+GOZ0XggNZ187M6ipyjKx3ehy5MlyMUUiAulEgeBiITi8yrwx/CXgmSejY+GuXEZQ2dcFOpfaVwfXsjCsGeZF2PD11KAjMTGMdV2kjgEAHtr3J59Jh/BtRIX/FoFFESxGqzoSn1R2tysIMhguMIRIOT4hwEAmb83sCeMYVnc+Bt0l89srKN7RiR51Wp+BXulcFE5MXWrRQxwICK8CE3/1sjYIllMmV/9Jw+cGlDtNx/VDVWy5uHhf03P0l1+Pa2+mZJmUhjNt226U02mAGMd3fRdHbs0XXQWO2ZrNh+asIeJ8Myp5w2yOG9/psqDmJ/kSfw3gdQF8Pv/U7jGXxcfmRdI7kpJJUBVXfyG46G5tIfh+YEs2J+uX4Ds4R7vVtAqeHMD6dZS/QWkJfWAh7M/xZBahLeecjnnKoqDDn+xj3hIvG6RwFVPzt0uyhYQmQ3VXGmXYBlxbEFdTi/71xfCeOmCL1mk+DqIZhG0150EngIHWfBFDydgDdsabw9wfBffn4WnS+YyvvHM+hjO7hinp137M4rJ6TC6f3/UotPySSlcJFlFe7fZ3tVjrjeH+caxqV9ahDYx6a8oEJFn6eVr7F1h0Ytj2sEvuyb7U9HyURKifug3z7iTsOU+B+mD6kDmu5XISDU6c9NC0f3doM0WCPuTNPy4RovaSIMdzkxfehjRjQ88F3PhTOFMx2/3F1ahUSx9gHhvruckmJRILMUFixYbV7mPpVmae8DrMT9CZWnkwqAfOIt7d/dkbJiOCdimS5SKtymvKS12aP1jvzQKt2nY9ea/4LTm72r//ulTo6gIbPtXqMCR7Jx0JWUlab9laSVIVDAtQOwvduIW8drI1kBn2uX+XAD3YVOxQXFQlnWRo8VM7tTIGoIbaSybMADzpFVfh2B+9RVTlPtFjEsbFMfr1tcR/67bWDtJPflQTfjIE153fUsBzG7Dmkl7n2bqSNhg2vEkVtISw3VfRupCqK/ZqLlXKHK/tqPVPSDQK9Jhpi6ZJ1esG6ki1wBRmI3+UuDMN9ZvBdqD1a8zHuf+lyeazxqPBXaKNIms6G3Xm7vyjMfLsUIdd3aGG41qallZeRB6C927knaiuaj/zIo7irZ04br6FGdcMX96kfYAHlfnal+hAujD+/vy07p5jmxF7d8wTPMilCCiDPPyOkgocBml+WxeyToclIsyJCPUMOGBYv2AfzY1bXtKAFStSXInqELSJaMf6nnEUP9YKIaIfKjGH/X8hVMj+lYRWmzSEVcbbs83xN4Cv6QsBPuYqCZdfirC4kDl9xZOITDAVx6rX5IUI0TWi6zavDVc4JxpvePXniOd9HBJ4FryTtNl7uYg0Z8LfnTfBMnAKLtpxFmPBd3xl/oCuzk2J3xXgyy/ao5vuDfr2DeykFRzYjkZ6OrIteuwPxPu5u+wJvj2gGkAVhRQwRfQsGqnIq2u7U8Fjr4nDfWrehfr6zAgGQp57IuYl1aV9UFWMvKUglbN2q5QajmRo6ZfgveFqi0/RY5kdOqlWh/I3gAw1h1yB/732+X3bgDquZ/TewvjmHxQb1n9Dvr1X/HzPx63Gqs92weDySgnzX99TM+vtg8VlyotaEA/Va6jiwt9cQUxYetX2ayxG+MM+5bREOBCqrjccdRMFntpMuE8CVMR5Lf0fmI0f8SvLwXhxYGretkqBHI95bB75/d+PhOqq7qlCvj/dIxJmz5VjjDTtWDVQy4j5wRO6li6xSu2k3awY2t1dIUffewHRoNbJMYEFoUq5sRgRtZpW16HLEyBGj/JnHehHRVUY/sH+d/eW9MQRZUvc0Du+tqJ4rM7/8YdbMgCyRFWWNfFRaqxQL+E6tHfbTfUs0pJhGSkSFvCtAKuyFOVlB+PuJIVZCtQwx7TmJKgAQIkbgeOiSBbAk8ONgW2enUUU/IjXzFG0Rp8czP65GLSy4PBVFZACclA8yApo7L1bF943fpyw/P8dbUdjfpJU5sZnkYsebS25/9dov6gIA3sLQ85uPyB50Okx8X3xFRjgvVVHTD2X2BlrYHCrwcn7hJFi0r5sy4gn63OvF94iOyxI7nIxiPv8E0Ilt7B+zObUv6yo6yGiP+HoXI0G5LTSSEPaMJ4w+vR0n9FbSkLG/F3SBbbFSYEZrks9y179KOclBuSXSG6lMR9Mhfb21GnP+F+C10VbOG3B1OhGZJ0AOl6k7XJCJZBx50v4Q0wzmOMP1fKq6cfK466R9FsOyiureFj8NRH1hahwAb/fnfoKUjAduSiJyevDsGETkeOUMFkEZGUop9buxm21Dn1p1PBbM/46lBqniP3QBkaTvEruJ4nO3EIuBDhsDJG3cqsiJrIaVAVG2trF6wts4vEKKV7vW/OwSnn9DgANVXDLBAS2oo3tFoZ64ZCOMlO+uPAghbD7ByzO4aEunPpm0FZ3P3s46HUW0l70nia3gwfYt3aFTy9CLHpGhU0m1Nak/okdoUAw5xsBNa/B5Iu/CijbhtdHmbn1Vz8mDXT6Rx7EY7mWSJu4fLmD6EE4gyHHqj6xGVZqu6A2P4CYdN65nBbhHtfbGumymoTjIGwHThVMoIfFryEePFA/mbt94VI5Fyx34q4HcMxbxetqbc5fT76TaTClOI97FSraWfSJ+zV3Jj15RvJsCClTRq5QejA3NX82KnlOlglS6VGwHJsHsOfeoJUF7cgKspttZRj+4KiwTzkKscf3aUvu79aKXqzDrXh2rvv438YtuEJtWPxy/f970+hRJ2dWT0nIq0kOXsh+siRWW/GnT7ej6msrJOla3c/1nl+HHqaR7ZX7nAgRXF/ahJ1fK3Qsh3ID2Xp0EXh/rYTB0qWwWq6v/tl6ibk/La/s4pdnftlYnn9S8VjNsjX0VmflQjZPHPfXFjVqd9P/ZY5b5ESyeECX9U88FyTtm0wLhI/hP3KUAl1Ham+CJuxlVjjhFwd/7F3ixD88f9WCTDswXUdVeOB62CeuH2+wJTxnlPwoxC2E8tFHZFqIFsqQ5EIx2hJiUKREy1v8K/0JeGath16blrxU6STLYpCkZpwAHFTfNOMl27gI9h0s4gMVy8v5kTiC78g7QzskvgWDI5IVk1Y+nb5Qesap9gEzV8x8dRH6rKcSOoxUpNADewOOLWN3W32j6D9vtujvyft0n2Od4FG+JzyTuhQc9vN71ojvtj+OPdZ5Q0xpxQTOPjEbRHDN+v2UlfwgIvJOYFzi+fKf5Hb48M5K3QuZE/ka3MGzv3ypRgF+6aUYct6ipF1KzMWFaSsHSwuqg30x0ghg13avUvz5KgxWJIW7F9BRZ0792N2mqlkurhFFZibu/YvpmomITI+vgayW6P3VB7IOOmiPMOJdNL5OuMNz/32uw+jPycpR+iM+rK6XqU33gk4c4uWnFRgyNsln77qwSvJAjwyACongQIE1OZ7V4j3VL92rsqgldT0m/uFLQG975Qlf5T0COoXD2xmK4d1VoDEZl4vLTlZqIDoL919+RRq2mD+LZHaUkWiVCLRIDsRaluX4RCmG/ngKJvGEZ0ZUb0/M3h9LjfmOuwqCoTQXew6tvj0npbsDnq0WpP+uQB85wVrHO7cK73LrZpT1ytYjhyp03Rp40BKjCmi+Q5eXaaxXo82NnwRF1TnvRVMxbIHwHbu3Rxwpgjw1xbIIqkG5dy8cN9mMboly4b6PzhrBtZ42ulEHtKLsjl3a4BHZzDKW/XhvsEqkYbYk4JoJX2S54N9T17yt56XkHxr4cYTPgs+BvKaJgScZBpfZAVg/K50U4bprEfkprKuvXqWoLJlDAM/jSIpHA4HO55KvGXH5smR1IxBAcNFCAEj9X7MPATTFslul1m6esa2THY+HAlo9lot4kqogUtzP8ewJ0PyYoENEcmvwmSxv981AH8tmjXTXf9ozQOAwQytss03i0JGl+cczwaoxEQHWZBrCX9etsPX8ojSxkh/iuMqDGd8VSce0mkHUEBjHLg9v77H1hreHfjD9KcQJArPRrrIdXlaA+uHZar7+mfbBRMuetq8n+7ENieaUjJN4fq738PGWGwtJ2iCDp1iUmxaI/NdMQonfn8dw/5769Bf249MfWZcLsdvqP4WODPv/YaCKzqWPnfUvM67UnmbTbCWk9489+lQOjEqlvAZhFmmhEzIbCW85wd46LZezRfwU2Q9EH8Bxv4mrWt/7ANxkSiyUqXlcRPIbTKoi/VrWAkRvCXqI5B+pFzpjQsKnHtUX3sjhBfNkzfmuhFtp8Ao/P5vyJZNFC8SF7CBmRW6oCiYCe8+Hh41d0+oFWQ5z4HfnGhb3JDEdri8b+fGdqgVBC9ZivVReR44ahY5rury9jUyzjShBPpADGGS+tqZgmc0OzzEhgWkniMU1aR8fHhkwoGV7qAVptyKcVlpYljtU/xn8Ls+piqjH7u/uw2Qm9krgn5okZW1f77Hm+rpABXDvIXjwb8wE+dBZ+LylEfgF0dO17+kv814m9G5qhBn/D0grIs/9vkHuUMZVmfxjgxLpLKR2FM6nLKjxS0WRRUh05cxJVi4AbfoCSuxlhYTHg8TgT5z+pRzWxadz6au1y+7Q33f8XhGdWdOGGrS8u1aRdH2Fjh1eHvQD9SIKyMZJTGdzIywpo+dCbckKgpPHhhPUHkvXK1xzHjiH8BGyb5ZybPJRf2PJgDNwXeee5aX/Ep8AvN/pRENLA5mKuyn1roMD9pM65v9cj0TqoWEBZGQX+3aNmBRTJTI/banKXWE0lP9ngnEHsXwEHIyu8GaDvSTU8Qi1o0Ie83FZdG3L5KIaKQ4WSAGr2LgY5TsIWY3Hv8cpezhPm4X8215NpJP094cn81YtzH8C3oi/7ebXpuHDsGpRcHexBkiIHXTcZb3qtBA8ybXe0Izh9im373r51KWmBQRj4/aSFHqttFIIdUebPzIwXmsAlG0ghExwyrW3ooobSGqEj09V3j77KzbX5PnTF0x/Hrmrjs1J7d1xHYWO46YqdQhu2qd0HIrqWAYQlh4L/Qf5rhCdhxWyhHCLc96Bp4svHu3lHNk72M9ufymd9YXwwBUUcZ3Z3uRG7eCpOoxaaN5dWWoRRWzQbDIkTwOlJg1QGsrZ+D2O4IVuq5ETTw9Q+n5qdSfdBc8m5oIFbkCW7UKgADbpDu3KOE0zARobbsxEyvRub0oSn31tuXz1veolMgPteug2ifOJGuZdywdzYEDuOh2AT0R0Jww3Jt8OF/zaNzlDfrG3o9YfeKsoZUmhe/XHrRGLv4/Py8665LW9/dd5UEvQRuZFewQ+NfvwcuPRL2GwmI0WdTCnYbrjLA1acywDLsY8A3CiDnlhW0TggUcstuLyS5A+I51WLCA1unImFtD9vBzFLhtsy41LwQruMRN2eMXIPkocmufrPaEo19VjXPjskM9YwluHp59bJK8NrtbW71Et8tVPEbF6S5FOsu6eeY/ON0yq6kIH/1ho3boSmTEX3ca9b1G3SCdypcvpO1V7/ZCDhyihgYdzrETia14gbZR8AF8TDc7iqxtPQPWYFaL+sdI8WXukDiS+B9TS3kCo9QW/V2CsLCScjhKIuwI6xSGfbGKScPdHGMMXMiFBvh9v2WPu9RhH7/IBqsnVtJ6JeW1Jt/Z9mfeC3xxDpC8i/9byoitgDtRwfjUnkBb+ZsCHJuVUBFRO2ZDQudGvnrXihvs+y2eLFzVBhXxKVN88u7B/BeQE3gn6XLZq04N533+UIiwIHjE9VGJngCdFwEixCvyb5bMQAV8c1ZWrMcGDiv7MmG0GKL2EZWGQZetw6TnderZInsvKqbyJK1LJtz3XkTts+ocm8nyNyS4NyjsGyWbVMhkOZ7qZbLsy6lekDr8rZMPoL1e45++t0BI+neJ3zUwOhfwaWeLykJlojFPBWbGkFZhqPPqywbftvVqhKUoKCG9a4M2KzlN/BlUs0E+6kk4qj0G95cegFtmRMMwa8ykgNPeNVVutqbflgRh0NTbeTxDoJSdgDpMbRlOYL6FYCMSmreNs9Zan5GGR73f7o7WfsKWXpR0hp5ijR1nnCbORYgudvgCxI1ZXLbIh2OqHknw4J6DgXlaA8LyoBlb37tv2Qqq6fVgaKYSAJa+YfaNNMCOvlyfQDlqQF1clpyR8SCAo2KALyti4FG5YwuApVORUqRxAkRmQHqNqE6SQJzYtyfl6Oveef7rQnJCdE77mkbqmbqJ7MqeKeQS7tLIVFOIFD2pFgUTGV/b6+RCeTge9TyI+1/I1O5CU4Ku+nFNJqWhUhGQ83pEUi2lmazQlRzTRRfodEb5pF24KyZoTCe6XiXF7831O06yoXcKDQyOhzuVs7O6FfiHPMQnFSI1kYa/fRHd8seMf30FWn8T7oA/WGUL1Mp4X18o4iS/AsaD5UXZ7v+P0H3UiH8V5gMunSmHUfzPa2XfZkTPYYnq7uluA0FDFi4SMXXMQCtoQd1eo2/Fsf7aTGhYs2B9+9fP73NYP1fbuTDjTJr7wDagvePqmdfuYZnTe5wvDdfdgmllJHcXxPRBfyHVrtUygnydDLA617GKKjVxXiBDY/y/BEUmdajazRWgUCc45JksTdvRz5CWCcO+pYBW9StmY0BX2Z0rhepz5jQtgKbSjhWqfPtT8lMvBs3LtrW0mMNLJ5MHxJJ0fRkZFyBLMuxKWzqbifeT5T4UY3Wi4KJV7s07/NAOnaezEbNLRNr0tWjA9NWx2+MettwHW8KoRsu1UpXI1TBgFk2xq2NtoqKlOoEEiONWh+NdgN9FQ+bJlkg4QF6e4HcOKmCLX8LZ6QZ86b5vYvJSeQwWoBQ6gL+ceCdFvqywAVoJ7dkWLJKhtnugSviVI1Uww3OPQSX3Nk8/DmCkvI/8r7h6+vLjqvywng3U14NhE7K5SbvOPe1eDVHXymQwraS1PEOjfAnrBF9WW+/Y5qPGGfvgHRXp+6OejHBNSJyvrEOuSG1DOnCbijdd/omnnRt7Om3RXF6ADd5uQ11jehlCtfAbRg1vJx14cqL/vp7tv2qjOLu2TTTCUyff/5JBLV4jp9j3b88Fgzqy3rwKBjl0rps0L8axUiqPrc9etoPFpisjwVNPv1CvP34xXBvjmflEtInJCAOij2svs666rzEBlMrnU+B4LIkA1EyQJv3H+ragiivntWqOduRn52sQ3TD7TkiVovPd9AjwtirzUpn4HpuZNA7GeC4OwEtNJGAhh5yI606nHvcsrx63J4Khzz/1G8FVZSpJMTMmV2b+BgHLbXeK4mECk6ED6yqdgMBbdiDTU/gVjQwnYqo8fe6GmKS5dU4mPdIOibYgfnMIgZgfYvWJBktY1ZZ3tyeXQD3p7phjw3RSzt+JovvDOh312M03DXdbs5qArEQVtFFs9+6b9++89TP3BA22/3qIdG/oZ57rePzTI3d113KEBC2QfraDHpeJ1WQhK369LLleCwYzzMrfr6rIZYPDglg02ONOLOeWD4yJx6T7K6rbWdHm26o+2z0O6mLs3adNDc32R0O3NTy8KEcFr3S6TTnwlRBi/Pw+jk2HolOfA3F1NhRkT6YSGoNpEPVSw9EvmOz0ebLf5K17Y2uC/YYa/vMvoyywPWv0t4D6nx7VO/Oaj7zSwuX7ZmIIkG67ywc+r6kOl491UzkPDOaN6nwmlgN6QTevUKu0hyf6D/arFXjjmBuvBTdseG0UJcNmrMcqrGTxhYNZiPELwZtrXJPQu95VhLddUB2KWSI68o81fy9tfEPF2CyTWqrq1wqCxr/oBn/vaxd42nS5bD1pfuVny7s+ovRmt2CoDnfvsLTfvjK0PZ/o8smiukJe2a9kZA6yV7zLFo5qx+6IW7tEiY/7CJBQXFhogsuAcl/Pnr9laHWVCs/wcaEv91FWbQj9XxREZQHZhFkYt+ogkbTbh7dGnPEo6lIbz10kJttQ90Vk//ll6Ovtzs76m+aT/jY19scebjvmk80kVFt0bh9QE+lyXScWVpF6q+GENFx7XltS7vNFMGBqq/2YIFWl6Hj69/poz6xX9r8yhP13zFbezVEtAugtKJnc4SxUd6GszmGZWqDIu5y9ADUiI4/eXo1iCWGXy92gwAGzexBKQKzMDPA/EdI4JjAkvRqp7qW6vhD7M5rdzMmKLinM8hftgsAmI4/RCOeqENn0bWS+L2CEPuH/3o6EIgjMRYYL96UXhMIr6PJixA2ZD51p9QM525H0JGcPgppWeVL3v/NWxKp/Ib5vsTT6t4B/h10jtaBoZuxqPH+0MPbU2BpTvNmffusTGnnkb7oO10i1EqzSvLpK705/7JNfrRvjtb5/+TT589KbhRR1FvLvPPmToQ7f6IOkjbaY7L65UNpz1RD6StjHwxMpKw3M1+Jsagzwl7Ri4tkCoPoYBzsvzRThZBsOTS/LGVrxW3sOhQHBy/V59vpfFZtzEkNa0u09g6lHDw2w/oJyoSO/a0pnFQtxxqkQmStoNe1Qdz7Nh0paI+GldrmMYZyLJRpcDq3ewWYMf2SW7mWSRE2k/I48TsdfqosClZclXElEoNg//PixV3TMDP6VFwgOLVdgz3Xcotb35894N2E8ftIIOz70t4Dh2U0+4jbvKgvknyLOC0x8CgkA9Mpl6yQXG7kiX76XnDLzRAT3FI7fM5YdX+KrNCZJRcVs7P+UdYewIzphPwEuBpXIyIBeIW0M4gy/EEgs97ezWTymlgL5MNNLX7uBj5+F5iohmQJHEtOwvo1zLRAcbAPtASflWu+KxcNgV98fW9O34689vHs+EbYKTKXHx96Ix+d+8GWC2hKDPj+ouPZKTPm+fvknaaKsT27uKtkbm7TPaZx6Lhaa9IZvM3erOBz5+yOO/3ZbQWOIbfzuPeGfx25QvnuyaQ7fVNjjvNUcvp2Jk6s+UqQqODbbhxEoAraUVT7Ifn4pwxHmV7D+on1d/ZC3dUeVzTGpf75b3HmG/xbtvmb5xn7ux2fXJtrpZOcmFwqMKsFHAcWJzEw6psk9xvHFloXRcMUxIAEx/6A/gbCoh819N6ruYakdjsvtD8Fbd5TKwTin6NoTM/pSh4tnKDfj49P6J1SMv3mu6g+3NPt2JtWT3gicbd5vPdK1VGArlIOA+E4Xyx4UEPgxfG5YTnhRPbJ3pSUFRT/rJwgMGa9F//beq/xJ89HTAJE8c1aAjpbmbeKWwZgIt6XAb7ef2wFvX15oVa/nJAyKVvGsTx2TweYLpUhFMVHZqvQlX4XA00VopVegdZgDm7YIlriw/GDYdKT4MRmSIN1rnbeIw/3mrjmT51rx9J2C00ST2THvmBFXtSq9CYCN++kut2ExaWtNrD3uHuaOX07kX4sm9DjOYZYrFo6KiAua8gzq77m+9PrHGZ0xXv2pnOfxNmRv3iIZnz390R0x0tj8YjkR3sfUCDq6VS3gIykKaz2PMir85ePmBxcrvPfegHi7Nlm2eEqsMnaXqF5QCyf+BqFI1R+mW5n0zjzUNPY2AFpdsqwPY/IjDTRhHRoal6+F7K40y/TX3VgCUqA/Ui4zNaAuhR4S6WzrEYBIUhUvrYscm2qPjxI6MEGLXFkPwXyh56jM4WHM+bkm8LD7o0MKK4f7j9fWa7coOnL8jjigeb7eQ3XinPDj3StrmVAGM261BgdDIdBCdYgruyaV2HggjP1t69V/VTtmIR+CFBt8OSEA7eAho3adcQW/+lHLcAXaz52C1QxAhbKRydN2rZ9Oqc2als373u083mKivTzzCY/70svXOOwZrqI+ci9My+uQ2Od2P52/KictUvD7BQz90QLlGdTl8F0HLxH9kZXhYWL4h/r0yvKdLDZiW2Bk2/psxfDa+9Y95VEQiwX+u5Fgp73hU7QnOIeOSE5fNqceXbuafIVggH0XkCXI0t0jgdd7ZW5vyMoC86Lngk672bFq7FbLSrzCn6fKfEljCeYiU2Vm8abSu0NUYiD0OR29OfWh0abAz5oK5vlwU1C5dZO4cLGcOZ/rdyULcLyDUeVpT6sUg/zmI5pMlN/Hgm1C3NQKm4uvfC7dNYAX7zphIwCT5UikKc+BNX9k1yTdjTxDqHxgyvxRzViZ0Rplx3TF6SiD5BhLr/JSY0crRFNhkFFN0WiQIiD3d/twLw9j43Ase2rr0wnwcf2QgYYlDBhb5QxfByB/5UcbvYWK6Fl829BQlKrk5ztCxFRLh/c1YcQ92ogdOKk0jsD8OXcqAEze75MnewHB0Z9ymgmo4MFY54Rt7gnap7iQ7eYa++N/VII4/IQlWP2uzfySyEomH+FxbCr2WlSHqKFJOpWOlE+fyl95RK2dkSMNvGDARNR9EAgraY7T1k+nls2Bf3rjEF9poyJGGOdXl55vXtf8b2Nfafi5dQp/TiozrGdlrsDI2zYJQTEoQ+0qO7bnDnJJl68ovfesB9e1zwoJbvTXYD+MQyu7pfnZw8vaE8NMm39fo1tNG788bVjSc8yWooBtpT94xEk/HfekmAoAnu9TKQkvVTDd3MsFmpDzgA15pTXh2dmmBOutTz85q7OuGK00k7m9bLhBaoNpDdrX6YxnshmRZ7Emj+sk2ZLcBio9aQPyfPiGQF3AtkbwPe6SNA/H3s1R5DYxVjNtqf6ON0axLiQlEwy7O0CXBfU4+QZ7jVZlRxMKqPOY9w0/2J37fjtr8D4wLsF/gjOH8J6zzbId+/tGD7RFQP2uc8AexjYbrO3cHdmGOfiOY8IJBV9JyO7Mh9dib1bPfeSE5+ztmc3RX6OBNUE/ug/gmH4u5tkeSsf9IQZ3iyy7BfjlWt7zI73+qbf2hapgVstHtT4f1y9d1BTzx/3K0iRLlV6pEiRjqAocKJSAl/QCEiVIgKCIiK9JQFEeglFeokUiYBSBJFexVCUgEgXpITeQgiQAnLh9zx37sz9IzNnz0ySmbNnX/v+1J1Pny+IUzGouXlp51N75NOBa/iDuIcTxxLnc5P+6pm+7Fl8XnSNBb/9a0/ZBmWI+PfnPwu4aP82hzoeG3EVPFz1Dbi1iFqvxnbH9a5wj6ZyRNMdChBVTDQrjSJhUy8be5KhvSmMrOS3Mv0PCKxygIuM9Ak0/MdH+TxteFRx3irFevfmJZFuC9i/vcXrsLnVxEzWn7v/IcXcns4jnx7U4pd71QOnV3zq+Pc8InlRhzg5oPZUQtvWLNTOOW9ZwMb6TuH7dCMKVv/HkgaFrPtIgtnS458ZHI3QPYYmFiLrJbbLPzFUQ/aOv+r3osWJKv9INI92n9VsSwm3939PcdeLad3VvC78M3xUus9N1Ju3KrpkTpuw+aKVzK5J+GmVhKi7DPHD+zho6Vwh+uRqOdVO1ma1RlleKXbp1Wu5echqnw27wLAo8VjNHTSFnUGOS291a+5hi0aZCQn2mWzdielKX3edmreLzgdtHV5ojq2suMaJ39logCBTWqbr3nGQs0qjAaWFUYqZ58GlGA9gV9CJZH47/zZI+4jsVFjwH1Xxokj9PUyYEkb82nXm9sy3qvgHmf9LR2z4cO7mIcvc3qSTRlVV8CS6RgwpSlJTwOmc+ExUKbxeQes1+CiB9CLJvRU+qzopUBWCz6CEkj/ro70g75dqz9uWRyasIBzwdRaKVuw6Mpf68fUq5tc0dX8IXXiWx/ZPfruCblX2EytltQba/QR1tRNb+xjEDB9zmUv3mn78GFS+V2OXMwSJhNU/rFk2YyKWef9c+bvuDnyJBoiYjFiUkzw8f8MSvr69LqIeX1hm7+r6L7YlX/4xNGjLEXn9T7Hm5jPhP8VMIeuCh27nAUAwqNZ47fjjjfNAqWsrHXH3iedh2qmklG4MwfMTdx+r/OFWiPOyPMtvW2EYsKKBDTbWyGPN2RC4VUxpfzoo0anV9y644D3tv2+TBXtPMX4pX/dDCwKTqtwZrk3ueKZ2sqJfMMNZ1ZK2U5N2VLMi/yxz0/gwprRetRuHC25oKFGvjsHX2Y6y3BlPbWz0YAfy2c+OU4UlYVx4YeNd27rEqdC2aFvfQ72jx68G8y9Stn8zw2grZDp8OWgpW6frWulIge6gZoojdOO81rQOfgf6WZMV3CyBFwrkQRxg5jY6CpFK9GBaKkl1VUcQFucrCOjcl6tBYqtr8QL3Be/ER2F7+UkGE5h0PoyPJqNnDkQrApCHCkYCWkrMiLdnR6d7OpTJ4Q+a+wmOh3QW7+fQpsRikX90dKXily+nh6Nu24QF3xGPg38n7X3//EtlENq627aWdXkpLSm2xFDN00bQ/bOlYGnge6c4aeQTVJnoWpa+DxTjKxgBPGMl/xDOT8ouDqzVL615inxn1503P64ckOUmo8C7F4VfZsHVPn7AzNeQnJdWMyQrEC+cZoDbvl0I5eKbTpMhCiTHPNa0oX1NTXtR9aRsi1f+C5+1nf4FPaDkYnz8BZXmMJfjwdq79wzhi5xT0qIDz1qxjkFVGvI7fSlY7yhYUU0L1fqXAAP8lNfoPcM3/rfCl/KTnPQwxVZTFMlKTy9a9jbGnu16YfKHK2Kg3SVmEsSpL1r0+AvkMko7J+WwR1vEfGv7W/GQK9SV4H9pVjTIrm/czwwpjprRnkixd/n7SDx07CEOm51w1KjGDies3Bt7DZeSrYH+e90nY3udLw7Ve+0VY5DFCwnsu63Sq6vdXEOu0kEvt1JTI0CTTRw64GUtJpIbwvrsnEWDIUjUKbIxqegohPNEdOWR8Je7ZMQjHk+/27tK7IH9/4sLXpkWOdXp82G/RO4LU2RqkNwYoESV6WjTz+IJyjvnDVwS79MhwCzYDSgyC/vfWQMwH0doRE7ugutnj8Fyx+38w9XjPjTw1Ro7jp2VhefB7FFwX+7z3Z5dt7SEjr/t2tmV32wzioVfX+541e3BX4mNmm/KPbrviP2uiZum35yUfAxtCNOeSoWL5z7tOtdjVzcVKOT5sSXpxt2qwvEMNfk/IYwm2XoPZB5WR7fZWVSeI5/IKKz8VX48QK/mkHEu7WcAqUmfHldcM1fssoT+XNz89u+KWWLdmZOwU+JTAHnXMac3ep9T++rVTDGQUzgs51Nb0mTKYW/onne433MkrJ+e5z/De3q/y0ZiKqKdmlZvXbTbNWwITJnBDNpHnXh4Rpw8c40evzcz/MNf/B+gwf9z5kaxXkf77mDDiUXtgk/yJ1Ldb78eVz0XOcC6nBcUBXPukNbK9LU8u4AkwXDDvKgpcRTFhvzsLh79ZbOSOmyrelRM9nv+rpJhCMK9tRYHAzJa26+ilA53ERMiMPyun1agbWnUxTWfdd9gmuXtH3eRiUxufLB07WkbjwZDe7ObuCC/zBaoexFoaw4tThHDTlcL/zt67w52v9a3QRUM+dQuBKPZkU+CVAzJuX1ZFwyy+DuH3a7uV5EG18tlikyPXttkaPr4oyMqJlcm2DfzzjAlDMDiVe5xwO2/Vey7zho3fZ1ZmBxZdfjnRj7OovRIfBYU6jsafv7h76XRcuhF4zZQ9AEY+j3n00ahDOw1ZL9h3WfTW2xz/Hk0kMgWROxFr4mBmChEB7s3EpnM60E/V5gIXN2TNXZkr8VCjZ0SCBCM625+HN2VVm/w12U0DSHfCu+wOfFEquP3vV91ob7BH/qdGhGsB2U6+BHJauR1fO2yoP0uKVWJ8vDLshkN5Td+QlFkDGbv9yleHfVfIbQxDMgUosK3gpqDIT+PQAjUfgDh4DxNCI8fR8j6gkYlRSu1YvcV8qrS//FkB4+ZXQZBD/zBLsIkYto7aF1zGLDdz4+PLQ248UVyzqnTAvbQ+lkYSE6kE+qCCe6zRJTfmjJ62D+MxKT8y9T+B4LfW0/B7oXaqWYNFoBrGMwezaplHWf9L7I4T6q0dJ2TCqI+Q84fkRRrBcNQTVaHz1YXW3xpwXxfHEhlN/DFi10cj/bXzus98JRBvDR3nIz+RNmECd0AVCCPsRdmwqF/Zy4kQwqh7Rei4DJER2v9rr/PwUcfDa8zzrmGXEQcc3SewpAGMlfxDcCc7jJ+RflhVSwYAIgwYKXmPZnAuMo8mxAw5WmBXNi8pio4W+ymghcVYfG0THkkjD0WRoajAqPgLVqyBBNHENNRoNHcKSBa1DqQXMckM2Lag5sUpg+sx5Ld4LCM1+csym3Ciy7nhF79bhAwbNXu/tHLtG1cuSA9ahd4lnU7x4C7I3pJrxCrXuAqWDqk9Us5fbkg6pnaVzXjgHvdrFNuwx/UfginS73Dqv8Q9GKrjUY/YffgP8Vco46ZcoAB8zLb/U7Y1OVUI1UdgCUvrXoo9muvCme8sMFBrJWxUHLMFf86ul/mdIfSJjgnH4HOscya3+tccrp3geVLF5/4iw64le62ACsX/9sQwSRD3bBWbz6ro/jl0b1oRj3A5D8c91S6BGopP3SxFz1iIv8MLugwAWPcVJHKjrGpuCTWdj8pVGYzNvkLJLhZwYEwKTE1Y8+rBzQ/E1EvmkDXyofD/QPo/f2WAg78b4h2AzN909phcDs88Zor7l7uYDiSi2r89OygAwaEBqXP4baNBieZOGAkVXQUQvj4ZzZXS6h3zy1XFvkE1LQp4XA4KVaNtMA7ldIgTqFwjQEhH8h1EFuHe9YDWKQ7oYozZGaunesB3/Ra/R+NhW8ecM6d/nbw37VvhchzYBfvTe75Hx1QMmCtulmcXI2lyVTtEbukNbPFbwiuFO80P4srho4KUnA4nJrAqoTfzkvFUlgIi7/jDcevN4WWc1/WLDY3eTRFsOd6O5r2SIcLHKR0IN/C6A26tM1pQJPSH+9d9/mjg9wPdjfns3fIiDrY6MPkfpqcyE1Gdi0QmFFqlyqj//DKyC7+LTgp4bG7e39hZqhCWerEbqLGYVSRYgAJLotAjQkelp97sHG1Bnk94R0bWetjDAzg612RECBMfrwL+Pa5HlU2nypqbQlC4YlGfFwoZmkg0ytDHBWsUR7fVUDKspK0a3uj1P6PRuSF3WQcspNRZ/iH6rmfwitzP03cd+t3LrmpLGsm8qJEAjM/kXSrT2X1qordi56VD9/jsNY1Cz73P5JsXxfSwSykyqpIH3nlgP9wxS490rb1C8W8ZK3fr2GiXrg9+aGVyHNgjp4cc/W1I4R5vFNzOS3cXAy0VKtjLkT4N5Wg1b6si6teMfGSDb2fni73u8CBDO2vphJ06I5uiHhY2vW4dzIFuuvdSujdQFbqmxCLtcYesBDK8Kxsl1ajtUPX9jSiI4zilMb/OkMUVBMMHUvZe6NB0+kRlUJ9mDeJN4Z87jEc9Mw8NXolTFEr65fl+aWDurSpSv4TfXzFDGNe7KD+D72jEK7Fw5b4H/HcBy9l6JeJlebbdSdBzMbtqIQBy0V8XQNdkF/LugQGmOfkeYmXaBEUwqv5ze0VSYDWeiurtSNxX8wcelc4HfYai232ZJMCMPG1y2d3GsMB5ryv3d1O1yeHHbKHwZdbfQ+rE//9FXWfM/L3tXxkGtuhFVcaBn9OjyBOoIM3a2/Rh7K10kYUOiq/snl/qpwZdLrdvV6Mr5jfPjVWbdXHYW3lRmdxO4E7Dhu4Ssg5v1f7STli77AJXw2CaPdl1hkP3DSTKtosQnw7tXOq0WcMhv6/DI4YRc7M9M3kt97bYSUlU2qahZT0ebu1h4v4La2+NTGvLl4tB+OLWShisr2ZA9/GPdPtM+t3KYtN9nVyA48P9NjhahZwOmIhJkBbjXUuEI0qZqVq/N5pgjqJrlxhBCtiaRHrwfPov7VKRw2HUu1Rsjxyt85rqlvA63+d+YByFrkP1fGbXhedqNu/RUjJR89KSxAhc558NKF7rfjaCUawkaDdfuFZV4u//xgFiLvv2S6zadE6UIvxfhrMILRTySLeD6ABZf6lI86fIrdXNpBDm23Hse4aXnSwBnloUJDJRf3WMaDOZ//S1AvPNYEZkBC1LzBdcZmIxsFNfJnsAXEHXsouwSwcNNqPNWdAXNUDC5IwUGvVAQeejv/uhIEVeMNxor3bwmSDxN3iIQhuIAX5OxD18Je6cTKhLSpWTUm0B0jTkiU2RsmKigekTqsbX7nns3QP9DNXJe6Gj6QCb61+TBT6yQGe54doRsJNtXDYMrvh9z+dfVk3YnCpCWRFw6ydvDf09+t05X2NO+4ypmpHAkxWamH+vPFbgUYUh06uabkLT3tXuF4LEBp7ay9nO3SY1u6xUt4Q4yExsmU7N0/1736sjluV1djnApULx8lEGghQyErWFavbEIiC3W3O03Vb+TuRA3WDnPV2u1PhlpetzqTxR3ipeepc8z3nOcg1tnO6XtiC+qO2Ry2tjz6SDViAZjrC5FmQMNWKMHlFbxYc4DdscBuVL36wtN2SXyKiPTFs317ltzjkOiiJwxYYb5vpqv4vBQa+nEbtMpSh5mjFf01Z6bYg5JEjtYwQW9KpHVDwPj9JxSwcla+6WTtgfP7ILQLg02KibH556wi6SeI0HIIIneJ2Za0+XOZfH2fPI5Hdt9+rkdwVzrlpfJuLJd8AF3nXt1t8W/MTaFiVARPClv/AZPOSyCtFc+FXnWlb7BVrmId6JbWI47r5qhUGCn6x2Xu379909UwyG1VhspoVq+/gBbNE37vpZtaza8fLbOkiT4PCU21qkCm9WZ2xzcpS7Rbx6jd2pz6r1dmkx6X8dZ6fnmBsSHMo4j2UmUhFFnVJY436ebLw5vL2KC+67+5mfVWfPIYhLMRhuuuCH9D/zUmcALc6ae1SsBH9KVANCBDqkE+P/XQzgZQcKhhIYe2Ntj/cExWTkuIbRhevC5OHeEHBDy0X3htpBC1IakkrfBvw+IhHs58f/oiSztlHJbRzMN3xwSKHxOfkJuOwVYEBBP+ahVp0VxyWeorbG/X/y1mWxhVZ7TYyF/PGvujBGHj0rNxKGD0VTh0Y57QMXtRPwQ70mUs5CVZeLhuOKm1ZLd4nVZaP1T4/fRTpQyt3eq5qGQV+6tsrJa9v8B97lBIadTO/8yw0vmc7dgYHx1UNLj/pzZQNVCIy27Pc140fzVaWqtKLQyQsraKbur4UghJ9Awtyk0HjKpvswW9cFrv3x+cbrnCXjfvg5+wVvXM6MEraxGGHTVXKLxQ89QfOBxVBbCjNOCmjLjYT+T+sPSlYV6UgWKf+qTHVinc9sMDzB/klwCY47UuKumi1YA/DvE4s6ah+sEn0mYeYpHYPp3MiMPFJ9u5Qpl4gXgYUSX/mocBJjMGYEZDZ0f3eeKa7nY1MD/IC+C7oI2H2r3A6cnLI2u4ZnTHGVczQ67R6SmjIR86qzEz7IPLS3BtJmqD+igggeHOPsQcgTlR+eUbaeC2TBMsbd7uN6h+H4YYgh07NuCF0qjro3qqZHM7sCjHFAl606t6aPT0e/MCKMZOVwk9MykGYPRbVW/qAVnkM9bAMeR4XouaIVGyAcB/8Fj38QHic/YtqHUAD/5PeG92+JdWBFIqnRSG4iLH+kdYJV/esaGATOcgK+RtXDsp4SUH+RLNKW+LNnRrD4HtTBYdDJzcX6Ju2hX64fpAbeTw2Tkt5a/4GKGn/+W3r6ciDWUxksSgzvGTddwYtmrQXbHEW6oN6dGKHpM4hbKm35ycvxXkmhDv8NYsGfNdcx3MN2IXOoTgOJD7sVMZhfMwZYL2H+zfSXeoZEU858cUTGNPHoAoDkjWka/wpGOZx88DkDihV+1TWch14AfeLJlboWhiPGXY6pYNoqYFsi3MYd5JAYGLM6/FemUCk+KGJ8FFgolTj944BBf1YuNbMTdIuQYMRChUg7S7MRTuhWPDEtt6Fieg/cCVmvI8hE0JtGOoyF12MisNjsKgIUKhsaJkzXbUp3QEn+f3lXiVzAXqwE0z2dFTyRDgCEN95aPwu6P0T8Z/X0sVQhqLjytnLiulxsi/LstavCubHPStZK3aTzVJJzYgTkDBV8dFlfsoO7fw435elLp+tgyos6mxpjEhVxl5J0d0eFKb8CPjvGy2GTv6VgbNCHbSjK7yuwkptjplvOoWf0Jhw5XqdkdUTOGenhXg8y4XrYOR7NbazvtjCGSZzI3IMA8H6TpPRw6zkN4jLOsDM4GMBu7017zgJ1KAw+Y2/VlzyAaa6fA+BC53mnpjmirOTEqZsXs9wKeoCb26NiYeH+H8dTX3R55rp5spoArHOdzaJGdcrruxIeomrzL4NLNhXy1wIGkGLeY7xsMOfQlMcQb9sh7XWAN73J+LYDY/WMFRfrUuFbDTwfAKN0uiPfypVzko1SHH989LkXg2SoKE0EDfn2k6HwE1guOLOjwUS0s7HPQNrLqxhT2cSd+ZgZj2K0QMxUZP7/Z93A4MyVXRUGXE9ql2/zJHskdfcK4rK/q7SQbDyDN7y0zuOY0lnszcAmcPba3NBROONS7eX0fUX33bttE9ZunV96bNLdM5dFPMcpF7D0bhoQ1tqvjEwwO66PcfP23tLZasnegxdZ/7gbe4v0NdGKP6VhtP/X0fJILEN0UOfdkmPh+1bAHWuqMJLjg3/bpH9fPwiAJtOJCUO6ocJMm9bNdOmmFD9wJXMZJxMCjbX/bMykaoZaGr/fQz2PB7mxir0p7F7zF+mt8wdpxM6u+fltfmhUgEVSi9R6xjY10tbdSCc9NTiTmC3l+isYKuoJ/VfRBXJmMS0c/+Ifuf+lJQFzF/OEjabaQFbHuJFcaefKtihtoVaimDCuFslKcapybkX/eV0Vv+aiYEy3sDKrXfLZA/KtghQBUeoe+LXjc/rl1OEd/F6qOdh0EiJpjpzI5wZJh54cSdBSydXqTUBGzowFpjhlSdTCCJfzfa1az3m32CfeT0KMQx0X+NtaVMT2Pn0c4GUoIWdULGbT393ui3xJr+fumY97nqzzMNK8VbaYXSB441hDz+pUjgqEnKYK0kYPhWs5OfHZYeoHrhfhSftWU3Ir+/fr/glvlbbwb72tXlGbkStrJZDp0HSRVSkGf7RgvVb7bJ2c1SqNH3DW5OYO6y/1VqdmgWFSKspHCf+6P2jrfg1+kBKiPYnMm5YHYXubeftSdoM5rnBC8WGvHvqDiQm+uWIE4NeJnOQ/bb+Q+kfYraOxypWMQ+8x0+mnRJ9+5J2KIbji83r9NTfSyb29y5Sf/Mf/WY8EPt7WLWhiu//DVeu5hg9nqgsVF0126qx88bt6aVj/FvHlIcgSfCoofEmxCj6ZeWsaynz5rXjtx1aS03zBVFvtKdeIRWr0aUQb3XF7fnGChfBpVOE5n5GbG7/t11JS21QnRtRyvn7sxjSrfVUTQcw5bsVBooXjACJWCDqilGq7lEwflK2YiufB7F3JbK5UujHU+yuO0Ot1Gw5MyXGHNV1UBBGT77mCWZUmECXbgCJsLNaDrcnqEs0Rw37SxWAT/C56b8V1evFpMYrZArfhLK4cIE2++MEq/1hpsNewsZXIQQPNQvSgRWnbcsImXfvqUFWsfVlOIFAzRF4gVcxjiBUuCRVgpUSOJKX1DlN1sBGqq2ecvSEoUpM2npWB6qyuahuK0INZNpcNOxEdgAFL+usCjTPXL6B367hF9cMZw/EA6r2tKLgBjxk0gX8YgUtuP+orhi0NGwvfpNi0onSTYJb9Wm1O5OoV1JSOW8z/5aJSX992WGW/5cVyHyxJWix1Tmo9AntsyJGhcgZ6cY9qeZYWzNlPTU/X9XSxPuddSYlKbJZ94VSEgTqTmFpKPS9EPuxsC9L+41aVsabmxFcKpnLd73vf9PKMaNdvin1uE2Hlm/CyK7ndbhlzasO3l8u8uuhAvEeSo41bI1mOCeflDuoKxaXqr8RtDKsvklM5Dn7ixpRe9IGHcueCd81xoqVcDQeJukZVPGbqt2VIZLn5KsY6QETK6lkrGoU7L4qrvbjiJf8RiDrgKbId9pumc1XDmzCbuEEkU/hdvriTgXC1M3Uor9Vifoehlt1uuHIMEDTudc1umVQ0C9l1Pz3vVH/uBCD6ZBqp5b+ths6swllLdkl1mY3zzp/ll+Ngvd+xWZHpYbeKpMANa1KfKK4PQExIH44T2CMI+Elv4eQjeUztFQDwwlXZCTzke6F/9N4wppwNQwUDmd/tWrG5xgvfeKnu4tMYqVqpTuiUh2EbxJTHFG/tmjJL1bSzV/D+2UPJhdfEy78sr90hWLyarP4wWZA4QC4p/GkWrUIZAZCjDicKOmqHZlXDUXDUDaWadCEZRzeIV50Jj3oGiNw0kBPxb/wh2XqkRSIs75CM5O7djdfTBYuD6EXpHPuyWRdwOoNsH3d/U4wbuFMjSvIHal+teOh68J352WA5JDEyZuGZWZ9/Zc0QGILM9WcurvcgNrNrNEchm17Ktt4CURtqD42/rcn5NnIuIhUS4G6xAMcLkP6xxvudetmP3ftv9wBpAR70eQp+YlQuBD5yntWMs847aleRakSnAb6wPPEH8a6+bfsVjC+eiO8IC7t0g38vBO/oDK3UrbVHDZfeOjHD5afm6ULPwsL3bbJKjZ0iMSA78dhAVLPrXez71jCDuJ5URLP5YBPfHqxvCiNU9R+bOJFGY+q2Ak5ywGOtKQXqWHIN/+f4xb5PBy2TgisigK2K5h/mMlODTMklNNrpReKztyBfnFDc02g21aLw2nlrImF1UMaWoxR7iP45dduE5634pWSbLsTqcjRAgdWsts5/cjvX1HGA5g8EevVNoDmZ4Ztj9CA6bD3MRuhqaX7XQnX8YPbZVHwum4juxSkStDyVzTGPzIFSe94Y8jJXKrtVk5iUWnQi0wuCoy69fX/Fj/vPw3t+70sUeWof3IAGdjBvL1xXXF4vK7oXdkWlHteqIahfWWp+F119WAhx5bJ/ypEqiWakkXmRx9awAWFDltkIH7m0bASddBGut6Ef/3/LQ8BMmAPl+xsoiAqTg/4wTQND9LUUd+jbt3jJGu5Dq28tiMvjtT3Tjmpv0Wwtoo8+3TyLUTi/9bjuY7yUKqJEyvICLgM0To3yfLohOU8dUmYvEoH7zLMdfd6kclAHK5fXizfmqis2hCkGGAC8gur9m/Y7lcAfl77STkHrl4Ocg+gZS8/oAsdoXYfDx6GSlqadWjDZbdTTukb1+ZqR0/0MhcHjdQWWx8bPK1zM/3h1objNuOkfvhE/RCOijvdtRkRD1cx91bSQTVEs6sdWKeNQI5LlKmN0M5jKM7jmLrHEnhF6Idzg1znY33UWXhtWeb3O+QmqTKXoTZ5Gib+eLm3ECl1EJThh2q6NTgwWL88hyks6IC6TKxkdyL5iHvyc9FHGj3SHuFb65DAGnNUvqe4V4R2C/gP8vaI3a3zIPBPuoNddWRYFSuVZOOzuejUDAKOZQ/E2ObmMCFzjoGawvNDmBQnkNIV4k32qk5pAx5qclSBZP5r9CmAu7EdPro8WpDyDuTKam2JW2CTPsumjndmNQcjuODJDCbCEVQWGBiMumSC7x5Gok9fVsWuAaS/YYZv3TivOr746h0Fh3ZdF8Rmge72Wfm3uVIyj+5eyn+d/DkBzN//C3r/OM9S1b1FWiFSvTMCV/A6druvhMfY26jT2UJVqlnKidlDLRIoMalzNhbKTliTSFOG03l+x0v+EJYSzHljrWMQkaYc8kr8KcfpEuvFXKHxya8i8BMb48jsklQ5yThYJZ7B9nvXv8zqmKchnPEvFJ+o/Mxx9qOJpyc4ZqN0qgXKQH1qSXdQ7+FOAgTrKU0GoxA9p2dYtzewQD4xkK5YCUZAfmOQZe17CvazonSNsfCk3ulVEsQQcvEPhe4lQrdAO2Xndk13VgsH/y5uwhX90F3hC+cX3i+L1dH1xSInBHYmsu9ctWvzQ2nrfEO7b/lj5ka0ZAOPDZrN7ddo1K2FYVx2b66K3tmhSDr9udpsQT6ln0V/FiShUZrn24m0CElsMure6HR5zfZePB++WBcsOAFhO8rak9wstiWnuBbGhYOMRvuRXFSrZ9akmgWROt2+A5pAQqtEXOjcxMoatAiV/+DzaKwTyiHv7Rz64XnqW48A/Ul21yQ4P8nrDlnR9e0On8lmMQPCVuZAFoK7/HbTt+n3BGjEAb+R/Q5be7uAsjqYL4zT7r2zWj9dPZ3FFq0wWc3cHtmW+3Ix4l7AUKMUJuAZueSzSrd2gGPDLvusbXbk+N3KwuOmhwkzwdycTGQZecUKUp9nJIUSeXRqJyag7jtEUJeLA0MJSiSjoSq361uXbRRjw3f7K5RtQtj0hV4mO1jeBabGYFcR3m23zj2UWzUb9e5Fqxrja67jfBzkCM9qyXw2H5tp9kKfShweciXB+t2jYTL4oP+2Yw37Ym4FNW1bwu5D5hcafRq852ktokPDA4Ib5644ybVMuUvmWCM7he6z4DM2GFq2Dq/YJJA5Hu0GQTx6XDO9e1Zas08Vr3x5w4JTyUgchx6gbrtbxk420GY5KHMnmsX7oXL+8dvxwW0sd4+nZYbveyRD/TaA8sMb3B47maMtSpZWpNTijv8KJHj4PrtiSx/h1DOjblz6vpAuy+ioJs1lj8rvrFKx7g35uGVwNzJw21xrSu7k0HSzhXju31904c9+uUA/L9pZmwIGHYLgS5H7KLbGzRjFn+pfphQpdVJgS2mvF5Y7idbVf5Jjs75pvhiGcMCJlmlNxsDe09DGiZdpzbG7YHj8IwT2VXRRjVdsW+kI9YRJNxf0vbgbyb27916HWUu2pzjYaj8l4//NOauvADlZNYiSWi7IAU2XUZ2OetU21m/YmllMKCUFGacoRhWZ4lz0rhKKjvGrfx6+tU0egwnv90KQMLczz23x4nWo6VfrX2Dl1rc+QzYnsU36Tfbs9wOt/yjQz5r8vkBRmzOxD940e7RZTAsOtUunjRhGdXd46V0ZglDP0olr9Rjg5Zr1G/HryC3vUdu9MjZCGR+l1xI+odaKGF2ZrJo1MXPgO5ylPZApf63N64WV/C186Bah7dc4ZVYr0ejbfebFRXhBHeJCnLP1E/UdGEJ+h0Pb3aZkkmBFozXI+3PoriZkLvscxo6FVBa8FF1y2UGR1wH1QmRnNqlt+8XCzL5RmBLebzZMKW6LOt1g6cn/o+0ncifn0wffUcxjqbjmRFwMGuXEO4FWHIcLEjSqVoSPEn6dA/NQEpQjxatv8IC/0NWXK1Hx5qivNV4P+f+ANWIuj+Sn06KYGyA4ow3INJuDD+/Bbs2U0RQjyJ0ZbnB82J37NODc7Hn2rpA5scBpUNSlbgAytxTIY89KTbZN6jbqAnQQEdKJjqg0vLA/c0G3nsT9bh+cQKDqancNkpEezEON8QNxBNjIy7KLiqqxI7RkSI4DwK8uJOsRKS8zHJQ69RlpEP0eFNTGevSBsLe0isHeYPpHgKVePFPDvbkZPwR1BDeuEIy/a2B5TFW/h3zI6UiGcrmnCvWpZ+sVYnHDhlmqtwTM9IdTlf2cuUqH+QmG34jzsVkqxmpqnNeiJZ+MJdP9EMzrXZiQpvGxrXySdM2zcoT3h5/kTdseLcY4mKLTv9uiegALxeGJwmboKXWV8B8NLSQH9qxeCCB7aMnyKhL78U70ud/FGzxZzwOdPGRiae+KfAbCIL7rF8fg5RLqM/sbpuNmFzh7Xa3R3BfWAvN8WQtFOJwKh2VhLic3q1e0Zepzz3mv6kw7fgvHsnPP3g/2vPdcInX2pdxzzPSs/WjSwdVVCQXSA1ztvdsoj3wXv+EPcmW5+rSkIcT7eMAOH5iuKXovJ7JlzSzlhocguMud4VlpzBOU9QjebZlV69j3It4IOsdIsCWZENMMmBAl6SDOHuD5HCbh60/jYyul/Gpk5C38cBzc2WS1+/Pvc2BhKs+Jc9VroAStumkmfhaDoyOSRwXeT+eZn1XkytRwVOU5gn69zIybiI5Aqfa03ZH5N7r7l7goy842euJZ/L2xQG7Vh3qfnVl0eW78WoDyq0UFjdC3bNP4R8osK5gAvxlfxi0/7Tajg1jnNHyzMvtA53SF59yXZLU62+zXKQ4OmBs1HK80HaalG8UyFK4uFKDfL2nA1qSkTjbUbv34k9TO8LKnIu1gfibS9XHLEVeCBbrjlZ1UwvVZyfYDEX7PtoEkrKMRYDoqOmPeN32rErHaslrMxPQ8BjZrHXpeGzzwfb8FjX0DWwXPY6Coua5II42Q8pcpUGJ27SapCjeQWRPw/yt4/vF/C54t3jWOS3/mRX0KhNjsZl+1gJVa1i/4CCq4nEreU4EbNVDV9cCpBxPziWQbXfOiB5PVMpZ4g8AL4v4kB0wlQ9U7ILXgiwdlbMSgDBB6vZAUVEBPXa1fNUs7NJq5BK+LuFO/XptNa0gQnDawD3A327XvDWq5vqfxT7/ALv+SaAfRc/GVlgrje5fylfw6eymF7GfdSTdAvIsng7gneLBZLzaIvkrRUDc+XWBT/Z7DwHfWp7Of9os44GNfWQb0Lnm9GI/e+Dy358K3/YfT/VUiMpg4BAl91m4MHDZOEDSjNIkVAOV3MOr3NiaWv0GTf5LDezfEkZPAQtgQpuDSmFkMccBeszir1YjGBLrGCylKfqgLXK+IU97KvcuDGxm3AwjrLj3RtPXiWoGvGA8XV64SnmCKV48C515zE92BYJxEha3XIHsAx6St2yZymhJPAzro+5yZKdViONtWhQGwKgfW6XHt8s0/OJEjz0/1iyU5hyMCyJ1M5YgEzEHT+2UMBHIRxan57dCK9RjsOR2ciM2/1RKsd49vwrWfJjy4v65Y1I4vZJ2iUdlktTW8ZFBZGhZylRbVxkOKMS7W7yTKywa/5SIRuRvQtAfD9dtmxYstD+cwn1XxxY0Ebsu1fmg26/HRE4Gdg0uU4NoxCdCxXqV3RM8m2Wfm8VjbtLnI331B7TZ3PtEW0DcaZFlxB2AeDhIZg//uwIZFaQ9WmOKdPomc+RfWO7DvGM6Bp5L2fzEgrj4iF064uoFlXq953d45Bza33TeccWbZKUi58G4IwjhX3KVN8O8af3EJ9iOgG/OEAyYvMfcpHN5Cf7Ar+Oqc/fmbB7tPJqJxBpq0UHQx3leqUdhpAuODZ2KH0x04smkyIefRgRL30wY7dGLhRfwHu68SlxtT/hTTk2LDmyEfTxfz8ZAfiBmh1fJtJte/YEXCXIBiIrKz9LPJeLat6EeuHy/wGeZCruGaw/6HI0uKhy3/ZOGhNwy64sgqx+mkxa2SoTZ4jWlRK3Dx2bZh1uWljDexL2OzVnNiDIv6ig2LuQQI2aqpGTFlElwqidfz1ORpRgyvRRGesnOytcVZRwTW2hmwkm07haVTJfrC76LkslxDs32Z9hhTN3WPlZ7cOWGxcpP7DCAjLXat3ASQemrxgfLXwRjuXtfY20AnvCioFSvecAkCdJ5idguRM77Fk+GvHXvR5pIfjvvXPP9dTeEu2m4zAyuAKwYmtDRNRyxscG2+DUwn6nHhxTwunQ60mpJH749eZ9usbY0o91Bdrf3EjXd3TWxKbupfl6poNrgMohyMcaSAA4RF72eHQ0ZKfVaL6alaOcB5KFjUuC1UKRxGKX/HYXdwxsfjJ99H4uBuy+X+WT6rtTr/y/y6m04HU9tFKk64tl/pl3ihQSg8zjwkMkprHacQ07j/cztFKCU+DCj67DF49Sz9YEn+kh++uxp7mYn6dlgJ/K8TIX9sZXMUXyxKURvct72D0ixhPPR+dUWBsRhopF/5+VU5zFkAwQK/PqOPPFWoKXdi1i3hrGvam4qsN/50bhRmu4nmxP1DuV7enLCTXNIyoTp/qbMRA9eX2hb+Y9raWzus3lzxWW11u2HPRhGoSvib+HVt2HZgsDvQnCthrLR2X5TS51uMtz3FJpoOeN6LNj0VqNLb5g5Vchc+MBFPJUwQ8ihg62j4nuSM0tPeFUOFFI5WUT6chOJ19mE09rcsoVAOyFxYnEzFpo4+wusHMLY4P0kcD0bqX9vwCux24Zz1ZumeRpxE8zm1j39eqH30kaS70Grt27OiPIsK4dmRs4QNxvCirOpsym12VX5/XnB66NizIpVww9nnYqHXw0uRz6QWAm+m/TzU4wh80oPRlYQAnyrWrOeh7omakZqf1MtZ8Gbc1SM2A63+a59/7G32oqUuQKnDdqe4HR2CeEy6+iiG6nu0GNpHC2xOjj7xEmYtFblT2xcyrERUtthuSJC7IfpMS4KXN0nptzK4wXtDZUz4R1RPhm5LI+4sNPa9uaIqPr3clj9qxtzh0QgNZahYUPPN0rsQfjv/5lhR3Mp09YoUM2hZlX+K7gE0shejqk0MSqm6vkCqHEMFn9SO3qBxI8MfWDt1c8HvyTHDE0402c8KJ9JVwIVtlvACLcXbByeuO8BccflYK1Ku4DA4AfIguUB/R1tM5IJC+v2rrePJb2YfluhwxRV9IM5yCom3uvxiYZJ5/ct07eJdJsPlk8ovB1PXQvyfphpy3NqAIQI4Yrois7V7YfCCZgF+4qgP0crC372lX+iAPxl54Gdnl+ncRR0wlnwP7on/YZq3vEdUKdAauEtBae5KeqsV6ELvvjy6zV9K5n+H1K9JulnV3Xx56UP3OLH1Wk91fcUfrOaeEsuE62z6NT2bv+bDNVDODqxQIrwuHIUNxTQbVS62X+umwy22lLxybw6MfDT9no3CU1fvbvTsDmiNucqRSL5fySD/4MfIHXq4VF3mO9H3iJHgqwu3Kn/Z9pnXN0BizoMK0tk3i3mPdFcbB41A+GKXfqQFvvjmkvS0vfaSaw4pTwLJ1u6qLOyfmlD6OYT0V5+m1oxuNe1eCvRzRizwkeMoeWbMrkPbe9NMbDxojQaBm0AXhaHuQsk1v8IRzLTgjAcHX197w7XnLmOAEPUarGUbi3L1T0/+l/CGix0rIeYR32QOaka/AW3sJffbO75eKxswIRlUI5F01ECjGmR8GLzlFMje6PwISyWuSED8YE3On7PgWGe+7x3ytZ02Y1RKlzXPUeAyzSl3AyGdI9I2vDpgm06kIpEby92e1zGEbNJl/WUQBWeItet8MKvs4MdKIR0lzQOWE+a6gDhRYOmKWs6yrFrUshe9k+EiA4HhKGn3vO6qT+Sppf6trQSwVI4do8adgwfv/ql6HEd1iYId2XFH2nJxzuXF3Ja2oaUNkVJevfYJQlvq1/4tZ1bdvleF/Zqb3QI/MXvyJt81ETeVLBdQorX/cJaHUXzXC6FUP8llK4hjkrnkso3+40q9hos6APMPd/TjXtdT0ftJ6Yn9BkvWeJw4yufuT+wCdxwsxxvXbeGf3yFfu0fqR1x7NaEbps14E19YvfIumxKcrIOK2HcelVZPHn1g4TR32wnhIa711KG0I/orasw25i5od/cfX6pNqs2z+ir1RyvptX3sSAy0czEWEahlOMMdh5A52JVwONiDjAlaEgQ9GTfruN4h+SOB5o90m92p90k1ppgODgxQzgTm2iy2WbvSCcgLkAonVmJOXxrK5/whqD8X0UlJsgjlsJUM/8Bi/9KP6x2HrLs00gk13qy3uSj/v0o38yVcJ6DISsV9tn2jVkpt8N5cjMuTGAxsKfSRo9jn1IzWmJLbKk7coYWFUF9f38iziQ56pSRiFlBaBHnFHPzxfriOAfPHu6bD1zV4f0aMDCuTXnaCuBhndGZcZJXtj26U/kuOqn6ULRgIodP+xVG5NHL15Z+fHZcg3MMe8yYwtedKsyJBF8yPoZ2BCJ4ffPbha6ntjz8fXSe3mT4WTGU3u9XqOhrRwg1jfgPQvz/RBeVXNDPrAhz7t4FnH75epfezlCy80yvyraTtsQ847jXMjVgy0x79So9f/C7vlShYVx843r5KSmpubh7kOBOiMata09msYPug56lyuW/u63I437zTX78PKk9YnidN/iwl/Ta9t3uzC006Es9d8NHH8KCsRnlAI69LSfLj2j3RRQw+p0OgUxrnWCALLKcaAuJ/huOCnJdYwsf4CpXUOqHHX4LmoXeePRa7+Uf23NkRhLvvkMLbb7mIZFNwDHrri+3vWEBwwpWtHTzMBCYW6G3bPZXr3fMWaMyEIwRGn0bNtzJhHsAJ2Ff2QXwbUHudX90rgod6UTBnZdPglRKz8EG70LgOna9DzyddHhbkx5Sj7Fyrfzq7NAkerZqcJzS56dtLeLxOHVZZZf/Yu7Ea+OJqAdAyYKGdgQl5SNOLOQf/twV5A7CNUVhVZ5R5/PwT1G6DdIKK5FoEtwXj66noy1prAc7g0J7S8rd8B32I7PBvudgJXdAKL3bePm4C3WICjTwH8F4kD4HMkC5duqg3QgKBxwuyomBFEdwers9JawAW+fatUeBFkRjpYUSgwA3amBHXOCQN+cg9mUNhUEV674nrn3/Ds9FtAYLvoGTUf3uVR9EOl7yq0+weru5Bu4BbndAgR5DCHMRzU6cQ+6sd/7cP8/g3nCbBNmM9CtiW26vc6j8P18WZXSTKPvbIjIZ5jGeIXwa1FiI1Rlf0easUXqgauCB/Rn0J79ES4Vmc1P5zVwWI6S4Y79HR7gnX5oU/h04uigZZOOrlbps9xDs9Okcafo3w3irS9qYjLnqlHWlfJ5KXLq5Z9wFTI3ixt/MfBlH6/zbJ+Ohhnmjn0z2r9Hnl9i/V0ZUy8mOaLatbfdVYobrBiuo5CMrPnlf0aNVqQ68GCpKTgfiHpdKiWmGR4/Ze8HGMAbXpfJTKjz2deS+O80Dqi6SO8QNG0tTxBQcqam4Rf23gK3ej/z96QJgaGKDNsPOyvbOZ6pV6Dt6S7yY9vwQzjYIPXphAZwpT86KlMUAB1+ZiWThcgzQ/gUk767hLh5fgoYcKkDjjwtExCIY1fTAQobi7ENSVKUAUkFQzGJu7E1tCx+o4ruv/nm2/VR7nI9BtZWnVHSTREqkf7CCVUjHukiCeeNAijvOKFAMxwBl+ITANNJbKBWOo8R1mKWJzAhNcyekJqNCwNVLqcKHRIQoVIl7asMtPMAxr96GlzftNf9DyLWcqQhwVaLyhv/5ffLcvxurHateGrneMmJ6T1E9FwdoXxW9eiJ+KZA+R8JsWkkY2GstWbxzvRyv/8Kjq+ONfWBKfNX6dZ+9h74rW8hcNyK14ssLgY8Q1U7OpZz88vZn3hMxW94Se8jvoHtlC51ae9854Kt4G1Zx/KknxW0511zaFF5AawkuiWvQ/51zYWilrMw6HXvOj5hg973SXjT8PCp4xqozOXXR5oKQlqG0eBjxJe7MGIKWhncWGwuTNZxwvpKuo+Rk5Q+jeCYwNN/VDBzJx2RfERtTZ9vk7zTwEMb41v8Ko6QeeekYDPhCck3YPuNHyZ4q7ql6z5rO/htfm4pvxZg1iymPUJjxVhji5k8pIxYl6c96SXwuRPfDqM/+HixtnzD+hdP2JOb55u//SQVSo9FWUmfNqWkaGhVghsqHNfTpbzdchmzZTXXb181X662Jlqxfz4jI6n7kJ5w0+0G0DcVUZ6/zEnnznyLxGQBh8+p1nKqbNgWrtKmAZn69Z51lP+IsMiN6BpBu2Fw7mvcqCF/Tio6pz5LJh4DVlNjEwu1cw9rnCSAghAgguRkGmarA2k+Ys/4ZZyAbhWEEmgrWCDiB2yuxsujTer17/DvbExUC3eqQZG3GhHZ9KNB/YsvKG3We6jLqgp9F1l9cgIVHPV1fyaEWhm/pTeNfiePDDi7Xwq/nf53TGb35Y5ny9rnMDLwuEfDHeJVufkpSliwd106aUBJPKX/C5h5QFnkm2lcZDdx07ILqAmCquNu7IZpcOV8w4K/vi1m0kYIZ4iDR63GoZnhbu+xiVWnZhKPo4y6VKaY0OpbQH0Qr+tPGrgdEtl7b0PKV3R9NdtLw0genwI5VV5nOIQCM6W6G9xyJk9HiTC2BtCTv8LhL5bE4Jb3cpLoLz6y6usd48+j8EWK+AupZ2aVLDe40zODRAZHQ5ZRzzeVpZ7PApvJrDbno0pkXfhiElJPSB6q3k8aGOKs/F+963tmcUTg7LYf3vV894+h49e8vhINqYTadFMBt+TaN5m51B8+0SmxGreUvCV6TusZ3TXIjWBSzKJYOZwBlyJHm+0Vqg4dWSQJ7FgwQzwhlTT/GIQ8LyMlyLqJ+N86RPnrzdW5cVTeciFA77eR2Kavf8nFjqjclOSJgwvN11+3JUV+rrUvLbG7/LPgyh3yZDyXdBV56I7JKM0Zsb0ZtCvw4HiU7sURzb/eSHOQFLIoitvpr7L73eIWmobxUOht3TL0UDO4laHYVY1XurxT4emYKU1S/18XdQR+P+S5FAbj8zZegz2Q+ADwqVUnhOrK5+LwP4qx8ksCxWr+zn0oXEAV/Q8q+Qwgc8ooerdOBTky7Pz54SgQq/1YkUyV3otgzUC9msi9uGgucCB4Cp6vKBV4QCq+K+zVkfwrGX+TY//Sz3WAD91S+VO5S/PJKtYPoy0H3dl4yWNGQDubI1wKVxcOAc4o3MgddX/e28DFhkpiAVt63CgCBdpEqRCh02uPmfwq2k8cORIbClSeGzxrpn0vPbBoGlRQSZ6jyBxuxqTWCMIk+huLhUSk9N1royAteiGnZgb6uwI7RO784bxodFZ55DaBHCQAqrGEtNyu5Tw2EOrOU5cFvLnXLnCYylW4wnrVKK+m+IG/9PTc7uVqUKwfkraqk3+tMyeiuLtRWdftyePVdYcxz5fZ9b8O8NTu5vlAv3nIekOdOCryRzqUzm4zIugMfpjL04CQFtkjhfJpqWjoLdrKmI3/m/E3+rs480fX+SUzxEHFTJmpXNUY/4ngx9m6zQJ5V6B2U9xpnlwZs0KdKtPJ1qqyBLMHl8P8RGZrmuOabRw9BD8fFLd9OKvaxp09vAnk1eZ8vTupEs6TsASg1Isl52rR4L1qxGFYlyp5YNIZJgBz6rOtMOUAu4NZsBm4u6uHrGb91auBoTcRIzPZ33+66FkaEwKWbLMzbBuhv/ivhQK0eZHvnMN/JS/vq1YRDSwLqiDx4SoElDHvLH+/vjRuC+dY9+iXp7Tsp9r0Hynwdfv8sYyOhRF4HSEabGzK2EKMytxOQnCx/1ViMJEMbTr9UzTUifzkUePscR5Noyu/WxC5jkocZsLQ5BIuG2Vo2s1IZlevDfZmYRr5+FaXD7ra3GtDbkQqBnd2igOWIFxAhffcvQ1CZ3gFUjPsplHh+VXa2/Sn8gJlvNaqiXO6emxnIfcgx7hxQgu4/yzYZTv08fdbtxof4U/34d8vmzj9eCKZcULIAz8Yhjvr37YOHYC1w89iNe+ZQLuYNPPhMZjC0kO9VkEj8tP2mA5M3W2hDmG0toO6Em75CVhGxiMS93r0lHDmMqQRzkQ9jzFHz7xmbg5WKmOzYuAebd9/cwR6steEuQ55KiePmbMd/Ivdjbltxc1U7YO3VrawOlpJbxfjbzF9FF/x2ee7j1lR9ERUQKStSXn+rMt8a7Ze994rBBfTyoGC0zmLHz6efSSv5CdxiWecYM9sbcjuOhCc5pMBwZBiM53eqJFgeZaiPMzTt0Qa0DjHur+ewdxe6jlo7SNH3ok7fyRFlnh1fCD2PMgyIdJq/owSPDgKahU6hTrBXukxuV/kz3amdUHqg+QnA/ja8qOmixOsLusCb0ateQPzrhp/kia9vR7n8gPWVuC2/UPGK8NyvbH7j40waJSHZKfpgre0EU/asmI/IpwnRIRYPJI/NPV6pEX++ce3M/tbX/HJxV+u9Io9fe15/tgr7vt69H3fIeEErnLw8cLgP2/ZPudM847W69L37f1GX0Dej/yCqcGBT10og+z4zrFH93sO0CpNV42OqXgQXjI+H88D+m+sCLHOzeC0lJBDLaJA0vGaz6mRtzzmtQuIs/GRr5Gli6+VP6u4qlwFZMM0ZEMfMwpH7+A/R9o+VEtIsnttG09VeLHPLmmIlgNXTyE+EqfFPi43Yw1pUlIRh2+jSzkr7YsVJ4XD3GKafEM8EtijlMm1vNmbmtFuPGjbmOu03j4KwT1VmYuyqVXO2IF4X8IfHdBS+OTaB6YdrvG1MrnsyJ2k1Axn1RqYzg83thoCSEt+FNYaqWGDkOq0CYwM+nza9qBXqKNh/+UWXWUryNKrvZ9I7DbkYPTdFyx7FZBUT/Sj0K+Q8irTABwa4BV74MVuh2QqW35tAQlQ6kkVcn0iPbmGSS6ll1VETzyqC1K/7e/s0HLNaa645xi9cDrY8SxMb+XroAI8yJWgM81Inj21zVyK8X4LcuhcGDe9FUvLl9JQV6uFs0AZEmMVmGg27NY7rl8qCHw6rzkI23IMdfSN/WzK/6XiWBGUhJh79GgmwLbAf3Hqh/k6bRcWHbs7jxRy5F/e6Pa5wSz0TvFjMwJ4p2bKBiVI65lTPGlDgX3eDcAkTHfcMOOpsdOuOSfa4cXEFY30vJcToG+JGtYk2pBqb2KN9Ae5FzSIKdZmbxosEG30DOVPoKf0RZvpPyp2t6gMndg+EsR1CkgH9KlqNQXzLWOAn21DrSyQKj/OPzw+qnj5JvJWsQskcyfi/Trmktv8Jd+/pekPzDwz/Hl3kvJ1kQJZnfIZ2IdAyeYYlBbdEfHal4H2afp2oQCsfhwpQhWXAdXJi0mWaB+n075i4KzmaYGLiw+L1Fav3gVw6zyWqtZRLMIMQm2YZQQWpI/zjGeox7uRWDWZReHJ44pyW4goQsHtNvdlf+C2yN+oMOqGesTx0/vm4kxoZ3uiLJCNb8Eg5ypznanJ+AvAFfxTsVZ/OcNcuMgfveI6U4gRgQm5EIrlIyTnjz9aXcvDejdsJUZw+zU6PbdFOnf3brzab2YLn3QdNlyHnqhSVRXMfKu4qLeuDyNeDUCH+A34OFHA4TtYmjBQVRf93T/8pyEQtBdy2sVrtrOPInLjZcY7svVvbKJv/1YIXp43uiXznu68WfYpC5bUAKWH0NmIPbI+2F/lncy+/NMC64CP3x93C3b1bGN2v//CyojXEn8dbrdTNsJy7NKkvxSETK6F9UH0FT2S77v3+NAaMjISUdEBvHMKjAbdBML4T9HLM+8LSz70Mbju+ghslQTwcgup70bFg2vE0OU46D/eccB+U/tZNvAkmOKBWzS3Mngn5d02wiJo3F0uW+otHIP8uFOStXgR5X15RT5Jnf240Nr9Hocb0jbix5SjsXM5gMQeWRYv5CWn8pKas29qE4oVFJB6DFcwaXBNtCv1Ru1GzWlKh/xlxRm0EP9aIvpsFxc+gH6av9imRd1F3jg+HrwxCOXrMPhHcFd0sWZyXaLcs6seeBpej/h6j3Dmrie+O2ASmClC8C0gkdAemI1EWaFIHQEaSjoCDSe0IvUkNRQRAiRYpIb9KbdDH0LjVCgNBCC6G98fc8z7x/ZFJmdiaze/Y61+ecc59dPBrwnvbpZcdArrP/0Ln+So4a+0lXongt8ExMNpxPU3Tda5wu6eLbO4j68ZG85o99G+1B9ZFPq29yuHN+mI1Kg5rzqzUMWOZJ8O43yj6bMjMRN2uiGJj5NgyIMa4GX4lFnVifdBzMvaoJZNreY7J/tvxS62mPYfCFOCn0AY1e79861oCry5el5Qd3ZwIM0d7iaOZmUXxWC4NcNw3Ezrw25D8VJkYeYbW3uOD9YI51hkBqgaXLWxlixCuBaHpFGPw277bUSHFrajLh+fvA6mQ5C3vrlMuEHv9jJalz5+AekJBpytHvxWHKC5Os4L8PStWLcExVYI0eILSz5Eae6cSqMNgtgx6nNeN3YmPtg0pflgbRnM9XGMUC46XAAso714rqLO+u7L34anw+ZTI2koxVqnwKOn3Vo8RHHqzj6AI+X+W4KrpA1f4uS1nRPHsPfzP4Hg7azVd0ndhMta7rV/Az5Ih5eDcmfV9bkuLFRO61DAaezf0Y/mZ3NBZ8IpEVceyyzowxtJSvlq6CLa0UV01A46v+l5KBP8Xd4fC7uQcT5kQhKJbKJfa84/oor1iJqo6PLjU02dveSLUo6DTjrfnrmLzpWOlwcAi+Uf7Q/PVEl/X0PC4SJHeaGgG/NAs83MK7JQ18b/2TczP4mi5E/WA9j0g5TVB56bwAJBYfErDULiF5QEcGAgUeHvylMvKNezh7cTdGi0Xn6C7LhqD0ohRhj9JkEmcSm9bTFzOGdYTkTHr5A7FTMFWQ0TJxYsFJnnU3don8O3lbFH+zbbd649NMde8kAevuFzGQtdX+FDBbkWyqKyIAe/YuMtSfAupAOypCGl5Xwdv/jNgvb0Agiz76tXQMhDsardVAm6lSG9epu+Pxq47bl5KHfMD5o8Z9J//bvd9PkUMpCJJfb4dTwTvemRPbDzbqFBOa8LH37dEE5fmv134U3tkUnbEyHYfumfZB92zl3hBQ45P2J60wmtdiI4mKMgJ4lJ2Obx+VYTOnwyYNzHi0k+TQq7upnCAKyKvgn1lHlgQtcntzIpUPSz+MVsgg+/8QWZR9PvD4Ka3IsiNmBz88lv+gdzJ4HbFo7F93qyFlBmeGkV+eNiQ7HSMK8duIhPoxkl3M6nTCyikvZ0vDYYpyp+dz1BYtzau9T5xbF9eizOvK9YmO7Wf7mSv9ZV3t4G9ioAH0OLSnoSMcSn/xw8UBHimJ5jltY/UamFGyWv5KAqWB1lRnryoH3e8wfoBSUzUUHqHRMTaamMVViBRPjErdZ3jrajzqa0qBVjWyV3Fh/xxT9IY7PrkUUDmzq1Ekf7jBt1IcRcYCUr3JyQ2v7+DNX+guwL5C2rQqrP33TV9usKguMySEmT+hsufFnEjm90K6N1iXiv+alzbCibGoMMByFByeHjIUkE9z1eDUnILYbh3ofyBLsoGnXDPqnkyvov3ApiltCs3z9fRP4SgUU5Q1pQgtUi0crKvOe631I2q/Af0k/fetw49xIonzx6oMLfYl445C306fx29Htj9Jol2o0z8sVToXwGvd+nwx9teIezwCLrRSkLVWm0gEEjGGRPB2Csju04MeYgJ5VQB5A7C90N8pG42K++kQH91TwfNSYK3+P2Oozqt82ClD8HzR2aunociCnXbexZ6o4M+C2RieilPuM/X4mY/XvSnPp7YoLv0vJUzgx3RWZrm9/sWVPFur3kkXIiTKPg5ZBNDcvL5Jb3EbrICumYFiabAQa1vjI67KDDPktbvKnvJH4b1O7yv2qfmKOky/IinKUbYZ3CYGIUbV9i30H7dwldQ6FhLimBzoIHUvWx15WdAcCfYC5usaG0dG1qt8vUCwGrzLU3tV4OIHSxgiOxxiRmEeD/GzvQ/FnzBLpz7jQuWhTrAA47pFIii3T5d7/7oA06VEijwSs57jo9/MPEJDnBdxY0sJ7c78IF9xSKeNij5e4657KhOYjz8F87XwfgFb2MO5w+GhdKdcN5KnewIZxD/XW9UfHXvalvq6ZfAfjzm6MUYCyyYmKJ5P6NrSO9Cl9LJVGxMivL1tKHf7+ugZEWkqzd2LNxwaj1Zy757kgHqAbWaNLX9osp6ONfwetoT52mgQK8vx8mkq06C5yajvwTX/wc3UOqZgpslFOhoqG9g7gJD/pAoqKM0qa0EaQ683Y3l5QhXdt7v+g413W0RAfcLhaVabproHPP3AX6IQ9JB7NzjEOAR3R7j1ffp8jSAw+zzbnGxIyTdcDcTz05UcV68UwyUTG/8uGDlYjQBvP7TJCR3EU8wGL6qYce9m2LSvTVAYiBmXtxKbB3KXw8WlhYO43ClCTHpr1JHrwq4pjU6RbesWaq1RMTpHif3iWZqKMbWi9sRuK3yJ9KycnCBCnFU36jpDPGYaNvmIw/E1VLS676RoNHZy5y7/jzt6PgmMXl977e++rrkzKEcdUpdb/V1QaU2r+mCfoyd/VOCL8KBEFsNs9L3eLwiTWC3dgrl0NDcTxn60n59N6nuPeE/8jGH4p495ma9p4y3YRR3MLu5kTu0ROU3M5/ajZQqnN8WzueBShROZE5/9dKIhGzJyKvLJTUkhPa1P+sX/INkqRD3Ikk009zi8CS/edcY2xD5pDwErWZzwPUyZNDDiMXIc8XtEO8/T54l4GygivTCVNqNj5JqX4zYAayHJHeGIIOtxXhnLJIiBoijEYiDtvGc/d3fDR5D1bb1GYYDDAq9b43gUoMA7EPtSpG7YMiLk+8uV/id/AG2WlX4zFCc4HvpTHc3Dzw2SI8B1cQyB2A68vGlaC+mgMgqrUxuQKpph8jkFwVNPw3AQKdRkNnZD6GcnTNiLRusLjOUSKUTTsnZis6msefvHT4+hs/esx4IjRto0+8VcOCHr5Q+kZw9LUdXyJDmqRnYMafF+XaWvOD738QOvsrcd7/rQFAkbGbp2wUsUYhfNz27C6/sruhxH5CY5/AluHr1RFgIrxsjX9tg3cxLyJ1xHDY5ni1ukPvi+4TARTLxYwI6lJ4AeEwLNRRevepWDHoOgnP9pAGsw53LsehBnHQ7Y4tCmO5+8o//kQ3RjleXhs8fAUDcXiEXJHwQ8ls3p7DF/w+AfT5OzdHTxNcBK1p8QoHNaz8Gdlkz+YP32LLDAK4McO3BFB0HXk07Fuk1K9m4GsxtD9At+H3unCQKr3fTwwDV6EMbqXDdzzbHmQAi+dsSom7EYVuoSj2DH487kLhmg4s83oDlMD6JCHhk4mmYExYMlqsDa6/C0n0p80SHxRFGYy/purs/5ZsevgehMlHHnFf++OkgPWUAewnEbD7UQlFJahUQh4qx3xuAsPcCEXBZ21ndNNBFmK44VJmmH6XRPMFY+HEWUUBliO/cfBI9kfh9VGotdmmBNmdHxxlzVfZ2ARKSPhmy5PbjgYmZmCM2C4fn1+7n7p8qjlze99pH/gaWOTiJtp/90fYmtac2Ly4uPDC78F1P9yYVb25NvyAM+GX8TblVHp2d/CIfmpQ0CJHbw+NuQ66SBYs4VHg0gRw4zKPgSyaN/NBjyITLH+XQF5r1+wP2WwsY297bV9q2fPlKP4fGk0CHW85+yQrQ778gEFNp+hAz8jmp3LrrZsMNWnggPlEqfDSlczkeqwa2Auf4w6FIA+khhydqH6iaH+XcqwkhkVHNhXlRkVAAhDSI/3mrUlxkREDs+fxwFsAxoUkAbMDrsOKQXylsbQpXSH3NhSM52p/dVMvRJu2seU70tUbCXkChacHsyt7sCOU529n4JmdtdfsRisLYSWwD66hal2UB8+YbPtADBvFMS/gGdr0gJkmdOXhLAXWmj29suImn3/0hQ6N79N0rnW7G/NrppkyRBeXo7HRqv8KeYeDpw61YIJnuvgAafduBrEXDIGMztGlV8f0UTLqiM7/PnOM8mNjpXsyDfwG6EOLbvyRfLDX0eC5EH1fIRKtOxCe+CKToB6nFTm3N7OMQsULv44oc2vpWEwSOKLt/ttPEKt7e2FgRCumkC0eVCpMD3Z6btD+SOuQLHJmedb2sClLgAq7VeR2zn08KAxP9Y/4Ol1l2rFry6WpPI0sxDZAKHTAsKHOuv2qL6WvpT1yzoFtee0Z/r+sT18o6/cE6jKxUQIQ1RchCP7kuFhT4ymnmFVXjC1Slxl9Cam3ZWjiI8J1+83pi3SF7d7pvSoGiECvx1w2rmW7qYrWlpkqLn0ZJIqUge+Kd7jBLpXPAjVTdtt9/2Zju1mX9wlE6N8klyIvqOfgnGmSOpiM9FAhLFg+Tjnr/cLlk3HgHxr/k3q0o3LTGfK7RzF5zYsFr856OCQMvXqfSpx2Zq2km8niu1ZXEsOPTbb28Zo5WQ9Q1Pbe7YB9G0jft5oWqNLVll/gj4J/BxJJ309KQaH3r4EHAkZyYLpPNzO7M3ibntErypufsFH0MbfOjHHyubqS4EWnbB6p2+MdhKHtT2FxEcOwoXEimPCyqT2IO8EIoOYlahVWq/w38HHObQ2bz1cZiNVYGP/B6YV50fWthInFkIZLt8se9Dm7/i3JjCj8ULndU8ITlGbuVJpZzPN0RZjj7r1oVACPolFsY+dHbJkweb/dPy+vZiKmlGismP79rh69/oZ9P62SOMx4RkqfR8dE8k8sp1YwdrFEpqV2ha9ys7QwU+/yRL18+f1iXR3TL5GG1u/8vc+9N33WjtUWv77iifIFjd3TAgCN+9kgJeyFqzCIjZcAriWwsvOYZc+8lfPOUOfqnFQGreywWUn9HD2UZvxr4q+Rul5f1gitfSYOJOiIOg6OGzA/djINPfl4mksoGA4cl7+427kUN+PAZfN31MdjvYpsgqNZNSfeIRHJNswrqHpXKr4i56ihGW6aGqIkBvsV+n5+SGMWRbqwhrwOmk+ChL71DiGpn2Ih4BQjYdCegyWscKWqvUIZ26/qkd/lWve0g+JtnrbErekztOoMzwugYcZ6Y/oDnjU9GN73PYHhBcZJaP+YEmPBHP+XIw3hnlDwvPDKTkR1zGTCezWCNv9ACqgmrlgn/jcssckVOaN48rV+6UKK6aYyzjBc7+PEdff7+DG53RdvRyd2dW3ztRGawi14/4E78gy5wRL0BDOdrvsZTi2BwifhHJfyQG7dl5y64/pvk2sIBOjeHWKaobSDpL1Gy5df1OF3dLTszmA/lpXjqUOlpJ7ewr/eGrfoB0xVgiDNY+EHu9KCuCUM/o/SRrQLrT/ArGocy/DL6nz9/nsNM1NqB9u/PoKV34cixLCozwHGW58CGb7u+7Okdq++M2zKpgcE/sNgMKH081rP6ccG1x9ANDFAlQHa8P5iQ/gWhSZfy9T9Kx/qc3dLWD0Nlu0pEr0eqjN7JW92xelBQ6ObAJpYBQtDXssCoVn79J0z0SlEL1mAdU74fyQ/fSy+zjtcjZ7/Si/CdhmvpccQMCC6oSqhYS9mALvV3B5UEljeebDzkR8pXcYSA+wedEIWtveBTlExB0mJc9OwiPeB/JRKeaixG9gjAoBGqe/BbVU424uA6YcyC4peiFNt7YaUUfdQE3fgfGP+tthpZkDCrcCNjyZ4upewC5lmgGm35nKlV4Q4d91W6eAxHIooEbe04OsMxuOu/OFstOQCluhVBkYgqeKBth6QSFKWy+TXbGdoMOqzNpEBkbGgm9nEt2EghZSkOGhDyOOllKdqZY+7QYmv9YVHbEpNN44IZXa+LNYnqPAcegiTXxj9PC1Ouv9qqZ9oveRrg+UAPocrT1qzPVd5h7MDu0IpM5MyIsxs1PUrlXEangx5u3iX3iH3OOhL8AJZdKt3jEQIrmouyz6iM0UhHHyYwSPWnOnoRS87adv043JWrZd9mcGuTwt9SDZIhTo2yShYh+qr6Dn9RdDUAPbOeXvp45gX3067WPbsm1Z2HMLPmocwZz1cJ78EEebGSy05mxPHd0D4cUSmoF/B5OGvHk5dT1EWFSG2oFSz+FQfziH5r329GAP2+o5SGSzQqntxsa7V3bayJyDuwGdBVZdmFkPU4rg+89B6zBe+TZC7dY5YlYtbMDKC+1qmCkuOqhOyFIlHOsDNqxPA7qt/CqC2jYPl1w6QIckDPIlMIeRUHcuQ0VtMbPpzfBPefQKzIMamOIrh1ktpBEHwWxurfcsdn3UJHpBRSkq8HUwwxywVrB1qazAv5w4osSr+G8mV96SopbwZsJbkpUo8UQhPI93OiJNRhUZL/ZJC1LVpw3M2/iY5tDFJtC70OprfFcZkogRy9k9NReIme7pwqBeZEp0kJeyxdKns77cTFssGYB72qq7XrNLGdRiqPUELM40Ns7nypDwoLKostc1sAS0wGlwYU8uHA8KB3s4IrLthxIb3A0RHcQ4QbFHFmdHz3PDEQTqgH0WBQMUpP69FrzZr++4zpirVtDncFbjzF7TS3ftVk/RzEJ6Ll18LGJ/XqikOzbs/MvXhna2JIZ55KNtnt4b1NNGmsxiATjOXbN6YLPHsr500i4YYL+4eENVf0WPbwU73Hya/TwudUShUcUvnP08ACmWkEgw75mxb/cGDJrkv6ymx5kHAOJEgTwfVTmIf6NUjwF7opRlLpTlGob+d88jzY3NjAxiPfQEjXEcmXy84ONRrfSy0jIcTeAq9gQ6jMBlZ/lXaaAOQ56ii9Hg+8Htk8EfxMkcfdJ+rNpbgA1403kz+lrWYcVxN/IkW4kMl717rc1z/g95LxpdUIuLfHfZ2CPTLevX6OGtDdFFiKlF/XAm/u0W19Pl4ytUGrXzP9yqnubqXvSWSjWt+nwSXO7q3rDO/kh1gImodDZAmj0zG3pJSnqNpjozx4B2MGlBX+uk6IIHdpbeoP580fl2KP4TdTXbuAvLJByoPhgoLi/RtdH4IrNWmZgczBdANmEo9Q+4+C0cyTY09DvPvoR1zlF/vgza784KdLYPgWsEQ54Js+Jqbas/AafPt0KfjmOOI2hORGaxUudDl/IVaoanC1ERAJtbDYBpZzVjPhXn4hhvFZYZWQ6wX4GH47VNDylgL6YgOgw4t6IiqEKkKObD0tp/4e1rP9hrUTnXnzqh6h+nqyU3zp2YBntUtaT94xowfJSpXlPcKBjbn7FkRARdjD1C5yMV/kw0IHx4QH7wrtwUqyrrAbwKIloNvb9TNKl5iYNdNIYusd0vh5SPlZTCswXXchu9QEML3MyZP5lVXdurOC2pVhzX1kjw/vcwpGiTsLBF/A239kX8L8cw2ONV5VMb7xLAn5oCpzSmgdqV9Hk7K0/a90ClnyaYQ2+NvJdsHchPmHw8NXzfJDbQX8Cn4pyGsSkt3MmvR9Eg0k0fZi5QZvANU7a53A/jgtOqNpz0V/zJOXJ6foJPnzSl4MfPKnFk86fre84uTfTpprpqTesSzbrOWVfS5qVg3j4hm5Cn3oxk5E0/wl9lu4ObfTgH+0/3KszD9O44ILJqQf7qvn/HqJHEOtBPBsrhaJ7xRhT2sDLSuKa5Xu/yBPZU9MatkV/7vNldFNxi82pTiGB2e23g1O2VOYcXtXq5fG0A5emIL5vCIhnE8GL+k0HnP0KHDNnkPeJEsVWBJYtOlddBv6ocMEEEbofic/R9GVgF87SvI+yB4ZT6q/IyksJoH7SPA8ZK4TQExEQi7Tt4fJJt+L6e/PTMXlfEj+pHdihKMd1FanYyP82Ik9aBomwv3WooDKWg1Wwd5Dvk2714xHQ79F+WrVjxMotP8uSRt/+L6BqUYcgd1rvn8qVkJ3KocMyWIPW/jbqI7cTzVk/R8nIcSXYgxhfuHl27Yj8VqW8/CGOTtdb6FrYGqoC/xalhhbOOotFA29VL/6oHxT8UkLFoNsqxMYjFAylMdM9lWxUHWTCy0ewaKC09HWAhxhVXOjXLldr+aBy7eiJbRMfiw8UrMBU8UsPluxLu4qX32AuNeBRa8LL77p0+SAtMk+2QhLsQDWMAvs9P/3ZXj5unB5StSLzTbT5ltRcVmU+D+gPtt8qCtAgAZpTEC7JEDNPpNp1aDoPnFx58VbKMP9R67T3S0YNAC9bw58f8PLb3EsBexZjrUw4AXmWjPW1qjcnj0qmuhjcP82th+5eFNRc3TfxzIr7dstsbb1rOb9vYLekqwjrscKTvWY8fJMp3itwQL+tqzBchJ38FEjr6xRdLQj8I5osIR/k4+11EnMTY4juPevYwbUO+xokv27GkkNJl4/FXd0MgZ73+oepnCCpeEgE8QoPLyEQmAI7eKYOfJ12yQtK22GVuir+VYR9T3UqyIIZu4VD1XIbsB6vnkUFIXM5ndpx7eJtmsCULmsU5eqZcZAy75lGA2lqPvzrIzv9VL6c3Cc2UkSYsWSpqQnIXj7fuXMdTT7dYppd9TG12WVmYjHNBDOByP4Zv5LkY1BP4I7IkRhkFiQ59fzvVM9xdldJm6N6heiK4dKzXoPzztxLs4AR6j8Ri4yVh8jXW6ogwdOmgL/MQbGKmmcv6S/eK2+UpnQWE/GAKGqbRWkrNkW9kUc/fFJhP2qEz6ZcdedoI3qWaSIlPSlqQuHEVqeEDvcfbL1+DJAiC6hwSACYIH8Em/Ut2P8gqMlOeXPyjEThw4bNOU0H7m84QIo+2nAAkUKv+4J5aDpLgj3z8C2XIgJYRpFBFetV4N3ccG41UDzES/ZUTht+EXNizRf6gJ7nuiBEEdIa7TALJUcNhhzZIZSdXcCrM4EMLJfIlPdsl/e1bWejaEqEABDeyig7aMQ/O8CH9y8kDJhurpH82k/Cm4hOUx+DRHZaZk1AGOzL4Wui02qPsXioDjQng/AS9Vg5mljZ698m4S0P3/eIfFm0Zpx9nlB5kD+66aiIq+B7MrsfWTxFc1CvZOU1KqCMTt8XEtudgEp3wsre5JgTrvQbU4Qcf8IUuLVlNLxWzqU9wCCx/VJpiskOgU8x9hq1EKUo0moHEyoOpkiutJhx0hTcHaqCgWKQSMzDfPfvQjFQ3E87+nJ/yidHfcd38wecvz+Xdv3sKt03YRXFL6tZzS+vIYGSSlWFcxhmTirdTW/WcPBqvK27x0KoPE6vacRoKVvkQx0bKoCXLEpcFNeofvjj55b3idxUJaayXvjSTsiPi9pl/Q3UbeT0lY3d2h00jYb8TtFP17d3EjZ6Oq/9CzngbFa7XrgsXjYo8evtA+niw8pMwxvie41y7zJYs6u0TYdynDr1jbWPhzdU6XHvfjiTlXN0yKw8RD5cS+1fYNVuX8xc5xj3S4Y04HXb+rscmfLI+fo95HyaAHRR50+DGRFmboyiadn3Z08q4Y9Hr2RyR9iIIM5cx26aXn/dVgzRPWkRIGFfrwOefBDthVYXwo/1xDGJXFkmsAvBIYhN/bfPmdz9bpAC+0os+EjOIfZzW86hQ1stAbT960C/xasC/CeZJnH0URZ/BLxclPLihfvET0BOwTrar8lF/5Trr041jCDE6wPZYkr9xDk3dPnnVXVM6L7gzb+FcllZlnn4RgjlWHrac3m15UGlHbmAt7TnH4guTEv/74IQmXOVGRNQTlynZta9RbUOdhLACXlR0oySAS6P5Zuh3qxwthaySnZ/g6vaMvGi2chLX5zbnc/odLHrQF78Pzg2VLIpC8Ur0Or+oyn5crU7GHIdDaV4yL2lvpQrf2ZM3i+Bsv8GYnOLxSRp6egSqu7k9aoCPhE0OcgjTVWiEDkca3Mw2M61+dpWSsCkgSNqKDkEW3K2WbJxRfKNZiGRpcAvry8TWiKxR+CSrByVRZf8pcglHlFZ0luE/ay+W+pskK1/+EklHEbki4eXg2EGGB830ZKJeHNDVHa/WH2YOarNm+De6TMokin6tXMzmQDysbjThBgQ5usUQLWnsGGJh4uximsDxfThYABVrFU+ZtOkRyBEyMRrl93fChHX5/pW7Mpg/loVrmoH8kz6Mudiz55x/q2lpIGXHAQNoQOJYllNlTtUcnt8opet7U0Z2xg3pE50Cf6NG/iTPCsNf+ALxuRNCYTaGnspu+ntaXzsGqyi0Vct/uDvwQ8wwLbmKx4R40YHAVLUkZiy0w5p9TLvo9uHpQ7tv8/e5rhRet8/0QD9pbKk/CC6PWZa7tYz+gJBPB6A/uFFEfDJelu49RUM/oLzkfCtuEdSKy2idMkJUsJsp4L+K8ZdqeBNjU8H15J05I8kU47iKyaEoMgj1CEPpwKjLVwxgraMtOaDdeVdAQLzfsJq/VGlfxOovzvoce8f7RkWmzxRWNtzp94KZW8o6BAM2lk61I9RfvbNbnO3KUP40PUp1cqRezeggQ/sHBcPOENv1nYC3Edl7H0zRFEF1f+Mbfr2aPGZy5w0SO44Ve8oVQVOo47iydkwvh7VjIf2TWx22EebD4Lu9L7TuZfHs3yPg+ZqQFXijUjTho4BuOGrwzvMSLjSDWQxXRnLbPAfdpBLkG/FudL3Z6fT2lFXX1XRsIfO1qIMRaIewxdwxVsUz6dt42De9+w5KU/zwBxo4+4VzWRo4YpAh69NNIky7vuRkP+BY7EAVrDPUiweavXmy7HrHbaSr1nb6WqriDPT/xq+0OD8ZGNUGmJ17uGqXswKdJja1L0l0TtLrTwSUsQKBgzhW4em5KFmDsvVbY3u578i75GAtNsdbhVIaI3bjacQFl6rqgX24EpZl8xfqS8z5QFjTNo77EmGhWNtWnuGTOscSRJvFWfuJ77UcGRTAwyZEKkIYgEjhJYuiku6WkGEKF0W8wnNRK1syWizKa67RU8aSpZHEExChNZqyPv+ODvhdl37QArCpOxO5nzqi0COiQda7L/tLS9qv2/tarlNDTg/ETYaTn8QD3GSUQ7/xI15HURZy3IzlD/qLJqz4ejFUT3RNnB07oh8K0Xml5miq+2U9ktuO9UMNCv6/6ZBp9xcueusvzOf1/Ce/t1QpTxNaah/z7eWi8+hdS8nIDaie9HBNkcHa+mEnTGnnY0fOx+xRwuXc6J5yJSbqxAyrnoHtTmO8F3LKoQ+6+6/iRhq6On8YCfNOSZkidACr2o2nYAmOqW+nNUG8jcxY/n27CbDroLzCzdO7SrEjh7bhcdBetuHxhHTTqDwM3uFKv4IqqbgAPoL9Fdz/3hojSA2sLr3NSEU8Wtu3QV79ewcHip9nDfBmquo1XNm/9rjjrYmXMxozNtXSL5SJ9pXS2i+rAi3OCU3pfnwtSp18ItS87HbIJOZ574wqOzVakQ2Flvrimr8KxNyrnRL5+vdNQt/gB000kRcy+AfpX2vuQhH7/rBPMS1ra4wa+3oHSHItOw1TcBaIXVzgy7dOeTHgQxuV9eZDmJwG5k+kopo06ShpeUIf2egUZ1Ck7PmLcgf8zB0yxIy2SywJOnfScZO+qWm55WJZ27St1uRB4cr+wZQJPUkUxvZw749zSRPfMjMogt9rCfTu3kfL2vCK8QuYKXo+Ynf+afHd0qkpN7rHZZKCdz13ez7sncpO/nVGALoRR06m9tZddKD6GR6BT78DEfo0GIHUmFhwboWyBneKMYH3PB+jd9W5i+pwnw64UTPn0u+jgTo0VpdsKbvQWllG9sV/SSVM0Jvep81mXMeC6JdREXKmlFK4dxwGONyX0rba1lfJbplASC6f5q1REaMEBSCEQjMFUi9UGsmCPlJ7oQLA00Vguaung23Zem3u6jvFYgMKLVZe1C8UU2z12tfNsxOm71QCSIJAP/TNsHJ0sb555nbtdMXXw438kpqHQP0Pf/TCuzJCPX6Gx6EKZtbinsVykmQqh3Kualh9skejs5g1mrPDhd8LjX22pB/MVJy1YkA+EsEOVYBRCHWGVebnzJb/zKnjcPXThJqVAFY6pHkHXvz9bG37QJriEQyUXAUBjH4vwXAEQxuE5AhVtTl01SwRgTw/68PCcFxBF5oBveE9tqmIlqVl0KC9/4Ks50hWaoQygQXD5pjzhQ7Ig0RGpZfEDpKeTCIG6MIvN766uTZQu8XsOeMHwMr7p1wq03q9kRGGB5nW2x3ej0GfeB5eg8Y1BoG7f5xrKoGVaXJujdGGqxDcTZgj8iuTit7IXD5jsrAkrxTkyIkhN+XPnTEjZv0sv//UG21kEnv5dnHjiSij4cn1nMk5ft3i3DYVdPhEBI7uJfVJh+Jste/Ijek1J9NOHHIsfWOhnlg0yy3v/7TFQM9u8YwqNeZAfqISyY5K9xmN9mx6k/XeBcwvgV4oY1LtgC8Cxod93TCKK+0ii+1xsAhB852ARyX618NiVtfngeof8Owl7wd7bxPycIp/ex76HsW3HGBhj1TuTt9zARO3Z643F9akIInmDzJizHh56tGrUTPhLUBAaOB6HvRnr95i7US97UTOrEctJmjPGx0zZp2Do/ytK17JAYlPqvAB621cnqYMIc76nkwouvTPF6v+jsMNW3vCFjTTkiILXMYtwNyueCl9zbF628lccOlMqf3pIvqlZK2hJDeaQ/b/pL/eqXiou/ixyaVfRXzSQ9m75RuK5GuBpfTg3F3otkamokJg11Um0YoZ99+SyaC726kbXtOGoMxPwir9CzV7Fx5VofyYax33Nzyk+3hRUhP49XmpPXc8pEAelwdp/lr5ElD/YePlunzt91eRwqk96/8dYaGUbmFV4qEn7CToAq6AfZAs21TG9bvUdJmQRaH3x92Ie5h/pYrxkMb5gZGYUnyzeOuxR+ZsFxn8D/4H09nyePoQk7xV+vOJdv7CFDwfRq5lb+NSni9o7Op8O8rcw9YlufZUcDn0xU35P/W96aWdwMVRHire7MpgV7nrxtmaKK/eBUGooAufqAnVLr+lv0QD0BsUezqsv/QDT05bpSGS/CYS8WcYaXHSKZt9W2QUMUfnZ4q9/GxYD0Wq5nC/J1vJrPRt42hlmTF1eT/nRxlb9Pl02Bpr4PaUoJLWrgZPii3hMvfqbTH5vJGLf2KOn6x+a0aZu3BBlwf02SmgmJtRjXdF9OX38OJvuDTjBkj9TmkDiUT9Fa/txb9RmZE0x2plq/Mo/269PYdU04jWrMXSDoOlr4Kc7q7HshYW7tld+n/V0I253RbyP+kXxN6Ly8LIQ9RhNz5Bpsvz1ozVpPsLd5A2hqkgw9LGQLu1mPp4fNSovky2Wt04fLe+QaxeMMDwZrhvF/2ijMM/bv2xa8vwUxirdTrGqE9AYdUmQ+aSNK/NtrXoKkFmfkh/3arKRKe0Paxps2x84JrhuRGaqtwH6wOaBp5poLzLL8qeQ/W/xS4oWe4eX+XVEiWdlzRzFaYDYNXlPzvqHEiKCq+wiUhfaVNmARDh/MnJXVri9k+WjMMvAYhm0I16S6jBlJgtwX4ttSVm4vOiYu7uWVJqLm0q7grm/SKjQ6O7eezaxqGCaCUmtBfM5gT67I2zUzI8LQ/wx0cE8GoMs3xqzKZQZ9+LekFBUKlUByxIM3+2suNoxqL9RPeW2Jw55W5WkriK2yiXlxeZlQEPJTvoLRzIPaaTU4EEdXTrfvgZpW555GY5PBb65k7mM+6bRkUZdGOVXbrnCtngwPnjnebkscjgikH+sMgvL1yG4pKM8yNIXUg/WWe9FCJ77vfSv4Z3PLqTKVW4Iw/cxV49X8VZMzYwMobeSY5kY+PQeyuLUzHY1YLX9lxKMuF3jwaEoCkfBfzHnwkyIhXuG3vGOBmEDYSRquz9ex+TJueURvZM6GYuhoTyiWdobTOXDajt72RSjeXpUrRXcC//Do3Tq48vXor+VnsWSNtaFI5D2mrI7vE6IF92ur7+fOJAfgf45BHmJ3PDx7DrfRQBVAoY8720RfqnO31RKs75jFQnZfNMHyQJQvBqCn3Eioj4WVWk5SyD+xADd2utnr3/VkdPy7MoJw9697zX9DXDT0d9oFXpG0B8l0IQeoQ/R2aEB/dc8MC+OV08OtIZbabg9aApTQIqXrKgK8dMYRM/RuL+g4ormscp2Gn1aFFucuqEU+/TRdnX7hat4SHOxPXBkdcKm885EkT+WjsX5Y4CemM24m+/HLkSTvad/qxHKp0zenN0fYOMx53m+TH6TMn+RJ5QCSX8qlsqhLRTqG0xuio+5jDxqbOFHDYVGBe8uZ/r7RrvuRo2MVKZc7n/kxF1MkUi7c93OUtapTnUgH6tTvsn9Q6uiB5VOH8mhIFY+6Zy5cCihYL92a1czuej4S5FSlK5cpV5hbialgInrMSPWehmClnuyhx0b1mIQPGhctKCYIb3j3MmIyYNDIT1i6fcnvbYxbwF/IyYWZ4QOlwwa9TXpgQ9067C/GIDfcuzjikna4LxksBfbamI+ZK+L9CLnnaS/FLnlvKXsc8DnDrIAc49NwO3uM3MPeHBLEljVc7lAncnO3yhSH6qJwAajMhg5FpqqkRPJ373gfIGaF6qmDZo/qPkON+nujahRwHuNVfwL91aRV3Ni0zdQOCInQtXmdWWRHql6rA4410dIQ4lsEao7CtN9/A+3iHU5OZitUP+5LO+Ss+CrLXk0gIbylpe8AMgmAebYu1xZRqGnnwXX3dvuUuPyAQewu0tc5Rlh9VCqgIQqAZHHRQ3k9DIEbnLAQL+4AzgyZQJoshp02BvRa3Lk6nOFqhN7GGsJ4uF610Dc9QnreO3zofNbWWe9OUcXfGfTFsTfVVqgBW/UAQIK+ufpeU2H2MiDhQOXobUGYjALFbDR+idjTsfSn6jZqyq19NpkoQmNLcN8XLGReeUcdSLjh2jRFBvMxZhhcbJOBxpsRDX39OD5f3djSIxX+9eM29HeJH4stoFX24OWPXeiBGCknMWEQOxBKB7ONhgxiTTIOV2ohb8A9nUeordD/DYZmU2NsDmjSf6axCCLScy+4wkig7uVNiAwvXLZl4TeL/WmyeGdTnw67rVfUOaWewh65tU2cGf2s7PGUPBVuKX/69P3elJ9lKadgoKe4yY1uiZyMG+nXF3je894XD2uK+vlG6/vkgmdF2N5A1ARloy6nc9XqeHvVzp/RH6KNdPYuFl2FATAHgtAOZc3+/U4mRfHQxdMYQyxZUuS/J+SVUdEPwfnN3WVdF9atWZ8Unny0jNxGShw/WmXOd3hOeBgo9hn82Z5Zlu04MT3v7dNjvg3nTei5FMgT1TbSf75MHN4zmPoqXH9f6haD4OBWRLtDtU7qJyLUfnTmyl+ug2dMY97Wmy2uVJ3+331N8/q+SIRz4SxX8wrXlv513FwJsNkuyDpqhkcdmOHfqGGWTb180iaBW+M7wr9eBYyfgLnRqEcBwc/aaOzGoMiL1aDwiD9YnDQ+lOs57ebTzAMci/v1A6I9jHpNlHC+hcuTOcyFSkvS9ITuwjGCjR9kPHbrTS4WiU5ShqKAmUUjN924yNKfFu44imdVbwhaxNOIEeKM9oTu65j29GLp1w3q4xF7Qydve/rQ0GJpBAE1TPlAbJ/P5Bg7dnS2umwlkuHeJbPz9lBW7hSENBzEqdYFpZ4IEB5eLKV0e6J7OmbI2+UTP5Ln8aGkXiZkDhf3f0TjcbL/+sJCY9QTUp+IoLRI0Qq68RBIOykHFVp6NZ56mL/8EkROw/EcqZrHkcNWzoobZBenH21Hln9CxLGbc+82iykGzRRee59DGI574qNVc1lW98naiTwbyXtcXxP2Z29OvGNO8ZftGP7+yZ1qQ+vwwmRu+Z8+0rPdOFU5urZ2Mv1BR/P78clEY0W5Erh9hiB+jeO8GkRpwPb256q6xHZDMBScYrr1daPhvtefFxO03/lkq8FI3fXvLnXTVcn07y+H1zKWImctHuu5+lFJZ1/HMelHqaKmWLbFMhyDq1RC18LaplJY5tlkXHcl0jY52jqrouvr2gwDh0Nbo6cdaUcBzFvKZEWRzUzVvchDK1NTYRsrIG88t2KPGlH9gM3K1M3ZdbbaIgLZvEUD0cN8Kmo26ADNJtKM1ZjaWr+K4ZljhDz6HBuep+Q3Mz7IjOny6hitzSFC1NmGAxY51yklSAgFUq7LD+4Mdnmgms5qZe+lq1QizR9QhiyZ/91biZp0zFHoBuabgxUOv2iP/46u7ZEGs1z1l8Z7XDKObY1cmn9vex4S47uUvM772SNU9qb79Uf9E8BV0BjoV+5u/i+hAgqY9geVp2kHH+cwYN0r+4+cfCYX9laYgD2MED/XBoKmQaWdsriP565INf7Y+uG34oA4hLlNnNLlUZoDnYmfDFRW7fmaxUQbqjMpjo72i57jIHGp3N/bks+BApleoAiCxpsjTnbTUywdPHwNNOC4Q3/ly2eLMj8uLfQOrH88SBYHurMqyOPLZ2ptgHw/m7iLsZePXbPHe4uecwHYL8RSkvbu/p7EGDzE+Y4iLVjEWexWfdd1vKPw4c83YdT7QPh6hS+KCSH68Kzf2Jh6cc35YcqRNtA3h1z0sHS7GTr40hrztziSC8zUyYyRsPlKu/xUUt+hKRehgvBsxonEV/jyIr5zzt5bUfLtg0nfN/JV+P/dYlZzwEqFlMnmGNVYneF/8sPdNudNGTVmIktGVUnSs7Ms4KMe3CodoUoBFyc6VQjjUi8o2t0PgMRxt5VdJtx+Y9pzjrjHcEXPNWnKhrQhkBpP4Zvx5oiQ/ovu5hB/PMhocUmFEIEnvqLrYteWjgP1e+wuvm9CC/+1JsvoqN0YlF02T9avjoOmZ/7B4c7twYyttnAzlcdGXL5jrJiFX9MQLBLH0vBT1UU8Dz1nvjuSnbbXgoS6YpPAt8keS4jgF+w+MJPxvv8r+KV60B5OQAWswRIg9/xPIEeVhqDPn2QcCSO57yYNUVTz5Kg+3rsUMHeNZ/dhZqK3g7xbL0sOF1eSeSXDCKSIhQizHcb6/oOxjJIKa7KKjZ30d1HPMKWASwB3RdinTYcb/1RtdIG0Hj68fKvMY3QRfLrc+IzyVTRBu+cjIjjsWvI2DpJPhIClkuDdDZLj3/50KKh4b6nDU+qohXbBqB0bAx3iuDw8YIvlW+otrvnb70wvqxgR5act9pNhfxIQpkS72GKXVnJteNvuMU5RVXZ/8tFXbqSLcxyvao39smzgaeEXaAluUppjtmvH/+8p2+aFGEhQ46Nk9K14J2TU0sGz2QBX0ARqWm1OGy742pAfpN+/h3BEgN+MQvBvYTBucNoRjEki/PbSRo7+A2JIYJiyOVvZUfiWD1pVjHCagIeMSfwTgvjYsK5sv2oXbWv/8vr2iaXtc4DoPo79+1aOc1qq1NI4TXuEZzIiAh9gzTYqxReJiqtWRUj/ATDFV3RLvp5+/Ykrigt/m8s+jfbvKtCokPc6XSJ9sKL0pnlgkFy2BlCpyZuo7NUjpFq9Q0Av3/KNlzcAEzh+IVYGL5mXOytGny1v/5CWrvpP5BlzTQqC8cJSpWisXKzi9ueLum8wFukl2ZsbYW3xWISABvhtnzu/xFjVw1Rfl2BkipcpJdvFYC0nkgm/phb6Mm43lgjt1dCLwGbRJhMxvOiqNGz5SpPocNZVoNRKNsi0YcH4K9c3uZSn5NyV0/2COt1yiNK6wyGWlVvs7c2nT93uFH2ssDy1dn+Qh+ho6zdnDxETCfemxzzDqBzw9wM7JT4D1+DO6QPV/O5fsvBTmtd2qj4T80V8SVci9HYKWdpzttxE4Ndzz7kyo/HzgkCNlE8JnBze3PYoD6HFaVQhXhlPPl6MCzz+w1jxqkkCn10Zv9FXDiHFv/DX3qP2ToYvRfi2bo9rKzDvBx0X7HxAd3pKXCvq9sjcBqJ7pd4dlNw0tqDZ+9rZpCmOo/GEpsEuRtc1zTpAFyJA3a7b/sTaxhZB92LSNPZnvODzpvQg45tY8CZchUWoOQ0Qmmt++lqDtMw5RT2KmyHxwnnApNVXWguzUBLpiQxRigiImDF+uumHWf0R/gy8/rtdonKUQp4v3NIszfqRz+zwKqQE4dQmWVB9TZ1Xqd9drVlLEQcKcK204ZWQ47DXUAdp48YbtHS8rtgtM1KeEg+U+6wOzK1Fs5zgdyIclQajiyGDKkQHgqKEFwRYHi7AmjMXYxBuOhy/wxMOTr3gOL2vfBIHVEqVs8OEnxlj5I7G85Bfx4D+Iyry97g4D/zEqpnTbO/GQRMEDi6yfqTACiK5ZCryRgfuANhV2b4WOlxBQ4cYIKqIE/eYNUgHt/2Bb2cQhFIQRSKaBz2og679Xp7BzdfbDoZmNDy9c6yCfeEC05OMMkHqUd/oiYjvO9dxMeSBU78tlu/renfqMRfUjvoyUlEtdP5r3EaATpYP5P4yZflj+X0BC/82GlQo7Jou2C6ZdFVSeAdBBkROQ7wPQUmMtSflyre6xARPFkAMnFRDG5v+I28l0wE2s7eYnSP+0/8uMR5yCwtK8bSxClvWNVGoJbemjAQhZCPuN1IEkGQwOCNKh1f7V21faOq3QNsVcHlNaZ7zI36xJg+8Z71VtUj0G6J/52mbFiSZIzVnWx8Lg3Du9xopCkabWDjAO5SLvm4OTQyVxanR0uIrNQJMkNdb77vtQXYI1K7n482Iu+Dg+Nd5F8nzfHfotu8zcGFoHf7rMun/5xj0zzbAL9uIbwoYa6oU1VTgVVDkwvjdbrLWymdQLIBdEWmP8nZ90Drxkft3kh1pvN6ppeMp4nKp/lKoGmpP+96BuyRFNEmiDB8q4e6D41ahmc/eO/JY1Tp7T/Jb+g0jHUiarQSMJlHKW7eZELv2L0oN2rkglnafR5jKCGYXSnblG/Upy7NHkwHhlhxbLmERr6MvDmWEhSKeCWQw5EGOsv+leQHAanKGcdKmUfhQNZBlD04DMRAUkrub8MeGFj4cwMTYVfOY5rvRHUwA7SHZxmd4Ftp8J+kCM9WyMqamkem87dYt6fBDwNZndDL6RQE3tyZLOfRinELMua2VD7rSGDDrnZIgeeHOLYT1Tw0DWrm0+X0BbdSAq7IS55KEmK8Fa4Il5Zxk8wrrtovSIdqcszH1Z/F4PAI0iPSN3ptpif7I2Y2PPpONN0yOe9VxWkLLHOvrJDyHxbo3wVGlnS6YncuQDzj5gkr7RoJTmO0m794ZYZh7Sr79Ozst8vONFSyePx2Cn+nRgDIRfAumdywVSXvA+qOWygPfSCxtpVksdNPL6ykaGURfTjl7Tb/ESLaTOf35s58pFCrXk6J+815GabG95ZCtRzhzHA2I4zRst3jLUdQsgurPA0ZngOxJW7vtl8YXoSq5eGtM1F2JT72TS3AzqS49787ZEnwIiM85ylDWw1unsKGUxEigSIPKynrt+OlEV1FyUQAQXexBd9g767KPi9UuZ1VgnvrrcMyrwratnZQt2I12w+lF+7exBqF1CJuRDRtJbdK11DNRkJdYRVL7Snyvw6cB79N7c85aVc0vn1su0n9UI4fkZUReUWtBVkrD2T+DtdzRVhSo9zgMPw08CDvDyPXRWS5IDSBDraT5eCswtLHIsZbkbf2g3X6LxlL680MPDkAKV/jktXoDGqProjXxQeXNCiG1RV6CeEJv5jtyUpvygwLsKCx3NKZJHqz+u7532AU5lLoWgtwlw56fKqKLNJ0GkG7vJqj2CsQd779RK5KTo++7chA1ieFd73JiPB6W6YtfY4yGqe2sF0Y2GwWO2mdfG8vlpNito208eyx63TJXbhqbDPr2bCMcKVdxVAbruItXaYVlP00c5UdRrc/GSfDbbcRAmvyAME+1q6rfXitEaAD1WXVN9BRZF/GapmmakJWhVhO5560wzo9ACtdrfvXBs1b6RydEVC4hmuShrzRiKJjQBhWbi06zEocBkCl7ymD10HvYW38teoyvKXZN6ZEYAwHnzfxfTYy9VcHS+yoxF2Mm/xv8S7EcCOH0aMfY7/iBDLpBIp4CWUSABfDzicVm8gQaRcpDusaAVjDfUVkIFzKUCP9++KKlOVFTO+BOxO6Mt/hzHKBQaxF4knG6vv5ca2AkO2bm1NaTipVyiYstYK2r3+3r4R6CYMRk2nDSo9eqAb+Pa4w4VI//K1VyGYUZrzK8IlM5jz25wFx10+7XuUd7Z8YtZMj77gcbBH+nvY47ruFdGx9UUcS/+R8QNW1yV8sr3jvmy8jnzdp98cNM6rZq7ma92+anek9o2Os+V7XPJfsCnBrxRS4l0erni0y2FrRhWdwb+9LcRF128V0ALOq8Y/4ehDU1mu+fUvZOg+zmx2HUqd82CuXzbiAeuSXmONmdTS5i7GvVwCv2sBGReLoy9QF5KMGsdEzrcF/0/i0nSl9VBiwpj5I9Cq1zVllknQnzFIbefdeF7ZMo0NdCt08CeKpormYSK9T9beeJelmk0x+TjhNBpekq8Pe0aqfwboiv8V+0A98pG8diu1ke2UwsFv5FcrB06eCYEWeZvc2SWeXZCqK4ZfXZjIdTa8lyotZ37zyRRsNcDBo66xYh/D8x2DFOS9wAno3fc06dTHnztcEIO31RL6h5IfPYCMhL5a4OfoC7Wy/5IUECsMk+s/ZfgEcH1KBOQOSHulR3cyGbzKyN2LBp6TKDshTY2WhGwPV43qHFtK1wplnVtC0pffPMFrWnpXtENDCn5hqmZVr9FCVBeUDYoPGue1ez3gV/OBKY2sxtXHgndvpQdxncAQzD9Y2OCy7HwUMz3q21hZO/RHqvQpCYhyDTvgM98eYmCcpt9yNjOQ8xXbTE6pjnWoeT5/ZhqeqaNb50eWQlhkCfiK3Txqfp5TBo7pZzRDj40NmcGiVscQioAo8U6u5gdhNHIGfPjiATPOR95WBw174V3pnqtAky7YVP8k5P3Rzz4hG36pQ5qFSMF7xVLfO0RxE7IYshfPXXxjvBhCy/XLk++M1D8NQxSJHPDYJzN3iudxYaTZvgCfnw18UN+hmHWkL2J9f6SBMO8ViqsafSJpZL2ydSos+OtPL3L5uo8gmCTzlgeOJWDnpbey4frDzOmVI2eapfz1nPV38M1s1dNG6ES7nYDy/S0F28+2sNFZLJQzsL9AOaDzYLby5V+/bbfCd3wP4oM2GrGu2OIEIVWy+VbYtM/bo/GOsLN76LT65dMwwDkUP7K5vMs1hrB0/NkBxAhDvnGRzOZ7eKNp+aeGUcvsICqZyRRlqO/bJ1HeaW0g9cGCHqk4fHeFFRQbh6eZVlUumpzRm788o1+7+iJ/9hNgs+PSj1jvZPqcedv4IFb9taM5zsgkR9xr5WXoo8HwmE/zzivp9V0F/+Ln18/Xb2JAamfdNaKn0tz9CVUeiO9GfmPe9CmLqMFcW+JA9TMkZPPshJplFuoYbv+HoInX/tgXMLPybNNMwyhXXBk/6cKm3UNgQDxgwIejJtuYXlQZwui87+c/36GJLKdZ5J+/XIqiVm3CWGNL2QM4gGxKA1uvb59h8qRLpAiAYJaVvMc/YANiLL58Y4r5OhAP1I/oMXeHGK3lUQjn6TJMAM+SO13MZnIXPMmmOpnV/WV6d3UnMw8lnKpEgQ68opuyCcLjSFFuY54KxwxOBAEDEuUHpHWb/YW/L4knjxHSm5DTluSBYHGc3r4i8mvYQ6B3yjOmSp/PG0mW/9wFkhjx6ZueW5wH2WYq440RkUcf0+5saI9exWt2Zt5aeyELZ5UGeXZFb9vy2lCNFA8OrvJlU1q5mghKR+aHfWzzhwd4rt7LawLBLBODXi3bTvPzOoAtf8xY8dIoKi2CO5OBn8D5y6G1kfnlNukl/GdOZ5YqYdqvqFDI2SXhUoj3WmOgyU3gdwuD36QTnwQlEQXBGeB1TDQRwJnew2QLPCm6WAV39mUb0fRylakNKnS8IVSSQrzvzisvOHati68jRNVY2icX4jtetGvVTe/GTt9ceWx/eTBgWSLbjXsx5DwpinpOOiF3V8YYtbn09un0VvAW3fJg9IvA/3R4MM84/ds2sMwRbX5q+KBEIuGsmZ1ZMGvob7DAJL5kbOw80RCpiNT5ZX9uIErx7sH/c84f5Pf/HoNxHyw5mtqEM6u2MX1Ag2tyzAqzRsei2XT2PeC1ssvOwEGmotLZegXcKcF04kV7woHFarWSBk14VxO+W9Oot6G7hwVAazNV8STQwvTofyjM0RNLPypH3qqTbAm3K8vF/1NKCEzRqtbjy0dSg/e8b90DVeSa7VKGycIPo5Q8nEA+/W3pgfvpfqlB/lT7t7kYnfs2Kdv3DC++z6U++5YsW6q4u7Pm09qf55Yx0afWIeTVO6n6Z4Ejv1SU5oSoMF6ClofGC/62vx9uFr8oAus/f0Ed4POIbOin1mKWRdZHtGQqB4naXEQ86kyz4rL+rmkMDv+nZbkq381X1Z25k/pCXRbAn/f7FO0DqMjIX1h2/LrWoUWdHfEfbsN+HK6VMuDYZ1FKZRioK3QRQpChA0Z1f3Q5LQU1l35IMxd7/9j6ryjknz/gP1Nzb23leLeWytzYLk3KpYjZ2qO0jK3gpp7JYozM0lNcZUzd65yViqOzNwr0VARFQHXS7/zvue8f3AeOIfz/AHPc93X9eE+h5i6H6snBqrUQb9fso1rzBlqLA55qiRyG5+sBjvrpk2H84mfMbL1g1A5AP5JmJCPtgMOBrxipEt97d3j4RiR9BLOfRFe8aG/tIkcBmH8m2ECA0apNEmpwLIF2KPmU7b0vWhOd8nzjEe1ei7ypPS/uvoIEd7lNyols2xm7482zHYCeLM7AIMb/jm6BQvHrBWWHawLzG7V8/fMgrWG9RA+8lRblNgAYTWBmLr1KII6LebErYO/5NBZnPgd3UyjorE3+J3Zww/0E9+p2LQo/923k6PpN+Yr5qeG2oeWdad5PzOcVQrQoXH8xvwHbAMw/m0ZktJl+t6Vcygp5RO3Dq5EJjeG91Ubec3T9jHzFi6r4tbBEu0sGPjk6FoivPW95cpepbfEhvTiLO7maLH6IfOgG/0s2VHxC2C9i6x4QFJpP4h8MJRbNRQ/9TbStlBeHbJ6iyuTO/Wm1baehKU5EIg6w0CXjmHpz453rjd7IJ45WWE9eTQz9pIkVFESeZOAO9/opOeG+EG2HQxzQ07ip2GCzz5p4GwaYTTZ0AK0yEFVIQXTnGG/jDai9rUMaSLtQZ1H3TYyGZjrNSpLEhUTu8+HStJRwC+BQDpoBR9shsmXNw3CMxKTEzYA53lP7pz4n6u3M7N+lOcunOk80L1fGbxaOPaSYSRM4oWCL+zyWl3GKZ34PiAxd5nPjtrxpeeEn12CeJMoIK+bQ0oPMVxapc4kMuUmAE+/BnCKO8Rd/wVZzXrgQJ2Zbdvrf+rXwVx2AupPrCDpVaRtdbgw2mCyAmHGhtIjEo7yxPf1DNg/fXSK9iHXNeo8+USJE5wICCcrfcD5T7mvAKDDDhVAamBr41nP6tprleTTMK1rHYweUkCDXereX+GyvvgolroevvTfXx6UjBWMW+VDlv+anzEfi/uR33NccREbITyAvDjir1Swhpg9BsTQmR+EX9KaaWtST93RHBh6eiFVIKdGqZK15r43BIZ890mFXQbbUS3ED0w+rBdcZkjrpaLIhbStuPPJckBs4ONafS4DpkDP3NDRN43JBuxs+lLjOYhGYWMgk3M82n1ia2FWPWqsnkrA+VOwclZa7Aupg1+vGMM+dlOt30G6sT/nZxKxDivkyaYOZtDGuJv1GuvHsRYze7RgOS/+NtFUqLS47VxarDn2637CitQoTy/dHpfQNlC5nFJ8qDOVAPe86dwxBbmWooq4Va2KEA1KM9LrGdYraitIjwxtR9ujthCTqUDVc0M2aI7Vq+pumZ23MT260Hwdoq5M19Puophby8TSw8E5tagtCnrERrflnKHJSXjRQAKCYPq6gGDM3UHlUeLynFuTqfaw+nkVkt4IaIPd1u1Gfryw570M4GZ2GXaNBT34k2Z+kCWKiC3S/HoZTv+Wh0X3TXgcyvujxMcLdeq2nbjYb929c329xtIfup76AFM3wEufnF4n2fnNskdYdDXZV+1WSx/CiFv26rqfiFuhOybHVS8aQUr946ZCp2jTE7fS8ZtnXqS90lJYEhCF9PabXbY8ksrhDy3dv6qPr2prSANYv8KCOgmhqY4F9WnRNSlOZyuo+OP4mpCDuKAUratUUiUVd5PluORmbagbDG19WcSysGJugqvBxJM3Cxc894z3rSqsM2yWgwe8/wxbz4beR2RMR3BYTcyBwUeo7D1whbpCpO7fLs5V5ILv5yBjbdVFZI8KPU2qBwKwU7ZiyrDSGTF8Uav0+Ng+6bbGM+jFTWfSJDT1w+Gk2JlRrnPndD8I8BorYkpEyZzzCl9wSlyiM2N4l5LmznWpdEf8EnnyI3mLDRUdB9zSsWqlj96T0QdHj/OZb4dSuUtCWVQG8XdiA9jNcHfSDz4zu1O4PRrXLfgVV7sotdE2L2S2E8Ka3SHw1cMkP65gTfy5VkwVZz6l8oiX9pAbAMKPVx4ZmvVXqAhd+lKA8rn9OEg06NfACnzcQoiIWWleypj70OLWIodMxoiIIlj8WnuRq1dqd69fqVWhBLb8pCRCTwN05a6xXfv2IEU8vkLdWzyTDvhko5nzF7sD3dObz+r8v9hPOdyFzb940EJTqk7Jhnc8cvt1BYUv4uVr4KSRP6t8vvKV7gGt6nuA4c0a/naMSInQuVrAT3W61SFjJo6ooptEswWk0Jn3CPDvJw+EwvEw8LqjffDsFCxyLUAv2gOMSkIB7jTEtl2EmZQ0wswII07GngCWDatKbNNg9mEDDa4Kc5iCrMA2ZRT1iM4lreonIHQKd7Jbx1REAlKeQCMyuniWdLOaZcbPPughevbE17FznF1ckTxx+fnKMxJrAp11S5NUbfI9JQF9DlElhQIXz8+oSdRPdV8puXzxXhMv+JGSNLMWWM/YRv/tnUY9vTmbFHBbM9iQHeIxceonTBwIdO+57n0NwqSUNHn/ptsRRfuR5/bfTLhyYvQZTfryJdPPErpqkjwUDrtvDAfFV2y4cxVSfcvUm6Zre/WKR5kpD0I/vF4MP17b/JasHfQ+XQo4VLDSFL18hbEIC3RuCBjQLjw2MD8tUdxTZ6oLJ5Tg55UqVXbA0/wnXDsWhAciA8jinLX1Tv5jn9TxWi3ZgaGNxTiz3lIpYAVAIEnK/OD1P35xFye8NjpQcoHw/TH92Ltwqf6d0v95n9e2n51spwgVQlQLDhPok2iuJAMN/1+eTk6JTOcHyvZ0kR7Q8nowtBtPWrgqyL8GcybfnxzRxfrUqfL8P6vXT9W1H7cJHq3pAVQaL5vpezK+F0Fy3w+zh3gMjt/uQZa5D9+xQURmnHV3JySyVSmvGsIwuiWPBBdlYvcVV4fOyqYUcXNDk00GH4AZHLP7Vd2JjriSIdWs9LHJD7etzj9n19MZr1QBB94TJz4X7s3xe/gAP3rASK667JNT1e83ypKBo5z8Vd01btOsGlbL9+1Qa8k6M1+ODlHeRzN6zaSfPBbaUTFgY1sryyuN42WGjoSRb6vG2i78o197JZ239PUFoMHOXPJHNlf6kqIQaJMnHUvJ3/t5aEZOSKsiGyZSQC5B4obX1hrsOs8qryr1Lg+jwW6o1urJgOBKBQvOu3B84MASDuEcQap+cmq91R5SsfXVo7ylZjS9tvtJIxC1pT8MVJBe3CrPhaKhpnWrM1XzrtPzLuKkeDQ3tKv4/pG9Xwy66aN0MhBng9CgEtfglbnpzAUMOXhmK3IWZ6nXtcOpjXUh0+spnTtmjSZKh7B48as3/VF8PiTrkQhPjPMtOiP5Y7QJpsSDw4JVh3aRdmZz2TaycEE3xXYyMqdqIbBCvW5f3Rla6BOLwpjp/u1kT6e7CQ3oJAV53LreL92F0wAarpJ9beuZyFmQ1FvsoeaTz6JzW0w6jrpCp3YU15+s7+20FEwcP2FsXI5dHVPQwaMsTrLiEXLUtNrwo6Ym71EQgF9KO9FEOzFVW9qENWZ4KGmY1+RggzEbq5a+Gsu2x56k2Ki9qWhgReIf9DZxYeaAkm7025nsf+EdokLo8i6DJ9YF3XVC77XGFQyLIigLpjcFxTutmF3pB3JXGgHgt1ctTpVerbWxTN3A9w8VN9J0hxRtvw11j5DQSXKKfVuAKp7wl3jcItY8d+9Xhv2HVrcHNR8KPE2zRoByNz0RLA7+A9/FIxuaD2eHM8pvOnBLOvpR1jY8aCr8eEt5eH/x5qtmb9mylHdVzIVshd+87xX3iL2srXnv/pDvw3St7w/7RQe500pvBtn9//R+XVkNgbySfYVZf+eCT4nMaBxHkp3w0oPCkm11SF/8LPOYQZrUNhoPsH2NXU/tZ/IPY1/kAVWiOT6IJ40A99KRAewC0nNJYqTao7tLJq8xTb85iE9oAQyVZHDx4GYjlOaQrm958qG8zjb4EQXCd4Y7TxZuTx2K3Or5cGZf8cL8tR4ggg2eCoxXdhp+jzjRlLx48sIaDFcM1b22lG7x5bp1NSjHrQr4wG2jO1N02um5wPzY8qzR/sj3sYHfn/NXm11VnPmPb6Yjn8YNdLm4fSJoyuY7x4l9QD+KhRlhU9qQr9dE6IA2kqlmSeZ613yJywbnYrZKhxK4J2E5NVlrZTJM6026ty2/eWnIno0pCRnKkThzoUcmQLaObEjlhrt+8eGxWCt2rsrQDDeidBdXUif/1+eWxVtgnHuSqQLxhgY7DCwRNUScQrJeO6X7vtuFNaG0tdnHiqc7DZY8RrAckHpZpwW6qYMHa72kgMHlnIgRdWvIY4wOtHDtUB50oBR+WWl0QGSqcJACPhYeGIIccBUotFMHXl5XtC0nLAhVgiGyon0Sdnlr4NgNd7ZRK2PguIk3X3hinb1AIyhFb+dPOPIy5wGV9KXqOxwPtOA9R1ZqR5q82+V95xp98IioVeYMc+r5xsEUhGrXTI+yZ0rR+Tkbkw7Hr25RkCA4BYjjVPa5nGCNGnvXsR81XWhwcaNBUyBJYVlO+MyoyiMg8tlaj0oG2WKLuURIRj5AP/1CWKAee4SeeOlDb+GWi7x0mu2R+w0tpmT9knosEG/blMIXca9q31pSThWV9Ag3J6l64cvuAP1LOYv4s+KIC+bUDCf1ewKkFiWyaxNAKs8lblJmPVR+XTnpV1WBBa/qgLgyIaJ9SeUiWTefgsX9yzV17o2J4D5HHUgBX4xsYT5or7IDBfy4GROPi267/t3K+N7E8VIGKNmFoSzie5f7B4yKtbjPCi0u2wDb6yO0O3g2Ln4zpTxcHLM9qrJ7PQmr7f6WitWzheYLn9pcmUtKAc4e7Gz8oE4Fsm3Kk3hr9BCf7psflWykBMOOlgSHUjGWKYPyFx+ifw2wXEjozw7xZzApf9K+VU/jdmtVhSI3eo9PcHh4k3dX9d2oOJVxneHpzb+Rr16vndbDsS3nBy9//l6+nbsQaJZFJpZD9slyO0b4j3mZ/UP48Uzo/Vnb5c20DfXsrOWRtJURSeFTzXF1hc/9IKXG8W/iZ5qBH2ylrKNE54besE7REhqA/0RAV24hI6DXO/9V2De3qbRsaGrV4TXhukPpD1iw9DYy7MCLlit6AwdKocgU19WcYczFqiW7pevy7o2VxI4nX9wQJx1pJFudMweQBPq9Kbggg0d3kpU+szx6qnAPNKZmAqPkBW1H/cchucjs+shWh0eaiNlqy3JvPS/AdCCMgeCik4Ai/KPqKaBZsGjNF2ezpuU4n5DOVV3sbhdD91ta/qv8IcoVrcsv+XZp/ej8Wtwfv/ErmCu8KwbIRTfd96oePz26+KNh72fbqE38TKyio3/w+3lD0iiwpvbO5O4Mk2fmcmfN9cAHWev3j9pSmAuzYGwPbnNNrP+JJWenT1XCh3dcLrbwYM8nn9BN1Uwuti2rQzLzFFZvYxQjBReK04BwjG42VPiqDT7rK8Bvm3xextdnHDWGBLdJWNm1dmyTw0NCgPVhSia04Ei3e/kvFWLUkk5b3hcYmGVMPhRg1qv/mBqfrY4Aw/92rAbYRWumPB/KNhIiGn21RA1RgqowTY71/ZTtObkCviivcgncg3DlVQnEKPDFKjno42M/xQbHgviIQT8clkJltW4/rsPUTYfc/xj+GIWUziowUrgQX91ylwpTIckvlVYBUTs2AMMPNoDrH/QAMh2JFb0eB1yqZ2iqvP3Pr3Tz94Q9pq42R5xInC0PP8MWjlvYyatdqRHjcWs/UpeN43Djyqtmh9SmskHQs/UpXWmklymVRNT9roOeeYLWasNObFgxRrjLEdteiKMVyQfEH3xFuKqfqPGkofVD8rrd7pI9TWAkqcufpJlng6Mzjz9Ye5iscTHhOpI05sLHcjD/TOL52TDK2hg4tA5rEEWYeo27DmUsom9D1J0bQvp6HI4SGr485w09GXjibGr5963dK05ER3a3oVPe2qHKjvlifEQjJ4KkQha2qKy1QD2RgaGgJcA1Mt3S5PsX9kEFct30TWKzbnvRHH+utLp2H936nr/48g7xmYe89T/gshUN0rWbGkksxOlLbirwnbgJcUAIuzyih11mFJkCB0i14h4MWBWFDFqY7XVY8PoQ4BKeAvRRPOhJbXmJfE4YPWc/yb9+0qjk8yV4ujiU/tP5x3qHu0/4+2ER2uuRRbmJWF2Zzx+/PELZTxcE/HcT+VQsEmuFuYOoFjIDhheySFxSVh721XmzBpnWocs0fiSx5iUfPMnOvIsn5XiIoQxf53tPHzvpxtb+TI+Zyzchd+aB0QvYLRu8T4cb/dOe45fz44EBtzYjEkRPjTTDCl5KwFQssaqUPM+8BFeSzMRrgpxGy6/BRkXPbN6tlMkRj2bZId73Z+GvXqtFZz8o0+pfl5We7wrrM3yIC3hVmPwAwJS4G/uSMI7ptrv8ZonLTlDAKRApeAzoRrY8TXDhS/DxZdUfWzYnXYY09n6zyhHyNr6d1Us24NlQPwX5ma1ncqc59wjh5LAQJZmdvU4DCoxLkhRHDB8eoap3J1mhQdMhVXoAKBxUzg7daASpQrV5WZxrzq6Gi/F3Eu7N0F4KnmWX7gfgh6h/ijd7wb81vEyjdWFdowulhX0ryBOhu8VOjJCUvAJF5NettweXH3pn66uBCBn1MRP5rh+3TnEK+ntWFdXjTGSNJX1HGZdX75OvfWCbpyo/7BqTbTkJzRWVan4S7twPum9K2PYt+J+lmcCjugju9FpOlqy/zeROzwjXLhj/xrplaK/6iZNfrXkAdtXrJmm1Sb6fGTOjEo9U9M5QQv+NiL4T+s2eyZwYhhtiylX6/lalaPJS0MCITLysc2ZXD5exSmBOHO/imxcxShX5hQ1ad2xwfLNQ7WzIYKhIkFYMndNJYAdmSK8VWrAh/XwuaYTTa9RZnGgWsBAnxRypOFPc+MYYOIUJ6UOqlExZEII2no940WRDKlrnM7b9WlVGvAz++sV/KED5ynBAVT0BuzaID0/fojxY5CErVyEOPFdVPX3LP8WkAh1qnw6XF+e++vq7oMmk5aOvjveovdTP+z9U7eeKkCe1nLXsjeMm/fQdv+GfcgtzP0w3suRGPqBF7/4KuevtJfg1ozZeUUP+zMjyQKLfGUxICfqvlApFIX6mVnkVEIKpfNxelhl1Y6b2nVrW7Op7sTNyiQ5PcEcB2RphjoSsNG0bPHE6oYw9ykToFLKZivkFDLvxGyFGspyT0Jjkv2MV6x2qWa44Z1i/wN8eoIO3FxoBFkvjbOkeRApFv8qXXkTG/OOd1wdbtz7k0vDpVxWRgzJ58aOFMIU2JE7FebOwJxeta2xs0f9Dw7igY0+eeqgaDI1ItgFo2FeD3F/ZAORJdgkVDWk/K9LkS0npIpVKfjzOb5uZPnnxx8z0a7u2b7DL5i+upKiXwFcC6+z6hqRjZ4NeJ4mWkQxnXQGBlNfHNaeNsFkOwRs8KyqNgasnu/uV2gfXz0LJITuufSUtRmbjicTB7LUqkRGJRk44yJs+8iN1SUrlaijDN+YFL/j4VP+aGID+7Uanj+OvO9dcpEeSKghFxHPRsWJNup5MtWmfZUCdXei944w4V4z6lZunYwN/4/otIwlDlSp4hmn+SybTgyoNH5GdUWvIDvEphxSw0z4VdD6nOrBV/yB13LhgTPsquHCtKRNJKCA6Jc6tyShmlxMUySnKX6BgGhPuyv69aoVD7yrCRq7P0BRHh1Ig5higG8Lu5dQccfirjeeQwA7bW+ESl3raT9QnoG9x403CKUCzCaH97QjAW8MP9qdKx4dTbYH7DYNRX+Ahzfg3urMCJfupppVKW6pmFB/LhOYkfN7mOxKs0oCN6grixkubKY899p+yhvHnRW25ah6ykjU5wesrGySKwN2t9oLh40XkQeG+gJ1c938176iKS8X1TNvRZTI/kF42wh2Z0JMmqHGYXfAUhBNlyLdYVr2fKjCJUve3SzAVpc/lgL6Ayc8h5xKlZOeGNpF3agdrFDvJd2fVmMwWXd2ReqQI5YW2h3J7ooksVLdxha346omiPtmfE6IAlb90ZTrQJ48PBs2Kuov7pDsaAbZm5vmOOKnh1WCnsax1t84NuV/yN+Kv7R/r7ls+WxmX+s8c167JpbYp/5VXH2climDngGa2TDG13m4PerfVz/kvTV+R0xRiXAoTPs3JxoKX/kEv/fJeD3qdb1QMAC0dj/FihaaSF2VjVJK14M+qI617UfypbXb6iSYyOs5u7KZ0sHOFvtiJlBXzAgtaEYjuL0M1c6P6rWBXooLkhyFWb51x836l/pP4u/3esQznx5yHf+9bR+aEb/8JCgbgT4nex1LB+7w/oirtl8vlTr1TgLIzQzQpdSBd/87blhPGcqQccwIqD0rarvs3NvP+Bsy9uWqYf1RmSpB6QJIqx4KrcxDs8QCQ0GnmlhT22Ygnok62ABMIbJNIVL9Ib+WPCu9rhL3sh4meB03l4pp0Q0dBDZMws7MsiQs0PDqI/u7A8F0Hxlx0D+CLKGl36PnglXR0p4s54pxXChWpbUBncLKWvh3+n3sEZsjO5OTcjIw/PwDyLzB9vwOw3on5QtUKNcO9RnfwcDjhH8HjVTxZxDWsQ9xTKT15Kn5zYELcHLxGLcz+fnUrBSXxY/1Ac8zLIfOKn+VKXrFCPDi5oKpg6FLTYmzVK+Y17NeGXuSn9o2m/kJdMUAKFzvT1VdUr66aD68XVsL4zO/IvAl4YKSaj4o11ZJ2oO1LYp01eWVC8PmR8uSbGEJNx4NG8FeGSAqQneSBoH2NAesRpO7hU+QM8PYlYqe10l5zhmJnRp+chbfJx7YX8RgwtuejI44uUCLzZpd2o8hCFodUMn6llEUsMQ3Y3rA37GTxUw2Uiy2DQx6wBo0A4ylGh5YkCXr1P2UQ4qcbtUGXL4t5DhbnRy9rLYl/nkmQREXFG2wQwZHWB4+nnbq48unHeX/YIDJWR7z5i2MfX6sCntgcO5mtlPDU5i/G5F56qgrayX2m/9b7sL4UzmSKNd6iuytcZRiMetjBK091/UnEQaHm0q998WtXnfV/XXQOc3PdstnL+tg05ctP1D85pvn4bhMDwO6jlr9snOvWO0CYub99fGIEfKAuCjClFAPICBHtksRLSaUPC1oPBTqPEA8LYAuPrCG4Ee2jmeUu6PWDJNiL8KG7I1sElPvTzxC8bNRSM5N/nPhqLrU8ofWDRvpbg/62IbOuP/wxDrprll7TXpUq/pSgg9cErR0L0pXg+1LAh1bjoRo7KWRvazopu+hMskuFjdAcKBKxtgXJnIApItKtAytrZp86LlYwAoZQNFtD8sSUR5LKCVTl3MYHSiztQ5lUgEAT9LmwYpW4Gc2mGCY+B944enfc9CJFshhnQkQJ7ti316nLZ3O+h8e9P/lLiTZZjwjRMweEI27TtlOaXpoqFgawPtjf00P//FZNkm05ST6veMda7aug7nJWmHjrpZclVH4uMNb/i3gshoctNHg4/YS8zPrAsvDjvdfrHSECdT+A9GU+nQfLUhpWT/BC4lfs5TulqpnTKoi/0EaH2+yv4wXYUsKe6LPLu4AMHOjrfGupJi2qhLak9I+sKgg+vCob7zeRZTkk+atxAwLQRtBhHbJ0prX7+dkB5Y3OwCsbEhP02dCN/nGw0NlEPCJZ7vUGDV627apHiRcriKxYUtq5etiSHmeT8V7ZNpKX212qOrR6aDYD8A6XLMEIDnKzEFi71NS3GHN36zzyUz25zjjVfn7w+/Q84Pmy0UoH2etOKbYSKSQiJeEwYSKvzfzxkd1t0acBWlaoLRfPUWAjST5Q50HAsZMYvXYqBqzUyMIB/bg607D8TQ/BSqkPCC4EWaEMbf3yW9CHDf4oQ+f5Y4tcNij9/aG4WXzJflphHNccsjojM/pCiCfmxhoNn2hn5tA1th0OB/YbdFBMuPKEaP8NoTk9DqAQRJ+QUh9Xn/98oliC5tyE8Oq5DvZNZlAGbYm3xqqX0C7EnFBUH8uqVwAqMOA1Q/tGY360eNxs0rj4UyPW5T9Td5+NTMW5rSxUEubRv9xdFt+u2Z+UOiVUW0MvGq/F9Y8JDO+j7+vhw0P+TeiQ7PTavxtB96uOpZ+MwpB2I7OSBfPUv7xjz5j+mOHvXJ++rnsjim0EqFA/aOq8VQ4mzDnaEKTkNw3rjsBwQpnpBYozRpTOCMn4Xo76eLZ0GcjoiRmq72Y/VXRULB0HipPS0T/EEFmf8e42dVDemUCAAcfgUSYKChi0Ltho4lnv2BsgyFPdHqNKlSEjrw3Tp5e/WIDuup5dRJvRqTQXwCOugXkEH+cUIprtdmVP+dBUWKnvucJhoNPdopD5lfkQGcg8q8OzgSA5FLLNBnHi8Kwvx4CmwfPXU1c/Lc7BuUoxgPTxV58pywmjCbs0cQfVzUegols/6OSavaV0TXH28igHQSpEQchdIy/X11qsHsg8qOiqodj5r8CjilM1NGsURr8fdoO/cfyFVuM4fXh5frYDAWVBtDLW3ji/TGlyIJCfyReBnIKGgdb9MJmtQFvzuS1THk2nJQZY3OKB6PTbEeBcznOdeJoXwlrYHHaxEaCAGX6k3HLVq11CRMGiXgcOHQ73Kc/PhHYVYMD1v9/8i+kvI+OXvxj4sqDLFVtfhxpM/GzFinreorONjEyN+xOeGPM2kUvWeQwMJRkiK8FQ2t1+8IS1xowE+WST9uWMnaz88O8lQ0fArJWpuzzVDEuab/vFhZk+nT8ry1jmMpsviNdgeZFW4cuJM+H3YXYx0d+P2SX0ZLmU4dO16h2CUpEEKoleeAVW732NnoDzVLkUsVKw7mU287fno04616KZ2zfWQxmmbiOnvp3r/CFrFGdmdCVVEHFcJlk7iEoi43reikg5oeh8naVIPYACIMucFFCzFFbudnsafcadvihe8riHGAZ9TuULI1AFD0ZV5a4dZhsdzPWTta7KGoJvIINQeGBoI85d8fXhdbM/1f/+/qY4btuQx7XF6O2ae4XCgITle0KlKKJTkaUiFuaAU8qnQmSWxsLaRb/lIBfADlXIGwkIYTQ8n2q8kFAGoogoDnYpz41hzA88otPCbU1EyO/GFyubAAsbWeZqdNjty/O2+8FhwTv+Qfh52KsesZwCcbykBsC0ZenlgCHSMrBPX5XWOCa4jfXGzXhEpBitdkptaU3fZE28TH3pp7iXrQNR1eRY3RuR0y9kMXcNdPMBGqN18LWVcl3FSkoNG4F9gZzBxVxk1BmcDO90/rll92E69NwpnLvd0KtxfBY8QercRrcFcOMX1OgymbqFyQETD3DYDta4SfmX5fGjhSF7dHf6bERDDkDovKsWDhM9mTgSKHw6/eqsY6h2rN/rVCVAhshWg4azQwTIZftFDEHTOwXBqPPAmPtEJqSf0xZe7braFL6nGNGqPfgBwtEGZLqaD4kxzY4BQ2VeFpQZAe/rHN2Z0drvu5BvbnnCrEUj/cnpfqjHsdMbRuNjKw+EifipbEfMJcO70vFQxR3+d2Ik75mQXIOj8HXyel1pDfVldj6NdzVd5knFHL54xRrTLCZonFF1VBXEbEhjO8UecVFipDV6xr9ViDILUTpsRKXfZvc8dkqJ0ENQ7doA3AGxCo0PWdaqgDZ4lNAZZxZUNR4gR+YlvbZ6OcJfwYIQ7i+lLR8RD5DA32SAqL/DPlHZiHanPuvNhiZqnMe3SpvgURJnbf6DrLfP+2H3JmHdzYB2Qhn4/7LJ6cqg5zuh2NCgXqAB8Jlk+bgz498mWH2+UtdtLz2FsWHnUzWtE2UDq4jnBqHLur/SlBbxj57a3svX4jUMmI874LR9+c3f7Pkfs6BSTL+oIdnCQgR/cWDUwOr7K0G/X1bxt7o70Nw79cOWNM/TL7c8XJk3iE0D/m6EffwfjgbfG9AcnL8j9haSJNObqFXrr+Td5vxFiw4QkbvGUUj7fr3CEVfy5KlK461ZXYZ7pnwtN6RPjV6AnspYMGr5f9FHJON7lTXkiVT0sVRmeKEnyemWNBkG/Szt/EIik1bv7m9x7Q6LIbwNjxscSW7Bzhufr2+Jkj8oc+/yWWmvm9JzQ68PG9JBjs0egPzSRlgLgaxzq/edEy4Dv6xnRoWxLwBAOm2YbDkPRNE/RhUbDHsCLPzTkYV2oA2luSHTYaBzOiQltyj2/pIjvmRy/Jr0OaOk7FnYfy9swysuiR/XnxwVFbQ0J+FU3DbfKKcBU1JS7lsfZVlD95bNdb7/tGFMt5g1Ot6uVpnZ+mh0ZGWqYf0IJh5BhaD9tOI+QEW+genM9F4l2K424LkzFqdrf0jpoRj+3t5/7HpWrVup9JjS12yO/ttVCdftaD7ul60FBSJOrl6xoA1o4v33osSFJM+vLjeMcXSzcEj/NByWQLbqQ+i1bAjONBOCloHC38SpeI2v/loVobYN5uf55Jw//nbg9vJl+piAOzY1l+Fi6jfHoEWZ20LgLefr9YyfEj/qvUUhysYIdVZesR0VaUjC0wdIgtnyABjy+IAMpX2yfUXxSAF9+4aCUGIFpHM6cNaa+59xMOR73pK4aK/Ze0IBTTmrNZ2PolcsTJTozQB0gIOS3+VMprfnxbvLP0TQbEpfcoqcoUWLwA/mhlyFg8G+24bIs0CXOGqHoQ5PgJY1qOp9yWQq8MVc0mxYA1XdioZ3PYbeN/skBZXDz8uqv5R/+8J6Vzs8Al8u4wNSjDi/3wU84eTg9uuHDwNfV4idoe/KnxlNelSaFbwf8cHpqdoXsixmby+ZnXh32Ia+MtNRiA01Y79oK4rvrHJE16IP04VJkuA9988Q3lNTtzfokh9+eSxyipdda+UcCdVieE7b9Rl8J58ZgbiHExI/VXwpsm5VzhpV7OH5DiulDQwDZs9EoHIA4j2yUzlRo2LbyNKvAqS/tJtHTH90st8Y7R+cAjlOxx6vXMQZSg6Hxw/ZcyFWdMMJWKE4E+DyeQvHh7zPcbde6qJE0X7TiH3m7Dt79QWzgNlofgbH43tXzA/vaNi9J9o0F5UlA3OdcUKcF0v8UhoLOI6WtltlW73T/OSV8T6/PXRWo5wNyjmHvOGBwLFGcTv19lB+XJtRWu6vhLWgOUrBR1XOpeimrjCUYfVuBFEPYBL1o+9JFSbbTLFkn6lR+jIUs+zd7CFoTEtCMiuhEcpziW6hT1nvtYa5h2J++OINbxbbnranRV74pk6UpSvv3LGHXovUfvpBqXuQv2xOqvDYqenoZ2iVNTQd+ryzQ2HSTOLdu6Z8hyOlf6q0iGzuh7VgyKUZUC25itRkj+rY4YkarflZ0yylbYYP0F81iuSM8k042zd/jQkUq2UwaH/6VfD0B++e9b1GmMWqV7b/KtJmEqa5iyz4CvAjIu3ohhUT8VlNNF8iAhPBEbt9tCnFRVlaamUdgQUbU34sg5Yd9B2YQbvUeYFBtdlFMyzffleaUl+4hLjaLjt83MLsheCvfVezlrKnQxtjHrvN/GD1FxUhvwx+pVbttj5y0NCZl8NmeYtkQx3+ZkKbraFLfp/pOK7zf+UpvtJrgjt9Ek7JOehAyXj9JvwXx7wlQ4SLu2CFkov7G29UDqSWLx9iozp7j0HHFGf3sFv56VWdvRS/Hyls/aCg64KVHKyuLLKf1smQycWKeADoxM9o5yRsTPFZE2KnenySp1/VA+a82s3wKVPcUR6NMOnVoddlQudt2CDA/X4Yg9db5gLMunQ8wPbmX6fMzlKaxrz2dTrzI7oAw1ti03FZHAa0yFKYhAScdTNlQZJlw3pO4nc2x3qKpvhpWMCaRynohtNnq7v223LZUF7i1SfUgho/1wMjgF+9BmZnpcFuh62cUO/flJ95z07LRRldsjJC17yrQdXSM0M3lfnwwjNDtzS5zL1/vKrurgl7bVi3oqtgbfj+i7Ao34x2R2JG1uzBMYBlOhZWW2Eqf+qxueE2x4J0vUV8eOa1AFJ8w8HybYDHtQFDbbroBs9ghaidpL2DQ4Q94KA24IjEa2PgzTN/twnbKjOslKimnAGu5FBQhbIHoZaybphxTZR4di2acShjcP2sCozBN7d/w/oeCoSVB7Dwzn+mXJcHWzZd6nQB1eg/GX7UfdvgUpLRVfEEB6rUCOb437CMzK0lrXSS7MBWm/qA15JUgawaw1TClhsJpV8g38E4NWDrKm0N+X72rE82hh4Y6tqSbgLUHDAUI1Ihq64C3sJhD2JhrBCTH4GcEaNcc0/kQXSV31O0E5OBEfGI1Joz6Y/UmG6LUUNC1ghQdVEiFkNp00zXzSRDzsriYN5P0Fb3QR5k5pngQ6/JAkfC3MmWbhCsPWYHUJxo3Mv0Kx6ZLN0b9GFHRyvyfZ7qyN+O97Caqelr2Z8LKogTn1+L17UbiJbY2rB3JIgLrSR5nAXP1qsiTCyumFNb6wE8gyym3vVhFAqvGbDccW0PEf3ew/vGBSWcqjPDHnk0AjS/ZWZwuu9VSrwNblg7esypOaL/2EBcAFhtN2cof+bxGGuiQG9OJB6EiQMXMhOuZDmSSh4xmvcEsMiUEcAvH7GY7tEJ9yT+J38Slui1eq6g0nBgR+0vrq2zl204/K3iUk46iYwzbKaE9qbXlrD/cqs3tyLtbmximdXwfGXrMEfeoSZ2BxOFvXyk+PwLTbjqj601gongpiQcdD8L8rw68iK7zCnAq+kvMGKvk/CpSZhos5q10+ls/7xb/I7FzebuGru5fyrLI3SaY0yokm1k4YKe1a3NoJa9U4ECJHaocHgp7OSQHfrzfjAqyQQYroO/YxplXitvnAXNsTLg85SeXbgZgdj9djv98Qe2Y6fwxJlQc6/ScX7xUzPDx4clkmhMShfz0qbMP+kKotMmTUKlH/aD7tBrc1n9LTcllTSCADyczEEGbk9FNp5tNI5/kDQ0Q5NuUv/2G0hOzYHydiQAHvy9z71tiCCUvSWb9n+TElf4KIgLJeyfQ9x5y7f8GXnS0ULo7usiUosh7jmpWryLwa2pSk4hbunX+4J5Bq0dQ9xuDIRLDIKLQlwpBgJoxNVpMVLzSih/DXGlEa/r4qHCQQuJUukfCibdGCpaJJrnv4sC6IzxSqozW4u33ig1HFyB/GngtPNn/upQojhIndzAPeEudPSVtvIXh/lPtIFv5QbHYnxtrHdKhe+jwsDSq5O7BdxF6Lwb0iTF9+sPKIyxbPGfaM52Y8TwkHJy1EdRfcMci/7bLybE3KiuQJORiF0flrLe2qy8nnu0LsoRdYNcg46EgD+1nJXSnysx6/3268LxAJ6bsptD9wWzIejd4I86R1lCHggJIehBQSrwXtFTYzzdwV2LSokX/ZoHOaPA1eIiWtCGgfWcIav5mBbKeTiNTXFu6M0HTVRSUf5aF9GkpHF89Iqknb6d1ruYnxFajLtTb4oZVL6cSkU/qCoCi6OSnONrR0tZEipIC6ameisgH17O7IzWdetVruxYIJlSUsJ8b/uzUeKaV398AaMsi3fc32FF6IA/j3SC7aR9SYsex6ovIyczj5vv6uJKwJZ2lQEHZ29EZif+fAYc7Fstl1500rhthnJzX5l15Ssa3ryRV1jigpX6vKGbDYFbBh74HZ260BdvbDWpAqBwlgSLnc9BN5C4DKMtqYaKNM29E5fogc0mL2yPQk+cX51b2MAoV10L/3/uWw2Ke8cCzpEivGTN0tlF/Z2RAnKQH8E+qeOqwamgz68jLUF5a+DLOPdKEBjy54w5Ozy61+OCr0BWsnDN/R+eKERHkpCEgoZqeS0pYB9ZwswGoAUJS1s1K+30Wn3qktvrHQJ15+HjkmecQ03iF7wmrzmim+HRtcX3KaSDpTMv4t/h2CBHadqai0mz4VYv6+9NmNsR3n6JhuJLVk87WT+dgzY2TeEgofkaQnE5N+d2bRooYXdSpRJ4cqNmpZEs16H2EbCu7vqg5yPwvb4ghYpI5cU3b/UKQYhK0bZsrdPhOY9GpEwpTFmB+Osro6e25e10AeWliM3n+kfhdJW0DYYIzBS6JgWNPZdVXVLkO1zXHlr/LuvhpVWFlVa4w+Ippd388+92NuOC0VgvqOfxI9TJ6zCJWwxalE0r3L1PulOTtUkbCB7B47Ykbq7IjrTpYoGNT9382QkJy4/Xhtb52vKGn7TjPLe1uJzGy51mjkX/KjUqqyhdbnF5d22YN7PwXXmz0mp5u5fhz6GW5ZZuaLM95uX/t3/jIGpkEsI5shWeBjzB1//+GHC0kN82Y040LZcGVtsgwre05f2qYcKnNvWYMnZo988sdNnDo1UfoJUnK/TBJT87VFAUYIy/I/gZNNwgfFOarEmjNvD2p6pxuyM86RWdqSTyt06Sd6oCWkN5TI+rVtPe/wZnzrv9h1OPUDGBQ51rseCrHFEdf1mjUo20Fd79/Ma6PTT1WnOML+HcyQrtlXa2/z0G4fxlMXdXsewEyTvho2HQ9rTWdc4wD/clHsA/CcqXEzPVXmzhUvjfQL78kjNJXqmylbSue/VLxCi6geELnyOODwXlMQiaT8hidwp9ZJPvlI7yz3nLqxtQjum14xlT2+LnBQUIq/kPhSXtFgjGmQLnFatUSjg8ZcRDNyz7vEwidTp/MEqTzPw625PR4EfVLG4hb34UTGz893NKFGHHIDjInmD1867qgIGBrlz8AofYPTGAEEnPqpD+a0CQSiN95QqHvo/Qw4cvRFESv/M4xFAmE4UM2lZ+Mb0Wvew08kSjUliPlqHYqdrzVFptZt9Y/ulGmAkZwrCya+Jnai+Eb5AvkXhJiU/k09hK3FSiYFpNWvueEvjgGxCOLbPa3hTmiDKROh1OQIw7ZraWajSeLbajOYwO7oawCv2ivGNzRHewYTkn8R0sdrqhPDeUxrGZ0iWpsKEfWeOJsHsmdMq6pkYM8F1NQp4ySko6av0HWtesO1qhSFHODS1+g9YFOosXzw6Ad+t09RFH03ohAWFGjuqJH9vSbruDVwXexhZbjTznqALuelYBf+JsEHDfDpv7Kj6Vu9HXP/E49X3dZw9YX5oq3eYtvWZY6B5dUbI8yU/oybpu+YTkbwc9opE9u4zXn+C3S6x4YWwoMmDYigHXbnA8UB1B3vNmd3744rr/Ezh2xUcgG/IiyAjY3J8mcf5fKzs7a/SGZJRGCGNPriDRSArIY4EYRH0xVIoYFD5rMg7tmmy+nb6bVGJgC5g+wn75+2zoHX4YZOVVdMGJ6JAd8JIwPai6/QSw8wOYTNr/l3iAG4bndyT+DeC7pmQHhvSK19ZDr1ak1fUFpYSkgoRND5TKpIA6OCUGkzh7rJOO+qqA4UOslM72hoCKLu1H3qNUPbEUbWrau+Xc0c45mDLk2jfLUYVzw9BSmBAOZL8hOAPUkTlHd7MWxVC/nHVTvmQ58xqVV5Odg7lYiPtiXBISCiP53p7CDutdOcJBcpoJhQzyfeqiLzFv4VgwN2pLYD5yW8Ds5FGHxPy3SUhEvJjb3uxIV2PNjikwFV1mdjAl6G93s+FnQwrfi+Wz6DLXligzN/1v0vT3TXekLPANxBcU6v7vG8dF05c4Er72WGddbviUw6EbUtpBP6K+lyO6MIzv33sJXliLA5eyU0J7hr+uFMgeMa6laOcIvHS8KHkBE70c3ryeyBpoInYQX6m9rMtA4pU+tnydJI4POhjXUcCpU+t7ueFJZrVLuSm6WyqZkHyJE8v2LWNu0G6V7LZWIXwcivsclRrf7JFOWmB5xdOTwuxW5sqlyhucH54FaNNyUxqnvIS2An5eKnO2raadmXb3JmSlboDtRRHVgqQz1GfF/VZ/o4Udku3vPflP2+2wWpO3RlwI30ObUpAtRW4ovYkIyebOHFKzpkvaAY+SIKFNjg6ko1FDhE2zI1Qe9JbxPpc+/p8a5VRBAue98XxWy/ff9XQ/McgifdS4CX3+zVt97yFM5+VbpAneKh5hTa89/ulnDaOU9u9JGJB8vwlZR0W0lzx3oNmoa6WICmeyf/LmUUmobJf6Xi3VCFBsOqL96U941K2/mVGqA4iSa2uwlrMysf+2s2NGey1TBIrccvY0FIsmX0HqpJykNBQbGbxyrnupDgTTcEAG2/yHePN3ef+aPf+dEcBpmOLHu9/72hVUP5+Y8lbqoVLD1AOznear2er+fRvM8fg3fGBRURSSsQrYVLkxRRDsxjowfi2gtGKy5PXRffBEEM7qWaav+/qXCAdEMovdnNY8eMLMIFAnrVRxzlD8RI++T8JaMAXYt/tyICQGYI5rAKcB03aJfu0YDsFsaJ7vCPClQyOsBQuGYzhKyHF2p1rqA4Zjq1Zk0bA/gQzcqklT+bO2F+/V6z4pXzESP9Ok24sbuhAI65qmBOW1i7xJBergR+jyUoBCzsN0x2v/3Kor87qQayNL0gjQjJCVAvzmCYe9cx34T/p0AyVdN5S1d3F0w2jv0lYfkZSL0hgXJeXc/1MlK1pPX6cnO1eQ2EdWGw3xq9CybJScMt8Y2wjazPt6cSz3apW3KOgYJUNILpTH2WX36k3bhXFBZxf6S/7aF/IMWx1REN9G2hc0/qFNH3p693jkoavS5W072XaqNM9WVz74980bpDO237H/fr8B44imRsATVTGEpfkI8id8Hn0jPzmn1lGeyIn+uCMteDkR7dL9gusgCbaiR0cHtE4dH1mO+lKu4lX/aDffewPP7eyzknjZEs0xKL/utnCq24V/LOnL9DDut3v33bcHy+/Gvu7TXbdKKiec/Rt1k57qOy3zCw94Kez8ULcUHUACTQ/ulJscKJVIAQFOsSnLCEU2KWCF6oChEbDClMOVHHJwOinFbCrEu85COCg5ExJrKkREZ7lJNy2AZQe6lrzMz9zityscNwC6Mt1H96P4BKlyn23ajpSON5WSU+GSPdcZF4QIatG2u7rsZuzxCajGXEZ2bUk879hCeOXv1g14KUS7swDHq6t9zlH3406CepStK0dePLXHstuxYzkbdLhb/2SJ27oQRLX8plNfvOSZDTsp+3PEMsBY9ofEPTZoDlHD7Mtw6C995TeVQpdNjio3Kv4ObTxhuM4l1yxpE1VlCKhAvIqd4VmfWD197Y0/5jxaaGbtEXOkaDy0ezVblp5ah5uUOLcU8ApYRWJ9qF8IeAlu+1NnuIx9TfzympZ0hwOs/eMRDrS8Ihv0cLT8uslt6StymxTMuS/QQ6dXecw3svQEt6NIvCQ70p2jwO3AIA5l2JswZ9JBH8q+oEOewzR6+KttEvrJ6F2dazwR9C8EhG6fsjUqz4xo5ZrvlWhCCJkzwWShyXDRiitumJr4Hs36OwkWGz5xd9rpDxNH9LOC8cO7P05Oy0IrebBbnDHiRMdi+qIdBaq8VO4gzhFkv5gA5RREmTmk3AeImAxc+oFwylVF5HtftKMff/I9HHOprW0cTzM5qbJuBGXtfJxgr+kcFSUxygqhDE0OrVLIq0rV71KYI55oEoGQbIQpj0qWmW0WaBg0zQ38qDFQ0d44dtr/44Mkoev2cZ7HTqHx2OzFCEWcRrjPMDCRVlvfA6DVDypxXjV8iK+iXUV60fWDWM77QbMvOKOkpTeTKk7DaOe8kkVwa9coe6YpupUNv9cPYHfqGb4URXvYtKHBeiSifs8R+OlvWAuhzOmk3JBi0ohiUogql4rcc4uhrC3udrdvfpFyanWnKmfwEh3w0zCwcmx1Vx1IWOnidy9qdUvn8JIdyFIZe9nItb7b6tbFnwtpeaTjNcpthm6+yqHhN/g+I54MrhtMc/+opeLwrM/sRaTOFOUvtTBmVj9qvVt33eKZWN0+XP1cJyQBnzSi1Xo1rZc5z2Ye8/yeHlhH5R6Y78dVuaAJa9eHnMY4Oj8G2W0q2WYabrYzTDum6Zczh/EFivXf2MigPD/uSj+srFDxf9sXAqwZtKWJQ1WVRxwy+VFFTJxRjh79MFboz7YXNlLaH5W3kz76F4F8CkG3PeQDhtb/SxU9Dav0RNwFbVB90wOIn1qihtLSgKvKKMNh4I4H4FnxjggcivNsBN1b+I9TFtDrAXDYz91bnsorpgRQ4R9cPLUO39qXI4mKNtog4rzgB2O4IEayGAkoSaHFrKE3hOEoIc2rH/rBKFVNpltHwp8E5pKMgW7b3qyFqYVp/qXmv27Wage4BK8+dA4E904qEl4VdVHEn7+g5gZ3D1y+Omd7DBj88uIg3E7285hvUJj5rJY4Bs0NUdUn9xjsavgut1sonU/9BByyQ7Vwr6aSaiEsk2xSui4BIUvgIq3Ql6ZA6veEG9oRjDzjRYMXUBol78kbXZOVMheoLoV0foPetvmg6aMjww+heWX4ynFLrxt1249ix98DrLxw42RayZDB9W+3aZNh7hp436lwjWMcDAHmlBO+z5odKB100k8NzNqnwqou5QqU+7aYhdgqhAeQlRsipgd0F6avzDBKXIpz+sPS1Maam0JHVFoxPqwun5Rm4naUGrfCBCZhFgdbfJ6AzziQVM1nXjZSOFuVdqKxTsdfwmga9QvROcNEg7e23sq1sf59viP60wXhyV0soSufmZBZxSUiJbWWYMJcwCpwoXTsC/qLygY0lPKn28hTkHuVF3UyMGi8PFJhMW7b2ezEo3VY9CjDRGcc6wFpE+LzkVIwL4T9m4Tj7IZwJPk3aCGt2nyW8hcGL0vYDfW/KSjIcMlt5XRiDomS+L++p4tBzRc/eXa7ES+PefDvVozlaw6rn24Dr03Capf+ZrFGv0ggZCOyX5rhDr42G6pB5Sg7QV4r33T5khfgKVeXPfpPol/zNhXaen9my7o6rhh8jSU3LIJelC85Kh2YCMyLGrPDtR/dQQeithyjBSk1LoZdXdKifqSnGw5/+5OiBUL827gNlm5Hsg9rRoAhAsC7DwzEcU2ItUPCD28e1Rsf8pjuvUnOUmSCUB7nRZRdKD8rkD+KJzqGduGjom/8vs3etpd29q27t11IuLw8VCwzSLpzo8wmhI7eOrRtdezxrP9RUX6XU9VuhH3F767DS/a/OuKk7xoIWweUYRZU+i4+Sw+htJwXh+ao0T2yt69FuzuWostMcVXW/6OXTUTP/6PXwPgdEZc86fDJ4SH1Pm/81Psd2RlkJpLk/Q2okvmurDstFdhacyr8I4iCTDER0IP1clu8kh5hG1OisjiUGY8wUTjL+fTTNB9LZpOUAWHbMwZ7KDvJYn6yrbsXGqp/EfuzdzCiF/YJu9vsE9Y0FdK1TlBJ1LAtDQJwaf/NitL7nF8jeo5mi27eBDhRsJr/Jw2nsLnlXcjqWaBnK0186p6OFn4+n5j1kSLfj1dstYup7G3ro2YOsp9kPFT6+VJlrNi1NUGpuJ8K8aMo441iA2VSCpA/KBlYbnb8ui8e4Vcw/RQQklFA/3Wapv+DFe/jLw8yXnEz0dmg2eJv/7ySCymkcDMnjnoP0mV7W/i3TtwzteB18qP7MK2XPG+q8bwvCZfFT4492uYEgPi52n8XyhQe9SYKdIbmqxLJC8x5bDoBcDptzhcajgbxmVDV53/06Aqwuj9578kOJJQJnWfOy3jUTudB36sr8DeODzk0jjsU/pnisU/Tsikd5xi1Br3GrKcUCZrPbUkliJ2GCd02g0O7XmOzeaT0ALseAJ0ozH8bCgDBeMSVnLN+LspMjs12RPFlvV8pzgs+qhX9BJWEJIkKy4mxpXWbfnnYsB0mIc9E+ch6QkH96mIZfJU9i1FDpxPL2cwI0nfP28l21jvKYle8Fl9eOga/HvYMLK0cSO/B0yckH8vj60i1HIahVo8iqFxo4R5Ov4H+l5c21iu8Ii0by6H6pGNUlLggA9/4Igagz4fU6sAtQ7f5VZk74w5Dm7Zl9FoERpLGyobs1cJxLDc0IM16/9s0qh5AQS49HbsF9QKNrpe2tZ39leuuvJ0W8QHL4WFQSzVfpkuqT0NRCerrPZtSwOyou/wOUwPWkDBzHvODKg3o7Z1UToA0YTpyX3KngROxbJcKOm9HWrqYHNiHXRGXHdiiN9P799ZV+Dh/1lq2Hmss6J0Zls4k3xio3Cdhxx4pgL1ZAAgc2RKyN117+WfX9byAOrvOyiPXKv374XfvaDm54vv/TQrayBnlPrhokJQ63uIrR/BInXZ5jyAl9U84P2FE8OzSNxJFS++tMBVEB3HXWcyniQMw/amLtjMUInPL9PG9lUK34MEzJR6qh9pxDgwKJVfCBeI8ALiAjq3Jz/niNaj4mx0SoTAznUtvijtLUHgFUTRVFdBdZ0thj/yeOVuXDBzlVfvl8EM8Yvhq2icRt5al53OGbDH/h6i3jmry////JaWRbiYd0gKSm+RIJ90oJSAioIDENrqR0SAgI5SWbmlESkmRVBpGjx5swA9f7+/n/P7YOdc51861ONfz/rjf7o/Hc6P/0C8xG1Ul2vkh8mxxVD2lSmC1lwe58rcXm1Y7VM57uNndS8E/+dQ1gkxWHtHirTbpvbby8xk1JxffFc1rPlDP+jzC80yT+Intz64Y0EP0jhOVctH5OGK8f6x/YjQfqYtcLS1ZLBjV7yS+sjy5BkuVFtfGKWeZ2FAngq+zixc7o6jh8SopfATjQG/erChq8FUXnuoRy2P40pl9mo3mwVl/c5oH/nRx/lIytacrLRoMaGN3BZpYH5UKF4yW7hPNHv4pWXvbUQBpGEq9Mc5+dw2wd9fyE3ZEqmqcla79i8fxK1emahYzRC79NJQExjfpenRFLweckDITgZr/l4nDa99vSG3hisYr9JWmnH079i/F9owBDSieQSCLflR+cNFlPeB5Jvq4wsd29MFyf01OOPKo5HSCD9dWkgqATUC8ehBfzQenRZndEKE+lMFfpmg6Xe5EKl6Hh/haSfY4OfAlBuokwz8FiHO4gpIxPLq4caEbF5LHltyJVCwDz79tUu+ozobavbaStO5JgwaZvOJa3PnCLMS8/oNlr56okKPpeXxYVs1Z6k9mZwFUG+mqIqnCa/tkRHjk7vE/2zT3usd4niPzxVe6fn4KAvvtPIlfkXjCl1pumQ3mbEMu6i4VYfxS4Sg6HVf+QnkBPUsrz9IoWp0Eta2aL/zJqLoKUbSB8/MOmMF/m0j/2z7DWoswWk+HCe5YJwKmKT/AOQcsd0fKv/KO3yoh54DtRgy79kmSI6DHiAu7FkmWubv60xGpRJq2+zA4CaA/omj8ryCsW5/k97N0X2mOvV1M8Xy3HtRWtnDcxATbjzZGwoqTzctG0WnvJF38hZUcDMcUhVlseFKWmZPi/2+qc9nVRRBySmpWfGGegn327A3baqeumKGbUYmJ19uVORs/ooOeIM3XXW5ARbsWNLU55oY0rmtexLVYS99MnZRksJ/burzsgV7UGl1BOnRbvJ2gPG8eI3MYYzsoANECvju4iXiGuIp9hvjO9OCCHQH6ngwV+6gc9lHxPG9xwMLvs50Zru7zv0HNfE2ERclWO30VtUXMXOF0oeyXrSx0u0IfuGxr4snhh5Znt8ZJpf181QDyCfMLib27Par4/pLcLxYxCGayq0VB0lccbsnudZkRFP/XLbqJ9AmkJRJP5n0N9c4kXqTD8SV+4uS6iJ7PWkkAftCgfbc28cTLJUZZwSknqi9agZrST8/Vb2DcD5aMNoqvMC444Q3TMcyndnSTPEKEuIKEe2SEEN+QUsV4LPex5qZSs+AwkpqMp3iScniU6TZq7S2dq6CUdz18S3cakdrjWuc0HYjImczctLujJhlP3bqJ+LHmSbDBskxh9dbpCeWM/XZv6qJAL6ZagfOYJ6oeb7BXVYaJWdaHmzRqko+PDNQBThRstz7otvwvED+INBgXOPCPAzCIzglKQfqe/9tZOCtB+lF25EUtAvubDyOzzJ34cVSdVbjcuP6H0ZuGDFOiKR7b96eP48AIv+1bRON0Vlb1ZczwfpPr6Q+makf8P6tDdWXt/gFctlwmbIjIuUsNqDYp2z4yl4/TBnLw9OcZzCiWNP3IxqmE6gK9ZWyW8FLkOaszNxN2OhOIKi/zgosucjhOkj9dCCaPktPDjvb3tlTdvm6MvbXpYTT7TH7Nl/3y7Whdp2CF7AEOonoyyCRjG7t7zB6BdE6G8Y4746gltldv4gsQlduV9rdGH0Myvrn+5CRpwMwR4HQrFR+GZMzev6hF2oix/GROHNj5ehRXfjDx5PSW1WSgieZuZLmNbNG4BO7ZYjUGJrg3Hw6VDF/rgdBsFd8qxqbJzmmbIXxBIy2jifwI/1XITxlPgcqHL05t7x4kKEourN+leFvmaGIbsNO+5gpqpQvynoJ5yZKTutS9pkFZeBUWjL7At7CR77UpWVKb/cG81UbE87HxOX1fkg4wW3IupJbUYVcoe1bh92s6Ouh3n0sNojRoLANsKHP7Yd2eeObMm0dAVDPN9IuUc3NvG3pCGULVCiLZ8EjrMwMVj0fc5+QzXg61slzSjNJJXITIxI3QF+xTMFHHet6Z2DQyUOPLEhTdL2LzX6SZbtQ/eH40ETA+3ZUn35PTw9CY2LZ+AqThVvOE/g3R6zY4Ih+rOQE4ehBlI+XMy+Dkf7NbXNhvQ47IdTHLHuovx2+WSz4BaqkrfE3IQXqXXqvQlVgBFVhiy0CYwOVTnDL6GzIOOIuXO2C7HZPjZGt9Zpe4el/44ulsP1vLrTA9SoEZF0A+3RJZuQZAp0LrLIbjqdbO11zNwM85WWM1xMrnfKK7tl/sR3uGUiWcGGG0tLS2ZONRqg/aJgxpl85tWP8m6PcnMrj68cgyXBUajfEIs1QmDVYjtDSxaPqZyOICbT/WlICK2Gigq8Q1ihWucB5t82vkp7jIm3zF9W6HH+bv6KsQf+4UxmQ/lzwwMxfpIIlzemTHklxBCxXRpQ2U5kV2hq+9hfBhxxziJCxszASrdpJ5AZakL1pF8Ph1PRwW3/cr8CGtaybMggSESA/BK4dWuBp7PqTDmmRx0A2H8w2GQLfHtEDsQv4kLfKPQfuxosS+FNH3K8al026DEhl7jpcpB3hftspEy7fKHkb89nYtxuyuCgHrNGJHsYaxo9ocQsAMEyEgf5wHyWAUOZBfwRCqF8Y7KGDDf4H7rHY0fotkotwXLmSgIq43QpqIb0avdEbVwpw46GYtw7toXw8LZhMaJ7edPB4917JKSP4DuHyqe+lv7rslYG2E8bctgFwI3Cw8ymTivhiYgDWj32aQxhjTvrqHFrANOmAug8wmvFtJWLZfKeQuKISC2pJyKcuJBJ5zelKaOkImMrYdOJJGziz/Myz/+mX7NB8Iz1GOzeCi54jUjZSnh5tJb9T/7Vz2r1iNrAFUfzGjqKuPYTn6hgsqLNk1Mh83jLZOL6WYSOA+SEXuTi7FHYrM9p9lu7ocfxFPR86FC1ggkrByXyeKsKkmnknq9+UV1jnk0x7/EDqgRxavdYp+eRk3fy46R0wV5r50rz6OUw1+h/kHL4COH0Ox5AqE51bnbIbc/PCNusnwwHsESwRPQsUSeoeT1iZ1k6C29EHe4j+wX9hom1qBT/7MRlwTfXvgqvgntdM4YLBoTikNtcqnjsSvKRDp+bfjJQztkIh6S3nzAW10EQf0GNJAmijQwm5ZwaPz1z8qMnjZ9j/v0c3+KKsHzgnrbd4EebD97Mj6YQQj8y6+/CEoO7Vp6vPsk1UCA4OtB/0DrLHQMtisB1JqBNehhQegmOBlqkMIsa2oIuzJ+hbQf3Uv5PQ0Cfuezz4S211+JUbhVVZhYvuZIah+DWBxhOC9o02baElsSP5YTXqmQI1+4tDr0ekx1VuGxCrFhQ8PQ1e+sQgtN5MWClJlZ649zNIB+oaPdEp8J1srQKjUQkoNYbIOAV/1meehoFBr0PewiL2Q6ABBklckhFZ0rxylf6nwqDiw6Acn8ltf2rkZPfF8KJO82/v6EVP9vfpUu3Lb0jW6X6zonS4ipLzqUVKmRxUjzLgHocwEA75ZEnlzrwChZsCoiK/LW3ILNHfkjTFet9YtjAyUgC9wNJfj6GP7pG0kjhRkjPPacMusuwdnjzhZFbnXnzRyKyj/4AerdQtGZmL/Ol1plTkmUqZupCBk85E0UmNf72i5ACGQK5LvOXvrbOTp+bF+ZY7IYuMTUsZwP+4MUtBfkSkBhKoT0vPDrtpAscQsWOfMrgDCyQDnjGoBjx/bqiywDd34mVyAaWC0n42RhOwKKeFcw5OS9us2FLa5ZFWZ9CcxTzSbBhzlNHgLjdTJ5sKL8zT8hFlryKoCy6TJAmqyYoEyjNYqmI5f3KEQWzhXQWNOxGn9ATqo8FHPSRhP9Yni3bjP03YsOSTDY9K56VyfMSgV259O1Ws8MUCpwX4RCbyGjIUe8QwpH11gxMkikd5xy5s9hRVqgFBj0Q5m3AGTVpExmtstnt1UuGM1iY7VN8N9bWCK/9jf07wZ6Of++N5LSpv3/xJnd3/96U/IW7T5WJptAE5bqSP3cd5VsUlfeauVvnJc/iJ2FFcnYZEH6uv/diOrh18yxmsITf/clUoGnBMCqtw+Xg7282LwloG9xsl+zNSOTQ0RTDb4Pwj0Z8F8x0rhMcHkitQRfsdPq1KN1P/6m8b6XydPhsWWX05wKcUcfBg54dlbfdor5DOHSPiGNBS4o2y2talBAvxMD5OeuKXWKl5zoj/h6yvkJcDV+9uQxYSWxZzuq4piDVo4SqdJA9tFV/IVjc8azr/DCBt4O6ncSDRrtJU7LxR68E9JwGeOWRsPb7LpF/SXT+MYYFRCHuO3K0OwACHF96Q3+v9F0GwVptRRW5eSFwyi4YJtbbc1ZfdYsvrq+929zuyYyGf636JtluUyoBwDI3RbwDQwptTFoKisQOdwcLB/1irI/ptz3JjfYbYLAMgqWqiZDFj7qw4TviAs40Ne4v2VyD6IUQAE5P2khTjmfiTBbYX1DAO7WDyWHBE697eUHsSuHeNPQo8AnCidSWhHwWbzDqhVkGZcfPmWWkJsRMplb1Y6y34qBn1RcgS0/6chiF0eWtj1Q1cjeeN3DBkohzzU8RuBS5dpPxhf+7uBmlqB//XUx3iZ24fFfG0fZrUkTr9rzzazLoMU5BojFb9PemZXWIhGotJhQ4L/BnquqXogGr8D0opPJp+RgJT/JB6ocB4ssmNKGX1HALH5VCCH55tDtusmtLVl4u9bxW3wx/ivXB9/Vj32j9SW8+jxjJ0Uj6d5ki3R40WnqXAdmkSVY3AGersL73YJ4b1EpcB0Kg6kJKb6m/7w67nXMaxa7vYGiIPoRT6TKr8QNNf8fd8t9H3WY7L2zqTH8AXzOP7wIkvpSXpYyQzdr9DHvx/rkHt9/UxhRZUGDbXEi5vHe6tAAJC7AyAbd07gyIBvvCQFzU2Mqn7Y7Q1H2jsi+/5rRt0u/QF1gPYZafLwv90WvFi5YUeAgOhsv0XTLt16gRD2WzPqHtx6agsovNyfVih6pdUz2i/mRztz9wO5ctK6wASUBFJyu+6LChCdeicW2335BdQpsDaTHmrdU5paiK0g1w8rfizFvR5qi8JPZOIqP+6saQau7q/8dd+SP4A/frYeJFuC+98IDvTDvzfSkp0VHAwwPDTdVaawSor8rxOeEmprMOgZpxeppi6lcKsOJn7CWZHF3Zrp22pm5dXSmaLtMZHw4prziWe7+I/aS66GY+arkU2kN6yHlNsjc3eHEU96e26ERUJp/SifmB+GUletXMYVW6sfkS8bbiMiEqHG/0aLw7W1gclrKWXJ0B+D0zD3Q1Go/2WS7WBxIi7FKDHumEmM+3osidYIOpKrFGMk8GRJ7Ubw16udBDPWc1XKr3Yl41N3Zf5coS+takpktoNKlPfdxDB6OJX0fz/WIt3nXCzcV7xfEcYqBDz9RI/0V+or7lDqcx5nyMSUGkGbl3qNoHrqsQjXvMa1FLEUqPcnzAARcunuJR/S/kHLL8BDUnhJsp+e4xuIAecAp9ETbkhL7OPWIA4Nt45YulzOoY4MaqcVRPodY7LxYr1aiIUGUso0kEWEUIM5F2UELwVBq1zvaU96+xUk1E8/rQGb8Jjz/hH4SA7qjnG550fwgnx0aao0cAw6Ilah7Ekwd4z9ebfk0VvqH0zPHE9D5gqoYU/YDGY1zv9/33EW/STSzJiM6uMT+4a4d7aV0gCNE4Pv6JoEjqHrgkWFF1rv3ug5xYfGpqvQ23LqnT4/uhCUvnxJqwAHkf/syO35hDQpbrr/4CG5P+KteetoYXxs+XHZP6U4Qi+rLQRh7rRA3iR+SIoxudsB7k9McunYdfeOZonSpFEzAHne0T20S0YI/+zPxt3fJ4rzz8UcfL067BNXC2HrGOhcI7dmLtUCpqmclLp4FZ/Q83q8U+sxbXp9wg5OSIubE9/6F3E8sz+lewPJjUQVDgAZeLAoOvgtu2w31v7rGNnd3r9QHa5L3FXZV+9BYPan8wRurOB/OvEjRzJrRH2dbgpWQRf/YpPXzLkUGKE0BbY6M5h+t6Vz2mLjwJq8rfeCwbZF78S/cCEcyYRET27Kk4GU48hA4gW/y/vJn1xsPaCDD3hxXVxeFLIHN5x6BZoIQJdaaG333tWxVi2PmOQNlVfgJ9rSoFjyB1XX/KNIIydTecFDEOblxxcsPLtB37VCLE8MhoEOFEmwXMlbsVD2p5r/g3b/ynK4GkmQfxryWJdepAEv3YL8FSGlkzS3NGPi6mPSN4rVMVlO+oNlRGkwY3tEYiBv+mACgVXyfKNjw3rPaLKsNdp/lNMPiQ5ZUsNLg22QHIIz0DxMQdL/+tLDKpR0cHb5uIhdns84F12QrpNIyiCQ4vaEtn603pldDyKl4reuFnB5ZHuVewLB++839MQsJxAPwGoYrynHz5Zng4ityB8R+wMFDTbh/fBkVK8TcpfP+OzQfq0kGdaG9v5wP3HlZzhy4TnXhQTx/Ufed8oPV2pH74hhtQqouZC0V5pABlhtr9LZ+DEHnLNKC2jikKt9wpUnolRF/mn0KCATlZIcjHmrzcyakZD0YPLQ15q1zcFo/P+S1Q8UX6Md68khKsNoY+kXpUDrsxr7LcZ3dgw54ZdxYgX7geDxB7tyOVfnvS4LiBJ5dyYRppzwvuThanNf8nQuoe0sMeVkaiYobwxKzPYYEj5eMF/SgpHFQoXRmUb5mzezX6mbi0auKJfOgsBWZc13GPrad16Vvyr3GWa8u698j11QytjR4x74i+0eurHhy95e7ZypW3Gg21RrWW1USV7wq9wb/37tJ6r4eCqPRwNBo8pRj3vG2rQHpzcFVJEu7gNRMhf1DB2yoXGsVYj+M6NZ+gt6l8dAR+Wh0d6Wt5teuGrfNTVL6JNjRqTyzXycytnxeMnq07aZUVJ9kc38QS1xaZ9Y1WNXxTH7kdf1eQ6tHcYsk1MTPgBLsQtO4tegI0YksqEek7MsCmSyq9+gjf9tGzneWt4zajm7Mhl7B/n4lBFpPMWIlPi9MimsZDSgnB6N7UmK6uV0ZT5KWuHUlrbjTHN0vQNMaziJ7hKwolxwdJMHuqONaAyFb9pNw5FDNpV7mxXMGaZEd+hF5cs+l6GKZash619ACqq5M3cZeu5/TIJQuPG70SRz70oeuqwEsYmG0Y1xWbaYCVVDWq5iw5CCyw69dOPANX6KttGlPg2QvcsMYCaIi3Jr9gKz9UaBuOKK9KcyVS8vxqMVoZ2PIHU/HvwU+GDWYdAWqykyHxhFyvJViKEwfBi/Q6twYJOFbfYzPuxv4IEyy+WA7vmUV+Hwha9iUYopgAU74F/gQgCcYN7LivEFjKgsKuuO3xw7odoC8fivmUMcYjJcv46u5rQVA0fKK/P11KhYJjU0vdMY6Fdn3pNnnuSKtxImgG9mPqDq/BvRADpHYyY8YAL9hdY81JJotndmmvEyd1VCaoiquYP5vj5w2jrk2GEc3e8r47k2OZY3emH3uSVqUb3nnenmzqWXiW1Dpy26HYcP8r2XPOoFsfhih2QlBEEIsLjCDjsAPiz09YpGU9gYG8eR43ug1Ekp2UmSPXLxVKANfM1TnXQd/vFNREfbGp+4/1R3wKdNjZp1jnYGZJ0pAEH7c/WrsOvp+LNQzPfXzc5Sd/mq5PNcggsJcXLGZPAhO2SWC4bFeJ4SxINkx/06r7GVmTp6mP7+SJhFCKpfHlhwEnaGcfmgyE8xR7356Myu1YmAbd2E7r4WG1myJk5Ov8nuTKZIRzVxVNoofaga4t502Uw1Qz59HShZNy1O0jgXYwwJhVA8ZV0gdermCFmiEiHEJTYNJklfhXub6jJRbgl/YtMtkf7Dt9X9FELSr5xPi6KbiOOrZ1ID0mPaiP0oiE2pTFUBRGeSac8Bkj1OQFVo3701h7Iflrk+L1T10hzaf2fXRG9eJxNqVUOcUAK/cjSIcJnlIQByRq8cs1QSOO8YmEaXFFPjGFOXGn9Saz/r+DkcSI9Ft/2sm8qKckDumfqxK7HKu7kn7jyi8ie8rGjSyAV5HOfXqMHvR90+UQJtxGyP6HkaSHQmRLY6JqCKDwunB5PG+D4fA4fCdL59k0+9d5LCIRWA718xTAl4cEMQFlmzTXj5a5qXn3+cxjZpschhpSjQO3waI7pV/Sc1Msmr1C8FgQ4QjXyP3qZJCXki+S5tLKpj7CNVCpq3nrItoah8NK9lU7v+9Gu0LyEmfEHlazT9x+/eMQNR9S+ZI/kLZy+tMq+1hX1zBnpCR42eN1+zWkZ9myzijIXVcyO9iY643rMFwA+jr1fx1IBOWUmj7bsiOUpeZAIJnJPR0CeciiGrPVixjyDw4sEGW0hGAEKl8HXh+Iw3MSu1FTFs/r50Nk7W8sdlImLrEkAAdNSb5l7PrEx31GNyP5T/9OrQQqgRk/O0EYOplrShwOCIeDrdJJLrMYIhkIJEx3oybSEE1C8O0tcloLtu3dAApkMNCiMCpUOZREkdJA2103m3Pdy0XWQKhveOXIjAwn7ak+fDixugbJ18iHrfGJgIZ1yzB3ZGF6pNjk663vg/LsT35+1vZP8TrVVkI0IQ9Kr+2VQ1NQeR4K7TzzDa5ZNF+t325DDIqJMDav7RYe25063qP8aivBs9+l4SgFbkqr66COzK8/f46IVW5m8NrbqsnNEpBHCGduxQuywf3uU4nhITSdqPWMGoSTpC9lTAvp8n23+LpO+18/hnj2J+bsn5y0ck7AUQz0MdUTxVZV8Ssq1R4heKr729dtBn9PUXnqZeNmo08pTirUuc+j+BazOnKRr1f4r7iyv9Th8+qgBd0yTvFz/47j8liyl1451M5EnY4u4S2HotjOucTwAuG409hEoRv/4QJeZlFCHglVAxKJDDg3z6d0ON9gXi984ru10HgisTB3S/+MNgq33Blg0q6zd2nqsLAwHBPmVsLBdKpzlspjleXawxixYtSf2Nn65Mj8hnRzEB3edHIMyhA1WgzpAKcpMVa1z4p7ixmjoC+Ah9sN75BkVXSgZ75YQyivt3E/va/kJW90YveDju8oj7D+raQoJspq2eIL/iTodqm5JnMZWGp4c2WZYwdRSP+6n2r3dOPG0BeiqSfcAn9Nhf8pjS00ikcChyjn3HJFsUBImFY8yrDI9kFGiix/AyCv/2kM1zVLP5JfakuTKOsmH8e1y6gWQohzK8S2OfcDMGSxjJkRcbhnLj7ILmOAIq003gpOIoYuaWSuyDP+Df4m1PukG6LcKu3ao1YSJDiCV8RzfxkS8cEBZIsqmMqSmOPDHkz6NeUr5nLmkeLRQG5AwLTgtjPrPg0wAVrbPB2/Smukaf+/6KhelNVSM+EO+qBSNaXob+kD+TdCZdJm14niSLCyf3AGsVhMJ4edoLRIfVALEwv08z4HE0TzeQIRTglu6eLvhXgh7xe+a+80fKNxFrF7NPd4/92kU5sbdfXwyMDD9tpjhRPRQWS3JGysQpoMVtLvhPnF34zoTshET/LAWHuny1slO+1r9R5PnrNkDugy15IM6RQQH7NAbWCnhJO/JM9/sP9w+ZHTJ0KYsjwasb3vF/MiOXvUqr5xJju2tKme+zLE+pfJ4SSFHJjabPVOft5lWicR8kn+NGG8RvlVX0CdDtFT4cmzmgulRf7Hlnxlka3zl7CVbI8rPJa3Jn/4C3WqL3c0AglAuQEu3YtstE3Rl2LnQkJPJAhcY4n9pi0NVVDn4id6sMlTQX95beajbn1GN2565AJyzK5O8VqHp1CQTyYk5VpVn24opGalyAV8oKReV9oTf5EfSYREmbSiyfKBB0yIhcfL50eJfClDMEj2Wy4ZKXon2ka2xTiYJBFGhmHodY9GFOczvUNq7H1JPZdRWbuChYRjiRtDzgNZpdoePSABoupXx+I5aQatjGkSR60SzCkQjpG+svYUeXChJuOoKuUgm05hDCJFqrJeI/MWAOfSGDNF6GbqRgepkqYPW28sh0Qb5wAbRRWBIUzf6Bfpjh2DcQXlVFp5rKfRaA1nlIJpa1qpzz9hM+n1RtPphpQ1bUjiaOh11j6cZ/YNkpcB55at5lL78ivmv1+5MGQsyV5ohswOU+GWO/b8jmiBY/DfSHI0Slk+ovEtvr2QCzGmfmtdPJyhm77bLZhpKWzSIvPFj3nXmVywfAkcCjsrmXnT7CsJ4/rzdPXnA8al1wx+5ThMKGtlkTBkpvSqn2x+f2j8etT2ZXE0KeiRTvAX8/C3SYXg+jX0kFihUUttUCfu/KVbVqSlHKE2ISDWz4LjRO9mz6O3oT9cnH+b6xEMj+7C63ekEO4efvekoINFzjSdjj9ribnGQj6zfrILLRsUqyYBmaXP66ayqiq8XAZcYdKHVUSrBmZOr5SlAF+A5wLflJyP/V18Axy+vPEw87/lmPIJzL54Zx8HfgKQE2esx53Q71ntRpAPz6xD/r3/+GfCTEfiLZ0t9XlDpLyrh1GlXFnXlN2UDw++ljuZQhS5hOw/sDQ/dTgyigbuJYeDzaMp5bqifuMYC1P4ACzovadA1GklnBpYORZfGnAcnpyKbce1cuBKCsMWrXc5pKIyljTIDzOdjAzwO61kGfItIZMbmzaLSrphkwJV/gKlhKgVX6bAqYDlk03H3Yfi5u7nGI97qVPKi4lzI470yQEkVI6Pu8WqCaDgLWHpj/yLfF/emB7lOm3EqlP7xbI5Nqp0rmehCu9lSuGYElky63+9WvJKp/0ZsDzWNgLsTHvgAjJ9MPUrtqPKEAI74zmm7E6HOnYYROL3U/0B73w7jOlpYGR5j5gM5FzPXcgADExY4TZIWLMGPGI+HqGLVqasp+EPdZUgGS8iUK/A3I2o1oILyS2E3ZBLHKd8gO2LiFtfk0UlyS+O8669ZAOkBgIF6j4L0EIrwzeiw9sRdKzQFRcI8rn9dXkMphJqoA8HfXiBMrV8CbXpQZjMyp9upYk6wUnLO9PoiPrCujgD3JkTv8oQpIDv/Ge8l91Ejgmlm9xfni1dc4Uiup501CHIWDJFWUpdXR+n1sNa6oYqmendyXddR4ymtEXhpSaQ7N9Q2YMRrr3b59Uzshl7Yz4o0D7e6rNtq+uH0NPqeTtrxmeljoaMHnRZlY/3jS/fFgaLzGWp0Y54Mzp2Sr5T3lIUYk7XItberygeI7z120wXuHVhIc18DmUMSxnO+a4Isqih5QYIJqYe7q2DcoY1bbOh4M+1Q6u5ZD9EVQPONx51MC4JCkTUVfVPyWgnq/dw0jkkfC3Ce+AVMBpFQ7qJM4abmjRikK1NwWBarcvpZpfqnqhBw6iRvwd4VODA+4XHZ7bpkWTffhS6S/9G3d9Su2rp2p0SkBEzQub0bKpAqAQQxgRfT4GK7wM1cpzlycg86E6PZ4q7jRMii+nAT2qxsRDR2AtUegz+G/c713sQ/u3sjnRnQYTI877snUI3ScAlV+wKb473/Ze3zu+nbmAbzp8HD2VUdnan5zvR4eHN6SGwG3Y8rbhJHukT439jgfj4bxoiWl0uzAduIFm+zKse5A7jMasO9pIc/Xiedcu01qEfF/M8ms7G4+Hj1REPujpWkpPFuVkmRMqWWUjQDI4MHC55PyEW1ljQrfhSxhBfMeH4WbLgfGs7J6lOfmbgsk10zxAee7gH0MjKTjBktPdnxkcNScaI8UIAL5vHdkfUOCHhwa0axBOychscyLz5RCDxXbBdFbdXbElx4fo56wFZFAenLCBaoIL+RKVZESVDDBsxrwjkyjxBHrXQdkTbPPGyrPScrPn35uQjaJ/27w8CAVBi/s+j6ALHjsqpzo/fXoEo7E03JTToOAsTS2/XLbQrDXNRCipeL9mlEG3AO0wnX7pdzJd43UKOCbwtHJYCDhRfTMZk3i8lrHpHfPSBAJiI1Fc0jX9ih52siy6dR0zBTJFjDsfGyKpP05Bm4yBSj0lH+U6xkuZccIwWnRxwF7j3CCVnBNE6XfunQYyck78JdvK6ZT6nG/frlU0Sg04rTGqd3Pa9SFLqA84cNMnbFsQJ6a3/48u3dvgrXDzu1bF/aNCMY23dJMkSwNY9t1WgMrIYv2L5DIapcuIFTZjkUHNzAjypN6+Q4fp3gHj5fDgmSXCx3VBlGaIJk+POihvR8CxLPh27wVDzFrzQk12sO9XNWAGkKvtVVI8Oid57P3u/7Qmytk2gGS15UUHACcCr+H9ViIMJIOh+sWvXWmyT4bydFL/TlRwYBQqIhxDTXHpsYYwtO/OoIQZ+6J7s2G33qFOuNQAOv/2KT29rCvxXMxnkatC+G5cF87RyaO7LJmYyzKuZwvtiByOamJ8s2tATHT4hxUSICGr6VUNKl1dHL0AYmS6Q13Haq6gPSX4XISt3rpF0G6udyzqhEeRnv5dHdVqxuiLR3jYOFaQUdWuHtMa0YtyY/wYtmJHL6BjXumU8B+qVrCDFNSPPd8aTcO2uJcrR5K+uzYKIh9j0SgWWu50hJSuBycLgU1/YSsYPWaR9zNAYUQRapwBZKmKccrDm/yzpjRUecHti5Mz7zFRR3623oMTyzfEYpOW2vOo+mJYcaJEFYN4B7PbHPlxbO/nweK1SkvUid8kfbWLQGU/ddyBQ19m7uDRs0Bh/iN7TekrRTZsZofI1fXpwUKB7MrXaR+U+sLvFY9/vAVlVnJSK6+dPye8B96iP6hzuNzP+RyaNWKG7VjrlAasoI+qWEEeNwKx45FHMKgS5SZ6C8NLXVhnjozkYDkEl1PCKK+T8B6YoUO/ozgyM6zX+vzOHhSS8wmK1CaC+C6oz/lCWmggWjJHPE+LSkg5t6aNzz5hhAGgdKQdQFuydujz15ZlkkYlLkaGRR8Lg07tFWwB0jyS57nAzLDI569KKk/WPgp9H3mXeUK32hcvX78PhEh9XfT3/tqrDCpw6HWzprlpq8njWRxs0C1687wA+VZRJzkzWr22LFS3G+VpjEuhS/JvoCO0dKlfr0506IFujSuQMFZXWxikk3NK0emWTcwSWDlnw3j+Bj9/pGwUnp72kSLaQRDAzPL5UD5y/Le9NKTZ73v/AJfNiWw2ejELyKFbgXE4FOjJ6LRF7BK7Vy4WVzpnWNWNZqeNy8QJ7HzlB2O6IwuaMMng3Maoo0akmz/E5JvxMiVfiJ6myv4KcWLIPbwfbuUsYcvhIlff0TsZ0fAeIZYIglP1eV0ghGsR8s8X+Nx7uO/ndmv2+1FQoFZdxa81CRdjy/cxNb4kQqaQEqay1s+MYW+EUw+s2BwZq/e1uGcnKA2v3r2B9g6tOMqOoip/MCQcFDWP7Pp2nCLEmekbZFB2By76tsiOmpdOIo95bhMTEXzDKoedvDmDGOL/ks4lCN8dEbTOjAXgw8ePnsydqy18QXoNPXy1LVWXbLnQTHWOLVtoyQS5n0H9HKmeL8boiEK4nngesFicOzQzqozjBBDOcczDGkee9nKhoVoEHg9v1b6wXZISgTyzslY2D8Onyn2tYQxJhMjpzu6c65BzzWRyBo7DPGnyvuob3fQHgjDziddl1QUl2MOYNJtroMdayD3Sf6/IGP48nVy09c6Qq1JNS3I8ptl1GIKX2L/gUnX2/tLYrgrS/uhBN2pWr1YuJ6FKboIQG3E6L5ULLW7akS0q9aNaCHEkRw2CS7u0w3UQBIjPi33q+LD5U7ykx7/j0gEdGJhFWUIGO+SwLs/zGt+8/enp01JYb/nVg4VfFAOCHxamgvCmUKJxG8h9siC55JU7Fh0OCmCYVmJHidXqy5fEM47l9/M+53G305WcXCVTVbhpvA1wHXdpM/EHZWSmYnRUwXQzm2n5Eb/6Szu8Z9UVvjuNjHP4rnE0/bXkG15yqqXRFxf3LFc83YJwaj3InYaSSHdD9w87Lf7tbVg5p9cDmniZHR4KdmSAm9C/66ESVA181uLf0g44BbfZXN7DEwBagtMF/0ofhoKHfiyzrixunBBLgdvVjriEgUKJHD2P2MSX2p6dtOlPt3gl48VxD3zCJSuyYni51HKP2COeTHpW9DHLlW0o9tADDiVtLk7bji+0tvv/UWBmGBiZVXDEjri6nrYQspzY1XfF4WHJEyAJvMNCNhEzywVtvRFSZ+NJZ5x4kPpPdxe7hv00BWSiEYX15bENxr2MN2aQ1c1iI8n5EsYQL9LSDcUblzo1WbxGQNmrzE9LUIefQHNmry8MODV/JDFdshXwHk6PNAPDNb25j+ZXvx+ELQplWpkWORyye12KPDocGKozoWNFeFrsCWR0GE2KFiFpV+pJ0sAIxJ1m7PSi2c8hqR3lb9CSAM/Lsqjqi7IOcKVNSWTq62/QjSwyJffkmzapzR9k9p92T2OP3Q+5Aha1NbUefMHpPlL9oTrJ1DqJMkszXRzZvCE1K//vRgyu+0h5RdQjo3hdJf6SB11oHQTlmRWho4f8LOvPHBBCLN1vWUfG8SIqyWKortWN7AF6gCYDLtSTiXYqJ2WjFa5fmpT19ah/LXhXETAIGvFsAhkZKHZN3pvRJZqCOSgyZkcgs9PCvH9GC43IQtgWONpvAh/APZliZjJb6iitKzgjALiyQ5cvMXz7KV0ml4IJvftmm3axpspfeK4ZhTlDuSjhue7AwMHHGYXn30Y7jQOSPhN3lExXpx0gBQn23wn7H6aVAP5Y4cMLsdMt8aN1S3eaa9ZHhU8KT1/D7TX4dscX7nSlss4h/xLJY4CyB5oe/C5I3FWHv6PycKAfSaup9rGbqdcPG3JWeKaKp2kgqwlVDC5s9LpJWc9yjCAzfcAE0J45M6te6hZ3/xiqQlyqHiqk9AbjmgK5JidjFq2EQDpNV4TJxRhtwTFWXDGOW/GwJTYX8blo/ihUNsb4rd3d3t/AaOqv9szPRnJJcGwEeC5P22tpFuaNtC6m5uQnHju88Ji0cK/UouJy8bidxwYH9ZKvsmOi/aoOuDShjiRnHGhnffKg/sfd/lIVM/Qm3Oz/9GzWPi81J/q9IF3e8Y5gvUWNkaFSXEW7kXx3p8ymljiqhojAW+dPs30QyixmGy3OyB2LKHXLt2rfCKceepd0PLLJXAs3KXCvED+jGYZgX9lXvfNouYp2kEf/I4hkqpfDcK2dhnvMBZlD7BS4s+f6adCXO0mQmr/UhHtfJ7pz9UkBGmoKHGfkTJm335TpCn2gLup6gq16uQI8aSz5q++6kFHM2fPrwQvAPekK/jUAJTaqezKwB/Bw+l6ekFg9uU0TbAf5XsjjuUpo16SqqOWqjf04PlERmTR9SGK+Q3d1yfKgtMrRvzyAuLbVZdo+pMNaIypbfEYP8qDOUUTgA8NZ6ZboxtJhKyekjKf2gpzZtBPygKEjrh2rguj5Hy2pZ+wy5tSXdxe8G0xZNLApuZgV1VxeNDllxO9LYs0pX6kmAZd9p1/GWXW6CWJ6MYNtShvV3EEIabeG5vUhGEva+7rj2rAMB8xAtQ04kYXVV/3Cj5u6OvXsoqjxgPaDTECCt8MCOiGQmvljsb/LhQqbo+z/3kKMW2gQaiIfmpFRfGLxAVVWcQeWPBcjx+9/RUPE9bm1fXJgpvXPwdwdEP0Za4Fl0cJBg1oSU/8nX5SQn2SZOAxA+BXWO4HG8W80hY+rF/wbyK1U6sFSKbHE2D7Rq9caD/EpvfAqsIODKBwYQ0vK75YWcn1zWaYOEDWqmrJafSYnr6BCQi20vg62i6sAqh1Tm6vK/Z2NBNhm5V56SDMLlvc/UJNoUMhKzZwaxSajaCArZm0T9kdpwZVFw4nJmRbP8d167WMb8rr2Kxyuq+2kVxuYQ6hJ/N1qaGAiX01S/jGdRvp3dcfVWyfiCU+i1/IYaeCcw51bWqHQHxliYDyPaPV9XlamNmNlaX11cwmRcJ27uI8q1Ry4o6HANjfD3FUXmI9dIICsVBLIW7X4/zlgaimC+bI2e6BUcbvwFX0xJAkxq8qDl3RxcFn9ifkwcPbpT89VlzZ/eR0Dvr0TYCLxRFc9xPUw0mfc9gwqDr5WQl85FYFMm4GEbbsx/RmJDDHXaOdJfDDsxbhNSlb3zn8dkm7MTYmE2WUQ2fpy7F+i9cn43dgWkO8S86dHcdUR7rWobC18aij5Iy2NZPhHYjyO7I0yHZLo+6v4wEITGNuu05VrXx0ItYKllVLY8vivlGAkRGgp2JGcGc5c+CMJf4hRWlcje0py1WiL+DIi0fkztdHnvPjpMs8KxJ/7QHfs/cKZ8DEIEtDi3LEVkrjJTSOiBBDsRAlBAv6ftQd6NnlBNSBKhDgEQtazeM5uSng7Sjgu/mTXFoM1z2hDQ347bVQVxmHvhbbLdEy4/qTergzwq18vsPV9ielr6qYFoc5wUtvJxZhpRCRJmKkfjET5UjqcUrTjZh/TgxfkL+2eFlGFpSuO07dDXxxu1Aljb4bhQM32LGZ2nkI+bh/NiHT7TuQDO1QSQyXOxO6C+edEYh2ALiqioQ81b31cXPV1P3Khii6z3/RPAsQhy8mNaPENcv9rE5sf9UTzuXWKhpVKjPu/d1O2RzOp+4HXuwwnwjdK+wCsl+QCJF5PjbICyPEyqW6neWPCej5LZAw0S4LqiKTkwUFlKgarhKUKu36KVgupNtMRFFqtuG8Y2CSX0bUtrxfkhKZUh5O0nqh9cj43Uc+fQGKeSxG0AGWZbjF9N3DzVoTeNqMraDxPIb5TRv8OUCtro/YCIozF9dDeV9lAg+/oLigEQz+l7aEwoYbmXpSfXW20EBefSB/0uDYOSR46ozekUFizagriZrUQujdQ08cs+uegcatb+Ao1v/XpOgO6+x6MfJSeluW7Aa1E87/m3zcMZU6KwGhcbx1UCdpQ4gR2aAExnWuOrR2mLFMTr2ZHZUwv862jBvVZq5Mr8dgahkBvT5B3WMHrQV9YDwo/pQVdGLoVkginMha7haiA+kxY+HKTzWArJZQegxYebk1Ip+Rw5AGtSw5dgf6kuDYmOXauOUKfNQunGeUzoozAOzxcRyY4BFO0FyXgBUxg8nsMrxZGtPpyO2EUymxu7BfaIjIBfMy88cYRrwmO5pAIupjXWOD5yz0okqL1s1RvzuKx62bQQ0IHafVq/Ar8KSgeIC86wYpJHx5DnRYuwPx/OOD10I0NM/0rsDetW4mhLf+BBjG2LOJug+l0vgKiafHGgfD7X9p+vaVJOzW/vmWiJje9/5U9OtqNfSfflSZjVaTnjDpc6xawx/N8jddKg2Xun0z4kPXufEr+86137kCPStywXB9gN6nRT7DcpzXAp6ijRKxmaEAhZdlnHkfIumPHg4PjWjCX3MOhQvcfKDeXz6eBHU7TSucRHuqNGUKMTe7Ay/ds6OesBUXmPzy+71EJ2/rdyRty3ChHr36lT3V4avgUU2U3T0VoOzYOXuUwbhv12nfHdejlg2yHEBcpHyjribQ589GyukD9+OL90qRH28G9HIJbtjFaqY2iRZ1RSOO77Ifpw7OFHPaA27c/PxXgvIe8acSIFmDgU+mgoEpjigebUnQteinRy3iSS8AsM2PR3Dh/9obDc372/6GOXArj74g4denBoDFz6VTzqSU3cDZj84Su5PP2M4MEo6FJyJhuXzoY+P+AOW9dGSWCsip8AsLhsWJOP5hb8T4w5qRAEX2n+e9MbI46HtXxme/lStLPUp/k1SRWcIE0RfEx4sY1rpn83czOqKWZFHkOA8c2ZpfBxmG7Y6b3tPtSW0533sTNGi+zY8z8jEkMPqtH5MayZU9/Tqqf23n9ZP3VQOqK3a45A8Gu0Ytl1GzTOZHrNVdxtEsasA4PRYM1609stZnOaNRq0aw9QNftwYDSM/yb9GREpdZJzgHUz9xEMMDsV9GW6gFI4gQ9Djzaszh010e7WBm3ftjhvIjD7TkqDdIk3h/GUpNDMfyLei4f8pIezkUAnBzsuebEUh/fzR0DogBP5A/Wh4TGO0nRpCeJD1H4hp86bH0WjXUgFUTlPitdSA9WzZ4DgBn2YfCVDkYZorD7ZCGE+jjLo8Tz6PMs7GgChx1FevfMi+U0TOjNCbLPk1AKExqgpYG56TAD9wiEWdYS4k5G2dxYcwMblR5dDiSFLhuCb21o6UrfYE3ys5jfhuvpW3rAd/dRgp8unxuZeFxNtr490pvNlSP22hM+j5elYe2puVrGjXgZ0IM/eSyzRqjhwDvysxyIcW5ViL1LRB4blCIfVSMypvhkGBXwnvf+l7Doe6Dy9FvMtR8RMFs6p4LcJOu3hzDYJl4ltu3mE/UrWwfNpoMGJvYu2PZClAf/gw6lrTprGNEmoC3MsUI5lbepjdhcEK3VyZW62STsBRvxGiFULsdSiY3YsKFraCpA5sdvNxHNAZPLhgBkQFlfxeMKkuLY1ebKW5l8jFCyqIVlkPPn0YAfAkmOrGTnGDkuKbwfnlBcxPfoAJIiy5sr3dAvtEHmTAfmDR8R959CV5f5z6RTGiN8qURclmB0YT1Pln2fcG5KJ4aGEVCKM6/WQAZ8Jc+64g/6/n7uBpRZGBLf5k4PEjShVavJ2+LZcrARYbsBPWNs50zNFmVuZwbwCvpmgD2nr80UF86SOje/CnxppwBPzwqdXGcnnlf6rmQE3mYLeWJUSXbJws8fDu2waMG8DcJ8pnZ7bGEybbIkahk2zx0Qh3Hf6qseaL/zWVabznww/uRr0x5i5sVy1Hxx9u1gVyae6e9398+W62qVxQcefBY25bL/ZN/16GODU/WZZaIdiA1y6gJrvmOWcpru1VxpP3JGQOKVpJUeaXIbumMCPXVnVPBI0dYSfLDnUItgfrYN/YDAm/aXmZDwllPbmnirCdFnlax3tJZbR6aFZDQB+j8ced1S+FalqLnYERTXXzFXc9i4aQkiE3xyY+xidSrdK2/Hk4Qzl7Djox5aO40n+tpzHjLVHHWEvg7cIoIZIau6mLzc90WQ72nKpVHFU6gjp9wIPZfJo6BY2FkEc3R5w9gzv6pGf8brvjdWtCU2shpPfb2IE09f1Sn5DGyrPEykcb2suKPQNW5YyyUDKtoNrZfSIr7dRCJlNJfKjb9HvDepVkUBAmG64ApVVj8b1DdqiJeL369Iny/QOIc1+7JjiOIECXE6aVZwb3DgCYupx8eWAM9xqYzJT1B/OdY0v2iQHTasaGS9a0MeJBUuEcZHowEQ8BTmDe7PD9Zl1ehU5MaWmbpMi8P9/jZIzC+TBNqcgfdCSsXrfsiwPZghquQiLDglheqeiEXPYtpRGHyGMn1JWcJNZDwTH98v/Hs0apY2953tRGGWwGR+j0cHxGMZEguQqYlV0g5H6ZKX93SRSWF6+U4Mfy3OfrtdSM/us6W8vrev9CCyOOixliT4yo8FtWvgw/npQTRmK53I+iv1K3qnqJ7D0eJ3VLVqRiu4TNLScWUb0znJ9YCSA8bNXIRopwpmDnSmv5VGV927MwkPWa2zhR5SiVyTXFZ8hz5WGaXTkQJGI4O/5dbLNTUS/eQXnD5Fg+ssoj1D908zbOr3CS+NBYgVZ0wpPU6e0n74tXwt/h3UpLu5XI9Dz6+R88lksVRDtHYtgszL/NxA+hCobhVyQAwfqUTveAz9emxlbf7vvwi0/t9N/pYCs0HN4+zfYIKfMYWXejSw2WXXXXW6JLIUqLppan11A8otZs/muQ9BjoamwkNPQ2nxfnsKSRceREWQ3Keuh/SJExft0W3Y6meo1IZXH75SF/LPOc+WfTWSJHcGfPu4ZdGXnBZimAAbgf5zWAODG4gZJSrntehNV33u/cXhRFL6ECmWE2f80+kxCdRoJlrHCK/vg8cAk12iaMmAnK5SpDpMyXj8cwt8bge0iRBMucyxSaaeXLYhBMhsoiTNiV+yV+MNokIRpSRQ7MARqio7Fm2Jq4Q+Le8IBEknq4zn1ovLSkErnZydT93/UwFE3554o+/VsiAdXE/NbgLtJ+kdrvIP0B0IGSTWFyY0oO/l4/kFU57YK7mlPv+crGy01D+/SnUU/Iz43CijFyCFFLwU5nBHjCBo8ulSEm0ctnwJ9PPYH880DQ9ZKe+pdWNWzEU+XP86KR9QLBKkWzXwRDvvz5IcsIu7ZmhFGPS7pdXjmbE9h36ai8u34b9N1WRZXFrQkayXxV/AX72eW+8poSsLuZG88ji/nVHpzvNE8zORWj+5iKmw9+eLzbaLf6kG/jRiqjt1xAc+llcoqEJKmveTPK0PWl+PP637mbFrvlGnNjjVU7cyHjKWOCwCAVuVPVkVjZDFnNvSe3WvMV4l7FfhGsnIjylyerVrBa9xqzkGY8b5fGb0vPWytg8ffLRz0QKt/HmSl/egsymPKjiZPlATSt7tKUVvpBq9qeKCSpeF+u5OPwx4pj7oxXsZeufWyGZq0EAQoCPDid2lcfYOHCEY85vp/IQx1R8Jx/uqyHJDAvk3v1tMWjzIN08EvzPhByVfU4r3ORrvNxd/gLky8ofPRKuvxRRKVvGpz9DduXdGvO0UCQry5YTVn2p2NgM/bCEsQti04D7pXai1kWt+Ijo1U/PvlmWJNnlzFcXMrt3r6K1iwJZMDWJ3aMp9Zc/OE8oN6guWd/+xRAbEV+TZODdrZl7w9SRXc8s/wB7Bx7ZxUoMHdKKQ9Bj/HRV/4Jp7iHeCcD/asgd9CTYq+/yfC/OTtxPPnmePxDVC5jgX5O9l/mIJJMP9zGTxzE3s5sC+yPjOYDsFj9objWABVG/DKa7BZUXLFHA4Z8hDBvsuMRIwDL0s6XphwdscJdhahUgo9JEJICcEx+ujnLI/33mMFhwB5Q+VIiPM68l9Ny9hVT8L8H3H8igHfpodex/FricL8dUm+IDyIIqLAp4Y9Lrsa+qNfezxv1QdnE5JrIDh2v/Eg7FNf+3qNXefEQVx9H0DLndTPHjb0A4BZY+GaObR90HTBCeKc6MVEM+Bacmhsun3TtJ2Xv0QspfZJiSWeCGJySyxRFlpL1CR+slrkxzcJ1Ktvn+XCIOgWbtjHiPZmXJKJPqKa+6587TRnLCtdqaRcTfs164RmYFHYi9POPO+nlNGEB+1j1zTsE2xUALsYKimiuj/81fUQJEw2jH+YRpMg6k1lJGk6hbTtsK8HM60be0AiyQKourx+D8z0RGkEDKgzFRl8s5P+lt17jvjG/HHcMFTjh4xl/NfXWRPHhbb37yhfbchRBY5tBqKfzd+2NwfiQjQO1WK2C33qL3vmzRsGBm/NZEOPRXMELhaJkSGJnMCODbpsl2kH40IPgYIdYMjjWTtuN0L70zXG8M8bzS8ukaTekC/CxsFya5OTZxPUmqf+QK2EvTKJzY59EnuqPFvmdiglGj6y0gP7HLeFADYQuFhWOD5qsJpc+BiBf7UejuZXVSVhEjDfkeu+X927K5blFP+b74Xr+cQt2CoPibkS4I/x+ruQhS7PtFPlzgIVd8LDA2e0s+dn6akM4hSEfVqOq4bVagEFqOcATtsr/N2E+DDQ5Umq8PVCZ5uXo7ZvQWef+4hhBft34I/+VYC5iW7/IXpuF8908ntquosr+ZIoUeRuT9rLR4Uw4h0LJZzS7mkBoZRoWxnMxcF7agrmZpY6GXQR30NiCL6NfI6nTkUgpyxaWHj8xa/eQYtcwDLIqNPw84W4bIApw0j1DjPET7gyMj32vYmO4FLBHE/11WAb/1icmOhc9v2i0laKAafGQVvrWQQAxzhHZdOdYr5JwHwOQnNOB3NGt0YtyAuwGv2n8Tf2nrz/9yYL4AlL/bvBVpOLFxvIkhntk4jr+PJKaCDY1QiGpf/CUbxIo4J/dXrl2l/2ulnq8HXgBwGNs0q3/xB3Ym6jEyL9vPa9kW9b7szuXTXSMTVJ3JXVSd2uuTUubLxNQtxQMRBtXqUUmuvUEbnSAllvUGtWum1v+FIL07ZX+lyNLEt1qyj0yRUviw5Ib6S16TuW01Vlj60pNVvmZnKbY+gv7CauTbqS6IMvPWZ0LQqUuFmY8lvCweHvlb8tIgAhQbCbiFgS3KbxC29+cf2yWCUK9nqBWCD8POJ32Rm63rxaxfgHV3g97LqxZ11lDT3cWFb1XtgVFofTmgG3dseyseXDO4ipQA+Pfjr+cQAUZxbdMUB2cuG96tH4kIndYjEmRvdi/n4UIcmBBUHoini8U7fhaF1iCnuab6wT/gLIEQcjuhqRlVcp9xrvbdXRXuBtqvUhOBoJ8yvkYHyWEsXox0IQqW+3NCANQyu3U6lNiKyjtYjGWJHeBwwZABW1G3NhPl3P6Z9hJjJdzvT4Mq7AKasmPNXb8D801fLvVnhSBJEmDcmPn/j4n3DGfzD//+7dpK7ZUSu/YqStJaobSpqmrNGq2qqlkzCWrVDNpSXbFp1d57C6WNUaOorYIYISIi+PP9/e7/fT/Ig+RIruQ4cp2vz/t9rvV56XFmo46ulJbOmOTNHw9Ny5EKPSA68nJJrcGXDBHR0GkVLFACdR3gGHomAMenVLBVv25EwA2xlstKESBmHFCiL1UMwA6/qf/J5KZZ16c7F13DGkoBZiv73cU/hlYnK1wwPAQx05s3uz9HGcofeTEUPHf6CXKNygACFjR0FW+pdHo8Mhd0WAE26/Tu4DW4sAYOFE3G+mjLOOQay5KR5A8LrcWBlTBJNyfD+QNSmzuqc2gpkP8NL+r67OKlVGPH+avJy33Sn8QAXfMS1Sxm3V/foqs9gG3V/D2PewjESl/RBcJalZbPchHN4SetkE+ipgmYVcfNrnn8i6e/PVkdYHBmQqzC/2RRm98lrdkQ2GhB3MSd+q/U53UV5wTM+hvlHR3ac6uTSo3SsLGB0Sw5maQiK3vQJswwfaN5YPLaXXFAV/mF5gbI86jgrOfRFu74/sX30mahHsjSn3pTH0K+Dc9Yoq5Do4epUr/RINSNClE1Uyjo40kIZW9ca9zMpQvK63XIGYGsXoPYvr11XWOccOk4K63CQZiGCTAhFf8IxVrNs3VQMm7f28Z3GqVx2vTt+lXx9lT9T0W0cU+b19VtmI7iTN+Whxn64M7Q5ec4smVgHCzZIUFiECzTite8wu48sRDlizLYlX3E68OuEH10tQE+tZ7r5Mr3R6iJJVTiz5X+L+4/IAFshcCmkflqSbYAHwESBXmPWWHp0jf6J98a5q6UlSFCoYxB/knn6ZLjx5Uv5Y7pEW+8Vk+LXT4NzElNFw6UgPblXyY9XxckFcWGA3Lt1YaIXdpYYr94PNxhSQH8ORAD2cbYLezAlcWhYbeHMcc4+bf/eEbwDsHaDdydrz3BGBoKpxOGlj2z7+BBmmPUXTGOStF57P7eaxCBUxi0c2O7XgBb7cQc4vnZwAfadjoIqVNQG37R5Wrkx9GhF2+ovTHzzyCVw3PPJ2sI3TfHuwlDLxghVRhPJgXqN2OczzA0YcduY6ye1ddX6GD455/fJQ7j0dq40NjvK3zZqIP85/trf4vkPEE1EfBnFym6bDhLhR1LK1yXENzBLqRocdj+nT7gVm6TXAwo6Uo0CNA3BBFc/dwjfLTMnCkx20P4HNiXddfhHEDPgt6tl2RjHLewJSSLmjG0ARPc4atNMfRV65XFj/WLTnVrKxWYUTqwoC1CjhY8JrSRr0b6up+OKtSdKi4YRoZMIxkRffuQTNpLDPMLdmoUZbgmDP28g65q+9FpL7V5ngIYI0v+Snd0cVltgHBlkFcVPlT3njSFfK+1czn94VZvLPssKRSvzBxaXsozP0qd7yBMel0OEdkf8n+CfxvlMB7dkwCwDlxZ613sQRZL1sc+AozgqhovlFOsHnVQPeq9zDjHqPw30QDV8f1nrGuthB+JsayBi6Q2Zy7Qo6WkxkQafgWf8e8GDfwuR96eR7+KBKxpKbGYNiHpjk1yqcC8sO8ZDOeOiEJn0g7NmtxyyTd/LUi0oAaPC1OetoOEKW+N2DtyrVzw3tFsvrpaBM60DfcEXSg7/P40EDMgimzZFCDgK9yGICbUPSAJdu4jbjLeGLVPR9aqpNPyxRkk35bhTe6JuImz5FqOSntUyPUKIVoqpBarG7NyON2nkMUW2D8EiU25j2r6GqcVpCnwRtNt5D7AJypD7ww48oo86RVf+SXywICFsXfInWfS0aDUNeXdtogr7ofMWKAn/s/u8WP+wSM6Jcw0i8vc6NOWE7kpugQFEN2B61sDkLGY6VOeT+GO28uyqRw3sZv5j58sdldc0gom8BuBpJEVvCiz1V/DdX+PnbMn5jiTQq7lxI3RqAusRBYsuQzD/oUNO3dYC5MoWawdei8uSLRDdArManrQj/bd+YNQ0dQCo0a2MMUu703H7z3oskVelG8fZPq94uxiriGI4wcQ0FMv7e6B5Ca7rtHBWPO+6vshpYQt35ToKZi8+vYlfT1Yn+re5wJAUgnY6jp4pQKaTkcpSnIb/foH0vXYQoIHSRz5vQsseEZajYhJB7iPIvPwsVmXX8HFtzu15Jl6qSd2MD1tziPjan1KcgoTWGAygbwOk7I5/GTM0rbxFPBObqbXPiaEkcj5ok0EAh6xcPBXf4QV4S9pCOfjE+kePP10475DKs1RCrdftVZIl4D6fivVmz7uFZKiqQ6jWKiLlxNSInQla1L9wQuT/NAircoBkCJtKyoPKNmwdXCq8/oMLPuuxUtSfOTu5i6pDEl9k2Koj/1S+qrKy6Rn69AfS6JJ824TrPwI5UiHwiX03vBGlSQ/qcf3gwOqwZdQRedycOjyt+L0DCiBWwWXwZCg3aN6xp5g+r5Qw3mk1j+zbvBLZKCcsR6rnMrkXkrnl0V0dHWNNPgqB97ddDIQz0GCt9EuzTomOQi55VjOcBNmdIRoAxQ7qUZm934J+0+p83g6S2e9m5zPZYD564MWzlzT1zPsX7xW/VCNXaGlN8drXmuZ0kBVvxVT6fGinf7aPM52n2obKyhw+BvJKukJ6qn+6daWfyV48Oasm+zpXVOH57K2cBAvjZikKvGr0iSk/jhciHTwLXdISIi9xSfVxjhQj5rg8y1vODZx+24EaNsPB7xKLroBSONCcFe6hFqiP5+KByosUFC+Tcj/ycbMNOJ/qJJnVsqs09lvPTnzjzexSzeyoWM2cDsBoru48EeFziVr+zvq7Q9fvs2go3CPCZCGh3b3YojpKGkasJXAhtW2DeIZy3HzQw2C2o8PtUdv2flAaMYr7e5UymVKpQr80SKXmiuCsLHeghQ93BwpNQf1FXOJPEwFL/gIj8584sh8yGx5YbsnagIRtedxQXkOx9KdGNeOf3gppe0bX5eeR6IsTjb/lq5VuN76Q0m7Ocu+b6X6jUyrEvaHFgriZPw6dRCBgXf/wpNWanMVHmcGc57kUQba0eglVhU6ynu5DiTNyXtZIQT3PITt6M6OS2/la7cKbQOwOCW7BNT5uPQfTiZ5z/dNBVJ8+H5Q8xOJyoypRU53QvZkrAHKKqAPiHcdWlWJy9DbbQmG4e7Mb7RX9kZEABYe9FVAU9/vJ8sz7xicG80bdIdDb9MZrmVfbj+5P08Vry/410HqtKuYofkb2/k6kC9C2NxuENNrkhTbJc0KTgfL2kpOB9fBwb4k9yA/A7lBF0u8zhlc1KQikwstLqOwoU8BnyOkPEo7PDEiJhObicKTMYB2cAGCJpKnrXMSWUeKkqpSsU8V+HFx59KX+FpO2aciH6J4I5hIWzbsRiCkGSNeljo48/T2XdVkUVC8JRpp+dsgHCOwYGIDOzlam8B6VF1MakzqGoh0ux5Wf4GwqT/8fJ1dp6B4ZXH7bYke80wu/XlbuigdSTg6Qtodr91jC/tVxQtwHFn0y7dLQDq1i4id0cbkOZ7pX7t0HuzslUk9/hgWpiZMbkMP+g417F4qcnepUqJd2uzqjOXPf18+6OuNRehCPz0au1e4CXHZQCabfJO7BRasQAaJZs8ScrNXpMVtHydmhFQjCd+EqWq+3l3CRO7+94a8P7GJ+PhBw4/l3NWSt9a3II94Yfz4gwce7xm989h0Vy/5DV/DCguGOhof9XHHwxONcJeuOKOOCDLJu8+EMm9PR07RO/SYbbXl1m0raQXJ2j8GXAvYAyXeF9b/uJ8hqy8xBJl6ZjzvwucElQh1ATshYXqaSVuZrtsS581j/V90ggfshdveJhJ+Gy5UFJxRp5ANbkKbci5pNsdebLiekWelUM0Bd/Hq2u2mzdHl+ygb878GH8gC9t7IWv7ddMDS6S/j1b8sO+tuL6pX3Ob5BmSIa+J2xr2hmfC1uIexmpe3cBNa/kfyXKqWeC3pjORD8RJwdMNhH/ytAXXSZNobSffTYEFGGVuakDxH2mDHF7fZz3tX5WAtyx5Sd2TF9ATApy+5fNoQ8Q9D9Z1a//LYX70NKbw1Ouw3bRcTGtXcCBdtfJ4ZUevzZlhuXKAkB537cpDOah4oDvBxzWD3BBlX/4ylBTDDccM/MDHJGyHBK09hlJKEHUeFLZmGdXa7TDEgQODwXtVPt6LJf35CdcYj0moH7GypYV8llGrfloCOtQnZqRVQvQ7QycSOEqqKdT8xqejQ+OyKte5eBIvrqMCxLOQMNpeaHI7Ec1VGPkJt6A92N32Y2fqfSRmNup1dHTJF0gGzlKJYAjLVqSaf3dRzkzyyMXsWk2HisSDBciicDsyTuD/CQ/k986As1eoCGKNFtggH+NrWRoYLlIljXlL9ki9HX/vlMa9DMEgsxK5Sfbp1YMFqMISpYg0r+ACPXvvnOHIRq+a+E+gdcgzRYsn0wms7o6OWDgQs8Y8Orz+6ZfvI06O9ifamdeANAWpdKyM9cZzYQ9mCYptG2aqbNLC+w90v7Tmt7YMT1HyWjyozvdVdhty+2XQ/QQk8YaVcxJ1p55+qS5No82vEs99lmU7/5OaOwTCS7pw5pYNcTCQfNTcfvsp7XD6f+HpAvD9k2pHerfFoSy56UsWjSfT0XbajB7s7exq63EcPVHFVv5h3qkaoEN+1SBXOZypIYvx6eY1rXkYN3TEj0xJThnH9thH7DZ+dO65KNR25j/XT30yKu0Ur+Oo9T60bSY52PrNWUcuh2oycFcgWZqKsxMOBcmgqKleVm6xlgTOIQL6G04hYcGENBeHxplWYrhqXv/0u1q1tn89LTcRvvAQxJX2Q11Bs86T5lGTpjHl3s0igiucVoQWNw80m/6iJ+iR3fs4M5g22r/6sPz1U3LGX3txGj/rHO5XwbnZbaGUzPW0ky9sFUOKg0LzL8wMDyj6nDEq/jnl7QYVDvadyU1GvFUACK6lQQ0EjkGdnWvY2Khx6Csu7DsrvPO07dWzxuQThAHSsXZL23tXywDf4nugmA7RjtIu78GWt7EHZZWr/pYYrNob8F5+oo1qEFPg2H7ejj8MlLkR7z1QR3DTmgQKjK6a9/p8LXBr93fEqywqgmHUFkJjAsz7In8VcKtB6n7Q5/J51uiBuOE1ZRdAm1D8cpNBzr6oBIjJalKfojSw9c1TRCLlIcBqY9m9vyFdNjXeAVasb6smEkbQinJzG8e/BB0pnGisZ7qxFjPuRF2rclDL9FOdD87kF0bOwccDdDlkGOQ9AyV36rHNBTErBDuGmQVx/PyaOfYQ7503G1h1FSXdJLPN+KAMlSZmxO/fH8uG7evyfU/AMjUGi1xPeQYY0SVJTxgXvPAhioU4c53AC/gH+jGrxfV3ulvzaLDe0aC/df9KrPmETXCCmphBBM9A4e/QYCyxjaNB5/sEclVU3p/6n5FiKr3pWo7he9b3FxKMCUGHpsLnBjzdUAE8F8PKnRKIz1o2JHkx3QjiaEfkLto+63bSaG+tdTXmmUSCaqN8eh8Qfjs35yK3JpW0/vnPdwBgeR1UkcxX1KusTBClT78QI+fM9l+7Gw/gDd2g6zY5M2RW7X+jXK7o/OEHWovEyWCdH2kMbX8C/yysvBG/PNbzCKArrz3s1ze++ZJQPYJ4bTX+IrQ/WaWxVY4EHKLa3H9ipzP/twd7yxkyrDb3I9UbNKnMaq/ziPqxO/tyegpTC5i71KeYyMsASO4WDPnJ47KswV0ZXbD/Ahib3FD21nSc7h6sf2vnR/0IadQlMSwJR5EvvNFGSyxVypi/2UjPId2vJMLFact9k4bP5QmI5xmphSWnpceHPIaFLDmJnZz4aYaBwA7BvDLg1VPitb1UgAvTrQ2XuexcAVxi+VKruqO+8+97653ehMvnVEtBAzDuv/YfZ3SCdOvIOp8MtvqXbLtYznlcvGNF+lpwsXIhEjTB3QEWS979xHzfnLz0tY3iFMG6OG3HqnFAdYfYWpZLHJqMHyIuLiyqkp7vMQUkzMbJP5u4QlpSxEHPl49v0Jyk+jmxspyll1sKWxvqKwLmMJSFw+w0SyN78wHllKLCiC8GWjAkwHvddWF2c5n0wyryjmV1e+PsNLeCzBVIHt/YtMdbm/k6QSQqHtuKmLOWQQFvQxm6uSi/1nvpS9FJeB+tRirlFAg3lvWk7UhYCfsK1Y1CO1L4Adv2UIbE3ONYbzLnsUipyVBQJqNiEdIPEST4TdAj5qFxGhEkXkt4sej62O82IGiFvdUY6noScBXR8dDjAfQATcoU37Ex4oz+cfXAF3ei804XUvoKez25SiATp++YNobtuR8BFyxb7YmMMAErscJgw92ThHfqj10OxV48uYqtmmXrWJ6Xbv759hIKFHZEwxnUhqboBfx3k6g7Vd/YNz1weT4W5fsmKezNVqDQotZVEWRnmNp/sNg66NfchLs41auKff+Kf9zF1i3edasR4Il0sVS5LJSUXrvG+iWBX+f4nx/PeWWjl5XjuKKg7vGRQUjxkU1I8YVKwFomumJMc4kWVu/LHFlal6safF8D3mKDGS/tMk8FkMaEJq7usu3dPlhb17Uh7qskWy10259tNoov5lB4dlephNZ8pCu6XR345FMYi7djgaBl11AlIaNTI2E9WMDRPbFPv7vzeNXqQguxOauLark7x1GLV/TMvd6fk7GF2pqKw9vwjDIAY2D3B84R0BN1mUfK/kRRB0YH8Sztfn87cV1j48m/M5Jb6yb3JE8t+jOlqAeCzDeLtZCHlqZLpt9+EXPdmPndi/30PUvBIqgOHHBp8RjzWlhe/9aqZ+Iivh4LUD3Riz5PQc8C4+N7Pd0FtZt2gZeXtro2g4SX5FnYBhafmRJnk0KmvIgLE/ryjO03lQdX4U5aQgeTrmP2Lf9Gs91HXp8M9qg9j28XG//mhxFHJnaImxE7raL1UXFKkyyjWwZRoXhnIpbxWLUs7EPB4qEVT1jRosCjU/7wKrjE4tuXJR6Zr6UGrOZ5JJu0v1eRqsneA+63ryY3GVzXYglz7LNu8oY+xaBMt6Vtg12ZrJJQvd040MB5hQkZs3e7gENgbW3lDj61Cs3khlmgzaFMfvCTZN8MRSq0NCG5prrL57UQJV916SAVHBFgymJ57Ibxu4+LFe/qW19GvUlOQQM45xWzZe1Si+EZJigvgMdiwt8V8xjwJjZ/O2BlbmcMT+8sqyBmnj3Zn77D+WYoDARSMV+39hp0mhP3/agDgs/ZR1NtK2fWF27+isRWeijoteiKeVxuzeDr0XHUnYpieilxLpQbEwz7V1B2+7pP+YXqFkN1+Pjia6w2qTXAGXKu2ucreC3IZ/u3Hyn6qSlu/kpzmsdUuyRej+Svp+4XXhZV9fYUnrjIee4dJtYczHT8XCBk3M2OXHeX6zTzPzN9sSi1Z98r/NPsLEpnqkzOk21hahrOFDw2fhYMqvg+jS2vP9ZalEdbgrngHyC2K9eK27/+xe3qHXLbwLWww5dM3g2JoJXsJiIlcqs9IfJj4/ZeaDFEWezWbtx3JQNir7oAmJe1/Mx5Aap49sUGsM5Fl4R4yBuBchYj+Yyprhrtp6R+XMrQty8eGOa7EtEAWOG6AiZHs7e47CHPV6eKYsHVRqltjVCF9DQneh4YLG/kuP6K2I2AAy8G2jt3sbeAvKcY5aGbCtVKvnLeJg7uewCj1g2pIphtfiID2fZF9LE1oY4WJkqNic0sen3IheH6XYf45s1Ym7dJP7V0Vl3nIoKsGbimHHTEoMY9+i9y/ewH8T16clI1FfzJ6TspWAHdOswxqkxay5yFc1iyia1pKXCzJcPkfLqjHwuTXqc6AlzvAaLD/9wxJFnpw8wpEMB7x/a0nuHrlvAQvLzmP/qZLwltfAAuWI413DKZg3y3KA7QqMybPzeHDZwmfHss30JG/lxsoRoC4jybVsECJOctuUPMf9DQ1vUTzn8KhidTHbBgbadMqjkiQ+ok8KzlRSWqpuRLeOxIWtD8JfbEXzDB+yQC1qhRnYmZ6vZ1v7X19ZtLOh8Z9xU91ru0vLHWMPc27hv7vCCLgTYyDyhpW0C8juYTTVoWR6M6XbvJRZYr+NEnzRt2QlHpq8pqzAijwj5aIxrKBcUBqqlYIgmnSW+KjGGrEmZwDD3BQvI3Sjl2C9NWXXtLywWmdNAZRtx0TL0gpsXWftqyHnwopC5C70vXnpC7+tKvN7mnWe9rgCqbVG2DHj38xkDtnl8v1CAwnA+z+55TEtfM24aHTWjrS02d4C5ExI7S/uyHow4fg6nZRtiGIhwuSFzt611LuxhWF7nvjk5ZskwZOtx9tFkS//2AMblQXXaOCqxsxwf09fJ1/QnWk0vJhVVDevKVWmeVhHso990/WRgpgjns57aBOxPD9SWjiuENnG98xXZtSWbrQnKRoP/OpCmfIFWiuVVY5wKhABXep5Ozbp+GqMlrqTAl8xPKP6p4GL1gyKgKyamHP+RrY/xz1nXFKv1I6rWX47qR0bG++c3W525Tnza4oBVdoS4IjRhII3G/w3DsfInz24uVk0dP9h3J0JYE/v1ePFWqK02usr2qwvXSt3nu+ILqJjUUecIlTWoybOFazRtEsQ3uW1oS//00iozdgv63n9F5w03GSRuNosqKxLW5MDPAGrq6D0p4oQFfFfMbPB/BlvajPU5EKqweLkWYX3IFDs0Jon51xAUrAKs35UFEXPmyEglgVR7TA2S+8+NJ5dSLZGfPOEX8SfXaiDl5l1CMy3T+upd3j6O0IdmScJf/giyR+v74NtRs2Igleg6sj9fO2UPIFm4bHB/I94Zj07Dk3s2G3CWfCjGLzqchC6JQqvWfUkWdxfZy8kFROjbfELZD6eh9EsrHu8M48sPaMXLG1h5MdMkPpybgRW22G/7e4L+b94p4elW7jsrsYQICMjYJFvf0iavOpeY6r/6hkps/l7cw/oFLJwEHa5HoVZGod6ILS6QUta9J6LeY/RN3wuve68ieEljBczE1+XspPTgy7i/3fHJVqw1/I/yTD3f4OLZWAQsxiN0bW39i5FyOLaY66N5QK+je1eaJppbKy5gw1cKN3OjCW/BtWsmQBizbj0DFucnCx4E5sJGAnHXUusq5NCb7XuvjgN8+O+o04vkgw5N/t9rDP1mKPfhvLV8+y8VV5LWhhL0yyif8Eg+9QqQ/7K0l9hHfNJzHXW9DfEGce0Vh8qf5X9FB3ee8Wb6voyAjwlejuS232kwiaLEmvE74buVfnaQvHSPAClrT0BzlBVoHt6PddXwL86fgi9PKL5Tr0xvT17N+Vu9G3wSTbBlsuKJ9aPfqwo4ZSZvRWpxUejM69KG0ZA386yE/ktIV3m6taJuPTnsRncpHNNTIeAdYeKLEjnnyoeg1s4cbGRqIaxEkq1q9Q9FykKpO0Ht7z0Uh9gauirxDpuxdxVYN32SgXsS79lWmx+gAzXqhoPPz7PSFEc8lbfGpU7dHrivuepGxgy/eH47Z+WJcS83CNSFCEgcQmSMLgLdMCVnpQUPKGAX7oLwPH3weiDdNibl9THgf08VTNiDaIEvuAYpNu+bRnQlFrJwDAjoA9+OGEenlb3UiCC2dpPg03+YgJWj7SnplyxiPDUtHfbV/c3907jWlzxVr2dLOY3rrdHu0R977mswZ5ECZ9SdFrrof0c638z/kel/8/+xViLkjuzct1M2fQQc/k/+R1vmI83cdaLRkurZvUqozp9ftrJY6SSYaJv+tDS4jTKx1JXt5ZvZCHpI3O7/GXgPZGXtDyoUjcFtUzjsAcjhb6rM1oR70IAXjGDhrmOiQH9fhSEyBHOV/3GNRR+5w2irNmEF+Bi30GNzCYH/9E40MRVp47eK0cnYKEalLQG14AJ8nuVcfUFeWUahL/2uSiQTjS6amU124qDWq3D33ZvKansJMoWiMFKPmpZ/MB9kVq92t1cGF6BHL8XiF9EYMNwmbcdQDawOnIc/XorRe5/2646JhrRps5BJv7da0w6fXLbxd5cLlPiQ2Y9kcPuBKPyxZRCWERA9fc7tyxax2OzaDMJ1R1wjFH6jbfm9jf9N2rPZUxDv6aA3Bv4jDSS3XXXWNV/SaGUuychRDbEZ0OpJDngn+F+kVNiTcr3W4HXRNh9wmscHcU3AK1AZv+6w+y36y9nQ39zUYcPAyMre+vm/b8aONSAvL9Mvdbcudr9WYs8lA8CSwC+hCr2MQntwM9xWRYUBmqhlNlYTJyrkKun/cC/BKmeck9EneVJnWgCd74OvkCEDCxp2Yt6HtbEbi9rQ90CBTVS5teJ6/pE0jPVY6F4W0P5GC3dxus78DUr5NsyDA52NbfhKHDrmDlPxpCnow2IaHMNp6f6HKTzsyIYTXvL/dFqa/nVWFNb5zB7H0IyEIwBZr3RnXEx56TqCzu0tj5Dthk8hG6UbM09CNUfoqc3LFp6Rf+8YWMpCcoLNnr8n8LGhydPEEP22zeaKJsTYSNUN0zGdOw5fxz5UT+Vndu/dIroEbzsTMOQ7ea64PABGP6Yg2yoZUI+XUJSDAbEyCShQlVJXwVJAz/3vKzeP0uaAI4X/hr6+C/LoGx9ozKMbeeG2P3zywiRLvT7Pm+6cgZ5qJqyOoPE/N4WVLn3FSZyWo4y6E2hg5M+I926P7wmYCw/OjS8iMbYN+OTESo56LEZIQ03+ag0lINBHQzxy48GE/teK8h1Wf7l4VpK11LxU335Ko7k+Y0g/Nx3y3vMD++Jw8RN4TCGOt95udjomrWKFSQBd/dVnzB0cLzRmQMlch+ygB6FFcIgJauKpMu0C9WrKa4UeaPq7PdkldE5QFEEI1xj9PHYx2YXrDK7Z8++rtcLNxBBJrmKRbHMCFer0vsoY3Kk1U3aXGpr0TtLZAhtkhuYpC/VeeX6JaIzOMIUy9GsKNl+69PPQ6vIwWOMkcv4oDCaLNypB/9JIQO/GasnSOpgY6SwriqFvTkQ7ETYHbHINkvKM+lxXAnt2TFLTVadd0T/KEd+Rrxu4KDHpz+v6mxonDAlcdNyAy6oyB3WvC47v0f6QCdkYEP0a8AV2IQ3TLtmIvJCMPzHTJ0p1E2YhMu6pX2nrLE4OUnCcKBtgzw9JvZyBQe4fOdEGcu/PAL+00sMK99gJN+Nrn6b2GKM0Cad2q96yN83Be7JK2Pwkv0LOtOu83o7z54Vzd+HzF7+lxegHwPGLh4CctYhjkxidiTGl9XO/5sbo64FpmMEqhTYetaGnnUIsZTUPE1SEGKDe48MqwnRfvZWVWAuDCP1loX9cTIAGR3Td36pFV5lA4lO/dij7gPuXMNSWGXxTTY0MnCXXG5aO9dEpNOgccpB9ipW95LfX0lPKwFJELu0svyAsQ8GZ197NI4w9H+SNtrPTsLIjg7W7XIMT6/5BOFXEujAoAKBq4Lj0rWkkj2kQtkIWXCxNCiQSo0nnlX5Z7AmJVPAvIGiba/qDR+OpS1s3h8NreioZBr0vLST7199v3f3JThFTeuQQTinQalCDKRDjCahkqGWcsJreb7VGfcLEb+q04v+KYA1qk9LrpKftsFSg1ck2mvXQ6seBHrxOlLF3cAOLuZO6OgmXl/V+9RgARW3dje2YxhkHh0tkEyfKr3rRfJKcOnua8rnMMA5FoGDHXgcNoGhl7+w/IzSs/ndfnV5ItEk0prHU9TPuIwa31bGF/YnBSw6YGfjR7V1ZdcCyrG56teGsYQbybXl1Trunr7n+51DKaNA8b1eFNHy+9OpBTqJIHpjsstHEejB54M1UqPUEYXXGjCebOOpBOGNqokz5ygyDHI8Vv49UX+8girRELIcm2fZ9qw07Kfv3SSfucqbmfYrvpo+3m1mOPc0agT6USdv/nqu17v1XvVs8virpUXaWBSfvNqcQui9ITMvPF14A0QHam7CIlbdGnKeTuElkmrI12cv9QRjrR47+pqXS+SSPN86FegvAOBPzIFKU0VOHPHfAp28mHAaeB1iKjA4e8yVp5WZLaM9v4T0xHQ+diWRqyupuT2OYis+ndb5GvJuMX2QlLc+cIdZCJcXYM8095mTWFvUckeEuL7SkuIWxpyyw3AGlQgNbFd5VBtrJoFDVyqf6gwfghi2YQZl/p1rU8pQkhD9BTFR/h8CkTupf23Tkau1CNkADsbbOT11YjLY18WOCT9kIVo+k2/GKo/auQfZW1THCyDA6feAJh+semC6olsWFUpgDU0poqpcwC3diCvEH37AybTGNuuO6oBjDeZtDL/8j2Yot95wfLdk/67BxvpQ9ZQ1bUtpVC2MCXRGBY/T/xR4lfSs11nnOh2xOdkj/IORX4xlxxOLTl2BLC23Y0UENRaQyvq1WKWmsyPdNp2qvFuwOx4EpZoIJ7Xi7xbkgJuBM0NX0BpK3UFWv5bwg6a1qt7yXPZleC9/1CNjxjcQFakjOOwRnegEM14DytrSVy2RZeuFYOevUauKF7HlTvDFvqoo7h9kPpbOfp+t96TD0vtS08VqcFPnidmqJ13OiU6oUyfTRYKkxYmIcKrGj8/RQBkyZwLSOc8vjh6ZbS+9khC8j7X7BclJnowb6MTirkDmZ+3EuvWIEkLdsaaKLmPnkHr+9ulZhlyxd2kkAEOanArFy5XddyMDty8eXZdgc4h5CThknqU5G9BelBXak0fL0dGiibAVpKwUAJqOPOGo8sKfJWdokhr7/9aolBWul/YZS4PudUAe0DRErO6zLiuduiw4Ct47+gTlDM4DZ8vuYEGhpV0vUwIu3txBLstabB8ZhnPWaV7owpq46tLc5qRHCd8ZD79IS7OVvVRm7aIi2bBQkn9vQeeJj3zk/dYX5t2FZ95Rd43EckqP2pZ1liWPa1SkOt9pcTUr0F/lDgT2hogDukQ2WjQ43qfa6IQDkB+3+riH7X6oH+slJzArOhDdfV1Nepbs3Y0xxWIpzruLDaDfyPTX4CV5w3EkO/nfs+eGBhEIonnrU7I1LmX1btuCiAGuT5pU9VvxTm8AIU+6cRqkgk6YGzmtWJJeyENdjQnvq9wpODLzXBo1TeJrA8LExmIVukIcI3qrJkQYZiagtWdvRUbAPjQ9xz0yyzWUNbycwFgcwjy50ww/YXEwVWHpeR5Nl95LbzjkR7q2bAWbvCBqrSaCc9L1lLynvAxh05INlev05j38StWchj9zc1t/o0OsuKtnOCcNyG2RnT+H+uXiktl73TQXttkNZ9Ni3P8tZtqj6dr/j07az9gshrXqohQNAAEj/1aL/fZzQ/Y7jtTSP5m9i6fpTGs7/g3nbFobOSaMiVcxIjOsDeMk/E3sesPN20mTD0j51MyAGNQiFwdTfGx/RyoNJ9ZVv8Jxnr4wFfE195XyD9K+FQwDzW6E+mOI534M8MTZ/lmEV6C9GDj6ULVGYMUTIHpM09Q2j06eJ4nqLPCqlpzGUgNEt/lRAdEV2miND16s6MnHhBYhGNnzFjCN17INP1jsCun/dVqxXEZapSaCj3+ccfoI+YY5f4Rg3p5HCRTxlD9tgT0VyK36ccXEHGYBvHFGrcUxna6qz1g/DIp4Y4+YI2keGsI7RAD2mclm0zDf5CCP6QILNrfmTsEn3KLt1Fd/q86Z/XgMATEfTQzbou3iq+9j7L+gdz5VjQmnVpHlsCq4d64q14wolV/hPpABz47Yn4XVziMuR9+pTv+fX8Aap+FmgoHA0lHs4I/BMNiOPJ3Crv7hSVHHSBrnSDW2qCXVLCkiJoSARqb0fgktDg2pv2ykqqUGYkfc5t7/G3pekya1V+L6m8XbqncCnxbsi4HY3WfWpOBwUID9Hzh9IvuP6eDE61eVD1/x0VQ/j1a49uXy7ZXFC5a83o7I0d0ZLyq6KpyE0B5RaM9WNljraLijvHzrWEGmFwU+N/3NbRpYgPXickwxnBh01Rfau/1qqKu5aCVEIKRNByF4FYAr2PRdqrjA6+yAbKUh+1VKW6p+XTHO/U2clXdabmABaxi/90r47vAmHDUyn2unVzNKY/8nVar+6yUO4Qug2zky2DCkktJYlmNIFkst4WRKJAzvqtmKHAqxkVQi9I8flsKiMcZafY5PE2ITfDE943xapvhohghVxewT6Ad0NImvd10nXL5KvTSY/agZrs+ZjFR+UOJKyIW1xfXTCqgC8+keZXEZvVhD+Jh6KozOZYXtBnEXSbkqD8EHV+vsOx3uZdcN/Nvj7XkmQGKRCKtCpG7pS9LylJnvJBwnk1u4j4cnEmP+2q73RlsxoDTzHch9KqzTqcwD5zBI/6Wwel7dUK8KWQC24S9WPKcYKF+ZPjs2Z5YnzRbyMYb5eM983iYyQX0Upqz3cmGTjIFwV+IRLXXgJXmN1rAnc/ipQX3AzoTCvyG/N+eHU85/7Uw+eIDWUlBFOrId7Hulhx6jh1L+AttidUHJuGYb5eUd3TpI8fcHs2/TE5a47KFMe48POIzAG2U3ZhbVWrGBtP/HHdwm5S+LMoQQXd4cf4Nc1eKulgaL+AVTH8sAgOn31FhdGuHaH/b6J8K/RYZcs8bWaqgQXeAZYbJUanXMIfKtYPe5cspgFdyXAaQ/Pa2iB9ilz3nC19ZOFh5HPbfFbY1tZSliJH+UXtuuCt8qlscntrKpSUMa3Wa0VO8cZe+xNSKBQ4Nbsh/aAJ0QiCXxEpHKk/dtkHtH3W2NcLfXGeQCgqXnL5oMlIArHLXiXTrrK7A03EQRQMmu1i3oy+ESt3S8Z2eLmio+7n+8+nNABMTGqbQkOldZy/d2aMSP38Jkf40BY55GGYPtDo5qV/78hfnOPLAS2ek+Gumrt7RqMpMFdZ2Vzv/uQSf3lULXO44Ljf9Qvw6PjdHR/fmr2DCDAQTQbAj4WKeBbzIW+3zsfW42FAhem1OI6v0Q13+y/2GFiHDSNCU75Zgs2zycZr7Tjqp4vvY6sGlmvsAhW9rIZ+WYPMuXq6MEo+Sue2vWCC+Uw6/1YEjalgrkJbiAM4yTzwz9pJHN4goDvj6s/BOBMw8CxoluWvxPGlImtXha66K92PlECXROHCbwAVu6ew1Ey7vpzkxMPXlUc3lqquMV1uZn8uFDfCNbZN6hjzujp0eut/inKr0KtHtC6POhHk32RRD3ZwAxZuguitEsbqxa8+u2BmvCKYigUOQXtBNbK7w3GN2uMPFodheYTJllpk4nIX8PASJr/zrluFBYAFnsBuwUZ6a2U6NpB9vlA/sscqFzUmv9TPzMcP4iRbdvlEZ2sSKqfUlnQv53EeEz5FV4PcS5Zj6gAjUxl9OysygAvgv9XF14eZqQ0D1MSvbxbobJ8nZN54KcIb/u+M4TjbAQ0cTpYffkmQ+8J7w/zQDGO/tArIeHxrIp1TixJIRbx/u0hoh+nbY6a/9TMin9EkoLMMV/nmjM1NiV2J78baYU/73R4zKez6gV1e2+AqKpLszDNu/3DEKRQItuq7fxF1yioHzkw5LOCndui504B8mpNhslFh8OkBwlxiUxhSvvKPW/RouxXEmYGjAXMRMTcP8FQgTAsazA9EHt+qqkgU6h6E5ZTTHpLh0AD0pc9uNGcFPxi89xLnRgXmxaEdDmuuuYdGv5cicD0XagZEoKlGBY5If4c0CMgGD7PyTma0FvsbN9yR2ofOTst0nIalyjlgQ96Ey9k13NoZHkImsjLsUUaye0OnjyRkNSq2vlaCZyIh/74Li4SbzV0CB0aDinA8f70MWbu6+92okC34tYX8oSHCHYBNGXo7lB/kFSva+KHUrAV2qmwAibEVyan9f9n9D3XWV/2J9qyDme3GvUgJrUGURA1jhWw8Hy4ZyUfmXpB6n7HZpx+F/Vel1h6yKyllQG0nxU7tYIYUknBHJz7pscRp+JLCrXR6oRNw6FDTzq83e9uIaWurXqgddA5RmZ3ojwyKS1nZhJ7TJQemwDioOz41hJamHu7L+Ce5+GOl4vJ0jvxDsHtrfVAHETRJ+PFwobLQtObe0egi5eLhoqvu2FqBoxuGN68qC1swsdkVAN3IbXZdHbyYggcBGm2iQ9upv21Ab9x38nV523OKXP0xseiKc0jkASDlSjuQOJPjUr7iVqKxPQiTm1L/1uW0KBJV5hnsYs9ndLe4//i7pNfEG41WeBP+eTNBxUeOdLMyiBlWLyReykscueB/gwoCbAMhj3KgEEMV7CNc+tWbIMHLsurLEvYW5+v4RwLbPzduCVlTxWxdw2Q6CCW6zc2u/6MvOKr7aySnEhpvh/2kcMOa0FjZWuecOqSXNuLoXbIIECcPplhPAficc3x7H88Rj36HxoKA21YavxRZx6VuppbHa9iwwHR3Wi6btsS+MPiK5DrEOghzbCj4FnqCPdFsWzgCWZZfxf5au3SDjZaAN7EEvfzbS2T/j7H1V+iqPHivbZTC4GDrJeD9nv/4RlvyLnkifG4rcHEmBHiTM/Bu9d9AK+DG7+/dWmdHpLKma6FxRi3PszxmTPpy/nmb2rAQkSFx7jutCB/79uAOpTxyspYHHf2KHbyWoeO2fhfubbI5bVU9JYkdKQ7jLw6axuR6/WaZOKWPjt9p0Y9zcMQbVYwsbiQOqX8dWkTljhanIHVXA3GOdTrOaMTTd0c591N1UFrAockOV2NDQgdxDh7y8PgANvAHWXEBGYtF/PMG8JOk7EWE0f45sXx0PcZ2w2jgjktLx0NzHU2+eZh7z23ABbgy8AuQ+HkZOPlUQlD+KUDHjqXi6XDEymGuo968dvehnlE4ZIrisnvIHnUgL7w2GsL4nSyjjZS8TMwqypCcn+OND+XEV6W445C2KgVr397+rAvRnQU9Dee8EWGmlQzjH8tsiJHDACIAkOVPLMBwg26o78kBJc2ogA/KChNd4BWCAmzwhf3NBabfGVzi0Gu8AnVB5mo8AezGo/PvlmN2ARwDZNUR9oyv/L3OOrsOHuaZ0hLN/Lc1sz4Sri35XoMvXiP7IG3tJLIujP80kfUPdDMgzGfupS5aQzfkTlMR6ZKhhSfELwfcNE6b8Ee6viYCyFyVjUlgDx6jfWRwcPaAaq3yZoK5wfpVOj05iSPeLEoPlf4JRz1UfTTLQ0oxbL9VtfMP7p1JDucfmpaNrgoqyeA/4fhdfByTDGFYm5lsJcokkuIjiVd9ly9AtmoCwQ41WMoVFePpU74TYdtpZ1qtojEQ7D4X2mdcn2dDXvU/aeU+2JkBDkLSo/KaH/MvZnnoJoA77qlm0yOhsx1+1OYNTegDewp6VXEQNcDefoNYsMKv7x+gvi57P9BV2+Ir2nuiEPyBimE1AWf862ei+X3sNMjswQFkwYOQjf/ICoLzxIb9eM6DU4i3snxSh2WdG574QvwjT81dofrgyoLmztnp5J1UQ9ikaNqMj8+vZiU/gk1FkpAKYmEgYydy8pjmy8f3x98uAk1W3yaXT1t++dLiizklr1nrwHrfdBHeXdBkDWXdjEi13IpvntYe3454z2XzETQgaTbWnHy+HKsB85ebfBNC1/MPpdyZ7eef2Vw/HvpDY2pso28hyxLMR1qRVvEs6cv5A4hDYk6wcBkpWUXKEcUjpEb32qgXW5PzAN8HEEWb4m2p4L9WOuRycMPPL1WgCjNSxuQqrZR0f8++j6hc4nr/uCc+Q0vQoAdV5NYquzJDb0XSHMrav7k3BCEpS/LYwYfc9J1vBd5qoV4y8Lb+XgTcA4+vA2fQp2PKwvdOOzaVX1P0d3raazKitD4yfbuqPDkvMXxeOFQqNDaQdyuVlO/Rv45+GlSI4J+2IBUrPZveFjMuMbD4ia4Ud+n2LoYJxz4qhGS4A6VeoX+0gTxpwvCbKIVPaGzM4saAqbiZCjqrlI+PKacnNeTcAqwaAHq0yPgmcX7prnMfgbYHDeuOWrM/ompeWCgec2oGNyL6tFU11iDFoy0AtpJHDbHtNU94+EjzlS9YZko67seJFHgwtmnk8nPRsdn105MyrGPaQSoPPfob73B+Zg/fRA8jeJTKmd3HqEtf5ZMEZd4/nV2Mi5wuB6BCNa1QIHATsSQf+HINofNQ94bcZBe7i2RZ6FvCRAAdSqOPD9eECD9zjDtlsFsMi0pnO2LBr+TTzhC5SU8HP5B+IWeL4LVBYluXtYera9Aj6TrmBUBD2QUkwMmU6hFuBe3tQIpNIZyOlR28eFJ809Uzg6Ap78FM/9mgNMZq9xBy8ZZZoj0zpkFhBboNNgtrFlCi4646BARFolOfj8DyP7+dF4K5AMQMi5n0yIR7gzIwwF0TQkZzwK6m2iL6Te5JE/EqmmH4qxhzMSR02+UAJLPomBrBL1E01TJVIXc0nCXVwGIDVT3QTKDzzsTglsYffuAROUtBLu1QuXRjmSpR8ZZrrO3FWyhDdbh5Dlqw2o1shsrdB4EwaqHHzyRAye7IxRszwf4kq+qhgF+9MJ8Dw+hvu0nYQZ70OWNiaL2ppioYaLoEz+Ajn/egC8N0qmHTTRoOS+i3Ub3Ef2TmIEgEh9p0MCPjIuEKNDh05BexhqbMePVo7CwjdUhJZsLJwiHcp/KF8cPDy9dwPSJAFTu2Fh0Ln1YnLQbnUBlf559taBdseWieh+AR2HjixIe7dibzAsq58Rx902KuJOtrzmE+1Yjvl8/AhTrERX4XGZbOj4LVCF1qPBedgNRfi3D8u7Bbj65dWL81rPleZ6dybBy1wYMEHnkGKFP7GfEf9OtyV2hWXelAs+hVyyI3Y9J48Ejh5guIyn8SzkQdhQserYX3TCOz70pW5dr9o9QIPMGC0Zv2i7oRwjOKKTL9PUMGn8MApJoLdjkgBZS1vhsrXPjyCA/nlxvZqW7jivoRu1dPQuOugZwqg4H99kJYetOiyy8H70k/3P4RWloSLXvNGNqmyv/qiSfu5OiCvZAedOQnBw2sKF9A0x5P4vdriw/7sdAAPzoWXHf6r/UoZ9UH+W2DYhMDhA+2HYSLQVYA+ajl3p19jMgn+tg99DSVqVoP9fPfGizbuFuuM6yj7nl9iBIwMTWU3yP+ttcjhtSsqynt0W7cp3CcNqNzdQatkeLfKTE442AsxF44YaOsJx91l4JSVuRt5pgN1791DorjHFvE5ggxCa9rIL0cxL4qerOqH3E6cvp9QlLRPKrMfKypTHEtBMsCrxwQ2sjsrcHEUWiGXOf5m7eRXHCVjq5qmEy6fpi+SZNARf57tZQ+5QZoretxymXctPPZSUzjoQRt0u7Lx4rY6lVfSgCiaCBhzJ8+k9IxrVIbpR+gTGYZS1hvbkh3vW9VotDQ4bkG4IoBV4S3ARup/Ff8RiE42G/pmwR78tm3lSKeFQSRsU2Az4+aUL0wSsKjUKQXYGgUePspvB/18Nll4ax7SBUp2QnHPYv0OXiHnVeXQDASL5O2RLMwtBrjE8mgRFVjaPteBX0kkvdTi2vZQO7K28cgXkBlaeNT3/A3avY3z4QFB6IPXLqwb/uAD8cF4+qh1zQAXgwS0Uf6Bx9S6SxTISq4EJHw0+Ww/88rVo7eEz0k3MZn15CDhUst5l1dw+Q6kDtmHl9Qg0Bvy8k06ausVopH55P0SgDdMVIDG1GKmdNdPlvnuo4/pF9OGxbMN7jlT/EA3BzKyxQOEgP2eSYSl7Lpr+niiCVjt95KHcE8+LyQF+vFiCg9jtw0iZucO6ZJiOZL70o5aVGwEoOIdEW2KtwpHiRVMooUp5vdeAfxwuXRgg24TJUdLAtAJwHRq4gmuoiNlKtRQSD47ahOslPdZgLAzXzPvFgFG0iEejCLbOClF2QBJ4hlsaBJT25FcxzLtmMOHHVrXNLhXz0BxKOAkz0pOsfukwcDnhuzI19bNWI3ek4i/c568phuwioCXDm92mtjlOs1L330E8G114OqpwNyttOf9+QH+oInDgxT3oqFWnEtjL/Y0xuHNbSXBfL3Vhv37TVlQCPWHj7KPH+fLyMoa3LKSDdgsuT5zH9TqwdVP8nz5+s/dBJWPz5Sf5VJjPIti5sjPKCGfqaE8gjtPIyKcUBeYn6mcIYJg5M9VZncmmFWzCLoQUGzClfKjvb9a5GMQZW3sKt6wW58QJM6reOK3ANJh26qYHvL6d9rp16HIDksP+1n1nEOoK9+xUeiYF5YIqprrCNsujfJ9TNkWm9Hbv4XlDYs5qe536wFhJ9+X0kq5NMrsDOd/CXdbNw0qRHXrJRy4YAuAvm84/t48kn6mmDtHQQ6H7VsEPbmLtVSiBUAfJyCDly3sR0iKR72+2r+Xly7vuqsRfLIaCkfvIN9wptDTPVOiuLNRqjXHi1uG0L8CAJ/PPPu7dIBOZbFXI3Wr7ZVll9vPhmTd6+Mv3A9jqbOCLGxSERf6YoUN/ixTUq2TFVCfu1YlMyzqi0UdPNizHddlWR94XAZYYpyQTERtYDnHYdWM3AzqJbMiS8DSAg/A+cCUPRVLUvw6DBFc0XBeAtVLAbiBzYLmKRxzmvPZnSGU+iJeJM+Y8pAJ5iXhEwQDJwibYKKr+6VDLPVGTh0ivzH7im6GPBj9m3MD4PlyULBZMvlY1W+oloR+Woxp55Nu33gna598p/pp/eo4HeiHJipu3ROkNCzR7uHxnZNc5AQo9jyDjmF/O0QfFMJ02GdBA4iA7QaZT8HuI2NA2nS09+lzgzD3dp+DOH9W/3QLu3f1xV5DTwpGgRrO3efmeGegB0pzfRq2Dt4JS3SIZN0muw9BbD1te++jMlnJEoDnlQxwddxoR26zDNH0WnxTWttKubRryfFQbDc3eWgyHHQTl8sAX8bbCxLWLmMNRjvbodx/Vv8YcImLfDjHwe9zHEz7At4FnuHA7tBnDSS+ynTA+Yd+q6uq9bL2Ckh3L+WoPHHib2w+tNGLP/b6i667NeiK2k+NrQGZ6KzdaXhBQ3qD/LeX94uhDWdOZTDJBfWsbK2e6Cpfqsc5UAH92I58SfDL1SCMdswXwhXA40NQW5szQByzvgSR117XolanqMPuUae0cc4+GPB+1xe2VSjq1w2UnMT4U9JzmVSgF8Qva7Bya3ZrEp3mIYJrGlEQGvCPvnm0NTVChojXkIpwbRa/ZCIVb76rQQtuNcYBr1K0wuFPMp1Q2vfLoTkCRBVq8AnzzpJbN+jmDlAMJflk0i3z86SbJGDl5eEhp5aeNutqQXTlJ9Sv7DMEuHhHiAOYyIPs6HztBePzcXHrNPG+TUOZcqjEBTALHeEhf7RHQg4dMU7VGXC+am/hJ8gi6ep9w4XFtCFr7D6jLH7K77Otn/sQ2lRWUdbI/iUT4vQGT04PoxIzgqt2TCzETKFTc+zRsjHtl7932OZejpEeW2h8kf/eC6Rn0P3kGNnhb5fxdC/bpQmbcMLBI3gHcaJz0yy+4mBACb+y2qQC35ea2SuOq9+ztlzQ9KWfyYmfV1lR2jEP4WjMb8p2xCv494dm59pODZ7FOWGgNQrdCeXfDfaEvqMsHicVPKl19CMyN6+2sh+sgheXGmV2H768qNPzXpEZ9uAadF02KB/VCb/CvlT48MgiEB/DxJDyompnM7fej9yWXbgJzmQI+idjC/tt/FIgAvmL7mhyeNblws5axigzrr+WOuR7u2jghenQmTz/i+s+Vs/trWbnUifRdMeTkR+5566GDiHlKBX4Kv+AAeTjUSRe5VuGM/1R0CrqxrbGu9dkvVhQ0m5FZx0AAGaZiHZUvb76ztYAtOq/MRlLacBMhdQXpC+iLih+aG9BIlGx1rtXsdDkFurg9Um3cJqjoDdIgff2NAeP53IcR9puXb7seZAqiNC/ikg6St/qOfYoJpEUq4xRF1g2/ssx2tyLLDRB1Pyimtsfw/1vzC+44NJ1BhFf2WORGdlp+oCSn5BI0NR683472QdnVNnx0bmOrQD46kTra0XxjXheNuLMYD1abvfQZQPYxE84tKdpvoqOT7XnpnTXqlaa0YByOtw+XwcZ0Rxy36yHUCNs3PfwgyyRinrctNbR81s9HX0nZqx30l4bT/3zC/pwXbGr0Ul9eVTv7LBVmKPTuH8ywMfjdfQie+LLyFVY6J/Wm+5mtgGly5FzLLhR+anziJecXGUMQePCB4rs6Amy5TRwzbNg/3Ef4DEU6+Wpj6r4L96B+X801qOlzoz5e9ci/weNxi1BsR6/b2/20Hq+XNtldDjTAEU1xvNqcgeyB6naYYGAVNqz2PcGfJFMYzpwEpBYU4fMxBaepiGap++wHT0daCj+/Zgz9CR08PFJ883x9arJJ8XQ/MhzcTCo7zP3p0hEi2cCwZtQDPUXIwX/iJsvTLBBvHhIGPWcQghHgZ+R0DSEydeVJejZxErOQqosdsPrrMekXeUdA67bRCB3nLBzFMjiLIRzn5NTO5BlFStnB76ji8QOsEeYIjOMcY2HU4JczyJ50D8eZpgHZzod3OVLNQ4ZTqlbJV9pR7Yx9oBOdH2bkOojCfooKpcmpO7Ilf+PrPcOZ/MP379Ru0bVKIrUqq21R0mMaoxWqlpqb2pT1EqC2jViFDVDtdXWrr1atUJRQW2tTbRBkKZJrCc+3+f7PL/j+P0hDoc/4oj7vK7zdZ3X+76jXQB8x7SSBRSqmNChI5YJ+9dmvObdbtKkmrkCSpzM1rcqHNPIvVmE5BmoG4vPd2pVVyrSRZo0cKET3eXjgRwsR7b5qDL2i/qgzFay1lgTSeTia3WC1ZM+4Mxb2Y22euX2t4FWyjXyaa0WqrcCbnbxTImxTp6uTVW3KWPW1tEJLxq/zDhW0Rz1+Vfr/8jlj/P7+DUpjZ62unZAyeAR0UAYBQSN1g6wH7LyvnQQ1UfGeLNikHZprXmIleIzaHre2ak8nL+BXxsOZPpHJxd9xHuwlx23VHZW1PKYEwEMv4Gv/JwIFxdsaULoAjSfm3yBsmvxwJlb+v7tE0JVrqNL2+L9K00dEuCb3riwU33gpxQRgOY7k0Yixhyig3zG3N7ojJlMWakn85Jufe79l5N3z6/W7BoSwjbTHfL7rAfG0X+xHzfyUSEeGP5ODujVnSiMtPU2E0E2PIthi8yAgPUAidEI5mVP8wePJtIXvC8eBzZwHj2mA0mDGDrAERoXyO9FACZYfVSYleCGgdDeiVKlws2Nm8b8Nfnd6tuzpLUt+sWcxqu/+MRx36pVnJHHDVrSacCTwcC/T3SZahaf8LR49ul3pJfEoLJqH9YjEHQEz2iIkMa/9Ze6LV6g3eJDf9fjw/dMQmRMgGDw4RlrrQrD0A4TxlyylH0OeH82OvGixgGJb+jGDN9NV0HQzHiQkPa/8SDH42bNPt8PKIalh6XNL2iMmG2KItl26e9X2Ak7xJ57/kBv9LQ6AfSNvjOjNMpRH0s6apFAWyBza+5IWyvPBnlTI5MHeAD9g/JNqoCTi/s0xL79HfpDVcALqLMh7a6ZHsCgkB0MzMwdRBkXshsAS2hIYZtxXyNDGLVyE5eTU8dbgx2vB8hyyIE5Y/Z6ov2Rf+jfo7T4D7ZLFHwPNRqGkc2kog6cUXS6faTX0mFHuXft8/n2bcuDryXOV51pYH6B2Emr8k6B50BvDLGGszX0wGFFUbHwAuDQAlCJBjsicdMDoVZ6gGELSiM7ttdBgp6gK8pLERxE5RRD/zMbJjiZGacPjgyZa9Ozafl5wPh9b1uo0wK+/01bfY/pn1l4VAgg5+K/TBpS6qBfMKBkaiR7DguULR+CPY4oP6pTbmU3iV9A/9Aht/ETxi3A1Q/yDBg+khhr3VMskMBc0c43FgBwHaT3gnnAiccaL2GbbXkrQQ43mSMHshiH3PoKCdUDffc72jbFVXQRwb5alpE4iA31fbDwtbYNcAyMonYD/q3+VW9akKwr6I6rbDwQfgfH+cf7BQxLB7pMzseiRFuOiXyiMQA3MVx5H1CRuH+FUuyP0zKXESzw25sms2AmithFMvtpTmWZLlEZYs2xDco61HAa7hV0RT4WWazI73E9flVgrqRQpHTshwJF4a+EElImUcsTqQFsMPf4IKz+0/BntBdAlptPMfrjYzm3SyqNlDNlZ+7WITwbxv72j2uZDLaFKwxlYQauDr8OhK9gZCNY2+u1jI8Qli27E6UITvMHD158O3ggoGmWYHVjStjJW/s6E5azpYkts9D7ZsR5WvBQ1NGOG27zML7iYuX+bSClDJTOelTH6CKpw6ewdCEzU6jAswnEMtBPZjdCPh+xzd/Bd+LeST8WD6inB5z8viDGUObQBCDnBK9Ph7Jgw6qJ9LspwMSFzqi14pOm63Wlb/sZYbknKxfxxkR/+gSt7KGtB+dHeyQPNJhg1grBnuJaHySWP63f6mw7qxraMQooqzq9TD8KZ5Vv+JW49bEXgzRjGsNGqH5MoQEUXyY+1ge2aU2XsRulK5xMZfkWwDeHHiASX9610WBgZ6A4feWCyq5BMOu/YC5i4KVT9YmDcuaoKirZSH44eY46Ssv3K+Airvyg9dFXIBa2HgjZ/941zOZCHIi9lFjcmZNe/HImJdBjQojomqOPtJGoQzTV263PDqkun+LX3muF9tLuGqHWIxNNK52R1B9Hgaw4K5uLyKKnYRVCA9qHwJ73IQ5OWzXOVfCda/TyYQxCKV+iIZtGqpdT03al1wc9ApwuwB8/TgQze++LGQAN6LUavkd3/8XbejhuaUXsmsxaDM9/t4/4wh8yJRgLbQ/C3j7PFixQtQyqAwcWyNFAk0Eg1L5kFnNiPNPLLcePbROPRvz0BTJBfWYI6r9WG4xS9+ZvTvPykfoeiyBFuNddKkc95JY+8SCbaEiMmHIIa390jnBr6L7kMWlUvVSd6R44K1qfU2W9XBjZLIzs0m3dd3N0Idl8fn8K+tKPLzDfb57eLJeTqOZmIF1sG2JwyAOHec5WHNazxwO3JQJCV48EyKl+F/B8k/z4OScGfLhRLLB45vww/qUdisM9zPT+8d1xY8X41+7bGAqxrB8wSmG3gR/vw1PDaWth8xSN39gtP7gmiszUuEdDfqVCfpPyRqWd1Q29lXpU91C7S/BTrbZf00ZjSI8bda8L2LaEnaMa+A6Nco2bea6ahnN2mvXg+a6lPEd7FCxGbNu9SRy3hmvSnah37FSUL48FqWmc1l+k0ogUeMVM+6BXx2tWYpEa20uApWE8qpBJtbxbGx53i5C82wbNTCJrRtcz7j5McAaARAn5sirHxDkm+LHBMdcyCgkW2t7wZ4JnHY9awyWJTMuZqHCpOsTigUvuf/6d5qiKsZu0XR7grsf7/R7bRr5eJnsi8Mq7tK8G/BT3zrKF9uAxANKQR96hJWgsN/mCVBQmkqC8+OTVfICbD8FK5zvq4hApzIwrFqgWVnA1r2/522rSN4RzlHEZGDFhpTsfVGgTqsECAx5hlehhxsbGypjyy5o9le8+0QKgNumzcn9fNRbrI5nE1pqnRZyDWPVU+W8Gw1SOZx6tqHEdcT1c2T+WPo5bL2uaakV+ziixZEUuSrOMyLvtaJ1sfY4/NT9NhU+e0o9tLXnc07avZO+W2bjZOS0gcsSw0vSbqhfI9SdMfC/+6PVPDCjqyi/QYwn+0NTBCoPS6EXLL33F60vrJ5xLbi6ftbZba166sBAxE6a6SHsauwgpraHpW128XTxwRFrHj8KYml9PBm7kfYnpeNfJBDv4h0EaA29U5jaReFHBxTzdKNWDeibYU+sY4NxOHFA1kx0ReUfGSC2t0HrCmh2l4kGH1vAW3XrYvHPXwwXJlgAkOCJP2dIOHvi/VgSDqr5KVwj9suJuVQpkdz9eydhXp0U0rkaFMnbxYOMhz8TxbX/XD8duYstZ+oGNOyiJWh55mXTHASTkG/LGirA4YbtlXSbsHTO2ofkr7RFRsh5C3Q8MwQ196ItO5cR0EL0XVf6JLmqHXtHKi2JF4l3Wx6SJSV976DnXDyd7rLXMHsY6MK5z1v2KdrrKwjjn6rjVSfRt4u34IPShdvomy9zU1rafECv5SaXLzMnC2oYEgd0nVVs9zESr0yF/cXEqw2B4hyXST2jZ5cqBmedhPe9cfylEq7OZeblhiIXkc/8aYH6zwX5uvXcB2olprXlt2DEPDVb2pjswayRhPvUsNyjSwvISHG878f6f8eBR2n/x4N1LI6WQoJ1IuGTUcOiX4C6Nw3OYsDG1HlLEkxSMynWAcvyEbRps9jOu0MwoScVFzix/JhgvYbx0TI4F9rB7zLRAW2x/fUu85TUjrjyNGZ1rnovChISGxXHlUzkjlo89tJ/PfN4Q6uQRIN3ETIqVInSAc8zrLjQwyYO2FVXleB/z5vEFUZvqKcqb2qlF1LoiPjjnxdda7lsgrwN7TATJDxvd4vLiYLYeK4u92QHFafsv/tAvS3yyW674YwP3o8FPCs7D20WPA3lOPS9S/WahdeW+wLpikwCHhkuSmYLq5lAc2N5uBB/B7DnATZKcv35DJAbwCfToRTdwcvA0OGrtWcIXmiPiVRu4OwMjVlQxr1N7TDZZzEhkLGVwFpwZH/PiGVJnWJbDSlo8KQ3XrhVJa4pg751LLpPduh6/cryuoA4SZ7nyLmFl9UdAiedKq7K2rSOS0bZEXFzA0h28/K3IUIgeLhKYc92MGpb1OswVq//9y+FQ+OMB4HirboP6u+T0fc1srrsOjr8DA3Vfned+O291kWyM55GfeBgpVnraUTgNV1CX5oLE3VPhbSrjH6uuTXAw44bb3U9GZmvlOiQDaqv79MMftTroAMg97ZABo7Dq05IVoZMX/uo4I23m2kYX10hae6nEWUPB+d/lNm2AX5Wf11waeKBxkPTi5hfQp/Ynl7UHfAy+aPiXna3eWDYC5qmRcDyABKii5IFUPMSdKUJeM5pUm8O06MJ8EfNCmkilPXDG3oaMHAdtcGk1sAiQkjLt3g2CM21dtOSe5vr7Nv1rnFieXDKdnRyjPwjMy9L9tau8LurMSQx27jup3/rc8B76c3Ppqs0SmAxT7QdKg67KgCx5mgLtq50AHaUI1uVyZtj3g8yQORWc8Y2B4iCg/u5Cxd156Ju15PRfB6NLiZF5WAkUPEeakFmKsBTq199o/UOqrcNMuVjUj91igPSG7OdVpZkkw0ZQYaySWnLzsN8r+kA/Ko1/lLr2tbvKHDck7bZVTk1qqhpNhGNLe+iPS+vYQByDW9siF+Ad36nO/tKz/HTUwd25cB6D5BYdrjZPuxBMQtTDqlJ1AfPw6XPNFrnP75afD9ow/J0a56s96Fxi5nno131FQjnyi+Lb4cDhnYIaBlX+3UDTFMqFH1Xk2Ae0uPOs/lj+1+x6rzM9TLUP91gHEANl9hUFFLNA+6Y7RyUkWMgq5SvZAjQzb78Ssb3J3R/ElAXv0bD1BXbXh4apdWs/+A++E6AEupUJD+pRN3/y603tLxx4a/O/UfD5FLf5p7vGwFkTnyA6nOfLMoRSPeRq95hvIswwArx3juAyaPDcbxfW/yZuLEeUlwmiPCs5mBtvFo0sHqU5QguI5+/xt/Xqawb3G97YKSitVpVDjP/ZFcsEgE5Q64vbHA94KV+4ZHAAUEvygGJUh6rGwW9HUTTkxpuYQ1vj6qMgKXx/htCuvrnymyq5iupYWInH7L5NXl/isB2PisU/p9mK/tdTFYi/FkhmihFve1oJyX/yt0y003jRPWukJx4A6W6ScAn8u68usywxPURB84GIpsqNrev/uzSw24zcZYtqpz71lKH6zUyrPA+JBszj9BUHILep4Y+hacsS31iOXkUDYmCy87CiJBildpen0sJl0ZDo+p+JZUgqNvhLBQaQF8YDGG4rx6jsTWRSHhA4kWXv/vumTL34UkIDp1749YQVgSGSkQsvoe2mG4v8BCM2yNM6LhUmP5bUvZFPQ76PU7p12dI9CBsUUpMUB7tc/jh1FDjuE2kXA/NDy6b6edkKxA5fHIDerr31+MudSGDQn1pVXQBZ5A09rKrizcsvGXaPzJ6PnClcuxMDG/Cv1B/JtY7zVXZcT/DS6qhhhsfnEFWGzEk5YT6+dL1A9s1Hzo5+4tAnn4ZXiq1o9lLNxSRWik2D9HSQ5U8rEX5T1GG1v9j/9UcuN2E4oV4xUGtX2jpyzhjvwTZoSy5M/rSIWjgdGpaCAJZztacqhmURXXNXS94mchCeuwUl0XLndn1i0HY+o/85oY35skmrpVRplZJcwQJVPxgvFEVqma+XM8Ofvpl9QmlB+9v+4FgKvlh779fTQR9SpZTXoTxLJQzqH727gIbYlJ6TLze5McsCXrO5PCwi/WTkONC92sp4Duh28QRz+P0FKvxCsBX90yJBlF0QcMDbYeaVAHKi/mH4Jj+8NYLdNpu99xZKB/iF2p7lCBe2dRFD4b9MUMVWrH0Q6OvvM+3viHvc2ENE119Mh+F/Ei9W7QWyioVAi66YCF7Q8Rrc2tdLh8LLn0MH/KrFtzojVAcCZlq4q3aqKGRQbXA+KSv66zj+mGAywaDa/5nQ/U497CzwqYtlbN6CsB27d7tJu9CuOjdx0NPXNa9+FPxF6dfspn4mQnH6v7RMHVfmC4xQwpSL2uQeB0yiVQEfhiQS/XoHOWGerpY33bFJVKaj+pOZt5cHZR33kvyoIt8EX8eNZ0AiyyDDarppOWcHBv0Ln6MqZl5xnh2mEp7XNBd9yWI/cLCo0cLoEWRocZ678rMoaWLbVB2CdylkbP3L/r5d2TM9ZB2r9P8r3QDspGUPkAeN6pwCUxw1C0xsWb8ekk1zrJxRJUpKPrg5bQ1vdBtz3tEun/mLVbNWKPHGaxajMK/FhYQNwNp6zCscD6go3dkdsdx0zz0NmK5DMRGTqwSBXuCXsij2OS8ExFcj5FGHrNN9Utzwc9nx35NPfv02FxdFkp4hcNLmfCuPVjU53+4qBe5LrPFhFJwBkV8R4mQzBtC0DVyAASSoND0cMYwIooA7O16p6gRTUT4AnbsQ1c56uq1H5cpOkyWccYE3KQZAR3BaRo3xMh3fxK+hRGMBIA6mI2Iy8XwEznIB9Nm5yFLm/NZhdy2cAWfyPUBqghNSPOaJNW+cElO5UU/AM6ikEcVT88YecpEzbF8pJ4gtcpHvpjnObimmRQO5SDhGjNItZsstydIxLSVMbwFssC3X/bOC2iZqeaCH19aGl663qAwy6W3a22k2v+fqdzIlj9GnAU+UtQ58PZow+5ei9uhlnW+4FVN6sazBKsCLo+UtdTYtwWjWIhEzqiJwVFU70GCQg5Or6qtllsY9hNMJ2dnEADYeLX9dZGYZ+RAdaqrR2TC8XPzIixa0LbGS88zW7+94tQbt3ssLAXYHKvRyZzRLufY3w8scvPbLvKdkkOVgomrY95MrWleihDPGAhU+Vr4UBsDc+YL5uHhzyiEHCsdaZ4zfHXwVPQGePl7uCzt7QncQgVExW69voKP+KoS5W3xV6ihpImFoD8YrG/+97+civK8A3WvewQ+LLMh+buJhL7j7CTnUkquQvv2JGfYwGkGHr79Aan170MhEUL/l2wciNB+/iory+QrY+Nepgl0rS+LHm/UDv0cDqxuP7mNE03ATmS56yEd0iJxECjigZs2h39fVc5odSjTHwHtvixxfgXuAv0gDYRtI92qgvcYU7vrW85IGUA9FuO6cR63y5BcCW5uzYG3s2EuOvS9f6qjZuafXUPFNYVV19KAbisszf1hwNv7dQVdZeA2+e7sMktKeDzAt/OENPj6skZ5++k4YcFQ2lnLj8/vzzovl7xQvOVk9ON1hYteuEyZozvUc5UjJ2bE6+eUEa7/ZTt+OaJwM7Eb5uOZVqyKX+g/r7RZW1Q+czEQAIZi1JtNrAIUaE6/Dce47GZIZiPDzAVib8X9O2iItAW7ASF/Dcmeo5EN38m3lSVXkidnP96NgfeDPWzy+QLmKszXEJzVYbfEcN+5a18CPzq2KLsN31elWAxZI2pjIgruliASYptARIyYodIIhgC/fJQ5ojKU4X9X3Osj/mXpVrnUoYybtShGXj5Wlf70jbrFmja/Dv83Qt7wXDG032MUYvT7xd/EdGu7sAnfuSWXtiG1p6b3oNp9d53iAdp3G9IoKIzPnpNESvSzn7nqkbKzADL8narMTr0CR786z/OHvQVd3UzoqRtzMPFVQwNHOKY/MOcZa0vXzRxnBrAVXVDjdTtxXJ0S5jvoCsWu0uEk3ly6/b7lIvwS43yPioS3DCsBmB+RLp7NjoEPQu8ZHS+JvuXzupYOw52o1x3Fue7AYgMaVT6Em4+y+JL4t/9RFnD5h7a1k91hYlOhxPmZMv35MLAb2TnLN40WUGJbSR2j61G/QEc7771rnQ3AE3YtAe4rrqLd/QEvUUFOgrXDp5cWvzHqwxAIFjlK/xievsJBtX92th9DKm4qXpQHNRQPDrcXk7+XVQcRqRlJX0Ynr0vEUJ5MxIpov05w83lrQF5SGNccG7ZB4p3eDTsITYPy1Y4ivpL66anzE5CdJi6tzIZFVpvHAFnNjoxcpJmZ2Zs9/Mny7GcgA+KnieQsFDLTx5mhqoy+7WqngDON+/kJa4U0dzZdvN1Bj07lrmZ1PtYps0hmeflPopiFzyVjD0vWRT7l+fUgcD91uaQWFqxFyHG56Mnv6KYgg396Iei7EcWtZY+9suW3dBGMh6CoHaG905iNilIaNpJcNVus3xXYh2nFrITN3rcFi64e/QnNa1VZusMiF1WjSjKUah7nPWF0DdOWY2X1EV3BjXdjxnqwkfAMdVFF2reZu+9/Wt3OZD11sHzXzGAVqwXz7Hrkho35Z9U8r4EVFxSMHIq2urrmVb6D0+a6ygqpV1JroTnn3EWEs1p4liuGyKah2+18lOYCjxu1vMg2X/8mRhNglotJ/B7mjcmdPfSFyu6bzowOw8I0fjx0BbVOJTkjpsApB/bE5AH89JCUEWw655XmFkKmIZj4IfyECuPwlhF6r42t05lVWxoWHsU/oDqQieqn0xVGIn1TjiyzjpYhmTX/tukzQCqBTw4+bcvktbySn/aoN1s5qs5r4G7DpbjRTXsxGB3zWQhIb9AW2L4l3e5tUuRVCvAcTdZGSGKNgg0wxjlw0mB4o0vZCFcCv2SNznlIlLO8afB08Dfr/UyqqG3as0ATPwYoFFAsJy9rT9DMmLdjV8u8t+BB+/sFpbi3BRJxSP4yBYRWznyudkJTm8gEcOPPCXwPLZPWHCq8AWHJjJWPr2MmpU6UQtTjgA+uRbvZRjqwcMXYpdk9quPK1iEL5f+i/oe0Ie4+DxZjOnU2FiJ9cWQij7t4MSDnY0Knh9TiDxQKUUgd+bFKA5nb5WIEHZule87yLmY2pg4QdzycUkSOPZJbDQpb1W60Guot27novMdY+aJmrGk90Rh6cKgWQzJSwk28prIuKCEkZt9+5A5LGoXjI9R07Hk+uoiESPcjd6CjN19SDVozvVVj6rKMHlzhXb3SzG0nOsWeveryAieFc0mGuONE6imHjmj3fZt1aljB1BNDDj8MHUu5eW+pNpmbG6xMkZHoGIuh4leR0xnGc3Ur6ru6lVCCxBk+a8E1aaTT7HFIii/e9Dsj1LJxDc8AbnkEFunzAtGrFlZRifue1ky3v9779ojQJI97YoLVeDXz+tVJEN/CKBPgpVkm8SBeQ65nZOecRQZFr0ups4vpvWQ56+Ovwl7MSZjoApqO6Z8hX7vOYIA2p15uFrRWYi4ba3ypAlbrkBRdPdEVs0MfWOBWrzn0DugG/mjwb2HWfSpdZiafZ1OVqD52I7ca0PI8cDXU14PkO6RIzuSsV4W5EJz8++q2XXxN1AVl3zbFrOc9ofn0ArzQf39IqIrOyPbRXDHdySIZufiFyRNzGxsnv24XJnzC3P0osNdFmsotI5iC58mUi5Ktpa4bZV0GouwsxYhkBjb+18JOnCUebx4U/cz0iNLQavNzWy8c4M8GhVkbpCiVeQ80sDNoV9xwRnU2cpPd6AO71NSeJA6fAS+RWDT7iKxck4VfC6OO2pesOhWl7sSzlPz4j3FtfnFGkeP6kOvO3UygWsiSqXYMe9kYVqfSimvmx0tV7FWoLn1DQZ3Lew+0epzOMgwvl6vZOT1PduuyelyQ71O+Hk4us02EHowUwMWy2ncF3OoGj9c4QPeDpW6VofOjxRqV1qyzxcsTTU5yZM0CGFThdABVbXzPJHIsQPUief5Cyv/Dnpl/QhdyzNh4u4sscY18Pa2VMebVfE70fJAOJY/+l7ne2PBocN/PmXQ298k9xO3ZXv81g7dnth+vlPock7UTgR9GO24WI3fiwMH+eQY/sv5l29q6VDlf6G4DfWm/oAsQPhtT0geErLMSb69ket4GNU6hIN0at3Pjlof87XJrMQCRABfSBWvcSQo/vn+bu/ZsI2RhJpJ6/kdM4VT/MCIPfnZAMgAzfi4EVMcI1LxzN0oI8weORi3vnu2TfiPISOkjJyNKxYX78dgkazAQvuD2JwH/+U5N5aykgZZFjm4K1BuFh2f/+TqDHqr/w7jLZLaX45ez94+3aVXvdVfGdEfqYX/vOlaYkVUDJMs2wKuAixgXYPCxAHhysmA7BeKlFAAY/E7Tu2Ah+KoisdUb8c86LP1MWXGkyDInL+/G7tx6SpS/ayUvYvsW5UTIZSKqnZYsUQqjRgRAtNOf4easbIpH697c6nnNR5R5IzW0BEYuraLCOEvgKEqSOnk+JLqKL4SXvX1kGOyLHTwWODZ2WEweQEotLszjOlbHeOgQIBTQ7fXf+cEc4zbFkHaSI+7wRR4XgeudhNKlOGLAXiYNI+W2M1mViPvegaDmFgd+McM5KKKB5mU7uY5UcugHMcB6G1W+pHE+SmHrzZ+8XpV/cQEv4sXwXxxUBAOkXOW9fv7Pc84bR9k2+QIyJsrnILGPtcONc4vq3RknbzDr2UVk6Qr546ZhADGzzztq8Fh1euK1ksBTCSQdibYjlxKhs9nTe3AHZ/wSaUNgkAfZivyfyUdKv2eihW+r4suSfD1IG06buYM0fx3gwf9tPOVbUyrRMQG7mriZqvOUtspOug0ihgHziPnF5lmQjzLTAQHTO0moHcwz0YQH0cig8Scjsht7Z8RHOlqASXMmun3c9A/Fkf//bx2hgZZYuwP/gc8cVQLeJw4/CHuF67chtTSE7Ivui0okDunaRfazxQZj7VF3zZc71NSpC/W3ggxREXGSqjTlGv9nq2/uVksmP+6VDdZnBQqHeRg2pV1PiIkwv4p/OG3OhUXOXPNLSgnnwnnRHkuOIqVcxgJT30XJ8QXNUDops5skVLy0GBscxPsrkx/qg9kV6zCfvQQXbFyWHz1xWU5Ya1j4a8AUSTUknTviCM1Z61+w1pZbcXqFHWHOGWqwx/VnE6OmlcP8grL4/WJPTMBoD6fBGh+4LhWUGJUGE2gAkVgtwiNHg1teeiOP3dTwI5vVDmRjo82lLlz76C3p8Bx90ewiaff7VqKqlKaezccWHuSaiHRgS+rNCimD8E80Drb2+o/8s8y5/o1Tuo6ylL+KqjjhyIG+daJnBEvPTzEt3LfWLmlcFWfefdKPC5YA0pOPxgUH5HFXASbo693pvGSIvqSRBD8AjilPQBdJlapFoyFUq3ucLpdWehQigCteFLP2AvVUz4nBhoE7g5YJ0MerE616DFL/sqw88eh5wKnqWO6EGMzv6/AXU9e7hl7WKtA60xZbsGmMtF3Ukv1wpghU7eR1X7gSY3LfjO19TV1v+LyqmSHD+dzkbjItS9CuZ8XNOE7//h34pLFyui/Sjhz1ERbQZ7GY80P0U75pEcqopQ9p48wWOtd8a/XXGiRj/Y5EJ9UiILLj9Mg3IjClXPNcziz83WZkZ05D964qvT16z5lNBTHaf0JHD3/xbrYtu41O/KYay8XEq7reLz1/PsfOmnK8+FXpdOvgONijeCTn9dexRRTTyWfpfL/Aw4hF+7SZx2ws/+VX0s58Kce3h8ZoY1Q8+xkGOS2JOlFb7JtD+9B1TzkCEVB2klYY8uAzWAUhxnfZl1PpXcTGdZpw8zmqlMuiFUEH0oruB1AJHg8sS3WxYztInJKYAIYKRYi9wjKFewX7Gg31j0KPI0Efy+0DCiq2t+vd+xNdwZtjl841dmisSDzCc6SbZkvhkV/TWp8vkm1h9RW1jP4JZPFDEGBOkrZCgh3z3x0ihVV3t2C4C9vW3wfzh5oI3pcdmP7j74JF96mIUPy8hv7HrexJMdeaas4uKnupD59l2Zlqu3LUWOjdi//wDila9EmC0eI5ZD50BqcUOYuTI0YIUgeaUlYlkOHXN9Z71mXzE7VM2MgnQHURSQ1dr0NjNS2Eep7AzAO25iBkYQ+jgQhcPoOebWqU62yW1KedOo9SRCPbQu0QGvAyhLMpLQauBBb3xo7BbyM2nifjYF8/xHpw3SQVThZxV0eOHvZZLwXogq9/bFancmMmxITRqVMsiBmH4zbNVs0CFUFErUiNtUxiIgc9RkDUaECr1zBGQWEa5tlwukh93A7zRqHmMvAwGpT6QDqoJWW/dv45aLW4AGZD/SNy9mR7MOLnTYHAUMPZ67+a1RIGKthAWQthW4R0K087l4IzLZj3yUmEvR4ETO7VnoXQRN15HvxcAev9ZNkc7JkMHT3UOThkupg5uecQLkFjMdIH761BVuI32dZ9alMTRN6f3pej6l2mK2N9BuHtc54nP4cyFPwOfHFzZ5nmPepZZ15ZPDvru1IJC2FjMXl/dA30A92r81LZjD9EU/PdKB8lEaCElhfmmubWivCfVw3xfKuYa+KdDp/OFkT2S/e/l6Q7KfIHfqrgHweOb5cPMsWPfLuHt+J9zxDt112tQ+R5oaF6ZvZJaA1h4K4zcFeT+3+OhslHDV3LODmAx9ibG9oDXXervqr/byLAdDMSTUHuYTCguI1p7lJ+wXWVmv77T6NLqPeSn0C7joIOkWUAnOgFk0KjXU6jL5Fm1z5R6/5OX/KrxuNVg98mDaEDBiVi+GEgNtE5H3t7mabPztmkzyrXBkG+JLa4pRMQOjaV17glniWWxGxUsprVWGCyX8JjjXRKgfbPy5hjK94dliKHZGp6WMi7SG1thvpHdwyCp+Yuu87/Rj3Y/JelurMlf5Nm3QPanTYPDRv1hcXkq2LWBekgyzZFtuCy1ZUmSxyyKEb66Qwv66VllGfqEVK8wX7lQikz3Odq+TVxjOZ60o87QZhycu2TYo7M5K9HHf462ChMyi0u8jyg2+Ct7SjeQ69RwObEMEMUWtXohdfl8eExHLGNaXwbfAcUM3GV6GI3UKfEUm+SmdGo95DUOOnI+p2sqC/z53WyuvjrI5OJWQISPpCkqjhmjRO9h9H28L0EJGwQs2dLTo5VPRXT3M2VqcYoGJLs/oJWHvOjbkFI2a1VUeaEPaC/mGa0bm+JTHm/VVCrQB+Ty5no3GG1mJLkj/xwONC8aCpgswAu+VQD/iUb4fihWeBApFBQpl1g2VoGEF0Ac4mTl5adLERek5OV1rTyZTDNP3kbVfJ2991eRwPeliWdNDNvw+bJ+ivQypB4C5yvJrYOYMsENe+rYff8K73+T7Y8ecV7sCgBYHJfHdYVFVdfzqRUUcA9uaeOTIvjsLz77GkRqQb8ViJfv4iWnKoa5Ma3rO+k84w62esSrQ9izf8YVGCWZ6V/+1oCGAerx/fsYWnT3ESYPlnbqbaqTZzWaCfGL7V1rf1kH9kiHfvq9km+V0pEtgw6ykkoBe3GTPX68dnDX1gd5vU/sGqPHbuc5parMupRMW0NdMdleEjiOQZQwZo0KFxgh0IrE/vHa8Va7YMazZCJT9+JEy+drFcuvCVdSkCUYdCLXA9Bvx9JrlNC8qr8jlf1Oyhzbex+S7ostt3QGPBP4kb1Ww09+uYZRORI9Dg9VuTXwxkKeaeNH0Zd05Bus7tJG4nK2uUF6bYTMbIXuAJBCEeig6aj7+O9GpGZrLtTh1NXRMK0177Aq4AvqcHriutrj1L2sTEiMxsGH3MwxzD2VJLGt2tbqkPUii7E7z7pOw+m8Fcp93e1gu11Mk3qFsGe7i3xL+ucj6aqQs1x1wkVL5BXORQZ/XstbT4Jk6QRG7dgNG4OXgrV/bAsNghU+mVSPoqCuV35+5mWvHTVe7i1f4u1tiKEBUMOmDa5mQoQRTAdONvzilA8IrPHJ5PYXd2VoFrg3xOom8ChAJECa6R44O/pCvcBTrCC8kArASlLnICvPdA7feTZleyKSkdb+PnLJIXL/kU1xRxY7gWthqyp973eSmf3PS0fBFh2IDcZafYxgE6v813ABsqQNrEoPAB4InbsIs58uHRulgy3zS7WQGzOUX1RfPsGKG0mQ3nr38WT/SbFZJ5SIzKfw/fRpC1qczB44HlvUmzlL6gRlroPEZoyuxSM2rWd8pjEugmTaIIxLwyg4ATg9D31wlQ5vNbi7RBH9+4u+Ib+lQ6yI91QAK1N99WN6DRz2FwX4Vx7VKPak6FEg8uFvKQIfopIZ63L1eJb3z8Zd3GRCLqBweeu6AegdDmWEqZich89fiJp/HlXVjUzvA/lS6yjv6OoQ9EqbHUszlam1DtRvFFC5uOL0m52onYvy+M5PcIoTy2ZRNMe0AecuOwb2ZPXCiDWcJnXZQ69UB0T9btkji+a47h2A6YwRV34bRLHcfGLNl4lMq07LEmhG+CbdvhhdWbzPWPpFXf0fvEVlaUBlFyk8E0qDn4lcd3tZD0orfz0jdQu9dXm0zzABJp+9szFk9rTmJo5zVEmO37LCYOV38KdijvJuIA1Zsm7sb9t6p0aoz9rfcAX1W7eCxbve2RZeeauNaDvJ7UVvrSFA31/f0PNCo/bRV7pkvr0IXH7M5H5awxNY+OdmpjOy+jJBgdLUuZ/zEaQSo5z44IUO3+ohfkwo4Jw4r9hAWLgZLtuMBZHDsP+EPMNyQTLwe+vzf2gXLKDUgSisZYmNB27w4rfFcd+U6YD2c1Noj0fZC1XPTQ6YiH7qMX/S5Gj+4Ray74Ryd34GaDufXW0X71hpI/MG5z+idPPA9fLLxYoaE5+l8PU6IBaL++vmF/JyxA2JNy6ctv+jmT6uZCuRQXT7PlIgV1x9WA85s+CHWgtO5YxPm9m5LlntaPOg3311XZhZP5G2qmYM76id3ZN5GzuOKIydBXPfm3sOtKgf46OGjYCbihV+Kq4HWSdoXz5YQRRSDMP7XruhnFbvcKkIeTlhhyDxCx7Y/dxqVWfTceMp5oDJwrSmNRSNBlxRZtx/w6n1OixuLL1YVWPzzc7nTyk422M6cuba91sV86qEobeziQJrUuCAf9gzx8OjCtcqMIdZinoz8vssaws3w81reQJnpL/SgxWmdCTcdeQKC4mX9yD57aAHWPu1msryvz3LsncP9IE7jLFAm2YfPpOatl/ny1sV1bpXUfVRjCzzAmrpabj5fPT62ybMEwWjmQvFfheg63dvqpLfp2P5a3nnxD8pmQqSBuWACjTE28NyQBYSF9O6ueTAM27pUsRl0mPvwyGW3v8WuIxuumNT/78cqkqeFsh/0Bbu7OY6g6K+F+xqOdoBxyebIL5FkTy/PJywmJEVJcx5BsXlJcCKEDAMsQbP2epxUKk6EMqE0Z9wx7g8hz0shaQqDYRSzGJDGcLmJdPvzAlZNIJ0xJ7JlckSkjYfiCR56lBHKQfMDw1rB/cKimkbRbQh7P0PTvauWt/+OjYp5m34LFtZOpDd+2DFM7CFGTpPDbszK7Aw1Zcxhn451v47sqJ6IVQwJH+spAO6JLF9hVs+ZRnNWHskAFh5+wImBOnmzn32HMkm+GcjLhdpw3Hyvge5IrhEWPMhrmGnAR4rSDZqHcG46CrnUqqjhRgxnKja8XsnAMeL88OcnI531Y1ojd6ImImNxzBjRRVV0VxHgy5dND7Kx7Qfz4NiVxwnWpOQ7yRByJcphThf+t5PXy4swuLx2rOcPRHoQYfXkCkdC/+kDWm+wotP7jMoiGO05b9Rys6kD+QsDwjPSmKBhdWYvkVLUFo135FkBmLw75xYkHOB30ja17dzHEvGM7kXmL5MlzAswYf9MEpP0KXU+B27jmdvjdGJtN+CY68YdsAwKUtTG/1EbMeDu7P2KXHVIa8MwWG+1W6zHlj3Cz1SBCvLr/UQXT54w7TAkaFL57fSMdmYUHLgYgtG5lj2rzmWuCxmf4oTS6iCX9XmPGU+eY0oM6FY8R9raI+XBdSAGKhh59DnhQLn45uHktLf7fOu6vAqX2LVPSN+5OpaPXsOPwTFbH0URbtZ8GdC7GN5J92SoXiee0DW6/uuNmzQsGx2wclHifbDL+qJyKb7NVHYW2m/LhLKzgoe4E1qnW7GqhGVB7crclmE2PstTNs9F7ltcpX/tkr9M7e52H+D9altdT//LwUTB2+rn82GLZ47zb6/ADKzqHXfq8uJNFI2ckabONTrQCO6E0mbwofjefPv1QjqH+KHvz0YCa9m2xPsipMDIAdiPVFoNZKYlhLL+uGPeohNGTsK2Kjxnsc+nxvTgY/Uaj02f6liq6JN309ARv4J8J+4gq4ojrNMp7YP/8tCeO+CtI6BsSlhG/a7zK+jJpa+VHXDgs5GC6I6R0sRIevmaTqP1s0TX91jlYzojf7I/FQbQ781X6j9Z6YWITZjCzj37OYzsXRmE4y1X0IJjDfkfqrYIYLaJXAK3oeevq4zJp1Dibt/Wvp7UgQclMmsm+XtznfLEM6ueYubLulQ5od3nm3kiwD4a6fKh0DMd1yWPzq+xOYzFxneVvI9nAPQQY9srzghbbiIi2yDHv6X+Dcy7eC1E96o/ZmS8TvPPCv/WHziXWladQR8cvD7H7WmwHjxGukdV6AseWZtuWlA92rgdBlCg1BPB3toDZMtHdtTwQQd6gFuoccIXlmWRu8ytHzgxqWzKDnnyBtZJWLzF4VM7XedmGc528dfmw1pB3ddMRIbuiiGGnFESO0q+OLriy+J46We0JFdW+hh1mHlEObFhLdapntqczMlw5RPwzJt+HLCOqRddrBZYKVpMFy0c6RubOiz0v0PyAQZBDP28PFWDLK58XiWHvTTp9GyRRfk63m0vYuruLqMbKa61sFxn0H/WuG1pOdIqpJMZiynQHdv9/mZR8NZiRH68/NQ694pzOcLGuuZ3ez6oBitQJF9ESaRNc/nXMtg18vhS33XRAmUdjvIy3dMu39XIl9Y0ZxDdTpFy90d5C2wpXLj0pXVWDOQO4spOGElmKsf6PL4+0DcGvbxL0wQ3DZOgBkmP0Apck+lhB8MAPOsXqsThNsUk12fKqOA5rT4fP7eQhgvIdlpdot/9K44gW/hKYygbpsvmPb7Q2+Ubq04q9Lzpi2Flq2nvGQo7iuDTLUucrcgHaowXX+kB6rglYDkdN8PZN6DPkqYlYNCZ+J8m5ix5hRf/z6EO8w0GXbwRsH+LdGJrR/ohhuSjrW8oxBZ/8t33xKjsqaNLzq4Th6Bs9sPf46DT1GHmXF13wl59IoKwEyHn6Nv3su3H+A3+Czb5kpzUWz9cOdDROs98kXbrROG80H28HtHdV0JUaQFP+xuwJhn+J+hUoSzST3EQptcU9Mt2iYRuEF/duSv3DS4o/dlaC4x8gpA5J/V+G8XVuJ7HUDKm0oXgM0gODlysXql5CX9o8W1TcnfCt7rZqqERm5CI3PUm4WWQ+BTnAvf2sxSDCtItRTx18zeubMwFWragLKr3XB7fBxRzJQ0Zx7B5JfyOQb1MRuDdHL0NWc5crX5CrRYRtjLHby6lQ7rVBoO2Hvujyus+unDArCbGNRiOuH6bPPCPrljJdvKWfDoPqah2X4ASFZJXMkiKlw/2711TEphFjvboQpO3itdyqpdLg5k/tUGDc5D9A5W8GSH/nDCvqN/88W6d4AzN/dlUlBxLkFMTU2tMfH8tMTcn1O5QGxeI/AW6g/FZYfeScV5bUf4vDbo1f5J+08yE1LpC2R6oYqkZYMZ4vGtzt0eVZp4M+9DBV1gdSNp3cgXuKLFdfom0Xn546XFLnVejahk6hec44YLUDYIN9XmsycH4xmIyQyE8qc/2qCXXRuR5B6JGM2InfewJYerxa+ra+yGGCKTd550nIfDRbPYINquaYHbe4NyAUwcax16FynEK0WYc/WoHHt2q3TMhB/fplKG4CcLL+zcX6cfss/6K1YmBvSqYGxJ8tU22BUbxyGKU8pK6lhDs/BvAi/+fLLfFcT+c/nO5dtZpgfCQ+Hci/qF0ILRQMQJGlU1CtYBhDLDfNJ2PkUDt2UpGBEL/ID3vmZTnXPfpvgzcE/JBlhibMcj2KjdM8xFlqxHVHPYKxICzZ2RfKp1CMHlrUAT3FpnvX3L/WHEJBohfqzwGsAAhja17KC2cRWVuLGG6X2IB821xEvnmuY7oWXG6Su+EFO/n0k1jtO/bMw52OLkrsAAYjlhxPbyw2mqXABBOE7AE2a4GNaFjfJSTgsyphht5DUTnNKk7GVC/tUkEybR+1d4EiY5XMJEegMS0vdeMKPmMAFFKUyo8IJ6rqPbn2yTxJPLk3sMeKjhA+DM22uKF+OB4zTHGTtvnlDDnQPcvFh6gZYVfEG+mhr+33lTKpWGct2nWwe8GwZWsfg62whWzyIlCwo7H8mDyxB/Ive6WvDuscCfChIQbiXs4W/URtLcwxstZLSYzwczFJDEjM2myIiP3iPvItacZq9xDWekwYJUYVju2rx0dWojx34EHGIkB9SYEqGnhn3ko2oP3RY+3llQuj4Ifk6X0GCJC1g963YbuIWu1aKyi5AidfJjnv6Wc4KwLUXUn0SkEIRSVJE+k/dvl41V6Y71o3BLS0UqbRSyIM0VjI1HrvzDIC3i4Xx/pwuhirIurIT3eoCrg4n9FrGQFxHzE7/KNeGVsWvt1id7wevAjo9UEtnvoUvre54yS5GnQZpy83mmhy3Vqc4N87+zw6394pwReXjrxZZVrs+VndKg6Tccz2TOtsQiRkjM5EbFabJ+YP484w1O/KR1A+LTT7Cm/ScWnDDqaW14h4LfApAUuCTCRr19/9WhA3hcyZOdPsPFAWl+obaTPswmdd/rpupRhsvirb+8u8Vn4hGjv+I73M8YSoY/u+8dXt+i32sKYSG/uoakSYfCPS+Q0NeRs6Osjw8cmtQDP9K6vb385MdESYb37SAvL6+bbZtsOByOd/E/Th5ReeIiC1hpEvejEVxRCUhU7flDMJzpLSqkJx0HvuYgzk5uHt5yOQ+k1DFqafHwcsFB1Irq+ZOTxZZ7e2xgnZbx3S4GjCUjAmkmDO40qMvjT4OFcHavnhyO/xc+6QCDXWfAB4M1+/iCsjTshEWL1QCHfVSdd1ze/2xSysXC3uzbmZ/WAD8PS+PrQ6EzzxosAEoYTtFSxOLvQwa2AIEBID9+e/P8/pmTehNiNA22YqQeSr8VNlIfivWqSIGvNP4FD4CUQxd3qQZhIwO3FntVfxlNZA+I+sT+/ter7RP7neKgb2Y9zPpn6GXkyN/WVDHHj/W8QnkznxnGJlUk/no69MGXzM/XP0XZnGGbpkL+vBqmISxuRJtM+MuEVSKcoXk7HPY5H0U7L3OjPUpYYMaj1jAxrHkZMmEYYXrTGYn6cRVeM0sL2vElBdIeB+sMQ9R0QaO+t0E7XkfbGAWH6WVIpE2UJvPZrNeZpwyVFzvNU3rarNVLRKaHyscZqczKd/yIwnyCg6IxgHZWc1cWI3WjOJFMXQooH2Tay+q6Lyf6xYa9ZAVdPja674jcpxhuXUCuDjX8earTcmKnv1eGJjFzfKzBJ3Umh6JvAE9CAu5+EZuaM1Ipc0VdRh/JWCShoZbr4+lcHhAjfvmKJy2hra8ANqgqXOB7A5LEg5awVj66nd23/G2d17ZY5Dxrnrld8wCjFBuDfPdHCbW6mjqor62OwwRCO78QtDYJdul6gBa1X2Eu6Xg9V0uX/EJtgaOiPpM9y2teLtrXfS0dkdXTdRC+EnubBImDb7jJRUWtIvN0BkMoJkmIOULRZCVHWG/p+2o36lZFQd+1C4DaIv7pzbVs82R7E8S1rS5+zkUXHw7hvFEV//KZNzMrOceCwZ79aA++qmvIiKcdIZg8z26Y1CPcyJuM9zwlViG4kebn8JEMRDoUqy1jfPNpJBMDG42m4b8/Uze+BWy9aRmP6hfGm1Tf/pKqGYIpfw7FPgd6ak07skO6OkPMr/ffmf7R29RU5acN2xmSvgUyTXeRAz0V8CHVM5BflQJsZlE+IwVGD60L11HRzIzZQrdOJr0DxlbLicsYOpKCBNuFoi8TSYmW0PSjXIE4jwhuksBBK2f55htU7bak5iFBOn2pc7te5CRfeV5+bPZFfz27hsWk6Ur6HPIaqcnlOiJq+xSt4rUW2uqxYs9Smqbd1kRz9Fj1KCzFHRAhVHrzic6AVFY27p3L2eD+XrHlMPAOK+n44/sCYeQ1mUEJP5MLm122ibEoYzMzi5E7nM9UstqGJh/01NbObI0hz2QpUsf+7FCLB+JBYl5osE1xi9AIwr2aJVZ14DQ7HXcQ7vmcIvhckxmXokK2f4ODYK/D/Pe/NkWFkXmr9+ahWg5JsVvpgQKkRnrYtJX3oZkIRfiRvDiOobVR4DdVAMxLkr6K5WuXyfP9Jf+BBlXk9fnNoCd6V64hv9NTCHk7+jrA9kyxrj41DXtwwtBlIRAekjS9Xl6925Aq2rk4+LlsshBWNLcbpOREqfjjSie8u/ZEKdvn1Wl7l9ESwcWwtQ6RlvlooMARvqkb+O38RgZt/WUIRa4TdC7yTv3GHiIjKM31i01fMyhjRDx8QMXZBuRdwdESME0sp9KxGVqw8c+/AlnsdR0RjSmxD/beWfvZo4oPZF/AiQ2JZVWLdfzUVytqitO+am3Ib1RA/AxrRYlViyBVU3c+xQHlXo8nbhoRVNjuTd2xe1JpYlk9/MAzzpKaUisNFXq8y+YYa+l8hVbepsPeleupseYB8iXrxsK4cZTW2iXgSaoHTlfuYFDMxLa3aEQXDmWKn3TDofiqQTtfQYKM59G0QIKO8SVXOvohjERGOUAF21sAp1j9JzLnZxjf3KbdTwC0bUgkUX54/DyMQtN9nDeyrtUhGt3kQOtbKpmuepfYvYnhuR6fuJjhg88+Dipnbos0PA/wXQ34kcamfyEe6NKjjhfW4BRKb+AQo5SBK9zph2Jbr6UI52nW8yf4NnX5F2BHpAkLRfm3AzH6NrDrfTdxQW6vGeOBYpbcFIN+UQNkenV4IMyuENi8QU4NbFXU5p/KTjgrsL9lChGs1ka0deVRaAjCroRZ2942KkMcydR2XrZ8rQuQcEaav5e9lfzX/5GI14V+YNPHWYkwO/EEnkfdX0oFvoze6L0xnbsy1KmolWWTnhgkg9MxFadff/jVhn9UXO1fwPJaNRWQhZTBci3q2cwnl1enSxuKIk/Mlvnbr/scM4aKddLXci/1KG2I4a2m1oP+lI6pxAPbsZoH/6a73R7x0bvlLuff28C0/FYn12jSwdy5tRq80mYlFpQFjNEctiG4u7V3kG7g+g5iFkuadZ9ge0Q5H+IG/Oq/kfn4UxlEuYN10xO8sPAC/KnYrJk/E0zW0bBLwfMvDfnHxfsP/AseDs/GQ4toYVWvS9KTvi1NSd/+tN80XrtE+Df4aQ5sSvn3qbDpAKRK+JowTRhJkVABztk00O6bOx9AcOtkISVQvPzbV2XXpn+LOgFkRDtnDTXJrWM1BnsqjzA5tmwzP4yfVYVluQwwbr4cBYZgX+0ba6SXNAD7TACWrxbZmVaK24IvICp2vsKG2bolOia4jpLQuULz2N5f3ysT1Xz/DVU7lber4z64DG6dHkdovfS/DYQ0vYD+HiJ9EJp0eN9bcuHte+ktUSYTYyzoXwhXrucYaXba99kEzKsMEHWwPnTo5OT0RWRmUbcr8p/Qj/8MAtZNYCWn9Gqn0+K2buEsY+1mDUrKWnlxMr4bbOot2sGFBjeSbq4f6skG26AClxvG01WReukw9QOzNzpioB5lb7lMhPwtFmCl3mB2/KVUWeYL6aP0T7LHxjW6PzsG787Ks5IWteqfQ8MKKpf29Uk2n1m3QJuiHV6/Js8BvVBujbH2fkfZubv/gQ261FXe3CP+Kn1PWjkW+HpKIliQbIgGa3weFiC/aiT7mMcDP1ZTvEKbYBlC8zh59pfhhA8taOGlxr0DuqEUMSMxXbF/HQZ+DXP3UWgIcbpErKsvN+HzHptU8dMSc6tdF9WfZYPFYto/ex9HJPtWznj/U7j6d9fpatQ9xXhXzqFEsUe7649VmBK1R9/VoV6Po1YafX1mrBdcOu48Tt3xCr5acCdzzJiskl09bfy+Wt4B2TGyssU2IxT6sl1W0zEyLm+D9wa4DpLPR5B6VhhjXjNptqnBeiXKuH4sLAZWxADXhFbl0ZG3X+ci5cEgtnSil/8CouEOrKnlL8pq9H/XWahj5l88l8Tz8byhArnempBVpIA8hda7Zw/WLhGYlPuBikSFXuB0N4KL6ejuzV4gzzLYEcBEoX+PO5dqIAIJ7Rk3f5hjODXpWZ1cAiJGeIv4ONMbaMhFKUndJEP+FzB1fNu1p4GyadHAtScN7HSg8VauK6PdYxvEJyVxT2z5IIrCCR7OLDUTdy/nC8R6K5sPrEr3AwWOlScU7D0q4twmhgfS8tcatxTmP10hh2UZODzBtoT8mUbXDCi0PDAtfq0R/+JT9uCZR84TgoIzct8nNS/GBflX4Og8Ec8/fnr81FejZEQGJRrOTTTzExcaqe7pXvQ6FflcxB+WjDuxjoGyYLpWxRL8b4nr83vKNCW+6Wq/or16ynwyUbvctqmOt3okILw+3fDssujBh8RQU7nde/K6eIC0k/rSIPCs8EAmTGTrJrlG/XodgvIHXJ15m33nmdvU662s7FeHLcbZR+OzfS0a/w9Z7x3O9h/9/VeN2mrUJlWzarZGKVGbqqaqRlUpofaqUTSxSc0YRVUrRlFVe9eeoaqJHaP2iAqCWEnw08/3972v+7ruv3Il7yt/Jed5no9zzuu8zvfVg3vaaFCF851g/5vEwknuPFARG/GryGektrRLRhXN24cj9DiT+AIm4GtzfzlcFSWp9goRA4M+5EtNmHcbzv+i1GX04BYWadWdRndoWKF7/v424dO+6Bzmudce9/uJGrf2vj+onWiZsogGosOzJETaNFSkQy+7bPu5WVxlZmnVcaIquWWBI1hWg6bi1wOahYfTVXsJ3o9AZy3nP7sbveZgGP/GTirShb95PC4aKPuHCZ6uf3dvsAy8/MMBd+GaQW03Lz3Ruk53Qm7MpYFf47bSBPp/aGwVXG4YB+8lBUPqKxjHr7V8/l6KKmwwsJIgqISQAw/YHVLctl9SQLFYGaLVR1ijjNuFXRBop/FaOX/MXauiFJeInxac/15HnHXfCI76v/YgjCsB5KsH024guJYXmu5kaAJOX5UM6EcAhydmIDp+upL9xfepTz7AcTeGixNiUD+vNsoAolHAT5c+PdAZHdZZuC91ReAtzO3fXMuhNgKqebdmsP1ZAi7uy+S7n6Enrv+q6UfWF8QwsyW4OP6iCs7eCYLZAyb++vIfPYQyyRS4J+zYo5HDuy9mpuXaSqUx+pHABlqCvBfBZXHB6XmaQTwPMeV11srdgWaR7EASamJRBN6o5+7/ZoVjhbNt9VFqThyBbcNF+iL4Z9Js4ggOH2D5OZXGAZTCe1UyF7EPuEF3HHq4Tan2TTIUcIwWoitJi/KcGvcv25wuLNQKRonk0dLSRhAyBFXpWq3eTPqHlm7bXrxsuVGUSI4YBSM+ahlfMg46X//0dufX54+GBpTbQTlHTWkfcp7rbYvvZF5R3zQ4030ds8JG96s7DCSMEBusXF/LAw0mAovAze73ARQnCc+HtAETa6P9dScOAhPnamSLOSUP45EfdRY53ZALSHm/fAtuoSoVMZ1ih1ibSMQH9y7RVtCHRFkYYYp/QVXLydvU1qEON/4CqgFkP5xlxW/3k6ZeNKi49nRWEl+svgt6e+n6fAbF47fXc5M67hdJvLMDAEI+cVEDgX12yy0ShF15nfk9bUEYXd4CzF0YEkhY7o6OQEgIktFVNsNazShLyuPY/cWuDjgtSeRdB4oq7eFKFUoHwI4HR0CLjnk7UH4AsuoUYJzjhApWEAMD1tmlNF59lALiGCzsN7AuQotLfjR6qFDe07fw4JMQDZZ98Elmh7g850Gsj8hlQuzoOtHBp/9khzr1Jv9eEzD9k3CxJG9okEl4qWkBnG4yyZcOZYQCfxlnI/ik7iYCk5KSCHoFasLCYHcfn92KLuMBT28wIYPF4+Cm0E1Z6a5vLGbvFHmWFVN0OoBCz9NpMU9iq7Ild2f7HqhlmcYiq2/t5rIeDuPLBGhml4c+qvUHfE6qI90tzlzKY6L+2vYz75NeXmuUOTb5oAEajc3CvwmUUaVF1aoFlpU7lInw75Ws8UG/nfi8UL1bmL5YIt17XDfMfQMS8IPzdE0g2unVzZXSOjVCydqlKHwgU+9VM++hrz3oBDUJ2bOfc5khtHmtX77/lVQrgoaF+x52q6sAtrMkGyu+j2gDnvcjPdIpDj7YAeRxi2AG4js+iBUDNCEFlA41XL1dydfzjP9teOpNQtUVsmWkWRGTkT0WzEDCMEG/XUc9sevIrznu/okgkF7XOIcCP4RSnDptReq7UqiZf+M5rGKGfpvC/qAYKOw/K9KDR2ORiYHSgFPOz33Xg62z7AGc5dTvkuZ9nwXQd2dA4DdetMqHLTcgEOUxyy3a+J9SUUdWihf55jHcRWKvSVnfKQait9fv9Il65Y4LC91UyJGvikJ6L9uey7xCenq6kLKycrtte8jRhdT8Eel24Cek7E8uh5MPnkUAR/4e+0+uBR6yGHe/ESFH2yM6vYzd8SFOD5QvST3Z1sGMFnboIzKmIWKV/fMPVsJQfLFEJcCJG92EfoDHaicqg5uSMNUlDDBC66tV30Lu9cugxu24U3kTzowi5JYPDHKPHRXWflO8dgq4gU9JRpVxbfavT+dVMa2eC9CNrwufP6xg6gWoy45rG5WSZOyiLH42AVd8KFiCeEVxoymYdalgx9W8o9Rub9oBJcD8td92iIw8eCAkU/pfK8/e+Dn0TEoToSSMmGEmWrr+u3uZmVyTHdPyZ9s11VTEtlFnOyRNJNJBciAwVdxgW8zHJxYz5Xietq23C1phFp98JxBpKCi06880n6JT/d5BfCDUursBIFoi0mTHQ6hUSFNIVcDPvLqVCPxMBZVqOLGEAd3KNBGv2obXLSzO049GEVmloRkEaz2rP64lApx3dGwXKq9H8y3WWSp0Ddrg7kyKHcoLLh6wsUCpcPs3HvwpXt47vXyYJdIFFFtYF3q+UKworaF8b2IzQE9DYOYQzBgqlYvYpgqdTgglz7Ce17Jfqm6g+6ouhB4Ku04TAmmsDADQh0AY7RacpFhCdDDiUTCgHgapHwUNxLIbhgiatEG64Vf3XifITm6zDwoj7trK7LZZ/9uLuLua2i8e6xAhwUF6SLiTCxBKO22kZdKQPa4yR8QYnn1lZtY2e0zlqtU4FqO3oOUsIhOju2gfyCGj+xjLHj0YjGOPHJS3Lu/hjQQwky4+gqkKksbEadHizJNitLHruSgR5uPHWN/I6E8MxRLeUHpKjaH2h8YddSU+jx8x5oYKyZSGCOkECwpL/8CFA2VEti+0Ys5hUxHclyAeFx+/eZydOvRnoQ/rkZKfb/8+g+MOIW0vZ/rGoQlu7LprM6/QczNaTH4PZuiBmmwfcOrBbINm9Fulr/LukTGR6pfxrNWPrqDGJQMdOSr7BOS5ryajzvZ57xqHcHnuH3bdOeBXszDrcJMWOOoVAggRHCvqzJIrnnQpirJoZE5uauQ8jnpiBWXai76ymPMRNPdoyAqq1tsPA0ytturFCzLsV27wfe5dS3VpZtFSWtRIlr3H1EB43TZUHHeB1ZXDC+CqAeT3zuKfyb8kG62MYoRkMlI9+Z18cNHqLi9YgnFIoHT0FeOMXBADFmn2rkxPlMH4oRSnVXbC4ZXnQ6BnVoGv3msejrC6k1vGltruLqOc0OBDFvxPSXFSTkadSZbSU5+Svg5GUcF5628agiGLu4+Hxm19vP7CvW1CkhSPAnkTd5eeQ/sHc9z6fVq+8VNyniUga5jzt/WE4QsJVajfXrfQTtt2jFbPuhKxBeAfVmHAbt9v3HsnL5I4WbzGFnaNedU8IiBdD1NYDEe2XSFn2tFREFUxRuKne2+S8nGsp6Sjdos+TUDw6UGyIVrf6nNrzNYjB+WBlrkgu453HnHVrDPXuAmZA09qQA2GkwXZ9yiPLL325QWmREPjvfCsyfCvQ8h9M+or0HqkT54HUG8BJtZHS8L8WUsT6PRmcdsbYBaf8Q4sjr6fwx8hVKIpceoi+fjuFePaoXU/Ru9fFeyVIItLALoTP9o9le3IvgKg8U+Qfv7eaErhUDHkCtpNe3yyoLCdP838yCbGHLGuk1x88qoSlN2BEoiGGtz2HbbdFeOPmHzOP9+byxJLQcTcaXMDDS43i2CFFYm1F2IRx31+EdtigiRuNhf5ScNvhvSGSU0628SkFYRIqNiUXvVHB54B69QNEXZDe4MuQy3DCGvhgCRhOpE8uLZhl2G+YapBUUrLw+p3ImkXiMJXznpvTvgkdeVKqjUbk6EAnWWXdK8k1mXJ1qlsuHg5D967+8LDeb+KFtqoBEjNxBaGuxeaa7n4D0ZTICrXMYXMDCx44Rbe73C8FXqN1caR0wr6wLqoALOq+77xEbJ3/lHngb6YPA4MOK4Cf5/sDkg4+FGSAZjBFjvi2T2oQlT5Tv1I9YgAmMYfqnM/qks/blKNRV81YIzoketnO5Sn1AAzbQE5yFQkbr3g6GNuNPxSaFcvFplJqUGMAQiSaBf0NUYGJy8f7yrSaBjewHfXh9DghKPCLx6hYxA3gc5f+sUl+H/4WGeD/L2pXCOETfjYYhlEuLQLuA+bdKpAgQqUGpnCQVhtdoHIWwqM5J4FyWigT1UjLyBelVdX6u/y8uOKhUqUIj00SqR3maij7fnwRtavVVWPgyBNzdH7naCtFXw0gdcHavWJoKZn1VVNBSX238Vqn5/+5iAyBi/FigvmgnWxxgNLS0uv3nq9HNl9KpDu6e1b/0KrCvTMkHWPIb6SsOPaQ4dxYuFiJjkfYMST7RHGHCSJ3adJbKH95hcuQnJW9iVgAluw3HeCdv/atcCkSgDd7CQcpXOyUnr85gFuUt5tJYi2PPnd4evIA4d8I0gDiUqIupXlstHcyVQ195Pyn1RMPjPtAhL6Oxu23XfKOriJ31mnId8sC2LBD3jOPpg6V+k6ngdJE0XaWBpO/HRMhGbvjDOeeFepfxv88yQNTo0FXzt6t2TPQLS8DyQiA5YEndgfgtn/fPHztooPxWk+DD52uBz6/T5gV0LWCI10H/uojkH+PMtH2teKSppSrzsGcddi5STdKvYraYK/m2raKDsvUjRK3bsCT5csH7/IAlHDfjYO5wEGZR1ft0RngWVeQ0uCEL+HMGANS8etGtqc0vHZRpkCcwRvwGxQuQkY/+0JIestlck9uKZlF5IdjWo5okd7dcoz2ph2Umiw4+58mGceKK8Pg4wxniRM58dU0J70JO8b34BDnNnemC0va7PtbXTIYX33VgZ2+g8C3sXHx1NBv4wfuB0nUQWkuWPKe6pqx2HuN2+7bAevvBYv2uwcEqCDUK3sTxrS4MB2DpmCJ5VKCBHKQ9ZclOctNPJJNvxFv3gqg8fOQCwavpmPRvo6Srjtb9SI0G7OJVI/WMsNrz/5hOgDf5ip6tXXAgpEQO5iR7+TXDmcs+HboQX6o24Rf/dNRmyTDDcnLAec3u7PmJXxLoraIerDASEQi/lMDeWEHfoZZ1ZirSdkMicD+abXind+3Arne08LUDJcfA2NtCpgMb4zjxvFsg2MdHhl/xpGlSv1Kto78VV3m3804H3R/Yz32IPdsMYfDb71Igqq1XPxlWwUzQy4+bKFYiPN7ZV92WBDb6b+v1OFk2IuhoN9quty8C2EvsD6rOliJTamjtVGUn0va14IU/zB3W3nc9wmC0jrNHKiA+SUdPBXpqD1xy3iRn89YiLhxFWUXNVwUKyOB2Veyk26f7/tEE7jBrq6In6RXkXCFdrI5owh/Ur9mVc0wLrCrd/DABQknWNeOIGtElR7DVcAWF91e3fzeLgboGEyCK/I23Kqlv3YXy8mwfEjjHZizdSYDxpxYRv4oxmEhkX4CU3cnEOvb96gybwB9s5CpUt8tLSOTXLErLu6S5X39e7G6r7gjwbufjX1xqxbXZ4Sk3iM4EZVog5Eqo2fLBCpXttkG/x+k9a/bHiZaKIwGyhEkSmuC9WsYLFs0SMW3HKJzfyD1u/748z/wPeMfGJaWFjIMaXgL7LQlO5riimupW2i1rUkh/L2bMn1ARXiXljpbKGv+2Xzhj9/ip/63tNv/ECtziRWY+Ur/nE9/ZFTqc8ODVOMF9oeT8N88hh3J7CVE2rBYTencaspJiVGjPxT+cT6vI4OJHPOfVp0yjU3IL6YZXa5QtFVfU9ecMosWnOzFtuez83qlaHVQhX42P9Edfvzke3dIfVLQcGsK6UKemhYzA26CjNXwrNP8eeffjhEJUWtpu2KBoNO+AUHUV3qrVpja6ailzXM+Ecqrzakm/WVqec/7ljOKIl8y2lYlNGrqM2QyfjZJBLOs23YwCrv2hS7az276UceVJW5KcAqvycPnWoLABRkPj8OMRZ6/0xHw8li2DyhfPb20Ewm49bDMufjqjDorHMp6BW1Qw3cfm1mPfHQkKLag/ydu5qHY+N9F7gwxutA3vNbPukHpJDtkdEjsO2ZYwFc2N3p7IA/+PdJSt1hYPkwbx0xkOHfGS4TO/xPe0KgiwZn+5s57F12Zq6tVT7utqUrgV/Wa3YhS+YA+T2elBfR8ytY/P0kTrj72AI8eyzwVdoFA88Xad7VBTZfEE9XuSuZ9LLwwiPIrUwPG+ShUoT1zx5VNDn8GbR9s4GVMcVqV4yyEVLM17+zPr+GE5vCf6Z7JlzfB8a6sX9htWH7u4H2U8HJx2/0y2hnwz8l/v3YoQkYTXmhtpf3vOKz9HVEmVg/koPoHndjxmB5Bd+v77w/dZUZ7r+If8QUs7n3Uu2HKtWB06tLJ77oT8pX7vL81k6fYTrxu4FvGk1G0QGs55SL8nDLKY9D5SXTbBh+nt97QhyUd/mjasS92Ks+N++KG80paPkhdLiRHID4ZU14pEIBe1d2gRXygvO69gACK3xn2oOS+K4S5P629l9xMwKoVAUv00O8AhpbByjGjVx/UGD4MapRD1eboZemgHdxSIYZsV88rZz7O2q1MDqARiZVvSgv45sZX+FtjHO3cH1xatE0PBju1vGAjmhQ+rziNUwXdxKQ000eeOAZZVHwz5N0xXcD14RbflWBmphwpjr1429iK+G0ZL/flhVJXicbycM2n5NCppu3iuMXQW/h5B8u5NEHl8YErj52yw7H6WpmVILCRHHdMHvEdYB2N0guSEXn3aWQ/mW5VG9gML5b/Cecb0vU8zi2sB8Jnye+3gJ+X0SiviwiQVFQ8t0LjdhZRX6EfhQ7LgiAcPuFsH6lZ9Q/aKQdSyiO1fF4zCFzYfX5E+OFIFoF3rFaCLylddJVTUS/JTORFgPTQmDuyvj4fC0w6akZG+3Zn9GhLqezQ8Mc8oWUxSQ/hmR9Cvth6MP1uy+RkD9JYzYSuBGUUNtjxAh1dtcCvHlztOhwS8P/75iyGsEF5/rYt7kwKmlHUlIvyEX+NUNcFd6Lt+YV4GPUC1UdU1zNi0Sf5+P4P/ld/caSaq0m0Ujfp4F3n0fP72KcqLqBkBqUqrRa9U9v0ITL+wlr5cuKJirz+ZMrod1ve+UDX3Hu9us7KZTH802ZUVfUqTY6mr8MNBeUlD1zpWL+GBR2tT1INvghkUXN4lOM/iuVldK6YOxyU0zkVZsVf2jmNeG9xCfLE+xnka2nLygcds/DkEsF3kbSMW8zPi4K3FkZpcEufzRsvyJNUyQ5DLajC5aW0oJT63obloS5faSX2VhbQN4mDPOIJ8bX1H2xAjVH5qwE6GmWTNifW8oalekf3gd4loKvut2vpn9UItno5Nq/WYd749IBvGBcl+608RjAxF/tw5r3WgQE9NIVBpm/Pkn30RLJb6X2aWmk1OiCzEWnAP7BLUVIoJ+tbVlfmOg6fmUaHFP/7VV3SMiGFaWggXpCuBHIV7hlAhuIM/WI2lQb8DE4b37zChjcWsv1tm0xiSuOgJkcZzzcBQyqXs5cdZJzLosT2ImsZsLAbiCaq/2PPS5oYcWZsd+phreg4etisT7Qqmd75IYLnOJEImBiAUESXRl9hl7frGifMyivy1Ej5CUCOYj9jmvoYlAxEJw88bk5phWoGZrmfnwY1Vo75YRHiCkaCLeIjPm+XRZkEG6eU7oOoIH09OvPrwn3Afn3UtozXjYP6atVx/f4MkQDTdQOY5eEaYBqe6x1J4GPV7SXsnjiOm8KYRtEaHegqbTvf+mCt60XZkW8hZs9xReEhRDMnnudicJgPuc0+F5NyjzdZHg8qc8gVF2s7LmbKGJrwAuWZr1IAUqLgqp++wNzO9hQPnlxl6psOQXOTXT/V2SYGzmWYcDoM0Ltpe8jlOwAF+GLLh5Crxc9h6rmDq8fRgLNZyDuWohXE2vsja/5WzmSy6gyCv2NvtvyP7GMfFXV3dVgpifcgusFFpUBL3i/G4yYCrBDaK1z5QkoMU0KfnRnJdWeX4S4+8mGDRYpRna5RXQxnQFtIiF/Zr9WZHucuoiT91uYyKPml8bKafvpaVwtaMdoOBzoQwkLF0avZ0G/4yK+wRFQLamXAFN89z/NkMMti8ddCiEH4oTDABrMJDk8OJUuxPnBnv5W42Ms+YbJKiD8bxjtGFVqQrxIhTgPIJpB7bCpH4wwUsiTb+TnjB+8eMvGOqgJUD+M7R53vnAAiRdpX4oFaoA5Lg+kRgRaG+WaVFqDRFgrWQYS6VZmleXzYpP2R0SjdUbculZjTUb2uV2eWS3pAXjd0Eg3LDqPEFOwOVygP5+SC0LG2CPoBUlSxOzVVxdOJSq2EvX1IphrTKI11r7iaQcop1zJYs8jm5Wc5d/XEbFygWVsvwdRS3nfEZX7m09aTqE8feVnnNCiEMadVf3FLJOOxxS9ahwHH24AQHtETbcxbIMCFyCn0ZnKl5e3KSDXov0uS9aSeqDMGaugS3RyxVPNNqsrIKVvpXFu94Rk3zrcXKwmqz2SrNioSg67LmNLunb0+4SL5heZZvvW68Uck4FpiNqxEoCFrxEmGh9PcYT9lQw3fUBNU8wFnpmzgmTbwnrPn3T7dPLs7d+MYYBDrUf91eSG5Y/BNG8fhsGNsWDKE247xKEWsH7kNxb598hh1Snv/FnWqZR0LuAwWJo/LR3b3MjdbmsRk+fQ/rfuOsCz5NpKe4nK+3SX1taBRH3bpSrPjCoW6D3plax07J0dKogv43J1j4fauUqR7k7WvPajNuZlVpsL8al6wLDz/TbhA5RqUEOiEsNM6N2QJHxuBdjwROez2ohhYEuAYLXy8ii1AzX+dVxvsbi/nu3kpJOf98dTjcBCBOyI95rb7lIuSDEmdfZzWTdUxYoM1I/UV3bF94gp5qymwDVUQqk8Rq9HCAEEtIGyLWIKJ2ML3TtBK6Y9iXZSLqxSAeofm65phwQYE6aJnVcAUsk8ysR3+m+GN6v/wcCJ2/FvnQsYwJayxyRgihrV7JsvR57dbjLsArL9bfIIhwP7PIB6/cjvQ+IDjUMw+Log9ZW334UAFET31RRUhoQvFlw2dCFEB/yElAqm7tyxq3dlWDqPpRfvn0mVD4h7KXnf4BZQrjfSAja8chdGFP2rEqD08pfSUjJlQpRf0bbSOLfxi56ufqj1HHLkXrw2KYYVtkNMaCK+QwjP/C4xC/FJKRAxM39HLxPkO4GU0v8T6xepv0GOUDW7NnqDIK8HZLLORn2rI7BdFwK4/HmwKY5UYZx0auwhSPtaPs1dqwQJw6CcHxPwt18CZoRbpOwAF8m9KZ4at6z6Oaob+K1z9PH5AoPacVVCyDRwolTdKkSqAGFrpT49yHFqSanx+V2Iqm+PBd9MiKrAWS3Nea0TCTV0Kff3/fufoyMgEF0s0oIqBHLyIQJge+Hj5SaMaFnCJMisHXBRAvsGsvf7HyQVCV0EUD/eXa23x3c3kBVEjwvErjOqztPGQL6RhU2Mn7B3FCrJxcGAw1JckQXeN+/SZGrZe2dpAmQsuux9RNUmuEk6fYuSxk/5/+aDTbi066t2vxajYaI5mgi3JQmORpk+oBQdEwfJ+mHC7KOKKx9uP/tXyjMqhf2CQLhafQyQ4Y+xywZLUsu58PVkIW3nAvj+m3log00EUACh1TYlXlHJbXRWrktO4n0YVMabdpzBFAdNDbAQCijOSJymmy6KmedU1PMyX5y60IMqk0R937FAOf1IUrVio/jz+LxNf7xNaV+umaP3sxD61lehcJs7Z1dgKqRGnxc80Wp7w3v9sPxIyfJemBBCktGmWBdRSP3hFP6AWUaBj/Kd7zWuRdVVaOOvKYagn0HluzrO+xew6brn/30idz0fIkUsHrkRZnBKQiWLQmhPRti9jW6Fv824EAF/ZQpoIK572rbW28gi73zpMiTg8BvrB8sjF1GHmqRO6WhywsgYY5YcFiyOl48EKtnBOX/fjGF0vzmwlR5AdT9goXBCE/BZnmAHr/N+YK6VYx3FkmT7aktR0T/xw27Da0LOW97tEkdGEno+7TkDBvn3zH6EeTWjJEatlao668rub8304babtRa6nhpJc74hEU6vVLTVBd2+MQ4BFRw0nPqlFQGUNnNwaBNXwqG/3b3znfXh/VVhXCPBusBu+UcPBmk0/6VQFGlMPWv+KRzSeYQhOtIlZdr0zMxnLuXo2nYGdQoFOl2rAn9K2ub99CLRbspsBbOezKLOpab3mwHk+WS5acg1YTEFhA9gPunZGrG7DIdgg8R8LBTP/HMvf/x5Q32vKX2002C9qE3sbPUVMZB0uEW3YnWvp7d3VfCH6O5SRTfHnOrupNM/37s/+W6ri7aix3n67x13C3vTye6s7Q/lyDt/1F/A31jNrN2hywnNchY4ofUAeuE9gPkpLxiJWGTAbj+SjTDl6pSN0tPOZhGYWhXy3B+g7c0de3y3grYrrzUtbKnJ+Vc2wyfDhZfI3ft0Jwb9xY4r3dqAP+d6isNKgC2LggJsk+1JlkK1kVXD8QPgTPz8tssorSwdqVYmqwlbEcjO3LmZaAXl156Ra7vlmklBlMOB7SCZPIQgoyjomb34v5WcVFAR7OgB2smNbxoy8dx138Wb6QvGafyoyzGsRaqO7cFmhtUJMwPGN9M0qYJcNWLHOpbESFLY5IP+qkRB7lXCV1ltHCGl8MJ/Oe9pYOu7H/PxVaDJWvKHPASz20msosvJBo2xxuexw9ExyePRPhNbpUWQcrfG1sQlP3bar0PcBpc0lV6ih8Iugp9sQD7VWYCxCGwp/oZf0dDqH9SEUBHYl5C6LCHkhx0scKjlIAvCee91wlVbZvLj4wsXoDQxiEIT0rAwsWgNV3J3ngBfrCQ9lKyDRmrQ11EMMxKtufXZI+OXwZYFLJHAzqpGft7BStS16lY2XtgtO5FFH8Zj737xDE3Ej6+BY7qjPXlAMcEDDlKPJDehiVP8OoKqvlXmPiKKioKkMGfwoCe9B4OIctPSJFj+8/rfpY3Q+s4E1lwWAbtbCsRGKGFYX5Zhi/IFdPkwAM5NknprUYAEdhkI8AaDc+Zyi5X/bjCRwspmmcjrSiW7K3qKzVXnj5N4j0z/XQc34aZCW/mDP9KCE/z4FUVLDf1iXTWHTamZXr9+GHBO7ZCn9lF8uEvhsfYjir+hLrf5dHUmfW8icnfGQAtNSxxqtx8I2RaGQxJ9suHrrtLWIz99QOaC3yqUsBqP2M/D98wyF2+fALyzmgHbA0HeqMfVSoAjM9V/9+k+cwn8DuLkUgYSkVkx6IuPH0oTpWTCdw7tBa3va1iVtKypzq4JdnWIBnkbmvFaQa0ooN+FAWU+T37QE2uFpCEexB3t89M6xtBfIQHmIX2ePLz9a1xC66HjRKiuJdxRQLv9xGkhw7wEsNxrB/isiwNTdbrfB9TDHSUXG4+lto1UIgYnfx2Nml6zWFBzAsyar1QHSHpGZeZNweqIydA/bo7U/Fyfe7o3YAM+o84Bs+hJ9VQfqkdGjzrfmomqPGoEo/2iuGBQhRWPn4spEE7oqx3YKK5imNQru1C9cLVl5He3mxl1y+SGnLP2tRgni8U5d+lt1HCybxhN6PX1iOL+oMWTCyEQXacNLqcVWk/o/2zVc2fFdEgIUG08/SLxnH/lQjNY/A+a8My02kBdXd32XznqM3BrN9jRzvy5Z1besP6/9qLgZrn0Lg7wMWbHAHPb3k0tpi1jbOH093vPMDeRX6N/Rledi43RsMsAyr1d8j4VOzbNYXZtvygom4Vvpq47SQlgugIuGRKHzfMKAVJx3ntfhBkjR7XQXi5yr9pYqTnaE/pmVe5v/2K+DGTba/Ifvbynshhp9FZf+T1Uje2vrJ5H0To5FZ6zM15nAXAxLBUw33u2DdAbDfmrKYhY2X0EzrRDKIUhntOQvgybIy4TPpPSB47LjdUIVTHQAEuXg6lxrVIU30qVNBbsVfqfHghrIrYpoFQrNU1lHkBjtb0mHG9j6llBXIJahhXdBQXIpHfbx2wx8HP+Mq02R/QySZ4eywzTyjKgi8swyEv/dQLh0KK8h2c3ZOY1qCcFOcEAVmIVXcgP/UEQMumwOjrEvQPBfF9DuuHU7+kyXB2/LvbfBLMf1SXXa5erKcJV+SnrLtNkXc4ztwNozGDELTuAkC4dOvFY/Hq+1/Ei+xZK975G1Zn1EjkIr11PH6rQS53bJ8s4Lc+KPtHRWjeqAol8M3S9IAKjPHiogitlvreQHC+XS1/vwkhgai63dREatvKA9kKxLvhfEF7K6mPNTTDBx+pDFQwTIjQBMZAoOWz36o8IkJb9aGKPzphon+2tuN3iUDqZ0T7Yg3MxYenng1YFoNAsecLu+8HV2mcdvvtrQ51/FoqwAuwUpBUuTuETqGrfID/p4axpr+eY/ja6mu8o/HkT3wnqwgeUGEsGRJ4v8iuGZJZ1tvIpcNfbxGtyEL6bdbslxukMUQIEWnT7kc+jIBhsrpkfbjKIX7K8BvMwde+oIFmUTGljBO8SLqPdM5vtl7mI9ytu+yYF613WLQG50403o+cllXZ04bHn4ZApl8bidJ66k8c4MOvJh/sA+WP5CCCPVaDDN6Hst4LNR+Yb7SEUXvyyrVSwDdvuoF2Vxi9Pu0QTtQDSlBrEL1nIZwaSQVMcBMsw9Yzchw2a6sqU0CcP270G0Ugr9lQVwnCXtHGizf7rKuXzuLMj0Y7vn0DxQtnBlwRv9lqXgop2d2Y4yLTGoPrp3MZ6CYGZHbU7P6+/3aB9cv7MubaCnkROPfqddh5Ca5NV6NA+hhdu0cmTrXjSfa+UQ/2VQF/L+T2vXcxU5vN4Ct/D7jvqgJxSM3ednJuHu5x2gIrxa9zvzagqaq0ZH6Ci37wSUgEOLhqfzSwcqCZgcru9qutwH4qRZ8sr/HiCmKKep3k37BPf5YYS1ge/r5ncq3uMm0jxNVC8V4GWptZA8JeHFWlpAT9z00D39vYkYSyAM7mmiZF17zcDX/QALv4Niu4oqlNbFsb5HO8wJRJjiO+SRwz0h2Dv7KON199H+wLppYHBK+CCIf1LQK8PDSf9tmYYPWCZy/5ArEMHTAiQpgSoIFztN9WSV1DndtQwpqRfz42tP/mURJF0UnfnsEk7DOURC7EKA4pDvLfQGJrplQKy+0rIIsSWtMW9IYv84v9WSrsU5WVY/uaEu+LQ/WjDEyN+qhZcmNMXhv3sTTvAqYkwLuOb760EGaFhIn2147D/DeLnDMSoZ277U/3CAFbCcMPJB03EK0Fi1LApcOpBWdTIj0IuGge5r+a4Sjz0mnJXaTjfomMElJ8JUzxy+bCkkpL0PtsOwdOHQTryxv0pWuzyKrLqBE70Bfu/HkSVJYT8MJsBITsBzRehe/ncj/7SX1qqsctUrkw0rsocOrczevRpqTUcNteR4YBQW23u493lDtRdW+Dls132RMLeHRoNu5CMTngYlAoPjvvH+4uwvg+Xnp7EaN9Tvfyjip9QcqNErGQ3USvRloMFmu/dqUHD5XI53+dmsoO1lAxcnC6uMz3X0pouabmrA8TfDbTQXvZRVEsqlLkh6J9i/beAQ4SsZBXuJi9SRSeGEU/pBjKSRZRemIrc5+Iryl0/G4zj/pfCrawupGD7TkYufLaz005uipmZji7oS25ubszcJylJSddtGmUDLxI6e8tRdGX9hXWUGeAbqxsr6al2lRHSc3aU73i5/rUyQd/TfHHjwtu3mfR6Hmskl3V6KTnL2bdmhF+aPuu8D6deWC4DTBV2L9S5EmxSYf62LokdkZWnxPf00LS5aBIkTmYP0y+jwjdVeId3alXXZr0ynwrldTPq6wddFsE2NZtYG7qdTmgna2MxR4e6ae8FuVs571ZxgLEFjj5D6JcvH6i0ZCB0g7ZkiQHXFvedTttHk0WhNA2OTd71VFCpSwAu1r2qrABKIG/N3eEt+moPj6gjRdLxIeX10Vc3NrHIBzoa+ndw2jbrOeURuNUazHGhFVVN46kYyP/ab1ko5Xqv0+JHq4HrmaU8BPkwQHMeSzdwxddJcvGHGkt5Bf/98o+UnhzRdB5qdf7tSzmOV+S8B1w8H/6RlIa91WEyn6WVFVUbpUe/mTg6Jj9N11WoXYqEED5BuSPNM7p862ISf+5bOd0H9mH0BynUaQ7eM24FVYza06oU7Uzn9nrV1AVev2D1fvlzZKKrWo1hokn2OF50PcpnRgHHz2r8+xpds7/7Qy51xEPMkCKRvFP8+qvoyuiUS76wPChHLSjZ2kn/7r175xmejvwXQu2DRma1y7As/E8Nf/L74j32KY3bTEHSLni8RxyDCDdh3dB4bsdPEV0VEyDSIbyYM1F7/FCp9tjSbZ81GfWc3C8jjEt7OYZdbrqXA5h0pCRiwiErN/5d914jyag9ooV2cpGbaOW68v63JqXHvopG4pXb/3aWQXD3gUgoGr+MKfoJ0o/4cjjSJh+JbbIhrUpsyC4U+r8tW6lpPfFwz86DR0FxngcbyqfCd6nKFGOAYmVAafhOdTjUKgJY5nrwv3ZdOhdUOg35lQuK3LwbBzGvyCsOvqCDzQBLjXu/HbFA8Eu/+dsw3SBXZpLCa4xT3jC3LDNJqjIMaiOPBP4+VCJxV4KqNuMlXmf1dYDGX4x6by1yPT66nghdKJYGt1rFh0wzhqjynPqR31U8ZzmrJfVXTCwhHlHeh1hp3VeODle9RP2sS7NrEGzcwdILbFtxw++vd7IgLqXeD5VZpiIsoxxb2r+uwtSY19i12CTpKTUc+LZRyuTjXXBr/7IEkPEUfyz+G8CUEo5OpIO9eioy9bqEly/WNZUX4Tx2vLcb/+pfddUaD3fErD95mUBBTLbmATj9W3/fs+hqoFb+BMfOCfvhTW2o9vfG0mNQHuhLhNF7rSgo291/BxWP9RCBr2XijdxzMeta7mMBwXPIKK4vYgCXqRp3TcCV1HCRcpHXqZqUNIzcj+q7f+eov40A3BkRaXtmaONp+v0PufZgHmf4vD2nPqRVgCd4tLX2C61joW7/mUE0ZmsNA5urLFbe3mAiV27xJsz/4/rgSNtoJ6USfI/eNcEhk+WjKVdyQCTNmxoTG1XG29RAPQ+g6sTZnZe68n3tVt9hKkNyCXI/LM9vbWeTZO/+OmbbW7mT7JThI9xszgfH5dN2+RaynXIius9fV3ALXbFTbyWzE7KIKmoZiOi3wU15Q0ireDg1Djy9BL4P5PB0RvtqUizNS60N0xAW3nXF63NC44CyIVcmHU+8iwqapWqPuHWpzBuRvNpPFNQC8xrfvZ1STNdLDB/Q+jX8yMiHTbBCbkFwt17ax3V3f9qZaMjZZjE8s9l+lJEHMtIATypcC0YN9vpuPuLZCr1cT/f7hELd6Qm3+c86osOHszMmLJI2LPaILw36ADM/238mjpLQr1DRZ21ffy9IfJf3O/vtrevZu+pqo/ELKYX2wi1qutLmXbSyqPRr3lYQ+nYjlSijfJOXXUeaz+NyLA8o+Tk/hx19oz+llTXFCieM7bMJFBO4i5C31Yt2BicqwZ8EN0HuT5enjF0T5h7+pn4+vvIpVxPDzGTfr3LD50264InI9re+WuVv+NOq23Qnfsa8NwkqgfgF2wHFiZnR0TQtQHBrYUeGFoDekxo7aiumeZHXD3jbXnSedfphf0f5dDf0gjHMujVHM2nZzbwfDFK8QTPhKJHyXphjvmE2fKNfhpUg77HPmohLbS8KW3/Eujf1ys5h0lzwBBMG5N+rGlmrAfLPuQh5GzN3FrhpPQ59RZOscWUoyDcsbXFhGuLp+K9o/0gTKDKkQVIobeemnl4rILn6XVdH3tLgE/3Dnzax1cSIcRJmecPryYcbTVpYL6oC6ckEy57zMC9mL15NBV8j1mL+ghmItBjxPg5Sy1SM+f/W8V4wQ7UaLL32q6ihCSmoTALHDm9t0ZWg/9i93jKIeX9qaG45yRfwzdty7GuAA6Z4ipZ0V/pq4u7tPmCGfuAzJDAjG1pUYw6IgVoXV5nY/BUafXy0wDGm0RMOGGTSmLAKcU84cGU99TMbREnHhXgG/LKAdQPePg+dniaPUl/CvmJNVvf4pwtWsRG4Tk17vHAuIO4CLHfv/DddQ8ukEX7G2QFvpyB/+HezqcQhnVzCvr20BgeRCr/rVAZsj6LWunc7Qld/BqKnn+/6UOTbs/zHd5Q+IoHyX0Wb7i9zXSj7MXLpyX1+uimavqW9xrvWggD4oKY9rmAhl8XwhYQhd5DKw85whMFHqvoy8RmiRKqzDP+h4UpXJYsu0LCRg+/t/btH6zEkAxT4iyPq39mBZEbe2w60HtzeGgE4jEYQdhRj8kEv7qYMm2cbV17+d9rnGibVrwDTHbtdpX0LsLmOYuW97ga3q7XGlOfSrglTD72OS/ErFwE/aLLY6a64PZ/bp06WkJ3YFnbdY9XSDwj6/r2n8vtlDrN59DK3fOCHRg9A8MNj8ZYMAEw/WJ7PrEcIoN2oBGAiSt3UGZlx1AMUhwO6a0n7vsm955R7vfqLOU8cJtYKkMBnVjK3msqy8dU8hGHeaE0Eo2jwL/V4ltC2XJjeZSXiYS2v+jVAh+OcSaOUbIzvN3oZF97mPHiNLrbALhcp+ix6Lv7CcTddrVah5q5s5Ph9S3KxVkt35PJxFZWvzkz9l8ILG/BpAj1Mv/2Wr7KWrZUro9MlSPRTmu582qUQd01ERiVI8oR/0AjtNcFKfuxn2L5D197QjrsFc99T9rY1uT9nMxCCmsiF38T71FyGJnjzTLGoP2EYfrtGAeWD33zMV3d4hZD9hjEna9U9KjNsdiVf6RZLSJQFakpfbn+rRg+gjxGUaaEtbprXzvmon8RVGBLFdY8z8WoOxRmjmCzLfG53K19to8bzSFh/1all0kf+TVe1hth7h6cN36aartvDaKqa/QymTXt/X+M4EcF96/yuYbaIL3ny9Wf848eYVexqEkNrxhPs/i4SUDzqVkZHyEOb/2P1ELeeicB/0ztJUYTF58vyfm+0tC3A7DfZtl081BLDUCLLSgiNGef9oDSv/aBIJLBIuDkQu1wnzGwzA9ZdbnbGue3bdSAZT6L4klmCpu7c4og01R72crk6RxJhlciK75tt6mgyZNtLSYb/6YfVnzwNVf+Rh2sXzjuzfyqp3pCGvHg0sdWcijq8qj53yw7B3AW8wO/3oR1CzgIsUKX61xAuQDammBoLfvN/YLwcBszoC5gaXxvth289+ZHw3NjLod+a0sLon4kvM4/utj8kq6HszhxE3Q6ezX4Zge9YOURA1zar4Bu0soMYp0fZlaDwfYX3b4270+d5KuFX33aC4rHFAlYhnnQEsE9PJhPBl6ETMcN5bkl1/3N42DSa3m/0ev+j6w7Tx93/6m6QU0b5yxoh+e864QB4yMMO+F1GMpX3FlCLm0j30gOoHIHUJFlTxSdpIUxSvvKKagHB+SZGWlWgMi8FmeOe1J6FfIDyj83UUH6EpTXzu+7VjsDUu9Y8+reBghYRSz7pYh/0OqOT8PRmuTJS4UZ3DXUuX4FasjXpiC5Y+d0o761UeAE37kq31B3KqpS3IVhXxNGn5yANBucc6YjobNipAz/BJ5UnF67MArVuP1nL9mcjbHzkeELQfvLM/J1y2zcd8m/egO4z6rQAQLCwhmcmM+u9Wtq5Is0Oc8U+T/PlkwvnXmcS/W/4xruet30mV4ln1ZERSlMxmr+zZy911jD9tfdLXlWsx/xZ/aXbvc14az8qwZITdx1WgSnHOMhKqUR1SRgyzrd/1Ea5dgNvk0/cY2IM3dC+20aQnrX45ORlNANJSGGBBUt88R58avfyW2r3/SzXRkfnXy/hJhJn172WG1s4jooQ3YVuiUS9axTPfgUfyDnQAbo9dnkaRTJ9O6I0ASZPpPUZ3/YsJsPZWte4FktwbO7n9TQ3AS4LdSuMxKHB6P3bceD33M5MJMxMP5hhV8qigf7c8lSNMxnVcS0dK19BG2kahxc5OePn+qSPCDrxtrH5fTWtcUsfIB9zm1qDEw2/c6LeWDwy8QlRhQNEB3ML4+59jJ+Ud/6t7P0plL68ZNXbeNIbI96917Ygo/VS0AGRmh0hf8dS7zlUEh16ZqjW9Fdf/bEbJ8Xn1nU39FFha3LxSqew0QAcz6ZstdFoEuAXZRFMEdxey3J+NrXH3fILTj/89jcro9UzvTkLMDXRm0dLS99/GPwhabUASVhWcQ1I0GiP5d9/PobDsEyVa4qocKF9u6hY9/LW4dGh44vHTWyvH6Ukg7hiEjtnf/i73WjqY/b38WnKdIeloEt4Xp+pqiW3yzCg9X+ci5WV2x6Vxzoo/4zZegy5C3Hjj2nJGOtIxP8Njrqh26Vedvm/Ffax05BUxkRgxjTksCdbGOCTDQ+D1OtkaQKEV9LA02vsA/V7dYvc7zm1cmZjXpIzvK+Hck6upCnz3WWNOuSZ8b8ihJBB3n0RBXl0vDDSNszkCIBH/d03AaB9ibvtQOHT8Q+1nufpkHrx9vQ056DGUUwOpth4Yb2+C+g0fOsOS2vmaU/itn2/U4FAGfDeryqQURnwFWY9Uen/n9O5+EdbYWuiYcBsK+V6t9npV4InaDVj0JbDrdPI2FrPQbOdyghFEoeKFKZ8qRIUKYoTFlwcv32YBY6AvppJhMbdPPTJimM7cmk8zi5p1KtC7WxRaAgM7/mW5iIm6k4VarVnQIPgNvcCBDNMYwu4t/kKD7pHkZuteX8rMXx65KrfHTlnBYQ8pG9vl05OgUwLbsU4y4Yyk6nwePGwlhcvw5xbMtvzNpB+XzIFL4SBSaPLoMJAw5pPWfCjk3AeVIztx7pBDlzrmuGBQaqJyVeeIWGEvPxXAb5IBgWOk+O+17vx3aIagifHSB87jDizxeVlFeydHC3EXUESHi2uE65KD9Vi/3c2gAENE/toh1jbHDb8Gm9y/xrP7YycZdkenf+O6Xx0ZCAyJl9AXnTP557BP38+KzH2zwdvllG1Rec2lS4OfualDxm7Fh0YaqvC0fxN3gWucpjVWEy/2+z3bjpPt1+J6XLDt8Ua3cSU7KeBwQX0ob9MFlPcFUPaw5P2niyXH/AyvqiIPlIt141K2spHFx+lQr6ffYoEKvN+xBtRwiD0ipmL8gfQxhay9MrA+nWU1LpeAF2/kyJXHKTFonTY105m5Lz0thbT5feW+HXhZFEy+16h+EKO1eUjKcX5tW6YVsJDpqlvw6FBN63NOZZy0qOxDRJcjwbjF3JsKCYZFd/yGTV2K0a2eMXQV1u8ll9vfX1H6nXJGdes4qYwAVHFImO0v5j6xCUJ8v0lYJQG4GP95Cm2Lpe7oOE9b10H2dr8SkOQ/mLldS7KTDO8hN5QOGIi6obgLR8xwGg0fPT1Nf7M0l/zntEfr9w77AuDfLKQGF5O15KY+6ZzMK53RvqG3Bl5VLBza32hpSWhpVUdA4v3x2ojP98c9uoMIgMPJMrPpx1oPMS2VGim4q8s5Fhrzen3NhAt48Ig/ciHFnnrqU/6OTm77XRvqt1OXzlwZSZz15GceST2H8qGu/dpup9/+7UEVFsdGsWqbNK23B5AWg3UWQ0ErVxYoJVj/K9vHR2ixT47e5Ff2/biL6DsRVu4nRFLl7Qol02p2XezQY6FDX3/lOWDNqbZr+X6r8dwH0Ji+Gf8rBGyKhPIFDDQr5nmf6t+WnWCJz1bXzX/vuX9hJLV0y0Jg2BPVteQYtPO5RuVfpTfRycQdNpAampqLjKZjG03/DPaHnr+tj9AIrYhIbL+X93gyFr7jWhltkP5jjHujnvzkpTHIQ95LUqPjjRrs+H6flSlA/k6G96b8sJrmnvqQBUG4SZMXUMKAdQJsS5VQ/ptKXrO+7FL3eEAFt44iJJ3QbPaHW15CcX3akIMXXnQ/6vpF/av6Xds0I90/Ri0Yhrq/VDYY88kRGmPcY/S8kXudun/zAH/toxhtUG9W3hUEwWdZiXRlgHT5qPBaFXBE3f31WMZU1yNfhQUFwUMqCPO0qCRjKT/af7TE6a6+gKa6n8MwTQRYoLEh4XFfv/VEGyu8DttaobEdnd5jTOSpFwX9AKfdQH3E/UCp/qAsg08JI4fD3WFpsz/KDIdsDxarITTHbtMZgBuYYu3Fopr0CDxxOO/nHgk71kVY+h080Hx+HGx9KWvf1gf3xJ63Ay+Lkj1h5GRjVLIaAFmD4B2w2nJx1fw/ch5KhLVRaiHDQamXk99CRTKl8Oxd/BCy4nUmqcKMEgtSk/ryJ3DD6WbF/flQgC4xxLiFqtAjIZSMuiEwkSgTyOWD8QGM2pTO9yNRzqeBwqSenzRsFf8vUB6a6Yn3JqAH2UMrLmgG5N/2XPeBU/j2O06gJPO+Wx8mwVsJuw8ioicGa8eMcN/MjItGgNUUMpDhVFQYhORQvLy8qFSEhKNInaIcmNNO9anq9HHONiThyFl9IbNbhgmiPxh3iUJuwbm4Xt1tDPlncdlrsceJmDCq2s5f752satIqmUMJe79gCftWVV0VvpbMeZjYJcj6zhecixX+TsdSN+9/Jr78y418dEplc2tR1o5Jl1w3G2v/V1rXSH9m4KWn2GDk0zGqsZqyXefWTEUx+50+2+HNIqvd6oXpHrty98HTNfeKO53eibfh5Povjnub906/A4OetH17r2pt1WqWwdQq5llfklb+7nN7Igk+ij9Dib7jS6LAtWX3XPm9/c5SRTWXPxgcL41Adz8veG4Uq42v356bfnj9yj3CZUWkrY0SW2S7+Mug8Y396XS9evZh+zWGem8VlBPXuLXhcaHdMWO15KHbt5A3EOIsFBypne4uFAfzUuFI1bJSNfe9e32RsZuU3oCKVouYmtew0JT6eCqdQZHMvzZQAhzRgiwCItcQmWeC6DlXT1vPUCDiXaQkOpp3NHRPGI82fgMMJuxmnJUuhIyr1UKd2kG0ZwGXvN+ZhK1sfMt5SCLGe4lcb89en0xxaZvOj8qAJBnGLcFd2jnb1yRipEB0g4V8sWcfuBSFTU7wH9qYCkf/K2V86zE64C17w2dcMsKmbbCRhbQ2TMJ2mjnWlx/s5WpN4toQeC4ihfrHpTAgFo1LB5zvG02g0lmqiE7mqdfZa7xofThHsEJ8PkiO6SawHJmZTN9ms1qH9nkqgHyzOO44WNnTnXqDY4nK6NMv10awLgwoHGt0M5YialG6ubmn1PiQTPcfSc1SxsQrB6wUIGCOvyTkzfPugMkMLbvmf589kbhPXYtDOWwIPbslvmN4Nx/9iSAAkBx0qI+HAb9nogLjgdMOUZBf81ALn6v+qnJNeF5kZ96QBVyhtfBYjLL/FqNGP8Fjvw/ncNsqn+dQ+jIXmO5bQj3zNPdAYOnIap7rkPKBSW3M0raucdL3SokR1LNxWUpD7N+FnwuUtJEHAqujjNVgWY6WOb/1qzQ8mu9XuC2bx1HXoLqlAFTAuqJOtn2CGX3BmLPfBFa35WQkovyoITiPPddrucVNNcPm6pMPbgIKP+Zihrmfe6f510+Rb5N3fkPBEkKvJUorfgh4KEdol6RhJa30S03NVlQu/ZvkuiIVPLfJJHV6B44KeTHt9Xiz8Og5qTjvx31iMMIDQ/nU5d7Zxvul8Z+0/aLUblS0vy9etWBgS42N5mbTIt1koJDe+wWxMPcjobFwyg1KCjyU2zEFpAcp1E0CyMfrn7NeRe1tkErjDXtLSaeONNAqXCm9x5Q/Vsb2K0rSLK+MWMEdDAStJ0AA6jLK3uWH4RdtkCKLvw8prJ2XIC5R7L5KH4QC0cCY4ljMPE8YASlxuSN/iZJe63uun4R63fvQuJzJlNqDf6dCKjzz6onovne1UqHaQH02ZzYlNlAqZ2UNIy5y80xOUAo8at3WnWp15e5AdZK1BHSSG5ZWoAtwKoDKBLbXHq12TQev8VL5WHaHRrPC1YqxX9yfj+pPSWp9HNz7oA3wbLYzgNo46aAtzGjQPaK7/76gdjdthOdU7dMMnk2n4t6f97lO4VKLr62J9ysgLcGhwFf731Q+hBYkV+mtI7/zaKoZywxpJZM+/xIMfgRkXvPsXghx9x1Yq2772bKZNOXDLC3leB7rtBx5R/ogzO4KuHjgfCsadxiRjmHJuDCenr84D3N5FhkcUPxATUYDYTFSPf6U4HRM0s13koCM44+TzM/XgFO3JF7Fh0++FN+IX30rolJhZfncAMap0oztXLqLWSbyU4tb34dvvo1cKXgNnO0mtHgMCkdInJawhZ6vntjBPik2//sJuGtKNcjo5/f7QE1KDvKE3R9rmAFh92vIq3TI1EOzptuFd3giTfe1+eVT89mrhC/LmY8oZgyQsodlO3H6ImFAL42D4eROENhZ77wTsVCRpmVoy1XCqI3KYItyYgBX8GeeeC9pad9B6L0Wdd2z3fPQNZpCHiZMAwG7KmiEp70vzoNU9nhbqPZBbYeLmv1v8LBLPTk/z+m3jOczTduA7Zq1ag9itirRu19xyhqFaWKGkXtWjVqJEbtGqEtihKKovZWu1bQqqg9ao+o2LES49X/8zzv+37IkS9XjiNXjvs8f+f5W1GuNWWDrGZXUJwl3V1e19QOHJ6FdaKfqrdd7amyYB9d09qUbi5/+0qb6+4fvCb1op3qdcXUitwacxFCWO6rXh/s7+OaA4ifKRP7FFONRuS0taVsv6HyAix5e/Yyk3a9SFNQaGP2ewtWOSC2uKa+nj7kdPeSrr1/aP0QN5hu4xybgkwtp5997L3da5vBh+Kp2G2K8YI5K61VW5Op0WNTMiRQ4u+z+NC+24VlXI8y8EFlPK3l9edtjgXD2lGQtap+X6RzSHmfLMiQkQo7UKEGT7pRD1oewDbPUhojedArwZgvtwrQxa6qy2zSo7LwsdEuiU5Ze3jlP/7Yerk2dvbesO6wLjUPqY2bQHEGUwmI6xmKFfo7V67VtZ/tOHGgpR9OF7PXULsfD2pfx4dFrp411mPNu29+1RkHMMa1ZuI/L5OaZzilevMcVdcTnCfaInjgDba3i32nDtwLDwp+t/CY1fSon7RdFvbcCyvxMx//6QD/0vgcTn5vGFh/MWeGNuGHx+idjhrbEJxstaTDnzFd+o01wgOiwX9IruvJ8PwZCNxGDp6nqxqF9OSl8hY8YDGQ5E8hBK9Uj9pEsJ2NxrahR7QXD+kGNPHAq4QsGFcq8gc7vvlG7xxUj17wShtqquP86P0MtdVP9Xm/5iZpHddJlASJxdjBs1JvLAtLwqwxb4GDt50+m1hiEkKTHPpQbPRMUB61eoOxpxikdkQZPlkz7UMOEv77+75pESAq7LgxSqOJy+qvxnsjUHqvHXz/gdVtQ7dmDgn8jO5VqtubJxfPwf9qkbMt5WogRY5eeiwF97ZnrT/YD4WEu95Ws7Ozc5BrNg7WFuisJk0ripb3qWTWuzLs0Tr8aA/KIgv5eqdJL/bhgWDVsPClYBViRlCcgWM6r9trqsznVJEypvJJT3bj2xeMPa6jPpisc/bgRzhaQicoyci6wFKqGd5Iua4nbypyo2eVmJy1bWCbROTem8VkdZ6fnHjxYSChaJEr60ARZYLTNYJmZ2HR+nOkj7bwwMYm9zmPJ4bJo4/muY7FsEzzyB/qTb7N5XSzUhJgRRYEo+B74fvLjg+sqK/cWNbWQrVrAkStlhO+fJkhxT7HpwoifjTO6HD7XN5k/l25+rVmH3MHmt5tO3RCrot0e3D9WmOkdLEnyIfrU7pFDPDFQ2WFYo1HOcDyy5ujQ90Bp83VtNMnWuA9GGwq7zQRtFR/H67GiW10ejhg/4B0AOVu8nnvQn0+G0L+9IGoAUV7yuJwwY+Tz0znkF96etNzkmie5Gh4ZsKdkyOZ2Cd+n7JWu60orDGRoWtP6kgfiV51SqUYzGifFHAftppYuhyPplzqRQJ6uvdDXwt1grwHYis1oplGT4suvW1TSZr8akEW09QWc6avADanPQSsL+NnFw37vZOHs1zyIvJUIz9fHYayVk4MFa7rMi+vN66wzW+AVIdIvp39/cBYdu1PdWgB7/b/ThP4hanbN+2tGmi2WjO7cdem6jt0+5tPiB86N9SUSSFmyxwI1o9FGluvMRc74Pj3B2JzqVHTlYV/JgLDvG71RGDmubjgnjSTqKNfSns/eaYmuXJzczvTfJDO1T/xoJ/Ot2uYsQ/DSvgrdhtivNZrRn5FRftFTVXnvNXaa2rlqH747cjbcDscNjgg9swD8Dq8eZFOC3x3y4Zt5gaGvnwqAmfmQWukUhMCjbOQXp7WSW3JJY18GMSROaYwJkVA+rv5tQ2bkSIJZf3w5oU0x896xhvXsnmie3sgFjRXdP7K1OE8TFv9qK/kFmbegENvQNvy9a4uMKeBObtNhquXO1l+BmUERTh4N0abwUUZLf8VO/krgFEPj+PzhP/NgHoSQmV9kQIfI4HKxnxDHhjk7YCD4qaVFode2C3xCiW3Urb06s29TfYNPmEWjMV8+Sur8Z92IEKM3TRikPUkqE8MffOFL6edWcmtvkhiTKCn0nToMR1RcBMZduvDjbAIB1vPY319z4rv4RsJqOUxakf/4aWS1FRPzzMqqzHM80fTcXYD0mr4LuRssX+Le/IuNHilb247KMi4Y2KMVGGg/CM1WhIcow43VznJL4UCjA08q952piJiick9fRL02N7V3x/laWuLYFD6Zv18WBXBU5cLebTvBBj/qSAmvwKIkI636hfIE4vTBiB/hTBkOr8d4O52OklTPQJLuuZtJ/r7LtQBj6gp0zxPHm47pQth8kdoiG4seBRy84ffy7hPL5ApXBooyocwauBsiWEWZWJuLiiD9YtEOsFr36k3WuPEGe4Oa9xVtrn/HaA7NVWr0YtFsc8LVvl0C1YZ8Be0yZZ4XwfL7FoU91fLCFNYPhnspwwqZupSEmWycT1PcabX6Kh9l8R9SA9D2yO1fzjE6MqLAAmEmk+HjXqrKA0C/UbDkHt94ks1FxTzYz/MfWGxpOakHkBlqeO+pQ+jo4zcz3AEAlyG3I4WX+pAs90dWedP3PutATq8Elr3tgxkLRYezvYPgAZT1U5TLzfuy3/KyOhSeOLKcErahegT3l1Wt0vQq6VVsR3sKUEfBXvzPGfe6dveD02F7ElROeThQfX3k5mPPnYsNPdpx9HeCIbR178UPpU09wPUmiIEccHKxySYT0EUhBkfDlfb0T2AU17cMoiPjYmpx+fE+JPJ5FbYF3WNx5gvPSkGCyQZfNFWz1JzkNqLH16Uagpp3jpdezxgo/zmNRVzV/p9gl2jUEqs/jl5pd6v1MXXt05DNu/mmL83JJ4aGgsx5uq2FZ0MG17ZOUsC55+iQcupZm4ux4OS6ATPF7YfnD8UjMzDJUKPJAoWS6vB0P0CVpXivWhnN/wgWz4FqhtVXaZZAWCaB3lxF299UTLu4ODOMzDmk1bHVbQ2p6ECdZCZQtAzSuKqCfteRVH3WSy7Aj9oNs8JgXqvYMWTYXejutjHRl+aZiTLBJENCPg8pfzSbhNdFSriMFBcXb09YvHYfBql94r90nHjZyb+2mzw0+uryz2+uWVJKqzRc738Cjwo9uh/WppDKltl+6vDrNgbNWpi7eH5rbSsLax1D79JPTcs84ENy8LJ+D0Anc+y8ML0OYhNQuxmZSDhYX6zc2v+sLZY/dlLxuVcA+6l98POhNRQWeam88Di6C4ZBSJYJZnaZSaL6hWb9OYw/qOYozjNfz2NNX82TC6PUTG1MG31y/OSP5hPOdfLvr+TJFx17p2LvGbjhftwwo540WO/pmMbsPR514Wvlwu9jv/97+e3CefWHTMQownqKPiu5X9kASLD+gEYGh7QuxSDk/pz6QOH1r8PUWjft5DCMM7USfZvX9nTJdEmS9WckQiAUngSxfMgEbqxPcYyXZzSiGvWj3aL2xKsyn55HlTd/ixUkexyOgosizQs04b8cdpH8F+5ah4ZFuNxKtEYlXGm3CIaz71TMnH/YeIbS7Ioov1/KwUOJfqJmGNv3oMX8cRCuS/+K6EQNJvBbaEINb0TBQZNIKww3n4UoLn15/0oBdZUhT3yr3PzuPLdH4/1jtgGj3xudAbsdsGKAlrK8nu0OigGSs92wpIdfo+X/sLquCAJIBN5Gk3Eex9lIpccZQ8/iBc5pscSCfggY9csHz4eO0bGl9w2cDElJgE/Gllm6rEvBLe9mxwWc0fGNhLH5VNHOy7863/QatT4YggHavPylljD3tdmEk3+TpXT9YAupP/+05GbfRksdCgkJvwgyJXLBneDflRmPeJ+LcLvw9PEQcGqmuwngaEF5IbrJfuBjeTUXkbLEcfCF0455DyTJfdfNNDalH3Yt7LQ+fzCg+elFZMGYKmyv5wCY1woE/w60JPYmXFXLY7YskB9sh/2SI3xGlhLgHWrFBmNbxQsV1N7GC3PQYJ/jvRdXD+1w/hEjdp+d+/UgDF1vMEdWjW/vbkAB+/uljDGwhyvs+J8HkeGillMNsDRqvBD8af6Ns9qrIW3kQjWQ4lIQLiZ/6m67LbIl07rlzGPqTa3kPeuNOSHFciL+zSdkAj6Y/No4EdiPqznM23zT6Vogh1/lec0nG8NJ/EHvrB1qx6es2WYZbVVCZoBTRInxt1BrkIvxkJ7w5KfbHeCl1+/P9l1HaDt5AaPQQ4l7t33jn4rw5YZAbqNQjTPaBOVD+xFJ+/9lcARdTfmSELC7pcXj50WjJSDltP1Q6lchTsmtNmwCnqctn4U0S3uTqjtRXAq1OOv3P7SM6gL4Z1o4KVfxs0ZsiA3ruCf07DT5BKDE53dbdKZV/TQjQvSqsTHteCyY562NXd97cDSgStrqr1E7sCi9ZqBsdsshweWBsnfGlgnyzXvNnI8FwXma87rA02nGEdLxF7pC6Q6PEuErLwef35l63+2bEr2wZGNGE3cpUnONLnhi8VsSa21BIPgIQ9R/gEpiYSNnhf+H21gt1Bjz/5rnUDI+L3+fCW+ErtjBFH4r6CSNc2ZtP/uueEpEXBDDI1aAZmN522esxsOqoCfu2xjQuPZy/iYzQ2XVUZ40hdRgHEWQrT2nl0tVzrK3ttNECtK2Y2D8xLw+Y5+VGKSVyKbHxD7N+6A0Hp0ttT9mu3QGAr8vb0MsT7acSnlsLT8/fnH/e5tz3cJytOuaMbpYsql4hA7UMeE84yhVTaseQJBijV3O64h/peoGE2/ERQJ/y8xUKPeO5QNF2dqA9KYqiLBw1TPZJ3tZBvvgRfm33rtlpWEpdBjt4YBMWJ0T9Jh1pvH56ZWF6Iep5lu+Dg/0x+GSoknfzkxY3w8HbOKG2V0y4bOS6CjE/gJiWpObHgv84CWlJF2N6eeQ+9LtfxNHa23ksIpPf/mlL0QxK+mtfHABCejTZdEtRI2xwVv8kOlCb4iPudx4b7GJO9wj75DXTFT/qG70RHcxBOGfZ+xW+bjRqgjCk3AJ0YZFHt7BLHaPRBoVcjCMKIBuiW29b4rb8QRTmSVf7D+agLGDX/wjtfzruoz6DtM6V1D2l6BQIK/ke+yqm4ZulTe1nkjLMidntu63UNbuCnx2w32r3TaiEcORX28I0DLxCIHRCXTsPzuDLtuHQiY3horhpFXAOxkVoXTtyNQjXGaT2zCwzgEewqnvppna7trBY1KqPqxIelmhJVb1KJJpsq8FxUZdi305qDjzPVaDuEq7g9o1EAjT1ibi9LsvP8GfZi4sp88+1xegcjbuqYmdA4jOWXYXM61+dVwXj7OrG6s+YW1cm01UEQpkuCPv9THmtNE1nb6vR7/BWpva+OHC2aD4bDmYQRPO21txsjSRLsiYfNyZ7JJUQNzyoOO5AzqHkdXfHCjniP+aUniigjvzCvBlz7Wxvgzie+nsWn5UK2zlsWrxju1qLDvQQs68qJCdt79eG4fIM0INhSNR7Qsh897GB6UkbEnaNdnzZ0iTjP8vsPvTgdRJUImhm4fnehRXEMUVH+ZGgrKcHRMMVB5ewz/kA0N29sRuDY4YLFizO3pclwPRvEkSruTYVGg7EsOYQlvH8Bqk00rf7Itx7Un7HDw9Ex0pph8AGdau9j5rAWJ6tmjdl1PGVZ+ywCiZ+Fix/+rnOZz53KDg6EB6z19Ezs67IZ4CtiSEx4tnwrFGr/uud+iH26F0BX/Hr/YtJ7JkFJHY7PiEOPe8VsOV27qs2NOP1rx2A7ptmtekGRZb5Eg+3KUETTbfCwC/vrjdcJbmVfRlswTxwQgxX6vdZJ/pQ97PCN14M+9tbY/D/NHFtpDrh9UVbz6dvH6hV5VlYZOmyNbddF/7RIt/pPVOWRoUGbbtXLN9f7O2yMKXNt/ww23ralsPU/9ZJq/FYXDwiELjRK1Px5nj2Qrn9RI1iaowZ8yKO/HryP8+u4vOdCdx9VQ/3HSlkQXeB0NJodDPOSJbxSBTxDpm8YowvO6Zn5420xXPGe958sp9jhIC9uKn8rht4tL5hjIB3iS8iLmPQj6mGssVEbX7Sg1vb733vlLr1BcGyla+s/XaYTw2RY5+r1WB+PsX6l1kDdrJ2Oy3Ukj9qXXtwkB3ShouRp8ukkEtv/uf7snNZEIovOUo4iySw+gDlVqqQ78fpeuf/J+9Udwve3f6v2UFoZhgPjfkruf34LQq5K3oitN8u5KUB53brKGNs+//GEopwlmXDbUzoOLueBcxc/Gcg4Ms/FToKQlM9wEbreI3OiI3fK5SqTsUvBCo+7va3Q0jq5SoGK/g97VrPkDq4H7GlKPYFAxFXaC9Z5UIzDrrWEHyABQCVXO0gBgiLy3hdh4c1MwS0JWsb2x3pF0PAeud5Vg2Nen+QyiHK9+88kkRi4QQHF+xns4R2TlOK0dDhCc6NiXFiCdP+HjxkmMUVL5NWLyZBPfJfS2FHBTyPh/c8sNm7R51Ek3zmFVHTV95wb5zKnfFxYW6n26HBY7oEr/uqAmBjTf+hzefpsncq/r+/u+j6dPRVuXvchwKO2gnTWtoKRF3TmoKXOdTvSmrPD/rR1aptS9SPY6/eZewaox5bbkQXa2z9Pa9rTUPHsEW1VPAUjv46mrMkjZquBZrIC5bIPZdkv7vEdMD/K624aLN99YtWFOJQtOmfIercV4cWbv2zaLK1BOfXjc/KUsEFWwcRdq6m1jTF5VVGxs7A6c3Lv845DSd0XneduwOzp5R9c4SxWUxnJYQ41NgdW1UajYKCaLj1hJR97XW7zKhCzAlmuXRD6lf5CUd8ADPqPsYOwWlmSx0ZreuUdS5CJqcOnDuiwMO7HYTyY1+CQCDzrElR1K8N4G7EVcksxgq7oYD+/eSnvP3Fz/4VL5k9CJhd26c39orqgcDrlILdexTfISW/4TfbTxtfL5EqZqqS0FTT3o6C3jemy3L1BB+yhhxKH3HU9JB7ZsBjjYaLphjnPGww8Eq2agS1JxSnf4oa54zMt+tXJsycAK0LF0/UtN9oizTVJ3AFd2RmPz+WNiS8GBTcF3I9rgxMuAnCwZt1En0dkVjexGl9XJj8PCk12a2c0uPE8To42tbyydRk0dcRW08gXPpe5bvrUxg7EHVfkhJ+jMR5WlPZ9yclwLqKMBjRds5UXIWPVnAlfB87BOQA+pbfknhHIu/7kSCqmiwxPjBasqmnbev0vHyofm+Z4rhlDRQjp/vsFJ8JKDZO2PG8frf0uuMYELbs5xjpSFMw+wYOI38g3rHVF1qTfAlnA94jr4SRr92k0w6DFDVA+On7DvJqTLMcm/77KDrUbQ7qemwJ6smbx+rs+jCaTBk8tLLwOkc2iETcIkdIMluURdLSyJ0e97HXKcANqTbxbo96kJCz9gPtUCvIhXZYYfXctgoqi6OTbsffSR5f9P7XNgaFJgPtk3N5xMHcESx0D6q+ZUDUcrVyf/VfT4RENz/D8i9q9eJ9d9+sHOmOYz7UzTA+jSoQv8XpLhfrbroDUclPsT7OHqHX+Ku0NYxRbB/2qbfRMkLyPgyepgOk87zNiCBziHMAztdblFejH2C6/EgKfLMiK8vBG/AZ+QjBP1xc7oXkpKu9EA6wmL4y1c4noNzBYvC9qfv3Fw3xRgJpvoMTYC096i7AFGkYBWhKE0IfAEhvictRFvPp4yDtDAZgVWjXDScGfBQ+NqK4gsBxPcxDvIJkKPR0drlHfp0IXjnNSOp43WZyIW5sVdaYRezejtg8cC3GiTEcn8fMCF2w2BaH80MhVnyXs5mlY/G/Jf9SG+Xib8Kh+OB0Wd3UCe+FtLy++7qTZVnVfBtIu6z339Mj5UdgPRguJCD8RmKnFN5DVKbs2N1LeXYpNx+Q5h3I3ud9oMkrpErVpHBpKEld8X9ILq0gL9Imk7bavW/nFBh1nSd3fpfcm7c5pcD/jaHvsaP3ZIdkdNf+2I3+v2WMBvrhqIDtG6NfXO/g3EJZva49Yri1fEzk+Im7nrv7BxgYphKyrNv1SIptbPX77M4Pg3FSs06msjRu9Fn/k9I6bfSbl2qRMldezeLAZQZzCss63VvAkxf/fNvFf4HkV+dZ+PjoTVZo5qakn8Qzyh72Wd0SJbevLiytTFfI4bSGeLe6nU1FBiEcF6Sig/ObL4Uxv0bh719fEo4tcPYaTviYVy3d8oYx4qa5mnns8HysWRXpOGzA9DqQgznr6qABqrYaSX5hczUigN7c9pBaefTAJDhyXiMva/RcqyqY2wxC7lWukvaA82YZlPyGaxa6mWBDOYnulDzVKOLdK9sPVgwtDWF+JsG6BYpZlrQVYpbZf6iVi0149f3x0WQo1bU5ZXXcSv37RmcIQf/ZbaqABWnEC0wRSU/Cw1ZpEhFgnUU4Wadxtc6ialFKwSqFX4XY8YPZY+G1jVp96L9zqgSTEkWFw6hkeuU+BGffFjIYkj1OzzpmNfprGB1gfH9cfbDUfubl/m2traZo0LtFQ0Kks7t6aqFr0GAqJ+4kHnz7fF26my1UFb3/LqW05ZG62/e76j/JO2j1ieW7kb45WEWGril9aZ1lZXsaaCoF3/7Tx0jIK+rD9PqdhMlg/0XE4dYeTAvkx2ZTk3Z55Zf/SeHR8m86896k2HXqTEUZJg3pnjxf/sNpb0INxHcrUbF57aaD64dcv6qRB5FEY37R3yN2kU/281xXLrqePFhmr3HgJh2RRGxQjMCzfyqDsEb9+lbF4v7H2S8v1S+C4Fb7O90tlQlT/z56dMsp/tI88+MRPzdvjB8EC3zseJD4VoUkeGe3g83TvWBooFT1uXqcd866627YauffVZHIdY6U4srETvtf0VPinV2jfJNIPzjwFlD8pGJg+fQfnNG7Ef5XDys93AK5QJ64lxHowASo8y6UFqT25oIJ31S5Ha6gAIaVKHKJE5/gR/VlHO8USLZaZwengT3MpWA5944s5kLGgPX/ldM3KR1QfY18HILvQZ56DqqRuyLBlKxq2wcKj+UjEbxhexVNyINBQtP/u6ul/c8jT0Cfn1h7krEwDvayiRqQ+pKUD8lYD0qyyz6YJbzeZPu5QJy6rNKIrrViG2S1Lk5uT+ZupYGJtfO38XMoSgFlvtjV6Nf5n+6Sp3gP0+Tcb0t1+pIz0LA3S+0Ydx1JUU+Wfc18bp+UDzUD51Hwx0m8M5qJv6Vs+Fd5LkPHW0IbZgX8ikkg7DQsPZSxpKkDi92b/4AHX0knNkL4y67RjnGzFw3Xr6tH8T7XxdecFWoO8Pqzi2psXk+3PVy0ZNxgZW17tNlls8C3gpF7i/FBofH69AflLayoV+n5tO7uFEvgDOU+va/UE6/ySglboCP9iuDLl79LOsNgB+HExhVay92BCMsXJQnZog9nvhWid8W9R2UMuXAx/bLD7V7bEcxLtOOrA+8nlOK+WgiQGHvO8nrmz/q9tDh9jryCdjMqDifgX60DxfO/Jc5yNmRJ/n85I2DfbMk1fkSGGee6Tb0TjG1SMjSjGdeXpz6rPNtMXF6RqDw9xbouRQeXdVFThsiS2U/tdoqbdNYR0Z9BPj1nLtR+iu/DKKvsxh9GhRTls4+AqnHpJElbTJV7D5zrc5aLuR5cG3oDJmle7Tz8uF8KVmTjKqUVZ87Id3v+1g9DmB492V+qgjFVM1khdIbWeamU3RimFtjpPjrF8G3RpHsNXHy7ZOizzDDglhD9oHSZbp04bEyqS8juMb2naiSJu+Laz8W9wxD1LscKoY1Iv1FmnvCvR8eLqtBHZSZ7hgn7d/Nw2fOjzqmiDANdcefd5q80XRvR4P9EzvGh+q2ziiL+G/JoI1m9ZMIBgfSOWd1+qPw/0pIqpyZHJtU6C5mXt81deh9KLpZTPnOY5U0N56y7TIxrLaGYd4SwhF4zOILJkogPlYuCHqtvQZ4ZYCeTLl3v21EkX9yhvzklgbEBJquGYrLByf/9JgLfDo01l8e26At59fYYP1eLr2tQDOTBh/krY6LQ9W31iWeqZYoQpy/HtVP/e35zq/dIeqcxTtYGTZzm76+Tno1vE4674E/8A4ysHX8WneS8enQh6AbAoM5+klvfiXDw+uW3/erJfPD6eMCuktv4sYg2yZN4tzJEzqIVTZwbceUvZ4uB0pbJJ9gnxhQ5vMdWmrAQ0za0dTozR8s+09qoMz12suwY8moUWcIMcPpUiRFs6LrnZBu4w4/7f0aBPKaecZTek4JZJWMqXn4OB2UuiQ27EQNRZdGwP4lfuVjSg9CQfStAFyzH8soKsN/HIYegCQFBY7n9QcbnyUHJpmbrAmula4/nzZpu0fQMPHffLNgw73obX/B+NJpkcMlHffxKkORol+/1c5vurod1Pum26ObuEq3Qh4a83sdq4G+InF0ROZM9+y2v1ixWdhbrTXpnR4X1mITIMoTCXu+JEIltT726dFq8NqlMU2yCR6cuVkLoxysUqeyK+VNnSB8vvLBw8CFuNFcgfsBnfkaL5dtnvH5xxlED8ugMkdEp/ve6OkPlbDxA9jz2rOVv4WAM2KpjGQwAuj/WZQpQqXKrzb7kqQbVf8OVyA0PtSyIRcm2hF0bHwYzGh92qmKlcY3SGuLkIzTPlu4hvny0fKf7J7bqdtzNQM3VUaGu+dvvGDWLE3wH/wR7Kmpot49B5biyZzqGBtLVXevXv3uXzva4FOfmHhodxVJ2ykK7HJ99wS9Gw6dvL67FkDjrk3ANRu0Wq41xDsZ+ugujlBXG+bFj1Z9SK/794MG7Y+0CK2/2jEbihk0Kni3jZYJTb4Ct4F/S7RLPooYk4yJxwictfEJW3qMSWa8ZNGGzaGpuLh9KZfP4P08TX1px6qbj5+MjEfy+ashvNqWAbKDpQT80vvV8ESzJ7ngUQl9RyUVHhxZInVh/HRbSn5+xJeqaO3S16kMlJuFKvJ3CP7uv9Cvu9FNbhqWVSGrdw8qmrn7YS6DI6g/6VBfcuu60y0NzlWPKvdj5mKRogNJT+tqjJ5g3NFSy529mtl9QLDNg8UnYAanHdae/YNoJhQZSKLWZ5S4mZIKgapQbAy97zpWlYFTSPAXQqSmdZmPdnh5V7ikTRaox6T8tx0BjxSS7Rldp3FMvbCeoF85XuKMdGgIuaIpKjE2qqFB2Uzi99Dd4Waq8GbtMVNbwAxvemgprg/xWNUy5GLteVALNc1v2XMNR4iTsq+DKZmtey48LdnZLFv0AXzW/xsWZ2jE22r2ZSEFHg+pSP96fxu1hi2MmN46nXDc9d24bs7T50PEHdU0rHlMs/xQl7eMEEwxaJg49nLdEtI7fIwR/Z4F5/XQaqZv8dc2SYsyO3w8zG04XK+oPAn/Zj7Zq5KSPpv96+xsSRq8GQRIlcy7J1yvufbgh1U/9zFXNGFcsnPdomdxofTiNdf46C6lu0a08UnagbWDz00slo+ZvWo1MrC31aig/WIAK+3AwinbBj1/DWXU7F/NowkAVeW670oHdE3FhUswlO5TRsOi4OUDDuv3w50GTSXTuRIarg+IJbsNnrgATAJJMRp4QPkhzWpJjw+29NxtH+e9shjBq8C5HfInpR2mqbAJIdMAxn5xt9DL3QMHODCEfAQGlxcBZDUM207C7c1iTCDi647wMnSp7UTyyeKIeijZJkTY9YbMVCgCneLAbIr8keY8bHydJgazyMh2uqRLKKMzUmTYQku0DpI44Pxl8TRWU1kdvDXoxNf5RtyuFNjGB8OZTTtYa0asoe7smHN7eHSGToPA6g0W3Av1vyz3i6GGErYw3Hsl9NWB090MCbWHuCwJ+SXpkRX4+rbhnxToU8o8SakCb4+IjUNusMbq8bH8EZtIi6KF330keLSe5/HHm43whXWdRsZcCPxRw7u38FsiXKDcuOVFaDtKXOwok45sRorJ1jkD0IybODqEKdtAKYvLdaCGMd9TcP1VEjjwvvY2JaegiGV+ofM0GqoIGQeFG14dns6dr2FBkv02YgALIn2jTz0y6PBXVzpG42CRoiXZxcvJEeSIe/Co4VxM2RDf40d3dyG3gAY33oiqEsSaQVdUMmTMjP2rVVq4Ox5zDTKt5WqzedrYaJRK7UM7lP7xxg+kOPBE5vHdHF8Z2TzUDKgqAH38s4slJhlDopBtVjCkssoXHC6jJYV9LOByumF+TrTxsp1AMe969c0dDYqcfxc8G7HXa5m0Ta8piI3k2wYjdGLeA+AWNoqhWhRbizpuebCR0lHhFrJBRD9bI2lWUSXaQ5C4eQB7Or5G0Xbqp6FjZulrP5N6kReFV3nb9WDltkySQU6GvW88HX9IDlPe74NBnpq88vujmguzWW6sAYQU9HoeL8djFpVr5DBWJRsGmnKXIp8Bg9Jh3pstewpFcUOuVOz9TyqHnnf/z2RR2YhzicFwY8S4jNmiAKOfoQDsgcwtGBnMjpYSdNRVWZLEJD/4HEM9TwToRFe9Fqi9Um9tGigwcqzPoMVwvyrHeDFy594MbZpMbs/3huHnQTJa9XsOeZnXb/uVunHRf8xrO8oG5w/QrWffSyV0AkIJdpTxJ9Ys11izCbelM+xKIMljJ/QF6sV7I8xNyouUBTowB0WcJt5WYe3lVd+L7WUY8xAMEe36WFwUocerCvluvjgCBLUjYdwtf0uc0ivxCQVrQVPU2DrUen97fmE0TZiKqloipUQW8HAYaIxvbodnxRc04d47nYw47mwwmM7IXN+rHeGzmNV9Cf//dgkjR/eAupovKegcE5ta7tYPOPuuslvkOXnqG2ZMKPFF275+sA/wyZsx3TDvfUGVT/bZXZsj1fC4l1be14LIYA5yNtn7XSJJGS4cdnc0u1Sn3mHhtqyclk4nkW2YXjpKEIrG6akDSxwYw5iEAHigUaRI074Z8ypI2V0P/NH+BX2aWDbfbJwf0lUXQCbpQjLj1BO9h+hD1kTwL8MSd71GL2jJ/4UZPxAlPwwyDvcsC/VcPSABhmmUv7RLMARqqScnBs5Bg6xOifhu5EOaBHdEnHcmcAtnKlznSF31nnHLZyxu8E0ggL7spESKn9SKoipmfirEXR78l4bL+oomeB/eCIrCihqPH+IRJCfo6xynxl4ad05NA5NN9bKJNfPtaZAXJYGHDn/VcDEt3kk33DD7ROaLsOtaQRR6BeyHUC2mrriUDeALDqiCaffl2QzuVQMwdBZIpAwyjMTFoxv01zoX4KLUrILk8ETuDB+HnkD3hM2/DTyiK8NDCXBRkauO2oMXrS1A0bpiELSrs1JpPHAlgzVbCXdc9T3377KtYLtyql/Qj6TQpVTx+ZuK0DbUvW2NqP1Ltt8MlXExKj31RZUJdiwZwdrYHTCxfcr5aegA43vd9Lzr5SneukB/o0DPHqAJny7p5eCuvdYoE+Zj49Ubvqgn1TCkGTltDjy7XWgIvNULpmgPtuBSPtBQQumKX7o+kA3M4tDD63hJai73eriQVpBnS/DXf8oavL1aHDqiaHyQW9Xb2+vXunF8Dq9I/QpO7UdPLGe/kVh8dIx1PJsryUx/LFZUNrsbt1g+LJ968iSfzCFeZk2XCYYY16hzZROVcWMxDqqWIqYFJyv8EpTgoknPhC6yF9qN2uyMaVQ284UMaXCguSvLL6q1Z1vet9vQMaJF2p9emCNzxb5rynJdon2PWmGfBJyied2LDhhwoUtlBgskOAhJRl1uFy1ZWRwcUfMF9YjpMjwKKGeG0PTM+XvaiyuTGZyXSQVyTnXIZV3VV/gnawb45BoOYkuoMuHUYndnjAyUIo+pdqwxP8oChdQXT8Hy4+oEMYO+PFgfJodUD2edUFC3lnWxBiyD3mwG8+ZdnEhebYqaCO3idIv4Uc4jCJczRY3FwJVTDtClqX32Fo9M7t36o288EP9qp3hPQrcNNcKoWm2i51vdatXfNlZf8VtNknYgfCxKEcDPcvm/sLPC+MaZxs/HcuqLtfjRUrenH6X+cvdCpIhwFjY338DYgpNRt1QxhviMWr7RYWxzZRfdbex6vLDZxxixptBZdRemZa5fHigBDOQusfwBps2osRW4vTSl/SSRKnqC5QMUW27zBFCs/tDej9Q4XaFzeAGc2WPMGFIOTMyUsUTW85gtqJSawND9DLCi5NEAQsnUeD7isN7bw4uFcsJhqMwBfkAsRy5gNFVpSIq5RFBIbmm0uHN3ni6ztqp0UfJyckqMzVS7V9qlQtpVUW/W95IiuYneTDJ011ljNbz9mR3gf33jTsBi0/nPA7U5jw6+ioW2q+rDT0iM0NEX1OemVegv6pmw9aHxCyyYa18hzM7w6s1w7c5nvGT03yH4ZxosMzPoCJ5/3sA8bbGhUGOMalAe7mn6iIi0ZteIIaQ7Psds4AJzaUCTvisFtB3wGN35hSYGgeRHfP16g7jeBLqbaSV+TU5CmovJusIgpfJok1yytr+cp4I0V2I6KhGrg+60Ps8tFpsqEn8pymasIlNvUDrj+9AoyV0odHz+P9yDEnIYsja6ku3IyHGqQBr/6BQA6Zgcift9WGJGwbqpZ8VXbsv1ue5IEmDo7+buN3K7UaC+yiDGzALuomV/FxVY/QXC+7Clb77vnKWoW50l+M/31ZlRYLTrI6fPD0Y+UOgyqClmhapul5JUhZwx3QWW/1XQ135cXZKHLSSmo3QeuoA6Z+Jp/H6rUBtMOng7lY8Gw1urXrt5EDd0wsfa/V3O/IHtD3ocHpVwCtcvJICs14BPCU+57KlIAFHQTkOmJ5BCYz2S8AjDfn46hy3l6Y3FdXgAgQWb4zkRYx6ATWCwyDJO3LyGDLGZJ43+7i4vLmwRIr+42LC6yFWBc87KkxMF8NPzxW0MlslGv/lcjU8COqBqMk4pCKNK5SpXWLmEDVaADdWwq/Ys1ez1jHoMH72Z2rrUZVXX2dHHP6ZcNWLizvwiP3TV/LMH3lX8J/tAOO8K0Lup+fZ07tHvcQqHNZViJ5tTFtq4RSrSkvFZMHYPcX6EIuE2HTnz+u/pevN3xHAml80I4q6c+TOP8RAomTztGh0mE9hptkeQJ0NjlJ48bpb5bB+eqNASgOoZPNHIaW5b0WaWd+3qST6cmyR606tun7NZ8Xz66DBuq39JjDccbLrBF8r/37ldfjjwsLUvo1DhYlDbXWm+JxVPH9CW+BFfnIkIwJFIZ0VRBBrUvHU0mAuiFl4T/wG4cps3FL6SES/cKUkHZ+S1mD+yIFk3gi1JKqgXQPV07HnQmBQLBG6HbQ6JfVG5FJmOhYdfYl+752oz8SaQHoTbmJV6Svks9Pi+uBk23WF/XxZzpM56pcZK8u0PWL3Kg/eNYl++42t3Dr4eLFxa/WS2/qiH66JYvTBM+hZWWbNxt+Ub4+DrCFjcyJ93KQ/+hOsNuVIKE15JoDO9hK127dIRC2htfL7EjJGLEuN+j+u9IXZmD7ZNyFGSsA72s0/wf3G2bh3FPXPN/220+pXfoX/Evkz41AoF1KOsb2nHICSeFB2oFWNGK/LpmTu43AQf5wwQjUnCkS0RvHD2Ve+ivm37DdXEoZr6vTlVp3PVhoC5y8U2tNbWlvpMPn+H4lcbgighM9cr2vSxtFybuKhozowpBvsuFvhWjfXaXM6UHPR69H651Q0GdqIY2yA7C18BxqS7Hcz5qHzDjMbdC9bh7XVAa/4e60/q2GkEJtTGS6QHqrux12OZ/fiIbIP77X216zK45/tt5GeTojnTbyTqH4mzzriFUrzMFNI+px3mOAR7M3xbOVsv8rQ18qWcIgnAsY735MKW85e9hrz3c1NI9y2Vtj/cBgZKTk0Pyii68LJoWI+Tn5SyoHWuNeWFRNKRHJOLq6ACbKruxEPNX/+Stm8AZQMkNrJUP6sqv1XIgy4No+kGz7w9VIH3Vu7ERGzsQDtoZCjYwYRVKsqgwfeaZVre3Rf5Vh4QJvFURi8OG1YFutUpmD2qCa7aYLzOfxzy1toYCtMT5AE3BLLv2r52jUnQ/mUH1s6yWAr8/vE5P1+8ecK8AQsTHjxyiQIz0+btCSGy+gbpdrrW7eefLFwofc6+TacHNRuE/7liCgZgrFWsXs+yI0ag3LXhug/eGQY8GJwa10UD5QMafMuhVGLJQxu//g9QvIUi1sewgMnQw+DLhTOllHavcBTEpLqs4IlmnQufH6U1E1w+8BJD3D01oz4J0Onqyzkb07FOhLZwZfmOsEMb7ppIpAwZrl3uZFVyRgP0zJx0iHlhyasmHxG/P9yDZYC6h6EFTk5OVtJg4x7nddX+jTY+UqPG+9JMK2tzM9XrJ6d+iYB3XzgqwIJWONyeb21A+DfaIQzj5k217Vvw8TK7YPhAnJ/zxXF3XhZms1gHe4Y1DdLWGWZH6r6cazsvXqXBqvb1Iyn64qMllOO1THADwMPwGAjp4c6fqrc0ux3bdV3mTUN+V8XLJWjTNGyoNVZsdIGTepTPssSJ3jPUHswHQENOHbjt39zNIQAx9LZpaB74yQmN+oeJsT4vt8/a0nQ4uXlegf2+qO1+BE+iipy8H6rG+mQmE4IEiIKyxo2VCuLMxkQO/tBXk3xrJ76a9eld1ZYqtyfj3mGLB8Rhw7neyw8sUDnXDiwGI8USNUAHf2YfehqK2VJoI4O1i4b9T4JwiQpRTzr43Na3D7O1kSxXYmyGoAJEAOm8tVzg8ZRRrRxr2xKItz6FSB+F+Sd+jSt3b83Zw6fsHpxvkrStQ+z4VEF1czEhv3clWs9Z0I6fbezEpP+84u25O3FlEKJOlWXhx15a6IZMfSGuT3FfMYpPkQ5SYVqQrQiaBx1kJvPH3OwGp5TeUqMqxdFzElG0uCa57punJYUEqIjnIUo8h6fhLjyW9Ycde7oqihW0N6xqpoIHsuqPO522CxNIu5g3fs2bMHcKvPM5WAmMwGPZT91En3+cqSnvMn3YDhVHyV5i7OEEx4i3HaePBlwi4hIucdGo1Xa9Xdh9hDEgynC8k1D8sp2FRF0zQMYwvkPzYeMOWXAD/7RwWtD6++AKP2A7/UKxw2fF1WghduHYwnhtSnUjsUZZOcvaVJHNsi4MalccIPV5Q7jdEruQ4vrzzTnSATHD8RnzXlzeTHW6B5wLN7WsuAjcpJfOPL91fHF7Tv7ximGOaqAgBZ3yOI+d0M45OThSFNGR9jj83w1FsevDox80vSwHfNahv9LN5pDGANWm3pCf2IfW0JlMxb/Si3UTjg/7bOE/jQLHMyDRf0v8otGi6k04JKzEK2q4nnGVOrok09l08ZqwJCgSZ+Ci1wdR9bOehjTQPWz/Ua+k9IL1iqF9efwGS10AWMNjO3iY8XBK360g+V6mrA93DTDiFchlnNYlD5DESksfsMGb0KFF05MMu6GueUdF/MfGDLcDf9Kgq9TKkjc4nvHdPfvfYU7X514o/ILvH2XmJlbEmO/rBKhlOr8Dl50Mr6b8OCutXhFivM7VX9E7bV2glH3FPey+rvjoA60Q1OnYouqQJWYgrNX6PfiG0Oq6sCVfR0MPDKhht+M9cYj5yBbQsY6wLX50HRx3flqghCRlM2WOCh56bIzcz78Oc/Jt4PCOEgueVTA2Vk8Zh6HGHi+vsnsuLsx/QYgGibFImfv3OiBCrr8xojYLBl3LXctxUavxY6R6NtMfvYmajoeGox8DIavXv0zoHnD+v3OsZISx8NWZ7vVSVDBcZGVJikmuqbN/X4aN46gkyd2OUwy7yisq3qW/BVnFMXZW9rUl7RhsuLbo4eOhFlV97t6tLKp1UCwdWLpeN2+urnHSV1aBJzSNHtsEUM4umbtT2/0XmYhNxzIoCXtfLJ0yUe/lj4tENnw4tVCvQhM6cAx22103o01jXouCTR4umiOJAZZxbTQWwYEQLSGuTKJSLIEqxRKQ7BI7UxT+XBIgWc3dV/v6hg86vS32EV5nYnKk+3zOPfHmluB05tJk11cjykRglzqdLAv9J80kALf7JEC3GMbm9Ww8ertz8vX7VtvKE5kpIY7v0wcF1ZlEjVV8yCtOlyxWStM0IB1caPoC6LigRcnmxNmyNgq+exQ4oTTkgrPTQehp0jBtbvyw0o/st+XSAwGpaJD3050+9uxmr6nXr6MJB5b78OdNxUqS5NfMorRbM6sS0YfqVstO6rbKTYjHNWPf0vohyHGKXg7R3KfhdFTOnNEaFsRW2Vs3ULxaC5oNXR3ZX+dT9+Wd3NvUEf8Clqe32vR7fKKWiLtUan9Vf8lgUOpntZLOkRk9G1bvNKrpaZ7TN9bxbMbzohqbOn6n52CCX8JfKlFlJfmJGS1lKva7kQy8sm+4248Z1MKeAkOuUQvLS0h9f5JAUs+VUuCht+zYkppOw3WQyEBQ/PZY06xcB+o/txOB85gWqBQd7o4OgnmfrdBsFSvWXty48jz1ixkgX4OsnCnGqbEBZeDeKiCvLYbrOfIzgO7HRIEwGak53FIRJIG/ABizfRv1jI9WW314+jHgw0iTqjsW7qe8N4t8hsWgBmsmXBzwcXlD2cEVEY2Qk8La2v1bhjAlxdNl41Mgn4SV8+xv4Uz/d8cY2fsZUnDFzPQbfSqUSqDjRaaRx3+1h60J1kN+9/UgVs4wKAN/Kpv1FMFHFClZv+g77vp2y3284w6LjPgNvBtblrbgQ6nz1QNs2iFseFIdwCiUGlRgYK8bVO7nAyGkxotMP++b1U+fKji7GtlI/yv+8VBC+GZCe5s05MwT0lL9Ykn8VcOelNG2q93GN9dWijrervQVz5OMIwlE8lF+n/CsxYwRCkZRuXf1puKH6B9/2f4rsKf9lS9reUkPRUhoHn+x9MHACAS2vwbAXqKfXyRMpJ8fkngXdQJ9jrNN4NfqEWI4BMcsqzBCN4AkYTG+w85ScBTvOgjlzuVPv/W0nNahYlMk4bKn7BwJN7tidQzlz8bDHq1whv8q13l1dtD30TJBon06dgF8w+Tr2kw+QH4/yMAzGcbXUbfmK03nm0Vw22qErZbP5ji4eKWtDMyE9+TlZpjU/Ft5o4Su7oYz/L9bQAl3/t2IbI201nRm3IJ222yf/v8bRSV28xir9z9UO2WsbtlpBeoii4YEaRkPdbSOKsKqSFzyp0eJtRF6fY6dSlm95CyOTaUNJYF3C2DJbBaHSc4lNByOfJ59lmjIEjnbG7jgZTICwLxxbxQ5BQBnsXH71N+ZIEPnKMAsdtSxmH9QpAQscU48A0jrCcQlSifdjkuuMpbSmONpGDjj+nOgmvxbF8Erktzcdm60SkSxN4aZMPKW6rDBSnRZMcPCutGfGmSnGzD/xb5usjjuNl4fj9nSh1US2YYjzctmJknV4UHEWBqiDTa1gUkCb9a6FRn++Lv0qC3H4Fvt37TuWhhfhYuUlnm8ED4r4FCIkjcqqalYqPNn1a4E+qd/PBFGPB+0Yz2hIYVOl4C3maLqQI8oj9fnZUx/2GCwPqlkrsVFJN6OKigjGRLsZHl0/rj2T604i8VHI4vf1NYHEqx1szNysgmLXaKrQRx24GutuUpP30W6xa94PztW2E3fc0+/nlhjXDf/MNPsQIGy+L0uXA3kWEL1PwX30+//BU3Q8ppkXeXm75vk/ZsSbyMrL5hAqmodRc+jor+AhnrCEZRAMPMC5E7TtI72xN3c5F6l5qrBbOY6yoWK47BN8hpsXGEtM9hLM9n3auGnapydvQs5jTzzCznNJFmEcDQvO0N9Kv2+6U2Jtzrhk+LG7OhSKdWL+OEU3XkyuUsibDuLt28SaksHG9sVowA8KLdT5U5/zC1UfdDz3yOT/1G3Irkj5TdKIJqGMVls8cdDWRs0XltjTfsbsLkDy0Nuv+v+ii0BFMkhNIvmTxNMUyOgnRwnNDdz7xOSakLa34D+WD8hb9/HD0GW9fK6QWe4IEbptDvw4l/vB8VWYJXgxq08IDX83951ODWjfmwYQYbLzManCBSOwIgxwixYz801roXrA9Vzt2gG4lIyLVnWCtIlJyQc97ZYL62SfGUu84uF7YH4V98iIF26yIAxrI2/WlnVq+TVAe4NMuJjj9DNXU+vLzRxLsdIT2PUkhj/0ECZnA/L3XFOBBeYdoTPMANZGG7zcfFkmfFTvhGaTRG1m9UH2sYpRkbHa9yJkNiEvvhhAjO1h+BJXMh6nN2BH5s2ED1RR9uTA5/N3LmdoyYzYD94O5KEroSGNjajbRK1/vAccMMGuFA0IeFKIg5anoOdE4UiiVd2iQPuVg7pVa9wuN6SkL8CmWiGiSfwhe3OcsTIaKmzsFwFxpDXLBf85zmgmgV68DVfBV4PxaQi7mVMc/M2D0VtE55mqs20tCU+zgFJtkgW1Sxx43SqCAggrrkkDZQIoNTZcXExNi3mJmY5BobFx+YvXLW0X2kpmVJLjn2/mAENE56hSiSnLs5ndEJyZlitMuZkvqtWHWsSGFR3JPXoIh5VqAhTnPhly53sR8AivTxyEC8YmcVf9h79mfQbN9hGXdgdI6OCOnVae79Qu6eEZgNI8MZuSfgaClN634tNcB9yy3tf72wUjPppF6W377zyZXPtNwyiufQxY4p9U2AhHPK68v0A8WHcIf5v4RG5zvRRxdH3om/7uTD7mCn+bQoJ8ZNzC+LJsk7IJD7hF/J4F1CaCI2xkLWfBihzGmcd7/aA8CgW/z5QbGFfMUlITy37e2Cj7PxddGY94sMKTuQ2wVN8gktJtO/3B6p3aLcWU6cnJppNNxGWhX2glsCx19b9ad743LGRXFVPhbMhntg8RwUYLE54FeiDnt+eqpYtnfaAC01Cgrr8ywjOnGWKs+D8bRWoDcFukXR98czrqvVZdXmYGoMEDwx48EVrFgOCya/wT2ZJt47E0paqjD50PnPpo7RLSh100feABZKMDgRGdtz3y3893eoBI7jC3v/iuHjs/UrkZakTnOX0G+BZJT8O7G47gcBLHbQjNa2idisEt6lut/PiYA/T7cUXvGgtVBJ+3N0EIOM3Kqt4FwVs37P4RUYu9cJ8+eJwO/X1Z4HBwu5sesgx+Xec+nkA/mfZYQjTLpfP9CqA2RkZKwnswrh7QEnz7eG1KsKPJ4Q5KVV7dQ+zZwMkHmcyQO6hRX09TLMZu/wUy/L2skZzxuWXYwkP/n22gQXV0zrAeyRIovr06x36Qn+q0CWDyNoz81V4aKMHkD69ObEAT+KhwtEBRGZhdgE4VOLsifESBTUnGh4cfJQaMYvd/UNcr8qvfGk9WfjCmt1tqoAtiqWXX2j7uKbzI1DIG7AiVQlSp6ef6weKRAJ+yM+XWy6b1IwHZtnyM0qlsjkPfKRkrECqEqHQfst7OE5aS7HNwTEzIOxO6gk/b9mJAcl2RTYjiyI59CO7EuxmfOtc8EC/YYRBV/0UWQc1PMP2cloph3cmwb7s/LOicSzdcdJtIPbKU01rPSPwB8H2kNFg76k3DHvnEj424aLcSrst2f3Ov52Z1W97YYrJobtyuK1aBCZrgoOkJP8EbojaTiYMnrxUBSICpHeUcmnS6UmAewp2NtTNLfQ0ehfCwNbKzyFZdSvWs9XaIuU9KjBVrtbCT/aL1Km7uEFtV8qnAwWO+zh4WOrSYeBiGbdLVB4GSGB0f37d25F9lbDqmpWZbqBSDIsUYH3wzvkoKJq2L9dsCC34+Xp4rX+VS6+KTip1sL9xW8YtpDtwdKhEYmh8Y0PTR0J/2UGV7Fi6QG/fv0a/zt2hdka0y4d5FRQOA9gD9R4osOgPgxEkZLSswHv3/Zd08xCXZKMNKeCRsk/d3a6dY1lY5g71GCIye39OKJQM/dR9zTGPzaj+Ue67LOd5RruZBdGZSOP2ecZi/NdpyXK/2R/r7mVmfSauvA71wvqT07X5BmoBG9rfQ9AUWrtxjR387i60PgTt1yAkx5qvwHpAXGxbisczb/At4pR0snBP1MMy6nEEqRL5JTwVwP4M6sTSxwr6a/iZceuYvlNQt+svknwpn/mpo/UJtxEUZR8yekqFjgsX/pRGwZ/49Z9vSS9ScHG/TtKiy0Z0otsqRS05EsL/6gSPBDLmTCHXkT6nShMiz+kuxso3f/hNpQxjORJ16n3p9c0ATQsBJj48ThtGdYYgYKp2ger/mlOV53v8snPKR/dfjcDH5Ze4RT6ZYzG5fixLV/r12JDwxThhGl7TN6ffLOgSX7yvS6aaB6OrZO3uo4Z15RwtuGalovsxWKN9VNKK26xLiF+E6tFR/KGi2bRF2FOh17TGP8vDGjdcdvI1XGvZelrCit7qbPz5ZZeWhwqSOmDwwMCy2FwlD4Nm47UalLgePaFyrwDGdZlOI86p85vl9bSvfPxCM1dO1l1j6g51CcB9MlZsArCy9BL0ptCTstqbJ2vcou81uWADGpgPqYpCoCuCjfOku9w2LXNhiYbvdJedm/twO22Tk27Oz2Tk2taQA/Ygp8UVf0/TL1lVNTf9/5NDN2lgMBICBKidPqmQxCRDglpBGlEYmZIASWGEJEcEOlukC5BEAYEJCWkpYZmZoh7+Hx//7XuWYt5xhPWufb1uvY++7CblAN3yMBJ52PzWeGwHz7W/0KuTm+uHNBQ2/Ep7QvqIj8tXil+02rAsnpkxSLY0isJPmu8MFNdMpiRRPyx8lxcvleHNgShNd2AO72SiJMVnVGnPzHO1b6UWE4nIUwlR/j/myiK35EWuyV9UhcGcWFfmhBZrfU4f0CHZutJSzwmDL+BgXX3ODKsfJe3dhfwNgT6lclKrCOy58i1l8nKQQnxgHezp7ZHvVbXAcccmIFqGiWEd/X/iwM1ubpECXA8aMGoQcl/WLG+XmbZhDoDvTW69G1Bd5jbgjnz7cCWTNVwEEwgElpgbgeu/sM3IxMRDnYr/dE0+yYdDxb4VM0G/i0OJtDxd4j16mPz39Jn3Qg5t8tijguDF3ib8XTPJVTukhFO3icXoKD4MRvxyJ7SndoffyYr/xZYN7evUHy1J+nPjzsyWZCEcbMQoNkSkjhnNJDvDpNPbcFyVxZ+trpq+hUToosXBaA/AsoVN/9SJiEMHwQJ85c+XO6/Gw8lJzEI0zuP/swputPjDXX2/BGXm3vvHfzd3TMRBHNgYB+DWEowXK+goTC75OLEsu5Z729MxSdw8IXXR1LoxxPLM39SRvsCOmHN7yQkoiJbJxbUNKTYiNlOoOCNVTNqPjvudqPjQYoqst2lcyBOFFVrHBXqWrcpSKiQxYOqVY66NeTraZ1ElrpJ4fzo8vax+TkF5uEFPhWBwruVMsQyfcAt4epXBZKIe+tugLt2XREYhg/z+GqulPqir3Hs7cKGs/grBQsu+t56S3NB6b+spZEumFev/3hUhfFhn/3LST/nzOyO7xLhYokfc8HHRHM2/aVNJMfO8CXkdNi0Uv/CVL/fhkUMbghKDz9G3vGOHe0ndZrYOdxyll6hjHeap618S0YzXFsar8gUyBxPof+0XF69Kvm9o0+yADH01mcVcHxMAaJ/9a1onHWt5kX6Yubg+nYjW/422ytqaCYppmpu22N7hNkmBeQmnurR+ebQSjwjILPynOvn6n1b8Nap93ubVIT3T0ryJ6kKlfyKtQmVS9JRL41lO4IzhfYepk4/Fc+Esuq20nsQ+/JkSrj88ShSOLk7f6ugO6Da+PXJWIxrawR3lq57DOnnvjzreY/z8ypqkofrtt/v9I9Jn1M0/ZQbGYlhtHkzJRpOCokwLjkVivi9abFX/+FRBtn5qIzuxtWADnH8ImlXW5NERp60+fg9EgCXNJeE8dFls3adTwJi4GGQvVTGqKiojk4rsZuuXgQrVOsFjuYLy+otyY/11q+YcdI5NlYcb3gB/ZvviPiEk61P8Zs6g3zTiptHsrxSE+Bs56Zc4Aw3oIAXHAZwzPGacyMOZyFfUyxrJMHw1P4vk0nVzmxi5GDoGnIOchPeI+7ih8gPDBT+PtD5oww0rmhwzUVAnl288QddjuYMYv6Xuk02lHqASVLY64oD8+wIx6v9LtiE+Qx5pc7NLE+wcNJJeUuw9Wc6NHZaw2J5zTLR+AYybiBecsov5T1E+liEE7GhtirmkvWfciM3MttCoBxvg1ttIv+E9azZgu1e2yCamToBG8dpjQe24LnS1oJPNYOuNXTYr030p2TrGuYbb8pbqkZKn1PD9mSOffhw3E4TXFJ/UjiLQlriKb4NCSkhInjCXET8/LnO0l35bmCqxy5x0Y5NfJdP0Q4EMAQcs7f6k56TDvTfmZEHBnI9N1di2JQBW+E3Bz35FSDohVdzEN5h4PmRxRZdiOBjQunTXGMwNTSQZNllX5Eb0zybevnNuooUFvb80V1mIkIzYrJm9YDP9GGu4So/c+EJSdtC71RUEsQm+OKzTUSESrqWc3s+Srl9LKYw2DqxFGI3la13mSzRVVYOM+4F7gkVFU+ESrnuY2lPOS0UR5fOmw3LzlVpEOwgukGrDTXBaGemsYjdGX8b11vWeseNJlTM1XpwmzvHzN9G2C6OIWox7oL1bNp1L3L7VIYmnOlSieHvbr+8DWPTcWKP3A5j8IzTojXxexVxA0hjLHOQ+b8TRVLb4ldvDz8w/UJfxeKftF4RblT11NRb/h6NUnxSW5UsXdzu3iv6ayP60kneMPv63dD8uGfs07XnfU9cijlb6cvVk5ufbNahGMmv74sS8h3LYJCLMZiuCDfhTkC0p4QdR283E3wqhfex2lJx1tbpfKkXICMU0jMTAQpaGMxbd5NnDFNICQf+rpmez1a8clqu5x4j52N/0h5LDLPuhp3y4+ybSdjJL0tsTFoIPysv/i9G52i/OdrTqBcm/tk7oee+jVEaGZa00ZqXdUQ2vGvob1yqmGU7iPBLsGLPq45qrJCa6SKT60Jn776GX7Bk2pVgfD5T9NSib0fHETd2geCs6wGGq+VpQdmkRmTvtMxqjSlV47sfzqx+bCWj+9OXdbdPlNtDj+bz2LKb+xy67YqpH6Rujzm+Cxl/2qkxNFdCXEE34saNstmQt2nUy6idtuPM4Jbu9gy91clnCJEfS69I89j4O24tlvtMVz3QvObXX5/rr59/+7EDEH+FNitZaennGcissl19mKPh+lWa5BxoZ/zfm+sCtwYM+TAwB4kxby99CSY6nbfJQLbgSi/HPqj7cheP03vVbmb9SP0eTsD1lkxuRyIVO0n16NHBComHXyZ/iVTFsIfrvbAC6TuS6gBPxELHkXl+U378D4A31GiIXKvm5T1OxLLG9X83/Sb2cMC9QtPLWsnaA/wlr5xOrgr2imnq1g4DMkCbRwRKiA8vEexMHic2XkJUWP/UKKgAHPKf72LBGNrD6hDADrR5M5qvdjn0Ym2z+q8spK63XrJdnUVKk+x/b6jS3XJtXZ8zXTEiP/UStwFnlLZq9QHjIJRd9aCgzu+9ZOVdQJhT05daPV3jvvCbu9PcZUcl0ufFRMcGDwTbS4KHTYpRhYYXBpaoQkmcpgkU30aHlDAR/rnHaChwK9BeSMsUtn/GRZn1XeWPe1hZX1QIXOZw+QHA3pr4pyuq77YMYzwUZ8ZjNM1Z09W1iBCIqfBbqs41d3zlPJqhlD18guOtZfhFNv4A344KjuUhgXTHdED7IIer/GWYnuJoYXBVCNS0guprBCkLY1h3lBlxVA3tuU2HFE/dV8+Br0mu8EgurN6iaSDQh7p3QqOA+XgYGSf6xqGkrr004Gj9ONJhCIo9dSuQEiueLOTN1bXU0WnXg0hVpo5yJP2Ev3/C3zqjkZUdgaR2ePlbTgaSlTqhqM96fnC762Y4x9yiBlLIOCY4N6tcWXJ6FIqYND+2zFe7iePmuUotay51Vknxn7yKUaaZ5FOmn/pYcPEHBDX9W1cVo6U0dW/Dc9exmi5Wc8kOMxL+POCapoLiWY8ML9WzalY6TPT7fOdRfyt6jLBC/1TkjzGyYTsR61yru+VhsjT9Rb4sx2OkrkW2pKz3ltLiyIx3Jb+13vGkWAgvMAh+13OhSocxzUkbeCpOrauKHUi+f942QImZbzWK5Vi2zlUa0PX8nDqQCw+/d5yWDCpM03BTRvDdjhl12iPy2WTgVEZsOYnYnrxaDuzxbUumeudJeUUw7MhmNyXXx4qpGpodPwnYkuJhtX+g/neNr8ypMWiJxtMqYUAvAQ8qrr6pso3cPPX87BVtucBqMgxZ4Wm5OMMVNvtgq2GRT7WM8bXi3ZgKfo0qVI89d0nSXuNOqdSY92/YdBQiQvu1rMVXYzB/Tb0HG7bKZ/jxOsE8FxJXAeQt7JKW2j9nxWhLONdaxFCrL3Fn1kLXOp2y7qFEPHckQx8Tb1YrkgqbUkN6+xMWR+QXVmt3tdlHrJ+GSqr47+CUdWakRdrlPl1lk6QVArThDpqW2Vx+rGi35nT/JSI3bvb1yeMinJLPDN9mwFkOE3HMArlwa0R/fAfBMXV7gysFJ0I/B8kbMzAHkYx2A4Q4BL9/6Uuq9oyGckQFUxP/6nmeyUiceUYX2l9LfthcaSCyagCBgGpUV+3OA3F0FfCpclv/PzkfThCcFtOfF29Pa5gvS2RcEsEmWKsnnQyIXkCFTPyNCLCeq0ffmFlODwJb1P/XUfe5VgaToV/zuzqkkqFjrR7eRYiQH+qpp7U8pj8N6L48iKyRsFJbn+br/jLTHwEVmNgx4DgtXhV4yJlsvwvkanqTqXNpO8Y8GdgWHya/mCDGFB8wWa/VXU4wXzSHf0ekf1f4jVdUc14ogLdJTfvcMkJRIiRcK7I1pIO4LVr7D+m5v7JK6TdT310+HJFQE9xsPuJB7AcKwxEiqbLoFX2nYIs9+rtfXfEO/QkSpx487wSECI7JuietbJNp8MGY+uk9ldHCHI9H2qTk0udk3yUGQ2i5j/m/UpIz4coKTdRHRmrqB82nmve9I8/Vxo/uc8SUB5/TEaHvGxSqU0MFWttLX40X1MG+9pwfrCA0nz4VYrTRimvA3G8OeqJ1K12tjuWJpubT7/GV4q0pvY2Zb6zq0geCTYRbB4kUzH1QRzV4sFmGc7OC9YFuu/e33On/VUcAXnWH2hRG50Q/MXfHyYNWra8pdgsZamTwNqIpPK0+8yvTGcS6tjhm9mlfPxWDUZOVfXWwDDdY0qjKuBJku22xqqgWAnBZvOfdVBmWLqQ7bd855DJFS3CSnPDCQFFpGsuKcfKJaVzHIu86dS7TyPzt+1hW3qS2w/yu9j1pFsJ5Dai7Ye5cO7ftOzmVH3w13LTT11L50rG29N1GWALz1WdJJZUpnqVIYYWN+KGcQ4TaLwcqk+kpqktKnQJ2mym5tGB2/HPSpah2msJoxiLl4J7bfA9ZOjzI/gldLVEaAtY9AVdEfmmULMd0VXCVOlZhveKdwyjUCDKwdOh6426L7kV72FDY0U4Ni6e5Mxm07uLqNT3sVttt9q7hF406pk8u2LrkdBUl0LdtoFNccaP/GAobq690+kXShv4+bXowEkKiPXQvzbk2NitGsG7z58jQnuA7n7pFgQce+UkhNFlDIMhNhxyy81sINsKA4jy+1YqtmUyvyPmjHIPsvh76Dj/YujhI+VRSdz7vYYPMbSTrzJYPOGQMytoZa/KycznaKqixmlsTaG//tV1W06CdRuLBszO+WrtFNd2v4L1TO9lYtCYXAVV2Ze+ahxdDYw3G3QACFD/TTbr1wGkyImjhvp1DarkkYhcE5e2GxoCg8g43SzlI4u0Uy71Sa8XSe3aj9wMZHVtFODQR7/72zij+PSa5fX5/oP8zvWw2x/sX/eq0e/y/PFfFdvicr78jxP5rWr+xfzq9ofdpUa3I4OtLhIA4tkxTfTyHZqmzGllwWI2M+VQOzLmpIESr4Q82jwooMdPdgFbe/9pdd9CvK0gPyXIKnzrl/9BgcXBxG5kjm9ZYKytBuEtdRx1WwdcEKj/YgdEClVovEYfGAc2k03x9aqYbapsacy6ihy2jspVbbJcDXcg2OGyvbnfDXeLKsO6kkBilW994/ZEmxAWEb8RNLJqb04IX3vsxWrEoZ0raWe6poqOc7sLfvHtLPYnwVFJIawDlblvCZHYCHE6GjtYBWvs0CAD2C6/ivIShLALP5toEea1URU4QVPqUTBkYmuTY0dxisVcG2sL0OuOJQNBpu7hCD9KKE+5NBi77kGgIcSQ5iyqutjRSkOj8LW31Bh/E5RTqUsY5o+aW6AYzJAYn+vg9oKkT/1R2CSeUFd1AuxlSHs88LBpk/VFLHX0nljT2pcjLzN6v9l8LeHwSUEM/DIXQo3j77AGk9+2yUkGwC7/1btcWyotWgTAEFS/qaIAV/+KYoYsm98MI7uR1/vKTKT/59aVPX/mxLDfKa006HKZLOLlzFI1R7fHqR6g1Hmw8yJ3ZyLMez8VFW4t1tnAfQ9HMONeWp84R6TYWtx0VJS55AHkXKuMrtAq5IQMQ4eMvb62iNtr/JAJgw6rWIll0hkX5qrZJwifXrK956UoObvraPDsbhSheNrFNFcG6L6L+tSObJsgXEisWo1bvshY5xDNgzKc+yaBNhmJJWzA+hucTOZTjfQ0VlE11c9z5d4Dve9n4O8G37nRI6iyDG0dtvluJp0NoqY+SQJvcHvS2i1E+9qyGnBpVV0NPS/ex17CRiMFtClzgHrqCsEY9ZsNqLvX7t7BrbG6TGXcKPN6QzSyEEGGrGDw/aK1st2SulQO+iw8Me+7JspwUXHyAOj08GmKqRiqVdjj77TshFDaDmvp4qrEWbmGA8bSGdGP6Q4cNVu05h+7mKTUQ0Ka2JOYsgQ8uH13qGflD571Uq0YN8XYjAL/SmYpt9D7YJ3SJD3I2MtGvCcgwfhUHHJu2qvjrcxe7PTcwSRZSRrxdhKYmvCWRkpIKAywNu2e1zYOfuD5KqbccvK8y7tgSAjWMrphyzNgHugG3RgxjPUROswsg3yk2zICTcCLeEqptMrzEh14Mz0EWypQz4MxwN67DGdEuVgxzKNx//m4DukyqHt1UEUzHod3f6XbAXGclS55+/kPx3+v5AkmEDwOI1HuqGk4A+cd6iN7eJN1sZ+W9i/CI3CdxRIGJa874b66b/Zv4XKWr8OnCpQ+YbB4spbYFi6Fqd7hYhQCK/7boHLMkjgOUiKH+QtXI01/VusWCrVZi/YAV1/FBjemyEdX0f6Ot5usc5K2YFMsMN06E7S0ytP8vg/z/ovHpRia06WCfYcvvqEPE1AZBWithxdQD+AhV6Tbp7HCTKPyrwcnbtPJQq950TW06qvIIZ8w1rqTH5YVLLlNbTWOusuRBpuEI2TjYnva5wR/BDoGYYBcCvD9kBCVBtEV1DTmD4iR/OIRW1Re9Hvmmh/xs0I+Bk0JmM1gh0qjlgah4gA1t/wa1tv3ta4ol23ldKieYDmOxx3z3qwHe4f0swrjRDS2TMEBJ+Ru5Bv4FaMUF+TIeSj5tV5ZjEs2/c/C2nIbCBtGe2/T7IeO7S5Xn0ncnSKEVVJRtUOgSTzfQJD7tIfnYyXZA/saaUwtbTywPjcGvoLfrMSgJHjo6urykpCTGVR9wVKeuo7mo6K8k1FaXb0RbxvBUAJ1Lkej5TNGG89/qN+bUMOL3S1GeavAUgobNJuUYv6F657anMZ+0679/AtvsJhGf0r3fbEKBKNHBrKEUuYmcItZ5SgONnmaenyp3vXE/orZ0LsVPQrEXyc83yFJTK6/IZw4pDK0QXQELLNLqBV45thHAGIGpl22HdfCsF1tTggeR1Xq7F0gAqbssv0HJdutreg6cclhaDVcE1hgLOpJt36D3n23lsF5zsjlyhF/K02Fov9GplLYKgKDrFi9TU3J0C6IjREfFdwjSo9jVTycVhnNo2EnU9jTalvSNI/XydO1lDZNX6A7TJSbe67aEqeNbd9qcPjmt13+3zkWxucKYFapei/xisqN3ETD0fbCuj+R58GAl2yuZvqLyXBoN8x3ZpwrxIX82bGTGreFRAhE5ul8oMZuxGrJR8qbmwpMHPqWX3i4ff33ZHsJJNSor/BInVVViyPkHYYqllXsEYNmptQ3YpqtyEVFMOqQhuLhnhkJZ+9bjAtCqARa+ixWRiPUfHHILq3RCZuvYVcIvzZwdTN6mnMwKm0fxW8+pVTYOzgo7cPwUsQUzeaBnxv1iaEw/mLfl36Taj+zwM9X5HoNQSTDZTXfqhRvwSbBlsyl5jXoWYiHVStqYYheQoRu+uVG9p/Lwrp3kh6Lhjb88dO3yip0bocoAk+nkPS5ERpSGYstUNORK8LHCf/c+/23ihGjy6TUR1hAfK0RnDmV9cG4UAdwZcj8RCQfm7EcLRac3JDj6tez+XzPq98CGkc+qmGMeGzq2oFDzv6nRn7RaP96d5FeNL+FuO3ZjO3YPyw/TnSIAXpRYoUtpa+bQqzMv/sI//WoECnUjgqT87pyP6tLCwty9UWLDvBfFXjdj5I9xsEFXbPFgemULUXBJ5Umh+oFuHMHdO6RFv2iL0h+NWioprXgGoaTn2R5RN1sSLeFA+L9OVIwGcsWNUgPYhfbyggkAGNch5/yKR2wIhMBfeChpipM2gN1MluivltMtXDkMS1i89xksc7zFGnvhznVsw7/5pEkjDMiVn5run8IZ7hr/jmDBIg/jKSLC9ZLvTzvwkp6cOPJuUMK+fWCFEMw/8nBfZHDiJLGReNp8Uc1DWX8br57mOQV+Pd1zQSUSGhqaQMKj3HASGthTD3eBpY0rHf0kWp1AeuGalTvYic/HgcIeAolSqR/JYH646pJ45406SkwVpHBp8mp0g4kqsGIiZ5ucSvbBVM6lKJV18YQWSKEiRsIzRkdlxexgkwl7x+qak+EaI8OgK7QAJ8ad7YAREWk13u73lbu/Oh0S2WKqrPtLxu7uEKi7N91VZGCRRK9U2voiLllYI2EkhWgyz2gtKWUwfgmpRkvAD88MBpo3CzrcSYlAf+3QqcramUTmenb4ZZg4NZSNe200Kt3rVy55XH/NtaOpEoIGZnvtNs/nmfmG4HRnW3O03yoM2Jka7hYkha4XZgg7te6o+c1w1wyRN+IPo/oWD4ZkR9oGEhNUvso897afalnQLhTx7SNbmUpuP15zDf6bu2Wd++OY29Mi4ad7y1PYCxnWDGjRj+jLhTBV8TQ/Wj6xSpbKluM2jcsjSsMr7DLrjwq7p5FGpTRK4MJ3LJ7xTdEF4zS22MY0LkmChWlEmGMXoktkhzQzr08d0ff3m9Sn9Z35XJ+iOFJIkdIH4/4TxlBkiJG5vBABon9qC/WV8jx29nUnxS0qwLhTAyJ0vv/TbgPCYQyx76zkG4+QsOQnSC/d7a9JYtURqUdDUF0kXgK5w4U0cn4OWwO/jO+VdXyd0nNwSxUdHCgcpl7EfIc3otsf2CL+GnuAPt3HWdNjyVD4xN8jq5db/4n0Z5Uu0RzEL2MWMv/WkBb9mj4d4p+BJCYACA69LM8I0h+yUxWq5Y0FnzhfJD5i18yOS/o605lW3VlcCGZbNdhGFbhzIRZpHht9mZErM21J5Ua8/brRl3nZsz0HOzVUx2m4F6fhF5+e4jRMhZ2wTgzjHQfCe45Kh6yXjQRO6XJ1m3ESjjEGf3rvgEPmil39m/nvnsKmHQWadFRDFVDjOkSHrz0JdPlfj6tNxkmq//wshrKFyMNnx+622esq+H2RgVw402k1FWzQas2I+JT/TUoqHuyXWx3264zz2fJSvxGeQrE754CLHNHUt1Qa2B7b5cRBAwJwyEOQdyHM3S+LqfAML0mLGEkNyYlLDhxz9G2eozWjQ5DW4d85K/tBzrMB3qt5bg85wa5LKlX9pBB/SOLwSn+ubnxZH58JCGhmQ4NYfdL4NCltEHdX35B3M2ltvPx0l4NAAc2GiZ4uDHpEHhhBusVfh7ZYGe3/qHxqKrQ67ZSUAEv+UHmGiC0lVM5lWVrTQCZKkegYwOL11q3Sfv1+O5YBPzyx/A+KJ/6Nj8zMpFVyk1FQBAnz8xdrQvJqv1K3zpR8jVR+znnPzHSDKViYqBJWoba0p93arOoiUkx5zil/IESiEBgvwGFd2JfnWsfcmj76jhhqPZYzpUX1raNMaWON1de0QGkun1W+TjVuPebXMl1ytGNtvBJTHVjgus2Z9pu1IkBH5hn/JIqhfPeLOtiMNL7pu6OyxKX4J2iJSP2v6NFVTVthVv9LEmqx4JW7fZwCKiDAhdvc68OIak8VxWbjsbj7e8E8nh3vlfUHvtkH/KyRbCEr86Bpja8UcUANbZPXB81wgWPphXORIX/2D73bVesr48/j5ggLqwyqMlL1cRBFWsii8VoFoSlz/IQhBL5Tc+rDMOY86BGtK6V0Z+vwYRmGTqDjcuebtpvi+naL84lJchWoLjuIOZXiusZllYUV+/jfuwsQ37ddLjH7UY1eQC/N873WO4FVqdeLhQ3Kz6y/35meWqTYQDs5bLeIG+PoOM9g5o18OCaZOuftse7mnRP2f+hLmlMxmKM1li3zdoEX7TpdodrQPfM6xw0dOb8rX/sNvVSmbhm1DWMFv3gq+43Zl34LVJalfQwgiOQmSlyO71qYEGAYNB27h4/otAxA2cDfbdLUHJwsU9oX3DvgFQqc55kM7a9MYo1zyKAp3/mXK+pxxHlf2/VRfr3lMUagfLfm3U2P9me4WPnb8x/VSMd4qCT2o/yxueKTmDNX8OSEn8udqQm/2KZ+odACdXCGYAuBvWCL1qsjfg+HKffqH1HAgvCLOQeQwq3pDSM6zGtWkqk4W1L0awjd3kO4jUJCrFLe542DMZMrRXXm/5sVRciT3jwykc+F6LbOFhiDyJSpqgKVWsgoGSziPxHOU9h1AxxCG4w7Bn0SVkMMYz+vLafh5twE4CEmK6GHpraI8oZqOBvGEIR9KkSDbX2gfsPDAc9z4fcOZ4S4ECb5OExArzbHWule3//y37MVPT6/3SsO9ln4/Y4a/hHt+MyxYT+Hg48cEb+MA2a6gRTLNaM+P/AULc+TpX5LkMIEanyc/sIQjCnebUCU9CAEJK8Maa8mHl8YEOGJd7Li/TECGT4Te7511xlSn5czx0XwbdaVoI4dtJSXaA6Z1YmosOR/ALBDVFdXhv7y4SFOCVA/cokRp8rCBwOJuiFEh3TAiB144w2pulX/S4vEXzLMaEvl2Gbl/gpOtguL3VthYXu59zfpPrg+VomQRGQn+5MHRX553gtMYaqsz9IMfdv2eRiPKR4Ynx39jYtoJG79esGW97NN3HtThd8VB8I4O8avZ9AsB8qDL0+m4B+NESTcoFukws9V3vM+puvIfto3hNhcbjwSvRAghZFq06bflVeKtj12JNRgihDMNq/sYdgG+R4MuODb0H7fbNOP43hY+u4TwsGl7kX6+98x46MuNvTm6ogojVWzJvXs2+kQ218gyu4pPzMVsLIilWN2b2iMSdxoviZI7s5V0K2SA3BPwAiZtDpPj4isATGkKDEy4Qmx4cOs0I3TmO/qbGSDPP8qukf2uad15EijAm5rhwIsOGckmPzKPR30r4bJLw37Xa+IF0JciBLDadaFGBphnH1MrgKWCwMoRB1srINgooacUVX7P++VVj6GnokUtRbHbcp7cCeFJFx8Gzev/G5AzQW0dZYk8tnP2RRdnHYFXBGdboyjdx3ioZun2lEuLvKtDVkSVlbfMJEXCqOH+R5jr397Savls+5r8LGc4qhQdJkthSCVaGP08x/quEJwxNH8ysWUuwi/c/t9hvK/IGZ1xdj03M35rYMaYqixyygiyyB8ulmtdIXDbmO26o2sfL1SlJM0SgTlc9hXboay3yiikTMh9LOsIQD0M4yW9uQX3Jmu3KmBKxmG4p3q3Ge6opI2k6d2xj8sn4i0EV9tW1+b/7RikBuchchW1xmQKX76bf3tfWUhtUD+MI5hfxaePOsItNxoH9C9kpyDrIB2VuKi/LCLsNEqXbee9G/0c518AxN/uV/MGDlmIO/Qnx7UOx/RJSJduQ75y4ejqpCSdwY0qKG4o/o9FBlTwAs+rZ6bvT3qvcUsHsMep/fCCu//Nxtan/KbxF/Kuwuek5GgNwkOPGzAxNjU1VCYLVJbKyNDg4xPS99uYflSwMQfcS7DSoYVap3+CL2wy+q7ubb5lgTLk9NVoypuCiH2Y2jogR3Lzk33k0IbSEdxYS2lCqnwsxoOgmr1/fdaDDKcEjqoDGSsDvAl5xM+ZvofsV9lVlGURhUsHnb4fJ0efqE+DJh1C1TOFRhZUeB+uXrSCXYPF3NZTotH/BDitX6I5zwxu8CnpcKcOe2msaN7Fvt6jWPIx2TBLr5rJmsopCWh4lsqfCMCopQxasPqepvf5Ur0qObfQQTH7I8Tu6Z8dSIKHmvLKQNWbOjPhGCwQYaunHV1Xz8bepU1URePBJBnD+uN1gF2w3tBh6v1txNphlJOhdhBm8mL/CB0lsNAoXYR/x9lrxQVxJOCY0oJWzDH6WehHYnizcD9H02zfKvfKiqnaAOftc4El9zc1T6bxZH1vXqM5nbLV2OwC3cO7ovPefHrE4ZSY7CfkE2og1ZQeF3ZtbHVa2jWPy12/5WmZ1F4hKGI2AmeBYuafWfWv8BET2onckSe+u4ggUIEL6ku7Ze7T5WKbH86EmYHGcE73CbseonZIysZaInLTwL9U4gJrcZy9rWoAtvK1BvXXHytPr2n1v41JilMRfNASy1G7RUqengp7rHwLR2AdzMvUvup7L8OX4IOXoo4yeCFb24RQHBh/Ysra1zoNcOF3jQl8KuTjxRKKfx8VecM2/UvrDkmFSWuVKRHZImxAU8IYt8zVsd6vTMmvvbAKanvfayyQWn8uYz81AVpypSVdCRCQhlsJ0AEpbcf5etp+jbkBSP3mECjPOMnT+CwM5BhtnX3qxGZaaQuU0UH0bGXeQKlEYrzAvv80+Ta1PU+QcfeyNFI7VA+2XaLUBXcwFA2PSJLpX+gp+nAqfrAZ7RRsX8hkWTUGWNDHZBpO0EwksTVApY5ff8s3NVXdN4uaYkuOfZTdbEze2qon7bomFcaq+V0wC/ou3SEmO/eqMwxyoXKIz4wM+tFnaw7j9zUZmZeircvdTz3Um1WiG4FHuR1ZocvjKTa53MI8mbdCrk/2ZRwv6wxrz+qpmA7lNzjSMZn/alo0OOdfuWBqFnI+XaelunbVzPrdpWi9Whx/bSEm/tVAVWFJ+4dgbtTT1evkTU4SRc2/PkX7pfRNhaYGiyi8eiM87zY7anBlL7A3k3XqqNsuH9xYtMgTRJhWSAJljKfq3+jjENvIfdK8oF+HZejxByaGOyhiDOHFDF1NXJlANmlGMj8Ibk75AjgOvU/vVIH6uPd/909lLnHdgTzr/mcAN8TjIcUjPksoq/lja8HQws/gkE3cs5UI6OyBwcLcWXZfkoKYsd+JIeVMGBvlrOZbpazSU/tfvfAdtS3mawemjZgNEedSikxH8OgsaNR7Hx7kh6naaZi/9e5OsvVDRhwSo6GSGZ6s9RmX42p/DcLphlWwqadjL6WuJb6bNiCrvX1o6M/5Ze0Ad8pbR10Oy3GCDw88kNsGbmeVYMU3Lv+S9EV4w5L/bcw1ZEKU4Kg4EFlhbe5u4UTEtaTFMElvzEGDOcb7ng5ckqKTO8UJd6FCoSEDXYq9dFQbBZWwfkocRqf+c7wT5Jgj+5vXyK8IUvKd5cf4EId0IXCaWpI0XVinAg2joAYOB7Ee44knRPMgCJb16CGTPcrK4NWuXk7VEgP5cibu7t0i/gteZddTG7FQ3kPGKsstjk5ET8IDrdk0LceR1Yek//4NrqhFqii8SbfQzNvFuporJ4mAH+waZBojIjn4ODwvWoEPJc6g/RLdXUIMkkeS6Aj36xVUFiqm2qrLrt+0GfA8Zx47xUCH5DDOfaVkiBcuOutkzCvO3J9wHbnFqHG7brf21tUsu2/t9/Xm1NactddPGegkKg5DjCL4xCc2Pwmz5BFeik0rDp3z6Uu3iDvnvZRn0vTg1+fc8Hcx2le5AxvM6Mg7TK5KnaL8OVHK7RsG9YhdobfJmeFw4ARvVfPdYD4a+ww62DZos+tEq//a0DzZeTAWU5/KNbKvPfMgjL+G5KKK1f8Jc9xKWEIW+zmvJDfWX+hCB6E4GOkZ0OA446bC6qQh+HAeupbrk0GX+aW0+3YKeuwZ9unmeEuraO89sirTDqMqj1zYpKBqoBhVxTdmd6HybPrPhF2Qytf9LinaYJLGA6wv8/Bf+fKaPAoSWzdBYAkNz8wm84PlfGch0u0t2gKNcOANDaMZuKexjfdP7aTKNOP7z/FiB2M/qWsixtSjLqXxhZCB9r+MUIlqxG7+/gmKDtPyz7wiP/iEzNSrbdjkWfkvdLo2OMaRG0toiG49Tqr0nvp6FdGs38QgnhDmHR7x7k8iwDC0Vq1oUINtcLxFXqnviq5tNTV2m+noObPuspL44V1g9lZYYcbIf/h9bhSN8vYbc+bcz/h/+KIkJS7+GDefgeCtEXMEou/kWHqeZzfiJ62mDkpeO0wlcF1WD25bvce4heUNgvxI/ea08MMCku5HNBlQOZjO6Mc2kIg88ZxTMZ+avDuWKl+wq3a55nSdzQz/a4JwUTojx9uFqlV966WcaGWf3BGAUL5eCM/+FQ1vAbBnqKnniarEEP/bwhY4OdiDwMamXYMRHYMrtcYxbNPqNic36Xi8F1UGbztCH5RDswRbdoxYKMTGzH+5i9xpyRXc3Sj/P/6YBsLkTezLFPuQ34vjtri6YBjdWVg0T/WrN+LBmv6n5Thw1Kn4/8sG18MXHN4L8DiC0eEv6j2AmrrwwDdrWmNBZQYMhq655uS+r3ZZRcotm2Bg2BJfW+scN+W4Qmb9NGMjS83X+h2TQqPe+VFkcK+aW8WXjQgPuQiZEdPDVz/e+rRbAkhSxiyh4efEhr6WiUnvVOxISMsQh2sy3h6qmrMRwAwBJSF0kig/WMOQq1iyc7PD4wszdRXVx7eRfh9xPNZHbd6ffDqoQagtD5QSIgPNjgMUNbZ6vyVmD/Os/r2lneK8nThkD1MaJP1Q5h7smc51p77lH9HpjmaCN2mPILYuZSvzyg6xIAEFfrv+zyEr2GEA934Nrk9TnJvEbhwV03+G0dvFSI4Ape730EO4nQzygGtvUUeXrJNjaxPEXUfVSFej6hEwMxLgmGIQ+PAJ65tpGa0DQmVJ4HuyRzI1xM2vYG5a1HpphyWeV1LRqyUELVwmODkppuqwsRxnnpUvktd8ijSViL9IddxXiSFRFcvrXhzNMaAZnnLSONg9spX9fqIJzP8OoY3uT18JXPcM1Zz+X7fD+Lj3Ovfvt+9aiU5yL6BPK6ISt4jel6NsEwz+CaqgLlPn2iszJBtMrPAuzPUCEbpcpHgYKbcuTLk2N3zKP3cZ2ZxwD39PBolhKcfOkAyh6bFqiSH27SdL8W6QJP4zcIlJ3sJGaJbZIdxZyM/2rVH9OdsdCYXqWyfXfetVyeftratJ251CqN8poflqaOIfuwEjdC6i9lNEFy9f6o2PlM4Krpz+wKbQz3bqlAlZQV3Xw4ae2SvkOmfpy/AFhcHuDR9L1nmEJxPLb9FcfbgT7+v9VsrgfkzX+rR5lGPfE/3UZnDTZe40YWekazE7XenHLKFX08sfCvGBGTM+W/bE55HzOIBHpC8rq0Ie+dxhkSuMCkHnanw26fz/SZ+7Aqwi0dB7Dt7S0uKA/3GGTT4ZiYpARnwmgZtFofBdL8M6Ll1hfk+Ctq0a4xo/W8PKsNDb6gxfPTv5ah5lBz5ZvNQp4YysE+UXqX7SrAl1g0Q3TlSJ5qDCCUin7kccS71HJYUUi1xO4aTQn9rByT2280wNz24eYVRQ+WOAotmVtzcxLqPexieigsIO/F/jP2YvjE+PmT5Dj56s4PV757TdTLNuE8WZshmUOE+f97PS9H1aadqyn+MgtOFX4YBfmfZLW5p+Y5vx0xWa7bggFI4G3an5juQvfYSHA9ZKBH/3+7DnuVmbZ/6zd2S5gd3EXEe2rpvR/Kk7r80Y3HYW262vd1zDXiPwRbyzFuilV13GGzioDvD1bpvKg9FPc4CfkzsrehbtSB5qv/0141oU8M27XZVkr3yj3wtUsMRWjmIf2YHRi2ojRFj6B+bbd176cF7flg4XogLHT4L53OH9NCS+LAPJAFfnO/iI94P/BOnS3NTWxr/DYKI64fr8nf238UH155zt0DxvGfJOFdVmm6aYaqr48LR90zlBzMgWhqAyeyPHN2oJwP70ml2iFL64y35NAdy8unqnG17aij5N53v9XsGWuQtuvwCOyIsqYHE7NNiOQ/b9PIGd9mLLjJwiN3zceqfygOQfilNPYNpPQZyhd5w1dfXT/j8uagOI5/z5Clj/L86VWpY+8UDquprSVSKVbvcYazzFyEUQys26VV56sRh7UzrWhSrWWT55N9qCXNKs/LE8lP9vDNyiUAhk7xtUddjFcWI30HNaoWdb7oCxD970wp0eOQc/qFoeaXQI3LBw3ab54MbgJMPts3xKAn1vPeJhcDFULQvT5HYx1l/gtMur72A6YeaYhqALRt3sd4mW2SZtNvrmsScWM594vkwQCn5R0cnbIRo2oQeo0gN1XI95txk8Kb0WdRtcFlF70QTCyCvu71On0wjtRtcjnPz7FRZWX9Kh1/FwH14eKK03gXPK29UeYw5//PY8XtaEwng/hQtVJnTu09fajE1gYWTZ3bXj/hZ6Q7J4BtnoT6+sha3yZsK30UHzXrOJ7+P1xZDQ+fc0tjOikRQTBIKtzczc3zCR+hkTbJtNn4uDs8G1TzyCqL2SPq73ez3AhEFGt+0oJpP6Q9F3oxvfwNUIzyjHypUvxaMooUJEN4ctyVidUoyv/lBXVYwCz/O+KGt9j+S8E5Zpye7ukJ/+5k1oGljUxrRtJkpv/1mlG+SoTrLq1l3umqk8LWfWyPGimenB1ZZNJkRWh8JdbnTP79dLL4nEg6EMrkeBWhTQwSaa1wbcd468p7gOFcSMXyNXICGaBjlQ/HAH4qSFQMzIqx2W7aN3w8Y3yWTaEt85kP0Rd/wQ0VKEkhTsarcHf26xdUMH1vxgQkUeszxazOnwkFq7XIkaKT57Uibj5NosjK99P7RBUKO4W7aTx6xBOzK9cia4Lfz9AqdWjn3I7SKNGiBgTp8L5OaRuEO0fNaZvOq4ULpd3bMZBDhbGkcdV2ibs0uGZz9s3eeZjeHYHYzDh5S8B5KognvyXgLN5hZSnfWfQhHTL7zIph41excrSsVhlBy1fx9qyelWjfkjiT2/jTfPM67a6ejVMCtZf2Aj1wMlC0cASOByqoC9BgL1tEobgRpDy/CmMZipi8B2TZokL0RS0W4+5h9MJG78PqniI+kpdlR4twXrzfrO6yPT18xTvl7oVbYTr1gKamCu8CkwOmTqXos6XZra912qyrKQCteAp/f09uQGCLBGdNwUbRUqDGqazILC2S48i0/KTRBwQ3winxIi1x1FP+AQlVpfcNFSPWfJ3CQ8E+9CB6It7aSgJdvkqeVEgGcieL9yl+cGZcMFOSJWf1jQ3WFxGngBqE0KgCZS9lAVG52ck+y8/3Dscp/rO7DZqzsh7lPOJ/kT2/M308aK3YZgT8LP7IL+K6HGr9aazpuOFoZX5ro/Vr4caM9stT2nvEnn+rY0nJgWl/xBVTz++fpH8OlHed/Y7x7gfz8fLe2uGf2gQ8DUUezGimeyFoqWmtP8i+NWcZTd2VACk2/tacOxcQaybr9h2gka5/2TVrRgFdK2/6VbW60mzedWglilGhFHakIuXr2K/CH/gmQWphR47+9FR58SoeyhIHkU9nf2czkCxzq/fZ7n6vpEMDS9ABDqZXRnt+0hv0kGek7AqHIfhIcLji+SHKW37f0ydKBFBr5x4qoIFaFtgFdpMM9kphe66l2TOHp8D1q6RRr+yHwfoNX81g/jHv0eQTAj/0BfdF7VYYHvYJ+JXvqYw06U8OyHJtZPShjq5WkTwu2Bu2ZYXPWeTporvr3wsWsr29f/LomM7GHvaaAnkM/eBVOFybZImwa2QvOCvvLsV0+W7eXUiwp2wUFOoONJEB/jAg5Vw9YQ5ui7HdYT02fmfdzzG0P2MXC65nOJkTmjx5ZD6u1qxe4uedYi53Xi5m82v8h5b6vF0LDK3wtfmnedlK8gpq4U+/5mRD8GsUvvGU2yjX+UHkOcnW5H3xNaE3Y1tpaITXTgL4bbTQLoR20/c9pG9ADiSs/I16/z+XrJERoNoVZLDAk3aHilBkrV5JbmWsJirutzPg+AMO8J2I+s1Y0TBKKXOkerLDEpFhW1KP9PRzcgAX1ASduDUAAVS2J9n8sz3DxO6KnysjG85LQBuVmw6s4Y+v80JISpSbd2WVtBencSFIFnuGB2yu2S88K66baZJtPphX47PKQ2w8QT/OvXctsGlUB71WLidpvno8UFlS995RfIp6FIoAo6ADW+gVB+B5AuR5AtCS5YhMJ7T6Z5uvHw/hGQA/dqpHz8VVI4Vu3q3U7woGasQ36KEB2lcEmHGLOuLoiY2cnCtRTZbQH5GhME6PDKXFS/1Is4TTe0dK62/DSNC4A3a7eCzh+gM7Wl7aCduxqB7cbnpUf/jNsgWvIGgYwVx6VTJQf1ZDAHqXAjnID/GUzwQiHucNxs+PxPDcFfuox3couhNV3hTaqkG/xIYF4hGRK0+OHPZrn2RaA1CsO8dhMkskuIcbzCGY8BC3RuaprCJwJ3Vv8quC9lCrAx/+vWl0VoMQkxGoWyDyeTxcjRy3L5OEhlvldRvhZEsk31AvGMgtHoyIaMKN1MAnerDDE94ODM35kwJvkLzw42YnETfMuFU2SvCDbqcdQInGfJTcSb2gqJWNqVb2VRMq955Z6BPsQY2qaq11mnl3pJy/06RsRBUtO7YSoHnPYs7F1ptcvu3g/zQRA6qcc8S/lv6gonE11wa+ekyg0wUNpIzhJVXnLyt9VR8P2KiLp3hopD/wjJzU3wscXFOzycGA6LyvD96BHMtUvhZbmGU+4hAxWzQm+VPwOI1301bRsO+n4LRk9c+7xSK2NUiWVDe/MIb/BtUV1MxkjIwT71l2gtzEcfvIy/ZKt6eEF47y7YG5RVP2WZ1Gy2ztA5TaE0kGnYXRDPQIgo86hqVjQwrLBzgY47zgbDph4WKadFFeM9QditzAVaw4vtdDM+m9vhUk3Pm5HLJD0uF/O+71JHY0Vj224Z1T7O1tusOssXhTVksdIYPIx3IEp4OleSWTi26lO50PpOO60Ti+kBNvZkt0HeHl0EKpa4/xexXp3JR3INrG1jQ9/LmgHEsePojQZtsFO7CLFe3z2fyvqeRWDAFFM3cq2hZ7eGHrxYl3K4IfropFKJGXzLM8cZHVgK41sgV5sIFBGFmGDuF/F2Fuv93UF70KzdRzuBecl+60OfozLQR01ghU+bgDRrCT4YQTwgvZ/o1LqWQhkjyoqpKVnuUausMensg/f8GHo76R7qx7m7ymjLV4PFE516YDVAJKZg59yUo3LJcLxkAZBpJNOkMraNWsy94Y+MxG2TFY2yUI4Zbr/xxLW2oQ83ARC7C7m0/ngdXgI1DuzE+fwIuYr+T2Az+tq5HOq05lJ/p3x/Rz46+Pm6Bxdpyrd7FtoVWYuhA9P8gF/HBtJwEjCgEZ8ZozX4PDQRHChYUaqAg5Xg/Lmdt1Oq3RTjQNkxvfEysL9wDSXspXi9X/6WVAG/9Lw+njWgCfPPZ6Ei9l5lU8RfICJL/VzYrZ+NCAqytHeLFfHZBc+ofijRIqKf2JCGWknRCgxizRcue9WW7a5lo8jNKUlbTkMvZYM7rAVF8SvZNtxjp2G6mpSir/rTeo16/nPwcQpz3l+SRMAAocs2U99ZO0BMjlbHxptcirXfaX55JJIToRhtvgH6Aj3MUufmCxTO1vK78PJIkppbWGp+Djtrg1J5jfXnX/f164t2q1axOZ53LxxaFAO4D4miSsoKPa0TcjE/0d07lIUqFpXx0FkR86U+IVV+bvY/ngDFIO1p7mbvhcI9mi6l97EM6ziNL0xP63Chhz56otrGjOmeCoHgTgqQNzZd9rcwASxMDe7sBPQEz9xnkM+lnj0d4+VtLmUWIgntNQV5wdU5xVluef9rmpU/i8FqSTHhATD8PnBnQOLHYR0NG00DO5Qqqd613hnROAw7D48DHtIHmnBpohYvC7WdwPps3plB5YSPK21irAZ/Fe2NilwXB0GJobK34JyiWNCyKGwwI1tNsymcbCX0Gp7Kz2xI3skeN5HUU1ZS1DP5k8AMz2WvunBxVMKaC8ytB1BzqwF6Br86ljqL12MytflCENUBibPkwSTNP6kmYYmWCrZfCQIQrX3YEejej3utXgQmhiFO7yRiCirCMMVCj2IRKQ89cqPFZFEecCksjLUdaq2fydqtbqnH1WYvp5td1xt7IV0jAyiDRubtJibdhFu2X3Mdn6Xp+c0G+RtgX3N3XqoxGTZb/TCiMDBYWe7sbEjyh5j6JyBrEUCWJLDdCmtGxfzwef1d43FKAiFNfYKUYzEhC1lala9jnt1EixKd8GzvnXiq7An4nzkVVejvbhea7C4nqcCqLsBjGhV/dWVejdh/43m6fVwwRaO2JCQoO7lwRSbR4/f8iqiCX6vGnyjXRoV38yut4TinWmurkhHFShvOxksn2/nlkdD/llnUOLUliqItOtfJE25dn0an6n9asIRkefoHfAwStaNZ5cei3OoweWatX2xTYaGRAlMUTmQ8Sq2GnlLbtop48Fp2jjd6UxxH5BuZHVaDY/AMeQxQh2sCgSoDxRaqgE2d2LkCz06GfCiIfbcuWwyt9GMaR4G1236NlYNBV0QOZSRVbnxDnfZ0a+XiPwsi7W1wBbduII//eSwncqjmjCEKDdqpa9Tl6zZgj2BgE/dsTO1bs0JH7JGe3k81oAQ7kJQTGLG484LX+A9N6F9/lYpZ69L8YFCdNh14sVG+n1pEUl6FxXfTpK5oDDugBgaQmC2V/HxExVSQiCO8byXlRCRAKL3k1eyowx8Rq0rCQIo0Tx3uBG0rkHImQTDdLELfz9/Vm1N1nCgZ3x5njQpkYcR+/V6f0hvy9PRd7D5W7VIR+dG3Wm1NnGw+NbUoX1sZswbnIfdPaZ7AUV9zdcpRa6lWse7Edv19PR4CAsIYMh1oz99/DjgCGaRiIbS6izJVn4rsZX2rWPMhpWyfgL+PH1haBtRb8XecHF/kw+RC7YYEo/JQ7DIHoffBdkMPOSwf77aX7cbVQ79VkF4LnZRwUpqZUmoxINPGmxsGIpkd1iqvbj/uRYgNvg794hnzZK54dzA8/qSztPa2PGt2+1wUaNH9gd6zFBsoee/0utXrF6w2j23R317obmNHMSNDmt+OTQ/3PI9A773P59AgYf/CUUAybAOEuJ713fmPRiMg/mDP6lwXtQrFWOX1gj5JMDXZy0AocGq4CPfH5yHBzLHIudsqKMea7AWsBjKDw7hx7xhTjjnpbQ8p2vetR79DkbKlXQGEYXrXwnOQKPOOBdS/RG/vnNY9Od3cngvrth5DmNYt7WED5mX7U7EDj8v290e9EI+BNu4Ntc1Fb7vfnhhrkjqSHNWZG0Nz/7SSZlrNjuSXLWVH3g+dUVe9IW5PALWprXEbZdgHFGGPdu/zmxdsHxsP5CwPUCX6Oo0B+E5TuTun6lm7KVmbrfhuEQ4fCofGw87+tJOjkt73q/J/IWUbBExZGfRA/2Tkoh+i9dHdMZ+7wf6XefkUQ1mc/caMJuzEEmUJOLEZumtrjSl5WMqIOAhWY4LWd0nYXxp1uEXVjDuUN2OeJ+BDSzcPTTyT/ILF+v8gY3t9SmVwhUfk5kYKSr5k5HhQzVrnM68jG9T0wt70Fc9c9VtwFowTjtBZSibTx54Zlw98jjWM/YnG+3n30lGdsKJsYwoXzqs6owtmAzKc7yFHeXTVQSazVcZ2puHxV4byKkAGVfLl3MkB1Es9Df1hGzYyV2bOCSAnUihb33u77/hmV02bJ14yYBGJ2BptTaZ4ocoo56Dlm1GhSK8qc6f0HfC35Tf/oIgR/A4k37/hBA613JD/wh7eLK5QdB46XyguxiqkPVdQVj82oIUb0KMtAj7KOEX5VeOgKv+UJr23aHSLzmvDHnePTb6FPA8jwBxP/3by1tBnYWAdCRkt/+XeGRvYq8KQxwTmhkf/OCQM1VlQIQnTU0NiA5aH8+kfrKsAxzJHD6p5lWlgNTRJdDofJPoGZ9D0iCdZRS4CJ/BtWQg/q9BV8jX4yZ2v/6zN/IVl1Ka7J+G5lD1I2PE0m0rfxvLt/WYhLOx4uOJ9wsjC9kL39qgIuTnXW8036T0Pdc3J6jcKY04QUopHubxWbqjlY6T7+aA87c0zPYl3AwI33F2zD+naXw5h1TpXyog2V7aoKlispa6CpX4Pu9ZSRDMLKsECSMlEiH/8lGP8cpQBVUiUFV2PypHTusuKp4LhRQGIXZsUe1tbPL7RTzFxDQWR/ll5d/a1N3OlHjEfM34KTWxzBUvmmmuzt0fXKysBH72WmypYxp4sM3t2SOZvZbC+pVbGZE7NNT18ZD/677AL8WssCmtLvH9/cjSjl71u72aqQ/P2eTFroneXtbTXh1aPVD1gICfJj4Mk1kh9Gw5ud/0oPRRBLDjYyPYSXvs/+Ah8eKaRpcTy49DLhwuUhIYGyovaXkrjDVwWCR+32sZezsX+nh7BgqHd8F/2B2MY2fsxNBKDUkU4Fprt5dNJOChKrbq5n6Z+XBrDdsgmopNc8yxl//fE9np4CZKlx9TnFzgNdfaxg4Ne4y9YdO31zM1zofmUl1//lyayyfFipjNQap2RyYlwQEjuvFsTnw8fB+u8n4mgeUEpB9inD2FG7Cq9aD/j4r/Dmfzf///cXvVpmrHqllaLYqSmE21SJXS2qOKolapkdi7JUZRo2K0Qu291WyMWtUSO/bW2AnBN56v9+c4fr/rj+tw+ENwnef9frufj8fjAnJP7J68+7eU9kFVNT6A3sRHaXQ1n4RIk7JvrrrOz82hHdVMkggngdUJHaZ33ZuOhYnj0rWXahOpE4d/pmPO1RQpymjDBox1oyLgw1SFphSlNz+QPr4rw48RToQv8WbRWbXe/9a6+7dPWiQaFp/tv/X6U7uop8WFmg6x9WDE1mOXQdI8RYJN/Cx40UgyGSssdwMkIKH+1B2b3wFs5LNGuI43BMNm1gRxfn/st4Vzid4G4zldT4SURUNNVbsksB0Edb+pTm+L1v0ZCSJSWn4xXH2w8cOOMTMoSPOL0tkLNrOVbx3AL1Yrfxt9AEQ/qzt71zL0xAUnceJJRejWjDEhM6L+FbUk/HuhZWT/wD5qHdk8HdjUuIdivMAXQBYBJtNByuTBWZpqqtdCzFFqJZTi3G2NCtz6cHionbCQxO4oCYCbFEcBPuiuEG8XCye/imbdHpiuBMg9JYUoETWvO9e6gDG8eJp2anV4NFQDfWS4vF+UgJcT2lf/0xUMkTT7K59VvrFYuEbfyc+CD0erAwU3XNfC7k0NR71qj2E5uExVHf0o9koXBRbrQ/T1Nhr9/GsMUEkvqiNGPb67r3pFVAKPJx0AEmgk0v2j7jBSDJL1oTCvII/iu2TsQleYfYWXm/TMMep1dJ8D0ZLvPTNXA2UcWZrBu7JaXn9On9YKoSnDne78pMIdRfpP0YcxyObyXhB+MRIafWAM5q1lVKKlpSG0zm+sZ1T/3lndfcPpbXL9o7kFbZfJcw2aGPvn1ylKvxfQvnjJcCESKPW9I637bOgNVkidQs7FT8lXRjp84PdxiIT//c+rrRQFnyfaVbc03c08P5fvfGfN8H1jdBg2gvpIszaeb/04kKlg7kR25mzGIHoKR0ofCyUtewS7McMRRLr6bWU8xUJlHGSlYwYr6z39CJ2534sKipiJDwp9UDZr6kkzk5baObItiW3g62BtHvSdhu2+QlwL1L8QIZX6LuCufZOitJBkoJ/OH0Bvpbeb3PzdRq4xSHyzMWrWwXd+ARZ9snK05bxAvRx4nsh4PNNtFvB2oVQVx2njzAR8vXCFme5Dqa+j39lKpxW0RvEu7b8MgJyWJWNH5nmsT8DPD52ZQiDaL2OaLMuYrFnTgdxQ6a4Ui/LW4yn9fe77U2NjB1Se3RPNHqLjq2HlYUREdH1fNUgs1ewsjEokrOUiQwWddONcpQuYyPwJMLZ6YsT6CDuG8IC3DYqNNgyC1YHwgxQL7u0xj0z4fQZy4ByRORvqnmgDqyP+WlRv1+FxZQzk/5q72qt8lHmnEXRPKzmnKgbXenmptJUjYKck243LIXC23jWMkSPoznX9HzAvnrJN5ePhvpEGsUNtxVOeU/JvkbNXhiUcNbzZSfqmmXhHJMk92V6CVg+vcN2W3WazoT77tU1z5lLbA6y26AZyY+2Yzt5R4R+tC+cOR4QC6bAsCZCGWKip+D7t/CEIXqGHA2XpagorMGE/VxqU8aUIr7FmPzzgO5y/FzD4suvNr4F5p1doZOnozvFxfOXws+uEPydPmyEO7XC9Lnhaa4rlomm5r7iQxIFOuJ26hPubd6JQJRv1G6MQq2DQ7OTpGB8OGUD6FMkd3BQdbB6q9oVMnSbAFhMkMp84sCamrTm2Ll5Ia9OOzCBDPCqstc5zPGxHWpICO9BzbNeOBCtbOsQYuf0+Bg97MEIzlLA2OqFsgn0qOlMcgMAvpIhXPJh8IUBT0od6XDiWA4GRI8Vj6SFiYA6qgLslvWKKrUcDGHoVjTFsd22/14vZdcWYlBXzN2OTxgDzl3f910dy2fo8XDQ0Ot1iY2MvuiAJdScKLxI3piWMx/1TUp5CDbTmjjfbHjdc9lA9muwzDWR2ji5OU9YA9fGeC9DE9IHU56K8e0y04mt3wCEgQ28s9R6tEHu3ePQzI0J1G1XZSxNyk/LaRcTeiVExiaOcttpf9hb6tVKFjuLvHaE0jvbyri17P/LpCdUf2oMmb2DeT69hAqYFsZb+7C2paaFrOyki9OgR4VCebJsWPYf13884fbZu3LmDV72jvUtl+Out+7AvIFIG+CiwlCJSpjzcZnIchKQVyl5ZwdSWcEJT+XMBmTCCMCbZgqztvVHw/Jfnyz7GY6/5W4gtt+fVPkwJEiPMYL14YTfOslBJGNgdD73a60clxbknKb/HvYT7IIrbeErX7coIVdwLXdQ4/+zjskJXlGCqSiTtcqUW7q/grh874GysplWsDcM+g1977btaajo1Z2hoQP9X5Ns3MuxG58RbN3L29GthUOYyfkV3DI0frDmbwsTHwrWqDv8RUx5GSvAeTf6h368AUPL0f3PLLI+aNu0f45AdOsr87V6Qedn+5vsK1NtMeGuKBdlh5cSqXTC05fqy3djqPcg1mOcaWgMAdgUGWbsCw4x1w8DZcRSFlvTSN5+QxBoqftpAta8lPQQOlW6e/hOrVxubG+HQAh6V6/0cOBEfhixXEUKSeJU8XRy8F6wDD2/6pWl+UchuC4Epkwb6s59Zj6d0rRTd9twOG3HI/4B2+EAMbbPE0NaxyH58Fa29iFw8gixXBwT0iiEt1ID2IjhypmQwuqAj+55CH8CU2J4oI1fLsou1iMcH+y1UBzvtJn61TXX9xQFTMHMqUHZZ6aFkPXmg4wDchIwSRBMkCU3OASpe14er/7H7ENiUv4Ms70TolxKacnDIeySFUjSFxa5qfGE5l5bD7kz8P9qUqfTj4yKbFmwDICIfbj7WK40g8D+pEcQqRbZH1Z+MUAHooIu5OnpkqncxyeI1OE5yQCw0NFln9cDubhZdnQIuK68dPLFoR3wyOPdlthJNIA00VGJ9oV1MMwJItDPTNvohkR+g8+mmhb17e410UADXC1nJx7b2SmmLaOejjuRPj4kw2cJOjGzLomW3Ov7etGtpbd2bJxcMujhAmKSkpCzo/K6bixS5ey7cI6Ld843dxsgrYa/vhj0Wdd/ZesUqQ8ADJVE3JXUp5/rGgNssSx1Eo9V93SqxZcfBWKYT8ZAHF4ajYKErO9X4FKqo3Q26T4dbOz0qKX1IocY28ac9POD7c4pwztcfQ4ONTTqin1+/A9XmCp95SdexzNmSx3tLSrKjqio2nJRHF0OXSsJ/+aC4HSCr7yNB8eqGBma/i7li+w5O+sHjOWOywOUJgsSfomeXujkJAv4leXoq6u+T4H4OXAyBhIQU9NNwPW2y5cYPs8cevAe6OTlIqjLTLqAJIavczETzH7nLJn6hdbtttOYoITzpDPsaXCGGjAFyeEWMZyvOTSX/6bBz7lF1kb9Rpy4NXaRYbjFncoOZktp/o09ISXtp8NItqPTknT9n27st183NnZ2+swTejf6yxcXFS/vXr4dEy13ZZmdmmE8F3vQoIAyuHGnH5z8zuqakPp1HHQ+1Zjx/WOUSd+HqbvknHZMlTjMU94Z2hut2JuyUb5dlCvpOqpl+Gsq/5ApsVjxWn6kesLafyDfAxPWCw69GjS11ym8P9qYKXff3/BXJCOPhHSN/72FOqR3a30ekk9h/yG19J9t+Y4GEOkiCGNE+ehU3tV1Y0yngKp5blOsBxwj+6/+wShsHDoEKmG6e+wMA8T5i2V+Io6Ms5gSsv4xfxMG2gxFvu4D27j2EtXbYFDnvmYvtVgt9JSSb8cylkmhPDzqBD4i+V6II1iDGtFO6w8oP0KkXmUzawNu+g74UQTi3fZppcR7ald7E/HSNA9fNH26PBweStgYnS2cr+wcafRBDZQf9rFOwLDdckTsZIVoa1LPs+c3qrpztWbTg6UZbHaLcXAP0E4s8MQsyd7poxJIUPqEp5JkKPhRf/zFRDfXyvpXFBSBnEM7LmWKlfa5+kKNMYwNnlcbmEt0j8mGI6mNxbGWFnOnii8P2qPsncobLXZ4qijGrWhVlPVFd/NL7lWQIw46prIcCKK9Ic1R0L/ga9F1vVN3xK/G06WFqh7qkBHiy6QsVW/7sClmYfV9SEDzRqwje9pcaor9J7B4R0exf3ckZvp5sJqnWxcPiSR67u7vRsIdtJ3MB5ULHEjIybzd22Obvnkv19Ny6bk/3WzzyhPFTV1lrbcI58vXUn9B1sdx278MuzLDOFHN+CMiMHTemRXShT/OuLsHzLiVRVhtYps6UTMUL/OS5d03pQ9fLxrRSZJONqnNthw8PJalFBLOjnrzusuNrwuzzO/GRIdx0oYoVXINh66//vOHQUhQ2EWT/Hs4iJWXdHeuZmsK5r0DnzTnO1Th1uvaQ9p/bxwxJzoC0o6UxY/5v6VEUbsWhfmUrn9eo6PzfyOVQg04QMVIN/CpUhvRPmTQkKZ4vZE5Kyrhsj3Zms7Hbef+ZCksvR6mKXOMHkcIJrfyWFzl0jDdSNRjwTUWStwusIDS9/mfOpgVWkXV4wlF5UCuipSBu7+DgjFTJUvvuXLexz8IWfx3euvlL2yC11W37TDivkqqqoFLiIcAtBC8bktqyfoKXLFeo65cyCEW0MQaYvz2IYZuCLpbEAZsUAP/A+S99tJwSISGk+30I5wigmeIhSyJ8ZDW/ZHf/pyhC717HWtsdmgYxehkzWYbseb5rT1spTCsHkXdCQhIvaKAi+xvMOJripin35yZduyNMQy2wexdhaKOz7+Z/b4LjecWI3qK2sK+S5NbsmmJy2xbQvAOcjYCNp3Ze77tE9gBZGCuGb8kqb98rFt6untXZrn4SBjOKXmI9JlrLRC7csBf5Qx2hQopf3kyEXBMCMEVCd42y43vtJx+JE396l9+862iw22Dxhle3ev28laHDkEy1LcAjJc1rB/gTjWLEeeTNIsf7vC2P2yER3GsdcI7zbvUYExWj05vqwnWfPsqa/uuxDQuU6c0o5w8F3eC8fDdzsURBstlNV/FWXU1fjgwGsYHwKv3sCCqzaUB6vGLvUUkh9kc/84nWWGE7yvYadPM6RjMRwgtRkTNln+nKUzjhJAFEQpPkbRoc2mKhJe1R5kyVTFDHWzSw3y6hheCXo9q3eYQRxi57HVsozVXQQXHxRt+NsZgEdvw9LiXPLLcjFhNfG6KvbHdfF7WT+UHwdHnwWW1VLIoJ8HY5jqZqEvxzpSIV4NNYVfI5D5H0m9X3bMwTfTys3HBU9Dp6YE0PRFlWfnI3FBSt/+m5VXXEOIDlkuBj1zpFuHdkQ2WmRaLFE7xbHobwpDmwa2vrpwvhzOgwHzbzYB4z/1ARSc7DTXFfQ1TC4Gm8DO5Yp/Mf2+WttvLiCeOxE2Lm9y793Vs95B8QWJGtng2YtM42PVU678z5Rv0vzCqmEDw2Pvbon6bL07ziBubjhDMlS6dtD6rj9YwAW8XdPn8ChcphPZXvxrmk4rsaI4vBCGkg+4ejkHKb9ECeWOjxzvRJfIw8fsa6qmyb29lW2gf9OsoViH4bJf0e7bP2lvjdJNerJdJo2qEPxpcsDpOsrel2gKZ+KTUiIJH7op4v27keyJpPHn3u6JeZW11qHSPdn+R3cj2QqBhbTb4Pbi57ogWUPLbpRZ0t0GCt2KhMSjJIxw6ESPpvVIgiflOSRBWoo5ybT0nWE9tR8stejpLQyz3pkRpU0/diD4hj/D5hrOKB0dUUgFepbHAzj7RTsrxSJKrJNWWiJx6WdDHlTSxhKfSagdl21zSMs8Dj+tmj9bGtq0nckvL+huq63cgiMWE3B0O5dQowhsxKjN2Hm155RPo67fmT6YYMev9yiV/161QLYfKhmInf0atm+BYGhU+xVMCg7vXpDzCZ7XzLQdiW+xZi7bZa9eOGwm+jpNYdQqjOOevO31ETNpa/lw91IHYt8Sunm+VvydUsHMk2b1GcXjQp4v55+34UOzHgJYr8NQbh/FxlTg+ISI/qXw5SHIV2ZWGDWOQCf7Zd6gv5IxX/q2J2D80QpTx+UaL0VseW2N0VT5fZsjRkksv9PvYw7ue2g+HQksKom+RDL+5iSj5bp3p1cEmvSacfnsiHi0gbZWduRoo9KrkFjvf+aArDHk0XEmX+re3/VbTvvlcJHM5Ux//RtNnHNct9saaVKaslZQOp3pCbA3B5U1QkHtq5aOt7vuSJPn0jfSugiZa17t4hW2ZQBhlrt2BZ3bl4cRtzrsDDmG+4qNoLgYvKMsKbvB25e1okNSE2N7Ru/1gmeailluzNvL52ck8tPzgHMYN6mkAW9nYZswo+GR8hjPQQHjEEWN2n+wcAcQSa/xq+ePrEbeD2rkM90z28eqSf44NhzW0vdXQ4YtqN+dBlJJR/6k+XibvTU6a6o4SzOx19z81tnSF01GbRDRWN1ACTbtWTH2iSoKByOkZ+6ecTLUUNyIaTH8b2p7Cpirhd7EIXA5uYfpau5UAZ191XNGXbGa+ItdypACAMn6GJIrvN/eb3/6vtwkqXOC7HVl7V+4q3T1UsVlLY/rI2CJd9yUt78nUWedKhL7b/iQzGGjcNZV8+ULSavGkNcKPEPV0eIz30qKj6IDpBB2tRkEjvqTJQGvq69xJA1XYSHnK26YTtC9Ahef4kp/Ydbfuo4xxhnycGevqctx5n3UY4+XTcZPL3ucVaphXTl2KVf7xBqkbZnMnCYP01cHN/sRrJAwvnk40PaOQABlnR9Rrw3qFy+NYDNJg8kM78J9DUSNiWj8gsHIcS6xSHG0xxQL94Y+/aKmFtYHkShukuM/6/SuBNK/jVoquaa/nWsq7GsgOoUNxCgc23BoT5IPxNpmBG2OpuQVyRFwdBsfW3VEQYwME0kP2QDTXCpNPoJvSH8lt7TCKX+1tzDkrQQ1fQLG2QudXRXwAW4kDydF5NTYhK48/B/BZ6pbw8NszQzi43UEtOW/V6SOJTrt4QyNNPGRk5jvK1Kt7qD9vFGDf9DhuianGOIZBkKpz7jJ3O61FywACUg/wqQl8DA0Wi/fXNfmPeVcj7Y/LrcDTtax9vzpLgX9Uhql8RMWY6wdiChfVMGMpINvBdXbtrrZ9NxnPZEZlvDFCJKXIjZoIv/XS3zZ3uyty5g+VuudiuHp4bMPHtMwakv40JDXz8pGQd2fCVc27WihHSYkD+/tJK+OuOsroHjaj6xPGSJGF0CVCJBzMFMzeLM6jdU5ClCBd4GKIW/SrwPJqDfLZTlkFbncmWsypXcZ3U+a2n7Cbi+tz8YEsMmFKFbtHA1M+o1xDiVh3qh/Uy4PbHemVJB/O3MLlTcueJN4UOaP8R7uT/VkttwJQn3dJyuPG61w/P2bKvfrNHFfdZqgEZHSTde8yf/paOsgjnn/LlCx/YskvU19//atNMlfPHmNoJmw8WwX1NVc6cQRZGU0TnTxRe04CMHKNJBTOFNpgyQ/ftwkIP8uYMpmF1PTV4UKKvQd3ZofLvjXEFQIBUs8s0tMVCHUjZMiiGsAHUVQ2QnC7/oiof1GBfrtZRA2Y+4qdHEkOsiW4U5f/vYJaXBAEM9hPBejDgsByI1OG3IWxu4YvfZayLm0Qvtw6nDbG3yQo209y4361+kdjvsSDqswXib0RY+ECiiBUtGtnaXAlBtkMA3cC04aAhxuO+URuEuRlRrHkq4SSB4h9H7RCM0zBilI0DztLAtss2nyXCG74/ESKm8eV3bxg/u/GRrB4dglR4FeZ97L4oNYfaIYyJfLHkg/imX3OmSAaybYZfJ0TvAPXDAEieQHMnvE5OR4ol/Xn3M5zh5heSvxd9I5xJVEjUi+lAGXHCxri31ZduUCt9cJYzqScpqdIL2uNZ7+gA1l7ZEOiMr+J9WcZ4eHxEU4Lj1JQhi+Iw80l0e9RCNqc8Pa5bmQRIt6uT48T++5XOV1kXbG67Q5uo2K3P7Io6XRXDEtxU/vqmNe1rnyLkTzjJAE+U4WT+JYVrH3sskyGvpVz3BCfg1EjCEd4ApP7VWhmQJXjJLwyOP/f4sylchu1MzkRvhhU/wX4VK7ubK9XySLShuVn4mItInOdbbrxnNdjkwi/6kOzlHef6Yql65P1/qGvXKQnRW63M50YJS0irT50f/j3vFL5UfGgClXAFNexL2Jw5DSoXDrUDNEmM3DVcSfJoHAc86GyYu38NOf9WE3Bpp50uCRaIdCpwq8kToKSSUHz0qxzgwXv+77KU5L1RSz4Zv7MwpIHMz3PStWdaxaRd5bEm5JZF681gfrFxN6VQVdzakuK2OiZ5D03bsDb50Hc/zhQ34bByuNeDqm0yjwp4FQDXPYmqw6sc/Lq31ec88QIE+gHI2C7f3l8qD8IhMBUr+vOrwiY+fYljPHZ9H1hN/EoZhvIHgcxZPETdvdc2f//sENi/EaKAQGY5Hvh9rMU/xRxw8tu9aCoedBjgPet1yK/tQzlrUuBKrpGXX40z3yrzPkj4f+NMLG8k2KUCAiBRZcU1REJ9PwwHAT+HSjV1P7fYSllLi5xNXmH6tNybONbaZezHsJim2btyQlEzJlkJH+Uuv9ugcqTtjrgQCAP6VELipY/TN+iP+yZsAAEYVCysBN3DfyxLBmI9PYQ/RLTRw+rQZn///qziSoQ0gnEFiEXDj+DuVVLP52lEvmiyy/j1fiToxuwaS0RxSzaHsZ934yzyYKuliSSQnifwNwXWrmZ8wHIAHhrIWrOO+iB/zu7/8/cA+tiQRxGQAf7akV6Zjl2hCMCKjXFe6LYkYJHv94YjyNQsXMlOd6cocNmR59m3xW62F1V6jNwRovoubVBTi5qaYbO/cTJyZE6GLboWW/uTFflQHcig/tk3myLjp4AqVidvUPWxHANQjg6rs9orpk2jCRJ7fphMhwz9RNNObQYNd0yE00A595XYwtV77TK9UktSD9RfLp+/qvlDLWYvPqwa19H3358XjzIoho8SNdfCtrrTuTdBsGGTIpO57IE7Rs3GyUlCKHk8m+LW3fMHX1TVb+cBWswtY0tva8tFaPdgdx1WsIdmf93/XWOowMYs/bcvs84DJyx3IY77Wo0FU6qRkWkw58uR9uwr5DjGh2gxhw+q0Tizc8plhvHcvJeybM0dke+ZDj5Zey3VZyetgpPF2hm0V0fMRjrG+vpKMUWp+Gay1ZnJwqUYVLmJ2pvNN/6T38UsVhD154uYTY9VhsAlwhu72fZY0b3hk610t2p0PXYvpQFcgNTMDjLtHxhYGLw/D81ueR13cniotRz24u9cv8y3QbD55M3/dlhds5vkVnV/Nv6PCjtwn3pN2+TAB1GXQ/iscCl2Bm6GlAtnAUdX2ajn5Gigi5yHHrWDRG7bX5tSA/ybmcR86Rr3GV0qeLlc5ZoJPzlfYK5QoKcqy6KCq9ygfdrKafo4lYQd6a41hgqBawH5hBGahrnel0aKR+OD6MWxn2bQN0RcaNX2i08sbroq4fx8ixVvt/qS/aboyuFgb/s7Ikv2xOplbohwE5l0CYZ5ulQO66oeT07JHhMDGfiaZZbrSeIIWAMxpIGQ5sW7yJr+/VaH841083d5gRYlhLS57CUSEaQe3tBf/KdFrnEOenYy/tzyxvdZFA3hlicpYX0UThP40SxQkq+OgDbbsdcGfbPcy6gDUF4Yjchb8V58tMGimjad1VFYZDN3UBP6dEyesPTm7AoZ1lhG7k+I/BbHrDU7sy2cOSc7Yk9Nklkxhw2+jrxcTyr1ta3ZP1FraWiTdKn6ow35OPUMw1hMAzh3R0kROYryqNBFncWcbN4typkx5k80cXL0p4XtYtEoKtwvMZ0FcCqb+mf2K5zQBhLxrkcVGcZ8jKX4dvBqJD+5F7lj/tT4AS3+xQb1kzC7PZE4WrJ/nEbcrNKQmt7EpZl3NZ1PnI4q6zud2fsU379/76LJCeDnvxggqnTWKhpZWq8e86sH4DwNqZw6NnxuSWHFKx1yHyQRBWp7yRDkW8mfqvJXdy+mavPatD1rxDhitxPEFyIQG6pI/8ydOTSzATrdPRVzcSJhLdbWfhqYAv/7vH1McNPvU+s/HBnV94pKsfj7xyUXUmGqt39Y0SJ4JSOqnm0thaUduQ/Qfh0tOhTg3kg8VIhsfKG5O23sso/HLcFBguUmDd+3IgU1I80drrA25dNiv4xV8l5/maCo9H7iFdUejlMAuR8IKIolXTA/wMBjTKjcYgI1Xq5cz7rxl7XiQ/3ZYWIkYo76fuvM6oFIGJAOu/dThX84Ydju8Qcm0O6fevx6Ilw9ExISpoAo9SoZibIFkOKjXYFwreD5qTvuP5ypzC9H6HFld9hyXGRr0mSocEK8GMztm9iNg42GnrVMmCHzcbQ0EAI72DCC5t7/23rXD9sYNPDcwnO5t5Gkusk9xx2/JvKNd6dm750UbmMeHdVy6b1y59UCv3vm3p2GCNenuXCL7Xv3INGq28I5gBsVwxWNnEQGXmI9JeY7yvV8EgDP8pj+7/7EYaVhrJ5B/1gMGCeK/zG/QmwL4ep5175gjgOLMPSKGXgioxrEPAUz3ak7c8cumTYPR1CC+MqPNnNWwGGBJRjwh8DuOoD53nVN+E32CxE1V+u7chFfO4tG/0Nf6Dfnc/zjYBBf/QVnB+La2KmX4B5kjSd4WyCnuFQPNG+RqXsg3RfUOz0MeRSebLeYaxPOcWwtqfOdjOXghTqcMzaAzK7XrkQktUA/hoRYzAu0H6NO1Vhw4g1gHVY50yRxLEvisEfGq2y8iAT3cv5ido7R0b7OTUmsTjUpEPnn61hWQV/wmPotGv+hN0l9wXBOSjyF/W8OAOFI9En/wxW/yBZITMpKrwdMubnzGiRyUcdARUl5bmBgy7SlxbYndj0vT8geltYNvHvjlrZIhPbNwxePFyCJdE/iOa53/ThO67hsNaRUuj3REftD7tlHVhPrHlAl72W0M9KfleToKDoH7LSpLieSx++ylX65rvPiFPX6aj3Kl3DEjT63oXTdllirQGbMXK58I8hKPrOG/Atq7W1I5X+oqOrZ/Mnq9mrv2kiu5nNiH7XEtBhbbK2uRqKpE5mIBfv8U1nJ/9LX4TfaOdbSizvTVfL+b90tDyUYA00D8meREx56VrSL2aA3Jj54lb4QOB2sWwFAeqbYXDVQOAjWBk7VWkS6Anm8XYEnESGXGXc4Wzy5VX48YMzxp62xzYTYkEUJwdjxh8plG1IbOT1r1WaYP9P36yfa7jbW7j6PhQ7J7TDEGWWDuE90U8V+ErXUy8bBe4GkdnatLD8tcYBSdXJ3rLxyeJb+zNxna7rkr9g2C9/xAkslJJzlmMXYb3CuX9gWcC55W/rYAzniQI0CwptGdv/bdFCmhpC+xbLYVKZCiaeRBmZaHdHPh4O67/g9dOFfZqnTubDWILKyKtB71eVICxrhN2lxRHdsswPEmDdD3ssTbm3I4WTNt1YmPQbgB+tiBjdIz32rCwCpiuIdBQC6INteWY7+3nITvFin7DXncyVVUfKhuIklACXJpBMhfcQPN8aGQ3GQNIYGKVMHK2uozduW6UT+K0uHHOzI49qSFwZoddz9Xcjk4B/DmhI4C+liC/RUVy5uXSc1YD824srJ3gx2LKRrt6NvHHrGxvkkv0NVjm43Bqn00/AfPXbBie5xpKiW7TL6V5c7EzVQbrtJFqtjn9suFnd1PrVinN9H1WLQ6apCHfPkTrIqBbB9rAkQDqbWOR+ZO9c050weWsTd9Ph+OmOrkwRKThRGeo2lXLf0fcYOiV/U+U1LSkqKjr9zFwS6VFhYdg1wQ+SkNsoZGhnpmvgvsPAESfZzKhcVxN3Vdse407bseSgRNkol0QRPvpJTZ+FbvouKIruKRRocledgUjXbzEEoo7U/z8o7yn3O3AItvvXcE80OiUfT3qypoDF6ppYXTM3H450DAKPOKESaumDjDxYjJ54AxW2JzfNyyvQnyq7ou+8P10cPvFZ/patb5pftHx4SSJVs2Wa1kipFx/WjpCTCcFuZ94NauxQe3E8msgFYfx5BpABiJlsbDWKm2ok+YBj6cBFVMOvgcEIUW+WvG1sG496qKTRAdrzIegKkhQPPWbp91+WAJWHYJx5Kx4xHux3s9WfaaQOPp6D88SSXtTbu+M2NO7AnFP/bGVpFghn555sJAaipsuL/H9mO1OHkthlhG78eGGK1543w8EyqL9Ct13hbGaJ5zWX+F8hsRPQs3p40EhEBs3LW7mos43xiUDks6o5kqYBoyXyw2K7+y3G2Pg0TPx4NReSyn25XhAKQFcN2Kldau0Rz6o7JL9siPkjft83B0DbBPqNshV77/0mtlzqyt+WdgDme+/z+nxtv688Lh7JgNTEhCB+HKdjHjmFXhcpQhFkzfeCbL2Qgvtorfhh9c5vlnLP0eNEVNEcTyHnacd1q/Go2fIsSVHOEkqKKbbXL+SXG+J3AljOURK/XZbiwXPhO8YEC25AwSYYjpZoV5FfexgMcUmw6iJ4kgZTidJU71c3p2TqLSQhMXoJrKA4SamjHmuv0SuVPRLfnHzZK+4tEOZqATz/5NdFsvQZwVr5dm3Yxfb0vxC8qyRAUjjS6r0Zz+RmwtLrGYyWvgXLOwXD5nwzAIg2tZbsPAfqUQtsLtL+sR0mIJY4mQ9wbr8m6Zk7iQFbdu6MbcJqyUC+gcudczHEUoynotTL8ikiIUw1NnU86gP/VdfzdyuRvbK0tLeLHfhf4NcCyVMvUh5vHiRvkNnGgW76tH+svonFrI6OsU4QD+InUQmWrPBY7D+/o/3GHJHxQvhKPLHFVaKGkUafXEHBplu28x83+J0zxEQEd/zaMzI+VDr1zQ5ZJ4VAkwWoA7U2WCpql30K45WzVV9BuHMEHFsZur5/UUB1Zm0F0KjmMj47tpIW7xgpqBkrNG+9yWeWrqKgEasVPJGD6JzxExx9HFYtXfmM0MTz9vNwvo+R5+o9iTbsItFznEqcvMjEsvgPkcDnx6zzyQVhS3zuXjQ7IfiywAIZlwhuqiqtdgdN8tXiaXuppqOea47iPn8QI2PFgr/E+739re80FHWL/bpIa7SsghA1IEPO/T6ag/nzjh9/QbntO+EMORfxrx8yRRa86JzfHpH2V0YqAKhVZUWINt8mWzEaFIP5qa/atiDXP7HqN2iLuctbYgj6vuVKfbDB9H0FRnYlLtW7bIqSHbAAWzcMjStOulZAoTBSKBZc4cnU0hwwraFUsx341stMg48W36IRebo0vX6/0ywHjVkMYEWZE/RdGUiMnodRnJ58m5XJ+t0DtwupmkbMyOIMKiNi4XyNV4HYOgDEw6w1+r2Jif4nuVKfqoRZoLoadIJ67jqK58EX9Zg+QxWnuMelI+JlFuKkYUVccIwoWJNxtjZSzuJJ1eILbsnLaEZRYgCeBCXxVxV83+pvKs7tBb7K6QfPmg/s7f4tEth/NPwzc2dI56Du/AxiKfxKazH4o0l6ZoFhIGxvSH+wofvIh/C7/FJqNWTuX6cL0pttaEV30grSqLcUMG/MTQzZm5E/mE4qfByIjvEtFawbBEDvrpC8i09TAEKp2sTt/MwRS2VTodomK/TRzLIQO25fTvvaJDMp8TPG6CltrLontoHid+KpzUo3IVj4K7qRU+lSv+csZHmfnq0TJmT5b/q+8s0c1EfHGvgs6T1W4YsW095bFs0X47G3F9MQaGxsFj7nO+6XK2QWOJSQlk6RaXp2aM1+IK2qTSjbsF+d9Ik3N2NeY0w8jKeQEKj6lawbdQq7bo95GBhtf1rJUXf6hT4fzRRFzmtMWgy0Xhdwo70i0OE0YgzotL7WE2qOPsT70eTnZIvHeL9BnHSdcaW7nirLTJfWCpue45WGQf1KZtNn+Hw/Ps0yjXwd/eP5iN6lTsMdi9jU7NP8ALBoL9t0GPT2mfwz/UPM/4eIKq5GQalF4O+Mr5afH/W9rS0oIsScaCX2InZA114kplmjFbWX9J+xBfAN1n0O67v/KB2EZZ/jXbmT9twlLpNFAOuTBIicmdwcYI9fKaCeThCvUwYygSPCK06tL2/1lZPHQjznDHKSnNGiU871h0cjAFkBscHvtgvtkP1fF+t4kScqHnFpfWTWPSAogTJnRFNq7N3BSILDNYga1VDzYZSdQlxQtNyKYVC5+Du53f75atZgTL25Br3CJePPu1rz/PotsJtZnOwRiiwhxfmKDsQBj+nGg0LMa6ufrdpSgTMp1u2DYdt2Zy1jp/m87xA79qbhH0yw45L4QbmNtBGnYC9YAmK1X93Dif31tR8Z9TRFGlKt23b/9NJv/1Qf41ef1f8pIKxoMBw/Wn+cNZVmgX1GCSvVLDzYpcJU9wJ8Y5JZz63YtgbP8uEobREfQMbYjD2phi4jGgh0JuTTi+tHXL++QsOsZ6j5bjGNQq3y6kZYjlPMzAe8OfcWdxf2FygH1qh3vkY5d8XXB2+CiNHJ0bO8uOMtz3fpCplaGQcjte/T4IOQy3O6YbHleP2u10nscclvsa/ukR5+7v+7dLM4Umjhh5oNuzbibqXVYIxzYSY1JWzXQ4HDnOu+hI1uXB5w5KPXNTfbjdXd4hm8hWz41kPQxa262aExBB/8uLeZqlEcXkEFu6MhLBhAUc/yN0WLWsVbO+qqTb9Mr9iWKHBH8LjaQEyurAYRqmwgMvJS/9qc+kegAL2gcyKp6XfUCVucFbXwXe/5wNLx7WnRTP/sFUUkCUESswbVGi2nufRXP5u1J/upbxQ7JWOwbK2bfrnYYzkYqHjvd7LBzQxBSEit5VC9YSJ/6OSXSWb2RpOtb0Tity1sUwhEeyUKhhZ/q5lqObSgJ562PfReP3tCF0lkWh1Ff+NDvXvygatgqj3NHITJt+gwHa27SdOhNydwUk+DQ6Gazco/N46VfFKRvkw5Z4ne50Y/2TlL4Z83MLe2/r1iC82LDK8Yd2s2eaKhSqjzoc8UtZdLvCRj5uwVxQQMbKBhvcBh2dxtnXP9tlFK59e3m9pkRU+4rM7guiNY1UXM5GYEIEvOT5l7b2goQVrL8UA4RYdN1WRFpe7tA99hcW6JsO+m/M1s2oQd5pTtAs7z8MK/8+LHnlplrtWZ1WrWnIA6mNsgJMH7j394o2OW/czJOB5M9lUyL2RaMxj5ctXj2dzOrmhM+K+7L+WSIyYyHgHnvBYw3hPPFuF7Y6XkRycqHXIZpKOPwqvtXuDXCMkoeJuETPJxbhD0H16sdbOWW1pbrvgVdbV3ETi0v6QVo2n1aC4uczf2/JjqO3gEW0w0u7zNaNEMCgjqAPh2Q99YI+Zt33F1pzbNPhZyPaedzXE9o34fDfF+vcNWcrVfCOQj03zyCYfQdwzIP0Guy1CPIavRapxpiyA5AC3vBSwLYr30sVINbbtlmaeMK8rXZpxvgwkiYQa8GNahVzYM8UuQvqT9BDs8z0kAjHs3Dng+2WlJ9hHEvZ+yxduUrKOCpDls73HUMLn3KYgz1MxuFNAoSYm6wOohVtpCKRwrnOF4nfSn49NYn/E+1CCteI8puTQahTzkihUz6kT8X+tyhFGVUmuyf6JCorx2TlcT0yltGOxB8wPabCP1cGfLWNYKPKNSbCCiB7QlOqtM3ttyDaWyGfWeQMK+lPhRvGp3Dz6EoQ7tnva7pTIPCXBgnGp3wJmvPzLBeV6aPYXRBLisxkc/mxZMe6fUT3ClN2D+dgcfmo4r+iETmZcfbQEpsnOGaM2wJOTFkAZ/E26k94PJ9cnFyB7mjzDj3mXynLR0DQbgmhq03BEIiGgfuVp1CkyDadafQdnH8eAGsQcJwaF016bVpHcwra2M7Vwxhsv9A0/BpBiH9IzEt3ecrxbJWMmXTP78ynmeEE6psuZ5k5FIUPZfndVpbhIdbG3612n977MZYslj22ZTrJvzExu3bIzWZCCoamiCmzs9VrFQhd57b0w/9cVcLE6fJDGWmun7jhsErL+wjWV5Fc3oEzIAM8ftTZxT1k4Uvw/2YOPiA9TB4RS5Ax/Lyc+tOKaQfswMZwJyTfzsctjkYWpPrwfYYhDNoHy6NoGeofKaxCpgdaQmFi5bYV4Zw3UtGbSAu46CbDVLSNSHAxMSkBcT5fxUAmMvH6E0Iipoth0lJ9qRY+C8TIyOv0rlTqGPzsLl/3q0KgamupBu19xRvVDLpPbEO1G2eT6atmUXWd+gGxTLssiRColyBHhqZkKzaUdSkAqBZqll5cvVATZGihCEsRArZITysTWYkHZm6eJNEW4KEOmjyrAFMBlhLIPbGSFOQZJbf2upxk4lYPVbeYqThwbuJtMvs0NvYgv0f57YJ/xv+/eB2bR6+rUNH2T7m32eHCKCb9LBQon9JUG6IcKOo52IKm9aNh3VadAD99Mv3uR+X8dgAzLDCeZzxQbwhgMl1rxg1wNyyHQWUc9/pptPJRyJhKOq07MsJ/K8RJpC6jidK2z7TcbWr2+RxplhyU2z1TMMCioQg987pW5oXJqr0yPPP/pjfYb7rWXp5DE1Qf+unI0sd9rP1/B7Qnlw86dMSUTqyKtGMAvSD/js4529AWXYqm34J5tiIx5eKhftw5NNCUx2BPEHzD9edieAkmvtDP/RHvTJJrgGvn1WlJFripAvOpme4yfatoPtGvkC2eMbdj1bsl16jZOsxBoZOCZJd3d9zK6Kggb4luTF2uQ1ilo/I/vxGd6i+k0+LDvD1YtKrogvQmhljD25HZYhmsGe85unu6iBW9WCGWipbxnoIhNt1exSTTbLiWaCnf3CFVbTWSk+qg1fp9YwfNOqaQfWTt/RCNh4cM15KZ7vI1lLd4jHiFrn6/2wseNRcRYd+utsqXG/CYdhlCVsE7X/He7u52UVbDoYe3D6i3hb28igQUwuhCd5WFxBWI3rrM3OtMMxDdY3H7IX57bw3JTEStbZ8sriL2C8N0nX1ze//gbnSd+nw3M8Th+8NqxwI+O1w3RYAQFUzHG17HT7FCCIE2MzUY4rFPW6u3EnmwNPLvkyEuxwQnQwEcbf8hN5l487i8eachmkoDIdhZnpTg8F2XLaJDKCyJX6GQx33tkHUXL9MvgLAwz5NyhVoRrEsXId3yaLM5nEIXRNmwTQr0M/8yyCdACmStz3IIH3axDn1hIMcyvKT21YEu6FZ+aPg6oC+WtfbuoIPdbjtbOhX/NGIRP9J6/9VJF/l7Nruua8fg9uRQQX8YKvlVOh4o8AHQbo1YIPdAYT4vQU6n3S8RmDjKyAycNJjj5FdzVx4LCzL9cTvTyxsOwQgf54/SkQdk1w4GfQTUXh8phY1iUHlzgMVIU9x42P6Yb51rmzhyqr/9oVse5nJYRrw+kfzVtdXVyaPVqd/PDfxS3dzq7ZYsx/ZtasYKnZoh6CkQUOlx57Xz9EK54VYlNTLR0kK3LhkNcMC2i7QCuHREhvKtpyyVyy17PS3aGTBH9HRp4tspWS5rLEh9ItLikKLEgcLjlHkAN1GUXpOQbJOI86vz2Koju40GBbBAX4PILUZityR/os7BeNWHaq2rLnxUXn8QWYzhuUYfsE45T/5lEAJlSK5QVIn4j06QH89hKmPVu+3ErYP0xvVA8Qu9Iqp6XAMOhGBJWtBScpc1KmHCvArJvhX5/ec5cyUtZACtclFYfAQJW++MYDyDKMDUT3uSM73TWKHpC7qGKr4xaKpIQWxaIdFM7fWIxUU0NVXo65+L+qjrpWuYBzLb4nfX+vdHKx0mLoSge+bT5fOfUMSIDz8HhYTyRCgX3lfLLTs/svEYUU2TWCXnsvK11Co+/WbQoDGqidEMvALrdNmoplUHKYL3M8zpl57GDg84Vf7ksgGRVstIjgP/hOCwfxqsuPMar4AAoXvl2E43niTCZfdt3Fufh12IspRHlfdwZY4HJkuN/f/N/7juDrc99/4DyzCijv8wkkCSPqHziirmzIRrd/jQPzjOdFtM8MDy/3wBepic/Qpt2c8iW13mW8N8PFT6Zsjku3VUkp7rf2d9bIud/vOexjgjrr7tenCUEAsTA4jlhYGIEqzNnC6BI0qnEUxE7aZK+AGzUy2magXyrNEOYfMhwP9MdXPp5fzSzaqyBDDqkIK81+hzQGRa71sdlcflmYoWXMGXax7pRWndPbtIfVWy3Yo4L7w9thLoowiburXExR/TD2JClQpWUf2U51/dRqBszIQ9p4l3RLRYegCnY4jKMK6NRvhCvYKC5y9zOfv7rY9tqU3fMsOyu/+bURTxJ6Xw+ejOsQddP7vQ7VOrZWKXhznJYV87RtWP/SRsufLPll5Hbmji7433N1PMcLB/JfsmXJ4ngV+KazTMSRi6cLpFukGHwlAlktOcrHy5d+bZAhdPmI5oRArH1ljAzgWK+N4zYYpbgkFvVV/oml9aroScJkZbEZ9Y4Djaie9HW8ptjMZ4cvKTrRr9p7k/Idoh099sbAy2cqHER4BJ7swbkg3BweH0GEiGvyQeP18a64O/AwGwN7V6nyAYo/A6sB8PeNlNrVFZ09+fPQIOJ5okH63/Aw2mTLJ6rXhQhNWzBN+lCvg+jNVj42yA0/aE8ffo/0ypKdo5wOPcOgnBQQ0Eia+LxsKNHs34sBmNtZz9foLXyA76YVzF2b/75jNz1Sa4CrKkj7kK9L23PmjuakyS2p5mKwyxstRsgbqfy0r0Ky5oNjm/fq8fpv3gePKWbMHZF1gyYFU6er5IbumYN3elnsiKHPLNXvqs3d0hEP57eoCTqoyqYiB6gvat/cUElQWSc6wv7ZJCL/GQxG51XUe29WlXT4AadzkAiehcP0hKeiYO0jkcAMwguLHLti0o5oKpITWWsDdq/b99fcbgWhhIfAFydWk+DwwPt3N5HL3ma2lwr/PSs11fXSBpq7TsKq4CT+uurN31DiPthWU0qFdzZxUF9W54wLku940nC6o5RkF1o4iqAaHJFuAc6qS7cs+bnE3YnVIvguDlkq8//wi04hTNJ5PvlBM/8P7j4vOmZLEgLS/tAc3MYB/5v4RzmjN9OSLjNBu0QQmG98ksJ8OyZc74lzkvzTi4MF0JcBjAwhHDMANORT5XUd9bLQ0EKmFye8Gsel/GFS9eEnFAPQJhv+gg071Va6UXArtb13rcx2G1t65Y1Ny2gr4LBkkSlT2f/H51y3piLqTd3X75vv7qmi0epKL8nXpz3S1tjVDxSxQbfv9Ug+w4S42NoIFcYCdgnqI3EAv8TqcrBHi7xnIvO82pCC7fGCXfB2ve5coOTTJ0vsdotu5olL7jTPLnPheRHVfopesLua4gbRDKXFRuXyeau0h/8IOUC1eOoRSdieQxljGEzvmh853Phj9bybr97Eev72IJkKsTSYTGGjhdNCxLO7cxL4sXIMvYSKfl2+oc+aGnlqyqvWwOkq/JHMXocMcmJEwXpiSISzhZT1rI0aO06DrQ+dbr82Hb5ZtKE8R/NflVs7SW1yxk++RvTdciJVk3lLd5C7A0Gr+7mYjIYdoKoNF3pY3pI4bkQl8E2ld9pNn7Sr1wbVn4VJo8I9+52ovNJgEpOngKv8TqF97xmkDsP+Wxhe+5D6YFg6EMZ2uhwxz8GE7OBAtCpFQcSwpPHoQkkQhPr/Iz6L0v9gj811p0WdarWGf/3QmdYn/vd83P/w50d3MFHFO90zX/qrlQkyuduo2/Mbmu+FlNUC1/Iv+t80Olx5PQ1Jmr1upWErI/cSCKdR0GPNQIFpGLITMCNf9ntcq1dNqy173m/sf0fhQ/vNE7ZMA+c/gM+fnPs9KdUJF2Y9oir7pvDIwgLDCGY9xNkkveDuz8ZvTEljaR7myP1UlGN2ZBjwu37n6foDz454uL5UP6lzqcqvuG4TAQdTAi2uO+tN9XJkcADqYOFZJ07MzSN1bT22Td+XsC2EKQ66euO9w13P58GLdDHZI9KzIK+NKlURTX7oK2QJU+h5XDtunWfiQN6ocN65lT+dkFe7QnB2GsPXdvbpgt9nxvKr+h5kB/1rfk/q5po+Q7tOK0orsCe8pvExkKstrSfpRxiCrs0y0ym/3UqVHyTX50/MvBGaTbqTwZfH48XdAaEIRM73jRCTqOCnq/vB9AWnmDhflq8V30xJRffwhwGQKetgrFlQ2qwAYbpmUQy8v1XqI+kpOMqvDLZnCNdunuN7ZT+ShHEiNZELHF3tIeriIzpXuGAJ5oBR4NMeupVpKhy0Kct3HF6jm1kvN/7gedNaTs+QWzrj9xYHtP0WKGK07wyiXp73bAX6hAp3znGF9EN5EB9vNd9fevwyZrom6ev9K3ayYxkfS43QJW4AUjuuxTDEaVXG1rp+w5VX/gAr0rieNn7BdExZIVKUHI+B2VT5yhA+rt14aUZPgcs5NQgoD8v+t3hYi+7NKgcOwt23eWYPKt++VHWyadkFaGQmHWgMQsB6orBT3uwshJ6/g3Nby6SvnK2Dc+TjA4gxe/1lLfqXJyFfsHS9AsE2fTDCzAmTVZ/it+34H4+aoEP+ef1yGlnxtW4zxn3zRvrebBD9C0gKnTmsGfuopOjlPCDA+16UOR0QHPCstVb1wypD7INupqiL251XC1jiaHHjr5Rv9yW4W7MtHXg/pXfdeov1/Bhk8IEMkX1z7Uc7U++KH6jrKV6OHIrCYyphqKO2/9Se3uHvEYokXuhIfPltAUvHVkZezj5NN3ltV+WB4HYbWzNMlZeR/PtVXk5qa2tkRRr2VnJy8ljjxSYeq16Glz3s53+0g8Wrg8cRGbquFzpbQewRtGvoQglDwbJW3duANu3vOTHgH2h69f+o4DaU38VEVLbkSmcowaB3YdBpKx1uDp2mPEn3P4euqgWHrMIMKveCnpUZ432vfyuayfnnyoHAeQfe07X+7m1yonshQHG94PxpLs6ME+hKGqQ1znNzEyRAK9nomS9kjO8j51kkrfFuK89UOEa+++B3lci4RK5rP1JmBU7df/udTpbfDBOvbKN/SvGcmPN2uTq8/c9nkJKxPwSKHZoSsAaq40foz9he5cNYAjEPZ5y+85+tL9Fej9E51hCv9Kdps2J4cur/eLwOPzuImyoxOf720Ai5h6/9UJgaPdt0LFj340qlc/s3Ge3U7nxu79JqJcOs9SWAN9mpDa9QoBIUVY/hOeZjfAbJ0IjvViZAsZ9c7xKFigzmPi9iX4nR+f9VQNKaZkGpl40Mh74128Ft87/tXJJQLZtjVqcnknhfhPksQe5kmUnjwPEnX6+NrIO+BXdHJE5Y8NQS7I/Pv9bQ3yaLyTrcuNiKdju2UZH7KYPvC2QLrRhf5t+yvE0WIYyRruRcVC+PYv1VBCbzl6kC4UZt9ZKZ1QdDwzLx3WX5HwObrPmwGgxC8CgWw94dohwQixWC/FobCsK+KiDeR7/xnmD7j62e+/v4XwbyoVw4OKD7ld+vsZfsah3ZMp+9q5gbSiToz9p/O8H0NW9v3cQnpEkXAgafrBzrJorMalk/KPCr7UGMiiVej1kO2F8z5L9eu18ifbmJmCtPQyrebfhf/rbr5fTAojSzQH4A95N4mauLv1WS0eibEZW0aqvxiciWmHawFbCR8zlcD3GTBNEqQtewy5bsCyU0uGBVU7jPlvJGtYb9NKv6YVBH3hBZ6SoZV6t3fiTLMIUas/6hYsh1JJB0psTma1od44E03Hujxl8yVa7XE32g5eqsFfaSb5I/sGO6JheGUy9WvEtdmmLt2J4LzmOigZXYIFU7le5B2IF/NmWM7PBpG3z7M+zEa5vPi9jQ5KHIdrIHIjiDScnqEbLuqMSbMyZ4ByI6D6lW9fuErc8HcuazqtUVCrCFWqYFE4bWkLI36b+Rm5S1mMMZb92+bef6CnsWISuNIJzrg1QygoZKjqvn9pVunRX9zAQFSbR8XIE0K2fQkRVjUE93v6s/eERmlHSEpO9cXWVSjk+S1N1rQr/79em8XfFyE62GIyk+d8a/GMSQB7L+EI/P4BY/aJG4Fnn79XdiAuv9XVHIzV+d+9NEEJ7avos8jiU0F5XTXiT4EbpXqmkUBRBJuVD1tr6bRv6akaeIl3X2cnVpNcB0MfIkwOkXqGrS59ZUzXQgJ6F/oPozPagM9RIOdjjbkjvcODjS3713U/zjfKQedH45pqHgMTPjWvqfe3mDa6Ele4Zsry24YPN8L/JSY2FjhgW3Vn1BZdO7JdGvD0/md41j6jvj5+e8nLXkXDAkipHR/Xs3riS32l3aKQ1XgVTJJYJ3W+c8knqPK6wStOtO6h/X4f7H/7mHWQjv4M9f/95IGMDB+CkrnmwkBdgEtyQ732BOHUyfrXIGZxGwuyq8F5HmZCf83xYUJnHjXsJC7gT0f1Q3+3TNiWcWJ+XCHUZcY0OWXu0KG3wNmyVDzNK7FsOfkUKDTHM+p2cpZ1XFKXxikhUvSKmellxjVQcXXSh2tnyemm1uB92sZCeb+6CjoR3XnJ9YjTXc5q5YZ3DVr7p2rN/184noyagd4gIlSB8TDsqhA0+Eplv6H1RbBQCHcaO0FZyhA+LDaUAPxNgroP2OnDeRet+tRpcM6rbUj415Rx2jjjw8T/hM44Sj9CL/G0/dpqm+5uiQHB+7/yXS7RJAEmu6EAR5Itc58HIFL4zxKV8BaoDoP7nN0O8Dh/2PqPOPZ/AK+n7baGlU1Ss3YtPYopZK0qNipDmrX3tSoIhGt2i2xN2kpqrW3Wq0ViqpRe68YQcRKCJ743/fzfJ684eXJdb7Xb5zrXCccQa6jiEL81cU8KISbjxcEYFoAzXbfauPNIApuPEYZxIeuzpac7HPIBPTm0j1SAe8W79gN5GSzpAfIhJWFY9gS8vPjCrpHqQ9tqctV0faWulc+XMAzWqFoEYj9OswtouOIl8FU5WNOSkr2MglHaE5omfwhSl7p9Wy5fLMa6bTz+9D5w+zgw5sXvPRSKPHeUdlkfpn2gN2uwhr9XQUE8owefS4IQRxv1p79KkcFqBpp5EMKUqTVS6dmTv2Av/f6bgVyzwVAl0dP9wogbryl7EYJ5C5XBYGD+hhLtOP6LdK1xdKndV5P/ttJPQbsSf76rg2Ydv9vAEhZ9p4i4Svl2gQH0JD3eHAD1SSV5U99FPlA0Yk1iB6smWWgRC6DvXECaLMwRFkfxruypC+8/bhZGm8pd+lKKZm7sez/a9jhwpSccgdPwrPe29EQLcE6Fwa+luU6FrmI7oZmHIR1is6G21Giys+VUbVlhoT/HrHmDhTt3qEVHq3diIW5oKzR+m/RdIO4Sg2nQyUqI8GTy1P5ECp3OR7PwmmHr3p7Y5Rwgu8tv4RcqbhpaYKrzOqgJt9zJY13lzOgQsBZIeAYT9Tdzp+Y94hNvMoGe5ycFslXcPRqQhdQ/hzGGPf13trvQW+U5nw3Up29D9Ac9w74nN5cQ7pyIjnuzjkYF5gglT8gA66c2g7eWkRfEzv6rFXZKaZ39d3H9KBrvLG1cmkM/+S7r7cGofoR3KsGsrP6RS2GNrEm2crhWuXdMuhn6QGWMrSE8ma9dhXxzp8FA4rcHCcvuBazr104tFUOh/sobaU8ihFX+IkpvTSX281/b7lnkBGvtNaAH5Zp+YhbjRO43XWpX+TKMKmgW0FVyesI63O+EGMIOmDXkX23dEdRUdGsNpj9DAs5Iz1Uiesx8q8+UBiOjYuLk/kdGibZ5A+XWgp0xB9P7FQDGFc/q4Xrl1g0KXNb3u+130VJNeAqgOmZamAwpQd5Kp4H2Bguo854truOU9+cLoVsFP6qj3teMwc1Xkvy8WzNvj6J+Gjo22FsdP745V4koqwjnB/t5u36GYW0S7kYuOcGZgh/fzbB/oq07iRto3Pvwfj/25MSYO9mVCqQDs5WG7lprvATW939Tw+uKpe43dDEWQr8Wyfy7FT6/P0tL7O056GXquYKXnF1A1/XYVjJe3cOKNP7g/6Y5dcnuF9D/5FsHa4m6J2/xYU6WJsvOtoQv/hp2kG0XkWef5T1eOwShIXkevcBRBkvlwG9DJmsLqfUaBMk7u7ZLXnA/qNVm/eIHzRHPhEI2qqfGL4tPj6U4ocrxCqanw4oqPpWf6IHhAqczUT8D442pZfNr3967matz5pfb5j2VYtWOha6QK6qn8Dnmm/8S0tGxxjC1wZgbIaI8VAInetP1K2bZ37WsvKFAwDeS9RLabT/LMSfkx0DTWmfwe+jORxsrm47Lrh1qMg3/15m0bs1p3XT+kMALm9GhH59PwIDRftw0OMYB5cyfi04cNJvDWCuHNjKdC1mdEzAEcUSYMO5yp/CIv6iWzvmX1e+MG4xvmPos5bZFLyIN9573WS5cnJMzgUlbWM0WnTHNUSh+mdAhzKGbJXXNePQDvD5AvEfV4VFrclyMaMS3VPybj/nvYP6L4b+3edFuQyPDfrxzWW2ORBNXhKBkO76R9dNYDBYkaUIt1ej6coohOT/5ePKL5TXOLZwiS9ZwqDWxEvARR1vs3YFP3T8FtOhQLkivpFu4Ai4r9KL8bwHQLOh59Ko0jXrtbLzs0fqtTP6xd0y+pus5hrsr9TNntwn7jUJvo0S+mtSQTWnyfITWwvgIldTgdmuEec87yAqPWjNB/Jc8IVuE8wBnFypyuokpMuUxLvzKLTk42Q4+RbtopXtTY0MYDwecztc08dVhr1H79vt+fl36syxlkfeJf99bnHwE3Ux8N5BpLTjoYwZtjrJBnh1zqFGcsmtzbGm4S3ymirnW18Tm9LLq8EP0H+qSHuCe4wcCPvlhrfwdl58N+O7/gye+fqniR6KXoE3SK/PLy0FVMleg9rJK9mKpc/OuF+s1uzlm3gfmEZTxOrKVQkI/fW/KG8JiH4O+vPBAKxgDkV/2p1T/iFIZb+7jFmA2PYkt50uYf3eDKUtT/gVjDX39dw6G54QTMrXj0QZDM6lWuE+8ZhzNA4VU9LJgDC7vF5zmuGUTaputjiPr/kFMKbbzqViOLMs43KY1c/wd9kJzROZFZHMPzEONC/1j8RPm3+9ebiFbCE+WD7eDplt/YW+2t6dIOS1ZKYy9HTsqqlu6c7enjpOzpOit4pNx1sNcMbjlz3vXQ8pqhFX7xPcTyKSUSlo+FY9gvk9SNHPz4881s4xd4Nk1mEJ6SSMMkM3fpy/YQTVP/wopKgNMlg5wRL5khu/dlDk4t9FolO1a6QznZ/8dQTa6xoygBvnw0qqm1jZTd11A1tcLvqFkSR4Dq8ktH3uzze+uJdGY8EQpvbzh/StRmdl8QBrhQfL/I4SFtceZ/K96w/9/fAKYoJBN7QUknqxD6426WyZNmXi4IYvdJpgPjoe6XevNyOdOo+BjE89ZP7ruX+Mze/F2sa+OtGIZ/OZuzoKr7Z8MuagJ3OtsZbrSinxWomu35UpexXdUX+DKeZm4/BAhbbHBAWxAxnnQ5mLENUeFAgvd98yPJBgvCK6ijHGt82WvANb+3L8BDJeNS/63kCgf4kC6y/y0CJU7Fdq4L1LP0VUsNzxlrdnLdr4va4EaM6d3yRK5unWu4Pvzu7O3tWsO92gsNFgfvl8c9se15Enz6nPxyDXeRQ9gKkMVjxt+/UhMRdWfKu0agv1hgMKwnlx98tAyy8h1Ilt0jDlS6CAYRtqhOywPK0TodtHxnhig4X0smKYkkgdLmglx14Wv7Nq7NikO4McNOpWvbfWlnsR/YjjrzeTqT/ihT5JPHho6WukBJ7kkdsfzA0lx0NFZz2WRq+ykYR6mM+ZyBwyHxMJsRXsvhW/IxwWWHKwt0d+F1lsk7Y3/BQ2/YbCyHbIc4uK6fOCu7JA7+bZxoo+OT40kjKtcQX7S6T6jdulnIy5Kpx1tcf23xU2XZLLbCmZ2/hwfmpy19o4TS+K/UYmZyE/FRoixE80ZsnkfO5+GbI70TVpcsm3PVjKOrUgQfMIMLzmxZTpsWvwFsVDWp1ANLLM5fKiL8YgKBVydAKh4sWy2haLwoZR442BVyxcWnn9TuQdx/6/yjshPmSHG5qMyJcKv4QeOXk633OY/4DSdQ258YWCHqaDzWcpd/5bIpkb8pgVt4w9z6IFBZ2sZDMYweEmMWKuQMoa7U4FYTkWnXMwv22KrcaBpKGbXzbBW1ac1z71C1/CDTESuzdukXsXKIM0wL0D0h+Nl9CbX6ppA5DvRRjIPW5x3psvg36kCHcpdmLl2pbTYWrapOrFVCtGebhKq3f+nVn9CHjX/xWQ6Xt5K3bvfzZadCR0rNi1fLvr0NL3s5+bGjlxmyhzv3zw+wcJSMxflAsek9YJdMD3X5yM2IRkG/+4F47k6hSbXhtW4vSQ4cdpFWCUA1gE+NE+d/dnRhwNYGEAuKxP97Oh1YS8SPqlHcP4vGhYchQi/Z8tjfEDb7MU5uuVsRrtKiKBVUpCGlcRtwi/xBkr6k6qUDW/CgYcHiI/WxJEl483MvuL3384WelBd3fFee/AHMpRKZFWwKB43gTW47n1m2a/vPZj+dRKsN8bOx9RPnMTrONbApSP90C+udPOLyypCX4IDlpOMjrNbLxiJuc6VoaOz734gJHES8vdb6mI31dTBxOPcnjRn8n7GB6CwSfU/wAzRcWq7vITdUhHd9WYkBMvXh+HNvXi/1XBLleaZeZBLxrhdBiokm2FPqVFDiug1RcVgJdJKn+MfJ3KUKwkP77zczGe0AWamY8n9cTB/ojjH6xWGo+u7AJcdtnrnDlcEWCmT847Z7VveOb0zN9w1rLOiZlW0Ft8cSId3dUbihv/cqknNoyq8YVCLIjGrzTkLX3Yg9aaaL4EQb1BQUs6t3RhHCM1e0iT20HV8gVbhfvJPs3eW7Gokq0kW7Xgd4eHKtsCa+sT1KZgJjBkBuI0naGjOQ2KD7lYjw1nRjg2z46lICpG5j0l1/qogAzMCI7kCIEfvvKSOj/CcS3jOWTyA/wFwFsge9A8lja9ZRCBFSAn/vshRTvuoFrMovDHpdViUMhBiTFM5SH/cCtK9Kh3hBH57XUIWqkCx/yAyH6vXxGsBzltRTXv7X7R3pvPFTlx/HiBjh9QHXnfwfiARmvPoHbfMXr1iSLRMRLkJbvyeyARHjE8JUADrphqI3ikQ+5AwDUftanBAAD+kvdbGoihPrGcdcbPTNR4zZUZqZn7eGKiqx1oPi+SmIxWjc50WxPx2RFJJXvngAiwxGzAF5GLl5mQfmvYC32OWqB9pP8D7Y9MFqtO92c+CZok3bLAO93vX0uIcxuIC/jycS8yfziXsfpvW4GQhkBmV9tgqzlkPMsFZxXZ7f5BlCh6EWaqXi6iEVMztwieFqjdFwg4yd3y3+vvOqn4fPw1Pav8TQAnAryd7QEeW7SoYrz4ypMxCtemYFhti96ycqtg4KxuHUk4o0mwBY4M/pzgQLrUThq/vzQ5dtKnI9Ukb4f9k4Xu2QS7s9Y81JXqyOwWriQo/fFV/rWiFMyrWRDD71HBii42reXJkLXTLiFzvCrmpXZ9xsY52SGItgzXkhWFZz0WRKO7SgUal2wYXBIQYxswRdK+aOrS+6ZHgAcYTcRg7TxUxTAhaaZS2btY9PzoF7VxO5fWRqvsMVKt1sI1F5LSKEE/fAKxp+HrmYPSyIBViRKpYhHkCUSY4wew994kAofI6P/oM2hjfSdSFMZnpAfjm91i1+o65VoYT1Hr+vNMteYwdM67Zjmbe3DfA4zT0S/19VtnO3QHnRp6eFmXG+H9a538B3lPHTq6qdD/biAAgLnMeSkymaFPPB3V1AozLt4oooFkmRwYdPoPLCZcH9yAa1KsgdHqsV4GPkFh0vKARvnPdxN9wDxGxIH/RKWQMYuV9xF5gPtSvhSA1H3vc9V+hP+dVxej5zlYtFnqHbI95Dt4XiOWeFgVmRH36rGc6WyOJc+QZq6O/3Gd9V61PDIEtkdLAw8JhnAxa58WSpEzI/dyQTMbZh8g75bRAzPEu4BxKDwPzXxh99Mtg4PyHqYb91k7ZAcVB349ldJgDWisfb98Af31MrBAUSCvfXX5oQfHvx1m+DBTv6gbhRYdHLtEvpBGZMucdzyP0SA/LXgcrHQbA91iXOYO+oWZnGJOEOs0ws1TobfqJbXw3Xno+1hbtcOBpzUHdXIGJBKpCJ5Neok65iUCXu0MWoyHRz+2yn3GQvn7Qov6HKXff8V0OTpaKf9N4Dm//wtI6rC22gSn7K8NYVfuuoyI20QzaDcwRGPDmV5LDpN/ZhxkrctkoSzVqOpvVUBZFZIGPpa2nB55z8/PB+W4nJS6KUzuE370I4MOJstqDMx1CVZPVmHLo/QH2YlauaCl0aTHgsBiT/MxSypAplIk7KP0XtEfAulRkKpe8nse07+VypXVxcsiQ0kvEpZj4BrsG695qsiiEuCpLsk+BTR2SQFoTIi0D+6vbBPsDvcg+JskI6omENmrDzJgSVMrcqbJiFW73kR5JqM4bfFFd74zE4XgWIH69o4JhLOHyGCXJDXY4Sne021L5/TYHTjYODUPLtdkQqwL/cIsm00cW/b1JMST0PTYQcEhqEv8zsVrAEDW5Wq8XI1k2AwydeWr+HGZn+0axvthD9hi3qFUlJza4xtfIjAreJHZ2z1Nm/+JfWxE1ctNMKINpczRirq34lLCAtoRicULaEOeIATRD7+tVgOctB5e+AIMYoeWRhdkCdRdcQpN8ZOfCJDPpQZ718eZmVgzzM48LW630yn19Q7uv20a8E+eY/ssoGDWiBkUoycDANwL56qqiLNgbnTZ0Xc5vQkNjSfRq64pRuGHBKP3vK7ybOTFI/kvRh/QujUaSa+JyO9AdU5phAHLETseJ/PWwM2UgGNRmYBWlOH6v0gOdlWea8Z7ThHIx3800X4dPAFoDw2t+Xaepoh4BlCtllavqHkhxujIQNZE11tXuh7KCK/oqNIC5Z4s8cgs+Cu57bD/ynPfjrsMFHILRkHj4YQpYMfSwDFhdbFLKYDf/ln3j60219/9PQXTu33HA3OXALGOKFybxldRiqAV53SBi6LfRVtYVaBkf3+ItmeE+g+Q9d0PrYqvt3wrKhK37mNwff9iRto3y8X/ykNlNeRLmdynoJLd/Q2/cgeUoMOP1KLuEfzhDHy77f5WnYCYbvz90lwX0OxCG2rdmslRivQ6WAusyxSdYAnlJQEAymyR3rJ6KfrcSydXvVun5s8y7om4GPav9z6NwntrLT9W5NxIwre/guG8zXpgBYnI4GrS1PrNwJy0ObmgOkGSSpsO+OEEYligYYV+xGO3MFnqe50C8NFemkQ1qV1PV8i850rscL1TCNctobskHOejrhhTVeDk6xKh9D8cJU3YSfrAboxLPIheJ37MT1KYJBrcv9Zpp5UkYqSELCRz4fyWUVcCrp1tcFMGKhePHxp5ds/3DVvAsWQ6g9J8eIdD0Wgo7/EqLeRmJn73Z0b77/bM00x8ggW7OrFw8AbymUBT+2Qj/mlb9ekwUfFkVRtC8Hx0ZPABbDLgeoH2L/WX20ch6QCbWh9TeLAmCLlYt+IM9RZPYTE94kJJZHlsF1qP6yU4wL5/fILkcj1X1k9D5TBReeTtRP+zrHqtrqa9sscq9RairxVoGeLstY4oUyb2uAdVOS0B+ax4knlOOTkh19MUIoIbBxce2ldpaISyChNCUhXiwvtF++5NZilc0IwL2Bv8EmNE3GGDNwbDfBT6HNFV3eA79VCBhcAAL9jH7VslT6e9J5kSNqSIVR1qQ7+XslE5u6tK/l+UhB3adrZyt2+lxOK4M5A/4CX+HqjjMr6LgMfM3yguafHvP4OcuJWKa5tgHxNlLTawaCl/IW5EE/wzBN2zts/JKv7icaU39o/UsgY1KzWEOtgslvRuOaPytG4Yi6Pw62vOM/Qc8mZrqkJaa71+0L5ymhKsBjj+Ufwxm7BxOUG9oadUQIH0+lEc4kfYQ8IFgM8VJqxtmmTa3eFjuoK6AujYWnlm9r+0SccIwZNrdguw72OEXR8RV9KA464BChdFUS3vtkkq4CPCgPOugQ4Ydt0tKAMVYJsietQV34/zYZJTStr7qikUt3zSvfJmW3DpsaTnZo+Q7RtWvsmjGxUnwtRg7u7rWoSdmsOil5sgrWLMrPaTJR6FbBeHoYovZNioUmOGNfR01+EpMxWQIhItt0xd8IzIW4vO8PCkf83au3dFyHWUmENneGBAA8mvMP+y8VWoXXlJS4vILm3OsZYnRn72e4AJabsmkgXcf577o4QVufcFGO3XH6fO6zaOpZn9avpOflB4IkRaXyfRTzUWwTLg8IkfL2rwQeWCLY+H80ROfIBtOTRSJ8poy8pYNeE3ZH/txD7gWssDAOCtvm5W9U8/k1uLJ2+w30fgIe9HFo71qfNMOR+NYxyKjI5NkBMSJz7PyGtfyW00D5CLLcHtPM5+jJow6njmDllt3UtNJfpNXDu+e44L15SOvGA2LOiB5kjDHJHjjyMxqKncFNfBBb2YxFtCFJji/HOMvc4hEiO+igYVpFblCmrIlQzJW/wSUe7/dytrt1RtgOGo6s4QxqZkE8kw0wMAXBygWKNbV8XB5ZHWn/8LUaKBhe7B2k3h6ntlCldH1nlrjtUfPSrvm/s+voM8Odq3rPdaDhqzr+An42aaOFsZKCkLG4Gaq3QZLSmlsIZ/Zmu7hF7jQIZ2WNdb3AjZaCWbIpC3S89+f5UUfifLLm+BbHoZLypFKhu9qQkGvP2jpdonbdP/WxfdV9GebhXI/L3SYtM4i/R88kXpZ/eA6SRpj1QR39PieDNvSVOkxbMJxBbeZTcSeWp4u7+bHhy1upgUqOq66/8kt09ktUuypK/gCVNgogJ61clJEGl9RyZ6E+ZlcUu9a951YSJDrWvmKi/RR9ALjnLYiF7a2A/sWvunDYcxJSBYfmFdsIMzQR4W2Xtsp0pIawMP790oQXLpGwpTaHYRWkh+WTl84vTC8xrsYFnFBG26AJlaaoRgI/r9tWVZBcqEyN4S7tNtrBVShBUcLziTZ4pT0GFF1n35nstHjrBppuR8k9MBZ5KBDsR7+as6ECKzSqN/SiOTCWCZIBYBBKr3BvkKoaxwHw64q/bEEs9zOCpVg+KBrumzeFhQAGcwAwCQ6YBjpb2mP8+Hnm3BVbPO+OiKkozePz5ye2ragxJ70YPKx+fGI6s6gNV7zH69Ri93sLpLwCSAoDA0Kh+fUMwsMQ+9Tz9DpAO/Y3q8FPlEVvklmQr4PD3HJ4THoyJP3S7BHvyrned1DksaNMusJXMht+u+RT1U6IgiSf0udjb1+lDs0CRpz3NZQb7dFvY9uv6M7fdudvszzkyZ8fxi0FYnnB3w4CtVfCDLPDQucCysiBJINfxlxsOrFcqize0S2UzRLxrej20N5emkiG363p/ksudsS2G7eXO63n36x11Xm7ToEKuUG8gbVA//GDcGMyRIv9mc2O9b6PhwNlBq2VIl7a+b0mffANaNV/gnAU7p3kCWSp8ZmINaydDXNIQNWkEg4AFW2GpGWq3f2XJeZD7SKkXQ0AGkihqtqSZHeAr96fbqgPhLQuGkGByBEaHejTU8UUA/hvqCblN0SVSg4c+nPgdD5bVTxzuR2bGqkv5VEE/3ppTY90rtfRMIX3p+W1PLoHGs2Qf5LJlvA2boIj3h6B6uksUP6r/Ch6X0+SkOF+Gt9cR8sWJmkRLhzX5DCrJ0EnoLDIXmO1gBAEn5sRelFRM1YTUEEGsAnLcvQ37W06YxFbcoGzJB8G7uBkfh5R6yIu8cMOkMwAXJB0YdBhYz5RZRY7lVZEdayPPM1TY6CGHfVwdidqXvX/I7suxowWVRljWoaVdaQbz/xG2SYxTYhAnl6wqepwIe7edZeaF0rksRi3Lrh7IN3Z5nj7jKp0g00eqFAACvsiu1uu5y3dTWVffrOfYYKlY97b9O13FzX3XNqnm5oLt0uQCkB+F2OqaZIQ7xkApOcluqqHg3WT9dkanosll8xHM2PHlvPNziTYVjBASX6p5TcVcw2/Wf3avxgm6R8ebIPwcU02vtAevOMOYKHFR9zePZIZtJ+k94MUjh1Qv5dVS8VIqKw0O7QQW5hDV0HPSspH6bJ5on8Di4jm/+927j3W/DPvL2LOcipRyVjct1P5y3Qz/IbbxYfUwesS43k6CD4A5u5uXlvWnZ/XPfZVyjUpu44xMc7UH1MJYOtAVqDu6v1UkWJ0G1tbU1UgWdLSRQa9Y2ty5VE6W7E7qz1w3MnbtFVIr0CAZU6AfxlJvL53p7uUVl+BG57X658HeP/vWiloOiP+QXLEhHSQMNeF+3FwZyN3jP7xQaj1xiRd8SJpKfs//L4yOJuoH771RQHG103H2XXbSGpBnM0NB74xHwvstuWrrGgnAe02Ldqe1Iq65qzFLsSFN9yPC0RLfYDYRqPLx5ciwFcaAv62Qxo5Cu47zNeBkNy9RJsHC3yFaH8awGWoGidswok7Xz2NDlk8z3mJNM+4t9p9KWcZib8Xve4N+UOB5uoa/M26liT7d2RElHyku3y5dFvH7KM6UpU+TnziU6CLgCtZ5KUQahk96dpCDZumvDzEHygnxJ5NwqgL8d8MjTpPx7SW1DlkibosLOE4md1Q7YlpVnpEF7dtWd5EX5SseSBXSrF5whnfoCYO7i0tvHtkeqt7Anh+vS8/a74M+Of2U+23pSVIh7lLC4U0P2UT+iKdwsWFxAlZJzRQAknQf0FziReyFoM/2D7qRQ4OmTep57+uADLv31bgPzMH7y1wx4xSUNJl8v1QgTfPeOzgd0XYLYb5XGqdxmdDdIW9956dmz5papRdBWdEZ+UiQFGNp2mz4D/2h6AyXvAyiqMSwoGx31RxH4kT3yUBbwtvLh1wqGyVS7jCpKxu4Gr/sCKcozuWp3ZpDoRq6gfzmy1aYQ0uELTJ+lCX4VrXIaSgNp4ZGz721yGSkyrqbY2Pa4vdykj30rQ3QDs2uIACUxae50uXzPoEl27Zsut8EUfGCVOIJraHR+KvtJmeptL39zo1qiYFh1NXE1en2ddWV24VL3VcCr09h7b1I/OyR9W8YWMspEeldsbRhn1Yd15lWRIwZhz+1drKMFT9pPAYOwXp3aBApQjX4ZgkRHLfDvLkmPjP6ImGrSVyG0//uTR0ALwoDTLqOcXJYPOlG7aPFp13O5J1211QI042g1lWMv6vE07a6D5huI4G7QRrxWD214A7IcPbXoK6lnMlo3JUNYrO6eJmGd2+JnVhLEBmYuAQBsQvF4m5wdd9FbmMja44FGW9HvoGKmAJP32hBsLi6XGrLwojSwnbj6cCcgJfiNJpG7lMlF42Ykl3SSer7uKGMgUcby+Z2BgjvqawWdhwcPlBqvJX4WOaVyvDwYKfGySujTT6CAiBp39U/mJ1M11xTSv0f5JRjuC/Vxyr93vV3ZcKd/tOvjnfcSTRO2Ot/PbQNQR/3SponjmU1TjfFuADdTFCb7hvab+8vJwJYBC+4kZNHnqpPMNGKuBOBy/NuqR5/Cusw89jiQqoxwVWbkRfkjv2V0DVFHRekCc/qUQJ7SHSOBAIx/d3hnNtQk0S8v28y8HPtlrFXNxqPntlBO+9NPyXAV3S0lN6mX2B8cm/49KA07lJ+YfcgnlSCtYXUbNZ8YJ+jhMd7iCuBVjQFKywBFWLADUqK1q5oR+3Lev3OCjBtQbzKNUlvw3h34+barLTudnFLukzWbLJNvV0yRjmMr8jTJQGsblURIbe4aVcYpBSMqih7L8sd1g1wDp6uchj6nWCL9D+6Omg1J9RrhrTYqAnRHS5demzntWG3AKeX/ncbr87yd2eJYTRbs5fZlB/3RgLutQOFO2pCiUOzyfUp01LRmYMvrgPKM5t2v0Jle2f34ow8qQXKsIqkwWmf0c0VTehohLUs/B6gjUM78NLIex0ootatl8hJMqXuRAdt0C3HdULvUjRE7+OtXo21T39gHip9anKfE63QX00VZTF3C93gpLDoBM6OrCqeIJMDyN0Ul15PRjmrGm9zyPY7Ndymlq+5uHrry39auTQ/4WzJw8csl616b2oSS8Z4I6YXLTHFgU9MjracdpZsiz9YKTGIsLsUmE5+qVWHerfVAFAJmGeI/6YG+famMsKmfki92E6hPnXuqhXpekttdk/fcvBVyd81Njv4Ucx8AMPviyuJ1LTzEeuiNalq/y8Osx6v37iSqGEkl1shnl+8xN24WnBBgx5d5ZZBMj+/b8ZryjC4k6GQ+TGDmnfK3SBNRdORIEo2PyRIyar52A1guYvSxtDEB88h0fYdG6jCiOyVHU2UzDo67jFARyaU1gT26WTe5lH3x6E3XJLI1W84dFbgkRcSuYwwur7QN5J7DgVdj1j0Y4FjOqzoWzW0cuyLl4j03GTimIT15g5Js1j0tdIn1T1iRSKBwtYYZctwuRagF30qHKrZsQYpMJtpzDnr1oBpAgwyDpKVc4IJn1poNGNgSQ82kvVT9hCv8a9Vh2Y4ZRZACHSaqnDp8mk7UUgWJZpzqeKti1xZqF86hvCqiYMhaLfEr9HWhEFDi11WKkc2RBf5LQOviQ3lDV0jkXFC58MZ6u5LxU7ihw8iRFuS3X6lIONwaO6sdQN73NT4yqD5p/Mp3QJEaNo8h4HjevxU5y+TAP7+7SgBu4OdeGbC8b30OGsqRWYnaPxIZeAt3B2mUpE2cCePHvHyTHsK2prPeUuOZLvXhFj9qpjSbTz8xkPz0Kgq04OJsnpKvh+9Keuu6GK/VJQdtbR5Noun3wEPdz683ll0EAKh1jYu7f6Yj761uWshflt/+iyjlOyEqnGRuV6B+LDsMPrROr0OnYlyFzaESwq14rBYVs/8VXQEFhYUP0YdPOAKVxU8cBVdXpUA0orHkNrp7fDH/BpP8hrGihOto52I/17XnkkrqScU1e7+94AHLpUTsJ4ni34JXt+0oIPuN20hIj9DlgSsI8RFX+a9TP1KLoRGi4wwZ7Oewmy8QGERVckdD3nWgHxBgVy/ztiwxO9g2T934wnc2RrBbg0btin8xiPHLilSpmRtgRXi9jhcRikK14HOVvHpg6/NL2aJnmk9gD02De0Duwod/6zoUgHC+kyndrdv3TDz6v894AAMvnTUK1nh2Hn3lGvqzerxzjpMNk+bBgMuhFeXrT4e7ESuiLZunoS6ZKfzkMvrlWWPxZBec731mZEnydoMyBHL2p3YmYKO62LS2Rno83IX0bu89L3cXg3hy5j+MTz7qEEHmyA5tKRU9LNOpsb+zeEPRfcoPXz1qkSGCwh5lNW5Z9Eev0lIMJ3pt0GVnnoLQZeB5I6PLCEm36sx+brxiybq3azzM5BJmPuqtP7J0XvLlvwDZOEn/lbKtNMYvmN1aLaZ+inutplzUBEvNzCiUiCUqAEvncjnG88ZX2qJxAU+SEdkv42H3JxDf7k4g7gxp7S3JDzbxJ6l/3IYptLwR4Qv3ivgQCW6QoxlPR3hWk/DFoL2DQ87j+LPm0fBMk2X8vRTh+hipnJ0EeLyvgqROQKN/3mKAKs+Bf/bAcZ+EWMJOSztlPqs41YyL39FAwggmuevEs0GWgUYx1O5gMvJPMs6bNRTt+582DakbHxWOQXtRrnzm3smM8zUpWlQJrld0RWpOhzRtf19jSlPQsSkykp4P/2CyZwCtvBwBe0nz9dJi1dKzqzH5w4s3/WzrCwbdci0ZZHB+Gvtvat55zxSk2NVUfftOxJrYTrheAgG9KDr5NvYeLws7hKmT2PUbSD1efjU0B46iE9Kh4CV1UeGk6vumiPyOSB2ZWRdASHrLERwJ/iz4RGuGvcCAW69epF9KTxvHHWEJR5ngukdRYXNDTM95O2aSE5pVUegp7zvffubGw/WHJ3ezwbb9pz2LMicSZO+y8WyPGQ8oRaXnMnOFjkNkf+s4HVpxNrsuGv0PQdE2oHmsc8M0MmtK8lfMyfqgjtTrZ0ZGKOOmgH3C5mRtUE48UqXBd9Oac3LLW8KAlzqY3GVljTJCLC1nS5jWyIsbV9haGRuPO/6IkS004+q/ycODfM9LPTq0Mfq3bLaYQo/C/mJFmcKvcOBQ3uhC7sd12uH/CUI7sS8S7HDGSU4HEDDuN0WKliP/GW8PHLdoFf0WjExS01pwTeZzD2i6+1l5iPuwXRqGkxPQPGRj2cFeV+IQaKj6b+0RYYuuHFjJ5SM9c4nGOTMH5uQXxI1FsVhzwem6kVa8fOFQ5tEZV9WDmSBPanDmWJt7rfuWTvOCCXw9L87MPWlqt9jbafCo0y5mR0KM2+g7GrbH5b1LexUZSQUAzBVZiX6/O5iaRl6EN26x7b3g6fNKP/v2BSh8XDVY56TKGqRcjMtNRr4Y6s+9Guk0iLSWnHz4g6VIaP6QnPAiHCwQs19Bn3qnU+z0y048KnnvaWGUxgbK/pnX47+rVThRzP07JOIH8KBmSZV2isTrmnCNePiYzS35w92uz7CSiK4A4cmAjd2z78jm8UGxPnk/KUo++6TmWrnCTmlk+f2h5eDB/vCRqZD3IzkNKBqhMwOKZK5h9IYmNKWaBvvHbwT5LKH/Un16LPgpRuFSNfSABpHNT5If2G2ct+OZXkrQkDkahFXCCO+FPy0J5D9QFKle/OyZVcVWI1sI1aKLHp5KOOvlg/+RCKq0e72MdgGOf+gNx42fj2LVNdOpASX7h0LSAAf2n1ivEdEqo+e3ptTIPc8kXmrXLx8r+PoUCoMCl5OMZp49fSrnu7/+T8xvDcqz3aExVKe0czX6fMFRc76DRzGBe/yoIAKlu2Xc6LcTTMMsvKSuoSHc7XLHFFaK7fS+HYwaxLUpEvHB/f2te5eBTaxodyvHnQuUyLH3BU1ML0ILP3OYyXqcVC9d7uxYKUqu0oKISwZMJkmHMwfVdQI9KmF/48yV3cDvBIEtCmi+iZz+TIp/kbtKxtcE7Z/Qlkdvw5hEpnUzTbf5ll4qeFYqoLMu0YxPYFsTAoet+4W1cCRbt4oC/9C26TJ1V9yOy+ZnJ09JvYAmz/rF06ffuZuG+zmFD+UfblFGhBeYS0L+fj4I8ze/CEJy9rnI73PYNJp5TWGbcIsCJ8PaehAUT2w7OkrZmr0y0qfP+GFIw6k+fxhY6ANkyHYHenddx2jPAAUYYg5Sdbzy5JFDpiH1DmelUM9DwonTc3dT57yebNkPoX83nmT8jRXRai8jQYtrm4jxrw5d2hpYJLe7IW8CyM1jDyAzuhDgeUMG3PuOYyHQQ0OZEkQQjf0uvXBVX9Ql1YEIG9Vul33VwiGjI5qRA+ZvxCGZC6I+NKu6ebzpmskX0fJX9JrdBQcKHnz0+5jgP1FyXBD5AdVo8/TJJ2BpEXPwsI3NbRbvJx/zpxbznUBOUj4yhdgv5sq1afkDhmXHIRJBnRdM9QeHu+TRK9kwXMeKwAHX0MHXq2W/LgBWe33UD6w4m1zbUtzIdxYbx8JeibYyHKO4o/BtX3iEyWV6q2LGPSiKfHhKsETt7aZggEGN+GKKob1uC6OHn6/7NFWsFUdAXOUyIyG6gHjFbr4zXmovsHpcQGM0SHdlfrmT+74vYmerYdvduOzlryEGCBl/aWBgoHFqF57Rd3D1h3tFXATZr2S2e0PMFPpP4MeY3yML/ADnkF3CqH8VEQB4AH/8BY0GpW9V3ugEgVqTpUUqLVVfrwy3f+vdj3yu1jJ4M+jFYn+jOAw31KZ1SBLQvMYMt6hLUi8fMJd6lYMa6SpxuPQRN+i868/froBWMnEDs7cbpkl2gu8mtRte47VCTenaS3Bpd8VxDf5QDI+daKAeHzmc0lFyeLr+eRRk6iE464bTafazdMY5WWy9UhQfuQlvphA3MVbXK1PpH7q40j+z6bKI5uTMPs596LplfL3+KgDws14tGamLG8T6+bvdAyWry4XaX2o6qQ772/YBgoyGYKNxi9HiJ8+GIyUgOXtqNvmHxmOppeRaLWJgKfNGBJtm+1y9dQ9K9GzP4eJfH6Y02ac8pLum8QjZe1Yixb8plExcZ7nnllt55/USd1JXbpcK+5TnwU5h5dRBYpok/Pe1FNDrfD8VL7yK8P6N+ZiUFtoW7PZGA4h4lCj5SOw4rIloR3XGFdmA07dZ+lSfH2HVv9B0jeKGwNAs1XeiJwiJj7tOR8a8U5zNRqI4uLpomr+q6PQ8yzIPcAcjUHtCjIJsupNpHp7SPLy4YPepUo5D1/SIRpJMBUtQbJZFwRB/XD5kjw3lMAsvyE/WExHXpA6JHXqL1gYc8NSptj8eFTcRIy/FXvgPJ1s+ceghZR0p7Uc2dfkMZ7tMOAXd4OQEvN2NftCKGhz7O+NpYdKKkh38QAMpeh5MAwHbNLUKrmE5ajz7tCDanB2vBTQ+3lIOOiXfFjMqMWv0XOxUozjjUcwsi8M8JtDz4g1BXqqHfx4lvsYUV8V1uzDN5/FY4IxbkCc8CvEuB7hxm/iEhKdtgu+gEodl+wZx8OFNkFHXhpgUcS9+dF6njaJv+6mSeR3hbAi/7nDgCTXFJQHDgr3dsoKGdukBf7isn8yyQRQ34kPWe+f3TrHM38O2PpNmoEdpQp16Q+mPldpvGoGGme8rfvAJcr4V6W/vN9klmTfugLyv4Qv6rFihU9BXYNJcFD+BcNXFFzonIFwrBzUPI2+ri27AStJn0AjTYwDfcWWkw6yjqu+XGxXF/fVsr/88Xichn1oS9o/AS5Vv4rsLn1+HLcqG63izpAgeVimnCP5TShEGzVZNeXKCzgrWt8/mFQMyMnW485OTrjc6UuL8qk9ZuUXF3uIhTxhPw/Bji/uZ9uA+iyxDYErA8Ki/yPEz0cLldnRTu4oTRAYUoHmtwV1yVu+HSmOcT5/po9btM0VG9zPOyC6EifOUVpYWf8cB0OJiOl81IO/Pii2aV6BFlviVM1A+JFserEuVrtfuabrXX53XK3hwQU7l4MLQtLyk6bouG3MQRWe1imqbH4Q0WApM8/hND92FDzRLksROnZF+0+ZhGJegEiSP+n6WbcXMafxt8rvQ//x2LrNCrUuRizFKD13YCZfxpSW1KAuyoJSFE8mVFqJur7wGYY93sB+X0DeEeIHsovK3NbWtHCPFh+NeTySorsUjwS2r2dvolS5VvfoCY/exnUg/ZJxi1FTudamDzKqbcU/lcRWPju7VylWUHajb/hoKd/V/r6gR8/E5BLJKWmmrMVu8PqnZiKa0/e2Qia02Ooh2Ayog04h3PtxNVm4+vFpbeh7KvtGhztO8DOXaFNKBjHYvNr1w6Ugi+LvKHYf19vb+8l7p9V86P8/YbvrH6w1FjxmzFm/sHw+Sp+LvK8r3hXUeaE9963tD9TBWjkbqJpPFynwoj901toSA1LI6+770ajo2SYQvYan7csWYt/mLydQ2lzVlv0ucPXnOW/XaFgxBnCuzM95pjc0Vr2uMKDV09S6xvWujRjb/Axvi7wLlAjp8INa3XaP5l5bf/vvzio7IF5JE6o53JVJ/Gxj3+O7e7YA/CukeLPMiVisv46Vtbmh90UoFdz0qre3s51qK+c6Fiyzm0Q7o7RGUgdnH3RLeJ1YdieYwjK7kxiMmhlZsSp9QAfUJhboCBqi8eJ6bt9vlt+wJpXZtlF7F5rI77u2C5R6vnrZctcJMm37Jz5aCrKqB3RICpvaLih3ihkdyB8b+y3/62CeYSr0erjeZZkkIdr5Q8OzimxULj09AG3eTLeksk6yPbLoUO8XSV+wJRBPvPI0mfvt0mDR6GrXCk94yONwdjDIhU9pZzwsLzEL+DvlGRb8xG/JOVVt6YLv0jsMC2Drb521C0PXBxdftsu731wh/w7+4nHIMbv56JEjOvqxet2ln3ZcO478C4YtU1iVYbUIu2UcwxQpS6SXl8d6Os86vFXqUHOroensQM37CPwuF1Eq41WCSLTZjuORHbyrtrY1EzPfDi940q7Zum2r+iA74QLl19H+wNG3WJJZMerDvnrqseHJCOUU2T91u8SEz8lrNS1N/LDfarT+p4/qv9vpo19D6h11SjSvU8uvyaDwKjoC3bYS0QrhZozBANm3DUbq8gtftwBSVrR7uF6dKzBe+XpKNtY8KFvnENWwRp/mjNNIiKlKckOKvqh33R0ZrcCAyvHPaWsw5z7O66wmDyIF0+ZpjoO38LEqdVaVMRBbrte/9dqyTI6vm4u4FU0kT6gsANv51+smDmN1BZiQxzsI1gRQvrUU0QO1bZwwFDDJM/m2esC43c6mdDJL6cG7+br5i9KxGGhoap0oSEm5zITTMXhYBa3nGH9ikTjEcv4/2N954TP/4160wMh7WOLNyP5i3K03d2Ch1SW00fbvWY/Z0PF8vI6bp7PR40rDYpHohWnGGOHn+C++3ONv+NbzZZvnhfvLQYjHRXk74wKy06uDvhmuWTZ+9iRdq0Ne3vhH5DeNd/tqQETF2xKmJp1HIp5MAAwCvFCJLKVpdVoMeVztRMGg/xtqeiH/2cgxoxfElMNvTG2dLu7x6z08W1AWK2k08iL93972gbt+rgY3ivVQdlrf2DAfthvTCIOew2C3v8PhUkdQ5gVqSyt1nrEjBNZH1SD5B5+zmJRuHYNjrMFHSWFM8g8hRr6YASDj/ho5xULyyYnTspdwIB0sFPjhQ0Pa4bykzenMCmVvTK6C4V6cwq9k8+TcFsf8QSBj/AV7KrU0A9YlxuWMHBfMKMbD1+fZsYcpd8I3ShAr1ergvwYq9yLobcD+yRH21w2UTOAUSs3sRCzD/4siO7WbCCa65Z6kTrSS/4QT+x764HNcB1Dplh3mgYRUMCYjG+WXgI8DErDBAL9kaufdW8IremNrsfTcR805XfnNtCK853Wh8Sb2YVi0uT5D8S1GLeFKagIefaYU0nJ2HYhT1m0btXVpG96DQFx5nGbd2DrJKmTaySgd2T/VD4GxM86ejoHmB2VfhKIul9eSG3n/VL5MaXAZMjhwaoeI2I8w9AkCmnrHodhX3RYcVzwyFNIwbcsKsmXTdm5Tc0/e8gNyMntY4nRzOe5XX/YSsoNBG+XaZKcM0oZ02qpFrdNE16Nri3JwD2tDu8NCFikXV7oqAz1VpkZDoUwIqo/qUKjGITPWpUujCZab3yry01d/vRkTKRfXmou1biIoEeShVTMkws/FS/KKSFgq99MeJiRMedTAKZW32EqyY+zXR1TjbV3a99mtLP3AySg/jSso3MVVAKl4C1L34mxCoyo69SUnDChlp+FyejQ6FgnHhu5NFK1D4bXpw416bQuOjnfBqM+kdKI9dm0JHaXJ/k+r141SX3NzcBNFLW427f+aFhIQOyw8+pqenE9gsEZ6dLqVNCtvAMyJG7nxvGp1H405nz/mzCkj6ZXk6RqqHz4zxKxkezQfbQWfHeaF0bGDYaEzBGofsm1My6alDfzaoJieHP8XrED/fJlfafLSe0dbWdsYl3K3827HYsmfjlgu2PnumVP5gNRL0+4Vkc314CrxqAi4ZNzpO5T+9GTH3nhUIABDLNVMT7GwXYAviZzKWH3lg9GwLYuEW3BAX/MmO3NU+nVSZ1aaQtffpN+cxGYXyKIfYdsyQVqvNmmRAU1LnTcjdNm5FiTbm+96fRHxHeAdzvW5EFvLo5mCv8Q/kTAlEgg/q5e++bx9zvhJV3t99ww5omuRsS7GAtExt6ztPIqrJ9hWkpvvUSokS1STcb0FbF8K42+54iQD+FRPDfRiLf43mYk0zqUyKRDhRSMMuaYcXOKVRKp9g92vrOKPVHVFVlDMVm84HilccR+skZOcA31juamOq0UGvbEJGDiOY4WXsVyhpIefXYwuXYeag9uMeZ5u1wOvpqulGjr7sPRvN1NKdH7QgxfKSpB8FAkx/UVLHjqHMb1loHPk5z6phHMcd7ejuq5FaH8Wp9JyY3495+rY86r1g7e8DKdedwMZVjLqlPcPKworc7sKm1KQO//a3ZNiznVT63ughbrY/aU568bsGYcdeWz8i67uoSsE/plyFjJyVfOSBcQosFe9w0U0efKObHP/mY/JgNRFD0aq3dFHFIyptyM9dY7yJ6Vp+obMtkynGwIiim7Tu9wRZHIA3tS2U+RK3crBISt06JfSrSZacYHLFACdf+R9jQtDC0yw6O8yIqJNBrs8x2WOL3tnhnXqLOU7/EgLS8zAkAzX1AThGgPb7dSjLtVnuuOOeMvcWwjEYyU6KLQRX/K2SkmVoybgAMOutKpgWYaHkmTty/xtq3JTlzkNNnvv5poiitXA3V7FB1I9N7B2lUTyBYVLFIWO1iE9AN/5tSVz/ouKfJA1e8G/0O17qnJv7Pz5Tq+DAHnTGqYK75Ozo2SchlCyTIr4vmlu3186z3E8jfIjfBP32kzxouF8zI/srvLhFF2+1ISNFLKtWfvbfOjmA/ELwmQMHk1h4OpMDvcIhQkVtN4UZ5CwrsOhw/ciN/PGhAFM+Q2a8dODfFuZ8+iK91OQd44suR/5mf2zWBK200xO7nQR3BuRhrbmFW0ToU/OdhKcmi/lffjhOlaPyfsB19fZ9HNKSNazzhyjaPSA3pDlcJG+NTtLHVeZJd2PAEs9dd2U+NoQuNd2LjRUYb2+ChMcGHjJXLEqdysZYDF9kENkUXbjOWdhh4pfa2KbhIvMO+53hKF5qJkEwGzV6sJNpkYVzMl57JReHqVd3XlHii54k/FbBsJEU9l5JgND3U4Q3P/tXeqYt7uQvxzBKiCWUHuGamhWKS0+aQ4NkB1F3h7z19vrb6fgpkshLaY+dBFB6aVxYxUR2J+EHWN5fvn+gqMCJ1RS5t8yNEj8TZXr8mPGrdxeYI+2ruhOAEAmNyejssE57Mepc+PW18Z0DP3FmX+Yev2Rz+ft2nx04yxPLXUFO7LV27+2mVlLEbRSTTXjGXz1NCYfUqW/AX/Lslvwi4K8K97RtZ4gzNIVHS1OGwcY9WUxy7U0RPfUL2UkvDTUt9oeMi7Bcf1kMwYTEh4qEDIL2yFJZmeRcAUD1b6bY+4I0mozv5EM/PVBSkxHNUU9GfpEvtFl+uhDUop++hnX7ILpLpAYRhO5rmCyJEmAJgnwyhQ5tkRGtJKgAbQWD+tLZDmjjq2Px9gA2Li9nrBIi218nwVQMAgA+8b9ogH1tZZh8ZhgCrBnvDQE2JQMtjuYzkGOdCpNzhl+AzZvQcQR2GeixC0sdPhXQfuDqbX6DirX8siZjsA/hKtXDG9GOJeyEHwT4oyUrF30Kp6ISoKi/uckBFEBrZgoxXvu0Q8nn+pmz/NpIgoinB98augwAZGXVreuqkXGfO0PS3uvRDF1Nl5RoeQSXEX4eVjf+3maxwMGMDRI457bzVO7OArCfaNpq4wQUVElG8ltpTxjpEiPRmdoLwgWa/j6AyAxBh5xEIq3v+Cy30cDsTSPPD2K+qmcjY7TJpmagpXbIVP907pLwIayT3FHpsuyW3a84hVWqPkX2QzeegIClWgRERQ0q8c2RH/h5KPfTrTM/PWA/VL5gVp/VLuupvIiRUIOpoXBDhqFgA2eKSENmD1dJWN51oxMm6EZkh7UZxphVaUp3xqDT9TZ/f2RHumy/0Z88LczacgAlfpwN6DqbbNVV24UuhqFGBTEbgZu1Z5uoK0f1ens2ensIgUCEHx8VhQnV9seSMUfWBJRx6X64lfgsp5N4aUOwcNu95i3G9BTHmTwljd3XEXpgd/0rTKG8Q1Qy7ko8z5GO45jcKNOYHhUD3e9cvtN6i04JbxGhvDqPJPp4rNPKsKY9IdP0yTsN4LKPs6QKO3KMF0Ve05IJbi2VHyedR4+PKLC+rFAhfB6XtW/qll251JhygTKYZ65snEG00ZhQpiFMq8CPbWMFmnrQoQndMQ9rFB2KVqg/+4b2yD+6vH39z3sNGu57bFIAkvYDhttMsaIXB/zS77F/vZ16Y3grsev2suS/+DgPsVjRfSqdkFsoLsVoHf3vXEZyTahusASlQ0vtsQSNv5SYCGo1qVp6oT7wUW0kuOHQlA55VhLLnbdfLVITGfaUsWNlkTE0v4nREXcB8Nb3b7anxa9zXIuoIevJwBqtPoXv+1/QFlanCwyzxLYeCGIXxQ+4bSDIa3Hlh/brLHOL3IQHh3zUXlaCYxyfan3xG3QtW19DeaqHc1nhYxyYkR8WVoNHBSKHZU1aNchvk3CWX+Ee2waoVefSufezVy8CHjjwuR/cUCP3PuykGLouzdCVdGagzujJI5Zc+L+/7p5DckimM78jeooeXo8KFM8TddfWfo5LTAzq1OPBg/ve1UGvZsZkyM9xah2tSQnXBNtf7JHwchfesTmK04k6U+UnHMVjsrUE0M1wRaWKI3cvhB2rUvNXxejcE2NcBvO3YakdlDi+DKHmPVEvvwZoQrRQ1A69F3CzSdzNZKvL1WK+bn7PGQNrJuM73d81a0BnVt1UykW7e7/wHMl0JsQGUGb0bWXM58Y/L8VL5W7LJP5bb54Z9G7gwIyaa+86pE86dg6o6FRm2rPpPZVmFI34uTivzmv095kjNPHNhDoP7Dg9EEGg15Prk0z/Jx90F1aU8bLka9P0k/KCWrvW7LNy3TGJ1cCmH7pjzmWJbjLGnW4Kpp1ussad7q3nGx4An97jGGnPn2Y/bXrsfGp26/vx/RSj4kPfSeGlE/Lbx8Pbnx4/89MVLcwx1oa4X+2D6ns2pgheWPt48WlJQ2Aor4wkUveW1NXL1DR8p0AHu9uePZ6Fg3fCzd8omq4tliVHtcK8Q4zIjEOilsp5G5aKLz6YZo7E02OKH9HBXnwQAVawTr3+aYLHSoxkZjOal46w+Ea4pc8nRDx5Gqj+mfRK/Z3nG3XJmSEA4Gcao2OmEZQDSSy3iNrLrSKLUkyaYtavwvlP8QQKUIVCvI+ontA9bDGYNtRRpQ42a5wfvYxMZJPC4/kZIAs6EnuOWiBtG5QJzmoDbeiN4j+kct6meY6fFwKev6D0qpkJ4h3LhwwIk0GahN2eL/fxXliSH4IBB50ACzcseuUx+lrlh37i1Ua4xOENa5Hrq2zHq28nA3Q5Ht8yHQh6gooydQ7QxZ1p40IyZrXFm9ayUnNaXOu/kfNPwg2nfYucpqf19l22j74ijVtg47eKwvJipBybv5CiVjbChGI8EK0xWoeBt9HH/idMmII9QpV3Ye5Afa9nan7yzIzu/2nfWsOSytawXbymqWATYalpeclB1PBWAkYa3ggvZ9KwY5HpqHjNNC+ZZaDlJa8PpmmKd8e0VBizk5ppklN4BAwds0wgwnQyFa8BHpjn/DjPNPP//Jj33372Wvv51rfftd/322utDnJgWnNs0qK5qL3+WDjXLDTw3iVzeOfZlz/xZ0/2Vkw2B9f1nyyLslX+mhKVJMVmBEWv2LYxA6pHOibxjl1qvE45xeJutV2BFqXlVIsP9wx79lvc6EGwl4wuaAtxZVtgq8ycuqbaJFKIIkOJTXyMKwPCKkeuuLA3jHIWwutkUfqCTTD7GEplu2BpdtjJo5khexmpsCbYGFv86kwb1Hp86o1PD/vcnl72hT29/RF7et9eMJuKohZH9n+Vk+y9ckhnfrS9qc7d26oHQzji48RbW+4G2zrzJ37GxaWlOpt2xT7wSty0olC5jV7i7yVrPyyjZgSyQmjoxDQFCyb6dPrqxFBJBi1kA+kjTupFx4swxM8Y8YJDVLDZskdNJ7OhGDbi0UDjB2zcQSKiIAj3+YDLozhqeWBl3DgO9vkhLeYFgoCf/w01XNdMYmrLpuGUPx2ExXkw6Pdd6m+cMl7mT8M1ZG4sprzpS5yx3ACiIdLGD/qBCj4eTu4WmmxyusWYfYbM9tEszrRmGS6YenOqNjWWSpL902/BIyTsopTxsiaT1UZF/WBMxnv51ibdWLYSmFsfDOLqY+0GMW42zzFuVnQM+FxW5fjUaNwcYx/ui6qZZZFv0tsyxBO76vWK6YSPhcgBWIsQOPbE0KEtKXjKo4y82kWN7eI1DNcNdZd77PURxifkvKUP4z/atsQMOJQcpMNa54I2xW97TrUv1VsQJ19TwILHaeKhGBGyG0MfiA3Y2WF9UU6QkXY1DZmnUHi6vr0olQ8KXkcXXvtldmIZ0WcZlcf8h7duVLnX7sgyr8tmDGhYa/06kIGBzcBKYZ3sSXQRpgjt6+Tr7HuowdXxlHeJRxEmDsnYJ7s7I8jqloQms88cj3Ng1AmyHn8mZ6Wmd3Fj/qXXkcQNNModcmwbjmhttJF5MxAE6J/Ak6jLghi5NW7B103YoTjYj2qbafSKkLomDojOThfkB65O5YDCjhoWn0gLZUjjK7yKr6BMf/Mz1+Hv/c7d2FZNE1tduTRzA8Ws5qFmPsnoQaOTCivQpEKgqN0lfEeyEGis5kBiQXWJrPkZq90aquWAyzfsw++LDp+23iBKu/T31VQWIaRGopXkjaQpRAjkdPwIbk3gTRHeUiKEPZex5FcE5X3ChlXqZVXFoQBieaW+OrQNORHp2nkuDQs4HbzGOjI4egFipd/5XelOFx0wYb9IviBSC3+WZygxxQA+kSvPyf8g7TSW8weyxVUVutXMOv9iE383Xnp3SSXdADe7tfe2KUBTpomRBCa2X1x3byUL7h6HfbiiB+mj6yj1Kcvma9lnNlu9rUgZdL6hllUL4hnvtHx+8lN0VoWrL3Nqr9/VDrOoM0jfM0nIoLzCu1epp4XoKXdrvdSXeMfFygPe75rOci3tLOLugEuMS8Fke0+GeWGuid8RddGdad5lg0UFudEFgg21plQGzlM91d6pi4LwVy/19p1pG3MNKjxwrztknXUgG65EjpPYy01HTMI4AWI9B1jMpRMBxltKb++oE0BJsfX/7qdfWls9xDNSIkFvPoIubiNcl1QtU0wb4j1HT+3/WKhJ9C5JNcjpOd+dn/ohkzNHsMPFtU6dZ3zlhexf1dQVLmuS5ggzEj+WuEywW5lYrZc7nef8Wq3Oe151fYXE+Wo037EyO1FAF2H4IF6ndh4ImQsKOhIOsR4LyMZ8bSENHiHcw+fRFOYjZVq2xNKezoxeZ4J/2+W5wQSkjS7m4RRYhdeKPVxUuA+WZkgGKgBBr21oi754YxFoEU7JLEmmDujB5QerqHy9nm6T8UQLuRwoDOdM25hlYO0mg+3XpXCljxNH1TVeboDAJUdDC8OEy8FDSh+tM/u6RvGh/oakf/5IH0/lOnC7RIiEnfCEiz+0T9fYpH5J3/67tGeFoSquZxdkm7m++umO564JbUU9N773+dCXiCe98sxe0wy4v54BRDXhm23GHmFNbW1UNEt3qrpUa42aOl6QPrAc5msP6vZqDYKwapoS082ZLH9zjVwOgGcnywacc5H3IwftqcHxWdImFKybpkbkcnx8W2hPqR4vDrPoYYl+INKqvez9SWto+PsHxY11+j0fTPzZeeS1fju5dJIVal2drgDzyVqjvjxQZWVMiUw8E6fThl8zcfrFb8SPnz2wW8BLUXmGy426Kem0FaLhqvxg8f/C4gDHXx8W0S4Ah5PO91vNHs84MdufAUf14LPzgyYN+e5tAnCnatLgPlTPnRbR41VE8rtTZTUini4pUwNN9NlYcMnAoFrxNEuArqz4iImtoV2/byIJpYlD3ZDJkcgnazUvkJ8E+hDVm9FbuXVVa5abGknxOmE3SzK1tnc9fLZZTmhRTCYo9rZ+mcWsWk6R9SBNmdFzTGDKsPPn6/KP8R/gVLKigsSx8jiJUJo8Db9P1JvRW7hvrlFZcKdR3VV5DlRX4lo7ExrHQFcl0//1o1RcCqogBRU2/+dPve2O7Ju4mriAhmx+2aoF3bJgmI9TYWVxjLs37NMNdoekt2zDeT+AhpeiPYRMwhwT8FcBGlzYGoloRr8islZqTDaFqk7h2jex29MNXuw5QYhkFiYlypkrE578lG+6KpQDjxySCG2kwiEkDpBPVtf5Pvy0yrH8bCildTduNjcZwx0zhzeZ5I9vky/l/gFPHShwFtZSPoJQN6dPjXbvtbcfOwK4imHiCKOzPgZNaI+565PfBlzlqx0KDMCKmYVp1O1VToZaslh/vf0OXEsLjHf+qx4RRUfz5buzm4KrvPgGsmK1W9hiQvnFkeL+5wPzIz7W1vNU+BSaHsk1khUMB0fjKfBZ1xSO1beN36dT4LqCZOsRTYiyrLiYNh5JZhV82+xv/I3/b1xZT2vLQDycbE6Mll+6uZx0bkWdS/8PUEsHCFz9Reu28wcA+hEIAFBLAwQUAAgICAC8oWlWAAAAAAAAAAAAAAAANgAAAHJlc291cmNlcy82YTE2M2FlOTRiMGRmMjNjMDFlNDFkZGRkMDY0MTcwYTRjMGExOGUzLnN2Z8WYT4/dxhHE7/4UxOY+mu75H1gGYsqAD09XHXQLYEUSoMhGLHj98fOr5pNWpBHkEjin3X4kZ3qqq6qb/PbX395uj+9/+vTu+UPN+WF79+b923ef7sFv7988fv/z788f8pY3ftni13+8//Dh+cPHnz++edh+/+eHj78+f3j36dMvf3327PHxMT2W9PO/3j7znPMzFn/47ptvf/n7p3fbT88fXlrpqda6uVtqre/mhb+TuCW3spm1ZJnrxVL3tlleqZVGPFMuvpvVNPsiLqn0upl7yqb1VspzMz3WnLCnUudulW2MULtwd11p+REOwtaPxbymZe2V20p12m4tp1V5zGZaZfFYTVZJgutl2HY5xOuXlrmx9s1GS3P0WzeSWWQ/JwvW/RJvxKvbIF5pWN+68unEyzjVDQCSNcCYOfXOKc4xoOj+GcvlMbY1U5tVj9c0ctuVTtbtg/RI/5zdNSZ9YMmZ87FeqWOfAnH6VjLnnH2rPWUfwo30y9wKtSqrxwbL515ycnDYrK9EIViHtBYbt5Yyx3LyAMQWNxPUQtICdY2li7X3doB8xK0UFqsFkPtObXKNqDeWcgBS6VitjqJ4CAKVbLjtVNbjjG2l2TgSt/UCFoNlQJpUq56z5XE//PCSLfgEB7chRoBZMS7oPrISL32VZKVCjQlmQEHlbLY48pyCjpJCLRuTUnF9eBKTRuY0Clfqutxh1tLt0Nx8uyBPKaBG71AMDM1eWfG0cvnxXuk9SoocxHPPqkBPa4I09O+CYYqZ4/74j/fVXn9W7F/8RW3NH56dJMnR1mTLPkSj3TO0UArkviRNc9gP5JwBbImFaYu9oMlNrBjG/QtsfT+HocSlAvaKoAEyuEt9hoDgQJYGUrPG3wXeHSAkZDY312NsonqDZ134xShwsUayizrY9ORrxPIuaZwP8/qlLzTtHtkOEPTBhXFoqYGU90PbhogWBPHuh+FkE6l3Fk0CePE4rPSo77FPLhY8mGXE9dIdKYD40vUV5ypZefKcJNmDVvx0YIjSC+xuohPOAs77Jd6K+C0xsJ0M6XwYTsc/ZAzNUf5qN4O/eRwOt9Z+DgFxcLfMNJO8/MPSVI3KkA/eHJHIlhw/mviIC9wQEb6HD1x2u8akg1tPBF8wRsu4Nel3g0JrpPBNRNQP1rYqcZEPdqjfUR3iAlQVU4xrh4gztVryHxkatcr4C+LxjBZlq5xugtmSPaJNUYzVkeAKe9djS7fhJJ9t3bI4N+7aBk3ADq4Bwzh8px2NafYorLlyKoGZCiqLy3jeLFsByj5hPUZSVeCq+svF5F4qIC4nCEGgiP7QDH/ZA2p+L9qb27GzQRvTckN2dAbyvwj47hmirq/+Cm/m4XKDLIX9KY9MY+yXONrI4kiiw5B5XHszvl+yRxsclNlUZnmh4tDYfV+XVsurz6aDtcKmXc2tquo2kuxEZVGx1dFdJAAhEIkssriK0Cj6Egc9DNsk/KzkZLTUox4DQQ+uQAo1N5S0QFDFs3I4oWs7BBe9kkOtUnbkTil7FJ3LQKBmY9VjEqgyhSY/hiJmO4RcPYuxtFYxnLZQpiBqhz65P9f11NRQd3Tg6HjqnCSR270j1uiYVdnfO+a5o0JZIVnuDdeOtmD3roCMZIIqBJDpr5w4izVg5OVo9N37nQBfbP/VnRCvX8b8Uefn+eN2mQD2P04ImhwsBgqS2Khkzzr+0sZzH7F+DTMfCPmy/jV+ou8PcK/uZ/pKMkNKo3JUHA+Ep/XocSWkA49kqaUeZtb9YAjSogXvGh01RGk0LBod5dx4JorLwl5Dleg+ZeQL28AFB4fiT5lFrUV2sHV5nMDtLS5TkjobLZeWLb7Caji4yaOGPEo0rhcLA0lZ3LAni5MDhu7ZNPeTsPOCOMqSvlegJfwpmA9O5tCSaaHA0q7OSytlAN6LepWaZxfnuZsml+3w0RZRTF2QjdGZu1GAhk5SoG2yGjg2xWoKc7vgrtkD9ulo9Noh/Z/jaJkultCriwqhVq5BoHEOKUSbR5ufQWyd95gC2jW+XdamdXiJcaFreii7+nrFux2ZRz+NTjaeOtnX4e3ciJgZT7FFk88uQeUYnM+bsTmU0kwq6tSlpn+KERrelUcgYBLaqQ+X/dymbTu1caaZS3y7rP+Vvf/wtxelXOxddk7O8ox6MXW/mLqHnQ7Y7kyO9eBl18DhMT/dzOhX9fD6Um6HS5azS9KwD5e822T1s0/GOP7kk/FiFT5ZDp+sZ5uUjYZNrsMm7yZZtuO1YZxMsogTYZLrMMk7dz6bZJsXl/wyPPst+vvU64emjXU7AXc1wfY/MsH2H0ywXeOnIr/ojXfTc5Hj/VeT15LL3IKgWjsY6iGHggzOcvCzHPyLHKi9cND5hwfbljzJdRCLWJw4G6hdDNQvBuoXAy1nA2VkPjto+VMcdNzc7JikNLXczjj+fz3tS8HtxXzh16EN9xXbNPnVZjd1uyhhnTGshXA18jP35JhvGK70rYJSy/slKdeLhV5E9SIFy5uGM6q0ZE3AimAVdpG2rqdxovkx16GTKoKjR31LkWsWEZY5upgfL6kahdGVPntopi39ULNpqqehDL0bnY8C6F8N0rwDw8Z41+013n2YpolL6KpoEJS85/EVhnci7td750Hmoo8i5fh4Iwv749cXIcfz8WlAs7L2Qwzx+ePz1xs7XinRjsWHhgvhQDz6JnnIbuK48kCXbGZQY8pZTe4lpOG5XlUx864xGuTj4w37Q4k495B/uObgEd+gRjsmU7V62dJQhfC7GXPNV2g9kWbP9ftqQRp9Rfvum38DUEsHCIaIcqwzCAAAqRMAAFBLAwQUAAgICAC8oWlWAAAAAAAAAAAAAAAANgAAAHJlc291cmNlcy85Y2EwOTQ4YzhhMjk0NGVmNzM2ODAyMmNkMzlkN2ZkYjNhNmFlOWVlLnBuZ3S3A3gmQbAu/MW2bRsb27Zt2/mCjW3btrNJNk42tr2xbW3u7jnnv+d/zr2355mZ6qp6q6unu2uqIpUUJBFgcWEBAACCtJSYyt/32L8bGvLvM/IXJsTfF7ilsLwwANAYD/dh/K9PbCqlIg8AACkBgIAQAODtLyvgBABwZwYAzowAAJ4MAADLKadTme+vQMxcS9pCXh5A+5eGBoCCoALA/lIgfy9AuDUA/D9oAOCvpb8NtAD0f3PGCsD+m/4nPL+UGf2rwmqtpuWmJS/HY+poz2hs5mhizuhl7/QfcD4vnr+kvbmbMbGXvZ2DK48XP+l/aPD8pf+xmUiJ/0PFzZafVEteiVjU0cWc+BsjOyMzqQAsMTExn4uZBY+KmMR/wf/2+Emt3NyceJiYPD09GT3ZGB1dLJlYuLm5mZhZmVhZGf5qMLh6O7gZezE4uJL9p5H/z46Yuaupi7WTm7WjA/G/vrGJo7sbPynpf+n8Z/vPgdysLf57JAfX/5rW3wky/ZMwsTAyM/3fYOZe1v8P2D/Jf8IE/hvH988Yj6KLtflfh/+5JcDCx/R/8P5/+v+s8Ig62jm6qDoZm5r/U/+frP+prWTtZW6nJWZtb+7g+s8aKwv7f4H+p+T/itT+fyK1/w8kH9P/+Mr/uYRM/7WGArB8TP97PwjAijmtuwAAQgBpMWE1L5DLbpgMB03t465nTfXys5wcbiqwBDRUVGJyZHgYUdDAEgzklEKmoKgXKzoJPELdS3+d6yVbn7c2e0E/+xwl8Jwfl32LtFvwQdZSIRGs4OS4wtA4xAkJ3FRjmVU9jjtf1189ttf67ogs+5XrVDtV6z61jwq2tZ6fO91PD36G6vILi2CqSJvVUGc+h3XuFguLTG/RNlvbjxj7Wp0PA0DrWk/v9d5db6MEYZd+iqkLlebjSnl9/u66M9VzG1a2yvMtdbZOoN7le3Vvt9G5u7o+52B2nHX8ShFUGAa5Dnfe+5wflXzW0UhVmXdi0EEjbOgUDsJ+Z91VSnIvcWP7jHryl/OpIYG7amt1Xo34iOI7Oz4SPK3UdLfZTiXb44EgrZABCdYM0fgULPawgnt4E1IsZTHnNvD8TdHwteqtr9CsvKUS6ioaChKNXLH34Gr/OPstvUr50U9dtdbUCQfZPVkWJphEhFX4M6eNc0Ydatv7NHQDnWuB/bHv81kIqvK93ueF3eNb8X1++3E4OvxXfZBRNS7j7Syk1GkMDnTFrFoPY4e4yDXaafuTw7bT8OHxYrS4R5Yiv5MhH3Mnk0g1w/3F/RN+PcA7MS2slthwIvTPaLMlxfNeEgq4PBZV0lohafUMEf3F9jtT/n0jb1vtk1fZJdIEWDB00pyc+8+gvUkOZnQWFDDYCFRiSrPfTtMY7qChdzyX+UUf7dlgrr1uVxRdiq4ABNu6sm59CiR4Uim3aM9qoR603648pUM2qJnWymGFVTczeWLQpRIHG+Ifu3NmR/bH/mbXzz9/i04pLxg1Fpd1+dz2EQeZVVZZhr6/QgNiKTWitBQi0gec8oR3mzLB1dofRtPOZmb7vpvOXOQZCnwNPvMdpl7bWFwNS6ouk23+c5ZVEuiELSu+hiWRjUYsBuUNKRtvgrvCKqa9cDFLMdHrUDV37Wv/3nPd/TvJFpOcR14VCf8g0Bh8zIvDWf5LG+NOrxpe0rlQ1ntliFSGtONgNiijOlJrVtTA0iI2b53TkYtZ4AphptPrK9krK399we4MxMcIWVglHt7WU6sQ+QuyUwoxZFLNowKdEDdEYlQMPTMl8EBd/KCMWyNlJe7sdgMr/ann4SLacSPojF2ePwAKEoV8iYtK1ij+PF5UzgA8CIfODDoOHt3cJAp5RnP9t/NHjWpBDs3Yjl4G/cfOsb/TTmWHCUFRI81p4kGgMHjkdIybRIuJTsUzR3MxoXCg1x0BFqPpKEjiewKKYNDorSq/zORKvAWlo9/0sI+h/9VI9uOCUX9m/CZ7BLG2AD+Ii9UA/2z8YmqFpwjBBur2o4E3fGtEfx4MhMTjT2nVT6DfSl6+3xPUNVCktPyPtU0W/wAfc0TkirUS3xtyFM2bXSXvG68aPsbN1BI9rWGbMgMfJbd5YyijJo0df27iCW/r3UcX0OJoZcbviH8mfxtk0Dn+59+Rx6xBBgCZgwL1Ft7BFpChcvpbN1ipzPdnIjlm47MN3T+/pcEpUQVbdfvPx/TUEsb6X/b1mH7NWH4ObyeXzahHIRHhvDoFDRlhNggzK3EmVZ5rOeK6DZCY0RflDmdMJMxJNgI5gghFjnjTfNG4H1SXObnOqKjfrcWPsut2fn69HvfIrtAuPETc/N1pJTie+WxqNQE7gO94IDp6apSUvs9VRFydDRWUpCX0H9SoenHY4kF/ZFmb9bahGtuBtenTcOdjB5xVUz5MwOn3MiZZzHaCsde/hgRBAG29uG4opgV4NxTwb0DEEPgUr98KYtIDeOb9guMc6Lf7fc0xYOJ7sPmJGskj8VlvgnIWR19T7EppPq9SNQiUUgD7ZM/SEHNhHszwJrEAu7gvCS6f22ILRFmJSkkr8lDiXblpO/KChTjSslVKLxEYnmyzLIuuku8muNR3Iyh5f4PKZHAhvBTVACt44FK/KnLNT30Co/oCVaZyhQq8G0T4VALsMhEJFZ+2FNq2KFySRfYNs+sdOYn7et73PYu3FIFNz6HLcDRyYqyCtEUwhv4FDdUyBOSDdCZYHGNjqT1MezBmeBQQ8ED3aD/c2+8HxgVVbdEvyeeYz917MZ7f/mg5G8vdkw2CDcIkPbSjbL0KxN2DMpw8Qsbf3XXDFL3Dj9t56PC7mJ9WN/lTN8YnLXauUMr2pT6lyNqE9yQf7jhsNLygVyt4SqZAhaGQ/+yCwPbpe6AHN9r32jmupcbix4SSFN015Rj3A/q815wsdfKG6VVablwl48U3AAdKDHw/Ib778+b355eRjf6LAV5wq9FC2kSdOWAdQRRxrxMWZaUoUEJ8TAfFWUV6VWi2GdrWxdBl/lboJme8riXqrm8uP7EYp6YEv7/Byu5wDzIhkUrNTwVZDmAX1K3GbDlKyHb/+DXaTBMjI2CNPl5FKqGXRG8ritEeSJh1a4knbGJIVO8DK+i0vfB8eWG1MD/Lz/z3dO3h+U/Y05N900xdfudBQX3aD9hGReu7+cCaEBdMICchpVOQMDxb1ymkkAX28Me4MfJPpDRUP2tmSfsZsFnncfi5l3IigTEhkkpZSOCvH1pzoFJJ2fMLw039CFsIrs+HLUPE2UHZXIfpQpWGBQ7nRTFGp+pZUqDCyIhtaqzkmVjp6sca+D222RSvLWz9/ucQDBNVgGbAXQEOsYZQfTs4E8vS/KzR0ilUMhY6lCEx0S6q3HDY3TIku3qFKiv/AfXfn3YnGJQC/JWboBsSPJUUqC+/ESocjN6MSEAKadF0rAGoyLdaYnraIIE5Y4GiOpEMITqOnOdYU8ZWJSoSNNK0ssTpgbli6U+7aHnP4Oc+5qChXp69BOhwLGbQFVE70FrS4OR6eORIFHwae7w6UTb+Og4dXalRBx/cX5UYlwk1YGg954xd0lXCula/pryxhcyzwi7/RunI3l5wPirCheMd9EDoJzPgyB+XdXWpOHyx0nmbwyLA8F1VvZDPg7n24lhYfaSZ+IO2dZ7vn67r7cStDAuwpz7mHgFJOhhqhgJ2E7AYCY9CW0IAz1ISvG91pxkr1pV/GGnSSuKmbgc1ZLW+cGeFkFBU6ZS/aYNcfME6T141Edn81Gy59Q9C7CEZ1iu/0gT9XGL9Uw+oQZc9F/hn0FJ07ssmpc17G034etgmiPpvQUkc+SqPp5QjeykelXZ11WuSkd/kwZ77iDWScPgLB2cADZglnwBkkYJ0m+j9JrE+hT4VN5duXV47xL7yJlbGq3TbR1t7sqHISyeGZOfSBq3Czh6cpQXO4Oh7qBwkE4r+XhghousJ5e1yfuCN8gdSAcOKZFufXWeoiho7yvmdqDMNoW3kQVS/GsNRLhQCzKREQIGjj3TsSY3l2e1BQu8vc9GFLaO/0Ty15LEMJSvhCk2dA+MCVN+LxkIlTZfUbg4ffno/SdRsOH+CHs7kmDaQn2KywaXliBi1mFXDqg2m21ck5o4dYR0sWEv6V6M/OOLaM2fVEXTXOFjJxcYjJWXFqNjUe9PZCzpdUBAa4wXVsu6op30WReeGyugq41HQ8lL1UzSVj7xCNNhDn5NGkvkM/p4Ro9YvBn38XtBVkGuP0AahGsQwT584TFvAPHj4FMR6I0ztkKwGKTQp695bqBH9ZQiBYeVqXqycJ9i/7SW2k6YSq0WzvkAExr0X1F31i4pKlIXMOwCJIDxEXWcSDZVk7BBmd/e+jB0dp0wFWrkqE5ZKGhVWhoWmMc9kLuto8OFf4lGWpex7Q/JAqICWNhszAn4G6yQj/OXXx9NE7JQvR/+wN0kvkyeJgWEvJV6Jbb3RbneX0MjQbp5dJLeAsv/3dzymZfmsI0OKHyPoAeAQko29Jr80RMK3CevrTotFPEWBwjHnGFlLF6EUN8NOnUfk2BVaToPXYQqbnOhMVc8rK/ybSWBd/anlIAXwPakuI2ym8k0wUKESw3yXExdC9wGXFIhngVKvxoodjRZfSlJ+sX9WsUWuYyjOP3reCxSuIb/qjb8BuaA+qgCXrkf2ToAq3LKZA+kS4haqy/pTG9U4jU6hEYF5i5iCbNijUkj0SwfMgbd+b8qGwdQpK+wsUBj/atzxBbohTL/fEk7lRK/JiuIE9CBbMbI/RiHoJ9XYmUgA/f4c4k5aJz0JTdZMlwjd6oMozZ7pm0/pbqzxdXhjErWMb56YGzhgY4ESDehqRA+2TWhv3jhyT8ErbKRjXBFHAEqMwNCb1l9gJkuFnyGOiZcibe8m6d5JVPYvC8KP78/t2zQQrzYwsp7B8m0HdKe/SsHTLQQVboyLt/fCYuA+qV0NR5+3bEelIEpVXCZrdgBxKZ5ZEYKNEc7d4JQmWgXunhUidVoG1GjdJ57ObsRM1SPOMV0iyEM0Ka3W4V+oJd79OlKkP5k9qXX9cq29lf4d5CBJsApneQKpyf0eDVBm7TQwTaWGBEIUDyTiwiQl9hh3EDRlqjXMlf7dd9IBh5MSCUUFt4vRAF2X31mY8qJ29mWx1hxySPCUUk6OAKSLoM9DREPteE5finSkxdiDQ1qJxil0XQpJhcMehR1/mFHRjAmBugO5c9GnPqcgsQIGOgDiMfQ2lMOsCS3sMoFat22cCNVoQolDplKxRbLFE3a3CZ10oHrVaktc5Hrr0OkWgx7rA3uEbdL0WABvgDU7FHYrUg2mHaliZm1AuyHjXWi4LznjHlmAEiNHGgTZg1lC6mKautWlQv1GtA9kLpIZxRzKa7afQDCcVz+OUZuQein+XiGElTgNlWF3agnVaXNFw1wt8uVFmXN7sYuGLoei1Q/VZZSyUrJhMDBt6bsEeFYkEUs5ccLL4C4RyrgPZyClRrws9fBZSGrarghMc4Phk/hRgZUWCjHUbXSgtQAXEjyZ1Id+X67j+wplGebBgFIH/mXs20BzgaP2MEGtiGEaHXNFcxkAOL6+R2GsEVWxoUaTntMqSxuSNgj3ZgbsMTdE8OWMIZ6rvoPh78qGO/IAAcSAyN6vRtrbtMumFdPF30KyVEPDdtzSdUPyNqJyBNV3mpFqiSy3qbeAnL8DKYdEhxzHM5i3/sYosA5KljPUreEdiLJFtAuQNQOCvEV4pwCmk8HLA1IhZLqxcvkQ0UYcUmXDOYjTH1iNdy3L0ZWB+IEynuWvnLd9QkeJC2n+SifUiq12hJv9gKv4zD4jd2qNASHDIk2HUpUeaoImAqhCipbzyTfxkVOG33maULr48zLzrqzHqocHkj/QedjEYHOaq2JUVLqWCnRlgRLq5AlBmgprMnQOJdg2qUWZXNLNZrJ9CqdydAIM8PNgg9CojJuPMAafDHCIfIQVi3lBiqnEoB65TMrP2mhO4hLZpOMgYb6VSiHH6DE11M0Uh6E7IjsWCa686FKlNGOKO47w6fB+gjHEt5abCApELYOnelojUaCs+6P5kq7OoPMQq5kb4KwVb4aFyqCwGOCgd2KmUREWwOlvbRXhJshwtTsKToRRn5VEVkfxO2r2qz4F6wZM6ufZazbXncNnT1td1V31vuatFQDPcMKotjIOxKc+oSBynrw+huKCM1YfewkZpB6+bbQcAi7rAnWIo/6QlEQTunWMUe6g37rYEmkUwvuL3Ev3wKVrubOD4/oK/oIhxXF9P7nHl8wy4Fzg8Fno+Mzi89KMdYnsvvtSKl5c5Y7PdOlSuKK/5v2rZ69NpwM/MdUOVGkgeGQPtIhhTfa+dqBvRT8taBy88juICT0WcXihRo4TSu/ihgtk9NlYlNHtfDCMQK1VHARPJnM9Uzl1KFTGd3ufx5g16cf8pclXGynBY2JRfbaR6pUZjUe2FULd3svTdPbrz8XQx1ikhsrK9W4vI2LhAVsaEVYACnFsMsCuf7KJJMqdGjgwIfnntymZ/bpQXy8C6AW66FoZ2+W4CZpNjTbPDh2dbLWFdfRmb65d7n3i2Wkn+jtT0ys+zcjzmWl9SAOUNlOEU13RI7tzzzvO3+FmgXfbj2xLtekGFWjN1kApvhsjJA8kaaqrZhSQQS4WNZ6cICx7f1KFjpIU99aUqWO+CmjacMk99KrZ5F9VofQPxJUGatEGuygjUqLlN0KK7dOfSq32ZXUG1QDvNnjniSJ+SzewJoJu40RXprZol90S6z8b81YfcT7ozJbfW7wXH54PnBeDFQdhUAvJ+lbywCEK4GzgTW6bpkE8zdeywpxGgjXMZOMM0si4gG0XdzW6lDBhtAnugqiDSAe1KfpTVtb67mlvN6j2zSzEnC4n+puNBROTh5jiCxBvpL07NZTJhrzHQaWOf8tuieopdn7sf1EzRpcxHaxAwB83Y0LCkBRgMqRkCPnhIRtkKsVFJTduYdqCXEnHbSWjhJ59MGsCR0s7UBsrmFCdBJenWfvXbLPZ0ctJiG6kyanQ4mrXnIckiUZarc4vgzn24vZNdXn/95p49hmfI6isqblGBW+dTkdCbImEl8AuZMDbTwrmbxL7q6P0GAfweGxwdaRCImWzJTlPKiQXYm5rDYfqpBGdIbgIG4g5SkwgFz/ti1W7FEu7fard5b95N01hIgTEC7sgTXUNIBDNkpmpKGBJdSZUKybNPp8GTvFiccr92dAmqp0W/FtYRZul4SXMsvu5/ouGJ1+FlGkdkPL24zzI1G53KftFEPCJOVg40MCOxmJv80DcMeXAuZYZ+9o8xpy6K51Rkd58a4fkOuGquSM11wnseJIUCVnGuKzoYbIBqucYNUp6zvLHe65Ug2rhHns+zteOZkZtvnt/j3MUBoGELl0GM3DYPGVsXEgQ5ht1hh8clDKIAeRwXbNowm1HEVJCXRfI0EMwWSrglgNEmHbEF9EiU+8iiGyluSr37Vhdte+Nuj+rcTnPq3Q31fMJqhJjgpiTYzGzq1ilUPdjdQpT8kR/mbg2PdU7Wpx9v13sxe21tGh6idvyOe4FLkWffxobdwr+reWak9AXvZrQMIpwhn7/+lGgpAHiTI836BCdFhqGEDzSuUenJrZA2x8V7LDq8aPEzwkzq+3MZRafuy2zTTdH507g2qG26lPl0/chdlqlyDKl2MFk7ZC54ld/MTNruQ+1rSvytyVI57wyx+n3NWd+4MxbrKzg7UHv+lcJW52alcICCT9zDjENtjIjsqclGgTntLAIkmJtXARjuZOFhKIW6Lb3T4/f2qRZ0ikklnh3xa6zOLP2pz+wxcqmxsB+QPkuRVeBNd05Z/YkKngP1rSl0vBkquGK96SLjLxzuUhB+kjZ6NZ/4rz5rxouJu72arZffiUu/Hm+KvY5WzABGjELD6jZmmalouZMWClrByYrWc2ROaBAi6oFgzbIkmW4aNMf3jKRPjgUY4NjyXCPYtI/vCefp1gvqn2VDP4pPdPBpcu9gqcQBU81GulcgflBngexFpoTrm2Svbu0pMePm1u89z0rM99vA4do616/3P+hzpS2G7V5YJWsjSeDGKQ1KKY8ffNmrIMTWQ1yFeSqD/wQ0yC0vLjrkIt7rE+KYCMtA3wTUVzTlKntwJpz4+iDfl1UMpKWYb63gK/hk4qx2gHTiymtY8N8nORKVXBjRp/l8lFxykITruPg8ta4VMxLyeY0pGq9rKdXS/DhrutcotmR91PZ5yueysBjprgciZxoNPZj73Mwh0oqpmeojIWWHTehr+Q3OKQ1hYpsLt/MTvAi2ypkvthQCNHy3lXWoT1RVRuxGXeQbGqF5C7IhedSsrS+n9pRvTrZmQqcGedxbhcFjGdZ8WxWKY5UkrrJsNUzrREbtZJ5sOCYLUr1w8b9VPTwJ//rCUK533neNddp0kZ70aeU/KCWtBfcGNtUSNsh153nY4bomQw/97mKoTQYxSyorE0hvr59H1+DKK9DtMBqGKta7XReSsq8xDjENciFYkdHp8TurfSjfWO9AS5i1o+3+LiHUjE0lE7UkXR6TB01NmYePEymoinKWtp6K4klxxpdznfD/JdIn2nue9cpZdacq6YbMpN/CYzag9Bxh7wS8I3fdvJyvDZB7HoCW0icw47tvoliIVQhr2W67rVFsct8wb3evEugLHYOzJuBQk7d/9GP740tcz23JJjNneeDlAapgcpkZlYdCXxMhZUkp1XOINWoUZGkO82QX8Nz2N+JNfPjdNvP8ytdVdB7pTnPa20qG5gl6evMLGwCuEdm8m9CkKoY6KUkSmCtJv7VcczgH72I9IecLC8VNl8P+GfaSGu1r82+L4VigrKnYOQxcNeybph+rfVcd1R4YlX5MJBCn9uQZOo79XpPKB5V4JlzZ0BNetPE3FpaHkFrDVM1H/sqYcnJcMwKDO36eGReWG07oCoXGHj3iLtAxFSn+/yVc9fumfMp1fGDSCFhKMbmiF2/EaKBPzv01yRpxQEZf2qOP7Js60mXzA14LHGUzPjto4hJeBsWbjcD6s+0MERhEpcL6of5v8Vmg8t54Blit8EdFi2jON7DWGnSMy6dvpT/7oNeUN2P23gIwwBpZJmbmlQyWnNBrWEw1P2sQ/KxHn/rsrfPXKqdP2zxfw5qeeMfLOkHoZNc5FUoDdiGY5zNLPeKId2aJ+l1KVFMXAAkYiotFWlCMrKF1VGG6oUw+gNhNaCqELSLG/IX5g8pzmrGD4GlvhZ3xiAPtLpGEYRlF8ezAy5FBLi+FLwFDGwhq0OoJ1OzjH9wJI5BVxrQRCUWyT22rewUUstPTI6PLc7m8rd7jp+iCe89OQULO8WI6AVAF5iDwEdGPswMzuRKpY6UAwx+C4UCHemOBUlW9iNn04v1kjTjWzLf5vLA33hGJfVf0JtWCS8s0dzJjC2+u7dCvsLUHAr5BIRJjX8jMap1cAOjPkwzmU3XOaIgBmbB+kgSoqbwUYcdAo9SBRwNORWJlqbqNfYzOQWB9/b1q7ehZNdAcyNhUnSvNHCsGd3JqqPZ/j2dG1dMdRCuTJDyWabmy0GbeVime67WAdxzjHDDdFFBc9Jiqm6jUnpljbRw4s8puOqNauDDSlQHry8BabNW2djhGPOVFKHJU//zDEGrDipF0s+G4CjvonB5pNSicDs8i9VXBgSCc2OVfJ9MPk8VRX9zD8NHOF4t9Yc8gbT4EPacwKEY1jFwaE5bmvTfgPQyqqAMxT+wRRoHJjfXDOMTZq4Wu55uICba/A+nkoWeL9JgSAfdKWr2bLFuTVp+Um29Rlm7Z/p4lFfaCeRFCqA7F97H4C27w7cU9tpyXYvOY4MkQjXZHtbBeFBSP+zqzH0/kHOpHuKXrY/PJeTvf+3XvfwKpfL9qD5n4X9g/3uGIZwA61CcoOTHXdk0M3bzNLLbbDoBBm5vLnTWSd8YA5QN61J2sXwY5OkQPVc05qe+R8w6v96f11cE9mrQvbY54FgJN8R/IvtMtZ0LPw2IFusNwHh3EYPX5NnKjEs0RB49VWDoHyvDdS+r6NMwZ2FZkXxufeId9Txn0DmuYz+FdxFJJPw2nFFNp6K+n/01t8kphbAsYKQJKdK4kG6d6su/0EqifYHHQoGk7T7yKR1g5Cb+pVe+g6SMu5IcbX5f19NxoRPYrVC1CAPWtcK0cpqXwTD0rYYLQlYFXHyVjmM8YfxGX5HzRCuw9gaIxwOevIVsn8demf3FZYD7NeCc33WrxV3Tsk00QDwOBpOkJWNinWBoSghS9Yf9G3Ea9w18v+Yw+6W8KH1bCd5n7k/LDY6GEIYHfCMOqKUhvWE9yXmPGPnUyi5tzqq34J8Q9HD2VedrE1TunzRZNGOH+Bwt8zUTQqxAWQyhZD7Ya3339OjzdWKZLj/XEPRiV6tQmwexadpBBwZSaul5mDfSiuiDkvzvD4ecF3aVNNwpdsTCSQHmBnxgWRkwpRVd5CrgcKAfzlU5lnOV4XogzkYCOMLwZfnxLUHAVWw69E5wURR9QmycchPU0TSfCMZNfonLpy29y+VnWD+hYQxDjCFsk1FwkcX1mLqKve5xlBNtT4ZgqMq8GvcGTIeoXRJH3cR21sJo9/QWWWmZToG1mhfgpVnb2mMGXc8TtpWo7N+A4quAClhS8+IwGTBdPvBQtMSTM4Alv84UZXLT8UdmxvBs1PG3REreCvNfT5xCRQ8tE2rqc3m1+ZhloNDsqRJQWilWrNhf8WpZfwwK0qF0b/H8ybQ4Gurymd6lddZUyIAwuP40tDKRyqJ3EcJwmQjLtFFL6HTCgsY8Z2NfuQy2MjBZ8ZanrH4NnDyuE+zXoBeM0XfEt+0a3KIttKY+iYXyYhHPI9C6+aQCCjc7Gfdg19b90lUytCrEe3bSwXWhaw+BkC/dvAuPtEL2Q7LXsatiGrsrNW51k/GjDtDfxud3XUHwxypMcBtc3g4kOAnHREYS4GEck1knKUiyiRZXNjlyyqCNa+PZAjXybc7TOj9c1TwHe+71mt/ZetE6gnwXlQqGQbWgPaY7mmEb+Tk2RayOp70cKHQ3idVxUwE15e1IIbwVG2JhOP20az2hPngI32PCdglaFi4gUdXb1dAjajxD99DehDu7dWEm8IsGHRIAXQkl3yGcmyICz+3a0H4x82ZM0dKE3+5727AVH7c1u+7ZXkB7exJq1ZfR9rje48jO++dU9e/BZsHE7nPgEg4q5iYeewaxuKswW75T44T7wtKewbk/iiWoPGBJrEoT5M+BjkSe+7DYWI7CoI8tx+FM4cHx2jchG0MS5+DM69CKe/kJvJr2JIM+ZwkwkI2cjiNFmCOl+b17nG9NMFPhwYYI6cr9Z8EsBnNtVYwNJ42KRgN51UAc2VX37L1GI21lsbg0X+BR1pB2B9Z039adM4JY+6y763ABN5gpJz+cbUrcMS8jIUeBaPvGnzMch4sUe7IpuIoDynjS1irCsVlCGZYb7Bu79JUgDCxkW7oqQ0f4/n19/svyGeW3CTY0Abhe+kppYH5kXKqJG1ae9YsEQdnkJ9JdAfiOuVWo5gsNRY9uo8GotTuMZ4UNJeimnus2HRjXHMfU4hTS5KXh1yCVr/uloBO+WMJLbUcOSs4VG81Sqo+NGvRKOvc0D4g5NHpoQDDVNECThhB8PcOO2liGF0p7nO1TqTINI6yopXXPakIKFqf15Enf58ST2FHPT2lqZ7fRvB019qobT95N51c3FXXQFqz5jCrnW5Uww7nb+u3vQbgxCfjoN1NMvfG+BHy6FMZF3QXjMnAE72bRdsTvvhO5yY4Lmo11p1hkUCjkeamgYvWkWSEZZFqTKpPqmz2PlUma+D9qIN9yIvoZcpNGZNCSLeQ28iaZt8zFqe1PKjN0dg1p4I7cwxdPDEaaY8OvjtJ0GbvA4Jq/1zdpoFHgC3OexKMGlMZfKSboMfrKwjZGhFNON0PqfLxud+jDvqzdjLngrAdq4EcER0RfIOqTcmOn1VOPRsAYlutTnXOPf7nfNxp6g87bfkOglAINcfGZTLMcZTsugLFaHbuRPrilL1USwUqj/pRvcr6RZC2Fy+90KsoQGedQZryxPhx2xumeZTk0XmOoqb5SiRcoiTsVU3OamAZR+zZaqVjA3GUnJqIqg1PCBxtP42Hl81Arh60JLcP9OBjF0JG7B9O4YYEynOJ6uc5z6L/lsrTgNnJONfPnLv1x7a01ExKFXBY/Ec13OJaAUew2cUcIkRsqjsK0LsohHep3Fw8VC2JOGwH5S3ItuL8I9XvSAyr6VfA7iu8J0oKIir6/QnfFk0Dllb5651rQKgEsZwiUScKFX0b8FYtcv/r6RTF4OAaI9PWgR2FbE2xdj1q7129iQGq7LxnXphKkXC8997cJDqbj3pp1XuArRLpeE6Vi119/7swndcZAKgRtdD9yPjKWWCdYkpXpmg0uwH/7/FSRi0H3PmpMiXYQ9MQ7k63OO3EZqXlnvsSs7qg2y0IyewWbKgUTyOmSd2cA7jwVjDIDUittUgvwm5DXAVbutRjH8pWmUS9pM34wCfPYZ285kW0c2J3q4Dqy6afS7nL8VQaeM41U/GvVbixNEnfGENLXUlPkQxc8TGy/9FIB1N566UMxYYgeUrM/fpQbcCxM2j76MWo8dAkIIeJEUmmQlkdtDramjD6kYqk9n9he/JHJfQnb8MA6MWN6rAalrwQPCRpMUSihQ9klGdkWJU0xOV9DGUmqwQdEcp9qoOQks2OQUieF7c97p93C6N+zb5H5f65pGnYfOcAh0Umxm4JoYVW86Aj/Yfyep5xPJAxP61KWrRZg3yB6XKUpPdxEYmAnFJ18/bscwV00qi0a4fN9LdK8U5VdnaitxDUlc27S/GxIHVfITQSs8Lcxnl9KwaMLMJc/Xl0MVFlxtNx3VUZnrt3Pak1Cy1O1yHlahhlQ5QBBQhyU5oLCjOrGn6XZsVy5fGDuKst2HNlSNt8XBA49+j2rlEsCxMhKTlfuW7OmEoD/XMCuCtUJ2mS9SYDDZBDZHPXyR4Ty6pGxqNdsSxm2x6kybKu9EJBrYd+hxiEJSqDI4aK4OnO9onxitil72JyB4gUxYNGBYkHNBmsDfrXY9IYkCEtGuWNicQJTZXdBy75Tncos40fCimvpZfHtgWT+7ev5yqInKhKZlBsSVABu1yS9uSAEmwGChlf/Ch/L9WQ755mAOnM+DAy3DPkhZiRuuXR/eRwIxRx0Dip6gux3X51QuQ3Cn/DEGtXhLK9dHZSm/Gxzit+oxR1NT9bs4JNI3hQ7JuBDk+5/iwPQPVd18LWjHLQa8nICs5HvrFP46ImNldIxMwAvjY1FGZDNKXCC1uMqPVmJH67H55/1PO8L+UcTlMtiuBIJD3rmBUAgeyiIyE21oChv+bTTHKNCiu8qm7TduYkSxHgOJYu1WmN5jjTbhrtctU5bSmPdxqWXNBwoB6Jolq7Ol7d7Xntw6snsnVmB6F0BdQozzCk0xomb7psXGm8ISksLtosQEe7y+ktB0W+nrU5E/LG5Ek5wPUonUmkJyuIrfJzWyjsN8/rNJvOJSJrOszWjIHDk5sQLq3EGl9ta300Qro+pBSdCclIoxWx7dN22wFzm0k2thrUWdVBJlUQVSbcbNFf/BoINelokyx7rtvn4y7iXnEgHtNncE/h3bPq60wra5tmO+8D5CNgFuXSNmHGdZfmR9ABhvER/5or16udXbQWCCZLs8oo8rjPzBRT56rHmh0cAVl3qkhm2cNKMNCLPcP8tsQ53JJ76AamzQJ/A7GxXhUdficyqKP1DaVWBirYuONqbnfFm4BGkDO9Ys/+6tHcy4a8uXbfgoevW6q/0c4f+1CsrAIHZUcOJrx0OdJrT2qpa7/3FrNSwPcuZkIMV3qnT+LiZk20C668iJaGrdGzdPtn0X5OSSi49aJgylcWOpxpb5WYkSH7Cj+mXWr3+8r65Z8xBYkhp/PsGCC7zPkZuKE7tCxPs93MkFhuu6HxHE3QhpBHUTQrGFOyjYvOaQBkJCJU2c9syU1WisksvEKmD2mL96pjZwWyOqbr3pAKPRuDkCWmgrjtzwNY1QoocD2pJuhg08GqYhqIxiqDamIuxB4ST3r4s8qoJxDHPbExf4pe+CNVVQGF5WoUn6+jan4URV9c38bolRTAYVG5ayzbw6F2lBuxyiSznPjqqietf1MLIrD3z8BVWd4XSki796XoR5nSFxzCKMmcRZoTzJzJI+oTHobEOEtYHJB9mJpYvv+d3cjSv1U3TbcQMOdNT+4NVp6AX8/Ryn6TUERWFo6qRIDfuCkivzKrC8Tiixm6IVkhBExmlfNMoa8Jp0XbLzEc7znHYQ8s3QUo9Mhp+UgoTPl4+lvg/0mUvfbEU9oPD9CvniTMjGPUFqghNhGRRcoN/5LPVNx0zJhgR+lKZpX5oP7HMNpI+fXOco7xktS1EU3VIEXcqs8chUUJWnUaKwZ9mZ1P9rsH/pyhrhbSiW4VT7zG69wLV/Me0pttClveoYmQeBc0YylOAxyUtMczoy+jBKA1V7s8tkXyegcRwE7r9sxyNquarnrMqqqifVdbYwvPvfNKT9eV8fZHvfMd33a5L778fcyAVf6ub6EihhufwQLZXRDIdmhxs9K5OpcoiqDqXEXDtQ2dB2UzqMN0POsmLJJfM5Lbv2kZNIVXQvQcV1c3e4tfJ1Enmoe6RDDLrySAxLrhSt7LGRWNuGm+3twJU1mB3yk2bToUC6kG/lNNZp2zKixMveJg3t0iZjqSzwu89a+/ahRHJpAbSCV4q2wMTuAoMVCaBckHHRO10LEQiSVRU/dvtaOZjYYhBlVb69OAxixp7402rMeryqKWGUkRHLey43ZJ+X/Dd9EJUx1qAt3XjSsOyhV7sRHPSI3Fpv42TWBA0kR/dtskuQVaU4vwvAbQHvjziKNwUd9TRq11G6fhhIjMQL7D4fgsy7n9Gej8OCTQMS7cagsCpWBb8iKvgty9VTjaXTAjHmrchIVUicBky03maGIuvQO9hXvbHtFN2X5nSyINGkeH1L7ewHuyLKYjSBmCgjurx4qsMlXd6dhnFKmaNTXjmpOPT+3vBxfP4IWbI7plVdM25h1YdAxlhmVj2VB1pPczHVE6zLg+YxThhFVPzDPADfk/89D/ftT7/tS9pbN06TxxU8vnCyHa59utR20P40CM0oVf8frNfleVIJhUal24DkU6IJcJsfZxvjtTvwv2Di02LcWNdbFL6I3yf7Wr4o9DFAYqpduMZZcvzncH9xSMhgsyFuGrO2irnt9JELx8UAi7ocoywz290MmyAnM/iiNp3VYgP0XubpI6JM8nZBtUg+btlGo8iBKDGRYVT1WROWxbWzYMPcmVAJkwCkk82JQ9oiDc8C4SoCRG6VtpCYYgUusshMUDHOHXOtPz7hTXWnkBukCM/nHRYG0UAcclJeOog8s/B7DoBy/dcuGRxCOl7PJtXjk5xF4AVM5fYd2UXwKMXbiPXLqgsia39O0k8R9lvLCL+UQoMI87RDeiCxAQ4waITnrtlpkfG9piMt3ZVc938sao8n2MMTfo+3Vj2DOJbOxa/Ak5XRctoUNgt9Oz0fMEZ4vmY8/wlMOYRfOyDBLLOAYGjfYVUHAe29bOHIkE5HNYIrmd7q/NBndKH52PH7s++nlLDBeslJuv3JuT0cPD4LMIJ1YtU0NgUnMAvLT8+Rlm3gKdgIWcAgnmlDZ03qP5QgQ/r+KD4F6IolpxzcfHCiEQvwYbS5ml83eLSggWH3WrBfFWJMfhYE9VVlhT+cTEHROlkClQyX5SyCAhOnepoIFjDaRAFEStpOl5QqRxhFANDkLyYnZkh+9ykz2iMuODmsa4Dn8eKwY/LuFwfzs9Of+SH1rODDQx0HfXF8hNjukzEwoXGQzRMG/KhrgLq34i8DA0MIwzUILm86geVG9/S2St1FGJIjzWc8qznKIH2xBxLNK5QiDnEf7369uo8Fszfb9vX7cVhFY2+QJMuYgqssMFCxGLXkyQH4KuGQsYo0d1Js255PRvH0IbCA9hD6Y9aMtqCpg6dZ2gvgH5ts7tbzrFFmEz8h/XXbyNjm3u8hynX8/qXx1XVkrYbBcKTzFUnne+QHOrPAPkCi6KnCFaHM3PTEO9hR5Z3fQpvUs3EH4MYgcvjFr8xeFHLcB6a1GcUNdDp75c2T9gbBbIvBrMQyKUO0GYOYHdaWqhPTgx8c/YC0rwvH2SGVfP7zRwUwzrjG4qMmSekboxwPMANIQlDpECI0xHKRQy3PiZmtt2SSd8/FT/OdRm3epUELfRmcqqvKd48EPbHcLfGzraAA6DX7g59ot62GkN8VXSQD1RE0A/4bWpIintU9ihCBvIV2SuHqBEFsAZe4qzUYT1Pc4x8ermeM8uVHpAtS1KDMKi5hK1oGQrDxgY0QAUFnF4U/AVChykMCHSovsYy7YuRyEvrFXmtE5GgsNj5PG778M1vYkBfFj8ey7GlnTGyL7XXZ/mX4RqmHLexb46CDX4bp284tY7qAXyaIC5xd6atp3W28JMghS516LtYJCtgodMVLfv5xC4A8m445PsuIWjzc5UHCVfr9lJhUhnS2gWoprwBLHE94G5oTVz4NwQyqTQL9xzVlJLgb0gKtXDeaf0xtJG/vJXw93UDE1Z6PN/Md4sWYJVOKpX1SPYx08a6VMh9xqHgagnGW7HyJpNfZ06wXOtXez7b2mfU9pMxFo8nvGfSmfLJZx0XEo0Jgq/boOHPDMTVqAN3Eyu3x6roU56DxI+i/Lkqa58fiWViilXwSmjHZ+c2PK426zwerCcHs8NQyP9II3pP9ZjjqvVFC9RsGP9IS2ksgv1yaR9SGm1y11f0thRukIEuRq5skNnqsFQuRY2mfc0YieMYviNnm7IVOO08bKvqNCD4WpdeMXiv3LjG/fTg135mYHN/dIk95tv1LZdwjuEgjPcSY/hxG2CFQt3vqg2adthCN262i8BNndcsRo7Oc/dEXadayrX41lR8aD9RsfZlBSMfPNTDMzR9LO7B1l4BL/G0PtCt/WRWQKgVmzqIFrbDVsHqgOwKO/tcuaouMrdwqbNcjP80UYTxadWq5vRd8jJ3hb0hjE18sPWt5idw1CNSIyOeoPfxF9rZ2lEm6MWrywXbIeKnhw8b0R/4WayE9/PggLZNaoHsrXKiW5hZ1fQGTeLUCdiWTUwe1kQ00L81rMG38+xbK7qSwVzIpqRRhoFiX6w/TemgGV4oJhem/QGXohlI53I5D6j9GuaYNYzykoiWvahwoiQya9jx2qzn2UYCchsFKUUWujti235a57y1zJwaS613M+68f07TkPBbf3gFfdyqEcz36tL1a9+NIHLbC+/nGNe8SCoY3OJ4ohVutN8kuqqMPVSUxFDSBo2vcLVZbwgEMExOLlffuYsOwiT5B6DzgY6+aB4xW6cHexmdRMJt8iCi07t05icyg3U2pHXuwQQXJYs3npA3ToEipDHySjJZpDZg4ljwiPXhWSW5PjCgeVq/+z7WHUXH+2wufWfRFnzP6CgDBkKOwhYvle6l2AUWYv3uqtlq6nyVbg7mEehp9lqHdhTen3lVLqodj44bhEa9smwQaJe+Yi/SBZV1SzcB5YmS0WGOWdOQb2FNtDdChyvcaRXunm3h+RHBajaSaW0vh54l6EpkIvnrj/rjy1lVp2qw8fsIm6Dn/jW7zxW351drsj4b3pnrCgEvbuzDdl09N+qtEJ/DPg806s08B5GiRMHLg6x6ToTt2l2KnLhb9utchU5q/P3fFObG7IXN9SfMnPp0f1MZsKlFx2tJCJwyG2wotOFXZxP9D3LRJj3cqH0tDuINe871IPQGU/kUBjzPOdhL6MmZnpMF1/aP+Su0dAnZncrWh8ZW/4va5Ub/3QNl18Vki+rQ/YMU71cKguTM7jIXTx6KHfSdVHUoT/eWtkk1jDvjxxOjoBI9Nywo3NHdqmCnq8wIsp+5Z0BnOqISWFrX+aCeVjyXCnLBllZkaxra2x+Te8Ie62VhvvIqkM5K24vlvl/p8R3mX/OylOeUX52E8Xk1C8vusT3H/qdxZdo/jSs7zxdkl96SJZbaymc08Ig4qyT4YFtEU98DUP/QsWc5aXeJ7J+oF5Fa31cpaiYFHxVTnBzW/rGlYehGh7VyLi8qBqzbQvuHGzJfY1tbfzKPnfRTh6WIME30uBLrnEG2YjAsHcoQPEJTNwI329ymQt+Aadf1lMXXKZLtbxrodd/eDr387LxdFFW3Pp/3ba6/7dtssFlUE6wfPYaIlit2NAy9xSTXyuQRMrFvYrDP2OPn7vUAagazIBuTYkbYeOpjdXt/tII93bFGS3Lh7LjiR1H3F6ulRNqXM83IKGGgoEfppZlr/+LxEQ+SjmO97AhsQ/A/PZWSwrroNHs63/HajPSMo9oRxJU3KGay8soxIQkrJznDFSM/pJVz40P7kRkB9NVU3XI5NXGfUd8/enHMrm7j81eLtzCNu8A69Wolbo/6tKyPXJyp/CUeBRfuyRlBPLdgpAHFGysEqEIBFWrv6wjAgML8+ZSbiXXlJNpiDoyz41eTbSjNyE5O423QS+9ofmCNDgvUipbsO11GY3wrJ+DcZP8a6CTsNfj9hekt3O4njdvJwSuJoRDvxRKaUxBY12dNKavuN7OUfGb73b8g76dT3br/r4qsJSrRvSI9SvJjOK67HJS7VHO5sefwW12wJrZxSBRyrzAjp6KA58pR21A7R7z+XQNy4Aj9kN0ABF4TSLoOnXJCYA8jFksiqdD4A4S6z7PI4oCUsb+WGzfNFDzp/qLNzMetpebSPBJMXv1se+9JiDQhRpV2SW60kK9YbmpI19kpDGsGn51K23VZ2dt4/mX9L8+pbyO5vLozk6JtSPZgisOYzctM+8xLWEs5PTynN+XC4NI/KApx/b/BzO7JSW1dliAb2bigiiy/i14DKfehrYOTYisAuFnA/N6xitLiuYyD+dC23CIBDaSwNIPXcYsjIiLPQVNE+rheTwtW79ig/UgXVsPrwUYaVO5A1nlAh96i4G6fdHp4TZEpRBJG4sqI7VVdVb1+Tan4kmQup6p4AbOiRbTCTeUeEDx6gjnrLMDAaFazk/APewzx7j75Kd9M6IdZBaWBs52g0RDi6aJ0zQg4c/HpMStJXtCidFcWOsFvmewetFmsiCc7SJyiimYbl5DFqhyCg5Or708Mgt5Ty0xT3z+9YeOIVoSPMnExkW5ivr/z/9L5Wa1K6ZcjK9wHwa2QIedGJZt38xhJrRNMIDmZCyb3Or8l//kom5b1uHEOHMnMySvt2kSUT/0dkMgGUVmHNDqd9y5YBVXPEkNsnBMo4ntiCpzU4yrg02+XHTy1GDqe0UdXr8IBMU/Tj++YJbTI1v5xKIplo/NOcca8JcGEkYbDU7Wtjb3OPK8t+P1TlSr6EWlMun6Zy8NreIjT7qIppzjaWFSBaheSqIbdiUi/iBBjy82ZOaKswQrzOmPR8FN2i1IA2LbuFmQ5j4i2oVBmP944loj+d4WCksIzwvkRqKRQY7PQZiSH4P/IsGetq09Jp5HBBeUQvBxxCIVbHfWhza0HJYxxzCdInegKTJT6BffRKcg5mZRraWe/1lm4aTwu7Uvuz8m66zyC8fjwyDqendj0T1Qw9eDYvVAR1KcW4+wLsqUkRqf7kwo5OZzhfHxGI85kg1+96qjqf+06u59NWFaFMmDCqTrQr8OztYQsZHdRLR0cLTkdMAeFLNT+HLuiSUjuIpZut05zsunTpgBnnzp1hXsNNIMNaRmVY94s0J1WbaHH5WnCYDWSXVvQulIKd3kq3QGua5GtNX+dT2U/EfzY3bT5eTXixnDryx0Vf0+rgHqwq9ghPeKe/k0mbBCT83t3554gNoOi7ycvo9sTxrFe2hxMekgL7sm4+PR85kltfraaZL6AjZtPwVFR/tDkvFhJDnpT2To/r0HUNQ/jxWAKEpnUBXxgB4QLOvw0Yca771Fqx60ywqdGHA10fXVfDlewRGM2sfreGRHIojlsMomlSRTvy0kMRDHNSknvUZJGvOX0pu/4XuAYUnzWnC17liQv6gl18QI1F+FtM6PSgPBmMejPRWCH2T1zyeSV8A7Rn9+FJuBxWkn7oNsjKO/oQYwHSGpLsd95K+O95+W+VVueDkWOOoT6pYgTLz3y41Gef0QbCHP5vu+CR/ZvcoeN0aKVBSWzKdZ6UvpUDbsDpEmMCO/DVahw0MxEh43m4IriK2hZPTM3TVLeh+nfnyxR9C/1+p2vjs7bFRA3H0wKH91xJ9upDa+Z+6RjYHNsLwD5X1FId29/eLFbAbIIWAfKSN782MqB5sGzA8hdD0n0nFFIPfF6PC1skbrDNnEFP96r31waZjiXivOMuzNUqtMFjOt0VMAMvRdwFJc/GwfzIdHJX2YQbZ93GSsgu9YmY8FIAx0cIrzuxm3vQlM6zTj2Nu8PVZj0iravogNTGJbimKICl1Q0ap2edHt6jD+v8PJZcOrfSUCehgfOPRAmhTTWjBii8xTbF1XBcMv+RO8P1nPTz92/QtuGi/nmBvHgos6/YED4/zxZCm7VUhMwrSi6CqLRo1zSIrrtvFV9I3lekFz6kODDJGhOnK6MNtEz76puwJNKuCET2H2/yS63zSQSv+2vu7flbc/VhWvO4T1YtNFZACo0ULYil1yo3lkRZEfWmahzJJZK5u0GYASVqpFrUvT+1nTksra+nrR9eESsXxruMz39XsJadNJrC+oh1H2QFALym59QXQaHDB5bxS7H6bRFJsgUQ2mIMCois8QwTzNxo3/WdCDrLA/v4eqzVd79IjmS+c9sZM6R2ibTvubsgc3fcjaSSGtM12tLlURQZcGCFqP0xzEoxQnj6qE4LYBxUXfniTlYvTqkjoEX0b7fddlGiy+lKDfHWd6/7frX6i3hQhW5+8HGNvD9CMwnvUc/vtLdRp1fnl9gnABtLyWcSB36JsrIskx3vtklUJ0+hZC1AaepHFRwlNAcXpv/XEecS73ZL8fowVShOtqLT9X6wU1pQrrVK11gyV1fn+CdnMVSRGL64ny7p6WFHQHV59rA46UXzHNSP3Nw1DRuYHhYqTJRcs2HDhszbzlFQxt+6ke9LnkFjMMrj/x9JbBluKeBXGpY3dV+pDuT+0PZpZ9Ir3n25+lyOb168vVCx/TzaV+Pvtf+Q68rsl9sIHkYSNtrzJaps7D5B4mx874hUFltCZ6o5Xdl2Ldg3SfY0SVWpL2JQTFrMlLbHBdvfeU+K4qOsqqnnTm188dCIyJ7emzKx7qJVLb75A2SWgncIZkBKDR+dRe7A67Mg26/6clfP0fIMyb0hh90eTyySCZR4Ce8uT1BoGtuFUnBIHO5LsebsPGFEaCfIZKroqw+B/HJsD6W5Uc438+u1XcYUa/ykDXXrkjJnoTGtfBXiiqbCaP5rSvrppVJIKe53B/am0amRj+ZzLsGuJOJXfjcFQWmqnIdSmF0RztEdTQkOjnWXJu3eedkqfDiPMI388QXa2L+PJaVxlbfbWN244slrOYSq9A8cTNl1Wdg3uBOtypdiQ3NMAdIlV+oWGkRaxtRDsHHt9UqtLaCWuSQCpkpjV3OWmiwPyN9V2me+fOpyzH9bapZMvntEfTOdXGiFr9zayMY+DvPp9Apnt9C0j2AUFHciRnRCp4ucJpLHppnhciAlFhm8m6ujumjFqsqL/Ahi22Z48M0V9ndqD3IrB16sbUvYj+OFsvyLpMzD1jlgF2vgCuWsAhUFahrHZTOolbKKa99omIj87JpaqJ1JLvIktXAwGM+5hu0904xreJXzKrWYDRFuFdO0VCc+ZHo2ygjizjOOuHwZrya+5lm4TByveP29oOwW0Lw+cXm8YvrWw0TL7l3jYTOQ+ul/AN6kRTPfqX7ZcK3sLicsDq5p4FSgKYbLw6u3uscoQiGsS0J0aPSLt8MldOYIm+EJIt8RdHL6vfwFn7+Fsxs8PqcGIv64ZjYmgEHZOGB7LKsScQMl1oqEMMJd7k8FYsiZ4M+szfBn7iE034Nuj7cJG3WkREgo6M3jpMBUWoik77HNIZvauhz37WSAh6CBD9+sci7bsiOJGdGg9eUV07hrGONbhk29TXx6NyIj/ChdsSCBR12cPzmDtNWiQRlMfKDpCeAvCqWOIvoI6pD4f7Y0zIe6d0gTYHmop1NGQnRhsz6XwF7IITf2sarduu+2/QthONqdhSfMVCDDWfaH9s7f7uepqxeGkSQNKOxAIyjNUNO/TJUTzfELnkyu2o7K1EoUyWBQHgrSROaTVPdnGeWNiwbctlUayVk4KmfdCcEEhyh8xDsZfzcd1+/sPmPbj5nUo9+Sr9Td74a0+c88hCi9ty6+ur+l27StLuvnaEdfkwX4bw2wY66ZCmgYsEMBsjhngiSDJCQs323zdCJDs7Gwpchjhx2I6xUo46ssqW9+hb8xpcAsOHdoiD69Lt3nrdq1yPq1jCuSfg5OC4GnfAmXlaiCE5LnZLhKppz6hBTHtGiA79LhROUhtst4hMYBTLFBhKa9NSWnueSk+tCIkqyRuEhSq98VzOz++23nVbV61+thw2vVidOUJMc5NwKR2n529sT1wAAHzZJREFUIpqmK6WLoM2oFk/Dic6FLCwc5bgmD1uY0gBilI4BlKIVNyc++BcJGVsxHxFoNoCK7ZjoZuLJvOpeuiBxSSNBFdAd76sXUA8NX+18frEZf0z1VU2DWElm9NXnmgw9m9WX1OBEZsJTm74rWMbZeFupfbLOTHn+YyoSzj61itlAyRrssRRJgmoGDBhX5iXLrUOwXUEs9NGOpLpfw4gbr0XrAecv//Pbt+4e3/aCZqZ5nc7dn612fGqFQfpHnuMOgKv97JJH7zKihY4eOrkiuIwRyMW7LmrsUorFIq1YE0mMlQFbE3MiyAA8QkCd4jUWqFDK3NCEu21p62onAX8XJBac9kn+L//w8U897N/9G813+0EEiX5DaVE30/WBm2aBqWEGYsYD6zid/+Jezqcp29mOlt4ExYSJbwWUSpIx7PRn35bFXyGbVYnTBDU35R2EIv4gf+mKZx5zm7Y9ed94/HoFxws1ouNkXV+vqwa10Uxm5Dilbdwdw0vZmahnb5WRRMOM8hgnMjKQNDOiAQRtXM1ExLht20QlDIkjS+5cEggQ/qArj/e+bDJOEFmw/RwlaHN89h2j1qiua0ajP6O22mkQQVKNJndNJs2NcrXOv5kSppYUhzLf+oJe0GmwpBRz3oJZlVD1VGKptVVMJkjgyKABQ9mplXEHrC16yVMoRdWC744uo963yi69jPjJp9yxUx3/bq1JP6o3avU1oo2+WTQGToN0JaAXPjDNgwOO/idC3KD3FpCGctltPWIB0UwPcZM8KuosD1wQSqAcfAgtt02OIgkbks9/asyOfZ+ZBSxut4ZNFHjUybFsbr1ECBrbqz+6YV+jF1ZWPw0iSPQi3N3yuL5KoDkdF/Yn1LMQU956U5OJ65kx/C3xdppLHOXUejokhzhlrLUpjNiG5cQyIJUDEYtmlpyMikCGP9baGruvhRd86MajPr33jheojYu0ejxPfVtvkIE5eiBD7oW7pKIHl9btGI8kOigZCvQHvdLlXBXEZCjim6m9bVrDmjTo/7RLRHgFx2YYtAqKpQX6Ez2QgP+9wETrEsQUEtIPAcnzWj2dm9+i4fD+Y1XdoHbf9abTT1+Vz7S7s73dIILk6FPm7959/dJNi3u4UJAT5cV+ghozE1Sx7XWRVdAE9k4RmAGSs2WGgsHeE4kqiX3MaI9eZtgSsZOiUUyNsnR4cfy+phd9QN91O7n7cfX+pR/TWxwvl42dAM5dxEzfmLvKoAzz6KL27ioNuhC1GI8gp/GUEHef3EeXys7DRpfICwdhgwS6nVHoRQi+hc61m+g0Y2e7B9GPMgaJ8c4WK4Y7HqZzL7M6z9LTdsk0ej2yft++ufFn1ZZHKtVVTer22k8nfuexu+e2zXxdF3bMnR3nxcIICgr1skmCSs4UE4NMq2k5zPDnHGlvlgnTaECULn+GA2ULmgeAMWDbRVYcy5h+H3cvuXjvibP17h/V04o/VSz8qNR2tqqCUTTSUgxY+hN0cBb4LxKBPGptyYW21prsTLSHeKKBf2eyG7ltRRikXdGd1BF/nFE2iQfbgRf8MAuvyIuBHZ1WiaeC63WzsLVZWtis5yL16Cpt7/qTE59yR7aw6tkgVpIzzq323/DJ+VsXd4+XDtw50XcAGreAJ6OmmxsDh3NopQBRUoxza9jpwnLksbcdF8GbjnaePWSwVGQzZ85pmcAwTzIUe6JJwNA3T6/8eLN+/+7dz6uWli7S3TCdYjVHCToyrgAI045PoKz/FclDNI2mDUKEohPhAUDIoR2p0jnlJkMyu2O55IbTrYyzpxumPPYSljKdS4d64JZ84MA9bZ8JELxFixoHXbN9NNwJmtj0qGZu3cZmr/T+dDJafxl+gL4W0iCCZJeeSb344v1fvPOa/bcduHPp2EBAz4eeGM0bHpWXlVNs3ayK5ilTMku15IXfgh0LuaHsIjsSwjHVcToETTxDSjlsx1mRh99LF326mbvpzjtP3Hv3PRfpNOO79VrICRKd6WBRLGDKgJJ2GCMaokTUu+xAsnmkxdQ/uKSU+kU2NJH1mBiDJBzspskUGtr64yny0SBtph13AGElmqNVYlzJkcH1BaeJMROiczqlydSKLKKaDflaT9g3nzCu5jaPv1yN5v7720727zliZk2kQQQJntq8c93VWx4/f8veGw4c2/ANTMuTXquIics5ionqyQRXk+aJARgJhpQJflQop7mCrsRMAsBPwDBgeTDjYCmdKrbGPJTsJe5aXfGsPcfdcOc9L6yb2ddJ/snqjz5CGxhDFF1DH8CpE7Zl1AbPHWs7Z+MSjP4mOXR8JMkeoV86lZ02QcAOnehA0ccqzRMxjBgrwQsjwcqyme6Hdz6vklmPASs0xBojcQe4cxu0GZgLm8f1pp2T3XpM8ua79o6v6aytjdJggkTfmX3dltM23HHr5/ZU+27SR4lWJuZMU5KwWsnt1TVdQF+pD4qeQL/IXBcxjpWhaOhIP2LAIEWpCPYNlPIFlzSzn5nsO09Sr5ehF8iuf//PKCqKqojnvkW7gW53QoaCIQsu0ZvEsI0UNQPUfUWygFYq+tO/1KyJDdhYgedSjDD42ouJPJd0kSBomLCsU2xZNISRhZfx4bJ2/EtPXPdeYYOQqfoMSbO4+THjD1Tzs3/+7seftmpv+5ZRrswHEyTVZ6vb1j9x9sqjz9zw9K9/5M45feqvTB3TZncz0XI8c595V4+Z8/A17zGT3RRnKU7fy+wVS57u4jg0o2HbcDGBR9Nu1z0AdPrndZLFY/btHDf7Xq3nAXqdpD5N/c03dRM1qVZiJRYBGYiBkOd4sm1Mq1eSb9t0c9REc89ULvYQd0fpYC+BU8mYpZ3+bUCmsd35zg5AKu0r12tj2QwWkIfLzu0iTEKBFAwJyKgU1GaY0ota+pav7acufXHdxslbT9z5JP1M49pLg7i7hdverZ8im5kf/c22M4/at/Gx+gkl/MwNdpAgp3uy2Xnz0U8VvWDve47IOLX8Imd172iFubOs9ZDhY3MhW2yrxrmdWGKwcY6d/SgygKWpF3bM7Nh/3N6XTWaaP9T9/5/TAwE954lX2VEnqUGDUsVCgmwQwaNyUErJwqQ32aMQDdBGJ9IsKkUeILORlLsEiWpkZkUrFrSIiZKwqdRXGRWtC2TaRTuFEBZ50q4/jUl//HM7jFzb+h2T2zY9dvxrJ3715o/t0uVKNLK29sNZSeQ3vUL9yYVjZu/acc7GjXtuPFAt6jv9WjxpdnKC0sO5LGjywLKmrz2aMuXILk9BgddP6C6XDomkZ6UnQVv60NDcptm548/b9IM6CumV9upY2xQoomEA0/VHKu5in52ncj3D0Y+u71kiA3DuUHTHbYloTlQOsZSkfshJKgwIuG1nTEkjcdpmZ0gCV0ZghEwqWZaRYYNlDlFMM2rHCFmOva7WHaXTrBMX37F/7/4/3fWdF/Ja/JpMg1lJ8N7e2eprugf0mW1P3lDveNpG/SCMpoAJYO686QHe8tVDi0keZluZ3jk2NFLqgg4mvb+Z2dPN1SvOGZJOZhvKRuvqZsvj11c7X7Rl/eaT589QD/W+laESAYIwIOKODwDKJED5LKutg1asItemngINciiOv55MFJFkaxtpVc2xUGkC86JyeMcoJUhOLkFSDTL9NK3wk+e+UI6NVYJUZoduZpvi6F8HvCU9Yf/IwjH1b77/O9bOM5Ec1rJsUEEyt6faI99/cGZhNDn+OZurzafojThmzeAOgHsqNB19oDNfnUwGTQmekrc6ye/ZRNfzbRqmQoZGzIOv1WPDo+aqE75ty9KJ375lsunEdTOjuYBK4CX9HpUkkWkLJJuGBoVoU3BKlNO9gFnaIaNbTnGUDgGbCWpyyYKaxkvV/KQ5QMB/CStwHZouuWJZnya1AcWqEoGs3sBHGmHtnaLK2/FKsNnGuu37yWr/zK7zvnjSF0VoR+Im19iO0Qwn6Vj7XV+oztXrDX+sJeOkPTcsNl957231nV/co0sHw8iTsNLjDHIljUH36VlGbLlPRGFi+8m2epJzG2cXj37KhtH2MzeMNhwz62NmBI+0CKDMXHQ/RYv/uHjizCuua8C5Ll2kzbris0mRHMhpRDSfiqHPO0/UXY6WdFavayRZUZ5ydMW2oq7uLbOBctjhjnVnO+xGH0ob0Wnrq2geWfq+T48+qe+Wi9xldU1Du25u04Efv+KNj3mv1Nd8GtRKwhFn/Zy/ye9vdFTSkXtddeJLtldbnsDro15QYlI8Q/I9c8qcMFGU8xqccmGYWYQAE2VAmROPIjLLtnwoo5Wi2XLKwv6TXrpt9OjnbR4dddycwwnz/ViLOhQOurC0s2TIiZ56SDi1XAtqbD1CSGgfttpqjBF6WKcxmeO4Htr9YO/KcRSnXXdLu66/YaxrIWxZDmJ2KuxnGyIXfQn4UqaMVxKagfpGOfOX546uP9zZXdulYQWJfHnKKdUtmoX/rYm4nUlSoDSPfdnR+i2+DfXMgibYgCYGIvkmfwkCwKjDWCcTMyq2yNZxXqasL1dkONrq7kyz/tjZyaOft6V63L88et2WUxdmdC2SkJG2SqXia4+2RvO2HvvSUJe3Aj0LcIu5KLgmUTHodlGn2SKogv4dW4XUCrZCYRl+gNmGOFL0DJkWO/QiWi2hdslTVseRth7icOlGxgif5K3/UV9I9zMb5pf+4PJdj16VH+TJrt2vLEZ5v1RWX/iVVzan6hrgjzQDz1BvjBa9rlLdeNmd1Tf+dre+mmYJ4MTYfBNJU7typJbQUdR5TH0ZGaKQSSqD67SlzzsfNVPteOpRk2PO2jjZcPycbh0gIUFJOQDY8a8kThuQcWoihoKM5ACkXHSz7I8OmyZeb0VD3nahwZe8STyv6E6tkiZJXgdBxadyPgVDn5/mVJ+i3Ti1kpjbKTTV0aM/uZq6DDvbLG2HfegopE7mYaP4RLym+Vt9wOYXdpx4xUcu3bV272RpmAelfKh1EH1NE171W7vuuPmW6mjhU0+wqzkgrGcozcad8zWnYOO9k5qg8aT2AB7oiKEZwuIBZM9wjtgAUhm+GCTOR5oZrRSbTlzQhfm26thzNtUL2+f0HmsIaC8R2aJOieQKEp1QKSPidop80ZGyW3U9ACaKg80gxG4rK2twUFEglIaClnS6QUekU8YFiWZtBzr9Y6xYcNn74EedFsVEruMhXVKrC6HIuIxarc+E1B9U9T88aff2j33gTScf5q/soyMPLvXH+uAsHWZtrSan6zbiezQnp8ZMMz2aax3VFu8aV7decXd169/dXd3z9QPN4t365n4lDqQGVIv/6DQAsgA7rLBn5gWnuQ2jav1x66qjz9zYHH36hnpuk97GA3dgmEjCpMpGKroY8xEXRpiCpLIXA1+gQ+boq+SjNAY4cpPr3zKWDxtxpFYkSIZAd/C7DXWYHF2NQL9A5ebbI32RgczKUmQxi07mvgHgctj2aAq/7Zvsi+YjRvQz+iG9Ysd56R/0SXW9qu+Ya8a/cvmjd3yj2rU2Hxaqp/eaBvUwcdlINlfX6Bj1Ts3FzyXdEOdp7vyW2epRz9laHf2UjdWdX9pT3fGlvc09X9tX7fnGAa8ymriMitRU3QdSgCEro9m63nDcfLVRK8emkxaqrboxMHdUfkuBRBC3jVCnGuCEGP/B6YKOOrcWYJMUhHGELwoc3olM3SqiaDnlUuFYn/YzzyYgO1k3g87xjwGlgnNZ9SV8iotTWrCYdnQcK6lYyM7jiIKu27GRol949NH9RwMJXoX4vH509JfH1eKfXfGmY1fld0XozEORDuWVh8Luw29DR/FXfrF6ulD0NiH8NDUYY/F8q+bJjHy8b1Lt1+mXtmb/LYv1vlsP6NsCxwoYbQf0lYcL+j5afaCLVWL9sXOVTqWqdQo0ttl5vnNTxoq9GBmvpgRIAX7wygrQBQyy8JABsVhyfQW9XVUUErIbR2vriaB2pBuriWlxBHcEqAvwsGkZ+HKD6kFXwXTJtTLwsz/W7cmrbnn0izw5dcsyAPk5yqLBKLLEs1Y7/WybsvePxuPf2D1722eveuPj98vCoFMAa6BDeMmnmw0LG6uf0iB+RpOlHxRT8uyuGBATncmnJDot4S5VTLaYMgAwnesqTZ95SDMgIBSdZdk0gEbdW5RxpmkteMREDhMpRx4BE8IqO7jCFnYkQN9QU8BQDZoLaT9t2Fb2lZgFvDkut2Nb8FmhOF0LGfOQlT6nfe3pluuWcZN52hdybqvoxHjct7BDb8cKmuvU0m/rIeH/d/lbN92aXpXwsNPgbgH33f3ec+o9ulvzTtE+l/Aw0L2m+KSlJw2CReMjwCNdc8/M68ur9BULs+tH1axWElYTXZybDx5CEyWSpj4oSTdRZYdWSIDFQnaeu2X9SMAmK43FOUurkzaNbIj9Jt2fPqHVQix7a34IqT2bIEqiuKw74qVbLFVGK1GJsSRFopCDizZEiBMsMUKQT/j8z6aZ/eF9R2994+Vv3azfNux8k2YGmw33miRdfsbp1dX/+IXqdzUpZ4jEZzQ0hZ6gdpItmtAhAyhclxv5SCWCKGYV4IodQFGhABlqJqyUisgpi2VB0tcfCLamEQVpxVJRTSEykowGuugIySrRUqqEBXdURefwPZrQd9dkRj1JdthyN7OIFQzGMFwKDvscZotzWaHsWENDZZE0HF5K/KoIvyPWn3z2jZuu62wcOaVBryRMwy69Xq2PYL1Pc/YhVXXyEOAwAMo8MaEtbEVkvgsvyhENyBW6YRAVkcHEMmZyQlyoMRqtTUspKiX+rQuRSjZgWlg1Pex5j2AIYya0lREQScdG9Dj7G9b6huhSMe92xYxuuqulG+hjrRjAcAjQV5MJiVg36IJ76F1zh/rzfnF/8KjNW371s2/Ydl3HO7JKvUEPeGCa1+/RO12a7d/TxoeaNBjjgJ3QYkQFUXsGXU4fjBE4bGRiWMkVEyg5tTqS9Uk7ZiFaP47khCn1OKlXCXOW4cAuMxyN1d+QUd3yySu6ykNWe2S5zsBmy++VMZXXIc7dtvrlawXyYkuWeOio7x6nT2Gv2A1e0BgT9r11srZrea6ivqiLnLc248W3f+qXj12TH5RSTx+yNPiVxJ7QEXa8sfqsIPWbqt8UR18jmIDQvyY8geEyu0iaeidjMstgxECJutVFI3RaloxDD3VLhJhVwG2r64YRlYaonIwFLztGxZZTRVUELNTrc7F4sFShSMOrzvLDvVcgWYtmkaHBLsXAvUwlkbiQzTDXSqtAx++U0Dv1i9Q/vGHhjt9+JAQITmmdkB4adPbSLzSb1k+q/6RJ/jENRB8MzaQ5B0oAhmghxZHewKcCigorhBEL0fDSSj7s+ISidcMm+JItH8WzHR3JcXIc5QsNaSWqHOlZIaj6qC9566tOX01TF6ChELxYFVQOG+hG2cGAjOUYr+iux/h0J0uLgLokOuZ9ZwvdePlTfY8hwPPTDgtVByR/pYpvW9xX/8nlbzhy7lxplP9sOjJWkhzm/zqtvktx8GuC2WXlqGpWHgryFKgLBg6OcYg1liwLOEjoWK+gKataC8wKOYrGk3fokUQtqg5M06Rg6eBDImHGW9iTCPgVkItBrZK21e1QMMhNspXeLu1AsZDyICHtVaZdaoIiqgqSCXNUVI3DBw3phdJJ9daZeuZfffvc5t+8/A1H1p0rBvvPpcHf3Vo5wPFp1VebL1S/qMndJt63aPO3sFtOgMtAERswJDScdfVAvTVyJ7gJNQCHEkQVlaBQD10KpkM1WzsXqCj1yz1CaJuQO9ksRK9yhXeQgcJQXkKi1wziZbMEVRFshgYyqd5bZIPo306vPquF5Y16O+6Dl+3aeNtlRf4Rlh9RKwlz9+66Ht9yY3WZziD+s0LiWpGMakBwyOsBlNoEcHrggc4dpRIZqvYw10mmWlmpUDsoOZboRMcpiwUIdf+SFSI9wVLs4xuF1phj09CHVMRtlPG3BBogmNpYVp2wCdVOUbd1m+oti3X9A/Mzm9/1N7u23IbmIzUtc9+R5AS+5+qY46ofEcZ3CQN8EQNI8OE2wJnAyKzghNznOg6N9EgRRbGTJyZYm0xygFDUoVd7yCSRuSUsBuf9YviagLhFDJmQR7Atx3WBZOEXXfStw07/1LXlNUg0n9ca0ENGzbTlQkMnytbv2ZGRverfZVJ681EL+z/0l//++DXxre7q7aqmIzZI8GpeyP+QIPmzuig+RiQfVA0SUFRSggaMm1xYOsdSwkcgNnzV8kSBZmNkYiTgi2loZrNDzzJRLO34oh092NaXTgIbef/znhg0uhEX2FzIx2smtiuGXztBpB8Y/bLVW9ulDXINY0n2r9fq8XujevJH1f6t11+6S7RpsgeO6CBhhA6UpvoBgeFnBLHHaMBCDnAjtYUgAOJCzmKpIwCbi4UAP7qylkAGacjyM7bI+R9wKzmARLBsCQAztEM+dVpFB0uRtz3tWLVkQjzEBep8fhKBQDdoNIKlHxz0ET3sie27W0SSqlxoTapbVf7wZDJ58979ez85pE8MakSHJXkSD0tLq9jID17TLNyzp3qtkPHz6sax4EN/iR53TPUAtI/EoJxElkVXV9BdjYgBv7GSWFDWCJBiBkH+lcetXAWT66I5IGheigh4hVDFkYBNadI38xHRxudGDHqRoWcAlHIJCOe81IhOkVFe5GTz71R+8+ie5p2X7tq2Zn7qABeupfSICBIczooyrxVFR/p/J8zsFED0qqMAA/oAGhsJSBZQRt0sywpRBneho2xZMnR7tlROUsqYHcRcYRCIICEHxUqAOAMHfq4aXOT4A2WhY1vaiYpaXovYBI1Cs23yLpB4JiJ7+uEwbus2/2s0qX93xz2bP/vuXfWa+/5d9XzNpEdMkODxF32pmT/qwNJz9P7vLwhE5wpB3AIHuHmkBmEiRAYnNlOD0edx4C8yRj/yBnjKoieGg87ApWIaHPFUTzp2zBPSD6alXrGhnJghOEKn6GJT/5aLvMg5WCaNfg999IlmqXlLNb//fRfcfMyeXbtY26bp3jzwiAqS4ojvubJ5pr5v+98Lad8hGr8dHuAy4vJUSKT+qmFdQE2hL18IyvtB4yXAPORLMPRksJPwLF/+YH2WDoMcg8goFsizTE432yflLgcNex5CL7e8rkMkf6Ms/3G1WL/l0p/a/OW4wqET0/TPeeCIe07yzw0Y/mmnV5+aG9c/LXz9ukDEL7warvGek4CGEOAjc4Uyf5EOdWQxrwgod7Ev6LIvhNKKMkVhG1hQQykvjkIMUt9MUNnD6feq4/RK6r4+c1NV79EXdv/g7LrJL176b7fo59YI/2m6rx44tP/vq/aQ5XQe8pLLq/XrF8Yv05H7JwTFpwmx/Ax0gpXca0n4SIzgZYEKRR/WgxYBBfDF8+EfmaxbXjuO8iJ7B88X5pw2wQvZuENW7BQbjqh4t6qsFIQTZUJc6v1c5njf6gsa5h/OLC7+ybNv3XHj9NQKx9//9MgNkuIroei7P3PgtMnMzOt0yH6pyCcIXPohs8CtLla6IAHIJDJvJQBAqP6TFuVCKHTpZOCEXNhoL9whwldewJ4BFhfn8PUvGX9riq816CQBUoIEkajfod6/c6mZ+YPmhs2XT595yEcPIk2DJJ33yk83W0az4/OFMd4gfo7wtlGri74FgltIccrD0R6HUc+giCgxYiUjRgG4V4aQbWXipK7TT9DLHuhOYXWgf3cLe5jV6uJlrQsSyetulVcS1OOu1W7Jf0RPTP9ocWnmY5depLd1p6dWctSDS9Mg6fmPX6XSt3htr2bGzxPYfkSsZwi8W8GvUwEzlQBmFwCFVk6Z4FsI2RBzVfwu0CTkILCwymkuV5Qin3emolEHESYjQGhEF+W3K9D43fN3LO4bveeYbZtu50eP6NI0PXgPTIPkm/jwe/6+2bk0nry4Hk++XbD+VmFyk5cUyRMrBjBR4IqJcerT1pGDHQHgZQDwpyj6YsY1RsqwgngTz22hilwGD62VlQR9BfJd4n68mYzePTueff8H/tXGI/5TghrvYU/TILkXl+9qmtFnPrvn+LlqXs9UqpcJ6M8T6HfIaQsCr3AskANiJZ8iUdGR3gBmbz5o1j9yrAKuyIIIBJAvxzmVgs8uVhadXtk+Cnn6FSqqH1BbuyX7sWZp5k/qpebyZ1239SvTi3L572FK0yC5D47lNGz/mdWG+T3Vzsl48YW6VfwvhOUn6qh+vECraxdWhMCzwOsygAf3Bj5ApyIZEsFhZhsUkCyUF+I9PkU9I1dg3CiZa3W98fFmafx+fTnxFfoZozunp1Xh04dzPw2SB+Dd7/9cc9Tdi0tnCdpPrZcmZ1Wj+gyB+BSdJB0tmr/yUcBmuchgUFYCw8HU0eNUKupejRwU7PRcnGc4TfX5ZlxdId7HZ6vxJ9/3qh1fewBdnqo8CA9Mg+RBOE9Arr/jsju3blhYOHZp3PADoqfqcvmJzah+gu48PUpLgG4nN5yazQjsCh6tA7rKJl5Uj6WGNWKi7zCpqn16E/dmmfyKmP+gL937h/G4vq6qxzdsWrz7G+9+1U69UjJNq+GBaZA8hF73B73m9WHXdfo7UM0sNXfPjg6s2744mhyrGwAbdfdpg8Cv/7zxpODQrwfePjOpb12sFnfPTGbu2buwtLjt9m28cHhgeir1EE7O1NTUA1MPPHwe+P8BD1cXgkDHTskAAAAASUVORK5CYIJQSwcI/Z8AElRhAABFYgAAUEsDBBQACAgIALyhaVYAAAAAAAAAAAAAAAA2AAAAcmVzb3VyY2VzL2YxMDVkZTZmYzQ4M2ExYTBkM2VmY2FlMWQ2Yzk5NzdmNWZmNzMxNmUucG5nbHoHNFxd9O+QSCESIQiiBCGiRY9ORBmCIHr0aNF7NyQRRK+jEzWi9+gSvYvO6L2N3ofx7h3f/7233nr5VlbWd+eefXb57b1/+5wb+E5BGh+XHBcCgeBDZd4oQyA3i8G/d24BTzaflvUD/9w0FZcXh0BKwvAuDHCA/6cxklGWh0DcGSAQn68QyDnwyGcNAnF6CYFs6EMgAnEQCKltUo2SEPDDLUM56TeQK/C/tPqcKOBNCPSN+HvXya1pl7j3I/NteycKEw0sTuufZR9GpPvc0ShuIcejbdEglA9O0DDka6MvrPcZtIyLa6FnuDV8QchMKynJ4uMj81D8nA0x3iB4lDJLrf96grNMsExwGeVGldqebL+T7GLiYqLbx6+ODfn//LnbQYt5buZFZ8LebzucYM3m0jXPlEt2I4lNnTpnaGJi3dHZufpJMot/XoYxv0rwZ5NZOJ/RbezKWV4eccQj1CXaU3BuYvng3NldCG01szHJajyi7UyscKmEv44tw/1IA5ROIBnF0GtHEoacRnx0fBwTG+Fmr2YyCS0cLv8Tufy9DV3nm1ZUme0soSrfOzjZtdG6bOyXauPgVSrv5sbbf8vHVdIX9DQk4mOw036Z3pOYlOmzi/ytQzwdpvWMZ90Tsf5L+OPOkpIjpMvGrUXEyJmj80LpfgR94Gs8sam0JtBAHxIB0xVE7p/85kZ4fLJDiCDr5tvueZmwESMeqV9HOPVZxh4zTEwsrnuJMTv1OdVuIimSkJJgbDxw2wSDwST+vl+TBotcpfbWjjmmyYydlGFhzUTFvdsLCy54zsQi1Zd55kE8LtbhpqRi+T+ud3wZfHW5ocuPFJiOTfi3bRrbHBEjE1bQRXG4zfLclQN2VOovq/u71MeUQiz/Px0ZyDanRItEmYRzuiUKow+jCC//nVtl6LQup26P1+0dX/grXr2JnOeBpLEq6WMBC8Qkgkv6rhAreEOTLimfNAvporbn5V68KJqosELEClbOoJY+BK77QSZv4ZCAdjzpebyZ1Gh95V0bSpnCbX/ISJCb36ZSbdwdq2eTgEKRli/giAZCzOSvY1acGqQ782oqZvrI5r6/wy4aftvLaX9s5PlansrAqtLAasTdW8a3Lzn/7NxiQCabm1YrL9nWLNlWL7+FxjDzSPRFO1YPcRnzT9slK0oWtNe6dVe289YftBlpJa3OE99I43mHscAn0wF9Kg/vOUZezclAG8UmtTXc8rqW8tjgjZWyzraNEw5tMzspP1geGKNRxD0xkU9dTCqVSyeZeWolpki0VGd8bBCVVipjrOdjze50RbHqBD5m6Rhfhg8z9MYv3nulUDebPLpdmFbUp6Ouy6Iomfu5oeZqem0u9NcEzugPvc4pMmT0zI+yQXv7xdKeX/u3PiOct+PUyueQt2XRDi7ERc8h/8Qw4KMxl/d0c4BJO+fwefLE3LCQ3V8uyot8K2ysMoybf9mYpCnbu555qCAcExlP5KI5ev7FBFGoA5s8P/tb+wttb8RUxAaJeHMtaX1pmay9K+MAZoSqa8xj7XS5VSff42Phh21xlfh7qCw6HqGdy5+8uG2RyGdmYer9p7FRp/p0pZS0ENGXhy9Gf+05mRekdb9/+NPRIZG//iY3J7AUNgx14Yy6iIISRi5tsz46Bdcm1YtrI1yIG0qMkat8MaIOZ7y6bhCtzxhYiw3+XqJObFOLja1fLmCyoB6lRPxsmkQ1SuUiBV7UmsL4VQYX2Q58OCZV39d87IZ32zxPsOuE1+Ficd/GwMmHXj8fz/tqmVJ1+VkYwrnYbfbLMXucVnVTJH33/Du1quaYf1nqH7xj8B5nXKSXFlXm6xyV/c1hO2VpmYPo78yK0YIgC+8oPB+KLf87+blxVE1dbzAdv8LO94jSxSTU/vwJa44gD1vqA4QMjkcXn6VO4/E3nbDkCplHmpDX/8XEYPqwymaygL1Pb+EE9W3Yw/mPbYuM7zMjAIcxDuM0WeWbj6r6QyLea6hVOAyNbdp0wNbK+Z5N1BlicX+9dsLrmvmsfoEC1l+aJm93baGymdgWO1X8cprCoe9M4M0L526ckd+7LZxtpuvmYwtOhC9/cfN15JE2/XleDKpPn0QtXFW+etyVQNymPHalG2eGMyqyTlmbO21w4xn/wjk/V6SsxUYXH6xsb8bqqubsRKvkbz8zWZNL0htwOU3ExeEDOZRVbv6ZsvKj1TE/7W+SNltiaYVavjXkWU5r6a5UGfrQLhm7nKOtUWQdVQZ7Yyv/J2VkykVpzAvd9gAWyHWqErZn9bOTVdfXWcdn9qxtm19h5yHlMtKqGJ7K5u8MvnURVKl1Wfd03onqq+8G1suaO63kTJ6Z+6i/Cq/7z5CvdxXZz73tKmC+9C6HJyQejH147hbEh8NMBV4XcI1ZqBO/znSNo8hy8b+cqXiBldJ8w6izQF52409Pw79q3MC4cqpWf9Rf/f3wGfq8UW6DKS698pbaDZSF4w15Hcpzco3bsyJcJy+Nj9bg4f0OIexmNojqzX5BER1P6dZZmFIbM7UMVTAmdQnG+pIb1vhUZ5ryR6fzAieELniI7WtUlvrM4Lb9Tt+HDJzWwx0swzJCqwWPWqgf/LSAnfo3FM3kLVdBZDz/EwEP5hjlHxKNU9rEmxpuYr3fICHnMt5xLH+jFt8oFT+0qbRZhLfb/ueiz0N744+MhxZNFOUVFi7/tBPV2WpLLs6orZersGU+XHt3oS+T3yFpWdD+agP/FmzcliOmDieWnl9laMR87rmmgvrfRipP8QxKHL+d7dP9qMTvqfX2RI1PxRau2wCBOoDw9HKkx6E1jVkqLfSRBr5o5aHC9Mh2sTj0YPLOuNRZq4fIRInBZciZSh/68ywJjd11hgdQNMaV8VpcHv99Jo64h9rxe6QRIlJ5//Ib07NaFeV6BUujaD2tCmcEn0VRP+zUg5o5lpT1BgEhLguotN38N7jI5qGqwQguXV4/ljq9rK9TUy+duj6g97DbgFmnbIOD60SbmYvmyJg2n6dTc6F034fn31lorK9bS4CbaEL9UnFBTMMyZ3b3U/VvWvo87giCFnPfZ9AJ4dD3UmMiUNQ5h9SLXz8nKowXvyFchGy7PkB5G1XFPP8zfIgttd6xI/R7TT99Fp9rhjveE9z8nVcf2JyouKViu5MPi3IWumqmtSs9HVCVqkPo3GqHLxffsPb+QG+CBhiOtPaz8Du5xJgGZg4vyf9YLpsJtpKLzYreCoVeJXS9dTIFcsLJMMzb9HLwiWDJrzrD5RfEj17S4gXYXYfNcFCyTCRFQ2vTK2qHNUKzkmktV00KrlvKcpudDbrOtF1ONW3fj+Q439dOymAY2e5k185dcAruwDZ8dF3e4hxm8h/Y/Pp5cAll8UiXIdZoG7f/rbzc1/N08DKzNjkXTAdUcVR/I7NxzzJZK5OO6L+2Vu9ILEO86/XjBsFOzu0q1Ll7N6kCq43KJn/JBU0FHnye0TJ2XJdn1Qh7D2+OQeQ2Q/0pHS6Et4nYLPQG+841NmPPZG4F4P9nw+sUjvsnhw90908/84W3ofFVlnBZiO49r9CRBspzwG+sXDZ/UEZcg3TqcV5wVOGGCtythXCnxs2J/kZLn54khtoRjfXpbqMrs8+vPLFQUyakvCEpz4p/IMo/Uv8Twpv3Fn0zx/IVZcOe4aBofCLynVQnYAO70nlpx9v4oNTFphA91NtKj12Of40rq43JiW6uhtxfHx6VO13MyD0vvn/69C9ObPO6GvwpY8V8dMfpEv7kpOa7i7aqPJG66ouzvKrIOwM1p0FgwU7rBQueoDXbgacJxRFqNiviRfHGBAmQTrmLPhEsKzNvvRFmpnspzwTHCuqsT6JIC+gepjldp4MZkajbXhBV4sn7/JdtjoK75Lj5N7wDXvvGjCBtjZ1FP5Ma4N20zLiILFV0yddzkUBHlzXSPKSpua5v5TXMKTqcth4VNvGZW+c2/4LTmdTA9cG92N3JERmhN6T3Xwf7pHFM6mg1HCMqLKzHhZenHhB3qp5gXZBex1PNac+BOpQ5F5clcsn6VO2Rxj+WYpbuH1Pzi2eyj8UrgaVq9Xbd2UU2PTD9C1R6Bzbt90Y1cG+t3jNFmKeBZMGJEzS0zQbqS9yLLdf28+Cf0dLb7iVJMoM2mdaYijNEpWW10abNzFlOtGkU7oC9AqZBDpD3pe7N8yxTXc2ODMJkbH7m3c1tCZxrnOerFCU6Jv4xO1q+u/UdhcsBtMwpsom6l3Q9pZk93C7OYYXVRLUfbLeORjvknGNc8jWKnDYfR+CUQ66t+Sno0Xb7RNXti6Jk9lOzte+j27e1ql8G7drVDpZFJ0xHkJpGa8RGx2/0bUzwuBieoFenDEOSPqirZbO/L/78UFOM/urwBlj05ZaXl/lFrF02uFLEds93dyhX7jAaVXnWys+MfK3sv9X/Zjz4oQbDV/Pw3se+MaO5/pMnlD1B5cTI3KMx5FTlIrpIFOaVsLJyJnPzDiUdJlRvWpP4285q2nv2bvWGaZmGWXFIMFOZ+iGFTfy7CwCC5fqjMt2xami6Qs6fy/0BuZf6+e9uru9T/5N+CW13MEB96DKSSpJlxTxy4WOlYIlWSyhpe28R9vf74kONvvK3TmRCsaQWFL8Ob24lC7r0sZyfjsyS9PfmMTxMM7hOPdqN7Eavye3uz5NhVhlGWpXPcPMljtVn+/F1stu47DMzX7h0dNbpG4mFiJo5I1+cDsXGyG3ne+4lCNNjP/l+zS1aPpzBwxyqkMdsXIMGrLPkOKNPUXk7q9/YVBbJ+D9YL9+n6A/i/eb6pdJ5m83bCJXQOgYXuhzyJMRC+18LeHPhetwu7a09r80Qfz9igvb/FqB537+GykOAferxEj75MmlsQ/1id78Ni6f7Pgkh1jXo3zS1lokKFf6m3S3JLO+wisHeDL8cOXGQgOeuB9eEnFKxzzxeqQpxJo71LPea3qDAzdEp//YmvOe/jOmQVIS5uptbzelACzusJ77CeHDUiBKFdl2Zihe+zPK+eM50Zdl+XtHYkWp/LNu6us7uS3Jd+AcsV3vPd7931TTpZVT5v5Q2qHD2HRkQYSomwBE3AqmYwWYsPt92zU65X3rHa8L/FrGsvtV2lK6YfRu4rZuuqp97NnvJVDzQdkyiyZNYZXN2/I3yJMRL8ZGmDPZ1fP4aArNPEnqeO0z0tFttXPtUvf2Q+zUuy5tQq2DZF5u4lVYT9qjR2boDRaZ+BmL6F9fl62kit2lomaU0HF4n7uC2ieRpy3morP8jhIwu5r1Hd6XVtPdYLDvVWdRKH34kLmFI1B1w0Vdam77JaCfEETDzkraejp3dnNVbCuXJa4+oKybyMYbG5xYeblcns639u0rS5t73dzI2XsEjztd/Q0J4PXn5MFwa9qXnGyPyRO9OklOQzq5oV7xPb3q9VXc4pPIhV9heMHna6DDXJTu4+m/0qw+pFkOrwR2vpzKuPfMztU8TYddcuRFT+U/J6rCijuwkcAQ7jyystTTdOf+RRiDzNNLRCTk8f9j8LdldvWuceShoujr106KhaCeNbsktjAa3dM7bH7jvvLjLBo9GVEob/q15Ve5UPGmIn297bEE+Tm2h/9RzZCatngt2EiQo+sHTdGJq84XMzb1v10is9971DwubUN04e6sshaCWj8NRu8yrpT7MCOyZf/ION35FNFaiEDej6ZNjI/5sFQJowZ3ZbPqJyWe1eufHZSfbP8+7Q7LoP7uKY3j7HMFq/8VudKnAlSd0e/xV+vNHGsoHcvlfdo5nCYOw8fb+AGzMwWWPQrDh/OI8MgcWp0gb4HQd9vu2f3qeke7kHvTFLAUkZ3wvwd6c61XSf6pwZgmOGS5VNh/sjP5F302E3iy5TsMmWDLXQXOq6siZXkA9HZeBLnEOziiWuor+j6NTq4zPkftZ2rz5jT9cu+LzZG6WXNvrQ69pqoCa+6OlNzczLiSEm98WFo+NF/HwpdSZx6/YndOVvFRSIc8V3IptJmHfb7OZAaBqMtZubm6hzyYYRXfuxqW2bislmHwwTmgw4CTWOJoKw8bDv0uekV66ga9dVdhoN+aVw/pIkmTyMQYg4S37JGRjt5lJrlJFzVJJEdLk7Dixr09TFH39Tg26fxbnm7QfI7VtJvcSiWbCP0bhTmJfL8u0Ti7jvgwqSPETN1IICKML/ft6+5HGBS1NC7xWyS4mRx9VNTvTcMSnsirj8CXz8+j1AEr/w8K0v3/i3fx5C+9xmus5LmVf6yON2zrSvn53mHL3Yq0QpZeFrHpC+4y9WR2vN20JwfYb/qEwrr4OlW1/BZda2T0V2H9+gaolzrVqW90X05wOWyLFNuiWscs66UA6igPtYnpBaN5+J0Xnmd5PV0pJkvTrWMjQEqVelV8V7v9iN87lMn9DiEMSqViDiJ8scPAvc089vKxVbtddZ+tTuHy7KYIffi/d93oZIVGqHmdpcbp1PIsxw/CNoEA/pefF4XXKOvfV4aFIRf6tNZXtt8J77fGhfV6iBWf2DakfCaAYwIgRnqJ7wvrYC45Zw5cYQszSmrCVk+6bwo/5GZ3JbaeKBhXrauBFmxHUbmq9B+H3aH0lpwBrfW66bAe3qqu5f4ZBg6WJ+l5vP2Vznpnym9JsoTR7b9XEK4j3Ha1Vjm4WdO4/h3IEpj3DFE2fm8f15kEw7VU8kfBXYR1f3WLMz6U4tPWRJzdwSBbi+PTL836uhUxvqk3FiRrtOxOKO1xTm7sdj42SOZBfcurRc+yEWxF+bqqlpBohswBoCjopuF88Z/NwQVTi85GKOq7w0X+2/W+VyeCTRZbpklPqBh9hpj0qHTm8fHe2IFffkRY7Zf2nnUBGTIOjxRFyrHH8qAOE94/rgybCDnkbWNT58iTlDo6Vg72hyOuh4LyEx37EgdhyuEaP1IIfabT9RARwnWWJJ+4hpHCMR/SQUzV7NRd1KiJKdSn4WAXXRwgyBKJudtDjbOWr9soSf/rtjOAfQDrKAxNELyG3lOTyiJ7NdCn6m85JcuW7R5o/r88NwiGF6EV/nQamuyxcbYfQLenJYOzuN3bkBl9wInJN+bLPwjJy7Vmi97fnzEOlNngjmb4GFMxuL3yfTNausmk0aC+SrmfqZCD2bBcH5wQxT9S/rWV/L5UnGomnyzEtjX/4dguoZcJnt6eSgnUzvj052lFBK0XCWjKY2eAM/NBbkS14mPnGiFT4YG83OYaH+dlyuBQtl9KElFoYXSAJR3tkdMRC10YKYn2BijTZo+zgq1zecXSC6guNPwH59FKYDGrJxUvRtP8ErTihg+ZmRqxpaejHnzeeqOg/Hc2qTjafFnARKkLdNZ1aoHLJKuIWdPEbZb0f+Xb/utUtDEwMiSa81131oOMXHWJc5H5NFIMClupm1j7J1RFcSXIbV8rYkaX0yKp9JXjEVYDiFuPs/IJxeACXqUjF6egnvbkHhuI/x015TiXiAORBZe34P+gIrCQNon6qbMuK7v2yjOJZi5p0skHJMOxdD3R7fx9vBicNURUc3aamD3and0yW9sXZYh8x5hd0MeMr7J770dj15CpKJCVJnNptrG75KRm6BWR4ZhJuba9EPO3/pdaLOzwzl8EnETjSsXw7xMedvdxu18T79kYtZwg17EvYH+ulcYlXDeejTZzKVRGzi1lfv74jfTmpqnHY/7dCb6rcY3TJkBAqdJ2VwbXOx/Yn37q6+D5X8gdxNxj9rTkd+PwdG6j+gR0U0bjfj+vir472KfBSkn6HvCG8Rg5Bc2FyvZCRl2QrLWLNdXCcGkctKsztipmpOPyjpzhT42/LmWMrCusX3ms9NjL06Gu7OTZW2WETBr2h6cttpaE0IV8qypt+rbY9ZC15XuyjMVeV9VdYNRU5XokmPXPLgYnT7gVde1ocfoUe0tU+GWaDv1Uf/Png/+y19FnqxZTKwUhlgZ4ePNWli/HTWfzDga7rCvD44AupCEVxWb57dabloNmd/70MAvUIyk//niAvWGlTa9denzFLJKn23+G0YYcbFzwJQIQOTac8eciPpk/7HDuw5T84ow1BwIb5lnTEqqPIyZJLhHbl1fnXsWcTmYSI//az6yt/wP7r8EwvaokmJPudPs9Z3EljJDbeT7hV5uAnvflQJGJ7snThHxw8nX5vGIWhND6VLqOHraJ5+zi6JFcdwe7xP6dEATrzJijTRFPZ5BdXnrZ1zt1pVOr/g/7HEhj0l5cM5bB6p42SJskSmgENjEA+NtOxiqvAYjV01Yna67xg2050P8ZktXCgpjW44/uPVXBLMYqO7m4Hz3C3/TIRxAdp8l6D1zVmO8slvH7FEV+McZ8SEP3yrOQTbdT/dOZvI1rnsG3lRD9Y+fh6Q19+h2CHQmmHCxCCaebBTdha2r+G7J2sZ7eXkjJC6xkvW/IE4vPF5T6N1SPp4iv/YGaAtBidoxxW88Sgqjrq8t5Xg2a5BNIGZILlKN5NgreLqLsuN9W8XHiz0SAprhcsuhKZlkrplLtzR0mnafzMrxU2sX/0HcGcIz8jQVtwjQozSfgVcsgZ4TzCUhFyK0qK/p0+gLKC7kW4MzEx2uHkVxYfqchVBi2hOeU1zpmrz8P0HCc0fpv6leTPZD5kelpINxIL8I/a9CZsQj/258TR0Y31Ds1dFHg5usV+b9L/2wcnCl1cPlsYWbMcaS9DF5lQS+BOd4KPIgAw+5GkOAuYch84e10e9eOlnM64Ewbex7Bbmq4+2HnUomyehWhstBR5xGgkdl4Eyt/pDqALwKNrT97D1IoXNxOdL6wvOAkDWa4Xfe+LP/sTT1zhW0VfLUNHbpjWFIlWpwXMgrKbyQE13MLFcsJ2sa9ORTRgijph6boAvunUHCLR01zGR/vRpweCaRsgXxnx/cUnPuR4w1Eb5UmoN8DVWV9fv/yHTJG1rmzUNIUm0CyjCbDc8KIoOkI2r/4MUWVVa7UpbNMTs2+pfDf1Gpwy3koco9LItv5fB4keULqVlOSbE9JLH49eRcJxCIxjnxln1pTWOq07QuEH0ugp/o3B9P37Hg2DNU7BHbiM0pixmdYIvLJZQOqgV/DG4ZFSFgY3SeiKfV6h8owzv9eILYdSCsIOekVNhIuI2U+hWebXx4a0+oNJFUx+2keVomZ6MuQcqAoO8eOH/CDcUo2h5tbSn8b6kP3rHOflgtNGhS+z7o+tTh66hTuSd4ZgFI896wySK+WLdYePV34DNjW6qdZMV0w+QQpsHaeM5Jr5fPHXPMuCRCTu6q9TBb39c0wE0nC8X3korSKXVxyMeuYz/5E8LwbC3KKELENe6OAo7uge7dnIok+HXhCeUV8viGe7XFytryJVZYVHy5Fb+YH+lxGq8DbC/f5d79y5N1LwV8qZHVPgNU/o3b+Mp8ZHqGxqv2D6wj0JcC4ckvDfdVhMjWb9FIKjLPUNS+vUK4wOJNeQjetLPZtnyqpAn0VOZf4bvVZmFV+mVq4b4JLmSPYgakEPFU6T6yP4r/Nb60GMqu6fi2Tsw6VY0sDoRvqLAriO9fq9uVlUxO664LEZtV6igtHl6fmMCrWu3uKBqDRhyVeM3iJY2i/GVSosT0JD+LZOp0+XI1BGJLXX1Y1AhC/1fHjBX2imqSiQdvTrXnLBTDrjMOfz4ebizdnKuweuDxou0a1xd3m+SMlWeKkDqN1jNcsc/JWAL1hl2WCAsGlnVcYm1by2jG5/f/9JUJlCAvIo0UKGjkQJTN7ikPcfNFHI44JEm/EzRMlBtI8kCabbDPhYmLK7FDEXnboM8K6GS+Wng7YVXxU5m1cU6Y8dI108axciYJ+2p/TThXgZFdmBNbY/tVdZ5PVUNS59rRL3Mh92GyJnl+TvWVfNo0xA+BKE68MeciknTUzXOCaNF1xV82nSsbGy7vw2rRgtCEI9vFa0SZyhNyW1rIGmeGqcXIr8zgMcEp/x8G3nbJdupKv4CdZsYyvPNm5/inO1ntn0wm/KiOvr0S3TQQc5j22WB95MGQ2ZEfr5o48LRt7/+yhpXttbyw7E/HRwKnS4kBKROu3QtAYgmJ3vPwRPEf+3sQhAz9OuCu13PkGTZeg0n7x/XvF7qfRRspIG8LsWwwjSdtnZEnZu0KxQy4zMzOOkTEZ5ah0se8LqnohinEaznqRJHcpceAhjALA2wDlLLKX2qJLMF7V9Qgdo4KmcFFumgtoiEjwW3d6OLhHtlOkWuVjscjrALvGewugg426qeDX3+bvWlRCUbVCsmwMbT2xLzk4rtI+yVLGHzHFLp7BEtFK2rNaTsNviI6bH0+Qm81vNV8SkzHV/rx+aeAoeYQdQMyl0xyN+TOdO3w5tmObY9182ppRtDGgtI9lnwAcvHp02hltPPC58ZyPe1OEtesRyyM/OxpFQffZaI2boWeS5PTtrvbSdvReyBZv9UjlttaRZ5wl5srv642eXeqnV0Hln7bagnRILJQXm1Crck3ogpITENPkin09/Vpw8oE+9SWPSxIiu+HzPEeuUXU5Z7RcXXZVFFXVtux7f4NJ9tzLnZZhnib0lCMzBjm7tJa1wA138m0g8KJ3SS+y8fyEvAcO5Ytwsd6oSea8sUUVhqMT0oT7/4IcYL5Hz9XoKHhnxrwAEntecxh1olDQcmbUs6tarCkQfFmHevwYddAt0qn73ShlxYHoKdJ6Rna0TXdNRNRzrdc+cnlxKn6fmoRTgKp/BSf3esc2GuuJd3yjS8lY0GYgnn68nzbOwSScV6DRc6ts8gxkOUAfDXTmnQqMVqqdhH8POlJzPaiXxMkeFVZ5igk84KdnPulFrEeZSkVmY6TsqDupUTakMP0a21SgIL08NH87A8j7wsQ9ooZwJRMEVIzhcoq8qi4V+KygzDgKVbTkpdrjRAxUxzX76b1Shqm99QguVBdZmsdcCFpPSpo/GTkXh0QrkQFMJfZarrvBpO22x8cRqzIM0eYAc9RH3KSi0j2xI9FQppv2EPNUlKunuXunKVHaJoF+dHlEbR9y3IstP/9yGBpAhpe6cfgRiB8aZr5L4dWr0VPhOPx+NBOl9oOj1uvbY3eVDRtJZNZ1VGDTJjgLi89MC/sm8I9wIPbE5Tzwm5SB6EfQI3O8LxyiTZo6Q0uqDGcXHMk2kru+3uwECEhG+EC3guOXYYLOUxRNzkKpHHuKFqcg02/IJXO0T6wV/4V7iDpTmNBwgYK2sc4af5jTHzyx6zxV4Xp09i5gRUbmDBd6HAbR3Sqc460DbG/FBFrC9PNmxytHxio4aiR4wHZN2R2AyJ0B7rE83ZU9V86wdCyESxA3QCA8y6/Wfvl9SNs9rw/rClpyZQKwSwBmELr1zeDxejI5LZcjcgPiMR0R9Wv/5pxk9vR7qlkFXIY9pMy3J0DI4tdq7AnyplTtAcGiOHWWq8r3bqa4MUBS620SByJIAQXCe6fLjEhUSaCxdwYNSytzo/AKM0C2pW+/9hxy3HPy44s7ejrS1omMtgzDIDaBY7bnYjf5LPvsCOpGJBRHb2hx6WuBwzi/qpsi6lYap+wSkfa728y2l5LOvodbgziKvWHJhVfcX3eUvN+ZJrPyfg27ZVEisOc3+lHr5IlUPCxIgas6WO2vgf/nrQHgneXDKahfsN5CSHgHjjb/+Fpe+8W+AzS4+pZrknqQp2Tg1zO2ZsN7ANDGfuGg4fPXVeiAOu+vlcREU8MjpmGB7TLxTW6b6M835GTgGDhymnjO0YyiynLqNBwkWoN9a5ooz6TwcRcqG6oPYcVENLbcBYRqc67lZ6w3lc9K++rbY5kBt0ChVYTni/zQuOqnHU+D16gRzrifW89tsMv24tq4izzKDCCNtOC+ZuWJ6N0j3/qrIdUTvkl6ghwprhY/JtcnFgMDTs/k/O1qfWZ/qq0J7fOw4ecoLsuOKIBOY50cl6NFY5Lok+FZDqHmswANyYfUuvNxEe0Iy4KXJQU1FL1dPaMyJA1Qz0zeA84euGW0tuxHtbyuV/mMJ4Yvsk+SRDOoiIogVAx1rlteIkibik+jp4q9s624MmS6PH0r9cHhpH2aTm+kIxqT64+/MFGmqy/K2qcmlVQgGMuWBe4psv39NUlyExRGDhW0jFtm15j5jXMXrJHj9Rs2eCsm0zioPLPJjxC0IpJN5hMlJcGt31vxC1TxkOhSGBH2Tx9GmEcSp6DZJVAyTJzfLUDf4vEXHqXEDT4xFxqH2g+qEv/owy8Xl4DdrzETio8Zh3vdkNbgKV2/vdq9qpm+lhG+FKLBfSdNy+GdzpOILFmZPZW11nI1a/OuUcgLLp9PqigIetjhXIJAqTX9qTGqGBJMvyvIoalIw8VZy+gOwObhqLRzRlvQa8GuayDpbrsMOHSzn1mh7JiaIwxe2x+l9kpIp7CH5RkAQIdwMVTpSVUnaV8LpDZvXYCZe7de1H6969ueo7Sc7gAefbEeZsuHCk7TZERdKTOGk3Z7KEXms/H5Dk1kuGYAf5OvfyOEKi7EDBzaP8uY/Y9ddLr3hZOnvkJwwmjiyFNzqa4ZRgkShd84H593la7jEDaV8EModtGhkBMZIYMWHdTamHO3UxPsNSRiLHtpNRgXBdBfxe+a5GIDyEKiALLtlIu+e2Y2G782DDJjVOFnI+J8Rz0xTGZAuEK1fXr8kzKWTheyuuj+0AC/4rHQBU1wd3HmQug49NwLkL4T2afMzY5cdB4nAwwsXOH8gSEV67ZBby9uK2NU2OFY6r8kDqBkAHk2mKXy+FwkhiPIMjf4Aa/L+dbwZ5kWIicfAvagVgDepaDXQm22yAOiCRMQiKz+GChyd7nhnYzytwZZQ+fPyuLeC2WrdFXzjX/hy5VLXuvu8i2gZ5oz79fHlauxxD3uRDptRTcQtQ//ALXl5rmwIrxM10Yp4XFuljZazJerS0nUPEqCk4B89nbX69fW6SSCmLN35F19GQqn6Xq0sdB8XgOm3pJ5yXUqG6WS6a+ffNO3RsDd0U9WPyXQGrdaSyEZElq3ebZfFuN7sr7kKieLP/FyUmPILMMajkdvlmc460tenkGYtTCokH3SQJ419q1KAuZPKOsqyaqiShS/g3EBuP7iIR/3zAAGjvwv8qMaJcCGngyqkg4wMHcwx+rlHJeUE50tVxC0CrsZ4pWobtX7vN3g02W7BXBYnKdNhtQFg6GbJUqs6eLZL/Ipwgr2wQB0qYzfKo7n03ypiMk8mEhj0nD9pys/pIMyEwN815pxl1NyrUvIx9FFH5GDI2eOXSkNaHSCupAUZnUSm6YWBcOTU11WRvsvsGveQCP4EIFvEWOwEWTTX4/25/AgA5wTqXBy2eznHjhSGD4PJJJYPtZPpG95qxozv4ZkKqQ2uw31dk0fpoGiOrtLM6MNgXYxnoGvljCRJmqqbei+YkjGSHWqnrtko1OSCKMj7HWXxbEyLPSGwzQp/Mhtois9H0GE7+fg3dSMwRSTgtgKcawh6D1zU9Hgz8zAqx9UKJfIXsrAPf/XipHdjIswMq6WOMwyZA2JJxjZqpceuEmZxMntZWR3Ljfm+kMYt5oyFdJMKPB8vhjqMZm+dMlwh03rWM30zVfRsjN5SIPmGKag8Y8zPrfFFGIZarO8VPYTY/YkcxLiIcPisDG5qiYi+8o2QigR1MsUYcdfs79COy6RqqWl8hNMr0Ouu7Zog5Al7/Po9BzxM/TQV3QAnEeKAlUAMm990xV96FY4ald0ASw6NEoYx0AcAxdfzEzTGJSbTEgR/4N/HGE98td0gwmNUc7/YkbOPAnb974NLu+0lRhJ05iS1Z0y/Myhl7ynQmmi8NRepYFcRArBdSRBcgT2S4BHqHiM7e/+e7jm0zAsLRY6RHgqWC5q+4H7tpQS4Sf/dm1t3QdBHYmGydaEjMyc2eyzrFH7zc7Q68KIbRsmWQIAvrFoW5KH/8o6agXI6vzJ9BbWZ+7ye6jytpVz5ttQdoyUvZt4OsDNV1HtVnJa9YQHFyGHC5FpL8VCKlq2nubxtVuYTjBjM5QGNVDKn0x6/qtNxe+QgWCTpuTAueOy4sIhXWHh0PktoEQtIvdYlgYhae5fZpgmdQQ8yIcgpqTDY6A2CSxQ8Pf+wKDY1+HL7qF0iLQ7bi/kM3uLxqe1QB3zjM0+4Og2en7hNQI2JqmET+OkPo1DNXEyaFdtTcG64gdGxvASEiCWifJMSwZsDYrDpB2bF5ECm6aiJ1XR04/D4KAGo/U9qTGQpwMjqVEaTskQpUYPPzR6bPgXcb3ZjtV/DXsMuyyU5+AeYHmaYux0xZsHF3AffHr0fKYgZjgctSMCcvAx8V/Cyn19frmj4rwvQXEe8YGmJCY9RfQRnNmoJM98MXOv52S6M/XfJKMUFY2oj8Nrf9tvPwe+TS9tEztFGuo3CQc9B0e0YIPyLAGiQKx8yU/QU+xhT2wc8McKVbMFy7iLbPXPv1hYX6Ps0Y4y1tFsXEzYf81mY9D4GhzKC28ZiyE1AWlA266fGPPrdXA4TGnPwDAhzEyr2NYnLQalIJ8aXWKrrGfh+xzwLCJGHtm3lD24Rq98aVdYF9n1DhXkbL5nTeC9un3yWNHIS9LHY0rVRTUxgsd07h8vI0oFC1vTxQSSYCOz9OxPNPT7Xpb+bVhA/wM77w7LvzfbjjfpJbi9qoq7LxLKdS+rUiPnWGzQKL0FMpZG1CZ2jbTY/fwOLfhox5iHNvbbHFj0ZO/3HOMhUzLabmGPaO/9O6yQLiag0d2Wb4gIx7nGPew0UcILPDibeUVqLx+x3HidiBMVgBoi0uwDVLddRWh5VfIZPCyo62g5yKR+ppLOp9mpJVVULegkw+QekMIVywIfL1MvW1dy8lxMYv0EvI6+1pFpM1eIuLf9bqwamCcQKk55zNIxADCdUK9BZ1/mQhsR4Z2u1pZ1EV420fDb2GgnjGJJb3B8nvTqrSXqnjqUTo8v4H9ptsLY7/c3YUdzDQSICsUGOD6aPTyYvyKeO5Sn1jm8jqcNBH1hivquFWijPJEUXzDq6IniP10EfENRiPv+jzzowZe8f37BuHObFOJOmDeMD+uSDHLaNJD2g/gWfg3VRbMvoJgn4+aqpyJn4jmcYjHIZZIoXGBdDjS6iJdujR8/+K3+QvS9gBaFhSjps+WsXQ3WFDc3NxKK/S7TvFzEN53g4ZXUHwSk/VRXhRdHcfVPMUx8j2tUoVeNVSRvF6TuMu+wCMYqUE6Vo2Ia0U7jG9AuDkoMe2IOVUTOD2nvnYSrfqQdYEgNsMM2QUEFXN2URGU2kt3sbmYpR+wID7LvG4AyQuN1k4TzQ4AOmJeENsCaK/Y07HB48fJEDC7Si6GIGrwIxZ5+Ef8mAmuiprX3kFyEFlj4xQ8wlkN3OFCOJE0Kl3LSAY1QJ9GO4K5hRYh8Enc7/+tbWo/Ej3TH7GmL8bmcxtRik8PMnbn50tATomEDMQXFLll0Y66ucvtUrGWUBMM3oecGaSODSJiRwxeiEntOO/IARfnotnB9dcgJD4seRPtPEPH6C+Q514TPH6B4TowjpnYTauzfE8NBx9B0itHS1pjBdQoihbvXYyy2gLbY0QB1WXlUJc17F+BTIYUrPGQYscc59PVUqVZaO9RYUIZgisIS5ZzYcPTUlMSaOORPllGoGAUrjpoR537Gv50Ht1syiDkPuA3NIwGOiv35tb8xq8XUM/s7OoNsfHe/xXJzeK7oDsdvPSSwjwAa/xduPdvPfKdzNj7oHwgWCMceS37wLJZEnHDoSKQD6FkKPMV6iTRiNPvklfGxPFwXSYMjpfbCaBNw1otLZbdZKvSyk5wN9pQ8Di1tab/Lu7kWikO/c7JklyHDPd58+BGrMs81T6RnYlEUiODdCfL79Bu/4y/3q6oTaE7c5YPtAXoC1AUKOmUC0pivK4LWzz5m8uisLdjA/JGAAoDVy5mbzkYV9smy8gxwcziB3MJ3ejGdV+FzJP1m8P4fTBAKqQ/OeZeE+sKCVn4v0qOvBsBWGh4n9xpg6HOJhOT83TYyuiLQHXQmZx8BCiWelBMcIGG6XrwskJAFzT/im93f7qt7W3m3RyGgpcE8zDG8iIG4XrZlL0Ep1C+mnAJ8yibwDnBtAcbmGajy6/bmR8S5YqT+Dp/BiLY+NQuxTTz/P8roQ3PJ5fClBnIN6CXBP5350HT2kpc6+KCLo8YJEkfZqpumS806KYdaDUuUnEizdbnHLjlTbxcN6sRnwzOErL5fwj+8N3+5qI8YRW2n1rTfrKIScYiw+VSGnKj269brKXe183mNBIrhFbCLyNuZP0MQvR08wJkZ8fChuSb6fxyc4nlz7ZMfeVNeS/wkRvVPg3MqXP/r6mk0qqKqa78l4lejVBpsK54KwYSxIL896Lv964id7kscZHJlYaUdgF2D4SsFrVD6ERgjrU2enyCdknxjdb2g0Pz0NNveky/6BoHCi9qJip4Zw2GhnyfsSy90SaciUdpetZWaBb5JKbQx9tzmZSetHhebkf2zLVk85f5M4s7dvCQwcTm1GBw6yXitEdFwB3JByfNx8KT4g6jR9SvqtPrqKrPI7azKJS7bZ00zrcbywTb5strkClIfx/PG6YLZunUJkb9lNiFnHKVAJmE9O1WQ2xMkhk7sqlmukKuDJdIDgIw0rM9uZwdDCUKR1BUu7VSSn4d7jS6yryZqF9NpGryX1HSjzhZAFxOcy+RXyku5X3udUuY03gBASHLUMCqDQEKw+L55s4hgSRW7YfxRl6j7/QS8t9MTh5eNxTR1l281Y/77zKvrvLBAfhaRSW0enZFgEONsPHD8vJp++g0Pi80rad+T7OTAq86j4T5trhs6aNXLdaovSp/nd8Kl9MtXSa2Owv3X4NURGy4hK21Utuf/qG5hb4OerIdZfsfHEkhBq5t3Qe//4HNs25FQok0k0Yp1S6NXrRO77N/97ViAxZjGZej5kRLmeTDLieamE388GoYcTUenaxjASxDHvkWFDCMWdi7C+AuRf1RWfrjg9V28GgSwVPDrLi3ASTxfmRVTmMcviFiKO507QTEwdZfiQQJthiQPYchVSGoottmVwE/CEwU3AlPY7+c/JeS/zypS5BD2fa7YzLCyWsTA/Ey6bbjlehHH+tRA68NRWG9vLvyH215ujXEqEe7vTx8pbjgQSrgGerlK9xGYmZ+i1o/LYn8sJyd+MWn56+7OzwcSKKikywQnHwghL7G99Qa+dN8oJBbsZEg/EwZCUDnQkXTGkpdoqxtkzCYddN7hDO8Vuq/PLrFz2vmzkBwXpsb7LMG171xnpkyAcLywag7cJZbzGB21JZ5jmZWbx9mlw+B+uWGoTYxPPF5p0kXt72rFPzMnIGKtEj3IYTzd/zRxa6y3Oq2JB9iwuuIJKcSvhXp8ywRMlQlKgNbV8wS0CnEB/L/5omaCKbhEPKs3gQWK+bj67Kbw+tlkzswv/R6jyHouGKiS15qeDW65NSAl3NNjZCPCeF2uZreVX5PAvn79XZhwc7162ddwUsG3x9/Ku3VWDshFi+ZzaTQ7jeHVZeG3SH4GEDtKCm01Q2VRMZsEgyNK+GTkosygWa8w/xFXW9wm2McJ486KBT1hbnSOLAGI4Fde+8iB3/yZcbkOMHGhGAJkCvOxXjBOaXHHs3j3vKcmiNfOz/DCYy0PXEbUxZZFC+SL7EbZYDzlqoC5q0/OYE3OCCAyyEr4j95pNC73GO9wVHnE+tRNM9neiEEAfiDR6Xa0ayj6FtCQpPehP/WBhEZH5HiTfYizpTbjSuilGpz1F3uzd5zwGX89el0VPilShuG5Q6x0/wKdKlaSFEFBIAf3OFJ12qShCBNbo2JJbagG3Vnuh6xPmF43G/N5i5L1GnZGIZHvHHANT3e01nrXLhJgdkihcSPl06rLSg17YMHU5NSMuREY3HwTRe1d8lbnXHI5dG2+Zpy9TgsnkyCMMLEeQnbOOyL52dk9JZZ83kLSjpeVlfvSiwHyr/kDNd24IfUdOd7FIAK8XxVCwxMuQnebhky93L0uQjfJEG3sJDFRlSieL/YvLN2hWrIpKyXxHov8osiLX3vZq0JrTm78JNe5M/le42DrBeOU6kDKdOKO0p0adCxE7DAHmOy3k2hk7goTuOxY9E9F/JV4RvBXwIhYB3Bo3P6R27PSbSzRqOJU7ne7ZM2PbVQNTnXy26ZUR7+rfwW8gNO4MwhXcwqLvTiI4BEIAXdlx8y/B8nWbWKT5cwE+2f4wXCKYyzg+cybzoQ5b1eZP6ww2zRHUNh+Mpk/5DkSJw3sy/ZgiL0+NXLsd08YX8HHUhL8paHslNCMv3scKREkx1xNQqpm0z0hf1F81y6UqFemu02NDIrjQgZLTXS+89DrNMEMGDRWH3y6NRDaMv3Pe/lJOmdy8XKA7OYE3fWhNjvF0qLYeOVH8O0kGmF4UXC++iKtS7byA6gCJQp9NQBUAEM0FYL59wGk5OrlJqbDKDF5/Ok9Zn/yrb9MrrVllvXqlGJ0PGbDMoE6AvU5uL3utfB+zaYqSPpLLcXTSn15YmqHkz3r5pJOA/RqFtFD5oTkI11Mp0f2Z6pS0ywh69DeQY29z1Dxj7+c4XMjRK2bZJNG9X9IamT9cXh5BKS0vgsj8WKdatTf0QhnLJ5vyau2zRZ03irqu/4aYV9zr36LZBNigY6OmqC2le3S3++Qpj226S9mWlwlqk9jUw3qa/a9a+HdbVEdS6xsqYkScANJHfjZX5+GF5VEDTsJpIo80UACVJXgQWdNELmCsm10iUM++7qiLW9I/XzzIKeDYyOJwmBld2grTpWWSeQEpvnIhMgqxDUt8WOz0wAAilgF7uehIDTCnSPVBEo0vqVqT/+ITat8Myuje2msu/Zhl8jEl2qFLsWH17unMoY2OqvwLCI18glGS+VWCKJ9ZYh7gboAZYU5n92iY8PIzsgu2Ehf6Lt4qw3Sx9zqTF7ZjuHa/UtfepziDjny/2nqkgotFX+Jg0pBcY9Uee1b5jx9I+R9pTZPAWO3j+m6eq9Oprf6pIit15MZbTYZcPkWYp4NAso4ANZeJXWqd5AMZWYDOdZphKmPXk1Sy9UeY/H99AuncF/NX1Obvs89hjcw6FkIG/ildkunuEKq+zBUlW0WoHFUWzeVpKWOFs7QpxMO1NR9+YNW8GOKHfPV7qIEChhgf13BuuuJvfR+8Au2yWCKjW4dSXAcHhxQ3vVqF9ZxQE3gZLZpVEHrfqBxPW1f5Ak1mqUcgCYbSe/rygBhj7T5ShFqnbLcsO/PXOvObTEWC5UotxQISaLlFFPRNfdhdTU7NFKNuqcwatsV4cEWYrLuCbGFFQ+Rx69Y7WdTUtuKxx2HZldmpJBJ6UyydHz1/ZjoyfCYCjwaYr0/sy7aOm1+0g98rkEMWxA0LfY2DecqHMkk/ajYuMSmIbEdHeyd/C26c2uA0M+iF7zyKuOPz5uX+jxPvNfyEMfpqIFSvL3Xf7bj4ZduYvb3pMjWOfrvW3nDFQWnvyZBPY4lQE4eeJUWYoPhn6NoUoodDSPF8NNTWuQKrdAcCJrqnvRXbNkt7Tty+R10efF9mZZ/y7g7170d/yYQEQgLU6YA0CmI3U6S7CzE7jdLrIKWoXaeoLG8SAEmaDndOUykFvwjR/t7w2ec/FxeU6mN19iez9PFlukVaz8wfFz2FlFhKxyRrqGx+A6KzfpLNnl73mV6TM5ey5ti78MqoG/3DOwMBWPTq4rUJJWrOQ4WpCOCU7zQXJ+qReTztw4A4vRGBHKObPne82xUJMEhe/9QowynhpmX3MlW0uGKt26WhcTVLr2Cxl1xMCPx86QLBsaIongEyf24ABSElX8SJt3Nd612RKPW1qGonlB444O/pA4o93jR7crTG6JVc6Ewts/IyRW2YsRW5gTgYP4jNcqF0nS5kZLiQeMt0k6CZYbkXegbPmEa0rYEXK+Vfx2wSdXBwGvO9z0ZN6SfosWl0Wy8f/RVXUaOOipywjqfvYubusn81KHhEvgv3DvM8drluVob/wCNIT6tlFp428KC1XEYypMi2e2wzrBCQpAk8IlhdAJJeyGr5lcsvi9zMPqGYO6pSaqOZGYUplXXTmXXeygvJHcCoK7D3L0zAcrbeNCvzIZBtZmxGmQulG2eIhotG7wa+fd5wACcEVTijA/F57HYCKiTQrhXzN7+VlZVvHVO5dP6yrrqafQNVIMQaGFXwtOw0iGmYxJfCDDkJ3ZtVvZU6fo0sruiNsgpXa55AiMwjO019/MSSY/dOTD685oYPGRg7rw/B+iIeeF3kux920DyEWBlPGeHdVne1GJUBD47EHFRHcF44W6Kc3y/r2SQxZd/Dlnlpp66Pn1qxrWu0zv+s6VzHzCP2o3GlBQzpg5jRinVAU/pH3fEZ5T0vOWNUc7vsZs2lBDVqfpz7M999L9b4wGOsr94UB1DozZ4KNpkRfnyFc6VVj4SQVUB5eXR0hkey9whg2sWiEEBexJjJzuY8SIfdkJIAxbkBGXjSkFZgVStHNXV5MWK6tiiqBuYSMSnOKJgIEqaFV2HGjqyKZOmt68WTTvyGaxT+s40fvw3D2aMg6Z+GvxzAVsp6G59VY0SpUun1VrImtqmhz1Ybox7RP4QEsqzg5f9QWTE+r1/HM47fOXB8OsnS2bU9MP/NV7EOrZSzMzsZ9QbypjnAfwaVPFapR3MXcNFj6DPViu4qFtRPl+kpPdhrWkik+NurvJ25uizKmEnviI/f9t//4MnKzgrdcj8f0au+T82fazu6jNdKGwehfcreb5dv1LNzKX5A9BcC4fYXNWNuNOtvJoa5X4mYs2UUQuhD4ih9ecw2SL2SKB3UlHV/FPxO6jvWOcdPdWnxCqKKjZalhWgZgucltu1xY1+kAD7rY5K7d16vXWklmrGgOHb5bR9XrDSwE9tiINq4/beKMhwqEJxzx+ocz7AzYoTpRP2SWvvYoA2q7sj4ENJrB54ydLPsvEasvQbS5Gv344zBT/1dvXpeo80HXUg8mZtiyt6iYRU3BEzaEkq2h4OzImt2D2nUMk0/PpldXahVc6k+biUiVjTduTmw0udq6d1XyDkmS7dJDwpj1kdMamrxWIy1K4aM1pl7AMJKv+eyL0jkwHj+GfCTyHWt5IrnA7xSp+a+iIFd0SzLeXLmIwDh0UPU3o0WEWNoWc4vQPAICrX0mqqcTPfcjMtgnmVq+bsA5j6ScOGMcnCNfmD355GOTMzB4UDhGXVOcPCdNGCFsXsIerQ8EARe+xbs5qjUuCBmW5CpC2TdHX8OZc2Q1UR5PRuh/OOisUZ5WgiNZoktgYRpfu1Yh1DLkK8r4Z1beEENF2sXg6KzxR88+k3uQSIziaji+WraTElku2jwIWb4DMFB8kPweBPPcsSVyO2p2eEyvKG5kptWGX/3u1blRFNHXmQU9rkXfIrJNKj7BmkppRxxpghr4mwj53RAHkSrB0iz5ZRZnBi1s6977XhUfY/4AjkmO1pDmY6d9kiDZeZrbh/pPet+9urMw+o87z/R4pBX7xKJNRYPSKqB3iioLjW2x02jq6kMdKsUsFsdwCww3UrGmo7afUc2jG+38nkFFsTg1889a0S5m8PsBrzQSz54+7aPRDnUl8exq64n8n51UHB+oBCOzM11svjVezX7aPbaD7xWvw0/fmLzGeVZ+HHWuH9rq3GXD5ha7iMeE0erXXqhEtnxhzdddoD0+amXR6rx5SDWmZupXqQykyiQOrBl2f6oj9JrJUd4x3tVCxxlIv1KQj30Z7j1aE6fa0Igf+f3EH8KJLPgMUJXGczl65TsgRCxZq2KJnLuoyCR0Pv8zK20vjJTej+HQ4XvezRcGaVeSlxKVdE9pCkBv+7g30K7OVxWVvsBk9T8z8NT3EqbCef3vdTexw84jAkgr88apgVuyWs6B3cn17wdNGgJfQOPTXHqbNo0Ldo+XWy/FbT+Rux1ArepVdfYJqK3KiTu/gPInfgIJSXj3saqAlfUnZ0pBG/EHcjXbNVsfnxvw+VX0rJdgpGlgU86aVuR2wivU7duzpp7Nc6rw3h6EY9oiGk4kviNdVfGNp1ZOAZtQcx3UdxJmH5GzKfW4HrkYDhMDPn6bIOuODS+csVQ+lMXrZLuUzLYnyehh/frUZcVO82pF6o6/iaRdwiuQmFLlwo4PCY8y8QQmieqTg0LVrWVD3557m2YSrrhQOZhjaErbf5vr/YFuufjmBUYQ+nhySPbg74udeXpYJcBBjKCKgXXw+QGp4Ymd6h05C0IzaO2xzHvRxuqjhLPvOphtcsWwGy5EqgFxL8twcOYP1WdImmdIECSiYnphkdI/UfVKm3dxOedUFoxT360r4v/iGvBSGRNOCiowcfKOTZ6+sPLA3/TzRDST9CbkAT2/eVIjtHwdYsUPnuhN3VNvkn3mcsOHkr38u//CEtVDaMio8du8Vd6wPqqum80J/JV7XMIDf0Ild5yX3JtGGuq1xELGDQtlnScUfAO4GnZaF/E8u9QM99zTSk1KWeUBWr2fNQU2V9f9SAQUoL8jVq9bCLaZcecvvlkP6aLeT/i9dv4TF3YAu18+QkwrSNAw5eH1sZNytx/yo9z9FkLLjcr67PlOKrZ2sPu/2kyAdB2kd2ZI28j3YdD81iQp7u3razYc3uY40rQ71n78hgeQgKSAjxpqJOqyjOKJM6VoYwPmQgEcpr/FQ7NS8yuJZ/MO+ayZwj6jBvgN8JmiLAQ3qHPIZAfP/fO8qp22B6rnl0sn8i58QK4/ljxu4l8d/hXCoDrVDlyqSSxMu+7BceUAtOv5vbGRDYOL7U9Iu8MVIIfUDZvw3Za0zhcgKilMXnk3HMXvXJe7UupgNV58wOihhsE+WY5FFlEOUfm0a+TFJ6YlYCjTXWOzqXxaurV3iMOnbtmRHQm7C5X3RznlIhx9ShQEDqtINnjF/XzuEqTYN2G6khwrky4fHb2U1p03SIrG0YvV91y58237vWt8aOf//BQU1Wn4tBceuzylIduNh9PneFsFVabbwFYc2e1ke5aTtevRu+bstWHMX2BEHj1vii+JX/5O0wwY7o9soboKcGenqx0baiOt9eSETOJSYq3vDohVvpOi/Ts1lzZlF5HXATIeoLB+nvSbcMHQwwdLKhSR96BlN9X/+3ymPtoUUTBBaV4b5mYQHV93dzII9ljCL5cL62ncbqa6sXQGY5L4JZBlTBWO2UhAh8GZmKau3EEIso8tlFpVu81dHm8FP81bg9MVf/5GvBF/abPq4ejd/J9w9g7nWsQ7ATLxAMvptjUrVfnjeCHp0cXKPqs8DsEmhnUbldrNT6adF3MEDEiIbSPjbr58oRHSvXW6BuA2dKkfNXVJzOqHhKooyWxvK0VY9w5UWIRhgr1tJzQJufKpQuERHBs/MAxsvD8A35TDvCMuH2tnTZ5P8T/4uqtw6L8orbRh1AUpBRJaRCH7u4e8scgMHQLEiIg3SoCSg4lrcCAdHcjgoB0t7R0d8x5hvf9zneu8x8X17X37L32Wuu+7x3r8dGRDLgQHwYCq4ldggSsxi9xmNJUraRnlDUHhJd/QFuMJzbybRSh5crYts3LNL6oKzcMFA4CygKyMDkHy5cvTY6u0tjGH41nvOEEXdJWjN7vIQ3vcq9rRKrTIZLC1qeT3NQa2lbiLn7clMt8AcV+MOB81nLFlzHkMD8C0H2XpA/2L3u4+DGo8/cyHjZebz5nnvdiD0p1ZaXf9/+iUtqY+wiYnFIPnYtjjvZ8B3EsPljrQ0SMvcXdOn5m3GgrpbaNstA9+rmXkbjO5x10xg9IW/bYNxkKPk04UTk+xAWWoLH3dL1VrtZ/XdJJ/+n+3ZPMvf+JZeJd7XUevS8FTrJZuMB20Nmre+F1UdwAgF8WMbR7WN+yV8hK8UPKtCkF9Ed3/kukx354lY3hsFgHdsc+DsfMeQ+ux+zL/UmRgDgSOuK/0mjQU+FYeGb5Bxu0p/zYIeTjvDQ3HK7rp7PqmnjDkYSwxKUP9Bz8R9KOZnMGw3thD0MdCULih/OuzCuiPFdGAn4s/HNnwrweEOFb0OCo8t3TNsEAKLU3Dp5u/+baSXQAU27HmMfCp+JSbW8J1jwyYowDeka+K8TthERL5pw14SkLvjTlweR1app1/9POr9rgQoMCjobxqe54c71f72ZzOjibePRs6jYb3g5Wrs4xG6uKS/tC1aEbE66jCgUzJ8Jr02naLI0MOSQM0Ig0Xq6a8ue1RjAnMLZGu6hK1bX0d7hY06/aHASEcYgBIrZN6qDVd9k3ijDWA+Cga+Nt9vox5f6EJKHfJZkbdTKUQVmQkcb36ncPZQX69DLw/qgnpsLMkep9XfGzD+tovHBejMYsWPjDVa88PiaP1cHViyivqAiYREVKcQ0kffXADqPTD/c1uy2b/2aJzO4HI1P4Kw8MirSZT8iU8GsMaL6kutuHVA6KfwULYIOk2QaeJyYjvF9GOT9p+dO0MxaGSGV6Ly+41HbWfzzZNsBkDSacv2a33xzd4ydmy30uO1yP1wskmDCBg9VATPt9PvsKJmM5dumlt6LUScaXj5J94PM4mtCmF7kx0Z+k+Pe65r/97wkSge7Ow5cOkGKRHN81Zr4OkPmEquJEtuL+4+W5xFUWTrCq2hq8WPPXnj9vvKk7O6UnZkIsEjb6qNKZ3TaeIQmAVhQaGbwkJw0SFn4K+RyKouexKrqvWnxieSuDqWz0GgLpeid2g1OgHSl8iaOgaSppilBnDV0uYR4vxVlTx5+sj2AHAJwjHEdQhdaVXCdBCVVITV0Auv4bD+zx6Ne9kdF/yBkwHqf0rv7ZmA04FwuZa7GqHxWKkCeKOjwMt1Sebwh4iD5w39TaOtLbe1Ek2nyd1E34nwmGtMW5U5D1Mwop4hGuQKuLXzXTVXtvR2KimkA+rj/hzkLcEdvm5Qoz4dvrFyovBnlm6214jIq9b2/znPFs1umUaiLITZgIJvwDtlmIcKKNhoeHFU8ktzrdVm80U+Hnx1GkXyDBoc42oHRPMrUOsDUcd/7jiQNsc9lSPdXzoWXt0/fLyFk5SHou35iGGUqWwIT/tb6xYibehEnRDAN6mdiKq5tAKl69HDRCG7fCTNSRyaPZNFNWLpsB3VQCIfdm7AJz/tplQT99nfM2kL/9qGkiXxdKqfgYsJgqtvPZI5GtEbtR0zLB6O4lt2mInNuVOCyzxuPTbMlhC6IbD/ezlcnowS0iA4PtL128WzNXC8eLXUXQVcMcFyjhay8zgeiEBJ7q9TqhgKmNzakshbwIcp6loAs51utbLuZVEBn/isnM6JoHe1xGhnNFjmWUcIIKRtnBB4/dMk2RBGDq3nm35k4t+AY6YNrikcIkFPaNI8J3P+2ARqxWDSYGRppv1zLhufv2QboW7027YXyXtx4Q/ejZzSv/aY1hYnmMv2IJ7Hogn9aO8rS6MKQUB9P7N45HLag5vC3McV8K5N0I4mlQnX3M8RL26UmlgSAGeQnDsKaUiLECL7NtsgOcWsfOirvrljaWO+JkKzPNQcdsWhhHvW6pWMUEEDPzkA9uXNvn1bu2TW/1H4K47uL8e3ioA/hG/yaxQWkgZllqw3mgMUU+KVCXm2lv7gpLRkLpMRC45+kb9Le4vB5PNUezVsOVBQdkX4gouYT7j7ECO+HlMNF3OwLLoUpSV4mKqTFyDKGfG8W7BkG21CZ4SW0OAM3aqweOfVwFO9onxx0okM4xcYXIB92j49/Y0F/Y89gYHdPXk5RUVoPIY0fUulf7hHY2Elf2aUKxADpoNQ9r4fGto4+3O6p+nWWPATT4G07VzTe/MaRDYXO7kk2REk461gPmQitS7qcZzPeU73HwSDppGZQd9CfysIAWk0Y0BpmV/hi+Wu7RJ2tRowQAqAs5JIUc+PhzoxQc+dbN1U/a221r/GddC0T8MxRRHAOQhD28u6tLUFh8l2ltRWaOFOgzZgEEWmYYtjnhfwq7b0q8XrmdEtKKqICD/qoofv3m7H09osTqDx24yuSWlbmdVyU71nM+PunpjcHyAHDlqtzDcB/oi19yp523HD1r+ec9Yx/LLALF/k5+89fnRsK/KGYUfaMJTXN38q682kbxuMbxGG/A/CVMfo80kNRVJHUjjYDqXGUPJ/FW4Y6yU7puY+2F5xFMFljd3c8ToAkA0a0nizW9+dwLzZk66HNugFBANWHaet1ofO/0/2Teb5I/aX33jDIc/eggH0AXqttJ4RV2sjeHZuTbcM4pMwCBncJMOk+wApVB/JDIv6oNM12bv738BTL8Uz7+vTnaC6xTKl70zTQmoYBBwYvVdEPcHBPPyFvfqhBwsuroI0pnjRDGCu09jJLT/ivbT5en6ozEj5oC5iVkshJPm/YAAAGPmDCtKqh097z485CPieIxBvCx3doqPxRDOlsfET/X/BNf6fb6JFZVynPn+rCGdl6Rtfs3XO5oPoXmwX2nV52iwLfCcZSMjHVbnfdivcFwKH41T6McVigep37+2oIEIK9qZ9cTPTvyvERjQ8zWZahCr5Gr+3n8Cjf6Csyl29EtRelOmA/XxW7fp6huINoBs1pLK3i9+VD/CU0ce7MfqBTXoofeWABE6pyJfLkjgZYLGxcNwYRQFeaYDg/0nsVEUa+JGaqmcZp2wRCgSxq9wBoTU7WLYstwO8BCI+Kay2946gGW9Kg+b2RqZN3Zs9tJMtpXqW6OHo+hRiCjsHacsfSzcHBV+VmzdIUHMH34LIoiM8xn8x6XDOhWudsx/PnbV/0RYKDqbdBz0NTf6Gycu4XyTIYPii0+Q/2+Svu8Xa9T3lemvjAdyoAHPNYeJH+qOypRvhV2pGQ3/jQedB1bSIicgSbYRWzvhu3C6o+hvZPrPp8zFRX6mA5u1r0+Rjvx5hNE5KO99Dg4EK28eS2zVy1xq61iY+Rbwp7zCBMw6CfvXiREP0P5NiZilSqS5iP+tiOrl9T6jlyHOYFKZreUcqZsWNk4+SJBPhSIBlglmgUMca/nxAeMzulBOGW4pHZZpmZUZddvCMWUNlRW1aSdWZ5N0fOo3wzWWjp+57wxibMg8ZOqVCpxtNja8O5YrwBdsmcjqYzPcvXtjZcsKEAAhr6yPbafDJnAoO6shtIE589O3+Gd+bMAtm51hgMQ8gwTvfzavHifv9eWgZSBvNkTS8ZUJhiVKjHCMpvZKA4yPWCo1APD2lIbjOEZKcWE1e1J5MyNH63+KS1+yw+JsI7m7y0+R+tt30xuF3ygTF9YVNiBUBwQJvpSzs699fob943BRZE/Ectiuqf2lkYLCL1HQbFhc9awFHQiotdPCckh6WTd+no1n/qYe7wixMhSDfsLO/qgqLA8Qksrfi84zbAJ6+T6lwK4LqGXidF7t+v/NkwdE95hxwChEYSdh/Fku41+Z5Y2UlwQaQYeBq4BHnlGFPmjzS6cpojRI4In3bcxnE8Ai+Au2kekel5cxd7eSwHKjLdpt3arrKr/BwQrnKZDmBhvUpSBDtwQZFzknHff5lFrbont31qHx6990AKNkCDS9ypgdazZI+oTN5IIeKwR3FVzMvN52gTttrqoyPM5lHDEhYQzECqQtFP+/PRqis++nDPDu5L808grxZWmmMWpmJZRZRtqb8cnzKTauBh0u1OdP2p7hGz0LnYxvN0P34DBXFmNIoWbzolaNYXrPnkYCI9dcjnZ8JrVZ2uYvxjXZK5TznZLO/+XQr2JaWBtFeFQG26XCbfgJwU6OJxaCdb0Ljm50t0XCY/b3fzRnd3rupWCJ5gwPAbKfm9UwkRP/x1dzRP6H+q5SfDFyht0fQ2Z/6evazmuvIlawKPiKPsKewCEZU9TvZjV0R9pcelUCEDrGkPRb62HOOIB8R0t+UAoNIHZ2sbG1HvFMarkT92/NkYoU/2n69Mi+niaIgHYgFyxQ2W4XR8kGAi0LY3Qgkbsnfx/M7rjDsgq0X7N1KTGDljo2+U3BEzEchqNnCSW3EgjYuUZnCabnFJtqa74GFf5PbMUe3+MJ8N+18MBote333jurc6bkkh4Lco3cSMCZu8DHdhd9Kb3MJvFnXu8AZ5+kHp7bIvtx9OAc0R4h/+mi/lNcdkg1H9maGCVfRy92xonCyiTVzWbHdwl/FfqnpEgAJRlz/N54ydXn3Ih6hCeQAdWxkJN8buNgH42VEtjUfYQr5z/UecYRhbZWCqfpEFfM6z8Gceke8WbB4Dw73RK1Pv2nfQjAQ8X6tdMUSOmRUbMr8mhQKj1xZjiib9lKVbQFRObsjywJPNZbPXfbOxz/3if3i0ykPD1Ca7UoC6MW/9F2b3BG/0XWJCTQzKt7tSwioMB/FCis1WTsd4pCtY02ZdAi9zC/JrWy8t+c0OmnwZwYOkT+lRgW+zvWLoXrUbMZU6MMnl4WeTFDlUL4eT4TcyUiaUevyCS++Pj3spzOhBI807us+GpsIUkaGYIp0mlA4Hw8b+pEaIXAZC8j6FAB17vb7vEkYNxRhqfnaNj10PvGOWRznUOF+qbBqHbp5Vu6vJCDsleyDJGcUo8YDD60AAVMtPj7lbifztcgt7o3aJkL62e93ao46n/AHaXMjo6St/UX+up3rV1e9nUedvP3HDgFaDChvuSk1/GmHzq3tiZOTpjZaO3ABa9fpj1XCyfoF8Bg0GOE+FfNvN2hicgZgjTApPIyYhA6WpWpqt/63aGMAd6A4OuSGcd3Y4X/1640LY0ZLk5k32CzAwBHY6IT/xW+qT/cFrL55XaeRH7F6lIILB2aPQ3tiU7SqB8hZ4VOOjkLZ/22H7nmqGEKuO23z6pYyqfKPO4yVJCcm2xWb7/yXT1t+VyaAoChue3vviJywSnh9MSdhnNViJgTl5Sj9W2F5z13ta1nJFiBntjZeTwc6j5EnDrtm5vKqoDlUTu15reNGR0xVcbwPZQxgaaYb/uXE5m5sePnivltji8yIknZLqgHKCjCT5WePPTUQ71Rn/cYQmTqGRWw+ZK44Ni/5773lVLTBwinOLRxViL4qjINheTm2RlR14u3V2WlyhZON1lPUrXEt3J9EnifQCE2tBHycMnLHfwEQlEFIHnNx9sUqlFPRpaBn5mcA1D9TygOV2SK+l6A/jwS3nYKYqzqKTj8wdIMMf0nRM755X3o1Zr3JrfCAyomakbAtKYvhl4YyvdbWYKB9jQi477dOnWVlbhOx6LHKZu9d6ntlDdTKl5y92LiXgMkYXoFcnKijynSRibBsShP57YlOwLA560RRkY+/FnU8aGEl2vLz+6gNmI6X3p+Puprx52YTynUwgdmXfAUtLMxp8dcattRLFH05UqdFfeL1Vu1+tGTyapRXktIGBva8dh2lbFPHbLAn1Fpn3xBMdPrLfJ5qlmw7/7fWnPmIgB6cwHPjzL+DX4xk/2J8ITX0J9gaVLwm/WdaLuewJFoAFQhj+57DLgUf3wDwEnl8eBx//8E6nfxcrtug4OqEGwAz1hO/i+hnBDL3hf4UP0XUW6IX6fzT/fWBJoWTymLahL03GBDhYnulqfs2TC/qKb3r4Ckj11xXTnZzs3E6bh77yUAy6L/pun2bw4I2DDreAqIm201o980Lysfw0DQqlAHl50etNslbu3Hl4vW6sRUOUSn23OhEGXsKqXkuAnS3t+TsZIDYHgKYTdo8PAjjiIf7pbX3R+UGGjituxbPnPY+TPaFzhvBNF0khKs5u2gi5VPPyERjVUD2aBocxrEsANN9hCyfwKf1gScx993VFa/HeJ4KIm/ezChAdtzaynxDJTPBFLoOd6ZWGcxpy3hN/kz4ymYmKblY6ZA8L+lNjV/s0q/spDFZUeSHDhl3t0QS+9MGdwe+yuQNkLIIKykFST+wUx9uG5dnHZ1B0P6eb1Ebx8vANSS8N5BRVocFuyIu//2ihC7Vjiisxebm+wecFMagPaFW5BlYWw25tNW7242UrPaPwCJv/uVuIwELNs/uhq67kWWhXRw4AwurHVzZHl2gpd96atvgxll1+HZQTNPv3mqzQTlN2bE40co9oWv/r0cakanLJVCkudHgFay3iTbe9ZUU9/aRrz63MZrYNqUrr8rbydHJW/RP2olha/rqJq2FNphreihXEEc1e33yc+ZDRmF9u86lziIWi+ijevXjVgzFPqvY835rpe+xU22fHhlQp9IDZsC4+ENHHimY7ITXsiqKKiHRgkBV69nZ+OM/M5cqJIU28EHgd3raPcBzYvbPRub4qdLFa/fprlWydp2fHUgxnY2pA+Oimim/01p4Oy2NXS/ztnd2toIE/miRM4bskUP3GB0qnt88lb0ziNecCwwU/qjEOEg2tQH+rjN76Gf+p47jl3xvyz5RGGMvlryC5jfaSwj1uiabMkFFFRFLX+tWHNZJvQYE9V5Wphgsr1b01aaTOlwOERfVbcJlWRzgBBFi9lQRm9dpEIGCkGSq2COaWzZ73teWQmaqBUV34V+cPBbXfl7yfDECNzBwmZDnAqI4vKe6Merak0ZwHXaLS0LVgWXtsVkSJULoG6UNcHXsow61aQsTl1xrVfkrpGjce1K6oWgmj8ABjSWa/5gtdbEMma4TaE3mdmElPiF7o92ema5ZhpTivBAh5DG9xFEmmdj/YSq1pelDjZ7/nsG7vSPiCXmDl/8CPnc27nR27KgryIFKLPRaHcfQ2cmWin+fei5Ihrdq0IVLx/kFTop6e6BgfLP/IKAl7kHnF9PuDzwpAWfi+jrV1teWPNzPe8Jc9bs5dMxssrMmsr0n9IsD5/SGpZl3FLX8HFuNCby24TToJ0K6P0eYt27WZsB0sV1saaRCm/g3dauVlPS++TBnoSxQuUblYsRpqjoqXepluNEYsFyi++M0hKu6S5CWg6TFDTW2h+PTQ9EGpv0xBVTHEcEJKgBxsZOf8K+w1m9oP2ZULd1cT7inFgp/y3lwDwlk7Jfsf2p/HPhQq/2wMwzW2DlmbW1xfZcdr0mSvIyM1w1StRdgr4U6SJnFhZYS9HHlFxBiQbvJS4n0uieA/EnY4SUNKEGJ79MNw5IitmwgcAglXbvjTHRp/zdYyAuQfd0wrHoH0NDKaj03NNy3JGBkxFGWEBhjgLlyGR1sXpbMz2swFc/OZx/DkxxC+1uMqSXxRl1nOio5JI6n21lnnw+uJ7CFn4BN76BOIBAJy4Vp4SCM0JuLgaO268gC4QSQXKL7mITnvQcC817bZc/YPkmdqpVgtsjyd63zeeKmDGF1/pUezNEEyGwfeqZcm90BAHLex3mthmLxH77rD2qyXG+mDiHhCoKDxtkTuzK1HXqq3l28jOI08pLVvGxJYrF2J66nWc8YW3C5Vp6FrNs3LaQrvqhixKGD2P6/BMhZE/2bIQcKYGbVH5ntXJbLVaokpiK71uhQ/9KP51ZPX0wXijdi9WSk1UTOGFOD7wWN3bYPNr8bpxS/FPgQBRqHlq75v9tACqdQ9hXeUcbWUPMxXzB1094DDLGNFbal60c/EHv5SbuJOqzDGAB1ozGXTiTjH2/2msJ0YUdotTA48jONjg+rD91t2QAU81REnZDI3rzEIz7Vthk8SVhNUHKM0q6+DT3NvoGX0OT5sHHoa6I10OCltF3XbzbglZ1in3A/0aMWYMX25IlawlPcRTxipbqtRj0/ufPTd9marXDcRwVLyHndkNR5eRXXj6KgQj2vYZb/9pWsNcwOTPXlLba0IxoXcNlrvXXZqYBF0tzHXM1PyXLB3fJb+DKOtgXMjtroeKePJOxVxVEB9A5EsElVTH6b3LbcQEvtUtFFkEWSeVOImt3e+uT8vFlmbo+a0sdfD7yL+qei4qXcwEJ2KC4t1Vb8tD8qMl+oBYRgOLsYqI7DTYZPgWnAxPmm9KkbX4VKLBtcCmNr2hMRzM3LY0SuzUfz4Z4kghzf6KQgU18QPll91FXBsIpJxfJ/qsLXB0M1Ns/ZsxAZmCxOQ+r/oVGQt9OmbJFPO4zATLtj5uigHZlwoSzNBHTnT/Zox3JWreTSsI2e6u0IWh31Xx1Nl1Bebqqr+FF+sxIfdJMJT5O5Wb6zcHYL01Y78JUkkPKV8OGZFtRc9UL9bDT6iFtiwwQvl0aFBrxjpPLU+uoz6DJg4XKAU6PkzCsQpoqJyobrnu+S4z6xzwg30lMCNfWUXoTmDkQpi16TUXvqzVw0NmEyDBIAEYfFYdo5LvGzBZNSYWfYgLBP527tgMcqw9qtW8DqovQ+j8GcGmoxeZg+3GwHQT/cg+wkEuwt2eKY4kkh7ev9wxMw92gnUff/HvjJMB5XYvcS9OzUW/lqmXfY8SdLpf+x4djz7sigaW24z4mRetJBEsRlkwRKymHuG+xI5G3G+QMRpU5JzAfPPTCk7veFCOhPYI5U4KrQxxiZ3DqL8w469CsKJLMSXz3hWslEgca76Ts5cWsDcu7CyuoJzyV50XbDcmK8jrmpbn5PC2cQBn9v2Z5pfxx1hEX8JjerauS0h1dprV7lCyI0V7/WUx4hclHLCY2aV8MsNY2lyxlv7devWioVPl8msuvnS7C1K57gb5p3/Bj0N0nwrWtJCazIcsDXOywHGSWhETqhp5rugmULVxqSiqYMmvK5w11i6RThphgkVkfy3zZNZ4tan8XzceixZIHoiMIz1FBtvzbMasrL01qqzml16D82BX3RxU3ZxUKidIh5Fv8lcTqRbeF0v2VilcY6db+BtJJRL6n0rhhy+FtuoQ/j5jsl5+qSvFI0wi1U3ftnbEYXIWq43aORVIxYn8Ij1FJ59ORBw7/fDdwdRfIxR3Ax4bKOLkbQHdacVYlFGdijgCW+zB+MZvkskjnuY9LkjPkJt658esW6loGUxtEtolF3avowhUMikz9jXHeb7uh8/R6cWtYweTSknd8CiUZ1xCPBh4nPxQZVUMmVwuh3IIqeTUDQ3YtHQ2LvxPcM4ATFL1xuO/MBEKoFh7XbU3fpj05FX0/cf37NH3fZ0r7uv6Cc6KrkwgTlwPNEeAx0mrcaLHD51UzF1zrqu6QVAd/2WhYj4idH+QdPO6bTizpz4LfSvPlirSU/K8xInqutGKM74jMwl4bAjOqzcGIaauBnHYLPsMah2G/PZl08o5w4mGzQ1VQfSbNMefxHuEf7dmPv3hkbky6s5f3sCOHoTxZs9iwBSvQL8VptwKkHpRbwN5ZP9C64nYKnuw+kI0A15o9TdHNWfkXvWcNqe48cjzI/0nQKDgivJHnLKD/u97bP9EZGAQTUjgx1ci2ZF+yFOJsyJUR1x7Z5QCOnjYaUxLWVv4uS0Gwr/kHPTeB6RnXJl6sC4u+4lNKZ3mDhDuh5WYyp76xtmz/gg2nbvh5+OrFD4niIMES6sV5J9wzenqTGSdXuDpoR94lbXFKBO+WpbIaj4Z04mKq4zJJZVud7VB+2Sl+xWncjkkWP1N5tMJ9J5qNBEIZlrWc4wX2lzCWgMaxc+JAcAihHGIZjDBR/PFOx3SKG7ejMNjTOXrliXOvCPiqxwSA5V8SHAZuIxZM9Yq9ESE4v4Nr/S85h5a8z2fZ+tdSnwICuOrzdhQQjvH+byx0wTqZeamLu1HdBArt5j649hUiGh2h8opJJinjFP3CQ6IKN/UdbyuC6p38nb0z/4w3z2QLOuO+UHoMFLo2mQaUL5r1Dss5ZmMwRQcp5Y3E+injUtIUzSKy6zrd2Wu8r1d9L8cEsyinuoIFXtf7SM+vchBvFg2ZWwgcNKa+ZqRv5Nyf1SPj723PiyXSnr4xyyHDim0nPBa20ng0GbB5SPqdHCwj2A+ajX070zU2PmAuuO0C79fI7FPYlXyGemzngN4Xx9eIJPXTXVNbU+ASR/fE9Lo+4ipPFdWve5hbgRA1Os+8bWDOqhqIRGoODilF6LaEEx3AaBZxkJ5vYuIkaKvX2HkZW5lmw1O70HYeXPa10IfzZ8v3lZl+MXeB60QiKSedR9KC827/+FPatWs8hDGBJiaRx3ytqQhAqp3q81ar42b8sSkY+JX5m9Mh5kf2T1XRrfj9ebezoc0oCik8xdGbLT5+13tSxm4/zWC0qR7A90HevNVHs5n7nOVHqz6taDHlp3buocxM/8CccToDkeG1vCw/YIFml1VczXPg9c0CNBE5oAZQtb5T8r6xLZ3w1cTJmaCCSAUjZGVNg1WmCG3F05v+5jZrmvCP1XrLKwmMMru/bdY/OVpT5k8mExfmbwWMajdyQ64UnpccHofxNLzrrFm7rJA/kCsCBt8dsCZTmS8Nb9LyIPgSq3apjKbweQ+2Ll3Q5MNRK375W9wWSkWSd7fV3JPIgLTS0vDpdPsaFy79yeOMTFedsqssmQvaz97DwExvhwSBhFyy5e6y36QgCkyrBcl6GeWkVZ+f6n2yOva9NcpOF8/4cICoD+TGFZPY8vrfc9O3qCcvPH97s3uuYPg/8hSxUgb5OWqSaDrfHJh12ItU+OjfdehUvhCQpBO8RzLvfTHtFid5/THgkphLvR3RTqElHilzk/OItn3dS6VoAa/VDGkD0uzTyWQGn7MvXmDKuyQ7SF4RPpBafrSD3UlSwE39iFRVXO+kkfIDgtjdqYyg5KArl1Kp4XPFGQD6Fctjz8wTmFNJns4eBWxdqlchiZiBWYj5v339HHnNkS/Hdi6tB1c3rYQq0Ee7f0n14QAA10iQDe8x96vZKdw0s9qrjBMDAq6eMciHebrdUfLLUFd0oxX0BLE/cDsJZUYFxzlpLSWq8salFDbp2aGfPVckk+3OroRpG+cBZClZVe8SKLo7EDH97905jNIJNyGmL0XRaXC0IVlXpQ2x3rY/d0yxNEU5B14AnZnoQ8LMYF1SV71vyNb1sb9ScNuRdniaqQGCW+th6tB5DELTnA+q/TYgzrG6yDjruyMfJDb30Thoz5HOf83FEdU7UD0O17R7RTY1+c5JOMVB9kpsAcdISBBTxGzNw7RkRRLenIE/nbri9LNg5MdORrBzmYThDolgPjMprM5HOCUxAw5hgRfoQLYNSEOK+tyBBJxbmXtkqGDhFV9uSTlnKQWhqBU+9HuY78YS5Zeor/ufWcaxaCxQKc3tKIz1R+kojsocQHEdlpbnYeoORyMJrhT/nxD5S8QQCJjIcF94g++9Xligvgxnd+2WvFcDf3oFLFij0vM7zBC/dPEjRzlCR3LxqDbsHoXDeYwcPZWKvTMpBYfeBTj3W4VZprcmgpyTevTQZqnTEMCV598e1Wm+qHtLzmUGd0q22pbQtXc+2qvWXIXpV7+veQrzo2UNq7hbZExaMFhvOnOuJcXu/M3K/dy7adXRNExXfefWbDZUdrPZhfPAkXotAxojr20dnq3TbbVYysVcz8ybiRRqGiJFFynlIU702HtIwvTFzJ6AOg+r/r4QLZiMZ3H8EP8U0ZmRzp8AApp+BI3o+mSA6Ie6P7hmGAAdb/09s1wKMjf0rq6DmZDy8QVhaCnn/q8lj8Pv2+LSSjUVMaShrncwcbo/8JGiNHgaJm8szE72L7tnmPWEusAY0OukbDGgMYrCRhosWf3dL82N7rCIwpcdjyhe9Gg+6y8gxpHTgohB2EwdUihh6EjGjhSQOBYShEymyDRueqK76s9N9FXo8AGABJ4X7mgU7nTMstWf+KfBXAEwz27DG67LCKwd8ph8dvauJYWxoXPi0HjW0TzKILkNd/Rx85Ht6/RFgK6b+Def2YCE7PdbRE1+HWwTv9UboCpaPT/hxkTIPVsxOmLk+14MEMeP36eS2pV9Ow72XO9aDD9TWYoYHMI7XeP1ZD3XpB4YSrbPW1A5jNAT4MCCDjYOmq+E6E+ClY2feCqeUbsi1NJiZqyWzo9oVGNm+f93/znKGny7aLRf8YQtvN/hIut8TKaMyLvtqx2inl828PjMLR1Te2eRbaouMTcD1y5ITXg2Jl6fg8rxGTC7KAywHm4/XHB/BYlpNugoiN/b7LQNh6uSx5lGRDDXhY4OHr5YctjLC4t28bfSIVSeotKKtclHn2oXb1TLKBGHx4X4UHgo6C4rpLPCK49m4DqpujbvdH2DwK1CWO32pOZ3MjSPIUpOdIwSPDJtUMmD3Lw44Hwqc3eVUmSB077dcS09k6A/wTpABH62fkgCW7hg8u1SPqjDxiobgS8BkP6cUtFbTbnTba78dZF57Ry2MkCA1tHVVyysQX1sWtBBtjdGTx5juArdz+uV6lyOpJIOE7K9gqXTZwsob/233qymIgymFK/dZdQyBPpL8z7zbr0roto8F6AkZJXtfXcTdLC6XtVS+fn+LdgIq0vulQpUCSNdhqrIEm+VLJUkPsCggMFFtF7StO3qkM0pgv5uSy3IehCLz9elGaa3fEeHAlGqw2qYSB6dLj8LB3JjYwAE4/hWx6QhWPNEWrjErclfs8+pNwzPeRrIf/vqr0DE12RfNEMMv5CdGn3QqR/tvgL0xYc7OC45wi5ueQ9HyYrwWfywEm/z2S2KT3D8IQ9WNczCqmwd61l8DdNk8T2o5QtTq8dVqLOn1TuEP7AyXaGXWAJ40ut0lRNVEBJu8OciOKwL7q/6bNo0bP4Z/1YXE7vONhySBSNKnPQOYzyv3W87UnjVTHEXbUg7Hu6cY7JbsVnKfNbA2XZAejEnpjAuEoQPbuBY0LT7VbWPGMil8iHjIYE2z5VhHml7VWlPW2IOhbnc6ZCh0KCWWtAgd9nvvFAlglJR/YjvHagdUEeiqbhw97zSRZvVcwn9xJ0l7soyMB0OE2rjTtUCiKC9Vizfa+N8bXSMGBBhX7siZVDVP28l5dqT3jtvqV+DfF94Pa5Clp/eE7KIOMsXMFuRpYpKcZ09r53LcW159Dwa+NqtdRLl2ZnD3vwo5/WhzLhFupWb1Rb5lBYotTo0zKeAY+N0CJDujvN/e8qjwCS+3puLGCZW7XwMjIFEhxqrgiLFzo/7TfQK8m34ZxHOwsdAv3sOEfs000bb1AY4hqdVOtg2bO3Pr2Fcs3EIQYWwcKUbCtbBmByyuqk/cKzKJGwZlf5zN4uIA7ezWlGpQ1bbHI8G8XrR3NKJkxQZUZgFkQ4NC5PoviqUSRQHXSP+pFNIw9/JsFst4WTYPAF96+w0I7Fh9iqX9jYQu42p+6qRMkGjX0SnPOaZek0dH2fbQH+b4c6eAyZsaIise8C+lnALJjTqQpOL8n29r289aRcpwzu2skHjXUK3lx+dKveVFSe1qAE6CDMfnv18I0dwqZItI6WV3tAmYSw2ytB32hIzlEvZgTJOJEjCZzH7Gina2//siekdzgxGwNAgApwVKlno+4MddYVJ5tDkqnuhdm2ORfv1pUIJlPn7iV9MJkWvcdkU3RoWc8uT+4psgw/5nkNtEpOpZ1x7u+qiPzvSItMLAROviXBviqHZ1M67cdS66TvVmmalqOrOEjbZ7Z+pr/wWp9Ys/LSjOdxAon59rJGIkguXk+d+GZpvL9DBPnXT/vcyr7Cvla+7/xR2XNkext31LUx1T2GtrIB1T3dcH3nOWWU0FiJqZmVvyYlsD/XEK+96dvRDAnGMU78p427NadLVfRl7J87OI4fjRja2kbU5HqCrksl1ug70kAl/pcHFnoteQW0CavnAlCg9XYhxz572BE26PFv5utY60zyWHhASVnhYImY2ZUu3vzrn36G1cn+hbpx85tUc8Vj768+PcGitcwsGrcp6S4pFlcYMDZRpJS2ELXWWGWF/lTGlGZnKxQIb/1snbJL7l5i/V6KDPUcH0DFJkPcqF4gq0a+Z8XLJsHIM9/mkAgKWpcpaOPK1TW9vi7rRPt7ZFfl3wNGBgfLytzxMyv/tc+Ld4WHSPc1E52/LcSaaiAKW1Rd0KbLtah5qZ/dNDJy6qNq/+74JTaY3URBSV0zNf4sQmdhObxqCP79GWFWmUEal5mPagHW+pg4nznGayAsihgOJhPG0qWOnJmQfoFqv4Rs0WEg8GblXWz9M04RY1ErJl378E5RTyn1ooanJ0NwuxU4iQ/I+Vc91SoPZf3s/NrcfOy2vNE3P9FPm5+yCC6IOJgPLovJKCJBf7qC9ibU0zAjX4GI4CiOLBWJYoxbNlcxH6VgjJ+4sFl3OnlUlC5Q9xXtFIXfWz8zGu5SHyBbit3j2HeY8IHJqBFmkGdPu43M51nRJ8AXSfX7OMuyf6chuUev+N3Z7bLcygy4Kdm2/xCxBrSePh3D5mT32szcEvBwiZb/n5fTn/lm/MW8vzzUjYwujABHhNO9AeKAkYu8s4p51oydHSWYn8AlMLRrOq3O/FzPmP/K6Pyu5lFZOCYbgWOzq5GWnc7BAyi6ssozpqa5+QqSHKt8ddDH9cCsz33c1RbXrmse/nID/5pZyl6h5X/vcwFEW8LWms+oUmsEf6U4opSG0UVMQnwVEntwszcz5RYOGbwSZNnCK7adE9r3aZS0u56MNT5OlLLFXK267WV7pfFVjhIQxqMP9GzVf7A8O93Y1qyeUSw1UF7YEguO4w9C9NjWU8VcDlSAXkN3J/DmR+eYYrgFjTdozSLdCNrSw5UFp6XObf9pAv8XbuAbzYYIbBeAMMvh8NPEGJFtNewIvBNBz32yMzwmfxMTNV83NjNw9KfD8docXXOmUwH7YWv5H6Hhvpt0o5uila+KdMBbIo/PcTOmrAvMOom2TmHmN3spfn7aY81s7u1gP4PVmw39kziOPihLGDnffDObVXsSg8cgAYFIwnMaVVc/PfmxhrnnNO/Aybq/6uZDchPxt5WL7rk95Xve/JsWC7RZCXlQvLTgnKRDvTVOAEM3GCvCodZQam8o9ZVygjaPFJJ7u002DGQZYSDNai8du/jAjNRpvtuXkW7MalXhXpgVudbkbXNl9gLlwmbMlMymqLQKVG8b1MfnXc/dKXdlBG/gT/xVzC14FfNPLxfmddY3dU7+/KK6+IUDzjkSkw3Dsd7yvNGs1fVztgoYCd612kjOm7MEfZ+WXdrzvpZ5Rbr3aKr367Aern6HBOG8fQOCheSPnYwLvzmqvY5AVc9pc4lqVvSfHOIRgnIM457u+2mXsx8DWCZ7tlAF0A1OmrBETzVYHtmAZHtkO3n4OQiT2j3cSG5iT6y24aWeHvpVPk4LdTW0aqJdCKNzdrw5+Y3vrzn1FpoCTosyekqmZ4elbqQDnaA7C5q072PR7jxIOMvzXyuvurYACbe8XFD83+o5H5egnbPIuMpkfuAbBmQDvfxZNx5urUF90k0RGNq4jCA49D2ujJjSXkaN7eaRpWbmSeUvkqHLcjJ8eYCQK8lNyMlNdj+y+gMFhx3xgzWB9ejsKYOu7d7XhCwKpyL82f7y5No/dm1idWPnA7oPumxFDDZiP441brEr9QpS29DGNmI02GkWnVVO53Lp93NxBa4Jo1MjIz7jQ6Cs8Mc4Nyab/najo8Pc2vyWRhU7XyI4UOIp49PITpeczVZIsJ2nmYal9i0lSX+c7Mj+jQE/ZUGeYzAvkttAU94VVJ6lGvrv1SCFB/ekpvSNJz6g+Q0TlqIZM5VlIWPG9aY+dOLJfYC/nUDFp1olPV9ugZfK+0zc6ljzhVNFRMTzckqUyCixhfouX5yWse6TKB1HbsqCMGpBAcrezx08lW2qI+Q6oxc5u0mCi5z6CYuJT6VV0YWOxc2wdXnL2SsuIumlaqwWVMmBwQchIOxkx424mjqTtFO+jEhTKJWJeLST78SkKwdm3XcJsk/aq2X1ydgMNBVdB2C2QmKXur5vzQ/ubScjkltrJUa4mmPvBj/W5cqgrAGixWkou2sRU8r/2CO7/4ZJ6bMsZzjCGu0yJ2DUCwjctiZT68Q3FbwyqYwzRfuKw4tSxOTaTMjtPLZfLNMFKLwoY0CgoX2BtGZb4cNULO9AyL4oY3BLaP9PpfC5oqXCjrx/RPUn9VkBBLPuFql+NQ9rwYlElZjr6lsJDy+KlmgQbCjK7pO+W7Fk6+pZTWaBoN/kP4xvQPbI7nDwWPwFmarreAWuW4Y5SISfj/+yW6oXFlP9LmXr07t1TabT33hu7H8ByGPdbbgWBt2DDq+ZUjeMIgIqsx+DofW8Es3IZV1qSZ5o41IZkrGlzo35LGOnwSYR6jX9H2KZxi53TmZ6873R+9UAdzDRlUP9cq1bda5LdjY16I/qyiC2UP8vtkiA2DI1xSOBHPz9I5Nz36JtvJ7ee5H31vkhmBpI4JMDCQvhM68uehSVL9HRkOfxX+IocmGeWN+uXx9XjkMy2dAC2g3m4pzxX59LKkjuv68uqZ320OquxCsZmu2W8R8CU+Kp3/VzzG2nkRJNzuKCUxqWjSfgLIjuZiHeA05hCu6Hvjkm18L5KYfE+/r/4InJtZN/GdicQD4oWG5lPaJQvcBEyoQX1LDAR7qitFHHb3GIPMEkmKfya+Yckk+uxlSakFkx68GzCeMk/ZtN9Om8KboQnpwzqSy/w/Azm5Yn92+myI1lyAEiXMb4ddWxXyHNfYrH7MERadZRFSSfiDxDBxRUpUQE/JYDHTHj0//qWI9w+SYt0AKOQRXomgypwUQRKWIitRun9HoGvFEg8/7Yjpg+i0PLB41g8U3QoFpESEgwsRFZ75MH2+yFh6dZd+X+KO+RJlduRH4/I5+qicYGPr4oaooT+88ldyuwkzFzy0LARQycwH7r9BuV7zFa8Sz7e8aGjUre6Um1Eabk6GKyWmb0TAvzPA6ftv8iEZjgGtK/RSrXYWX/6b/iDP0ADr2wuYJE0MWtqSYsHvzDfUI5Ho5qcG4VbBumRAkoaBp7xqxpnB58AcdC1M4CkQsK5nZotj+XijjIYMyL5AfosBOY3f4xu21XODkiyTNg5KfKL0bOeTp+xbWDuIOdS+L9IQghMZZuyfpKzTPGlAAc0/5/ZvTsC/Nes1eHVxqIlzKUAFFmOAFsIgghpl4mhiylaCg46zRPgIeI6zLPxsky5k1btjRVjM8VoHf299Hf5yGSxGX/6Hgkwah7fpO+zBQLElEiBr38uJm7/aUVkIvOvkjWxs1q5EzQWo5ilsklue9oqVJw40Em6dZ2JrBlxNWCrqzaZ0mMkby1HyK1Y4d85c+UJ/UakCa3O1W2FmN+Ir5fNGm34jiF3lSeG+zbnNNknCHcGnl/l3VxvPYP9LUua4f/ucv5cVI2N3CRs3OUFIsgL5N6xw8zcYgKNC5t/l8+mg/yUdkjx7qzj7JKbn3KjBUI0GyPkqiRs/6Irb+gblc7udJwBfmo8OCP5hv+8hvdDJitrPD8A+6hFBh8HZ9ziqLw310lQCIKErhtjLoXy8tXL8U0o3nQ13M+0jNbgsLjRAPyqKoD9/vo68qs1/kddr2QYHoSw5hBWxHS2zjZGcGcwv6rrfcsXML62gEvf+JRg5mG90XpoIX90f2r5p2KRfS2PJi/2r3I3JXTLlV2fMZcE9oVVQrvZPu2th+zLtYMob3zyQen2VTQT6rOfbGTEjKQg2SlBacvx8M5UiQPtLp5G1vRJX/Ph5IeEBHHsuAILbj/IWQ+emQOSH8tb1A2vtoz/pcGTpjW1FJKSQUPZHTejRk77By7+hezyIzD9+jCqOLoj/RZJzntkXtnhfuxoZvOUqBxtGiuGQ/hoLJIT8avZaDgalzInUMy3Wmr6TZXOSdi37kZJVW0FPwINBKyJ+gBEX6Ipv6Ndq9LI50KDHhgqlP2sszeNKZdHzdFvFpQFJ0y7XrY7PqLvRfLmRttMTrY+tHlhd6Sysr3JYiFNP3jXrOA+oPJhtvaI6b+ODEVgubl5ZqQ8DC3smzRgL8F1MwzBLl3IUpNAg9NVvcguKkZ8dREdMThAg/07HJGHf+iRZHmgn3w44L5G27kIHleY/4b77bTgEcTGW8414JB9BkUfVFKpANSqEM+m0EhA0Xf3ziBpQtIY1giI9J97qzJOsQnoV32F80rMGwAqLzMS+7xX7hb7ME4CyKNoMy2RGMcudfTX0PwoG8HCQk6/gEDfInz+XWuHxql0WWID7J4iOmmm+t8Orx7DYVkE6pBKssvpyGU10uMGCma/AqzZZsCV+HiA5XKF6HTIt/FnhpPGXBOlWCAVX7uaxHxDzHW4VW7E6p90QkcbtQv7pJ/kRB6Oj3LV65tOEefxq8viucaicAfRH9L3qAPfRlBYsyw6/dwF7rd33eqdTdn6pBKkjFIML5Jorg2LpbMjJ6Rvhv0ILxbz/4XXmocKHG/4WuZfddZXU8znVncQuaqeMeCqJHkUg9Ni4p+ppUKZpZ6eJgAcnAZ34GLFfIMfnMdX3LwHgtdxx6MCjc2k9p+lOOJPRllEhm6igzkf4RD5VBcu3dv+TkYUuEv9de9RAIm9G4kAm4vdE1s0ZKjjQGzEvkzt9D/d/mzMwQ2wJ8Y03OIROuF6SLF+TUOJU9aHMqGbvorZ37/9VJJP7j5m167pUnKfmazFGl9tz4BnQHjA7Jg/ToM6UbRjYz4Aqb/y7TwHO170376W3YbdZHdA2w5VTcHQdJSu/IWkh0Df6yNS7h0coWH++VzZL737udET010aVQJcC6uKXvkl+8dfBDZAJiR+JA1oExX2X1EPSiIvsbT+YY0Vxs3IsZOvFnIw6/s9MGe6oTjWjBoQaIU0JueNDfZT9rrcnvm3OnKVy65ysboE4QzYyIcUEXq+9lAHFY2vZ1c/w5gzGCfvdQ1NhW2PLxnkLq+eA/7fwt28qz+DkmktszN5khAvwj5ds/uTNnHfZstV9aYrBcXxSgrN1PgsZOnOD5nN8SC4J74hVipUH+toHVwvtlye81mwg4gpsLQBa0ISCruk1r0rfko+Vnb5SupTEMpgUFMCmrkGyUoZAPXT8WckTGVcniymiCpmizPrYxgSv/JjOj+e9Eoj/niCFNqxbusJwVOy7V6LWJq80feM3p99D0og9Z4VrcNLmv3SQ+ZF6AlOctAVW8r29Ivb2dcKOf+7l/UWiuew8xXiac6LVMSW+WuJ4omHFxEYBidywQFf60UcTLSclwsXrY6hoAmVp3fSIN1NcNyJa9y9oPhFsFilGwrMcaitnNFH6ppLWzGWyNHB23ZM7jgukbl9i9/4elJFMqRraELMBYGFDJjduTfHeuPimrE8EeB9grmFVWpu2H2SEY4qpg7pqFije1bhBtPkabFf4PRpdMywAmN3N1xu/C98Ur4eZ2GboQ+mw66O5tmOgVTdgKk4Edzyf7GhObwVZTePrqId6gpyCOc2+Ehmhd29dkp3ZgAw7d8eP5vzckKksvrnPrM2n+Nmy0L5zG3GU1iUVGZkrPCt75nv6GPd6nkfz15+vRpo0GR3ph3oKxhka7hF4OCzG/PTPJqxvG0CmyLDKJuv9EE2hR9ZvE0G/JmwGTQ++3H4vPn7AznW/T28xQroaS5m0ZTLlOe2KmpJBuWqaSQvT/upbhYgS87c4kwle/74tIjQsvYuGaOLOzToFYYgHP0hNJmzUgOVVPuJHPwCX4EbcnNdstPu/TrEcO7St/KD0ngyqwFnLQiIwY+1bUYXMC7VCmwSUVcfIuXrIsp7J+w7urTMQ+n8+3vQ947OTATM3D9RsH1y67YPGyi0fpxAIfigxmGWuLxPtTPPa6ecN5X39QF1Jrc/0bjE0hQhUvfF9SH24PpTeBgSxIxB2ZMpqz4kbOrmodjKHnYU3Dpn62cxFw+SmyksNO1qLtGtF92/iWzb7608uyzJGuk50QfZChDwXEasOXQ7n9P/YTF5MiED4R++PMGhjIWNIVNHh82aYAc/6YwWBW3yFJHx9gH9WnCaVKpZLY2nQxd/twNpGB5Ran1qAnc0V1rpBPovUvOVqUXiPbr2xTCJ9PeUHOq3S9jCaq4NWnf/hN+9oIDIlZ3HFRx+2NAinC/Hcyq2efmrMR0U0WNFmoxdqqnsccPwYGnkjyKvtym8/Jz+cUcbDhHVtDMc+7Y3YPCL/HfbvRaQsiAM66UDgqOK83f3//8t56LMO74Obqd1Sr0xmPu3evveJyQSt38/Dwv35+9UVE/Mjx+njVKg1628QETD2LZl/ZkU+/N2Soxrzsn2KwxkuQatpCWfe2PmD4C2X9tdmlwRvDPRbOpzqURVdrzuSSDWxgjF4i/0snUCY8xYD0fHy7Gx55dI6v6TR+CU/5h9jdHFVfiYWM2d0855YfvAgoL/iKZm2F4GSSJj0BvyGbGZc+msdzO71W6HYKLpXEDdJHlh0iMBuWkus1w0Lbxdnb2GSY1tv2cEQOmKHz0B5WkLzNbZXsMnC9MhFTdM5lCQF5lokRAkcIJ+bPV4CVrwQl5JKLxo7LwmPBXxUDSN2a8zQc04Io0XYQCeQ6r1j4StXPqqqrhA0cBiGsmTMB52O9vTgzcuoCZJVv9rGs4J7Pn6++oMl1ew9udP7fnX59TyrXhIxf83eT/IlOa6WwBZfbe4CkAgc1YGn3YnNJ8VvH8mSjsMeo9IXAQZ0x3MqdwuG6bEqPDMU9mvyVT1reeV1Ti43VToLmHvoIKBBaBnsFRmFq9Z9hsNnerm/MRHH/kNQWsxTh7VjKFpcMF+r1CJ6Yq79ylEF8v7qkmp//fVNN/Wxdj2Hj/29qRPYNnDc+p1jkuew/tV7+VN0XgmyJqvCa/XlpApeLgQf/9KLS60Mtio2k4J4CaY4I/K60NujMbW85OjWhW9TtTqCnICTr030SpZ5VdT30+QbRPTycLTTQdbUe6cRnVfATQfBv/Hulwf3n7T1XMqiA/Zg4GMAL4AnJGPWwguetrD2OULEUiq6ytkROkUp67MQaXRvfawFbfmMEfUt3CPSvYiqc9zys0QQfO2VCw0maV8agq7oe2/xQONksI8y67smWh9JhY6C97hHyVD3xXtTJ7875A8npT3vJEGPQ9zJXT6MtdpovyylVEe/2nT2cTzai9tM31uf10Br9H6I/6EGGAA5yZBT0ucc/tk5UTwyNAOTDcIW+h2KW8fqbnc7mhYH/6xRMOr8+aH9EmSPnPDANRuWuf9Tb6GUBHr0SluFnRxO/p9BrbGeztG3VInHxgpaB/o8fVFxoftcXL19PnESQOTE8A5T8YIZB/Q/Z2C6aSlwmRTaWEYegGEV2x0t6UAgcYqFIMlj81wxSIGNmI4c5V2LegtwCdjEs5nyKh6PFZb3kA6ncb4hG6DR0p2jpYLJLR2slpVznhIrtdeYoumLADIZicAD2G9HtQ2uw2eUyd7Vxv4OGhKyOg67h/b5WdnvJawmriK3eVTNgOQjBVnAAAowh9nmfwSz0oHIimM2EcqbAZKLi6vvig5/b7QkIZ3ZADbGgwtbjU9em+S70f++tER//Byg4EY3xxnJ3KQ3zg8Qshlq1crKiUWvH1wqmrL6q46GW/B1q1cxCPdl7CoVGVCT8mrHRLiK2s8GWzQb6RpicQLU3h7zRg0hCl/5L7JL4b4Ys+JQjMeVEaTVrdsk8b4t2YREuZNC+lFp7XgXhZJcNqKhcKNjJhdDozwbodXk8+Mx38N3J0NzPDLDCSZ3Yzu7oMSs4Eulcckst1oE/tw3S02eMLGdQAZTrL7Nk3U0pnUl6HExQ2126E6FM+6dgKVzoBx4CD5YC3Vrt69tZFbplqNYa3NiOJhb55Z6cxX7gA6dmPRbJPFexRL127ygihuLEPAKZOGVShAetrJijwtmLYu/cBe3axOZmUZF9MUhFckVKRLdufPMJa8GbiP2ZHI06RVFUMaQavCN+mS8L6Fs3FzDpKnmb0uRyQLQTmLDr7T+reS5L24kJVG+ZFCXCEVbZ0UaVz0gp2GCXwmJ2FxWM7cOHPOe/yRIX7XVH7Y4Wg4FFe/0iPSWbUWYDumi80pYdl5BObtSVH2Xv84U/WsNL0Pxh0bbyN8203p7fdLBfaJpf4XZzo1Bz2QTo73NzmRsJ+8u++/bjocsoNNzGzrnDphkt7p0E7TqA8bSl57FDT3reA4/q1pgDb0Yci6FWJftX1QT7wZenPDhxch6jCX7qXr0fLWYmZE54gVJrjNws8iQG6tvDsN3VzGltC1fvaaS4jBHftJMHVPK5uOe/2X3wzl2i7pam5MfqYDVyTaLteTx7g2xMr63OPZ5ULzqbuDZ7znpHW4CiHsXD8lO3EjC4H0qhLzrShYoJsqUs6Fgqs5ckJ8HLYlF2eNyMXLvAOM2PC6vhZ5U1qul7TUeAn6gQF9NcZ8yIw8aD2Iarp01zsAyGIjaufHfJx8JiEGQeKFNXCz1Wwi2l1FCGg/IIRwsWFSvVvabmxjOB6pnLX9gvY9vXVlwxxVodGJ9Ue1AH/q14KdT1wVewE31BGKITdA9IY2EZaZlr9NG95z6Jc/Zt3qNDUCgb6OqL/NPH2SK1ry0cfFquqmBwHNyTTCOMs84f3r5VUWcO6WbtFG82AwYfXJpoaAzvufnl/82v2hvYXk+5MJVrIDvbRW6q6ZrT9++hHZkKJopaSJXN5x/QrkZSJ782y07W+I+rzGMDDdR7YWeN7qdObHSmyjdrey7uS2rjUW8QYiA8CP58P1PVSzj2dueYAp41bUJsIT5mg/6+hrgP34DGmNEt3/59Jm7/fWy6en83mRhIlkqDBExuXvdbU/LvNJNKVtkaXrGYnyLGRS7fShW1zyZK97L0bbIgXMvrb/iGQ1rEnMOe9K7w0dr3hZMQWcXj32y5Zre8LIsilWCxtT3a5DJJGps+i/j0EdWMhs+4PrelaNdzRg0xM6XXqla80Et7GU1fTVwvj5rE+d41htDMYu/xvl96nJtOnC0UIdF0LC4SpFr61HVn9iK/z/1D1lXFRrd3bWxFQEFBCSkJgpEFpaUVxCEGQTinp7hhCBUTJoURSGEBkiKEblJLuLunu7ndvznnO7/9+4Rt71r3uta51XeuuqjKgO8ihkOclkdCK4JTx5fT0hwYYxIJlgq7j5/Kd/X6COJugumQ3l991DGHiwlhpsGmWL+NsAr4KkdOHLpvFfd6bTvEHTfz/wEu4Dkv+X+Ex/a0Gl1+3u5p5Ro+bs2SUr2IrWiNUpUD2J9dCI46vwly0fF5Sde6y7tFFGxU/xhe6yR6Ji31Px2Sp3yfEroAnFk7FkSWjGH0DpoaaF9AOiDBO/8yvPO+h5wQsGZc/GXl5W2j+jOyJacekvo4yOMxwUiGzD5a343kOHzV/I4eZyLmM0Y3+mHp+JP7ZrFAzs+VQ6V1RibVir1N5jxpDZmy/JYsIADgV5KuWGc5WtBSXXp7RyhgQXwsPbTortMiKkAa1piB7jiuFH7brsM0O7+x9S73oqGpz2Uib4hE4B8l6YM+LeM5cRowWxTSZ/QRsIFq2kd2Q4w8AbM/w7xysCG7l6vl/+Q8/66pZ8rvnS5JP2unQPbXGoq9sflpqnQlswAYH/d88k0PfZO99zUrGPeUU6QpIZrZ2tDzJmJKJrO0Ums3zhDbL+oqA4lvO2nWkb8i//lsOZ4hC4e9MEjl0Rpet/NxvNiWYmlGISpE8Hu4ImPORJide56fBQke1E1yIZR0ZPQiK7cjxOJwILDu625LKp7S6ojvkfiqwYYQdZAzAKBz1aNQyxKZGhUzBf0kf3AU9rBfmJXYKwuniwKZYenVoJ+wuOEGHfx9uLDkFktVMaytpbwejFYYPmO9uXCvuCOm2Zi+s3F/YyJkYFvstS1Hb7/qSlTGeBgeokKSnOKlZK3QNIxR1nlZHXaOPtidxBVp848vS+ghqjBUOPn9r9e9oY2edyf9hLc3Ff+z+hRHD0HlH87ftxmRohIZAmTmTmhS/CAHg5He71haeHCFxzOTa+yXzy91V6N2jUCwep280GZ2sWx6ILzBPuzbHkmnk73eJsfFyHCQmnqnojwRyjVOyzmRrokA3dhVtZI9j3d9mT53zDSMq52eEUJlwogFd8/lprISYEMWBj4XJwef1uzTl3DHacuicJNRyJq207i32q0o8EgSk4FMwzju3iVR3tfjL8W+UrEP1O8Xy9dsH0wGvLoZyxZt3MREBJdtF31tKWdUMX4xnsLArQQW5ufMGoMsk0lfbV3ceqhWDmHbMdDgD/7f7WAiQembtc1yIK9R06hd9UmR7K0pD4gcbsnWIZSG+D6SNrYu8lNU4m49K/34u3RjYMuKFQiplF/xNgwCdi70gg5eb8NbVYaSwlmHc0m7TUZRScmWhHPqbYZZbNAsGSPlCmBCs8rr7vErcVO9Q/39gnOh0X/oG/KNBrIRrib1ol+xOs2kQDSvmm8InqaDi/V3mqgaLgoQAPPNZvBbhNTOg+0VBIY8LdX5Xi/5C0qFPc8NFE0QnDkCKP05QvTbyhSY70CSYuYSYWY2LDfNN3OefsNa4KtEPXISAJQbvZObM5oPK6gSfeZFCPsPnOJD3mQix7838+fYgVswxzHhj9J2DcLRGRAk/GNIpamwn0mBI7wMp2YSo4H4xicv3kyS07oovFZfloBEE/Qp3bWg+ejL5YMxU1AbtTeZMS911KvBCY1Agtn9E7V0pJ3c2geLYWbn28KAab35PLKU1TJRSOZkGFWx1IAUsPfMLz8m62PgSaUl3tL86884fQDZ89VHj5O+FI4G/79L3CRnzu+0Z8RaNb9PEbBt+mY+OGo7QUI6MkHu1QTOwAucoHR+vpmHEJNRltN2ithyhvJaCb3IkX7ohEuzG7zP6W0IuDdItwB0JUo2lcF2u5Fh13ViMRm/PYzH6DZgaNRerlUBlkLitpSK1vYfof/Eq09iWfsLmIgsaCJLFapAsnugc1mkLWznYQpn8iQiPo2hsa5n7ICtWkyEbMbonSbLJri7ioM9RGqOhLSbTDothjPZiH4gqcLwuSd7W2U7Rd/ljiqMt6WjLzL4NQhO35GMsDKXA+oiBQfNpLsoPqVWmH0m6L0Av0FmKa15R9a7NdrlGQ6DE2ca+T6vCJ9r6DZ+S6eeoQmsPCW5GZzqmeXtuA2DJItSYXe5LXk75/qdV2HYPBtAxbX+jKtcolg+U6WhiHdY9E7FyHXmPqA+1zSqJUu/NUHqGCSU9MXBIOO3LaOPNCc79fApHx2zom4ySvuqPYzCx+jbZ1SZLZona4Z+h/Q10F4sil3uyu/ir8STcZNIe3oN2DUpWhmX7DlsLWl903TeairCa+2Ani75XsNROLKfcIZ1lVQwF/Oq8sSnNiM/4MbtD57dqCeii7yIa7HuGAk4n79/QZKsbR03MBHPGaESIi3Vbw2KCxPO0hovgU3zUcTF/iVcDrSfOiktU2DRHWmFJgG/n30N3T5cp671Umzd65XBkLFSrDF/6+X+9nVjzl2F1+AnSC6nFrSMvV6kWRcye9EItUBadQTKqbfiCPYFYw9C6MOdfeqHjULYP8ir+vODSl8nXeD31ipfcQ8TFkq8+KOXnr0YQJ3yJszocZ6GFaahsQCqjGyx4vmsGmRiGwkpMpMfUGLEtUKnzykJ/CAkArvAxzsNFhGLCjknT8uEm9KoqkAOydCd//6TvffdE2cyl+92RmAYeTtI32xDS63OQtL0pTmvAG5B50YZ6zXgqAJRJZnSJ5B8m4SKQvMfpQTPIZ2Bw3AOFa6oSCd0WURbdflWxcOFAXGROg4VAzvK8N2eOkfy68sd5ppmFjXUWzG9QRJkop8Qk3gd06iznVkdcu7HE8jT3UNKJ4VJQhkaAZSvuV2x7C9eG+NYrmWabb8RSBn1aebMBxNmcsaQlfJ/ZBuVRYCGSb6MEpcv7+I2ggdeNnYQA11um+YU5hSXBjS59kyQBR2Yo8s1Cr+OPUfCdS1RHRZxj+IXzj6edg19OK/kMNkIsofiYBE/kmwyDLDrn3efihgKDLGNQdP1SIAK4IqZ3CZbLFxUl2mrm/PuEpEExO3wP9+XRr5Q2/ftrt4Yuh+CV0kkfiNnNZdHwJ6Al97Oc0lV02zvB/53edePx2KfbeX7IPoVQwQ3tgs5t+L5iyaeXGd3YWXTd/brlY8KHmn9iVIWrYglT62f4QszOBVNrmGf7XV2LVtmuVikP1b8O2N2CGPGmICI0uUZl1mYs9PnVUzj05sPz3KH2weeSypslNHqudvf+i+cBnCwr/trbwF8GTe+pTqwDEQfNg8ZdxemvoExBiRAG9I6Ht5En3BeYLmVytjxNA7Hb55mBttHq7//FsHEfAoOeJ8cCdH4v7oNcPn+idifPzTMmgC5eBtrpp6v0Nh2znsEp9FJaUW6n1IcVZNMMosOqMLW+W/YsmJIWRj/YoMBYxbElwl+l4B92vCGkwSuNfYzts+bctE9nebb/AaqAqPnHd++iMsHAk3dF0wZ3iYf/IWZv/VBK+ZQUN5cFk0qm0PO5SkBcRh4WE0H1Mz3VRFmoDtQYZXCFGJ/Di9MzQ80N90tX+TVb6E3ULL/r7OsavHM7x4da2dSzleNcLBhUP8sVW5E/7LeVCyp2v3hbXbRNDZLmvNtA2aep1ZZlcauh2N3MWudS6WDozmkgnOtoqNIJEnJLhE8UtUZuBXkSj21rovsOcJt3a15FxBR38I21so2UmPZaCYw9oy1J7Bkb5LWpSKQF6UvZ3GLk+LU665UVanE2xOXI7F7vq0bUtZTqJlHVYpV/6oMJAVgfehvzfwsWBKx9PZc2BFnMQoQGZ8dCAPg3tMnCo1zfcnUpJr6y1IgphmScjzj7+zd9BsAuLmENfX5Cs9NGprl4PvtoOwwJzkWjexD9PkHtVuOZ78pUxIDZUI5Ov5JUhr+SaoZ/c4Pj/Dcu7l7hkeHYgYWREq4E+chFC3CqqULeaWs0DfZ1ZPRoFZMhJSz7fECadv+Pu7y0Wph3bXHaQ7frm94HuUWTD8gA68dH/cuLMiuKxMA4WtyY0i96pST5cZ6+lItZkPGByzxehTsTmEaNwlQ/O6iprUvuSb+KCzV+650wVHQgEyaNZIxGgxzoKP06ELv95+uGmKf+ROFWTalTA3b1VQgsPCZSHkxZ5l67fztOEUbguv+5BCRAnAUsmBlQAcTXgkCWXjCg3CjsXQ7U+TsUFDbvnY7QxZgoerkVlaHugF+gwEOT8s/tuJ9SMp99R9XIYH6vX3x8Jovu5MQwqVqHt9aqJ+QN3QAa/KYWl0eMmpW+7GTUiOsiw6CdbT9T6mSfSnEnu0ZFu2urHcsUz0Rp5LQvpBJnV2iw6cFkOQC72V+Jj7HFPKe6C7c+kPOf/PaCQCXLPvhDFM/ezqLP6p8qDtYnmyUT34mzi3dgtKuLBcSWq4uKTkH79Xsd+qtt6SFTNhUtIkCdM2h86IrnzAj7Wa2P2dXmuJbQ6+z+t6utJhtDE14iL5ytXYPI5n/12KhMbuw7SgWRmfCpMcihrTNs9QID2LKWqFtubePfBLiipnf3V6r7LujeKXrPP9te7oMe5ASz8oYljr64T4ZRuy5rocw2FwZFyo75Jm8GEryDUGnLqwSQzLli/EeqNwDyHarZ9QHXugmxXK29KsILXVpoW7Lxc7/oNbwc0y2TLgmu5dSosRJjDkyJZuaNaA2Q3qrJp/WMKkGsn6ANJSlWGwn8VS6fcPCZXByWQMTZn5xX/vPYI6mGjNXz6YTgX85dtSxGinIjIfIlxNkjwpSNesbFBpMfp0AKBFMTorc+k7b4MR1LAuiw9W1S9zuGYUm0VO+lFwoR3oDeksSKZRqwbWUvj3bWtJU9+Bo1NTzoQSMYpcF6fMtfG5vOMmj+Iwo5r4yA1aJAQ8TDtp03RbY2xXK9DmVChB9A941J8oAz/AwLn3zvwJNKPIbvYY7AeAeE++nPg4oHHIy4QNB281d508rNDpTtcw5QzC/MnxcctvjrLxfFiUSA3MFOBA/NxPt2B3/MfSXhUvbd4p7ojM2yaZRGorJhsccHN8YWWZPs9J8M3ubX6hoLeM6kcNaO+7oKmKu3LEPxrwG+8fYpyOcB8u7eRHmCVc95PvQJfxqURf94cQ+mpiOLNtt9yYZhG5SdtxQ4lwDqoqtoFaW7Lj4kc5TtTATyreVzQNFmA84JE46itt3XfSE6+MoLqpW6jglWjHBpA1KlWontXCFKA/g7U6pqFBUb6+qyOTX1X6nwHXv9Fub3K1ZCQiH0gpM1nq9EfNRmfZEzWiMnmtv+CbWZCUK4vGH05JhE1/D8EWJ3aJQnyy3dmOZAG7DDoG9fcp1L05RzLCruKljNUkOP9j1Tels+npK12xWd4CMzqEh1t6iy4fPOX7NDN4vDk/LvDZ95qNgjQPjvE8yTAuF/ryNDke0GUBYztdiyJO42XHVGadvV+68YKbuGHfMFZC+bwkbOtUfk3TGN/9EX8yCTURGqHE7Y4MIxVrFyjwPrfeNabECQjp4q7ez9e3yPRPd64pBa7zuQGChNPklj17DEUdS1qy3+BqeQ+EgcqJlwUHVv20uXUd4x1dbX2hzLWiStsGeIebSk5JtfSIEYJ7pS8M2KiM7ONtEp8Nfle/4b9d3zAvviw8udqZmAAMlWynPjAWUZRpnrvvHR/MLBdQ7xV+ymYu0YO0r9VZxQe2/ohFgEIwb1MA3zTW9jqBeHyvmsRuNhibU1/4d7NhR01hP1IVCH5nVzLsi7Fnc9HHZKx/bnxyltJ3KV0srSwXldIibV4OJBb4WgCbCxJsMxzZHSTI9jNB52VnpVyaFLdJSHrTzlx3gjhLMaeJRKmHtlKVpu2VQwq0mRVYI07Ny3Bz6xi8+17DxzvrkyvIyA8NTpZPvm3bL6fJkuF6JBtVru5be9ZkFB9Va6OoYvtPQsDxtlPxNbZs83aRmycpDlha+wDRdfo79lbPJubeowXD/3j/AmXWCQthIYOQrP/eavf+Dy8bDr3jx/3quHuosvi0axYhjuab6S43jJpsuqSl5oiSVJvOX5qpS2/sCjeqxIMDfiCpOdCPHQXAJ2O+91Tc7p5KhkqazvzoqlaHFiRo/YJYMGQhVZgtMbCpQbD5XnhV2sAXgoFvxNd/Uivxj+po9uoPzqU+j4CUmoRLcqjn7NX2AWQwef0SNeH8QWdM1skH0dBMuy+KBS8W2CCkA+d1FreoDwuWibHyGho+XkYgWdcOu538CLAHnEBYXlujZyB56WxoJhiHlq3Ypil+MoXK9yhim34In/oAGQH8GaoJlf/+NF+Ru95IctkECkv8uSX1FXB3KkdaHOL0geGUa93uoGC+EHhLCYxzm2lmDS5iyOnBXXPGM7li4gBGeC6VqeccXhhrNR128i/f5/mzcN1NhqzNROI2dywcVEkQgGJ6Ugsi6GNjKYWtQM22jJQ1QDj7JUscpeMSlhAehF5J/OVqGKrqBI9SOfy25x6I2rmSDi9D4NXrvW95rIDfovz1feE8vJhhBnM8aSNqnMFac3jJ5d/vIwn4WagGCIyTDUr64PWGaeS7Qn7awkX/Xj6BVY8oXrQa37NFbiEvX4QPFjD6VyUcNoxp45iJ0xp4YQs+eXpa4ZUXl3DUC+V985WJpwVTvMvieWXd/kCh1v6FYi1bglkGqn0JRioMndMqofIW36GRQI9hf7n1yDBmbM0Bmxp8UxT4ljNQToyRCFywXPAMneKpLFhYWE7tNPy/omCd6XG5CgFX5/nd3PQ1+cOy+VyxKDSoOnZRMmighrk8dqRMQM9cL8OXXxhjfkiVUN41jGSMxhwcZSytulyrrYkIsj5GtdX4fdxfVGOi/jm9qv3QKA0S8fPt1YFpyProkb5IggE3y8rmyuYch/OpgDG1Rrs3YJMkZFP0JecfI3rZCDGhYj8kynfvlwlzn0kPzbx/EtSa2T9fV+s2C7yRtCJzcaxDdO3+QpWaxlWDxLgjdbQcmqB7VjMtgNmDSzzkSyHGgga0Yq7UttntSuODtMk5/MT4hAB3PN8PHQQtRuoHRFNJ2p99L32s1+d3xpCkJiDVeipqHMz1H66DyDUhxfpsj5Q+sh2znFmj9Je7/zntzDBgDMTMqDUBwF9w0442moMT68PuffiG14AVMDFaoxrJIfYKJMbjZ22hQ8aqlin0S8ridsu9ohv8hr/5x3qWCxmXrWXUZZwLxMtyJW4xVzw/cGnox96xDtIJOSxNIar76OiRyTIRxfY+Gb/MreeqVT+ycT1nLOvftSV7ixJU+bQ+k1UvWFJk6khXdkOLTLMLFEQijphVyfCb92ibVJtNXYjpkzpcLq2MjgelgMxrpgg3ICVSMiS8sNuSTu9R8cCwEvwZqNpMh7DRcBN+hpCd0KLLJQEUzX6jpaqWmk3zr317UtTM39GYe1ZjORBkZoNEGs2pFPLTt2C+bBBMqHJOshWG9JifNpGijr0Z4p0qNb/8uP7WN56V8pBrs7mbVP5OrDOpig2AzldXuuYib2wYJc1CJ96o50gdyvCI2ODNhbJrVCzbTgBgtz7THkUzQjpgpq4KTfzl3A9jVWmaI40z827aLLKfenhmPBRaXfXoPjBNdZZCqRSOwQ/dTN991hU0X9haPf9X0br6oeiNCgqeJW65PgfEhI2SBMzH4/XMCbkb8fMou4tXNvc8R1TmbqXdJhw+MZOu1rgORcoXzRu7fT7xP2j1fJtZaFeuEwENUhhn+lXwXGaPsO5JlcYzQU4GyaXAPqGOhDO8eiT8RKxmbnx9kna16lSV+tDb5+W/yr27zr8HXOvbbhD3BGsrjQrsGBK9m6XKORpWLoL4gQNnjFCk3A7NOfEXg7O9zr3r/PN5c+tlRDZ2z5JATo3w/fTqh4a8ay5sUwIibDGN3odnwfpsYeP3gL/FBCvK6AOUSwB6QhIFZ+okmJu0fp2PR5LUiRlgFCU3prpbeNKZdziy6xRrFwqmdUywyE/+nVwZgEbZ2mBeJswxCVEmkvHhGAibl2aI5s7dFMjk1srUvIFQyhGPHQare/7bT70YaZYpgCcjMTn0+OJxJnO8pxyPBTp/cOpDZc90WJmfEfg/qgr3orL285fNcT6tyYu3L4muEo6NkV8F8IwuYjpCtknYIGRjNxm4xIoM5lyfxde0rty5btopqcbbZ/V3XSlbdlW4TXRoFwlEMBD9H6+W5Q2/miKM9nPpCb0pFqKN0u87p47r7WhzT56jEqZwyR7ghxpXyp+O4I4uzljwcxGkrS/3eRh02rZvnhJuCLApn33lr5rDjdgt5BE99Vk5x+X+nti0dLBce8wQNYcx/onJ8GwdI1ggacnkUStzUY8Gmhk19T/IgQ8GL0l7oyqUr6Ya1pVzxertZZqnRykiJYc1ACeN+sIaivOkU7YWmmlJNyYuTxG1WqZNGh4+TZOWk9hpyYZ87KPUPK+RG61AByP3EEXl4+8vJQ3KB1J9iRdgK6eQyuS6qhHZw8S8NncnGf0lHcIMVfaj60awZi3kUPQ95kw2LwbTdoHYMGWKzPtCzQEBowxYAjWsbMTtKZKrofK141c5SJsWNQBv62xgT3Y44D+BdUeiVXDTkwWt86CGBq2lysVvakqsFx8A0OzO8H5rMOWTWfIZO+Dv0Zqx7y1TxWrzpEE1JPhUAWcZrrv11/5KzwNKXEIsKY0MRVck2+2XR1hZi9d2f07JY/TUcDDBZDIAdjR1XgQQG44GrK6NzWJvZ96G5fba/txih0nyacxlz37X4ipDqFVhlb1jpyfV3uP3T1EpDlcJYNImNdfAc1L9FRPz+PgGymxeSk+sPJhveRqWZs1Z72NlEJ6OCPRQgpOr5z/0TE092s4IBC6pRzw/+v83IVyVcLRpvpn52hiZrzoj322KM5gl9Eb4rnKjHPQfHYwsmJj76IFfX0JfCXiOqP1QW2I/7EV74xdLb5v6zkfGIEPlHhfOrcFYlX2829ORkBDWO5cKOfZ2vH/aXmy12YyfZOmtzwoPdG0brfYJP7+TeuLnN3MSttwfziV4U9hfk0LXUlSdtEbSNn/JWB/Z6nR7H+ICkjd7FK8ag/zBzqEp5ePqjWvJZlfsmcHSPrcrXs/Vk6Xo8x/0RffLN0sKctteqZ+ko3HH2TSGEPBDOfh/LsY0bCX4NGBL7k7C51wzn6PJokOEx3h04cso7iXwm64wJM/HnNxqS37wsL2jaNEZkPG9zHvw6EG/dm1FE9Mrlgml26a8+oWPa0Ug7NQiTwsOZFDLssmsX/TZH1K3iQCSrAIsssDsTrqeuSeFXnLm1tl7phhbaXeU0TPF+vDt6bKy3cThDdVGuZbGkjGKJ5UXq0y3Xx8XcuG0aLKmRgtORfXiPqk6IArU/yX33pT+vW+qjnVFpth+jlMkl0QGk/dKIi3cVP1UwMK6Pd5zeVbpMcgbpsK3EbCYJmRsmQ31ODWg79lcfsZRCZVbgAR+T7/bVSIPz6mZ6idNj3+kXn+IvBCSpx0UjQJrvSKM586VdnfyRS3l18QYqFxFLm3psfVJO4GMeGqX254vbks8JNSDmUbUVBg8P1eC5mqx+Gtdi+pO74nW3cR28O+y6P/ZrID5jBgjTODsNH+/njOwySoxFyvY+rGuA/05Z+SKzOELPP7GiVofLT5a6NJcqkynL0OTR1yKLDi7a1s3LfI+4Bys9dYnzyJj0T96wHyxVpHkDQWxetnFu3IjgfV1PSdDysFTI9/6JXJh3M5lIbTkyJlk2folhw2W3GlghZNTg/bK0QCGc4E1dU+OVSecnsOhrv0/NDCboht05X+WfdisTyiAGteyx81D/2nkx2MTG7RcSLILJYMBMd4jnr4QXKI64gGz/QBODRWEaM8+ROyTp2v89tV/+pJAB5tWJma8Be/E47bdPiMZyYLih4bmjjv8h3qFa5qGZq88YHWBmYeY2cNntM0VuvvHbu2Ms8AIDccGJstcu2RZqNiEMsmWo3mQge5ZoGHpp2iN7sS/+z4kTvfFT9MG/ogHGytXxtf7nXQBy0PcUShvAb8NlxzPS4X83AGh9LwpopBVP7iFv5s+GzCZZ2G0pmpMiZ9n8L+vsm8TYbNpB8hSdimUROFQ4RTODbInQDX60ogDjrtHzqsANFcnnT1ydqM9LxcN11LkyqqFv8VecmgJhddjrqD7Fl/LyVXmCArPmsYLx41h0gnMe2fiQuLvBAdKbd9qqQgJGzRCWj/ZbgK8+lR8sk94acr9MTD5vtRV0Q1HT1DPnjuosaeNZpQgZjiC13z0L4ISUISVhfUuTy7sEapn6S7p2iu9FPJm7obrByZF5dweDtMqtJLGT1+1gicxirHIfinvMn9aCBiFPDRj6qHBqYWr7e6NZ+Rh7gGzXN30S6t+Lu+Ev1y3+C4zCBuLKtAfcMaxdH1CjkHJubplfN8vCW7TatvBKt1azb7vanNofUvEDrVZymAnMBD9qSasrhQd7Jd5RqO0fp4iLwuIlh22v0jTeedTatbIqLsW1120rACJgKz5PRWmwjVzSOjcp6J7iOyqvFcwRr57RWwd2/aGgU96jcgOmqLpiTqmo7BpWduSGeTauxU63COZhZyLhjV7KvPmx8JIrAd6E4tu+cU3/I9kJ8hBoABOU+C44ZRCat0+7c445xuslNmR8XL4f+1GbZhsCMaxlaF49/lUNvZRBnZ0RBSRLcRWHrvXlBNKd/vFE4uhqscxUiCn66Bn/TuwjsjScjel7rcaGSCfVGh3Lbbs1W3yqJdi7g9LIcK3V4rK9AMStcesKkwN6WH38x7kLHNH9oBBJyUtKbAUMxnJ6rN8XEly17JXko90Htb1T+8Y5vpSqOjvetaV+ZrrUFt3biVnZUHqFLe1PfbzOOyPBMqxrRPq9ELY/f914axrk0DPbC0RRD5QPM20UFYFZCa1IF/J995G4CSxaU3psp4pU0B5qDjdxJrFe8akPndGHUttUxLWfotAZ9ssXzoLrxu1Jqw+eL8UQtUC+wImVrSGD3ABRtXvMR3gmBB99m6+FFroGpCdSW2p5tvW75N31XgW+wCsYaFnsznFjfMO6j6HxJ26pZkMlojQNntIa2hE+qHJoupvDYUjfrN3WNJpOlvukUOGLPZgFlG5uNuImumi3HkEprEYjIiOuov92P57k8DO0pRPK4uftaEwbN5n8SmByfYKn5PwtUlCHRf6Amgkb2a2v35aKZuFmfCoOmP4xiAl5EpwIAKgl9e4qw+iUNhuN0hlxBiXjc9R4AlDqq+vG/3bmSw0GnOICS09MgsszMc3tNXd1/0+Ux2jFbkfjJrJ2Qjkr1yu6Hn5fuIznI90jM6rs1z++YA7YDkCCIiYcxM9ZO/fVxjt/esCIQCYZ2tS2NFk675Wdczh0XMunWyV1v2BMhCXzhtM1MKn2CqrUebCnZGS9BsMdsKbIEny1/9AsIKG2djBdR0K9Wo1pWwrLVcSgx8iI9AsJTqbC+c7dKuB/DxRwbPXp947dYPwLIpyZ1FSl1VBLNYz6V7cwm/H6xN8y+OLFgvol+t7Y2sRJJlbMKMskhEFSJ1n1z3ACLf6n7QnApICyUyPOsS3an0AdLcuVWQIJkRwXZLPWlR+v1bXNau1t4HEBLCs/bygP9k5eknS0Uj/h2Ya3sKWLKcw6/odbPGrFEqfez6Qwy5/uZaJuJgmQVcfuWEIv0KiSqWH3t8D3zuNtXlPCBLegS72TmtLdbobsOmbXO8dLBf73zAKDoaSyZhhi31+PaImFHTHTojAkwyo4ty8FKmPx6ODRazi6IDE+gpnD7nNwlJ8m13tOivrYgr3LH91D0e10NUnak9ho9NlGNmLT7MXasC93lEq7wdoA3KOMlgze/626jENxJQ9y8jEcRKITbLd/Q1AaHN0EmJtYI64F1GNGk+8cLkdIyMSV0pcVlHoIfxgjLMbjE8e2Pil6mG7G8NFI3TjztvzvzBpw6M9VMco3zjPapyaOiBlmRuxJ3uDNmm2ua+p5B5UkuiMwlYWc0hN1b7XgJO1YuGVeYuPEbdahGvJJmcSwqDzKT/xgxmXD2vfKc2fVEu9Sin2XD5yYgiS9cXEdl11J1Hlx8yd9Ln4pL/CAiDcOC0WLDXP/VlN6YXCucuqDvj1+830zkUrcST8R5aH3mQcdYXV9DALB6PKpZRv5mPW6eKn3drNMLMYVPO0kjmor9YMK+1AqbRKpIrkkyKBlaizzAwGKiiwmKVV2jxNwWzarP3cYlqBDQTuuhPJ0zXs1TUSgnchPW0B88aDwW2KYamInuQhu8uuUzSTXOM9uT36Ih3R6BlfigBxYj8+eNTWVVaNQ/Cn705FjwkmVt+NsJsrhZXXSnuU3Yo+Xtl3fJ1ON33DaYwh77QOncP3/oseNxe+w8Z5w1TzGScBcCiCCReauMqajjyOBi108+MtcrfEPqGRJKuKeaHEms2FeNtN1txg7ILM0p45MlKG5e5G2choVl+5irZU6aIf6GyF2uUTjyQ5ZvVZZGU1FRTf70Ws2KLNrKxSN+yhDiASp7zH+cc/iuBtZDCddIzIGCkt41XSZs8e/52dIQUJiEvCRwdg6LujjtwRKuBEPXmfegRlrg6CWUytOutowmpqbnqMW7pt6zl/VTh9AiKbEqB9k9jxPVdd4xivOkT9cE4ZCmH8ziZMSM5jtodywIKegiTLbzsumS96pmnNIODqjszpGYwdV4xiA5eYDe3z+nmN8kvW/VVmRGQMaA+GnV4+v4kjzw9pvoILrjU/XNXdF5sr8PWXmIsxt7NF4FvIobVMuwPmzE85dqyx70wXjuz0YuZH9pY5fR8pn/YfqqbPumDMHaFBBeUdX09Syp2razcud80WmYrhL0sm/hqBCFRhk9s856FdsyfSr2+B8XrxJQ9hbYT94eC3C2qNCypgsiu80nqnzQmrZoOfBsKPrFh1yEp/Ef9a0Y410ofouxpaZD+Nti75O5rRElI3FmTPojVeUab3IAXOqUXXc1PnDH9fHqrHPcA802zJgtLLZkUkvIU7PZr9HgzFFbY8Sgi/1Odj5PRYnZHWxOaOjJ9I5mE503UP8YfdN7hQ/W3smlthe5pz4JzsttPq+ZEd+EAMDmbqxgjd8b8tsEHjyxsqOR8Gulli6BO0uFL87jMv17WfhlOZpv5f3Q2W3cUA1LvvyoY9fyVm6QjLZgVF23KtY4FkI1i91WN3wPoq8T658Pk3r0TOeQNwF6XacykGwel0/UPzANQj1ouMVE0retqVzUgBfwXpGc+6JWjDq58mLM2J1/aNLJOIuEZaoZTldoC2JkW0eHWFZzVmRNt+0GjQIV4OvU/f16dlf67gGG5wts/6EsPSVI7uPumP1gvZQa0e9KgDb/I9cHOLhEqzLGTopxZTxCENSAsn5Al2DRoQ2uTxz/sj8v1IHwJR3aEKwQj0yaGDPay0CJGt5AaoKF8SaRi2pQsfmz4Vt52RNlHputtZfbD8rPkL9iOJKddYx6fGrFpZvEf4GAkNVlGcxd25XS7JDntmlAIMIO6W1zr4VRnSnW3QMeNVu5mTd5vlEGIuJy6j7PDEQkEh/dsUpQr5kZ6Nvf9OnP6F41xxnP31NoduN6Bybs3p2bOOrRPscH0yeLsGzo5tw3N68xfXBB4BnUsnZtGqAniefJwg2JnxBn+191yKhfGmqmvZXS3XefP0x+wlXcyi7D43JOdiq/w+KEDWVp4O1aH408MaJLttlUcgVlkcvvVGDNtXjjx7/03tSjJeCSM8t3yVclKhXkzs4OVm4I6+VRpWgfEdMS5BHy1yA6+fGKdBiJEG906V1gizH5cdzEKYFH7hjZpnjKdPM7aF5VG/TektVM45sc60Xx+Q77qsS8h6lFOuNhS+WRc+sXWa6TxF4oPtYViRsf1C+/lJAXsnuPoj8VBFC/RMoft3asHwSeTelUPp+1+TtMA4QTG3LlnwyoTDCPYH26Df8iNTX8ztxcQBCEvRjTEObx7teu7sv6ihJa3B0/ZTPVnepVT2uXbg3QsWR9O6cGeqVcpJs+6Z3S1vLsnmUqkkJoitSRByUGa1ciZ7bEHfJwhX/aDCBLeaKWTjAPw1XtFD8VkJl28noxpC/2LkjidWUeWnYYTD+xI9GHvD7/Vc+rzbP0msVab/eT99YeWXYgnmOj0gYDNK35tfuTnRFg2RTJI8/TwiAGjBZ9UvjKjPNhlnhEWkl30bSsy55QvkVieRv1c+b97T3TH6/VaFbYlGIAfFFeEpbrRf0eHVLIgk94cFN7FkzqPc0gdgzamJoKSzB6cjcvjd+HLbbT+gAx/WB157rlYTgmORwHQIWttQcjPGn5DPw3z5h92CDuyBR3D+pCdF7mGIfSPwSCqss9z+TQ+UZtK9myhLlnq+bqcMf6Ku8xLT03HVUXo2MKo7175oDkyZan2ITH7UmEwUG/oO088hkgyRMEDvTriYUf/wH38xt/X0J7ORAeb8fk0K9ZqlComfjEbDpx24heKCnQbKJVBlJGI3cLOqG3I/mErz2C6MGbndDLVWphby1o9z5T46l6EZ1xgIWpzMqr50BJ9NWODkav1LdMagUh+yFDseBAezyspFnzVG/jERGRYS+GRDrTQmc70lwdjaIio93twnpI1I4vt44uQLoBb+XtuYhMonlXnTSPrHp+g57n390YY3/6aLJXJK33WaOJEs/pHq/81D2ZOtseGNy+iGMC6Ks/5hQXk6Xzrlw6NFgjnzEh9aTFNItVBkOZbgE2aiNmjGF1BeJdzqlV17tTuSiCYC/uQ0wjfd+EPVBd3OkgO7XKopSg76B68KNULaMUAOfWM5LXO9QTnNc9/+XjNIyCVjTgn3m7rxAUu35KducukW8ZvAGO7ujDCvkeyFZztuLFyTGnHzyLmtqXU8hvOr29iQWEe19/kIly6WB+iU0n6slqjgpEUPph099SeUHlR4YXcNkug+9b9tnB54DOZ/IgQkPtp/WPHLHcmbzab3B3Mv0X6qFafwsJAuV+MhOAJlGKK26+Nzj1SkCMrMZ+YucBAK6CDs3ZFPykZdiyk+G18Dv2bJjfBou7FZ9Tp1WJLg5g9uXaz9CVDu0iD3UEtZRhYEiMJtJ/rdoQ21xymZ8xddqjLAfHZddy2hf2Pm4SHBQJvu/H5bdBZDcDaNkQmwMIC7ryt1gGD9V6BnDPu+g4pqR6tcBI2IuMTHQ2/PUrFt1taxpGTwBIqlt6lLg9jADgZYOy6JsvYopLMJjv27FkhxcOqTHthMSGixrabkffgv8GVDMhpKhAv/AgkmqqXcT/RqJluJNJpsevAb4Ku/Xxr0E8XHtgvysOJKIIkl8vCR2MrXzb0WXblLAOBVOvL4f1zD2OlXu0maIrEHUNWG5md9892fPJB5HrXM4Taj6kWLp5iz7du0gSApx+UsiiJVmONFpOLtcnt0odaxjzc984jT0ursbSp2EYUZfBAnp3OUWYmU2tfpXJJK8Ga46BaJBS6O7t9aaA+S6uL9cThtA6jELKg/tChTNJ+hdqjvhYNwb2xbkT7gxTJBw6hj0OQ4Ipmylf61qZVHm/gmN2htwna/CSFQ/wLduGK+fJ3buNbKhFAUtUrwh9aCyHbtw3DftZyXz2wU4nI7975JHR3AgtSU3II4Be7DjYCxuBe8Hr2pQayP/PTgAnnDAm92DH20rAkjIokyVZ9uRljk6nVV2TW1/VT7TZfH28whNGcsKoBOZ6jfXiwrtkVbvB9eTVIs8SRugZEXeB2ms0CqRABTKagF+oosxwMCvTYvBFCNOMN3Xu6Gae9Pc+2BPIjax9mxPfhz5J1XSWbR3bQ11hyevWNbgx6XXXu03uP7Gkplr/9DOOeYpT3ORRFqkuZiqy5nV9F8w+mQeAv9Fj5QUFWqbjuypEmHRwFz34ywxuOK98MmJRT59fS2H/SHOajJz5pvtzk6Y0mA/ZV2HZVLVCNBgaA2YBEJ7BTCa9EhN/2Fz1hutSY9aGQhJEz7LaoRvXLyY+XZM0LSyYlmTxUlrWNQoblOhEwyLmSkq2/qb/zJtQV34MgVxr517YEqZrm73ax+NAAwoB+lBRWn9XGA6Q2IJhu4Ujdqo+jmjlsG952zrsdv5r6sRS1iVyrRQad9um0ruwi7Har2LrHbVm/SzQnaszv4xyXB6A/wyzWo+Hhfits79L3NPvhYtZ2goX9GfpVIcFT+9j+zqJtzxS1tP7NQei/qVf070DGDjuwCltpnX52wBxh6yCEYto8V4nJnC15hY/E7JC1kYsS9jnfBQr5LEtFDOl6NuXk2IHYsvaU3TJwp/4AIBmOqI/mQJgUh5WMjcSEs3Y2XhjQxZ7O8N/vjDUkgNP1BP10uMbH3T0USxD+1fdxGTHt4otnOVHdKDRo/WMWdSPAXhUvpHEbf7BDRX+3SgiGcYO0nsBAjqPHaoieL+AMVbtHhIVO4WQnhworfo+m7kPTZX2MTrqJWhxHc77zlfRhU16rJTSuumcRl9yu1+c5166pRmJDkXgQva2t0tVpfkc6677ioUSiu/FNzLNvMcSCLwNMOFKv7326dIvXNWZ/u99zSeW42RR6uGoVPbD6kn2xVKkkDyOL9/i4beqs/VDN27PVuo3MHeZG8AdfFAT25O5rPVKK04QRh8Geyby5RcTqK+dfhXsd0tF0UN4lfzxq42Yx/j4+s9D/R4M+QKUnwOHhPUE0dcaZFjWRF+XCJTp769nRofjMIzYdSyRy+dvPJJxBif3T2eraOrp18LY066T00noueegl8R0pkQpUmhVa3qzMNbkJxuiHYl3Ht4tMjaafrppciP7MEKe1RwAzsQVk6umQaB9Ml8sE9+lCABmAaCmCBQa9NYlR0+VOwwO+0TiGBaXbHWbCGhUx6L4wa9vUcVVbVRvrEHA6vwPsJq1zsIHGoAUsffTW1Oyl6cttM6HZx405ik5snhEmrHUHFNvCvTBWKijYBURWW04+/Aw5wpQ7wJ1g6LQL1JrZjdJ1sW9frwb5ViU/+g5g1meqn+g+hwO+0H0Y9tI6EFLnvPJGjFX4SscTWCEyILVQkRxcAJwh7d51NZiFUtEbZLXhsucnlaNjHbykZPq1k3NUwZwkEwtlnPrg57dH0bUq05RhPeTXzEAQFhwzUMcAHPzyUlt7+gDxpXN5PwYvjuKcu82yTkIO0R+MS4a9AIAPJ6LdS0m8rTtvVEGImtqXCThORRbxmKkGoCWcQ7BDRrPd8e6zJeyhYf4yJvEqfndrBWGU1PU2Za3sID8FwFTlbphuoQXPLOpscxwHtBRyy2zbu3kDQD9t3wjdez5qZyZXMwlPYFTQIj6BiIE03nMdA0Y/r0YwV1re3nZFrfdWU/lonEvCEz+bYq8888UwPOZj+uOJtPtuuybZ414vZKmo27zNYeeVlvGMl5wAJDszZDDc3SsTIz2OVhPthif+ACGX++XzLnByJ8whBwpUJKv9ktyOOmNsOOaRodwbsTzbrLPueM+SYL9dkVMB0+BOiIexGRixeZp5Pwk/sLlM+g0kblRW3NvzVPorVf7tQrp5jXNJ45rU3AsXet6fqPJR78CsJhUI3CAt/i1Su8Or0mRGyt6ntKGUCQ/ZQDCT0SRxjSnwkrATZEDiXTnmsSfpkkNgSJ1/AL3Qo/7qTnoWNOgW/eOpp83wSd2di6+uq7My/FdDEIUifXCVR95/eEpmUyMkO+ecc5vv3BHzREQHnvXSFbgN2wKv29tqVIOwCrltCBRlWNicnS4VDOklF31P3xEcYQxqU4c7/Kwb5t/lKTC046+gTWNxbZJ60ptXtcxCMm0zCozWxk5ODhd/LUvQXFA5PnYcyUe6raAECm5sm1znLz2uPY+fVzynVvh4r8HazRpb4baVNmeuaL8jF+fTs7+8mN08Sl64Fr5gclaEUR0zmBUcHv7h/ZQCQmBrxJHmpzaf37sUNymEDwXldF5f6tu4Po0ne1M7m3FJqkZnmf0usNvh8u/n+VGEg0hSCw+YbUYH6O/UMmJa7oUoXxAlpyStRYcfF6x6TMjO3WseKECTQjrbOB1y/P1Zh/T9BfPr6MELFWpbvoT/azyHI9Gfi+Sdvgm8kDHYX6ydv9P+YdHAPDqWDRD+6Ju4t67V97nHlcwKrmza3UeEoGIgvv2z2ucKv3AuGT+1MzkeEiAAiq3WxHMntZbyqkAwCfS81i5lHbC1KlyZ0HQ6ayIFpwXmQtXxKqtvNGWjMx+w3XUZJA3i1Uee+XqHBbbpYfHE3v6aFLd4stE6e+FDSZbgO/NggIeQlaht2eyibt/WEBWNVf8yk/Va+ojFbsYnENyJV9t4FeKo3HjhFHeAvIp6ucM+6FnP4mNqJpyOB9kfHVGyqKLJ+Kr/XJtpixUseHPkjJIeMQmVxtYOOhhH3N0qbYG11+7d5UNyWBl2czyp+m32K1Iy/18CPK1QhI6xsipwsOOct5Jb81/Tk0wjUxtZ5AMTng/C3rs8dXMd+7e7QDT2DyCDXXEqTkM5eeE2Vj5cLFq/mPiJfGpGECfura2xogXKrFIfX5SUw2GCjKQufd57fY9WQt6WvpjjexRyW5adfcu1kWLjY+PgugnrKou/tqKOcM84SdJ4BDudrmeJYmLuYi8NV9AxTLL7ICqs0y/4brlxDpzlMYI7idcOFeos7itlZ3LjwrTNTnQgpLtJsYvFdHocTlaBBTb8CrpDO2uSdcFecSq/r/LA667z0+fvsuxDUDxP7/BFPh62L3MajnTc2hcwobRHOj9Wdmk5qRfaxMVjIgEjYigYJx3anvy5BKFX9tzVOnKfBewY86+h4d2LlT8sSskHPgViL1k0B6juC1MwrZBe+jJyXE74uZW2lVJvqV23zw4CQb6k4/SmzelmRbXe6X2b7mjlvDL64BT4r1LIdsE9x126QNKw+vjLbJtNKtj5TtJ9o4yWJ9St7ZebwdHZFI8ObyDA9BT5UUI1m6m4BZmcnnJpin8eQCaEat26fxrczuRPQv5A3C99aTTKB0buzK6S9SA3xzIedR0T7988wXtqs5LCsB3yZYc6u9/PJt955VLclEgFgT4ehZpvc2pPP9IzLjLbl0xd0eSvLDA7/XwsW5ju32t6vS0Ds/Noukh01nVU7314umgqsxrgBZy+pBwVXwls42n03NBHTrkLjn0ZflkY0ZE0UOT+NKCwOlxM8by/U7wjzLP8SkZLLPk1GxpsSUCXAXk82u3gU+tIEbb1v3NdMioOcjHofsK1pTuYsOapwYticxksh5+f3xz75ZML7YmtIMkNqkogc83lLViwRebNvPikcw+iHifmihYmQU30Ta11eskia+Fop4DKatF0yQCwfsehT6sQZGmKSSarKThcSreQ6xG/Ktl0sTXZoxmB3BrVi3RI/rji3eB7s8gs1LAPr1f2i6y3RLZCPMHumGje3cxL0pp3qxSnMurrX4ihIs2W1jXHb1UmXDvle8FZmzrnQO9kpR0q2JRBFdUYSq7/b1ffXJH1d5AJb+hFw7oiUWLoVravaq98gdNmC8wAqZn9I9/h+4mfw4IjuQ7/SjcCxBbLhWVeva7tGkzmZODGW1MOl/4xOrj8mCQgfjYTCmB31/TYjk9Ia288TLxkcixUzpVOZgIEnHTN14V13pM+q21kktzy5SIgFsKar/hZkPc4+lwI+7sstOoNJY8307MyYJUG4IsORTZA0kfs1dqAT5h73uYc7bOpzFGUNurm1V0HfH2uP1WNkJ88xdSgJjxDt3gaAjB0/U37odlY3CsJZ0XpYmaYz7LBVLG67Wg+ummSm42nicY359Hy10iIv/phjDFZDIScVWsN0RLd04ia2CyKUb3l18pZri6rYsxX4bx+eZuH4/f8uvdqjIS652CvrLSEhXhsFup2CH2bsFT+OC3OAiHQSSx07kTzGJjE4ycfMRDCljWplIGnm/m0Rh12SZi3L+hh82TghzljVqbJs+vATL2QmQmDoYbfmQyf24N9ecerZV1z/q4icQhZ2k1AOTTyk2/AZVGXSN2B/ktScZqKbRkPGFx63uDxZRWzdnclKrr4/urmg6NP9pCZhMUSQFfjSPRJBt3kY19taZG7kl6qOo1xDPr4Ws5Ln48QRb/qjdeq/1EZqY7LEznT70aoN4hbAKKiQ0Vh/2aw9PffvoyDvCrcUVH7HjsfYtwHMmxXfLl9Yy4CTRs21rpxAq4PivbC8WQGLefP8d/bkKzPPiZ9pJa93iory0Iy6401ZLwSGK2/1xeGQukWoYRiYmOdhdKi7lbyd5TFGBkHMGHX9YcVMyVUxYc4DDgeBunr+STUGm7Hx4NwbHgXIg8hI/xcORxDMoLpFvktCYvEsbdD+tG3z007XMUGhyt6CWIFZwU3FCQMRB82CyWDzB9KJvAYkf2iijW9Gh1Pbcfwc5fBqS1qG7iuqKqriP7mrJf+sxY/hjXhiQTYDj9uGnuYOMyNqFNz0fTM3kgEcwyLJ83JOVbBXHMYixGCtGkTBaowtfD4ho1IL3uQN9KOLoug146Sc5t/8k58qpgCmSt9PekpUdGRl4unJ+5Ti1FxR+AoGVGp5ianLLXGZlcTLvIjPwZRL3cJFv8Kzw0O4HfJnVB4WbkzfCzK4JhOiHoSb1cC6W8asDUUOWpjYTmjMRmnBwTJA1Gm/ooFZVdmlm/wES0dFz8+GY0ELpTd8bTV5Iw3BE44VqfN+Nf91WbTfhJHxCALmpotQxuWe3bDF1jvfRWqw+bT/oMdOMkdXqk9lY2IczF3kWhBhpCVchd1urnk70KXp6fkwwiccK/xXQJ52KY+DbNNE+5rz7zh4VZ5PBj1ZsM7xyM4BpI1e6sTnUpDCJ6CycQBbZacdWf6LKaMBa3A9Yp+Q+D4+WoJE+qYg9qXFpoBmcTn5MC3arjx6wfe5KN+i4DfyuU2cwe+twUdxpNW0klqv2n6fvRG8+Aj8w1JOcPz/fH0h6BsUBWQ4Qm17FLRtX13k101tyKUqzbnDwzHijNjqqa4od8luo1I/U8ZD1pEuVAexIz2ZOcoOUmuUEcosievqobcOwHzZ2s+tQUSuK7N7gisHtVtqNPJ9dUt+Qbjzb3QLqOfKxsozf50aa58+hZszy1AviV+U2TIfFqfjHmjtPsCLHY2OsyPx/fGXQfKGwSfwYy2izFaVwJVy/KXRh0IarwehVDq7Gr/rNhp1/f8wkGbDWc1f5O8yYpM+sq/4FBC6axOs/KOI3aNoSPRSkdsblxkSFG699StteeumO/tWz0x61as0RLqCjTgME3+nuRv2b8Wj1tV9WSP+4/Rx586ShL0fAuuaREluxaWV3dn9dyCh2S2PN+nBTTPqn04wOe92ZuVU8b2G4YthwwEADwsx7NuZaIDNemm2g79i4DbV0begoNvd1p/Jcr+2O1csYOjFdttn6n85touuiJJy4ljxdUZJ7qUZVpsDDpKkO1gzUPKEKVbaXMT/7k94RrSYF0oqR16zRwMezJsuWmrWkyAzmBKOCbO/OzRyHdNekMbezDlvUtFifXqJjrjgBj9gaVJ7kB8OnFtn7o1N+P6husI9wQFKqJh7W00xWt1vJwex3oEVA3gbjc+22Va4i90nKcgVFkFN5YJWqH3zw61HY2IDLULnyM3wt03yPzN2LfqdWtyBP1iAdpibVJsJKN9+auY3OHHlqKmRCUhMut0YfxbNWW47GhBBvM5vzcdys0hKzW58l4m2m+j3WiYYTAOmYlopC69f28BG9TJyNISzyN35kEt0ssqbNX15afuoEo6Ms3N0qdEduVkD8aIS178EbvoRM2ezTfjUQsNtPQU3xzYCn/d71U+nf3WVGHC2mQWRxsuYvFuUsdeInPVpULWjZ8uk18LVxBZ2qcqMZYwSWxw021AHfX4XuhUCiiL3Ze7DsoqcroqH3LVhETyGcvJy3h14EZ2L64f/6IqEBVRwEVFXVMf/Xp3rbH5ffUUKbmq2vHck9If5sNjj/5XoPOXbIz2hflphSeXWK+X1Kq0n7fU2iezPc5a7mFyvfmW4pMt8BRmZi8C2mVWFOfOmma3OPtBcIJRWUwMYVdBDGdosfPZQrdW8JZBkcLUt7jqndSCb5q0gBNhsOGgj260/7KIJ9BxZMouTl+zDq2J88k4bS/oxdSNXCTpDlNVTCIqTxzHy/g6Qk0xButI+1emWWuVD7kAKMuMX3u5/miJxa/RGS/JBguLondlGnjSecZ7/TPFi+XfDHV8BuSrRfVciVkXNW7c9Q5/IusM42rkvEj+Wna7B5eHpIDUw+j7uL6dqp5TTywNR3+dn6lEFPEglFrCQnJc+dzYeCQ9HxugsYM1DrLZA2h3GfRCT6yhj84Rhu1VHGffccUH4b6hPABTsXX1KsqdY3UNnCRJyAYFx3/4Vq5pu+YZU9yaNZF44LO4dQT5N/bonRlC2jrLw8S8TUOJxW0D8vYy41MilhThNmnWRfFGa33ppCMR+zg+Wqja6f/bjq0Cqw9TDOBHMSd1/y1yvuDTUeN26+20d0jUOHQq7oh3edB/5TC9XillW9xwwzJXBJqVdH46+q8ls/AymIXye96UdWur1SUt/01DKqgetA9XmKpYz3kiHSjzHUpBkDZj3lEMGXtILI2X0BIttdCT6GoQWsg4P30LPum+Pz9q4YMYKMCdWnPP+jTWQXX31QCJAONjxAI/ANhh6DNUiLFiDnGu0BLeyQetZK442+Ll1SsI4ruMndlhldWA5r+cqkeJp0wgNZUduEz35CV2g0TKAiD/MxY1fS16kLqAnncnLlocbTkBcYFWp7Nuv2v3ILx0EiwOszzETdnyc3AhFp174PaIC0NCnDaWw7EJ3Yrwi4Z3B+SYANFH+PLSsvOXfoEcK/7pX7runehk3dhshyjWXbl437Qx8YQOretfCaMbcevqspXC/lud1TU6qlwTANGsvH5GzWXgZo3VXivGECIf2lydH6+85L2OOJS8DCBETqRggxini8xOyj/VbAhp1jUa6U3uTevwWn72m4RlKLiL6gApO626mnH3vDfPDL7Yej+y1334NKxukTadtHNywvboyWjctQdyd5HWVX2Yg/FPNPQGbs8meTNo0+ixaRMf9g98+UDUMgaH+/LrynMRn5MEuZA3aDVWmROPNeDohzuzUDNhOGh0mUv7ZLjwGbrE4v679FSh+KoQNTGmhQwjhYwe/P/6noPqCi2YG10RFEECSpBAUkOkkElZxQlSk5DRkmSJYtkFRQlRwGJkhkYck6CgmQkDTnnIUiOA393z7n3vbf+9c5ynbPO2Lt6V9VXVV/t7t67tikyg45K0r3QbEuDPVRAeqByo7WofFlnWnxzK+MSg9Z+9Vq999O7ow4KHUAWGlmTezjcTo4YF7sIrycxO7w08648140UKddhmXzm1zayHfm+boHN68+rDeq2wEOAroSvfUGJrjTeLef3VGRnJAb3aPpadidG8x26yjKY/5N83iyzirj2u8L0PKfsvFoVbCCgz4f0RFLDWRTPpHTJNPhJIqz/yZiBto7bYfvW3bZgyotXSQpPGa0UfncVm+7/GSX+dYkhybZu+w+TcZWTezsnM3STmrIaHs1RZFRj+Psf8G2eYfneQiIRC7P9ruLKKHw/Fy2Dt2+VUCGY1j9rSuDHnFLsirU0iVAqpd5gXvWtO2tvj/CunzAude4GhDAQw1btj5Hz1J1JHrLUo5ZANMBguR0ZmEAocxZEbeeZkVoIylG/bBPhZQegr50O88tCrrpuRNbSztd/5oRlzE43jbDssn2EiENi2dH/ZMm6hpU37XVNheE3ss3Zr3cKg0d8pj+q2FvDch8glglLwMnlbWfsD/dKCCKmTFeDIj3CDX/WI12ndszfuuUkeHSADQQXR/27wZDWwIvUO21EMPDr1Caynw/EeXxORDh6Y+Cz7AJmG1xDvG094Y++f74kRbPHZuBl8CdRWCUyDDD4z5em61HVH1UNnhIwjGbsM39UiukWW2Rv/85y/nuM+RNDBacZkH6nxe1FFilgZYaOs9+oeJtDPimAj7LAo5UJkQXRvWLHl2SpedjkqA3bIiScxNKS8rYSij7zwVKxXwjbOAVm14AECZ6gCIu8i699O4a3TcLunmd0hkj/istwcU15SRvLj/zN76oytLA+R/MAyeNmqsIRrX7odBepkjk6hNpe3YLxfeS8IWuuoBU8uTyvQjtbu4f61AGk4BzfDrxIHTZnnmu7Ac1a+HvZqGKVJTrEHNhvEB82WT8ZTcr24T6WkT9J5rvVWXzi8OcqSKb9fuXWHVMt6k77NqIiPFKAYg3tIa+nKrH7cWj4NY/8xf2QX2+Qu5Ud+z+xNhZKrA8AvgItJ3AQxdEz2VCFQwpdx9fmYN+k1o8w3KK5vyre/5neRouGJP7/nQRX4AGfPnUkHbPQCPuy3ACtRgT0R/lBpEdEJZ6Slmah94NDix8bX3tPLDs0fWjD3XvFj1vs6goAoMSWHQNlcpj6LAHvzgLBwP3Jy/nli9WzdAiBiWa3ciD2snqhriGuhuyw6cvkuvOHGPFz9/cRy0+aV5rSAoZaYsRrtgDuBjO8YKneW1PTEB+OlyOHgR/HypiUS4d9Ta6eojZ8cstOSLHEmuCTq1t3/fy5PDVshlucSPLbzNszlSB9Ipjc1I/unGtp3dmP8L7eBI16v2gs92zTUYfao+frfkFwy/VSMZOntapGl/xEYyjoHrZtXSGNG5QD96h4c58Q6cae4rFzma5NOZwcHrKCLL/Ic3l8mJMiDC5/+HlSUNH907YosvYFj4EDPwqdvdVMsiaxOtpitkEU6SQ3Lzuc9zeiB9XgSZvihA+Tz7goEwzkX3C5kFKnB7z9TDZFjVQhUWX+1lNuxivhtlUfH5IA7qjtm3ckCddUoJasoy90DHaHA+CFpxAL0jew5/tgCeTzoSi2f+JPcc3cPfmkuq3YU/FEYLK0KDQ5t0i3Jd8yeY/f8yoMnk0seE9nPV+3Pi5DBTdEyp+CxbxUWXeg+/aYRr/Narzf9YACbqAt2iTvFglNhF2WiuSo3s9Ym/qNkVV89wGEVd8Qa9Hca7CYgOShrLhGsFvA2+7PSH0euFLreQmWEQouQyGPpgVl75ouQ4FSc0vQUSX8vXzvWReiO2KQI6ZyIFD8AolkE9IPo51qyieB5XrW9e32Ktq7By/fSofN9P/oZ42qDvL8hZr4dU8qcvbB5nVND3QVmhdbPd7+bVl9l+yntghj73bM4fczmw4OmByWt6XERsbQGpkkAyJihTC4ae0K0OfzKmuTyq0lEbI8Ct0LyzNZwZsUTAvUoYL1K6KaSXsIPc9InW9cajL/lKP2gBePY04H/ArrsStj50/L7LuSLD9M/NxLHi1Ry8fLeyBm3ko42a4Er3kqY79QkcP6dXrzp0Vbt815wheA7MEtrB7yOB4UQcgJkw/EyydaMN5xUgnT8M03641cUAptuVQrRiuwPDzBu+lq9ATmB9+vcfu7UlQyFR6tRA2bePOL2uMxvvYvFDmAyRv42lRr3sd1darSryODsxQeoGM+XRr2IiMRjRua8OwYL26wuwzrl21srnR/vedyKsV27s8Mi7yEr/11XAXoMNrVTKp/BvBYUH5rjTJLuttqKuOG9WzMrWidolddST6Jv629i3cJptfv2dp5+akuViKSLxzgbrNPbKOBgnizUR20ATmCO0rQ44nDbUJsh2nX75Kef8qete62H2LiTWlFS0t6L2Lzivpmh4DuNK9tUIcoetwzIsYNqKuGH/Dyf29kN+GFL7AWGSCno3WcLv8c80Z2sckc6Giv0bdVHvohjSq1w07NpjkT+e0LzKqekcH67D/wxEcZjjvHoZGuQrfx+vCB3DXhA5oyFI8j/oVX03TnwA+HkS0a+7qxluvjG4uPxjsTJuG19RnIgiW34Ec25kmL2kv67ciHTg2ENNNUuj9by38fKuVQHJbhweAz9XmnM39V9EdvE1yWWl4z8R/SYxxcwssvX17JwMN8MhdSoqt09XclqyWFofOBucNgjlqIldWXPo6NpnW+DDdgSZ/w8hfNVQHD2AP+gTEw1lwc/8hHbhsp3oKJXMPX7uxMBTSeWJPWpnsFnrej7djtg/ZIgv0oArcQpcKN6SCUlVwgwm+VnxuwA5JDHyP080sF1D0ssrL4XLWdD0rCY1/xgMIH1xwlvla/TDy8zpL7BYo7Oujy2Y5C0QVnB6XfBPLgbtVAU/bcHx8GE3k+WvAJpTY5ZsjMdR+sZWX4+JRAHPDFCF6ki7l3J3ib7V0CNxNi0AbFpGoUJHo/nZxRaRTW1EZBMfrqCSRnctmZ5Qr7Rl0KjQ09REDKWsHt11c6TCPo0D4u+fe3yNNhfT4CHUAGL7jd4iWQ9Vs2qd1qQ9h2b99GoDfWoaUY5VAKWvRwfpd0FMPgRg8r1KEvCQataug5rOuz7xPnQV4TzgrD7f4KyHZa1NnyDWuzOisHN9oFDxMEf34TsNP86GIvkNqXmw1KvyPU0M8hJTZtdWtWOVMq6vygRibgA1vYDPui4PmCBn6ejAKOncmBejYFsKMuVjvWT/ZrFU9CQdkmn4F/VWmlSPasUq40DugPWwOJlywp5LFwswvm18OUjRERoVnt5JbWf3xKS8WzFait2OMK213SsFJJL0kz1IcRb1iVkfTIY9BHVTrb3retT8hRkn136p+AU1ztVAS3zOvukHjLNPH6mlgEv23cpHnXJhwv1dSWRSzAdfSdrK/tk0bG9VswAx4ztiJwbwhEeZ+VmG3TgK5FXEPkaIoUrIwef3iYFVw/C1+kA53evsdq8Pi+rZhg+BU/ekdSJGVliieARaeJyyBSknaa1QTfNYc0amTf+AFMwo8GACrML0PDceNb46ntPyF5RpB7yHlDAGIDitq/Eh5Vz5yINRBADOVq0NVabi2MX7FAqOLIjdRaOugx+YKFE+mGHmTuyJCcDXQ5P+5ynbO4FsFvO1qecgcckHRxSDqz5gR/BVPjq+OGx+8gFqJOBDpN7q4NwIiMFzVpmea7QK4FbrYNwE1dcXY2jd3yJ8J0XfojALNw6hvgDkWa4j1srGczV23OBoLw5Fz/F2wVppiZj/oeJDQtA3zxbYHjDQ36S+Ml3ZJiPef/sACNfwXSeOKXnQQAIMJrLMtiAq51PSRMkgZLQnsI6LKMsg6bg4vE64LJ7O0gTPwWnkHzMFosN00+CKT2YcqNAKcdSXoIqm/1Y1lrK5jgxIlKHmgaGGLgR3SIihAM2a54kS2m8+tbUqSAvW+Zp0kQ6A6SEMgfGVElGJLjCeNqx4/QsX/QUa+AaQqiJx27Dj20KGoV9Z6DYGn3h2aU5FpJbxSpgW0UD967CQK6ih4ymSK4Kq5v3ig88scjBJzTBE4DVPN1/7zeBvFWxHIKaLMZI0h8PUDPCtlpXROKZ0UJAEc1JbGCyQeur1U1bRZGbATVxU1pUNsiXfPZS5Xxb2b45GMhwR9AwSYcWuhQn46PmLAYcjgYQe6poAlep6+NfTDavmJNGqmpAk7bMAy8muF9Bw3J8Z/bSGrG3GhQSA0lOGsp8hj0hYu58n7rZMi6Naj9igg4PRgXa83Gt5Cp8s7DyD18UEsXYjBs/bSje5NVR20W+9UioUdfMJGUOPAEFT2dYhcj1tRLYZb2jZ0E7evKTFIlJUn/yIfNMfewxfjYwCJF2Jv6okxwip8n8wKUZ4ouXXQMc2MLHp3eJAgPZi2qkAFK4d2PBWafwR2jN3ZQJysKmF0j2Vt+NM/YXjNRyIMPQGgG5n70LECY8sYmdJcujr8hwgx0HDiMLtEnb7WhpA9EPk9e88PwB3JBgHgdloc5qJ2y+WAZBQS61Nwj0Bapl2uMt6dGwiUxxnMtjn7cg7E3EcUvMDMEnIkrNxEVduPTtleGwyTpRSIBwjmBYvwF4tOPJLdqNtVSnJCWM9cfVPwW5IXUD3lAk9Fji5yQBXeRB+orhAYp2ugplyOdu640MnJjUDbchvI+GYt5JV1lq872JHfkcQIoZu4T5J5QiMY3bn7wDum6BnJRMnrID44V9gfVrkMpvs45wd4BkMFDoQE3l5QJBkfw2+4G0D8AaL1f6CNwk6/wkfmCOhuJqr/U03zpsFu/ZeJtx4W7W8uOcnhHwTXOHyjFUg8mztLyfTuRFFcmyR494nseUB21IdAFyBQAwJOumpPeay8OhWYlb4I7ZJ+C2Qnm8j7P5rARTWP7jQEXiBVpoH1X4DGCtHxomjxJBeiJMrhbHTCoL4gdJXnk6uu9zyrPD2lDA6FHWdunU+ViGWUs+lT9OrRXHqRMKlH0tFOzdYz9yOQdb1nQWlw/IOlM/KWhHD1nm42eCicQatNxvz9lJr1oqMnaS7oMPxUB5TyTgW47ZGE4iNg9rpT1XOhiBq2yBAXVhMnmxzcxyRcxsgcSzWBlimUEd/p1b689weaGtvnyysOKS9QeyH6zT7qzVPqIS4KdZaLDeWQFg7ZN5poONDWeztq1AxAG1ch7Hg8he93Qh+xVpbRf/sNhW+hn6ZjjGHDL8EjolgY5J2N/w95JE7fJE0aAuxu5Q+7k1nLFPuHxpMkjwUUnQ5IaJAQx1P3Je8WKc1wffMES5ucCoWXGaUjwXjVn5dmpodn6IWjH/psQum6NCO1mpAfXOBxG/42Dfocqs1Qka6P5U/OwL4s/goegXLb6CyxwsPYf1tsTqk033vI5j/R4KlgI3ro01uHWrIGIK3Dfa6Pco+/gvtS03wzEAXix5cuXOTJEyvxOdHBQIRIwx8PgW8UGPrORmObHOmT4/frRN2UiZJ7qsgQe2774GtZxvXKHVuDkhD/RsrNy9v9Z+MEenUnL0nVtXm7ap275T7rXsJGW0JqCipCLALhjjCbkufCFPJTozM3b1mLPI6VBu1BAdsnwS8CQerXS54k/heAllQehTu4mBZq+pk8zboNrFEpauR+hmAgYnPBZoIrXYr4Pp4C2lKKAjM6WtR5q2nBIjhrr/oNkAMAbTgj5SF11v35eYRddMKrRLwtaMfIeZMUveoKnH2vGeuPoOfMvQI4nZ2EEbjEo99K4i/jaKd22mUwKnah+vDjBFavfMgkWpokoLkkHkShXPQ8jmuyQ1SNTohNSc0mgtr20obkLqbcGRCv63GPQSmZW/zqQ7eE0bdd1oMDKuKZ/uozNpqZJeApkfIZcklfIgixIyfvlaLo3tW1XWf64rLyDA6bqmRfihxSyyloa++uslLp5B0cV7C2lf+pBAcan6TnPiDrBcJBGq4mDgSHo/P3hfVDZfq3Fgk++0Wr1PoJ3Y0DG8CbfxBRLjRul7Xi6Pe1hrb3BbQVxtMpibULBYSRuHs78lSHj37QqXqqY7glDMh3NzDEYHXVw+lLmpaH5eVzeltHF0DM0mP3LAnL7nBMormGJXTU5xcOlM691u+8DUJq5qh2p0egDWRnmo4m4k7fbRb8c4SwJHnopmHMyl8QfeAfkmf6rbvunaKFWX2K1JizQ5tzM0v8PaSJRt+0XhW3XO8cf5xO3NTQoLf8voeiLuFZ6CntTfhLYSjydhHaHQXqTbQ9WAtYKeDD4lhLEW2G/qn65HC5IybQ2iK9JrBHjK8cugH5eeRFaTojWrmOBwJdKMSQYHL9MPHj2TAZ8jwom8tU0U3XoJAwOGg32K/UkK6UOU5B/hw1i/FKWRZFd7ltnOhARkwrOc8COovN4RpVKaMDmHa5XVOyodDyhz87cLksLjP+sNVkgi8I82h8ypCl5xx3bVQjHc/GzWx0gSPQhTLObdaz4/ZzvtGaot2DRHCANIVrMvbbHvlDOSVXqcBDOK2k7CZNpHzsEaR786YheQAeaZ2RHHDLumO3kujNmTdDLJUftyBz0y7YFczzPObZFMhannLdFCg2Sl4fWAbkrCObE7UGE8aFu+5l+fqWXCohZvwMOTpe1wskt0lYRwZvggVzXZLWJmW22Rt9BxB4m0jFsWDt9A0WcLAsgN/UHLQe/18Ear74KlKOlDAYNRE8uoYi/45hbn1GIa7nxYFeSWt0+H86ASt0gibuKCY1Wg4JbX7gkj0ff02FgFUL55/wEGlKPFn3jyrAMalAFu1kE21Ej1cWoiwg0gbnCpVhpCR3X7c1IBdDEv/IaSmx9hiaaS7IGQKoOC/92uU809HhKp8Ra5y542BpMyubpcJ7FkCVa9uQuJONW1smUY2Z1vk4Ynwx4zCzstTwr2Ygq/+4v5ggfKDX5fWT3OMpYq+l3Jwkvg+YJD0VaCxael6Z7JTzCCXEYfh6yb8wpqR7K++kheLBGWngBjwc2WTYd+x0KhCRToAJhXX/4mDfP6oIssOKNmZZ+2Zo1l1cG45gYpO/Ks9Zhw8aL505P4yLAnJGhKjRRtB1As2VnRQcZzKXmBENS1X3b9qggmBMIxPAGWt0hWwPvJMruAgcrCdw1QWM0pO+6+IaxT2XAtywZxAOaKwrf/jXesrb774r4mkQSj7+DWqERUIoINwKkILFLKnoPawvLPYgdQXTkUxjsnJH41/nT6+f68fW5qRU+K/+/gvB/OkgupCrHeKN5ou/bBvoU35U/H0a9gbsEBrZq5fduCRpYe/MJQKHYt8gOvljpYLjdEzkMxlsuj21mhzl9SNyr2hgYZEmDtKUKUwELQe5p6RLwOBJYbkFhyVpmh2jYBevwMeTUGerFyhc5tkc73d7wUzpQgYT3s2+kJz+pfJ+KbXsbBFLhwp3fHGnhd4+++a4oe3Z8myS4sm0uOsuG7BwWPYGScxysL5eWQ8vn8PjjjqfyhYM+XRtI8mBVvc3NqvWHxxqZfR8AN0mt5eTneWXujUmn2GDmoZwxoxwQoNxSfu07pjgNA6RyvwWqG8Ll/uiteyi3GxwQv/VLHK0BHNUxf+X8GRAZcFRRTF6ct4sXGFzju28hL1QZTe6bbvLPjjlG0oJuqkbI89OgpxA7cT+mbbceQ7cKJ19zENrTxceQREEMP/JDjKa+1r7y37KbOq5mwhBo5KiJBe/tVEgiquPM8sFMcEh09cNvjFHV3PLaDKs1dC94zFoiyUXHYHRwuBrIumaMGFloc46Oji/vbfkOurno4iSJ7LvT7nrLDO0YwmvfAzh/k1IUU3DmtK3CvinpqSUWCzE7vwxN1+WPJYHE9BtWSCwYDm9I2xRiOM7dX63atTXSo8yhssDg0S1RWdiw8uODeZIO0N74FS4jcl91Vy7HGviu7G4bcEPejhxfd/5AbFwgNDXSFwWaG+2I1NSos9BrH/ph0eY5ipuXjzPLRwzADgRbr08/BcqDi0SbQjmNttLUQ9ewj3VUGtD9tEZOMIcpFt+b4OnghuW23KgefUnTLdFb+7Q4KWz76LD4XNWZG1APJYcsuq/l07iug7Fcx0oxpbSR8YOEQK3Sauuc81vE/hc4vVVGDathZvnGdwtTPa/B+O//S58rvGhCvb0TeyyTHoSdbh9/2vQGCKGfG5GosunvnTBSntrVP8+DfLihTM3APDTh9Q/TkNCBhQ+BeN6mIAkQ0Ob0sM/uYUXhCklG0Zioz0FQdrGtDgdUmbfVjPUPn7SceVbw1G65T7sPO+NsWk5a4iBs7Srj8dc+sgHsysd69XKzkEeh/L41R6muRIQYkd1qXOLbsba4p/O90mKVQD4FpJ92VISi5YudsbTFPjvKUZnVsz0+PribB0R+8jWeRJxv+kQagStRr9Cq+vVF7867Lys4SMztF+pd4+EB1636W6/xBLRYzEQ1pIlusZm63SeDfywPQrx+Sqff58uKovLLaX6ZXfyupWMalVKCWahBTdutd7g+qgNLnZzksJnx8Sxn23y9H6f63H7w49EK54QQq201S6fmArFPIQ3c3UujO3ZCB1BbkiC22bZMX3P4c10CxnR+nIPKNVA9PNCwjO5N0l4NdN3ZBp9NMWDv6PvWc3fVvNqWwexfxIsBtB5OSxirWXg2jVJwOIvP565epoNcr1MxG/gI/S6p1fkznlX7myckfvQB97IbXrXkEelMXOz623Og4NyMIE+O9hgdb1R16xHbJq2T/6JIoD9x/jqOTIFaZIfBjZ6hO+AeTR4PT7UrduDQEPXcfbjWVRwyN0x+VOPcOTVqwDQt40Y/uJEpl70kPqUfAa1Ny755pvvHC++LlK/n3voF4+g4qB6MIGdKqNxt/2weFmd49cs92OYsGtMw4o//u48/HBYGkNx+lZExKWnd9nv+lcnVxWbng2tmug6Qx0w4hKOM6Mh6trDFZidRMiUrUv4UcX919Lvv5NZZH4ClRMRYaIFPINquynVS1H0SiV+KibTDQhP1e/DO6Oitj13YJJWim2C/3NVHlIjrtV5v8u/qcxXZdmIGXDzA8awLQlrEmRhCdON2k/c7K23TEvtrUMCStR+JlpS6ia7zc3gyvKwy9NxyzdxjL2JCAn8dnu5LUUBO8qkD86UxRW9vTzjsdXukSYnDbdzI7l/XzuKxMuIcpqEsN9DJWc8lPW3QIBGQP6P6q5Cm+sbbdDWhc7jRqf3CarZZNc+WBhrXF9n8VEX7X1WjHsqd6WXVjgvXia5BbRbAYeSaGz9qE16lRvORc11o/OW/xhO+kDEmAIUK7BGtoKVh8ZEeZt9YnrxQ1O6rjwC60Apcq1/hSY15+jOQB4P2dVZTm01DceB/zaef+uxRDYzzGzEz3J561hZ1DJOvWtsD7mVYaqV8Y9fVwp+iZWdOzcSufoMcIdXxGok6zbFv0fFlr9+0pC9bRGmVQKwPNsbgOVab/RGr6wz3kGshZi1iLfLb60cYY932K+mNDRzb5BVjrv4eooRykhSNuZLx25z5Tk+lyBS+GoBVAVakw3Md4hn2Ll3pj4y/3aDctpGNE8xoupbvyf5j+ZW8cMbfGEjw4DDCsDp1zfeioWonTRL5YpkWKht+bh0N/1Z/Kh++VEQOxvHVEEJyI31HbaW1Vn/EKJ6Lly/RLzvAb0JwSpXe4X6bpWPam0avYOHZv5I+UPc5ig0UvzCPwAzqREsgao+272o5E3XKLcji5i2LdVSuDDYSbbhvBX/pUqHJWcTUJe2Pn8EnK9Cnqu0kO1NwzYEz3teGP4gPKhqwXy1HzcFdSSrfHMRFAh+K3MbX/spRbW5EyNkUQ0tjn8Ol6+791xk9lfbcGSMPF4HmxWDU2rttsV6HlVzYPkt4KEIEaeHVHKqhpXOC1XpOquwp1WlsDY8YhvgszNFcaYmCfspcfOrrn3SNndDH8Xg2iR4A6nUIAt4v7jPbZFGKe/fc1yuByzEV794Eh5CptApMpX7lRRmUdSQEi/65DCMjxB9GOyCEM1fWxs9VEmgeRLjV1YKb6cLC74zyTolyrXd7vYffCrqJCG7Cm+Age31U4dOy8/ULEamHbqQ00wZOW7jq8KLDvVmzpQbOQh85MkJOQE9vPGJX48HC4/X0fpowH2lyHccnuGsRm+YO6/e6OozhbF/55rj88WPt2kSAztAKi2btUz18spHXy8Ndu59zOL6jc6UAotYwkSfDzBejP1eH503l8TNubmm0ykWZshbNiZ8oADDs30OpplacFKzF0KvkVc1nXETKvYJaTVgS3GHu/VQI9ip3BF8035zH2h0rp4HHebe56aMBf/OdYm4j832K53wdlPLezew5yMGLcYBSHjx1393Ju0qiBzeVCZepU2ZMVF5LPzWWjyBC2iV/wiOSO2kU0c5Dscej/61yUMVise+35DOc/7vpBrLR0pxkalfLpovx499ZjfY/lnHdQATbnSIIOVPv+drZentsT+dTAtmd113mUZALNw6YHMEp890jrqfZSLH56z8uZ0d1P3hem9EXAljI2+M6TxGJhSCe3ilxZeiAqpqTCnau0dBQ4jBW4dYqNQ6lcWx7R5a0nmF1Dbvt6YbZMRE9fD+6FPzLN0zZivy0fUsL7JA8k288V37rClLw1KECn+GWRGF9v9sW7vJSGprW30WTPU9U5vqR5CgTv1mC1zk2ApIgl3NjKhC0Rp7Sf+sw9uj06n34XKQgdE4IrMZouOzQh+rA8jwE/krid7Db0l1zEfzhijCAGSY4Nad11BDnF7K/28sbBU9JDKqCltthM7fiNaiSZ8wWxFnapakL0pq+WD0HJxkg/TOE+Hd+tv1b1515vaqHz5g2ofVvWJXcgTmKnraD/a00kDr0nvpTDHwBMp8aPg0NepiCK0Vd/e3vRvgXjkocYAwe7EbGfRKdPPHiZAvjS4fk/6BEJNLJ+ge4kNu+Rhg1biYSfUVJ7k1H0t6SJ4EM6Ee0eGY11WQS9oReMYve6tn/3ESSYBjtq306efEgZurdHk16lQJuydhP0TVlz/Zw7CyNvsNayIovZgavs8LZEIAQ+vogut640qv9eaZ78r+X+r61s3S4IYmGj1nGUyrnMSXU0nf0MSb+Q7o/UAniVPiUfbrUNvlTSMPznueLvCqn0XyR9DhTud2m/2e5d2//O/+SUPPIezyOrBg7PRM7kFdnZAV2fKHKk/R8qT40zY1Qps79ELYMmmvC/qD6p9/W8e3g2++iH479dMqnYbjHpxlzNn2CvpB4s8Hc4vPEI+bdHVxI/t32bA0+RJUaTVM8+xt4E2HocfnQovc3ASdDoe91pOtap6CEAfb8Pq/10pTmCya2s6vQwXpSTu3fG1aY2uIe8Xar6N9PapeJH+JKkaoaOgMqRts5HqLNipWnofIc+wnFnuKpyByUgevHGK6bv/A8JMf0JiQ2tO21I0xGh9Hlo176DYCpE30ovreO9fP7sr07rtEve2NPHJRBihslf5zVcHw76u8Gv3wDn2gA9DB7bVfDhLFdOO2NkvdxjY2gmPuGuB5fZfKzflLIdOG/HmedWfIkTpoWZ6zvjVoTIr/puGE8Khek/APgt0gC2Ne+ahsa7q1olZafZcrckjfGxVFk5/m8s/TT+kDOiEGW/UqB1hKLRKBDH4eGkZFc/br2RdugYXstV0WBSBqOh5se/oLhvxeowORxrogyQ2sHNjB7q+sWpb20m2x1yI4mpzvjkSfXObqEmxi7z2Gl2LRf/XTEX6Pc2ghHIJdpA2xIeBiMubi7Gv5DzQqV6iZ2lYL4lBOMqsaVSLeNZaqYybeD+QBen2jQQbGn/qulEUWiVe/phywNfyjygRkv9QM1BiPBgT3Bpvj4/mwy7LQXW6NQM2IkhMg5LNfijBblG7dBX7lzxr4vUBhyv6hmZ+enRe9ixU1Ev5sn/a8toppn0naL6WuL9IYG/LvRYc9ogu/g8hpbO/VFMKmFXthWM/l4IaUPubQ/heIxUAbhL0zthjhcO6dqymyHHRoYiMsCwsBHJH6aZrb/ZAzXExtef6i7Kxgue+tL2zdy01esXX6/tjr3tTKJrGPrvKyG5qk4WcjKML13wWVXWC6X6ZpotvD5Oov60guhuYUDI4k7L+Pt7/qXd0uPC+PZYI7v+gf0nNuVq5tqbX/fYe5VyfM8i9yHvw+FHgfB+qWW9txDiTxLqVhXJf8E4X3FI7JfFhq2ymF9V7XU7auMMlJFPGX6fA3nNqUjlvoK1MYw1lBet72WIuJL3utMSvxhgV2HpLYlgD99Zmkbk/JeHavFcxB7Iz2qWJond2Ubl5IyIrqIjCceGfRtmcoft1fjt+uBSK5cdWIrCod/LxpA6Oxg7Z6jDHxLKXsKGG/C8XCut3DiSUajHjn8aYu8983AZiqw81rmHSLkQayOkkVW01Nqp/ezCWORW0SCEkKrRgV6I1JMcri2ieFe0vnbBodPk5Tt1ocLulaEyJWw7Kany9cD3lMQ02gbaeyN8JO+PlYMgb/vkcLNMH/b3ezUTWJP8nEy3OoRa1G6ZDIeURAV4RWBQeTpyU6/Deqdgt4dppsuD3B3SLqnvbJ7z+lsIHL5mTvq9Q18pdJVgA0ChKPgOt8wysrgojsjBH2+IAzuGKTzn72N0tok50c8C9rckz3REXj5SuM3re6xFvXJhOy7GqMLzhfmSvRDvbUAurCiAAUYDN5+lMXDHY32LRfVQYXgazdL+he1d0UQArW1Fx9/eLha1SQtYJJZ1fhUbfILM1XspOPcqR22AHbr4MFzMPPAKv6peG65D8cdC1Ila1d6tU7a6pVQIgR2alRNGP82vtS2RhZ4oU7Gn0flWZyv3Vcz+GkO1XWYbYvoYkHUC+1N3kgxbpH6UJ/he47v0omQD3jVTRjldTnwrfONCs/WyxXzLFOwFEFNBbhhfPOJZ62MHT2+hpHTzNmjf3sb7itv/cLLHzo15o9PAfB1FFKiDnDN9wnMu9wF7876F+F4/xUiMrXWjGV35xriIzn1UCLlyh8pAbLf6RSBtC/4xuEx0DPV7Ai2dwxr2XqVnXRXD1gvG6s9Y5LD0WVYeoeEw89UqS1/esW18d/Zk2q9rfdVspu+CPkO4NnA8bVrioZFiCmek6Lrjmf21vAr48IJIqHnIjC/2KSLZ6QOKEOJ6K5Qw7cn9zaQYh0uLIHH/VVNY2JJeBz7um3XB2MKq3+sdF9z6Idg3f4F6tSkMD1vOdGVk5sO+vHeNTPkdQH0zLr+5nbrnZM7jQITB3ZBApL42mNvvr+R9m5PGP9qVH1uwfVdX5pJzg0361e8DQ9baju3d+G9vaKHQeMIE+azq5sguN9/FUpT1TL8W+k7dfRv8LTM+uXlIAatt+DpBDCpFw2IOxVY9vPVVWGLb8GWZstiuRsZbS5mFAVEvCNfHqn5/eT0g8FIPOSfPdGMG6q/IDvAkN8kxO+0GfZ23a5hUZEsOGi3mdb6nUeWyxDzEKdKYu99L17Ki9/vzqJuX2gWRAva3/On2AjcNnwE5JG2h3gcix/xQjDWaJ5E7XcbWiryRGwF4TUOYuCDRViq+NnAdOLCW96tF+ulv2Z3fn7ebc2ti3zFWvSq3t9zwKPSK7PpqXOaFLZyKL+hruosNqUe3s54MwPH5mEbS/XrG8YcvMvtv8Q/dBIhq3zwXuIGNYfh7ZcbD3lfrGZAgUGuI3cfZzmRX4KLIS222uf5kV7bhk7fuemDhRwSKBH6ls/8YzTx9rW2dLyPN39rHZ6fXHY9CZnyK8Tx79SWs7gGsf721VKEuvZZ7FjrX53IWiCmMvdDhbZiUeSIVWRazXrSWO9UguZxny791zlCq2CchQzMsFbnBz83P8TKrd1MYQZKzknCN7zOO2GBm8IJ99AhyEFVrZ2n+/1xPAU+6yqdBFdwQU+mcjtlfWOjsvOWLnFIp67XIL2aSbnVZSZyBB1KR1qGtkkCw6Stbmq++r4mLLm+aK6dbTqC4N99nGm292sbF4+vhnqhO9ZHtweOX0umN1kPXH3GWlTn03h1q4L+NJ9IaHgscIc4TLMRG7ZavuvAyXQzVfi/0e7aL2Pd/23zKCanVPgyBp1caSboVG7B60yJL/CvXe9uGAugbXNcU0BLIC7WsDqajW4ObEGwv7imSS5427luKilQnC3M/ekpZXgOHofyYkz0IL62diXe/vhL94MB7hkEi6pxyVJouqVDtfyWpNpzJikMLg/AVdPaRLFVtYv7Rn0VbeVp4ccv9VioEH878i16V3vw8vXDJNb4zYRqX7MQis4GBs5poSm4qo6VuRL0VZik1v+TcVbXIri/wYGUXK4Zob+VjZfPwU0/seRhdwNz2/z4OncR4QmJ2uH5h1FR0SdC5Mg8Hr3t5RBSlXqVfEqBcIK+UMFbUOnvu3sW1+hdERWx+8bWmWWbeKLSw+iQElH/aT1ngs579NFtVnJC8qFC7ElJP9UDrIZi7BX5K68lcRZMavVcpWksGvXYhXvoJfOqAf3FgEa5kHMtIVKAUzIZX3ugTVf2svuk/nmXrVvHFQJ8avRwga5A/V5gfnIkZaDclRWh/wR1+G5z/GiZfFfP1U7vXUjOWWRLE5fSBMDHaiX52huFO5Y/a2ocrHV8H+ee8bQ1cALhweBzZANBdsDc6LHD24eWfW2ROwkXZfcOGyMnNEyeA6EFieDgZZHFftpqD73D8nMsjyev0VAs12npI/qZIz78Ci7FFT7apr8s5u2mz2TVVCGZ2jS25Htb1cR1S1AVfPuC1E01NWsOu4aaitfcR0/XTQ+LX5caxzGZFZHsSXRLKfbSluLYalvQRpWXqrWRyW+9vYyX/kO+R5sdXe2mFzbZrWMd7hgJX8z7L9d6jj7y+fXgOthUm5DG++O1u4wofY9W24S+oBSpkY4BwH6RlAD6VaTdpt0HQor6HuwvAgRH0steYf9CyUiGWmp5jgc3b0Hr9GnPLmEV/XnhNA0ipIDxXswZvrYRqmFN+LXnQbVADs/0w8adbl8jRGPqG34rmGEL9EwbVjNxwhy6YfyozYWeV5Oud8rOWIpqwufPg3/CdnMVBcupL3eOeUeW9bw9CgZUG2Yjdnwv9kd2dBu9WMtsXzLnwgw/Qc+jYQauoXPxDSt6Hl46MmdWcaFN1o+dmWRN7Eo/H4U07ZibWfdxezo/GFF/ETo/SFlQk30k6W78IyBMM5xgJlLwGoS+GYHkzunzH2e6hwKnl/C1PxEiky9/YkcdwtyKCEDmY7wz2RWya1/7BAofv1qc2d8wby1cfLctJUweXaoLwMufxI9te8v39tDbXIzOrbDgo3TayQlxJ4oj2ffnCy5ddVkm8GhWaCDX9G/U2a/V4V1+eQl5ckSxvc4VfO+rOZ4XjOuaiQEffn5J2Go8cx69bTmF0sqnlrvyRhAH0MJYx1nn2k8717zhbKKvPG4D+Zu1qGJu+y3/a3TEzltvq0bJAGoawcGCY2vrVY44iUxmxfdngZdwLz7B/E6x27mMyXQtcX/GJLp9KJ39KXLPrDsV4A7+Q6ZNZIvZx/WopyHENjYNp7Z6x1yy5xrqn43ZGapx2sqRWE4NdPK+bgwzE2upiE9+jK8d7SGKMDl+/JjvzXK92Yt3U6fsqjqlyJNxUhatSf4DCnmSRjkpJ9y6WrhY6/R4d+mAj4OixRZ9FpBdq/75jG+lI+3xrSrzr6xZNyB1D86fx5QqexQUoPhgh2m4YQYkHF07ocfHisPzwi9u4WsTEW0N/6h8RzzFWOAWJqX0ey6PZ6qu7MR/mpvyN0X44/9yUsr2fH3yvQeSTKhlwY3zK82sUemKhXidcRG5l1oOw9swSseTP0XUTV3bE7UUL7zVNkx9z6KNyRj2/9NUm653cWuSG2WpXpoCr2n6ArQynpuFbEXB2zkXobUc90VZMt1hNpmtHSE8w157qPYhle6jL8bXGVz/S8prztS9mUTZo11Imsp4aoAcLX3tFAHY9Ejc9E+8fHTqvcEC2ZRo778F5dashoLZa0ksPAW+54HlZ9Qwq39tyQSQDvWKRuLdZovi2y2Hhlom5S7TBcrsRTuepJph59LqO+YVwyIhixi6fB/zg7IxtAVl8fzl1Q+4Gmh9NPC1LaHuwmFr6tV43hYs9KLnYmRZqELllahyomJpWXSoGl3HxiWZJ8/Ffl5NGMT/+PGK2Hpz6lO7agI91aov5WXPc+Q4xskmWS8X3D7UnLjyoo/9aRqFOltACDlBWga/4/qIhARaPNg+U39IPeFBRWNKm6lskO9FCmcSag6+m/45R4YYERSr3e6WYuAuS3P1icnWhS1WB5t/srDB0oZwS90mg7w0GIa5cMsantgP/fhy3ZceueVH4aCsWOGZ/FoPO7GE36DP5X3cnjAR2zDd0RSLR0TCx40H5ZsTp8msqLLYKLfPn/c3rim7NJ1wb6/1LdN7Hf+5xDEVGbGOrHa9jfJCJ+UE+zgdnhM3ejyTudrJyQ/7b7jzhumk3mmuKDy6y5dn2LJJIctSzsYyTO7er/wmx52AWUPvYxbUFIPnwQjnY7/LBFCOWRuIIe3WFF+2JWVePzoMECFCJETuden2f7dDHf/YuXfaGZS20dmmjZrgfLxSUgcjeQ6hV7Wyv3GiT91WdF5p+lAFle2XyaTW7tYd8YBDa2B5fnRxdq4vNHPehttD5pmXAGXT7H92qWQmTZTZFU40mNY/K8DwUxe9uq5YYuj8PEzG5kBuYufXp99hFVwcyC1v3Wd4seRNEbhhfH4SQ16HvfY8o0Oe7y9vr4riI6WTxfAvKWoo9PPW/O4oG1qfrnVSON74bXhZ8Utj7at8WumnV/qqcApSy2AMtww1b86PKmSGIzP9hswy4QN/70fkqEU5oygPHLg23rpazaqg6zk+csDa/PygwpFm5uBRq+F6liqZMl3ZVJ4ve6ylcbsoGGHQz1sLjy2ydhqOQTWu8TRerJfM3a7ctNiFedFfgRJZSHalzpaQw76dUeomde+Whv2+HCPm11XOUjbG7oKNWyoVg1OG+ncU2CoP8T1nVhO/9O55/yq5JET332S1lyoae1V6hDd+W2c+zg7vDTJko38goOTT1M+nNNcejYgXeDQflJBofifwpbBgSfHeSSvFoo5OSJEhLJQFh4LW4fH8ypRKN11Oq0mMR7Iae7B8rhB34TztXkb7dURCVtBdFYUJBcV0YWYFtI2910uyKzF/VS4Qm8a1Tq8wKbK6rLAof8gIMKZ+t12ajdb1Y5VnSrtMN2/2umaoJ4QrWD2lreU893/tWvWW2WnBL9PqFr/SI1N5KwXELUW99GijqN2dD01sW/fePTycuJxv9g81b0vm1/4Mwo3fh4zNOwiT7oRKNfTQ+w8oz0IO5XKmQg2KXsdfhwbb3ip401EM/xpXtdJeJ9zKxKS7MNd8kYNbKwzyMb/69eszf5B6XtbyfK1yeZ37a6XN3FO68MleqtE7MBa8S9AnXue99erjeUmSDgruhVoJAl8dPx8la7D6ns9+mcgSvWDwnCqLJ/C7fZLVBWWimTcnmhhsnDFlbwVqOEak+ibLjPbGTc+36I3qZYejr+sTq0W3YVn/iQ6dm2IrnyvYnTfMnqLiDw4I+fc+KejsYCf7Q2UwSv8s8PMREubH5n3bAmIAb/bUO43XHtX6lA2W9Tf28VGgstGUVxrsfMV3TudEVVClxlXunweuPjTEQXwGwalHLs9VZ/lSo2JZ5v5fr9zX6lEXyg9vfCjSo/WsF9nZPjmLXdQ/+sbgt/oZ551pdKb39t6oZH3f63jHmHg5I4ENX16OGxPWjy6+iNed/j3T4DCOivj5+BOBich9KHs3OQ7lZ8cZ8UqOPTqck2PCRuW8PEPwcT2OkVS7czVNg52kZv5UYFz6Azazzbdc8ZlYD6FUAQNupJleGWv/Tovx4UrSbs8XxCpRutL27n6Ox5csqyUzr1oGAlqU+klTAXmlx++/dudUtdNcEucrks+vGpJclipgwskgn/hqzm30qtq5dyM4q8Yy/xu/Pm8wt9LdST3NXlauBO2Ekmfoi121Xw//eUc8JL9O5E+/hFf5mFro4LVJ3PmscGbvh7Pzl/x8D9Xfekx++/wxGHwd6//+p4nvkEcB7XHrZ8K/SuB/mV2eI1zMXrqYi5g6mQP/gT1++EiY66EA8Efz4SMRPiGRxwIcDx+KPHz4/HH2i//PADsHMysLj///AXwO9P/AO8o/V35W+NTk/f8BUEsHCNqxxvvdAAEAeg8BAFBLAwQUAAgICAC8oWlWAAAAAAAAAAAAAAAANwAAAHJlc291cmNlcy85ZTdiZmYzOWUwZDIyM2M0NTRhZDRkYTAyOTBkYzg5OTk5M2ZkY2ZlLmpwZWfsvcmv61iaJ/ayuuGhUIu24UUvH6IMoxvsTJKiSJHhzGhT4iySokiK06bBUZzneW0Y/p+88MZrb2wY3nnYN+yV4V356OrFHJlZWagG2kAo4l3xkud855xv/H1n4P27//Xv/vdP/0ziRO7Tb/7qN58E8N+nv/u3n/6VljZjM6RN+xn7HfKJPIvKP/m3n16ff/Yq8ek3n37z7fff/R/5/5aOY/s1DNfD7/yoCeLfhU0Fr34Lo79D4E+//9dr64dFPH4O4mdW/+Gr/+u/+++/+pxFf/jKxhVEaS9xmgl7Hxu7aoZ7EVLRV//6m7/+/fr1WrVVPPqf16qsh6/XP3z1QfxrcP26DX/1+aPIWPzhK/r14LOjaJ8vTR9/xn+H/TZEUPQzQfwOPeIEgf6rzwcEPcAI+J/4LXr8Gie+Ppw+f/l89c1fg5+/76Pka53hvjQHfvvDV1/GtSzL7xbsd03/hFGKol5kDoffghK/HbZ69Nff1sPfvol8S4eJh7DP2jFr6s+v3/2gmcY/fPXVX3/+wefdUBR+10479eVHK1EIx2VcxfU4AB6i8HfEX/Sj8Ouk6St//Car/GcM5238/D38/d0fFx2zsYy/+VG7Hz2ky/HHd799UGavjn1d+vXzD1+tv43ixJ/K8atv1Hj5LDTjMPr9Z7l5NuPWxr+H3zV+Qh/+eQMfHfxRX96lfsCofygDgQ58x8Ff1MA/UokXq+efrviEs+r5Y+aDel8rQPsif/QZf4y/OSAH5LcI9tsDYR6QrxHia/wAIfjXGPJ7+Gdlf0qnibJk+ykVoJ0YoIJ7Xwh8X+gn1S99DO7+fTrxg5K/RKPpzaYpv3kbkViW0zD2r7ufLwbx+V/YWR01y/Avf0DqS4Wf0DLTqQpqPyuHv1DdXl+t3w+xCVTqD1/p8dBMfRh/9bMKX1p6Ce7rJYvG9JsDTnz06we3/lSlNM6e6QjYRX5f68u9P1Xti2FJGst/X+9n1vbzeh/2+Q1M5fCRpu9G4Un6kz7TT5Y26LNI0wx8utPDg0/niKd2n6cWkVEmhaaP96JUaQihPz5nGpR/fVj6v/jblf4v6furMvjc6TMMHWmm4IrgIJU0b74rJHBAi+Dh886e6Qd7fj6487Pgz3dXuixP/vx8ygzdXC9Lc/0gyJxphaGX1787Qx81liZvzFkxufPdZNcl4NchFFYy+e7fwgrnJVQZGnFBCy6fPnRObz6efRD8UeG/8B9MgoHenzQChksvrP4eMi3q9F3RwdBY2v8YvUC/Rndn6e8/d45eRB6wRbjQBRgeePYUmZ+W+8JD+gJGC/gSipd7I4PHF9AAQz/vF3APcAQQqhUgLEUH/OdEXVzvFsuzBzYLXfahtHx6Xu31nmnnD4KPUUiV1cvIi749Z7a877pZdNfNxbSL+rjXBXHb1TR6eILJIJMoSo0iXdKnl0qAdZ2BWKNqXc/9doQ19oMgejMRz7G50rfRNXJKyvYOaetX4xDY+OxiOhrV0TF22lMioFCC3djU9YVMrK7ZcVPzBroUuGGVbexW3gfBLqilQ1zj17y92lVLZG3XTUPvE3OjA/6C4YvM+Q7U5e6yF6AQwYtnKcucL6yhPFjuoaup+PTWp8duHwSbQFg4RdCPhnrhLCkLZ3aXGJ15pr7x2OzMPcmXM6YZaiyxzzV6FMvzY8hS7nF8FhUR98DI7rYv27P9IIhA2p5KRjEq5gPX9DJybasNHA6NHVQvvSpqfLvtAx6dgsOfG/4HQYgpJdsu8cyr2imsPSIpulvR+n7dXauuI7ax76AZ9oGiMS+NYF8qxpA0OT+t3ROtItvu2SpZ1ujZHwQ5614w3f0SViL39J5Xc/Xo1XvOZkLSNS8+YE3bUBhJEgqBjluuUpJ3piq4GmH8etpT+LCqBrxcGsNUjLeloGf5eEHqTcJL9LpysGvL2NivRayfvKLyVbeUb95Dr3zx2vSkKwQrH1xVZ0K3K1sh/lhK4TLYlJAF2QdB6cl5VuI5PN6NxtkZDI31Ao2/HnwRz1dSElYiGWADOmpfeiyeNkRjCArGHnKuOhXUTA9hd+CFxj8Ingmmuw1wjePV2J/Zsr4czExq3ePBZcxT3NwNpVYnmPNrpWYo8W6Q8DRf7cZPYsaknGeFbJT3cHXs4eUfBI9QN1819KY/Gl4Ic2VTxCLg1mGyH+fIcXZISE51j8E0k+K+cZjxwZ8ZJc3LHPFxQ+cP12HE/ecTFvH0g6BfPAQxvWIHrWL3KOsH6y/4Qc59zCpEt585iZarD4ItfT6drFtgi/7mNGoJWdbejTkXQU5kPFFxv5Eh1ytFWauKm2kPikFT4jHTysVi61utx+NFQqJlvV7I/YNgbKgJORKo3LalAZXjcglmsyqrZ494VnGUpjy5HA7rYSN4M+MO6Pa86VzjnS7Oo7eJsSewWLD729U4PssPgkpwJUEf7DqvOPWQ63Z4i+BU9CeUD3v+lC3LtuLnJcE8fD3NN61ElNh5WHNYwfhaG0CYsZ3DOw8vTPRBUJuUhbprhuOu8kmCVdGCZXkPNUGP9C8KKwvUnTqJZA1Iy+SJ8JpbttpVQcAdGPOqL0a1pln2xVJmIc05TBz2VRUzjuiX3mhkxk3Dw4KsRbRcjsjQCJaiaXMd6KNLTlhUJcrUO0WhhCNA1cbj7jwCIyz8D4IhlN3q80V/BBaIjOuyIkhTQew5PzaadSrhPXdngSwTuYMEFIM7rd5tv7AKubzf9jUhN9VCeh3ejyT6JpjLwGtU/iBFqrHNgceVx7vWdhmBr8aVMM7pYt19VrljJ4n34nqtHucxcIpS1wcHr4hAAspZoviARn38QTBBZb3ruuxGc5cCSS7M0XG51a4X5Hx8Irx3RsIpufD1mmIT4GkY9Bl/gm+Y0xN8HBP2Eck8bAqK57a9nQOPj9rDJa07zRGk1Q7judJ6MVTOpwPGXTeoJdE+PnGO2/35H+8Q8O2v+AwZ2pXEqmCXXJ87X0XvRO0cJ27kUziWZXfNO91UJ3PJDsVpjjSZSGrdIyzflwJC8x0F+iBY6MvYohBFtmnB1hcbsTl2Yscgs7RullTApTwkG9Y9DXWNK0FRh0nlkKcj5SC8RuxuYsktpRoGHPPvuFyplEUXLJtVDgryuU44WqJfc+NzkYT02GlaT2XkozdypwYOYkev8KDqiIHm6VgN5SjH/DVe9UPw6KPgi+kdQ323xKp8jDSu8VmnD8pduZ/PsInAPIFJTxi+aegcLklNNUOELDGel+jZw6xU5AuuDM+Z8CjtLj5+ELxBwiNHuJI+zaPsjAJQVUR7RPxURbLzOPn+Xsfi07jcYmUdHvL5ydOB39z8TenUcWW2GAMmaMLyRD/MN3JQbW2vxhnaEjVlRk0SWuGUoJMmm7oWdyC0HAe4PF1HfqYsYQMlSXqot8eEhimhQxjln1s375wGLvoPglveziWz7R5wV0pRlUMvoIlRTCCYmgTS7+p2lfn50DJGRikoZIredsxwVr+3qVMzcC3km4X3JILNlfPuYbA/mp6AKBltTrF9dlNCud77lVlu2MFd7T4KN+U2lDlHn/s6YyffgWnt3s94QsYaerL8hPT6AKZliXz3MMHtLUKSEbbRpBQp3DyRM7zdyRbSo6hGewNYcT312SHeI7kzuOPKk0WYimz4MMNuZeZKqtHH0DRP9Y0clHu+xamXq/lf5P0HK6k53EJjCtFs2bF6UXyrTYe4MyvRttE++onWD1peUexNfDic0nkoHsCqtpsNmge2NQrefreNFX6UUxB5873KfL2YRMjTeCux3fCD4FSbQSCbrbhh6qhlhdgxJALfFOXSFOXk6ZJnVIR/5iuXCEW4IwYcwH+XlXqsN2qpOwj6AgGngabH9fFGX/MekJgd162/rAenW9f7XU2qg0MghF2hM1E8tRUqpgV4Z3uydqQI5qgWrjZQn1qwbzV+iB3zFQPIt+k9zlql9mfigh3zCcJIZC+m1Tpc/yE/Pgh+++ucGYeXvwuTvTBqeaNMuCGHBOqgoOOBFvXUKdvW7erfgapDcIU0kHz3E0qIgI2r1rA1BPxB8KId50Ejqsy+JGGWQNY5qXoTzlMwBBP1YMoagKUwZ/gGLXDnwxtkTncEBo4iP0GBSZPRpYeX84su+kHQ3iZ7XmpIPjFQWwtnbfJkyExwOaksPIQVWB8DNNfhbqrsGq2JNUzswDZzomxltl70bcK70zNgFMZ6xxTA3zN9OxXHxjhjycP22+3v5Z3/vMcuZ5hmFRjSwTenzLCZdwLsaWWdGqcyghGFAo9IGlVe5Y4EgJrmEWLkyT7AUFpr2w0m3g7WhNsNZT5sUXtup8I+wfSVjwAOBN+V83461CvJOyAMJxSjJUUAA7okjbzoLucCYhYv2uwvDtacb3CZ72UrocmGxbBDabbVMBrxGLTTSl820ivywFVUwrs8jJs/y0AgZ3gve8jhU5/q7MyJK2KhsHcWEKGa5zDr/dDmvoEVvrSlPm5lrRd1z0SW9VTiuidAr00Ikz3oVYcSOECrmWzCQ7eSF2OCCQE836YvQx7jKSF/+Hi5pDu8vb57pwc6dhFHDdp6YZHkYH4RPpE9/EEY+47wAp0lbnzrIcVUcAkQP2XPNkBQhQ6UtbQ1PDYOJ7gJMVAbApQTWMwQ0AigTM5SAIR08yALEEZ9KgD3da6FD29LceESB21D6Z5soAff1z5dh2QjyxHAYfYWgNpA+q/aOGvXsGflkFN8CKlOvu3QB8Ff6NWLWT/p1cd4oTcviO+4RMvXQXgaxkelhXlPEZzgDzZv33HqusvkoO0nEvBPyok5IpwmqjtuDO0IjMBu7dk9svd2t29ZdfVdtDuePB7ERLz7IFgm9QzX0rxx+JVEMaysrYCxvB42YYMCKW82YqnW39vbzLVyps7DdhktHuJvYmF3dxiMGAZqDzgZwu885cUQmrfchC76j0Et9HvA9XeMpIvxpRs3+AqEAAY8guF9efZikxx8aAaQwBceXj7Y9Z16fC9EW4CtHgXD/KEYXqQVQBr+0JsXp0Cc7lZY3mzsjQ/fegN82ktvSPqHEgJJ4y16ifdFF349IWlA98i+RH/HYdxJgHAdDXopzXJ+ZwE2s0jSq0eg8HfM+NIjUDPhr9nklYoViWRFgzT2eNKrUzdDw11DcV/RXT66IlCODdb0tuViJU8he26bg61zEnHOUg24udvFFp82uqAKI6dTG60H7UAic6S0YvjkqA547TiBjKqCT/744nvVgJz0Cw/PpqKVDAkGRV98rRbgcfJLGOU2r1igQnT7ooyy7shc0vCc3id66bB1tVBFFaN1efS6w8k6f7Za/j3NckVyuuw5B1HhPfXgrZ6mhBoamNJZ++FBRpq+cGEBA+GZG7nBFK/BtGCeEuk4t5dZVgYr5JbGSUNV/CDonMPSkJ0w9K0+z42RCzlp9K3l0S2gpeBpZCIIVhl/llHZ0LYVqZ2RSaxIztAM4LuC4tTHLDvE6in3d/IogbQde2jBmjCk+TTOzGBiS+idG2R14jDZHmi/4a1dYazp8J1DLe2ts8fRM3l+TxpxD/OiaPuHkJ2nN+A8NmGdb5l+vVyNs3aF63mjgG45rcrNQcRRuqQ5Y5vcS0MBrjbuSI89iMFIASFuFyo7Qg1ChsONv0PaO9AL85lgJQdfEJoIuotxPyDj7DqIYmFee1VR26PXvH+glAoZwam4tHRfeg1ZYRfpIrJ7OMEziaElkPQbEidZjT/MV0yxgfy3IN0dIidqicFvsBrA20/kfoeK6+pIVyDsxnm6D3mZjPZylNPWhm4fBFUxOB6/F8h1vB6vBvjB9gbIsVMgDIJ7IQoZsKHUIuCmLocHMIJOzHZhJ0uG0aCwBr7yEr8RLIhrzQqfWmouSA1JnXLL5Xv6sMKCTh8XXDznflOYin+91octdFmyYJHMpW7RPBqrXi/RwkBcOAIPa7z1kLQ722Uak2QdDg/mU+4jPk8A2xYw5pqCb5EtWFhPYdkgHkloZ/aUCgR01eZzK/cVMsm+1wSZ1HjFG8HyOUjnhf28ZQ9DzXBbk3h3kgYxKjeJcQcvzO6lKW5X24AMWM4hd1YOlc8Wy4ih12M+FrUbPnNDyHjx3UPuzpStdpH9jbIRLtk1pDYaiq4QY5ldkVVPgZ+HmKGvd/0qjJceG8foQDKhXfgaguN8S9U5wl8aFvPeUU8oTX7bMtN5zXWJlio+8/FUJv2IhU7Zay1xP2TbAUN1MPJsWjXuplCs519Hrklyu2EVFZYETrLQ2XoT3JN5Fk/6JZIrCu0OY9tvVO/a2d0eajTlR0MS7q2mStLBMg7Hh8W4Z4aX4hPWHtsHWcKKYGj7LUembXp7bHU3Rxe4pqk+tJPcgrBEMoqkL+yQh6UoekTMw6YskhxURlBP3F4qpOsm2bUALo1yDRcYU82og6rIWw9N/IVVgK+ucnyBT0HVJpQeVs6Cn2VuUao0PhfF9elc6DTmNkt0et5W6Wst6U9zuxsZ+xxRrCo0qHu+o14y3w5OLtDJIynQ6jE9LSQxOAg9X+HJucDdecGyU04emvwaN8Kih4+kNELS46dezZGiGToGfyZc2l+Sd9RbfEmwdDxkX8C49I9k6eyH3akKUydmr7luapBgHTDNy9EkXVgQNwTvjnXGWMzo0+Xi3cMHYEO5adM7pmwuYe18exj7y0SnxQBUzlKAJ6QuwM3bCdmeQEANrhr80LlK7W7GfdlBHEcSMt3f/paksQ9/m7zh3KXEsw6P6fXadcDQsq6rTNo9dHlpPA/CWNas34SVnDAiMk7Hgm8OIiHwpSe0SXVDpyOCzEDITlWrpPIGS6R6mlCJ0HjYQoWI70+er5QnA2M61Twk1/PNMeNaQnP4rG2A1lSwPbnHdj/fozs3Ktu+mHoPMGYRv7PRB8lWhNEkNAXTuHnjuD069w2RCyvNSzzS1DV/x58gc8PtO748KkdklefWb0EfYiW8C2013VdZk9txFd5TVS1wKVbOYyJdBCe8iIX1UhVbMxzIMak0qYXLMpHVU8vNXZUNxYZxs7I3O2/r3iOSWFEJ1qFahbxskfdawHZ8+rJ1LC8FBUBXifqMdVTvBTIdinw0Qzk4dJrKd7q52sN1Dcu4lwXBFefVwulx64u8eeoWnCdU8O7hSiEXbdcLH403VNjg9tD40fKk+LWwLdFtA8P2jTNyufHHNCgL74p40YQvG1I/2GenzMWagEB/iUadfCNYczWwkI2mgS1RpQgdMa9jc9QkVMvuZ3Lo85SlD2E0tw5cs80Dvh7chOqN4ytOh7bfW7CN37QCMpLdensbWHwkNwFAugNlwESGK1O6MVJ+zaU0665KwV6zvniyr+BBu92zB9rE26GNnhnXEZE+EfhCBVHdyNR31EOZh6pOxXS6RKf4mEO7mDZJkbDxuqxSFjBmvbgkYl5ctqlnr6d0BN5hzzRt5WrX9Q29b7tduMfVIf3TB8GBdE8mM728SHewvHNCOth8y6XipGwXZfMIQ29YkvROOaxDpxMUa/w2WC5nn5t7lF2UNRO6Z/BSp0J66+GB12WJAoSODgPXCYhrJ08HYxeHddQ375zOL2xz0KA7HnsJlMsw8HSQ7Wrt5ULuejjTLlffUriq386hRDQz0ExKGEdlOAaeIbUakvj77shcht2O5fSowoGOxWOp3yPlvNIkEpq3KJ6T61DuLgE8faXh7kipxZc1qXUMiB1Yk+PuviGWGDs0CtXOjPLwJrbkmOQSq9GQ8xK+asu1oIgQemhbSj4hp8+t4LT3iR139j19vmdFtOu+OaZtlcmyn3cC666YUl4appnlHL5iUsiSQ/sQYU5nmYqsSdKuUmY/RybkyL4tbJT44IpT5jzxy3tdz1BZL8kpZetgpogdoZ8rK59GKLAfXaKrln6K+AF/Uig7UMPcjrYhZZaFHCDJ0I1ms9ILXw99J5TE2/TklRQUk0SvSBR3/KynRxeMecBlAOE3YqZUH1FXCfdK5yH7EKVzCteGk+gdjTxhCd5qDoLQ+NTQF/4bcPqNSytpdQvTGUdR904ci5txaW6TVSjP2mpqU8F4ga8e+NhMlVeIkyo2uBgNM2s3pVmlh01phuejn47vOdjJHRZslYkNBjzntG1+4fBoBTgs2+8ERsBP/CADy9L2x8uoNGBUQYCCwHZ9GdUKG7zuIs22KA/87Q+7ekOq+WBCXgHQ/kWHLIpzSa1nGk66tEQO3Ip6V8n7oTeTy90/4E2c2hieJQXJswpIVRbVTzxc6sqD9EXKJK1u4o3SEiJMjy+4FlHZgQXZtQSZTn3xTuY2dyOG6+TGki7FoEdrxAoiroojrpQmrOxKgoeCcHvbsgLgEUcP8pRsHUkcnNpHSIDLn+jYUZQyqJ2DpZGtarat3xdf1a1KJB6q7gRyWmYu6ei5PtVNUmFw/faH/XZq4sLZ7rFvhrFLyQOPGtBwGG37LD7smcMek+sUN+SeRDOzdGkH0ouDxzPASVeOaQXTTX2nDeM70EO1n8aE1wEPz+VXN5jQwrZ5PW480yH0Yz4/cUWZrjfjnIoOO4ywajP3ADKNRJ3ybRHn6npuIwMhJPQd9coxuRdyeG6IsrT1irmaVB/iTlSMt2w1VheiT9ltoTD9ycjZHe+qBeBGiaKBM3G/cybe25m8p1nMl0d5LbMVG/AoR8jTXh6lo0dyWBKDNWK/mTyaoUvgTgIfbqGMaEMt3HrX4VaOiMpetgeLosySeZseuQdbd/RsYRm2vJotH/bk21l0n3Mr7E4HpO4nhIc8iCQivL4uYwLJ0BuAGnhos9YY7iO/xo/s+DDfil2LRp/QTaeOw3LUU31aAvKwFEMCEEGCs2QXA9cnTa0/+kSfEFE7tZjslJ3Wq6UQ7ZssM+6iHJBsoN8JuMg+rVM2oe26F7F4GVfYX47Ps5EQLRQkuOlcCSsxfOxGDg+8TMzGmbHRVhRzZAiqv7KplViXh2VBXPeeg9U4H7/camBp82R462O+1viYlHVoD2FZxjpxTu5+IhMId0BIa8qdaBtIhJWeVw7WA5RhVowOz36QM8Xb25DrjmEP83JFAzBEkxwgfdTQ3DqNPHqAs3o6+RdDxU8VNfaZvjUOOpm6HK79Zcg3dhDLY+LTYqaErfH2NoIkFbSQwXiSVCrwJz7Xo3lMcE0RyE2/LMYGMrFyBp4D5FXT1SQd5sqH5H0iKL0yy6Uogrpacglvvyy2ojfNGs1ybihtVGXjfj179uVWXELrglqeUAbHzlJtAndFhBuvAghuyhM22FifJZGIHUoVtuG19lzl6jvQH4eJHOcLt5AlZKYIIpsp2RsAsUrN5uQm+F4h/3bRQNa5RDgIh0NVwwtjyAy8m/kRMqEwqfLlSC3he/OJNJc0FTEIKETobgL5YSJsyZ6TKHnTQi4lC8hkUEQwc/IE2qny8xGBSFjV6BuuRBoym6r6VOcWbZn3xgkbdyc3iFWxwAV3XO/X68mjNwkfuqQOIN8Fin1v4lCDDlgHcLEjVevLq57dw8urGl03AcBbEhx+heX3nINOGaMsW5qCVfZGzn4Uj/b+LBhHxUO9vyLyrZzZ2Gg88XBXVv6opYXkXdSn/DgTMODdCbIT3PMpyHvnKY0OJJgj8q7FFaZUlXnoR9oTMt0lTCs3hidg5ordHm5YrELpegY9V3189zQlwrTewUPIbR9TojqF++ZhG2xzf5YKJbB3UefJaldBdqI/uwhiOJMq/dudtpTElN1GiDApTWJTU+v67nA13pHoNrdpOgQLIbXWOzXzD9QaGtjjuil7b93811z1JU1qu3b7J3tcIIDE2qaubAZIXLtpU+23OHAZFB5PkYlAMb+Xc1A5TmC9J8abw2UqHsYy8ncHn/CzJvh10pYwXmRqNT+Xo0ro6GtVeG/j3k9xe9xQrJVQfpkays1yk1jc6I5Muhi8FfsgD5qZVV5+zxr8QR/cRxYZdwbFoKU93gx+hjeaHDYCk11fjf1RgvL+vhNlgEWDKLVS/4Rqd7XxyEXf6W2ypV2Zro+rD1KcJ+r1ZIgeeeU1BXSd1Uugn24Lmh3QwJahU2AGB+Qe51zgZKukEfe6CJ7Hi3FpNb46vDE2db7xIX/izufcvJawGOyBBD0eU2n4kcvs3Ln3sQe3jatP7t4cxBUZOLRfCwCDX7hpetSakM+tqaXqly1GsFqXsp1cD/3c3vpWEOImM5ThMYQb6XAWdFOGyWO9y31QYkNXJrplsBNcMyLAhTfIB+H7PAxAH1+p4BssdUCpVjd9bR6Rsxk/xu+gQl+fMkh4NIrWpRQrpm3s9z1oyjrSM/swBRCa1lnQIMF+7a9+LN48dnxLuXxSCgl0/gjF8SmwqWhWGUTNG3UOMebAXnZd06iHvq+eaIe7MqrlQRawjZcfemNHiPG0RciEN4rE4y+pmZQ2UUZhggfiBLeAHIxhR/WJFP11vifeua90TeIFZXQzczMnBL7Ke+TF8ciSI3Fqg2XsoqUWcol/fInLqKsqSLgN7mblZ/WKCqkjrMfqXDCb81SRx4Fc4cLBFwFP/RyPEMGoY+yuRgcp9sVO5lonT4uilB9vgoN7oC0Q85BNUU3mybYChJq5irAOfoZF2KLMeVahgsDaovPH5lANaA7M+7hSSW3lPlNux1tO8li/ku9dBEpeoSKdgZwjGYg2zaUJZaxEgvEarpJoJdpz0y2LbwZ34ib4/vXKzl6OHGyptZ3Svg9J2p2RPpOOpP1eNSMptHtUMqbhKlzpTAeiiqk2/ernvewYfhBspk2M14AN+zzc6CvnhFxGL5g9GWR8Pqunc8wOMYlBpvbGNk6pPVxKRSEUajGkuDr0E29FXRANTlKCW6MttT+BhEm0eeuxHvTwfLk7RIC3jvjjvTw4/N5vYwCga8Iq/AK6AtzJxe4d4VaY/G1duQ1RjF788MnVXICMxLUVls8hL1JNO6KzivIx4Aj7bi/c5/hGsP7eXe6M0evDJX8Q9AnnbaUO+expxCNc2TOuxC6soSueB+TSqspsjNMDag/WGna9rnecfzum/B4w2Pm9dy5njoWLLocNhFgSKeZk52AZ26Lm1vkB5Bxn9UEuPsojfAP5kS5wsFFAGGHUGWoeugbDJB/4Submnev3TPsZcStXkOzhY3buhjxR6AIXiPE4YIQ2BLcACcpGLr1AMeihyC75epNMW13vJ8HNL5Hod1DrrBEWe/AbfYVZjSp+HRBJU6PXfVa1apAtuJf5+GrED2MOueeEd2ddN1IMF9qc0VGr7p74YyUn4BRupl5N7hG+3crqS6BHgVat5RRp2oUoi5rSUImXYlEmnqlw4B9dtDp+4REy5MedXp0ODgj+SZwkMlRBzqxieLEQxqEi6LfHHqjbKDNoVU1yZqMyUviGVUHS3Gf9PaBpKp4eIJwqzTJtey4+DJKDFQAKFG++qXiwHspnVRCCy3v9dfkgeCcPSrkscRz79ydv2Fb6KOC+Myt3AOCAHMPWfvbmnniHGUTfGjdZtp1HHb1eKP8ICUjKnHnrSMWOVr3DKNM+y5xyS1xix871N1xM78003UXvfAK6mjavTXiJ+lp3Othf5q9Z1BHVwhZBT29G00MRVplws71jCvHyo5FK0e6ODzb5lOF9gksA4mX/tajNSiW5EuapGkJs4Gti7oKExO3NVMObc+tN21Nf63t7B4LcO5OCrQsdeA83X7RnBdsAlCG5rSkzbgqGJhF8fERmR6ZmxS7tla5Lyoj2wKiUh9x0nNWeEvy2pqK+OXL3nnbW3YIFJqrWHnB2HizvW9vMFT7rqJ/sso9Vha2cnrs91vzWi7ulncabIx8TsseRG4Jvys1h5hOKA/m9V289/1pXZ+1W45XmEt4ZfyIZPq/n/pbKqnRONtGr2XCctmtU4vMGia5EaufLvlRjjjyccOpkVNYblScPbx5WZ7/vuD1Ww9g4dQkSQEefmORweG0ttQ5RdaHDdIoqou4Ldzs2dzVZKbZ4ALZKcQzLQgUCL86TOSa8p0x5rEC1eyCb7sk4DrKRj+fuGjjM1owqBldHCD7Z9rFd09u9Hq8wCBRnkVMgBNrQ2ZgBr5XDXN1CrYvq9zIcQYyn655CtL1zAAa2Z8V/WLnTKavH8rf7isflyD3XkexjN9iOKGP3BDV5h8k7ZSBQ4wcAlCT3RE5Q8N7aoTcP5FCQGU6nlUB4XoNJP3acRLLrP/OZvju/fGa2otx2PGfOJJT79sUf+hSAVn2IjXmrodguM/09H7w+lstI6SuOz/HrLZDWcLyfmL4817YTnh5Vn5EUuSQljh/IcZFC/9SM75ji2mR6bDWZT0w82crVuidurXS8oUy639LpxefwEN2dYLHt3GahxtE5kwnWUbzPZoGxyWWeomEoRZ17T1Uha1Mq1Gv1FiZB3uE+anTW+2kdMfGyb2sNkB8BHE/XaKM9KcprgSV7GLdAe0VGk3G0zUfnneFabn/vkIzdNNLbJgA5fPJIWeQRroZqrkkOUWdV7YRly6X6GDZ50hLDcZnUgUcY8jVjV+PPvCoQAPg6KBsPSvjO9YqHd7weiXZTz5uQortUl6lQ2YMu4coISyY5NsAQ6ykxEsWuANrhcu6qAsPt7iOjqA1aXEn7QZZiE753O6N2kKahsa/rcGocezRI7FCXOXCiliU1A2mtUKkhqb+mgrqRgbjYAhJL3hPYu+qMac5L5bGkOEkNr++lTL+ELA3P/egsaHHsBMSVt0AyChteuoXPK39Ej6jUztiSqzSZcUcTkxz4mewh1GN2LjXU4dDbioNm5PDexs+uVZY1QG2M8j5KHEatmbd2p4NBPzj8+VLnRAbJINfH9e5HaqRf4sv1eG9OelGcJwkDmZAjZvdyM623Hl6J44W/x1RCHgMGrmMq+G6WY6GcjfGA2sI3wwVudK6AsyWUGWou2IaZyZ1XoGA/YN4Rsw01K97bp1kl73yWDZ7PXBnOnQRScWI+R4m9aqI8lzs0hAfKLJLDFMVWOLL65m+PoIUaonYxaeqvp3oM2i5tj957ZikvNLm3SvEG2SEtNmm6XksswlAq5PE5yGxi4hu+qqJWUG+l7Ra4x9OC9DQy2XxQ1iiPPfAS3ik+uex7oRCo3VSkZ+I5tUyALDV/uYr6ypnxCeiKJ7enzOor9ya124nXV7G1lt3qYqN4okQuPLnHzGKuP/e3KtzfCzQjHB6koiVq1LcNuTRb52n1hXdcYncsJFa8HefxXlwyg6hCiahpVVxbAk2s9gGfhi52cmw7P/n71Tb6tz8Mn/v5XnS4JarPpI2qZzj+cHfYvA+wSoNoJ5qzCqLc4UDpHxP8h0km9BPIXoXCkZdFJrQvO9M2iET8GX8l2qGrBqhpSMkdpf0KUQCAYVdoQGd+lx2qz9b2KCSKEZ5lhY7xinlYMC7HfqJotbmN+PE9wznFvkw41kmm+DG8a7HitWJ71ajyoF2f7nXhomxClbITL2yz5eOUnQeWC6TeOkFOgp+Jcxjbvn3oIF+q37neQ7Wtu8fROCu2aiyHd85ZmpW7+Lh4501Fl0suM5f1QPQgYMGKsKt4Tq7bCwJTu9QfMn8P9l4pifUNlmKl5Z0OwKMgWwS+jEDArgw0viguGUYZ67ZFlVVOebKjmJySIsWxJ7I/WhfX5GlIHqM8cSKur/wpZd5DjuYD/Ahr/CgtuazyK3WH743EMrg4kyOsTBXkatsJSba1daoevtTVbAYtXlsLZ5NR6xSWOQtEt4Xr9s5TVLvBHlnFaLmipIVLPkwqWwqGf/pXGcRGp65QGN/YOdB2mXLSWSYW3HEH7npAt+L6eJbCteerI0Zev1iKIgo0I8wmXeeYUW8WnqL2ShZxPO/KJGlIjbejl7ZWGZrPG6mIvnpfOG1AJ3olY97Yjou3rmRDoqn8niLYiEGFZY3EtZ3NSYhwhJjoI7/3/TbW7RFzMaayLuNyzKXsftKH+dpcHgLiRTWC3Gjk2qaMGMQd5LTJ/dsdQWEDaywslISdiTA/Xkl31NQrrFeckkwiBFNBqPUykC0RR4lS14xVoabTN5i60FZqPy2x2VZXX9+zxOehkQOvXtYL3ah6YawjuoqGMAvwTaBb/PTaYvSdPxsdSgxcxQRcfcXqQFMSWC9hlL57UZu8QwAjSHscr3LlsaoECOIRq3pXOTflOz+UrFjZr0MKd6no9CCrLuWoR0p23853MvPs+7dmqyxP3HrnKdU9uMNGfYvD9cc2PMEK+WHDCcA4gf8FMgTHD8gghcjz7oX8Oa6ICHKr7J4U+XvIQqEf5YKYI4zAivBoa8QgLqT58KZEKyFCO/EWdElYdirlNa7KgKyT/YI4mwdnAnW9OwpG2AM/ygExvBOfIPQYJ4KCFXGS0ZFwUqqt6LKmygVBYBkmEYoe4WsOGZp2qwx/xD0lLQfcvYD0vzuxI8nZZlCsLqtc3lvdiuCJrBvh6+W6qIZ9u1s6LqEBCKOvrW5+bIzKDJK13AgWAk50qIhcVHual1T1xcbrEAI5PllEDrvH8s4CyqG65+vlxkb0nOk5pak5n0IxyF6SrSV36BF0N28E1g1gX4dOut5sjzL17wZbKIzBNzfKxwtjYXF3f1uKqLobk4qe1MD4Ey7TXitlPeJJinBingSYYzoZJwTOzuqFptkCuqqp9bBsyLovvXltiUTmvZuStdFJfM9wigVtEFfSwXEi0aCwcOorObQFEvNoYDbi4zjehjPO3paOkzlMuqbjM27bmSXEnFnoE4lAyu12UJMShd77YI3Ykk9Wbz5k1u9xkOgOU+PH6M1iHmcETxgnW5lrPGdXL+hUdX2yfHvO8806AQlZOA6Q6FZ3RTzFTnT5Mu18Qi3v7rKz0eZj4SJRs3g8fuvQI9md4JHpK01j6upa6KYrLfzxHiY4Cjknk0Rh1amNyzbhAUh4r9DbUg7ccMyNu3m5He68n09da2NBZKxEEF8iWV6O6ymHRr0QWIPUo3AzePp+6osL78anV2om3FucQHuQTXnpt86hyWSFsRNDizH3cH1NkulHGGccPIPfwIORKQnkbt4t2AnWq1bm/gjYydEZ++GBbxrYqqQrwzvquWzXmNJjHZs2Nw7NVIG0kW58K+wLfuHOW18qz8P5bMqlUi0aUu61cPsxqieT/bWCfmHfyx97BB8O4zvWYvxHrM0cVRTX8uhv2cORaf6sX+TyydAdIRcLL12HDlfOuU8Ch+EepqMLgl5WqbL/XkIqN+kSfNkPYZ3R7cyIV+aDR3eQoz1sN37N3MUvYBb5AJilb0emBpRInaIcn93kNsO3m1bk73mbFG/mRKla7NAuACIRTq8fkHEa7hQvidYxPUo8tPNXNADSztFHc0nNm61wEog06xWW07hqiBXegGF9QQ5DtQFNMU8ppGXLjb12r4mJq4NHPYIKFgzp6AgfTE+MWu92TAJozCEnx7vuJWHZwRMZQRkLOOEiCt62TBWQKfiTOeXUTCBJ6UI+cIMAK911eIWJHl7ovAetn0ASClLamNAOcK9DZo6VEbycLyt0nyEbthJIf89wzq+N2gnubtTHcYicrJnX0veeC/hFg4H0rkDHFEDztScbLnMZ+zjyARfHCLdruObgjU4gDaY5553e0pJgY7CnAccQfCmcbEVMvqYCjkNSkpgDwAqMv0rRvImzVOfdPrppQhYY++so4+2q4dGIvlOzH/CJpb7lU6FqnPHyiasIy9E0tf76MXQHBiw/oyR0TPLjkKbMAVOk8Tu1fG/g+dBNeFdfGaemzl/Cx7XYw2MCwkcYA6101wqErKZSPJderlL+I+3c+pd2WvT0nuFsc/+Upm0Qfqy/BvJTNP2MAMluwV30sBe9lPmYdEkZg7lmO4MBYIkvEIiyJIHCh52BUVb3euqllx8ET0mGz72m+tjt73nkYd5RWFkSMlXIA0yN/UODms5U0fTLOakYX9sQyXLeo4GtNWvZgC8X3Zbz83HP8NcYp5etZV+Wi4CxHX2r6Z9t8Di8doicH86HnaXvrR0cMDYAgfSwk8HX3bPtRQtfJztYgKxPO5BDoLz3aE0ohuTYCMkVyF3Q/BfOi729zS+eQ4C1hNzPQLKp/KNxYSn0BEPySCT/8ZBeX2/0xbHi9EIbGfshOstyJFp0yFAVR99avwxLKYHbGNKC1cTX/oclbc+l56WXDcjpcD6l8J6x32YBdax6r4ky98tEmeOfgAs7wMye2Lw/bsIfPUpRzvB9h4E3nuHHBlO32zsEJMCY7ZiRJ2tISPwGF2ECVSVMhOMdPn1/OqLxdjKfobYAjdcyYMCWCK/zD6892x+nLl5E384BUH4R/Tge4bR86bcuMbZR3U31Bo2un56FyC4wrsCXXZTEw3HiXMt6+iyN01kZBzlcSycyzxFy+xJTmI9zHi879Y4KiGAPAGnw9OWeNK1mdolrbyVjUjqKPaqy0CX1Wuq4Y/FV6bVeH3H9qleSN8L1O0iJADo6eNMoIIapuAQTJWwmUHF7LYOKsSzPV1IM4EXHZZgY+AqmxEKAVV5YPQqHfIBg9gS6zNIMW+l7EuMEt+wTxpuV9JM4qWb6hs/wuS5ei6/Da0e+ZkhneNdTMgbuB1bjixae4PNcMnC3vvbLquKgwepNy/H3hCS+Qr7G5NgZKPPHeu9y6YUWhmk2WwDRd8lXIUgQJmYmBegxQ73kJtQXQnguwTdtv4Ln71zvXSgBhVpAAAFkSOQIaQVcC3h/DOPjDf7zDTkQo0nwlynT7Mvasgb5SiLUr+bMBUTTmeQgE/SGaTH4PewnYMu3w0bhZw1gLOqqN5jQxY/K7/nDGqvxfmEmH140/PojoXxw3lzySY8rkHvKULmNaltVdplfCVIoxkY82p6PHoumK7LmrTZSZe7Xp5QWjz/ur7Zjfi/w4RXkr/mzRw9CXg6u6hV5HxjctIm975nh+PbYBfs8cjtA0UFnxIvExQfIJEWQpgubny8UziDUEesx6jHUz1itdPQ6taJnXFk2uusl20wWfwfiQTz4Wn9RbLqMcBC1bgepfR1buuh478EPe4XCgY30as94MOTmpegKESb7To4JJWBwpE1Ki9KUZLLzLCvn6sS9l5D+oaesOliVN6JcuWTFHiDjFvwvs3NTkPGiqTLsflHbWE6YR7iukghdq6OqHI4ZUsyNafYYWQbVEcbEDWSUkWkbdymSXDUyHz6W+8fKv/FvBMvd/NC5zpKw36HrSbIW75bdrjLnJaKGKw6fY689mHiGqkdKy3wf906PE220fKanzREtvEOtJ2OnU03/jnogB9po5M5r7QmrtToa2Wm8pxMF3MRpxXufxk4Ye1kEYhuMXkzS2Cxsz9iFVXtQYXGPO+XhgpAtuGfqvY0fLt1rUqb4XYD9AnkdB0tFEr2ZRH7CJIYk5Ss7NM21wCclDHxpi2uA7vC7JkBxUg5Ka6VU1F2uApzXb8DJP/xJ1WWZA6oCEQoahP9AGX0fpGBNI+dZZesyw1GeTDPbIKZA6u3XrtMQ8TdVBa1F0t0S6UxVp5GpCFLOmpviPShLwwfIFBtpb+33/sPZ3xQKpcyUVashmuS0r4ptYpX+hkRLEegFSXOHfiwawvDw+vQ6w7JXlzp4bbG0som/E1eEyxDhoiHvmCJL2HPS7llGxaqQU2p1XJUUjyo8CK6SgYD0GhA535XFPUPeXAWGpqhUMDZQLbdjGiR2Juocw+9a6HyZxz5Kyh27LLPA0+Y9jMaBDaVM3RMq1/Izro0m2a8mOcBXELQeU51Q9yH2HZnSqVPJFABubhtab1oLl+9dBPaGpsH1WM2GGb62xFYzczGE/DzirnfkzaPRq2uTnDM/jIB33CcZCvKtOO/e65DRruHWlOwU2eyxY753EYyD2OPOMx1PGQ2SCy4sLa/P4qN3gETqSl+evEVkSppr7CTq5wMx96Zq4/IvHsf9Dh/+Pc7uHukB3hZY8fxwvk4Dgx84RIO8OICFMoVvwh5ew/cJa0zaA7gccYjmEvnW5fhBfR1TQrzqvh9nHEkqQSgvTmjZJjnC2qjOst3VcLNNLyddhZAMRQKeZqJ5es8SA98F2Q6eVrOwjR0OWWlYw5VTycX+MUmpVTzEetGa+DMeHcbdT0oYd0e5k04xPlLS4LZHyboa+ia9V3zEXiTGe7cVD/EWwqXWaXMIaRJ58U3GVjykutz2nmyxOIcLRljh274dE8jF4I6ud+50FxrZa/cJQhXkvcWo+gcf3f3pD/Kd0fseyElQKCgUl52epAn4t0ZFgpoeYguOe1fxxE3Q27y5Xl3wXlKqr4O0GQHUHMoIrJuKxBqVUes19M3DIzTYPZk8RsktoMvNqlUnZFwPQHnLxRcxC6DAe65GFi1QFSJ79aeQ+Duj/3MQHYa971/f9H43089eSfUXvNDsl9959Y/5WjNF+dPvJ6uqX3y32TDqcfKnaw6vV23B375pCxT/218mxM7jX0KIneN6/COklGT4+5BS/DpL4mEUx7j625++ek1RvhbrYfTrMBaZb8CN32VZ9DWNowSJMzR+IjiWRlEKO5847oicUYo80eThQ1Q/rvozskwTTq/37X0hG/0FZH9Q9Wdkb332zGq//EGZaQK0ceaAkNThCGhyzBnQRo80iVMIg6E4Ql7Ib2n/Qv2ftaHHdZS9NOpS+sPwTds3TfJ1GyXf0vjJ858PPe6zOQapQlP9PV/F9vsPDfs6+56fH4M6Hl6T3uTxtyFOkr89Esfgt1RCxb8NksMpQYljfMJOv4d/VveXSEc/FwdOMgRJYEf6QrAf4iAvZ+qMsQx1QE8ETX5LOfolVn1PufkHS+SP1v+lZvo/KpRffP4Tv/JjqfxcZEI2jE2//cJ79oy4+8d5z96H7X/thx8ubPBBV15d/8G9P14p+7mJ4uifF95Pqv5x+ksa19+/8hB/vfIQR74+kt++8vAHpf44kaFJxsXvY/oJhPjn3334S5X+OPEw9UEiFH0Df1vx2xt/v3jz74fM/rz/+wfL7Oevqfz/vczed39sft/a8s/N9Ysdfxvs/t0aMoi8oFZdcE1ffcNWQRydN+CDYuCDwvg12h8V+OM0+m/r/EUd+PydT0yyMtb8Mf3m9frYf3Pmf9fWz2/94XfPfql5+Cft/zs3o1859ivHfuXYrxz7lWO/cuxXjv3Ksb8U8P0U1/2jTQpl36PdX55M+UGB97vvf9i7Hzz82hj9fpxarW9ezPlG67N6/D38J0r8Yw+ljf7IHBV4ALqO/bjr4ObXoCfRFMb9F+SvMdznMgt6v98+o8jvEPT38I9K/ckOv+/qDPfNXwOhffunJv6Ihv0jf35t5NdGfm3k10Z+beTXRn5t5N+rRv76+z9WFdfRH75avvrX3/zd//k3jni5/BtNv3GizH76zW8+ffobQc7q5q/+2adPVT32On/+7Lje5//wf/z0V5/+40//wSf00yc/HFrF4MzX38wS2cvnART69KPP//O/fPrN6/t/+q2gff786S/7/Cdh24+fPv1GA9dYBMANuP6vwXW5jO3r/v8Nrv+zoHhd/9U/fV33oIPg+p+/rp/v63/1UeZ9/V+9rqOqjsD1q89tVEWv6/8BXP+38xSD638ig+v/Zs7iBVz/z+D6Py+nKgPX/++rbhX7w6dP//RvXvfHOEzBNQKu/6Y39Qu4/v2nT//R3zx/cB384HqM1/E1qEvTbv3rr/F8/hfhv/yMUhT5WYiXMh7H32pAKH4ffb40VevX26dP7zF/fP7TF28/AyYTKEUQvz38Dv3/OHvLsLjaZk10NU7jFtzd3V2DS+PuBNfg7prgDsFdg7u7JcHdJWiABA8wvN+e2fu75sw5Z19TP3o91yNrrbqr6q6q7h/9b0D9fy7+N+Uf2/7H6Lfav2wGejf1X3P/p31OhQDAd/OGTcJ/zZllAkBrOADgrf7XHFU+AKC92a3l27/p8+4ff/m3vx6zsTRn+QfQ/5T/3w3/Dfm357H8c7v/hIdM6j/+8YvsH9zMnezfei8yt7eYsCRj/t+d+P/64P/5PZj+s20k03rzMhvHD2/m/p8/k5HZOP6/GfH/8tj/Jv/h12+CVfwCYBuzAOjfsAHo8ykABgsJgDb48rYC+k+7KSJqAf9Enjbp0X/4/b8E9P+8K1T8Px9uNh/+dU4SokFm7u7q8R9r/4QlAAuAATQAG8AHSABKgA5gBjgAXkAQEAOkAXlABdAAdAEjwBywBhwAV8AT8AOCgQggFkgAUoEsIA8oBiqAWqABaAW6gH5gBJgEvgMLwBqwDRwAp8AlcAs8gUAgeBAKCAuEDyIFUYMYQRwgPpAISBqkCIKAdEEmoA8gR5A7yA8UCooFJYGyQAWgCtBXUDuoHzQO+gFaAe2AjkHXoEcoaChkKGwoYigaKFYoPihxKAUoDShDqA9QLlA+UGFQn6EyoAqhqqFaoPqhJqEWoLahTqFuoAFoJOh30OTQzNB80JLQKtB60FbQrtAB0DHQadCF0LXQHdCj0HPQ29Bn0A8wcDBYMGQwzDCCMLIwmjDmMC4wATBxMFkw5TAtMEMwczA7MJcwL7AosESwjLACsHKwOrAfYD1hI2DTYEthm2GHYRdgD2Bv4eDg3sHRwvHCycLpwtnC+cLFweXC1cH1wf2A24O7gYeHx4dnhBeGV4E3hf8IHwGfCV8N3ws/C38Af4+AhECKwIEgg6CH4IgQgpCGUInQgzCLcITwhIiOSI0ogKiCaIHojRiPWIzYgfgN8QDxCYwBpgULgzXAtuBgcAa4FjwMXgf/RkJCokDiR1JDskEKQspAqkcaQ9pBekDGRGZAlkQ2QHZH/oxchtyHvIL8GwUFhQZFDEUP5SPKZ5QKlEGUTZR7VCxUFlQ5VAvUQNRs1BbUWdQLNEQ0ajRxNCM0H7Q0tEa0b2hn6IjoNOiS6KboAejZ6O3oS+g3GFgY7BgqGA4YcRiVGOMYPzHhMWkwpTEtMMMwizAHMfewoLEosSSxzLFCsYqxhrEOsOGwabHlsG2xY7FrsGewL3EwcbhwtHC8cLJxunG230G/o3kn987+Xfy7hneL7x5xiXHFcS1xo3FrcWdx7/AI8cTwLPFi8OrwFvAe8cnwpfHt8BPxW/E3CGAIGAjUCDwJvhAME5wRYhMKEpoTxhA2EK4SQRExEEGIfImKiKaIbohJiN8TOxNnEg8Sn5G8IxEjsSVJIekhOSbFIhUhtSFNIe0lPSHDIRMnsyfLIBsiuyQnIpcldycvIJ8hf6KgpdCkCKGoo9igBFPyUVpRplAOUF5SkVIpUflRVVGtUiNS81FbU6dTj1Lf0dDSaNNE0rTS/KTFo5Wj9aGtol2nQ6ETpXOhK6Sbp4ej56O3o8+l/84AxcDNYM2QzfCNEYqRh9GGMZfxBxMsEz+TI1Mh0xIzMrM4swdzFfMOyzsWRZYQllaWC1YqVj3WRNZR1hc2bjZ7tmK2NXZMdnn2EPYO9msOBg5zjmyOeU4UThnOQM42zisuRi5Lri9cy9xY3ErckdwD3M88vDyuPLU8x7xUvCa8ObxLfNh8qnxxfGP8sPwS/IH8XfwPAjwCHwUaBH4JMgvaCVYK/hSiFbIUKhbaE6YQNhUuEN4WIRMxEckX2RYlFzUVLRTdFaMUsxArFTsSpxe3Fa8Wv5Bgk3CVaJa4kxSQ9Jfsk4KWei8VIzUjjSmtKZ0lvSlDIfNBpkrm8j33e9/3fbKwsgqyibJLcsRy5nIVcpfyvPL+8kMKyArqClkKu4oMiq6KHUpQSvJKyUrrytTKjsqtKoCKnEqyyoYqraqLaqcanJqqWrbaIYQd4gcZVcdSN1avVL/VkNCI11jTpNN01xzQQtMy0KrQutOW0k7S3tZh1fHXmdQl0LXRbdOD19PSK9W70ZfWT9U/MOA2iDBYNKQ19DIcNyIwsjfqNkYzNjVuNIE10TapNPlrqmJaaHpjJmeWY3ZpLmmebn5qIWaRYnFsKWyZZHlkJWyVZPXzg/CH5A/H1qLWadZnNpI2WTZXtrK2ebZ3dip2ZXav9tr2dQ4IDiYO7Y6YjnaOQ04kTl5OP5wZnSOct10EXFJdLl0VXEvdQG6Gbm0fsd+KqSl3Ovdw9x0PEY9sj3tPLc9GLwwvR68pbwbvaO8jHxmfEl8YX3PfAT9yv2C/HX9x/4IAUIBZwEAgZWBY4EHQ+6DyYHCwXfB0CFtIUsifUO3QjjDisKCwvfD34VURqBGuEUuRgpF5UTBRNlEz0ZzRmdEvMRYxE7FssWmxf+PM4yY+sX/K+PT62erzTDxP/JcEuATHhMVE0cTyJIwkn6S9ZKXklhSylJiUP6nGqeNpXGl56eB09/TtDMWMtkyqzITMv1nWWQvZEtl1OUQ50Tl3uRa5s1/EvtTmEefF5j3m2+QvF7wvaCmkKUwrgivyKDos1ioeLeErqSglKI0tfS5zLNsuh5QPVfBWVFQSVcZXQVW5Vx1XG1R/r5Gqaatlri2oe1cXWw/Uu9effDX5utig0DDQyNdY20TdlNOM1RzTAmrxbrlstW7dbtNt+9Eu3z7QIdjR3MnSWdZF3pXdjdMd3wPuCet57fXpvelz7jvr/9C/N2A8sDaoMzg/pDY0M6wwPDYiMzI4Kj7aOyY81jUuMN4+wTfROskz2TLFPdU8zT3dPMMz0/KN91vbd/7vHT+EfvTMis72z0nNjczLzU8uKC/8WNRcXF4yWNpetlj+uWK/crXqsfq0FrQOux6zgb6Rtkm0WbhFv1W3zbPdvSO1M7Wrvru2Z753uu+2//cg7BDlMO2I9KjiJ8fPrmOZ4+8n+icHp86nT2cR5xjnORd0F02/xH5NXepcHly5Xr1ex/3G/132h+vPwI3qzeatw+3TXcw9/n35A9/D6KP249GT51/4vxnP9M8dLwov668Or6+vFwDqv77LBCz6/qkfXteAsLf24r8tUP8l0P8p/2vtX8ugf1/5b8prH4CBAGICMUGDMAAoDBA0Buh1CPj5VseAoGH/rcaBgYWGQgQDIHgEJDgQ8Pagfx77vxahYUBQACw8HAIi+K1JgoUGwcDBw0HBwiCjvekJBQ0DC8DBI1xisCOSi6uZYmK5BCcW7GCDv/b/uKLAeYfLQdnSiidhJunlysndbOVB+57Oum0MEkKlQR1OU8r7wVM2Cp/+7d1AUDAw0DAw8EiIsHDwb7cFMKDJMWFg2cXV4Exd4IMTKbAKvnJg90uYuTZQul3+gIQkDTRyfcRB2CnkNA+loqbhUed2f4crOWgRNoS4m7wnpdFk+boKIEO/aYMBjQGIAn0nnUNGtg0WCxbjlePJmsk0VTRKJ2LV46q4LTUHDIopSBvq4hS5Fvmq4HpdmD9JAMJCXyqVfF8+SVYztVx1NZhSC2lRI5MMXVSgWUD+r4wW7Bk4S7HPJTXY1ppGQ76LXF2Skj37XrKhNInB6oXkl7sllZad8y1aQyNdpm4dmmdHQzIj987FnZZlsm5rmCADnbdiRUq0LyP9vNw0PWa8pVYu1Ty+WIogI52VenGcLPlAlThN0x4d+gl6ZSqH+DEd5q2mDQthdZxkuUSllg4+fuyKBoU+9BEF5oLN7FsGICNXlfZSCKWvHM+qzuTW5fjfFNVSfJvmrYBqpAoyXHAU4pPH0qWXp2xZO+n7mBm0N6IIWsZxppZLDfb1T7WVf5cEkrLd8ZlIpoZyrAqe1caigvqkRKOBillPp/F9Yn6ir1CUoF5XL1o7tKcmZWyaASryw5Z6mrRiOVj4y0kWIlYgqFNkIgsxORC401JVzLpEsYQZr0+QrFpRE+eAUJ+i34ZbqXGUqu+A4xpsLSnUTipTkwgg1OfgCmLq4DdF5zEW9bniFDSLs6AHpKjOKhN1ucvw8SJVF2Q5+v4kRksJEzdLUPdXxw1vaVAk9V1zYIArcH5nysuGwTAUa88YEEzYNlj9L5X/HQlnlBsy32I5sOFmVj3OdSpNg1lSNawzFp/3uLxRflWwnITPuBivZl8KTQMkuaUWltrOCBOS3lCj3MCGKcZy0o2YSiMLS9JRrwuZrWf98AYARC4pGL6usEY5iVpM7BdxZ6W1lfydZkgyhVNHGdXE9F9K3RTZae4dgpwqTrasy09Wav+6yLxdUi6qx2eVrAZUSQRd/tq2K46LlS0LVtJJZYolBBLUwIzjJQhUgietUhAQVMeq67kTo22L3dOmF6XMNNQ3aCckqNErcY6pCMaGulPlJeBOKdC3NBhnDQhkFQ0XJBipbjAp4U7eEElCscTRtfk/eEA4sw7axxJbiwNWQx3wVA1bUpDTHzUghSZJldXSgAlf2GKY5aSNKKyOhMOE1cEANQnxmIre8w5WB1HCouRtBzO1nS4dVuuGNpRUAnQ9Q7/PWHU5Uk9dinxa6r1EjRx+XDnSxkXFJGOW5jZx6/xB4tu1ungis461pzSZPev66XkB32J+ugtaVw4nJRquMMTKRvbN6+mZsyBUlYlvls9X6KhKIcEUT0GEblzRIIvm4MRydkJNqExAzkRPbyjX0uGKGj4hKBFQCKVg93eXVzDx26ehucCBMB7RdFtIGD4PalAY4KNHvHBxNGyPIf8DyRHzLhUNyoKe9owsR1Z103/GxQ2ZlkVCgdZjCWItlDLk5pMO+EGWz3mPmu5/4mGWHqgtjY7aEPa0f8Bqotl3J3//hQOSvqYN1VD8VNxntJnVpsPhIxejvEmc6+7zMZEaOAGqwk8pGur/hVtJcZBRX9WsaiYZVkv1OxkOMVp3fbrESH7jIN9KG45Cpx3Uxyx8/NIX9LOKCQuN6b+kh09VHJmZXVZdwguZilNzTggalhxu+PXpjVu6cpkdE1KhK2flxVmhlJjwVr/cNarz6PESJCrf66YmRvt22DaJjJtYQqmBC1T9DvoTo8V8uk0l38DDwm1iKNZSsiFn93T/qDoxGforEa87VUJgANqIAxqrGurtvJBQMQ3LK6CEHKMQepGIx3ujOpYOv0HGbht5nHaFiYGy8AYtE4olty7nvzxJDmzU0UZUIndAQ2/b54rJh4bPr3BWCIJT6VGE/HoD7pROpQcdsnDMODijCLl9iyfa6oySE6AwvBifOzmls1u42QQxkwrqV2F4WU7FG5z1DNviydT0gq0LA2OiUhmIJ1UQaakEpGWS7i1/HfpUZsZLFAOmWhsdrI7SpGaOfLJbjdkPLZrbBBOKA3b9rUpvxKTkBf/GrmzZXnCFyWwp9/CNTkqWNOaLqlQ3GpbJEL4JmKLjytRjKrYURH9JDbLJiMSM3AUI1fab35DdaILHK95I9DGi8n2HAVeUwio2RddQG3ciXm6OoMBJmCuHBRyrji9DmAL0ooTZrwKMizA4MbMF2VPmwQkxk63jtcIIaer+O1lFwmcuHqKDtxGy0fdKjF/Jg5GIuJFl7tqoHAsD6pppqdi8C0Fv+nK9IXDS55o4SOIckr6MrUpPp5hRglEImkHO8yMrqZrVjhB68zVL9LdYG2Z5CdrGFqM/gh9Rhlz8BJPpXe2QZbIrnBeC6PQUIR4/oCa0GpypDRD1ggfkYUk1DZgqKGQ1bk+qwosraFeooTwWyi1MqILkW9RnxG2Mg2wlEA1mLfQZ2vupMNUsUZ6xZxUniDZD0JFNb9VqdDr9XwxTPrR5A3J3CILpNasGd3gMqBZBwof+6kT+PrJBSApG9gckCRxxWo7q8Mfr1JxJherAfajHzvHxGcEfAceZi1zVmtxeTeXSNbrbD5NGoh0R1s2GK2tZQtwEG2yURREi34vnwh5L21gZhNkwugv3pcSkYHXxtA7QN0HPvJhyWIEqKE+ndk5zRndtrrXhVXuuY49KfTQRr0ClcGwpfp0jAnx45/Qf5gZT4507di8hy6/UmiyXKGOseO1D779yGdPlRwac92sEKvuu4LKvXSRuq+Y5uwZE9b7U+nwkZHRswX6BbKj9ooOfEzHSf7cfxYGv6wu+jBfLN0dK5zn7SuAlC5hHCT6I25uQSwnpfxYh6Zi1fTJvawJaGiWrWnL1Fvp6JyZVhKx+O/3qmdzA019rdei4mbVJdX8XO78tgvwQ7m0aT38ZkhEUhXqJjgECoQxAEUNBERfocXTF3Yj34xBRU8jXypnMsqvMaTJYHFbHjceXVslRvqU3kjp/jepmn7E4FU3VijQUcnaGcMvIsLBh9L2BCKl6kQeEFImISWM+sVksrIArVC4OhL5JWWRjB+Tqeq4BCbMnawtTBAJU1/iGcmnnJLbrBDzhAkkKdHzE2N45CQp00o+RA4J3mjafrNQ3yIBNbvFFgyy5GKPKtkdLr11TWFZVNSCV5o351IBqDKEdGFZNdEQjvC8crmlR71QzxOV6I8XUgGJSfH55IujCqKqpsX8osfETNgKHxQFttXWwpUpcDtLpjf+8GCOdnjLE52RHqkQuGTv4sirYCJORGsqncud9ToENvToWAnY+DVvUWykZFRUvBgAuGAQM+h9MohDNrAEcqj/ElkiqGtu0C9KrKvswpTry4+QbswVSpwieFFCGW/cDanUujbeo5+2Qw8osO/h7ibq/cfR/zcoGbJo7N7Pl6YLWA5Hhe++Cc2ImlhtNJqSttKU1AaAPbekKb6MwGdsTXPLzFegXuVj9qSWo/fXJBXbjcFf4RPtmGhLIMzvH9sKoXn3tk7vVxovpcH7SH0ju5d2+7V/oT8Ev8COUNhkL+2AMN4jHfpO7oBW4WKddr/f5UZo9P7O4qr7vQGD3uegeoUX1WenFYs7wLPfJzSmztifaeIfTwPRi8O9D/QmqIdqdwFqspOefAPe51m6Zvf13gl5OGyt9vj5cS8+W6/E3wjhhpGkXr0DR9V9RT/ArcEyz5fl42PAUYFYYkD71vKkz8aX0moCGPsHclgyWDhtBdhwrxRMhPsrvOBxtF514A7qzsPn8FNc9WbO1UO27fuDgx7xS8FGhcJ67jcdFd/Shoz7JFFPwH5XKuEUW+Xjsfh1G8hPLK6+hq9/WLP7bIujQJaL7KWCHrZ+jXnAXwly+Io13EqqGXwvc/04G5Vl3qhTdHX1ZegUiSSYWNUrrPjYdhbPoWhI783ASvHiSItNyra4+wdnS5E7GjVXqD45coO5iz4htze3EB74r0MCgewWOqI5RXz7dJi8elRsGbNIvbmwdNgQKKZv3vgJhoRUSTzT3WkdUvWXlIp7MGzCBD+9/jtajP4b80LKGYh+7VHOeZQmr8F66KY5BBUkGtoBx7UkvpOMVvBAeKgXturo8ES5Qln+pKPnm+3VvTuh3rf9aAZYGzrtW3ke71/3guzh6M/197p+pXGPLk7qTjx5XpaFautZ8VrPGDzI7f1ObPSLDZagXxiffo1r8DG5nM5KGIHwOOjJDHGvuPUuXgCCObTSFegazzaPS0uGbej0NGA4gIlwtOhol314cf/jl31zJk9rzbYh1RQRUleF9FEhfthI4Cl8hHN32Crj61DR8UtfP91lz6NVr5mJaXBFRgEREMS1XlD8EKdh/YCb98Ek05ptTLPfgpC4ndsUWz2gev3UONr+6wuG+mmNylDSOxgsULVmsNDbvH7DJOuXo3cvk1pNz2pIuc8kr0Nx6tXabpemXQy9UJbLyp+qvrI/Cyb0hr+2FjVMg2ZJk5aS5Fh2Dqz6T1j2gma18p/l+lcE51xjTQzuFcdHTeZYTXfCNaQZlFVUMIUnvw8LkTitx/qEf4dwUDnJQHR5/dGckGF+Xuzho+KwSY/GNUqKgBz/BxCj0Txk7oIQlWMAxI0epeuPxT3YW01loz+hHpgT1L50XJLKg0eOG8f5aC3RQZxFBTx1IMAtHluPLkpA37N+SUpsRFzlmV+ick4JCyPtIFX5xXBhM/w8TabfUwhSwhWDDF1XGwAptz7CFpFdVxhRlpv5DOeV0+eLJiPTQVWutpVEwFVy/k1N6Jsh0JTYf+OWkynrUv8XlFJ+hzIt1WyrIBeUG99TCkk1KZjUIhgLw4p4XWFEf4fOhi2Vanqy+VaxfQJYnrdq+7pyd+Anvixt0MMd84TwlSBIgC1czHCiPuAQAgaNXwIywD4vuMaRDJJMHdb6JZfO+2cL0folwzFk1MEYgyerL1fwpqtQT6fsHC9RaG9ggdWtRqqg/TrJS2myBOa2Y8U+kaKVdL0dbhD31hAKUd4ai+88NQsZRL3TGnMwfrGcLvgXepAt5+fYGNB5N7/KHHbF/dkOLGmGLjjNHw2APk5KyGxEUXuJlwZxRkqMpvk9y4bTiKJ/IhyWi595GfZxK5sTXDm3zv+F/Kxq9/Qd/VUzQj1gqLqW/WD+dckSncpqSebxVjskZ010gTUa5zLINHXxRit2KEBXzqontJqqJjzOF9Q1IvI6XWMT7MspCUlfXNWLvS3DpGRJuUmyeO93XW2K3vNZYN756XusE+eE5m273Re8/9X4VZJ1HaToXPm6xvmNGhAH5rDZSe2Vrs7Xb9LLMFaHKGNEqdS2vZOivrBa2EHbEeUmM1iQyy+br5LFsC6XDd541hER32n5MYauuNhXzq7/EiAmh4F5sIdXM7Jv1ZK5XjfGbN3ofP9Xa97mE3wT927ST/ivw5H0iFnDwB9fouLYpwOx8tbOJP31XrWgxC9tZDCGrSHGU0/Y7QGvWGMlEhFJpJ/kwXqxQOtdCS/NDSzxZllbKLYallTCucGpqlp86R6cRVmNbGrwimu7oGmPbQD40gZN7V38rsj33CvjcTk++kaUsOBByVAL/yLlPx4cNjzH0zPQKkJDUPMKu5z3avFA2EUZ02s7Wt/zyB1+sSvcxRrZput9aI9F3bHFsk89pjOEQkthXRV2zYHZbfj2ENB3Yn3bg9f9Wg5QH+x2O8k9synPv0mimNEluMQ2EtkwwbJgFRaMKRrR93mm145lWt75ZXN0s8Qq9Ce0LHYsJHfu2oqLyLH3Wq9FprLLpH9pmcyeyPh8fcl50qwPobcyTCWePq7LodlS4IIJStFzKU+ihBL45EkiYAXeqY2Up3XZk7AxhiLaJB2Tsvh0BqxjYYfAb8Ox8t9/H0nYO4Nl9oSLe6zpbwL3V/Sprx/mJcl78sUsrIxEDhip0byMJCmyCbZMRlp2LSgxdyuLYwbmN49Mna9ebAVSJm+9B1bSgPQQ69ye6fHmsCWWJm7eBeI5fATXrWxQX4YkjzZN8LQKF4XOzFaaXQ8VULWpk8iv05r9twvoVlpIjSBckv/jlrf69LqzsTx6TAMuT4ewwyGK6preuSEMX49vwy1KOrmhDF5fYDRDEkJCjoQd8mdkKd7jd6P3FC234CkjP1T2Qbfxk28NHyiPr0QMARxLm/h1WZ/gHGTRLH2Kt2yzsp9p13MNgifl77TFn2p8kQmnjOYtHCCR7RAPmCDkjpPPmCFFRd1FLKW13rPyd3rEG5hC5CpFlI6hQEAPMaLVEPmhWKgELNX9tSV2SolB7m6DFGBE/bKtPuJn/rTEzQn0F3K3UKbmWQnvKmHLmjEAX5RNWVpiJZLfAguv4FJVZho9wM7bQ/gQs+xmoMjVZd/mZy7aT81jit/LZsCdGosXBRxTXFY7dnfN0z2YpT2ibn2Z8YrD9iF3lXY4fSXmg8TB1StgnHEYmey584YqOfpJEBcwSqY0esBqFqUVSRudILole3hzH34efp51vqXKJN1vHca2e8qvrF3n8tcONaR1QQlppIxmegHZdw4G0C+qqPwoeUYfhNrPQXTZzLFSQsGpF4DJFJ13ZN4aUrug+yaiOUyl0DPn96pPuU39XFVSs7bAmALebZ2CoNbj15DTe0849xqgoYtm4oLJHLuRcMMimVSIKL1hl/Qpgbj03+msq76zUBXr5uLcZjbFaurU4tmhVcz1OiiUXLa0pTuWhd9rHRqr4vORsosW11H10Sf9jk5Re7+qnnY1L8aH2TOGam5JgpZdMrxYhLEVvk1s6JdZEk82fqD14jhqbNQo5JoqplWDzltljuErAQaeSIMXl1sCdGE2TL54C8Xn+FUB5BXaN54yvBJcnN4lDyyfbdBCynmEHRG7y5zmWDgz1kG9X4+xtHeJT/TUbUtvSHfRPTKM7o3xOZd/L/eGjETO7DUeukxX77pZgbaHwmRvdDXdtnouiKR0Fnv8tWqLSrnfg2H1+WriGq5Pxe0ZcouZ1hEhTb5eyGmsihjV8gUDjrrRKI8f7sWLswV9+ft58LGGvznrah0VzR5Qm1xmfMHyKrIwqysEQKpBiRkeE2ISRhd9+wpfC4A5L6QZIVhk+W2lkSYCNKtnQpQaijD+sSasxKAntUFFjM5NF1xIVUNG2RL3rgRR/l5sQLwyG08OUegUE3lKfz/iE8jcHfMxiRBlrHSfgMn1R1Nn/pqm90s7jRTqHgZ3yhDQCKZ4Es7Ds9IkeQKFny6TDuga36UI2qPLFzza0J+n1JvrZq0AUWoh3vp4aBxwMAhPBolobC/wWpryXPowcU+VZ18+EPlVvg5QH/y1LGXVaRNmS4/IJi0VV+njneQyaBkqsBQ1GKq64oZtw1RrqQcS7jEa6rXv5V6ClIYK13XjVs7mETA7PJup3CqpkENgRv8sxn7gpziDWPBdeCZfi03qr6nG5JPoAlD9NlXrBfG2d/DBrQTnlyRV8MDwUG+eoT+jx3YfHspXHi4Ff0yi5o82ehDQbp7xwMC7aMth2ng71uMyGLVoHVTG1cdX5U32XEWpzvQI1jAZ8ebTSHM0NB7UrVZNpsCEVWbbDncnWnXgGzZ8Uj128rpc/dhaVFiLhvcgyFPv2q3FjGo7qNbY5dO818aTrQJ3MawQP6we15SVv+2lWqar8jtx6SX1ceQXWOP9K/nx6mjtX2hic63ZrsKlbV792X+U4ubvNnaLYV5JnqGIeghZR8Jlme6+QZr9rXqnEsT9NZRXbiGgp+8NO2LFam53jfFaD3IlR9yQ2YNhrzVGTzm+daRYh2/NRZkZdt3L7PR1TJj/cXuvWWrNSSe/t/LY32/5g3zNc/i7yS+Qz9k18k7DnnyPxE1ErA+aWU8x0+6+kgnIVYiIeyapFZxsNQ2jb6y0Omy16C2uOG27sogxLiQLDNvDs1vbNYShv3P896pR1bwbseuMLFzaAoYi3f7a3IkFhIB6nhwUeoA/N6Xq/SuoP8xlyaY67JWHKUiq5c1wwi1kUh16yTbLRWW7LyDKaQxe+jS1GzWc+gy5xc6OmIf41HL2zw2f0rLC8oriYLHxnlcuZbHlgTOWfJtHmCJFelIGjGp875y76T3+F0BlgT1pWvZcpNlG+Xjqsk/U8ZsJYbJaoIeaAhxiEk8zfh2xERgGQz4l313w/Dqwxarb7vaF9SiH23qm++AE8M0Y/kZc552FvXDHZqT8QFpyLA0VZEre+cwybOafklPvJyYKRHE89U+w6fEIO6mDT4q+JOgLI8zmm2P9OQe2lWaRrnhPlk8ol6foHrWsSrCkd71W1Bycsiy69Bzf0qIaxReofFkI6J2SoshrZBj/UYolG7U1UAbDgGJnJz+Oa0jy10vm4Vd+0C7Rxky01dk8tySsotKgcL4jzE31fPXUBrMpb9lJTfI//T2yqaLsbsPJDZs3KTqrCSVbkk2kYTFdOCd7iz+borS9+XnBuKCkxURHTDJlIS/WCKmOKG9GAQZ3IaWSw6gKt/KqY5NzNuoS3tNLNw16WxcG30ohuDe0pYpqaDaa1htWorrfBK4W+qkxNm16UsLjz9D0Jtww+Jufw7agMtwxVdprzKHCVSW1kzsx2sS/IMGhJibHlM2mIDfjmLsZSaMprbVCjpsbuDxKZConZ3wRTOUGNZfIiUlWgFC8Yf7fFVSvjcr/DmCKFfvqac7pQJ/8kufhlYMnHd3PVxffD4tq9Duj3x7sU0uSK+iGi9OqvU5GhyIsXcE0XnzLharn2Ytu/Xz82u+OWjcDyWDeZUNfaO35XnHKkqqUbCrx9KzaWIL3zxZb7RlzYy+VuVIkW6lZX1ODxic2AU4+F5Q2uU8/wH1EnAhXP6y47olS9g9Mzv18BuC9tdv4iFy3MK1mdxx90xbaoa5JfTjt08BJT9VqBqZE5w4YTJ33FDDYB653s8FVBcavarOoqT+Ycqo8GvM7RU1ljLCHhDNFMMeGYGaUAuyIUFOHpOE5eK89FzRCafURLH7p4Odkl2W/4FGD/oiBRVtXHOTQjx39HwjJMKyQnhYIfT/43kckIM2I4OU5+Ga1xS9gkC4pQ/ghrvTVTz72qHRy/8F/BXgZEkgcTG/iNuc7aSEVTxjDs8NMNCegUWqwdML0XfEtUIUocVfjpCSpJXjgeqqpzUqQhvjQ13lusWD+VT5CdzmBL/Eg1yciatbT7M7q9ATJYUi75PVNj+fHU6xBZHN4xW8VLVHXpJvnDGqq6Ws7Zp6tkQ+l9KFan6SxyKbPlxoCiD+V9xJrr5dHaaknHXgG38xfHjiPpTrjpSs55GbcL0fs4tm0xu7Ll00E1DEgd1I1adpluqEBeqUEnl7/xEhzhmKcHSQu/v3lj+rv131oE1/UCPZE9ZxVc554yEdJ2PNqkO29DdMKV7AMtq4c9d8JoIRGUAb35Y38+Jc3U+Z6vr4BOQbl9qqmBC/JNnV4wy1OBDB266YNxF5mHymI0XuXUmoWj0a8V8rnfv3m0SgjHq0Voh4AHQTNPxCH0HkWbKdFaA7+FOeCluhKhWOFLOjfi12qcn4sVfyKF/lLLXIjiC4/+TdrLiDwpPODO21todIvTMuw/O0x87rH5/GGohgNVOJFh4helJpHZA1HG1R/vIcQ9oTBJrmSRKzYQ0iFquvrxkav1t+lZQu2oIWy/atH0ZFIK0+SPswb3RlWHDCIxM+Yd7ZBrnMMSG/mNe4Hlvip5ATle1GuZ6Dpfs74OB08VqUJPrFvpzN9agnKjEWQxxe3MkajSkniHZHTmeFqt64Z7a+nSNeZGk3+RTnRIaZxi8rL+pAkYwlVrcixVZvkTCe+aR9ayFmdr8rkj2s1JrxBgaXi4SaV58V0cKvMSWpXSUUnSefwwuxVbfnnkQCg1Rxx7xN8dZYeIh5Rt7N518lb4WpXH6jc3lnYE4mmePwXi+0/xp2HpVqyylg2bHBnloP0iLZowK/EzXzvCNWz0eCffyFLt76fPqkLsonvX3Mtot4GuMgdgNaYHZ9uOQPjH5U1IoSrQ18LgPXbAxx2+Le48aS+5C2f15ZZkIUIIfdOMERKa/cj8RLRT2LnBiuGhzGD7BU+FwoUGcLvrgcZ3xw2YmYbT2q/9XInS2H0TDJWVeGBICowiBQDqqRGDVYaCFG/TaK3CP0JuVMqrIEi0J6PkTbPSeUI/moplBIWrS85zjN/zoXFjtDMvlNT8RLb1/KQsWZq85FSin6GY3XZ4gq1g8M33htdu7aIl267FXTvle499S/8lF/VzEP0u3vRitkW3u+QWP/b1buD4zb3ymW3rz2dzpFiSbz+/QXil99LIlv8u760fk9oPi21V5md+PhHZ6jr3UIteSaoVK0ROTrS9SarCq2jzWmDnTLLl6dWcPAnv3lKuKDG/PU+Sv081c0NtIvsDs4PXWx+UOtfOws8r6kQfyVLwcSGXKy/F6rKn8Gv4t+gGy54sVNLVO0kL2cIfF8OQhszwZLOdM+pxpzF8WFBTnFu6ogH4A8wCb9hax+1W3feLLMtFhzuti8w2jpuf4kMYU+gIx0I3p572ohNd4LYDPpX+k7KGvsPse8HnhUwrq6xLh476urCpOVNaj1dA9a2nz1Klj7QU1+Uvgcqz1KjOoZJQ/l6JkxxPj5e8pMHI9E/3d+PzlgMG3RPwcr9M4BNbVnGAH72b1wnsF+yEBSzovyUPZBWkxbWocoWMPDd8n4YyTqh3hOkSK9Ap8WIqYL4bIUOvLN8JmUFFaAAx6B222ykuMS/t4FAO5jws/ZV4VCi4gbZsXBfwlfeNtIOLA6bdFEdamb/0Mr00Mxr0VoMZnZdORIoDjCRLctWGT7QGQx+YxCuHSw4PIGbfy0f1HgboMFz8RwnH6Eo3BI8bm2rhDjX6isom5UFgxJafC+eCud39ehuBBnmyQmiNwbfuX+p+EE8a+EosOV2Ef65zUnPAb2uOf04YfZkKqM1JdPjNSciJu83dxCgIacLb31u7/S6bDg/uVzb+hJJWH2NSRnskToHZNYR3cPtdRyL0Ijinsxv7HeZ2/5RRwVpPyGAOHVsg2smvHclS7uSdCbBYPgjZeQBT4vLukW6CLLoiHLsLujKuKKeAC70Qt/PHezUYUwtW7Za4Nxpn5nA8+aOWancAp0QuRTsSV4gYL6uL2Fn1HVvT2K+AawdMLsJlUi+1NOHqSD50d+g2ofML2WwZp9YvPtVJwY5U5/aRhYCDq3vOY7I5LMyiOCzm3Nxcn+H5WOhIWVO6SqNLvroAi/wz9rxxY9GcSB3EdbkpPOMPmMEZL4cfWQVErpk73DQ8np/Tnfj1sKwJugKpjMiQcWvVZ94KP5fKPrlK4Jevo6HW6cEKV+rn5NY6QQZdzjpCTvSbzkWVDCEO1CyWrIqcYTYUdSVPx80/SOVNmC8hJ/NWquL74lpEb4kwDqE4ErfpTr5Z6+RLb4TFh8m1k7qFCHBCyFfudnRDDTONqYWQu303HV87Ub2rcSqZfdecWKndGqEUrQoaOAHIWHOKV370QhrGT97IzWfONfdKJ/uji9VafiWlQr+vFi/MYi/Iy8d32S1j+q8AcU/XK+D15P+bIfsJ6Tr/MfzjLm815aQx5dh7mTQCWibd8iLrE17QOmuC2qQXY3hXKMfMiDdjacUAiUPVMj5Hwgwhhqs3S2i2zsKdqJkjKfWgPsRWrYdRW+yQPvjvAXkktKLUWoN1qwJ/OOIJm+XzBioWYGRD9MWde2Lx2XaJMj9Cqj/dvqr8r2k5EkR4Ul9vX5ej7WN4u7s0U+MoD6oYkxnUjmwrY5u4K4Y6u8cNFa6ayOka8ULLHXfM8SugXSOu3TS6S8IQiG8XYSpvmkFP4f3JMeQiukc0ZoWPl9VJcueiuv39bE1JtWYWd0kqZ5piuI1372wAi2XgniCK1Seq9e6xVqqBK3btbLrIMrhZp+qM+yWxvjIArpED2TBRKt0x+lT8JOCg8of9bZOemZq7tmuncyEIUvwZFI1zUhBBlrE4bsNyore361AjdnV69njMSWgsMmbdqpL+i13EakVAfrb9gq8YxcFmdTUFV8sKNTqXvJipW3CPUbMqArlhJJ9mYl40qrYdjd3SKHXV4V1cqx59bxJLkJNgeM/meZX4ecXIMSnOAJtd7XJKkygGPIMG9wDN/aaAHa1ujS37dlHQz3w3x7ITKDNvm99UR04z8TqXl1lMbRxw2ZcHvZ4yTg5xqNUe7EM83sWJmgrZghaWa2w04jlc8nDOXpGM2Emjsud7FH3KroSVm+c9E2cbuXne+j655uRPXt0jZUhyn8UNONEah7OscfXbL/SCuBYUTK634Q9IAgweEK8CNS+K2JWNF0spBxex46QXvI+rsHubOGH3MGUOyYxaLU7Uh+oNOmwrPy14W9bba7OoqnjjCWcaVgwRUXTYkM7WtGoXrzjZcQMluUrfF+dfAVhpzgf2PhJT8W1x7q1fa+0V+ra2Y020Q9e3AfixeLQbhvIR1rY0L8YPBRfVE1YaSl29v+04MlOxTBUFGelpClXpXzT1FEdUqUimb2Df03MnIgoyhPvP7hTLkHk4EuDrOtuRswtKlGspCxXT0DZEaOlwlcDmcLiGjtjV/liTnnX9saapIT75gY5OU9U55BivkqKDIQVZMkVsmM0JtCVheTCBBQdDJH6waJlXK+Ktx7H0CtDT6DnO8MBZodgPi5tHR+AiO5R8oP+cML1IFco3rhhK/LHOMy4bgXBx0UiVuAWhLssxp+Ec68oL66OjZ/55zZHDBWf1XHdRE+YCbDaPDB6LQRO1Ep2dpJgfTavD8u10vd8GHWNAMSTDUii6jpWFwozF1QO+WBR8J6U0bVLG2nhWwDHA6LtdRtt6np94EVbHRz+58UPC1JhPk00asXVDnAKdwFsc1ejXTIgUHTcJG2d6Z2nIgKFipKfyS/daua5LMRVyyS0sSIoSTw2pc5bLEofNuRDby1fmcyFyhinS4IaM2hu1htGiTnB8TtA8QiL3OCsqL8bCeyNZRy5NHQ4bJHIYjx0ZzRCa+gasiLWf/Sbj6YuPjkwUxkJ7TRksiUpep4IPg/695BM07GhOpkRRbHYl3VUp4lIs6fZoXS+qIHkR6JAvACn9VqvS5/kF9VgLtfO25kdGojVcnnYBcF7+ZLS/cVsH5tqSEWiCXSnBhjLl4/IMzwGMJ/Ysx/3tS8dyc6aHMRXMzEJQGz7H1UMESEaY4x5xB4u+9E+V6p2H3aPVsMMJgxA0w84vmCfT1gWkcu2TPLWMTOzQzsKOfN1CEc7GDsWFmfw/chk1f49LzyIZ43+1cabiGjOZuDsZOkfqchvrpdd0bMtwHLVQ9bPBZrWTd8FDVUcnOWcp0KQdNVnz5lJatxKaHUTcVexPeFWhFo3Na0joLhjOGTykKeH5i8CXf8nM6XZ/KCHxyRLocblVqa+J5DVZi6tBUT3u2RGI12XXUg1hv0vNOJaOZurOZqfqMxwYL6x0TXBVCgqpIOYVn93i94Tr77gVucj6xFnfnM2dPZjLV+U6BSqiv9chwaZCMy5eOL5T4n8PzU03ef8+UnIIP+6Qq78Vfi5zZhRbbqu1q9MfbIvffG4xcuB53ne2fyW8vIwwC09WHmqp39TunKaK5PJnLm2IPkeqRenaQpx31DZdYd6O+TF6xVNbxUH5oYxhZHmXhZXrsi1zILT/szqkWUCqxcN/WiHvTru8Lvj0oTT1cjSX+mcz1g2MK9vErDYc97d3Eo/JrV9z568ULId3Su1U2PbWQhxipQkJjkdGunES7DNxGSq5xZ8iflQyqLGlSLfHFHQFbBzf+R1rugvAPzVPVlxZdi2uQ9/XpX2xgPK/V/p0vmfrCvk5U+lcGSI0HDjOVFC7VXGx3XFVHJH78GEHckyJ0xnrDuOX9sKxGDxebUoC5B985vlaLdn59YoxVc9rDp/KSGGMRrNrxCreNcmRce1MJH2tuYIw3nXzabOcYB82BpO/k3fYbSKG7b4RWq5y4ddw8v5P7YMyA8YzaNBRfDgNjUpuT6rftbLSXjs9Pa4y6diYiHPj6Lc8IZ0L4i6v8/55w7kyZWz2edVD9hk3hKioqE/uJS0YEvkgsXxoMGqI9+5+1hc2E1lf+KXOX1WWqVOWRjq3/qn8Vhoz/cfait60Oh3BI1m2Q5KOZYkNTZ33dpb6tWo6+u64GAmQVsKFEos19mTnhQZ256psH4dF/jgAkiIl0bzWsle60nLa+aWRd6O6nDlF8ysZGJk/cYZQyeqw9HG5WfHMuQ71q0fxn29ZHz9lOjHB551FE8LT6nzDcmAHX/4UtD0uapI9YXEF6ybFjsyszdlrUpxttqhJacluQMFBYze2OAow70llR6zvHqZt98UXo7vAECHwRaefG84Z8jiBDUg7N/jIZEVR5q90hGaDVUwqsdPQKDgCgitTKfTyJ2AbChMXGWzxseeVqHGg8NQpqnDUCzO/dfZp4jDAYwZ9/g1CJu+ztgDP5dTTxmHLPaCoVqSjkHGYL5wV4KSXs7lhdS5IMDKh8E31vGQGGPmAlg5JF2GUK9g4mSqSXEqOP0M+tW1u8u5D3T7HJ577NjcJ6millSzAjTeFqN8aVB5+LAQzuGDH7mIWw6KqndDcdZ/5dDM6LH3qFh6yDaq0HdNqnioDc8R432Q/l6mULui7eNueyHALofj5IQ+LqrY1L2J+0+1EFmbY945quJUfQY05pkZ31eZBOeK0rdWmYzCvjDnQohI7YIuOcdimoMD5/sdzpFH6g1YXy+r7F0jEX06tvYN1uw/JGBecEajK3Zu1q+RGEPFq9IP8hgFGcVTx4/z6AzBaB4LrH/8UGqIdjb4Z4/g9MVMEFLYQOhWnI3FTMBofb+SN05o/OGNyCYHAcmdj7rRk3hTBJRyd7qSrBG8Qi3WXyx1d6ncEjTLhR7UUCELWgySCEcmJQBQN29D4VRHdEZxKzzuJXxsXRZU3OzCjKY++RkttdYIx4O9NZKUssZU/Mz61nnfabn32ZBd2Vp4SlA5T5OJS9FHoSUpJ8tuOyg+hEqisdE0pwUAHd3LoSXqcwjblJ8nlA2ZytEFEUyRUB2panMyfMPypBAomLy95N782TPeWEnqowTVQj/BMmXkzcvxNGuZ/kd9VTWL3II55+IicOb7jK7QDwqI5KGRIGY/k23hWWmuKW+SpUip3iXB11b810e2eEMCkWRyZ9tlG8Qsj5svbJFWccEs/ogwwzmlzPSXKDP+yX9UoXN94sIPR3hCgYsPMl9vtnFLzgZjacvWrlnsDSl6Ipew7CLsxFQIgGfxXhldgS3DUb6spUqnq3ZKEAQGFqobzfcbXwRmHprWAbAU3AY2NMs57ttzORZpUfo8Tgu36/ebGz5c4B24Do/KDe6O6Po4MqAZfnYwaXBhJYVhpyXPGmvBBUiPkfrPFlcGdAwxosbpNF74vIWu1066P+lS4DyaJanpYYjbhpu7vuNJlBYJKIsEzCft1ZerJLdZRgsu53Dz1uXLUe6aeOzkliQ6/6DEUx6G+fhUdTvZ66Jfqg7uqwGw9pSUecOY5VTqB9/j55VMFCzxOW5T/EZ3T78JfTT9ZwGEFJ4jPj/5YhDNWWwqwS2VMH3w/bGBaEuZx63ogq69lnQ6sUIfJccwhKZNX5E5P6/E61E+QrI+h7maVFpWYo2CgnulRONt71vq1nHwMWL4RmdmpUIK7sbE3anOtGaI9SBOCZsSEdHFamRrxy1DK1S6vLjR6Kg6nmInvqUCxiWhgkSobEKz1PPie/MY6gUy5kTUZtnOF8ag047Nuy7wMzdWi2/ivsiSoSXAZTpYn4LKPGiBny3nUEDtiken9zB2uX75AKbxY8wlesf30Fyn0rLUXWplB9ohrVVjf+gbJ3ws6PupQ1JP/mHDGXN5DlN1IB1/otiJzHeu2RVRBQ8CnPQsd2TO5JbX0+uyTHV7FhNq7FZJhr1syYFcjaFaOyX8gWqqX79bqNLDVt/B7p2bLnYj0gVAom7rxlC3vleyR8JejMkPH4IbdfreKa5xHGZKV2HQWZUiH77ecSO7Mir/Bpi0Z80RVQmuBOwYRVa3nJUxt07y6p+P6CWxQhed72ZxdrHQVi25W6JrwNUT54FdAbxiacv4pvpOXuLe3SV/ryw6hM0/SrqkMb1bYF3dNBu0Msjk47u/WLae8t7EdkThdbjjCHHH0h3bG18oT17H7xEURAhJN3qFujBlO7I5G7+S9fd7SPSst3x3q3pnqDZDQXIeczI9PjsTqomDALrGp9m6PYpWeJh7TsfNDTE6fkqeX58sfz8jzmWUIS8m3NENt4dE2NksxcQBakya8EhEGwaH1w+wntsXTaY24eZoYeAqfpXgC78ny0d9kjzZ/HkM8Ssr4iwktK5Cuy2i4ZpmXPLjcr6WkNu3DboJDLrCpUnmngdBIVE2BI6wookOG7K4qj9GKp+iHJW2do/jRcs07+A76fTiMV6D3jCcAhyfoUiKghDOEM4+vt/T6qqXYYbLxnQ7+LJGIJZU5eZNGB2r8IS8W/hl2+LOFDgu5YTl9SnSb0iQvfcUOOibgNWief5anbr+By7TRXhZQBhEeohT2K5dCOV8ytZyYIAr4dteXprk/PjEp+3fO3bK6q5c9nnWNUIqv58CQ6H0kis84VzvyL2olAxWmWB/HP5+8Dg3Oq5F4EE6FHGMX0h7K4pIFl2xovq4/Od5d5G41tXx6F82i396zabxoMMHxA0CWyBHh4YILUuUdQKGvXG0icBhV9ziGcMUE4NTyLWbcg27MBTprptEtlKX+TjqTqLXmGuDKwEdMekR86NcF7ajpyW832Z+2UD/vxV0crDSak/jOorJLsiXAQKRxz0jJjjmoUJFDCB0ifec8XwF7W65WqNJt++bOijFOevApRBnigrMtDtdUYaxb0t54Ortd0ZjBkQe4wA+5nY5YlN0o/Lye+SZA2HxTZzU62tXbtMdqU357EifNnbN+j0uv2NCaHqdmIYRKpTtg1Eol1UmZoakUq2nxGYJdq6XaNTibe3gbGuDw+YFSpQJFWjTWY5mmB6ay4UsZqxjNU9vHSU8ZbpvYNUqSSufHMZH73mStuAdk21cA0MdlIZlz/5rUyJxsuWK8S7E1PZjoNJk03XtYtNnkIefR6jbsEht13M7neSLNDPfj3ecsykMwXRvFMbXjzabvK2C1brTYCrlt0ibukWtOxEnAGGQdVUWYzpjHkk+UcLObs3+sIq8hs8tH7q+UFVkXqmBR99ivlRCwaqdhmgxeYkLW9lrmwDz74ICgr66s6Fgl4Co8V6qeMKu1UQPXNI8ztrCCIzcJiy53pUxDn7wpLGI2kz6PMvu9196x1d4AiGD2qoKOIs/4Xiep5zWadfitzKzs4uR0IlbtjOgvDcv6JFf3ZHbmZsfHuk/8cobLTw+DaZYXdMwKo7txLm76fI5To7edXqPHh3dBdraLDWrpUVEONMkjlyd03s3yc1PXuUxZdT7xDo7+46tPqHWaG+NuFx5iPEqjWm0zC6SM55yqOU3Mty67sLjStY2FSyfna2vyf0douUFg4K8j4L4ziubE6RY+uyhq/02iK9TbcXfRk0c5si1p/p1eCn1GEU1K2ypWWrH0c6YT1ez1XHpGaE7Olyy17zQ6y/Wx0jHAxuC7EskmXmFJ4sBAT+rZLC3jVHtzeStkyOofGAZmkTkrJlu8QUceVb+aIonmdoPRDfmvd8k78q5YvXyUxw4HgxFs6zCOX3+dptMeEv7Yp64+eaZRdI88+7ke6pnJF0UoiinW+rHPygI3y1XmqiSTq2g80pI+Zhqz6lrq9+oroP4Uq19ttXJeU0MAteLqN0LXltbmkl/KnE6nNjXH5bE4WtRsjyLO7Lyj913jmjSkuU5ZHYHFvEMg4btyM+dmKolCZ1vR1/D578yEidfWNI/b9Y4/EWI3B1ITH6R+mHEy6vEScshCu6Zi72MZcgT7kaCfE3d31D43LG9owNpVXLGSTci3ER1nEGgTQLxrDEOLF0TyotQjo/ji85+OSDi/3zZZ6jQkx82SlFMVWejxBhJTDAIHnnHGX72iibi8ptd8laSIuT6GhAvYoo+Qj5mwS4lJVD+NzBRX2f7pDy6AO9EgPVBgyYNIB+jP/Vb5pdj8knQmWv4Xt7xGX//BE/owR91uS0dvItOGO4nd/8hcYlxlBXciLlOGM7HDpPCHJx370mCzfAgDYjjVPHsMmSr6gUj5ScuzVaiCm1zA9Fq0dzjGQhRyM02MMo7aH6WLUcebqtpWnFT5z2Sf4UdndHFzaEK59Xo5p50U9qYZbd9dNDpOPXkZ17dyZ4azrqWtZKuQM2zee5LjCNrps5pSqRvJbOtoCNjmQmr2GPaOQoJI6ppbcxtfAZafiy+lA5v64GLuYRjLe2txbjy0zYFEYccvd5sXljJkX7mB3yN6Exc/ZmqZFDz0Lnu4msvXeGZbV/H/ns+5myJnOunXx8maof+yPDw4j3BJrAG7pRQWTiQEUYB6S1uP28/T1/UbK+rvdLZhh6geAFuzV4DhEdzAZkwpMFXAF9+SwUhG4iyZviNmGa4VnJOCSS5O1jej9FIbA9KTCNXBn7z/riNREeolqu1JgMOefhmM3tkKy1KUwx5eauy59l4NxmsQwajyrZYVJq9I33qvpsPDhT4/3uvZEVcIk/eRKXyt5XMVzDQKuQiljJoRutSskWhCj+/Aqt1hfGlX5hfNqOgG5eurBh0jt33Zy7aT6zEtg/PsD5tzUDuDPNOFeEqKpSt7zZpyfLefFzxoWRN30QQ39VCMelu5CfxRlE4YcYgMNUM54jFhxQ6l+Uc8nlrObRcunnOkfTDpkA+VXbzVc2TI5qdvorlHy6dmTngcJYw8BpgjvTa0PHI4cGIeJqJHZ/aQ5NfdMWzqEJLhqWw7PREYGfqe1nrZ068y9s6ZWW1tb/cX7BeZDlWhrVSX1CLRz2wXaiki6XfbZNdZ7Go26cutCnYkJBK3RV1OBeX+ZOZqtpcaVNUWLOo6MB4Ma2qqZ0r/DwBoQJe/VVVL0xWdRRRQ4iY6ihhEREREREd9I+qKhe2Vpw+9W/0XhNj/AK6a8ch+sTvR9ZKG/JWgr/iPn/8A3+xTWq9HxXTa78+19Tw3cRo1ryb8ExD8UZ5zpguR/d8J5oyviCU+ZI8NI4wyHd1hPDukwIUrg7i1peKUUVAqRQ8RhEfCUA4BXXdTt2h1y5NbZtXkpwdFYf5wM84l67ZNbbMp8CR9U9DLTvzoMA6OuWbb94areYJiDXfqgYQc26ibTxQ+Sd5FuSWlEUXNp42uJi4joi5CoQCjoEZG65+KiQUblU3puXKJQc/P+4dlbhvPczWdp2+9oNrLCrXB8CgfacGpGPEW0ZseYBw9ba3SzptCG1F5buopwHE9AefmSBPOUQZvZ6WTaxsao4kpmRI3j4eGZrLKuH0i6BNpGxcegVZwqoqusVJBEgHOYRKUN47q+kqLbSrH4VGJJ5DmT9ZniMWOHEz18caw6ukzldY+t/MbokS401aCLSg8ovAURVJHucPae4+OvRYiouDILfLr285Eo+aJTiAbjCA76+PtS/8Ae/ddy5ohUarcGNsdfmXiV+scp0lB9228C7h8uyK/xVx+qW7ORpaqEjyA8OQC7c0Sa7MY6u28g5TaEQdrFm8357j28qoU5CC7VNECh5Kh94HQImAD4ALXpO/bpT1DvuDmyXdPTphatGnhjWvjWIbQK7Ko4VV/0mnRb6fzXFzU816YbQxnAaW8M5bwDgVk1xBZefMrZpntPoniLQiGDaAx6kNsYnzbJXs5saAVZsk3zK3EG5GqKSDtyZ2B1Teh9Rdg7R0G6vqrmrv2dx1B+Y1m3aF7Fiav8Vy0FzmpoXJrUgZaCJbJrNyvacWxbRrKfCGLFeHLANWnWnnjL6uVMItrobqv8scsbSfn9iYiaa8PatwYlyNeLhH5NsV0kjG6hcI4Ts5bcskCKJVp9IiqaRTHFLoIHgNJrzaOXR7rrNM3VhcRePWzdut4n4PfNzds5hW5p7TjoCpP+cqj6ZaQvTlb8n7mUM8+YYxPpzuPQ/rKxDExzm4LZLY0thy8cXyFzR7paw52bx3CSk3gvI+NbmdsgFV1ALPwctCG+VkGiiyS5vZWO6+9O120+u1mpTX7HeY0bMLq3Ap+MByBdR1B4PSh4qQCJq227atwD2rVs2dWoxFMpFeBI+yQfCvgROXfplMCSOnrQHlKOvFilGXnJauM6NLwcHE3yyTvFxbaxG+ZtZBVJum7iIuasOQEipd5AVUW3iAgYpUvVTcE3HuKy1g1sDRWiv8AtM1wGnUh1+iF7esmzomz4P8ANav8Wi/WDPq5Rhhr6jXlCtnqKcBZuVpJBZyw/rRfBgfVfjtoogsxWV8MjIo2fciEl4TAYqjxe0LhIr4SuxJ5YlOu9Mu8ypzPoxx5fN078+QzLTyFxKfZ42/Vb9tdcBdP+a4/Af0T1jjN8Lf6306WRrRzzar638o2By/JixMgW7Nl8MgyvzCtmntJd88Og4WQcOlJ+yiPwWRUM2XMYFE96RihQ9A+m/8AUy1e29w2kubkHRhwKXWzUHsanUc8Za8H/uFlvilxbFCPFRT6xOXOWjivSRy3OV5ivNS1uxuny171wBhjUZqcuy45G7p+QPkO7cUWQpc0jNKSy87ONk2cq7+UZw0cgk1brKGK2aFWXVFRPunV7z3P3Ze0AY6m7b1N2zYVQoGRbjZQKUGIFSzEkji1AKF2+3pdBty3qZFKKzk1OJAr1PsHuloDUrqg+lVuphmy75eGxpk7L94M74u2ReWzhfU6teF75BuxF/OuZBje7q1YC2SXJNz8kKx3i8wzSTdHMKq6Rim3ey2zaPVu01iyhu2tGhVRmu2MqotBQqGLZQBSgU4cAZq9Rqe3GDuQrXTU4K9ST40ArXxnB30hGGraZR2tnU9IRgy12QjawMQ2x+3tlnc4wt5ZrOX/AHywYNSgBHat1P423ypEKbzBVjfD0Afpe9ZdZcL6Ha1NLLF7jVwBOCKT+aC/8qC7YtrS9qDiwoo60xJ9+HumQpy6tHKWk6zs360NVklDF1gapHc7nHVJkSfk2porEVnAVxcsNhSEm3JiMoSwMNWs3RbPlE1BbLumJjAqdk1YEQ5v3JvP9737GybQG/ubSgWrCAY3G+ybpHEvcapHMA8Mxau80Ol+7q+q1FPvVz4nP8Eccvko/dSkx/cPZyz5z7OcZiHJVlR92W5y6OXvlmHyzayyxHcbByF02DJknbDue4Q3N28rk7Kt2wbI7eNUOdSDtYjkpS+L5w7zoOt2/b+wezb2mvlG7j3GybbcyFcUZR0S2pNW/Genhl09q9e3fc1dKjRWWqPMcCfEnlyHtrYo5/ua7dyDzkNTF52UoxmozGt1YxsHzzKA4ZSNz4jsCzLevJi6KibcUkZe8RIRyhSnERBqIiJTGEpfbdg6C5p+zdNZv1V7qu/iFuOxU+1SG9s1u7XlfcnZcQpA9oAr9NRL3qP1mC5EESueXGks5KkmVwqhq6O2QVXAgAqoi3U0xulEETn3iUhlVBKAgAmNu3j4c+jgrhuOH7D/APWm1/8AMf8Aqf8AP/8Awy6ryhPqAf8A9rGpS99PP+Ev+Q38G4NuXM/8X/z5/mj+5fw9fuNLH/hv+H/5MY6+T+c/mJ818588r5fyfl+QbzfMS8p3b2F/5W25Nf8Aevn574t5flZKVV2rX5j/AMClKc61wxf2/dvv942fl5KKTXNXmB0HWddOYZ9UCTQbrHzZpLT0SoZeLh2VtiLHIjfUs5sVO4VLisO1b1VA1qu9O1yqxC8QrcpmKpQfu0lFWplE1DJnKNO7D6bne9os7p98+V84Mcnyc1KMy/a+aK1pXgONJTV7z911DWPl5stMc1OQPDLLZGor6ux5nPAWbcJsOX4ytJ1mDE+QsXEumQ1Rq3Wzt0t/WnLWotNL2yjp3tdSdLGoSxlQahIs/OEgFFUoCI1vtF6WjRa2zrG1xcWrqvlFnLXKQ1K/NalacaGLXN7+bba2LVCykVzV4j80TC+OTbtrqTLNMpgShA9X2UFhXzhQaQNQm330BhzhlNYEcu3dQWWEUwNQnwoDCsKDTGDeH9W3Gg0xhK4QAhfaNLqOUMxhqZd33UdRygjhDEy8Oj86Oo5CCJ5w0hfjR1ECxhpC7d1HUQbGGpk693ophRygSeZhqZO7o+2jKPfBE1hhC/H7qOqwTNMoDl5853CWQsPRPL75zOPm2pDSkmkwh8V5qmoqRncnYG8hmWFYoSUzCuW98ubahowfAwmoRUt0Q6PmN979ookiy59vvZ+tsao772hcOn3TEvbBAS7zwB+GpPFW+BuPwmpO10u42mtjS7iM9nkea/h9oxHjMkHlP8lXAWkDV0nrt0a6s4zUBpcyPhq+rItiCd/slzTcSrdE7Z0s1Xj8oWa+Lbd3MmCltrt3CK0VFPWR/Cmr5ypVBDn/AHT3jrt12n+4940h0+527ysxxAOUMMUYVUmoIozA8qCbXQ7dasaj71p7mewVIHPjTmMDw6CdT/q2NNuobPUboPmcHYKy/mWLx+fVAnfTzFWOLvyElZw3X/h2C2j3N/CUPLnhEJw1uvitVHIJprHanKUwmDdW59Jtx27Qvrk11+zZa58nL8x1TNl+dmy5iK0qK06xXuCzeui0bSMwGatATSuXjSYSZdKWqH579s/w3Z6/cvmvkf2/+T+QvnfnfO+X+S+UG3fP+b+Y/R5fh8fj6N2/oruI3Ta8ub7zp8lK1+YlKdeM8mbGorTI9fzT+9O5GDuTFzQtQEgzZ2LorzfDM3i6SYXDlW1lcLW0k2OKfmSJJrLKlmtJBi3TUExhZi5UP4TETIooHgrVa7vTtXblJ1GusEjlbb5reVLeYg+dPdGLW17hePwWnA6kZR9NJmOcoz6bGxdGl82lqW1cXZbma8/WkuzncfWDbDRwtiLFN0Nzkcs7qUfzbNpLZCviBcEIpGulWkfHxToBXSQcuU2jxvxrvD1Nv71p32vZ0axtzgh3b/SXF5rQYIp/GFWLDAkAlT6XbdiXSuNRqiHvDEAfZB6+JHLkPcZ1P+pZ5xFju7FuTlx6a7qa3RcE/IsEdUN+289I5g7ahYZ62lm+GYSWYrCnJXPKS7RBS4zJHFvHtEBjFPNcOXqTLeelvZOoGoXubdEKWlB+QhGLEinzSDwUAnJXEk5xQBSyncG7W8h0GnNWP2yOA/J8+vTh1pd5+nVua3rl5MmmphJSzOUQtQdQFq3mSUdkWbxKRM8ZTm04mWUdqCm3Zt7LnWKgEUEqabNUgAAE3V4z1Ms3bPfGqKqQX+Sy05/qrYqKc8wPtmz2F1fabdTWmYH+UfwETGG5WmpTl5ar9EsJyn+Y3eVwYGZ2Rl6Vypp1znbt4hYEOnNXG6lZF3Gz13y7Odsu27oi5C4ZQGri4o9WCcsnhUwMg/boGcdZ7u2jubZt+bvHti2upNywLd60y5zRaAEKCGZSAtQhzgiuKk083tuq0Gq0Y2zXk2wHzKwNMT1OIBxPEU9sy5tI/LVmtO1ksYKwuZnruyPjF43aqwMFcF+4Hvu1QgDFbnSZW1cN04PvO7bfiFk0QBIbemopNMhzil4TGE9cY3rum3ud83NRtO3WtWDiQl5Gr1ZVuqpP56t4z1Ol25rCZU1N9rfIEqRTwJUkewiffaiNQ2hXlNYqyHl3Ik5C2zdd5N07gfx8hdDq9tR+o254NgrFWzGml7xmpjIuQHLBMQYM3Mg7UibfZmEoqM2aYgVfa9r7i7z1lrRaVWezbNAQuSxYUmrGigIleJAGZzyZoTUajQ7Vaa7cIDHHjV3I4ccT0xwHgJb55L+qi1Mi8oDPOcLnkYmNkbUyBrdyLmGPaPGqTS1ZS7LkvPOkg2ILhz42zAtuXu3UQO58rxFEeIB4h9L33s1/S97abb7QYq9vSpaJBqwVVsg+eZDWkQ2fVJc2l77EVDXC3hUlvqMxQuQtzVW3Lh1GSdq5akpANLGejRcNk4yCTmQ/l1dMedRK1MssYtsku7dNoojpVlMoNS+e4i3HnFI4XYtkD9k9RezX7o2sXtEo/vfTVNvlnU/atknAVwKk4BhTAMTPLbHug2/UFbp/3V+PgeTfv+HkJks89vm76K3uhu59P2E9QGNc53zqVc2da0khhi84PICFlYqJdsHO5GmrrkrYdycbASUlbMUtENYx0s3lDOJIFyoCm3VEOU+nnZO/r3Am5bhprun0+lDMPmoUz3MpCBQwBYBiGLAFaLStSJ6Pe920Z0RsWbiu9yg+Eg0WoJrThhhTjjL+uc9O2nzW/pjc4PvtA136eMpQVgyyCFgXbJ23G3FacLLW5fVmHhrhtF+zVVtt6aGZKkBBUUF2oh4egSmDnG37nuWwbt9/0/wbnZZx8ahirEMjVVgfiFTxxBm9vWLGs03yXxsMBwNKjAjEcpbXyFy1+RPy+cWy2XcyabtOdhY/gW6qKs5m1xcOWXcw+BJV+nCW3E5Sn76mbrut+RmcW0fGt3L9cpTFSSEgGCvUabuj1B7k1a6LQ6rVXNSx4WgtsAcKsbYQKoriWIA5ma+5oNl0Fo3b1u2tsc2q3sFSanwGMtk/S+3SwuDNHNCXwBj6XtHRHOZftu6MMo3U7VGftJd/PZDG1rHTKZWRCSVRxquyNIgd87XjflGRFFnJnQrm9V6sWGtaHaRuVwPvy2WW7l4NQJmflT465cAGq1AKUmv7ccPd1JsLTRlwVrxGJoPdx6YcazKdz/gbHWpvE914Py6zm5bGN+oNI6+LdgrouGzVrqt9u+bv3VsSVwWnIw9ytoCaM1Ki/RZvGp3jQx26hxRVVTPyPbtw1O16xNfoyo1Vs1UlQ2U0pmAYFajiKg0OPECekvWU1Fs2btTbPEAkVHSoxpMebmf81PSHyddOsro50FQGLYXUavGSUJbWOsXx0Kra+AHks2TbSOSsrfJ/MIPMjgiIOWUdJndSsk9BJ1JlM0EPmej9q9pbz3puI3ruBrzbZUFnuE5r1OCW6/iciy0VRUJjw0m4blpdrsnS6MKL/QcF8T4+BxPE4TzkJmSk56Vk5yafvJaZmZB5Ky8pIuVnkhJSki5Vdv5B87XMdd08eOljKKqHMY5zmEwiIiNfR4tqiBEAVFAAAwAA4AeAE8VmJOYmrGJjk7vX10Nl98urTLF+kBthVzrz1HXgBXPkQekaatpUxUgFmC115kxDKIgut/o3JiWYp5Rf8soKD/k1yT1dfLsWms4VbVg+Pw27g/nfVPR9vCuqdhwFunvI/elp/n3yjWb5vWuF6zKqCKOTLfiTecQpD/NwGNLHgXwgUpzgKRn0aoKY795k9wiACO4PR9j2ynaeiB4m0T73Yj64rubA7hd/O/AJZ6OT216ZhEwaeUEUJ3fCgMIUGvnAjl49HpoDL0hVPKBKF3dX5UBl6QimBKE7vypdhSGB5wI5ePZ1UFxzhlMF8P6uH50KmMv4QBMvX6gpZRDEw1MvD2fGjqIJjWGpl276YUc4JjDUy9vroyisETSHJl3/AH0wo5wJOPhDiEHbqphVgWMNTJt2fnRlWCY0haZOHR0fbTCrBk8zDCEHbqo6rBM0v3fTw65ofRrzAbEZZbzJK4w04ZairssrIJZi7H0NiZldMnAqnsG8L9jVniduNSR9xxrZiE06TKEUi9Oqqui0BwcPFeoOw3N57fuNpLIu7jaKslFBuFQfiVDxxBJyj7RFACaTY7Rq102rAuNlstUHHCvInlxwry8pl38wX6krSZowyPiey8SMrM1pw15W9cU/kK6MFZvtKRj8cJN30K1tFq1lIaHvC1Lsk7iTPKKOGf7mwWYEaIGOJgcgBeT9u+mm773pr1/Vl9E6MAi3bTAvgc2BKsoHw0OUg1PSb7W75ptK6rbpdBBJKsMOnUGuPOcEw31dvL4cMwPP4C1lRkh4zALWHs/CU4zBMCkEpwfPc728uJxOJgEvywAAAA+Id4gGyb0c7jzfqtRoivUtdH0C031wA7m0P4yXa+AU/wA4Th/KH1gWnyOZPP5KaPMy3rI+M6cf/NG+rJxgy8sVVyJu3oWmjl1fzE0ATUFuQdxziZMFigAKmf0novuTsPv2tsW15/LRrh9mb5fv9tOUDc7psAfqrTk+JA+rNLBmtL6ifmM6w4iYseNvSD02YrmkHTCSs7AjaTt6cnYpyBkjMrlyZKyMrfbkizVQ6DpGMdREe9RUMRdqcu4A6PsPpl21srrqGttqtWuIa9RgD1W2AE8QWDEcjNFrN/12qBQMLdo8lwJ8zx91B4SxMVPu9Y10ULNCSZzZYuonUJjGyLsxnjXO+ZcfY3vwrgt84+sfJ972lY95ldsv252W7LUgZyPgbjK5j/6hQHjdbxo/oHeXopS/tO26vUJq9VprFzVW/sO9tWdca/CxBZaHHAjGETU37SG1buOttuIDEA+YBoZw+BK2ISALTka0ss5XsJktG2Lk3IdlxzhUF3DC070uS3GS64eLcss0h5NmgqqHjH9QlEeke2gXtv0epbPqLNq4w5sisfeQZK6i7bFEdgPAkfVPkZiXmbik3k3cEtJTszIq+fIS8y/dScm+X8JSec8fvVV3bpXwEAPEc5h3AAUxbspaQW7SqtscAAAB5CDLsxzMSSZUzmZyOj5WJj5iUYRU8RolORrOQdtY+ZTYLi5YpyrNBVNtIkZuDCokCxTgmcfEXcPTWNZtsyuyqXXgSBUV40PKvOkwOwBArQ8fGK/ANXyyKykU+4KjKZOaXL9OvOI5lelDFrPCuCNVF12jjCKK5ThLVl7RxlkNvbTZ2ZdVdjasjkqyLwmLVjBXcqKlaxzlq3TWOZQhCqCJq8lunYnam86w6/cdGj6s8WDXEzU5sLbqGPKrAmmE2em3rcdLa+TYukWxwFFNPKoJHsnTbO+o7Pup67zX9qFzBkLMd2+FdJrL3/dEpcJolq5UKsrHQDN64PH25EioQBKzYJNmpBAPCmG6tzt+0bdtNj7ttli1Ys8wiha+LUxY+LVPjFr2qval8+odnfxNfd09k9NzkN6VmmlDlj6eINxGft155jhP8RGQzqJIJOnU/llnHy8Am9IkXzE3UNjhvBxqhFTGVIdkYDeEf0F+TPUXdzvHdmquA1sWG+SnQC2SDTwL529vtnSdj0o0u22xT43Gc+bcPooJgu83Tmc6gNQWvbU1KYoz9l+zcIQ14yGJ7EtGxsmXla9mSto45J/BatxDBQM+2i35b8kox1LmVWTFVRJ8RM4FKQqZPoDsztLbtt7c0i6zTWX17WxcdnRWYM/xZakVGQELhzHtnjN03O9f11w2ncWQcoAJAoMK0B58fbLIyoGUMY5xMc5zCY5jiJjmMYd5jGMIiYxjCO8RHjXuCtJqw1fOCHJu39HwoRWXBgp0/Rv9w0JlhAazmjBWpjUPpeuGYuzTpmrJmErjuCI/YJ2Yxpd81aL2ZhQdoPyRkqpDu2wSDJJ62IsQioHAihfEXcNavcNq2/dLYtbjYtX7amoDqGAPCorwwjNjUXrBzWWZWPQ0rOJL0u27MhXVcV9X3ck5eV6XdMyFxXVddzSj2buG4p6WcqPZOYmZeRWcPpKSfu1TKKrKnMc5zCIiI1e3YtaeytiwqpZRQFVRQKBwAA4AdJYuzsXYksTUnnPkDk/OqssurQQ5e73UBhCA0gShB6vz/Kl2EMDWAqE+H4UBhCg1gRy/Cl2WFUwFQvHv+2gMIZTSDeH9XV2e+g5TWFrhFyZeHspdRyhmNBDUyfCjqIImHJl6duPRTCiBJhyZdu+jqsCxhyZOgPf6aYVYJjSXl9IvI71pa5NHtxawtM5ca37EWvfd3WE+xA4uiQt/LUxIWjE21MundqN5aCQsWXRXaXGAEQXnGTs6iPgRSWOcpa85uXeG0bNuq7XuPzEZkVg9AUAYkfFQ5hw5KR1pGLOg1GosG/ZoaEinPDpy+mWk5OGloGVk4KdjJCFnIWQexMzDSzNzGysRKxrlVnIRknHvEkXbCQYPETpLIqkIokoUSmADAIV7C3luKHQhkIqCMQQeBBGBB5TWNUGhwpKCEppVgWaGEJ0Btvo6rWDJp5wwifX7/wAPZR1WBJrDCJ8N23GjBesEW5Qsie34UYAyhNISUnD7KKqwRaElS/L40ULKE9YQVPbqoirSULSYqY7fjRAsoWkwJ1cLKVlYJ9wjVshmZpUBO7uqckjNKvANTkkZhNeAeysyTMwlAp9w1GQy2aUiQO+qlTMrXjDoaLRlJiJjHL9vFN5KTYMXEo7MQrSNReOkm6r90ZRRFMrZmRQVDiY5AApR3mAOmg3apbZwCWAJoOJpyHnwl1xIFaCeuzroy0x0f6A9SOUbUMnbpsMad7wSxyRqYzdKMuZpaitsYxZNzpB426ad0uo1Ahi9JAEBDpCviDt3RNvncuk0d74vvGqXP4qWzXD/ACcxnXtdeGj0Fy6uGS2aedKL9NJ5A5k99fbZWclDCDHTH4/iFDKy4NIOcn50FlhA1YIdPuoZFfOEBpBFE+vr+2gMsKDWBnJt1hQWWFVoEonu30BlhAfdAzk9v20uywwNYEclAZYVWgShNu+l2EKpp5QBQm3fS7LDA84CoXbvpdhDA1EF8P6u+hUxl64RamX8KVUc4wxrDky8PZTCCBYw9Mu3f0UdBBE0EOSJw26aZUQJPOHpE2++mFECTPS/+krDdytLg/1rMt/2OxVXAfU8U7kX+yp+k89Psproz+efqEw/PqF7LtqxechrYhbUiWkLFvrnxZeTpmyRTQRWuXIuBMU5BvOVORIhCmdz14XO+fODiHiUXcHOYRMYRHr/AKf3Ll/tLRvdJLBXX2JddFHsUADwE87u4Ca+4FwFQfaVBP0mWbEybdde3VeU1JMNTJtu4UdVgmNYaQnDso6rBM1IYQm3bRgIImnnCyJ9O24KMq0gixMKImHx/CjBZQmkJKnRVWCLEwgqYBRAvSVrJgJ6qKEEoWnrBcqGwLEf8tPQw9f2VaT1660xYiXdO3duQ7l05XUtGOMosu4WZnVWVOYd4mMIiI8a+Ju9tTqU7v3JFuOFGsu0AY0HxHxnXNoS2dr05Kivyl5eE8u7Ug2SR1EZ6RRImiilmjKSaSSRCppppkvicKRNMhQApCEKG4AAAAACvs7aATtWlJ4/d7fH8xZybVf1m5+e31mcMgmHeO3dWxywFRKvLDsHh37b6nLIqJt5YdghWZZNRKRTDv8AXUZZlZ6VP04dkWZMcpvBb+YtK2JZ+reebyqvpKAinztUqWXLuTSKo5dNVVjlTTKBSgJh3AG4OivkL1a1Gotd8alLbuq/Ls4BiB/ol8Z1HthEbZ7ZYAnM3L8ozCH5zseyjeaRrYYxzNrHsm2aJNNsyZN0mjRukEPDCCaDdAiaKRAERHcUACvojsCtzszbncksdOMTx4meF3shd2vgcM/4BLieobn8PdUHKMk9CuUrEvX/ABJSJcVWPN5fjH0MtY19Y7xrddt3b/FVxqOXyN0xWQpz+EWbGQZN2jli/UO4e/ONyK/txfJbb6YLs3fA7j0Vy3/dA+Y4tEHOj3FZcq4ZSgzEqSQVwXKaZ5tNR3D972c6C6rfejlBbChCkGp51NKEcDxrymNOdOuqlRPOA9IOYm3VQmWXDQU6fd6vwoTLCA9IKcnwoLLCq0DUT2/ChMIQGkDUJv39v20uywoMCOTYaAywqtAlCfCgMvOGU0gKhNuwaXYQwPOBKE47egaXYc4VTWAKE47eul3HMQynlAFC/hS7rSFUwXwB4vd76DTGkLy8IsSL+FKqIcnCHpF/CmFECTzh6ZeHs+NMKIFjD0y8PZw99MIOcCxh6ZA6Ntt9MqIFjSelz9JeG7laz/8ArV5a/sdiuvn71Rw7lX+yp+k89Vsf9SP55+oS0RzF+TZq+5n3Oz1yy2Hoq37Fw9aklp1h7szjktxIRlkNZv8Awl4HdqWxbTWLYSU7el1JMVSqqtmLcWrIqiPzzloDhuKvse3e8No7Y7L0K6wtc1ji6VtJQtT590ZjUgKteZNTjlBoaazWbdqNdud35dBaGWrHh9hcB1P7jOfI/wCjahf4fInJ8wOTJdR0kzndsdM7RW32i5vKMqiWOcZ0RkZBJL9ZCqi6bCp+k4pk6U6UPrI4ufDt4+V43sT7flUHuPnLntoEY3vi/Nw/SloPX39ODrk0QWXPZdtpzaupzDNrtHMnc9yYqaTTK+rOgmLf5mQuS8MZyyCr1GAYplOou5iH80Rm3TOu7+WQIY4e37c9Sdg33ULorufS61zRRcpkYngquMKnkGC1OC1M1Ou2TWaRDdWly0OJHEDqR08qywGmTbtrpaiefJ98LTJ8e70UZVw8YImsuraCOTjrl5h6ZLiwtjhra+JiujNHOb8rvXlm4yO4RcqNXTaAeJxsrcN8OmSyCpHBYOOkU2iqfluToGOQDeV7i747d7XPytfdL62lflWwGueFRUKgPLOy14is2Gh2jXbh8VhaWf4TYL7OZ9gPjSZDthfR9Kmi0HGTtdSTabVbJ/MxFh4EO+imDvcUVioXFcGVI53LNgERKUTRbIw7gMIdPhDmuo9cgHpo9urbrgXvUJH5q2yB/KM3qdnkit2/j0CfhLfgE68aiPpLNUNhwkhOabtQ2NdQDhigu6JZ13W09wjdkp4CeNKNgnbq5L9sx3IqH/QU8jKRDYd3iMonv8IbjafW3ZdTcFvd9Le0qk/aVheUeLUVHA/NVj4GK6ntHV21LaW4twjkRlPsxI95ExiMwYRyzp8yHcGJ83Y9urGGRrWcA3m7SvCJcRMq18YCZs8QIuXyZGJkUdyrR62OszeIGKqgqomYph7Pt2v0O6aRNbtt1L2kcYMhqD1HgRwINCDgQDPJX7N7T3DZvqUuDiCKH93jwM+70pac7m1Z6icS6cLMm4G27py9dbe0oSeugZAICMeuGrp0RzKDFMpCRBqUjQwD5KCh94h0ULe90sbFtN/d9QrvY09vMVWmYioGFSBXHmRJ0mnbWapNLbIDu1ATw9tJ6x2irBtwaZtJOnPT3dcvDT9y4axBY+Op2at4XowUpKWvBtYt4+iRkmrF+LBwsgJk/ORSU8Ih4igPRXw73FuVreN91e62FZLOo1D3FDUzAMxIBoSK+RnYdBp20uitaZyC6IFJHDAcpg/a6PpxdUWJrW1VavpnOWApKybQDLGcX1sxauQxup1b6chMXYMQ1K7stvEjMizVBPcdyVDzQ/2zw9NfSfbHq3smvv6HYLem1Q1Nz5VkMfl5c1AtTR60r4V8Jz/ce19ZZS9rWuWzbXM9PirTE04UrMeHAGnjMeqPKtrYTwNYkzkbJd4OFUYa3IYqBBBFqkZxISkpIvVmsXBwcU1IZZ2+eLINWyRRMooUK61uu6bfsmhfct0urZ0VsYs30AAVJYnAAAkngJ5jTabUay8NPplLXm4AfuoAOpwmV1hj6Ri+pW22knqA1h23Zd0OWoGc2hirFz+/YyMcKeSoQFL3ue7rFUfHQJ401Uk4UpBUEDEXMUv6+Gbj686S3eKbVt73LAOD3bgQn+IqPTzz+yeysdlXSldTfCv0Va/SSPq9s6Na9/prNWOkSwbhzBiK94LVTjKz453M3glbFsP7JylbkGyIK76eNjtxMXU2n4SMbAKjo0ZLO3qKZTLGaAgmoqT03a3rBsO/6pNv19ptDrbhATMwe0zHgvzKLlJ5ZlAPDNUgTXbl2rrdFbN+wwvWVFTQUYDrlqajyJPhLAuJsbyeXsqYzxNCPmEZM5QyBZmO4iSlfmP2uPlL1uONtqPfSItEXLoGDR3JkUW8pNRTyyj4SmHcA9T1+pTb9De110E27Fp7hA4kIpYgVwqQMKzzdi21+8llSAzsFHmTT8M9UblRaMr60CaJsc6Y8j3TaV5XZZk/kOXfT9kGmDW66RvG+Jy6GKTQZ6MiJLzWrSUImr40Ch5hR8ImLuEfiHvjuHS90dx3t50aXLenuLbAV6ZhkRVNcpIxIwx4TsOzaG5t2gXSXWVnUsaitMSTzpMbjmb/AE7WpvO2o/VtrLt7NuB4ixbplLty2ztaaUyCF2N4WEtkj5xGuQY2a7hwlFU4g4E8DkyXiMXecA37uudneq+y7btGg7evabUtqUVbRYfLy1LUri4NMelfCeY3XtrV6jVXtcty2LZJahzVoB5U5TCxMn+VfQpWeGBl7DQfyBteGum24PJrCAt3BGE58jV7DZJzMvKRLi7IZcSnGWsOxoqOkbquJis2OVVo8dJRkS/IYBQenDeIc27n9TO2e27zaNmfU7imBt2qHKejuSFU8iBmZeaz0G3dv7jr1F0AW7B4M2FR4DifPAHrL2UZ9HvCjCHJN6+ZMbkVS8SbiK02tSwbBc7ZH+pOzd5vO/lkm7sFB80F2QrJiUPLSMAiPOH9dH+Z+r2wfK8b+J9os0GHKhp4zfjs4Zfi1Bz/AJmH6WP0S1trj+me1v6ULQnMnYsmrX1YY4ttq4kJ0mOYmZt/K8NEskRcPZl1i6SPLBLRzdMN4khZaXfFKUxztipFFSvW9v8Aqx29vd9dJrFfRapzQZyGtkngPmClD+eqjxrhNbre29dpEN20RdtjjSob+Tj9BJ8Is0c/Ta6ptammjFWp+ws6af7UtLLUTLS8Lb93q5FLccchD3POWsunKFhrJlIwFVXkEooTyl1A8s5d4gbeAV371S2fYd2vbRqdPqXvWCASuTKaqGwq4PPmJbR9varW6ZNVbe2EcYA1rxI5DwliLP8Ah6a0+50zTgW5ZKLmrjwjlnI2IZ+ZghdjCS03jW8JmzJWShxftmb8Yp+/hVFW/nopLeScvjIU28oe80Grt7lt9jcrQZbWospcANKgOoYA0qKgHGnOam7baxeewxBZHKnpgaYS/wCYh+l71c5n034u1LW/n7TpHWtlbCNk5zhLdlFMmjcjCAvmw4y/o2FkCMrDdRwzbaOlCILAiuoj55R8Khi7jDzPXequzaLdL213NNqTes32tFhkyko5QkVetKiowrTlN/Z7f1VzTrqFdMjIGAxrQivTjPpNGP0qWsHUVYsHknUHlK0tJEHdDFKShbQmLPlcm5eQYuEfPaO7nshrPWNBWt86komYjVedNJI7zlctW6hAIZXfPVbZdu1DabbrT6y4hoWDBLdfyWoxanULlPIkQ2k7f1V5BcvMLQPKlW9oqKe+vhMfPWZgBnpY1WahNN7C5XN5ssI5ZvTGjW7HkWlCurhQtSacxScu4iEXsklHKvit/GZErhYpBHcBzca91tGuO67Tp9yKhGv2VfLWtMwrSuFfcJrNRaFjUPYBrkYivlOraheO3optlkK0CULx7veFLMIUGhgCpe78u2l2HKGB5xeqTjt0dtLsIYHnBPD+rv2+6gUxha4RYmXh7PXSqiMMYemX8KYQQLGgh6Rfw/EaYUQBPOMEi9e24KZUQJMPTLt3UyggSamelp9JkG7lbz4f9arLX9j8V189eqYp3Mv9lt/pPPWbHjoj+0P1CdxOcfzi8c8qXHtrt46zWeVtRWXiyTvHmNlZX9khmEPEA2jpHImQ5Jmg6k0beYuTJNWbVEhXUw4SOgks3TQXct9b2b2bqe7NSxZza26zTO9Kkk4hEBwqeJJwUYkGoBLue5pt1sUGa83AfhPh9cxEGH1WnNFRu0lwvGGml9B/PC5VsM+J5xvbYtTbgGNRkG9/FvNNApd4kUNKqLAb+kYwfpHsf/pL2s1n5QOqFyn2/mDNXrTJl/zZ5n/zFuAbMfl06Uw+uv0zNN5TPNAx3zTNOr/JsNbZMf5PsGYbWdmjFp5Qs2lbk4+Ymew87CSJ2zRxI2XeTJFdRgouimsmu1dNT+YZsK6vE+8O1NT2luQ0txvmaS4ua1cpTMAaEEcmU0rQ8CDhWg9Ttm429xsfMUZbimjDp4+R5e2YMP1EugqztEmvJ1J4ng2tt4d1I2sbMdqW1FtCsoOzLqWmpCHyNZ0E2SKRq0h2062SlWjVAqbZg0mUmiJCJIEKH0J6YdwX9/7eC6xi+u0r/KZialloCjHqafCScSVJOJnie4NGuj1tbQpZuDMB0PMe/HwrSAchjlax3Md1My0tlZm8Npn0/t4O6MqtkFHLM1+zsy8dFszFSEi0cNXrBtcYRL13JuWxvORjWJ0SnQWdt1im9Re727V2hU0ZH976olbZ45AB8VynA5agKDgWNcQpEHse2DcdSTd/q1uhbxPJfbjXwHjM+PXVr00scqPTpCXVfjFhEMEmxLLwdgbHTCLiZq8X0OxT8i3rRgmqTeKtq0bbYeWaQklSJR0YgZJIPMdOGbRz859t9s7z3rurWNKSzVz3rzkkKCftMeLMx+yo+JjU4KGYe51+4aTadMHuYDgqDiacgOQHM8B5kA4Z2W/qq+YZeV1PH+KrLwNhuzSrrhD20FpSuQ54jI6hzoFuG67jmWzSYkUUzAUyzKKiUTgXf5BR313/AEHop2tYshddc1Oo1HNswRa/kqoqB4FmPjPEX+7txd62VtonShJ9pJx9gEuGaAfqpnF2Xtb+NdfuNrOs2Hn36EU3z3iNvOMYK2lnSqaDV3kLH8zJ3I9CGA5xM7k4p8Iti7hCOMTxnJ5nuf0T+Tpn1na965cuKK/Iu0LN1FtwFFeisMf4c2G3d3Zrgtbkqqp/HWtB5g1w8QfZL7/NM5aOGOaJpvcMkk7cb5ot62Xdyacc1xyjVb5KTesQlIqBkZ2PK5/ecW3yfyk3iYC4SSIsV82KK6KYm5p2T3juHZe8BjnO3O4XUWTXEA0LBTwuJjTgTTKcCZ6Dd9qsbvpaCnzwKo34K81PP3jGebVp0y3f2gzV9YuWZCw0HmStNeUJI0xju7VncWmldlqOJS3Zu251Vh43TJeOkQWSW8veYqiQhX2Fuu3aXujYLuhS6Ro9ZYFLiY/C1GVlrgaihFZyrTX7u265bzL+ttPip6ioIM9WDRxnOW1NaVNPeoSdgo+2JnM2JbKyLJ27EuXLyMhXt0wrWUcRrB08AHThq1UXEhDqB4zAG8emvh3uHbE2XfdXtNpi9vTah7YY0BIUkVIGFTOx6DUnWaK1qmADXEDU6VEwqNdv1Hubct2Rqs0fyOm7FkRbd4NcsYMc3gzuy7V5xnEqvJi0hnUGC6QMFJEG6XneWYfL8Y7uFfSPa/o5t2g1Og7gTWX2vWzavZCq5SaB8teNOVZz7cu7L963e0BtIFbMlamvMVlx/wCk9062dAaZ876o3Eawc5IyJlp3iBlMHbkWkIbHeP7ctG5DxbF6pvVYpXHdl2KrP0EgKRyEWxOoJxSTBLx3rxu2oub1pdjBI0dnTi6RyNy4zrUjnlVQFJ4ZmApU123ZWmtjR3dZQfNa5lr0VQD9JOPkJ8VzpufNqv0cawZzSxpqtWw7WjMZwFlSt23tf1pvLslL4mL1tSMvFFG3UXEjHQ8facVFzzdqociK7pWSbuA89MqYpU36b+lexdx9vLvu83LrvfdwqI4UIEYp8WBJclSeIAUjA1rBdw9za3b9edFpFVQgBJYVJJAOHKgBp1rXGXR+XPzs9MGqbS7amS9SmddM2mrODaXm7TyDjq9c0WFjpJxKwh2yza7LOgMgXolc/wDB1xRcg3UQOuZYEXhXLYFlvlxVP4fvD003zYt8uaLZtLrdbthVWt3Es3LmDcVdraZc6kGtKVGVqCtJudp7i0Wt0S3tXds2dTUhlLquI5gMa0I+mo5TBt14u8LaYea1kTIelOfxnlPDVhZ6x5nvFzjHN4QF140kPmv4Py5IWZDXBZchKxiELbl3vHkGKKCvmM02nlgUBIFfTXa1rct77Es6TfUvWNxu6W5Yui4jJcFM9oOVcA5mQB6kUJNec51uT6fR709zRFH063FdcpBXk1AQTgDUeFJ6IXK51nXPr90aY91O3hZcDj+evOdv+IdWvbchIScQyTs69Jq1myyDyUKV4od43iyqqAYNxTnEA6N1fI3fHblntTuO9smnuNdtW1tkMwAJzoGOAwwrSdT2bcH3TQLrHUKzFhQYjAkTHW5ln1FGaME5+1ZaMonTni+eti1nt34jb3pI3Vdbaddx05bAMFZdaPbJDHkeoEmDGKQo+WIkDfxGut9nekW3bptWg7iuay+l5wl0oFUqCGrSvGmE8vu3dN/Taq9oBaQopK1qa4jj9M6C/Tj8qq0NX+TLp1V6grWQufA+B7hjoKzLMmmor27k3MQNm86ojONz70Je18dRThk8esFgFvIO5JmkqCzYjtBT0/q93tf7f0abHtT5N01SFncH4rdquX4ejXDUBhioViKHKRr+1doTW3W1mpFdPbNADwZuOPUKKEjmSOVZlk80nm4YE5XthwprpjVMm5vvZks6xrgu35hrCykhEtzuGh7vu6YOzkwsyw0H7UzRN2LR04euiHSaN1gQdnbcJ7K7E3TvTUt8g/J222aXLzAkA8ciiozvQ1pUADFiKqD7Pd960202xn+LUN9lAaYdSeQ5V58hxph83h9U1zMpy6XM1bcdp3se3hcFFjZ8ZjKVmmCTNFcxkkZCXuO8JOdevHDcSkcrJLtUzmATIpN94FDvNn0W7QtWRbvHV3LtMWNwA18AqhQOgIPiTPGP3bujPmUWlXplr9JNf3cpe+5V31K1parcjWtp21i2RaWEcsXo8bQlgZQs2QkW+I73ul6sRtG2jLQtyPZWYx/cEyucqUespJyLCQdqeQJmapkE3HN+9fSO/smkfddhuXNRobYJe24HzUUcWBUAOo4sMqlRj8QqRv8Aae501lwabWKEvNgGH2SehBxBPLEg+HPKHtGzbTsGDTtmybdh7Ut1CRnpZCDgWDeMim8jc89JXRcDpuxakTbt1JW4Jl07VAhSlMsucdwb641fv3tTc+dqGZ7pAFSamigKuJ6KAB4CerREtrlQALU4DxNT9M8inmZE38x3mADu/wDva1V+v/l2vyvtTtUf8rbb/wCH6f8AoUnKdxP/ABG/+2f9Iz1H+Wd0cuDl+/6kelL+4iwq+Re6v+qNy/t+o/pnnTNu/wC77H7FP0RLOXNc+pBxdoJyxOabMG4qQ1CZvtHyG+RpWYuk9r4yxvLu2jZ+hbariMjZeZva6mrVwX9wZtzRraOOqVM7tRym4ao+y7S9M9X3Bo13TX3fu2gf7AC5nccM2JAVa8CcxPGgFCdZuO/WtHdOntLnvDjjQDw8T14U68p57ep3OtxaoNQeZdRV3Q8Lb90ZqyJdGSJ6EtwHxYGKlLqlF5R4wiAk3b+QBg3WcCVLzllVPCAeIwj019B7dt1vatus7bZLNasW1QFqVIUUBNKCvkJ469fa/fa+1AXYk08Z1/VJt91GYSQecXqF932Uu6w6mogCheO3RSriGUwBQu3dS7iGU8oH4f18Py30GmP7uMJWK0i8NumlFEYY1MYJl4eymEECxh6ZeHs9QUyggWPKMUy8PVTCCBY8oemTo9PGmkWBY0npXfSbBu5XE/8A61OWf7H4rr539Vf+p1/stv8ASeet2D+on9ofqExZ/qZr7nbx5wOfrfl3Cq0fiqycD2FayaiwqkaQUhhuzcoOG7cgkKDdE1zZIkVRIAmATqmPv3mEA636X6a3Z7P09xMGvPddvMXGT9FBPOb85bcnB4KFA/kg/WTLDCROG226ujqtJoWNZl9fSCXRMstVOrGyUHHht+4dPtu3VJtd6v8AXzNnZHiYiDceEqoIj8syvqRLvMQxg839Jih4gNx71osIdn0eoI/WLqSo8mQk/Si+6el7Wc/erqfim2D7jh9ZnYf6xNuiC/LtclRSByqlq0QVXBMgLKoNzaaVG6KioB4zpIKOVTEKIiBRUMIbhMO9P0Mqf70FcB92+n5/70t3gafd/wDafzJdR+mExFFY85VtkX00aoElM8ZYy9kWXegkj805C27tc4dj2yi5VFFzNWaGMTGSTP4CpnWVMUn9YY5/Ier2tfU95XNMx+DTWLSAcviX5p9p+Z9A6YbTti0Le1LcHG47H3HL/NmIz9QbqXurUXzPM7QslJuFrK09v2mBseQhvOSawzWzmyR71c+QfwJKv5vIr2VXO5AgHVag2SEx026Q13f0s2aztXZ+muoo+8aoG855nN9geQthRTkcx4kzxfcerfU7pcUn4LZyAdKcfea/RLKRE93410pVM8+WAhRExGiqIMnnPSK+mY1FXVnHlvNbMvJ+vJSWnDK1zYYgHjoyizpXH6cBat8We3XcnIBDEgiXg6iWyQCYUGMcgToL4Qr5C9ZtnsbX3gdRpxlTWWFvMPy8zI/vyBj1ZjOpdpat9TtXy3NTacoPzaAj3Vp5ATE7+oZxPD4t5rWoQ0A1bsozJDDHeVRZtikIRKYu2yIUl1OlCkTIHzMxdsY/fqj+oTHdCYRER6O+eketua/sTSfNJL2TctVPRHOX3IVUeU8P3VaFneroXBXCt7Sor7zUzPY5T4buWjoWDs0w4i/sjHV8r9+/9abp/brv6ZnS9k/7o037FfqnlzakE/8ApE576A/+NOU/7czo9Vfcuyqf7n0n9mtfoLOL6xh97u/tG+szJ2+me5mWJsAfx/omz3dsbYULlHIDfI2Fr0uJyhH2sF/TEJE2tdViT088WI2glbjZ23FLQorCmzVepukTKFcuW5F+JetfY+4bqLXc2022u3LFn5d5FFW+WGLK6qMWylnD0qQuU0yqSPY9n71p9Nn27VMEV3zITwzEAFSeVaCnKtRxIrlG65+VXov5iDePks/Y/ekv6JiCwtu5hx7NDamSYeGBdZ2jHFlQbScFcUWgu6VO3bTMdJtmx1lDokTMocxuF9r999ydnsU2m6PujNVrNxc9snhWlQynAVKMpNBUmk9ruWy7fuoB1Sn5oFA6mjAefAjzB8Jica7vpfM54Stq4sm6P8iL6kLWgmriWe4qn4RrbmaGkU0RWXd/w2rHulbZyU9at0PM+XbpREi5EwItGTlbwEU772r64bVul9ND3FZGivuQBdVs1kk8M1RmtgnmS6jizKOHh9z7N1OmQ3tA/wA5BjlIo9PDk30HoDMWBdqu2WWbOUlG7huqogugumdJZBZIwpqorJKFKdJVM5RKYpgAQENw13YKCMymoPOeJzUNDxnpWfTfhu5TOCw/4aZw/vdu6vi31lFO/wDVfs7P9Ek6/wBpY7HaP5T/AKRmEBzoCCPNL1tD/wDOiT9P+48NX0x6cL/yNtn9mH1mc73803rUftD9QmflyOMUROIuVhpCiIxu1Tc3hj1xlabdt0ylWkpbKVwS97g4fKAUpnDplFTDViBjbxKi0TIA+EgV8o+p2uua/vncHcmlu98pR0FpQmHgSC3mSZ07tyyLOy2AOLJmPmxJ/DT2TzxOafqHufVLr/1S5VuOQcPWoZau6x7JbLeMicNjjHUy8suxYtu1OBSszFt+FRXclIUoKvl11jB5ipxH6y7J2azsnauh0NkAN93R38blwB3NefxMQOigDgJzLeNW+s3O9eY/+0IH5qmgHuHvlvU5Br0rLNeGg4CqiomsgdRJVI5VUlUjCmoiqmYDpqJnKJTkOQwAICG4QEKEy1wPCFBoaietVyp9QdwapuXbpMzhd0h+73fdOK2UNd8yZcrhabu3HstLY2uibeKkcOgGRmZ60HDpyAmAxXCpyiRMQFMvw13ttVrZe69dttgZbCXyVHRXAuKB4BWAHgOfGdi2jUtq9ts6hzVylCepByk+0ieYpzMCf/0b1/8AfrZ1VD7c632NfW3aq/8AKu2H/wDz9N/QpOZ7if8AiWo/b3P0jPUX5aPRy4uX/wD6kulT+4mw6+P+68O6dy/8Q1H9M86htv8A3dp/2KfoieSXn65p2+s55ova6H6spct45YyLdVxSa5hMvIztw3fMS0s/WMYTGMq8fvFFDCIiIiavsXQWLen2+xYsilpLKKo6AKAB7AJzK67XLzu2LFiT5k4zhlQnHbd2URlkqYvUIPTttvpdlh1MXqk/H8QpZ1hlNIvUL+IUs4hgecBVLxHbd2UswhgYH4f1btt1L0+KGrhFKReG3T8KUQRhjhGCReHs+NMqIAnnGCRNu6mVWBJ5xgmXh7fhTKLAE4xgkT7t/wBwU0ggWNZ6VP0nQbuV1Ph/1qMs/wBj8WV86eq4p3Qv9lt/pPPY7Aa6E/tD9QmJr9RuXfznNZHf/h5/7KmDq7H6ZrXsrRH9t/T3Z5bfj/xS6Pzf0FllFMm3d8a6EomkY0mWn9IkXw61dSvb/hbX/vZx1XIfWkU2DSH/AOM/9289H2p/Xbn7L+cJ2v8ArEC+IeXX3f4uP+7HWu9CRU7p/wDLf/UQveX/AO2/2n8yXHvpcc7wuSuWshiFJ+gNy6cMtX/acjDecBnra28hzLrK1uTZkenyo6YmLrmGqI/5a0av0dG8fLesm2XNF3b9+I/U6uwjA8syD5bDzAVCfBhNl2rqFu7Z8mvx2nIp4H4gfpPumMx9R9o7uzTrzD77zAWKXHFOqsjXKVmTyLY5Y9K70I2Nh8n2m7d7gSPPM7majLmKAAHyE016THBUQ7N6Rb7Y3ftW1oMw+/aGtt1rjlqTbYD+CVOX85G8J5LujRvpdya9T9Te+IHx4MPOuPkRLBBE/wAuqusKs8uTzhRE6MEpBs09Mv6ebSNdmk7l02iOQohaBv3P95TOfpmDftzt5eBg7phLbt+xYiUTVKRdu6Ws61mkmdsoBVGi0kokoUqpVAD4x9XN/wBPv3eFwaNs+k0lsWAw4MyszOR4Z2K15hQRhSdb7W0NzRbUpuil26xcjmAQAo9wBpyrMMXnwZzg8/c0bUtPWs/Sk7ZsKVtvDcS9QOmqis7xdbMXbF3eSskHlrNyX82lipHAxwOkBTAbcIbvpT0q2i7tXY2itXxlv3Va8R4XWLJ7fllK+M533Pq11O9XmtmqIQn8kUP+dWegFyog3ctPQwH/AFYsR/2Rjq+Su/v+td0/t139MzqWxmuz6Y/6lPqnl4aj0v8ApEZ6/wDrRlIf/ficr7r2Rf8Ag+k/s1r9BZxPWH/e7v7Rv0jLleJ+QjzLM24wx5mLHGI7LnLByjZdtX9ZsuOZMWMlX9t3NV1lQJNf3B0qEoJ0N9Ld0iHSjA5BSmD0gAmMkpROCelOGZ0DRklKSiOMgYAgOaQVBN/xf9/3291z9zwfzj33nPPbc++dvbJGe+Rqg693yaX4blOAomXTD9ajjIdsVZrFBHonr6OrGZJbD+rBnSiV+UVndCuciWOvlIUHgveCR+jZA2Fq4FDS0pqPBJm+w0quKbmQ1FIYBf1dkuFmC3IyM+tYcK9Ssn980ktEYlgu18d1dONdS9q7XJuhetcvgrSXK7E6xj6O/NQVaCRXyhwcxDoWhOxbfZy31i172HPcIr6Sz1N784XaqvW1Ke4bveHCJ6m4CjUm4TPHN8Pz6xyofn1CfIXBkiw9U2IFsdj8fwCuO8dfslO/QF8Da+2paLf5XkNUV/zlpxyZuwYB7ZlxNFx0dYtpnigcpgYLm4UN3Jkv+Vvsyzw50cYK7P3/AJzXsd8yEVQ+8HKq4OD3epFHUuRuhDTUIXguwtRCNoqPYdJRn7srrspdO95aK6vSq7IWvZ/eiibRZfWcuf5wfgz67g7KpC9PZpxiVNCTbJuefzSv/GgsXiIzchyydglcPWHTjFNMi88JYawX2n2n6Z/MZmI4yKiAJZ92/ho6j75NjYWxF6p9CpLkjFUx8qb341nFVWBXPJE96xJrO88dlWigAsdH+KWOBW27vNMeO9gbEIxO33lC9Nsx9x+ge7yzHafmd0BYNdP+YciLNBQ0SoawfipkThQ32KtsffLZ64eIuwC2f4A1v4BrrzmfelswRtKjmF7rQFb5gccGCouYQuO3FM0OruzoGFLjVPgpsQzywQgkuk6V2wPbtlLYG3FjLIEe71Ks/tInYsdq2S8zE5CVtEHC9a5wPwnp63Zc24/qe4tCnKVfvC6SYNQ2ezc/VYo0j5w/bKPxg/2QxwbKw5jc+mTyBNIEulm8Hs2rJIuT7pWXv1tf4rAeIt1x996qhExp5n7oKHlC/70PGxpohvxJnEwAsP7bKf7mQdijcAXjgKAe55v4lpaAau2nJQvlrd6mFB3gFznnEwDIHz5OsXVvXzG6cqSbgsmEpa6xnb6uAM6glnW+EMPFIU3A5CunYWSrO93sj9DmIy4z3tT9zgo7fqT7epRTS0TXj8PxQbvNkmfUcO4lvzuls3C2VHss4SkbwJbmvoDZnFng1Tf2XBezrBxAkVGqP0BYaHEAEe+E99YJsKOrceA/PgAkOvcvAUo4d4LGfX05hIZT3ASxs7meNNxJ5r+9POwhSfJ8LCSdCPbV7QY2dTO6PGL5y37ip/z97mCNLAQt53DsRuJwsWnQ9Zafgnd6W1//y9RM255OvJKr5rozGZNo7LVGgUXXeGxv1lQvImS4BxbS+xrdM3Qk/g+QfjkwfoMA3uLrvO5g+p1RenmloP1V787ckr5DDMCQwzFbf0XxZmnEElPlG7uH/I66r9913TD1u/c/QAP8mtWfZvtByJgqJgEmXVk76t7lYx4/NVd/U9vTyx9cLGWXY+ExpWCxVa4xXJzR9P0sfoGT5PJ2HsEnJLu5rQGvPi7PfjM/rzJGluzBBC/56JPA/SmUy7oX4701PIx6gjj7qGN0kSFt/xK+CndmKLgnTYnGi7rMivHrcLbSgx1h9eIZOD7o0cMcVTwq+NzlvctOq3JTlfbkKFHZyXHdpU2jxtCBt86nI5cKlKZT8jWYOMl7m7q+J3sZhLhVvMNkRFufC1qqEKlae6Lr7pBlUxxT0PmXkFFawcv1fwDbw1PkScWB7+/eoqYxZzL39bFO1nruYg5Q8Xl8JrRVnPeuOj4kkBrd/g9QG57fW3a3jAHGfw+hvWTpe2k9ZbayXsP3PFkA8yT+fwCM3a4rReoc/J/d7jhfeVwWTmQAtnEmcn5sF8I4pNgHpGSSn9hTuh3mndgP05AppLdgXU2MoCivnxpplMAj4y4METbGT1MsWUszVI1JZURGL6yuDw8st5ryqXlyE0usxguwquLgsklC7mLM4njmTOLN6NpWlzvnqoZvkr/2ZdVIlkimAp7/oIeUBINpDWzHnBYzQvpoCNl+1srUrQXYg47iE3MEaJ/JuU2QiFW6uV6vipbnSqoYTXtHJ0I99EQ0BVb/ATicxfNHvuVuuIaIanWu/DZ7ZTMGGRs47BTHemRETwNUFK1AtRattRi5wb2/xjxL2SciVvuDuy0cMfYPoL49SOV68cuhofjx4NsNH9vNpmHpYCq3Z8C9v9VUZ5fvGgZQTwGyL0pbtt6MyQEIB8pc28B3Pa9oPZ8DO3rOH3MsfP5QYM8bV5/heFagoL9MRdjvvTQyvp0NYZwJOys6zSSYZppTqZATsCKWctS7aq41so93PtAIdEF9aNNr8dxGCCwYrbZ+8Hes5vYcXX8rXGeApTirS5YghJutPseFl6/AjQpu8Qjcyb+8LZiedlolnqCT28GJIVLBJZItfa5W7tqElFFWK2kX3Ef+XKMO02SWN5bqriggy+mYPfswkkM8dKVKM7BkZDxZE79CcOJJDOFlZ7PgpZOe6Q+ZCJz/oTERyN1GGEERFe3pkeO98ZIeFtP4EP/TteNeT3PnxeUV/zCSE7zi0kwvDzG8S5QkLfuOFnoAe+qOjZbfbG39BpbPf+/OJ/SQPvRO1O+cXgcn4izY0pSIXuBk86ATegSy6PTeNqzbHv84L1It6dlZIV0t0FRJRj1MIpzAyipzcMTWBnvwqSRMadoPS/KPLVCHIwB2Gtm+IZBkRvvsQ+gHD7bJjMLDQPDYURIOK5lJPJn5EkFAbm/JpgCUYcAHX47ZO6oH54JyCKXwDh3rR2FXA6W4e5K3HwRTYvTqgN7UTmZqf3GRN0h26ruJKbDtTOK4Vf5ZkPgPcPo1PQROVgC7aba3/i2R2vsPQLt07iqZ1FLYY3lbGpySfR4klbPbLI5XgjQFeokevnZkEGzwce5qs5JXb7ri4OTLXmoUVDfRLJzyIXo8rM8b9PPjzrvSKK58PfV6OvJ/ANbrhZWA2swOtEfGh/xKK+Woh9gI3cVnjNqDdPFWLDEUY3PVUOiBq1lbXWzMzUKYphe3dWR0aJ3hdIJf7CL6jTWQzaHiguydyxOd5TEckqdmhaldbylluvmlpNpV4YOz+wodAq81oZQazxNXLEXGP50MekVV8DrG83lb+ONzLPccNwd5BsWDWpuPzdXmb1EPXrcnUcQJ4NfVcGnic9lAAEZGlPZXwWOW0MbWHJmS9QlxkI36hN8HNcNE3L7FqKwniLed29VJHTY2zodBhAHSX6haj8U+bme8tcgLkNjCM6P+ciYcnxTx/s8eILwV/GmLd5vC193U2GdVoCSSpwwD/Xr3Se3xJEo8k/+J9Gut1MkiL2K8Kr55mvxEXkUAACBUdU5HOe5oN5vLs4zuqG4kr5UESGHt+BdihffKBVmbdU7tkIRY+c1alo8nNFrWun9HkO4lv6p7VhdzwH5+OPRZjnxblAGnIbl+vM768oora7fLxsiC+CUsMsh6T8FtP9Cx2W2vdQx8cEFFezsoq9euB1Mj7l/hsIGYwArIMq50tj0gqLXtcNqhVtwyTxYXDUaa2OIdLgcbJuDEhFEhT55Ov9SNYzJ/V2IOi2MucxHDq2zjU/LuwYTAWRxNAaP3Bfa7+HKs8emTfZ+tn18jHbbr9cQJvkcGUprp6p/2z/s5mDDaTMUuJ9U2IAHz1e3yOMIK+jhIoZKfYoqMTp2LDOtnX9nn/gFgLAd7X4Fqf6Nb/wFA/0UWtTupKqYDonlOiD+Rl13i9kmGYyOH5wfvpI9ebqWmV3ydhIVfamNFeB00hod/QGcgX2T9n2EL0y9T713usvq+QD1OSjmJJ3E5mLiu3zu4gq7lRs1jrbfAXsSFnYHTDN1SFQnw+N3SNDMMtZczQSs3p0fPJxM1/gEgnRCFPnegjs0v93e4G8q5UU3nvGXyzu0SqLhRjWHU9LhqredG13bCTgmDBbTK/REtj2gb+8qylJOzH958NpxKe/FZ+9IPDVEaBXE2Y63ttVV00sah5cy6Wg5qetnjVXsZL6h+AEKIC6oqJgdVDUe8n4UTwpW6nUMRqubGDOqf6sUlw4mEY0SptZr3aEcHOxkq7V1FBnxBDOux7xHVFKvCS8om+DVvyBlGBi1FGgXzm9yZrcWSclNGxzhOp7F+ZbaZXdy8WMRaAMNVK7IiO8s1frErAc6LKw1lAy/Ff2GAnhccPzG0Lko5vyn/2eF1yj2rwO8L+1m9eSTgNplRZpRQ5MCXSEfi9Op3k3jN27gpHbO20lhuB8rSjEPc9vacD6kBewhrarZSo4kG7klE7/zRTVfmTb2WBxrp2sDEsyxwhaeAj5imHE5X0cPbpJ4tiHY5QlHOBp9BehyK1VZsAFZlBM47GgNlXfLYU+1Ig28w5KRfuNMVh0SXpSWeeSZJDmyU5lKiFSXnUC/xGYeRiqlFsxeeYZmywOMCm3k55T0nHBH5E1mxVLPc+rUN/STNzE0AVPs2QyWAiZj64fS80UkuSqJkse7L/CvxloXigxcq7xKFfhXo0Y9jxvbcztoOWQs2CgwpyFy7vvFoif5bieHbxorHrsFb/ok5r/m7tZ972Xtz49e78Jpg0xX2boE9qMRFleMuJ3BJ5asCR8PzxPfw2ls5s9Q5g9MnMbjMwyLiJdU8kLs4e5L9+iREwSRKzQ8tHYhvdYP2XTCC8C2tAmQ1xMhg4Kmq1lftOzFiuxq7Dx5onyoh2DUgFksUfao7Lhqjy/7hEiKhVbmUOkoDs0UgxTJsFWbrfo4HoXTQ28/WTsjW05raHnYjIml8HeNCGbL5r6l6GPE5KJbur/phe6HJIAPZ0uo8Ix6DlFlUPfdAgueba0TybLe1Rkp7lzTbE7iL49MFt7Qkox7jbRAxrkrOng/Ttptwqvcm1/gZOD0jgCQYCG4cVOgppiXYZvt5QwO5y4gfzQ9zU0WrouiqyoifutiRj/c9By8BmUPtBOClVm9p/0xD2SERYnPp/NUKDDKIHY/yTVBjhgIin/ZHgR0JA9shu7trsI56Fd8iXqMSseEY84eXRQ/erP/0TRo9Qn9fSITuORcaELMrd37He4bN7CVcK39UM4P8Iw3F4rUCbB2RfcrJnW+zXuTw6hGnKXDMQtHYsYYQhlDoqH5WRvIVEpY6Ii/5mNLwAFPyLJljSOiAGHCbTVdoLy5qzStrYPcyqFKl6ejycrJb0+nIYQyPT9VBACLOUTOSnL64f/HcxzTxZhhO+7E/D/AwOjSPI1vSO0D+GlVys6nt6ONtVner5fTgpvOtapYHbq4Iupv/2aurh38CVZe79HzcaW1F/Mw5hncT0h0WrFc3phVysvHrNmN9f2szS9detUGTfs5xpPm1LYldoh0Bouy0ESYwJUmyCIlkzwXwEiGKFxtKLg7YMD8r9K0Ntl9p36H728RguO6ZCT+N/v31N9llIO100z+A253CHfkd55/CDfWY+tUe3988Mp9//inQTffAiR4OOkMGFTZC66futlsW74K1L6ABPyYzj8g0Hd3pXZPxLAd8Ft3N5C8/N5mkAyDlfv54M4OjqN1682rxlxf5nbMF8NbXJfHFgfXa2bBfQ2h7ChWzb5JXhOU1uUWvQ0lIOmtkwlpq8z1h4ay2rM0VmpLuhrmj+sJCiS7wnqVviNS+xu692nX9y1fz0neutQzvFJkZbQb2nsu5r/0596XB25R8v0OodKWFNis0LuhhKSFOQghdZtY7TqZqsH7NWRyV+JE2I5jFK5nuQZEGxK+OlFUB/FFNSOWiun7wrEuq/B9AKdDgYuJSnPZAXXd5Ehx6Wgubm0iTe+DbsxOvBgclmwtdzVShH/hU6hXqJ4sm/MG/RsZ+kZAvZLGPwZUXKARzZrSc1oaGWvPXHkFXqRZOHnWkc3GBNn+8EtxcM8iriqmQf+9w7tgkUV1yO/7cJ9M0eo1eZOmMRJ9u9GM0nKZu0Tf4DGYRdwAius0qvkqdkIvQYvzyZXTyS092TkqIoCDP0WBEWU3pCCmpgS4KBkLJvfuzEi/tdzT2k+wTLEp46g0JCQnt/mXt65ZwVPkTsArgQShWH0AIoMuHNosXZo/9OYJkZg1C9qxIvhIBfesIOktYZBLI0tAiI+ttrp/QEuZp2fxWzzs4DkRCyHSxHmhor3h8dwSPx62EsKa9/TPKdngyVt0Nos3XJ0sOOybSRrh2u9fVQ163+VJYlBylUsQl4W98/Bha9yihz4aagOPKGW054GDoqmN8/mPp2QNF2S/Fj0yn8vbMwLw7e/7Ba1eJZ6zLzVJ0s/vt7iOHy/69bAtHQwLoN3MOoZ3xgqdfBH4N6g570fVhdb0McF3bPY8vnTWfZWHnf2306IRFUQ8otSH23EMcWevTwDd4M2k3Yfjx1J2wF/y3OLo+N5fuB6/ZaH4fajGh+pNz1gW59q6kelJOXkEg52S6tMBrGI779sNsdnXvCdvE54T1SgindaWOZXiImqd+Sh9ITkj28yBJjGQ4QS5t9fXr/rvsZUHuvvfKN51Jj+0pEuQ/FdgsWnZN4V83np9kFjS551gPXTHk+rx+bhRXzo3vSLrdWO8aPGM08sBjdZGl8EAoJiZqM/r+Z+/ou4kFq+ctma2dIM5D3tKi0z8xX4+hBb2664ihMjwfvtVn2QZ4Z2OKV1jSYTVJAe/6WoudgVuusMvWE0a+DnNuhrdbf+mwWZyEO0oWdL9AaCAWc4Zw4BU7BeuqtlrNC2OupTK9QbPGNGLmAKvl8/jmQGuDnCO56pz8/mXYas/nsQJmGKy8QW2z7cW4ZlSdqGWHr8NxB1LCXRrZ0B+pR6I/napFMm8SnZXhSXoZ6d2VNvU4E29aULTW+O1WhwC3BbaCx+hKZuZ4ld/mRDwNi+dWdewNW9J7vFY72x3+P1nxYak45GOnUjfiJur4uWFmrCQiv+t+HT5dP3bF8/BVs1SB/UA4RbYXnZh/BPGEhI8pSsaRaqPAdJe9DlAwNzZdXAO7biLWIyZitURH81bdQjTYZJ+Id5/nJCIcLpAA966HApWQLMzEJPUWEi7zR5v9+j8SYiS4aUOjc5qi1p7NvU6Mtm9E3kgUguZEewqBHqzNhsIUHBWh+FtfVMRXRlbFM8UzAUQQmOJ32Wrpc+8rn2CKFl5KQo21bpYzkcXFyMFD7708dzqXKc8LtVPJsaCuoL1Epk5P76mLUTdkcU2ePV9EdLqi5bmN8AejcgDFFQDbD7116P4NXZ/sP1u6r1jUWVbeJ0Wwr2QjxetgjdeOvKoddxtQ84aZHuZQyA/oEcUUn2TGxV3XXaxO0dNqfe/m1pqoCEvVfCPjxTfMDIt0fznz9o5btuU7rAY0xsOHy7cs+ruLjVURID6BvsZeqdhxDagNQO7lzFwxpQvt6emaf1XPv+jYLjVveF1LHURTXt9aP2VnbX74PsR+uwu2ODdkoMb9A/KUJVYu2laTPI7CHrnKanoK91mnzxlkjXAW5meejitTwc/i0pMLZFw9X2+VMd+d3+Wjy7nYgO5NbQ154kYPkQDxKMoW3BkGOtBap8ftr3FOjPR1C0nfxQrXFfzZ8qKfnaJp9KSkHoe2dic0DuCctOWJ/tVNROO4mY1OalgQkZnbuiMDuX6PpGdafAcZS6YTYBPNAgB1J3uZTh6BiaglyBziwIP4VTycnBSgH2rzGOBJvCK/iRLLoAK+mTdTCh2rzPdL2eKHfDyVQ2U3QdUmaLBOSTPXTHoF/qYFarTZzvK3fEQGWZBSqXy57XIL4P+mVoR20AfhhuOlkGvasOBjAwAXnXJPCz1mzJDnRXU5Q2Vt4WUfPhUbkULEALYQ2Z3O7Z+9/vWW4u2Hr/6kalw7ejb1ivP7gm7FX3UqIrxqSi1l7A6eTgyn+O3PhbYe7jRLgMKekGG5vlgzhP4Q8xn1a0xOeu/y+IXS5tGSGbOZ0dQnv4PxvcBnbS103ajL4WydA+jB6nOa7C++7FmfbI3x2DaLSMwfanNM7RzXd1dYkq0qQI3xAQAbAIAUW/epw+sUA5PbCKC2VZXkzd2+WTSXp//QWBqi0qMt4w062lCfssYqsfNOrDn5nXRWq8EJsvK03EK5ql/AqCuopTqmPydO8Sq4PgQWdv+3pTopfoHO5CQVkqoa5AES53PqzNTTqnhUUSis+yQVYZ8SfOwBEgvHSrBPCQzsDvs9p8566D/sTIYEcoXaUZfpRq8DWfuEf1KX6XSCKAFZAfbrV0f3lxoTyDiuQUZ9jdEfcoPJ+/meiEneb9lecH0AZImtVDMO4+jR6+dcQO9ezXy0WS6211auXEAtqBq/Z8NV0lieUzE64ALal2urxlCaNNlWIkrqKE1KTPCuCF/xJZyFCCIOq8bsHXNOb+X3E5pFx1Tk4EYUGZOsIq+xjWo+2KsyRwfp1dovKtp6rF/qZeNGEGJL2+1fTZuBPpeR790E/XecQIPoh6Bc72maN8ZFPJwIdyasIqGr/vfoUJguWGD8aUUDNl4bygiBayweP8/ZnwGZYgDa4JOm+0Qpq7cagK9mp6QGisvMq3zBR+V5quSzfEZd0HODOpbpWQEjBPzG2ZR4HxL6O8TqvyRLN8yp3iXXM/lZvSgBTj3K+ovIdEu7KNTOkLrM8sbHMIaZftiZKmo1mHwWF1Ggn/Py0g3TeixbyhbfC10rvEd/wiFFLte9IsUW7Y/7WcQH3OVcZuVJEKDKnQbdd375hFE//GUFCaTsCa3yHMddoaOnZ4WxDd7Pp0AFH6GSRzkD6sCb98kgBhO8XGpnMpSqcR2x/SzpCw/U8kkp7Ob7aMRHeXK9Bp+yLLyXeFzm2njJpesm41MmTb18MvvL9ppddcdBQIK42IYKrJGQtmbuND0Qa6HNPEXNKHElArFkzGvB3kxDEqvMy1eLI+3N2rOrGKCUYA3GzrCgZhlFhDg6OgwogSJw8ghfeKwrvsEntOHh7A1G/va90KNxJagF6OX6vuOGmm8RVKQElG0dX7mXL7/5b0NCdzsOUkso2hDT7OmGzyaxhP2khOnIQMrN3syfxZsIwpMbuE3pS/FdKXms5L+2fYQ8rcx71RhweVxuoUre16VQney7rjW3GV0/QMZqrvLoTYJtih94DsgcxpnnEAs9DxZb4bNMlhwlvTia+40tFi4wLPayGwv+9B574Ry2immVb2cJqYKWYvFUHMLqhR69G8CSvsafNGyaIBNAASTc/gYeDfcRqVZ/4GL3aFS7pE8UAz6qVJvns3A0iRC+dK1NbBlXxDoCpc0Tw/rGnvmd01iD23Rq5f6NU7HNKAexQUDPCrNVU2SnhpJcVB25V7og7wNwZw2linb1ONKmalyUBp5plgHSLjM8D9jvcHAoS1BnTG6CmViIRYxGD8p5izT1LRLYX4FnlHmnLMTI96JWX4SbkNP++UygOxU6PvGCV3Fe+6E7E/5DPi4hCrwl+LZWU//7KUCxxOHfPV/ifVeqT4rlecrc8cacxEhYhk+04ZiAXpcyPIjnYOr+HTamSJvTlB4ojlvgZOjs5Faj38L1V4nLTEIxiDXHeMuWDGmNLKG3NCUTWEL9FKw7w5Ry+ykrUkRUNuCKJt2PwEkkqSobRxXTisL9ourFM20oMQy56Z+91BrwAEqEC+yIqndJS/ytaiHxlS19GX9Y8UFl9TQhTdAEuYewy3tIPcTqg1N9TAt+9JBRPxW0MQM3FokH7Iho54ft3gznKAGGU8Jfbsz8wge9fEjrPzDLqUY0vqVmHM5Bm/38IoD7o/U7PKF+ss77rf0ELDKdwWOYLPuGndNG/8VnyrSP8sfWlsRE74rl7PuyoB7VkSKiBuqPLoybYg1m6wG+89spWZNdFDQODumxMqEuIrE2s884KF409X0hKEDDis3HH+pySY2i4D64NawtxD8OL+/EOKzftYudhnMBb60xcAuJh9F3F89h4OYO4wKu+94fo8BdZlUlgWzKBEXhUHcYgC8NJlg+/6Ti0elG+s7WsXyOp+T0rT/EDEfVTyo+q07goHRWo+0VeAEDL3fcoiBD+19nNZJI2c3W+BH3D1vo/yN4/Vn5XiJLl61Y/MA8E8h1WvXbFk2J1YddZEmuEpVXgkOsny/kKqgUWBTfMSx2vy6wYvoNAMPyLomtXxh6Z50lkghaoeYx0yDBPhZ6zNTHPUhMgBF3qrr7Fx80bLpTOfqAkTz7FLn8+0khuSis/n5mBr01clhBrih8pZzGqeuOIh/je0I7kMYJRaX385GJiYv4vlOQthHkYg0YwNXZl67BE48kzl/HZzY8TMdIuyHj5O2tkV6D/WhcoQfQgi9uFJDfR+drHD62QxYCuDLazs4C4uG0u4pMTHKR37yfpbBocmF7kXXtUn4v58FGEmae03Zpibj1Zp7+MdyjqJP/9uEnKRENh4/jEjJrEgdyQ4m/L1HjR6z3/trQkp6luHfJ82DvZlyQbMk2HvLP7BTL/BAs46NPtDJGN1jgukQgnu/D5KfxRlznobNJUgNV8RSCTFZrxeUCfG+IuGoNknXr0iHUyhR8ViwHTCa356Ux/XnM8kxLaNRB+d6JsulGTIogYaeaj+u0GvVZwowgAo0CFm1T2dGWWA8crh/9P9BPMcH+vgMwgrtA6v0Y6W3o1OgoqepMVcQ97kplpys5w0qkCF4RW3lIZTcmqp7H3cK4iyMb4ZAiI/HNuYzEVzj15UYbsqr81WPZCNvs54DHqJYxfhtqDPfxQSbYiSyjlQj07zmeBrYzoVnOXo8gBhPsnIZZTriHD4MJQasQcQnnQEjzSUnke87siPTcy5tdWFNkWVHWnbFn1/czDSyB/TYzCpF6XlR/Jd/YZKSgJYjDxID7aBhmpFGVQv3+j7Gm1uOy0L1jot4NZW4B2ga7CpbfR/0RJha0ivO6TeHj+AQEP7bgNVwE3SzGRfhkPgLjBBUfsPE6M3yiDGcBVRI3jzNAUYZTAka5nc6OxPv+Q/Fkze5j+pnpb3QlG20hF7N1Dfu29/RmwtdfbMRQfSj+EHlchn7aGCm5yPuqC7o1nO6TwD2MaQaFBF/rj0j259kwMi0hqqODj27uxqwKycU9yxQ/BCHuxpaYk9oe3NP8+B78DdoSKwaGgjux7UYqpwXSXxdgjNp4xXdsY67TQX4bxrBOQRJJBdbifCgFRqhnSOecWA/tXmpd3gXvO+NwIRghOS8PkO45YEwvZipIBnbf7H0kfnSWYMAMXsY4Qho1B7BnH4SZEDVyInM8LWF2s/TZXPsNfM6EQKFdpO9wUglugWcJWdSAKj7z+AvcLP0HY2Sc3Fxhj4qdrUNl9j+DvGhM37cHXUjZO+T6yUQ1803MpnAMGPPy0araD5zCKPpfidsM60JR/53uQvD28boPXgaJeYNymkdn+BgLVhneC58o1PzjVzb+feScanBfRNA99o0BEfhmizSEnpj4Qsw0wW1q5bnvrzKWFgNGad4vGuYzKp5rQ0Z9vGc2zEomAKMvEbIlmAGAn95UmZJEiPfzGnU/RGmskkQKmw9twZkSOTaFKnGrbI+O1jUaEqp+An7ddd/VW/0D9GdWDhFa8MoHsf66wNky/0GyJAxjGVj4nSgRzveTVvVLJrqSLMIySRiGvUeIkN8HPzJLllwg3q3U84wXxswLwnYPlA5zfGO/OMZ9MTaxgovImiH9tX6vWkWJJJyAg797ZfcuwTbeJ4ECIokJ7MjjB0rdYWAqahzhOHtkT/b/2gEa2ZZlHMrxfpg+W57hr3Ok/iNdUUIWmegTWumaJ2J8EU+T1psSKAlyXuDrHN2e6zWAyr4rnicS89V8wEOZPmEtMf5+XDP+TAz5+QBZ0syXNxvG6WSsOTGQHjO4hajs/GS6zlGmTqBJ80rFiScC/XdXJaD/4UOph5Wl7vsP+XhasF9AoytCD/ArAMXS0AuDQ5b0WUGj/EAcorYMUPRjAaNu7+oaSeG3g0jEWTk9RuYpaqy6EXuYmGg7FA8v3dCUPsUofQY/16ZIJXWt7XlMQDeyP61d6P6iIDGycgszEBHCBkOYfBQ66/6My/Z2vd4dNd9mHUfbS/DnXLlMYlO8TinCp334U7Q6eDAEH/LILMElJvCOfOXedu21fl1hS7mp5G3QljFg6SBJHO5nBZ1nJbGi8LDESwR4TWyFQNZ2ygVDfGDRHqVdglOscwsJVHaLLX4JQ3LhhHuNC8Y87LHsFnksCg4UCcdK1Mbo0O39sjSuBgJXIu3coPl+DNLiImDUvRV/aCJbvpzp/0z2SkljH5/LzMCZk1sGHtSiWEHQ8oEMXQ36yDbW1XhI5APkCHToL/Rt3jBL16464CLF9QX/XtAcrTcjiUUZ8QrQKr4NADiBQCMR5D/QvzEhfqHIhTR0HJ+o8/4ELT8M1POLgnr565kgAQz8jZgMCS/JgDyt4DfqCpCzBvMcUCtTfrIq3t/StKDfmB+Ky0xW4dpkIDBqDJB0w4jNSKdQVKP50C4tcBAEtP04Du/iViP5eM/59ZObPU5Mjo8zETi6vbm92ZMJF4um7h24vj3vlufywDv7ErW2v1g0LD2S5xLjeRUYnqdEaRfh9l8zFz4scNLEvrF/874ir411ys5IuUxGgShRxu0NlV2CW5jzIImDcBM7cmbpiBYzVEkkJey7SHcM+ZvpnxnFMWPBMXcJh2I8WIcugHsQo/4loI3Dv6oYX/ZSH2L1RM7c1w9K1BVAZNuaAiYF/Zf8kVUfXz3wHzDkbD4qhfWlvTLTGFhomFkAPTEgfaEf/jnNSpYFmwONdYAyxQfhkSpygi346pxNM1fFMdIj+oazTE48+z70yPkYNH0u49A9pS02c1li9LQjg6LEWJs2ikY4++9dFkIsjndSJI3xXXJOBgS37/1CxwXm86P2YLHm/1ZkaC0taIlgfNSE6wj5x6DuPzXXwkSZh1N8r7plLnd/GyRhPFiLyjOR01OVeIuCzxKJCe30XgnFcaaCikfrlwa+j0AEBo0BOBiKf/yc8EaHxGAbua4hmVAV/1ehPnjVF1NUMbbr5qr5qlVvmQ9uMbqTNMn06lajr44r+Wf5/so+s/f1hh7ju6NYv5oPf0HvXoCPKklTHLZoixGHWwfruq/LZVmP6IoRnu8ktoDlmC+pfkKv0vkk/QOYXPvcf8Tcg6yvRECvwaxfadkRpUtXcxl7gFU7MbgHYTf5pkpOa8Lsr4tfVxdzGoCFGvvMaD/w7oWhlvrjWjvyK2/wXoVBiu8WNSfCI6Quy1yx+03V74DnnjdXc0/Unz3hjC5dR5fWMie6buALRh9uINZVzL3SxdMyB/bRJXFKOUs0Qn4y3SG0LbHWqkjo/F9R9mcbByj9aO5UUb+A9ptq2R31xI2DK0hxK3ukzciv68utF2IR4UwDcJSSy4taGxe/ENqHhunMWxHY1k/Rt93nCANqE0FT6Aay2YfvPNp8lt90YK7ts5Ycy2JLvDGqPTCEf756bvlpozkSTtSZ5te/mGKL7PQ9GkB1pnWo9/+Ky0AdINHljEKtmBZ8fb9sLT2h1pWcH1EZjGIIhgG3uIe5TX11UDJVMukJ5c4UmA4UAl6RGoLb7xn/DzDr+87Zejj6r8a/5f8BUEsHCDLZSe+l4gAAsRgBAFBLAwQUAAgICAC8oWlWAAAAAAAAAAAAAAAANgAAAHJlc291cmNlcy83NTJiNzllZWFlODk5ZjkzYzI3NGJkMDc4MjcxNzRhZmQ5Y2RmNTM0LnBuZ+y8eTiVXfs3fsmUSpQQMpQklaTMhJJ5nqfYIsmsTCG2aDaVIZmVeZ5nNiqEzPM8t9nmmW3bfuvauu/nfp7v83v/fo/3+NbhSNde11rn+Dk/51qLd2oqspTHGI9BEEQpL3dPA4JIwbckKUfJwD/l73to4f9Z3FG+A0F5QcdxD+BP2czkNJQhyP0SBHm/hCAseOQ9C0HONyAIYwJBIp8hiN4hulxdDHxAZqooew86gP/GV6WEgJGQ/L07Ws8GF0ZcK821H2wfLI+mDI8++q2yTEt21l32Q+AxInV1rR+X2RjN5GNTd2fkp99x8KpO0pj5c0fqaVzjLWZ76/Neg8Ty5q+aE117w1wlceV9y0FEib+qHAdHLRarxJf7/MLfO7YZWS8WbQ3Mi1pnLVJA3u6V89mtSg9w/ZJp2rG8VwNS5tZ+aZlVWsbyaXeekTfiOwNEpVZ8kegZWzgmt3dxMfyXeNu6ANPUfvFCGEtXbUfKZpZ1E19YlVgkBKkFLASUMGveLP+17hTor8/h5rcjTgTev/87QPE3hTyV4qhqU/3wFx6j4jiXvNljHSSQt3wVWF7rvOs7f9cIMaMrluIBR8ALJqfN5asFZEqSnq8nTNLzeKitnWjpFCPxhry/Nw077DW+8Im6uGyQ94oejJUMEJtLq+kK9w3d5sEOJ3k8/ph8nxiCYp90Md/2KnseIzYyK5/xmBqC/aj1Ae3ZdgtrOhfHs0uRcSRBCjoKfciuqPpuz7+85S9+OS2IDJaX+hL77d8M6x1r4df3BO6Y7ByFiGrMBffjRwQjmG4nSITx+R4O414WZ/CsxCUpIiUNX/Y38RFBpVybW0M54Rbi530k4BWVLZaukbuHo3DvOS396tkhEqgPyP81lP65Sn3Fy3p4iMnHrxYbjZ3t7YhZw74zjwPrz4NRusNP/eIGXX5TBu+KysfwHYUHMjG4VSvvluftvFJcTuFn9IWoofsO61S/ExUi7BVE/AiTURObsy+z1w57SHw1tKN4HIilho5IfkuyL100l8EmJ0YUwsHrrceLVRc2dA8R99glYkxwEQch2xhWPrEV5b+heQoPq/aWXTVHjrYr6KEdriONT+Z2y1FILrbP81YUZg6vK9/XeRZe7LSJUuyoBn7S/EBaUysIiBP8m8reVj5gb+yDE0cAPA3bnaabo8ozPEZY88ivIjZEZN4Xy5a2ArtLD6QO15GLDRVbb8MHlFSFJ6eeJGKDLtYZLmOUiz6zKpa/JWj0QS3WYmMbP2S/dzzy63uZBAqIjWj0oKW426EtJljYlzBm/MjUnGctPc/eGe4nDzMhEu/Sihk6Cf7hfedvBC9cX/UXjyhflc1J5gj0B3KaXq/a36gOc+LnhmWo4UX5H9hHMNmZ8/44lUt6FjK95vx9UVD+93ohCfz2G8rQgNbu8OuGqprnWICIP7SwiyVx1mKOKYlnsggTmNd3JdyxdigX328Sy1rVgPUUKp8LZJmKyHm/QgXPMc3AHMeyLqGieDiD2pXLSJ3OIwZwrEMneWNH48onZHMSOYzfc9dA1LfSmOw8/BJz2k/DH6+c9mhSyOmUQBRGJe8w6wB/Rg87zN93w/JREhHE479trhD3hcH4LazZRY4DmpuYZA5CZB2JNQ7xGgri+XI+duwicLtc9aKsBePYHu22Hfz552j03LvO6E9Tzs27HAa+tN4QNVXJ8CTT2J7HoXdqTjEkhOGLvwUU/jgPko+aOM3W4j7PHN+h3FemGp9r2e82ahn4gJUXXJuNLOVZk8/DH8Vf0ezkTtpuPwHeMqnq7sXxB9MdaqPGbLZhZ+Tq8WZ+URIkX/H6hjEjQQ2rm3X2lNmuVafgZDOdY7KrlozeJ4c/4V/3x+vl7D1qmhFgA6nhx9CGO5UFfwBtrtCluJdnO5WRwi/pCI4IKMrkxB9KAPKrdgZDAx3xzhKclcxBi1MSEGB87kLVDKdmTAyikxiq6V3mXN4sJGjDd+9SGFfVYE8T/EqAXbkZ6qFKyuFUd8SMpqx6KMAS9VGOZTgyeRZC3ECUji/sUJ7lIY5K2beh/ob1St1OuFpA7WppWlylP+rew1PZ2rnfYI/QtCSk8GO+ZRt6a2Wg+KdGEg+VT90qivBjSTOGuXP084TnXM0SUTrwQ+/69USzja2h5FId+yOSUO7S8UYYP8AHH5Lvc80p9V2Bx/dO4AghftQPPefUh1ECjwTc5o2ygn+3EyCP+iR7QX+RCCyJcmeSdLAYI0Hbb5OnoCNQJGdS5wUDgi53Z4Yr/YAbr5lOw58AmUofzSazFlZoPYAXn0+GZwZ/Jta0lLidbLIpoNxXH5PbCfpSZxfGLTmmoWBnh9NFElzzTcfOOa0YfkIbkkQwPdt0RDi6d/I4PN3xqxABHmzAAAj1kvBxB/Ah1DJp/piYoI/+OA0s4Y+fCacIHz+MfXKF5tAAMPTAaUz4I3cDTEj4w1Z7lDArsBDJ/w7834H/O/B/B/5fPVCxiwQyCYovcoyz8KlMpDMg9rZ9jsDM/t4iqTHmXrQsKuZtIXV4aREZiqw53pQUcLInQpQd0vvhtKV86+avbCI9rrBPj5hFY15DJllpt4Z6JDJ8X0MOFz3rNd2n9kbSbhh6/1+g4/8O/H9o4DVlGshbWmY7ZabjBLTg+fQaVZIxdvm2ajDn7ht81/q+1EGEgmJaqJjE/q848LZkCMsUBPUebYqt9HaBTDg0PymVPZuWcC1FzrEeO1LlJGMscpUn5vwZMP3bo4AWA9ZAH2ruk6/EhZxFesRWaukYX7rK0/X0cRH82d3aEDrwz1cLf/D5ZepzrJ/CFZqbixvtLUPEAtNAX/P4IkF6vhiu8If1b2inZaaTCtYMRabN8/lOAGGIqWFeU8NS//PM+hX69TUNBjfuxTc6pOBh/KOFHFjVMKWyVBMbtZkvnjdfnaMEH6ixE6bUawn1uxLEInaGRGeFzhQ8qKQmiGtaC55TLWreELjIIOULHmi9JZgy7/R0gxYj4weu35ZgZe9jhJXZvHzym9jJtViYH/Kzwdz68Gmx0oP7MxP7N2dOwx3TDSLCgj8iueipXnnbUAC1hK4dPoqj0GIRjmeTkDGEBTi012n2s0waN8SVpMD3YlSHjzh+BrC4C8Nk7SKBybG9gFfo8OUDZvYmePWDWvIHIPM9+C304Zg8H9xnn+HLcEcRLQMzPW8F0rxrGzu5PjghXdDBCPkRFKO96TFlsAZMlKw1fhq8x0l4u4ZipuNOIwm8gMNJghDD1KHaLAyJzGAeR8KS4yc0m9Y1wBTj5wjaCAEpf4b6EV4hO3zF1N+n4/wgGCvkS1irlXfmK1idIJIkgXxykk59r6QFrafQC8IIu5svmsy+FwK+KCd2OGvzmXrzJg6Y4l40ELEjjd16V2QUUanPkqhxtVJSlqHtWnjHfTfMh+79XxLMwYNfPd0LMWaRqzvn/IKUHKw7sumK0yZMhdU9paJEOqDkTx6SaqEKHBFPjZO1QineH1tLuBJElS4mnsgm8fWpl9aly280jSQ4km5qXPGYlbhlq6H4JnTxg0EFhwT3udPTMmGY2S+gfZA01T+YFtxMUG2Vl6eXK68JadVU9zsyFuL/cTV2V8oYx6lJgrRT0qDAD5fFv/abubdJSer8lUgpgHV+l4Er6qPry+qQE/Xk2mKlUnVfjK5QLmqrXedLHryz2y5RN/zgGFo+wiUtS9ZqOURkL+YkiTIvJ2nMm7uacNbmL8u3nc05MFONWZTvw3ZKyxjEbjRqiaHNSZB5aYy1iMRFhRW0zKb+JlqG+PPbwW77eXVFwyCDR8zc8leClnRXx11ot2x1LBdM9NoMNR5stEv4ip4k9eE2euNTE6uvUd6TZ2d6ZlpmpsR1fR8E6enGSMhhCyFxW+IyfQ4/qweGTF4xK7YgFxNEYXU/XWaHXj/qNK5M3dNHQpCxhq9MWZNZMxTz+WuvcAPXT8qMXNeqNWImrdagN/33ZZoombEWY6+lrhJ7/JYbuTXd9LHjzoP7XoYp00/uCcA7Br/JvOuf3RIvX9KW+U08ozEXLYXcj8Y1nqmNY6LRAgtcv4w+XMqVsUavN9vLOtwAHZPa68aZ+swk6qmoToaQGPXWegSfy0q7hEeffJVjEmq3ceyCjb/PXRUvRdExN5APTyLXL7r6rVok9lUrAG14pufOtG3pmFbwhHSXagWM83S6mPfEMfWgoyUERT7loYxum2N/c3UJqs5MVDUt6mXhXjAH+zggbdPYKG0+bNl/ckfLddFzVJDPNHDAgfpBsuNQB9SSgVks9rj81fuRSnmYtgD5K0AJ+tDxtgBMAfgv2Q1emy4t3WoRncr7Wex7/KjN87Rkrq8OFH3zC5F+Pr5Rhsc9U7hEzT5Oc9pnZHLRg9h34xr9ADAnmCOfs8SSFVHwvL4httyoHheFVtuxOIPWRtZj4VjnXS1Z8el1jaGkb74RO3I904jyxoRqfaqyZoxmt9uGNMbgSawGN3MHrjN+dqYku2M2wTW91FXxpof2g/sgz+RpsAj7VpS5rMcHRrw3xcZ5ee5sJTX91fC39bkVViTIj0VcwAWansV75R3QpQeLkXNRKbGjwk22iKxV5qBmkpl2pIXaL66SVV7aLRvtoa/aa0MVp7sqYPsbhoP5gy9203oXiGO7y2a62xmn5r7n38ZZj4/tFEwCE6XL9yc9NX485BkwZNuULrGUQccveVpnX/nneo/IttDmue1jSUPu7HtFtbNEAeKrikD8MB82BqNrl5tDFZ/zHIG871FwQnz1Uasfi5YpH3pdaItabnp4ZXTI0yhWuSERlr746pDnyGyGzbZzghmHyI7Hqq+RYU65bpWCbUFg8JkO616f/GOifdYb7xBcPwMuJpSEHXsuAeZ9eJtTAEtsMbY2XTgHYgY57Ybk4Zr69vC9I374c/zTVuDZQvz8LxdEfUHzq6IMokv7jRdL0tBptrVcGAOXT5VaTkGmtf3x9ToHGnVVhlNj8+/dUJxEkORXPj4oereDU/WqxUYqZ9W3V4RQD0lLJke+hE0NhE0VB08oTR7rmidf12h7kqN15dv6glJZ4nC9bNjQxpCePYVA0oUxYFo2dUY6qHXn5+Bx/w0ahhaXBzelV9D1D9+DiDve5IIQxF4Bjnuy7WxZYS9N5Z5lhBHfCmtyUvHb2KbbtundCan+pMB7W7GN5Kb5XTiO49HfZJ7/3AgScy4SW9aR30LdDHDEn4tTbkiF7WikBrKxXgI2ph4JkmZdg8GZ2TEv/3bBhf2qpAmigOwq2Tvn6dtG9SalQQVgE8achCyeb6RtP4vd/WTj2cwz5FknjORNYwzp/jkY6ohnbM/2t6iv5qAcXxBG9qxpYMSwz4uUjKjncijrX/Ph7ylJ1XjDdeGirBHR+EZQpmfKQ/Gk3NFLNrWwfjEEq9GDeYYJ1nJFtO5m4PNyzAaErSJu8nSOMZ6pP/nKezfv2eavm3BFkusMMQlIRk43Zoi17TkFc2quxojmjgjSaZv5MFpW5I/0BaCahJF2TteK93q/azashUujmIUu+1s+b/FcNaA4Gzp3HejEa3UMsvCyWdyNTTkIDVWYfPheG8B9shAa2Bvgb/2ORUUOE7PfeM6TICTz1VbN8qpDSfjw3TlmBUW9JOaN7XmgimjEQhl88zx90Tb+27cHnH6zDnlKr9CHpPPKB2QqC6NziBYV1BkO6PghNI7/Ezqlp2jtQpKBCPt+VW3/h/q+fZljPmed9NkjvFtBaTz9JR1ywCNu99Lv4EvMm4e8YsaWmoX/VIVDA3nZvG/a0b0872DZV+42R+fM7IwSk2CeW+amXNK2a8Y827ivAwq/98tUMZBJzeTciE+FN347vnv5i1UIzfM/LeRT/ZaFZMi9O28l9CfS/knbo7At26A79I9IYTP/dEQkIR2wDXFYdgajsNAIoNrIZ6UncLqELqLsNrRbdx2nlhRX6PeTmrZ4tJu7ST8eYFYDgrjOMv3GA1pA/eL9kZoIVs81vrbZKfnPSqdwZbwRkwCYrz8285HQ2a9LSi20XGPydsRHuqaJfIpOcrJ2LTQ/2sQ4tpI7gibKPwKHzI9TxDVmdvoxlIk5Ck31nv/ICkKVHFiarx8J10bSnbjCkxSYZKEYy2r5xCfv/IyrmLm94xMyWI+37OIziy2J4rPyVyfFCAJc0oxeR9eTzoBvsVf+ZIHLbZ1EkeT0IuST6borC/3xJtPxom0wpVS+YQkJzSeoXlvx364tVUnuB0sSoKM0Hswig+DYAVYQnVN9irDFJFlFIYNxToo/SE/woeZK7nOCgk+9GyIRmIRX15AdvkTgFHCQxRCSOl0V6EB8drAHoziTlG8V53p3Wpqynkx7uCLMGtRu6mAK4hoGVjfMU/nwBtv/DgjmFfbPsVYu2JvmIsn3jKe/FRdpqE3CZO2lySStN2rXT0iZENSNZ4CepfFgfX8kjP55R/GTA7pDv1lY3Tp8TY1fxTCVvgbKnheygYT22eevf+xIe/JM0hwkQQgXGP/kDiGWm549whl2Q9Hr9GOoyKWYBCcPxHTP5YXBn1ckYU3PeZHG0+P0z7GoAdpEcDj8HqiZNARRexA3sVZD0WYJOSplqd+yle/rgpfIPOTBilPzrRuJjrZehyumJWsHUFglLv6tJyxucI/uLU26yyO9zG5F7ysEFe7UbJKC3iI+nMQ7lkLcZJ74yj/iE1gJBb+9hCJBNi5mZN0KCqx0v8ObM4lavG8Br+p+BxJCT1knN82GFd+OP/13aMIUpUsXiP8Yat1VdEG0KBle5Al7X5kOkL9sFFiIcsMHytVSqVLX6E0mh1kNwan31UAyJGBBZZpaak6XkCULi9MptlCZri4Wy0fU9t/oYwHNjHqQMw8O8VvE8DD+/gQRXM1y4JwMBMBx0PDeKsexGCmv2aR2zoQWhK9kghg9pLK3EzlzU6RogOCMv0QlFEOw+LAn5778Usa7uYw3e0VzowNrBbYfw5MKkfT7ELxJHnsc8pxCDP36Iy1YupUUNnMP545jAtGJRcw9RMxOn3vTVmtApdidB0q1/dSecO9F5FVCKtT+qsVdEoS4GSH8CO95hsFy7xFgxKBxRsm1zUZh4P2eazsPWI6xJjxxoGTh8bZYDN0mMew73ghT8BLBJattwCUidADkPYsiEVEggOhZmZlfdY6LY8nhRnAnWEshIJY9jSOdXIug5+Gb/6gwNcLIpY0eK2RWuMLVkVEaN2HfjjtclztAIEGYacVgNCladtUbIEMrIVEorqD/4rYAZYZnMzZxGKdt/0uhQmqWO5AnGXwa0bY0IyS4QN6908rcv8Tkl857J6Bwr+AviHyumwd/O/i2OcKyU9h75kExEehquq/u/0Jmn5gnCoMXSX+yFV7hfGcAMy+zSQmsSZzbA7/yEzHvqmSpwOyzegoLGjXJmM79ksxYrrSSDtX3BBg4Cnuf0FqAcLOEvgEwskpAFsXZhocreKj3sZ9lTWYFidzNFaOwKxtBJsGx9ggB/Fc50AcQIF1CML1N5y9r8v9CxFjNKUgbxbEJes1Ks3lFepHCTbKEmpU0u+7+KXwdinchixGtLj2YTQAtGPpE6ODM0k0ojTa2DmL1bPGROg/3e1a/9+qvuVodYXBppMB/3mnA+ZyGh5nR41ZdxurxF6X41T35mxBRVgrQZdJXvFh6oBtzZ33Xwss2xwQuYUNPmp3mkXIYG1U29VcBvuXCFmTczNkqWIxVUE614FWVADZMlTLQSBFdv9m666fc8zle5lCwTbfGN0yUkgAWJWwHc7ZuGWtiDH92jMHu/fBJKVxrt+Bcxt/QQvGHMRDGI2y3ZmzqDb05GkMVN4RBioskBnRrN4acgynZIYSBYiGzSUhtqQqRLt2s0ug5G0cMS+icB5h/U6x+t36ez/g0+qTNdoByESxSciYWJDUsF3EuYP0oq66ZDY2B5EzoDMxDJI066zVl839TERo3mm65obC/+wM2kFo5g8+Eq7RCdKBPFHCnjfn4aZrTAl/jMtavFSBv9dCWUMAI4oAAxabPhHclmMH7CaoiDOvkPtV/RsFRqBUHaBIZGw7M+VQYTEX92qmSVWBgiSkqnTfhXaER3CtuwkALIAR27lN450DJEkRULIoCjjISeA5AcPggOFrCmimAfS4nut2lr2UtiOxHwHQQe+VvSx6+r8B7DKLAm2ryP+L/t7bhJRKU/uuc8I4PnS/0wZEwhA9w8wzYHRl/6cMVTgOGtJi6QT/Tq/W0AhiU/zS2f2t85XDEI0tIboUeaJLxLlP5Xy7614ji3GvQwwp7m/S6zEudAn+3d4zeKzDIz8C7J8rXKP7ICgsCFOmx6PmjjQS/vL0u9ipw1zV9aih/RFBAe+qLRL4AwLQELMlfJulpTwYr5erREEsSLE9+QGC2w3/zdwts+hdlYHqTsksk3nCA9DxbCSpU/tvyZCY9sGW1kWCat35viSUBv/lqJbYhO5j9H8Yfh8+dn9CoH2q9Os76jw7cG65bCisADL1LjwlDF3f8COvATPKwinYdmp9wev5DX46IDY2rSz5c5u9YbbgAB99pHJCWjeLuUUh/k94vfbWd1bKCsI7OflkHRALPQrgJcVGe+J86HwoAAp4aTnoKPBjx4R7l0UPrsuDYrTVBoUuBC10C0dEDAKkvYY3l0kWOSBIy+dls0J94JGxgwLOoHs7ixE/mnYn1kz4c8u+5y7GT0APG3Fc3/2OV5yz6UXCBgXXugF67OH8FCnVYgTHZaTf+RMO6W6LtIQ4Kw8bNwBOkKTwLjOfXqew2a9bDasu4fvxfuyl/VHrMC6YJT2L3XGHfMdOh+TPiX0FXy5oFKoP3dzJvQmK3oQ/D/3DjghB0Vo81DU7A7bDxXxG1K/aPyDzEZBALsCyQ8WXmQV/W2v+DLOeMyyeokCTIX1amXjCoEYr6X9ESpAPAsma6U0zWwJg/tu2/OYCwTGAmLxHbBGsbmrc6nhAKJASCf6gQN6xQUw89dBoHTLv+N3f+lxz88CZpTjH0YTwIvf4ZoQZS/d9CUjYDhFO8Sw+5N4Xnp4s7jmiffAwMdsBHh8B0Gt8Bs+VU1Rkitgz8M/GgXVJCisGyEIFSN5tCcigo49RPIjYYdz4TcOeQA/9TDD6dwTq03D/3iwQZa9qzWze0paI64TUelxYqtgWTIJfuq4FgVveEqReRHrAqwrznUNWVRCO3T9MEkvRvYAAHWh2YgRrl1BnHARxRT/rvOPDH3pJOnTbbM7tirX+3paKUkjvw+7jD97OcTl+tA2Tm+mUC6v2hqATPEZSMZFcHSsKVB1axLf0fhvSDDVl2+hQExzeh9/WE68ZhyfgT5LlSmSAp/7A1lT+ewsMmOiBETD97MREbge7mYf5ZcuLA+7CFclUXjkj+xU3h6vH39GUdVicMgYWevVeGfrrAfAKOJIIBvL8YxcAKLBUyfqcD2IHKpAJpPxxxuIYj4NWUNelwPE3EMXHX5wKC8VYig1iSQNQu/Jur4fgtPEuYRDjzBATbmcDHDrP5D/YIGgQ8OA5wQUyH1PuvtujPCFhpBH9hGs3hMnKXrI8cLmP6L/DXhmeBscyUoM9Da3cAHX+t868aDGtMGAEJ8nED4Mg5dMk/qh0cAD1ni+Ft63diAHIB1a3795p7Gv/XHNv3GP+47X+4/Y/CNUYfSbz/onf/KIfwetyPHsMXONCvGP9/fF/WZfVaBb5l8eoM9FdL4poOk+ZD3FEAIeh3Cgb28V1Gln9K8q+yC68jQ6gg3y31/mGS/zC9I4zJNyLK//jP9J/9gNIf26fD9eGcfAscyaIhXP8j1/5eSaHnzL80+rdsc0yoOwqvpJaVfgSUxLI/kfKPfGsL0JmKhhfqTv8K0AfuVP8dbAlK52HgqrkpZPonaP9HsQMeIoEr0eOXhc5t78RgPvmfdbctgM6sgtCjcNn23LpAlQpw/X94oMOKMM1RqcH3FvdY1P4b3AJPD3nCLOyTk2YcjZtkwH8peMOPeQnV9SX3SKiFNJjHVvc/sW74MX/xHky0rsz9RLITpPnnhiEnHDKiWXRT2kgWQfjcZ+fddeihD6NlVP5/S0cXBIycUjtEbGCm/6RA//JDu9IEmbdYokxv8n8Bhuh1+FoX00saaM2bUT8K3hg9jAl4wwIuepwG/gSCkyttRiwJlIq5nXsoC4JWkG+sqzAwNNk5kb/gapYlM9dmIRZjJZ+WUaer65cTWyx1cDtkrXtkUjFYA5WSbYHfm5hWePG0bkz7xoyiEXcaGu+KeshnfEJLQOb7rmQw3+erVxF8jL9IGX+Fxe1yto8/0ydOMF9k4bJEO6yWtZn/4VrAE7WsQB6brs/QB/JuOQvqPz7n4c9iT9qtYmjx+B0H/7Pc/FhFVaZrkIoUafxrVFU49HihdWnqCDuH7W297t/Eb/ADhdXxyuTvB0U1Jo0/e7+AafRhotXobJLDBhPwhe2EzSZHciEix6J61vCZOhslYttxzcnmPcKNV6pKMXabPSODX2f2ud/sHzQce9FLeWZjerSyd2l3RMLwJJ156YGBRO5R2O2tuyDHvRetqCAQPDZktTDajNWN80StOW3402VF9qRPWRRZ9SzoMN9KkOa2DNqrvTVYgAqMGwHPS1DjY0F0R/ZdLFSCFn7OdTAL3670vK+6fPXy+KhNS80FgFd1eptwUgqlikPTRPydDCQwQqCuonEt8y2z/qS2IrbGFSqxQ+kJKSWXQy4sZEjL9vYxHB90rvfZQuNHHMTbzUSflruuf14auplMXhxoPR1xi4LhwN/C46osnO3Qy6y1f1hbojEDL6ZqIFwlbXHdpm9ufdAJ6+PSsqRy67dUd8/k/IL0oohHxxe13DNnb6Nu5XgIBs3pRtVvNAcktFUlvvTwnpoaeN/EEOljARg6dC8xf0AIxG8L21G4yePg35lfVprPBCLbP3lz3WBUfrxvgalyee6lcJbIA5WMUbfeM2HEc6tGwvsLc+r7z7+nLg3wJZsO3MAbMbb1agUSMM5bDv1GLH6Q13ccxtK4xEVURGhKAV3hfCdtjAjS8s0n5eab9dyf1jaH3XyWPQe0mM/yzGdvJpQ7t+R65dtdRGUQgz4roSlvBL7S/Pg1H1VqS9wdQthzmvcgPHr7mumK5pvMyp3m3qtsFiafHeLt6fvU2dPgPI+ZKtc+mUheEjDvkfFmY79HalBYy1StzB3NsWP9PM0t+wh8EJ/kJmk7esIHRmjO8ztRnbGdGYFLndoNLnOZpIuVpewvNFBOWJxAjHi1MmuVzeulEbHkZZyL3JjHczny+uYT1+iXKm22KVN+iBnCwXrEkkUtAYgHM+eG2zvWzTvlD93eGCPvBhmjEqX070pY7MQ6bX1zianKNUKup0dgZ+rVPac67uy3RU78rtb+PM4jEwZoM9DUxA9o2tHKAkP95pR7K2Jw22ki/6SRh2nQdePetE98X+LmgWijwSdjShKl2Hclx4xuJ+Yc/I5n6RdZ+hVPiEMC4nx4WPn11lcGEhiRgubTqzk0C9xb0u2qVn+wtCw23gh8ohfDjRp9rpEDf8E5w0rF2l19my/1RYfGBXK6v8sZRE8NvcaNwwi6OXUWV2ThWYXtvw6mMQa2CeD1T78W9akHcV/MiLU8HiHxzFQPUWpfzWKzkQ6am7Pah7EARZ2CXm+0w/2ClkRg7dg3LoaqmWmpjNLkwnUyRDdn1NpG5FT5JvzV3xqN33xBjK1P8G2iVb5GTkdA2XQJDOD944xHaqhZfAigP+XUGrcsT39tvpsyZXvOJ4l5TXiQ6rwef4Z2HK5KH9t1HLvJQ3WuW2KsGrFX35R3VovkELU2AU11oCUyIWb1hlshr+hsLevBLibVhZ6K1uivrzSFhqg6ZkHwE6NVu1hjb0kj9lrueP7W3SuyzX08U3PhENBTBUF8zx+FmFYgJVDof1xQ0U2/Oj8fwLk1S9UWkR5hdMKRT9awvk/ZQqljOW4w5cDruVxcuUdc71KjIe9fWJTQCh/Qv3wYH0huQqh1T7gw0Uv+duIFqvbCZbrM+nF5x68+1IjNFkbJ5hj2JLCK8SaqDvPHF1Ws+6P7tQK1kc/h/Ry2paOQ9fOjj2CGFqS80hfSwRotLN0X15nxiY8cV6sSy7k/yjtS/ty8xCvXXY71YM44i/XyjdisrHO1rGMdcA957EjNlT/WuP9eJEM0azv2tjYsgr6PxI+Xy/K6LENZulkLnSUszJ1jw2W6AFTLNvU0haU0cwnsgEIK0psgvgEXUa/72Z3+2VK1rFfx1PM8bGNdRcAkIB836/a25kMkxlJq7w+UrdrozuhtNmzfgi9nCB98pQjEQb/gfpL1zddiC88RB6s4/OxwGsZmwl/iopTiYFcFsKlgzHCG6liValyFa/Uax1Jlh07geNCyBdxIMxCNX6SqVZIAy597H7l1Gw5xz1mcZeRoY670zc2ipA36cKW+KNWlnjf2YwmGfScc0ZRVT0mQz2XhDo/UjpOCBKmiemVSo3udznWWhycm2+xRoUODDw2dagvG2j46g1VC+CsV3kFXGk0M6vUqfAgn0B2xQQ2MHzh8AhJGt82VPQSa+6D8xVebIsof65O7XhGaCwZA57p6ev87z/bcwf5zyVf5T+ZbFVfoVdJAwyUEJCcvc377Wf1tBv6c141A9c0ptV9KTV17rRHpCJT1qQnW6L7I1Y0X6ylznII8nVzrg8Nl66+LRwRjM/D+FT0lqatwP2SxROJ9yd/CzKdaiBT55DJmbn3ICS1Kh0EiunOKT/DsQrHOv37R7c/Wv8JOhxV0R66GMOMi9J4/fh75rSfHihF2X1sIjrsmet1iLtHnqzgC1KQ3PJg+ELWcbVP1JOcCl+XhWLpFXzhnNDaQ9qY4wBGhPL5Ni8YNqFncBVTL+0dLyul9yOYKvk/sDGcm9olBgcNvnMv+ZIzfRnHX0QNvhWvL9h22gtfb4xBiRtxzJCcYi/cEUFz9S4rfYUJNGswAAcbT5dhYej/pU2hKdWkqYsxz/jn3bLOD4JH0D8CfB8Np5fMxfk5O98c+tLiM1YdHLqJOPveA98rpGo9BUvqbsisN6dX1og90MrzwrdLubcKaYZOpEvGPZJXtO5gFubujVDDOOBTm2QpnGRPukNPSyslsSK7QG1eUi4SffMc5xwxgpJeJ7vFc4TVXtngiUPjF9zH62Cam3+kl3DPjLe/HgxZRfOfAm5fol8O9X+b3CMaGcOmigy/JkMb0fuy0yI7NOh7u4oAmuutQx2tkwF+h3XfQIHC7+Ba6puVK7Jh25o61SwwFfDRw/8wYrXf0Or0KoJQ8od9iS0qlqp/1XfgmwfbwOPZm+WL9K/epd7cpUPpPWlknEJoS8G0z3jPV0IdFFG9EvAhCq/Hc4NperGMyJqqvpWujtRB6mcM/NceaE5vVhnpUbHDLuKteIgN/9/Gx1t0pYRjD+d+pXqh1GZMbCjPtRfRn0yEOnDZtqiZTVZb4JGkq8S9ZuGM+9RjizaJcToaZehWYVvCMtdHxnRO+AEqlzUD1EYfgN8qEnQma7wJGN/kzhuzuS+6Q8w00OoJwa/Fzmowu/jya2b/UfFz8mqUQzMC99QpEIb4HYr2ncXkjgsMobHpCxUaX67Xu93i6pRvepI+ckja/l7T10TY41c0+kob9l+x1tA/m5Q8W4JziuUSjhfbDBn9DTfmL7zfPo1ML6ughj0Lz5/vz82iML/1G8/o3hoOAqjwhHO13YaSLkxxh3Xt58yfgLbFCI65HU8ei5N2w1eFt7VGqmJnsI3pN64lUsRLK6+633A+2XdL1BCgZDgJHSZkQVjq4gQ6Hl17AVu8eykKPv7mf5NhJSJ2gLyzhTkK67Z+rslEXdT3DRjb6zDTot1OK8wjSpktOPHccFt21kCNAdgfY+YNey1jKT2HkRCFoKdjnMtY9bpUvviZ9iZT8FQ2q9ViZFyq5MCXyWQHoL4v3DDqf2WzDbXbl7yzoxGIL6qRZHSLxldFoXE/J2E1EQUXXEWqJlF/WXVmC19qtq/O1h8j8To1lTjLghO97KmJsat9Xs7XvyN1Z+7ovOq1VnDpZ+3w6vKUNPW0u3Ef/NsTG2mDg0xlKIhON2Mp83hl/RedA8TJAxtAgZIlIbzsbR+H3lR17+uq/k1JbNO8ZbiQw0c+mIwe+pmzTXijVzxsJX7Y4zpgdG3S8iVFE7y2KWdFM45EQdmzoApfm5COKH3Jf1HTON5SSOtzjYqc1SncoRCYxDKYDvTS6Z4+5L02e9JwvdwOq3/011zgLMmt2loH7PBwkijt93VSWPxvyNM/Cux1fKSDOZ6bThOPhJxLo5d1ssWTFg93fZRibB6LUHy7ux1h6bmetFz1192t2rXFQaAG+3ogREQ+EN3TZ8N+Uee9S4O/HKP/IweYdxweq9WcELnaiEaKGA6ENMcRy8fjWQq9n34/ECKW0ZEU56yW58PIrjB8XN15L4NKpBhXgh7oQkUlqLWsGPjpS0qAzOUe/J6ut+lFgp/gE64eHVbZcnntZ604Lv3TQqIz+paEFkTftDgS/1dxiZIWhq67g5nsDxZTnm09GsL8yLLjqshE1FJ7gPfQ22lq6Z+gFBV4InZPG2vnB+g7MqD4oBfjxgdZuUp9BOqsot+/cWEKb0e2oMKS3GWjjNmJKWvu+cUVcsbt2Elnn0BrHPBYbMLp0HEbaVAloOrp65RJdtjIb99WFq4GYbon7/CHgzYRHzimb+yXc7ZWjShpLPgEH7x9U5DBT9nmPB8E/b8U2YBUkcMnNAN6H6RGksOuCK51iztQviRpnR49b2K3Ndf6k22Fvl68U7w12PnN5zkADN2GlCcVQ+8tVNnk4PT8cM0wKQRfPZfS1qgso75BLGvTG9QiO3VRd1EeQIEFEGzIGEdie2isMvCld8ExHRp1JvR8U01km+9iMwGt7XkS4VnnHoY3dvpbAkY8QKDpSxE9bYdobmZOfdgKNeyWY52B7xPLJAwuXpM1l+8iM0eIzrmQQzyqMHiW6v54uX329iHLhO4eGxYs/KXsSrr6d76R/XfrwqcQSdLz2xoKqju43h2khpVms5t7GqGNK2SrtdxeEB+o2YT9cjbN6kFOGsPmigBVGtoUDhFibRz+e8acDTCpwto0nNlv3XE/Ywp7AkOfiztY0YZOE7y1ijoadsLGoW7wn3ryeqGrMq4nmmRu3g+LzeVRUsd/4t3BJd777ggQQqJ6wEUMHycKnYc/azAI3TBqEkUtiN5jIhzb2eaLSrVUXJlSg+CvM+oiDrd+7kYOjw7ekKPCRRmhqxtb6RRRhJyQPrboFvwda1KRFVJtr45qK56yP19IRyCo/nichp/JJ7E0uHtS2LbD01PG0VutTViuHIHRUHFAxTz0X24rldRjX0ca3DFENypDkYqtBf7bh9ZhTbYbnQf1effWDsHtxj22k/40cyFulveNDI5j5+b5WbdeMNuaaBzOSg4I6naMd+QozUsxZagKMV0l4dhx38zuerbZXN4f7i6k2iRdMZnAsZlydz6ho0VW1VgBx71zUnnN/vbUgeRbfYobFY748Gz6pv2oh+53hOA/7F1b4CmgS0/ov2RVZ9Sl1tbEQ8YPIAQMR7uZZ1dKOu/Gc29NF7q7GTFu0hR6JiS868l0oaYtcCzNfdAQf6dpBDX5a5S8RzIowYmiZk7ee6878pNRs1dhNBxTVVow0T5HfmMuwsN5cio5ludzvIXpxpyBlwv9V+EdCFnR0wp3zWHt2cOI2yib9uvFo40/VzwDvNn4GRsf2x3QNjrhlDYT0ffKVZqDxlGDmITMoKYl39kAwkiR5qjZjCwxAf9HQZtcDgtjp20JvcvT5N/UYq9XNMGv03GSb7XO7ulT+kru61ek0xZggwoHTptx64ecFDA1uvzXi+OBm7XoKL4bGpLn2q1fZEy1X+7NdI0yyRY6pZ/xQBsf8exdarVuWKlGrP+MTpa6SqUYOpRfQFc9XcjCLALjuPKfCoHjVonDWPvtzmgSu9aSH3atMbEHCxOmikfAfBDZqdRSiOLj8CHdMNIs9iQdlJ1CroBRATzyCn367ZCCRXiEYaLX+wtQUi3nG254jEDiny9SwgVxmVAOOQ/Msttc1izrPqcdgrBU7iEynlTk3MZyqAbMeQVT8JX6n4AJZ39n8eFaLcBp0AboICuTqtdRleZhMtCwo3Jo0u4i4WT6Vdspze/X8CL77p6Jx68fuO/yfr85XBFHNgS+ukLWN/Drm8rXP16uszOkfmCjhqq9azNVmTQ2K6/mj/PJG+mLrFbtdEPBBm3dpBtup8/Ai1xc8ACs+/snlxqAZG1hifk7dcxksUe6ix75bM/DC3Gk264eEkeDXuGymjjicQ7jxE63wUScNuPvW5DIWsMkaLQ4V3xscKMc0RwXtfGXwkWDCKK/INgC6IYfio/JczRGvHfsRGNWTTuWwFLfpQhm+MYNgbddlEQPtcHAXsfVXRBRPBFqHrHVJZR6GlV5N956xxiYdppiCVKlltwG+/X0esm/LxjbbRQkTQmjY83SK6+P0Y8Dzytkci3MFum0anwQzDeaBrthvnnub+5yvta8xocl1kqrdG9TkkZtdVdjpNnKnnryR8t1fXCJeLleZm26yluciSiSEM/kr1ieceH0kRBmvq6NxqyeOgjzXsmTBTup7tu6K5ktU5CIA130QapisJl4YvHh8m7n9+1DDXIYzDvO8cZYp6AQG/vpmHoOdWk/G+JMuOt1UfKgZi1/FDJRvrEdpHTtRG0e7+aiChxkUmhplMPO9lfCab7EFqUaCccKvTtl9rJEb87JRiyt1zBHgn+dGfdrskcEPWrQdE/N4UIGv9sM6X7oTT6sS3ZUsIWSBeWn4ImSfw6RLErhPEy4kLZw4P1VesyJMzrtXiz+x2A3tgumC9T5GCQPRTEeJgjvLuBxml1dIZUzGA/wgwpaxKwPvVjC6spnlPiltqNpxjrUyHtGcbM6MPZ1rGc9XOoHBCZlpi5b1p8EX5WeWPC6abQwrrujGwIYA7M7f7jju6dTn6/uTl6p2x0osW2LFPPm/IfamOGWdliwEZqkOPFK2AkNn/ZW7I7c25nTbshd5OI7iFxim69M7u/UvEfaQ+0rpofprO1OZ1ZjomyXKgtGjDT/t8in3jrkv6pbMNiEHMslLAm+lRm5kELPvD0mRO2NSYnstlgfs2/x0zsG7cUauTxHXsFa4akV/fl/B7vEgwiZuqo8oEVstYvJ4lLIbFqnb+nDenoa2WSYOt+vduvuLbKTIqxuFwsxSMzSRYgtYF3ubJSrUqwcEVGRtg6tLH5YnF6dkLmasHlx/UGF/N/Ya3AQeEYQPnTiP7Y2GK/d0VG6WWLIMRXRxIPoTg/adctY4pBBFDmI5AzF9SeDRNtI+ReY4UYyAqeagJnYl6dbpNeConUKenVu9hTSEbd2T8i4QYLGthXOTafpVB+aaDB3KN6KpNl4cDCQdlyhRD1r81aHLXb1JIoNt8iV3BgbF9BnqUZ4tEozrzuj6XdKwVdGUfeebMJLCLR9MJ0kCWrz8EcHKbwYYs3BlXYGW0bHUfeCeVtxGF7Zzn/zMWaxVdP16/T6pET6pBfsjxkP72NFjXyfdOsdAkeVCAJ7QxYaOriYRL4TgI5hgWug0Tli/3y/cFTM5E+P/+3LFy4/4ifC9jcgcm47WL8HrnvzZjpMaJhvvKsg20pGjmcxS0iIu9+D8Fozpnx8PkALdl1UEYZ/sRt40fHCkQicQtbbR0Zx8K5idL5hqo9jeru9gd5XFQyfwSSvCiKVfJBuoLk9l39ZRy75WzRORnU0nO/q9Thh5alhNqbQPzvg8+oMBcjROeCR5Wcz6/SellpvB7Pl28fF+1bnyY4jb088RyoM+n0e+cxitzrSUO7fcYL59ZJ/Zcv/LcfSnwfKRvuInbYSjn5fXUPApI3dsprSZu4UB0uk6D/5tkyArc/du3EhqytbvmKUM+ViaoBliowPWoY0Bj62uCfaVJcdkKxfVSxFhiv3pEoQA/mEkBp9msuxw7Dc2p6Sxz996z77S57rUI3pg/abe70WBJ3+H4yRaO/ucHNJl3s5znLxC6+Ts3gOr5h1sgR+WZig8k8E2ej28FA1vEmvxGM9RDHnG2HWhDcX4M4Cvvx89qc91w31s2wVzgLepmUNFzgqvkoTtofeoZsuRY+nP391jU8qR+KLbjDUM7ggSQvNMM73Pw2HhHdNHq0ehgSWmuR8SJ/EL37zMNVjYhe7tBndQjg1n5+z/ji/wbQrTRtKU2S6+Hd2wf+n9QGG388312SAkIn/x+DtHfGkjYfNg4SREgb+88CBaKEW7uiTfr4PpK/GUudF+GDe2luZ7y3LGiY/JOkutzgnuU30lV3Qvchxtzgia780rMKAZC78Aa9egfBIo98bcHpJbaSA+IMHjvnq5XcMfb+n1la6a9ItyGvvNi8ZeqR2bAJmpZY8VvFuT+8z4lw7R01bET/PJQ3YY6wnfCAGOl31a7+MSU1Hq+5EpGASd0SZPVJFd/Ph9hPNqdLXVMDzDRZITLVeDljpXCwwXl2Xrv91pBal2+zh8ZdB9C77jUuQyaR9y4DyqJWMrt+Uf6tRTbdORTCydQkabgb+yXbCZUL41b6h1OeQCXyRaflnU3uAbDDD7UYsoMIeD8jrs82OGX2CuPqOot0//GpAo4/0cw40N1F1H7BWpi5fCbmF3uxLc+5C24efVHpde1XGxbuy2ObJ3esgz6innhR14X2ydTxBU+KkX1ceQa091Dl49uKHby48Y+lrksda6oe1TjRXfEQ2inMvxKn9T22XChXDfbk6+lMozQI8bKBgJJzQC1Fm/Sbyj19FOUb2TLweyyh/rc7IX175++iIb30R3u5wdfQ+hjEuvPmq4YI8UiM+5/ezDnW4Te6E83VvlnRQ7158A6m3WYuI8qQ9vIRf5CcD3T/wv4V3ctgcy8daFpgOz5Qf96bLF6NNjuiCWWt/gV7ddMSnzMmeVKAGuO61HaJrijExBUhFOfiAvzkj4nsW33gde9jLhOQ83EQmeK0iXuXCmhtMjuhR4q/3xptAjCWMHbbbYxdZzxOkvRl2wZ5wf7n/e5GjdtW6KeUugdLTHkK/vgFhBxtiJJahajpkVCrQD2M/JuZfnGeKIN9UqG7zeKyfezlSN0t5raDqRSTZnt+m8KF/FyxAXvd5XKHqKgLLp1MYwyqqUWCY4Fe+4d72r8u8mK3fcT7XbXY39saWtsy998GWI3K+SobTWTtz6/d19D6rW3eO7vvrwMRNUwScOH6vXhRTtuDU3VmHsNhnSKNe6RytH8S22V0gbDcPurvQNU+2vhrBjUxCLZh/4fwan6cew1vsFnf6LnKYqmYXQwgDBdHnRo3x1Q1zG0neB6eo8JWIs/cv9D6kohRWLthYsz3J/Anmx/61+xsQvPMQT0dUfms+s/TGGs5US9NNl7KwybqoLCs+eBQ3oiYTCU1mWidterikCrJcvpeeAHtmIPkNPfEPjg2c0eT81/fX57nw83fHrbkf3XzviJ/euSZ6lgH+pziYpCP+ZCZEfZM/m04CLQ5EoZLVXoYsQr+97beRWcX/gl69473WI6dt6Ykns4ND08mkzZd2HFTxUGrA2RrbwBZdXlGVEdCqNmMo6Zv92Mr0CzhzDpf6uHcU66nfyM1/t8+DdXKTHLJtvDtGog2mOQacxDfYw8PM3LxFO2qg9eshBSQikF4gkezaU5jmBIuo6ZfZK0n6v3mXm/aVez7BxHq+srWpkoaLoG4UT30SULVXn1sJGThk/3fOR8KD7IfKslTUDzoDTCWvwTb1nuYGpRAa3Ykcd7lIlFBDhN3pH3K3sxXvhG72TbmZwpU9YXnxILVCzKTtI9gvUlNDGWkc8oT6dnvkJFwMzvtWgkHdM401m5aBTr5vN7NrWpZqbD+h/3egy9lmrFUVXsd/4wBO5Se2bp4K+hmnvtBygbuBE4/jN7xMOVNnuep1mOQLShFPWznteBWP+sNcSpDT5gYXrtb0rtYgsVpsUKpxJ+MnAdZ1x92exTiNcnuc3DuP+8hYa95EakOUfH1nRFqI+1UJpmUR0yo2Yjd1F/18intOBVYO3NN4bIcwr7NfsrnnIKGDXWRcfqfXObXJuXJ7xc8RfYHAEQDBrxAh3YbjPLRxT20ebXCLTGccDOLd+Ts2wOrs9HipFrY2/0NsEkc9RUYffn/B1N2kW8i04CeBAxP5JiudYbDEZMhNr7RDx7DPQ6K2ohF2bM6jknD1G3GMh2cKx4cjuhDNn9zu2XblurB5eDtEzSTT0+nWlxr0K/4PFA3sSjatz/Um4oyfUGKR4B7ZHEX9Nc7jTYxXV1+r6b5DlFtVeFVctPBEcOxmbvlNDZ7ZtGLuCek/ekpt32G26DtDgt4tc667f9gcOGCcddK4Rbvwwjg/SeDB8dO53z0092Csgmt8j/JyAmfD9d/ZlnkEKRF/uZg0WoLKFkjOECUF/+6Ew3CbUuOmQw/ca95yq1+IWHq9uvqc18v8p8hyX4sGvczSTWQu+cVF36eqmpsc6Fmt/8qbevIOyNFIdsCtlBl3CPpR3XeYJUEujQue8ZiR20xMquiMnFlmL3E1djQFlv9Gp5H3+gk81o8L+atxCj5y4SXvv7HAdM2ZZSbbLFdRklNQnQibzmGqDEhj+Y87LXGIXY1bBEOC806+6pYSbBLDjpz6jZBOVoOEhq4id9NxjKOQH9RhUsWMlUqAOVr7JfOcB/7ovajLrP9ZwkBjo+9Tp5id6NoC/HNlcaufx9Ec64Wr3sJ4V9yaMl/ffjX/RqXa10X1GMIjoQwKwecvz3YZ3uUqVt5mexwQ4zfCONCX34w0zAJcN4odxADi1KmlU1KBTkJXh4QpQhoM5svdj/u+vgGOqEAfDytRoKx+H4J9RcULmjy8PHExZFR/0LjSAZhZ0vMb92Sc+gpQRGjlz8Gzb+9l5B9tOVIruuRHzOmmOnQITtafhZIC1kl4gXMP6vKSKDWnbk0h2TnQGtV3GNACPba1SXib8AICekm9GNWB4QyA+3lpveGzi6+SJDyHAvTXunSPBJkVyhDtljDVaq3k5YumaXHEv9PzgHidhyDET69fS0tSyiArxbJcYrgp6cT8hnHtJzcKP1e3gd3S1EKWczj5MdFwvvDMGvrLr2idDoOVFaq4yFQW03ImrdkV2uR/NwAePmT4gQ7aVI9c/s/TfbDXJvqM42OWmKHKhIhXkRwqRPOG6UPgxfsJNrK59Ax8JeYzNqvN1+4Osxt/EdT9LVE/jerC1JwWlSVlB67tsIdk325lQfqEslQRJd0JhqRPGV83LhBtJXZ6amwerouHXlrUUI0sOeicdt5d0hXMd8Ax952sCkvKU1aU3q6vdQWvufcfItzkQE7z8qo8yZmiJaT7HwuxBBHzKHfKanHBba9vaaHP7eY7pnr3y6/UX+Kkvvidorl5tcBmzknicST1bEUTFm2vdPhbR+85xkBFv/stlTIjy59srNbdogIcW+K9B8L5x8l7AUfxFrpA1p4l8FRkTStTW+B3KN5Wm8P0rOj/3iuV7X48VhswG09sTA5vunNQ3bNtlh5NX7uWfe1gj9lor25ldv4vSMl71AY0QrGI11HnpT0mQm179VVENhU+QL2qNfNfDXfimRYRocAMiDwNe0ZrAJ/aSX7vDauCrRdCllycdOgBV6pkUHKrf3JA8X2gcPHtokY4aDBO759TEHbJnlCrRQ8lLn0I9q/p7HfF6mw2wKt4JVscO47W6IwMfG7RYXbTbmyD1ZYMaYGF1XaRbK4IDPzXhe/PlSW3FvdhW/WE7VZ5HFfZHzfOv7ph9hpFZU/vwZuLSGwacfKd/dqGOiv2DDe20M59fo669GM/ppXIp5bqbif9ELH270DP6hbHv+icngYObp3GvHIgWRNBBr14Ax6zqqBPurjkhO+NsTKKMKzM1YxvGM3pV+wKsluXene8MbcobEXyPOVh594DMndIYvyDs3VLqD4JMI2xRGE2gFWwMgWfha3TAIt9cqkz0ydlzyMbcnXLPV13skPJmUjRTZH6yeWCxSU1cRdacUvJYx/USthkwofOh7wgU9uibuLeWPKByeZ2k1iBfEZuLlibx7mFsJcd2DE7UI9CJTkhQlWzSorT2nYlJbxcJtnnn1Eb4DSZU+NtsU35R2iJFEi5HN042YL+Anjt/M7r6XWb06Ne0RS4Z4zBUtbtc2dcHb+9pCINpklmzHzE5cLfqtbPgzS/uHH9w7glhQ/rrRMPal6Bx1eK4dcGP4dyPNhHcqL2hL5HZ/CMSu4J0IbkYx5Mmtq33+1nwK7lZmqBH/N50j7C7/9wr0+dIrBot4MCX1vK/22h+n5Y5/sKryNL/wenBlveLKAHtg4/MU4MuuT9rcjqbIrIwdsr63R1C6Jw52nFCOyEW1CaMbIxbErSuWPZLwoXbaX7/OLLa/XaNg8aUSt5pW/W+Hwf/jke2noxzjOvcQngZZwwqvsUnsF4YqaPlTbDhs9Xo2pZ31UxdnoY+1RbMogXaVbbRB7pZQ72BpaL3AJJEJ+dWYiWMBJtqcmrnAnaO0/lUU9er/6hlJVyxczi7Bd/CPmZbYR+Si81xr8vvYFYN+Pmt2bJjWgSoP6W3uTx6I/1uxNuvBpxt1vYaslPR1cm63oRCImuCgH7SpGMo8f5Ji+6YSgGZ+2HwBSHfKfOS16CDZEJgPmsjQXbXZk0NQ+lOncM6bsah+76LKOUc6HBj/64LfDdVocll7Pt5KHM0y/p1VhzN0O0JV7Edv1XPzexNdvBi90hk51eugaMijLVxtH9Mp1UbCB+TKjxd4ZS/VdEZORTy4If2XINq4EXkW4dWhFBSoFvK7oB7K1Fmnbzj0N0FpvOuV2i2iRoJG+H9GWUwwAW7tI7dU4lq20X2GFRw5nCT+wHq8jOgrmcRReP2bK/05LlHe6KXXL9FF3+oj353B22vE7EwsKRIgNh3fDxwlzKFhugkduNuhi9W92DrXqvr7PMfSE11naGI2g33leIhvuMMUGBwHF/rMgasRmiW2qEOcu9MrGZnyR5LqzyNsgLvlwpB/479DKzJm6gLX7a1iol0l/v1sygxjwNJkdoB7A0AxCzh3xSSNAvXXH5gmkbf0mX5hpaLUKaM8Ac44pbi2pmOo3Hav/sMn9E4FLkbaEaOhAAC356+sCKMXOABde5t0Qpcnl65tCKUBp0buzNFDJ/LGNKyDAln+8oLH/iP56wmuUyjyh+5qkiVeTPdDQO4kmeZOzhkMbDUDP+mg5rzE8k3QV+zg148K/6WVSKqB9mDlT5dfACIwZTiYv89sRud9sV5x3INrmYYP2kBvCVHkvZPnKn5OcDXUxvrQK7kW9HxQGm9PJO4NWLQ56Rw3a9MYZzri2ooPa9lOfPr0yMqHZCvDhH9hLMw9yTmuDhB60fqI6oNlUa6LVYPErW/qAmU26+X+kmxqRN7j+fwOnt5O0IZOgPHJMnbdguyjgigBvp+rE7C9wZOB1BAbixaj9E4jhrFUYV38qAdTVk1HVfYVh0OeDWek7fpZTL/+YjjrPnd1F/5+Ewx1ZuXJgOlV/raEWZ9OgiWDeCxyWw8d00mlmbIk1Og4GoWqvgMe9YxKjtm1y97svtfVq2O6eruMyePSpVJqi41Opql3jWs7/uVreQ09d4RzyhSvAgwt6oGzCOv7gE3ghd2RPNpuwbwhlmyLtPBw/vzccycZcAIOTpqaL1Xk5/0bnIzKaeY9iC+Y8s80TgCqb8ovwlHbP+SYVnCUShji2no+0mzsdL3nprUOGXMaoyw3QltAzH+jHZfCRCC0339DDjCLzK8qOxsAeWPlKxKRKwIGHWoQnoBxFPmtmJqcgbAAMqvslAdvXurRgB2sSPAeq+vATROvU84HpfX0QcVom8nzilRWZ9IL+ZNcYCqgwPyWgVy0u7K60uPFWJ0l381n22ckmajFS08cmNiv0fPgIhwgAkd35V9zgKnB7Lzi4DRaJx5qPbExGLZRaeDeyp8A0tDlSJUv5sGBfSmydRfvdLMb2TJB3EVf5NwB7CGVrzNN8Ae+u5YfNHSyuO9IKQ792VxausEUXO9ttgyWeCYLpMGWoo1P9K2RjtiKEr+UdxMdDVZ2DsCH+T34qM5KG3RY8JVLs46ukjpxgtNdjyqJhIKBT0uoBtYiZf0L7RScm4nbWXGRYszdY3ncAVpEw7ihE7EWXzDMnmPL6/Q0UA65pfpH6PVuOxGxorTcoyUJ6xWLBgPzmcClIqO9efYfpFar/6S9sb/x9eb+EMdff/jI1GRVEIIrYQie9apFLKXnRhZkj3ZlzFKkV3W7Mm+TvbdkJA9+27sY98ZZv2+Xnp/3r/P47f9AXPnzr3nPM/zee45Z5jELJ+dKMAZXtiHsyQAcK/QZpm//cQrXS3Omb3pMDEonicBj8x3eJzMTYrgdsVUP9fKzYP8/V2vDsQf8dvAJ1W4NuyHVB9Cu4UPnfSAg+bGLsyLnL4sCtHbsUTM203DNExup4pT6Nqq3cFAdj+G+5NYzbSldh4B5u2L3pkqEMMQnn0QhuQzAPYPOI53rgRGYL+1My7EdZtrJk+l5hQgTFnHexNLVsPZwEmUeTN6oBm+SEB3Ms1YS1dnm9hgkQjXpG9Sj2/mOTyn1CHfYMMyf+pQ3VBswUh1Ds8IxJ74sG/cewBwti4lbzQMAdwkyy3L6gvvp3/Lo68AzOA4wHZSAbAwEjPaTwKDfP2fpNnvUMpzdE0w4a51Jb7FgQsxrPdPjzO1HsrrEEQbBovCEAME+tdUJi4A797YKAXtANZKeQ74HG/UDCRiBhn/xrUUh2Rdo6YRag3aTK0KzEo7dy/HyYw1jNF3aGVLccyjJzWUskfvIcFucrXziRyw0VElEyW5bUs/iSkgFIYWngnq3iRVqMI3eEWBAEJXGQj5yatpJ+V/IyufFOKyYW7qCW7zkfCduxCRWYIIfb1ofAtNY54tJ6+Y19nb1pCLBNHaHq7o93bjvYa++YLlMnd6Nc10mQOm2c+SCmpu7JwHwDni6jmJzMIGbUQd4GyAh5bWp+yRn6zk78CbAhwrcbEqh6pvmV0e6OoUXX3XnKPRgR38emAmdP0WqzMjiRVfgb8Meut3WUF6iA3iLtcRLbMDpKhn2C/zLuBub+B0djS6flCzIe1v2/OudHGfOlwqjrrXNLvrvw5pcUmhN9kwbLxgmfalAciDTzO9Q4EIxayybMAKtQ6oZzT8UO7+CBXPRH3MW4AjbACBVslNuWNO1qKAJyq5KTVwFqxVui7bOlKgv/gSbsYEGcY6W7svh3aVuepAdMwmmkyTk0fr9QEkTwRfros+hk/IPAHueVMM/Ut2cdsVxuYHDbS8DvhAxg73SAMSfizl87eGkBxslOMQctK2NpCZMN5E06jE2CFPmZ7J1RUHVkr0RpZ9D7Ip9voC+clq9BoJCfHYtixg8VI9T3K/ANg2/55z9RaVjaTOJIGHfa+o57auKPVJOx6vnnuWUXYJVZWpVIASjcpglHDPsZOHt0EU0+C2I+Cfarr5nPap1vKo3FKVpL02p4sALASbh3Z5jSsvlrN3ondiM3T658B0zRzrvTIL73JL+HjmEy965rcgcWiOBesOXrFztrH4Dlmp4lU3NZP2LIfoTuDFRMgpJBtZVujelpysgPa27ee1tFJqlkA4XmDynDhLznN8V3etyTt+o8EWa7caILIwHwI4dKHtuE2/L6Bf1uwVpSmBa9b6HdVDf2pPoy0oESpqscLpyp1pHHtH1Bar+uTn3zHwZIm91L5gpH1Ze41w5+0Qeg/hfFd3KevFZ9uO4KPx4qmRGrbLvY/BZOmfq/HYhZefyzcU6ue5VmJHz7DHavnOCDxverIc0MPd9aFYCEP4LGh7jrSuSLtKqGImLyvKzgALAXrI0A+lZ48N3aNjBA5Iv9R8//iQsXbTxtBnz8qxSDGKshGXoiaB6e1RHmo/RmhLPOTQEy1KGGv5ti9W2gNQ7wD8zutTjXmDdVTfAADQ4jpJvSr+yVjT6hXGVhRWreQnKyNQ0DDRt6YvNWHbbXlQL+7LaQ0uQh8uhMQkuhXPnSy1pDO+DNYIsa8IXcAAfvPi4ATENKAYEDt8T+/KeIxQ5a5H2fFN7xivuBSPk0Y/ZfhvNDynZwKxknJ+MSs0942bQAVerJZiQxrjIHTLowegRR3YJ1WuwO2f8L3sA49+dCWn6OKHCkbxVPa4JwrfBj8BUk5yp9L75mOIXrKfC5UvV4VRyHMH4TVbrAQiqj0mhMbCnsBYWWi17wtIaW3x2ydFZ296utX2zTftDR0HdKXCPEZUJoLXFPpupiXvtckhYxgCY0MUDHVeZ1wU2TJtKQWf0gffceH6t29GWI+PiiyfGi2dipsJB10FEuyeUremklvXQMxJdOgTRHaOG/yNoAR+uxO33lFyDVpy5Zupdn782f+WFL3YsgDg90ehaj0zQCQLav/hjkn6BZa92Yr+6DbJsJrjl2y0V1+C4G5PRSvwFPhhT9qBnYwJZlv2s1lTtroBCjnIlqKovh6A58dDJ0cMqYvmLnzQOjncQGCHvpVZXfosFlPYBDpaNeO9axwUJi5h3in63rpEwRW7N8kbtCRW7YTG7UwNx9pEA36Axeu7yJ28I3zhVI/DtxbYQ1eXDMu2CwvFruQ+/s8qKvxyEL2YQF3hYuDXI2fdhv5A+UM69d6ceafI3DgL6CRqRGQy9lFKJwj6Q/xmspPT/bvuE0GJxiPrv0Sug0kiPdXTtxppGlfrnKmuN3EC39rvrgpcdgk9/xnvx1ode/dYnYEg3ppQPPJ7prfCvqeUBQD0wlj33YYxn8FuN2d+r5G+bt6n7P8BkC8/jTRlKUxEja9C3vdwzg98fGzfBNx6TCAB+T7qDOB6bRIIwftg6uEexmfpR6MAdLx4bkld1XCnoigHAaejMPkyAf/6JcCV38LlQv3pT06k0U2bx836zj1oc/bCLhZfxr0EePZSEsodTUknbgPOw+gEHDWEpzTL7FhqWmjllpefNvhWOpJsknYI66YgDvEkNk7xt7qi3yAU5WT5B2e2HnC+mjvf2IFagJWcjji58DFWAov9MHBINxLMpOGZdi1Sm+sPV7Pmb8azfZKpv3XkZHZzh9D5nKSbrBJSoVI6NeJP7QzItXbZb8IQPmwtIXyjgSmmdRrzvTk2cAccfzK+V7P/3qwuAMTY3IYW8YNPx7WEnylqYDZM8drmyHuPfIaASi5x6SOzWoc9tp5dgL0TIxe+vWAr0lEdCXciXSmdCXdwBqfrZQD4usuytVLBuOWOdA7mbBXYaXaXBKcgcF1mIBoAcUSi/z6YZzspfuKnxhBUuZ6d0itWDDOfOTmmk5otW8GhKFIDvKUHPxHmg2EJJb1DfRWWA9vavj7sR3IB2D7cDwI3q0yu/TiArwYigHJ+jar6Q+Z1Xb4j113//Gp+Kwew9vQV7w+AUerNXBE46zNUMZeFdOWv9vBMlx10+C0nCM5LC1QS4A52youquNcNKEo2VkBMRhFNgk7/NP1ccg6ZqjARzLZNO7Yp5RjvbgKs9DNkq72WXzGxPKCCCsWvjT3jfxnED/Xlpz/GYcoQPfbEHlAPlq7ZwoAoZpWNBtbyUmkJWlzW/VoypfuvdS66QW7iY7b0aAUhy2n1+HsCPZOICiH5m+Lgrk18oi73PHcOCBkD7wShgGlzmlOZLLJWnIqYEZjGPjpBnyqppr06GBh+Rgxip8syYulzJD1NgG/lHJ9Kab79QmxDvNzrEkHUyxuQZOXQP7zzHUNwasDk9clwI+LB/AQ7EOezpNU9nXgXZXzeGr5zWUPyqnGcJdm6vw1vQ1q8N07e1IFOTwU7kdavLpyTOtkFhcniqgEFgCk6CJgujItjFHyr+HHwt2LGjfAzIe7TNUEPsPOH63IorpzjnIm258TL4roeW2x5Blgch1wK09G3Gi9t0Ij/6i0R3dnoCjsRNN/HjFkyuon3FVBm+ncQo0grUmup+Q9gEdJQplByOmt9Ya67kSWA6ng51l1HV3tsoYqbjVJO14z7320bjPc297/sjW3xA8ZlZna+6epVRcRf5KpjgmX7U9Xbv2qSji8nZ7DW2/lIF5V2NsE+6hBbAJUQ6J4yCPCQIO26U3+HNxoqpiJMy0+KxMO+WV0hEBRvfIf1Od1vggEbeU0el+aD5F8eZjLpOS5NowAQsw86Gn8gQfmTpvn4+2ZnowTC9KTbsSCcKaQDvfXw0J+FgUhB/hI+IK3AZX3zUguyO+5UkSOj55OzEODTYy4AHvz0fMs8gcgXSuIbmeQBS0O9rp+8ERr/MjQJyuW03sRPXMCSwUZfs5uXFpFvaN+5sFafAmwzNEVLfAM8Ckf0ptfDqfu25MLWP8G6AHzBBvzfP7RraWYFl5mJPjwsVr+2Sd6OP+L2utkX0vkciALydac/ATArAljCsxc3AV+0L7uYs024xWLq1gOLslc86Uv0fbi3f8aOz14W30Ier8R9iDO5EbsXV3wKpLzpfOybBImeqGm981cAOlei6VJZcurnS7y8MiOMugIP6NwEzyhw7inlcYplw/dMxOjuR0R786tdrsvdDUlyHqcarbtWnotX/jPvpD23p8RkqzQhLwWl0wjHhjPj7j2cvcHA/h3j94ps92gR2wTE4t6DuKTAT/edvp2jT257XW7hfaDteAHQwHQMembdM6q7ruhm+H5X0XnxUBq6kOj09RaXC2w9x4l1PCGiFnPFlwBL55BWR/z47GAHP0SUxvFSMJybeH8N+PEOaupc42tdEgjXELEKvA6xT7gWoBK5xF57CvtDN3lAzl0jzyX9VGGyxYoeirGAjQCipfXli/d7SfSnGr+p37b1vsrZcwmis3YyHgLQBgAbak1wpanWrF9Otzz4CZwMZfri0gVEBX74BVctQO5Bi/8dZbnf1ktyA5ZQu23b4+i/C0Ti4acYMAr4Szr1wMztNB9bWAKfNqW8lXm3SIuOPWajgSGuPfI/9UTP45kEHKC4rKjbpxpHVW/PbT/weSet0RiSxitgTKG4bdl8VGY5lGoDoN9hX2nNOQhfudnP0SRtxD8r7w0T+pdJUBxDhD6FXE0MfJrE0ar8oe+Dow6FjtmhMPhbxh5oAHSDx+0Hjez4XgbLFLDDwQq/Z8GtHLAkhrjAf4/9HL3CyJizEDPBr1/mm4/2KlNm/zDtW4BpTRdXAMtr7O/2Je+Jf22oiDYY4BAPobHjvGfw4PAhxmFO6J/T3vRYMJxumLMrPQe5n6L4W6JtTKqDptH63paDY22zyNtTEwsnVeNTbqaAlK7W17r7oL/nAUiN8tNV/plqTipZiPsixODhV8VfzUfGwKVaKHkpDUi+bE/YbzX9DvB4zc2noj77/Vb3J+/xlllWZTyR+L1mOSF+FUPQNvpX9RXgPh142rcL9qTYLRry00C08BTA89jTQ51IN3PXI60AITEY9kCH7NgDY7coAajSf/ILKV2Op31jpVO5N157Yx9QmJTraDFALhPGhP8Asrukg3+FG/hgLOXns0h24CakP61LYU4qsxtlPgymZrEM7qOi1X9s+J32HTLQeQ55ezV9OETMbLYqfIdWlreJaaZDpl6cs+lg3qGLS4BB4AgCahf3XukkjxTzLieyJgqv+5o4znHq0ZJAmpb9RNNNylqlzvCymkBm71HB8ZDPZtDZJnTp6KlX1XR4mhswqPG2oOO/8qftJwEfGzB3vHsJ2YHLgv1RNVN0QDR+UjhZ8RjwTtUqqm8zvWF98tsjg+GpfTE6J2Dr/+GJ4kjYDHBxLPkdz8CaY5MPlrFH8Q/isNo3E+3dtk4aMDLegzrsG1zLQk1d3uh+AyNcdHo+CoAEV26a4l7+N3gHbTGdWjBNsHr1SSzArU6yCQXzMniTNwn4T7Gba5xufBBb023LyMmsgNxXxbbulxTLxanVJV+rJdaWihvqElk6W+tDHbCh33s5pKIgP1+afX5U6x9MxyqmWnPCijppTma6RBCs7CkzslX5cD1lVY5LIwaa1ffPjFK/KoxaKqvxUCizG4Ilcypsj7jnL5U5+uX8HaD83EH6WPxDG+HtqHaNwML3L7Nvckk9QAer17q1cZ9bCozqmhP7K570aW5/z/F/vnaOjrQ+tsm2S/f3gZht+Rvdop6iJld0YKd5uys6A2oDJjw8U2zQmgaumz9UJIvpNqeRFUXv2QBt4xrJd0Phl/Hu6wKb7IXTiMhoVQ8DQb/7jTEGpVK68+XgnfP/z517FHsI7eHxtZGV4MEV5E7iKIBr6t7qzEHdahLAqI2CtS7BrYKlBjGqHpPXecve6DZ0bMn3tH+r+4+PMO/auqsVPJEYGo9LgkQcB7vEeHnCUmqf0IWpz0mAXUnv4yNZCER7lZ/ESlZ1aQTtAwxh6AWXF7DsyPwdAMtLPHZND2yHhRx8ql9dMJg7aYEoBxd5TCEcm5csUnlfn/jFifSEw6l9HIhJbbVH75NYQ5co7SQ0QBg4SV6yGI63/6QGwLiqPSrFqzogcGxPY6KamT0i44jaV/UCSe/Azbz6R9/h4+nTwC1FXYZwbSeBGcy2vDHQAcenJOIbfwXb2Gxb3ls7ErPHwouug1Sq8XFv0lNz6d6OOC+tm9+E0hWCbMC5NlEdLDLFUm106UqW997qdrjVCzieIAHT9MJ4f0NYYjdNo5JMjYzlSBz3CQ5I+UHB+uMZrl7pREjrnkeOxfGLxZft5hlVVOABpXew4/4O1T4889NgqrAhLHw+iLvnmLZa5QY68J5Rmsv4R1djyMvPChWhEzv3WyUQojHto4M6/2r6JzbxphvMrw5f3Z1vy2gBkEEsxmu2xZTKxK7HaPIS0sf83rWFpD1LIrE8Uii5vCqZ7Qkjh89j4DeI71ycA3gKkhOkBe9ePRnmLLv3KuMjGjf5qWPzZBiUVnUzYpkBOJ12CcdzMrYyGIDW79S1s2epWAqszvhrpD0Ze7tRlPQQs6VITAIDyAlwXecJf7oRZyRKIiR3ytLZk5NGSR2qhLS1MzQdcd80tNYKPsc6eAGm/sfi/b2jxJlT5popaim9tI94yz0V1D6/b2TGfLIosawVOHm2Gb3toXChPNUxdte4k5ZL8xCs5gl9kchx7AfEkygvfSq9wooQZJStN9u7J35QM1Wpao8e9NNFSSvjxHEhWfFPNDIldl3xW2urHeZoV5jNeBC4w4d53jPfgygpmdSjrTFuLjzwDg+B3GgZYb4KfOvbXzCjYBnvUbkVx9sCpSvXQNj5rrKZAoSZ0lGSYUxARZiCF7GA3FB6++hkBIWv6Mdix1CkceFXBc5YHkYG/bZN8Vcw/phu5VjR8UsAXrdkvC+HL8tNnIPYOG5Gut6xBCkzYCqCdKQUl8PLwMWG4sVCa45b2iUQ2rGB2idGlxn5nk3s7dEHvPZoLXfx0Hr1UndWxKYK+yZZuQ2q96UbGeqxaE2eCajY4ZoxSJJFGdXb8bBfE2irEgDwc2EwCKWHTg0xEJYFeOVPh7IMl9cclSZz/amjq1KO1WeJwK79VL7/6jHqsBuNGGVE9K7WHAkxZvckbz9qXioAVfDVcisiZ52rulr650c5alyLK78skgU3lC8k7emO0H12IoVpfYgT2JghoHgnax1VWkc9oV9+AGgg7mhYPAeccFWuyIPvX2Fkg3l1mXjC9tbHYMZ7Uo79UIaNdYDBmYrMOrwKjqFcKWYvOFXQwhe2GfIa9n4BbGATq1IRIDTHXZvqpvtOgw0oJsY5kfI2a05w5q/34uzrUFlChDwnubBjvh0aWYBZtdEydizpuqRz+mkl1TdGhGDuq4f3DxPt5iWdbmA8tNd+LCZ3ZEgzdnJRw9uLZnqLXN+/a4ElI44i02uqKLTS0sAH7nz+qOKiZDB0+XqpyCIns0J51ydvtCt7wzXt7FY9mw94yw519jHNMIrRDNQFDBWnazduc0K6dSqHWqaQJ5nxzbuEvxsNh2Waf9x+fPJH8FlWWNs7+LM9+twa/IHD6vfE8NimoWb8Og355Jlp0uxjCU2iuM3RCDb3p1P2q7PkcfWH+uwOXuots6lXlmgauaCJ3JWWbaUtm1MiWY2KPrttr5vr55b5iYSVF7QC1cV5fCWrAmrYrHbydqYCmK/GOrBqNphHDqVeMOQ3045fpwWD8DWzjLlGjsVhpG5Er9QLC1StgpFuvXFLGA+v9nHeZ+erzNeZ9nqvuq4/rBz9sFMyvNFt07LPZP9S23Oxzwj3l95N33VsbHMi2jFme2ZLH6AQx2M1Xz9heT6i2jufguF5UlP23aN5daSuh/nvQJznSlkNPzzm42c+7fPWXiQbWzAzBNyFk8F6iqrZaV/RbyOJfYLChuWeuj0fO+0LVoPqxsT5sVkd5O3BsDK1+F6PtKGjFtzX01gegFhXqZwgr0zTaNUum3jOT7dwYRd76LxtprqEQmYJN1U5lFKMC5yo9mIxYcQaa88xsJU63MaeT43UHzLyAuF5NyDh2zTtD15NF8aq3Sr7TAm+76Z+84urPeRbR/m5r05qnN6WvHxefd9Qa7Rm8YtDrWpQrEXnkOvsIq+7fkzHAcIYflIip1W9VDkqw+ZxSbHQ2Ms7XPZ9G4e2S+p8Euqs7DdtRGhRo3a+59Vt7Sr8yosYvmNDkDnmnuwe0u1zgUZrtFr5OJSN8QqtmpaEDLxGEuZSHmRXzyuyfeknOJ9LQD6mNLvF9Txjub2DcSduDOAPHvUsycXfjbD2rMHbJQBV12yNSW9Kvd29rLS23sJ+/oiX4D317iPuygScmz8qcOVkLKjrIuUZkQoSD1W6/T2uXQODQXhLvnZKseLnRhFCdT7upMk3Lwle6IrBvTjVyFq/eZRyC6wQozuWY6cl5fHqEhndD3ZklIqJlbxQj/cPjeFBM8gOofhv06Bgtdbl4NDZXDngZZdelv8so76RnZI7aIXJ09MxAmhnK3I1LXwbucMoXIybqSHaEu+6lbLW46rsyzPqLwp4+OFVkzmZV7d/2qmMsQ5+e8u3vTrvxbKs7W6tbsxGTbNzRPPQNv7e3ZyhCbiqytZJX7Hs+4U9VsT7QnkOz7/x2wK15vE19t6pzrvVvHHNRCMFYwqwNlS7h8RU6zWfs3tH2DHi87mDikywUGeq5s3DT8o9ruisEL6ASnzDaNJ0iNr8Bkq7Gt6toYK/AuzXmOtkUk/lt+8Fc8N2HXZj9xhcad4EOpOdy43cqzvgA4zaoQNiskeXCHcqW1ppPnBMShaVMgv2IVvW1JaPjUC7voF40ASLZnTv3qnfPfL6kDfJ0QGj/jSVrbcj/o8B+5qFvHA0Qb5fG+H7g0nOKUEPF1Xs8X/Vd47+ESY5ICYDLF7dZ+1WxHkDUtBnoeCSm30ns+nVWJFPswRih6Mo65ix6nDBmNqd0d/JYqrSMXoG6S/EsjYe5HQCUR3NcqyIVZ6YgICpnHe8mcMDPTqrVQPmL1eyrjQh2uU4Z2EqvMy9lB4hGRPDkkKNcn8TDp2neOoP9xOfJu8x7yYDRIrLeXjuArtMaQyF8edUWYkfpu2jY9m2+KISl6HUWTBVO5NiYvtqPl/XZkEc5chF6CySVmN38IgjMPRYGxxxy5xQbFMtCQZ8lrupm3Ei/ZXy7wLNU0hq8RSJZ6n1lqkdj6PwFybg81LmoUaM7hMsmldHtXF9qzc6//cdtEUrAef/49fwfaHW0DMR+0ke1hKYm/E8wgXuC0qlcwL8McKB1kGchezD3ZZCK8gWQkOIsYdzpY+GI+TR9ki047Nt3a9W7FZGjrb0lLU0LSV9durn9Sf/XcMJ1F4zO8XouvnSZ16equUjg/ahl+cQblc5c4zWwrz3McZHOEWUAV9nhfaRt0n8aNd4UH1cwNPn9ofaFltu2fXZm/smIf9opO5gn6eOsU4Jaij+A0CQJSz3RAW+YXlkgpF08oZcle094+vP6a4BRLqVp0cYixJrKPlyef2svNXhzeeu3U43p7zBSRQGBZEv0aVWKmfaOlftlB11C5r0g8dd+ifFZMrspBN8mvPAIjJlP+jzXZmV+9lYwe/5+8Q26vtrmrbY5CqVAjDvvXlOvi3ayzM5CI+tffG6V3Nth5vPpUNCKF7HhrP6pj7Fn5OvSXjJ3CkP9bD+JGXGbi+9zmRtpqp73uVxgV0+yfZaiTZqpvmpcZayrquNDyy26dXnlybONqU95MR3Q6nsxMmE10evHuvtgPhuuusRCq3Waaaf3lI5itMv0WIfmbpH7go2F3JFjT4YBN9Lh+ld03ka8EcRGrX5ui42xg5cSRcAaeKOXgj5zPiwC3mcvodn+aNdY9mcQy2vxDS5sDG2aWO53aYsC9ixlIqGzuu9N3RknA9wSc5zx7dE7RIkjZ2ShZhROlm3OCwTAiqoHvY1cd4fjnhJNp/64r/3ocbAO81zLDqb/tUDVcRRMvuws1ytkCPDgNdjLQsh1fsDn/lqnFc/ulK/j2nAL5tE4cE6Cn4GUAT+v7jk8B5/LFNRxM5cjIVIXVkg7IDboOBFZk9ciE+Zf9yHwfnxKM9yb0/lAXwlnNY0dCoZlWthDUALMz6KVp+oW2g69pQZwkor1VCeT3JvAk7snbrHW41b9NCM4qH8qbPklzzlKR5F49MENau+vkhm1GcVOj7BCfjU22L/GFw8PW4LXUJXVeQVsbUid0DNA47hvsHWPKMuWYbbCnnGfn6Gd6rYVQ8vr6xa5XMa8R9qXdWy4MRqWCt/i14mYzeCbe94vUN7tWozeVf9oTJXcqCdzOr0qa5E4DtEGfoDpqrtn55p7Vydt2sUrV0d5YBbH/pyTH0N3v8hWT4nMOzXr6fNdWsFUYxDcqG9l01+j/ToDbSFupiFg9VejYIAAzWsyPnpEhziOD97S8aryMDYtbgrmiXQfTLPhuo6H6ngeMa9i++CJvHJ2DIixYTtnYy0Og4d1/WlgG28fEp8QdBiTQJR8RnBGL0yBn3ftKuW3L6KyqPDdNTcD6kkjx99DGd2McrvOT5h0e/CXrxuu0CHRqTuGopJXSIdy9Rbo3ZZLZDeUeB35urWVHSmLjdsKAZdfJ0bvv2YfLz9uP54wXgz36XqrUd2j8FgkZdY2GfXFxuGF9dMti0NqVRcEF3YDHqUKRdlBTXay1ZjvuX6wlobrSyXAIPDIRD/7Xk4H34vdlm7EhIq+QImEKU9ISEQV0lwZ4F61F7JBwfmTro/Eb+E+CuT2Fp2/OgFLU7oyQZpKUjf8xhqr8HzgK4+5zTCkTXi0A4Lb1hTT/3BsFQhqGeznYqSuLpbbtaC/m1x8lxl///ltsO/Zd9rl1F9Y/au2ome/puVM+cX8rVhZ/txmmxbl+2QVG/K+N/g1S5aWVv2kor6mfRfMJcqaP9ISn8qTMzvg4FfN54WNzRw64ZRLReiGXUCSfpVICZd72oLNX1R7bImQpgh9nxCxLcoDzlOSS2kenxVyRLtc5ExBQf5XnzT9tw+iDWfvEXPHv36vWYltD4HtocXOieFEViQenFzetNGIZ4LfwvhOKaiuqEorGizHYM/5HsQyuF1mLxn2TsBl8D0znLLQSBJ5v+htA1eMeiG7kCkV1R7zmJScHT1vqgQe73aK0uompNpLWfWPBuBhVb27d6HH5toodbkSjU7FhgnYuge3rM4NJ90+RKBxaZDZIxTXzRbdSR1ug1S+JjnAQ575oLINk7/MoGl03/WierGUWLZo9YIMgUk4nZrTpVbuPwmCjbPJv4nurMdWZoaGS+rm9nSxvdNTCES07V4OP+AuwL/enxnBvlhLxPsB2J7R1lnbRFnXF3SGWasss38JB74pYaWVoDx1ur26nRgryaJVpl1/3S9wMg2mH2WxAUCSPioIkjqbiv9Xy7OuLB3YXA0aiUxq39Om1c1/r5Hg9PIZKWHmi35U2qct0jJuYa9iceAJqM9wP9mLB38epA4EgzI8wyhFrParT0jBO5KcsX35Mf66chpFIpipKcB0BAhMhV4juIHgT6PTgP8lytuYHRclNVj+UZMgP9kjpNleEdwmLZVq2l8Wa0A54FdMli/aFnrcHWolzG0YefPdbcF6m8TiX0wI8FSifpvTqQnd6NkAH3D0/4jVx9O2NU//4d14xrvapuN/9rVJyeB5TRC4d5FMAEQaNphsShuN7hNxOZW2cSxxdhbaT9wi1dy0r371sqpgf6oABfsBTrfrRxS3Ba0sfMR60KNJs4Z4I19RvIVeH+NrKOkPWykALM6rkvUaahvTviqTT3ndCks8/swfPQfhDn0nzrJy54z0xotlruFRWdPZqkKXVCpUuUtNFk6xcjMnv2e2/IrlC+5sYG9kj5MQfOpFjH7cMlla0kwuTzivl/odnv+m5UP3Wbjnj+vTluUubTACs5kFueplEcvhfN/A5ia24OzNlp32eCLDXDRV1crcGqvuBgG8I8/fb4B+OL1Fx1nLrz1JnrGKChM5vzEtKvEp+0OSgj5BF3Yvtmun/AaXZJl3sWXoEEUQCN8v45dB/QdfDOhehfe+2O7t8+JZEtLZq2bwh6HpQ5k0RtLJ1PoBWzJSuZMNWfy8p8HmM0rrpP7A/XF9Rcf+wRDiYeCodK4L1KzMN1UpeBwzVyE7Cz6dCSYFxBtGFQtIGF16a3aTL72jV23vG89wlnvnXCHPdSJlGD84WIFXhamPD5gCYPqjl1xIBa2YTY5crZ/vetBLwDIAnjBiUkG8TDFGFaqAXEaOdcAt9eqKZRbBGRYUqkK14AS97endZT/SrXu5/gU2+4vwkppfn6VdX+NUnP4nagH2OMnoTFmwpBmAqr6fUVYfAuzgwzHuGQW2pYlf+bXRfAXBdufF6NGnBRYXW453eEwkTWL39T2wYtxN2BUuW4J23wNotXhfbuRQa91PYXiOxwpoCqvqadFRBAPKBaDutRY72x44ToSl6xc1bnmwpb0tnWHHgb9PMWV0F9H7Mr1XAPI4TsX3OQUPuzd64TJY7vzpJQ1DJM9tnwj8AOYDLkdIMi7OZX+Fb+la0+UjH8vcexyqClEdNI28K5TkiFGjnpoOQ60IP1qo28/HbzCpINA6+mTj/88ln9L2b2utMY20qvrNRyek+7YAxvguzgngRBwbf3lSjyIKb361mVcUG8QAX0fAWYZMEl7br9PgU8XEXcX026EyhJ+tuogdSTinL63pqigRWKYkC+tVm3b91ZOawepBxdPVe5kVtThyPudcCEVHdbVKv1CHEHUacHr9SF9BV6s/tSN1D2sKTgLBXdA+xCLpJDd26NgVGptCOsFxHG9Qrzc7F10JvAD/dsXRSpcQ+U5cKFKcn72g9WlCovP2vJEzIpVJOW4c74Swebuh5lhjw9G6K44Y2ouyVv5GTmqVMo69+1f/Feq/KAvNuv+/BoaXfOImGxFrZtM3daJG/HCjrmULiWhvvkgT2aiPDf7/3HydIbB9mmWxMCpM23pPKY6RHWS9yNmfsyjXnl81B7+YCGljrTW10S9T/ePb5XwHdnc7o0i7bg4OROuNYSwzXZi18H5RenzbMoBacXbWSb37p0HoaX9dcbcplGHnbvB47QZ+RhNK6vxezH4Nx3vWmHNGXYbM/YZZy/FSmZFffASC11p6DaTTL/k8LPFCQDkLps3NhiNF1jba4Di1uiInpzZ0ues9Y419jIVoMyj2L2z19UJDdEmJs0IqGHv6oA3JwJq4Qaf5I709B4Vre5oFl715Fvz2csQujcjTCbgmLDBcw8DjippAAoKef70sdY+PgrKaZLh/110fi1xROAvj9PE+qqeLdZuGXku/zZnnXsNaWbS6nwG9XHvGfq3IxpNCT49EgjHGoUTJHvOEBJqtV4Zbr3QpzB5jlyD0zLwTlIi7p0jPzFVgFwdbxbBEO40sauHLX/dkJC3OStp6A3HbNA6P2kxfAhqb1aFdhnMVou9tE0eCaX85oEva4aeGK42db1iLjjAiTS3X98hAfpA6H+8HNUAa4Hjp3KcDQM6aHXyHlrGq2TFqF38sUTtm0aNuJB6EOerjRA4pHcrpXlwbwpAL7zdnsvgfuySC6+hH9RMn4r3ruZoM5mOG7vqUJTQ3Wj1HTmFgiVimRNGeu3Y/CuoEa0lv25v13JAIJbxj47tJkS8yfAOB/SSfIwwC1UpU26VSeZHsR5i+JO9U48+olrjJJuiPmzJyGaI1u6FjEaorCmu1YrfG/yRO5ZDnV8PF8uagKffbWdsc10THumK6ZWoo4sSYCHaCeuQ9WtXw2e2vlDdPMFlJUpK1mqyz+IwMoonJhL2GnpnAArG8fzJAYGdyPDlBFkW+oHTiOep50/L40bVDx+YyomUShVuoX9q0GabN2/pnUbQEUVfiCwOtWGXOx1SkCIrMDkwCIz7/ByN/s+NgYLNN4OHns5qfzZABHfkoN1T/W4hhntAXDWzJV8rQdJw11vy8e8fNo4nxeLXEs5P1rzRQ42J9eTQ9dU1hNgjMDfZxWtbvj53KZ//k+xEStnasFQbipsWgY1dmYXdCmWmhAvloUZnTjwOIMFxhEsQX2rv1KW9f6ydKJ/Z9Fh8dXIsvf+HmXZCsR5XchqDyPMj8EH08972+gzTdQZFTrxgPqRZLJ2vcMLeuIA21sVg/DjRhc0Rk4TCeKGPibiFodKxQ7aPCNyxL0BS0lc0K+jkeo7zCx4xUSFal7wkIBDHb72xyh0O4zmz+C1NxxF+cd6p/jyTTaGYpaIIK8DRRfSrQEiZV95YHYP2Dh6DQ1K9mu/eEjcH5wcdD1PVeGqrC+HvAcTnz15GuLGsMhkD3P/FG1ev8qxsbU0y6Kea1jokbb5Y+qv/BQgOYG/M4P5ng8nytb8SiESx9tOPd/OTlDq7vmX3/5jX2lxPp9e7yT7OYCYtKxIZYBmQz6lUT+6183Juk2JuN3v2MqeERx3m3fzqoDx7PxN/yJ3ey6rMZ7Ju3aPSMQA1EtYdSRrsfHS2HUZ2r/R/v/gXH1Vsv148hP1CJcQkRg9CjCjI5XcO1rQ52B3Tf6VwC1v4d2hi/hzxSPpasLJB/A99l7d1YLqcddy5ew4VoWuG4RdWExg8rzbdUD5OIW3mjSUAtEkBUaew2Pi7speV9kxSMZLH0jnrIKayayQ+WPIq5IZ+JTcSUe8GWya2A0ztOTHSXuM1mOxRDDGxVTkOZdMeXft7SccIzquayh1llUmpl+cITs9nhVl/RJ0jpk5gl4PMagZjZ7sfv3And+JdCEliU9uchuWIgmtIWZv5PCitH5RlZZBqA7dquGTjSn9mz3+lGTqZazr2aRigoQASWJ98XeTL59WhbCDPTpasdMmRhn/4WKFWhFpcVVd/IsHg70Q6S+aqNPuZgzhqkZV/94lfbzi3Fl2rxd1rE6wAlq/ndThv8MBxTd3BZ8lPXEc0m3GpbWfkVjTBpr4tbeXe46izZAgkZ4VWVMNnQoxuyg0pPJv63JKxyyBj7mPMJ4Tgi5MMq1quER3JOgeLJps+mrjAxNJyKWEgqq9wS6+gMmncciuiXPAo/52twnSSvPVzL9xv7dKDavEui2d2f2gs0qHHPYf+WCcpP2gPLrHsq63RAThl6tEQCALHB8gYQ5RalpaSz2didFfZGO9948z36qjbFzDh3Zm0bu/ZJ7j3lxN/tZzZklxL4mOFH1VMhcx9Kc+QITbbLC1H6XbrKI+XItXHXHtzv6eK3zqK+hp7WLk87HZ/uBujkmmmMMO5OZ7u4rVLt6EOKDeLIXTG5+IMlToQGnAxAQGiuG05Vjihkjc8XErDTD3LIUFJWSdXxK5oodT9un1erWkaFeICasFvBllEf9xj5ofbiWoOWeACc1zOW5z3BzpjnX8XqI+VTlXqN6VuPXeQMQva9CG/TBZCJfdc+2B3hgYE91wybuxw6LXzWz6+JvTCPwiUGBjzNp5XLxr648ChYfXub6ik22FO2dHVmDf3Yp87mmu80j68fPFfIbusc2Ir4k+Az09lDP+mBt8E861Kd2sddK3j1wZntA9x0a5WJIn23qZ6a55QPFdovdmb8lVNZHK6JvNFwrMVSnK9nNnn75uyFiNB0M6GLvcmhcVuuW3g/A/QmYuRNIaVvCiLYJWLfwILkWM6VAOY3MkxhTOKEPIX9eBPiFAHGoBNLgfYTsL+oom2vn2TBYlfuKfcl67IbKNi14LMau8nrTv1pIYMphwcZMd1/e2drozeFjCtLOLI22jhBIxsYEsbD4h+sM/xAB7P5LbR/4eI5au0GhCehf36H9CYmz9LvnybfcNPJJ/0qk5ffucGeTuYon7ziON+6vSvHPvIeCMr+EbNMa4n3Q83wLk+uDkbSQXvKJpBspj17mWMpPzNR9V5czkc2X2kNLOo30o0XFvVBFRr3G+BZWqm1mFmbyD858XQXxs8wrnwhodVAcI8Kl5IbjHXyZxwhf366/4+aRUGgkTbU/yNzyV9tahSOWiNVdpLWYcb1ln54Vt9FgpuK7QA3+HeYv2rUTT5CSxOR2OIJZrMZWtmul39K7T6OyP3ELipjaHPs7bY0BVs3okAefyx2HFRHICOLQ433qmh7P59D6F4HclHTzKb4Yq3j5wirXoCpH9aqKTWWqJIvuIJYkZewyN442nkmlryD1S9U3iDN9pnUZnrY1GjBCLSeXJdhzhmIbwfFDPl3MqFax9/TWzzO5O3ee80whFnbAEecuBLXp5Ki+Bdw0rpvR/CZ8r+CxmIX5ljm2wvA/UPRqLpj5fZvZzbXyQbiIUWNop9G//aD4hI5S1JywRZnzZ7+HyaH43K1akmvaHeREYCu1StNmeNuT8/NMuQg/Z1ovVtzuV69LiOtmWxgzgfEDT0roJ1L5eF4uii0Q1yx6psFkp3xPOS2jtUEtPf94pI7Dxh0DpimjmSTVMA4TFL7FXR1WX6hm4dk4mutc7l0pGuIa/etRHLTY6/lRyyOZPmfKckMMg8oeTSDLktWYcEfqmEmV4mzqMeVzspjZyq5nc9sKQG3bFNWsijyGhq6mgvz/qO+Xl7rVF1UOH1R49Fbg1QXOtvBP+U4HlrQ6uXyd432b1OuGdv9cDV2VgJa/lgWeK4BG6b780ybFPqu8BUpXqtv5KoK1Vl73FnlrRRdZ4C+L1q3ybkMSV/sBzsgyiZn6gfPb9c0Q/hSANWQjXh/CnII/aO5uaOQlh2/8z3W6KH5risPGm7FJWgOMqaHAqwqSrqHiBuyI6cKLNw44Yyzfw3Tr65oVkuGQfczIdrcIHULLK+TEbvdL061oGj1OGvftWqg6ub/Eiq7DMHqE0QTmrAmatz/eq9VTh62vN3z5NtELHBVHpETq7tfx8udSsaEno4YrJ7o9p33z+KG5LwWkiCYjdjmcQmX8vyw4RqZqGVK5ZbxgWH9zoT7GKee9RYa4cXGQylB1SErU2EXwP0kFhGsl/L0gXJzo+oIh0Yys023BjxEmlcUaa5bl+paZLhRsAzbXDeVx/XH91ki9vS/ogKpJnjDCGFfjFOu+2h+jBJeoA/87jz6XVZ6UWFmjIvhdisxtcNzafiiZQ0h1tfz01+68qurYkx9ilTERfoeNoNBsrJWn2D8XdR3gs19R7EFXq3FU3d3jcZbY3P98ad++vE4Pu7+jVu8zmkta+P4VuVfuPiBrHBTTCFYGSwrvNKnrZMja1F3LjQ6bEK/H7v4TLzmjzX+oMTLwBi3nPlaKtfvyUHbpaLzFb53aO4flG8elYw1Lkn48b2KdKM70uvSqXMHxnDvwUIyhalq69qNKb3x4TqZih7c4TAvxF5qaJDZO/RBTgGbazbaodZLcuG4/H7w4xSZrfl9RZ2XGL+m5WibPl9aH7AfvDBrfGfyL+DshyH903sHeSZi5b7+cJXhjvjXPJEu+NcXk1WOmpxVruMvJainYDPnxB8Bf5L+DAKiGCCYciFdnTpM2OfrlAar5Sa2Hsa1ofeLNCWSjHj70HgO15PoOM21nsL33Mh+UG2Ni1ulOZiLVv01spceo3zzgujyAy7M8E1+JVLRG8ioPd9nkpxTfJOjsoyDm+njiUPW9FKOm/2X0hGFWgq4w2rlgVFHrzs30K4lAZZyG0zT4DGpOOZJs3wYJkCMrxHI5F5aB8lXoeOl6zsTSla/3EHgKqP0Gs+PuylQAzGMJ5GnLSvuL2rK6j0hucD9NhUR6tlcnI6pEimWn0kZZL7uQFKHIkXD18JNJIonI4fYJByGhd+aa2Xam0usGmjvjKqXyhp75oI9q8PMFfYNF15slJFG+LcPFJ5jSYdQKdm0Lby+GMv0UIoIDp7H0sIcKmFLfQdFvGGMoOs/Ty7lZfxh/wNWYK5ziopf9NTdS+CVZ9ZJE64s4Iaec1L6iAcOSvdeFt/HL0bqe1EmX4H3EWCkYRMOTcyWe4OXUh0mVlOzoevkbvPGAzi1rZUbDx1DfY8hQ2kC58pZ1mUmxsEx6o79CVNn2e+94G01FbrMhLVfAh3uUjQ1rn+EdUhwCRMA/FdjNInn1jR88UfDKJqleV5ZmOmVh3OPcdyFnAuHnX30wixwYkUbUQAvg8JdX+U3eMwcJB9KLjLYGugYIC5vzHooUxPrvgDxKoNDtkrNLEpHviRph3mhnKXsos5ejgjAdaumKHYnRhVdpypXffRqvXB0EDsSwcbJfgGz4FbZiqePOsvNXx+jaFyq2Qt38+JxCtwcRZmwRw8Qw8xqZbDEOwi43qrX6CdlZKDmf8kSqjvery4zhsXhtfkOJm6baYdz4XfofdBZOt0Ww8FOk1cJYat2kCvjFpRYzbSXNU32tfsYFMFJffRbEl7uh4A8eWt1QDTT50e1S8yD22/ioutK4UOFZtUCO0xt2eMGn1aPUZ5dTg9JDjtqCT6D1Y30eli2rR356sj+8phEz+S5Z7JQ30Trl3jW6Mj173wqy55BvOPhX/Vx9ZbF/AM0Aa9fhYPjjy8KGCc+32wKFTJwXhD5WhEDJ7n2SutuvKs8xxZQxha1JRavOpnOurr6q0oJ1s03lllk5Nhg6rRnn82bX72u+Ri4/IGDF1w4LXHBGe5TFA1uG4GbLxeD9x4Pqb4w0u86936WcHjM1jJnfqYjVWNredtfLXvY1SUpeAQl8Ahf0dwqKNdbx7KU2n3z6FjPR7lWrVrehdCt5uNnkiTGhY5dkiAXSTol6UO1Ww01C2kzwW35EEBe2DQR7inCqlDuRBbYjyKpCdhWmL5KTGdQz67uUJTmsun3n5xlvavLeRkSsRnwuksE2AJZE9njU6c4X4aLb6aAfLwh8BUqXoqvsWXCuvUcyxlenLiemC37MmJuwL3yeaS8Sulhqk7BuqWtpB9nCcvp88J2XVFvxmR8GhC78Hnsr3KAFo4kvS3eQrS+KmBPPqddDQxkeAN5T6SMv1wsmAXFwQS+/909EwhFmOdL+/02MByUw2HWkAOZ8afWqFvKDfSnNCseefB7XYaIrCTeN+sZgddcfdtKzYw1AF75yi/zsodfM3R3vmvp+r22FjH9+dX3FG2kKw5SpDPKZCi/JnW9vddTyqdbpoVhqCNa2op6UtEVWjT27JgwiAzVGLnFw5qBOwH3W/Mlb6xlcb01mxpd/YeCzOVhWpbnIKY7G7xk2eMM1N9VEgNyWqfECsVOgcFBrnD2tx/nJ37qC5KolNmp2dmessDJj9RIdK6hbnvDrgL/k1sqHnGhmWs4oNE3LaD6g1uwV39qOWV+tC9dudJIRagCnBtmBrZsbwJeVRwlC6n5OD+KteILfO94PGBavZgvXexpJqMUYKQXKQC9yMReG+swvGCqsacCA9tGjgOducsZ41lRsaIt0epK11clTAkbEL4Vf8W/NDKboxzFkZzVWavcuo0IorpywxyN/gZQLh/fovr5ak/eJ5ZURSj++61eGx22LHTIHwpfveNQIR3qpqvomh5m+i6x9gQaqriIAkaXInnaPeHUxntfFYdVz179qENALz5UNTjtcOFWySh22BK2D/OW8u7GPzXmJ/fdHnvltuk9ydyRIlLLj9NnshS196Kz+apd69W4ZXjfqQpcgccdcLG+ndqo0GhxN5BTRfhEXUYHlMtBwlj6YlxWcSILRdvXCLcFwFuaVqxNa//067oeISABEDufIf2Rh/lwqWip7e/Efy8ko96Olxdc7AZ8zFG1UpZmcmyvllB0v+3NpWZ1WSJ+sPORJHoW6dPvxKMpN8fB25ZzrD1Jk7IvHbrEm2zK7ojJQtUubHq5sRZeIc08RuhfiLjuqJ3qOZYgacOv+5Ee3aHs3oabSONj7NcykZDd6EwsDm8H70d24gouUT/1rGvFFXEO7nqkiLcJPVU7WuRH3iJJnQGoLHyCaZgbvfe0qJ8zHSZfO6GuvKdM8ZVyx6rBtLqydmp/KqptzyAmH8ovYt/Qbj8ESW5ZtcGdv6MAvRSFOqOXhI0In0OtT1Dfdn2HUHjCLumesMfIWaPBaQuA7CJ/33sTn79iTqdnaEPX2AOxwaGvIbjdzECMS+tJCkKGAyQIsM+eiqjrIQxVxbVI+gRgCxGx71sB2gHWI4V++SfD7clHuoMa6eiL25WwCZ0CPq61/6VdblznYL8DtDlb0ejNEkkowDjmUXfWJ56a8MSraz0YKSV3v1o8E8ARtYlpYAtG7EX4jgJG2FJ/ORf8tMXzt/+A4gk44P47GZackiKx7ZF7VYGlWmtgwX4PwKUED3Zrwf0mzL7H8PhUslnyf12hav65S8L25KvD/Q9Y/YlwsV+K2jTyt51xargWXv13FlUnZTKXN2MkThCWozvHs7dReqiJdsZmprVPXWb+UdnLfuu0qK6CvDG5c75SEY7EBcf1QFutevmEKt71S29YSVakkkgAmqTsnDsDPmdvSW2+iLGiZRg5OClQ2zZSEJZF3D+WZtDeBqgpr7Ob1L8HgTMx+gwfI2Nk+TYA1ukKnGpRRavm44dvXp69RzE3f+/zuRym7A3KOgQW9P7UI60TvUJ8SW5RgcsKaYD+2JypIaKZiP58ZPU8I3uPZemXbXNm49CJut9no74WEX5v6fzKaYHblPnas9xPri6Clio7e4PnDrnKIA79pYNnAaWKtprABsqZPe+c7PCOqzgpOfmQtrsNSgGmRDO0X2m5pAv8WCqjbo6GCK4sxFwYXW11+Gt7VGbBCKG8YsTiLwVsgyCAxQQxchz0eOVcivZnF8RjaHbAhNjaSlRYbqdffnmBlLLlF/K83RPdn4A7DzLuYAZ7txgvl+BQOdt+D0jNnVmOYpT2NZvsK4gEXWGCDi+qDVZoft/vgR1EuiCuYtJ2z6Zrg4xSlTc1kkdb4aqndMGoYa70jWQyzeMjiMwH0qOXbiObJSyExbSKW8Rx+jdrDY260ibQ6UxqjuLkNHbMCFcs4PtEELW/XsTlvI/L1yF60/+uVNo+N1yr+A6MqoeSh91u7NTCo0dnav1+qTwVF7LXF7rjW28ttFQ4RuHmsdswRfnrOPkm8+zijSfr0mvjvSfFboVWP1kbS/EVypS/tYHnZQzoZAbt+lM+852U1EU2n/H2i9nYcffB3dt63mLi0th6cPHa3iFpG/CBaGHRGl1ZVXd2AkJ17DExHqPnt6a7hDn0Zya8htb43Tt9N8g7zoUhRO0EaWbwi6kN2K58oQjTlK5v2w5eoAe0RlV83I24JSin9/wI/IY9Lhumhg/fBV55jQCI+Y/41DWBOZkMr6x7C9uoO5uLT9+g3tVU5M3OVxk+83yVOPzJq1NynOkfqc5vQPx4nCfLcwEDofC6xOXK41HCrV9RHz1cdvB7PA9KKnO+O1+m7PM9SOpysenEen0TLOckOuFkU9JTewe9A423uWa/fdhMA1HN/WKV4uYi2q0XJ70ismo/STpj6hc730Mx+GBKAIjjJNCHCX4kCeYqn5BhLfTt2yWewlHwav7UYJG9Dl7bvZ+Z8nybPcAYH4UxGla33xmFwuLnrvLIHMhiCoGW5GJy7vnQor4LAEt9nqkQ8yc/1085bbKObV+BzdMnqeCr2Ub4qbRlUURNb6NWvvUOuRUhJMhYouZM2TFszEP5cQmty0+/gi87pddNuydteQ6FWRyKIm6oWNiZLHQQanV7NR14Y/F6DOXCcDaY9EX0lVnMxL+tpH/Iq8ta+JliPMO04MGMcDqt+tHl9eg5DTM/gfMhFkVx0VC8sTVj6g+apCpRphmjcSggMX3HvDJ6Hjsnfs8Umnhd40BEs9wkdBd0zt4nDj2O+FXEhxraYizQ+AHcArklazpcqOlIEqVRnWfBUXyVHj992ZXaf81igk45xjA0PvOBG8DK7/k4vjjtR1Z1+wVf2x3t+B+/s/yW4Z395y+dHkSLJ4PHiv3tt86Ul5MqveS/itOJPauTKDLC1CEUPW7bbEmJvdqKPNRR1WGPudI8g4XZ9Fv/cD4rbgjVzBSJV6wF3c7ftmxyEDH0UE37/4OsKZXHSRCG7Hy0BFYmOhdroP7APPJgRG9DcnbieLl9V2RTjOO3nP2uuRFemh2+NSm7JLoh42G/215RzeGpSQiEORnPKsWP9p8ZLUsLJVr3mvPUXH6ZnSCc5RWqhjc8nrQn7h1lJbWzxivL1cSN9TX8D5kbSI3rOwP49mq77+VoNvBeJwyFK6bfNcjZI2iCV1Nd/OIze5nv6c6WMQbYS55/xibGreSZJ7RLD9USOcxYq8o6zL6YaRmVPzjRsNKNYNl7dZkz1iU2g8H8lfmAwGocwbqIKBoJZAVqtJ4N8VrdCQV18e8H5xqL7t04LvREG4bobqS+7pWAGsN8f0anyOw1RS8G8ZhntXbUs64WOlmsfeMC7LNJa/OoXcQFybl+BF1nIyE/c0ir81z44K2yNGkfvGiFUOUaWD+pXfDum1K0P3pANweGWNX7tlu5o3VO3CzNwN87p8x9vM+X+Cc/IrdPtzm4qXcPaBidMOad2r7XPig8BAK6HbltuSHLqQl/I3lEDF2F1PiWGpVIYKcqEpEkGe0C3X06M7WDVty7u9nI9Zb2l4dKGwDi58l/Y8feSjQL6ARj4PSVfbF7zJqTU/FruaXDB5T9pB73slJbMpOaJUHayP2BLN9Vs3acJm9IgeYBntVcndt7OIO/nNIsGk+Yn8zAJeS2pDuSi7JJ50l9dhdbEIv+z07iptlewpRFEe63NsiOQnVq4nh2I54HWBxlQ08LOHnICF3Zxrsk4hvardUOK4ukdJsjwLCJYtJ2al1hZzER3LkNc66LIHx765UJSsyqXYrvaSjYNzR1CZwPjl72D/ULzAO+4AVdR7R3YRkxK24+QscveWwyGh+6WFmNBs1UfI67BzklUbEsZdUBV7tSE6YiWCUY+RAOgPdN1WAYd1k08kYXYG1XvhUgpIESYd27Cf62rKXz2oYaQXJ8arOnM4FcILz+cA53f2ICkFfP/XIM979+laT8i4rVmgA82u8hMZQquSzEEqp8Q5VfD3y1lHidsBLzJYjaft6MQ5NaqYkHp0J34fCp/IaFjtXd8eYzyu44AJ9ZuI4lvFkIpzdbV7ZBwue1vmmE0+L242igOi/WRTdbEdsR15p+9/Oln9aOuu6E/rmKkF11m9sU6rowqRM2L4lYu4OsR7m+R2KPbDBER0MZ/KoLG/r4KBQ75wtUruUZ1ofasEtfGZrkvoSIVRW7xOC5//w9SXwUG7//49UKpVKUknjJmTJWIrsui2y70uJIaSyTJGdGSm5ypItZGuxr1F2ZiyRXVmzDtlCjG0aZsb4n2fUvd3v9/v7v17d18tLd57nOed83tvnnGdS3A89czBf1qFXTiWnRwfSKWs6UQmnp5sMAzm9IauwHOMQvSl0DUJjQTpjL21yPRFHSlLMI3i8e41f8uohtXg+yOKc7MdTg63W65LK3qDwFxLwgVJ/LTDwzDX30sj6ISRmk9p5tGdt9ne0Yaq2QvWnuAinGEuRsSyds5e2odjXhfSe0adUos0+JW1Qzg5db3XmqL3uQZy6RmkGaMbTYietvIkMMOzYXIfPezW+sUD6tq9xFSzIJjnPZ7GKnL1GkYS+sNaoGKhqawk3iHKaqw/BHZ7uBTPRi5Dp0MasXMGTc1gp84TC1CHhrQ+uFJMxuSl4iqQbCUZ0/d8zJGXivBGtri9/CoiXhvGBZqUSYeIodyN/7DcnHO7l1+Fc+4z69r1i5+e3+9qTExZY3g259XBfOTCNwq5eUSJ9tlrPR17tcsO0ZjqKTJVk/mGIGY3Q9CG2D3UiFYwWogtYmQEs0h4bYgUT9YFleSY1/Jl5jYx6BgRsnaS+zdC1eFPAfAOdkQDWcQss7LSU18x5Ml2goNLwPZ+UvFAXUBv3NQmkwizK19YTxtItGjcCztLp9eAe1EQ7pcljArAAZ1MA+YEZkztVDQaS0Cv73G1DJtZcgGt9j3dUcV6zKSEy6ONWKPVDAtxrY6frFFFTXy+GnjO4kYKlcn2k9BHO9Rg7RpFssR85fGo7DXOdYl5g7AEtuqcTqaVelPH1Yas25yJq4i9NQ79nZqcxVXXFYlTodHUJAZYj028Nhk2MV8eL7Bva+Cz6J2GeiqtheTeDnuR+y0nlJa5dV4f/QxVc7cBSu5tBEZjqtNleVeAfa9NNxq4gEDMBw8s6ZO3toTLtOzcpBYAkAf+ZTQ1Qur7N1wegAhrtBps1kliNZ4TsiU2HhGnfIUkJAvxCgwCteitWkujrU6H0g87ZT8mjXzXN2pgMwa2pz1LQw6XZdk//MFYMqgsw//aNuN6Bo9ex7OWoGytZzR8ih+153Qboqy4TVFsT+2FIY73s+39g0s34mslXW5aY/LXd0E46P3yzjG++3Ci7+aTdK9JYDApL5kR8I1c6nCf8aLOpHLscKMwjmt2nvsKOkO9SWp1goTSoJ4i33jNaB7bAaD1YSgd4Ju4YATEoRjbP49TG8LJeV+tF7Lp3elPb8/sTmR9YFX0NYvJ+rtYMXBWuTqenPxop0asvAJphK3Tjy9ugNc9QJpE5doUz86zV4scRnq/eYJcSAyhTiFvp3er1Zxjz+JNspCkPdm5AFpkaxXwbw84SCTcvy9obDPU/c5t7PL4cxJTc6O3N23mYpjCpUjCDTpzsorFg0ZOwxalLKs3CU7BDnUTPskz02hKfz1zOky2h+Fe1n9QDwjDf1/esd6JkPqWRvazip2Cb+dcITNM0QA6g5sUM+WeavVaBQaGGF9zDml031cXYqkh91OLlCe5AQAVDbgzuWd77pa+I/0kOQ3IyQrmzzJdIe7R7Vz7irHXxLsUnCqq+y9h/pBTj72VjSa8urA9+1D5z5XvMlIwL/Xjfy/eJx0FBu2sB7VTOPJlPe1i+dHw4zP61yCPsGsXviVd5QcpRJTnlJynSILkTHymdsaom+PefTXKh17/6HELiBa5TZbj3U/2NdKWVH5fWXyGvfUKXGo3fmX475pidtPYlH64W0nKSvEcFp2e8zIOrv6l1sKtFYhVkMVPxhmWJiOep0+WnzEbvyvzuqE4yvDpDY8qIxkHPRmCGTcAb3K9KXTDAVDOh5INWijGWKOws54/Cq2yks8VClCF0xrSdoyEHhVbVXs7JxgvGGEpCY9dNNsgCWl2hAob8DwBr1e+DWQsUDyIG2L/UJruEhvKN+P9yrZDzCQUmHhd66kI1IC4PFvtd2mkKG2wVn77NBgx7vUR4Eh/M8KHws9MvcIuxLzBU80usl5KEp49dyV55BdDjhlD6rI39fgXhkcFrJ6CQ9mWe2vBLUd5wR47Ad14ph724jEzDlYCUpfqyGoFim1pgaWMkp3dAgI1H2fhX48CN1bTTKleV7N9brX+jclE+k6XHvS6jK8EEE7K+uQ1mzyQM2EyYcMccBcD3JNu+oPhrS5He4THZ5R8/R06yM5wd7Xdyi1K9AfJFs5e7tCTnaE1U2ZOBcrUnHBhXX5mzA7/DxfntELng9BP2LLbKL58DgI9E02m4Q09wOM+0bLc5g5UQLr7KuWthxbu0P7MG4+hjttc8YRmaaH+/Ekcu00/UtycrFIuDid5zCACIpegIXY2pKii30XwskcaCVL0XH3h86o4Nh5trij8fnwZkkdvK/xvj3T23KtesK4CZCK4JN2jzohQIqFOacgpwXy9fRVVctW5eiAFpBI8pf0NWIPR4KfV2eCkOdKgHfA7Cef2E0PvqF1T89RdfzzNQWzH5iubVrq4rDYRj+ZWQnGlHVNYB5CoUL7a+OWgLP3ysm4XWLE3zz6zob5yK3UBpM9eaNooK4zsHpNU8qZd1wY270KWXT7knzlfNjLnJUj6xcvss1IUorv5pir+XJjdcTDL31GLwYYGgAvxdWovxwLP7nhEfeg5u3nj/BSB5XRu7C/RCrnCEGBMUoEHk0lxgrLT6JZZJx27CCgvZmY1KGXyIo3cH7EWtEXJFH5WVPu/Vt9umsH7xvLRxwIZPRnyOxdtu9ZXp9UTFe3lZ2oNzM9LEHyuL5WYKbp96eVRNwy8Cv/oQhpcFDC8dYFpjhNhJEwreqsOjPqp9JkzGP1nE+MYWaO8Lb/hL9Xdi0xMeLsbZxH2Zj8usVhh7Vhx6YkjxyQprkvc6IbtnFy4XOXXfSjCNK21jI0Jdxsx0d6HezvspB24lqu1WvLX3/ob1Sy+BMPNbFz3nLVFJSt+ml9mo8I/U1uq4RIG4TOLxAZ/237jU4TJeDxKLUHc6sTGSWxFQnHJS91ANfvCGYd2QWUZBAxEaedu4zff2bvrxZd6rJGlttptAMY4Oqh9fKuGafYN0WfkcLYumtPu03yo8cKvw0LfAO+n+r9P8X+eBP9eqe79OY5ET8hPevISITP/RzJroDWnVO2R2UvsXLS7PyxMVAqpHTxq1Dr+lLapKG8WbkLYbJZz6fE/6M1xySh+HRjfwwNv+0E1mEXgoGXqvp/TEalya3UFgcI+LzNCCMZ/O5FLGGvf51sKsBQzJ9l+sZa+ungWigISFxO+iqjk9/V7w2ODO41Ja2fPHVMqcj03XzshfjrPPnCzVHHILhfPRPnBxhAiQtp8LludygpEBXP8jA1h/cIe/R/pvfw6S5BDU3voQp6kZt4M+eRsuwD+ZwRz3P9hJh/UKLwzSYmzEw6D7JkLobGFvJ1OpFnEm36Aj2vC73qNsKW0oIVnlhakv3je6CX0OJ4Af+gXbbyxaVgnw++khEqoixFEHDxY3vrjgp2aWKblf23LDb/g3yz3TDeWEgAPehWhxJcS6+Y6gcYiDffNeD6T2gwT/M2ej3z8smAGc58mxshfRQMDqPnmnO4XMfm7YPxR16HmkGJOvRrk3dCUBvxMrVk1okVNOUGKZOggKxpHdBXYym8Fauv88Y0SbWFbVRf6G5YoRZpB/tzJcJsgUSA5ui24CrU3QD89aFGj4s3fzAHbcVVIpab4LbL5vYCGnL0vMRcDNoYLCPzY2m0OQuTiF48HfguM70p6/9sGV8G6AgSrYVWeXbjSnCB6PNATqfPbmp2jyCJ+HCjW2tIfjH2MNDY/QoLv2nOpF1Lbx+bgRdHZAfoasNuDEcs2t2FBH9n+6EIa/FMF9//slxPBz8kJRpPWbGTPH/MyO+Vx7m7BmOV/JbRF4GcCOjUPS1QQTtksJSvkzxAMOcFXCD8e6ybF8gGwyzLdpUi/SH8qpqXVrrHxBchj09T1/bmSTscwycqx63HEvkJZ35cRSjBjvqvrQyAGaWaYmmLRoGTC/SexyexxetyGgZP9ptwnuwSiKmWBIAjGP8/f6szhZvYrezbgKGlTrnNhW7Is3ZeY/R/aTemE/yAKfMtEIPrIywa34rP/jbwY3BuhryTOLCukAcOefQ7qQoKQ7BYZ0o5wo35oWuR2bcc7Ynly5cv7dAVpf58bbzt1Vu2NPhslgThFXlaV4sc26JhlZJe+ykk1GiS7QdTXlBenpTR41IU19iQcP0OcA6rk02LKbcGsTDpIlX9uPIRqeCx3I0oZaRjztX6gssSEa+B9qbLW0TEnuGE40MNWrQeEg993VY+uzcFNpSHqU8GXvhQUBP7x6UeAcblkiDWDM+UbaK83pq6ToTFnsPdTkuHLThM1Tw0a2rVDEpIupBAs55TySvTopms1wqC8893qUezWLr3jJOPfAVtHSbEpcbcBM8/vAEaThQ/UEvHph4Aiwi4BaRM8wzMGZThe6ufNLjLY5Pu8kKvyJTeObfQq+i5K6KKCcXQ42b2oTdSfqH9PspFdZD0FWLoHCuwZ8bJ3IQEh6apOFaW/aCG8GNgs2Aa8idSonLWAOx8hPnAoxUVHThdavc8P/vNoUnc62w0JEQ/6ZTH90r2x465XP5V/7nyzJyRWUHmCHqr6Y8cBeT2MeN0VvfcogGXaaWQlY4uUzwM54vfobTFWpaZekAm36P+rlnTbNVLNMLLeHoivGTy6FcC1pHW/iV+Uvok4eyhKam28yOuQBpiLwyB+w0vclSGfR610P+yntp5kVmP0sQrdXcC5er7qas+zWx1zHHBuxncTEdH3mhVW/wBIX2WbMvmKk9veqtqjxyxg2Az54LyIT2Zm6G00uFOQeLI3R/w+YwSSkN0Vc1EHsq9oWgzEerlbIIDTWsypuQU3MzS4lfXlG8uaHfDN2pDoFqC5Ip7F1g+cwLd9BPz4EBpA4xO+Hd+a6uPpLVIEKLEaAKRz5rHGs8Zji4Z615osMH+cnUJws1u6KgvQ5NFb2RszhnCk6Pp9dAd+5MGssuI1KpTCOQm1q4WZhAjCVamPMfKqeHDxUwswi0XYyv2XxQcUY89U+UJr+wKPJwR4NPF3sDn6nzuj6EWI+/Ja5JBGqTrJaBnVpWxz4n4l8wEdl401oZ647j7PTKX+Zvhuau8DjWofdPt6kNBit+VVjK/Z8aXrTfO73r08OGJ1njpkg/TWHkyyj8q9yzVqmLwvM0Mxew9SQthbZMYLkmHpiiI1WPFVNsK8XnWl+elwPsa/hcN5AuEwJco9nX/oyqPa+4fCrlU2silByzSp9JmoErYXIjGobQX+4oDulnU0pv8gQKEVYoDbpHAx8edHrgk/Vn4HlTlW6IOnYDUaU5djf/yKZOfjlGXZuO/pPlmdCodhLAM/HlEyezuGs7NhhXYjQNARORQ7p/GQErSjgerQ/MnEBnQvc26xAEsXX953GgSTcyJs/4sKKzQ7CrDwc1coZCwGhWoJd/eTKK4oEYE/17pE2TTPkP8sLHsoC7pI9LBiSHuplnmHeMv82sGLscUVEQIFqOJjo0rpMtfLygqhLw99ZeQpF3dzqXAkyPumHQBLqEf15HZXiwP8QdCACvSRfim/VsXcSc+xrwdSCRR728zGolqyCct7TOXpTbMozZiIw3uIVDZ7KYq0c2LPobQzxc4R/cvjVVfu8F2S9Yrx4XhfLd7fIg8JdLFsnfaddxs/Oq69rSZkv7Gcw9caHx9lTkkxQi/9n+Cx+aWUgzn3T1/GtlhuU/5w34p+bTgwsAh5c0SFR0zyDLf1li5ncsz/5Q4AT5raxms0Ka+Ka3ZU4GF4jP+DD1BK1DHuPNqLmmWpCTD9QRFcAEPCMPxvIPm93bICYAbdWpSdFFpVlAVtXqxewGlvXHnNbqGrBMmdXjAUshRxvarp5YoewCDLzbbmwabYEHZrUEwuMu+CH9/A89aYNNbM92hDLCaN3CpTLDPFnufTNy+HxSM7PsyCy+YU7GWbmNIAqjNnZKR+JLUHGfYjdQfdz0o0aMuur47jaRGOKmZrtK0HDiodku/kfFLYD8C2jh/AldeXg2xm0n0KRRI5VrKu+qsPVooKqIXkxPvNivs4S5KVK+661Zn9g7RqzzSe2IaD4fUGz9WJmWXRQ80/27qPJSCUBPnSN2/F3zwWeVcazio+dY5YKAwR7m7tRVKT5UPr+HRpPAilLe4nqCTelZL8fMXS0b8C7Xlhi5ocg262hXs7AiXt4ijUvuKLiOqoTngJCJH+TYkSKf6a3mkCj4zRqXiKXF0I0cFd8lC1a/i53O7V7DpfW5sz6vMN2QlUy1TbofTvpk9OvguZwGVzXjdZ/Dh9+4lebDUggcwRC9G13QD82V9unRBHuQbPBMjKR2PfIuJOxJdnjf1P3OyRka3ZHUxIs70R10Mgmn2WAp3MznzxYTfDW+n7mfSAoXhmd+qRrKGPEW73onNNqrx0574ahw24nNaC/N9fr8osKYhTTloZDWpaOutChc8Q/4TN+k9PVQbLA318HOlv4lCGIgL+O/3JaQHipXJLNGfbssREBEgnsff4cfX8GRmyJr10pA5OpWgnX/qgXXPt4XOMTSyhWXA82t9psNvCyjwDer/lvZwEmhkzm09zuExtQnMG2Q97vyEUJFbbxwpCCe6ricE+8OsJUL2ZKYhePvl/soPEBmuZLwIeaQyMFM+BysPeSqYO910HYe6W2Ebw36pMN83iJ9GW1prOAOvKuX/in3L+G65mYG2BsjYUMj2Ch2IMaJJxEcHUSO9tNcMnu/+HD1NozlWZoNqFRgLXjJXJ41wKA+J1jj458ed3Axs3Y9Z5/noKvBmuqK6oxE79z00/ISbtU/l6L8JbCJm4IeHHnyQmKrznVpLGmwD6/RvX8Tfeh5xpjiQdJsBfnzCx4x+dsY9azDLyrBDJm1YevmrC1P3JUFjt1HARkhpQy7Pi/2kWtU6H2Ul/OARHwuoa4e0mqxVlvRISdFIBc/fa+4LNlu76NnT69ftNX3xWK+VLJuOqlBHzXHmD0/YGnltZ2fjKH4zzKIDd7fc9dJqRozcqQCioSCLUWiB3Oq8rm78Jim1XvjWU6FSdu8vjCtvoN4xOgdHX+f7wWHeb1fG3pMcW3+1KjzqndywpZrY2vaG98+k42XlyNNs3MWm0xtclyoc9vhdrEhuGdOfZb+o+Lqf2Re+evtwj+w+SMmdSRhAWLcc3LPsolVbNngEWOCH4DDMkbE53pWNsUYWObnfNMI597W/qGjx2gtVYwd60534UD2ffNNFQD935f3oSNCBqDRbXdiSZi/ljv7WapWEq21xkJZMqw9RyyTMCbC3AhV3dsiUos48NaPc2hQmKvP7LCfdNPojO0FEffnXTRQSA0Hi9gV7c5dRogMmGttC485tFZz9HOWOub4ijsdyTwkWWXiIp51q94y0vUGnwNJBaVJ++izGdPcbG6BhsM94fjndV3LduTt/mylnhDt9J+IGW82BXe/S9aO0vGlp6pA8rYu+Z1CK/3ucY0yej+J53lZeSpeZW24VOmqqkeJ/N8XieXZScXXfRRTrZ24l8KYRvnVooslGI/b0IPNORI9DQqMrChMY0cED0OFcygt4C4AbO9LMz2WbA5SDmzql5XCpx7CpvaAjzZ+vWnrpt3fP362tONmEX6ql4QWL7/keaB2Dc+23Iu1D01tlY/m3hCTDLV5eTGAs7+mO2JVVY7w6jhpWx7H8PnNG5I1GEF7h9uAfhH/9KVaoJ8q0AR1fzWZlvMhS5xn7B0uZ5sUPLjkZPw0xl5rGkCC4sW4dzA+ZPEaoeMu+nJOH6uSY8XVV2/QCO5n7a2ppOSNnziHT05e0qcCRoRT0BAqeKrzl/5XwC23eSyf2eGrjWu5gcSYmkV3ucnKh04eoy7ad9Zn1w7XUx8We6w5qaYlVxx7noUmDuNZ0AlQo5fmRuzX+k9HIUeinTzMWaoRJCqWGzcBaN1UFyAyOWSht+b/a/oVY6+PH9V1NEEsZAR1MVyBvCHB/cM8w0JjQPNxxSf9dpbT9pw1gVn7UIr8E6oa0DQ4XdwHPvVrABGhA9g85f0/NPd31ySjytqPlVlYD10EftKPnD2xB9rUuqP1gzXeIQtTSl70l5hWHTNdpXJ4k+/xUGAg5TXzNkUZ3stkO++SwE1H6wHevszjANp/eTTvHqYEN/Dcl2PXBfdhdv4NB03YzzLLBXZlfRSkUe07hfQYMea/7JDsl3NOLepwO8QxO/V6lPBdYHRrtyKDWkFljVhSNRv81iC7T8kWuoRvLQkE+VaFIkqfz05Za7Tdb9S0WKqm+ILyifD8vF+EAfgcDVrfWJ12U85Jc2xkfDl9WN+SEO1KhOv+r+z2tazILbP4Y6U2sYeh9Hw7kgW2xdFIz1T8CdVkWc4MpBFQoW69CKgoKnqGJATO3V622nBFtvUoj+g5Go+ulr4CHqS+2Vb0kOYAIGBl8WG2utc02Yb8NGXhytmWUVqj3OTIp2pwAjx6VrsG5Zd11S6WD5waoRcHIbTQUBBz80TtOa8nMyFFUlvNsjisug+6KbIarlOOXAmZUz8q+V3/7Mj5KCmzZRF1/uUuohdbSYxLRs/7/IYLeonI8751K7f8am6wEcCynUzHvgVpQok18dYEyZOI2EhhWWjPkqmCKslk8XNy3B3+r+Mzz+NvU2KXNE0iWjOeO98Ya0wChSgvT5CrLbCUT31HuqJJ7BpNO/0Dn102FWsHkNwxKyqWxxpO+j1njH350KAUMNtKK/7cf/RNpfFgtlW3XiUosjT/Pr6ze0+HgFsyT/uSVHsgtSk3SYIXyJoz3ZCkOB+jfXUULjl8qotyYTkFgjIt7UT7m75M3befrIv/3DuEdcXFF/52HP1JwNbFi94fGQpOOIxdAkITY1p+5U1EIMhPf6Yfk0EcPf9IAQCbTngoEZwNPp7I+8JvJGnP9VeTThMFvXtYklWfMn8RggEro1bKClVif3rE89nhBSXs+1dAkdZfCN3pTqNfczE53M/HtHeio2253TZXB638eqm8V056sc3C+reqIrLt0IS0wD5hZOb/oLgDLNsNQDB2fnmvRTY4944n2KbGJV7PcpGWA5Kpr7QXIj226sz1Z7/m10s0JgN+9VbQvKSRXJp6bgwVEY6rlQ4rySVhUhN3z6U+E56Mq+HRV5Xz/S14sgx8fXcinqFjN7Giwu28qioNHTTwGAYHIqhlgeNtO4T/5/OU0ob6vG8aerKqOvzqaZT+PyMLDvjbsqK7f2Fz4S7FYoWEtlsX+SP9bCIIBe6wuEjN8fmmu2ONwkxW+aENZmaLrk5qloq8kbtYaraM8YG7dyodz3MmO5w2LVVwFK8Fv/l9i19zxoA59bO+AJnqXZCw6NaQ5UULi5Z+rePLit9Uwk43eJF5eFaOb3lK40HSEydZ88xstsYy+9IqXi7HZrsWoWDEWMdnA16n/4eoH/W2iayOwLS3G+HGovcXmzGX5yIk7tTsVE78x1R4vNx+I2ixYuYnjBarU+f+7NAjruWha87JNFROXlNBbzc0GTPGEFhHy2YJGZP5gB88RmUT1unN2DSnzVYMOTGqEFRcg2+dxcnZyFFDn+tMtpxtpqqlHk+bfa7phyJybZ9tsjmKBk+dzDS3h4gpEA6FEsSsFEIBVXuPL/ENDJIuKgPNxZawEoUB/70zcjNYBMzAsoy5gh2VT71aL0+xuqCcW8PvCZdq18EIj/kv5MmghRpzy1kXnLCNFf1xI74bwe5fvbq+r7liQsNDUZhrbSXLoD1P/fVCXbp/2ezBrB4g0JzpOLggwmN2Cy2c+dy2Nw7dApWHtnnVkW0lkwZhDccU4p08+aJC+s1OyidK1RBCopEAs2sEueEfQ184U0381/rwMB8bAfTsZYzEiBSEKKwZOculmPLbo1nQscRis80C4B7LTYwXoy1tclS360EnbvzXm4rWNvjj2WxAPJ8/aBKPV7A7YdPm50bOL8Smz8MRA0ZYkOX+im+bIQN3UuAWXdUaOkDGfjO03RxgfMgK2C97PsTmSLO26FB3GS5D7smsK1Da/9nhERug3vnvbd9qkgCiTqz+kmAptoShWBQ+WT0tn0w/uBee3p5eDKEkc15mLe4oV/3AfMqh2WEHmAU4Maa3JKFjZN/Dx9bkyvqI8bqJm306i46znenn/EMc6L39zFZmsblGWYptqguYxvnS4mebS+4gKW7BSzdFSn2xiSDsnsXqtv09USTJpq3QNZaI8Oa94GjBQFIvP/iv7MkvEEEMtAxio9qI5N7U/SZbLaSBRvU6w5zcIMfsG0UMM0UzECFTQTn5q1p/dbPw51YKwReDnO5yMCKxsTzcIubIzySsnLM/w6YzgvSN+sRWgvkVPMMNvep3OM4Yu2TftFelsguxeeE24lA+sODokc/F/9sjtyDOxlGQkIKVIbsyNUw8bzbMkMLLgYJiaOawAe3Nz1iQbUsy+R3fuIHfzOhDKyLQ4S+ZeBiJN7TcJZQ8iKH4tsK/GFfNts3F1OJAKoePg4Gkb+QwjoDRJUiATgIut1VDKX94H8BwmfZpaQ4sdh/99KAYVt/CYqdQIjZvR0rWn8JVPfhJECZt09dvdYMjJrkt2Y5b57CUMlFX9sg3enJXNqsl15VERqq0vHcogyebNriP3r+ze+Pe/x77rN5UQlHGq/7VGF61yi+/KrWIYgmOcVnrQ32oublmQsZtsnegQJmUNVsiyKU3Mbou4CF/N9uanOq21wJ+Z4OPlUP2bB6utL3ivJ+srxruuLLqNvHG5UAEq3BpfTMYCHJEV18xAq567/bA4GkmCrFyCvw5V33bx7ClIljcK/Ruu4UzDDVqBng1io8rVTm2ivTA4gbMWMkphxJElOlo/rkCO7MN5s3baj89CXJ9itZxjZ1XIoQZBunCefxVDgGDYn+3m+jWOyn/wQlWuNoMRWk7OCdfxom+VyemOOSpYyodK22tssMETxy2W69xsH6NNBUP7jibZiIE0Q7q/QsrxVsgdrODkHPZLFWdzjBFP9s187QFArO31ZQ+LkNG9eO6DvTIgjUgz3PAJQpKqOps3hlQYGoTx1mLpaTVyExaf7dC6+xltKbrt+zTU5btVSegIKqGlI5oVQ08gCIKGuNviNEv//cW/hlrGCaf3f3tqq291hvJvWrej+2nXrwrFzbDxJwm5p8rOpqmYJZbLfYPT7u8fjIZuMQHlgajzI1HJ22BTkGFwT5ssYxtmPFgdWE1/dXdPx1bGgFdhv5MK2fq0ZRDmv7t2o6ZCu9mhRQjH1A8Q1sGWXeJoDsZbkes8bZ/V57XHq+uf6IR7VKyuuOdwxt0ptkg+6qPjj7ogUVC3yHBovV/2229q7jkseh24Pzs/Os95DfwQBMZWlVKvdXG9tlhwiAj6RCI0Vymh77Tyct/9ZPd3qlpo2/dHNd9Wr7mDoL5C7yIPt2MGlvxAhaY+7njX7Fyr/39Rg9SCQ7OvpCNaEZYcG7+Ppz77Ia32mfbjkDn2ZNBW8itQs36+5TZW5KT2gXzhBpEM3Vmth2kD/Eei9i9yzNxkLryBEOchGH/VC43zPkEchCZEujVBrWTRVwtgLffpizpwdam1wJfx9ZDna1mKHJrHJJjrFpj7kSkKvRwdz7oMQ/rl/rYMdT3yuOeBHyviXP2aNyTnbKh/fKHnFkze0SkEBq/NIy4bjAhby7c3BTImwXH84A8s3fdTJBg9wWDsjE888TcEsifXmzv8HLZsRvfMtsCXCJy3cYoYos1YSsDapv+ZSKh6ZP1Q8BpZx1FDU9/MuQ802HE3n3tO9wC2bkNU2qW8VVgli9cRclFfgOwC8jl2EyetaOM0H8J8Q6GlOwBjBoH/6sFIUywJE+1g9FOj3Hq0GNwpuCzt/IfHwsV5ZdCdKW9knlU/tjeAzWTmtnuY+VhSiu7j+L6Zyj+M4A/+xlXmSgr4c/MYvCDGT2OjQeG4zeDnc/hQ8ZeE5eje3OKhDJ2wZp6FjYaItW3FQKrib8FfD6Xxa7nPi3xf5lPnIoXkNJlttGLrmnhM8QPQOEtMtRiE9qelQTTFpGclFycpFI7OckcY0uRC7/9yIJcemgqaylFU2PODn9jDc7IGWLiSFx9vJ823J0ZuIzILndMMSaGYgOTHgslSIA73jJt2YEbcOmBc3dJXvvHO0I78GQezPIX5/C8OM4yw24g30zQKnNaJ8SfI5QSAtfXdmG2NNnXzF6IYVL+uB3eb6JpViTiR3QlYCqU2utYUbQAVpwhibsSJ7+X5oAQBno4yt97rnToDLqsfgkicREIOvyMQfMMu89EbvOOc7ZDO7XgKkesNfE83bKR/bKPi8EcPzYn7mkrSRsmrnkD0EaZhbZmM4X94YO3yxpI5SyWP8bkIwzu4yFtCnPu4BHCspUxXeveR1kR9it7pW53jM7w4z5xnvHu2aR4pvwnNZmG9X13LqZVSKBPbYn7CBJ30vwSPFbPd3pvuKmHmMbwWUWKCaMJ3wj7kH4xwqZ5DbUTGI4wOMoY/3iGev3ZPNw4iY0kpbncOj6p6F8p++xKGw3z0imyBFeNelfTWe7ZQNk6phSS9dhaimIzEk/w9wK5Ns37PUeR44tD99LuOscU7SAfiR1tXXkamNq5iVJmfGJ/ki/x6me5Xmaa6utJeKCtztnX4Q9keqTqTyePFIl5Z9WlXpXR0I6TXRtlP1Op5XP98P91uG5H0x9P85PUHyN8fNZHEZq8ftYDh+JKsrLWolC8ZldZUeSt0HJ58VoYR1ok+kEsELGcSaLbq7lDKoBPzk+NFkEUpM/8yv9WXWUDPWGyWJtxR9emI8XOGlHYjIzMkHpO9pqS6HOrdP5CtZDxrdJnJ//E315O2QR79dJSNngeeOWOiPoC5hRMSb/K5EhkqAo6JsHyrgZbWqqxKIr+LWI+f1ouamdzdd9lAMekbZxoIfCT/cO07Kid1tT8zX2qWEadjJDGglulA067ZZb2PQ1UjRuDifpDsFL0B/5Qv+H2gW9kiFph4jAOdwbn8/AGPZfTHSKm8SU5xWcSesoHpJWmLq9+sD8foDc1O2hl8CTDNLWCS87KBxaV56s1VUIobFxu1C0lIKJ/lICn9y35h8DegeclyBIn+OKXmmXl1tWFFG1qX1F0Bc89brO8/rHIJFoTTHa7iJGtGCMRRFV9gdcAm4L2xChFB0rliUK28nQuaedB0VP357jwhlVcqK66F7Deel9k8nJjxblo9CO8EFZEo0Vk5Nt3xUlv3HfVAy5gwnSSBRQLcZPqQ9IUKKk8dNxNRFVfwU00lgVJyerRfiQq1dImfiDwWb9RutXm5/gdRl7tUxqY5n4jMJATm8N65r+g67dWkWX+MsEBEfbPEAZsq2yYEN7hhcvLfn5RkhYpbTaZXp3l1vnDpW4r5KvqYoMEJv2upfuhSyWzEsfvu2hEy5PFmut73Schz0M8bPD5vGALGLpHhha/9YgEMpFKQ8wSRTsux9lFF/EustZzLp+fKSgcHbuqeJyAVORULIcp0rBokXJ0U8CI4AQ6+164liUJLpTpHlphtIu9IsJePX3goZpQbLYN3uOucAvDgAnKBWWAW+qBq/VShpMEbOxk6TEsVyZ09JEwIuoRZsulvjXb68bzanjTUbfoRHOq2QKMZZ75TF6d1F2EbjJyPGvExtOtEr0WqQ15vQe6R/Tu+k330Y+msNxOupn+inF1YwgXQZ8wFCaLFpbSTzb2GVysuigbsakUpCr7zJktUPpysgyJLt0qZ1WbPQsszmVkmdkInjvT/4qtguGiT5Pd6HoHAWs6h1n1Cz6LxYRwoI908jhEBT0cbYnxtQK+8XEZ00EcbCzUG6zX8XpLV+mmb3q9VNsGF6/YqT2FSE68hhP7YAP/hlhbbdbi6BNkC7GSp8Lu7CzUGnt9hx+g1ftxLAo9cuU4eW6OYEJtKPqu8zSmL9x8RKCjg/MYj+f2EgS/AuP0nPsJ0d3rbEzMjQjJHatlX/6t363f4A3u5WtrNYqp0qttGRmmEO0LX00SxMU+rz/4OBUlfumfu8k+3jKR4/RHRDPsjm5bW1sgxTLrKqk0ENVh+ODfMobzemM5ehM2773PWvvBO12gyuWT+pM/Wa43IHwmNOYK4eXwyf2pDg7W204+VQpKftUPd01y5pZOdbMgZvIEdy5YU7tLizQNZaa0UPsg+6uUR9J03CHqdKp97CqjDMu4Q5qrbeBZt36J4ZBrSN8iOm1eTAqn5pU8dW4BjeiE+JbMfZh+YTMwZ4AElMvdspY6NS4zB+hL8bq/DL/Bve1Mq64DwXr83cNeSCIc+UxtLCKpj0nq1H8VYfnUtHlxCCj9ZTF80oOlz53rLoSjI/+uUBu2H612ZWgu9kdOhOMJifciZs8txq36kYUB//3XFaEnyE2b/DkD1S4tHvD0FK8RH26u5V6HPZbnAH2Zij7kv/UR7KBxx3tCTfvlPcVmdMVo1YahOlz4XPFKY88QyHfz9tsabm0s0fWf9wjXEwTXo3TPaCcgGeFW5wg46Yvu716cKMOPhMqqLCtYpx3GwzHk0pit3wi5WxYYrzNSXmrEoZJZSlv2DAmKkk+fyxPJb/30KT3FB2cPFtM7FMYOiQy1vjIo9FdwxWqekPc2UZheUpYC3MzfeMWMkYP3+ytGVNmaDYTryjhwX+sbp5/VXqrOSrIs6p+HphP/vUH5hu5TgEb88HSIYl5L+kfutL0dVDG94jqqZjreQYR0chS5yl0Cp3uo0CLIme9IzQMPtS2dLlUOqTQd6Ovsm3tVRBCrX4H5Cs92LnKL7Nc+SOwG3X2stJyCTl62vPICfSv1Behufgl5eXPV/zAoFtXBnx20usxUFxHbqo4TW79r5cky/lIM+vkwZnMHvy0WwaVtly2MU+2+zQnQ5h7e91gcTrNxk69IHfS6t5JLjZrP52lC5Oy0MietuvCGNo6mnpVeH08bvhwSMkMUmGUANxwa+uAT+fn1PtwJR8vP3iG8bYJmGO4T8fYO6aVqyTgAzEjdoo1RIyW+f3QcuvoI9r+s9Lv1wI2ENfWvtraHBtSnGF5IOTVG+V1RyUfnXzSydsi5/tL5ABRB5T1wvZqXuwZhY2NqJOLvVeEQj3ZW11RwIL+Z3uUA+5DAb2k17es1vbNe5WGvg3z66GWXmjbEdGc8eNHcUaFzwUWPIUpQR47EIxRFZIv5Sc2cfRF17ae0+uwb3jkEXuje+6Fh9SRHpYV71geFR9lyPdkI7ZL6TuOSjzOMUwS4LPD8bu084Kp/sz/74McKYWZ5wZ8gDuWXg4cQX9FUPgR+98r8iiVOU/ibwQJ5JnEUgyWnxj6NxunYa6zTwaYCnFPTSwLoVHGtx0uDXmRo1am3FKuW+bk1rQ6xN6Za50d5Vu86x8/jmmVt0s599zaRj5JAAU1iI0d8ZpHsXBHPSRGrAR2yUfElzfbPB7w0d+weO6nYJVBmI97na8+kKlkpx/BPWCQkCZZRE1d9KxyJRx0IFdWPZAo9ZEH62YCfjs3nrS4/+YnnU/rHzyKQyXL7Cbqtuufa2xCVWYGKy1oXlt/ggzn3OrcTbn7KntpwLGRMBhJar9dXlgw9Dzc6ILrJzfv63NvFS3wrUUWUEPJcu9DbLukj12lkmiG0rLtAZCIL8ft+HmuxGFf1k9dgs8yaY6HCvm3JvU/Svi0Wnp9ish6hEvYbWl+FPVDvinb71yRmBbRAFRDu3yOwMaC9G1LtDBpjsSMNZlCu5k2TSB/ID8y9/W8ss8axZy7mWPfxZ2Leb+TnRuSuJVcOFJJpg0N1LnRG1OtcZb87bwgnwRJ9Rn83BoDCennsUOCyd4ProTYosY1WSz6hP36kwq6+hRdBrljYkK9E2+ZIyKUnqe5XnK1bwtt0ofNsAyX0VTPPqMk/+llp6Yx1ftNR7DdrmKplD8XF2umx9/fTCycR7M+j/pavXDsaGh3IfQsiuDS/iXs6fn7G2MEalSNHBHfqqadNmX5EARtV0Y35deJ1e1PgXAjQAJepsJpsdZVU4C27JVk/Ikycks6lJ69parMr657miBiew7ynhiMbs4cHtTFvJLIZjsXM6cmM3YkSqo3ioATjWoe2/P26xWpGdVEgTEWR7ZszWR3Hqug8fyaQ9B1W3kr5ELzzewj3gv49w82XFUjCGwWyHU2bq903K04xrGzuK/56ud/i3Kt9xfcHjy0cVJMyWpDlbVFJfSruC8G1kSQr4/P37ssnVNRZZEqr52S4ODgaN65qIIxY0GsfehCmmLa9Ef7y1r0zHrcI+QwB5qLQm3W2xb8pXHNTG+juFeSzx3FnY4hHoHOzdVgbYpWuRGU1x+WMef1HKTambMpcuWa033z6v/eqddYmBpBtwQpxc/hxjb+Ss6jfcZHHTkWQstz9y+gLX3tSrN29NFeazXVV8o1zmy1rrPq37OXy3N1mJzlQqV/COXoyWpSyheKUi+QdN8Z3MhhvSvKvuvVip/lvgZQuneJB4hx43rG5Doi7Rta2xprpGfpSa5gdIdl4UC2+R5Ha98HrQtxHe9mQmU327H8lAectB1vTEZH2xufih4aWU15UXHDZUZfEr92aKKnOA37TgNy/xH5btO5Yr2TXhvZZiclZEVFlRecPG1gU3nQvu5sosark+yHJPeFxI4WuSlZhzP7XhDlhtT0SHJKS9SgFfaji5dOROMt+Vblyv+18/rzlR3GcZqYM45kQLVblWqE5OmXgCsR9U5/WSYSIazh8+RQ0XDuQlP9Cvr5Tqg9SVM3eVJAMYOFuJFu71Ra3OyJS6Mt+fnVvbAvFZmlhusdfr/2QOOVxHW+KVkraz/5AT+mqv2hHJBaR40bZnwgZ4U5otQy5f888WklY8KPOgq/cYh5WTmIP5hYoYIhd0bLWr8tkSJF8x5W0qFTTDlyr8fRWyWYRhq+Tgbuxcwxy64NviHwz3lcPp/x8q1RhLHglbrX4XdxW86yT1rv6rZ/ZJWILTsdw+kPVXmj2hCSUGRyP3gYfMRK8clgelZVJv7jLfbq/z5++1uLTGuFeW5io25h3HjcTcmjEUs4dd28973xTY/ScCeu4h3Q1MX3+Lx6qmLyuflmsrPEWryG4rOdrAWvkLNeauPKMdZBGriTEcI2b24mIppW/yAxMVloBfOB55hxw6ywHe7Dpi7f2XIAZrv/uT859QWuXHnwjDGKKwUISyt/Abx3hgMeKYl5aXHPgVJ64fb5UfaBrb7OH65lFG4o53iRH28EDGgbpJ23EGfmtXucxbTuq7oXciY724Tn00gDjeRKEsojkRwcHtJecVXBrRw5SogrbhTiyKLb37m2vG2Pah+m570/9lfWrVTlhd/KfykYmqTZ7UbcwlIgGK/PjtYvAxKA7k5KGFL5gnNS2aDn1yipStDti26/EGMm9RyzCjK4avZ5qVVhgvPQ4Lz9gWZXrcj3R/WOySgWGLl+iphzSz558zVzVfyRAQq1Fr/4vZ0ri3A7hVMFH5houSDNCb9BYVsseOlhTP1IaLR3kKJJ7O47ovc+HdmKlTKcuh3yEB+IJYv2Te+Mz8oHv7JBTX6k7Yg4E4WmmXp8rvw435rtV2Kfne2k/6z99iIldWbAdNeubcVycn9FnuEqmONt5Hckd/MzjG8pvoYdOibRs+WYCmGjiNz8A3+loz2oaAbJytYdfbsziOtF/QgxSjCi4LyG3cLHTPwyC9wzCoyvH0FnEipZcyn6zycNPP3wHxXX927Hho+TUQb0kTTrr7X5K02P1jK0LccC9LHTO+qRxoJ2t9Eq3XazEiH4c7WXFfgEWAoqi6ijJhLP5tysWXz4ZaCWBzsN7xWm/lDyHtdWn/Ti85fE/gm0JgU+hATCRPYql8dbiTX+HvXjZzrRMGi/KMXLYjupO+w4ipRO4ddnrWaTF723kQRSFaPW9TQxDpfMbz846htyZTvzWeKw8dTLsK+IiXuaI8qpOkd6Wp3pGR0NW9fsK44cgSY/fbkD4RqRvgp0OmGpOHtqfa9qkhfJ8fkCsZWB1M0t/2eF06aL0U8s497IYu3Jmp9dUbAcq0TJYvWpO5CKuvPfbCeKlaR6tNpukJI+/EAJIJT9lAuDs671DxiZOHl7jz2wn9Up8vkGuxLt4m1uQ4Qte6BlCpd8I5vS2rAtwSf+TFJYPlZVr31989z5Zlt5MCKyxxBe5TNF1BA4mkqn9T68/R6IMvt6lbj3o/x8vx8BHFIYPfMVi+9Tg4/epRNujk8cy+OKtrTMT09J4O6Wkh7f5oheLtJFqS4rFw20VBWNrHY7VHexbPU1EO+U1QFJj2S29nBD04gghmdTHrP/+8xuU2rmz4PFiXM4KZepJyPo74hEcGups1ZTJOIp+/XMlpFbEtJP67kcN87ezNQfaI7m6Op9vJFwukpL/avJHJV6R+ncMxcfUsxU87j6katDdx4PJGWM7YQEV9fEA2N/nOfEjfFiPxz1CbUmfK2/QLo0AFb7tzc4GO/wANvTSkQDYtg9EBWy0L776K5+RDjBy7JAOmitgNYENMz9bQl/ns7xogeQGPtXc+2PxcRMrNNXjO1DHfNXL4LvtrjX8jyj+EJikpI7IW2ipyYsEZr1M+V8Pmveigao95u7Pqb/3vWR5KaZjVjE7o7oNJxCmk0Jnq4mPPD7oTJBTkxqOrnnjrB+HtMtedToTISnx7tdTBZFKyHa952oRV8x494ozZhoQSO+sVKlt+Ziu7cEW4YzV71HVr9jhVClrFKFxNVvRKnEdVE7kqnL59ON9uTK/zr/sZN+jBYcuxjwbshNDWE5QSIKfaOVVdDnMjRLr+LXyVFxRluqvqtmX2NDZLoQcfZfV4ssxhoPqkmUirSc5WV/FI6Q+Mhk8YJ85h0bhCpc4UYMBSlQW3v6N9Q6ErnYbBhe4bcvSmHsDMfVzlaf6QeGfJHNOyhUfDGMNjw14aYkzK6NNU1GZTcKG6ZhBu+u9c8acR+AbhofuHRnuDKtbdTS09gmdI6Vs+GgUK2hU67kZf6Gd6cPQ6ku2hGp0MJZt8ZUCjeCqvZmVSlKHCU8nWGgFFl5+/84jLziKRYs1dcFF3eeh2hI6DiZ2DCLMRoeqW5JTQo7kktfTi0/+7k5evjtzDNo3/pNdYFi4q1Pc7IE498V74sVmO6LyOKM3RAqb8UMUXL0QzVRzAjf2USXUpWbxogxtlIAt/z+xuWAzxR8d+Av0a8Rt5A/AipLBNmHwjiHInrxwhH39cS3rd8wNM+QIo09Vje2cfLvJbw/AH1doXbcPpbhQQ0JP+danlUfjztdEhn8wgNzaiwAhpfqUGfLBWjVvwe3XDthfgPN3zMY/vn0EQWb7NxrGSdu6+p1X+EQ5kijDjIOaP/72wB+HrH0g4/tvkasbkNYflfu2Wttf9KKt/GyXsdzTkTz7pDxuo963iJWLNPNx60PdvWm4rY0NnNwiOTgF7EC0Ae7k4tAEwEE5Z9lj1H9FDbO7BC5aWHdevesxaHhoN2Q/oZMbC20T7koeyNUiZLnhdhIIXyMhXwFh08eElpqZtVXcix5T089z8LEM6zRNZ0JxknJeb7sc/b8ucFD8f7/4ArndZRw8qAp/I/RZrUP10egsjU26s9ERxlqHY5+a6LjY6v+VDq3mW0Ik5XNfVHtBUtBglWjLN3IOq7hsllf+hR9lzYUM1l5KA1cAMobPPb85uISEy++qKXxY8q4neFpQr++h0P32lGnIoKhkxPPALpc6W2jchEh7OtfQN3HSj6OHQQfVA4PQjQJR4KIiC84xf5oNySq5KagHVVomDPYr4+xrJ5r679Y1GnQYW/Nc+xdwUO62ILGDX5Z6DrdSQ3aAUG+ryyH8NO5LyUwPPiKhsaP7pN3RdPqZuOuDQ7rPWsvH+pj5NwitiG2j9kKQ4cGXbCsZyCNHUw84NbjE80SoyvM7HhXvroBKQ/UcEWTcdO1stKsmUKXIx9R/JZv6CDt5U1gWitOPmcI3gzzlqpLRNK5beDTfTcrlDGloLIoE5c81lZwq7WHt1SVJvbWp7+vyI4y9RISPd04rdx7rc9RXTVLHDjMsnOyOWznLICF+GsHxARBEi0NDXmiqjfLiv35RRryevQxTjugBPeRnczdUrl3bqNNLUvHXW2B/lBNiroblFvlheW+7XmoXLSNuWoNHxC/BQx+N2H3c85U+pa9VvLbnhpH0jmubvUV3fn00mkHdFZR6R/IHfHzWdwXax2qh9jJteJxu4u3qSjAn+fdyvi4/ZJTSl8FyW30SZASC3qdBG5vlXzDR9ff/8U1KlsXbkO5p9u35VqfuUoRIUIw0topJA+jsb1g3X2V86gimoPFV3qw5+4uMBcFH7fKrEXVZSB680TbT96v6JJxok3sj03cSExr6s98jp4/hcoqG7oa1+D6Qu3FHsGQY4irwoye+ZEvQE05L8Ar+Uy8no2j63ma+VgbEtmERLY0qkro5z39a3p52eP0cEluHVfvxJSTo5tUyKYhAgOys3kzv+B/CmAWUrVn2g5BDQfH1pbsmvXZiiv+tFktCJOR1W4I8c7JvF6Y3Xb+Qms52drK7QIvFwksZSxtusgiGuUa8aE2+tHqK41nVq+ZG87Qr7FDEA9v0OJ4r1HqcUePtY5pdaXJadFYSOwpIbRjqcDIcT7DBHWfyi3W0+RqqnYteFRIprcuzD7vdB0zv6xvywloK3gMaGwtDUmImd++L09HVwfVWZEi+Dh6hzWZSXC34cCgjo+d+vn8kf9aW+OtBacPKx/CEhj15SiJORex0I48fcrkere8aIoEsOE9E0I2p4lz6fDa3vW6lL4JyyH2xmvFLD38Besh9l3O+Dxo4WgX/Bh3Y3Y67cpsDpcewpNJwi5rURRaonTSgPWVcN18XDqYlp5KmGXuSp8pMCrqDQs2z2Uzue91K+KBvdLxx+vZq9ueMWUzrkO6jETp6ZjG3lm1DUoDFj63VslD8Sy0uE2/xpg0U/bc1S1SOHrop2U+w/XLMkfPFUu+3XZUeRLbvDkicYml5qe1+xyfoFfPnNeqXjL08F/be8Xd9FTbgUOsmUT724v1LmuvxrLqv15RfffHgKIT/mZiYYGu2+qfBwHy7h704oL/gdUbNGWMy+0ZZP7Ck+7ROxckN/K0SDXy7DtDI/MMo7K+MyIFlarVG/5OV9t1YaloJJydsCjJl2+PF15jwu6HqmS2+oLraIkt7bJZS+m/b7zu8YDWvzSYR/EyS/rzOE28aZBscNXU8F5Gbs+Q18yZvUNz2XALyL4rojHaJn5vY85BeHfi8BY9toO+vCUvAJRbZMYCloSf6qPyv3LY7bqjHn4vLTNop5MWiSViKuDVnTguIZHTM+N1ckdXPOddpY7vLt7K8kojf9I9RwOsu+q9M7vlS0WhGGfGczk3HdY2z/Asozg+yaLXVPj1P4nI8tXIrfpQkzLexHF6aNBwakQZlLKNlRtKyJIlzH5Zmd/4WaPx4PAhe/Y+jMqSVvG28kFjSIsXXrsYyXp3ME4P/6b7hAWu8XHjGS0H8rofu3AotC/0rH+QWnOzkIhIpssGrp9t70mZa4hPMNylPEsVLT7PVWsCsJvw7+BTsi5gjpHbfDy/EfTSunUcor6a1dswLzfrbUl6xIDbwcIBMLJAGzmBgvXciht1i3dbmvZSOppJTAnDW/ZUnWV8VtCWpmOOO5mn8+KG8lnvjL+Ms5uaOSXvJVZ6xzY+zt+lfun0nH2Ws3v65FC52usH5QnBvHytjzVgUza0t9PhBJcLX/sUci/UsmeLMmCvgxL1EY0cExPq+j7COTudlp5wrNXdSTUqPqw0MoeP+TQe/oR0iePQnTtzSjpeWJRUfptr72WFvvMrMwD3dpOb9VDdharZCnFeYhDQ8/gqNpuaigoxZESznRDyh1hixfXR7rfiDTcdhCOQ4kzio3kvYD578pRVttTZuHKM3U3Ojr3PUV9qpumgUEiAldET3j5rHvbxvkO7eQoZHH9z//bD6JI742dfEcZnKbGjasUjKzGlX1f86g3YHgsgja31bgjRvM2Bzma5eb+G55FMhSukoWhvipiA/l1vw/xCQN/1XLg/EhyqIb3HQPeb8vRKP5BeL0OD1kFKg5SbLQsPPi2fbOfajsGce/W2fffDS+1eY+IPF+67JFnexfkanyqv1NyfwQDH826ZW+ke5ET7+HMDxlwkGxYWiVI/DdzXH+RWmD1WlgoT7Vh938tfc94FJVNOFN4v5PruLS6wBRI7kogMBbO630o+6nm0YXp3V4WXdkLthcbuJd+eph+yBbob3RRf0ae8fe5itKecjHpZP83GsAaxlUdEDUxePexrrxUzcHC+0Cw3sEsthKVDVWRARrfjzpXFqsWwQqDsdy9ZHJD8zNTyo/ixPviYr4gE5hTSeOQiz1k/PdXmctNMB8cG1mPY2A88eh3yzxwQqlL3yvOkwoLLao8+6JEAH5yU/vnBJTVDo40//INAAUzYGRbODxlPjT7Irn0VFuxZ8PBKqk54o40FyQov6c0U2Ym+vP1ZE/W4FlgsSMKNPR65CIXcb9clMIgNPS9knFOyKVy1HA8egthjF0BiojoAEY2ZJ+5ijO/2zQrxvI5lb4+6XQKHnKvbpwwJZa8YagUe9iJ4Uu6mTf/B7cg67zYI8iMPB6M4njnerCj8RFvysy7ZU+/d2Jt5DVeattSfuWza69CFyN3+XWooL9YWYNq2ZCkMGDb+v+QQ4H7JtBAX7+Js8/ymHlTL6TGPzOycOxMZcUI9nEPzgKgqf4jt+O42iBg8d/RH55o0L3NM39zBnw9a/76/cauHh7+EwEHndrYLIGMaEEpfvXzmVv4OXo0wh7MS+0Ku9p1HH96qh9hXFbMfAjaBZ8ItOxS/7cvqA1rTlqkDWo1RwiAcG5L6y4KIckPGcn89zmIaUJnvbXnXCOxSl5WpmG/+TgbhX5EcU5o8nbU4HsWZQWWRxiMY3qim5vU1MjFrfaFq+lMDjMiT+qcax9Uc2Rwlns19DEfolEFVVmOiAJFQxg8TNlx9Q56IIuavHcnr1aILhpVluSlDDv58Hx+K/24nvK4h3sJt+VCyXLUgbCs9Y5tZfOsbkMgCp+2xBw49vdbfZwSKz/yb+wK3CvhU349X1NEYGFzrIVTTl0waWxmeUK/5kcy0BJLJQ4bGuhx/0XrhKS/H7NNrpS76E4WGR9rPDZlxkUAFeJ0m2032wbu43CsZbDtG/txc0GvR1ypVVll243dtGh/HeUFUDjA+djblOZb7vhBLlErunfmetgyKTkyUQYlXTkcIX19ALQBifoStsttaGn+oODcLV8mnRFx142Xwac7l7Xcm/1kUmc1bDcd1/7m2BfslGmX2ehJx9/H1lOyJuPJMc9PoxSHMwfcPrzQ2Xuhry6eeXbaXyGY7TPpyaPeIRsXePeCe0+MeS051YfT0nUtLwqzho8TiByoY4yDd2x5X/a9pAmnpkpGPPNYWBAgScMQuvtj4MbSK1m9S4L7uwMGoqIwK3dZoFU+mv4xPNef17NzwfeqNr9EpbN1zmmgvLMIB6lHTWk4TkPhBlZDQ7CjuFRsGdNzXXZIYSDUYTk8sXu9dnjB+Ps6RFS8yEg6grl4+AEN9mZvAc2hzpcLglUob8CufRz/YLtZPSmR8+MzSkyjJjdhGjvHoO9kU5vqadBOUAc7IcHbYx+X48QbZ6+ptcHWh+EG4dH8UVe8sHBiA3Ll44YjS/fI86HggtA8egZVTnbRPbMAis0fKUSQF4q9a9oFV7X1F8tiAW5fS7bIBePVO96VL795S6zfwkAvWfve5lUAmXw3zMRlGmXPhC1YpG9XuS08M17ptapQsOgh4b3NSDte1intmmLbFaNUPzH0/8u2zwh688ADGiCt3R7IizzOZixvwpznHGoW7tTbKw6KRbLNMBS57YjKBN/OeSH1Bpd6ZI6oH1g74/S3z0UOiSIsISwdl5GG6/65eIx72zXIQwnic528AMXKCQ61rjflmoySghcz3BsbL8wouRwPmf3T/svHxPSz/r64vj4e6jdofIRXRk4QQT1kqWUsRhdKCyr6ELKGSbSJbhpGeSA+SvWwVWqxRYzczZR+hxZKQnUpjQgyGmd/9XXjqfd/fX/3znZn7e+5zXee6zjk+XTsHIU1Ze9fC395iWFEk8Wvm1UY7SwBULRPWZN0WDAN38MzQrr2Jqr7tWuCkL5CXaU/cSAdxwvc+DiaDq8xWjV0/HTu+r5vNonAYshOYt/FTTl7HA0aPc8pajJptBekQTzHbA3GF+3BOFXnqxa7o33qZVt3P1Hu3/bhudyPyAid0gifNQsIKMUuG0uucbF9WSFuWvVlgM2YJHABGajfJ0GTiC5AofJIT2CDyMxn1r3z9W1Nly5cFt+hq4HRvi/MWtiw58wzwQMoAc1pV7udZdk27sf2/4r7MG7p4cQbU7RnnTuZPF3923Wc5wf21US7V41J+ArXEKTP9NHEv/1jf9l7V2CguyAvUrg3hnpdmP7UQlX3JPXlYB6O1WPipJmHHU5ZSfZyGQf3M7EWH/pQvyZ1dqlFk0Q2I2/LDZYHqLXDyHlAtXDVyr7V3meSp2e5ro/Ber1kMcUgXVGbzjoaKN20Xd4SFvco6TFmrbPxIkqDaX+QqZeNgB+3yK2b5y1xXaLRmaV5P7u06xS3s9220pe2uBubmnQnrCa22L9sR4/6ajPviehXyXIqu2kFpcRhVsn/6HtdcYFuf4lqmSLUEIOWNPmgIrXUq0F9bE1z/F79Y8jGYapKpG12eSxdaDupgeNd7qUGeanEucalqeHY61rLE+3FWd6OW6kVnrqDuYGs94LEVDejWyL1OerSblOGiZjCqeyx2uy6MFeR0dRq4hh7aC90nqL5QIe6kQE2BiWA7NguPcpj9kxMeMv/hUQhck3oR5hZZAyqwTqKz1VrezSu9ZKf8nrQzF4Bq9X3nRyokp8KalezmocMtxUkQOMsRk0DDbQJ259Fomvut7Mc9aYQIt9LnWR0xUdcn+TxE0zq5RBXf33hlexMGYjLz/LOnPylxVWc2Nz58aPrhw2QJ0N7TS2Rqaz0A4D03hiK7ykzej4cAy0CjZdE+N0O1gvzqVrOIskM6P5tTIuqM5paDCOKijYdEt3U/U1BXjWkScJoWKGVN10jXbHrH7RQqin/PnsUhC0FP0SzY/VwwoTUCI9FGNzuHP9p80C8+9xDzANbVOVBMquWmg9ZYhRO2Qk71wmN2l7IvXvDlEVLacEaD02ZnOUK6pmYCOko9LkPmp/wdtVW6yG1cRxdwBSyhi5d915Zose8mccHtEvttp2NM5msTnco4OX+OTRNyzD2+mDovrxdum3Ktk4B7HXd7gWrId2tPiKoAzvjiP9B/DIA5nTrFPtpZ6rwUE8c2kPrUNHM6QQDqsBQRv+L83NtNoAaNq35nRV831OoASTCmpkjVl4VZPq56+JdAQd9AtjhG3vfbOkQ2dBsbYpcWHSD5i5xVD7Ixw2wg3TpVEmCCbupzX6TkezbLxqsJYuSlLORdXTwtCFG507h++EI6H/13ITijdT2hN5r6Y5Hcvq/e8vGngt2QDcZ/b72QQFLiq6X2dD3Z5lils/SuE8uDoBacoZdy9iB7VJN0geRRd2H4sI54Sz4vSj5tE5NNiMaeBwH+vH6l+obmaDu7vAQqIVzbnjTMHJC+6aCZht+nrJg5IQN/btjJi3O0YLKxWVBNGCO9Y+/WV6+q8+smUqa91UrVU2qL0/ilVgqxXUl/K3nrZfuKNbBqrK8r3Lunqni3MDNdmPyP8G7Si4c2hJxOJjuBTnfmDy+N4d0hBbCsqGCSVxGURjA/8F0vXYF/ZP4MW30IXIMc/Tcd3JBUSCnMx8pjTtOnYUmXA3zVGLCfYmJqfXZQx+Le6UeScd44kWubm+cqY8V5bmphkk7ALbCGwPlWgS22AbFyJMxFBjYFnh8ttkil9RIztUsnPC657+hxocxVKt+6Mwyoe+gUcKCMb/yOmKTXh6zA79tEK00LmseTSoB0kVDxSihOnPM1rS6RH17w8IOtiHNPuPCz+5ecuaoH/z3q9kaHS/72V1HwQcExAcoGiwMgcmfXhrQroeou9IEfLdf7XcyIR5AW4jEWPgILU6ZedkA4LARqsnrQBYR2wkwdyTQUGxNo7wLyJ5UH83yc88YVEQszm4KJkeyeO5/FgL/KdytV6d2aqtA0Imp3f5lSMmA4fUxaHcsLfzy1meNRaJ3KQoeUuTUmWR2ZnPjw8nVUeVs02Q94XIoDxLbj+Pn7Rzum4MqbZFvA93Ux0XNAaRMkbQdOS1sYGlof2cjcJb7RPl3hsvGf8AcSgndH99iN0wUSJs/KgjaWRkB7l3ghjulAzio2uG7ats0A/TGd2wz8ZysXplT+KrGQssi/R77DB8eIXpQ585ThygDMqGCims/3tRhCl5QmdqmlkVwHq2st5RO2RTtINkl2BUVRG0JmlmDh8F0s4+vInHvdcmMf3P+Mp9LD8EXD11o01PP4knmcQjVIl8i7YRscCSxc1dFztkV7SJaDf6/XkgaWZ1T2YMf1ecP8QJCAfqWcshBPKzt4WIq/G50gwoYybv2MG/eJMfgIqq0cg9/w08oLj6tsjGyJpwa4MAozkRQLc1MbG0NIP/DySU14AJZIEhOFeuUjc81pbjt6aKegu6xq3HAf2GeJPvqFBT3RPAHVvzCKO4YXYt++2FQx3syh8QNDbqSnOzz7PBa2YbbirEf/+4c9PqUvoe5ZsRGQtGHR/d4N99w0hJjyh6o5t/lDTZAPyxIiY/yaBmzXIeYyKDDunG4R89l28soXYqZkdB/VDbJ/+tonn3y9vtFSVv2r/pT9fOwm8zc7j33i4IPATBYRglR78BWD7ATncQuTHu2srACJnsP33Ibm3n3WOfCd15XDqtn0pDScBRgMtvPYyxWmoCQ0e/h1QmqpqemGG4kKuKLIjbTPRmBdWbAczMEYzM/LDkUPF1sTt3raJGU0l//Z2QQ39MlTX/etTvjLZ2zr4OPcBkQNcAU1VStItLmtH1a2r47WUR8EdPKWcogYSL/VD5s1xnLv2wZ9JIRbEbYQ5h5UQCgDOLx7u0gn1w8CxO1xFqWcJuKbeP+GiiVI4s1LNmf/7TpIKKvOlsgAVm6lM6kHdyZJO6HOZKoWBjmKY+N/Pe6k0iY9YyiWzSXbUIA7bDoVpPVWDUYXBrM9TulE9qhzvgbh6dCHWMnha3iqxDbgYtOdHK2xoMBcd+Ou792BHMPehq9b++HnejM5qrvs3qRe2Iu2ol7U6eeVIC37LwVnYEEBOFN271YCIFiQFVUSWMR9Gn1wO3V1ZL7x88fFEOASHAs40IelyafqFh+DEH6m0zuCsRKu/H4MEcgZwJyqVz+ocrKT1y7sgsZ9RZqv3SDHxV3wx+JwP+eCzDoz3oHkGc0xG2e4ZqbHxoUXVwMGZidWySUvhpya8bltAj9MHllYqPpu3UXwH65YsmmltlrJ9rjvdlEJU2jDnhfdOCFRD4JoHCFHhp8+bQR8RoGV+fjDR2NpgcURzUChA127e53zHZWmGbHt5+C2niT/iChNdmwjLBOAOlGGmycEL1cD8DpOvZOFYjo1pZx+BsVFcqrfeS2OFMsJ7dZGrylvO6UGMlIdpSVbtmxAEvKSEMecOpA9yqp9W0WV3isxXDfCpQsT0k0xo1gRyzOhcJKn8jPRcCIjE6IbSU5KiV9s3zHku7X2wOAg+pgAcDSpEhVUf5dx6eB6K/otsjbD7IbBuFw3pEOOyNXF72S5V/cC8/OzpyMjWiVdvqSLtqAUqRffPDLLptQ3sQE9y6/1/3J2+JW8ggKpeK3y5YF71AMJr7bVYN/6XL1mJY4l6zSYorCLubBgZdZcOmdqa91CLhlAJu3JqEdae6Odq/afv9AnvepnTM9Zd1Dyoe2MVFph1CIcut7+Pa5xIF8Og3y5sA6NM3/wHyMg4N8C01D33TRwzRpbq9PwCf1exUvToNx5TOZcdz9fT+9b3fpA0ACUcIr7ayFZFA1jMQgaeiuef6AUSzZMsPM+HrxCnrvnxF8KnNq3koECRlDdyssptvHN3Sj83uEjR/WQ3ZsAnfm63lnesNwRm6Ta4uXWny2N4AWHbWRgsQxUNumFafuHVlixhpKRsZdowTrRX33ivejkaNgYURwYTLQiVKneHD2zahkKRf/lKs4/tvtt05ac2HGvwzpoCo5J1TyQj4zuhs8U4hg5/ry4JGe0+jyoEhAimFgV+9JvTPNzK8MhRyfYLICqQGkbh9CwynEgjNT/EcbyT2t44O8dhgiuo/gQ10YV2pe4KLHgl3Aks4DF2/qjUjTok8PGWsgvRnveqB+250RSS9g+8unqSCU+smeZcPNy2bYXQZLdtVOtwB7Kivj00WTlb8EiCRPCM/UGQUTpli3crUAGwh5iuYRxM6UWeCwoDacWaYfRNPzRlNBs9aXHCOr5DMx3GiEMHeXW/vbfTJAwAM2SK7nlcALgMdGzz9TF+ZxyNI07Gmo7uzEM9S40NHRCBk4C+K77J1H01AcQoVvN7+0FDHCVSDrwnW+Cfc5q0jOB0IQFrAiYMZE0jFKXhG7wkcLFzo3AbMlr8sD9ub7OFU5EPMGlTSjS/NOA8hi1DtxTmF9BklNFez8nSjjp4Qo6QFX4y6F5+HMtCgaTg2Z5Cof67dRvx6dqxFNFK+32tSFxe86X/Bd6jwOng4VygINabN3IeatqZpmwXBAbdxMaW8EtcPWv+96Loe+GaU2QtXj1qhQuDv1+MHb3J+wXgdAA7D6VkO1P1vHbgp5XKOJ3ODBm2YaRqQ3lVBD5y8/jf7tx+/Kij5ZtUkA6d5CLiwVnMPKcLxmw1S/unGpdHVudW2yFvRFgP+d/sh8n+paY9fTGCK6FyQ8eouICwiZiX2NVHs5YP3z59wBSi0P09/2fWKA67v7auMUVxoI6TvuUaBNHQAPj+wFz5NZDGi5qQGNmub5eE6KVD5Hku2kjzCiIeRIrwGUdGbBBaxvGkX/Ey6q3AjbMuC9wdZjYpaYWQy0F6IQ0XXjuGiULlIDIn6AxXX8v0iL1X7Ln7z5rovsSbv7cyXQY+LaUcq8PJXqM9BuhzN9AMCyGZt8u9Z5QhlgJZxsbeuuKRrbwPQInzInE0ABq8a0GsRVr/WIiKG2cJoEgAHP6mOEelwA/fYCZgOABX7jdAait2Kht+XVU5uAVrfFSrbZvfneRAoh50vBn/6yiymvvyqRKOoBY4+gaLss2fON0jHdV4cwtASS57L9r/NYpV4VTcT+fU6VM96etoj7OmfI9oR+ng1DVFHLud6e787DKDAazlaaro236Dokoz01ycMPy6zNDFhPsF56sRPMtoKr83qrn059znETx57HolBFKSoMJ9pJsyYuP29ahiXaKq+0Z4DdZgz5T4GyD8VBKKuX9dRkmaIBO0nCw3cf5jiH0QPtXKMVz166RNISht1PmAIb45qdL7L+zn6Wp1+1G4uMSn2u6io2pgxRUIDhlpjNuipys6QiZCok4womCToIQqbRHTsF1tPNMgnliXyGfEJ9Tz8liag1P+1tQkr8orgPZpYMSUEj7zBq7jtwJq8995pbyav3A7oV7rogskIhO1j+diJoooygqvLlgpN/TY1VF3I0yyp8qK9KMjJ7Yu+7Uwi1OIH0Ic+LPqkkKKargSmFaMbKwfbRjQZ4rw9dSXFG4kSOgaeY+zZG8Ac20JKRKZKcEUixyJ/38N+12OQCOH3umdzIX7ZgHpa1ZycuuUCA/rbvM+r/EZrSpQ6ePTxVtnPu8GkTbbejtYI/CUv68WWF+cxnRp126uO9JrPlOEZWZIUD8itsV3yvcQMgeo1qDwoKag8ICqm7dc4/ia6P9EFJ+t0CMFlz55mi4YXk54JK1w/OvkFoWB0al5219yQCgw9lPWzW+02+giW4jEK8HhRpUhnTxsv9R1zoWQ/wl0TcbUM28EGTUbEB9/qp4r6Nov2Dqf22AbkSkaq5BD9DI0UaHGG40pZJiJgvFbKMFe8ldyZSyPgtkb5A24Tx2BIWmU0RGWy7R5xi0X9N2a6WWQYtY+kOwuP8psJJIcX/0eG7XShenjWGP22+9Mlb3/gXvY8CEJ1Fdhylu3rfH7tx7oJGAvpukH/zTujtsSp5aDFn52pkqeBY3SxXZsCFgRQgUjkJCIBX4DGdfa0X0zcjPbbIfZ1ef7zhQQJkJKkUcOc8ahhid66Bwqgd3tPLBwvUIVDG24NaAUUjM+GwC1dJ6Kq8M1MxaXXHgs7sd+8j9NXoIjOebGXZEWkK7LjjIXBSs/SGqf+Bq1cs5oDC6lol30HwYuPdb2id5E0nwUpEitFYD0W+Y5wnfsiP25C4h5GnRExSFvbss8nMILC3qclB37aCg3ifER48IyMaKVxwmIn/skzpSKZhUtAb5EXsdpLB++JIOos5YoeL/elS3HYOk0IpQ9lAi4+NQ1ESOp+fuXVsQRboYUp340do5PO3MWSAJUr/JroRQCioIVOozSGXOICogMdbccX6ap0vqJpCQqg8YBahsxGisdYSm8lYBVwzqsqV0QQwb0OHBPYC8QW6jsbLClQA6DsANE0JVZfYL02urNUwyRfXLucAKuTL1pNXzCmX+1xAVxWX+mLBESphQQaz3eUTHM206uHjmrZBjRKb82QqtqNJrRUYAMoWW95beUQejdnb7S/CPZKmtCziH+FyM4t/ptNxi5j/Qxo9Ffln/ILJ9dVfZWPwFCN8pSs15FFsh62d+73pCtuIg8M2uLR3m3c0+B4RBXl1/Tl0NYPwIUgMoi/zK6cNFkf8rgHrnP6L1AvOk6X/B4K6zdVSkG/cklH+PiZvRSL8NQaYcxJfZDw2xq9FTfiH3iXKib5DSsKWdSxINX/Ijm/K87Gqx31BQuA9FQYQz43y3Nv5Ji8TKw0qOkXf09dH+Q5NQqTrCHC0n9riORSUlDJ0q6Uocen3aCjXlmJjN6f81KqXo6qLw3Kv16p4SytnEBLFfYbLiT3stVkIXDxyWHNXNFQ5dKqroIF+79js7oqZSrOzYicZIjnyDJ//xHZ/xDzuXg0qhrSlonCUTp9D8T0ApwHDjnON9ifgl7OPwC6gw17oj3Gbi7G7WfJAeb2eJJdVMaZUESfZcOaX7w/8S/FdqngavVpPQW6Jx/JV/kMksVY7zVugMpOKBuJvUXVvCaQ2LURlj8RgUxvbRI/8TCavVC2k8LxcF71259VSkpZjwdM7UxioWOGbsbxtGFdC2ha31HS7HBZ2VyKiNInh4VZr/wsaLVHM1K6s7xl38jFOuW4Vlt7Zn2fSUEkMPDbriOEIp8F7BGrQ9AAnj8Qk0jJXXQBh3IG/Jq2j8f+Ch74lbe8JuU8AjPcMpK39j6/8In4DqIwzvFM4uYVbmFc77ZPmVjmVe5A+5YG+h7gredrBkgPtXAhodsjbsFnxgtyB46E8hkBBVsbNjNR+xlkTzjun8w1Ap9Y8+qQ0tYdRIvOi/isfGWZb0g5wRX2hYQYToJdRoUVGNefZCd2tErPmxO1ygmOpdlezxzCiXS0ZPIbETrQ350H0yxLbrAHFDzbxXQmlVcQ0HqjTt4OqJJRyhdrHnJLyR9jPtP4+bSoM6hMBTZnQe5UmeRoJxzsk0T2GPXe4zH087ajiXB0mjBqEUWZNnjRxqpeEHo52Gb8Q3v0T5WKJZQ9PwvwUzGhZdpmjLuz/OC8oJPwpkrQ2/txxQS+ab4lGI26KCYcuyeQMLopDnFGjFgvAUFZIvVnYlUqnSaMZhbBuQaVo54enSG/DucKDccv+uYx+vACZJgpq0u1kN/rLun95qcrb9pkETYcARAP7S3m+z8dOR2Dz1wA8g7lkPihKRGF3ca5F/GZmZOeP6V/sn/b6PNaFWZ9D7hMVUuAOQfBgh/vJyuNnWBWVh2pPYi8fuZJZPrmeTCLnGIp9yb4VfOStccG2Ou00HIPRQ4yaQVvfAcyVBu6SmRHmTdeHfP/Mr5iVCAPyJd6y+INsPm8pYuG3IAoNLdI5ZwAld8jXOmIsRZ2yH9sKR1BMGKWLq8OgJNL+gacb4fB0V9rQHJV+qh0YZ0VcuHxLd/1nkxZpNWhV4/Ui6Enqcpe4WuHJCrTZXMzrCd93mO5d7Qg/3/I3hiLlyVYrpH/tzhz38plwgz+tEVpptUPCyRkYeuY1b6n2jnGzzbwh7vl6C6oufL9h4lEmEf2EsghCx0l3gp6u7adw/qiudVCCYOaK3QJ/S2SgxG1tbj8ZRod4f1t5j6XdmjzfNOl9GbayxaPYlUQ0GkGwhamVh0mgo38oorC5lPhoIDkddrN7xILIWMxwom6x0QkXzOfjSFxJz4wkAypClukFjvnRrN/mgEUMlSKpXfp5j7186CYjoG+nytuoMJPTyins6BQm4iSfQ6Ooqzu4F+qekB763Dl2bmPvQiQclIyb43oJg57Q0HBrsrXFGju35rg+T0V6jxQxI9lIdu80dc3pCb5I9v919cASc/pedjOBwRsTjf/hhfEev/zP9V1SA+sK4Df/aNv3N4CPtgVN3PXxjb1CvSsNMc+a/zhvQyEivG19Mq+KJpEObEeQqG3F+hjASobLmVVDg8h/c4joP29m/6947tT7/xkrWwayztw1elxeceggmvYEjmkmwMqL1Gsa0Va6KgPoKuU8zVfO3NGd/keJAir6NuKHL9G1/ygtjz+l4gc37D4g3mCf+Zm+31awR0hzHL46yzoIfkq+ad0/hmiKnY+H3kFBHfRZ817rCz/g+IaasQfaW+OKgQfVSP7jBt1FOMUuiPSFQtCQCqxQNART0K3s26EOlFjZm+WHxtUmL60huRFrCTMOWNYoKSza/BNf+hX4m942xkb46UinYQaXguhc7dsONPnK0J7TG5ufQOKu2sy+J5Qlu33t4Bn9hgt9IwcULOWBNJOC8K+B8erKyytLsPaFILzLyV+HI9CBr6jMrBUQ79Tx9CO/AX8LGDmGwUxjy1PxWFVC8vweHxyHT+Zihr281xwKkXTJ6F1wLGf3J8gAVs29Z72i8qn/B6aZrHNMM7dDC9SPJe7X+6c5FOReHKi69u8mayrWlbz4DHXS0zrNHQ4jnR0OAMFwPBwhA8yZ6UuFWqJ/mdDF6ARM+s2zej1hdxJ9tQDglq0tHsE6TRLyRsliIt92fjpIW8EpeVRoP81baDAbBX8WO0J/6MkcFmUrQL44vaAYsjy8uz0u1IoOLFn94LpToVwIs2aSfKqTUtki/pxO/LdjrYZJP3hDHBRY27IGLO3lnupi+lBzN4zlcavomXeW7gr+p45vt8C/xJ6DMOEx3n9A8/LWOrsoPg/Xkvv/Ap1zfEvT6Vt10v8ZEBnDdydbpRSx3UoPIDRhAOzWOLRJzLLoIryozbbJ/mPYv4Qpm32QEMPwyuv3CxMlV1ydJX5aSqj28UgTXQFeEOSGwhRsofxdEvUYcGdWrI0k6tuIOSWM4FPsFPTTpZ/rmQtbBBQD7N4S1g3SAtYQxf2usoXwvcZnFjKUFtWcAalTsSmeUdPBJszNMpiQGnRDeqEUQF/D9yZ3ZugVX0pSbUBj+V5UmqEH2k9XvXFn3zsp+R6CMSRqEV4whuBk2tp2p9E74YNDPLFAIpAfgo0FyLTE+Bh7mT9bsnpg+Ch+IPDpKEQAiLOf67HrhfgMf62ocMYjOHGd93YXvVHyFsblK5bKbxz4XJbbwzVduhD8yrLu2CNna09Lr7pGJyrIhME/SmOUKi1NGTA2DJkxqkWojKdfnwwQCTMzdZng9GPF28Tklo5SEDCGVpThLtnVkJQvWoDdtwwjL+Hns8OJa6HEhPtnZ6LvXvBgFQ7seuJiEXhhsZfrhR1WE900X65hj1mApVM9K5qRkET67K0pNGL7gKUVobwZhsYSpiy/HarmXGvmu06pOzft9xmGwbfV8xPnXR9VwgZuw9+Fri7Tonfg2Pyc2a/Dgo/qzKbdHxvM7/Zi96sFDj1l7ZDFsZc89+rs95sRrI0Zt4LeopyDrnHDfL3hPw15TV1az8xvNCKDvREum+Ows9S4EEa1azC4RNETgnD7gmn+Ii+vKl2oZERl+tRMFxov3AvFMsX5cNz5D5gLmbA/zdY+BrwC+2Kp5NGowlguuWJGSd9CFWpfIlPdvvL6NT7Ju+eGWh3FrDWowqX7L4jjmN+3NuCyrZk6bWfhkcVsInw+VB1kbPWV8yhBI3EC6zqrsXxC4y1Brx3AMVI0zJ0TED6azfBpOLn+yurIGJnJpmb1Jr16VQmMiDc2yX+Mc2UNck/1LFL/ozDN5t9hihHtYI7dK5xYXO/RULB5Kw7xs/yFW1RxpCX7dwW28ZDw1Ls7zZYqwuH1f4uNQDTb2xvh8/Fw3gWn0c8pYxYLOvlUbDrW0wuTsNXgC3uLNcrN8u/yRwZqxCGpWvWsAdJR3wRKNLqtGok9dkOpdt44NhqHJB3WND019gXcYyweX9jlqpMiOMof6SD9bScqTw4B7Gp/gPZZzudpY4Tby/haPtngdgSPx0SHfimsjYRIoA0fd2HHGYU1BZhH4MXXWrCSvLvixjwXLNT2s6ohhmqyF93Yf5Mc+xkpGWEUlPs7MHF/bNJDLR2Q02yW3F/l/5owJ6GK9Hs/YbslK0s/GRlTARS3E5Rt9+K7UFL/d3IKmQ0WcBtTaPvXUOtRuvtumlVWB2x0zOA3zaHKMv32ctvL8xwzGcBeT7iJ6V8YG4x8lw5rythM5OZYheMfh8NuFVASJlrOMKZkoK7vl+5rEQLxVA5D3IQeLFuh2SxPKY5V6o+SnB+BbGLi68XGZmMyiwhG6XR7rXxfxlKdWGNWaSU2id3aX+FJ80gyxypDHuewCfM/yu6LjnN6V9rPKNYuY519eYb/7EoONlsEPlJfW1jMatAeCjj/a0hjDAT/c+leD7mZ6HL7Ds7Z/esjPzfdi99b0C2z2Ol34+ZkJ3YPz2m3J/XEKnOkNnbBCIQve5vLdxDckzvgxO+vZQVO8uf9VxFMLTNnDXE3/wDr/Odp8erBn8sy/Dl+vGiMlMI9wh9GkHf+Jhp80sFmecHEVB8HTCIsSxw3KRj5l1dGrCymj7P0z5XnQibTMeR6X7bv9Ky743eLHj7hc2vGprA0YRy8qTZMuR5wi1XBXlXIQk7i98njgMpIkGeGmcVu8np3hfedXkiaLaqGpxEcFRByy/hOTkVHebTJP1R7AZyp9ng5SEOdI5/FhhzLAXt7ynBR7XZOE2u24+a7NE6xPMzeTgnX6mdnvq2ZvyRhhkikK4SoGTPIMbf8jOuNwW2B4ZKlLZGKk0Wv/6SildKUT05KOxw3hO+cP1BAJC+ykbJN15Rexdg2MIIRHqCg8qMXt1Y21+7a/kjXGzOgjjh/NYLG2JYVcOjzUAoVS6tpxy2tODtecDzl6OYN/MMqKSmpyimpyyiqmSgcO7T9waJ+KrKLiIUXF+YJPu//4gLunk8vFgP//ByJm7BNgRXD8rE7BUfvQ/wdQSwcIu/Wm4GLyAADwFwEAUEsDBBQACAgIALyhaVYAAAAAAAAAAAAAAAA2AAAAcmVzb3VyY2VzLzNmYmE5YjI2MTg1MjQwYmFiYmNjYzJhYjBlNDUyN2ZhMWE4MTRmMDcucG5nAWs4lMeJUE5HDQoaCgAAAA1JSERSAAAAyAAAAMgIBgAAAK1Yrp4AADgySURBVHic7J0HdBRVF8f/6QRI6ARCDb13Qu+9ifQmTRAsWEGlCkiRLkhREET0EwWU3qUqVSBSEnoPCRAIgYQ0QpLvvNxds9lMeTM7sxt293fOHnF3duaxzJ1373v3/q87JOgVgAq9SqJrr9JoghRUBFAIgDcAF6nvOXGSRUkB8BxAWGgcLpyIwKEFwdh6IgJhYl8QvNGb+SPb0vr4rnJuDNZ1uE6c2J64Qw8w573jmHkxCknmH7qZvzG/Ptosb4CDBbOhidWG6MSJ7fAomRPNXyuO1r7ZcPjwfTwx/TCDgRzshO79ArARQG6rD9OJExuSyxPFmhfCCLhg3+H76S7XfwbCZg6DcXjabJROnNgW9+aF0SzkKf64+BQxMMYgLOY41B43APjbeoROnGQBrlTehKosJkmbQXa0wUpnzOHEyX/kT0zGg71hOOXSKwAV1rfAJVuPyImTLMYFlx9QzW1KTQyrnAetbT0aJw6IT0FgyEogT1HAOzfglR3wzAF4Zgdc3YCkBFuOzo85Vy6pw7EdKehky5E4kcHdE3j5wtajUIeLG5CaLPxZ0+HA4O+FP/v7B+DHYQqu4wqkpqgboxhu+NrdsEPuJCvg5gkUrwEUqwEUqQwUrgj4lQXyFgc2TgB2zbL1CKVhM0KpQKBkXaBkbaB4LWDHTODAEuHja/UQP1dCNP916/UHes0B7p4FTq4FgjYBSfHKx29OMpq4G9JHnNgK9uSr0BJo8iZQqxvgkU34uJ5fAS9igf2LtbluwbJAxDXLz5Pbn27QwL5kFOaEXRD+nrsXULGV+HmjI/iu32Es/TaMPEWA6p2A+Gh6oBxYCiCV7zzClHU35FY5sTYBgXRj1XodyFeC7zv9vwFy5gO2TLHs2rmLAFP+Bc7vAA6vAC4dUH4jMaPuOhko3QBw8xA+JvIucOO48GdslnQX+R7jabj09bP50qzR9K3Mn3n7AgMWAx0+A/5eRX/HZ/elzyeMj7sz8dDKBNQD+swHyjZS9/3XJtPTf9VgIOWlunMw398rB1C3N70e3QQ2TSL3RI4ceYFe84DGg2n2k4K5V2KxU0Bd6e8+eyD+GTPIUZuAii2lz5G3GNB1CtB5IrBtGrB9hng8JIyrS+qbls1BTjjI5kM3YoNBZBiumVLglHNhN/DDUCBa4kYSgt1cs24CeYtm/uz+ZWDXbCB4L/DM7AleqDzQ+E2g0RDAt6D8dZ7cBcaVFTeQYWuAhoPEvz8tELh9KvP7LL5h3/VXETpHhQH7vgEOLgMSn3N9xWkgepI9N9D+M6Dtx+KxhSXERgHzWgN3g/i/U7ohMP6o/HEPrwEnfgHuBJFR1OyqzLB3fAVsHC/++cyrtAAhxpd1gDtnMr7Hgvrha2j2s4S4p8CaEcDpDbKHStaDOFFJtc5AsxFAlXa0RKsXOfIAY/4ENn0BHF7O53JVac93bnbzdrUg1mHGJUahCoBfGenvF66YbiBFqwEdxwL1+qkfjynswfXOeuDKYXK7Lv4peqjTQLSmTi/68a0FiwneWAKUbwqs6A+kyPjYVTkNxBKe3APCQ8Q/ZzGQXOjbbyFQoQVQrBpQso7mQ0yjfDN6ndkE/Pw2EJN55UwmynKiCOaKDF1lm2uzGGfqBbqpxChQCihRU/+xSM1k2XyBxkPlz5EzHy1962UcptTuBkw9C7QbQ/GiCU4D0Yrm7wJvrs70A1sVFriO/pNWbYRWmFq8B7ja2GlgsQyb9bIauQoDvecCE08BRar+97bTQCyF3YjtPwX6LdDunLfPAMt6Ak9ClX+XBdLdpgGf7AWKVEl/3zM7zXC2hI2t1Qe2HYMchcsDk4OA/ouBnPmdBmIxHcfRhpW7lzbnY/7w9EDgzB/ApCrAjRPqzlOpFTD1HM1sjIqtgJw2fnL3+AoIsILLZClu7kCrUcDsW84gXTUubuTKdJmozflio2gz6+DS9KS7hGhgQVvyjdt8DHgrdN/Y7DZwKVDzNSCBb91fF9w8gE4TaKa1hJQU4PpRWnpOfE6zYq5CQIHStOql9PeRI1tO5z6IajqOB3rM0OZckXeAhR2B8IvixxSrAby/BchXXJtr6snj28DnAfTn2j2Bvl8Lb0wq4dYp4PsBtD8jBIutAgKB2j2A+gOAXH6WXc+A00DU0OJd+ke3dI8jKQHYPZc21XiyTz286Snc4TPLN8vEYDfixX1Aw8FAHpUV2OzvdfcsULA04FPAsvG8iAN2zAL2zqc/c+FCiZNVOwK1uwPFqqu+vNNAlFK3D/D2b5afJ/Q8sKQb8Pim8u/6+gHv/A6Ua2z5OMzZOpWSId08ac+E/X0rtwV88mt/LR6W9QLO/G7ZOSq1Bvp9oyo9xWkgSihanZZRfS14Kj57AOyeRzvfnPlAgrDZq/4bQKfx9KTWiq8ak59vTp5iVKNSohZl0OYvqd01hYiOAFYOBEL2anM+Fq+0HAW0eIdv7PeCgf+96zQQbnz8gJmXKU1BLcF7KAs3+qF24/LKCfSeDzQbLp9dK8ez+8DoovKVecN/Bhq8Ydm1pEhJBua2Aq4e1v7cLi6Uqt/6A6B658y/WXIScGg58MdYIDHWuYrFTf9F6o3j3nlgy1QgaKPWo6JZ6OeRwPGfgde+ACq3Vl/BsGsuX9lqqo7P1Mi7wPK+4nUklsLGfmk/vbL5AsVrUj2OpzcQ+wS4fgx4mi7V6zQQHmq8BgT2Uf499o+xaSLVRejN9SO0JFyvHzBkFf2DKyE2ylCBx0FyJglbbUiIARZ1Fq9C1Px60bKzlHOjUA42awwQqakWIyUFOPYTMKGCdYzDlJO/Ap+VBI78qOx7bAZK5hSGSIxVNTRJrh0BvqhmPePgxDmDyNH8HapM4yX8ErBiABD6r56jkiYmAlg9FDiyChj2E1AgQP47vLMHYNnighBHfyI30bYyP4I4DUQK5pu2/Zjv2MQ4YMOnwNE1JK6QFWBP5cnVKNO38ZviZb475wAPr/Kf9/ljy8cW94zijEPfAWe3WH4+nXAaiBgursB7G/k3uo6toVLOrAZ72h/5gV7FawHdZ2SsCXlwFdg4Ttk5I++oG8vDa8C5bcDZ7RQz6RXLaIjTQMRo8S6t+fMQHWH9WEMNd4OAhR0A/0q0h9JoCJXFKhVcC+dQqmVB/61/gJsngdun6aVOWYQPn4K0T+NXHshfIi0TN63M+UUc1aKHh9BYou4pOq1zH0QIz+zAnNt8s0dqKjC3JXDlkPrruXvRtVJeAs8jrfdkVatG6OICfBuXuc7+5Qvg9O/A0R/p99Dz71G4EhVelW9GrjCPkATj6t/A7jnA+Z1cf3fnDCLE4BX8rhVzq9QYB3vCtXyPkvn8K6YLIrB/tITnFLAmxQMxj4DHtyg1hfns7MWdkySDWqlO9lAIC0kXimNjO/QtcOxn/eOvqh2B9mOAck3VqcOUa0KvO0HA2g+EswZMcM4g5hSqAMy4yLfZ9vQ+LeUqkclklG0CjPhF2eqYETbDsJtx70IgNlL597XitSlAmYbAnwuBCzv1v56rOy23Nx+p7XmX9wP+Ec+tcxqIELkKA3V6kgBDmnKgwEQb+wSY04J2yXlhxtd1KhDY2/Ixxj2lPY+D32a5vQPN8fAGRqwlFUqtYbPxutG0miaA00DkYL5u5/G0VGoqsbn2Q2D/N/znaTIcGLQccNV4bzYlmYyEBdsJMdqeOyvg4gZ8vAuo3Ebf66weTvtG5pd3GggneYoCtboDdXtRTLB6GF8Q6pUT6LOAFDq0UFQU4/FtyhI+ulq7GCUr0OFzoKcVVO3Zw4W5W+d3ZHjbaSB6M2Ap0PJd610v9BzwbS/xyrtXiRz5aDUxW07rXI/NxjPq05K0AaeB6ElAPWDsX/qqKwrx8gXw2ydU3/4qM3Kd8njtaThlEETcAOKf0ZJ93uK0Uli0mnwSZ1gIMLspxZjOZV4B8hYj/Sjm8+YrSUuhT+7SsuC+RUBYMP+5Ok9UbxxRYcDVv6iyL39JUhgUazNgDrvmG0ton2LvfHXXtzUFyygzjphHwIaxwPE14uqSru60TNzmQ3Fl+CKVgQ+2kZGkJDsN5D/Yj9dxHNV8m6tj+OSnXfUzf/AbSIFSQLUO/NdnT31mEOe2U61C+MWM+xTM3ajWieRo5FoHGOkzD4h9TPlhrxpVFfx2pzYA60fL64ilvATObaVX2cZA34XCTX/KNKTGPDtmOF2s/2g5ipquSPGRn6B+qyDtPwN6zeY7NmQvrYo9uCx/LAv0m42kPiE8u8fMzRhbFnj+iG8sWYWRv1LXKjnYQ2tZT3XXcHElgb1KAp2ukhKBL6o660HSYE/njp9LH8OmcF7jgEErVw4WSC/qAixox2ccMC7rLgPGlwV+fEtaKojhnQt493fbS44qxUT+UxRm/L+PVX8NNkN/P4DEts3x8AI+2OI0kDS6TqFlXCmUpIOXqC08dZty7WjaEwrnt/Of15T4aODvldRo5rJMqkv5pvxtD7IKPG3pfnobiLhu2XWiHwK/izwcC1d0Ggiy5zHI8cvwQIGBdJR5qrGn/re9gJeJ/OcU40UsZejKSZRKdXPKarh5yi/tXtwvmSKiiNMbRGtcXrF5VwdK1uHr/sS7r5AzH4mVicF82687aJv6nZRAsqUf7RA/pnon+ntmtaq93EVotshViFTfvXIC2XPJf2/fIu3GkJxEq5SV22b6yGkgvJpSETf4jivfQlp+5+SvtGysNSzQv3+JNGqF8MxOuWXHf9b+2nK4eZB6SIlagH9l6ndYoBS5tR4qRL+fhJKEkpawf9/Kmd92GkhOTsVA3pu6dH3pzy8f4DuPUlJeAnsWAEO+Fz9mwFLg9S/FP2duxqX9wMUDlAZuaep6QCDQ/G1SZ/TKbtm5TDn+C7/ABC8xwqt8TgPhba4p17fbiGlPDiEMO7S6cGod6Xd5ityM3j7SCuj5S5LL2eFzcgVZrHTrH6pBuXIYiLwtP4a8xaibb72+8r+FWm6qbAkhxQthbWSngfCqEYo8YTKRX0ZBJFllb3MeEmKA+BhxA1ECc31K1KSXsQbj1ilg79dkiObFVq7uQLvRQJdJ+glrG9GjKEuk/Me5iiXX9BKGwJpHfR2Qby/m7ct3HqUwf77bDMt0g+UIqAuMXAssuE8dmEoadvQD6gHjjlLWrd7GAYOAeAEN9Ygh7kk4ZxCeVZ24p/znk3PZ/Mrxn4uX0g1IgSVXIe3PLYRvQUp5Ya87QfziFlrRdDi9bpwA/hgPXDlo+TmzCT+4nDNIPMfNzzt7gENUTaoLrVI8vUm4euzf1jMOc6xtHKaUrg98dgCYdAqo198y8W4RDQKngfDEFjwN+o1Eyqx2VWwhvhSrhAKlgC+DgXaf6FuI9SpQsg7V+H8RJB8DiiHygHEaSBTH6pSPH+3u8mBSbCMIe8qN/M2ydtF1etOswYzESTrFqwMTT1LiqdLcs3zCPUOcBsKzdOntw59ifvFP+WOKVQOavMV3PnPafgK8sw7IrbI9mr3DXKUBi6X3g8xx8xBtquMM0p+G09KoXIfUap1kNZTSCNlLO71ykj7tx1C/EB4DhWGVqv831Ij/VSAylATkXF1JJcavDO2i58xnnes3GkLXXTUEiH4gfWyFlsLKNc6SWwOfHgQqNJc+JvwSMKkS3/kaDAKGcxQpRdwAptaUVyPx8CbXoShHCrgWvIin9g1nt5IOb1qPv4XKzsF+ry+qZN4vKVSBtIGrdiRVRL3LkW+epLZyYnGkiwsw8ZRo9rXTQBjdZ1CvPznmtaZUDDnYjz7hJJ9bdmYjdVQSU0jJmZ9kb0rq3ID//iXg5G+0c37t78w9QL6NU96UZ/tMYNME8c9ZXOdfkfz/whVIXLtMA3WCelJcOwos6yHc+q7DWKDnV6JfdRoIDHKWUpmwRm6dAqYH8p2zVnfgvT/4jg3eCyzuQmW35gz9gTRo9YIZwsaJwIEl4k/ZXP7AgjDl505JAVYNAk78oux7pepT2wmeojNezm0HvumS/v8s7ug2nVpqS+A2pSamaDeKV5TYSKpFd5GRG81TBLh0gC9x8eFVmkH8ysofW7A0KW6c35HRSFqOokpHS5tzCsGM4Z91pAV1YYe0Tm+70fIuqBDs96zdHajWmbS67nEqQEbdIxHsI6spi4G5P7yCFWIUKkdp9d6+1KaOM55zziBG5rLAWqaqkHFyLXWQ4sE7NzDnFn/zz/uXgVlNKKs2sC/VZesBM4ZlvYEgjhkudxFg9k1tYoWgTcD6T4FHnKUDRthDZvwx/sxrDXEu88IQOPI2hq35Ov8Sa/xTYCencAOD+eFj9gGjNgHDFPYY5CUqjNo18BgHo+/X2gXStboB729W/r2H1yhJ0gY4DYRN/1+el69JN+KZHWg7mv/8+xYCz2SWGU0pVp2M0F1FIZEciXHURfYKZ//x16aQ1KqWFKlCmldK8VC4QKARjmsg7EZ//Uvg3fXK/VseORojSQnA/DbUQ8OWPA0nWc3Qs3zHNxoCdJ2sz1iU1Im4ugGNhlLjf2uTGOugG4Ue2YD3t9D6vhry+ANePkAip5p6WDDwZS0gsB81++cJ3LVm+0z+Ngn+lYA3dOy3mJMzJT9/ADBkpbgKot78/I4DGkit7uRX5yuu/hxsNlBatJOSDJz4Hy15Fq0C1B8INB0mXz+iFee28R3HbsrRfyrf81BC2Ub0+71MpNUt9kpKpN/IMxvgW4i6QDUZpk3xlxq2TU+r33ecVSxfP+rPYWmqRswjYHJ1bVRJ2E04eCVQv7/l55Jj5+yM+xypKdRo8/5lKmGNi6KZ9aNd6pZ07YXkJOCX94HDy9P+1zEMxKcgMP2iZXlA7Ia68hew4TPg9intxubiAnT5gsTrbEl0BFUDWqMiMEuSClw6CGyeBFw/9t+7juFiPX+kPr2cTfunN9Ay461/tB4ZNcS886/251UKb5dYeyT8ErDuY0EpIccwEHYTRt6ljFJlXwRWDVaeKqEU5m87sQ23zwDTxPPcHGeZV6lY24t4YHF3/Y0DCqX+nWiLiNyPEceYQWDYQeYl8g7w/UDKatUb71yU0erENsQ/k/zYcQzkGafw263TwNwW8uILWlGwjD7JiE74kOmb4jgG8lRuWTYVOLEW+PUj6xkHgzev60koSf2zWOrZfSDmMeV6MRfhZSJlAadpfClclHTzpBio4SBRZQ9duBcM/LXC0L7AhR4S7OXqSrvnLm70Xzd3ynQwvty9KDfMIxu9PL1pr8QrBy3EZPMl8esc+ejvI5dHxrwFCRzHQOT2LbbNoCU+a5M9D99xC9pRUZMenN0C/Pk1dVvy56yatIS9X1NPDp422pbw0S6qXpTioXRmsePM7WIJgzGPgJWDgM1fWHtEBK+6efeZ+o6DxWjT6wE3dVjKNsIMYtUQYN0n+hoHm1H6LJA3DkZ4iOTHjmMgQuWWzDjmtjK0BLDRfilv/FHrdep7qCfMtdwzT7/z//AmcMwKDUX7L6aKRDleJgHh0k1ZHchAzPoLnt0GTKjAn8CnF1KVfOb0/Aqox1mspZaHFrY0E+PxHcpF0xMPb6DPfKDJm3zHX9wnXOZsguPEIHFRlBDHXBrmRnzXm0+XlwWxhcpT/2y/siQlwwK/R7eAw98BzyMtGxePeLYRNtsMXUV7OnotQfN0d1JDrkI0fiUPBCWUawaMWEuZ1ryw2EsGxzEQGFYsXsRTfYa5cbh5UF14qfpAQB2qMmT/qLn9xVdCGg8FxpW1zD1TumLGDPyTPcD3b5CultbwlB2rgY27WDXgLmc9Ci+FKwADv6O+50okWFNSuDKcHc9Ads4CEqLT3/MrBzQZDjQcqFwAOk0R3MLYRXb5WQBPb6pXX9aLmuJrSV4LygDkKN1AewPp8gXpaynl8S2upkiOZSDbppFrkqcoqYHX6Unq5GrFn/cvsXxM4RfJ7VC6WchmtVEbad/mgAbjMKKngbDZ+eC3md/3zE41IUpxzwZUbKVuLJyG6lgGcv0o0GMW0OFTbXavj6yy/ByxkVSAVbyG8u8ywx6wmDbMtFp90lq0zZRSIv0bAwIpRgw9x38u9u/31s/qs5DvX+Q6zHFWsQqWpXYBWulMPXsIPFUhpibEZQsbwPSeS66GFugpil2wDLV5Noe5mcP/BxThlFZlY2QBOfMA1PLoFtdhjmMggX21TQrUss+5kg5WYrw+lbpMiXRK4iaXn+VjEcPVVbh1Gvsti1YBvjxHexiFKgh8153kVwcsBebeBQL7WDYWmSRFI47jYpWoqe35zLVrLUGJLJAUtbrRTfTPOuDaEcrfcjfo3+byJ1csTxHaGBWatbxzUWmynhQsBdwzc6USomlVkY3P2NotPprcrpQUWgHLmU9bKSTO7G7HMRCtm82c3qDduSKuaXcuFkO0H0MvMe7+K2wgRavpn1mcX+TfIe4ZkMukv6O3r34NTxkPLnMd5jgG4ltYm/Mc+QE4tFzb8lsWpKtZyVKLkAsDhXpVahFbSo9/qq97Z8qN404XKxM+FjZuSX4JrBkBHF2t1YjSiY0Eou4DeYtof24hRLoppW266Y3YpivnDasJJ9am/5m5bnX7kLypQHcwxzCQ7Hksa3QZdQ/4cQQQvEvLUWUk9Kz1DEQsvaWgFQTtxAwkzkoGkpQInFpH4nXtRgPNR5K4+I/CLfEcw0C8Lcgvuvo3sLCDtkG5ELdPAdU76XsNI8zFEKKgxs35hfAUkRWKj9b/2ow7Z4CKrYE+8zIuaT+8Kni4YxiIGq2nF3FU2LNzlvbG0fQtatqT1tVpLUmTXj2i7TWkEKqBcHHRdxfdiJiSJK+Mq6WUaQCUaWj2ZioQJlwX4hgGonR58EU88E1X4NI+fcbTZBhQqh6A14GOYynt+tw2kieSa+KjBUIzqndukv3UG7EgPUHnGfo/BH7f0AsUBwrgGAaiJGP2wm7g57dla5UtIniPwUAMT+7KbehlLYR6iFurHl1MEzlJRS6WVpxaL/qRY+ykM/9SbmOIPb13fAUs6qSvcTCOWqGqTgoh4W0fKykrMkMUSjeR6/SrFykptHQvgmMYCAybY2JEPwSW9gA2jtevoMeUxzeB26f1v44YQnlIvlZUNBFq//DnQmBxV8MSrBXLn68clEwbchwDCRdRBLlzFphQEfh3k3XHc8bK1zOSlCD8sLDWDAJDM1Rz2Axydivw/QBgcTeqF7cGf62U/NhxDOShWTrH80hg3WhgTjPK+bE2p9crK7fVipA/hds9652DZYqc1NHZLcBaK3SUurif+tRL4EAGYrLO/SIOWNAe2LsgY3UhDyyoLtPI8saWEdeB05yNNLWCGeT2acKfWVPdnacpzuHvSFhDLx7dpN70ydKiDY5jIMYCmQdXgC9rA3cUxADMZ246gmoQ5t0Dxh0RXglSCot5ZMSTNeHeeWDrVGBiJeCWSG8TSzINlFKpNV+vllWD6UbWmrin1B+e47d3jGVeGDSwrv4FrB7Olz3rWwho8AYJM5irDb58oa5E1JxHN4B/twD1FDQFVULkXeCnt/VNkVFDnZ60zL16mGD+038w13f9GKpz0Qo2iy7qzJ1s6hgdpoy4e5GOrRDGgpyq7YFKbYGStcXdqHvBwGTO6jc5ClcAPtwJFAjQ5nwwPCG3TAEOLuNTMPTODXy6n+rzrQ1zo1gsKPXQqtcPaP0RUCrQ8uvt/ZqUHTlxLAMRwsOb2gy3+4Q/F+nIamA1pzgZDznyApNOa2MkLLaZ3Zy/HLh4TeCDbcIrS9YiKRGY3Qy4dVL6uOqvAcPXUHKhGtjMP6YYEBPB/RXHiUHMye1PAg6zbwADlypL1Lt0QNuxxD6hPYBIhU1+zHl8B1jYic84ilQBhv4AjDtqW+OAQTOr91z5485tBabWoqVZHtE/c4I2KTIOOOwMUrQa8OE2dcl5qanAB/n0WRr29QMm/wvkVlHcxZ6Okyob2glI4OIKdBwHdJ1MYnlKYUb84AqVALC4jsViqSlULps9L429YBl64HgozO2a1xq4tJ/vWOYOv71OWaXo/HbAxb2KhuRYBpIzP9B1KtUAqF21Cb9IN6JelK5PMUkOzrYIRg4tpxwyOXp8RQmScrxMohqVG8eAO0HAvQu0l8Sb18aML18JwL8ySRqVqk/90aWaqd6/BEypKR4nCl2j2Uig80T5asTHt4GxpRVnSjjOKlb55sD7Wyyvc9azPQDjxgnqcDX+mLIm+sd+5juuVjfpz5+GAweWUpxliXJLchLNZuxl1MB1dacVrLafAAF1M3+ncEWg5utU0MR7jQNLgL9XAe+sB6p3Fj/29O+q0ojsPwbJngfoPR/4eJc2IgBXD2sxKmlCzwFrRvLnJD2PlA9wGf6VhfOgGFHhwLKewOelgB0ztZU1MpLyEvjnN2B6IPBpCeC3jzPvRbR8T7lrlhQPrP0QeHJP5LrJqkul7dtA8hYDxv5NK1RKf3RzmGv1VWPg6I9ajU6aE/8DtkzlO5bNOkLpI+Yw91JMGGLLZODMH/zujaU8uUsJisfNZr5yTYB5YUCjIcrO1/ZjceHtv1bRv58K7NNA2FTe/lNg+iVqW2AJD6+TWMO0uiRdak22TiXXQA6ZRpRptBwF1Okh/vn5ncrGphVCQXnOvMCbq4GZV4G2ozmWdV1od16IJ6HAHxwxlwj2ZyB+5YApZ4Fec9SV2prC/PCpNYG/vtdm51wNv4ySr9fOLbFMy3z6aSGk4SsGc0H0cKl4kJIAZe5gn3nA/DCg+Tvix7G4SkyRZddsi1Yc7ctAvHICk/6xfNaIuEHpCKvftG7HWyGiHwJLukl3QmJuibmRlGkEjD0CjNok35jT1c26uVimhJ5lFip9jGd2YOAyWgKv3iXjZznyAv0WCX/vymFyryzAvgzEzcMyBRMYUh8mVgTO79BqVJZz+YD0KhWLr/rMpz+7e1Gs8dkhWlblRU9VdynSln05b8PiNYAPtgKDllPnL0a7McKxx9P7wDddgJcqNhRNsK9lXkuqAV/E0+rN7rn6tydWw+45lDwp1hU3sA91WUrTsc2v/Pwl61JTGXO8fAB3D9rt1wM1Cu3NRgD5A4Bz24E2H2X+POYR8F1fTcp47WsGseTGZu7U9unWW8VRysOrwH6JOAKGSj01xsGo1jHze8VqABOPi/f1UELdPhQfmsKC766cK3XmVG4D9F9E3bZMeXAVmFwduPaX+rGaYF8zCJsFkl8Cbgr+Wuxps2oIcMFGqzhK4Gz6oop6/SjeuXWKpHmqdgSqtqNlYfNqTDX0XUBpKCwuuLifFj2aDFfe9k4MFqMd/ZH63Qu1/FaJfRkIUqmVgJJGlN8PBEL26Dko7bh9Rr9zu3sCHUT6sFta1MWMLG1mc6GMBvbSkpRk0jEL2a3tee3PQAzSkjwGEv8saxpH9jwkjcNe7KbyLUhJjGkdd4sACc+BbAKyOXpSqh4QJLJLzUPldpaXKEsRF6VbW2z7M5BLB4CaXeWP2ziRqw2wbuQqTDdeseqUXcz8c7+y4kG4LXltEvDvRspkVvV9jdrDicEeJI2H0n5V2nK4dvm39mcgPOW0f60EDn1njdEQ7l5AhZakCRtQlwxCTUq7rWBG3GAgcOwn5d9lwXlpDYJ8OQYsphdztxJjgdgoyjCICqPd9Ec3KIAPD1EkDGh/BiK3HHlhN7BGWOpec3L5A+1HU0q2pbv6tqb3PCBkr7J2cXmKAgM0bFHNg6tbeneq/CWobsQcFsSf30kFVBf3UbKjCPZXD8JclZlXhD8LCwEWtNOuO60Quf0pvaN2DwpGXe1oJT3qHqmBXONQoq/aCXhzFb/e1vPHwMYJVLdhTK3JnpuKr4rXBCq2FG/8YwmJz4EbJ2l17dI+Urw02S6wPwNh/ugigeS9yFBgSjVtOsoKkT8A6DRBejPPGjy4Alw7SuqJzKWIeUjFTx7ZqKgoIBCo/wbgV0bd+V8mAuvGUM2I0K3jU5Dy4BoNElZSF+PPRcBvApt+RlxcSEyj8wRKrdGLqHDg8HLg8Aog+oEdGoirO7AiMWNaN3sifd1evHGMWtw8KFGu/kDauNLKMNgTLOYR+dHMn2b/7+ZOq1hSK3SLugDnt0uf28Ob+pP0nJV5k00JQZuBpWbFV965gFk3+DSvzNk4Edgxg+/YYT8BDQdmfp/9XkorMcVISkibVewvBkl5CcREposxJyUC89to23ST0Wgo3WSWKhKy8bFpnbktbIyh5wxiaQLPLebTz7ktnlhYtYO0gRSuCLz1izYtsYV23n3yqzMOBruxffxoxpNDTP1l9TAg7AJtcrIHFnNx1S6Jsxm3Sjs7NBAGizGMBvLzO9oZB3PfmgwHmg5X367s/mWayW6epD0bFhdJBIkZYDHApQPivUTq9ibNJ/N0mVL1gdYfAnV7aZe1KyQu/fgOzXhqFiTajaZX7BPg1mnKbDi9gUqATWHjL15D/DwR14H939CLuWUFSlM2s39lyvIuUpX6xnMKVtipgYTTj7hpknypZd7i5MLI1UNUbkv6UWo2vJgR/PMbcOIX4YRAJVzaL24g7AleuiFJ+sOwvDzwO6Cxwuo8HqJCM7/HZu+7Z5VlEZuTIy9QpS29+i4A9i8liVZj2UG+EsL9RYRITTWpi9+a/r5x2b1aJ6BGZzqnCPZpIFFhtGa/fbr4MYXK01O1dk/gM/Ef6D98/fiNg7lNIXvpKRjyJ63Ba8VDGVmf2t1J+6leP8p61atz1BkR4e0rCtPspWBxZOv3aROQPWBObQByqBSNM4XNsMG76LX2fZIOKtOQsqGZW1YoPanSPg2EuS4nfxX+jAWpXSbSdM6eJHeC+Fwcnj7eCTHA7vnAnwv065gkV37aahS99OaiiH4VeyB0nqDttVgc0dTg2mpOKj3A2MtYH+9fBWjxTpph2qeBHF6e+T02LTcaQvUDpvEDcwl4eCrigr18QQLMx3+hJjxqFP94KN8MqD+A9leyAmIPFZ5MhqxOeDDwy3tpwtn2aSDmsGlzyErhwDqU00DM3aTUFFrq/GOcaI9tTajWGeg1W75s1tqItSV4HknpHrYo4c1fktwyrdroJcXbsYGwH6piS6DNx8JLkkZ45WBin1AbN29fct+O/ijcb1wLWNzQYCDNeEU1UpHXCnbzbZ8hrnHL/PvvBwLVO5FafMGyyupzLIEF9cx1PrsNOLYGuHnC4lPa30ahkZ6zgA6fyx/3aQnSaOKhUAVqwCkloGAJLD7qOpU0nqx1U/ESep4C8LNb+fVzYViVqtSaVA+rd1GvzK4GFg+t/QB4cFn1KezXQAavoB1jKZJfAm9784mu6UnRahSANhgEZLdQdEIL2Cxw/Rg1HLp+nKoM4zSoSWezevEa5PJW7QBUaKG/K8b+LsxQgjbRHlLkbUVfz2KPKSvzNNy2xsFcqf6LSXAhK8BmiYPLaDVHDx0w5p7dCaLX3gVAvpIUG1Zqpf21jLh7GWYvg27vsZ9Ja4yzN6VjG4iS1G0tKV4LaPkurUoplUSNeUyrZmEhacl0aS5LkSpA6Qa0t6OE5CSaJc7vBC7sInV1a8Ke5l+3o4WILpOoqxcvzNg2fE4VoQ0HA4F9+fqcNBwI1Hqd1PD3LaLsBAns18UatAJoJuNiBe+hJEZrwW7mAUuB+v2Vf5cZ8+65tISdGJv5c7/ywLRgvtgl5hGwZwF1ktUru1kpbh7A69NIMpanRODUBuC73un/zx40Td4COo3jL0ZLSaZWdTtmiFZL2q+B9PuGdmGlYH7p0u76j4W5Em0+pDiDN02CkZJCu73MLTi/XdgwTAnsTy3KxIwk/CKwcxatwtk67hKjYkug70Lp1bvYKNJKFspQ8MxBK2gN3qCkRZ4Y5/FtcvnSOldl3N+xXwPpPgPoNF76mFPrge/09P9dyHV4bbLywqmgzdTc8rHCNsgDllALAVOYO7J5iniP9CyHCzDwW2p0ZA576s9rk55vJkWeokD3mcKp8UKwmXX1sAxaBfYbg8RxBGFKGtQogbkLTYaRLKaSrF/2ZDy6BjiyCggLVnft3z8HXiQANV+j84XsBY78oCBJ0oVkSP3K0sYbu8l8/Wi51jsXZeq6e1LdTVqv+FS6aVOTafmbzXIswE+Ioeuzm+7ZferdwYw98g6HwF8qZWGf3wF0mw4Uq5b+0YbP+IwDhuznVYOAzZNohbDxEOmWbT4FgPc3A5cPAXvmpcVl9juDNBsJDJIRZngSCnyqok+hFAGBwMjflHWsZTfYrrnA1im2UXZkN3q1TpToWKUdf5msGhLjKNX/wk7qES+XmsKMse1oyo1aNwY4vd6y6zND6TWbT7DuymE7NpC6fYC3f5M/bnSRzDUHaihckXr/BfahpUUe2HUPr6CXtdsP5CoM1HiNDKNCC+trbRl5eI2EE9hswWY7a+gisxm+Ti+g6Qgq35Vwf+3XQNiT8GMOpb1FnS1TcndxpZ1v5grwLtmym2DLVAqYmWtiTdiT87UplMaS1TS4nkeScINQsqlelG8ODP5etEbffg2kVD1gAkcuzubJwLYv1V2jUhvg9am0B8FDdATpcR1cpql+LBeFK9GqXr3+2vRq1JOIm4ZVpRXWmVHYQ47NKG0+yqThZcdBOkf9BqOEgs0pU1ggO1pBz+098ynz19qtFZg70XEc0Hk8v+tnawqWAt5YQrMdC7D1JjWFOuuyV2Bf6j9ieIjYr4HwFDgx1AoYsAA/8i6QTyLIT0qgFaS9C21TJ1GyLvDGMiBAQDztVcBFgWyQVvzzG2UVtPogrfmr00DYTJC3OH9GrykswBQzEPYj/zDU+q6UKWUavLrGAUMyqS1g9872acC+hXbWQMeUF3H8aeliHVLliBDYyb10gNQbWfBvS+NgnNlES8ivKnKZA3qTEGPHBgIOnV4javtVXDapi2AB+NIewLxWtFypVVWbJUSFkszQq4pebd8UYL8uFgwiCjwbQuWaqjt/0GaaMW4cA/YtFq+ysyVsfJZ2/bUVQtJCVsa+Z5AwzpLY/CUAbxWVbskvaMbYNClrGgcjWPuuS1bD2un3Ati3gZz5nf9YW7VB1psrB8n9kyPuqT5FUmp5/oTyt2yMfRvIZc6ktiehWeJppQsv4mnTTYqQP4EJFWjZOqtw77ymnaLUYt8G8jScKvDk+GVU1q2P0IIDS8VnkS1TaNXN1itu5vA+3HTGvg2E8VCkmY6R22cy6rbaI4nPgeP/y/z+5inA1qnWeVI/jyTxB17+3aTnaLixfwN5ICPqdvBba43EtuyaBeycnb75tnchsE1lE381ZM9NbSg2TpRPt7kXDNy7YK2RSWLfy7wMqR+axR4nfrbmaGxHzCPgj7H0dy7bGFg/OvMxKTru3bi60ZL7jhmU3v7xLvFmN/sW6TcOhdj/DHL1L+H3kxKo357QbnvRatpdv1Q96lGRVTi4FFjRT3gj09higAc14nkJhvPfOgnMbSG8iXn/CqkiZhHs30DunBE2EuZaXT+a+f12Y4Cp54DGb1p+7ZajKOV+1nWqOfDOAqJwUjwX6O0ohlj7AzHiozM2Tw09B0ytRTGgKXvnWz/jWQL7NxDGb59kzEliU/zWKRmPKVgGeH8r0Hsu/X//RdR/UC0l6wD9Fqb/f9PhwPwwKlZyzaKebTjnUjebPX7/nP94xp2gzO8lxZOqjFFh/9JBdb3YdcQxDITNIsYnVcR1WtaMNxF1KF4LGHcUqNEl/T2vnMC7f9BnamAzkLnkjFcOoOtkYMQv6s6pN1cO8x13+RDFMsxN4l0eFmuD9+QuMKsJGcc3nW1Tky+BYxgI4/oRys366e2M/nf9gcD4Y8LNOF1cSDFcSTtjI5Xbin9WtzcJOWc1Lu3na/yzZx79lxnHoi7CWc3m3D4t/hmLfRa0zVo7+QYcx0BC9gGTa2RUJi9SFRi6Uro2u3wz5dq5PgXk5X5qWUGwTinM5YmQafF27ShJnxq5fQqYVJkUSqS4+6/051l0ozaLOsM6ELwr/c9Fq6dVi6X18ePpdtpzNvDvViCJ8wnnz5E9m78k37mszZ4FJD4npDL/+Db19DOHuUVLe5BAdKVWFO+9iKf8rugHJIotZ3hZFMcxECPdZ5J+qxLyFQeqdeBfueFpZs/ZhjgNz+zA6H2kBHlwqb6rPCf+R2WnpeqReJyXD+DmBkSFA0EbxZ/0qcnA2S30siMcy0A6jFVuHDAIu7kpaP8cyyEIrWTPoWhVKp9lr1bvUTvp3fOUnUMJzAiuHxVeBncwHCcGYUSraHfA3Icl3YB/RLrmCsHTpEWJqnqx6ul/LliGtH7f/d02ogavOlXaAwsfAZ8f5ooDHctAmIvyREGVWnw0sLRnBjFjLp7cpV7pUihZsRGSJqrSDvhwJy0dO+EnLBjwyU9VpO/9AXwdQftTk05T+4Wc+TMc7lgGwm7K/Uv4jn3+GJgeSG0HlMJcMtNdYyGUaFSVbij8ftX2JE/jhJ+oe6RGY8S3AJDbn5r3dJlIreFMcCwDYfy9Ul5Q4el9YGFn4IFMqrwUj2XcrMIV+c6TzQfwlzi2zYekvO6En1MSAthVM3ZEdjwDiX1CsvxiPA0HvqxNCXWWILesWbQKn5Zv8ZrSTWB8/YAuXygfnyNzXCKDu1a3DG6W4xkIJG7eZ/eBb7poo7Qu13rYzQOo3E7+PFI78kaavpX1EyG1JpsvMGwNSYUqbS3NPAMxOSQPrwxtMxzTQIRcJxZzzGggnFSnhrCL8sfU7iF/DI+6oFd2qvFwJIpWBRoOAkb+Cix6TMbCs0FrJERCV5n9uxi00hzTQMwFGhJjgWW9qPuRVtz9Vz7WqdFFPljfO5+vVLVMI2Xje9XJVyL9z8wFZcYyLRiYcBJo/SFQpiGptotxTmbxpevUtBw8xzQQ0xkkOYlkQq8c0vYaMRHATZEMViPMNZBTl0+IoU68zyOljytZV/kYszLZ80ovZJgtx/5HqUAqMxh3FBglsat/+QAtxohRvmla3xfHNJAIk8aYexZobxxGfhopL15Xron8eWKfAOvHSB9TvIaysWVFcvkDbT6mTbwF4UADieabXhz9JWt0pg7DQqQkAysGUGWpGD2+clADMVVyV1oZp4R756ld8fYZ4v8QvLrAR3+kOgwxfPIDOfOpG6etyZEX+GAbsOAelReUayrf/cqFM0tKqlnQlYPArtnin7t7OqiBpKkIxgO/fkTp2krI5ivt25qTFA9smgh8URU4sjqzoTBfmbfb7uo3pXfgE2yshm6O7DK2C5Ulz7pBmcBK6m54C6sSZLods4fXhrGiKo6OaSBIBX4czqee4eoOVGgJDFgKzLkNLH0G1H9D+SUjrtMNPqN+xuo69oSr+TrfOR7fIhVEIeKjgZcS7oI1YDFV3d7AoBXArJtA34Xix7p5AKM2AQMWK1+mhYL+L89lFOJZDLp7NvB5AIl4XMuYoOlY2bymnFwr/hnzW6u0p74hLFjzKZDx825fAqc30OyglNBzwPR6dH729KzSjvYxpMZjyoWdQM2umd/nqepjM19ufyAqTBuxOO9cVBlZsQVQqgHgXyHjLFC+mfh323wk/Pfg5Rln4ilvzlvKS0rzZy/mqharCRQq78AGYg57orEneesP5PcU8pWgFsqn1qm/XvBuepVtQjXqLEB9xtGO+uI+4ffvnpH+HjPIhoOoSIzdXIdXAAeWkF6WGhoPoz6CUm5U4Qrkkgq5OaXqq7uukYcygoBG2MNN6cbv80jg0r60l2MbiLsX3TjsSVa1A18vESOt3jfk9Fj4JL72NzC+HODhzXf8o5skQFHSbHlYzPVi1BsAjDCRHk1rBf0F0HkC7bE8uExLnpcPUUmyXGtqZmSDl0unwBgpVE64Ht3SzlfMQOKeCVc+mlKzG3BomerLsBgkC7RCsjLZ81Bf80WPgPc3A42HKjMORtlGQPO3tRkPC9zjJPLDzDmwNOP/s/hDauMrb1Hh99kNXro+9UzvNA4YvQcY8r389Zu/w2ccDDHRvEQOcQgpUlOAm8flj5NK9JQnmRmITmVpWZh+C+npmc3HwvN8TS6StWGunenG4YbPpH3tC7v4z80eFl0mi3/u6q7MPRJrcsqjui/HX6vkjyla1ZIrPGEGIlO4YIf8713pjF5eoiP4fWEtYcZgVBF5cAU4vFz6+HvnlaXus9lErMSYPVTcFdTTi83MUrvYvJz53bDgIEFAXUuE+i67hsYha8hoW5PE2MxuilKY7z6tru36ahz5gf57eCXf8VIxijkeXhlznUxRKhghlmWsVf9BOSVGz+x8SaEChDzDPtcTEdApzyKLwwxEbaD47AGwuKttm85cPwoEbeJvM3dTYX2L2N5E4nMgUUG5sJh6i1bdrA59J58U2lpV1WXqhlv4yXVBMLYCyHqSdnoT/QDYNUf598KCgWmB2tSMWMoPQ/gEImAoBFOCVBAuV+tiiphSoxJtACme3KW+J1KUaUgigQoIjcWhqUG4zWaQsEMPoOJOsQO2fZlRo1cO9vRc0j1LtCdOQ8nY7wbx1ZYYkUqneXyL/zxixWk8SvJibp45mybJlzg3UJb9sOoq0taG036F945jZmgsONbM7IykBOAkp5wPCwZnNgIiruk9Kn2Iewpsn85/vJRaSpACcbgQkY1N5t7KNeyp0o4vwE5NBjZLrLwxGgykTUsOQqKwftVVpPWASzOQi1FIWnUdg9iEyHUGe4I3xWP1UEPn1VeYrV8CDzgNPLe/+Gf//CqdJm4kaDMQHiz+uVwMmDNfWroHF8d/As7vFP88d2GS9ZHDBSffO4G+92KRNrj/5tGpZ3B9ylk0hwte0UekSliwK9Xn4uULYNVgZatAWZZU+boSI1L7BykvgUcybtazB7ScLoVcpi2jhIL2E8v7AjckHKFW70kXlrniZO8DeOPw/fT0iAyO5tSgtAOaA7BA7+YVgz3FdkuEYAe/zXJNXSzi3FZgz9fyx+UtJv15rEyW7LZp8gsZPHtISgwkIQZY0B74a6WwcmXoOdHFB+ZWNd+BBhtuIUPQJJiAXykPPIaVxYhPqmAkAIu2Il8J3LMB8+5mztplLgJzrZTIhL4KsJvkg22ZRNIycP8yMFEiTWPMfqBiS+HP/t0MfNtbfs+kXn9g+BrpOOPKYWAOZ1GZKS6u9O+ZIy/FU+wat0+bi2+nhsbiEAvIWcxhdKsynEbuOpNros6UOuiPZDQFUAaAj13WkQxbQ9muRnbPAzZ8assR6YuvHzAtRLwKMTUV+Kggqb0IMXoftTowJ+I6MLES/4Zi/gCg4WCg0SD6sznx0cAozSSNmAFEAbgUEo19G27ip6lBkFz++n8AAAD//x23AZxFiHGDAAAAAElFTkSuQmCCUEsHCLA7rwpwOAAAazgAAFBLAwQUAAgICAC8oWlWAAAAAAAAAAAAAAAANgAAAHJlc291cmNlcy9iNjcyMjFlMGM4MDE4YzkzMTY1ZGEwYWEzODRjZDFjYzg0NGU2MmRlLnBuZ3S9CViOW/c/fjcoQ5OxQSocU06DIZUmnSTHlGhQaSCJ0oQoTQ+95IjiGEIpCqXZkNLshBBCVESlJBRNmqf/2sP9PI//9f2d63qvcx1We6+91md91mft++5+/1m/zkR8rNxYhmHE/165fAPDjHnAMKIPRovAnwStCXeEf4lsXW2ynMH/9BnlBsO/xnittN7DMKoz0f8EfK8Z7GMYJebv5Ybmvu9bPmp7TP1YkfjJc6zG4YuCCes31k1yHTu5NuW88vzQsd8+iwrPVh4lkfIg8jIjILbNN+TgLlHhPHEB4emH7ucUvtAuSBiQ03St0r2/SMA6ySa3wq2ldka9JsP+U7W/UKNzR+fssQZi5A84vSrpWcZ7vKv7rRmmpVasp9pzZKLZmhlZrfHtIQLEJtx6oHvPxuPb+7JGOoOLy4QYx5Ht2YWjvGvPNJ3qdzYPWknMihZ8K7eziNmcUKhiNnK/bBQ2Cx5XXyBbEOZtY/wtVITYyd8601r6qVmyIdg2bmw9w3TvOzLwUeln1HYF95rln0JHU6t/82qmPH/oPpC72txQnimqeeEVLPdAb+7sU7nGb4Iu0y2nf71emiPzvCNWdcMob4bx1y4ecpbqeV63ds0AOJZNrfS/l9tp+GrEDjdOsJASZTKyFn3YL+pd+8bq1TWLM0FVrNXKvoKUsikf96uZ4bV0ioe8pHp+yL2ljkkSu5Y46pidldsYcF9i65GBG+B+h+6GrKPvDYSJVcbqnG+3VE3Tyk1VuKttkOpZ6yM79MtNbDCe5kNtZ/9OjcR1nv0ONmws/M/AYv3KSysTBYlN2Y9Prqn9u17pPeV6Hy/iLXns78/bFVKD1YlRnfZi6Sz3BRcbTeyu4oV2H/H/RbwqPP7UQIFYtU3q32t1dk7lt1eRiYe0GE7+pU8xfx4duJ5zXD817lfEGGKlewQS9P3X9eBbs5KUJBhHT5fsOZL1BX7ZKzQ849oixhGrweMQB0krN70+rlu3R2G3ugMXD18h2OEovioY+jAp3jrorjFeS80l20UcIJH3z07k11Lqlwv4JW7/PKEsZ/nkBwJMyw+xnhmGHzSL9y9Ylzx3aAKN1ohy48Du3v7iXuNzrPv2i8H9CyZRmma91yiiG85VVsfdy3Z32PuP8lEhpqpa1mPOoWzRh3/shvyosfBK8MhJCXv1Z+uDGdj7yEUfXgh715pHvuopTRy8RSHh/RUQfanml85t1q2sPeBWl8XenZOvOdCgaq2ZVxvZ9S6u+h43XJfgiHbx75/FP4+aO7iQhKJoy+Nm91ebP9zV8ck8B3Z1StuzL0nUF8wrm3nC4NFLtSkUXlntg6UZuvfW6eRz95SGPd86/ypPX9C2mhbRgDMFTv4mFjjVyb8Dp+inf7ZNsr7tXv9MvNL2bIhX98Kj/utJeY+joci9EThwb96K23mRYajSHI+MM/wwbm7ZzC4IxEK6lMdXUtr5dni3RZtH19tv8pENhLKOnEiWsV/xtMfZ50B56xDGw/lPwt65cSQzzqNIZppOkcxIbseZeeZ1KNtuw5oZ+8MSh+rpRuXfSUHfV0EFzZFdJ5XlJuK59b1afMdqSlkRyab739a9DThwcjXxd+KDH7c+5cokQC3fILGuq7wa4CDhECyj+IvrzMBl4swsUYrM08SZiK1cZwLNYky+TzEbOExNWsvXRvr47b4U7nqKa7LBbkUtOFNK2aAw3XS/BZxa8SNvo6SCYy80kiiyTaFE3rqE/dyBK65IbM7RaheA4qKICkWaypI08AKgqDg0g7tEmm7E4mEZo+A/KFqjKCjOsYvoqFNAmAiRwF2JCrIRTyqPqukwp4uI/vwk9zbvn/8Ux5NFQmenZz0sfmtz7jq7xgxwZEBfLng93eVY94+m6zLPbx2+AfhULx5TH27up3DDYUUjrXlO4NuE3CRwY8o1ukSDZ1Lp13LlVcG7KHrDCHVkKWHEaRnKFyaTsDcQPx2tGrvu7lD1sA0zo7lrjwTK8BifaUB75L61mnYVD3ecUzGmACiRpGyhOItYqKUSALjK0qxoBT1pszuO3LhKGSyLtBin1evZXRIrE5fgzhd8h9pkEh5vdlXBNkZSPduedq78OMM1uIhanAWOKD3dvK19Ht5ndH2MMeXvBeQ0bZuux1qGoPO2TcLnFfZWi+PL/uCx0OTM77eNXV6xK9hvXvDPh2fxXaESJG0Rrqoe1VsXl56LxhENVfJIgK76SNHpawShF07hwphg2XNzKp/s3ogTK/Xgx53vC/vvHHttRDbhjJzpCLQGljp3kV0jXXdz/EVNM9+5xOJkZXX9J1eV0jX0oFlZhKUVpCgCkwkD7DrFuinxF0n8FlJPXrqkbzwRZH2YdpVUnAIlwdD5hJqr6jewFodJ39xCKttLq+OALfSo1MPXMLimH9VZSig5hLCD44hPubPd8e3vbnFXyLwfdb67NFF3G9mj2zT2Z9L95L43/7IW7Wrfk7++Vl4lOY1E4mMkRCJWZWnp3/SkJbGbKQ3r/o/Cy9TeM+xL/V1CwsiPBp2zJOIHSe/O0HnUqVbc8Xmp9UrMdfKAr79I3nWjySL2L36Vu66HkE85RUMebrLewbhJzoL40dTllWkZePfrn0oYwxKG8hEp55d7fHl1wIsEVDcfXFCBiPfNpRH3/avR72qQ7NlQGQKMhmbMuHNWm7BHWZSkGm+aPFfvDfEhyI7wre0S1kv7l8UaSX4TD4fKU2yVNru3e2WemxVPT+pkMun04x8DO3TbyBIFDkTYvTtkRgN6M4SSbRsBeK9TYE6ySPqXjWHGrBsKMkTObSHto80Uul9xpeKjKcfYUOi9IRGXx2flONF+rDJh/AMBHAz/tPPLf04x819PoFGSGKXajGrg6Oh6soIQZdmXJCPhhpB4VGW6y8FPVGXyGf3KOagEJmEDreWkBd9ezDV4pZH0XNdG0hz/fd1JhLzkTCnqgEkS4VdJKwK92BNNDkcan/jcmsv+vBSl1wwCzu4nbML/R32UGF4dONkO8P2JcGPLLaAT5IIMu0RbAq2yByQdqq61QR7HXv1pO3YG5BwlrNeD5nwhAd44WmULpSDYKB33TZNJzq+SUEaepJXOYb1QWLsoYgmospekmcQYEXRnDhphL6BE/iD0KqpF0nUG6VIAXjv8MABP6WjDE/GaB3dQrRNK0r2u/9EixKrzxmFFSKh68UGlcBfNAOkGiHYxKbPeyWzKA7EbogC9zcSNDNI5g5ZTN+qQGwOaxfcUJhvKi6bqRrxRieuuI0YFJkD0KOgfWF9v3oZuAsLdnoqB1m9Efp07wO7TvSJw8iU3cxINT4W0iqSyKZecFVhH883XzNDs3JGvRLKerYE1sXOYrrA3gFcIkJdOEq9Gkqal2tAXuQU6/J9tBBoAnGgg12+VMr5+xIctbF+tl8BJWSZVct+fKGEi7DjF/xJ6HafD7mJyDYq91qThITlH6BVKr9bcmO84i0cne5r4WJr4f9k9REfW262ItTQ78I14EYRmk3WeB0q12T0GDxJ6nUVKJHceGeNsnk7H4BpdX6cDxQ7dTI1oiCqVj3utpeOt755ko31fUo701VKi++0tKb3O4HpRmFhwTBUmg1uChNbOEnodp8V6oduByuw9qIxSEtEYS5Zep9CkSMSsh15iu/yHMYGoaTxUO2LXHK6nF0B2mxY+Klotji0USmixnXNn8+47HTR3mhkuRk5sD2XXd2zSMoTINCRNutHgecqu94/QgIdM2xhjIhd8/EqkIrG4RwXVFDd2iypvKHmQ9ZHTiUUuVTLrufGKoRPQbhzyuipQMr7ZNqUzxCEaOFz+KSTvxjigRTfZgo+DKJCTLiMjs/1FvId8GJQaqgBdCCUzoFGMRqCad+Bu60JScasxv3GMIPDaAUNbdu0UgajiA818hUk2j9SC1iS/fJWLYdUVt8RYZ0wSCcnex7nLaKV1b8ZbwYqQ7C0cVcfaX9/SkgBi4xZCVHFy2zxJd1VzwN7uQw0Hhf0RrI7DXhRrT7tr3nHsRpUGdeOtjdJRIRzWulzaXR9i+V6UJlNWKIZElSzriFDQKtJd8wjL+c4rN002RJ3tEBs3jokZr7vGlIOIRUw7KAhRQ5kZc77u1eTTj4Hv1byIiQ2UwhQAey8xAYdNgfLfwGkXYvKpu9n1LU3ZNO30YWnIv3qxAEDMkuZfBy9RCLPmraX531RyyGkh/2EHSP5vkSVMaP4PjcMhZwzlW45vnXAvUPGEtAFeojaZ9jVbEozR9Y5zCNc6k95ZFwExl8u7aKqSyd3EnrTXnUS61UVRIVv6J8kKYD3yot8d6PLTcbDqfKmeXs0z6CEyVgi38KL2bzBRIaRvYr2ou0zGXDEyw4TSEcZ2Mwk3QCPE0sE40tJMbjY2kDCliU/hevlq7uxTUX53RMYRBkRjLZLsyVwDM2Uy1p7EXmYUspJqA7uH0LAVyboYaSoDTmSgPVA6jz1IUWtielxp1FwxUpG584HikBvX2F0Egq/ggnNSIujT+1Fdthb4fhxvCUkyyIrNwUuooaMiuo/jLlF4GV9+LE7BBrqFtOo5XODoxmGi3eJLwHmAIrx+DJv1tuWkwxpifqv7tpfI2Nc8AzEiqhYS5aYbQxus80QWe3WjxGofaoEXnwn35LHjy2zuQSRYISumR8ClRgg/x4YLvwwnmngs64scmmniV7OJ50yzxCW/UAyfZTALHHn7ba3nFWFcihwliaqZPJ7tzaXDyylh39mCZIcEwrOGmOC0tsP4ZAtHnTAG3MQGXgy40BCxYPFivEPJNt2RhX9CmTWOBx/IURkLQvZSeBP5W98S3l5GdXYCfpykxKSODK7ricW/5J7Jegr8NIFO+BoYogoiHnGIwSE6thrzNjlK+usRFUxtirTYR3ENOCOevaqPoNqJeqsSZRWNEQQBx4oZXo8ljTphtty5tL+O5nrRq0rmF0ec95Z/yYWSrQjPYEuI5oIfkWayr3GVRL5JyHVtc9XPFBaEjGFstZUShjWaiizaojcUqDVDwPuEYH+Uj3UPhHT72Q4rhWlH9xp3bIUFABsQMMxtKnFLXmJXTa/QBtvLYE/gRL5LiJxV/4AtIrbQWgtT4K6hdp07txaVHSAXR1N0STTgLPv+wnOrRi9ewCCOXFnY/uRuUaUNWra9REZOEFlwDBbRqXWDKCzeEgFIwyeWv0Zm1/WYAQeTabk9E8AhQRDbr5BmhmD+DzLw+gBTo+7mVOd/SEhgO8f0yXiIETuODaLfZ8VGAclO0eL6KvGI3P8eMcEolWBHmKncw4q6kexvwTeLEhuf9jS2dYXePCxO8AGVEk/aq1gk3kSGzq7GfAbm+OJKHHfyjFraXf/muln31YKQ7CVs4AAKzyJBM79RjF2BGTaCAQKYfjRCMefjOaKtVstyvRx8yKZ+/ViMwVnckif1BjEzuEwErZAyBuERVtYs4Eaj92+a+xQkBIpKz1M9KyjCXSTiKjf3bQFUVD8cx3U0ZhnJ/WO8QDl7Y6EKWzgG626OcEUExfgn4ga78A22avhOxtfSKXCcjNiRG/f3KCAg3CTp98JlVzib9lhrVPtKEqgi/qPpv4e9cYLAb4oWPKRFDBxLiKYNUUV/GxBLSy6F4RqY0AZbh4NaW0lLbj3CFzYqiqENtg1bFK7uK5AvGFa/uxIsasYQJzISSIsVQLM4x+lsZfV/uyfBn0MsYBnROFJtwqi/eu0i9/ynG9HPwgnBRmKNj2wg6Gp1pHiKrjTTIWY2OACLQFi1vMgN8hW8vtFpemkxAdyDv4VF5E+BkLhg4qaOqKXu5JTLqLmugs2Jf15XKcsqIRcy0tnmepKB3Q2jm3RhlTp0M5fg4OS4Hq3h6LDGIFUEcf0CQbIFBCOoktwXHJRFbtihY96aSDyEYwZEEjFzhfxtObnHvysmQA4J7dHgKsm4LvKi7TWdYSYIc5cY/JdkWwrp+qI9q+kMI0lyBeu0JZJAb5FDeyScAw/+oh7A3+reAA9sl7tfxlG4Qfvqf0I8gzByQSRWgZnxHO2rxqIkTGDkO548QhDHD3kGU2hfHSfBBVzGRPZiMGQJ7qvz0S3p69ddiTxQNYFqzzF+c8QdGQyvomPrG4ZEAg6qk5pzvABQ9xV7atBFlHSpGG8XKyD6zfGojItCQpvNEMv/I0BOAUt0W5IK46BIyvdsvQXdbJQI9xRaoym3PkDcGl7iO+y8CWorbBx3fa+T5B5WSBvt8GkVifQ4PoNJtK6+oDOEzkzPOjzrD94Gq8hNcDH+8WE3OrdsYMjxoF/GW8aYfEetDHmAL+IQ4NZxDZjhh+QKthg90in6yZbVGV6QBv8hQmqHKNZqoKP+lOOWJRAZHlem4g61z4TeAc9geAZb2mZfH1qoLKSLaewbeaRns4zngoIhIdSTaANffXol5MvzQPc+S6jLkPRt24uay58T7SLGcjPhuxVCDWLuCpok69rRlSRiMRFuIIvQNVxs0ImDn7BF5VpaV08Y3hqGXBHVqy1ZGV/hEvZitwAXtRkzqYhCo2hdyZQj6KBTeAfVoUSKr+AGb9IRcT3vGC0HSVnV4UOg+zfkwCmeA1VGkpWJX9ZOwhc6RQtKm923aI/m0pMWQ5Idiv62TibT00ATeSDJEFYAD0S3kVCHCmALdkgR57PYRRqoEbLwOgq6JTTd4LjKOJ6FyVV876+F7yJDlQBvo5QwATZpSyInthLxJIAWqHKhdxNKDGZZ3SYBWGE5YVFDbDEHmjjqWlsZLnkUBd9Ij1udPHcaZlE72j/HCZBIwkJMsN8JVyzivPBYuO9ve8+w0FmxzWY8Dhs82aH7utdJbJoCXkSdqpYJfNugOziUcCM09rdNoDf+Pe2KPJN48GTPCdSC2zYrpJmkQv+MGOYBM2Y50asHUWv0XUWnFMVBAR4y75EHtWrKn83ZdwHw4O67Bg7+9HTzZyMDLh9xXKzw5dBSR9xEZ5AmGlgnyoVYWz3h1RDER20zURN9z2ObKm0S+y0IYL0KJPbdZoo8jL+gN0NXsIUeFVCKnTyHW06Q+38JRUxplFcV2/ksUskFlRQ6Rsk8AMBDed4RQsijNp2j6Me96Yiq/0GI66SWFsgWwKAokmhau2j6Rf15dSKaji+n9qoL4Es4kn7F7zwP5M/iLtrshTwIvR0wf8Xtlpl6PB/iLcidkBGi5ZYEKp30X/CcqFMkTbQuAy0xwMpmxUbeJm2ihFjlbVCb1YRpPGMHr0MV7Veefaq655UWehWhyGMnIdYBKUku9XIUzTGzahdhWqOySbGOb4cwwu2iqBH72pNyby3W4R6EUbAmKL+MIpGA+vhCcW4yGdMUzKw6b7B6Iy9M3Ir4wYOn72wyp2h/wMrtK2HW/scSPCel6X3UdEStQeuoXo5o5i1SdcrNPAqDrlgCazM0tY1bVBkvyI2mo+hZ3EclEIO3NVHhJPmdbxFvmnSEqt79NOmhe3lJb7nAPuEuqk3HhSb5lSFqA/28E3m0On000m32xyYDrtvluboJSzeklkPRjUL4Q9pHFZ8LcMWd12US7NAZaDCwII9YBjZJcLUbZ2a71wlXwLWXMBJ3j4FbBUT4/tYCP1z3XiaIrtQotwYqiXKlXdGp+fhGQv4MojVNWt3FWiQIKJu99LWHaeeRhQ+dTPVhcXwIsOMYvMXTiTx6HIXv3P68x3BVV5HkPPySjIQpgvUxopEHRkuQCIINE/SUDEgSZmCRd4bKpohahisN68zIyzESG5GwioTy7t/1qu+rOLvGRFWm6DR7IyGPJgdfZXBDYYp1mskoPujR59ii88FCoZqNdw6vGRbdpu1UCL3/UOjKVlg2n0lYEsuuBv56roF3vwZU8foxoxOPn6wt3SWAqK40CUYTfVchHnQv0frai/7ehIrUkl28dpohTVOuBjsU/E2kk+JNPgfsycWf12igQy17FO7rDO9vDeeSEj8KG8jH0rsIyUpeO667LEaesCwDOvbqpa+66G/iczJkCamv+zAy1LXRlxcG1ovzajx8FanxZeBDVTDyIZbPB7P5JOU7EU3Ra0f9dbwNGHTbhrrpFpDijsH0qlfxGu+QTGE8odMdaAM7Ip46F8jxSq9tGlbK0xBL7Ntz//MBc14MiyTpfZ8AFH9dI32c1iHA/+PjKJdCMTBtg2wb/STLZ3IUVHLH7LGiSxGPRVZWx+nb7tXX4jtGzErSSa+gbb7doeW1iw8OuiGkk35CFu2/yMVPxDNeNjjS5NHK0s8C9KYNueHN50aGEOmexaAJinqQetoizEtElSHpngdBfdWl02fWos58sZCYSrrnfWRR2IXV04hB989pmuEqti/bLv21Zvr1k+skla6ftK9ecDj6r9fXpBe+Wzdz54S9MuFiE8QThSYtUxIf+2Fl/Cy5MTvGCU8QHCOb3FrwMck263v00gPqjwMCHomaC3RpzVE8eNtq2NZNfSXf+VtOfsvddHXtGwkOpKndc55BRXl57mGBhUxd7An2BFtuOz/r3GgucQi9QffUodAiaJIgjyRbTvXP2JB1rGKLFKD9j48ZHs0NUdt2iOHZkvy80XOLX0NL5UL/Qo9Ou75d2bnOw794K8Ml0SKBHbUmLqhiMyKazapvW7is5PtxLfW3fp/fLfwiAb2/qGCwbeM0Oxeh3346WW2Giv6jN4bjAYnGYY1NOwMDTosdESDMg/mJU7gzLU6x4MGDg8hmVHHC86va936I/0+Aq8mYwRu3VmgYGDfWQS/YFT/YZdtoosAjScYgZWmE7ojUolATOETUM7VWl7evfJYIi/DUY1v597CV6JgrIY0acMwbEZ7/flLjkSSntmKzcewSM501QPZq8xpLcpAPgVwf+toVGN99NNZn4bDnOyo9zyruZnjZOp62NOJDapxPBjSTRy/Fm+8uzXkhks/wAG//7LO7GDghuga94/fr25ULedYSInn8Fs9/2f35erar6FqwsLo6uMnUtHWKSC6fxd3tJ77vku0cnHRWaA6Wg5WeFn03H0H98qrf9kbB0TfgyFdwZPisx6asrva1C5+N4iuKrovJX0PVFnj3Iouatp2LUNaNNvOtoZMQqHgJXSMts454H5O6tNiW/y9TId62jz4YToK+2iN64fvXpVM/CPKV1dQu46sPS84vPSnIFG3Z9KeBKYKd4zieOHD01LB6lQDIvo6emG4ISok6XV1zeQpf4d2f62aOYp0IBoo41g58sZZP+a7bMWj0TH6DAOOY9ZxmPJrvjF5tNOMW6Hlp4IEd38GFuXwucILVA6XD7vzz/spkhrlr+zSi69cvjy0y/BaF6raPdAF2bSAqq2cFD1n2HRzFc5ExuEESzhnFcH6wCc/gS1avMSkuUWvoqdPAh4twyrrJfEuUXQ1UtHu//MeycYC6mYA6PVsfkTS+JWR2svkOUWGY4zPBibOKZikmfCctGpdIauwTtN2Yyq19fjaKtX8YWfIlLC/ji3L/p9Vr5HcLMHU9YrFLTn/5fFdzM/8i891omQ++P/Cme9db2SS+hDqGmTedcik9r9MGCY0YWb8BlbkF3wa7bgDPFIY/ui8NgNoUq3Cxv3e27FX+FUwWk4SDNG4bAWRrzsnKF1CGAuwsO0KTmhH/VO4tOqk6SHxlFG4zYR6VMP5xtMq3AOqeD3YEWYIXRhsZrhwDQfmkWqbfZ7HEQxBLufp6i09rlt7PmMS/hke/6pSdEzOLF0Bvnd1YcuDAgSz1P0bxRt2igxdUnGJi43YDDztWNqbXKhsEMHxXcYyWF2DbY3JqyEKGyU2aWuGO+GyFAKbcF/helGlThPIaADeeIc0Gbjx/4u6pNJZHNszw+gH9HIDefVmG4362w+kjVFjIet6cyrRFJnU+BraZFiPAVD1S1EyKb941mn+FoFWB43e2L7gu8QpU392HHZ139Av+PhLL8IRhXRZEXNJha726OFO0eqq++2zkxtcxfIvEWIAbEHAjDYZxKoXe8eNd0qIWYT58xt94MbPM4MGz+3IM5yZLrF/5LdTigGzS472LRJi6e78IsQrM4UOw72QoAgg5upIrVKbEukSAD3qW50nI60TQg1gUckuGrwpTzS+Z/LR8tXSvENNmlbPlo6VJ5Tv1ifzgy6RprwX0xtO0S/FbtJyhjfQTw1BWPRLJ8KEzoTLxxbkFZaZm2seFGPkY6DAWQSczFCbzr3GCtNKD8kyd197inFQ46MFZfAetWk2rfQ/DGXqbEHodHVSZ/6CGtJUWDaeauJdZXhLg/3EYkkkr/QbQbI838tl7SXzObz9NW+mWaYxjz5/nYhMQrZ/hz8XgJVrm7wWYu7WU1otXUlw5bob0TkQnySDdtE2CyQjE1CrD0KvB9rU1f4ZCBBtl56ATeYNLfaHntYuEmF0RfY1DKcBwR07RwBX5PhVLm1rxo9aggZQnAcJJUcZXr3GKK6qLmdR/jvdZF+t3r9siyrTQSWIuFIQZI9aTZNp2A/knJOwfF8JzE3Dq8MU7uPs4dvYGxKRvnrKoP8NpPzM1MWg5Q0/8yGrJojPi4sFdxO7md93dkJ5PCkxdnw+kJzzt9pY/aHzVYxaGRDnUlAX9wufSYk5nLfjVvEO+Q4AJcrh3eKnfbXl+X5sswNdFxFeBnbUmkaALWoSQwFRsRtS4XJDCs8F1ncfAp/LtHfOpcZrZJYLlr6JMr1ujiGvflSLozezJIGM20A2Dm4gb6ymVGDBFsc1HfGyPePEH1/lNx64D4S7R6P3yIg1cy1vRsB37dOmRW+fuq0+g4JSx8r/7/em5I00HHqHfYeiV/DHwNcVsFJNiAr1CINrwD4aIIPW03dMzTSWf7yH5Glzro+B39/g9YFOvRAORM2/F0OZY2RX5QrN8I968LwXvzgne4LDcJuD4jStgOnpKaVn5wv8tOs5S86ONqvHnmsr2pJmg14TbNgL3lc92LYa+rHhtcFNkJt+y2dcT9octjPD/hyxbaF6R+CUhUWwMwwlc73FZblCITP8xnUW9sz3PGUEbiQwgZ5pOgCgLgiN3V5CfwfxkWZQwzGNlfo4fuhJB2zo04LDWJaypefQyPX6BOromvHfYxiNeboUgpb0G5bLzt659yozxxiz6hOitECHQjdeo3DpFyacoG9p1wbMG+wGybNYzzBCySiAGrn5YpvFBlCbgkZVi7dVbV7bY0kVtfRTu2Rq7gSTeFQLqC1EmiRay3bjdq7N04N1dPZwE3Sio2KBpJ7YIMm1yT1XekLwSuLB5dScx8N0HeQVfjUYxdbOAxCLZ1II1Sq1P750LuzoXrYNGWrTDzRy6dRPEVprhLICqceZ46ilzjaE5qwB/5LbhylFP6p/xut5pjbgMw2kyP+LpPNpFZgwtnOMJm1eolB23I9DyHQ8MVxx5XmYxUHl8itNcNzYLo+s53pkuyarQUStJFOzNB/SXupkLcBysI2xEvPii+vTwG2CY3H68eVs9aXTi0xiO4rTXkVwUgiWLwspYsuLawPE3HEycegG7p3aPyxT7xLf52aa/3r3OkMRlyKSn3Tum7x635H8McwxKFoKqxA1qJag8sy/eA7/w9hkaRHLAUCh/fbfQ22UKrF3t5+e7506V627HyXdMBgGUa3FHZALjtYntQdw1TS/cRxJ0YJCseXa2p9PXylcya5iioPlZ60vdzREHY3Jx3NyY63B3ccsAyZNlFCZC92UCzMAsqkaOcqHyNvpDt7PC/rnkUDpb7h73Czr29LIgs8/23kHXrxJsjtKh9TsbFV8hkGo5TvpUBtht1Eyp5tYqRt80u6YOPYM3pAAvlW82roVCucNwPq73uHIuky/42e9vW1jdXSzfQTx94YppcKo9U7RvVd9NVSGtEL4z/fUdmk07OX0DSehQsR6zq9YxP2W7Ot/2UCigVd7cXovWjLmBGtqR4CpRjpXl/4G72kYjhwj0awGOrZj+/lMUFWfUUv5v3L3vXIPWxHQd+98JGUbG+t7B34FHOEWubAEKp2gSUZMjdZJMw3noDU9dRXhpIoSiV4gC2qaIJ4kP5wQ4Lhs8rlSUaD7hq9G+gnMq4jF2CKC9c6jSAYBeBNwhjc3LpoZevu0Zv2gX9Ko6M/wai3qP1+i2RXO9+FP2NO1nn4s5G4W4nEVWQaswkzSDMhyxgVSiOYvHZPMWZUNLfrZoFXqZpNC5Y8mRoGke75gig7lZ6+d4ngvZwmOHjkt/2srpxuLT7LreuvUUNLQ/GK+vfL0XUynbe2NWo/PIuNPZw6OO8fJ6Kv5moVgWSCJyuyBjBQ0eesHGspkonHlHqToS4Bi9glGIFCfuENC2SxMbB5q0/4BUcqxeYcx5ezGODjCHzyOpJIYolWm7draJTQAgFSXTiWTgrkKmWJ3YDK7V2XE3ihOeP7htgg5uew3NokcM/pPj5Mv4Uv7AbYTlj4pFxDC14OidXpmNoWOYfc/RkES6LQ7mfdxtp91WQL+0w+hcu3csqHfCsK8bc9f+aYSPdakjAJPE8rgb1OjcTq0yWXTqlhSkpA5P1Wd2XQL28JpK8YPZ42u5UUMfej2ck7/+kklM8NELQiJM9VZe98LACPGujN9XnNO1eTw6s32S2oyuZq8BqIiNPKiRNa36FM4C1Oah1FT5l++/uTIqcZoW4zuP3guhboCRrp4GyFMDHycgH+WjsYD6ICbouLhRJElgCWtVcOvClV072sTwxobJL2buT94xTZ/x9QDkJ8O8wTtzwrO6L5E9i8rQu8RM235Mb58qpJjC1A9/XcqzluDFMfvp/muQwA9IMDPBcWS4VRcsKgPO8ADF+7uPijCUxEij89SJUgH+acV4JvjGh2UqRq7NZtwQvS3R3HlzULcrGq9beJncb6gL1JWBEFcx0ipeSUWho27jQtc+e1992IThuLzcbGwQMCa4ZQkTvLFiwZlMMT5PCb/5LiGWFQURL+QsmGazUuaFEi/k906+Twh9tMgQweJ4IkHav1Prlom+ctbABUYOEwMdFTRn15/YP7VEpISLU//gCCFWnR7NM0zreJdFQJYXB50fRsBPoxzROAw6SYTnG9FJnUPSaDnbuBSz56afHk0oUpgLVHGJjQrW6reu3O+xR+vtukJvRLYx+yrpcMwXFmeRSqiEHjtk2sLB81L2c+EMI9Acu6e+5QdZQKSKeEEzSopjyZrahzPc4/ZlCFTZ/79AVuuNWCWjYTvSG17lYxzDQG6IlLJH6YUaNF+yuNdjJioEvQ1klPvM5BXwlBGhUqqMLrQuxgB3wsPUh0OCvqNgmPitBJP1bH2cV4e0LkKGWlJEFoUqcNqvcVURdZGool4FvLmQXfxSdJ9zeOoGZiZEsrStCklzEiBWmgcGo3JgzJDgFQtdznHhCiK2FqAxxVrV2qJTFxngm8v/GayQr9M84yPmrMKHiTSYFMChgReIApjha92BeysSBQcHD7xZyFl0lHtqC9Wr3d+utNsZo8wMZtAkHmOG36MkWi6SAcInPbEhzeTHEZ9mnWOoNfQ6w+wAfG8tMHgQtBAa/vmK0OUWFOEQ+uUVRjeM4Gz6GKVhFZi+U5yRwmCiT/GRWe1qfJq5JIdC47RWAlFsUac8ql7wJKpxPeRQH59khRXJobpA6NWpFe5oTAUuw5cOIe1nZD+A21/8jyIffb3xmOWlM67KDXJ474QrCiMeBY4nB/x8ek6k1hBvnHyRzIPMqJbT0De/ffv4H6pB3JJkrPbsro70i25VwJBMxiL805cpGeVPxc2FHBjSFJ6ZyDhAP3p6RKRWGy9ZAUTqA3x2nWP3htuO6KXzghhopJFl51vl8JIui61e9TR7JY+rGsNDGs4hF2my2HBOZmv8auDcNI77mQ4nO6ItcG5KkKiFObB+4DA6eJUfHuUHXzUVVYj7lIKwmLJeYxv7LsBKhhSwky6LuXRMG/4JuEFJ5BclKxdnEdlGqhKPWGWnuhIxV+VXElb7c2lbHHcUJDDGIwM09cBIvKLoNcwc22XUk6A7MdKsFduddP6HvNXaRKf8AAEnPiFEfCRCKHA/Xm8wmIDuhEBZ3Ie/0AUIgjsG3YK0Dut5tnIBnsTwIAHdFrHeyUAc6OJJihtUFnTSKFGMgSOStWM1n3IUN8AM+FqQFlrD/ChZlM6JxIpetaoL4QttljhodChxiKIscWoX+001KpTIes4ZieO1JzZNTVegMj6i20am7ThVQon3t6zuuxkTU6OCRAauy3BvjTlZgRdK+tahqxlGxptVQnH3D84D6lCqQNRBQsSlDml89ryTRAldEZcw4spvvjz21OxH1zlM0Xwgj9bKV1p594O+lxttrFiISp0e3rXM0u7d67rOCJQgx3F3WuNvr5jc7abnKluEbh+olbL0hlDTqH/K9PDBVTaCylApVmyU8FffpUIkBjlM+5sSzRtTK1LLdIihFRnnhaa1nEM3h9ziQKZIqw1lol/xAhfDwUVTQHyLYy5vlqehpD1K1kSqKRTmQcfQsxpJIDP2hqhshDymcJ2MggwEHtgRcBc30ZZ/KMN1OOqg+0TaRgmGfh54A8nVL8cx7zZH416orVfbKmhS6D6ZFx7l1i0oOmJYOjC0S30NiTzV4aQHMluGFyJ0QQNeaoug83hxCMMZSaxAWIv5/2Et1oFUDX2Ow/yv6S251Oed2vepmAcIuM57o3B8ghcQrDXVaZ61TUTXjnyl6BcLDBdrTQriBtA/jAZC0wejeZdIfD4i8rg9FqdH0Z72qSifNmmkupUykeqmq1LVHWtG1v2XgO2T1PCm/xNsD1xIAZXFEU3b69c7wk8a2jMFwfRtTGrOrWv3myYQ2zT87Ee+n9uqMBOzrcpPGJ89Ec95vfHftB9P32H9HLMm7hfHE6AbIdKQwBlviyPj0wunVogR7aXEMDnvZ0X8IQTxOgv6POhkSxRvYsfUzk7s+v4YFlVyzidcgS96qvygSR2cgzMj9cDvRYRnx3btM+Li+nuI3SrKamtuJYN4vU1nJ3qVP0juLlPL5BClMvv+w0/mPnx3cjljm9i4JAlhEmdcM63jPQx4+i5kUW0qu1XfWfIJImpJBFGsGs5MSx6R3b1ObiCIjqBXy1G2P7CCCP+CDuOYTu4VJC7m3eXjNZxrltfKJmIfu232TA4ErAn4efPaFK6bE7RNlU3AhhIr6MOF0zd5goi6SAWRGN68zhGL7v29257dv9aVyHqYDR7e2RQU09+CrsYZTjCmC7HiCTFrZQvOEjVLlovZLZuZZ0lTyDGgajtav5A3o2MsZrMzetMoDLDBw1ANEJu5n0PPTk10ZlykeEfZvPIHdKY96DVxGID/8lHwG56+XeL64Fl0/UwuE2h47CLeg6RtEiJLHkEPoCSyxPvm8O6e6eZnK+OB9N9h1mXKruK7oX3rZ/HEEFmPDuhlwjiKMk8I4c9QuAy9k6JR6ehUei8UMAX3kKJxiWRuspE0IQP6wM0xrCm9FtIXwtipm4yvJYtVHupZwlRQnRi0TZDd2mI4pvScSKsB3tnXmYJsa48JeSr5qQR9LQHxswcd0GtIQ85wJoQW4o0CGZoTLkj39v8bmpLyVLm8Wry3Y9hb6VM5ALM7uQmg2WT/6zPkeQkKrrQ2tkcWx7HlJL6Q9ND8yQFZmeLcZjSBCx5gLRhAa5ykHvQtgB93NMlEbcnHvzL+nEC04kmGG28yn/uPI7hdhu6ZxeYzd3dd3mS5qLd9NHdnSFPOlo8HTAUwoSgk0ecbPV3o6Ybz6CaTmeyx8Vjnn6EwGR9bnoOfc2ySbDtEuCzCmAteGOsiO5x+BArj44hexwroyOejQKSB1moClC7cb4OmfQmj3YAoqZlNFGhFZZ5kQB9cJsxiMlchE6iiRxzv3aZJNJCpfgjR3UEyfGlcitIoS/ItSSntgYEaeeo1pMRdkmqg1snENJSo2u2NkjCX7N95WBgfh2MnXv90+xEY8fwJJnt3Aqd5TE4tbsePC2DCM0C/oYNlFXsd5C9ETN2J9m7uaD1DOlOEATdGTx1WQ/sMFMAh0k0mz8ZCA1auIypo8KsQDdOJZHC7VPfFgACpCR8qg0R9Zt5GM/oyNKPj7pDNndH1GVy69mugfdsa+48WbQBig2SGKjDk6ogkc6SrX4gYrt0zeaht1uwBXyUFfffZMEMp+jLsovRC6D0xvfsXMFugdbyNiKcz0xQ6jV1wc+NfrrEKcunaBOzN5GF1a//l9JTtbfESDHkAolnTeZt0pvwKwmypRAh9U50WJI2fanQ6EWNO+6Fs4LZBT9uIsfjkVdr4aq9rieKBjUEppTYiBuhP0cMXzaNRELKnui+aCdyrdqL+dCw1p93a43J4frcAhfDP4BKqun0ICbacIEro7qfLOoV5sWffigVlC+DSULeXstruhfyMIX7mWzgs/17ZrpxlWIqVUN99EbxqUbbh5r5WmNftVxM2MjyPB6mhCaLVdI6S1GAwQB6J15OnGXlHyJohi5HGeDhX07hU/E3Tph8MjVJPOrmBrMTPoRmvNmjzH5XfN+k+20ceqim6kOwcl35wlkx7GoSC2yTxxVC7bdZKcBPqq85ElnBCg4h3o8HGu4t98wkHD47DM/v3WO2864ObslySX0Qs4HczCHqU7yVq+0DuLe6kw43i5buFMsWa0MsPOEweUlb0PrmZgL5OGmhuimKDZOgu517LI15BHF5AQQwFt/oQyLetwe+/tCu6yRD+kFTjbk/5QwNZ6tw6UtoMLGs7PPCwP7j3/ijGMWuTJ3rlfZ/puxeIPtxQYex7DEXhMdndurixCwAgPvIjeDh2pFFUGl2rV1TvL84ZGvCxxWUBi86EYBhGxsYpj7x3w3e5TJ3fmdGqwUOWQ0M5KvjQAEDp0fUFMGsmtG79lInvhpk2N6S4Ia2Fsblj6lk7K7BrrnwFraVOQ5DYOdFnZwYXs/jsxMDO8pVl06l8S0wDzPAmIP7cLR+Hk7WjyEsH4EvVIaW0x6ZmZ0eiK8ehyIHEtfgra7DLtstq0RLyXgH6DZhZhh/275zos2dyfqU4NvP6CmnTbyzpN3FxI29coeedpYeyW/t9FncZ/5GuiP6AqXuJJhFTyedlL96QF2QRis+JeNc+N3iQsjSixQc/zmZacqGTlkHvLFy6mrwkhiJnq/Bgct+8JNAO9qsZ/Ei8AM1Jw/2p/Ze0L/LOcFDpZ+6n1SjH+dfxWTmBr6I/dENP+qz9xYXnXii4N0XRycZhecd7/ESX2WdB5HV5U3QUL3bTIHbpZiojuW/9tqUvwAdxtDI3qbz3P7fCXHSbh34U/UKcmVSP3fvlHwsiXjSL4cxW7fvxLglmSwU3y9nkVTUEF92jA2kOJuWbjVu7RPBxd0WBdGwtN1rUfXwNb7W/YTWQ9ug35dFZ76ag65+BDbcX8PLgYrj5FEJSrL0/MXKb520D8Tjw5N55XjyKIR53/jnQrzqlRoiYrb4AnLUhKMXBSYHnV7cW9muR39SQHkGcVfVzpEt+0Why5IatDlp86xfFrZaXTLpj8A8yMasBSk0gst3PB/PCJjS2/tjgJIu+5vYCYhZkNeZlR6Xn27vPCnjJPzjKu/ba2jdArzWKxLkyNA8Bzt2j/PgWE8c4fyN9Ks+U5LRwAxS/vt7i6qXNE7gQEVV4MOS+qbc1+ATkqlWagE7RAnL1YLutQQPPEM7QsdEcaCjPhSzXigq/MCh535aCWdyQCHuPbOudcPqL8oHWaehVpZBxjFc2JaiW15tXc5M1un7YPOvY3YKjn/WE8asYofGk1ez3juFfLvjeiszBLiuowkiCo2Dkm7Bz7i0+HI2uD7ImMBoYgwPXbUqudfYHHuFfzOAazdZkUjQFJFvbHbZbcbMFhL4ahF9FIn4Xi/MRi+Z9tdst+S1KIRSNrc/9xUgRmPzzCKVJ/0UyN03Qv7IgSyBM2+yF8Eo/kFy+OriptTN6FZ/nMWsLw6+jMIjiMFSjMMD0L7FFn9/zMg/QWihDerhMfPVg8IlxqCmT2KnKbxaPqKjQs9WAWPnNEkMvKYUuOc2fRzOCHn1REtAAEMixHU6BibfncusE9PD4sIgFqWoz+nRJtpto5/j10mU9fyRuGT0JDlaBlqdPsdOD8rPc8cs6fqtVBDoBSwhg090ICy305PdL5WV6/M60uB5ZAfKyYBpIqYFfL8+rcUENUmzKd8tXFdKnAizJSrHJEZ4bNFNsO//g8716NygKv0vIqUXEKQPk1P/sK+LH8i0V/jdpF3uEcBaH968xbZ0CQ+qXFfDXZX5USId2Ne+ANt3Wh70qmn6R3M48+4e8Z0SMIvYm70g1G0UsUhHtuKn+Qd6CwnnxVzYwtrA3ip2FWaLl9oQ96K2tTiXyMhV2Woch/aFsEs5d9997dlcnDG6KGqGvKmGXBb7jig64i0+fUYqe10FTzTMhb0RhQPVmwRBv0XQq8BExWp0U36wLeulCK99K8iPGQceS8gr0XXCAqkbNqnrqMKLm3xNeveK2qmvvmisJLzfWTTowNvovU8ONJzc4/zg5fbLcqjf/CM1r91jJYUYtNnfcOl+pbsloKeFRIrXel3wq7N1auxwCzFbnoc+vRtlZ2A2dc7WtqhyPXz0iNyzD5j0qK96uvRPkSXY1frutYp+D5cwBLfLGFrkykowKCvf2m/ykVQJXae5l3ULT8tB0p4El/FbpnkFBI5pqqvE9A0I47rZzX3gMyLu8S+Df0X65jbF1rXGD5miUCE6leWGs5o3aM90ubPaiI1Q5SuHSlapxSR5xXbaYi4pOJj1JcS+/dUtxJskhvnwRS7tgYmdv3BFFbFYrl7VuLFdxHVAjXmEtWJL8PTb+8YhiECEr3zHaRd8rq/8rCCPva+IRoX37a+Wn7SXn+wMxw9RZHVdTSEA+WVOfEIeEX3qlGicXePRF6yQcBIOtv35ecQOX0mfwudSSsl3Bx1s2v3Y+xszwSu991Zof4+5G8Bsdys5/aWByaiR9cLsA/j2D1t3b3qZnHR6aSNBHENx61eIMykwuYm3QbeG2GhcykVeruV5BieZDnJTTZ/SJC+F32VUb+wJdwSkD3n5SD6ZFl5t6b9i8ojVLDJ8vY7JL1tC3rvJ/hqT4Nvx5uavM7M3+V716ZKk1XQN+5eBV4G9GO/bWbjX/uLx5P/5dkDp189PW1YHWJ1r8KZTxv0zc+rUfNVr8UeiJQzVwg8WLPDcz8K/2CDfzzhF3FC1tjIWh9dEfu7Uv7tZL4iYHEqi4Mnluc+6OwQoBXKl3+4fy/h66fid2Ot8J2zXfG5ujYHXisO9bDaFyt7HsVuMLlVbQhkUR7zWSiEXDgTfXbd90z//NwGhE3ng4uGdAFGdlyW4ZlJXAsXznD5f+19Is3ODRmz34EHU+LFRm8S8k8ppApRMbOcrE75e0izp3NnC0YXSTAM/pVesMHv4Nx28SxPgtReVS3pwwcUBiNI8U5T0vB4fPGJmtOxU7HmQaHtvfdTejlsMVR7DSIwDw99k2ZaSmYjeu3e7+XfPa0Ci+5hc+rRwjxQ+/VM0MZnYM6mfutH5nuoyv9VV1iVe3Fp6uX3igDDdSzsgNrdwfe75uG2H42Nwp4hdGiq8HWcpoKKjmV7P7llpstOiFEEFBy42ftseTonbo4d7HcbIAr3qcNW6Z0nelseveShf93gBUysajH6rbdKap58a3KZmBAnxkHi50Jt3seeEV5NZEbLYeEBwYfmFzxDH+pYQhCv2qcsDXyOblm9amtRCFnmD+pWaWk9TcHoV/QW8/TU1P4G9Glc/i951QRss4OqSbuOcY/xhS4OsMISMVUL/BDjGLUNiKCh7f31BYM6WmmZ/neo12Tm7sdVqj54lPb6dR4Bt9PWjjgQj+zlAXeics8WnyyhgdvFDaXGAw5M0+Pm8kgp58S9CaB7Q6KIA8qFkFnBJrb3DJ1/S3pbKgfD/XxrhI4V/SfL/7zBsAb88e/pXszYF7oXithRG8xFIvPnv/xnNVawOvdg3lxVxJ7Zb9gaN47WxTz87+Np+WoancMoAAVH6UGR72/xOc2iWI/jTICpxqYp6wHYG8rul5PTg8riDsUecY5EOvBWWUnl18vCqx76/co0k5/1TsGYuNzKAD3d1p7Ze+ghwOw9NxjkZnYinEyQrHKXYeYfrWV3yeRyuF52ev0BixDCv9qpeFgx6sjBqQLP7aH68Q8k+TEr49jqOEXgxrCCvZiXDizF/C3Ta5R11/TV9apo7+TEufxYkTv5HEKsIoKFC+aRgngTL8W4W8RTgpiXHBv8uZvXslzokj/xrhf5Gc3BNBQA6NpznJ5+dT+Wv7xltA/+0UR0t3W/kFxb6/k5LXxE/y9/cnxNZfzT5es0cCG5mwKEk35gYSIfcaYpNHevhXZR17GjclOniOa73Nv1ubdI7nAtR7n6FbX87HjaRuO4aP8dGyqMEWihN8WebrD43non7ANH+H37arfccZHs4FTaApgjNSaYUoXqwj6Le11P5IjUtpjVsgQWw2EklQs5rWE3m9gfkxIwk4rkEA7SezjjB8jdH4B7KSPLLMOwT9FyKVjbu9/TqI1EUPM/9WYT76CrFC1Rs7xglPAb2B2sPfQBEMzOYn3bwrd47tHlxw/dFoXE2dj6QjylFaIpX4tH2GEXSdeMlXsvMxKmun5vt/RXkxPcTHzfcl3L6YSUe+mkq4AkMSOk+NoiEf7zqaAqN+bnqYjSt8eJao/tABW1/P37zWO2NpZqn5Ss4A/YjXMxBEa4eu/4oZzSfBREUv2y23sDdeGI72rjuPyHRt6VP/6fw6U/4yUQOeuqihFk2fT7tO60ElPn3sVdffNPd77o7j89B/ay1nS9cA+yt/eGIP+y4AxbHWjI9ZMhbgny32bzT496MgZUVNzzJ+kjq61qAkO+/YtuN4b31QbOW/PjVXDUzj97CttjLxS1MyYBn/TionEOuCKm895d+sQgndN2Alss8amtBVxK9CfEQtNGxJyCUbL2S3AaCMqniJFB9T1yUAudjFj8UW2QqZ0H56Fv9mkIWy41ImI4xMsk7GRwflq+TFHuTrPQJqs1Pj5IOP37g5GmUjfUtAuxZKj74IPx+KXbdbrtEvdWnBGPRnRjIUL8EH+cSoQPqXXxujJwFgolDM2iYcu109/Kv/24OBKfw03TYb8tOxZ2eAIApk6+NPa1EHur2MjzQ5mpEEMQl4oUUUMfaj+F1qiSbU4jsKna1wQ0xtwhKV+a1mSnx6VeRA1dDaztYyV9Aq3ugbLsxIGpIF2xryx/BTWdX8oT2TuuwWP1JF/72NhcwsKf4y9vTBAtJNDK3vFc3CJGIZP22EvHoWr5o+Q7YULSQfClJF42Nct74wv3yUb9FI6tNWBWq5jj/QsObhO/dYI7lK9CiPRy0m0wm1pGGbP8Gn0/1rv+WL8vuttRSo5VXo1+Oe6M+6q79+NKq87tyo97vRgee6rpWJgrBMVVmzWRSwSroAH9dL9GrC6ftkNSvwNy0ktc9hVhHjZ9aiWNCyJYpOrs/wh1eiWFZRU+IjcgGDRFLE3XghcaLoOwoE+Q/fFka14wIplP9qVjq2zvltKTWkHQ1GHhliUM4XXYBoRe03t3237Jzs7DMxtR0vlEFBovDbbuoZ35pkIq1OHQ9D/21vCax6XdKhpEaHXxUK2fvvGR44vx6YJUAYAc4fkKtfolaz6DermvUgsgOlTyyYgPZLv1FbFoWqyYHhu50QbTkKqASnbmKjiBuzb98FHhsQ5mffonDXL2bIqQvIqeFNlOqDGT7RK1El1Cf3VtcelZMOkpSDRkinFD3sSsTFJttEf2PGUfKaxZmGiAUaQSjB4R97670vAk70BPh5wLEsMyxxhWLconBs9JziJJ/5jSyKFmM2AVe1zhGcSDL8IkzLEXDi9+eC62gRCYvwTUjOD4v+ZjKB5OTmZDi+11ySkzs1v9tsANB2KP+7AH/RLP1p58Cb687OgZL8FFk0sqd/3rpjpV9PZKILyEAz4NGEStM5FZ38ElxgMHRY+5juCxlPFKFc1VBlQMmmEiH+xtIWSTSBxk/k9b610H0/Rr59nDON/+ic2IVD8g3gU7s0+pEK8GlxYO/Su+t+c7yuR18wQNEfeVWMfqjSErH7qpuqv1s9hPEXcclWdA43BBOolGZvbjfpq0OeiLzC1wQas9HTkyOU3rs0+dmLSY/D1wQLlyAb+1UEJ7aeQvw02PYd0Wn2tgD0FbrBNPkYNM9cEudn3KKoVaR4o7FNSvvDhsVdUa9z5Hj0Bqe5REc/X/Rpvl4dKht9Fv/Gp/6OqOWATj1RjSIwkgpsCkCx1RTir7oMTeTTeecWvN/G8NUIKPYi/KTkqHYNXxI88lom1RQyziuPQkX/N6s6JTJlPNqN4KRLoaL3OzUZLh2aNOeh869He5FRNtt1+qX52ZsTUmlgYlZr7LQZJSs0IcjAEzn1c9Rv2yWSOwK3AGQ0kA6K9mep67ZL437bz4zeKWkhxHabUkqpyKTILFqm6ZWadRh3xJbqGT8BoI8mQxW3AnkV/USaRT4sGz9LR87JtEWE6QZMazK6gbOZkUCkgZM+enZgR0h/59BY6oBY/MAtOYvT1gO1zVqKm1Fqg9ykzZB2GcCrP57qBdKyIpl1xasy/ovQjZGb4Z33R8GG8ke2K2S6mSPTaoeI93vD3vdPYv3otlvc+nDo09IXoqgEvJYlKMXEP26I9UPhyyvIGxNpes0mkuVWoY8xZ89ZwMmHd0+D7CHG0CVD43P0yThHXzqZ+Myl6FF/2VMWtNESPDdiPReIPbkJawo/RFV5ea9yQ1VjV2b+FBb2JoQKgdyWmvXQtHB/P64YiVoyTWqiDzhxaq1YSrhACbiIU6uVHruuw/6DaXpDgBeiBJPdB+oh/ksuzkQ7ppe+MtE/6xo4hpKx2N5xljaWffuOONiXkKIMX41HGrc0FG2DNDLRNP9N24Dj5dbzQ9flHXTXBfuzx359ejJG6BcxVItNgNAzpldtDASpJBf6uDezZopav8c3Yt4hKV1bUlq/8MAe/EXJyPqWu2VRXhVh7BG8oMABC2o5NGMvCWiHkT8jkxEcIA1z0OrHO9Hq2yENwGghKfTAgxvJreiX8bCcfHyeQGWg9YmUcfROgrMFdCYAIiSNNS+JnR2DKSYWwV/m83zZjrdiFQdJGTNFGa0RoE0MeikqimLt4i+WvAb3O1GXkDCrCSiN8kozGUVBdGQRkOaL0A0O7jQ8dWoju9oxoPeg/5T4u+DcdIcyx3z213q5eP5OUcEYxBGhqY2oY2AXvaksoJ8cYURy/nHNV+k4+EbTlqasV5aoG6AURXzh4a7HXb0JeOCP1of531j/TWO/+4bPiLj9BX3BtCVE3vXzxhsV3N/xXZa19pqzBejIS5vYxS0oqnVQRzZmUT2V1heg+j+M6tyNrP+FgfVOWJYOAmdz7E6axn2ZeKNiJ3cLzVUA6RcFkgTSvvPo6KsrDNZZ61lIO7P2GA/52ZfsqEO+r8qVQNEvqNqMfqDyjNPxAOW3B8Rob5H5WpF4J2VFq0LOJQf6AzJkSHdbJwjMdZKS7LAgG87+n5WeT6Ef7PWs8NbPRrseWUw64T30KWI19v6zWYWhv6x9OepKRfWMws4fv7oSMWiLogKV+vRVYVCMikf6Tqfji23N/24XsHscKd8btlRx1cdSn2hJ9KVTjpWOcQcWUn5jwaQwDqi444Z5szK7gwxQ2NttFT+72Kwlq13FJHcxHa0/s0Nkc83R2+Hc9XMVNBRX6h1ll9cc2FiKr1y+oO/6Dp4KmGVUcPF+zhg2Rt35aASQ3M5CNDXd7LnTPhCkfehjsNb/D0hLelB7R+mrRG+FHlQC/7Q8KCi6xrOgOA49w3zt9h/32Spr+Xff+LdfjfZ+QR+EL3GmmFbgJiHn3s58lfD6afS4qqAOc1dMhnx5byYkLcr6/uJbV/nfNWE6x9jDXtK7BrFUKHvuhspro8RcFEkFbq6qL7y+hSZVs1TWlZw7x27BVDkI0x2+Ao+C9nJJiC2YX4GptWfgQN/MuL4/H3PO2LzR4o9O9PX4oTMEzxo8PKsDnl8VJhC0VWlSPAeIQj0aTKK39T5ibGyir9u+8VP7+bWSoq27Y28paMoUzSaYJKvctf99nLAh1YH9+MBBD+tVpa4Qr9tB5EUEiWWU3vTB3dxrtD/nC7L+z+yKugVwSqnGSpojRLGsLQXBrGZH9n5hbrnMvtZ193HrVvzb07B8+CejZz3theD/5tEQH5/G51l5Y1z0uMsnfJvio3/GNZU8tpc/BbEsCHsUgG0/u8l2dIlVTGcjo56jlmwG1FyxA1WJy1Zhra3kGqhzBgRyy2fxbJhWmyUYw2i/8Xjx/Xqu+idd3WeT7w6mG0zTi8jJO7YtSBgwv7DjrFifq0izGB0RHKt6UqF1ZKlOxBDqLStfBKxw7778GHCl5/PabGCFfkHatmQewam1FFdlKlBrW0pqZ+Fvg16QgWGnngC9lxf7NS259gwUoE3oGPK50TsUvmvgr4PdKXyD6G+gA3y/7YAxyJYY5x0lj5HuTYSQj5gDoa3NSkyVpt/44HyKtje49Dlfy02NfDkwUsenU944RvNZLLrymB4q3mee5COIu6FLtCis/XyuSnKATohGJPmeoiN5XNA5d3R93SYLAl87qvTBc70kDN8b6P+SCJk3X3psjSfSWBitw41BsHT8Y95M1R7Ux9SwCph0TxPjKKojv1hIPbh/RZnOpZ36NKMUuy/6V2H01P0wbdbFzdljFIz0F/uH8p4kbHjeQz9OAM1kAjSTtdtTfc7ST0F+K3iYCKUnP+6QVtV+P6E0aH0XaumYxnbmio1kMx1Pcke5R2V0vWPtGXKTvUufJQKRHD+IeYfOv83o/xMR1dFPGBbLYFiM2mMoJZqr6lnQuFaL+8lARmjY7HAoiKK5b+WI947BIx+6cGPuVIUdrBoxer+4s5GRgRkp8eIzG7c59CuTdFoZgTjuM67hAAIWmrK0UWwXcVHyqs0iggD5FCwywQ3PQD3XchXXzoVsBFv819eE3bafQL5LOVi+DECr/Xiz2CEtX3e/iaqxqzQU2TWFPsqdwQoz5TRxKXydjbH2sMzGPQvB3x2UdPukKdXJfM01LZyX/CQlU5+s7rVhBwHtdkjmanS/CZnvVGE9efl8WbP7p0vkMQTHwIsMm89foYtfC9qFv1ix0dACDHfaR2ucIjgL3nfsK6hKgwsJcMhCZVFRAK3fZK4n3bF3Ujp+iFX8RfYavEwoN0D8kBZ+RnA9aONFEzbvBwtqf0XtDmjXyhQhjtdZmcqooMddF7Jg9eDr0ID7lif5TeQufyS2626bPXmaXLQ6SLdf3wXGi6hCsMb15jfxhe4YtiIoY31kzWP1D+DnGvLh6AEC0ZMXFbnOeLT/XZoEaW+eRnYTqQgMM4Nx/p48QDyWqMlnoSzE1TcUzus8aN4sT4ztrRdhxloHUQ1Vc3hyMn27+ogAi5GCXOgG+RrhxDHPPxziLzbdRkJY55CWlq5fp4rnf/cUuEF8QSnrLrlIdzQhM/WX/cLeXlodmWJ9B0Q65dlk0oabqnGCfsgwiWhIPwVD+ZZ0mCvS1pY+zRNhY7JXqOyAra/p+Ad9X1HPcozA1x7HlCS6W/Gj1S8LuHlHMICSX7pCqikeNX9OoM7HX8BXzc/6AIU9jSuVALPBAlzM3jpNMOtA6K5qD2XaIWRNH7h+mc+ln9Y/hq6nzL5dkTMKMzXHSKfvztEkCCF6WlJjr//PRdOrF2MZbnZeW3uOa51BRgv5g/QyXAU9HnOgz0zOR7DWnxZ/jHvh712hTM1LbyTCTK67Qw+Zm0oIgFDolOKWg7v2TusTNXp7K+ZS8xsEtDnouVoCmYM60YcvmwUJ0+bHU6Ydg7h6Djg/4kIoqxl6Y9tueoOypIzeDUNwjt6umdIXWIx/kQ49mihRvFFQdgIIt2IMsHklabb2ArRrUdmYqWBIarRQf20XVo2ZIPV7/Sh0TWkX4my5s9Ma+oHbNHqHatDz1z18f34Rpt3B/DyBSM36Z4r0XqVomWh/ZfUMxZWZw4RQObUDpxuwaKyQAF8MGvEc9IX9CrNj1f5jqN12U+tIbZ8u1LXCSr+mTgd+CTZmVSPCr7cCVzWmapNsOEoRIKTOlHrg/YxennayH7KBMeIoHiPcUul9ejqdgrqED2mFPyG3dc7s1zGA/W9uh45rQGBXFLUT60VD+RIvzLcN+uy60dDATudJuwTSZT39bZqBuBJsbJWONkg1RvQAcbUrUDjKfLW8eCcF8rbNjprrzEqNS/GIy3y0TKpkeuLs20u6ol730q+fAgTsrhAIdNHL7Zbuv9OwVHQTF/ZuiQ+YoBG7UiOGfnMS8q8L+a8ZTwPSGh10DD2td5MA2xAIrkF+0NIFQax18c4c40s99SnTqbmBqZ+eyakm22ZkfmvwoD7UnQdvadXT595ClFx+0D8RvTIwJR50QrMkmP/rutAtVy35lDf7DU2ZFd81nYeCajYtohE0vEhudJaC1vJkR56Ghdz0iC9sdj9VK8R9aF/SvqBlQH4zFJ/eIaXwyjOatR2zo71l2OXXlat8h1a7lN5WhzeXXU1HV/k3ZxtKlbg9rlz4uVn2eCG9wuQJRfbDuW/IGyEVs0fXy/xFWm2NIBuXx/hGp2IUpeDCnfgmOcVM6kH7BCISG+azfrfYFMKkkzqGMoLBUuNuQG1s6kYw1umYvVn/rOvmUVxMDc0CpTX3rQ39g14BClkrsF5EIdswlxuT4UDSb0WoJAlq/N87/CwixRZ+wAoNoQEz3maPYeGyt7j0gO2mSvoWlNrVCyZ2EL8hiF+wFVGJJ06zIfFah+9xov0UiS++T8pdkL6tlhMxlLceTowxvSanSL+4CrTo/Xepcu0LxwL6UoEIedxoUzq6Xmsd6bdyklzr7k8Da7ULfKMvNpHWwqnUvXAXk+7amUcbtEBqzQPYDgtwsfXmVs2Uip803lN1iEasWHJIS2IjJV2ZVvqEgCXdL/QtCEfpdal6WCMGwtoZ6LUOiHm0EDfmJyDmgM7n3+jyEt+JRlxqIlUSVDrVC91UZ4uwIYTpZqHiSo1IGkN/R0q40KwHrrGoleFm6MR8QG1lU5qJsRQZXZnuH9fQfXklzOq2PaPrq9y5bZcit029rxhGszOuwyKEhbs34XfenH7MPOqkSUTio/m0xXBFYucS0jS8llHkLjuktc+IIFefF8irEMi+ZUl9cmSG0XLEFzdj632r8cOGqRHcKNIhYY8GXVcsoT4m/nEz0zzdUD59fvDosoQNJ4xYsCzLunYV3drM2bOYmv+PvBRnIz2mXqaCjjcfBNigv2/9qekM9YaUIZA7el8qmDwNt1YcU+9rjS6+9U+5RgvQWUskZ7xzvkpKliH9/u9LcguZtW7Cg3Z/9rI5W5BctRPFVRO2SDGEHHuwb2cO9F25+zZ/S5WkP1HM7bxh3jCG9iH1l6lzdlo3Vss+K6YSwuBPQrnbYXEncluzOIje9DNCP2x7sFbEMhyv3v93LqFc0OnBKUQrtgvStiXzdfvprrsZ10VoFb2T9K2tFEfoXX9Ia/gKcEPn7Oh2+iGvBl1CupLXLu6hR7UfnlSDH4tWmB3KdrIqjNWEfuFNP5aDhO6/d1LAR41K6o1YGmXdeYYfbj4h6NViPybIoreEGucNxybFoqvHW2kTHkzLIbc0eyRZ61wP1Rce/p3zaWFEPalM/KJhDINl11mlny8/I63QxP3uqqNWOZlu8saSUsnQCX4UNNkZ1ILGOaWf68lsHuPJmlPg3rtwoZN9F8Cmcx7d6oWrtNkJ/eUuqbOOVlvRpyBNstxDfzkFIV1BQ1o1n2K4+weWjjEOXI+odJRnPQpOGEQYFm9WNfyQVqqYCDgoU6EYVn/5Y8ZO67NNPU8+jKHmPRTDwWPq9z2nz/S02U+GirxXpBheQ7m9WEcgG5PYtNlH/d36/nDVP/X9njBrnmO4DRAcQtMa/h9FsMLEB/l3aettl6ffC2Vb77PTFJIle5a2aR/Lm3JzNpifGxy/NHZV16AANRb6OOFf0nrRPQUuaxvyBDDzgpLHXMK+B2qocgH29aPsK02d6R25Huu0GVCwAlY/0zGov1axIFzPgY70Rcs0D6ZkGds35yhMpndCBgPrewMDkfBNnX10wAIzmF8MuwEm4NANzw9T5wc/3vgPvw2SUinsbZBMrhrLxrNxP76E8C/7Aslgy6On+JKmeYnhh1qAsN/MF3uEWEzuPemH7p7N9yjSxzGFN/DzuVtBEx8MefatOhKgEdLEfhJSZp+eLfS1L3r0ls/++69Peyb5/QDP1Y5OfND4/0AwujgjN2sEAGPrw3tmBdJ3MnQZNuw/irujbiHqlaeupF8lilHpp+9x0PHuNpZBI7wg+qRkHc6ktcR4Jl74/+i6ErCatve9T4MQylAZm5CpQUKiiRC3QmmeDZVCqaR5+HEJodxoUIrK0KQ0aB7QQCd1aUKjUlFp1KTUfw17n466/+fpee5znXXW+tb3vd/7vd/a++yt7H6m5im/AXcgvkVweAG1RfLEPLiWrOpOnUd9QOV1uCnY3fuVqxjkf6MMA7RnV2LQhpK3iuTfOhi7PjbkFLstunQG9ELeaWp/D35Xehy9BTogdAgKHXLh994WdB1Y0Hryq/9TQFyNkoypb67oPHvMfS7m1Hx+8mTmYno9ddXHI43aHT4i3zHAR17VGXP53Afw2raw4MezcdsdAK2ujLzJ1FotFgsawrJsdnLq/31DFVebO20XeUOHRzg1M+xvO4cHitwYg7FOPMg9fIHsb4Zcp5JM5gRAx/JK8gI9DbRcHG97Oh8Akbu7rvNtiA1ozHu4KHT0HunFlfYWCy4zTW9wi3sx/Quusx6ODDtIhdgmgpod0QU0r9X4JnOegpxs0JU/Nmt1nAVCiE89j33tVAdtuf0iCtRc72Q7oJ+7h0FfA7w1ZkQjq9XrZ1I+ybUNbmwkNDzd7vUD3+1fVPA7E13y+yVHDWWtd7kdoAUM5mchM1EA31CsyT3cQsrDPAHyecCmD9zpuKOZoC49meyyzED3Je6uCyePY/L4GMNDxKprX91bROWKqpRvZvoNY+5hicJPZxvP+3zuIe8MYhyBS7VTB630sFdut4QTwtlsJ3lGL1nL3+1wRFerN5exzjvvug9e4JtlP586wt2I6qtckSB5cS+PlXo+6IPfxSRCl1Lgr198D13cK+YuuIt04eDkAhKi884rFQI9K01eEc0PIYWh99ICeI/6pFlPt+2Kg9Xs8xvFvvLacdbtsf6fwZtVhqc4vwb91BBRK1nydf397Wue3DalsZ1KfEjc/2cey/VZHGy7/7e/dG9jrUVZsOuvtL+05n6XDJuvSfvwRKLhRlCdnNGI5ywSQMaHpbs+Z/sMuFIXKhqKakIkoq0UHnXLsdv+GHxBN3n0a5J6YLbxd57riTb3Rh8Pj7FR46O+tG+16j5qYscdyHfudcuxr5PUQ3udVgmFdYzvjmlcTWq3I38Xtm99ZnN0/YarsRaxiboKvr8nybvtiIRdK1wYV7Ov+4ervxvQdvBvNljQ3N8vJvFF1pd6cHJ2s3JKZ7vtxPqqHuqpu+vHRi8pxdQejnb12W3oESCkUN40OYdhBLCpslQ6p3EZaUXvs59ZlVuHoz05dxsa5w8eaxzxpDH2x36tJaNEIOqXEfU43h79NLUfgbKRv9aCqflTV1yIn+Sg7tAYVO0OE+8XL+uhLgqNLDXxzo3aWH68cctVunfiaKzm5AR1J8qmnEULh9TkDNjzyPf6EE1Kc701fT1VfWrmNRfpcPlwH071tKHmvjvk1qcpPaDWM0wdvvrlrax/ZP5TaXmuObd0piHXqI/mZO7U7Gy2sjrmcqQhTdKqHn/xValdN1lUoFVhFgpjPsw2LeZZ1G07IzkJf5lo3G1PyQMF5VL1uFaMpzLDDmPX2WMieWVNjqT/iV6+v5ViQsYqJ4MFnwXb/IJWS09Z7dCn6ZvAz+sxRN3JYdJf+F182+DZuZPiMOp+eQcGe9ioWH7wWVBsbxZGvi2GyB0S6pi8Xx8TssSeW0ctUFLiy3gWJfwSnqy4cBZEvdyV2uO23P3uB6smf/3Mm5TyvNvRyEo88Fvh+Tp3mdEzDg54WeuBqH/WE06Fdup2L4I4MDmYou2a82NlClwvbZyFjDJBHPn5xdKjrUGIU5B6LwX571GFv5wNy7Vffpk745MvfZut2kIaHs78xElWZ8FftN2hjVNvvoOvs4pQA4CJ+b5lJ3y5occ6HDvStOuV3u5HwTq0uV7Ui8Go2bgPO0g1/lxwiKBeCUFOJ1zYkmG3dK4g9bYd9FtrYkk8cNQ2o/3eawnqLTjc6D11ird/JdrsD+x8KTTnv5aAbrnFeOuNIn676b7rxfZ3uWTlqDeyTa0SC1YBaOYQxiszrXKl+PXTYBsXDqEZn/QPPAWUYk+wTJ/M/ameWuD7L6S3Zjr/4ZQfpzllF0HtndkpXnMYISFXOGs3fF4drEGbOZN8V4jLi7kLts+Y6bJTTLEOFyfHckaguAvgI3QJYr2GbNgm7zuMf8feUnyfeaxGu8Ls/FXaNEQsieYaewx84s03/Su398hWQZ+cmvGVDfzlWvJXf8puZBiM3XgkjnTKbvbpn1CIpM38ZFzWCgZYdeqZ7Ngx+wS2Q4vX/6fFYfEXX89mmIvd8uAAYHXz3O+r9syYCmCl1XQhY93Z2FWfv3Z/j7gnHnmJY8ZM7h+lI+mDTfm06d/RuPrExW0w8dy/xH945e5rpekznapPPN35aeMOw6kHqUM+wVlVAdhfif2/tjHkUiujOuMr8oJxj+nfBGcY9eH4b9lnFrFNBI2BauqTXqel2wBXNxHTPwE4iYWrbJ56fwG5yrYM18ynYJ3Emd8RQHXCm43xihYmrLxzq9i1Ek/GlKeKt5v7DGV6WRnAJhepnp/1AriedeodfNNcLzj1voJpriefGMMxDZCVA7IbqSxZXEatUwXWAWB5pMCUKTQquQBYxMYYr0/DdOcl3NquXtt51uIt17R8XOJ+DlD/+4tTb7/70/2mz2d8w9JJ9gYQJWn/Tr1w7+KO16IMv0SxTgvl9e3Y+aeucU1LFAr2rXLTEhUSzuBIx7FjljO+AiF5aQcjFfAGESRjv2/Rr2SdBuF9HbhEcbpM/woJSb3SGV9BLFwLRND0tUkWpjvNmIuUPWtlZ2wEU4FoI+1P4HtFcFWC2qSfPWN1/bjw4sEzPKJ1078BGTIEOP4Ux3QHL/FtL/mybPrSKW/rK/aB0kR3mGEuxqNp9IIZ3i04Kpfroqv7+L+c0uo1b1pRXK8PxI1V5g1eprfQIXpC1Q+iZAfHtIS7vqQ52joh7f5lmWkJh+r4KHfpwNPpcz3nBRIU+F3FjvHWkWl+b92Bf5MVPjDT84W0P/MUeD4Tep7pjXJTUIkGkF+4YFophV6pB6uw75hWsLH0SGW8VyliGeV664+pVeeXieXQZnwEc/R9q0ti16xpKQcdw28iJyqaQWNKLEaRPcc+LduR8gBe8TlL/JntKLyAuQxOsTLl7ix9ZtCfZJ0W+X0Ch4B0TSmYNY25r6eAxgGQva7xjG8s5+eKhGwTP427kb1WIMRm26YVrSNxJCR9rKbVAWQzRP3TGZORqA+aYRlE/bHF05egXB85YyLQfNwQr7m0duv0r1BkMzpvWgphEj7SL7txxkbAKtDc0P9aZeuAms37GXONYTgGTf9GBNdNCEfxGf6liODu/+cS1f90CW0hYSrO8odLSK9zniTyz7D9l9dvTSuyDDXGeWJaKX1woM/p2UoW2jS1u6/zipEBKCT/LJ2WorC+vvtmJ6e7gBV9pR29E4j80tw+zbSa2jKNpQSlHqkvgULu9m+LsybxZ+4+0MXSQ5eNdVqOMtDoNfUSNLyV4+HKZwEYC5leXYbd8vPYIeAUFRPGGq/IHKXKkpnElCBiIAXq4ACmN5Ah7sCVL33q3TNkPKjK93zqHVlTS5ifz+AXPU/7kwYYnvdhercYuuBBybFlxJ9wYNS+BpZpkIOEZgkE6gfeadkGZUdmTsOFgFTiT9ChfbSyLi2PnD5XIYXGU7Q/QeclPN/XWx04hTd5+mTPyyNfgPDumbF8NSlSzUSnKU6qPQhInGEYVmMGuTM2CQuTIvv0JajC9GzGRGRbFsHzH06BWizRlH1avURp9XDOdFtTSA7QmuERkgOC506jDVRIjG12qWhOj+G3S7ehtU+BtWVnZjNbRQkx27nTyiJDiG1mn5ZzyF6h2cSffSeDBlQ0polgBg0o0/6s7wymWcI+LUPRErs5pqlWBvnumSaBGeTLvn76Vyjy7ZszLT8x+Zb2AvKlvrJXilydVMBm66blIUMBy0xLRYoFWkWmf+Pn/1BBUiP+zMMHB3wGB9LBGpdnfIMkAd5ggqkio04VN6qLiT8hqvhexPEwH3SLBO1PZCG3VCZrJaawTQMjQwxsmvEVKAYI2jQwUscQnH8Rf4KRofUkp+OXAiPnQcZ5kpj8E1v3kItOs1Cq5Nfw+LZvFNjixM9DPBAF+AAy7HkwL/hsyTcBha5qS436qPUR5PPhWkEz3nZJU+UA4WX3lWuZ3ZrjYfBXOj2CV8dafaoCNVPDNdZFkWOH52HGCPAlCLO3h+vaV3i8S4EGrGK3zetwjLbsPirxlBzbHq78zvtpwC04UkDq57HGIEv4S5hdC5on+uJeb08dPDv31XLMBHmefn7hNUnn2Ij1yh4N8gr2NsgEgfVXxwaXVa28qym9Ye4ZjK3xChXOY41fL2n67Cftnd3srAmqkyNL7+5L6SaXlWKKFR5ffoMd0fsepMFAhT7vDWDFMhCVflGLx+z4Fy/Dk7ku+KCwYDsOkK9Io3Dzv8DzssDtfjbD2yrQ70rqbDpeRA/e2Iii0hQJD4a/tqeK8tCIEhd00unMi7A3Ucf3XCK65OW1XnJx49aQvf03hQOuQRc8V879UqPKibDoqbcjKjPjcA7BQQ78G1cOlb2EVxLgn3ALGSkxBE730ZqkrMrKtA2zbfH+H5WkXd2xFAD2sJzBZbeshGC8dm7m28PfIzIPqvvhpwOuP0iyqDdBtL4ZqAW0/UoWLu6UKtgdKGFpolHl8df99eT61dBQ4KUrwFDLhDQjylKnQcFundfllpV1T4xD8cROpwGdj3JXRXADZI2euPKlb/MW5KZcZ+7hWHxuzf0dp0JDSX8j6AkIs2h8iv0uGf6SqIe/4HeLd8dOtZiQJYU7sed7hAQeAAzSd5MxzT4WBg/aszOAsU/WL4i2Vnh0KJF82Kd2v7/+qKWYChib9HVd98DRYXN4E01+yPxmj6oejQpgazppqxhQPP1CMWaChKJef/E8kE9oqKLk7rqEzLNWcpH4gZcjn2GajzqL+SiCOcOUf1wxOo3WX7Ki4Hf/o26VGLts4WYMa7c+OhvOfAKgVWXB1v75eXjSPjDpK6GqFoGKPaWkqfSsRxh+nszwgxvLEuwWMOnr1pD6JTQ/gh9lQb5Arvw5WZ2AURAx0Pd6U8Ht7QawVsPH1M3k0LwKfGBhJkAoyvSPQ7GyuRxGQd6Qe5jOlwtgeMwnn4yuL9+sV7lvpa/r9tOIO2uVl45eMUHoano9yzZvrrem9HA03y8UMS/fTWQX2Q2GPgq2+SVLD7ZEl5TSJyc7G42sOmqXsCmgmDW1vEm7qvuRlbjzJCx+T249Rgx3we/3XN8c7sGM9USIzR+rnp+1XSBK/xuYMvKe+IkF4qXJRHPFg6XUvQCQIutMRreMrNX68aTyGvU1f5tFbw+f1vsKLQGKh7IaJK70fIUn6vbhLgu5UUo6CZRHtilpcspCQPguu1L8+g1pi/tan3JLw8bHgrNYUPBaxVsHBvQDHGFOlNdKVJefGBDFUy434c6L2ui9Gfg4QhC57cgb71ugeZU/kJrCCmhpwk9ImSeM/J1K7v/OHXAY2+DwCg/tvdC6LhXkT4ADZkVvp5h36OB8d510dQ+KMYsQHnnFelQhbBOnE+HVD4qqksDQTRRjwLVlGJAocXLzYMH3MKZfXEA8iGtXzzpWc88ChyHtZ2sfwOOa1bwsiA8av4hMJtp0AGFdCqPrvZjJT/tJMjw1G0P3kpEqlmJvwFAzIJjeJIeSy29qjf2KolughGmOx7oTGKpyARj61cB94EeuOb5T7dkR//AP+xz8I66Sk64iNewrMOfqcht4JYFyKn+ursdBrQWn/t6L5+S0/kpq50aCKPmn5arb6wRyfVcLkDrv3DvY9+GhEl2aZBmtB0M/lEq7h7WWkj7dlTYSWgSrhzD26a60boFyLeMo1z+rHXbrqbzZuNxtxv6ajAHlFgT1FBlUb+42PbSx7tWe38f/iRk62rF3P7JB8Hdxr9PS1iepoh+hCcY2WaS57cPCgldb8gJyMAqfL0TJLt8x8BTw4vH5mBfH1S8F8yIN09KowJGkdhZU52/YZQKWemGg2mmyMlU7ROIjR8uftjU9BizuxobScdjquQd/O+DFrSQvdjWBxgo9ZCxPdKWG3ISkGNsBnAM6u3wR1QScYqYaPK3wb/FtkQIfBPciFyi+T2sWKL9buINQdAZy+iHXWJEqJyo2fVoOtZUu8KdQwMq198g6V0ZM1TnsqcHcKBDXW7Z7D6K11ze3jWEIBkEIcsxHECTxvxCQNxAFh9DS+SF1RiTB3GEmGJxU5TrVqNRdvYNIrlfEOg1AkG7DDEGUA9LH+o9mPrXWWLIJP9rd9TtuYe3mEQ9WOnuEAMODLPCkDQ18HwEZPrxlOgftqvHnrDHcRWiAwaIy+m+kx++RBjSk4Eu0EobY2NNkk7sFjgRpw+XrfTsYu+DZepJYTPFQnZxHE6DUXKz9o9yl4CbCbPKV3pODIGX8sA0m47SGX86hXBpi+cC1txVOvvnfRcq1v90yfiMQFqgi347swtXOR4KsdqjaIC84Rjc+egxExFM8q+eQc6XbVasv7MSRgHFJzCx4TqVvL6LjQVWWxt4aDvgISh1dHEKq/QemFrR/+a9SMTJdC3fgYSbWQVxjIoC37VDVmA24D2dUL1nkviGMNl3qmd0cXQaI2pqZVNDKtzwnfrkG3nvPZcktiyYdMU17A6B3eRuGnlBj9+nHeNYWx/O1ldqgaISj2Gd7Ah7xgfpFH+kXA+ku/QFRLKY9h+i9gZqt35THsQH3G5YIDKnlqhcIc8KIbmWK6MgKzCr7jiBnNrxt/IUvu/LqQqXTFiJfbke6c0dukU4Lht9DZMISlxXjfYZ6fzEXOERrxZuCxu+IA/GyT31287gscH3Je1yNH/EwV2NUgfo+m9zJi4r5fWfnsSUopaU9Wlw/SoOI0kFzlJRSUyve2MtwworlHoci2+QHWTagkNqoXH2yUyBCXwNGwLN0syz/foa1kaTU+ksIpf8KHwvY+d95FBb/CrSd26nl93+10LRfown4L2gPSqpV8roGCr4Du2MKl0BjvefJrOylrlTYDB4MQPcHLFZDs45sx+Dj3MAstdD6c//FSksWvQOo6a71aYWwWAC/hTPgd4sFkwrKkxp4NedN+Wk90GbeGZS1YgrrI8/nE//ErOSeE41Y3e3LzS6ss9xYgM66xdrPQP6OhtvnDgyOFKdwa2IzfTyPFh+9H16ddB4MpYOW9DbUz3jantHTQ0ZW+xWidutiU7msjQCr+JwkKzBTXDm2jG4wgsIlDlkwfpisbFuZKxueVWBQZRhgMP3ASTxpno02SJbG9cdfsoH9ryS+wr4IZH8pvMA4sXqlRj3w1Rk0diTRc0Ux5kBRZg5EVN3k6cGep6IGa8Vc9P65Y9aHgWOzRYdAjBT1AMd+rXUHM6Muorc4b00Nqm25KLbZFsBgEFmzRTiyo4mNspy4lff8wTmKO7l8PDRrxYfXuVBeCTPLK3yuP36WlPxXkcHrJ1oSWjJKQCunjFu5eZgH0XlDboPUltrKatCfJCGnPRL/GygsXmWssNotuoHmB8b2XgqrGf1nYq2WzP4YwNvmKG5/QZIE9l5eSNqr2IivIADcqv2NgWiBRjbEjEdpe+jTI2bD4nptjPtwKjIAJkKGB2YYSzyy9Edbsb3ZKCdxJOx9q8u317mSFfhm/mLHmrNHO5dpwczKH95O4nABMw4RW2fHS/SaaNxVWvuSF9FLSKMpP7rOqCIEs0BpDKkAEohxJBCt0eLGv23+xacu8/4AIpr3zoDDBLq/g0UcmaCT92jc6ZmoE+gi/W0G36WN3bPEp8WRuqTC8uNEENh2/vWz+Mf0UzQArVuyefDWiNJk0k3yuXWeoBIHFRhCDeKV577YGZ8Z9LECHLptDrcZ2UbtP2sxLsUdCAHj3/PWtuDLOVwAWfdGH5cj3sb7yiHZxRHty2PgRR9AgIrhHxRDzVs8ZpZ9yL9DZN9t/HbDcIfXz95xRAfIQgwIbPmq5ES51q1LYgI3nv+irUFCg0y4irm2IeJuyhtE9x7xuUEDvLhGnlf2GbYqaaqswhr/V6JNaQr52DQbOZ9kJK960aRuofvOAuW8hwNogVHnsfHSHGdyVyNS0qzZURuVDwORz7IZBqFXXqy6vMXNz+o2cNetcSEl+VPD1BWDXum/sXqePQ9Omx2ZN4jrXBPBXOfwzHtIhTVLCfqWvXGWB2jkkshGTr5rBQWC3rtTZHjHwm74/G0gBFNoxPpO50rrj6lAiuLtb7NZ4gSUc8Tfx6BLH3ityMMXuPRQWIPCpsLK0XgAnyUoqqLEfpn3iRTOlszCGbtqOPOsaeC9X9vZHwahd9axprlAJbgJlOP++NzRCyYMO/eT90VdRO+P7XUnMSjJOgODLw2yrzWBxA5YdBOepHnZONk7ogLHuQzGinWAKV+cWq6EVzwFxjphY8Pw7TSix2E7oGC+lJ9rNWXBkSASgrfRrAlOu4YBAlpj2tVBwmiUax8DyjiEzJhLHzy/J1REAd2sKgLxmtv7OnJwYAfQLrnAzas93/hxFb+jzHV1KWn36wAKi80MwTWBftgKinwjaEN4evnhesa0jjFYYSUia8efj8taye9NPQPCpTIRhHUzLgdu3PXoPItFCnmrlrNyPDtgHyektYEhQMqMxZWzv0NfPVsUjHblmam3qysE4O8lC4wrwRxXAcMdUS7jJ/SvvkNIfTi5/fqTnQrxZs/h0L6q18JIuqCq4eWZw34Ms+B9OG+TUn2YOwDgI+aTBHzS3OTogHTW9XI0a/fkxDJ0+khfAuXgqFi5LcAgnlTBU+kV6DSd1irCVx3nZ2ULQVsjr66dC09ThBzRIRH5jLk0fKsb53s0q/hE0TV8IC8LfSXV+NM5QKoC/8ycw+1+7eIL0dEgslHQ1gdvDBJ920v2LCEeyILWrR+pfGTA+APvmmWCuHlThSYobsAnlZyLga2aFWalHJ+xsfAxo3l6X/DxQQUy4bFN5oIxEeAudeiuIZfaVlSRyZSp7LVfvg2wSzTylticPs12JU3ORcznB2QeGJEHq7rwJc6EzbHvwSBhV9JQ5+YBIWhBXkJouDF+w2pBKpSFpyGuRtoEOuLCi0cFqzTYIBMpXXE79YO6KnYpbWzre6EqYO6cGmBu/uSxHusLtZkfztPsdRNluTnYXf3e57I3sNj8Lz+DpeGitaLX03lsKSIvt1/kP+VX8YAlSu3lpRMuR1hH57FcpM0+90BxBUtp0pnevVE8R5+zfTkV/itzl4yR1mifr0f6G4veOq9Z+hI1LsPDtDQhbatCK7FAIYKwvMYz/LzD+DE7saQZ/AnOqbfVS1CQyJp7Zi7w37nVR2M8M+OKVseocBNeKQXF8+qbU8RBCMGHc239osafntGPjIEuqYlO9czm7Uw19CKIqFT+bT03Q/pFiQfcHODv+2Hr9PWx6s0a5kchix++t9cotDr5x+4vzayEoFjf5lWLPcxAsIUWgD/evyQ3JRelmRlEqwkBapL/llbwVdanSl8clJEPHz7KnVEO8LekEZd3gD/drugFLUnGYyqfjlqjmRvvb/9dYVa1VoRQdLHyvZIT1L2JsjVRU78x8HTVuta9b9HEE+oNK6RjQ35fU1lAeJ3f63H6h0DC22TCa89K8CfaU+Dtk7ScXWKf9GUYQ99rHwot5USup9cRxAEVWfniv01AIh25ygr+Jh4H3dX77fxJywmaYHrQc7FqWXJR97HaR7MIRf2OXRz1b+y2iJGeGL8+ZELfP5QiuqQRuJvQ/Sf6vYKRdkvEBxdN4N6TtZci5GQt36SQZvTK7zbTfRFzuOQaS+geQCg+m4BX+/w6hIHbVvUJKclupVMW9z70FxYvsRrI2qJzEdnx/LxPhUtctd3/aIRfQFuDOj+Tj0fYciz1YkGQS87BIK+ZeE8/HFjltNfBFg4eCXo4bKfNcHLTzpoNq+6+67LUW1+wAd5W22Z2Mq7GDnzsd0vXRuB0d6seOW169LVFfGbb5h6DXoY+bjNxdfpw1VszkIcgvl/lWtYs+Qn+8gIPXlsYV3qv8W4G3FjpE91onthUQw2AnbXadXz+A6oUIL12/bsqcPCzSUkYGvhWsz1cPFacn0Z8OOq6tcvBpyIT5Oj6Ahr4sxdU2BhCT9qvBdb2cq76rGDsM6gvLgJwo+97b7hIzZkKWdvZRYX79G4mBcEp6/q/tjWnhJ3lmsu3CKYDR0tQLwM1+Ss3mZtVj7w4swlS33yLnrfO1QCDWVchDk6mM0U2auuj44bVyU/MHqJskL0/+oQeQ99HeP0s0GxkwqHiKwqHCN5GJArpHDNRmLh+sSiI6ZK3ECpNq9dt5nsy+DnyWPkjVgCsZvUdIuMlFFISvVwqkrQ9jS/wwKG/l/gPxGU43sk6A810b39Q6yoT+5Yxlu2zp9iKTxVJR1DKBCWNV5htE+eOV2YHg1/Irf/82v8Kw6f0pVevmMX+igpdDx0wGThc9M7pgMNLAgR/xE+I3wsF/9B2NhAos3A3W3XtEDKkdHFEMXycmGIkv+igiIKtXN7hZXK+2CxnIrtrI5g08bzAtfHzejeVNfnmwrG+yzILLY3AYGAeGO3hKlep/qk0LOAymtXu4FLAMSCmUaura4vvuYKYAjCBoU55c5YB8F23IF3rta+SP2xrs1DVWhZCcWez0hWnr/CNknjwyHoAvuWNAWdhdvOKtBwqS9aNb+0nABvdrH994aRMMDXtyEnIh78fdSHody35CtHH9if6QPSBdwyzABk2DC7XgnPKa56edBKrPp2xGUTgtJwViDLwFJlQ5utOG96pWv8ITrl52P8WSFTVJbbqwKcBTm9uzskDmMKROnf6ul5wVXigEZyyTTz2ECYWdhozsZBDHY9KF5nJuerzwoyuG93aAg39DbDvf5brOsYfmSWRg+4Z2u4ahyCq0jmdberirIfWibODoQtH4wGJi5RTQwdkbrdExG3P22QPDbA+e9zWVt8XUDErpOK6XSUnXiXg7YO/0pyGlDjKVuu/JGXKmxdWrSUgUk9caaDrqeGIgr9/KiZOf3pDBrRm+92RJ3Qrwy4937lg/2dcj6R4r5uP3Q/+Dig4zadrDx6UUYc3sPvLpy9FMeXyBNlS4D2vb/MmhrE+qR+stM3f9ZQYwuhz8WxKPZ4aIDDOXOHw+rzajobVneX0Z3B9zzXVkaC6CfyaDj3wF7DfQ3M7mdH5NkYNhS5iCv0g9As7fww0pG9grEyX6QNu2v8S1hUvE5G5IE2dDgy28MPaNrIc8S6OvOl3nuQtp90MXsAsDdixGMNOWQ44aXmW9w+mcOYrHGJdxqC9/EVq8ye+J3VELCAE5VKVXxurDt8F/Iv4kZhQ7ByziyczVPRFtrS1tvTYYoWvtJnxdHsT5QfKWissal7sofMMQ6tPRFwV6EW0V41pjxwZdVzbfLDdTAdsyZSWVP9V9nQX/4vf5zgwn6zQO8TwUvqzDcItSWFyYpxwVrYnkxPn9RyWcRB+YSCYBedNGLFsuvLzsdm7Rhpwy7tJObpOP5+Uwkdg5ZH6rsPNkloBgH6UQZ60XJrlzHsEXfEPmdjioPti46RxQLich3TMmVUj7xcQm0HWKzurjtw9Ab7Lvdj9RGGOKOd6dLVbjK/ZY+hTd4i62Ymm4l1E/sprypUN9OAf8wji2nqRdj23UkE6C8wP4lzx5fRznj0dPzrKnDqUZYn8+uup+j++HFSyBlZ8y/3x6SkPLGyKkKOJtiju4eSqstafE3zKNr+DOIh0oz6v5VzR1aALjlotf/Iq1/Kv1NAU7mH68qrinv13y709/mUl6i7qxvNsenFSi/DaWmA1pmsrQVrgd0CoO/B4HTQ2p8dbDhSXq8qV1rb6gepwWxVuLSdm6fGiSb32ctoee2S/LWu4tS9YYATkTBqSV0kbALHpjxWfvt3yVQ8CjCAWSRT8PpNqLxMPXHWbi+idUx12U19Sby/I7gNKqj/fveC4LMr5AF05vMgDfNUUklxz9+b/BMYIQuDBc9eP4iLtwbIgD6+8sX7ebBzAjsJg+pLTNk/1Ru2yw5s63RV+0QgPZdXF16KF7dYTisuP37NRHbxrRoNkQugm7TFMr8nYafDWpHR8hIMYca16NxEFIegJPQVsnjI1AHgq2duVL2GjAYc4+P8JEZHrBScXflpMCM6XfJ82dOqjPznrkatju7hyJ/ocQFSFwSJ/Dd6/ZA345eQh4NO9FyAwzchJlzR7VPzOiU2L3dViCdy6B4ye+2nowSmuw8uTRChrQRnAwbqcPvzic0bos68S5uKzQMHg4Xra57fxBGlq3+5LsthXXnvqlEe7+rLUzTrzWwki8QgCIO9tCRCpf8UOdU65SlGo2+W6bZbNfvjqqWgfiD49tWdswPluBdwCUm+SCBT79QVGWXfLqs44WMg6gKoQJVJtBbjFeREh+NA10SJSOy4j0ILae5Z67H36998StxoytwJ8Gck+KFKKge+t/Q539YeRP56pu49ba466fQNfDVJ5rh8bFGqxZQ3cd6p7XHogw59ZR7nyfn3RAh5ioRFBnJBR0nbE028BHrhqmStZpcPYjrV13Pln5sO5svL2t0FZaXWpBPxScgOuDpTKvlv+DDtDVICdlsBDZizEudjjEQeAg/hwhgKlL0RnQSn6gFu65nJ6uNzIr2IIPBV2oml/leOCzMKvsv6L4ehP8QCGAaSlgtF76iQWt1woqihxaWwF88Yfv3dAlec2F06REzEJJJqJg3zNr3LKqj79NXG87R8aMaJJAY9vBvB0r+6pK+fvNsoGfJJ+CpTqv1SXXHsrvEUI+inC5sf7xHWksfl7eKf45BWNcJKAyOtpjRPhBLM+BM59lxNpSPrK69H6gstjrjo2Oo7I3EJWojc26cfu90CFnFSE2b+1MajjtNxGL1h2CFEjoW4LGFloMQsLMaKHAtsFePMWcHERx/x+UXKkAyCKbTG+jTc3hnMZ7SHy/wHdEMjpblYAq7gXvjzDSeTI9QW/9SWth9+9Wa5F6Mr3Xf0MsNnPD7bVvPrKSNBu0lAAe4XEDxn34rtvPBFfS5j2FerH6yasbacRa84rDJ6pvL5tuJ8xobsX4L2UfglvIKNNdxf+iTzK+XNtw5teSlskbFrByreESBSEtey4XdjbCxBPXbybuqn0BMjbTyEvgoVYpEVpKLDrK0FtH5M/51H3Aqw46s70LaFN92M/5Uj4lhvqAs6LCfl9EBQKMxkgAlKGfGuEi4FkRon1gNtxRUXzkLix1osFhvpEfqjPNWHgqlusiP5uvs2dclX9/zhMJkcykyTPOdMI+8e59v+KAfIbn4XID4jAF1O7szcFiRofN2x0nMhfRX/BsQ9AsJaYDkEwrs24vePMWk9J+2AakZaQ+SkcWvd1GzDza46tlF2o7NTQrmRYI+JZ+ZYT51RIPqkipgoaNXADT8uFxhsbgWdXEOeUmhemwtbsPRh4BHSZKKj5L2fD7DeM6O4xyjGqRyzNt5I4p0aBTwqDL9UiMgBEj0zDNEHtXYEVYyYrcxze0wgBCf4jLUJaIsBPym5vuAW2vklmDLx6WlMgb4WWvEBmF5BVS2JTjxcGyEI36Z4VQKElCcDgCqxmt7fFEL3FwE6D0OrWzXBll0pkJkW5a5MB9n5/NzHJsx+lEXm5+KSAj1DcM7y/fH/8G9t+UYokxZ5D8CU5NLGwERMqslFFoDxwovIgXcu/JIkxrs+HozE059mZeYZ/E4kpFPoMmdBHmtgiLTfe4a1zdzCXcyERsB+kOt/RfSfFqOTcRGchqXRlTysVSkmWfOFYIJDjf7dsWwZWXwUE842V68oZQwXkxax7mrVgbZhNcK5DVWx0LjZTZKwkiXJk8TrX3kFfmCSBa4g1CSTgDNmZAIexOdfWMKvqfl9KUoOjHouiHQjjwqP7vm74DyulDa53Gh6CQipQhIh6AABXoBSzkp2JQigX2Z6WdwWl4dPOc7Ys+XVW3ataQVpcYcFpARmEMdCxML1eOrKkKJ99LmG/ml/dVcJi26c5YDuAon18l51kOPOEeF1jlktWplRY5gFakzhgkaHeKCEpSCM1AySNULNKOjLQ9pAl/+x1jkqnA7AbQ6cYbv8KMrwZ2vxpPIGqYhrsXiv4EN5C2abjTVFIXMZzIu17OvBSBkt+aqzc8iEo3uXRngZuTlkKRloy6COJOGfUqQ7VO6hNUZHwyErmUBgJziXNvEVW7Xb6wEvvWfKVDVy3WxWeXBg8ewbkQFYk8rvZD0H2+MKS7woliM9bZxFOMKdQkgEQyFSQwHi6lKQ1po9sojcEF7D/MbEHRUhij1zvxybfHS8sZZ9HTBo5JCtYwsMAecC3b1xbzL/uAK0uyYcGLlzDmONeEUeK9t4OEhUeBjJCSORXNf981ykrixWcKMhJEipPSchls86AHMihXUz0EbiFUBEE+4WCuIyGHRqdC+QutSc3WBbOw/SQYU0MaqZt49doXUHSnPwpPwsaWWl2yH+wgIULSLxTBO8B+571vm+Fk+aDkgRiJaddRyezA1hRo3Wj1l0qaT+P4FlQueB5xVaYwL5Lm6EQpnbeMgvqESDvojlXeKUUoMpFJwDkOP6EHNj7fIMfhod6PG1/VhfOz3fzmYIc2NXqP4y0/nTJpsxYBzBcNi1ICR4AAHX5lY9JsVP7rnvubfK7NwZg7hrrZg54wggVu8F/RFNSWXunTrKrCX94RiktPWvwKaCNOzpg4Ht4LMXgDzBnaTTJcns4mngLUTBjcTDNay/tCWBg80DBpQRPN6NPS9M/0tJ3Uxp4CbMGXtLMxorHOhyvK3PS1+vJaqKl75dUW/P4+hsRJnVHqWVdYninjsWmUZ9gH36vw0dBIwb7iS1zQJHtb0hfBlODMXQzhbkhwu3voPWL/Pd9XQhdtLfxc+Sxw0xzngv/kbtMa/sscXeiQYk6fIInzbAFAxAAOpQsBjsC3jCp9X6OJh3qBFSAMrbGRZMgteittQy1/j9i4ijSS3U0ZrIjmZZjMmP/IJDrrQMPfQRNowut4nWfr7WHPtWuLb7uCtBEUtglE4kiYKte5FzREKe9P3ifOOixgmR/zr9N3txvysoRJcgfsFM8Plv3/HPtTdWn3y4liDn1N2VXpB5/lyPLSfHcSw49ALpNk3bf7GbrHujzWw6cxAmclOK97ubIg91TTmrylx1p64IdzT+zdWdTkJuLgumD+JjaS03HFx2F7BhAH7y0gzEky4URVFIyjZQ2p5pEldWCPEAArwGV1Y6NuUkkPbnA2kK/rqEwtqT6fz6rTZ9h0Clh0BWdNGFy0K6+pk4BEx0QTD+vDI1GmW+8/gOqF+DqJ9OKuo8ZTO3IVDwOCEpQWn3WNB0yq70kDCA37z8gZ9pd12l4Px5G8Y5XrTYJuSSW/4DcnYSg02Tjn67JYr0P04cdCxbqqKFhJEfs0rQxc02QHIYs1ntlI4aMy6z6aWDg9bfOvKjxotJtTedEQ1UtWV/fshn6kEdOGQSk+XeOoPU3k9vIoCXOE6CdzpksfG8QqJZf/B+Fi0r450EMnXSORf5AXPV1HoMkgqn3okzVvUXqpHyBa7jjpxFTHT9Vs249mtJJNPbxz6jx2jlGIxZlJjttt0KdF2NGK7L1WrukV6BZaJuIz45h5s6LMvGl5wDZ8NPX62qQoAsdZtJJFCOOrKJkusbcgL1YJ4UOzIgmAMjw+QR7hxf/5AVlhF4s1CKjWebIJHkpQuYQkKKEEjuPaBBikNAfcM5ruZKfmOc83UuBLkbQliS60O/ITHj4Tp8K5jlWbdxtXeZZIwIKlqRWgd4C1Evg/oHaT/p3DcN2u0xoZvrFUR144CRUtWzBDO4AnqqLKOcHYQQ8Z/wyFAulgtH5cM5vK/7wUTodn96caFrE2UZCruwsyOAl/gOiTPwBIH+IKlp00fRdiD9kEmAkLUAkC9EZNhn1BW3/AgHiMukTmSae2jRUwGolG6UPD0ZvAW21EMlyaut+r6hjJvEXTVcQx7XemDXVEjI2tOZb+eT2VTrVY+LpTfeqgD6ob07pPjOLSSZRPHeg7q92qws99BYpPqNzckgmfVcFA5XhWTYKJUU1nCfxIVN610XflCFQed8Kl53AxQCkE8g2Sskm5lM66Tt7TzR5wmS/FKTa7fqOXRxGerwMTgqwpGrW+MVG7oq9x2OuDvChnJR+/KuEacqobodnZdpQ9Jr2TmpJj/lXT/Tds+djkuYUHdNaX+f46MAu65hoDgZcBgZcqvLrMNGp/Yz7U82gUNGH6J6V56HqtRDD/EFijlo/vyczz3HwAtkS3njeS/ZZoc+Zaxbl06ZLcRfEn8AKy7mFVx3VrGQe0lR4bDg1MNJ9aKT+KdAB/9y4/B4eriddtQcj54Nw8SPgMUb+Io+Y/kly2nuzWLN9A1OLTzE3q3UBCOYLqM63rl6LMacMMPfr9yQllKgu4lwLQ5w7F8n+l1CiCNnLYBgRCMDcv0G7KAK5D/b9LSe06jjsWxkurcugpNLtovukOq8PnsOUnNR+TJ8xzpgeFhnFK79zbXmcvAisD1quVNQPUpZuToOWgqqlss1aDZ3alB38L9SB7LhBBTSj6CYMKJDnbW5szHWLSrkP95emSYVpg/z4lL4dSaUdfEznS4w8Ev2b0udmK8IjyOY+1JtZnlPUoLvD08NN8hnIj3Mtl7YN3+oPEm0WZUPNVjzwBCPlADV8cX+B65ZTCxc8CMsJTL4nxc3cbjGGRlP9FrS1aWQdebBZJv9Hf88gew2of2FvyGf7t5PiTW9NC36yxiIeocbRFBj91hbra5hHspmOlhiEk2+DjiLi1I3E8dFSmQxTe89wpxMXJZbsrJ+jo6VWNzDdN8fRZPVN1XV0ppUFTkEWGac/5MxkX8IVDYj2EzxXIKkuaWpg+DfqeMmBkzqmlpqPSIQJdBDK7/g9Bl/HwoJgdJGU544BsCt7PFqkaaI3FaKmWfEU6GwDr3SYe/4zXKRmsZRZLFGO96q9x5vm2BcDUrPf+hYSS83jLFMnSlMeWuVMtVtO9lFkt2XPiexcnuV9lml5UBKwWqJn77oDL9BtbM5mYdJ0jClX/qrIm2x0hASiklOrhSuXDNni74cqgCqbrG11VK81ZL0ba6Wy9Tg9UBPDKMRR2rDVijkzz7C33gvoXpC7oWqkPkeXSBhJvKaLSSy9d5xPUd1BTHXPGxoA1THYgT0J6POGyeZv8Zx5vovhYboVUFLo4isQv2HsDKrXrWScZ/5y90IXSEKV4JRVQ+gsfWpgAKmV8iT41bMAgYyyYgJBko5B8yqngPIdq8jL9Whf1BteE9mWY1uRAUb+29NqEamNUpNBNm/jAR/DkvA/z8UIc8Foym8hZ7nm6k2N88ojtdJLDWOW7Re4akE+2lcTqL+PSx9+MJ9BSvk9LiNVXAkbO38/Sh+HRAcKl9QsqnC5vJnF2E1TTj0pfX1cvutQWomXoZWUzzB8Schbkwr95R6jEYw5QxqFOf4EGoPn03nJayN+P/eZgG7LQLVMqh00cMuFs7YBs/njmYYuxJ1WeCW7CXmd356NYWgck6FtKrb4aHp7Dx+8hrOGX+O+AMl0bv82PVw+5SeDwU8tjpHATkPjDpLqumB/kLYjHvRaXJVTUao7Cw+nnyZJBvnQs0nYLWPArukY06QZz8kDakeHa3ynU4/nBCSzEIIPG9PL98fr2veoMw9NIUH346xRQ+F0weR0g7GrQ0ILDpy42QGNbX+9Iifdp0r/+XH6KEGdLMntYWXwiF+UwmTteUO9HpPOy0ZA/tZAumPHPDsS9LJFaoqb3hp8N3zX7e7sdmEVVkyyBEMxeVsQjOzkLcFHSyNPVTIBVWur8tryMtr8V5eYZuT8gdnu0nBmaCxZuubhluvNOf57NAbV6j67ZosCOhkbaIcq10gjF1Vg5TZPbScxhZRMyeESLfD0HJj3btKNAbxisyk7R0LgRbmJ4slfCpNSIj4jnmjGbwauW7ucNWcxCMzL5P3IizN8yVsGFAQIUw8e/4E4QMxDQfMIv4BfZbvThu20F1vRMOz2Va1rXTPRqCb+VwWwvO2A6oCR63Yr5gv+N8Pt75/jxOm06k1YwD4Pze2/JzmIdFeok7w1uUrIG4guXfEsvcAijriRcHw6kd11odisXoYgzo2hE6XTzkeAYFWB7DcnLy+gj80Ip1Ob4kDWlrT9PETThYIWS9kIF6hrVdxKuQW2jRtXL3bClgYtRpby7VxMENa9ae2wYuEZlePSfLcN9/gP/21MTqg6lCIK76Mpm0V4dVbgW00ubaHY7ktadeRGkkT9/H4NJNWGBGyzYCPyizuhUkoN4DAjvFK2Yl4Z+3d8HTy4AWM3tzdPtnyNiNu5iSAaTFQXXrMU5vcHakQDXyn5VdymeGwpDgCbZvgd/+rh1nsDLESTbyoQIyBN0LTVkAAHjiY/UJyHXKq4J+mJ2ftVgQ7ts4h8BZ+DwkA59D6AkQrqWrHYI2H14rlFGHprnvad/SRubtY2Dv53UyG+6i8nwkpEPQLl7Kao4/1PRxRnIfAJHuvLs7dT176/msjfcn2DsKRawQmwff3jMTaqwznXbqxfj3fkl97hb/ePwF01izlEoiqQH3qA+GTBh1Gr+w0ADn+I2EckYjvzLz79/ajLAQQ0mIUQTQpaA3fNHFDp+3yXzbH/eVVBQCWApWdoBO9BfLcJWh/eF9NA1/vxwi6yl5r2mfrNyVh/n6SOGzRCg/foXnhVHF28X4sPOVteDERyz8eDWegYfvelCMXrUC1xRfPfgfdSCGwp4JjveFeI3RJbEKD42/nTDzX6vQFg4O64yutV+mjgok3dJ6p+G5kf/N9yHKi1H8aflcarsxNtWnHKN5U1fd8y7jVx59/yyJRc+J9o+Q3r+hRqPrESpVU2r+Bl4Jp+GCV8l137Bp25NThKotFdlnopk/rbQ3cT+UZW8GKcX8fuZfB2k91KqiP309w2nMTOT/zaUU63ltwkZbGQOBcCz0JiU2VROEGy3hKVTpA5+hGH02uSe9J7HZ9ZVTAbURcVJLyoYi8eOHTqYyfvk0Hn8pA90jjtxiN+RYWm5ErUhKoQ+WrwOjBowhbjFB3nlRG/W7rBCS+fr/AWONPRsPr+YSLf4epBYUn1gksIJEk2qiNqG1znNuEd9YYsbwz4cVzbvGwD0XRiyTQykU4yvL5MEz2HARiqsGQyEhrqzE5k+04ZCkMpWS/dKrrRj1zcFTp0VP3TeXMakbeu52YIKGRo+Z3CeYUc8338lC/b4VCOCA62m6XtEu8sEyea8kCCPNenIzvxnSZGdww3hpKTKlt66LQVxpWGHiMS66BDfZ+iBF0kIPXTuMzKJ+Dw5fPkpFHbYvomXWGKmBGJhsevH4irSoJ9lRgp3H3uHb3sQI49+aki6dRk6pkd5YSpDGr7XRDtoItxoh9cNCldkK4OTZUWO122jdBVfa6xiaK8uHRfrWG6nx67Iznwwruekjp4JXil5L41/Oooi9fKm38DwTQrecYii4NZdxWk56LJ2vu2hN+ITeoU6qrRiZP4CQ+eZkyOTfvNDtMjoJN2guVUF719wXEZ0Q1IC8kvjnr2cZu5EJKJtAjAy7zJW+zbaPlum0B1j6vuR7EEndeupLqkdr2H/Cg1CGut8bxwwztaFgJEaSBTLB//KjpvEqxN1nii+8DgQRlLd5NnMpOEqTyoWcmg/XJCDvqaVj3xfIyHck8QX2renZzu9J/sUkTdbWYGUR2Cd9bFkx0iUfqwKM0sK+hu8AA3Ya0M+AMKdJSZsFtcTX+bQskWP68dnCJ8jxJCaE1XCpbcDhJpllw2FcSpGdeIuOrzQrhtZ8kfLAFCiYqhQ7LCNdjqUzYeMITEcYueKbWIkFeDOslKDGaPpSU8bfqi81iLlGFe7JA5fPSCZTbRml7DYyWmMIIyclKfmlL3CCxcZXPa1xLZ7T2x07mjlbG27iIKaNK0pppUUHmdDgyigSN+QvKnEvm1KJ8HaCJ6U4lVAilR8Fe8bnwropjnzfLa9XSGdxQ/ARPXAfc8oenqTwGNpA2HqRiO7AImRg26Z7SJspt+Splero6GUbsmPHRAaXV8sdOTuhcgs+VDYBUhmh205h8g0pGr9OC1ub+ZIOJkA/MCxDOZx2vfUdWyZMAbNaggCL/eF+BvyUNqYC9f3vaSrxE/q7YRb32mVa27U6NOq7trHOqPTPoeyi6oRd4iicsAeUsdWdyfAEq4iavWI4kk2oH9qouiQQuA6ttakbEihokwI21v2tAvADJuFycGYoJCLeAVuOKTwAOVZOOvGku2fUTdr+VVO+wh7FJpQSuAXx9f0/3jBsmpWY+CiL7xLXkstdQrKwDdnssUUD8LHlIsemVoeBpfyGpJ6had1fTCAd0cjiDCuDmcUoCm1tvyNtmf1qSlz+9zWj7FbwXK80m0w6z4G/JG+237ZV4rxuoHzlT+8uyql7NeqRL44MunPdZCaUfKnFq+8lpxZlz+vOfDo8AtlvP/eqzofVDpylXa1jmLBI/MYmc/deQfda89gkcED/y7o+J9RUVFY3lO+LOC8JKYYqftit7rWrJ51MNqkkASBd3qz3Z3bmuQ3YTk5+6VhL9m+F59j2sZk+WE7N3WjrFsUQ0xEJ/HkeN+D8cfvBx4ip6fwF1AS1x8L3lpkYDkgOdyL5NtHvWlJRX6vABCFVs8x5yD+93PPuZBKhm+1PPohHKrd+/pc4SHfsa+qDqR48HziM1iydKxtgfSbgZro+CAeS/oO6zMGFvCOZlMG9HJ5GrkbXUW4wRItpTz/ezbWT1lpOsj+Wtb415LFNJGOFpFbv/q3aIHgKGqkvEpra739NTCOVWhhX7b1ccEFiiWDDvYn9+mKwKHBX8pEbVgjCImlEYn7wq8SnhDGzrCZF6rdqNdVsKUdSPrYlre/HZImQhn7fL1MEyreun8ArlwS56DQK5YaTLlmfzDQTm+trreJkGsXYl2/m+63lmlwIEBQ/UOJtYj2yrmIujAF++puy50/7z3x+Su/O4Do7niKpp0AFtLy1vPrvR1mptPmegxsKyqP09M4W+TcFZV3Yx9J21dKpxBzTPV73hNTzF0Dw+xZIfEIQhSbB2IYEdC5GAev6nLL9v6gH0xl7cQ+efvCGy5I7A1yIIxzqIytHDzxOzDKYSqorNGrGy82UO07Wtj/ZU5U9t2Evqx72eYOvvHQ63OlUl7U1XhTvpPXBGq326uj35FPbuZaOLRLL5Nn5SbnKS9+Ob69efjTeWnUUiUnRtyZe1twvahph7s5IWi+yLL0bVtbYRXTTIwPBCblwJsuwN/QYQe9QCdGGBZdvxAyNN3rITEutaxTGAeispAWnigWYBUhTBiNTCrwbNxiVKuLzU/iPKndcIa1oufIws/hVTtiKotUvVBT8UCmFE9gMGVTMuv6JR3M9DkaP+0ZxlhurNkXLttx4Aoih7Yz+Zjgwejjq3yGF3Qy1aiJjz4xQwlSoBdsk3Gl5qp+bqujhbrPlarNGf3yhNvHXOZGBr4sAXMp38vMvZhqd2Ub0yV7076jwqNb+RvWnfHYG/JWeEAUA4rNKwHxeBvUhfCGMN4yB1ZpdydELlNmhh//ie87sK4TY2DcQPgb6NN+Nj5H3DWp8Nt6H92rHH/08CMIeFfKdc+r6R1Jd/p6WQKHcIWIyIjIRaa9Ml/x7k91Li67tr5HHDWpsOnLFRoCBg/BgxQNzVlr3eH/wG6xLGHRNflJEUxH02Ynd/XK5xcr3CqV3Yj5cL8w6fLji/1/Hudhdd9zbDKjYcxFlScm3NlHWyYVl6LoXVhH0g7UXUxwIePH40HHYOkwIseJgJmbErTgtDSsZ+1+XvP3xUhz2QTEFDj29XHbOvvUX5ZLEHk+8ceFp7f2evjZqrBHLn+S1fs4E8kyRnBf2Rj20SvANfU0c5A1/SnBJhBDJY2ehgH6JWR+wUb6Y0omawDjonnOgMdk6FWgCJcEp/bCn/KyUj42Ohbqx3Djx+bRXuxe/hLbcTOHeWICtXb0rYUB2MTEfiLutxvvN45/o+AEw/gLYDRUzjnzBunLISQ2fROoWjL2Yjt/oSE0P+LLQiGg+snfQeURu4q9IqWiAm3bl+ICCSaS6LCbtDdGrsaejEo9NcaDc9V8aNsTn/9TremC1ch7MdcGjD0+Nc0bGpcNvDMsVU3ZdhHVillnqU4/UNuVjcd/nqYsfD9D8Z7w7erh+h45QmD9GSK3nhmcLAlY8sXtEHajSdsTyYUttWGN5wnKf37+vLaQPjj9dkUF7pGyl9LGV9kn8zZWy6q09hudtsK+mZVq/e8Vo75YcoMEz8avNOb1+Lb+/eC3p4Sf/1WS1wjNhyuC3zSTRIInHA8BOB/nNt6oZeclvXCDSS3Bufo3QQbK2Uad79jh93wBt62ZR8l6r1tfPqzAxAjhSn/KHY4PeWaJpOnEF7nXhNd6SDv3J2CRWFhNANUfJfBXGhCdmCg5eLU0VkXVGaWnan5pO9M/hgVqpMnFusA+9Ku4VEZVWl13aeZhl0D1DrWeerdzs1qIHKxlwbOIL+YeUAWC5oCl5NI8rDkgs5zUjTVvRkHTw6Zb9NnLopTE7KXYnCN5V/4azQ3LO93dgpihrZvVkvzrM3N9blJqiGMv4Cy46mg8LcBp6kK5q4wZXYwFFRcMRAj5qF67oui825Vr2RLiBWoOasXhRZXHhVSGt19yZmXIkMvsQrIXpGSXC/pyz+cPRpWnfRHabxIUU1i4Wefb3KRcyUGZK30IvSRa0YllUbhU38Yk117emt1YHD+Gbbyrfb/gS1BqkaoauKiY77GaTm9atj5T+va1XdTjPRxIcJWUPDdppobJtLJgBkuU8zw2M0kxHJq5G6zQ2+4vmizjRxs5b1tF3IVM0hDXBEqjAy/XDDEZcd+8XhG9+u0fc7GmK7LI4daMreVT+3XAlDr6511QYTnk7o1gHpFMKqlxwIguBhb6XqOqWtlYa7KaK71rWezEKw3SBkGt5ZODesNL5l3W+DV2bld9/+DuKgiS4wfrbL9OrFTX4pnLAJEzeFcGBZ7pTYgEzgHRKcG3vk0ttTbId3yf/e1rBfBJPqTFxj7HaGDuFWIWEnxZjHzgkzm8qKEkOCp2BEeY8uqtph89T7HyeoP8lMvtOH8f2MrOZ+DCNPE6MourPzZkvln4dlMOhEWnmQrVHieXP/o0nownorenXXddPhkFW5GqkiiwmNmEK4sRvLCBgXzpR/OnnjMTnGwl476KmXxZO9lN+KDLx+2ySRp4fyd9h90qeE2PcZkH+cCwdAaGBRS6CTGBC6V0d1KsB5zUlWCMHgi4yMESb1PQyM3gV6hj3QAlMt65jJkUGDszuRs8QV+obOWP/4PQTM1n78GEAzyha/cio7+l6BhzKeqD9Cv671CcOTsf4jlqQ3fl5xcSgfQyi4yudvvLgfsskSS6937qiN/GNgVtyUWGLiLbVJjpl7mpUoEMbQHQB8EratI4Huxg8GqUAsctQGDKUpA4zTseV8nLpBWBqBVE6b43LLRaLj1ignzsjlY0Iim5UH/LarCmPZdxoQsBMEsIGhW+gu8il/kGgU8GFYFn1Kdn1LpHWiZ8UteuoKBF8IzAhUd3tOuD0SPUEWxhGtZCddyWd+5DE8jRgcl5+eHBRsPW919koqY/5GsrUlYJvN0eU9zrjZIxWT9wVmv/axXMO2ilw20EWZFkp1qTvvlcr6XDOAK68KfKlATz+QVp1lIh1o/DvJjqjaPxh88/CNqRJiePa/S571nh2qNNzTWAO/hMgdYXRQ+P6NXmVr3VUkd9AmPQRQTquxibTLgA3oYiZ4dQVbD/Joa95EXTxeUJWPYj8aX2rbpKVL8Z+pT2lC8I+71Td6EB3VrtrgmL0fM8aiuywDyOAulBQkDqwnJAFANM3pHH7mZlAMixY4BZfEO0FpTK6vuDb7Wr5T+o3kZs0qmNCjTuCOYC26MnGdqbwD6M0B/Kjs1rssLSxm9vpr5319soEToWHemBHqAFSUwvVZVYCmzzNMYlGumwI04SEkx7WRX3M5bhm1r7VsOl959Im1EMvnOkoGh1mDXAVEG9yYqI5UsKa0wEflfHbQXxfn5/FgnP4maUJvZgfEyOLWpMZXvfbv3R3rtViDyzK5ZMbfPUuqMmHh5HkGMcDzcvHhGrXHgnctwTa9E1brbVxy6fqqtYGIEejPo26THd3KwM0h6RAU0+R9EOozu8RzNTQiJjH2Jc26ejrlMezhjI0Teo1KdUSERd07lGYRgf3jKvnVHUYtzv9nto2/nCyaVDKy9PHCIHHgIovWMec+JldWS11bsBJwAtvoe7aTkXS7gBIv7XoyUkziO4DW4vewSgD/sDhFuPqw0mt9S86502TpB6tAgP1Y2Ut88YZzbwNYVm9nsrDkllrvPLGZQelMV8M+vzlMm9rO6AHPxRmM7Pd4c8fi3SXVqnGnnVgvJeZ2njO2GVswQMw5hcxhJn1gFqmI4qHhJskwFZ72C1blbU4M2LwPFeEugHD3bEUjKdkwykbI2JmEZjh5Mw/RwvVEoDE2baqDJ/t4JvbqMtM4CWHdD4fjQpoF6AOVNZAbQx3+0m5UMp0qpKFKSELRp5qnj3AoOuw7MPJ9J/otpnA4CWHO5eeZMgO1n2q8jUjMTbW1/kBciBwd5pnE1AF8NnjmTAqDImKJVza4AXXNBHI9pCgb2a1uveG4IO+HJCQWbiUC8WwN3+o/cstU4i7P9uo+KAlrlLUVmEmH7gZLJ4mrkLRMgB1wc5767ThM9MJoYzwUBCu/h39R+C+PIWO/z3vrQQtNP83C6JZAHMG2hC/HTngP0PK45uy96+wE9YJ7ID48lMWNIDdhU/lS7+LZYOLlCfEeTrMQhm53tV/EKImsU9lYZ77WhzccrTFqB6gbwWsZF2x2qwAJGLN4WF2lZdjzx6ixMXrFQjX8425LNjR9Ie+tbQmT8YWG9A+jtncTQPuBUQH87BdiQBYmXSqRifLTOV9me9LHEcBc3AJJqtPu5nfhslAOmxY/UKgd8n6eEkkvcG60tp9/pOd3uhZ8mPFSaeMt8SH6/ihWeoPIdVrNlv/FTsbsygFIsf4reDEw8fgrSF4rEdjf87ZHDo0IxhRt3cp7G39YUPWST6TasK9OIny6fr3B3u7q0haSuId7BCy1QAaLcTHaVk58fXlb9vnLdbdFE7MPaCPlsVdCphTbiJ7E3BZ4PPw4k2Ys32PzsAODjwHb1+zXk52mt3k95Y7+JJuPvS8S7O9a3ZxWXyKzCMQirHFltDup4wGeM5fZqkiMyyAe3A52gUtrpfyCgFg94ok0WHxlygLGm8/7UnbfOvMVRHDGqeulsjHUr3kLswZCntT7fxDKxCXkxwIQnYIs25Ba1l1a/Bzmp64Rd4KENXDDv+wvb3Fn4SezxlSbKBuF7k0bwFsc/DTwFLd/9J3iHpp3kDvPw9J42oPVshTtcTqJs7dmIMM8bj9bugAciYAKybdklTa4fNb/zFODVlHkcaIKxJ6SL/ckFnvyseQ9hXEhDIeyOXVBmP/yl9lXGUrzABW2Pq1bPr5cdX4kR9Kzwu1ogTKRjGAMfOS0XO9jzXmJH71QlPq4CWe3X7/5jnBNTiKulrvJRsL/1eP0KLdLBznx4/hHp1mVVHTuSLuPvB90iQ2xDvq8iz18gwkoiIm0r/n5tAhniDF7y+4tB77YNODgMvQPD60cFGWIZagBngMlxY2DBXjxDQgLwAHSxAbmCiWaYulFcROyt1QaP8RyBOqtC28E+20GxQFzSuxcUxCFhF04HrKvs4Mkb4NOBDeTn8644bAU44+3EtWSUbArLInEa5XOCVB68sRGrvF/oGGunJwt+V4eEqMLeVN19Fm8XYIQ0gppMd/S9a7+OnPw6WHy0WFf/BbYu7xnorIAavi9FbkBsS1xkcI7v+w+rMIROD34xA412i+EcHIIzzzFVBvRg6wS0gHAa6z37ZSU5QHUvjjELP57A06ciRLxRTrvMlzSfDdAI3F4f7n4sQIw3e9SXhvLRMIhXJY4vGvi15p/LsljdHwRMFRDbY9+uRGCUcdy10IwFZD2AJzADWSReHrmTiwUbsEscc6UMene2l1El6DEH6k+0rpyNXdB1u0+5FJQN0e8IpYmc9yJj4ZGhvQA2MLEYVG6YxoNo/qAIoG8GQXkqYyUx4AhAVrgxE+DskRwy8fEDwGVgm2UDT7GJXp4bz0ZYA6ClI5jkbw8BcloVlKUwao5AEOPkYUn9JhQG0xAqxjYEjqOnnueqeAtNbOF8XB+NqS+LYaakuyEAZV+hsmgrufo6/+3q5QpFHzQE0GwSD8kY0wksZsLeJd56LH/tZAb2UPsRkEZw8WPk4hKPx5b4gO2tVUBfCNtDVUMjckCCMEbZezxB43vSxdnsJMo6igQkgTZN7MX7N3lP5tHoXJzopp2ieQXZwIQ+PIPCUSqTGQNwkFnIIzEdkirLDpMm+P+DUpmPhrj2wSmyHqpRH+NyyM2KMXIYggx0vzJzyOktAFNVr7u9l4YxpkRWQz4axlBXVP+NjuM8Rg4r9VaiBUwdxchyxEUNyU655gK0Iwt65yqRZTYxNLCldezzKAe5RM88RJZL5mIYvSAbcGfG54M171328yAH/dQks8iNFXsw3/O2QIR+XMTi+fjbjBgvxzEmJhSR5hDkx6c/9wGIhcDqMrPIN3GFb42LjD4sfG02PhLwBiAGXYytNQ1jqInPAVVD3sX4QGMVmURPCLy7XrZ+Jc0f+35eZMEQiiWZcpSNnH/d9omroHO8lIgPTgasSMkjy0JuQMoAaZ6DpvjQ0LIKd8+OEwRpwWUx7fdaxbcvz0Ih8DgMQMb3RPp+uzoNhzA7IuVaZs5V4zN4gpqUnmdjUG3MIz3wogCgWMZn93n8eTuVQjwkBM5ET+z8DHhkBFsooIAuAsqwkBuY84ZLHVgwhxsDLJ5yMAc5vYgILobcqFgm9rTZKEiAHuY+H2l/UPqxVe+63G9cRO8Xyc+FbQDo1NtZySS7oAq6YCCnjiG9Y1pD8aQsQfLgAjoy4Bp6yzCRZUUVY4LMYrnbSO9cXYI/j8BJ7D5MssDHo6933gPb00X2bdYCPK3/LLfcvZ38vKkRZ1AEer9MviZEmKxvRxY/+Uq2SUFEkxKGCEBnskhN2zhA2j9yFNfC2UvR+rWPySO4HkfSv+Nr1323FKTuBQD9asJh4TlY4CbE47LonkAZEwiM4Yv9BgrHRaRN8lWANhgAxWkAP84TspIqQDQwCKvH7DukumxsJQ1y4gUbbhOdZYvET1MGGe/c12RC9goD3paLRATi1IHK4q/uWSQafbCz56xC9uWdJp09vJ1c3Fjr8165yaUqL/HkCRDOcPEacvGPG7G3e5G3exPgWRCoGT2WFNhScVlkmY1210gpn2EpCk6rEWWuu4h2N65AVsXcENL6zQex9FkK8id0NovX7yqSMh23kDNceIXlZcRsBEgF8srtmDi1x0MbURNRuBABzlELB3zXUjLguyRwwP0wnp6QGT0sQc4/VIL17Z45CFDuJGUOi1Of63uuOgsSejOikMdPyBA3suAQe00eoaQP5zrkhK1Awe8sj6Q+V/Dbrp7G994Hfzh0D5fEoVWc5Ls3PV7h9mEhehvfR36yfezRJl3cy4njC6cz1gFsAQN8iKw4RN4G7N+naHcSlLQd3vB/TV15PJXZG7+2rHEb65RQmrRokHVKSSVtGCGtlhqVNm4YDC7pV5QZTTNTKkW5TbZC06YSt0k10zI3g8wgjEqJULLem/t7znvOeV//9XHuOc/y/T7buXKI9jELsX9LmPzkXAHj0VKQPo/UG15WFVMTp5Qw+72KcWcbn0i1N6xJOOQG5WAbY70wkJTEckeCn3jmnzicZzHmFe+AggTD04fTpOLwromxe3M0GQb1oq5DdvPEUJEysWD9tqEv2vqWTXnP2D+4mQa0O1VBfRqDr5sRQ1E5DaDnakTC1KkY4ErGBPlc0ld2u0HyQw4M+h03lsnoqUlep4hMiFI+cXDnjzhhWjM1SPrBebtL0frmfSTfBbnjEK78HIn/J4QSWEmB0M9kaWbea9PN0/9G4sVfniD4PqcJtf8pxvcSU6LO7+zfYq/dfu39abo+GPYp6gokzCq8fo7Mh81RRIGkClISd6OYDNIwyHXcWB53IV6iQOwf+RqXxBZGAQcawmF0f7YDUxLVv2J+/WQsxI8d4vd4EuItGaQkRqIftNiThCnVovybgktijjZyX9k5mjBD6PkWjrgkljL+k+TThGlNaqr4MimJLxGHknJ9Sc8TbUg1uIdL4j0T5JLBidx4SEK4rACXxB7mgEDUdkFJSgikHrh2H5fEQWY92ybu8viUyIbBLEWyf+dFPIEj+yTM95MdUnVinrU67irHMXQaKST1sNmDmvfnMozvGKjPBxfw+hvIPVD3FGrfSzwe6u1nGGJFJodbakRCScRNr0t56eZpixj+XYPhLNq0fFa8KlX/23XM6OBphhQMciQd19CIAlG/8wcwH8ybhtft3P0XIfkTqfym8cwNgLI5Q6B8COFHtQM3uieQdZ78rLNoHQDMPA5+/AAeDhMkPCJ+0AID3DoO4ddA5/9oLQJPUmKwbNxlqEDj0LPjSe/oHWG0Jv1ABQlhG+YDdWg8FW64Xu7DIyEuO8C2lb4MCCGQpGPJ7+JgJ4l1lzN3APvRo+e8gPvUyeOoEZJv1rjbxpmKxMqI5b3H8ffR8YnUiphJEEZZ3uhGoecKMzj03VYgIdai/5K5Aaicij4slJDhsFuLHl5siZueN8zhgWj8ha66fCY1YOeJ4IkewOB4TKFaUgXV6P71RXhyUEPvJYibC0gVjKZNUZI6zpLq3ghSWSBNIoYgAN9j8XTxNY/aKvQJaQENIiWqwtxN2MfBqBAEBZIvZQbm8YgIJk+hyUEfvTlVhFSINamV6dBlHXBBfdobN/SkQtLGajy5hHSpUpJuxaMLvxD57Dwajw9ENhzvZTl4AyfJbchCa3vg+NsHUTuK6HZxIhThL3EUz0QSpq8hEUzWTZfjKApCXe7OQtLk9M4lUcYTPsRZchJ68yBoPWly2qJYCv2EQxiUC/DBRfCkhCrX0wAMTvOLzEEvO4hXkAu82RlKFP9lePZuZdYjduAMGeFEhWfV4iK4BynnfBXPDDbR7HY3kiFvoR8I/UkNbNtJlSs7KePXbtI/3YKc01OIChBk6Md1lJv/aJCeMhAp7FJIwI0dz/InFIOroIWevzpMv3FzoRoEffbQtgBqxCRmXZ6PS6CtFbu+B9+t2GgxF1hkZIiYTQ2cumuNezWUiEPorSZpLgE3jfqvxAeP/q1GoE+JKf6OXZU9fCu+P1OejaChA+GJRHa3Ib5b0QhB3u06jgugQ7ci3W9F8uPjnsT6W9GNDuWWe+9e3l+/cNfe9XmzwjWvwj9t/FZr6/999szie+K9R0vVNfjiBQesjJ5+u0Bcx1/An2x0KtTDS/JxpTzwWl/LC83ysTUvmnRlSUpAtLv2MbbZ/e3ls5upvKSKDgNvw4wj+9HTji3heqK1u5sTdz2+TNFokf/ZMO1k7JVW9DZrifzkn789ydwYnE6pyks0uyi6UCQyrEI8/uRzurlvussvbasp2D1Kw36+r/ym2IxFD9ElvPp319vqhBBPdnvFmU9GHoLP1/qit9YCAmxOvnrQl9e2it2++IPDoeGpc4KZ7V/13ct5BNJN2O2SoOF5Y2qjPipOQFyKL+i9JRwOmWedyFpnaD1ifPfDjJ+eosf8nE9/6HT44XXzgTYPVsDvJnV5Dr3b0h79kcyc0XuoytLx55Ad82ZQOsSEhE4MSdA9/QYdISsd3lT1q+zrkzMpoGKTdn9vv7qqtDAEaPaEshNe0sjAE+bcOjh4PfNGnTBx3nbHjbVtS6j0cDMwb4vJRT56401WvOW3nb1b/I8bslsVlndMSzHdZPkHMFE8fUL5JzvPobN2poo0UZo/Lc4ZX5aWb432555zvuWRcLP48T4eDUW1q6ai6V+aa0aCvPDHYNn17gqHNhcyXPLCX2LxS9H2B3knLBvK/tVvm88uL/x7zsO3c767pA3i0l2jhHW5YHgvj2Yp9Q5/76P+RxbPBUc5LQZox0sqxj6JotKT5O9Ll1wt/d6yCWk/adqSy7JSk1pjVerXQY/YCW7g1yQkXXqhfE1k7OWZj8PY7S72n0z2gfhJOiC+fxmI96q4oNpmT9UT64BjM/yPKM+DA2M8ELXOF9bHj2HP/+LwDt/M2Cv3Qr4JRkcErAJ2gYvRn0ommcQ5/0r6b+UHPRuBfUkZ1vHS0FMfFoVqK7HrmUL92paNK93mIxHa+xx7Q7O7ZkYYssFxLzIt76K3CtjnU+T+DsSfUmFpow/m2R5e3YPODqxaeWxXU6dGrz67tfbXqF/u6tgYjMAPWtx9X0cnPNT5NVaDUqMkGgeOAnodb2Rp7LeZw8CqbOp8XlwxDhw1ZfRygN/3W24kyK/aWCkQavC0lzctqXos0ldCzwV42669hpy7jHXuPuJcbz5sr/aFsK226th7Q41lpt397M1rAtw+U90L4I6l4LqyB4j6MLifKQK1TgG1XIrc7QdofeV5Lmxa4t282EIPLW94m+aW4Xjr9zIl6hynrz7NKADxd5D4u6tBPCKuI3v6z3Wzcr4snqyeAkAYH4Oojar225WlQHHpsWKjVhE9HyctPmG5vsNbgTpHtvdK+p7BSfcnM4uhg/3VTq9S/m5UpOJbrN76e49tuue7UjnZKchFq+lxLpI/ncrnCVddT60f7we7i3ONnuxBQfsZ5R3PyyxMtK2tSiMNtCm7QILWnUXG+RKQ6mZ6QBCc3RLrh4EdYlsTsS0Om/+h9+myVhNgHdntZSX9m+2As3fGId74EGADWc/GuOGwQc/QiSX5VgYbgVcRKpRXSfNsMLLv0f6K83MqOnIDnylFKHMfsMcpUU0dDgibKdldHTOya9tuHnVuuNlJJmhsPkPMgrBtXHns4lcKqPlKYew3PoOj5kcw0CkKcvIKlJR4LLbhGNtg2N9Sg4gNMQNZg2JrXo2xRe/D5ZaYXM0s2j7gwq0eu+5t17vNbblZ6r7NtThqBuazy7pHnnlru1SuuYBkG9y9nn0fyk1XLOs9i4JAN/sYQ58qJPzrsRjYxg7We4NWzye/bZ39WwwYHz6NZMQuAbtflln2Q84J95noRbjOWxjb0gqOeCk4JU7SVWsNaiZBKx3PUsPlXKCbH0SNHURNwHqM7Y1sbvsK4K0BFFsPsC5j9fdbhgTzCqRGHLOmhonywnJ00RtvAcsTLr35ANJTuO2W55s3f73R3WoPaOec8VZWlC1cq9N4i+PGuBcSG8viyQdPww6vX6EevBi6fjbOgBVg1SX4Ybvt4WsQuN/BGbILm+wePfnmX/Sfrik9/DOeeT9zrFJHT7i5FEBWRg72YR3UeVSo7xc18TZPQ1nQs3VMWFv1/Of+XV7c+tXd467aF4B9zesP13v4X5VygaNqzgTOIfQ0m7yGYDuFDTrtVevcv5LxN3vrJTvZ6OXuIGF7W43VTUTqnZOGq/GpdEgLfe3le3S4sJ6G613aOX7lnfczgLnl8vrSAY7ZH3G9+xq2G2cTcLu55VUY3Dsg3ym+dmhj9odF7UIucJdNSEwPjtVf5rTfTFvbC8C93xu2aOBzVv9BQyg4KCXNUBaUyHFKjILGj2iX1HzkuneNY9XBPNBupAAH7oABt12ToHt+IV9VKiKBO6DHfUAduAuBmwfql2XhpPguQJHqx6t4w4JbBEdYocwFiR/9X1mqgsUxDO4FUKGX9BORcjZ0k7bWYAc/BRHOt+9kDl3xGjgqHcMiWHaGQRdiq/2Z6FsQL1RgxRdPwegWwdmSHVMfOYR9uz9Ohd3auRenxXjw3shN4K4XiD7MiZ4HomcAdUtgezdkJR/IGgNjWOOdeO8ebDv06I9NlsC7Chq46izvwoMwtmaaQOtZuE39T4jSsTJzvJIDTovBBslOnt6kmehS4sBfTAretkmpL/R+2Xo91FnuEDmixHLPvB8XvJqF/Ac2M3AzE6vD6ue5GBe8Z2iZZOXXzmxkOrnipFgF4rXXgvgBYG4RezpvRLR+8UaQHgbSfwTp+ZAVXzux21vkMRtE9Y9Fs4DcpfzKS91gIPozP9R6Ji/9l2KkeQMWDx8Ic/nBRzjtdB3n3YoLOC+6GiY79d9peRJfnyt9OKTFcSv0+eTtO3zHVb5fB76NBmSdOdSdD+Kk2AW2rdiOkY0w4oS/xHGDXg7L8sFt4pxojhiSIpwU48C26UfBNuBUhAG3vbX+cJVexhG3QLXWQf172441DAROeD2Ds93v1S69Po/I362UBbLvof1+9aQoPEuRdV3//Y9xWgUdb1SCYP9MMgKEC0d94NlghNajwqULreGAY2QE+GsFC734DtAWsrJKsFprjC8UXGgmXptz8s2gUwP5Odaup8w6r9Qapn0JWQm1SpSaMRhbwXGz9OpVuJc5tY/zvQgXvIOVygJj+Xc1u28WnI4btYoL3v5NyU7pPrhPOxXNLf9MCp711NQXTlrNwvHIuc081rkWhRjY/0D4XTs83e3JUmCNHwzDcaM429U45SxkBOnIjhcyRRbbngk4blJX8h8ISdRGaLLgiLOXdkwr7Hhz7xvgzQqCbS4nXnYGygHkRF9QL4piy0Wl2Oq7DaJ1G5YYZKi3xqwFbE3rRHNSuO3OZ4FZ0EoEwfaQGvAsSO9V5bbbnhAedoVq8xS06837q3u4PaNPHKvEur5l//cuD0rKDk1x0q18b/fwcoNdVuKEOYGcgLLkB/YFT5zroeT3wBmS6bidQX8Im3iY179gnftaiNz5cMRm1KlC1jdWYB1UshUacRgxJ9u5Gifu7Nky/111wqtGHrf++qZbzbM8jdbBd315zyP95lpw0o1/xIGzFI7WgTrbBsyFXgaw0VHAWekoRvf41NS5fqSb+UuJO8A9B4dOnnqrpxtuJ4bknG7G+bhXPHvSrGuNPh7dZd08FnzPBXgIKFRvTffA3JK9HrW8EiyHgrNOt3IiycgfAznnOglIN1GnLEg5T5oJuREbNzz5gxfja8GzqR7869243vU1K3LgROPAXejg2lhO6p18Juf4kZ/aB4x866o065UF0hxS7+QW3AeEy6+n3gRwd+pW3iZDwLtE5VHkiqNJUbNRWWD1K1fvWBX+JFPWDfXWrIaed7kC6Nfk2pwJEtIvXso068on7aJsK+eiGG8mL6oIvK4ynapcn1MvwAN7t1y9VbiaeNeL2/qPZujEENQpefIH/MkYIFflRMflY2x/h+1eBNtAjlfhfJwWVQTJpYmklxl0GbUeTgqeJ78Ot1JyFU437XqSFAW5udSzCtxy+kOcEpNLX/hnPT//XtbwNFqHzXhJIlLrUufOxzE7/BdHuvDZ+E7GtfF9Hga12ZE72XNVxaECKPP86FJIxeWQDro/52yWbcSIps41JvP6gCYrljeSzQTrOtfGEchEz9Bfp6KB0GNBClxrv4TA2K036twkPKirCIrDSIje4ojCqzgD1RWyUOXtMmh4IUil2pw9Yl18w5VcmlGNHdnMDTO8mDEYRbOuIdLud4/l5JYl4fTHH4iE5FMDNXVAhbMnwFVqcxLiw6zrNQnO+FH8aDmKwyO51NQ/0PJm2b/65eacwSXupBtMlUZAK+ry6TeTwd0c+mIT0ozyB7pJ2hv2HLWsEIpLmiAxbVSLn4QHOJ7qjIuiC2E5c1+ZFeEGv1x1FLGUccLL1av0w8Nbtymnl/HZ3eP6VhR7J7SbdQmY66wmR84mpz3MpUe/0b5S3F7HSHhcMP7vi4AYGMUUGtDvApxjAnP+AbPdpM9HvSL1qwVuV6oXabWSEaPJfJTnEq8wfb7pQr4/no/fN/FGoT2daUS7ImhgdGuOIlIu06wMJ2i0Aj/ng1ypwigelTB4ttvvK8XTxYf5ow/uhAZb8PnQF/tKwamHO7znJY5y+c8PG6a9zXwTMDm1EIeFZOIosTsxnHJj1w2k+cyyHWXRPVzHPuq5boBUcLO9oH+DAie4uJV29jJb1w3cNRard+d+ZiTvck8m95PfCTm/J92uZrr6dlMVAbnCkozySMkAFDD5BtGwhCKapTNKszMvd+lBAX1gVoTvB7M0uUXeKOcgF7jILDJDWh2CG/OZ4Fnm5rm4aGFQ8v8BUEsHCFqaYgOftgAApyIBAFBLAwQUAAgICAC8oWlWAAAAAAAAAAAAAAAANgAAAHJlc291cmNlcy82NDY3MGNmOGZmNmQ3OWRlZWZiMWQyYmQ5MDQzZTQ2MjhkYmEyMTEwLnBuZ+26eTjU7xs/isiWXaZkHUnCjKQsWYohGfuSbRBlX5qMLbtBltGi1CA7Y8saauxGSdmNLbKMZEuWLMl+nvl8f+f8e/47f52uq6u3Z+73c9/3695e9yTeyOAWGws/Cw0NDdttHYQJDQ0dDPw9ZjoJTm5e1DMH/zCjdawwNDQwMepf2kCCuj8NjQjNbcRNs8D0lcmVh+fGamF3W52OLnjTC9wSUaL7yhUnQdfJZfn07k8m6VuyJvQF0DOSdDguy0TK83COcMod5LkrzxHPaYL81ioWik1spzeqdHIGJtfs9u/JHK/5/nGoslSxoYn9t/y1Z6/MMPHeZNnrjzsLbYxMjLtdwiF26EqbnBiaByFxaEUSA7tEjew4kBt0rPq3+DL6IxMMrSjmlMtEQouADzePfjofjrloR8vPBS5/jD5khqHPiN3PLaaQaOkh36a3wYvkBS1ZhzPsIsTWo8REZnyB0PT+fQd1LOvvvi8pxUztlRIkhr+bqz+dQ2erHVkkFJZnRPo9hGEqBujIwzNcV2pH1RwC0yl0zxp0Y2NIyTCvJ487mGHrisN8F/AF0BXrqFtMsHXZ0PiUl0vQwGgKHQePdYr+OH9ZOJfKDXRkbOoFR+82Oerj5Ja4o7+bO3nE9dtN8JOZzRetYQZ/ThQlbHTJSPYLOBOkhxCz3FnH8iU7A8ppDnTQkcKT/H9MaKZvEmMpdOr1Q/i4iS04dh+oFxtEJLdF+q4Lkhiat43toSy54Vwht9CRD6wsblwGMsJA5npo/MWkJeg3KLF1rdQrR3EPQvpAD/mX4c5K2JiMRqAjK7bEcy3B6Ro47ZTnIpj65QSzggv78XH8TDDfB6LEVoi/l5HKIY4iRYqZmlSWiEooqu9XBc9LSMRVcvL8KyntPnpIkEta3LiljsEoePw7wOd6KT+cy5YHtZi6TWcmoe+1t0qWIcXY2S4jEe16kAHqM7OMGfIYGnSB2A8uHi+u7xcnxQg1VV/Ej2dMlMK34bm3sKyqJl45p5u7fG+hcxT2uAe4B7X+e2RPzzvr5lFzpOWrhc6RAB9AB/+fR4FD3OITioahHs/AJQ/bxccUDThw0WkPMsAGlJ5JIksDgXiKBkf5oINtv9xMOowJttWqkzy/ZI+AA+PvnteFh4y6ZVI0lqfG6PThW/BcRixr2RV9xAMzW9c0ikZXObhPs01ZnwflmpokMTnQEjfCDKvRtQe+1AxKk2LuNNVexNsBJ9TBlW/pIdZOn26vTZyQv43O0QIGNr18s21ziHNNomjgEuVnpK4nuj6laHhsiWOnmf/IA/euaqc8z5cc3FHjsIYS+/nF9P69ljU0BffkwkF8j6HWYsR+7mE+YlZwlDMTrObHJcF6hoMvvlw9nCjXGC7x39nhXDJcKFeSl7In6zd9YiEzllWG05rCBSBgIcXwnbndFjYhZWaIzvFf2xbHHi7aI1jpIe4uaUzss5k57ljWq4N4JnaX+rgSZthQ94kz7CCStTyootQXCgK3Fgutsay1ZDzTU1+f6iOgqZYbVfSKSyxxVihXF7y6VwTnSnT2kDcHx0m1MrImae61Us9+McGGtO2hcffq46iPn6P4sPmSo8/UDN2hRKNzw3xxc5m5l8DbA3gmLMDMC5jjmMZUMDOVyw+0EQ1inWn/6EGMQQCtz3C1IUBILgBp4lVo9NezAkYMpBh+1C8k/SC5Jc4aXN+qwzk/Y5cXiGUlAE/m73nIt/OgLmYAa3gOcUWRFI2vAOvdVFiuK5ZVfJMmJhWoXKKH6BaM0z0i7lx8TdEoBrlN/yhf0tomT/IF+DHxnwh8R0SLG3UxqRnxPIuikQTEt8bNIxvJZivX8ZFkJljy/IgSt9Epc0iCGNGIPzQ+m3MPYgwlxZBTLmDfESUkEygat9XG6dja64Za4l4A+U8hyrzax1BdIJ7gAeQtC3AXQbJKRvNdNEtrG26JgwIhDXTku7pbkliKBjOwuQ0YKgk03z3P6IeueJFB0fDe476pSg95x4P60uPNUBR9pJV8Ay0qAa5TK4HdFyc+H7QBz7A9SNIbiobBg5A9I3HTxvtixOe4ZoQR/BD3RRstChnmK0o+0vp5nvj8YyXDuCbHL+f6OGl6iE+lFO2lwnCuOibYz7tpTOMUO2d/LCsm2IVVvkZUf3ecv6eUHjLvDD75kel8B3xSD9IiDYTYihnW/fUEO//LgrBtuOM18AmI67hTfdwYE6xbyx7qapZG1+wTmhpFaUPp8dz8PjHbrYF2YAeu7G/BHfmAvCx31GdC8V0P25R0StsQ8DzsTL6sEimm+NHzmxJAhh3Lamqq/Lj5TKmsJClGEgQrA1RhMTNM7+sX1r18cud9ekiB3Jb43s/BGNjZGtmz4NVA9M1C8CpIUlOiap2V1GnNaZUTKdGUNl6VymzMHuTyaXBTygU6vkwGvZto0fHg0PiI9tGSLlCqcReInD3yXJU9VyKNsKxJW+J0zaA8qI8q2REP8otnd9RO5zLBEHXm3Cf91z1FEikayUjw+j4orfOkmIsF8RGxgdqcGmjRtlvg+FYKDBpN0aDnOE+5uQfh0kI7SIPT0FSYozwppkolLqIpX9LpEHeG+sEwH4Xz5PVEKFH2cTOi9SZwADSYy4npEfeKhnyA+D220Hi1f1sRYme20NQfH63T3AJQXKaHPM2Bc8m+dmG6xYVSpL57cQ/yELx7D7gIDXyNliXFaALcEJdtP5HoIexzN09E97fE3WOCCfywtoeKpCxB2aFENFMOA9Orgkz1PbMxPKVNlB5ylyVT5rc+2sF+DaBQAOo/lhP1Dc/FJSvuYfsNR2lTox47oz/Z0UP+/hkvpNe7fQz9K05cT3GY2iUX0ne3+nI940YFJgKDpMnJoIOr6KBnLgOAlIrr10VIMbEhNQz8KallA9Rz0Tu7J6p1TQdHhqteUtpge9y0dSkwRwlSjG00nwjrIS4wDpxiWZ+/dOHc4UYRnzUjbtzZg1QBM0ITfSO4LZfbOOghzQEEOJcRU9TFMBHiuqqYQDYTAEKYFOMFriNcTvlxDsv6fQp0j2TEMbRZgljZ8+XkxaRMtwNttIOmPbRtouy14dqdrleGySL499rVosTKnHGNfIfoA7KELv0h7tsFYqVOaLwKL9PDD9ZHNZbSdtJ8OAs1Y7pU2A9WUkxMNTfT++KadMBtFtRQ0Pxiz0McJ+pfmzxX0nspmRIYQu6LBnoGaQ+1yWYGF7APvx4sa1m2SlPGDpgcQ23yrksQ79Jr5u9fkgayG92/0ilkhdB4JswHazV7aT7D1d19u3F+fRESAYNFTpd6iZLLV/o+DiVp1Ufr4Hynd+X3xYlby9d6IB9d3QS72k+EPysrRWz8/pVCIcMV1JKErnuuSuuLk1z3INv66CW8GxS6gtEtf+kbn58wKkkiGIL5ANUdpwt932Ef4OAhH7kF/5VMIUsMIhDK+S9yf2kwHeL2gIZbAKdTttmxmvPs//bTlzTOD2oJcqP27nmxJrGzQQvd3Jm1B1uKDLHIcD0eLqjgpZ1+vkVbegj0UYGfNnoJtCKEsv/4glWaI3YAaHhGIUOABn5TpaqRGJ0SmCAXau8yqOWh/dgbiSfe31jzyQnniqTHP2WCHRp5iZp8Uj5tDtFYtB+CkAgce9xcFwShAV+AAmmy+AsXlAQ9Xo2YE8/r5/+5v0Vn1FUj/0jLQq3nLzMsVFYfEVcDE5fzBPX4wsWWkR7/F1CafIegBfn1teACoARYE0Ehq4lxQvWNRR96XhclK5kXfD4nQaxZUe7Zb3N1U+1MkelvSP8OYhBV+5kZ5oU5weNWsn2xkLTsvJhypLXCgxr3e3tfN7kViFHV3LT5SI/3t/2FRGQXBxyfssnLariLUKyzsv9lPwQjEWy1BaJ1lg3nFaV7R1yhxYoKumi3QdAzmHyFGhmC8JD32jxfKGXGWOSbRPk4+YU9Hi8apqSCzm24+3MKWQjIvRzJ0KtiCIIMaiE2pD2ph3PG0B7B8wZrd5D/Q+kCiaCqfQZo0be7/0/e3DbuvuzoGRJBBiAnaRER6ANSy0+cOTfc+B49/v0ZK07JheQnJayiW3B3EBj2/1SkdgMVeFCATPeNRjlJBEFvPegroz9GfqJgAHlxocaz4VwOZL5FCYaQXH8I11dKORcWeW5LHGoiGemwaJ/vIU+9LpZCPpnhx5z0/oY975ZbGgCnBHmCHr8XWsOQdoOg36cy2BJ3o2DonAhxqO+JTj63lMClBNCjitiwyMlyamLS2mQHKH24mnajAHdJgjik7ypqUtwQ+FjWKQkmauA9krUFL3lDMVEgxXAuxR26MISnFeDi8n+ZXCYR7NakO8WNlhoCesm7crLWaY6jLUUmWGSTmQ1T0siz5BoAoE1e/M+z1qAIDAAwxa9vrLeNuIKiLkmmmEhsHiJKllxDAZ75xX931Hr2mGDbZ+ed4MHHnHHAnSzzrYe/QOcf1DrNjfqVB+dKcmelK5T0pNbZ8G108TM3qEb+NlT8QeRUuy9XUqlfcSLFBBIaH2fmwRTmCMpMD2KujS7GJdGKAhDTDPOu2iJApf0SIw7NKvd0aESb7HOvLGscQ+nO8t5BoItjfS4kWVtKOJZRo1SCo5hwiNFpgL618MrrfxpU7kmJEodmMmT66d0JJg8BPTMGgrEUE8ZBRHRRIOsWjDrKPKREiMlrgMbS1b6H/Uw90qKXszWjJRFCvM9r5Nsqyty5KNCpQ7UDiOnbQ6EZFs0gCzA2ecz3Ky0VSQTPBzIA1Lev4k09bONeFMxvwy+lUEyufc0C8B/wgbr9oQdK/i+fHloSD0re/bA9jFpjnk9gQAwWn8XpNtqDY1fTp8IqGbTMyipOTL4N9GxvaIRTm88pIerJV1GdaFeqySWwaJ1DnNqefJcYkAPd+C1Ih6qGOJ2TSQzcqE4q7EFvb6SDQPAe4jrPE5Nv1cZwuuF7XrKr61OrQw8GUH/9Vr6ChSuoTEWl6r88YgF3ab2TQIzbYgb+FLrVxwEW9+oWWrLDK80whqmphQj3fHLh+U2nm/R4HyYZxLtezUCxuCMtJy5Up+gAD3SlZMnt/6CZxypKTJ5pakbQm3jt/uoGyTPGb8tEIpwqiKeOCrUV3/8EQcQuxVJeZAFAgNxINe+8CHYpl44JtlvHxZS0x70Nyh7i8JRqxk301z55LuPG7LWATA1BxHp3rx76KxgdUKu+hy2mWWzG5Ec277VdzhN/OqXFcbrtdKcaYiSGL0KL6++DMyoeZrxC1zyfqMF3IfmXsEhtLFKtRCZap8E5c1deWHyCC5rRsN1bmArMiQXmyLG9y4IAevLligoPSZxjmE8jf1Ku4MZfiZ9cGse5IfR4lfN+uYtI3xQwFnkWazkwYdiuA1DjL1jaHAzMi5h8i8MHDujxu6kXoIhx8XusWzPRqqD/JMdS5CqW5eEsXI0RzzZ/eteG2M3CDZL0ID166FS8O6soefWMTfYzF9AjyEMtR1pXuFHzGA9jWGTixue6ShCkzJX/jorhXFyekex5/w2heXFidwfAptcrkl2UyHl72OkCtktFDXRZkUHE5V4TjG6cCLEbgU6NhYNrvYGCWSYY6CWuatiuLarNMv1VmYQLrzhJ1WEnwRGYpIhxhs22wrMGZ86DnrbJiSqQiORpZ/XnX6BCwl8TzwwbDCoENpBxw0GJbul7nsz54QOf6PFuxe852/kW3YqdqTAtAbEBfJyOXemgMlJfShTElhkc/WkXR4zTHX4qVFKaeQ5iq49Ep34uMxGNLG1J6bhC7au3lhDgrkUkIm4L2rTu1qs9HMMpobCMtMkrFCXqfQS+mtnMb5OpaZV9mZYkPnULMIh8OtkK04wPzPfrXemwSBXmN5zFtNky/Zuml8UR1nLZ4cayJPGR2v9S8uus9MpPLNMUM4keb9mcHa3z5NgzsrdjHHSmzcbykLSH4BjLCpRs1FNBH6mn50b9oJpT8xZ4d2BmGwcmhAhJ/Kk7VaiToswJlSFvP2WCEj/1A3+195wU9a83UHNZBIs89V2COcku2UWtx/E/2C8+pchlghTbyJXuqq75yAotqqfnRH0OfkvFk3UjlaNacaSeE8B3BtsVyC1v3CjS5Uud+dJkwdvos4BtaHyjs1UxDURc/kY96IA8v2iX6GTKJgZCNcsM62gw2AShxFV5ah5DbfPiHetd6Ulzgc2B0TpwhE12lwSKG9wNPJwFuZkAcRTMBHuVyNpzMfDqI7DdgJgCghLElBoNBnPLcMuiIrbrIWAu7cVdfo/cQCdqRD4VIQqsglYJzYdkM2T5Kfn1MN2vX2TCds2EDMRtyDUxFeMunQVs4e5aaFosF4qdWn2l+KLByqt7j9aE6Rz0III6aCXAgoFJajbZy3OtN0Bt+CqS5mQL4uNyx00+sIK++nPSh4bkFA4GEMgBu3/ybwt/afAOajFyov5KcPFo1RLYysVAA1FOpLwTBoMZjJ5zxR9mtrxrfWXiHdGNEiQn9WYjhNIHhnpJ0C2BM+HkFld1bFdYtzp3+1kRr0fUYb9yqCmSeHNDiB7fAdgPk032G8J/NfVXjKhiQHchYZvTqx5sBjcuHTzjRAn5v5oXdAADcq+t8Ju0OST3jLS6BvpRCpwTZMH4/B4V2A5mWMNkwa523F3E1Puc8KTyAcSf1UcRlHdv4OyiZCvh9zc+GCqKg1Bx8KD8r+gjeOE1av/N+qmb15lgO8EV1CwA5EGt21uxMPZiyRH1dDNGNEHrTSh13AP+vnKBeKAD0iAfAuhXqJK+lyA104KZYOobWqIJtTKhcraION+n325lzX+gxwtTw+yWq5ZBqNXnJF1fuo7t+gCKHlRgGdy4xew7U074wDN6/AOqmDty2u4bYHNrBTLYrjVqB4luGN5YQhfEclQHt0kZ60EAvwlbwN3kHaSXDuEAVTAANFSA66Jl+j2V9D0yqJYg0LudEOxFOzNPUz/RT1979qKOtOyZYfbU3oBL8DIkp0nE9R+KBIsSQ8CWJrp6pwtjk10XK4tMXv2gDafHw89b5gbefJgFKFbc896zy83i+mukOeWec20Xl7rZbbLHtIrEdXeiVqaikDv2NG2Lhh81pccvAEhDGfE2OJ/45wW0vvTzoi5ubLyIxb3JYQy6bggfJ/LRdW8o9quYHoQrd+dIS5WRSrP/aDgK923BoUYf1irtogAXj65kSDthxaqV7F2IC2KDjQCTc5HsD7095LmCVu2H7qHrRvBxTMW/j9tiv9IaxNjS+SnZglMu6zhHL9aO9SZRRMUhjh6iqHFp55wSJtHBYwuTJXCz3kZh2Ab9CHTMm6BJO9OD1EH9fX+1/gMld1yDt0HzzGxM2QBisSrc2JCkRY2sXItMfyLIxOTykyaqDBCx+7mBM5wkfkmNfHHOScDLxYkT7gwG9KDr+QZ9sGaBI5acJRFw6ru5gQOct7efci6FvIO91waLIbV0cY91DMHoNoKY44WwXaBZxj/v3Ht/g0f/9LOLWKSYZ+SFBHdWUyJIdCa350fl2xzV25RcEBoTpeN4w5fxTO0It6OM0SCqm7npfckhLUwDoLmQGISo9PVfeko/WFnp3YM0dbv+Z0KOLOP0lVz5yZaiuf88hPPOr+sdQ6E1Uy1FwxQfsJJymeza2UPnf3RL5srv27pfJTZKUgKy2UpkupcmAPevmWgpav/PBJAdhZq7U4VfEw1inOiu1t3Pbads3LGHYhVtogRC1pgG3I9z+aJwblBt5FyQTfbXGaCH7qqFn5sMETRs3jw7n41DsQSKieIwX66lyw0DKoXRwB3irFlgYMHF+Zxd8a5V+cCQRldUz0koLkEiSe2RGMSftmx6uBeQVB79XfKKo5pAcUyLGzB5NMXnqisLSESAOBO5+/q7V5SNXj5XrGJd8ouiIy4CYI1l9CCtEl93bmgTk3/Gg6DqRO1fmHolQ09luBtyrxZyzvsTuQjxS7l8WFytDML4dSGCutfkvDrSqmUEQkwOrPIxoG50t6MOx6kZifjjmH2/OStaZyHDHAD693+WnD2KMXyBZTvERUNyzZp0PsxTNgCeWMvvGmz04ER1sUKJ+I2ux9WNtQZCdzXQn7rXEM5IyVQVvQ83LvsvSunf6fS1zBjjTVYoLSMUkL7G6clI/d5tOFSj5xDnzgYriD8jk6Hjzip/Velq7e3sSziaqyepbuT+NngS8iDexOk4l/8/5KsZ0hIyCCd4HJKt9yHDfKjHzYgsln+qRVk+169uHorr+rVHjGNxYFYmfy8eo1a10b3j3DRs18rXnvFclDZS4vk4nf5K9INcM3PeIkkioJZ/WgsZ/sPf6xB3ZNm6Vgn/D9VlBZka/4qh9dxQ8n4s5095wWxXo1vRM4L7ffxqX+eOM2CPNV0zT683qNxfRN4/rSpP8a5tvGwOcf5Wmc1Gk0f4NXl8Z/32EeF1MXSYzzWW5Wa6xJKI1hlCwZHWVXr8sq/85f6TJ5IsQTgICcHVjyk/RBnZih/uO83AqEmjLFH270iLAHqMk5Pri33l1yWsxglwvmQhFGxbHPs3/0pqyXKSiSxYuK5OvCFQ20s/zByv6LJ0VyvOaKvJyge9WwTnktdHx4sTOQmLuTe/kto12fjvdGm0Jqg02MhkLIGVmvZw30T9qwk18P2Mg6SqmmoR3ao1CjiIPbs1Q4ZOGlFZac5PYMhJAPXijfGrgUvWse9GYi5q8XHpnoKtDR7w9zOeHrEE657Jfa6cT8CLk4JVOgoTlVetTa21pWrDjd2o8V98SYukzjDegAev+VAqjdmGfEufg8BOwqVbGveaF7UljjWwyr/OTBUxN7soCcqJPtT04RMq7YImj7QU5VM26iOmab98gk6iC3HtbVDbXN4rYia66F1XVvnsX9y9Ec8vtgMk6CEeNhExfrCZx2UDfef2FZJu3j7E6TLBRve4aXHYvidF6S99400Qw4RoCrSG5rsKj6MtmEHRvr3Wf4+0sKxGySZCT58Yg4r4W4JcBQWXi6IIAVN9CliN3z140iuIMrOJ2A+89km5yUbG3PZMWfRHKIaapxHBVPNJMRetpHKVonCbDBGxRfWf+Pcgql5Lwgihpcovz+rCwsopPsuNJymifEsGbdaQ3PvnLH+yUL9r26/UURiJOdJCfBlruWiBvqxP//ujr7EKdblzupskRkXjdzt08nYKDKr7OlLrKcWRnkGgLYho+R/rOitjcZxbR41i602wjOP5lh6Dmu78PaiFYYTkMCg+drlV6gICKdqx2gLEBOlaL9PjA0tgiNTtSTUXNJWHoRNRmKUnwYBx3XSe5Fd1QV92pPu8firer95SWprsVFO3D+k5jSrfEqf7XKkTwN07BO30BNczUNFmKoFVUdG22WNM6kgHGwIT1SVjoIJvidvp9T7mKWVjJBclgtWqfxkItksuspLXS8OFXi4wLWiTzGx/AEqY/HWtr5jqwY2LOF8Jh/q4i8OMIOPusoz0tP8fqGVOS13wSlR2QtcZiIlFuJ7U+gOYsZzbsFMnxVGIPwXBP9zzbvudmCG1hzeFMyUq+B3nSkbhqN+XRuX95+1v9MdiLBWlfPJI19henu8PsNhjUQZ+4QanqXFVAhEz9XOokdyH6HOhyskDLTSmV3QSXAK4jC+kwtKgxMDnNNVU9/+HulfJ/hVl4kTBI5eIusD5T1dsEcnr1JPACJrqd0CKOurbwEKcS21bIoxRBYEvvVwI13N2XO6jHwHm9Tz+pmkjdac38URf/kH7TieqQCorrGhQtFF+a0305eKRljG1dEQUzPGBoL6470zEscCEztzwfpkxNFYFhv3mlDr9Z9xve97TVCSt9B+ZuCyA3qGrwwCHUlMmWWNbYYpKbrlNTj9hggnx3uAyaeDC+c66nWh1NTYfqKJeny1/0vQPoClOW74D3yg/aGmTP0MnAwsD3hJKWPO0tuD8PKA46RLuJa3ep+Jdsnj5ArHoPQ1hIyRh5xMoznzM9NMpftX/DrWA23LAVB/fx4rX/rPAYFh8CuQ1vdLekco1YqAIDaFaJ4B/pF7W2hrnb3acew/b5adcD8m2BBXx2ZfL+GkaTPm/q2or+eBTqdSRpvU8ajRXkB/lrcoUYY245j97DixL7LDHAvzUVkh3KU9XYI36DYpSoMx4Dqn9BE3Rk0t/5DWUD8kfzE4pLQqpnieGDOGZinpSJllVFsG8xwqY8SqdJ56ppandOEgIcC9j5WJfsa95gB4AUq9Bkj4Exf63vP73OVSpF637ghLfGpVOCABCPw0IBt1QL8aTH+TT2LLQpATVS7M+6OTXRrC7iQSba+0wwzrf3pAysy3I+dXmus8OE2KllkMPyBs5fwjX3ACp/R6pnVbzhgfI/Ixf9ojoUNAkeFHefncY+M8TLx9ODf7fvwug9xEgIoTK3TCimuZqMO65PvWK7f+gPuv/Fx50kZhygc6a8EuObVALMfbo2SoLTNgr8qS13xcHC4Gf1Oz+nQ4bP41K1I4YedSr/9Eaoh3sqrvTTPEpg3P10/bVuYGO0tm0sxhKau85JU/1I30MtENb03osa/+VvgY3Jhhi16Gsa4c0l6FVdwMuTc7opi7NGx8pP/Ypjlu0W58xD/ifDt2t2d+DeFEpRYQQWLoVwe4gMq1HPVk6s2iQJnS82Bl7vXYkhgks1obfD3HX/ks9lxLYIBqAHfa23hPbZQNetlMdOReTx2aT1xcaklgb+swb2xWVcYZWOft/Lu76PDu67Bf5noF/cVI2Inh8P1Y2crhSx8I8i+ajar11+aiH8AUaoxhbfT5amgQxIg3NMCeKJsKdCUZz4yo9hCabH8tKY8RGYqApekyhozHTRNPSlIj+/2L/X4uF+xYv9ky611lL8z3gw7Ubph4t4UFiKDQHegJq0gfBtb/VE+4sfPnGrzyLjdEKhDXrjG2djUwWnA9nf+XozQND7xGpaeX3k2Wvs4CwVTnH3E/nJt+bRZHF0JTp4r704PusMkY8/++GaGWmvzG4FlpnKa2rmr8MGOIehraFkcaXMCR2DAc3V9OFPbMNa7aROT7fSNPaqJtx6ZJSjWej9OwoTUSY5axP40Lt0Q8aIynSXOBVsxiabElsF1NxlyyNLA/JSQCodz5PTARp2JpIj39YiqGNOMsME7NaoKPZ5EJ95kHR3L2A7QoEmHXnEykmM0M4Pxh48zSeZqSOplUF0Kurj2molxg5oneLI6ZnjKii2Z8oGzXUH64e9dIYZeRiu/4HpCHLP3N2v//2MxrZKvIl2NWWA30IbesnXVbqIwOEJiWFwn0LTRsR/4oP5a7W3aMMjiwvkwhJ+OYSVhq9ovwEJCs8FCi8cJ74iRtYp4FFSi9T/9WixzcM+yjOH9dE2ItjqcL5yQlIJDyYKgwlfqK6AiXQ41+PxFgC73i+CqEueZf+4zQHGm4wn8bz2W8A0/WyoylyozWd+6lhvRrADrctk4d1ttJ8Wc7/lM4VuuEUaDiLgMSte+2GVxjxMUDNpy5+FBjndXar1DD36Kl7gEhG3K2TgmHKHuyG+FQfyQ72jYOYiliugqu7Qnmsy132HkVdAVaLjAhfCc/EMOB75AdknXyvDfah8sOnv58NtwsgO4S/NWuyIYQf/w1v7tM8FiSRk9fd37btfdseOyWvVqieBVgUxnDb5+Cwts4b5yvzgPpzxeXzt08sZr0v//4raeyp4VLGo5dHm7L3/tTl92Hq7CqqDyhbDkcBT7P8fKrtCrJ2g6osD1Q6+vSmMiZK7Xv/baa9toswNBU5KJ6PYlWY/jqSv78XsqysxcbrPYhEBz63e/8P2mgjs6mSGL6D9+3JNPANtyUsK6A6OAhNp2yS2uZ3R2oT3e8ePFwe72na+nFOKaprXePY6bGwH9AXprzZN0FUq7N6A1M2qafNKnyDfjrpUu0mScxf3pKzLay7lKb5vE5PdN6nIEupmA7bNVE+eDXkLfRK76T7o8zVls3W7I2UnaWjN6F3RF3QZ4+qIFcOinZARW62r3F8O+5ev/Lh8OsXx3C3T0fu83jKb3cOWLF5R5dvmY994Xd58f2C+eCyj5R3K8q2Hz9k4vdv71De+grPNzIqRMWNYmwb0klO5dsXjqnf8E3t1WGOo47TxJJGLph/tHt/x2qMMEJ5gZ1bTr3lHxuYRac3YvL3sjIH7PtUzy53ac+IqmJH67FRNapBuiHBxCRdSjTMHtuYtrTg/Y2v6eO66pkRQdAEFNxYKnD9Jnm+ZVP5fm6QmMevSbh2xz/LwDs3C/vax2uj4bEljR7/Gno2fZaFpAf+1r7x5EGUr/RjmrtbDMMM+ns8l08epPMh8XvcP5e3g16VD09f2lOxy2dcXJYUztZz3+QOGdy/qudhqdbXWHc/cWY81KAlgDgf1aWKa56HqSv3OXWNII3uSk6sNwGyGiuJD78TUvZ4baywpvmJ8qFXJ/7uV7LIA0v1jTWWNdLMzmFASdjjk30ogEvsl9BBDaX55oaK+lM2qWt3ugxftdA3JI0IhLrf3/NOeX1kWLJhXNiDRJMl417kzwqrFf5y6LFDcAj5MODrhB7vmFv4eDYsXyN6lj35VzuPsQh64X9wSL7bevAoYUC4mr9ARK3G7iby1ZL9uXrGPrIfa3FajxDK2bOUSITn5/MoLqjshQ94oG9z4A1flT1ZvMOSmsVi9w8yoxUUwQLfDuLe5ZbW51c8qCaFjxe4X9szGhE4jVey/9FQEFOKSbXkv3xQOFdtaf2iOUtYuThB9bbHhdLgYotvyEpem2UrayHFU2Fngyd96PFKwnwNdLpP/WC2Kuc/eDfz3TqlP16SuC3/KmD8Y7ImY9ht0wFz5OlWDrZSl7HRonWyb/tcpCYaqLgRq2C/TcbtaxayFsTgrx3I6FeYuS3XjX3nb1XomAquPonfQvZuRxz8aw2XINIjR/9WMxC3dTi6P2SsbfAfrUz+NnP7ppWWWT7wxiDrTWFHucKbhh8mbfIDBdyY67NrcoHkXx+rNo2DXykLzU0u3C5Yuud4WP3+KvzK399Sw26/ML7P66KQI4JajEc7pq7lv6A1Zm9Hjadghu6Z3hSFliG5bbzGnb4cp9mxHBfpbQGUAELhRb9JoZnJTuvBgBaywUz5zoH/ztbvA0KEPYFXXZhb0YUVdkXhDqqIqId0LTat9/YPWfmrjXv6K+O1yjZ+KobR8Jnv3bVJB8wd1HyIm31h1LzQCzGifFWv0/JnHutLPyLr8HnzE5K9L7E2Ko1+zcNNmSs2fzyvElWCWlEFDPW48bcwG5zyZOD2o5X6lbnb7dfN/k3eHOTA6BQeKsMcPzQpR37gR/2V4QEsO10r47Ru2bUau2/THqba+hedSdsjf078vmamIiwo330W6B9bOacj3a8aoZVhvtmq0r0kilnlfZsvmadQMLqz8auqpEua5DT/OQF3IojLauGdBE55+ZXQREEc+w70YzUusMLHoo+88yX7gfqzO7bzJcTuoM2sidIdtvNK2K7c9yU4bpcmcm213WwgAbZ+P7yQAXVrOu+jClHnQztlo9/4eFqH1bdiYbe22fj7xdVaP5lhk0yhhdQSJA/Mx9yWbJDqshKa/1I52DV2AEUixOUdBVTe2KHl8xuRUi16Vdhxxdpbs3x5cR+THvI/G8WwcX4wjuobVXZCKZfNbMdlg4fFzdl0bez9M5wvTAFaEU44btzRa0/MXKm3C0+fCUjZf6wuH3fqOi4sczHg0ZdNMke9Lk7ZIx067sfTK5hbXZw97hPc12Tto3T4SjtRP/Dw2178XcIpofJB5fYPbvGfmshKVxYYVK/bTX7QfgDGg8RhMSagRaXOCs6x22L46tlxxqrC+JIw6LGOtz4tYXZRJNzRNYbWmb7CWO/O9jX4lkVdYQv7YabQpZhegcgD0dFibEDdsjKhU7u4Z+Fo69uORyIYyeOxf46u5fj8w7w8mlAQESgfvsTG5G798c/xX0Wr0BpeuiPVQ/UFY8YWDzJmw4t21E+R4Ti2pEuANLeZSHgXfJz0LHU3YOJfoE817P0B6mbDdk7JxvxP51D08KUmgfCM+dHxvmQSobVfqZHJnhq8TH89jl6FmAy5vYqXb7bvX69hYYKFC5foMv7uPNDf680o7LcKikt16g/8YB325cDq1M7k5r3yBW3RtUj18OMHKb5PkEH/kocsH+IFxCmOD1bbCs8+bt3Ai24J8lgrP7Qzcq3j1/4ZG/1aa/xPgE+10JFgeMaqxXXLwYy8WA/f30jvorvpE6XTBaRvWeS9eBP9MMHB8d4Sza4fy36Cam8DHraMGIedoRg2KQasqnF12OVLL9TxNlIqPkmWzmgfBLNIj/CrlCZjbMrJHzcXl17NOFkaBSrpz4ULVZ5WPn5RLDxxr9c58C+YWpoaXdoscCXI2hG6T18QNR92WXhfA8Npa+JaO6c8GeevqAp9sqVradTELJM3yp2/vrGTYu8hT3IydIv4Y7oHS3Z+V9I1UmMFq8jV6Hq9mSi6NbbTgLZhhd168lvuKQVZSky+4zWmd/UnC75W0kl51ukn3Rdea2RKGCeK/XnB80w+2cn1JsmKe73F488kF2N1d3x6I2cV1jqLo7rSxVq+J0kdYRJZEqwXTO7WinsOTSVx25Uep1x0bZa++4vkO8BF9tW8vWxX0PhUqUXYlB01db/xuNnKX84K/bUy7N7vKDnkMKHSDyYuo8ZrzZ5cEO8j7O+nOvz0CZ126Dls10M7vmtevABYCnzUgBhg6j1quGNfnulXbY5yt5p+55CBVMIpP8gr5Fc21lhP37uejBn6IEoUEJ3sUxrVDXmQ4PKgd+2zwOBB3Un26W6DGl7U55PPyqOQymn1yTI18DI3Jd1VyK/tIZsh1uL69IJffIy6pyNNRgYy9NGCGNU+dQMrr7Ev31ICq0LLCk7BMBXTZ/wGyDi5Dp3sZD8YQY+nKUCta0YuPdU3q85Op65z+LuZ7dNkPms8+ZyEtGt+BryuIH6+UcJHNSv8Osr/BeXFPXlueY21DRX8FllK9Mbk+7Avo9E+LToPFoKyCcb2q7XcabCnprrD4hvKIOwLp3jq/GcM7B6m7hc81V1r8sbBnLb+dda/zps7YrftDVnxsbB1/9Vjmu5Lr8Vsjv+yf2FBfiB9x67c7WAeixxiHFtWxnOXCIyapqv3J/0mEf5k7URhDZvLtZivf4KOSs3tqXUHwburXjvHTrPnvLlEHPIZOjYL78t592SKLG/MLFHG912ywXeJ9AbjsL0ysfyCJRX27kZA9FbG13f9m9fzKu7NX3VWcmZ5lxnMJ4SSs219Tp/yqN23vMauTT7JvUux7tZRXYElZqfU5OHZiuh9NWiE8z7s/nhkqp9ueEJC12+I7L8vR1MF1O9CNf4nTYdYldm8BJtlhs3+tJZIFid6FmwXMMEw090D4m+9scjxZos2qGYPT8fSVeLPcuLPqTC7pnTzVRmuvlYUSXx0/9Jo3+G7XkJMAnKLMSX07Wii7kW/lg8vXWvSPZK9MYJ8KXZBVoYOtTcUEMysZeHjs8eeo8f+ry5/mre++MbcFX0bgl6Ndd3SvGLxovshvwszh21szxOjVtyVHd8nS7l7c+XpMu85FK5r9K7deCCRaChnnjxL99iOKL/XV2vjsIp/TjFpsSuMv+ajTrQIPpher+TGdqXsX1zA1HygyH01M15hxSgEWS28CD63NcEoUevarXNZY9XEb3XtWXFukhwHn8Jn+n7PqNjEvr7Svgz1k8ehmOlPpjK/+LFd7YjwHU3n/QOW1Ddwh3zzhonT+AmS0z/2w/Q/C2+Jn/6lPxK5Oq/Wuc3d0rslcCwZcPcZOwyzZpRaIvfCL6NLDyeITHkDQX3uUt5ILfrxKA68zs3+wJNUmMjGAhE74Vq+1lop8m9UT/3628riXD2vKYlHJJewM32v7lcz4unsgmQWg5De5YL638kF9J+LfcrIKZM6AnCfJ8in5IFkePMIZHG+eUbXzcO+jE4orXzGwp/viYXHnB76a/ZfipyT7oPQSO/VqIUgGzZ1Bo6eCh/47/v5CW8rNDxOXmXEL8dbmC3UJ11Q7yM833DGM0owdKlqGXd2fe6F+lzWT7mpg74Nb6trGDRQdeyz4krZu2mpgTZ+eLbP9dnroUCWd8GyUUUJSI9BRB3kUP/w0Wt0NTMM8cfWXfPJqHG7+AnSnEMdn7DB4SPnljEBFQg0YK7bbMCiIGHPKcPqpDGJkFrWfzbsc2iB3cKLfefqFLnHsRd+EjQDT+ZFIQs+J3wovvJ7yAcmkuHDi9+PKRyna81pbnwpdglWZsDTs4tZzTs4ZXQxts/pjzgRIbCbdS9tcQxsvr3rmAV5J/RSU57sZV0rvdT9nXW65ZfLmbfLTuOF0g1SFhem6nvl3wlBLfvplidaYv3YZfPiKC/26UdeM8fQrA/jb3YWUV4UE/wNQ5ppKv2ax78l4ExPFIoTaZK/8uP1Pp+EwEfcMrQqMFXcQiLRLkuNYR7MosRk+N4V/2paozfT/hxCgii5q3d+J6GZaL6mJOAgv1RCem9w+FSkdj8yUX52zv7hH40M/X/KkAg6pzJK35D249lDf7uXFJPYyr69n84rQ9Y07lfKf7zgl1KW8VHTgPaXxjfMrM36H9iTPoW9jRO0efgHmoHve7Mf0r1bnE97Ctde23e3ZmKaYLLn/bDlbc8MhpVE4C8rw1Q5F7IRBG6k7j+67/Up8KoaD2pnCVUYOba+sDY9PdvhH+vvuHrwmHXnfVI4jkLn2XWop1jw48V1YuNbaRXVmuaNQVF9m2dsMH6p3goCha5SZucuMdlgITbw+7IzLqowQf5O94UNTEvnwQPjKpzx7Ee+1ZcNPxzHC6EdpQ+5UBtxKBDUmIVPc2fqILyvuW9g4L99P7UGGsodh5AI0A56SN5cSNrub9ZvR18CCb8vbdiWWIr2Ye+dpK1jZJ8sP232sBg55GLftth2x9raodM7/bcLUeCdrO9syrG+LMlJWPKs1ObCoAmaK6Ljv4y96ntSZ9KHETJaIRd7B5V8fzOI23fRglkMMS2e+9NOmKRYd2I9hfICkxeV0JWZ+GITRzwpniibPieX2V7nJOuobsIfN8eeea/cvvdmNuWdBEm8Jc7DSKNdvCRoqIxu/lu14Tk8WkWTdjTHWbzRlB7f+VsQJX9H+vPiudCGBU1n7Hqg1f7Pb4KvD/XyxzMWjg5vqXFg1JANocLCJg//vJDUNCPkRn9GN5vOztm5ZgQP4fev54/LGawuK7w3dhvZrxg94cCAV9ZCsV7HjffvK4P28nUGc0t3uH7CPKpqFL6DqelKKKSYFMZ5GLed2Ll9z7YC80X1x5oqUfHhdiCc9Z/gZzXGYGHF+w910FVzlQJlZig+8e6HFrAAmp5DSvfkujlayQ40g/e3HaxTQs/tnBMs7cK22U3mXOnNs4Xs3f3SFLPWpYxPajira5V9XaVxinc9eOjSzuFDvnVbFV1m1qjgld7rI5Puu+8ibN3Woo4yDc+e2EIfq8q4fmyX/ssCO2s6uQz433c99eBC+aY/090tn9H6sGeHwhz2Ww3Dcn8VlHtfCj1ovAjIbV/A2zmveXxr0doPJup/PWl1eDikuYq5oK3y9yveLiw0m2rVYZFJeakzTsat5elxHnL+WqHJFjEHQrWdh/2d2yFFu5+GvQm6VquSzVp3v/Ueql4Upe91nwaz/T7mDZ1GsfUij2ln1M6Eg2/e1ni1DrrYlPnEq7etO8jVNdLLqV7TIHnifc9Syz3NnGj48jd8qOTpMlNzvLHuP1hvfYPEYeOEjRsD/gRh56sWbYvuN+5o+Z4MTORq7oeFBbXTkEHEjtTMzrlgL929RPvieoGy6GXFndVKbgNUrewOmiD96Zndy1fXP9lt+dZ8UiOJWzCXLA7oieJu37J9U8OTn8zwuNAfIihh2zHhUT6f6dKnWmHfuVfpTv110ZhSr/j0C+MXRT81wygBKTEJYCQL23GNXujwfm4LC1JtU76xuu/0fil3C+OTJUUY94kw05dxuivXbjDMnZk3qaIufAp2diGpQmqJmLY/c/pykKQk8dRUmpyyLjOcXDc/hvymZTwealqvwHCV4RQHDGzrVlsbByGlPxzTFh3GwvuqmK9PosXlUROKb1wRQ/XcdvlwlyDXeXbYh17BcXtlz/JohrqoAB72BCSRsS8oxSdcmvjz0vXhDSNXB4BO68AsrmH43ZvdcaaYUou0kADLIOZ5obq3739LrkAvLWkpz62ZdG7NaNUbppm7o4sdj4jPtZK4Ros+sXT0lU2H8FyciVEeW63c2nnN6cqAV83v38iJyDtUUDNASUotBf9BdvX1dWCRrxnQr7yulIZlICMHtc597FkIwR++Wqek+wR8e0tXIvNRPomyEcdrDWNlkcEVS6m7iZwbPr6oUT3j5IL+SlSue38kPFyBua1ra7HR1zBMxk6q8vLegJNHRmWXtP5hpsJHIBpdYu8vyRCkP9vmswljUA3kZuGWmn8HIUU/HEO7wqytFkw2sN8cHKYlbAg7Jp1Rm15Dl38u5dh0tiDRj26wlIrrc3h1X20PtPqymuvVrq4eO73yHG3uiC7+FRKt4Q9JbL6zdKPgRWf69DntBy0FA5oKEgihnGQa5UYirMPu7ZaslNOWd5pr7Iwy2868Y9W/gMgcp6L33T72+Uu53C1ibxYWFoPlOmUr62xkpkHKfHT5uyzaVx6LRZbzsHtMOKfsi9QXeZh/vFbvsLU+7XvCWf1vk7ykDl5uMui1dtAtczvyib+atLE9Xt8Kwp/VPP2BuWmT2aKwo/zsRVYe3EdN3dTJiUnq486cOq79xwObmwFrN2pRFaM7h3OGg/bKDaC85Tr6BMW8JntUj4/wcVo9S6zm5Imte96DXSuaLE1Za9d7rz+ZyCpQH3smlLURnGl3vkVve0d4SfjjidDpK/Lk3N+jMU+mjuWdOvYahjc6Yv8ksu8aFBjtyh1K7j66/Pt8WuhfinftgZFOcFTHRAHLwPqC5s+zCjZ9EwtLffeyOqZG3S3QZ4X4j1X+QoREu/CepfIB/zzm7WepG/PAJjGmeSvtykO0FYEL7Sa+/92sltgIv19IO9jFK40MPmtw5NkpiOLDtbdcm1E/PFZng7/ztb3jhmh8xPXKhCG4Owujt2BxINBkMBpOVH/Q/Ia2bizktc10/BN9nbGDlo70enVlIqrgBXniyM+nutx73yPI+ODBvL3Yb5K1wzBB2dSCbzAoygS5c+7DEinlbe0XUY1LaRySIsSaC8v7nzBbd4NbPvqXPfzqNxT+6kkXi1Kt/DvppaHxvWE0m+Hgzvut2H1zJxfkn1qf5/tC6wIZXzhI4vfutWsRAGO1VupzSrpD8fhuX1XDN2u7lqX5fD64RX7RaVW7aUnJ+gcpc7ih4scLjydfV5JZp537Ox/BzmmzbmPYOhrSPKRkHI7MjWK6VRUj97G4p/0dbj9U8E98Z89VWegNi0e/5vGruyQpXWRnmJefgBzGfHGr9Vvl4cnTXHhLZxj5U1Y7pGPf1Qtp7o1MgdbHrp/7/Ybywr/j5/j8SNsJaMDwnPyvlO32NdxTP9dyy5L6g7c7fTM6dop+j8y/3J6f1ml5GSzbv3MajxpE4E4WJPCxlWOs8sV69RWGVmo7x0hHxj+QzzOOzP9Z54/y/fq8q0b8mXahHlbZGJAItqeNTn0L+KvqKNvvt81e7RCyjueEEs110W5OQnXFDPXnlgquK7hXWJSkv5pAVJ8XL39JCbOopcfW2P0SZji4NLyvRnQtVdQQZRyIKceM6ThhMEc32d1mhBYJ67tFL96TNypnrPYbC56njr/75iRPfkBySsBP0lqnIb396l2ra/viRD//3nnjs51X7u6pRC7+RV3bscpEC7eGHy/K6hzuiaVfKMRdI8eRHCd1CZJi1wXCfN9snv1y051d5vsJpuE+sVecKGtkZs8d1DUD7xF4DH7AR+90aFIJy0jDwer7eYiDSwm7zDm3X4d16z7pK5TcKscIX2/tVfjs+WXUe2Z43lx6mm0+V5bPtoVW5jGJY+oDr2wMfjaUGXCxxx7Nv95x2pW8Fjrqi8G3229DS9oqXfcaa0tSwF367eILE944EmHJD/bdJHB3WUD97eWxUVMmuAaSwXvQz91/oGbdhwiW0QFuL8hp/JOt9WPcuQo1wVhIDiHkzbZ0j33hllBICV19lj7669XpqZ9hfzX8b+s39zrZ7Ck0/Plr0f2RWL0uF718zGWdoKDHprritmJsLbw7sbU/e5Rd9eO+biBzt/Xtc96NMw6zpXhGNodDOKFJMXb9RbltF0fPsjy2RZoSMBNmsXS0uKGS4SvsXTBtXhnwL2pb5uWSe72rjfLyXJ9B3MFnTqYjX5/qMLuNOi02dflYQUnbJxSpKyHTR5kl0pNZqPST1wxVNdd2GAVzJAZ76Cb3T8HjZsQnd7/MXDPPety6IfcKixv9pom5cnVo4mny41OMUOp1I998kCV3Ofr6jwd+/rVRkoKN1qp8eWbWqYzP8jmiWxL/ZxoUucN9d6qwPettzp7Z7E7Ics7uTkLF94YtjVIn96IPmrQK5l8sNOa8l/b3a6JcFqcGF7qOr9uWFh7a+vNbJ2W57I1VE21k1F1UhF3yUiZ53FSHu4ZKL+8scK9cmgzElzFs+E4+9viLoW3pVXusO7A8XiBAXji4sP1OSYZikdbmtafQ7BVCUY4vC/5jrjmdBJ+Or/l0F64U1aXOvqvl4bv7vHqGhob2OfV3AajfqH17GJz3pW/Xu1bFUHQe8JXeqjQ2qZ3bww14BnX5t6ekd27vdGzyOloz7QqbWla9kfoCKJzc5LO66csd9QZ9fQqxdyYeU3xeLoluLYxAOgmxfS1Xjvm1GD9tyU1Ep6Aavv/1yyigUc+vJDs9uv5kr9c04mtoz+OBcaegf1d3VW7vfNksU6+lTy3HhsJsTiRssmTm4OTF9/y7eVc5UWGd/b+ONOFSHWt3uhbOjnKFli8xNGxrTIQ41wn3W0jmh+hOW3FMr91nyXxT6TM2OzK/laquv/NlcKswmiXlbtbYyCHx0ePX603fVG6pIyYruraVR/W4VDyXaZt2NwcR8I6Zz/W3FUY5DdTGrgUTeVWywndMngSi7QjrRObn5T0B5KZ3xd2lZBf1ubO2o0t2Y/T7htjQR2TR/Gl1zUJ+zqmCtbaFlbXPvLR30DnKNhxL7VzDpT365p3MHT1I8472ka6tywpLtIFi+Z++1Z/EiUm1ZpH9dqWzh+AMaTN2E9ETml6rA/DjRyP7vlWWB+GjGrvKJI9RXhrw57aWAaJc4y72/wJQSwcIJUndlQs+AAD2QQAAUEsDBBQACAgIALyhaVYAAAAAAAAAAAAAAAA2AAAAcmVzb3VyY2VzLzQ1ZjQxYzlhNDA3YWM1ODlhZTk2M2RmODAwYWExNjFjYTM2NGMxNzQucG5nrFtjdyZdtHxi27Zt25nY5sTGxM4T204mnNh2MrE1sW2bN++9f+F+6NNfeq1TXbv2rjprdUcoKUghwOLCAgAABBlpcZXv+8h/FzTk91qlVZ0LACh4y4iLqHlkn+fAeKD9Wx3eYrP6oV0EEVginISu9OiWiEn/I7EeunE7KLJghoKGmnHGq8bPC0IbvPrJAIu6lF5UVXaj2kACPBJ2rojYJotmpMBorahYXuR3StOPQx/FdqPRbBlKK9mowyd+QaQpuals9rtcnqPOqzd/muvdQTgmA7Cb3UGQ/69VsGojsIc0GLIs33vY+6p/cZXYKB+NGBnEyB9wbdcJaaoWhdwNG1ANErT1Yyw2l456vKnZfvrL6/fiZW8eSoZcjGj7fQqgFgW6UHA2IdNAgw4RIqAbMEMAaOfkgAysBTgSAGgBSiQh25rXd3TjgrXN0CC8oe9g2B+BKUs6x3QfZje44VBKo0leIOZXmlKWkiaYSEMAMJDf43aXoZMBYyDbHnUUX2GkUSzDWGKb9pJHHJnm2xzIXBGxBuIxp2yMhAAhJGzS1cMtVGPgdg+18G1cMd3PkKqNLL4EzufCZv0hKcH5rlWdKlw228Xl1czVMgDy+qovqjSD6O+rbW/Nxymxiqd0Jox3LbWi4aqNMj6QmkBuEq/lcwWSLqlBWVCxJIBRJRQXp61qngtAyco7AOQ3LKA8K7ulSpkXVDgs9ESHC+nTQMIcLsm4nnkrk+GlTcLMU53Q+kkxbEkYGh63KFSKytJkZWymB6Q33dw+zBTwUxJawSg6DkwppACxW8LbT09TVnkEX4BifzeR4oeHED3auG+RwElufhdZcJHIDmtFykUIyHyAMTTg/qZX54grabC1+nx99MntqLqBvaFKiMAArM7UKZKltuTWGReQ68V3GQawNwrIQxbtAMm3JULhVVb9GwvVuwfSp9TriARo7EDQbwsNeD0CkXxaZDTVebBr3SIIXBLGxS6UPuWKVNADsvBdcArE26WwURzFfv7Iy2ouGzGptLuYauT0twKrky9ubzpDw5GnmqoDHejYyXpmc8ks8OHKrPnk8p3/Qzeu28FWNWi4KKzWSClLs1QJ6FWu2kjjnDJLGnyu6XrJ2mSg5di0vJhat/9MhLx9jZKwbu5vxAOIfz/EB3VfNdDyF2y6Mq7S6iJ3XeFTBbIgNtMlzus6Oq2K/o0c4GotqboEsq0JcMUFTKXmWoxNJ+9jhEGOV1CYvPhiX/8FED8YLYU4goHwRqN8Mg6n++Gargvwvr4QPj/ZmETnCwHuwQJyJzuHPRtCtHNdbvf+SUhAaSM9dMjfpTEja9cWbFjy3kCUcb/HQPYE0SWD9tbt3r4TRcnGhAF25ilSTSXkwaCKTdorZKs9lUlLjkCFA+DsDEUDYgN78pR7/C/8gEogSskwuisk9UYvjmXphEEgSCABjpq80QA/8cCQH2nV0usr9x7319oXy7hnXdiO+1ovlcZNy7zwAEgwYW+stelRY06BP1wlH/tjR5finwuQBSqWB7K8JIjMcmABm6BCbn2PARlMGPZcWfdrDTHtqJuPB7jFKrnp4NgloMIWIHaGYAH8SSEs6fQTsQ09BGuGSj4DJ9KVqTaD2NcftCEaEdpu7AvDXjD5A7bGc87RJw5Y2tFpMlgjXrTv5AL9UuWS5MPbeClkAGKV3321gOPwlX5bTuZ2hJJ6oaPXfUUb4iiO0GEbgP9uUNIVq0S+5w+u8jmIprxGpurQqknkVSLw2nFHdtNQEvc9nvy8nb2Hoq557cV2SAAoxOaGR28pHgO5o7KEjRcNRkQW4C93/kddl/Jj7ruH6GPgL39espd5nHCVBG6PTpMpuH+L5dqg/aK0IEaGo23vFxJYcIKzV4aeo9pvtG3N7hPL+z36bVosmsJvf8ShfZNy/qyZ0whl3v3Qrh7ezVtQpnHfKx/Dxsh5Job00OrFfCiL9XOv0u/hkNFUM3/fmA35tbbll0+28DSZO6KxJAgKEINwPQE+E554O1R5PZs2hJS5Xqw16n+yf2tP9qQY937kjX4ICab13fUbi3vDnWuWvNlQhehqWuRBDhqRtG9LMyYVTKsPEYbS8+IhQ3tVCxm1o20R53OZ1V0inKK6oHEWB0/bu+3Ny15mtN20L1ORXZMOwvmVr2QFegQTQNcifCq79Ej+KJopTa8rOSGnaz8WKbxzD0Gc4KFRTsDjkJ8uqgkUc4TKOf0egiK1UFd/dGpesFYDZ93OiBIgja/ntvLTWCVqPMPVN/dSc2ert4HaKkaHQlEPElBIoBe6RjKbSZQeA/cNGwvYTMCgaL2li/+YqSbXQ7t9YcXIOO1/F+A0z6vYzePA5d4YKC5lGSQVQoELQizde9BzwZdJmJpTQedyQHiX5FwCMm7vxuqcS/QWz+61/rcerbpxI5F+5rCyLz1n7xgXuB0pyOQrjljoYsVl3a3xRWvkoTrShB6CybRRuhs3ZLu3XhdbL8FkLv6IGL55+VPNYT8tOylvvUaoM1/a8m3OaNXffj2VQ0n1rSR49paf+DRY7CXLnEknwVHS40qX8K44z01NLfUy9bGIDyxUhD/tRSb4JOz1EeeOzMUZ7so+R6D46M6/s6Jwmas2SevkXCdaxOxN1w0JflNTa2zdqU7ffR2P3M9LNrzoY2EQ26jkAsrN+YUDRbQsy23irWU0JKRQTS7KYqjIDwHw96UaBWRsOZmDafCncTbjuS7eJFiFibcb3NdMYGHtqq2xwXJ2yns+3UX5/uonrWf/m9ZyrGbxaOKXjvliJ5Jem5SNixSOdH+yuqm3O9JXp8h9L47ZAZYCf6vxWYMUsFnIMh5X48tlvlDIx85rrc/kaWDFZdhAfuuzn6vfe/NVOvikA81EQ8hm8FwPcNznstJXroDV5FCTS+tRjr2quoMmZPYw9G1iHiRLUdTP7KZSt5UFrJIzh9I2LsPY4Tr5J3y8/DfpSjUOiEmCi0YLF04HhDU9Hh68uk4XaN130H1c43MLSO1z5rpiFIrRSnOZYIglMRBvCn78yxh5Q41WUTNdOUOE1o6svFD5jQdWtCQdgVUKWVzxofH3WhQ5rai/GT1HaCjh7nTMNep/S/wkWx2tkIR8gt46JBarwUS2LfOuvZ501YoGVIMSR4MYoig7dqM9q/skdUxxXtAKQ3/sSr1gXo7pb5nQVFm3UUKbHkehEAYwn/JS0vLM6KivEIC5SgG6WwUbQ0EDKqCRo1Cq7Uckz6eXKG9RPrjY6DwllWWqtzmC1eR+fJeqGiQAGyTNFLBc97SvSfMKRre2sDqZy2lH7Os9XpbBUka0uLhotwO7I4eY9AnsKx1H84o73mlYHW1HItiqgLLzdlk/8HMgMNEFELGkEW3Y0I4LUN7ecFzyvO94auK2cnGDRgT3kwcYPbeG/5FS160I4xpQhoFxcsLZJ3ulp3Lfe9+9G4YNAf5lZ2WjfMAoS/9M6x2fxvjyI+Xc858+bN+aTy2exA2n15q1Nz8fU2Sm4354OJqo3K+jhFM9PS6QiMLsy60yDxGXE6LGmE8CEZ6FRa1shrp0dHqZZYocu62PGo9+CcEMRZM0INLT4jOQsCHqD6DyJsZdImAkFoZ0kejTlJB4tb0rDtotIO36izQRLfMh9A2ipfexJlfA/37n3s7F3bOohbBkEndE9KIbQkOvQ+34AVLyzxRLCR5+c0byHXfUijszJn6rh7ewI39r3vkNlkHSIkNsYSGWcuFbrC+GViM0mFuzqnvHSkZSHorFyNpzVmGUwdJh56jJo3qgnYHt1hSXbd9qgoXAvMT07CG8OCb+Dh5W0itqVFUNnF68IfQplXw6l2FzjqtK8Qz4D28JfuoTTldO4ZxeXd0DXuIiLGVBqcrFTKvYRWi7gC2U30z30fY2dSEr+mrmnaLtln0NE97Pkgd3oGudWs6MXzfya0cXj7aaWVJZrMjaV9B5GU81z+BgfnLbUuU/plieHFZzfcazxChVyVL0+CjIlczZ6o3t3Y4K7FYhoTN8fcQtnvBfa/HJXEGMSwegDaUe8s/Qq9lMgABHAOD0M8DELU22FAMs6g2wwBAa4vGSJYYByC6/olPX8ZryOJnQ3vPsfeYnbg08TerQ0uspMyoE65+Rx608JjnDYRyiP40FWYu+MeByuWXKZJjAvSveIzpGquwx88L7blg2091IO2yjgt7masw8Pif/oUeLp47ZOMz8SexwuZLQDNO0M+ZmStiP6JV+/o2Ftl89pGXuydZTSbYHTX8AAW5dWNRUw+mPisLH6X2ldyNngv8FU1u7i4DuroPC76GkyclNlMU2yHcQJ87XM75WmyZ6DCzLprkXr/bov8daw/pUWdHFFK8QG9ghajWmVw/Yftv9EYKHILmROvQrkjz9Ep+L5oEYAI+8PFUcpRbhNTmEM6z3icognMWCjJHDLUOz9LPtGmXPOUfH6e7OWV6IIsdD6TdaApAjbPaBC3tel3/Gceccv7gpdeNyrBoH9N7wGqOr2fajFPNqC7TKWGDIo7kj7w+yrH5miazVu3+xHpuyxFbmxjGw84D3V1Y6YksEKK912yFhsV7Sab+UfTqdwmTwa8BgYI2Ny6bqXARUpjG+UT3zVyvBUL6G5VutRvL+aSorZGVB7xWJVe16SrJBy8gyiwMIAL3jzRNzb/8F11fE57zcs9lK46Y46Eo8WZEVAI3ho0Q/g32vwrIxuSHoEanhH0wup82R7/507QA+oM5hMmo8d8WVxmYhGUbFmBx50gP3fA4BuKcA5MroPJMJ51lcen44WaylTYpgVlqmcZsdjGXqnDP3awAOd8fQFM18Xs4FkX7FjDSwcUq4PiT5ShG6zjAC1leUK3XQYi/Gt5LTc9JSsbCSeA1JS9JgLsBE4++UF6P2YMdvdeRlitULPa/SqB6Ilt13FbDQJWuJUCfpG7G9FXE+TqUCcwbiuF8RofNzeORed7skN1xQwEyHGuijtw3At3wa2Si6S/eFo0bthqJ/JChES7+kmvUpp4/VJCuGtcB7EnXPtbgXhZutOOZy+QgH+D95aNe+3y7gPBHMnOkOlcbhr6lQouZPJv7mNUz4kCZsfPp5yH2nvScrXMr+O4kb/3MZvJZKmrQkSc15stZGHcvV/Rc0LjUz6Frofd+ooutmu00V3Txb3Fy5Q/yLzsdRgMhxbEqMAHS+aHSO9yIKRWaD7d7xL6WWf1nYpfBL2WT0/P7a1aotx26n5W1/1lIMaSbtrr3uEnqujil/udmvTobvDcq8AnEx8Y+Gye5fRExfJ1IX5tTHOBTLjr85aIGk/ZWhoN0yFa5hOVjYj1YPYStvKIHuBdPgEUPnO2I8ZxWsnHZlvSUgUtElYj7czdVuOvzbH0VylBYq0LU1HxyEiAuQ7xBJB2uo9XETbMhOqDaX+fLNruk5E6NgmhDfl+siTUsPEG2Xsgdrb29t5w1SnhbV4mPtjUnm6/Bl/31euwW4Z4E3f0cDFEyAlHKF7PXhcw4uNuGdUMvtadqNLJYoISEFF0K6wGLL0IWDeIIC55vAPNRTzriJXOn/qWbAIESGMc8KQL5jP4LC3kfo4bHS8Ulx1aMteXO77TjbY7NA2nicGNDwDC49yJyZdS2ws0c2cT/lBeBj4WN40fE9seIwHcfgOWhbfrko5N5a/zNb01vtOXGC7fNPKynLczyDgyYWpHyIQGbJ6WsRLKA+jYomcLHIGkuHtbCjUFDwrdVE4kUAXFLmtEz+Y3MvkjtMerRinEVZzS/sR3WGcdge+45hQDzESg4OwmM0VJkYfFQuXdoSQ6gAA8bNU51gRSkRbndiNjqeR7ejrfVH/cobFMUW1blM2yCnZb8TOazHcbyyEmSvRalbsegup+iohWfDqu7bpi6n5Rm8+S3nwrcgpdGmLrGBe8rPSbBGuqMl/Tg4FkS8k7WkllhfrUdm0XBs9nAW6j1TzTb0rnPYlTarYWQAjQoJsdcMvPw8GMSg1PK3bf7aYaGlAXXksCgBEz0mnrbXVOsXuxLaM/GePGzGC28d3u4x7i2SWHWApk6KSvzdY1DJiNvBLt+UqgYs0XR/UQ1gofHxxTrVI+ZOGMNQg7VTpMh5NszFf7RBD/lMykh5B1ZEEu0RJl5yYM9fQgDDrck1JgQblLLucuXkWqTFWTGU7t3+oi99dt/U58JOCV8/7420e1qM7RF0QBYlCg5DDT37JYR7hblO6ejzKdKWbGyOuYettUMqjzaJ9b/Kv6bXDvV2C082gr5FKhlCoipnsTUcCtSeDTeJb0mUpj9+p/L3xN+uKjYjSwLm3NdNwxQfe5Q1mfiL7gX5+bdJAgdY2nfP7q5I9tWdJm2XCm/NJxIybTdJtSTzg0q6ZlfShczbOztPQ5uaakM+Gp6Du7OZp69gupHDkpQfq8QVC65GF3NNDa3cX/cKCpEiBxg/Li4/bNzHvOhiwV3Rw3hGftrKahpGylqg8IJhr13xbmL4KVYO9B5/Lr07kEevPUImjC78LkJbRJZctCnoDaA5vBN64VpAcYcPInJJvzce56TekzeDZ5FGPBXlb5yHWYuohC6lcr6dE+gmS2Q3+wctE9fuajTnZjEqcbq7zJG1C35Udq2sNbbgV6boV2K6FJBSdIe9V3ejquG/QMXdvxe8lYgwJgcUz44e3xQ4TvspEHaz6XDX7LmWdrYgNpn6bnF+yoxa1qzzVfe0XLIU78+nEMsP+f7zfaEpaeMdltFlDV58joI9qOgfEGDWXRe0Odsw/JsKgt3Fzd/vVTxY+cjVa6HCm9viDRtk9S1U4aWY7gOz/zv2xrd6e0Aa3tcFyuQ1mRde8ztYZHPnhy1t5huCg1dIH9X9e7Ucg/vyXld9sonsa3Ui27nuSiQUy7avtJ3KbMlFVYaDWC+5Ks13cnki1GopInE/xBRth/dRdgzLGrVjQ+bIuWfduW7KTsr6+vi7WOAHmswiKy4gS/URX7Hna8NOijIPgu3SEhw1jcOmf9oovKp/0p5sQdfCX5rnKhur/GT3Y93dM5MX5wWqmjiHTsjUS4piybG5OeuHU4YTEQ28BCq+oMTIEZcFRU/M6ku1uxcJ3N2aO0Kp6Gf3GfcRcymWDXwc9KUrWyuDTTwE7t8v416ax2F5zD08Kf+p1V+aF+FgiEd/oJvtpmT9bM9arvIwnXukCgyjeioKn5U7/vbYTXqyzXIyue3RISdEWt2sD3+9OQlT3dD3n4xFqZ20FjvQufD/EkLt0ed7ufgdf+MLUusbAewoMuEVwaSv4fcyPwJR3KjZjQxBuKAZBskZSMokRDpHX9+aXjr66J/jD/Pfihw3W3b8uccJjBehLZG6tdMHC/B/aCqPdKj/ejFfFkhCPTdZosbcZoE1ahntbyVgowRi+gd3fu6WwGAz03zc/pfvm3mtH/cQyd20kkIyOvjlPwJW+tOBmw0WT44xH3UzICB48mbRwwvDxSY632n9F9LQM0j/SXnDUayCfsPNKObT52qJbgbf0SQosJssJy38BIONqri7RKNCwH1+KgQHQaGrBDwGG/ereoYSXnIjd6IyeRY6gKtSH1duWuTTTzNymoBCfly88CAzJRjS89obxdIJrA8jv2gWQzwQ5MwWqZLcEboGFjJk5ihDe/SqzbnnZfpEDNDKoomTV+Rlm8nGyXpSncHy6wLFlxNa+Wy+ZfqXjHMpD3rKofqV6RwagKSgUAlXjknzyX/eVBAYrahpAC7sDfMnN5aQU/eas2vUhN+CuWSYbxkyFeiKwz7gIyiEBkKaEhPeuVYzjbwj4J6DyYGsrlaPDRZLkU27ci9jEspL28YEyR94tNdjfp5+dGsCvwGYs1Q1bsbOSilerFlyLCrgmP3BHuofh42bN+6Af71ySHCHyXVkcBmfk2a+YrMQwiVO6li7uNDZIlwxrRAu76tAwJHloEOGfdfmEzsCOpRev7hQqmc13HuM3RDywrf1slw36lKPZFc6x2a1Z9dT+OH5EP5zyrYvqdGydPRsmpVuGS/l0SbuB8/LCaxLRp3PUNHCR9GtCbTR12Hl/gklnKnbgd9YuHgGrZzqiBWSMl5aMU2EAytqvQFsQpHUszA8Mg5BPsGAzko+gHkuYyB21EQvOSPlNpTO95FdhYWA/7viTHFMJSh0gHcg4MOkHtufth4bSVn44DTGKqg4vMAqxjWZv27mE0c0+ardDE+qHX+uJpkqVm02U1E6oXsw9X0gutIza9dEczINPGQtbNxwy/u2ovv7wKmPSoElG/V91r9P7vBuybOuf4JLZxiCyGpQSWWaOSwynnCuJCI5zeqC6CB0/tMMTFSQUxnlwDuPO2I+SYJHdEtcuC3KxV5+S3Ge5O71sBRTK6f79VZ5yGq+eZgzaifq3twn3Y2h9VxCkwKIt2jex5PD3HNPhj6wIJLZS4HOqWH5Cdjm7vh7eMDbpAshh1Vim6hLZ9YGPLrFPZgnIdnLWtmajJZhqDVcDntEep+u1Pxr6HSUO2VZR6OxUzY2Sv4nY9TZdu9MxjuPFAdqgWFzTtC95Vq2kTQCfR8SG9kJy2Ln3BcNyxLeW3L+hkKWl4XAcSNOvkNnQQXcUkaXBbH0qTXtwnTuHzSJJsQKKMAoWhy/W1qG6hKPg/3mFrSKRECHJer5UDxcR4GbPiLVJsRjgqezjrVPy1AgXQyq+XH1SKVOLxT5IeRjtD+PTsd2vGUQXrx4Jp5W4CJ1NPTBQtsGd3qYOaT3YpAhSrvtgwW8lmtYK8+CxTK+nfGAg+SxC+vQ5j6sqqmJj2XbkmurCFv5+Azf9PU5WoApiTBZg2KttKOxxejJsSFEBhLA9deauR+bKho2jo1BmtVWbZRjvsjk1dw2i3r/Lc/OAf5Nsa63/fWwHUaUdBOeOUX0zi0jhOSl/nVy6ZC81VtRqjGcaP9B+42M2cZ3fBMgj3nIIdOSb0MwoHtgPyVLCVnOU6joCLS07Imo4CZZgZ6kZzSlRyrFohR/8N8li0g3WG1TVarMog3RBGyHl0WP8mtcX2RP8h1WcWqn90dGNtjVB6koJxASCTTcGdWFeNb8aAGhAuN1feki6V/+h7JJxDxSbOKlsyzA4jIsbvlGCvRbuT8Z21qAZZhUj8/3E/CiHO9Sk4qmsWIWyDmy3YJLG48F36S4nEIoHq5LDh9jTsER0CGa1cZhSEuIOCDQtnn4grbLOyFLldIFuZPdTKePXtOt6xoUg0IpkVQnBRJmozTcqnLB72ZPGoH0MUEWXoL3W+a9+HyWFTR4EiKAdhKga6fjSeiiCkEC1vx/mRVrG1mBW8brVBP0mnAWGHeRip/+CU4ZXFXegYH5juqx7PC4LcQY8/bSjP9MabkuVURNMAwlmKyYPzBRlR1M6GzykK6w5sh8mu183J42yfntiRONdMzeCB+HUUIedbWHIZgnMYc+qrSipU9yLyrp3xLhqvTAgPXUsGaH2SsPD3n50BQwXSyToAA+uy+c6PZ2U4fpTSI9bV0+BDJ+MFN68eg+zrdWJNPdvJEqifaYUMCCIb4tsys4Jjm0CMNQi2CPCotA/iTeSGv4Hyp13TaQrPQq1SsXblESeHuoexkza/eBZcccraDwsakp+TXrZuaVkvrU0TGbs877nXBWgBZFUpnmj/Z7HPILHB4DVPaf/NvtF3ZYLsy1d6W2UMTAW8cPe9K2XxMKYAHTAKPQDRodgpQ5Cf9eTx6HfI8F4dfwgwJrGw6uGIx8vADPu3I8mpAA0FgkMer6at/X+v3ZaI+amc/AkyyhH/9OYqzs2gUHL4aa7Wlo54igCi+5AUWyXnMXPwX2kagxMsl7PTp7LSiNbtikXukNsLS3FYjgJXNEZKh4dVzdQQLCcN955Jdm/VBZPqAB8aSxG/2FkHM/5OJIrWdNJmQ8DwK24/lQOVlXfNWk0wLr6A8fRrhUguOp543Wr+va6P0NE6aONebmDBFcaFTNGM26mZnbmYZozX+dM5TkwcLgvvojAqlPS8u6myn9vMbYcPKq0fW4m2BEm/9EkDAkMubHNWmDZTw+F5TezgeZwjqIiL+0qUW2JrTWOfT0mixm0Jr+4gMS6qRztv+7T/mEf49v2aEF+GAzKI7hM8RtxbJwQ/8ZRhNdVfwQ5N3V8XC7fLWpXh/GCv5dakdYUFiYh2Zm4b+dMIke9yoyppi1PiU0Ili/eVB70JqujovZEFuOo19C3Whv+FnyhllS1jm0Q1Ifg1djcSmXYWk0RwQpHNv/8hYDm1X3g7REX6V1a/K4mgTg3sD0sTJ2dkn76nK9jCdOm9rSou3AlmkENOC2WyVduHRe4qIwGd6BODgYprRdvgkadibpfBdRLqsrKV14/nVTHFTFNtRZtyFi14/ixFLmjRBtb39T3J8jeqDPEuLaa2LyE8hWZPIiDsiR8nOP6xIh33XEkDEIA9T9pqC4xSDfTr231Hnuyhn6pEcoyRnazGYct0sAcDL5G+kukAkjjm+ubJLT6iRxfLtajN0kdZG+4f7w05A7r35S+N+QRTKnyGF48H9YUSigZXKrIefrDz18b9sDpeRETkfdhrBVblEJLoEApkmof1eUPBBbpdloQg8Cb9uSpFFc4jk7KB7c5Nt7kYNRdVK5dnE44bLVKLe8/NEA7kIE0W1Xb01K1WCvhfV/Cv2tDiEU3qZdHpiYtdvbCjaDTS1NcXawaB48VDKwJOTi0dU5TT/zpDZJCdmQ4bfZlQ9F1Xd6WIir7ekkw3J83e57y746veoSky0cg0UXYBPjAW47YXdz9LzIsRd72r3ucN0/msUkbJJBV5uWiZgN+Z1aq9ez0bQq/pGNURGyxEvI8CSAjkVi+D6JnWICguZIQA0scsTloOhnToVSIg++iLO7DXwujwt/zCf7k0lUkoIHgvYEpR32wYRJQROMrmfww5BEqnFUpqnkWoZHyfsuynRkbzXWHhv9bntPj+c9f4qLmHHFcswR4zch1lj0TJAU70sFjZqVdb42ivbAmndKUjUcxA4nnSfdv7uKvnBxX9j6XX18WHUB2l7FmuJvLP1CiiVnNmTjncG+lhmM3U0GU/DFxin6N+tvLACFPNeRKokiTmt2OVcHEwndOYfsexNs4z9rHa/r93YIX/vvIsi71T9+M/75yAjsBVXEMU5OSnjoJwJdSH8jI77uFrFH63uEwv0nW3/niiU7dSA02OC9YrV//XOzBQRyWxqaRDiZhOmCv6D0i/sMvR+ZtvLtnX1N2GS42BVwPiCMfE5fzT2bDj0IoyWOzvVTB1OuRRPR55RNhUEI/Hh8otJTNXIsmqvlnZp8F8guHXyA+Jekkz0Pcsf6jRWq1VtoRT5suOTirvmA+SQYsF36cXQTM3ZkoaBAUS6sAmTQj3bc8Do62nLvWkV+GI+yHtiCbLs3G/G1JNRk1Lh333Xs7JxO/1RTnhUpcBUiWk1/+hSD9fy2wJbUE7W4TPoJhrX+lSGE7GtwK6XWtQw7AyDKHFmnEMlNteumTaIuqTWCpH7fZpKh4LqS/ydmkcDxQ0VaFjeoZjoxFPDUeg7M5/MF1ZbRpTI5wkHP2hcMRHidl6glMctuoQ3dr9No8TNQfVl2te510mTUUPgcgnhKlEjszrDOIDsAeu0yPCsU7hfsTVkI6VgcOSOW0cu/+y7ZfJjuJpzh9LE7d762gYvOZMlMO2JstAL3LKP6/bWjdJdsWfS3MCi/TlKZ0Kp/HTIOxSY/Pit8Hp6RSbhwAa/y0bK3HlNRaULHS7pTs1BiiCWCOGt5+hDCy00Dy+6denw9JySYrcrb2HtZNjguPElSY5a2QXxW/1pmbMGU6cx5so+yxqN1LxCdBnoqsbfwTwqPgeoDEkSovrkJHHFc0S8+6n0nkCuZJa6EgtQi8UeLUd7354R+eR8sC23xXDO1I/16jzDs8lTSaaIY41PKtOzyYAhtsQb3wyY9pQseYP9Sig4PLo8TFLnGsRbfaTCbeVdlGV6q2nsFoRNMiVtJwBj8rF/BCavW9rLcO5mXlLkUskt10ZytwxqwmU7RUD3X6Kw+MFr99/ENe9cB6l0GV8xKjqORz+tdLyco4EJh0hi5z/ZoBMaXjOShuou5h5FBdrGXITVL7ONYc9+79T9yNGYFIHLyt/rji/RGtIlC/7sIArqeiOm4q7kjN+FZ1DMrFNtQCxGR7dQ2Pm2I6Vd5H0sAnhB8rJ3F3AxVtQzhFVy87z3b83xpiFRwgLPPT90xWXTZYXgkruN3qmpFQsfHgvRulaEn8EidIs82sKnZbM6g48x9VkCQsPLCQ2kQU4URV8uv3qcjh3DUorNk32Oxbjl2ElJwA72QkJ/9s3lubLwiMCoQmkKGYs6k5ZdZ/7iVnM2psK8ZpkWdPD9pAJe/16BFqw/ntyKpSgg7JcjgZGOytfCJhCmy4VjgVREz6uKRGf2NrayDjKp0FxivoebWNWgUO+0oOj5pS63kPYKPNxl+PwbyAZsTbk7GWFVx7po/nPTU2bzLOC1Yy6Ib88LbKU4L8glhanARIW0NC+co+I2JfWpq8Upe9UN1n/vSJWHpYHo1UpOKHJqZx0NSZZuNuWvrUQEJY3zD5PwZu7IPekwK8eDz2ajunPBvmq1qrzxhs11i0LL3XYErNTAKB7cbUnPcHRqHtz5Tq3eUVYKDpFhVjU5DemOOf+GYeSqB27blDIxCh863XQ5vHVskthTu9PzqOznmnsgR6ZTiewVnyYpQaWM2WfQT6igSCfh+5P8UdxtMaSfJUn1Kr1BZ5rSYc5mR6xcxRPfhRYDgZbzEwroNd5zc8gX1FjdQwXZkE3GPwxR9zmmnGh47Urj0LQKu650OsDUjgu+B4zLWK55WRHDtyH3au8ZAj4cFXIGryzmTtbzDeh8TKwaUAj9UFa3N3mMgkD3pyo7nMeWDxQrZzrBhJipLOviYBoiPPC54SNYCC4UTzVsoDX6XrS9FgjILoq03FO9jRNiHBik6wcJUv49axcvnsHeFUJ/2TuyxZbTAI1+w+9d29C1aSdAjPHPRGT/eQE+qWDr7pz98RGlNg8vSUuvaIR7eQkVO8fzpHSdyXsS3JUQi17tLc83Rv2gpYkPfxAUx72LAi0E7ST5T6t2lSOvNzh/85ipZOSzHVxeKrp3X2TTIDmZx9zIbkXdRnOyC+bz4IDj0NMq9dVYi2uzP0BDztZRtgG3x6hceMfOn6XezBxMMTHR4FgxDfnW72Z051CyUCG8IpoQp2UhMuLmFQti5eFolkuofQMe//fhsMuTj9t2w5RnL8oyUIHVu0gN60P2E+e91YTE7dHQ+0WpcHG46WOHyOosEmS7IkO5hSqcg8B/QrZA3CjCUv2Clg0771z7OEQ3n8H4VjSkxGjOf3r5ExpMCWeXMPDud695i8JxlAmsD6sbxBORvxFv5hkVRggynsgX2HS/DAAn9ogDlbXqgNrJXV27S9dVvyy6sPqPLLWQnCLZ1SBCWZ+SI0n+xgs1v4VOcZ9sl6sRHvDqx1wGBjgzops+TK3/go2OLenRMRn5gnWO7zjHNVUtGaTx8jAfBIJVkYUefFHFXjztUElEUsUO61w6VauN25aabJEiaWcio/S7gKIJwubJsGxKzqg9HFz/BSLRhTH/msm32kiazbjPH37nWr6E6QA7hO69pEAoAuQsV/T9WIM9qcDMm6MRwCbrC+wMiRJe6Bp3fCqjt82Nld4rWSMXb9P0HfghAk8xtXW8el6J3h8P2fTsiAfPQQCtP9M5VrODba9ShsOhPFu4Kuyv47/rTmCLln/XcveIXvK3XAADVAXr6MWLTx+W7eCn4YCzYXLwY+He72F3KmpKOYy+16inBWWtuwd1s0+FxZIVkSR7q1krFnuBWsDHI1qnt5j9wwid3zXyISiFSlypiQEjThL4z6O2DryipnUOpMnDoLmu+Oi0ru1EIeVW178O7Y2TZuEGm+K+DSVN9Jyk8vRYPRW++X+S/Stmp707cVYMlk8NXfn3AjWUeaiBoPPK+aP8VpSbXIeB+/usp3glYtmWmyiPmSunphODC8/dG5+kS5fB6xy1UNv9CW1f1LbnQ5uectIKXA5p0Rqlwqc85KgNmVHGqTYRgWK4A5BNG7caqKs0S/95l17A4uXyDUCjggj2FZdJd2AvEhUbs1iPO4PWdpGVMaG2RcOwaPLjhIahxHLmgULNY+jSIRTxhqinESGKXE/cK/cfv1Ry1CV25Tc8wLbfGDxaBQrIU/etdSC9Jd/SAhhSmdqePV6ENK0XaErszhT8pTizE9Z9s5i+q5Z6nanCDaJD9exsDAxc68OlJFEPBohRLqEcpsVrPE3HGgN6yDAWQnx2rqVhQxAMEjszRmlJTzjzEahRL0Gq5feI4RPDL35PK2k6KRJEeU9iwiT+iQRWDtkTmQcDWgeRNCaIomYrxVxPb4mnmE8zWWetmqUuFdCkWK89Q4zR0mO/VCQrhmSyfdRslqOl77YcTcFu3/6BesA8lW6JFJ/8XsmnYS66iiEe/sAfclelEbKMQJmolcQyzEJZurDMGGksu/pMjL1VjJhJGFUzLZMhFXBgitCMNwkKUC/VXb04Rd+fv38x9L1+sGbg0VpMdwIsV1TDFn3Ik6DM3ZwyIR3INzFEyU4OvLuFfL+hBVCZ1HobG1iGpDfpRyJd9dqB+nF9utz/mXOVXORbyCTVUmY12RRn25tU2i/yYLhO6/A+uANeG/TR9uvck+qJSRr3ZcorKRgGXa2B4NjIYJYBrhu744/A/fNy0o2EAp8YA/fwVyKDWqKas2vQD/tp0NVuIv2Xnf4nUviF75LkIhMJEJcFHiL6yUor+oL1Q39uju9VotwMRv/DRQEGd96rA6EedV4Od/EJBNFyrMdTPC/oxo9TgTq5T9Q/RxacWTIaY5DuuUqNcH/oCekvTnWhaxqqNRLkB5Yb+nXWiDdHM1s8LtVppyG+bZFOvJmYsUtIAkNfzMDE8aLKEtMPboVXlF4DeEZ2V9QZ6htZli7CpNBQmdzdaQ4jn3VtnzMM0umQ2sbTt03upVOex46SY8ZyuNPckZ/w5mVUs/MDT2CDs2wxK7B4kiHoan0kzNt3kwUuRis0Mn+Uxbln6IQZZLKEy1dnfMmrxl5a3lj2H7WIeYnGnxmk15WlutXgcBkUPArDDEX6Q3tGu6GoZY/wJFuSfmv1IW6WOjYdt9uXUjrjal9BI0nG8iHaao0mSywS7HpvKSdmJPw6EisFEs0XpADNk9mPenU2zVeoYKqLL4y9ci+tHG13WIveeVtngVD6FoQ2Tm9KNoi4tavRU8lXC6NTyDPSm9pJwqkUPDKJceUTqwEVz+tjEbUZ0DA4mtGU0G+ThGuaJ2Ca+/hQYUf/9ZNtx/elLU1c0QAAZErBqURvuKxdFoRPph15pgrNCpwcyeHq8TDhFkY0ZK0c04pKP8Ih0Y1Mj2958WbVZks4NOJXm9WI3uuzdFjG4Ezhfv8HSJUWXwpflX/skJj5FTXsef9bcbdMToy7qD0kaxX3xU0kpKRf8JOheA+3NqDARdAnZn7j4Auc8sSjUUIK37vDpqvYIIOermq18zaUTx6WLUFDFemzzxlv4x2YwxSuQKipT76cjWKC/OrQX/5WXJg+J8gFBedfj92PWDrHlMEP3qeGVZzM7W7E72t3S3hxFtZSE87m+CkNmj/7JjOa28J3/wX/dn/wVzq61aeyX6NckLpe0GHyQ1ZC419CQ5igqymw0dRfBUr3GoXu/u0MCWDa2Frd6cVJYqKv41iDsjwwdYHxDxKa+kvpK6fpUhqYOjbP9SAicRerdiPyr9MC95JpP8w0gqk3C/X5lxYf1jwE/HMkB5sa6UkScTA4SfadwIhoGhJvHxk/jcFUS+PAkYAhy+V2KNl1Nz3TF6UrvyVxw55yq6I0a+9XRFKPSGEdMB8J6pzEmGsVpA2JVcybDy/QNsMFVZYwDR6Wu008T3nTqkUUyO2Hyx7hj3ycgaoU3b2FitKyOfojp1ufSaIhK0WHXBh1lzoxle5y2zQ16SA+K7Omu9GGLmPOR8O1e9fP3ICSzn0e0HhmJ/jDouK6tk8tiZ41L+r302njkHQ/m8NBgid+G0nuCri1E/JKwPRJ4BNU6kyDnA4oV0qv/fpXvyOiEbK7OT5bbU3Aj55w32BRROvL23fq2bjfphuvwQHZoTD5d5LfoSNkMqUxWEnhypGd5eEl9v9yXCmyVY5ChZz8zj4JJj1aReOyOxuO7XcYBx8I3saDjaem1V4IOyM4WuT8aN/JVmb0Z2utELH8EzKsQuXx/Cy47+SpbGTRI8PKnM4c8l/NtgG+Vhhci7y5Si4+U/dZdvEwRglLqHvi4CzWJW59gKfcs9zIAipDIvfK5H8gMf3JQWZhG9pbwNATRNp/6mTgp8vmIo5d1Zo17TAjDD7HX3+9V3RuxNLvjr0q+5rLWrVu1Hf7aEuzBaYJb3rYn6mpEfny7f9fj13wZL2xuKm6AG6Y1/0XeKcJstJ18QubodhMmu6myUL3NAibCH+kBLt12+plotFpGuFhDIfmYZJdpIQ4yd9IsFDTPt3N4QOaNAjluKF5GA/WYO6Hm93xgK9KPU3gsjmG8NG4e0dmP4K8H9EN2RiLxuEZINBCmR2ZCl9MSQ67FGcWjM8szM6egA4n/y5x4c1ukqeYco4rCx3SJJsThC4psjcHZZ01ramBQrRo3Q/SsVLsXO7hIc/koM12UkFi13v+3AGHELsQh+tksSDqdXm5HUJIrQoq/I5bW1ldHhioTi/LCpb30bhd3NkEmEI49VFEMVMwOicwBuSy8QHBkPWOCZuEEHhi/FqJJI2y/lLrTfCASSafgSMoXwsqoMp513y/VrOz+aGs2+wE9YyC1pL2y2gix2pUxi4L7px9ggE92RrCThN1A67cw80yGXSvGM+MW/kpsOtyZpt8VplN9EstyuPHqLup54zC8nje6vONqfA5bwno4Ht8bWAFzUT8VXVeSWiFOCrxnQkMEBDgHLtbimE5gZYkZ2+aw0NI7vR4zT36SRt1U4EumHcpCbPTwynqaqDXyn6BgNsSBcGuWiAgP0sup8laTD4HBbddrSZF1Cy4cQQxKnSe1rg8VQhYI1T6uHwcqXoIEvF0oqHN46I7WMzzAp0COf8ibSbY0VsiZyQWKyyHe2wVBgxEyYMwXFieppBEH1DzIvbqTCq+sDLE38D19NJCeyLQkPcSv+SWxoDq12m3DmNZtH8XmXCtJT7HmeD8pZOcWMHIfeJyLQhP0pmeZfPxFKUgHrnksCNuCh78/qulUXCAUCYC6QoK5/SS+KDLxii+bGCmDpwCSRtVpBQSyF6NBpucXoJ0N1EuNos19y4rCoTL+oxiBgtcLReUR5+u/j/mkQ94hnBUeaifsiNR2pjGmwI8V0Kwr1lrlIKT5y3NPnMBWUjv8/iQq7MOGk/hAOOrHQn2to5pCAFrNiKFN54L115i7yPaJlrfwGhdh5ydecD9qAMfHIadBvlQKx08qpPc/HhMahYr/Os0WSMR3NbViQeJTYMwnqLAIgIPN0JsTIPx8VEP77LavAfnJymEEj4gATnKPMZSuO4ya7/A9cT1svSAYjIkhC6dKE20WjaLz7LzwTdOFI6gRbMy47qqkkmHtGgNl3MdRqEXD0U/7X19fwjDRiXyYyanf1cOGtOMMfVcZCT1aDI/RZNv9ygWsLYNwQMaYmrEfQjBNGQ+I0pd+nzpJ5SdSRbA0I6rGefDibpUqL2UaX1u+xikhY5FD26D0HnlJppWpWKr37uqyCtCMffDDWy0JghFcRIIE4QPKxfThWwl4PK2yNrqYiAi5kPGgFH2z+Tu/kurckIoMd1Y6RVhPajlayw89d6FYYhMgpJ4xUw7a9RQ84pTd7clztGw1O4drmg9DOb+1bVa/Hf6A6rSMjlHlCQ4WCwKofkcWQoXXmtOVE5rR1eNqVY/BvR5Jg5R80ohVlqKnWNKIj7D6mnW+wC/jfg+R9FT0+VtlPdmc8OJ6HNBbI/jqepApIKm/gacrYcNN5ulmv4ri/kYHk8h3m/xl3+3x/kWuD+nv4A9KsqxpMuquRbFEoCPe+fpGtLSoBFg7j/sxeK8aGoyHSTJw1nFMixLG8WcKvM8p/NStOXLMWTtYueVXhkKKx/WxFCr48V/z9T8EAD8VCSpCnd+Tnky8pzibJiJVo7uDIZ9spqrusoM7dEDLrdvgCb/u7tMD3ocA7RrgV+EsN274tt6kqr8K9JxRJlc0AYmWDS0v+0Kz33520bs5llb0JG2LZMHgwsZ332AB/+YHrHg/RDNGMhlqLarusE/lIflH6sJim64bVs1s7hZvpXR0W2coPNwbmKsSBbMIKIj3eano/wJ5NpoQFLLejrabM2qXx4COiZOPqWDJiGKBbMIjqgEF73hfe+tJ+Fuk+Oxx1OmNWUU0esPRlVvkn/x7xMCMkas9JQxlVXUnmOUwCZ43s47shSCXfW1jnDPa0u0SKgKTwZrHsHALqTeheIlpqayQA8mXudliqW8LZdduKgq0uGFTi2Rv4bdjqEo1zp8CNB4W40HMw8Hoyv2UKcGaEg5f5n5j1joTI2lmAghsKd5spK2x6QztUTR5zFAyTqeOiCgZfWKUedFfMTUgvUzhqDj3bXh+IgGxWeMxUFFj2GEvAvVGEh04SRrZ9R93i2yWS845Y35Yqshwh8xXe+VjR9xUyKtdV8t/6mwvHqQpclqnP10RC/EcmEu8i3hZjxYZZi3JnFTniRLBQ+1J1h9iDqxOJdhMVQwTIk/8EwRtmplrHKZkDQ7HPkSDrXr+UBZnQh9s+OlVq3aog8gUS8MP0LdTNVoMUMvMzGjBI18Q/7uLDpwVSDWVc2iS1XBiKfNPC7eSyicoHhm2qNgZCd2ARjZlnKajpTfTw/TQGOOoo+VNYDsS0vW7L74ncNlyKmYoS7/kYTP/J8XPok/xzQJKxDS/a/Ui/6JRR9PGy8f4L+sw0V+T+YMlWpz2z+j2FKcVJlqlBRzBr4g9zw7dZTF24GqjHIwYP8vm1UQXdIGqZEOSlG3qdWPxaQYJf48RLc49jA9Yc7yCHPjyNqFJukcO/KzbOBUlbC5/HRlMmvVVZltGpFP6+uP9g1aOejpy6HZfCSvM5cD+ZXgcY2WxzoKIZ0qaNJQUi5V80EYvzuHifCrbHSClHOBaN9qfXcGAIxRjhM/8SHIyXL05jaGzICz45QODeEEkff9nKPpHbsPPUVThz89OPiRZ3hvTiHRE54NcnpesORgJytnSWVkLXNkgrU63hba4+kN5Tu3oL5KcYWxVWk+TTHF6B40bac2IKPmcyKpzhVztvhrvDHmytGKatPf4lj4yQQKbqpSidgfWtKMk8S+PDJwkXiyt7Qpt7V/7y2MM5aUrKkYrTcA7zdR3GwirqjOWb2S29PLytTGW+L8i6LDo8qI0LPvhoRZ5V+VxsbGS2qVoFNHPSbn27VvDxUljT7l1ccZy1tojLuRTMlJuI1f6i+LXobCN1N6T/2WwrvgyfD41JdzPnFLLIH+gKJZsjE5qjxbeD7H/wckTVR7lmAXP0LR5+2bBnWKSg5HywUGFpSvyiadoZonPrabzNy5+S2Kyn0099hYLvjSF54KAZANtAGz+beRBO3Q+E7mJF+V6ppaYzMAtCVSs331evi/V6mtfi/c/fdrU6YTIA6Uzd33/z84ADuaho2ITr9QNZZzwbf9D1iFT0UWp6XP+cIAvA0LJsIufcDRUCFI6KSf+Su/K5SM50+SHteNv6UcGADiywpHtlGyubTMzuDLEU0SU/gMmidPJG8WZFMyciMGjydBvFDDVZkhXVCqe9qn4tNwCQpYOQ+EOwvE2C+XPx2z/yepWEyu3zTYy+3HoNLuFHAwQiet4U7NpwmDT1BIarEQbkfdA9nQDftW2fmOMBUl4yQ2Qfk5WXKISlHtPTWZm3qHe43BavNby0wyI1WyE2dkonfOr9UvZpTjptjWAo1GbQtVto1N0IQcB8xDSKtE0y+kn1f7d3oFOzxnGXA1MR1ZLAAAjCpRCSBosrFuB2/dvS9dX0bf7aw86AR114QdCP38O8SbuxyUq6DGby0WG3zocqemeWT8ccDglbe29c5P7+Phyrw38A8wXHMgQKv7tUlJvnR+GMoufMp6gfLDfejBkzVgt5As9LU32PrS5bw4MYP+oRIdImbrZ/8A9waGPoxow+Pf8rMSX7auBS48UrkJuDwKwOPnHMdIipnesvzFk2pvNHq7gDlWt+953jZmjwzG3q1opKUfhmTJnxIO3LGNryEgnvvprRitp8Hk6AFFERiG6WV94+DfVgrMd+XO4QrrsnYeUFPBGJiLdb7O6q3pu2zFlxfl+L5LOjPCufbXEt0TFXPdZoA4FkN4QjLEsw3+aL6MKpkAg9L4RQje5qBoKPDFEIEStHKHEoGuKAaNILUSqkVW89VCvOh4p6v0WlN9PoZxC6tNC+bUjFChovHoD2Nkvziv/U8azcLltmqV1dBQJ358j+l8P24JoLcj4CamNNbkZGp6DzrqyXlucYHU3bw8ub39fh6JbotLqSWDOFzqCoeuGmSljw+XrYgY+ikV2buqNQg6OM+hNtMSUcVxodPIJgG23z3MBCrsV3yJ1TQ85psXQpK8sy15B3WRqhgOkruF5DYbgKYtBDiD+pm6sKF3oysbCg1HViDsjIH6L/bP4HrN7WzjPWn/YnlK6D712LGS2QOcNczBl7XI7T8SVghNRPKWmTFMPVWCwrvLsMhgFerq3VvoI8azJxJIjkcmbKzA8MXO0ISg0b5dlskLNm2Uxaew6EIJvbrOrJVwNbHePD//LNeWv8wW/BfHKT+AUJkdbYui4IxjEkoJTwzBPkyeFLrGaCK5n42uiptXPRBuSqkXYiwPX+ArT1RHmO6nq2DOmSY6bVGdqH4VOL5/++c9VhQERvNYwL0sS3kET8cd5JT63umK52AjSqiqCR6pvWRPk7VwLVQe+8Sy+fUXgMnUd/oaC8jXIDXlUHnhAnr51LeRmVs2sf1WiDXfNZeJt4UoA8kngCQZWx2q+q5/Lcqfvpo9weHZrsJO7mUf/E0ycnZtS+7OGqDetDyb/+Due6Qho/YCCfB2FkPFN6CyDShSLmtybDp3cnfSR7FicMySYNvOG31Nqgfg/5EmStfPe4iwSH0Tm+Oz450qKvEYjB2X7M/TxoWI6s2UjuS0W+3ROoFnfJ8mJXRbldXT8DLKzXc9y8WmJnolOBSHLHyxzG7hJs4mXIW8Ipe68iOB+ymXFM1BeiDI5TMqu28hi7ZBDGTWDOrWM8XSm/ssIHIVkcYjWDpeOAHHt2nedJcBoQkG93iY5URNp2de+cs15wGq5Fb9Cb/nu7fsJjvadzoQxp8RLHERgzkB2OyG6El0zod9VTmSkUPPmXkl1Tjk+akvx9ZEsAsB1zyrxnk9UDCckEDxlQtZJaCWZa0n+vbpta1DdviOQvR90lQljfhQoeI0DRSwMae+olzTftAhdpvW5nh5eRNulrNky9FxMj0UmzDFn5FW+8UCwD0bYaTKyttyJq8+/HC1OfvshSouYN4B2fYw2I8OvjIvOSaC84KaakaAqamSsMgVGImK8hh9SHuVTmqbh++jRPtwjDDabsBor9qbwmrgN5G+S++NVO8ud7FxFLmh+wAXyufGFFKBU+oB0i3fvJdMRQSCj070Nd/W5V3WtobxgywFWN7lU3Heb2atgYiKHRBRegAkY2omFhzHlN6iakQTtraGEc8EEeaU4z5WJW42zxG4QQ/ktQAk3T/pL/Duw2qw2OfzBE/ByfYvcKn8GPb1MDT/583qfbHg6V/zktMYrT5B/wcXmVozY4MEyHay21PlMeMKGJ5hb1eGx0jZS1EGf/kdXxyl/rDuaMH36YFrIi5dOE5f+6jnglmh054PSDLQXIGUXAegeeECVR4TbWlZObBPgqaPYvBe1nLU0sPjfH7ql6N+yzc6KfoIHii8cdlm4UQBdj1OpYWC9sUZQX+R5zOqZ84BjQ/gWDnqvTMYb6qpeO8/iG4tHj61PDEAUrAbrUHH8z0Cyv9VYfWJvgGstqUFj5CCCLHfy4Sx6+D+MYX+O0fBJMnmsDpzpapnWviaRhZvLChzbGn/kWWHvlfHHjlEuFVZBSrb42N6nV3BgzJENtIBnlDdgUP76nwD6DQXy+lfxB5v1ZZpBq71BoNF/YGF2hN8TEwT1WkjODRbjcFnXPr2/yXnz3/mnszbQ98Tapi+cmoVN6BbYSTwG1954sEHEwf7BE93VoUeM2cL8t/KKxT7I0WMcPZN1DPn7fynrERbYMM8m/e39GpxofL/LJZPF+Op3e99KKbAYW3REfT4u61229sZLPL9JtwD/LrMasgkd6fKWFlvyZ6/+/PEFkhD6ckjn6C0uLNpxsSU/adM3Tzt1QLYkrfoGacoCjf4bDCBYj7WT313P/mOdom4HZfHTBkVNDf5CiKAZHxRCny1NU0139/OusCRp/7RqtpoTUOkIBOhwwN0BY15+O7zFFVaU8sShKlrjUlQuB4R25zDpTxry0s7fP3KO7/ABTx0BjB3WgbkFCl5evlHtsmSpp2nVN0hTkH/gIUn3gdOdjEg3qbZWK0wW5qPKK5ar2bm6Mts0ih46vR3UVg0SUj/CHgwwSNpTfuro6Z2cut+eoF+v4WhIvwm0RCx/MEQcNrbBC+6wxp4dv1VXVdkGgIB7gyNKCyzuOxsdIQumOz0w+h9fuZBJaU8eFVCYtGzNQwtt60zbgZFD4uYHdhILHnxC+wesePmtqEVu3t+jtJk3iI34R9dEhHQepBdqJADI8PHOlPGFZXk3ZTqio5N9JF3kD4YEhs4H4GwjO6MaITiMMDqhN6b9BIBOA4JiCkHZuRsFF06ccL7hFT18Vjtcw3bDgPtgjAeNk2v61gIMxvXBecRajG7AAsBxAPST+fzR46azR44BoEKgqPKz5Xm//VpidKoNpXnqb76/nrjUAxB0AwyD4p9MGVJ4qjIUAA8TECtlz3XULnC94eDKj82XfjpcVHT4ZgpAfGzqwyFB9BdCB2MRBZ9l7H7pyaZttCZtykBsxE1ZNV7SPfwzoQ8TEqGPfq7cHff557eWEVar1YB/7zNOrdA+xrLsw4Q0XFe52hBxXN2Qx3294d/tG9YOXRpCKdzKXGyCtZlv9qoGf8KVhn5WN/iW2je8se5qWFQHNPP3twKgXLPF+I35UuE6/YGVnHqQ8Y9+JA/p3DtH6IBHUWh75o55j9RlhrYR2pyB2Fg860DvGmtVvuARF8EHy9PUZK0tABg3bFb7qCFxqQAw25P99DCXEYJ3fUC0vhaz72DAt2U95CYlIkTNeCNNaeC7AGOMFiQZGHBSf/ImCM7sP5qh+OHIxhYPYXeFNmkgUFdbe5U6RBz+jdAR2WQxLsjMSiEk1vyBSq4dHB29cJK10qQCXLcXf1vTYglcQgB6U/kxvfnimU36AyvrnIUymRokXfoox0VqJlbX4vsBYHgr9xPq9XDR/uKKgu8M+1d+VWRheHfRJGJaGheTapsF3CekYYpC2/blb3qqrRkHtGUDsaGdvGpkcI/wbU48szcxlTGvZu5MFpTVljA9pXPBz5XjJ4ycQ1dduzEWA7ileuIiFYDgpB/V7tCuI2u3F1vy9Y7KIDeiVmhDJNKIKZIuQ+4DDJEN28QtHUdXgRD6xlR+jDGfPbJdz+gExchJxbR4ZkyqbbEmSLhCBJC5OStZW2hh3JJ7bGnatIHYGBfxzKAR4U99IFQADSG0PWPHvGfNFqZY6D1kYrlP/OSVH1tZmNasztZjrTMEgCIEUODrgwp2H9b9CggOlpQxxz2h/qeOeLoby9ZEIQwD1ApNH4xxP1wf89XTgefdFS6XXDw+adPXz7mklK6Sa0Yp6cSNPHkqHEwW43/yTF+9ImTzo7Vo8wbSyHyt4XPAWKjHffdyndqlEJZxkRr/qKGJpx3UMKlGgLQUQtcwwN24bqGLbYvzawjQJYywiQKqlAoZdXLxYuRRhXFXWPbcvm43qvEgYNkeCFBXDGzneqlO6ncEcAUDPocBHgX+YkMg8m839401Ue+5cl+lPFGlojVCn3SWQtSzS9OUHinV3JLcMQYiDZYHzIxJtRmJINW+0P4Bby1bm/xKUZFe8HZhwtQMunegdKOD7eGfDEz60uIy5ssii9EtPanWxDYIPPlY8uLCnytf4tsp69Q1YPW6/z2TUlR0ULCRP6v9JKwr7pkl0Hdy1WzJT9qcNc+jhW5aijbjKHRG5RVL1VnL0Y87dwzyC7xL7LRcW8WFqlHyPuMHYAT6RoeVM/JPfWXJYdLXS4PpqsBOweMIA0gPqZieFnbPpAkiCu0vagirb+v0CYmkpox65R+D+076puJC1Rie9cvxHCb9kbQv56yvqDgreFCJm7x6vLhjP2L2H4ECUZeSCas3z/ZYmeaW5o55gzRFLdfcq6S1b2FghQg4VJnKmOTMncnrXLlH/OTVD4f0CEvnkdOxUW2yMG+WnMtfkZ2b1mIxXM1FLdcqRtMJawFgGN81CKFtm3ckzzBZjIJrnkjFdM+E2NULrZhNFLAbeMlXhFbrts1babIwnLD+tswdaSDQUB3JWjxuC8b4ISHXi3w7zHhj/TCXZCoXvnj4EWvFNWdyNldFgdJJb6yQeTTHvblMjEryiRwU/xJgWOKkwhZz5GTGsG8PbBQ8ZYwe9pzfqCFPHOJRVLGHpQKlY5aukPH6TNoyd8wUyx69Xg/mMuabYfdODrRCXek2h9uemK2ZJOspNx09vZNTIoH3Hgc+PIkQbJMGK/rwZAba8MM3KqcnPPliQP5PB4yVVywOVdFvByq5ZtzIoQm2OX6cg9/4MvjAu5u3J8/NO5Ul2P8gFdNBU0a/vMWZrlUDZ8rLf5q2cvOEtrtN5YQ79g3SFJVC2101fN6ruKqSlKFoB8orKc9facjb+KnQvfd7gyPQfeHxL0qC6WVOtlF/RxRsNeTp0ltKjp8PabC8i1RMT1HSmsSGfBJHGPae/ESjP7BWcE2UaEXigDGRs2dU19TOEhC2c2LsQ9J3tM8+8ompLK/VB4zm8KcwkEZUCu0wlTxhHmZhqoD4nzKThVlrtjBbS8qYY0L8E+qoOX2Vg2b8HWN2hpPEJxtHysuPvX3mXN62liwCqlZo+yrvS34O36h4mlh56VbKzOX5/9l3LGOVkFri0RFP+7JsTYyK1ryAAY8X8LxcMFmY9/Ya0/8pxAF6J/CnMpBGVv+zaJjltGmP0CA5BJBnYNIfNhh1gpyLC180DbdWFOkFZsZZEUJv/Xx592v2AZXN4a1Z+wdUsjVLGzL6nE6VEaAtYTHKxx5/HAlyVC5Mynnaitn/AObdpLBv/8sQ3w7Tn1kf2SY94u7ypzQQG2PkmntG0pp/AeCHBYZlXEeAvkUBkr16/eI95kuFRkc+FLVCGz6aTnwbMBbqkPzFVJ7/ibnUqDeVGw+byhi+Oo28RMs1vViMVSqF9lGM8QOCylsDVJotzJK9jO59R1GyMeNSAq5erIxS3ZcSjasqpgr1hgNAibk8f/leJm2Du7VG2jJ/WgNpRBUxq6u0R1i8RBz+sotJQGcREmUZ8jYaAeGfTJajh0nzaaVcK5GKw2c1KLQ4m3Y1cgMAss3nj/1gOptrFAHK32NMu8WnIguOoCTiMBnGIFdHasdjKxvrosbUobEPSTdqn334c1MZd2tVrdBKMMZDQ4PosN7B9ASoj0VzIYELbTEwuk/MFmabUD/Tncif3kAakYrlneOmrnkb36ia5eb3to2+RkDotLmMKSoqM/6EEBwHhMpLSo0XrYADlHJNilRMPyE0UK8JtjfVKYTgNAZRMWDrIIC6oER3ckt+yDHq3kIBhTt79IhG586YbW+dfgAwYNzw2aE1tbV9ANdFB7ul7ggA5uKKk7MyvprDKcX8Z+QvYyCNvK7dN4LFtVsdiJq5ww1A6DAAzgMAC2CIcVDvpKWoRgh9BhiKMYAEAdCA8ACMPVcLHyEw7jVumpJtTGsRmaS2yF/OQKA+Qjh0BD3jXczWrU+8OOc3U3n+a1UdL2zw5EbDncBf0kAamTMz/f67/ULnAYYJAhe8fzUuI/+AdZu3JC43lTEVrd2Z1uAvbSCNqBRJodHhCa9bAcffydEFHqSguPzoMnP5sczs3PV/qm1bV/EaSBMWanMeZwHrMMYdWrsvrQUCtH3vyY8eyz6w7rYUqGnreA3EjuiIpzsMGDByyt1+oX/3YC74eQC4VL+Yh6uA4QoCqAREnUMBIeXZexaXA0KnEYCZArjAAkgxxvcgQNJxw7Xdq2txN8BYjAB1woA7NnjMG5VUnEmvCuF35N8uw3Bg3aclZcwBT2Q9/lnwGogDVHLNyGjF01OsbPUDpOIxLmB74ArqhA8QOoeQ6DdD7oelGNDvCOGruC4rsU6m54/wD4xsb7EOGOEOCEPnULG8h6SXojtm2W64Puuxr8AcDD6uIUB6U3n+d4a8jTqThWmzIfutiddABKKSayLGRGo0tfUqI/1ao/iQB7CtJ34sLj/6id6Y9qmpzOg1Cid4DcQNlj53aHDV9RsbMWBBsjZtgCpAaEVnoP75StroNiet05bxGoibyGTDkKTLYDkAGq5SaIdhlh3THPFsD3MdAA5QIupI9pG0Q/6I2v29ceMdlcnXVvAaiAdRy5PEGLMD1dHqgezvfYYBxkMaQjq6teCUrBQBHO90d4Bxx+7UkwD4uLk8nykqNf6lt2c9hddAbgPqES92xDcq+mPAUgSou1Qa2S20W1gPzLJ3YYw6YqjbVu5k93tcR3USQ/gaQtTvxRbjxcKzxt8AwXnAcBZRUOzn367k+x/Xeg3BixcvrcOduBPjxctt4//ZpwMBAAAAAEH+1htMUA4JAkMQGILAEASGIDAEgSEIDEFgCAJDEBiCwBAERgEAAP//cLrDwNMa8McAAAAASUVORK5CYIJQSwcIYSXxMIxOAAC0TgAAUEsDBBQACAgIALyhaVYAAAAAAAAAAAAAAAA2AAAAcmVzb3VyY2VzL2FjMzNkOWI1ZjI1M2QzNzcxZTdmZTRkZmEyNDg3ZWY5MGU5ODA5MGIucG5n3Lt3VFPb9y96bKBysANCQI56hEMAQaUXsXNEiophI2VTFJXEiIiBhKpGlCKgYlBAwKMCmg1sUEJzhyZFUEHEEAw9NAUCJPR+Vzzf93t3jPfuHeON+9794/0hJmFn7TXnmvNT1tqEn7Q2l16rsPa3336TPv73kdO//bYyW/xvtQT4ZHD72/rffhOuPn7k4Bkqb6iNdv9pf1AzbSH/++VcpG3IKIe5yTDgT4vUJjt3EqL3XfPtUFRqc46Vo6+i46bKNvsITYdNAns9TWOV3pNp6yKeHXmw8vOKPw5u+vNvxZXeG6eCzklsdb3aMRWkjJX6dfQneT67mBYzFTQnSB7+WW87odbiEb5SMio5WSukfmThy92EoP0LpTYVw4tf0rdtlUtc/Cdk7IDXfIhy2FEw09+uP1pxvGVNVH/jepMNSyN+KoL0nfXpygU719gdkgG/PuB3O9PGTHu75yFy0DC1c6fy7Lj+SMx7zqoST/G3nZXeDl9BazS6xHm40XVIfVa/Rpp9at3ZlNk+7m118SUD1uejyqOR7CdB4R3i97/tvZ2Rok1ZJR58bla/y6FrYUpPH5ZudRyvFOfu2TLh/gkVZ9zTzkgp8TUHVbaY0jiDkeI7HCiD1gZYwcvAS+0q1ZzyoCMuR8RDJhiH6+5eapQIWib+1aXjFbWz18ttzEY3K8+embc/7GIivshhXyhlu+dp+eVNy1wMfn1w+TiPSsnXkhW/EdAY2vc844uXg9euOuimdmGpOVMyI1vYJvcrtoaJG5WCXwnr3BLXBolf5U7816vGLU3ZVMpdrd/F78h90aIbumVyK8XfyxO9ltxGCdogfu3r2znZKBm0R3zRJfOS6c7q/eP/uFA7rV1+fY/3rc1t+eAyl9W/3px+Izlou95yqlL87pnViqZ7G7L9//PdxhucwTW3f9357Qpl0a+FfJY5s0P8/x+u4hzcuLHqv37+tvxXhKvt/8+f/17031/6n4v+R5f+34z331/6fx3vxo3eyN/+n37l/8vZxmkt/385wP+12Rav/t+7HP8rs/3fvVb/01v//yU1B4znRlGzLUHjPjGtIqGW6cYgUftFH7WlwdslWajWgf7pDxeLlRYqnGPaReFaZvJtwok1hY+WKOUuXK7cb8ukbjhuxB95aVwy4c9PFko9n1PJDFucnZhoOOcz97z/sSBCdjIF85h7jdN8O1xa2TNiSH7/Tw93420XaHoi1OXi9MTifErJdfVb4S6/RR19teHBcDDVn3/z+Inn3o1NRzb3TR1rhEbC4i4bblAyoG337hqIesVIH58StAXsmKHcdrGZpoS6nNsQzPbbrz1jt3IsYC0I64ubN35l8rtt8RR1C8atM2GHM++d+vzN7NMtsuqL8BN+R2M+/4wsVrybVV+9NL/9WqjangdSP6oMZNKeH+os9JtvdTzF3PLSQemFA6XcDFKjMtyh6f71D9QDTTG931Zq/Oaw9fWhR2pW1qEHZNIYVaef1m7K2qSqXri/ImFBjl/K2rfOyfFh6YRPx9Yn/E35N6xjzrhter3l1SFMHvFmfvhASPix9iaiU9k7u0Oc+rqTMstPeD5k6hzlSD/AW1UUTZSkh0GMy+qb+U23Da4s/JRSf14fsvT5R6zL5rwbk2sJqcfxD5i63uory772xGWvAtFq/+U0J7WZsP1MqNKZQ4SJGkTwXhW19oiEWoiGe74NBMk974+rcBuckWmoX/h+oqG6ZPo2V/3LGbfHtp7P8Zar1xAE3od0NFKaZ8O1mgvFA14/mLHWmGlhS2i7NoHqQpKonEJ23jpvzRz/jsKyVyyTcAflhVYDlPSsy14mLbiCWfe0CX9UM9YBVNoBc3XnFb+/Y1rayWzJioiG1MoJR6vRo0E5tKDqF+YXvcL3y7mYzcdPz/7DNT35U8G1IFo2KzU+Q+GdqsaH9SUlXVPfv1JBST0TTNm1jX1b3kh4UZDNfkDV3etOWAelUgmf3wofNY2YGpqtcZj0PDglgXy9zmhss3VIDXJYvCyu7hdGbrvsWX+59jbTCFTM6JSx0yrHTZCkIm50iK/UMGK6p+O27Go768fKB6UOlC6/9H0dcnXXyWwFwU9k8MU1srYNhv9ucqky2adhn/eX2aH3XseWKtypP+xT1W9OQoZRlpdC1e+6ySVUjopj3c5d/v4rxTjjmJprb4FeQWa4MUqUzHjQRaSWFvX+uPE9MeZox9M3ekXd9fD1tg28wFr87TtrxgJWqad72hj/bhuY9haU041vDbWPCO9geQ3fWSIp4QbF5DBmlKwJT2xj7y1vjMwzL5l3gSODWzevc/sWqroqLi1Dsfq6LCidL7LQihPvMipeNoRDLVIg3IgzC/Hp6NonGP4PmDGuKD9aO7DQMBLodWE8pmS6wCz9Szlyc8rG4aHlewNrY0HdJvHdn51gyGa/U2je3wi14O5BMyqoaASrDSBrW2FFgmu5apN9fS8alG3s8RcOxj4nFBRROntWpVb8DEPuuO09+Wk5mP7uJ7mbMnnjs501gQFonsxCbtk3rgTqkYzxnu6BGcub0t7ns78bb3gbPP82ZtpHWtra4fvF3rCz4vy1DOVeM81+7+siw8o2rf86uUVIPFEmJJ4vKDKl6ZrAq3AfMYzoNe5VYnj0061HxpmHcvd69hZcWA1KNNcqt2jMEY20SwJlts6epoJKoNJXyL09nAfjsdD7bk7V4cebcBJRLl9SKjRs9t1uKW9coenuVyR4JFsasF6cdr12EqXjpUzytuZwIb66UUIqCbNgj+FB8uO8REzeOOc+lUK9hOHzFztTf2ipotHBs0g91eUZgq6+c6k34lnjZ1VLnPWTDlwQ/6ONv4t4SN/CHZdQwt39ZO2L2IAWVYT/XIf86apLcwtgUimvfDGFq3uEVWnvG7QK3f+Ws3L8Tuo14JyLU78DFlPbotEua7UvtdQo3tSVTCrvIQxQOUwSfVUl4up81bXU7+LliOBJG1Xakusna0fD6Njh268zRvur5iRBMnRovFqZspz5ijJ+st4TPZhMtsCYm7Kjz6y1V/ODleqUUYumbQUbrDqof82mSsK6jFBP9eo9DIalR6iZTTsE+q30ivoAqMDOcDqNzwm/5QdzErFaKvmq7U0hUeCKWQyVbMiUH5fTyoxYzO9YeDAlb+loaC2XsuHW+zNxg6Fg/p0JzxD6ZwdesPv5Ujwenui1b25/lASB0crwQqJ9KZ4W2N70Q677tcaIce5gLkN1jZE1yXrax7d/RSx7ChTDDdIt58XcMtvMpxhzoaIs01MFjZbLzWXXtiPHVNArkhlVfM5AUL9XfNGi66Y3i4sXS0YWVnNXKlVPHBo5CibwhxOl/htn8qmQueX1rI+ATawrnxwQ4j/2cBhbugZ8MeaW7CZliwDyqG+pg60qvAqRYG+7m2EW4p16v/LVau6TKivHnU6G1om3MzY8dNZaCTpjEPBh93MvK2ctp6jeGiRuBCtq51MpurYYMy87yLaWyqCJiCG9VNaFpZnaZaSRG4yA+l3F28+7lTC6DU6dt5EFKzPp2EBeNui/SKXsWAJLmi69zesgRqS6zaWWZ0nH2cDSMVC4af9zmYDbGrfVq71vawBMuq0+hNXKZH+1BuvY6Ul3vGZC1v5Yh+yQy0NPbEYnL8ZA+UlRwdoXT4zXl4hyp/aBL258859vFo3wXJuSIEepBIz3sNuTXiiXx22lUQwryyd1AlCRNZyE24TanQmDPvp1TNK/Oz63WX12NRS98/yasyCHq6HrFgU82O9sQFENsngrRe+JEaxUv5fGuUeiP37rgsvIyWbLx0K9QuLZmqx93h94ikH89b9m/l8TMPrJc42uQTJsFDQGQDHJ5nldOY1ZBFCuOoNPuxqho6Cefz6bg+03Lix05OyU6qoFQW+X2pB9Y91Jf+azgn2T7wmnTrTky5jSGHgn1sfyyaZqpMsG50TQggWvldG4YZPNmvLj6d4fZgMOyZYzulefPSROtODH+5LFk9dBQ/Ot880zFGOhs+moQhTEmoRlisfw/ayy576wjCGNhTlgPIoxrPmdZuSgOGSgtFAzdsguf61ZtrUL+73NSHT3n/2Lx0/8ioa30wlw0K2eu56n0o1X2Nkm61HfGArxI3XIZ/luQr39E8zCm3yVijns3YpayFYWa1/xHZ8KdvwwIKE88yk/VvmMUrX3nZQVqlpH/MxM2gJ2gWm+6M4yv7AGci4uYDekCjxV0dMCzOjBXlePQJ4rh0rJFZLouOovPYSZcYIarMnzxjvkLpwZ/1rLbtCa769p16+mFhRdnbiT8lUJpBz0bfazJOvvAYTWb5y85Sl69iTPgGQqx9hOLg8Cq67nhznY91UanF/4aJb8I+j6PUHhWrP7RtHd5w3Zc9YFdqtX2x/wkcuVglTQO0cQ21XWzkmflNG8PAOY5e4WkFCDsOS7OUyTWOhd/YViPXswoR/rrVWK93vHk0Jlc42ju+3H1622v2EK5f7hnvQpP5f9IVTgaCvAFOjCgQOpVwke/ZziIbB08GgPgYYluLwRnB+fmVYQhYyR1tNSBNmDt7rTUKFtfrdBKKz+O/c+u3r5ctkv91OWqk7UrE/iR13VPT8wcMbHDyZr+nvO5WicaGkJERFzZfO0rOTRYxIZsYdXNOV1Hhm3GwrtffciZEFOK6BE8JsLzqw+GfRSgsKb4fm0oHBQ1wW7/34ASUb681xDEbpnlvSkjBIarTudW7ZTl8/p6qtCOHMk0IsdNNZegNhtM6ronQpk0U1IbPlCnWhqWjbmHmJIiyKFZkmB5P3K243BW+cdm9pTBmpdV3AlbPQuugW4IKj0Ns/2Hk7RPSADYFyrI6gyLSOYE4/hV2XQ8hVj+iaVYvbPLeiz5d7t/mFg/ThFW0AbmS5sj1y2TOrV4vWD3FWv5d9Y642E049qXB5B3mYHnThog7P0o2RHZUkPK9HI2hOcMtkq5OEaIGGX+kMSOoNoW0JJJsni0Yyd1HWiVq22L73/GgEKfAP5lQmNMM4qe3qiZe60FtmrDwBhnzPOxP4Axnu8G8xsLyz4G4dap0VAPrc0qzeFTLc+/FEdPOc20qi5Jfjkdecv3k99jd1qAp6sndgvvdr+S+8JnrPcnwGl+CueAaekWrysYCWbjWjtcrs4Et3UUzZPefekJ/2oC87pgYjXKUDoO7s5/E+x0PduztDBes3v8gvzKY6iK8ffdRuk5WjQJFdq/ODtEsR8Fmy+/EoZtdb16ieoq6BMFxyW4OY2x4jTuOzy+ALA18QKROlzDPRWXznywq7oY1P7zyl8/AYANnrXyB+uMzsOQIWDD86mZb1SyraWDaSMHmFTKZpTXyc1a5YsDWkUnXoQ9iNjlKlFLlFCd6dGQoUqaB23QI+6e6J80oErYa4OA3XS+b3S+OHrUyPdaVmK1XuiKFPvG9kx9Bur7vU6Q/VaLbu+naScmpuUiGNN6XeF01+DTvvSjrQKmVWNEl6SGf5cCS1ZXzESWLCzTQHUhEpXI92UboL2vh+Gm4IEPysbYhYCGu3/HdxDQWqlRmmWelHALDMcLK9pEKGnUcJ2CBtQ4tQgkVY8GiXrfqjgcxuNYAozJDNOY2vbw0zZl8zHfdJyLJ0No88pqCdXFXXbqPiHSC6TGr19cGUGn0/okmqRioA4Kqj/wDDGBIPugTn2vOK0MhJdfdAS1vQ6LyKak7oJqTUIAOTLRps+N183mB1ojLQ8F190TbE6vMrKpZu9DfCerdj9xSprVMqf1rys5S8Sg+f1WIh7bBdMJrpjTAOaroZragx00ccJpyFlf5jP+XmIz8E0YiH2+xV2vVQZyw6qgT+xa/JHysIidWRO97aqn/gW6bi0HCe1lcukfminZV0ycXXWmh/ovCTAiE3lk9JqqHRW/WbUYQ+Nte8oxvQhXz3YRqU8H+jhPNXhSpAqkbIbMpYtQL9kjmBdCyFPYgL7WmrO3Oo2sNZPmlPVFJqKtWzbL8b2xK1bo/MSboVnwulkRTSa9RespHZBhLfCLJSyv1Yhpmd9YY9EzKE5BIi9WgMaq3Cyh3NPQYjHRqyiTAufmc2mOKlZBgIvW6Pz6wbJVz14OrIALBOLQK3Jsmz1nXSLstlmU28ml8vmpUvbU5L17A1dZULI2qDcElq5EvsqEIsTLVIles2dPQQb4MjkCXzODXrD2Ec/85Lxz2rOJa/avBWrGeVSQpkBaP4p0D+up4zPacG62VMDR3xU0L02Lqya8sk8tp69Zz+nTkfIdCitlUVFlnBqNDS4/hj6uLD/dWhDR/EY+m649tlRQXS3QdaWWzdW5fYyDkbyaq57aINVI1tFQI64J1itP1AQPZwq0AjEKoReaQVn4i+J8GTM4Yw6TEaU0GMm3tmHsATnk1iCnR6NsC0bdpRTDNsWQiJxndSw7sHNTvLXFatf74nqtdgOwE+dft29lMivQw6h0hdaaZxHJPpdxwBy9oMk6KMUMEJ/gZuN3tANFDG15no4nxSFAxNrhcTaZxB3W1iw8CbkLB5t47/FcNXjfjSV11nTN8Jm4tDo9CSsqGmcyiC6BTCorP0emAM0xXOlC4l+dVSGkNc5j4+FvAjxWO0m9IKeDo3yyh9zMO7kVCz+kOq+EFOoHtpV2znOMZ4/M2AQ3f1rsum/7z22vKlGLx4zaniaBBWqogMm5KuHT8VChZMwa5Ln+plKAIK/llVmuGoYS0jeBWfiFFD47L7OnMIgIaN8hFb7DFTBY2Ub8XQvPbdpn8tQp/ckYvhZnmsd0Fox+uow4XsA5eU0iT6YGETOPo3xEvVgwmp7Q1BoIXzXMVRaBWDF10mHWGBhdQ3t2VqzXU81G+oDBd+jS/ZSuwakzW4CZtGhpp6sWL5M6q9m0265sL3n10JWLQG6FkLmaKiAooLq6Xm7zQ0cU0XxzrjWpB2wYGvxFL66DskEv7tTjWjK8wk2szXIa3lVFJa/B5V9LGMGNVzcltD0oGO9uLnTrau9ny6vZ3f3z9JWgG4JC4JCTCls7cMfgUoj/eB1TsRVIVfJV30iVdCIIj17LThTUU9MieWT94TMgR5CU6hgAtzKyqU3GsKRnHBOKVowO5foxV+f4rxpQeAiuMe2d+sgFIj4IPdbQoYqQSzZIxENTzGjs1dLiV97CO2q69JSsKKHV0TMYxjvfjfP9YUx+qYCcZBqMZfIeABJIC44y8IxJhGzyBnDe2EKTzF/zXOYP00bZhdcKy0AgnVJmM8L0IoLgkDFfzZjB9gUnF69XPY+p7pk/Ijo8Evtw97G6JVv0tCCfFrWMaBAckykWnAx0KCjEjowJC6bBPYY0wT+/Poa+eqPzZLqlcjOwm7CZA3S0gil3tD17E2+1JrxucFsvnw9TzRXJrct2a0D0I11ZDTbHgg4+daJDxoH74BMZRijdyQy+ixh8u7zbgE8hP6YOcy2eDtGdH5gA8i/tYfDT5rwg3W1YGmJjO2xkLm6E05RHk3jODYnT/I6E7piIVDWvV+oup6VN+TcU2brY1sG5soWYuNmPb96K6ZXqs6foBuXzESknABaVIOU7tnF/MGGVB2ukkepF0ELowXZC+5ApEz3cCJyjVHf1DDIOGEj+tXUG1Sg/4tO6gTxM4kuo4LWlhNG50Vt4S5zTd/ypoO13YLRlB1Amx4TNkeuAshz1vizU3MwkybEczhlz+Xy0sMgtjyfkwYGXccp0TNIiIXiuwkDoYLDKQbNGVQGmP0HKiV7sQ4pqxHj3F0bmMHnSNGF+CcFl/3GOelylR/bSnSJH3nvt8lWeyuaVyxfqZGdkZQDCJn5LAmiAHkaAzk2ViGKNoqfgL1oPIABx09Ra2OVEY3RSW4E1E+yhJM+7qFRVBoBnb4woDGMYPJWQ9qEA7sGEZHoht2cCo93z9fkjLAbGkW9w24jER4C63QX9lq065+6x/KzSz5PrQ0aoZG/F3tvpTgeKL2VFQPFsfYpgHID3U9KANzSSaKbD5qRs/MBRcoAm8zchIJ6c3DeCWdq/AVretJJdK/JCwDOXlexyh4B3d/DeQlYYo09UF/1lcU484ySludhvcfp1u+OvtrluO5P6Gy1lWOs5T+tCwvyOT8blEL27qGx73TO5tg/MGu+W3LhanWK5d+L+93Wn5qeu1MSMv2f3Uu1o+v1rzrQNPwAmxfxzObYqi+kheurbv0uvSpD0QYHJLkDewwfgDHN/jVybpDk+m/B/M4Eo2UkghSf86EGaaR0c2413INwdwVspjy6Lu+6iLkFTVaPtF/qzOpb/MIHk0RWEFYf2C4hffv1z+N/zYbfOncGuf1E1p3bJkx5IckPSdbW3LyDSwtJU9wI9Mkz75SFYR1hhJMxmqc/6EmXBmVOjqWyXt9Ml75i8AigpnEl0hhqCTNGMPx6e1o3J9FDSLwQ6wszbFwYaVlEK5j9xF08iTuSGQ9DJib6E0ULnaTu/pnXXzx561u2992uSd3gF4xfZ9rmK42fH1sc6vyTu0D3/hhtmN5gBqVMi6hm9UC6O4telqn2HQmoK9as/TLNn1SBcZZzuWV14dBj5C4SfQ/iZEnbJWMKObnscoAvVEa/J703FmrEVyBcWxtY4HUcw89wJCODDnX96qwvaj2PVJjFesFX9j4472KzkC2TpXYHhX46PAeuyO1aU8quDdmulnNVY5GV6hFroPS1mNETMORrP9gZ2ZpFFLAHPhdks0Hpf1RTQXfrbUHtuOEQ4nCNnB2WBAHkPeak9Eke1esJgxBcC20iMIpEzwyzF/uczc9iA5a/3IIEW2Tgv9WvO6YZ62Cd0L0m9A/Xsicyi1ZzNeoja/ZuGftWpuKM0xjwpIOc9qlYwbpjvM6BtSdaGq1hTWVZNE5Om8a69DdmRAC0CEwVV//yCKG2BvEXMk1cAS6TzK1hdqsrlvBkDywjk3Mo8OpTjUZCjW4pFWLYcxzcOk4VBG8tXrwVt9P9JsjuP/N3Gecet8t4fCgeYfZyJVD9YPKo/UGuRIxsSTb7NObQcZvK8BAx7TCHBIDWwBOWA/vUFMJzTabq7gISQwMU6ObsW0sjObTCLM1CZs/L+OxNGbypAbfVDl0+Sc96w+zFAUZDO2RBOceuksjYPDMFc5KKmBuz9S4mYQPPqCzmcSGzIQka+7jcjkUlLFaUGeYvtxvr5nwrioUk8dYwi9hPMA0Z1Y98XrKAdFgs0FFlapKFqomm1u3PVymCc3608rPpVpeCtq+L6qrtmlFP9v/LfWbfsuWy10dLUpEJL95RDZEWSTmURFfd64QzSd7hxFiVEf0U40G7YIGY8bxuxkLGjZYwJxxqGahAjoEQX7L1qH+19RBqqROnWVQZoAh89U1ouq0rbJuaouy77rZqE7oNUn22R9u51eJNttc/AmL7H909M3KPFzG//jUlU4uKoHqV5NGv84m+GyMtbCEZVbHLERFJD6RaYvIB3T6YFRLPxfIJnHTp4ROGNIKn51zW21AnXMZkbtkMqK6+OCux/jcxRtP6w6DD6eidKgQSVSAbY6HKakRn4wns2hUXaRNl01H+wz+vTWfoTC58e1zdkrTLHYR+L4q6y/0B0W2uxm6YXWtG40A9rLKdoI2VsvbTCBPhdOB8eRJ+cGbGRjROBkS2A55YH/krfM33fE7f13ECmOd6AqY3zbtfg6xYVYG0xEKHs9bpbYcZAPnmHDs2o083NuCdNNfa5I/Jv36HKtxRfz7HVg6zB4EnKaBHNJj7PUbPFJPoZ9PQvLw/YLLapX5Omk4sdNfHhDzqyqBSnpVRWfpLPYSsJKhlsAJpjYWqmVVIvCGfsECiHx3CeI1vapCu4rlj9Zlhu2DKiGHIoP+zS0dDazICqt5daF6lOm/S6a+92l67j88IO7r0F1CxBUkQlIhlL1ikgREEmINjP2ifDK6EugDjBelN9XCeq9jAMptQvbR70OCbaqRlGTJbJyaxFNLNDTnBs4jNXFfuR+tmTxlZWkeX/x+GvheCRsskFzeE/wprIwirEYrafbkegDHbvcCiZIpZGAuZrrIBfAw6M6uuh5BGZfmBZMvoqqBxvc001l+cHk7NdSETdcCMHMzgXctI54HMFPFcM6kTFswahN3wknG4myP1QhG9pSY0q2bgRmZqMk9Y//x5M/jv1Ib6B37VNvt+R1U1T4h59NIcWNg19uc8+gkTP5HLxqgCW+/JhX7OKJXh7xawjCvxWJcswjsCMd8bTgfDNmwUMruSoEGF7zSWXwXroLDWszeXULDjEi/iguDjtcqrQ0/3QR0nilWDp7nKolmJZVJVdtimHCfcJ4WsY93h9PhkParGEqss+ZFUy9h+svZUD4FHJXTzOt8ALo0bUgytQdyM0doVdsBYxlUiHIZ4q8KbfBK75qB73I0XYWfjITDzblcuXhcNpdYHdSQUtQ8qrNTYGiC0qBj4mipQbXHtJ0T8RDQNp2CZnDGibS2VQBExq8ondaVhnNODKV5n1kAsFNmyA1ayopCzA/s5uRZCYlAtlZXWXoe0cCVUWTV16kLiUEqlkLVb6ru8lV8zg9MAhgfys+o6iKVq8hsn7D7hOmYU791PaKpBbvEJXpF8zqyRMYqvQhZYKmid/gKvM5PKeiEvJDZzyiRQaWsboNXOP8WYuVPEr2Gq6yIgax/rn8dvKb8bPJUScOndYGg/2jp6N/c9KD0gou4ljHb9QzCvUOiOhdJFmmQtUa1rUbp033caYxfsfMUAzrRRQnc3FevZXxzh1P5uo5jhS9bm1iEqFQgwzvtqkw3s1WCrzwa0CWIddeJWjXp6fBd+3YopGwd+wh9k5TfllKYF1d32s+0Hhcye4uPqWPTB0ls5cuiRjCuOze2ddYgJJBmjf1HEzA+3wWWItzoCeJ2LtUKilTqfkzVgjPIuiJh+06wyC+HA1WESHbV7p9dc2sOpKKPqHsSuXbuDlGzJ+nHAhUotus8R3yM5XZa6AAzlZ8rSy9QXk1anKjZlJ7yZYqrZ4C53htMJ3ZxeI0hiUItcXzRGpNiqonVnCvWoRcM9nFuyLjhF0GEcIJ3cqIA//fs5PWVXOT/ExVfjP1lt4//2SVLOpjcmhdn7/pO9n6Coo/5RXZf8aamizA6IMi1uo0RiztjAtYgk6PGAxmUU+CpCLLQza11aBJSeAExqiFtALYmu1k14wZUQYNciDNxO77LMuK08HVTs9ik0Y7omVNJ69VnBNtCxYkqvVt/4sVGi8TbyYBliCAT6Q28RM/21cMA9iUS3ioZkHudxo8UYDRjiqcsuMfAC9gGu/RNQv3dthzCLjajECrtTUi1WsKHne4YSdJ3DObT5LFkJtRgOvMrkaqy2P/lN8oY8eerz6Yo32Wy7UqIvRuxjlR0Dbsq+ubjotTE6oEXWioGk9lnBSR9MaRMX2EkQi0/g1SAOoB42oPB47sH0USWIKyg49OEabzfMCBS192MwWOkq8XYEec7KtkJBCvibHhde+0vVdVfUAKQSWDXImQA0QREdAKaAaIcRXUXMH8DTus3de/Sv844A5aRZzghXn7af/1a+4apZ9k+2Zjdhw/78wPkTNlQ2WOYZ5VOBXQNReYt9au6Un+WTp5pphEGeq7ofHAoU398TuWV6SRjvAVnE5JdPkgGuYMVuAegbS3hC56JYHiRowIaahbunD+qQOdE/zvmZDuyTfhSUJ23TKPuGpw4zbo/M/DozJmzI/mNOf9qa9jAyjLNsGZIagOJtnMXFyvrElUjchK7Tn+F1FksAlzuMGSUGuc1F86Ra5M7waAQvz4DNqHScGfkqMaoGgU7srUJ0QPeDxox4Sx1b/HGxZH9Zv/wroWH+xXrh39XEFCphW87++cH1tCQQ4M/bJImkya3uG0lDt5FFoLFaE/p4rqeM0eg8L4zpT77qMkmif4xsp7GCmuuQReBI78I4LIiSbciV+JiOnga51TSCBbLoU6PN0Knru9t9emtu3fc2awofaz/A+1McYSGc8ofrQfyJPMUfH7yYO5p+mCPbl6ZqAoGG9nhSLN7duGjfHJxRECpg0/xgGXmUae2iO5pb9ogrMWYJp4ZDvctIVxjp0nGSGRcsYXbyBRHeA/N/TcR4Puqw9EoNrkTSLHcV8Bjkepmeebn8yXMsG6Bum75N/LoxGajMnz+8ssCNV2WIHwGIaA3gvAwVxK+wewFUGlClOm4iIgXgH8aV2Afk5N8b0T7pGAhcea0K8QfVjkqvC+C7nouFApxw19+8RC4J4xYabIJoWL32ydLnU9n6dfILVMK1elspTA8UZe1wSu51y8BYmZxjoAYaUgUt17TIJXEBngHJNUi7pQ3OkkYZPZkTC52Vy1sfDgUAw3dLNk9/A9qnp4D6v3HBacRAKCcMQnUU0Lh3ej++JRes5a4qme1xSnEpZZXvkf9Pa+0CDP8tqeOpSVrx9wj7FyZBnJ5QQdQwNqDu309gAzP469AzE6dHY+U9qEFyhUS/xRrk6Fk+J88oFopywg3JJ9UgTK4E9Dtws+NAcvY+qka0d/GL/tDxVlAP9u/38Zq4vsAqb4iGDk4/HRNqmXZR1iyXbQ3e9DEU0a9q1XfeSNoim5dCHAa1v8oJgAdlFt9fPplsp3W5HnAWFXMw1IBT2wMIO2HNOkXU+kICltB4MBbKT0f5V1lvLLA32W2vvSdTCjp/3vpyqGS2tCcrqYp4F4jd8+UxwVeecv9cbR8Gxfi2bpY8mjGZUMALxi8VIw3NNM5jkmiAeAeIGodNaBOnUO8JpZ9Tq2IJa14p7+G0Ann0nZBsYKADuFEZ1WtKwYgmsEBpD23iUCrVQ1Qrr0fRvcJTsIW0LU60K8cXpSFpOTw1mGEWP/q+ZPE+98/pHQDLz82F2Vs9LcKvh9LBogxpDfzyO73fAyi7utuRWiHzax0SJW0FOysySHTGFOxRoNfsclFEdGyvQSS6CZkk+qBPBYIPQAEvfx2l9vKe2e5yEkSmm1k6l/2QCln3XqfJfv1ZwVbUJH4DYP59J1qOZjRZORN+t9+pkp3FlbYP1brsxesh1FEZfE86DpeAFT2Z5bmmIvTPgEJenga4I+S5MqkEvSBWYTCWcFYTbltrv1MV/QrjAlkmcKa8EY2iDmda7qHtgg0BZu9My3omSMsp1+mxj7IXKIIy8j8fx90BDEEiGpXCpZj9DgLmBTDAqItUiulU+STo0SxZwFmpUdDdvdaw0qX6UEFkogJ6xxr+XLcFjX4ZIS5iqEjvkqjWU8cp6V2g6Xd299ja3PR3EilnDOIO2alWIA9t2ueecrcvl7Xn7XY/ZeZE9qpqlLDp66AxZj3p8umogzyKt3LJRFi5QSF0wMhkt7mwVEFlFaJf282peiAkOnDE2yqsMt2fqHQCdu1rBXI0cUrV5sAYbRVv6Xhoox1ZefNGBFiGnzW344p2ut5MFeyQ/T4Jy+wJYkx50gV5Y8z2r5NFgNSKqARd117gYa4cwRza/8aIk6wyN7FF5LzTM9jZ3UPYbozaiW+RlChcX+YSdC2rHv/FbVEUuqsmxUVYe9pvQ/Yz10ZoZNT2VhhhlFV2wRp2rmeP4V0wopBVRgdGd22B3hNjuM2hOTjNAjMynRUy86t6CEBCuU2XT/4TC9niBZiFD/lqao26ats3TnG3LOtwus05wWCpeihwBxbDibnlg+uXSWmQ5XL+8hUxSz4kQWdV0LVFes2Ou+CJLXtplNdlNYiUripq5xEGzaToPTETs7KIqpsPPtcXDWEOLkC0fQkVzAFKDq1EXqvnO35bd+582Zy4nS0rBsapHq+Ngbhw86tYusDdmCMyoY3aFRDLvk7uAA6vFxjA1pckOi5hK2oHJRbjgSJHVNA8PTWYjGX2AUlZK89Qp/sEHruZQ00d7ZM8ZeyXkbMJtZjL3r+YqopNbsgubQeiooewqLruQhCvM+/RiZbEjagREBamfM7riBMtH7s5t95Qdc0qewg+WdLbdgPCiaBOuN/5Jbk8vlzcsvUdtDYmv59RnrMFtSi/KD2XDaTKPfs3vTdSth7JCIyFNGMgrkIM5LnCrtEX9oiEBlsWea7fOWXlqqgDDk0jAPDkRgDTX4XUrLKCw6E2HKonMBxWo3+R2Uhyyn3lF+J4NCNnK2pRrEthc5WWyzYH7HKngPUX3CBcxvDDgHaBodcjiYiHpVTQgSrE9Cef89VJOHCmsgbJT9hD4zRO93DCqKw61sH0QuHAg9dIkN7NK+9OG7w2TT5tENfNCLIH6CwhlifB7hty1hYb2ZvBE3IzuWXLkw0KCi1KB26T6CRg7gjk3DGi2woh/mMdoi9VpGcfJBo4UEnV/Q4GvnmVMkZPnHQ+KDdXG+vzYsqr/d7+DWhC8frBFym4ft27N1ZNwuH2zlO5Zbardl9GN6BfhzGew3mMqU+j5Pok6xUU3STR87s531u5EnK6m1CmxuWURlcsQWweimq5Ei6vN6KwhRLqGwk5b0PrnIsvdMhsWOh5XB1TC2dcCYd2dc0Vi+P44qbyaWQi9nCysp4ExbEC7+4WENIASSbq0Fi034cwYg/PdaOQ6MZgQ2N3h9jMN2NEElCPjgPVSPyqagTyGcYs9tF0T2EDsx6CSedlvQE5k0pm3DdhHPJ/RHs7aCvbQPK8iZmhzga0SM1dRphbNt+FX2pHNDOTMaOvZUJmFavMg+ULCz7JorJnwiFdVHrSw6U52RSuHBADkwlcCST8jIcHJFmJZEVBUgFTR5Vn7qn95vpKfCbWMKierx+kZZdf9R84wgHUK+eUSUFe0z//KaMypl2HzDMWZYHEvoJZmFIYqrDz5y1iIUcGCqEJiJLJNNAYSe4i4sVlxugxS5feSCjKGWepjMJW4ixuRuMeO+OcVGBKd6HnWeP7FwrnpCITZXOKTOFVXW/DkdsgjX1DbPwfTtJgCjmyObPq8/W1woFjHwFem5Cz0WMY76EurOTpKhq4CrQBCaiCIAZo8r57UP4Ku1mqLuAAIEmApJIu1CsI/gNm250TMfvqEAIHWEt5QLfPqZxUWwiU0vzJgbHV943c2+YPYMSH1X2TtKTtrgffFYV8PW12cIsiWkWs4LV3AiNxjZwNQp/xpEdpXDZrbe4RP9v1TEhl+LkFJJPoURWIIYPPiWuygnV3whx//jMqJ0g4oJ6ss/p80KGuzT7dYRRbcIN32+J7KXdurBJQKV88rTEF0kZkMlYicayiLK4aueUHky0MaRRjV9alfk775ViI5gun0niuQG+J0qXrrHGo/zVrWEYWnWxi6/0l3s0ImPG/zp1KmzNZ3rMp+YxCu7nC2eHdMEF2f4D4HBOrAwDDKcvJH2MWrd+UpJgzm8jOZR+PhRwBWwirUvTsK3o4d3YAWIjHFO5B6oMAEMUFH60ICLsd0fhlZP8RDlwaphI+9XA+pApi7dZFQSro069vJkcP99sEzRxPOXrjzvz5+f0Pp9aE8gnkroBc7tblsgVGzTLikypOzUYkhPrB6OxoHYKPhVqO/QTR/FJe4jIX825mEqSrgspCkVBLZAz0llmFuAH3uQlNu0tl7XHB/FnHMOZ4RVlXLMRn2EZAXXc/x7T1dgytqFw9ohqw75iGsJZwaKXGVcpJjLkVNdrjPgEllBJ/ssoGbBRbHXrKJ7fEQpy4PG4M9Ngc6A2XIhJdHfBOQUFoLPR2wBKWjoLM39jAvU7Ni28AzRzGgNNYZhVlz2cgt/9w7QJCj+OKDTwKYyzWuu5L0Wtu3iwpFcBzBdCmHg/y5tAMk0cIWenSyV7OGK/hXg3SHZ8lXWcJWOtc8a9diEDg1QeEtXXq6VvQyTCo9C8b93Aoa9MO15sInU9gUik+Xxr0ou0XXsvlA1kr0iCbwVfFDwVl54Ny+8nrLOvqGnBf8ev82qewm/Mwzlm8nV+bYmAQ1PiBqpv5qgbhsFRRlXjsmiW8jCybU6EOrdkIlv2gEA8qbiqMEDLAbE6CWr5qXPYaqxHvTNoF8ztD7yQb2H/o4WQB0Z6uDpT8ZXfxLrxnN6EyCcLdqUboM0DTw7inf8Dx2PJL7hU8n8uXKjahTruOlIqO/hodwojVYRwXzxFCLChc9R+8zjgFG5zGNRFTtbd8MneZen2duISOAhF7FKgsxJMrYVuFTBjyOa6le2m9YdABcyt36WMZjeJcd0YeSJ/hTdOCEy69oHKubFRva0dmG5gllUIm2kllhPRzercI8b11yCMh8XqWdPLuP+CkSzxWmbyaKgrXb0VV5LagloC9fsu8Zz84lWy9P3HNycrpGbOQGpLUMikHb8qXccJcJeK4cZD/TiCXDXIVZY0V6YGaTDwN4zKMaISrmANjO6yJBpBHLbuERLgOwAjP1SuBRL9LsoYJEZAtaBFWlrS1DpCIy+49jAkefnAJnmfbVeCPTWeMdbmEfBDfKsGzfB42O5XriRXRfEovHclYjI6BvquievpqsMf3AIYunNn+OEREpPUlQQDeHJch17CEx/tg9vcqYW0PYydYQ+WcvAj7o4VeX9ei6is1LsW9KzFrs9lC3oYe2+k+kQ7osbVY7FBIscli/SR+MIG48CQRY5oEUQALO4IS91nr2BxM7WmUIAGcfQySF6nL54z5whQ/zEgFXiaQz2nfG0548gvdZYDYbG1nC/HUkC077F7EAqXQ1KQjHKAWUTncWyR64tpkTAGo9gBmNZJwogUBipLAF+8YJNgoXq5kleUao00XEjH/hh6G7S44qfA6AVvOM3CPiizRj7SXBRLzYOIvNCVcP4n5l6wCK/tmUiIdtc6rYZWdAxnYYqP4SYdGyQYS8P6CJ/2oFayp6S5i1tUhRULiCW+uROQTjKghts1FBjBg3JTx7ysukZZ6ImNUU7YfeVXVNvFBA1VbqfHXNe93jTThwIKslbvuNbI2CVNQyFEo1KNmFiRB5m+tYLJCJYmOkAQYzzFARDz7tpsAmLdXSKzLBC4hHsOnFIuPx1xBU6gDhJPgcwJGOu4Fzyw+Dpr8zahcfNLe4/P4eEbV7frr4rBuVgqcldEr5hl+CThg194ZFWT+c5XwpVEiJn8/nJqEFSllJ2xAJwlwc/FeDqvsbSgA12YXQThdDdBxaguNIN49ulGDKAoHUnXEujoccvY7hM3Sqy/OtS67/shlBuE+DNt15OyP6BurZPNj4qkTZa8qEaBsLHUUcmb3CTC8r2cAL1TgmKhN4yTqw0o1+WIfyXw3xkwCNPcJSPn7wA7xOj/dUkXTtgBre1G8ecs0Lnlxe+pHCTU4p17pgPksW7XPPEj1iIZUG0ANvq+QeYNKOFOBj4FacEAzr7ArrkE0gXFJX22fad8Me4qIznRgx2XztNQNYOmVGQq/HmF6awl/ztiMXnhUifzcDpMtgQ7wiIG0UsMBWRQBI0b1CqEO4FMMb0RPToR/fFh/+dCj0OHV9q7eAcbVyHreGK9zlCpzWx0fdSTjmFze4x2E4vR1sto0AICuUQhdBgDlDYDDCsHkq+TN3YQ0Et1Y/JCIZnejhNeqDADxpoxuTm5DBKRuCRuuUMXy60e+D+6T1FYxMSK9DeM8M1YObCOtWSYl0riiH8S5hM0+E/AJx5vCOB1VAJQEmJEvi1m7DPEvYM5UlC1XRfGSGVK66ehpF1xrYkg/IbMGqfRURfM4AXxXoMLrXgF4J1ZRGcOe9ABzS5jjwNsNU7jjnOFzF1/EBFbxYdfLqyM/pFd04PLPDiQ7Tj89/4/xry6biIXep4YDsPeDU9/tbU4huQWcgyQRAOmbUf/olyVGT3zdAvpIdEmRJZxUvw31TdEEgh/0ZBCwqhcYzkqf9tEIgBS+HQNq57EVnMncL/arqVRWf3Phj3N+UWPxK7ba7p8tNH9OE04Nj86cvF/bL96G1QSiJu6n+sXLljAb2gWDOXyPy+t/iinI5uSlRUHSuy/XAw1yoQJh2uBM7EvLJ/FC4rT4AIJP6EXEBz3RoM0VkjAjux+ssu1C4sIBzD/zEGDnPlbZg0bxCWoExCdQlxZqOkK+Xlznajmr6hJoMjPf4LVJ/fHoTP0W2eWyT4o3oXsBHt6ahCe4CZhR/DkRHuBHsYaxeNuR00KjFDRxynbwOZUSKmhdbzLmAFQb8XgqiW4VDlUD6njB6uakXf71POBoEuSNOajBhgwbashi7ea3Qe2/VeXWB3tdENEsK2r7HW25AUogZlO/wKDnKbuL/oJXjdiF2cukozy3fk7470L8+x6CVzuVA4zpCQIY7yfirorWpcZA704DlX4QS0hyE3O3+HnrtCTMYd88z3WhBnHgSqiGQc66NJn2FOXgts2SN4dpe92mh1Tce//d8rl9YxULrDOQfm1uGxGzCVtJXIFe8xCVYtLCKnNYpi5glQ2daNFqCofk1iYCseXXz3kFlDEOjb7QTgNkTqJz+BwLY/QpkC9OJWOv6hUOQLQLDetOtPmsTZHH7gDxH/GLDrY6K6CbRtruRTtR0++nS8tuy07IGxuwABYv1ZkH0waYD37Ntr63ncZ6KVBBo4EkNzIR8Trv0A+no7WP87jxGHOi4qCw9vVUxcETLTevBO7tenr+9bswRrXqSFDd4OplUpYu4eI/g7gx5WWecTrDiLEfJn/cmrW2g0bJeFaDpO0nj54uqkEWfqqgduvf6RWIbYdMfIoeNa22h/MT6FnRDYIW/PkVa4z4fvQqQwUWKO8VV2v847zqkcy4vBVtA8rVJ9re9+/Z+PH/qI+1kdCunTvscDYwJwJKlLoHmVJQ6bSzzcGvc0j0ucYRDE8UEXvqEPd/nxZMxCViCXZqYrhV8CVn22EJ5/sZtr3h9JD93g/qFW6kDscVJZYfKl3eCCkponvvIn3ViJ/Ero0IUE1PA1CeB4Dg4R5Or6WQGJScLr0usdiBAJyCkEpJq2WJSzG8D6yOMY1VXFCDyNlawlY6NA7nREtK8rua/t/XjuUHz5T92JlC+2vW3GWr3EJkQPK9xV5lU6WF+aDNz+vnH9c0eFXsn0pSaxiJTtwW5P0lxcTULww1WezLXHIZLRzB4uanFgUhyVsWnOa5M1DI9PVxm5JpexF3SdixCIumxijpf4XoepBFhTaP9oaG3liVhlYFYkXf34j/mEkGeNl/liGz5ZOZVuJcpWBFT4P6CVHp0nYREGEK1vUQ4UMwh5OyaB8Q145jzjiNEL7rTmP0DXD6YoKLyxsxuaY3e3cSfrDzdCh1y3JCmO127aCJ8LMNC1oaYcULAw9/GKO7o4qneKLp8LiPL0aqt8UX7VDQJx8d/5HLaHjRCB012zr+Xp6z4FolWGoF76uWFhg1LqrzusrRS7yOAPLZ8SS1E90lHV+nR95pz359se9hs0ywaWrprisPSMp280Edp6eGhgNHKej2lRo/Jn+qC5n+YtaOkLavHMKK7FoBmeqMedI5qqioArF+gjFBMGSyaz/BK6EGea8LDIyP2xwv0BitUE/njROoLqzcJJ2cAeU2092zUMi45ThuvXX0Yk984XGd2fZHHt6WDnFHUpUrbv7M0bczj6l32mxqSCKPfxuiNOzz0T9SX9ey1eppyR7/4GAbHU83r/Gvz9t/9FYmvqg5oWeOanzfxC7KLYJuTZtNXcsu0J8ZMSt5ppow3VQ1jb7bnqzolDIflBzoQxZNLbjNT63/B9lSWIxbmj3099zAZq9jKcq/Oz6XfT3ptjDcXXNRDlrzdk0KCwvekK0dxKlshNqU0HYbGdDRxcpK+5d8389lfYVxlmCFl3dzGi7AOKz5Sw9nQBZoo7azQSMEFpWVvXTmHFdibq/4+GQbireCrWoMaBNfs0n02NNOuC1o0RhGGpEh3B4McXuDtySE2hMS0vChTOXKfy4FKr5OTn67P2FD9cvjUgEP/9D1oLnoUHrzfkTptrz4Puh7xEd/KLrPi7dZk4fpOxR5uOQGDt685LF089LnSXoDT+nuc0pZ3fuGWXyTwODp/MXykGDCUllPScn1j4uXTo20g3QYLw6ORFyoDEnRt5syb+SXjDzyCDquGLB9ceLfP9kskAlmu0Wor3FEGc+bMv6sCg2pi5mvyl8o3lc+YnJZOU5NY6WGdtAuWMaABoS313qFbTmikXfEy/0El2gqq/AGlTNAok/wCW01yKdfz38RyLMDvpg/YoElOHYCV5D4VfNyCLuURAemMUCEt2hP7+Dlci/+LqGSEdxb1lPbVrLwUe6FWdAF+Jqm1u3kq71a4YS33GP1FZtt3GbVLA+zi91Jm173ZXXIaw5933w3daFhQHD3+cS76COmAdFHg+ZsjixI2lRxbW3MA6KToiaVzORC4oyVlUwo240CZ92v93yq/NH8/UR4d/9uiDLUWhrS9yHefr7D+PqAu4j7Hbc04Vsd0jbKHTG7judtWloo7/BbqNvZMLB4uOFN8UJDebupdycvft7oPao/X5Tikq0W36pgRnIefxG/otGhw0aFFVe11OoT+0ymeF3XYBfl4Kh+ZJ5qysJtNVt7oKlmmR+7Oe9WWcFsU0tmGOdlDVLeTQB9vy7max0SBKxI3MVCvSfeIuLBiF8PwvlIYXrNf2NMHdqERV0NcCSk7wdKr5G/tCPO5gL2Xo+Jk4G7Rn9Svb6Nn9+hNvRorXHaoey1XFH5StuCYTl+/Sdd4+f5esPRcRW2Z7afIbcG6YSfMV6XEj1Ztf2nqyLj0KO1DT+/hao3xJ+AXvg8Ro/KZTnF7HZ+t9G5cNF3PnjU+rpA4Pd80KsE5xzS3/ajynhkVzttij0d4CdDX4r/Y94vq3IJpKpQcWmi3GWKz8A1FKpzH5Z01EyP4BYXu7gbd0CrL3Zx5YKTcH53syna8cullhT3Sb5oOiFkVYzWyy/SQra4HPz9oLqT6e8uMaOUNS4poNQOw1rOxevVAy/krP8P91jgsiqQb0JiaUD+DjteDUIGntXyXfaCPdC/VquqkQkr++ZivA3GC0q7X4MQhUxeDwc7Jps31RMFvc9aB+iO4iEkkhtioXdWMPB5WEjw5DvboKofXy/JTB4I9eh3MztTcFouLvVuEqGezeqyy05g+Zrn/pGc4VAoOJC7PZk5YHx1R7Kv0WaBmffudUfknm/uR49c1GKsYuJWuOHXnKZ3lLyfmh0t7LygPe9T0/lXp2Tq+r293Tfp+/+aS8nf/7FVYwnbO13YvTA9ojtd+McaZyHaTZwfLAT5neb67TTyETqIBqU3O83ZPLVZNMzbZhB/pIDQsq5q8/mA2JD21/SDg4UGl0IHH3QNbire3xGl2lA825NxfukxcqftZ3rJrOU3uZALLbvd4/+lUz6hQcjsOamY88ZFKWMbmgcUTXyyQTNQhzuBSrtz6h40oYLih9k8St6zUMF7X1i6RM8gcFYsKsuSoJ0r7KoA3cZAuLvWMCcGkjxdjTwGvOTBJ+injG6b1/fRm73X4MFdIamSecUc+fqIMya8NpGtYer0Vuod0+6y0mo7x25X1tyP+OlaWBHhv07bcHM3rPTk5dqbf1lahV7V2fBq/9bfzwg2XjrxDzL+/c/A5NUpa7LWW3uFhkTve3zoW9HT+TFBePrG/MqDJFvF3EPZUl27LS+xFUYa/bcXX9tabO1muLDTFmqPOLvEX18Veda5L0ZVw2q/ZITtzyDxebqvGLd3weGQJ58TdRAIlugkKArGtZ7+0kOIS4JwUhEQCUfjdYbdIGjCMmO5ZaHyfnAUUILciF/bXU0RkPUYum7YhD/gmj9t7meW4ESfQ+Tk2iPsQvZddFb08H/O5XsMus3M8KmFswmCu91Kp6tfOJtfkUS0nSlq60y5/M7NaQnlU70tOcx9U8Wrurgpgdvk7zl0Wbg/+WYUMOO/N1VmceZwgZQxq6lKqufx5fbHGi/Wu6DZWxe9LqDK986qP9w6PTNSLLvQqGXaN9G0C1rz/iJ9dObUUwvVwOFR3sHS8nEGFRiFe1AqWz5/R9NfQxj+mogZXMoEHux92ayNosZ1EZ6CMTdknx7GHB55uM3lGf3yDE9joQk+Z3BVlfi49Fw9ZM8b5j1D6DWcspECI4Om9MzFlDmVY+stHZ4MXVvL7Xx4HKE+vFTrmrs2IKP8zZi2B2tq+vuPS9gfC+OVSM350wX+U75q9uyQtzvPEdpfTVhvypVQyS3n7tSI6VDWiuyQ1Xqx3ubI73Nvr1RmGCy/g5KmZ++gPvaBZtlaH8802ZdYFPQ2y9js0hGrpzZjsGa6+rB0uD1hRROr1Uax9evuWIjF5/wzK9XC9QB2yDBIVwcWm3NLTGG1fZSN+LjorEcjxOATaKXEph5OWKgA+QgELyERGHxUZbc+rfd3ttH0I4R+jsojOolWlmmTZZIVpysSSc/7+ekCK7jIsHCdnEpmU+VGlaHgtTYrTbaZtWlZnnWOnoJCEUq+Ssb+rdO/f016oG+xOPOe6+aa0vSu5s30W+He2e6LWqpzJeWE9xvexlW41MeT8s3RChu93210A03g38x2O+25l/4meKwMer4Ef1BoBEvYb/avlL7eBlaPsddJdysqkQxvMc/w8ZIzorFSf8ZC0Gkgood4nTeHbHCKxdlB0z0ckemLjah1WiKmsA3V40ZA5rbAxYM1nFX89XATeyefI8VQARoLkvQqMjKIe09oJk+wqfqN6/mqP0JfP7vKIQ/UZjY4JvqaI3zVEfJ3vx20HR05+1IvTfhuugj6d/389tfCi6pDs2ttPVOfyKi8nayMJQUJubqBQR28AvWzv5l5XsUPSjZKpr1Z7F5/4c8SMzj93BC+CzV9FGh3lfHlV0icccI+PsdKyCRiRbBszkAlUtwt0KZRUrtIdNCGRTu6Oe19FUglxxeW2YJeSI+A3qugepwwCDdYjXCJFQiEh3GKNMrVr7V48X5sNacsazW0/f7tkyL7wChBfOHgi8dy6y0dQ38+G73NTrpro2qcVE4pGH1ZOuid6++l7eBpZ5j2VuKc3d54GfPSUYqpYkjQey6te3inkPOJ3ZAo5IZcm58bHWq96Xy2IyTo6Hh6fV3k42KznxTjpqxN2yj/hlExPD17RGiBES0wvOGTIxlNLrjWVkDRlsIB12VciSm79gDW827g1yC2noH6SA+napYr8bYKeTxYicio/Dcevjweqv/7/51skbWoCNkz1tJQhJSlZKkYd2wXldQgRWKsCdmXaChZKklmcIdCuJZsWUJiyBLFDLJm7Pvvjj7f3z/1SOO+Xue8znme5/O8zh3oKMBWoWgbpsLPdOlTlWCGxGnnrTjqPt+XKyLxy6KcALOyIVJezZLJ1RtDfm8wn6+ujv1C15FVpzcJws0CdffQqgp19gI72l9/8lYbNpqd8L871OiD3xYSbzXfVzH0pXoxtJeLSfBG1yJGsx4h43fmUdPr7NwZFVfn+3/1MC581L3hctsJKmY5HRj/oOwqFgNc9jQGFXFjVMpfhJiBsMY1/DgGYREAwkFSYxhN+9FJB+8w0uofb8fh76GlavXBNy/zG1muiBk9RFy99P0jZlX0cNWh8N5Hdyn1OjfmnUnkaW3/yrqu/Wb2n1KNK5fENATy++4frwI/aVqta5+9WWZ9Wi3D6LD28Cej5+2ZJta/vUIeNfxYOGDvYwHzQ9caSMJc9SSXEAO9vI9JwJcP9STSi1HMBTPhPF4yTttNxQm2Tv/d/ysK+c8KA3kQU8G4bay8Kg6auBvA1m70ljv+RlQ7gE0TxLKCqZ/Wr569L1BLcWktNVgY3bJ08T4aV/LltRRzkur8XZL8/KlvmiFdlsvWsT0WPX6dlNWFhrLW3qy6HGWZap2pkeGcNfGbXC+b1r2Hi6YrR91jB9Xl1jbHUY4BvxecIwJBdXZsjNyBsRVG7+TyCCUhwuvsDGNaAudJ8KHYfKtdNpE7VMIT1O/w0yUkzAxMJ+HdyBPNJJYbcmC+qRgkkx0BHKgnzW47+v6d/IUQ1ICSiStBU4BozPZSpkmMt61ihRdGxfYS52/UWZN7hrD3n6YX0fePlyXb3uAc1nR/uCDJPIC6GZAwLVSxvKx5qYmj2kzyfI+NcNKxtXtHiwLNmyZvmykOzqIcjVbOFte4sO7hROo+givqIOHoab+sfYyBhyLGuCWSgDJQVARASlXBF79FWKZIgynYln8AajlUUm0lC/7kxhaPYtaGSG9kdi8qrm3zigxt2IpMf2PptD8itkW5HP1GjFvJmUezIJH0eICn4fekBb9e+5ffKOZEb7Y6QjBpGQZXZx2aNIRlilrOW3oUq1QxCdXeXA3YbgwtTRz2hnbaF0YzA6Ss+YJ6ToQ5cXDuiVbyXFnJ8TaD18/BOCdES144vFTtm/WwvuUAZM2YlB6nrEf1sir3xAF1TJbrYTPjHJFAtEs9KewFovqNkwD3ZTUXxgt/xEVGk+SOFKjf7Dfn/e6H+vfIXpaguXB3vXhTmyNaaD87usVnRDQZkNZ5DAa4M4wL3qbL8wBiP9wpfOJTY+QEtE+xCnPzGeGHBkkprqaB1WLpVajyubJS4xter5S3bg/VYM4/JRbsdihZ90QXiiuIofHSYKwBjDoiWmhdjPg37BHmjqOf5OUBzwZSWi9rSm8s4Ey0F/6qgkdXN8yjZqiYHh/KBJWiN98ip/m70u/Lb9VOnU34D8m0QunwsoTW/FjqRBiLVmcMZSDLKWBjNKc/PYI7Q0Ns7lO5BpWIwHef+JQt/EFhWomzdSXli5liWtktP/rGts/mhpjgUnhviI5w+ujcZv+FZucoN1lb6TxZ/1vzqbsUoZk0MkrZ+CkAscKqUtcFjkCpFQuT19JzuEDXvnaS9TyufogkIlDA/S4NRkmATn149EhkCL6AqwCNp53amfxVMWc9OHRpe7xCzKQgPszl5m+Nvin5EgNOvxWDl8tHoxnCKj0qE+dNWx9oXmkmSw0ekRefuvVgaV2z2Vxy5Ut1h5ZfvH6074pU9U6HdC8HIAtxdmHTR51Hw2ZfxtvdJ6iE7d5x7GcSTHdrTt6LFDHS1XgAYA2LwLjMYcaaSVn5Vj8ybtFxbo3NJAx6BJPsErI2Qsk17mVtXQEFysmVlnB/gvM4JZBzIP1dPelv1aCYvQm97I3qZsuWskF8fZfaqHN+LGg9KNxmVS2PL/rVLpmThcg+w5SCoYtVPFXuI7iYJ3mruWHzc3PZLu6GsiPDc3aG7Xouoyxbnq0FAtrXhUgfBMuVJ8y2Wd5fxAyUvitY8UVcS19uT9+N3SwfTNHO9NKD+UmGEsngmCcmFXDdGsYTFHen74aMTuDROaYMttInA70T4IV235v53c+YUDPzGvQZt4se0LzZSxHTRmu+KE/92/Pk9jrRbd7rc8BVe3+7v9/+cDY/Xv5bqeAPbdU8XD4hmjHqUj0/57n6we/uPR1Lj/x7U9urQn9Kbl/f/Fj7BYnZmKB5ivOIF1+KiaPVWNyjBqyaYyDkQ/kzP1lZKAAV2IqRd74uWXQBZd4gBd/v0BA2w3jXWRPEVGo8v0FHzRR/bjgjAwlalKmt9hw3AQlfSLnoEcozod0J3FR0wBJ1mksb+Fi2M6WjdSDAhZ54c3KS5jOJOmt3b6tAsjPjhjMbxDk05El70Jn5e3Vlo3J1RcufdV8vx0ojFB5bEV9vJj+IVolFt56yzPH5RaBctcdOBF57T6Qx2uCVxxwc8RUIrxUQgJR4UPFYxlvylw5A3DnxwJSmFMjFg82VhdaFB/HF0sNUyiIr4tJTjvRJfC9rusYeebjDanBoKLo/aAqyjw3kNbMLEzHssrx7Oflj+J2Xks5KBoziW1Vd6d6BATL/bohps9nFQPGiWp5y+PWbzxs5zH0drefC55M46qaaTllurN+DvwX0FSDH38unbY7/3+Yoy/OTM9xRgPTGSAQGP4cZTQKE5etJXFaCJYBtf4Y2mC9034ushQTB7h3TpBmIVgTzSVp4Ahqs/NX/KukkGLbSEw7a/fbUF7Y/srmwbyFJ9mvlp9sOvZR1n96rz8s1An63zORwlitN7AfZAue2VpI6lHJGc+HKLx0yjC0qTxtxmhE3oyMX9PPUlrPF2i5vN+TIKbQO8pHJsB08+d3HK+DZCOVRabhB3tF5RqcZ1oR6BLXwxTl4pM6WLCC6QKhqgSiXBIRzBPT/upwLcc2q4WndaT9+BE58/ENSW+piwL6Xv9Pf3DNTb+Ra10dk22Zive1E4r1F7C6+KxiKq44Pcxr6TlA9ZTyc0Vh+j2bwQCqwclHkNJ/iEKzs64a3X3yw6Suk7uXkIU3J/LC84D0il5c9P56Zjzhz8cegNnSIWUHB/RD0vYG0wtD1qLPixy8iOi2Ha/nmD3xxYYSP16tA2Jpi0MvKxtTTzLFH3gZuOYlHf/gVNkPbI38ZkQL4YucfxZ9/ykBp/V3A/MZEQEef9Pe4wKXglDdixvZH7Lf6DytTZ+Mtl8QiHopqi6SfDTqzlrFQkCufM3Sqh21vF/b3Ej+oXjEia1EwqXOwsvCWH3zh4Q2P7L+HquZhHXe3iWid1JebraacPxU9DRkZzx0LPPWhfJ6ftKzXCMhPCJt5iTIG3Vy/d7FOmYBcQf2/Wnbn736Wq32quKQJPTED3UgfyJXKG+0k33mcL4JgefO4puLPBKd5XEMG3+7ExJTfFZ+5OZ0HLc5RaoPeSxvxlXxa2qq2R6YjocCZGLV6oGY58/Sh9MqDOo4qgSODG+8K0va/1oDBWufMv29r/2r0f9q4TS/ngKC/GhtZq7nJBQdLhg/2fM2oe0ee/DT11ApUZsdih+7SEUZ7CrQj8kKPowsrBSQszWYrgTMFXKIKx0BMP75YnYbo/j+kJ0hyTSE2tfq4kRHK2IkoROfuMjXsnzshhALuqmtVH7W+UDHZstymWBnwDCXoPddcdvXWTG/Au9s5AUD12oyPTufj1dz7LllA8t1IaP9sZEk9wBqfVvVcYYy72jlDZYKa2lh+hjw3O0Ipzcqan5KDCwTvDr2E22vNFWcacDrVizUHzbFeoR0aoDw79mOlZvUZK4Q1GiiDdh1iED/QKmFZmQ4YWn9cmDyXgXBcl0ZS9+UB80aSfm4BV4bxIWidOANrWAaNY8zWfdA36biA7LCZpVFKazZjtBQtBebzQmn+Ol/vqgZQLLXX+8Kzqv0DdeHM2wGnvGg9q3/us72ZCTfTl60lfF716/CbX7kyzxgGDe+4/XvpYMHBJ72Aj5GjT6WWlncAfZ0TuhAkOhD+L/PuBVyBhS7PT6a3RwPSfqZ2Lu1UymsU47ZOC3RKh63PuNJxTsSwGWebDwsoF7jfVgdsc31AJzb5FH9vl8+ZPzCkE/RlETOwar89bJjlXl2uMORdLO4rifx5a+P1qlyI8xvVlAKZ4YraFccvcpOhvV3FpcPR7bZwKtzeM83uV7ie1Dtcam8ltGW8+fe/ICUTR68onZdUuXLG+SuBXgGwL+NdiPP+AlKHjxRaw4gDEZFAWAZpqXA/Iqpj/UccXGQQXfYTT2DO25xHdRV/pjj1sroYg1ru9Jbm+7V+6yUh76B+/QgWnbRClG/g53e3l8uDAwC2ES398dEAffXEnP2p5R6pqmFHtM3DevuCk8YTe39OL2km9v7mcc4rGfx50NJQ0XNFQ7fmjdvPra0/IxRsLDCnJg42OBKl5yetl3e/A86+P8OZTvzmEpL7EGHUR6GHlHgg2lAOzM6AJ3MLyQE3ttIBc3ojiYCRgWyFH9C3vwkF2bPPxT60Lw7n3SfqdwNz6o4jtqdKfrLPU0HDf/38A7ntob9xOfs1FCOwczJ+hXeloIqMyi9v8MLe0q0/gxafRDhxtKLPMyvc/pGoyFZPSvs9eevJPUrl/OTP5EbSL0Sadc6aA+a2wrAtGnRDavoT5jxk85hKWe6eWIAgWNL7HMY9GKfYoEcp8xyMF9yUXN1v/bt7DSiGuKIA05AuwIbneRUuxUcg47+V72+Gbm+/+9k5tiX7JstZWcaMHMAA+bmVuK6o9yLaX8I6VL+0h9JmZd+Eafm9STnkHpcRYZ+Zue7J13rQcsPP9W5m7z4mwQKeuGyfpSofykPGIBcmUS/vyQglm2gmbLxQ/1khCZDntP4xVO4S8oVkyuiStMxPXlz2IWwwiMepeb9rm1vicHxqlVBAZtQo5YB7QWTmf6VnAr//GjqNyoiIy6w4aCcSA8R1Ta48+e6xcmBc6QsQY2YQ7ceWcWX15mZorVk0Nmu2tEpVEr8aL5c32cuuw3gLI/+Yw+/1Vz4EWbDS/hzsC92Zn8SJI+Xy/CimuQDZElseThMimoCxEYyZ/a8lCzi8pJnwYOemD7rCCPb9cB5G2fdrB5gn+3ipeMInEQ66EbriXwEZDOdUz58/FdiTOkFxshnJpQdc3XkdLMv1ZE739wZxNKZnvCeYNjtnIKtsG/mw3uy4bX+pcmpRnnJg5ZOIpcc61VkTDHrcmbiqmohsdtb/W3UaEoRti7Oa4qBXA5WCjQLUr30heQIFsufrUcv9Duk+xTrusEaKNoiguc+7dSrleCPphWIEYAVxVR0Hz7CYYeED1Snbfz5w+mfcDvFBS8cBlzeWZZ/+6g4bMBN64PLtyJJ82PzU33XNOYOcUdmDs2f9NawFq01zFMQisDrew3pBcYadc9pqvUp5QrXjEtABZgVbsYNQoyVcfgI5KqMZH69Z+qPgCMzWnRDha2agnet3KgZBPOeTdsK2z+XA9Nsg3H+aHhlSOkJ5cnQeF9ssn0OZxzkUScBmWyEdOiOqDciOc0bY/1of3ZvsrsX7hdTV+YcXOnvn253WiCXwgYxenqT4dZGIjPTqM+tjVIHOnS0vPpePOeR1Y0cMTUicSdBtdGh+oZ6kFgHMPaQXf94/P0lHHvnL1XW8Wd5rBPNEltsyDS7/hoX7k+7ScXfafLw0VqgUG8wIZTCPc8CP8bJtHAABEYA54w08r1HMHTruWtTuYPQ1U/uwFYpYm+34Qv3xtT6dwOUeKiYCEOcIPa3Cy8jqfs3r+X0BEqkf/Z0XJ16+fMM2ErHUDGmNdiwdX3sjl5e6O+2/mwRRwA1V0O7OKELDF+oJKE1IKBrA5DBe82956Eb2gK1/6Cg4UF7C/am/74SUPQR/xgFd1xpJgHAMQJCBMg5BaWmycIc9Uhxw2yvDfmetfmxPfldsNhWfb/nzNsKLurlE1VXyVBOLlFEUjsCufOGbkg0KgnWGs06FFf/+pl9BtpXUq6ld+sxUx+jHIvy+HRQiZylcp0QDLtEZcL+NMWyddoOO0/2cBEjmQHH7ubBeBVxqmqBJiwqehtBBp/XJ9JWhaBnF/hHEGatigQsDnXWQYryMcl+agiuPJmTK00haaZDPaet4IT+nP2BqezkjsBS1vV9Fc7tqbbNIpFNSVd0gaH0zceLL9lbddlr84y/jS/o2cXZ8ef/2psvoZ2X6eMncV+STsFTd/SoRjKLVD1ARTCf6uN0LRA5F1hluOYvHODtu5LuE7A6bczWSIhFuZdsFiEnNue/Q4zOW8NcPjlDsKz8e971z1f0j2dmsO+jvTcabuEXHBpAaNjNKoazcZQm+Vm9dtuJ6irRy79T9P8sTG+6uEds3R0YmqjdisN9wO5vyZoYvR4Jyy2ZCXUIzDCIehU2FjBB8KFE+XmcCYFRf4KaROcQ1Fg04c1arnQ66WEM8Co1hXsCp/3/eu18TklH/tGAEe9BN7PWbNxbGVv3ed/DnL9nvTIZ0qtvbHq4kk2V9Xbpm38/VRE7Ul7U2r8gmAaayDSRxvqkm2m39zcqgWx2/J8oatjpX3kHxVXT1haydSUB0cbyqIcPfxaXbe5rosJsFjAgbYYwmdn1u4C1UUg8apww9m8d5R/kUq35hdNXQ1+co5GZS1XXEr6DIUVGI2wkJe2oMoPwDTzvoE6ACy25vhG8OTCQrWwc+MFjcfGzSOchVMRK0z/usxsPZa/QtGX93rzTTaEB3pzk4gnLAMI9WYWaoqiYakwF+Ulxf/ljcOV6tU5e5IbjhPZwhunS06qjbh68BoX/LfjCqlkHbz+FMJTASGKE0DCDoRb0TsiHk8+970GQhQYGDUNQg491vt698iAhQx6MZNyNnYgMgX6ToZF3IUdLbyeehKy5FB52QQ+RnI1LURa52ZNzofKoqDlambwb685ZpTDwAYUSO2YxGCGQkwA/Gc1ett7YnctcCOu2rqzTWw6p9OjN3BJU97Q8GPZnUvMtBSmR8xRsoy46NiZO24Y4A3A5DQ3+KfLwKGYX+p48X6j56Uudh2XXY2kYWZHyT6C6G8JkJfxWCrpmCbchfJ+2Fz37zgaO44oE2W8YEF0KPfJS3fgtP+Sfffp25te7ZqerZa6ja6xqvNq3BL6IdcALPRK24D0fVy+eEjGLK/jLDXPNSqyMzslm9PbPRGc9LpX3vtRAndj6tHJnbq7goFnhatqznDofL2+rAgMpedibB/JWnHf5+xl9ILxl9NElQWmm/Xt67Wcbocjs1DijOOI1VBtvyD0F3WfI2k4Cuk6CwP9oJ9j2zQKXcRZjiaujK1t/tpY7t0VFts4/37mxkdVnqmwOusT2uOgdFTuO1t6vuS0YCv/2qRmPCfNAqkV5aLzatxIK2seQZn1N4SsZE+Ae/NzovP55aLxxevllruWa/UxefmHD48ZvbaLrQa8YeFb3H1WWjGY0+jDjIIntjIM6uRRBaxsQB8l31JLs17912LybKZ8nghcQI48vAgGsNpEqMLCST/EUeEcqsOVDtxvx3n8d9zpE9qzbz35d36PTECUK2zRsnGx49xoV5NZutWaBYvbyzQgPJZmQq1GZEesRlJTNeLM9DgYHJp+6ONU64mCmTuyvDRDN7D+1o2/Llo1aplR342GMOnda7PdMbx8GfvBBHLCA9EAcaebuRn/oQxvp/RfwhcfSyIqQk/etBaIzah8fIg9k/8cVqSO7bCfvnWsPWVV+ohK5nB6qA0JXPO5mVK3FxC+WzxTvGI3olSYP1hYT6uOpBFydp9cKkppX+Ow/9D2iaunZeoxpdKiiiyDUn5g8dT5RokCiMqAxOP4b977GeuK/Yoq57iO6cCDPnq630Baa35/idWjRV5zQXNnt8k3taPKh5zS8828/+8MucyzvdbidxUcFORPHqoSja+UshFsUPLkP90JKVehgs8fs4dAtznYDCv5kTcL5s4+SOI+SdwbxijflCVmaO9AMynr1JdkQ7ZKrVvsQroZLQTOwK7EoFBbpUAToHvvgR/P0Bd0yUZ3K9NRbkYvYao3DtHXBPBgS2W0l9TPI+ENfQ+sgvfwIgZmGvqLbAgdf/qlm6SP67p7hjc/6716D045qUjD7JCsq35dXH1nIukxZ+9Ij7Bn88XybcIwC90sn8sg35WYm5BvvT1ECZB8S1C2U40R6l5fBjXJ5mlt5E+sMnZcMxVQOFBv8Fs+jCvLP6oDiUAIg2kVxuR9Lu0zAhYgSgWPQjl6WfxkKLIR7z0MS2+GW/mk9taMnnEM/9bvEtqYZgtiQUsTYTciAFev97Bo9sCr0yaRGX1pJrcWFgoDs65EJjX1aH4/laO9BObLIAlFHAHXlq4bVsSFJ1bi27hv99TmOB/Lj+gKbS4bpB+SNjgZyl8xzKx8jHsLAQIQo+j2zp7DMglVsfP5VgRkctyOAJJy6D2X7HoWuw6I/ZCji1mk5sk8R7ecSV6FbTMO15JZ/PUCm2FwaeAvXTtsJD22GyeC6FwwqAJxR367Q06Y1VqgZbt7OOY1pWqF4UnLp10jFY6HjG2/bFOiuvIvGCi8kneOSP+892zuz3zAzf6G3Ydc9ncQxXpj64dgySmVGGGt3kIKUhCWj9LAG4MNYkH7J9J9LJkoZZZ3ILydUlwZN/r4CKJxeIt7dfAOpNJCb7AdbK94gtT//D2NtV+WKMhDQ+GTIHQ9UPzrVVok6MgZjS5fcBQYOnhV/46UuYgCY8XtW3PxbSiK9n553cipSL+5+HL1FSuIvsmfcEpFx/vpHvGqPsHPAfEydTh+GcVRjy6DBbkKv/CninX8DJ+nrbiYUWZzxGsxrmcKVhwgECoN5C6rGhUqZbSM9ZUFCcnyTkcTYJsACfOrArVAJ3T1/acPhlwzac+HNcBDeLiT2xQnS51316IAGQkqBR9vsm+FwaeF/uspiLx97te3pKi2cqicfVYZhdRSdQFozCCDvrH8JgPzR7cxVqI84Kdm52CX8KfE4EgKfAbxmof8Nwf4v1E8EEYGushGsdiyfw7sfT7gw4fN6k4wpKPteJNsn3s14iD7AtgUspOsNf7SRq8s6myZzoE7h2pUtCUetrpUQTiWfM0Q7W5pnyAbNco5QJOQ+lu4wOO2xvyr58lnfkbew97lnbkpe7Kabgx3/5vDK0yQs0yVMJK3TcVws8ZUhdwi3qe7KuuTOYnXocYsLgvfqd8ZTpQpj+zu2eOL6YDa9vnFf13e/eVa2ZkOCxalD7WLj5ZelK+JJQ/0aM6uMygBmPXkA59i5e8VY056esiRKsJF3MNKkuymLXd9hVXrYTLuUSH914vhF7tkgxcmkPYyfSsekWu1kV2EJyeVbOdigPtobdyOqPCEA62IykuctVfPGVgVeje/EClY/g8tduKiklutfdgrNXvvTyvL0fz36sGrJmW5ESbFmr1ci9PXvNb/X5/bFOjYsJwAfpHn05zAK5iJIuWfJJ/6EU0GRkvW9ve7xaGuH8ChlHe8vhorY+27D+H7Mgc4xZbl1bOT2qRZ6KcaBhUprpRl3E42VKhV8TAS3PFtJNCAVp7AXwaNJ6S28LSZiGSZJzC/HLhSX2uIp1bxxAXELLDmj2uFbMrTFpnZ3v/eN00uKaCTt9sgePLSeo5BsU84+RLGs9s+lJ3j58Sgn+0xsu0mZcnb11i3yAevvn8plZQh7fOQddh9Xf/UkfuayNQTv6BdDuYxEsZIPg31dxaN3tOGRNiVcwifSraS35PITvZ/WDibDRfj0aJnKHjtJoYuyfv2mS1IrbUXwboPLK/3eziMdxfWRPdkQv8rBP9nILVYoz4Rg09tq27QbqSn7oPmRvWT23pTdrzb9KckgJj7Z2H9vi62d/EcKCnE/OGiNEMG+b5U2i33zCO1zFE8Yu0DDXnFZq6cSRxhfA+N4htdPhsMdzeYjb9xi0fGIhill8/ejrAJVvEHdBIvqLKjUtyzKtwDTL62+iRsdQjhey+Fmc9FlzavJMsyn+j8OTTZm9P/cC7K/62UU+8p1k4+TF8movQNMKUIEEIy4Q9MhA0OMujWJCAWRKuIb6NSbS4ah5Mn0Sy4tCPiF1pcxow6FmbTnqBn/6n2cwDhSRapJ3t9nHiZF3NPJKOdp8J8F7JIo2BR29Zb/vgbAjm1vo189MzII/AreR4DdKAJpINU2kz9+a5GNtrlIneW4P/PKn45ajQ+Z7WZJ36JPd5+ktjgVwuSXe6z+8vkKX9unmqZDgo4PbM6U3g64V2h6/k5DaIzp69tv4cfEmeR57aYuT+pcJnggwyRYbWX6htooFuCtuXH70bUUoK5b3fsNRBcYpW9H7HRnb124lOXI2k0Q5W+VLiaLfkMoSDxuBeW5/x14A7Q3yUHvqqQXcCbzXWXYCsN9V9jM/1rfaNuhkip/eo9X58iQPjRyjqKmBbu2zb9o/ysOMuAdL+JM/xhLnWbSIEv3SNu0pzWbDTq/8XvlYFLcK5Kqdl/2f/czJXJNMcbsl5FYzaRvxwS2TlYSDuEjaa7j8l+7Ar0FVaOw9TH/t9jemF4HIytOnK+iooGS4ZcEUvIrXz+vRfm9/eas2SbPMkPmRDljefngw4+qQVKwI7t7Gauj9If7HML2EcM/2aNuFRItOcbaTLjHBs5nrvzWnVff8chftUyozCfnIN1S/NZXw7lENk/DX6vMgyznQbtkCtDthCNrpgWuS0OACUm9Pp64HZOAJPheWKIME4AONUmblFvKBJVmdPvkxnI7yvYqnWVuAItZ5bleCYYnXpCr+G3MF7nOj3HzHAos1dUcWXN7CuV0/qpesmn49RHaVz0FyXT638tZjre+dz/KL/+4XwHZc38Ro6ForRuVwQyrH19GslTykbiTB5aEwXQ/0eoIFy/azEuonF/LpRHpPC4mZBwWN7EVKv1bQwKtDdNz8C2BJvVINazhwbB9u0SprpfPnvoZBSaYaZ7FAs7h3hMum2TYzKSGTmj6Rn2eY8U6151Y4MXYepytAtXrB5sytCFTeub9T7/fL4a5CfBLku89DGvoRaHreiLCYaJgjDC6/TmghtS4nAHW/ZSFbu66Dp5YVj0OwSL/2sEtIVQsJLw9xHHIXtr0Iisxnu6l4iuIJcbDE52htZVbK9sO5l1+QovqIkZJwliXqZQVlW+duWk43yEcliGGwHD97kgdOH7svrVi0cD5sMw2V9+gvJYVH3lH1PeuEKpuLWqmyXQcDKp/XFeWP110DTQxSd11zEeTCGoLotvOX8xpYS2TXOtV8lpPLGDRppEweMm0Xh2A34UUMOFP92o0Xr38+ST4pCVd9xNwz1aet1bXq/a0okcvKKYOo0n5ztlhVo8w/ocegTXdphWsYbC765+QeAmsfLyCV+Y6j9UHguI28VMVrs2K3OImCW4U38aem9vJiHbhlP5AkjUETccg/EfCMJv1NAiSReiIO0QjvCj2v0IV9tXbLyr2qF8C7JnnDX1SCoSp08raw1Oto7ZeLVS/tB1pEJHhn1HHLhKsBtAxMQMO0/GP4pK7DH1TeffRNW4wjoaSlgJNA5Jg6umH63w/CG9DMTcSRu0chI7rl5m606O48L8mHU4sew6kxMUgRIXjTiQOaeMqPMw6vpC1VqJg0HjpKxoEAxKo3k56sDbCqvkcCNVbbbzHj07Kemjd70pq9Tt/FJQFdkOU1h7zbO46p9A8NFo4sjwxLZI4o60weOvYU6JqokHRBLP6lnunrsJcAONri0QY0Qj4VU7cfb3T9hSI0lomnPBx1CQGbSAe2W0hpVnSc5ZSDRc+gW0iT/PWwiYVzc8DO9mbgLJ/MQr2fs3tulQQSiTKHYlF5Z5c4TmKwwaNIYt61KP9TdgOhFJ8YRYnnnENwkAJ+RoUAiBMAoM4GjH2SCeP2kWHcxHOZ0irnz8Ez+8BW0jJ+gNX9GSDGnpekv9AB0x84bHSyUCniVIFCx8Whn9nLCQMvgpxQO6MD7lcD9BMAC8ewtqN5MeWgnJsw2lodMW9w/pdgD9sxco0OGGuENrPtVDv8mY6rFaQT62ToxKFXwwlYzkq106Xw5PMsN/LPrBZS1wca5nU4nViDSHVnGkaGHoXVXE/77ud6/v5ehk/7npirW9jbqd2yLxxjp6N4mVqfh1F+QLPs+Y3RoTx5mnXaN08Kjxi9/RR2BvuhLMju6K57xXKdlKiEnJEWUzpuxBKP1oiHhXRBxWPQkwsy0Cmvma1E894bCDdWJD8Wh+JWsXgBROwIxp3YMZoJ+lp9snp98rYQBaFDAlGH9sVTe1qf/JBYa3NXctY5+TSccjSPCc3W2nw0byovQsmBETybF1pZdyWPkwneKzat/G50C2msgYZRokeFmhUcXoAaEb+d3FlstfMoeGWASq0oAOz3bUcdg5h2JByzfJ+S3yLkRpM2DJ5uCrwpsfO3tTKxq+moAmvZXiZO438wJg49loUMBJOBSsGnQL5gEpDaXxLYXDBTpUTexAkrzOuBxQrHoTeHEgDD8SSgz7OVtPcrLKGGE+v28x6vYV+AjMd+dp1JxPy+5jfx6r7p7vkF51xHovQ8JuVoCzFJPX68SOzFWTb5gFvcyaIZ8TWpCf69vLve1LT3vaWMWCdwlU78eQBPcdHCYwZ6nBOypSxrUFDUJgSnuoxRfiO8m/sKXt9VhryonWbzs0WkVm97xFmYZgwSnqG93gcEGqdn+avvo6OwGKzTzI1EyjflHI6XtMrQk2uL8cNO9if5AthQ17kFQwb3BLOMkV2n8IhPW5DY0fwPUUC36MRbT/JSlbrYSjoKqsr1wTOCBbCGGhIzSbkIj0sA6pk6x5ubVkNd45Wp3I4SPG5nJe84xX5/v3xOy944qB0BpcchGR3UezyXE4VMyDqV1qL9HhkBzXoZfSl3v34mOnD3eCUrxN9inKf/6M2HaMTgMJhuDpYVdNLC4XIr2zZJCGe98db6aa5Ucg4d9bCwRFeHSrlKFYh8ZZv+Imgpq1i27MLz07CWTKuc/pKbgcs7bc4cH1+ELz3W+FqpV/zJ6b1l6cSmDF69Chu4oPSk7GVDdfWDiDNY9XlbC5ldTwsjdFo3BTBXIwApT4E9CcBok7wYlXKqMvHqT5rVwKsUBIJq6FEIge61veYXkNJvo71Tzz3LKzPfUT2oGKnvhQuaujrerD9qLIMELxWlgP6q1YE+Pj+5TZ5CasJAdPiPTOORLp3+4y+WcNyWG+8tinr2qzWmfFBDVE1VMEIlFI8XJADJBACTKqhYqBGQDOR8TQDwpS2kukBLcCYbSU+V3jH74uWTj3qMQc0EiTLM3eJh7twPMyd38+UNKu9ND9+lq0GHNdPsZOPdLt8MOvn0tNchectMdxZP8v5EVAX2EEIV5tam62yeAroJwIEmUlMSkP75KZBqpO+LGVeko9Qe0XGvXwBV3K7DSCku9Flce7vS5WMo4s3+oZ+teiG5fswy0pzLfQ7jV6XtuU8XDGP9OZKc/6QsU6lc7WuA5MazS3ma5nljMScYRe9nZWIxolRUxlnOM8JJlI7r1qYTJe/RW2p+St7BiMgUc5VrvYc98AoIAe5Uu0gTKPRYXDt56uFVS7GOEW5H/p35a8/ePjv1vrJw+HTI4SHTBEBcdKzgSaws0XF2o1tlBarSE359hwfjeinBn/Im1wZt5QLrsSMrzu+uiICCI55yshT+bnE7EtN3P4SBOpu5sEagJ42CaHlJbQxIMUfSJoWUlPQ9ZzlbrKrtP+8PWOF06TW04vehnPBS+6srXP1sSOJ01w12ufh1r/Udh0QNel6qNdm1HWy9O51S9JC1bIFfHMFd52WZ5GMQgxEfayKtH0O495joJQp/qyy++ByNcvbCQABOOA0TgLbDYwwRS/0X8e9WlpWWjIbGxZwfVZyZCSFJK1Vbo2ztGo/obhzTBa2yOORL75xrc8U9nblkulb/3WsaeLffI6jXh1Zose98zxFlPiYkX6SKv4bBRQmwUPwpPBqhFACIGZSC0lTfWn70O7Ng9Ps1TH9Ln9wbjAkKuL2Bxhe7FxxiewrUr7NOrf/nPfbwObrRIf5tshpR68Pw6czbYgj9d7FwFCiJueihn6NR4YIo0C6D26zVlTfDbN/PJvOjmyoTdWdZ5d9wYoUZwfTtmoQClSJFR52iT44o0onKTDRMVgOV8KHMpkVAzuh6G8KrAkgw/bbDxlFl7qFreLTNbltHC0WO2TPLsv+eerQ6d7aRrsmU8cYvzKgqI3l8gzH92kRi2LqURvWljB9PvwY68bMVTb5N0J3t7Vy50sOCePuGtm8HSoxG2WBoLOYWkq5NM8mj99ShtBn1JlKSaAtpVNsSVOxW+xSPZOyoMc+9zISQXKdBceNfF7wr8ZUBVzLFAJk7DHPli/nG2j7y3TV3C6326vVYVjywSpvt/qM7y64QgsDwFBMCDmcyA3zkkXjyCoGF9MAwAox6Kd7XJ5hWostzC0Qid1ooIHkxPqaV0y/XQCWkQ6fKrphH7StO7O06UmnyzocRaz0+hUvnXl9H13YoDzRXOTHpYP0MPLqPrdC5WcvsR5ezp6wY7uz4NFVc965kf78BaKcPWhmCsfofYeK8OXhGKwFwMrG7RryIcq/Ipk+y4jG/kHDOWW/JegF85OLXLOZBLVp90zqN2pkr22KYWajoTJkKKQ+49+P0gU4EH5wqe9m7cL7dWYpcRQ9m7jDMLD3EbfROlDrUfmzFZZc+sCKOVc344TvEiZdmtDeKaZjMIDrxTAyNgk5s6RfMgzVms+FyLwe/EGcCom6vqwdntytVZrr0eeQQj45w/9apaD9khDfP0VBtxAcg6JsnQ0ZE45dPN0m41136bUXLxuIbyfs2X/hGqmAu6bKWBdUk0jrzuBCS5Jyn8yIatg693ER61URSomJqaJhLo6cinfK3W0nTYfLQG0St7mdJHsr8qRUCn7vNFPQ3nZJoYaHsheM5KpT5ane144Xdae8ej4mfAYaUKsxRtJVZu7Ztp9rLoc2E9GvdJ10/3ilql6E+zb/0b8m3yWUJwJ5E4JCbAsQ6lgBs/ZaAfPNQkG+IBGQkpJmNfXql3/fCwC9b+uT7TAYJ5DftdH4+ZHMZ08C7wrazRoeWL1qGtfI+Xp8eXdJ9DBfdEnYsJB40yp1MvvDCi55t36Xtxnp18sODv/y/vSz1DpGVEKjPeB3UdHIBVUulHKajzlIpMZ/ouqCA+vvqTbl2+Uivum/Lx5pJWohv6/4yve6T3D+STS4w0aAYn/j5Lr5aAslOjryi5RPNeXPmhAETj5117LLyAR/avThqGWuMoElPXyhDhNkhlfTshdZ9mhaMOBKHai+BxanyUMvZBKAB4dAuaUDHjZdoshYHXr/2dCNnKM5+wF8mcyNkn2tUW1LLmNKocWemIiLIXUYsMOfLTPby2wxKyJuRd158Tqq45hN5T/ASwS6P85zD5xH/xQxMCaP/GPaCkRovJCBbzlYSPw8V4xgQ/vmMdOFYHpzKhxXb75rjlqB3q6Dy3I8sYpjoT/9kzdBhVYehZ9QR3zu351Tbc+XG7BE15dTpdpd7hSx1eoDR8d7ssXMvil/b4NikjyZihl0sSgsbZaSG0fXliJhSaB8+CwvgBWTouMN4gXk6sdsQn33/+Ej0T0+kZspgELsj8lmSNTqUcrfgD0HYZDgwVDM0c5PSoU5aA9rEvlZfj0RWzB5gX4rGy1GQomyZvrlUN/DjyyZ1p/Lele8ulMuhbll5hUd8jrLwYsnHd+hfQSpBhErR32giiVIpj+nE/jf0lqvqbVbShWcJABuiivgQChY41K8pFbSz+nCWN5DeBvBccsxPDUKrXE/7gDAhha9fj+bt12KTr740aydQpz0mG7Sc5c0l/r7BQVqZT2iw6oEWg4+QVXT8N6T+8VqKexzsIQmdTQZYvGZY7+u3vWuH3yD8NrpGCPDz8Fx55D+WI1x2YbX58oZyRBcluz3x/q4vTcYcaKe4m44shRcgQgjxY7NY4IobeuXSz1brJ9lMwU5/CeM8RQz+EQ0/4iNEweUjiFCefg1fu45ypVFU6LgSmMipisdcGVBaK+7ijw6eCfXnDSj5cyYkNn1rUMzYYaqPqdhsWQjSMD25gyCd6wk20iv8xXZCafNkEvfyiQPfVBuOzoqPfnCKNWliZDojZGrz4pvRAGiCKO530+Z4gSt4rzMjVMz4Iy8q5gAD2bKbzfO1CsPaemkUXWUqBaQK7KubUHXx8T8fNTlQpvP8nLVVVn8Q203jdOf17XPs9JZ1T3KUtYGUFYZL36m7KfwwdVZ9oztAbhh9ezdeLJzs+RkoTlZBtO5eazz6Eg3jQKWcpqNcqYSBVDoKupWqGlYwRY96AUgVsfQ820/UolvcRa+w6awt8qhfvEsYeC6rdn8t6n7HMQRHQ3Rncb98rE3ijzYXpOhUBe3deJHpqgHIIGkyMn3O4Q5D1jLyT1CmuJvRPbe6AsaGXgG5Vo9D64+loHLjRGAGESmDR0w1bRGhr4GCLmINM7W2JEeLdMpCN0Iy/X83pxMT803Ku4eC1jiG7yPA0nVs5esL3Vl7H18eZDXYR+Vym8BUSlHciZ6U6/oP9vyzroFLZM8d4bSPHgO/JEZayumT/PQWSTx6MRieNADX5CEP0oBUTjnGVOBUWyKw9JErMSJa28a3e3t59o/tLE+gx/Dkgf33ZJvkNbk95p4foYLU5Lkqr6itr2bJM5+OWRmx4040raeqzCbunuLjibUDn/PhqLN49C0WPDoKpluA6K9y0LqkNWg3+jYRq24Bskw06CIC1vpByACNBFBANVT1UEMMdxB+5hyxX94v5sOl4b3sumCfc4JflcvFkcsD1Hm36bBteiUlRyqrADDCuMhMuZy/fvQuo+I7OL6HOR7DqedARKpbJwCqdKLqbTqqApeaRHR7VKLLH8k0ldi/oNm9vfitEYvYU/T7ZtypjytHxgcOKvPyUwn5zMl1WgqR7dz4jQfiiBf9R5duNBoXfu+5eqMR+xaC3rYo7a4TyGAWL1tJzeREQDKwlbSPiiFTMS8JNMyXN3TUsCGegKFc503qjYAlnkqTu8tyOh6XVImXTVHqBsU3papeWaZiWFZXmXfX/Mladki+z+M18XKJrGZfxyZVvkMs4dnk3aUXccfItxwYYTJGM+dxJcNwOf8tOu5ULQ1jGNpEQn2gYsxv0zDLR+koUpH+SQHZZ/VvEPxMrPnuV1HhfKVqUyEkeks6p2gt5BC7FYhEpVhw9qdtfkfTSv+JAvW+rs1fC2aziTel90Zb82LZFZADe7PZqopItSb56FaSI5XAQiPIXOBLH3gES/DxBWz/CbABuLa2bgx8urD6+UtVhcFRdL6BpsyuEVvMyaKnC8bVRADnlczB6uCANp5t+qG5Sx7Z5XW5JV85mJM/z1zu3dUx0ZwKVAyy/6dhNAykT8XI01v66cTzo2qnZ3Pqz4N8A+wKxTrqXsutw9pRNfTw6sDb0c+6S0kfbhwMRkSx2lvbSr3ndsPKsiJt9DLD0g/Q2mex46+h8cgzgxdwVYeZOINZ2BWwvFpf9iL6kKMExq3ogUsS0PQx6DvadFhakB7145JD7Put0qosM+3trVIEEz8fyuzPXYZNR2M6nTWRiub32yJk0FOIjWr81Gb7d8pHiw15cntKaXQW/tvhhI711ATNlJldITo2FlxqxuiiixMAtyb5gVZ5k9QPfS6RYbDEwwPYOlxmvsucvsNas5b70aco71KNTCWhcW1kgY19eWd7X9UTSprsWuMZFoQn5yWsFqnJXcnMORAcVsPELPj8GFlBBlKShJiOQY2HCMBPwRSgwOXBmjh0VxA5oHjkaIptL+WlsSLI1zqx4HZv+s369krTnL8Lize7zurrcr9uYsfVTJv1OAb63fIkP7vd7C56sr6VZ0i7rmpM1vmyDZd4RE3qrWb67d2QvgvGGf27gH3XSspIaCY95m0huRw1h/jFoYuf9DPNy6+/J2aHI9hztoqW1+/pF6tqOizPSE1jh1zHUW5pMn/aDP3Xu4Vpl0B+m5HkwXd7mAWZOBFinFKDVH4LkEsc2kxBlGQSQEB0z7OTKZ/9+Tnx+tMK5EVt61zr4U86q184/ZKyL81Urtt2r3A9hkcMK7aYLV/7opUvVWasRLftQx7toYeBxtUkyLxYhAoPs1g+b0aST4COS/5U9BHG7X8C45Yug9mKEpDS13sfdsOJU6HY0PITL3a7aPL2k/4PbDf9mYIZmNuHcRAojbvogUmBH6hEB7SZPcy2OHJhPl2EXaFN0iaJoYMfl/WlYx8jn0XcbvAU+C0FodqSgENGdom2/VKGzlKMYDpjXTixkOvuY8wfPVmms9r87od/8RceofE/G+wKVIEflg7ZFt6treFFfb2bN7+EoZrvTqR4/M8x2TXndx2OkCFBhAx5OtAIdQh0HLiJz750LU3xIeJ4LHseWCwrc7DnftDfJMX7a7hhsZPt1syCdI5pObKRtaF08TvDoSg5B/sFwEEaMHoYIPYvAf4aOTCe7KgATT4FwCZEJNJR5lsbSyuxvDacCl4Gk565hjPR43zYwAXQNliD8wll6BGym2A7FstcfuydYq2iP7ZHNlIzXQEmec5/EekjTka2GiXP8LY2HsPHSkcdwOs3vel0jh8S7jjDcPCSa/BH+WCvSzM8u7ZbOBTHygVT5F92pCBB3lzyloO5R8FSz5zCxq7wPPzgUkjXQTw6EuaIhcsnKmChoixYKM0cREtAj1HQNYTKM9mwcwWjT6PmEYOCziTZ5Lez71quRD75rMZXeU+wU3IN6oKDOBlBlSFOBRQ0LQ+tM+CLKiC+h1hTTlyuvXrmpX3r1mez64SaySvjodqlfNgmebIso78VWfPmn6/Ys2s4rGkUDJViS8fx4gVe0Im/DfCY25J4QgyC3xLk7r7vaBWJ+2voQbFNKSXIIF1alSk6Owxm2uDI00DiPn3ahV2BWfAY+dgqEydeIJKOU3hDw8Rm0lvusOExtHAYZQjyeSiu5/3Rc3hR+/RUzrwVTu5iAuBgZsSH/d9vWiC/GQbTbcClNVko9SlixHkFEHH8yXC7ffoMbx5DrPx3DsrkPAVISRx6LAGVI9DzFNCXaSLZMmyOz+jSY0nGT5+1j0AOU/c5ex7ty8KP3n/ornvvE/kV8mMWPTAWrwyt1+mDS6FJ8GRJHEw0APn4YzgUbjm8kCK3I0emo0h+jiQJshpTNMDOx8g1HZZkd2Uua13Q7mMhLHQODDsHLq1LQS0MnoBs1lWcfAsUN1b2ZgQqotZzF24+B9ifArysFwb/v5H1u0aeB/GofzJDMAn4g/wufFe8exwo5cc2cM0gLqYuheROHj2itsy7e9qG2QU1OOGkmH4Qr4QKQfKU+2b3/+U/4wN4gUY6EX0PYYX3ncph3AXEFKNgJwsHEyG/25G4Ndr2L7GOaeMr4xHEmvNIUtRkMJGm3oiTvxNqfP0NTyIxXn/a9t/+avwQm+n6IJfNRXBJQQpifcq4zgB4qZgZEzpRhpdOPILXjzjENNUSU4Nym04YXuvhQOj73+jYwsnpbwJY4AFemHM/nqXkIDYr8R1zjzeQeZ2RmAKfDo/E7R5dbWTepAoBAL4+BQ5JWoBLktBjGWgS+ZcV4gYmebKMLKVK4511mCZ1dNjvpWaomP8CIWQSPnyy/Q4KyT4H82AKkdnSJN7feenSMlpn9Zude8slTDDBhGUXUcinK/iNGEILOeMyRSmI+BR48omOBQkSEHsZxsHkUqYgtsCUOXkfEynb+UojxUozjJH0W1eYSHr78p6l3l2je15FQPavTtUHA1OBcumK12L/gk5BiRw1I86oRwmMWY5ylWQAj2w5T5r87GbnODj89/lpOzu6TtCmEqP6VHwpOeK3g9RixBf5Nai7R55SiUprrfbwl6oxtqD1GtYzdtTktCd7rNmdfW668O9qmU81RZVwOfXywC+nORrFh51KIePpRM8aDTrxjike/QjmeAUjBYpvxHyxL2dlzMi71H/2aT5Cp34dGLaXN0nfajyjid41R4TF8rUfNhGlSTPX8Q1nMJGRz4oe734o7rJvvX94Ibov71ULSR6Rr62kp00JwF0E1qJ455h7XvWTSNblNB3wrVOj2F3zC3+nBja6184EM55swpJ8YV+ennP45jK/aPHfyw5b/tH1yR8viv6PdaSlrORg9f7Jaf9nQIBuImAn00x6iOTmw4NYo4/74+ws/Izj/UWCaephXm5G7KaHg/QkEUA6JGD08eApnksPAg8grHNz4cOGVMFHDN0u5F9gOpwAvzPJx9Aoz+V2GbsNnhILc6TBOF0k2B8bE61M6nA6kMsUQSyfRlEMOkMwz26vjW4U62RH8keWTH92r8+/Kg1h6VXLdMczQI8My+RC3jmHIwpWom2MK9BVWfJYMpDURGqgUm6/bSKJV9MwdWl04nAtndj1hFFckUI6glkk369cmeop/VJS7xn+NwljqNp9Rl0JoIgEH4NqwAmj14ONe6wERh10FpIqhmOSF2gzBvrC/3NN6EZvfSgEp7K/g1Mj2PGU6yx4igGN0EdH7dstIsp8kx90ecSCHM1OIhGEf7Bg5XU3VmiF+THM5PfavrUVN5HEpp7ujDyaTT0ziRl92bjjIGkCblq/5k9bC9nt1bj/D11eAHhCPCxR3yOAXZ++PSuUYJKzgFDW5sTe+Peet+s/sak0iuBZ1IR+FRx3EUuKKQfXxqa+MIh3w94jiXmgZzekYflAnHzKW2lg1ztf2+wg0WVj2z5bMLZdEjKQ0AO9VqWgJ26yELFWD3SShNgLb7IkazsPaoV4SJAea4Zm+o85v+xeO/m2fVl+txJOs9R+L7l6ifTn6c7WX7Vl1aAvZUdbkjkxdte6Na77l+Sd2D3lPdu0F1pNuwUW4a10S9CLGQM6HYPY972o+V6kfznl7QgrgjceA6WWhymu62k9mYq6YHAAs2VhoqJ1+eZyosC0c2CRXJXFNWJFNnOwV/pASoHzP57qLhrIgxfYj0cXkeHJ4ggYxwhRdnFPToWw7aqJktLNVMuluhmTWb7AxNkHzREaNjnveBmVMrbmWkgjp80T2k1H1Y3n+xizHh/7ReXcRND9qlY3dkUDkz89mKuJhGD9TEYTCaQSnGgYFnpUwhXDTMf0vZLX3lYNi23MCiGPLlr3Sb4faGpqUvgJwbIDi5fxLAXiVp7lCQFfzQJ3Bkg0n6rypFz89Wy3G+x5Rxi948f4tQktEqOke1IxKWL0yVv3EYS2AwnI5vdZLFr1ZoHt8ndcU5S1y5L8QjPPkpef3Z/9o8n2zy13Rx8p2B1q1R5bUahp4x+9d8kyIPPE4cylf2X0PzrKgo7zv4qniPyHp9x6A3swGFOo3pUCY1Pilp9tWoHp2sr4CiPSO3QKL5Rb6L+sMuRFDjME0dTNFrU0TrM5R7GFpA6tkgumh8qkcwrtWzR5sakMjcjK0KIf9bAXQbs4FUbLvSgXntz3AkaR82AckkvXrz8gDTzqHyUN/qTXDJxAUEyEGrhidEcVlIBbLocijt/XCx7brJurbNMek708dFqpUFoxsffUsfa4+z0pEo2/d+UHzDgiKqEaUbk+dCI/EvwSUhGddY3hjbLdohT56v70JpFa5iL5n7BeBMwkXHkO+xZs1XyG6dh2YhoO2viYpuiS5N/7qjO1WehlQuWfYkYWfa6VIpyS2L2ieNRKsqymYoSQs/zGqSBtZUA58v1Hn7Jmh2rNj/09es7CzjNSynwSUI3o3sGX4VSKZNm0vcxff4snad5Ezex1Yz5s1//dwAreGl+73kWjMNNRj/53w9NEJ/ax4SmHr+MxkUiyKnVizq8P3pkVTfBk2ST82D+LH31/ApielPJk1D2vFmfWTzsb0eF91cYOAbaFqWtvZ1MV6wy8hF1cz//fjIDgLbcH3IxumBuewu+Lp/29CtIYySMfnN1BtESXyuW0KFZXUhlB7rHx3asrZBBSYUNKVM9dsTQVsKVr76DO1mgsYsM9FZLpNVJFtl6xk+VDSfKpeFeT67sLjGUHyDHuEs5RMVr0Fk48DeFN10MmPhRc2HfI0I3kv24o/Mnw+bm7XtH3h1R3H50RhPmugTL0EP5RavzLbNZe2dBTWLqyxNCIMt4i9HJXfLExYmXW5sCBa3i06B06jh05x/VztkiEFwKL+D6t0yhpXOZqKRKJ8SrBwJtrsZ4vzjBSc3mTdH6FvImzZ91I3seYF/V4UyNttVRp4IQ4JZUhUQN29/wSEjUA8dL/BkYlroDoJxdBjN572AgpHtcjbTHxGYvxMaStHBtRX/Vkv9B9t/ned1zb6uOnCmAP5PBj8SYh9DnlEzstz4btIbGkroa7zXemU4q4mXvQsz73OKd2+5CZFtJ5iGMogwwCjYRh6NcWavez+7e6iZWTCJsblDT+VecNWTgPvb8/fAzZu0zvmH3AtJ9LH+KVTrdLHiVIsbMNGZn+xVLrMviufe+uU3S1fTuIEclACCPI33wzoKMQ+nWx6WT22Kk/qu+uzniGm7ci7tZ7cEt6N0h+rwENONOuJx+ypwGZ+fVC2zNzFt4mKwm4jpuPNtC7V1Hx386z4AUU8OhbcnjK0Zt4zGgO7JEqDgkxKUDEzQSAxuA0RxWxjZQ+quXGzXdd0tUBh5T5Uj+b9WSeaJ/MletHYM6hYQ2IGxMvc3bav0G4pOfUfdEjuzy8JOai/iGmywdG7+12OTKuDgyFw4ikmbwAhhmBNISBRWKDs6s9ZwLqEnPAjo1FHnzkt/3bPn80vJLjSOJrjDqBJa4bXS1gtjQdfbQZpNPXFOjUGOg97HsmzVz5DlqrsTWOwK4QwkhUxsiI89GOPITpWYFeDNxiUHA58qJVrrOaAKW01Q4SGRF15Jf9QOrOMBAWp3Pk9Whj+9VQX+ipP3KMRz5MstROMHnFmyvzJhP7rhPyVEMEOln+PRYWSb9h26SMSF6lJy/gSUMwLB1GnTQHMUidi+y2vQrR/uDEc0jmGUOBGX6hl85Wauk2dr/Q/se9CIhe99MT/fn/2PryeKi/739JSLZkKbJGYkjqjexLSShKxss6smcv+1grZM/WIJFUthmMfWuQfado7Ev2jGxj37+v1/RePo/H7/eHf2bmde+5Z3me57n33Jf3jQpWTBMG7jpabPdrlfS7zwQNIC1h9rRg1buged6oOxj7p+syqBhHKETjCJvKiK5Q2A0orsIZp3w2NIP2GLgl8uSJCGOFbepzI9SbSB/3uAFI+ywpaL9r5bYxW8rnkB7Ow1RijB5E8kmJGuKBMqm35cayEWcgVN/fQaCQPNhw0cvY3lggKOi+W/C31h2raYH6N72Uu4yBo132lzpzJLdukmyaulU3XcKQ3J6wbhX39UxQ+dP5orE/+jjourXCiyUXwFJeMkaUUqohUElXscNgpoiRtsDdzu4uTHiv3JbvkKBoEfPF9sCt4cL06LyECmhMpcdClTrZiLb9aOB1geLbxiXNgY4XnYbq+YQEcwQP7sXIMqKN/QSYiZrVlg3AtPYQscmDJRfDGpe3Y3SKZ/+36LibdDstFkymU9mOKOeadh7P4p2CvRN9ite1INtCLZM83PtHhluC8Tv1j3xm9J0CPw9sseMdaZ+mXZ6QaITayrxCWBkSYgA2tgSg4e+s0X0RiYJyhvknboUFuI8f8lGWXBOP56OwSZL8mX5PLXwv7MeFHTy9lZLi9pemx63aN6U3vh6yi9NLQXH/k3Ov5csKkUBDbOf+cwABFk6gm+DigQzQH38zW8TsD6rm2C7EHrYJjF7qzH3g5ZL40FZeHRJa5dX7rpmnDB0DT7j/QgH0NprGYSAjo5yWlT3/0z8qam2WpH3P3zcBr0+4qkjQoKqvce03jBDSkDFdN3i2H7pflfDY0rSzvRQ4ev9OQH5VexQPluevN5ituvNwoUZ/S67ajO4w+Rx8XCvZthGp0KCAhI52CttGIExo4nDsDC9w7JLaCHdvfuwdsJxOnnsDnIxox8jMoHqIwiyg3gdVy8sX1rGlnndd0KPEWZvtp4nXYm08+M97hpKwgDFuqy6u/yHySOnyfmzYQU+aU1yggXucTh5lRfnra8d2rKbII54/0054bT5lnMHPtsYDJ/tzcNcBxCZYho+SdivMPhVEVsaaBH7S0Z24qjjyNPlLUFvD6BjhoErmj7LEcSYM+KNLr8rftQdg5Xi/796Peyh142sqGzXWFfLUs5CufIlHm62YmFbM2Rk8jog+g1SlLnQoMf4uNgeX9Gybu4EcFbhnvRtLO81gH6vQCXJgZVUGZ2duFBuDVSHD204xz6zWBb7ymb+2NJFUJ0dtXN/tfTpFkl3CsEL/FsIELNxB2nuQANCZiWGH78cAoqCVW0W/uxa8ahH84ftVQV0YbUOf0Ob7/fycv/THkMpLWJ5fS4F2Vx+ls48fVbZ4FDC8lTu2AzQyUmCPth+ynRxFvmBk1H9Mg5RY8m/DiMNaMd+p3wBj1u0Y/xk42Qz+FKiayYHb2cKBzfi3/aM3rrzVSvQ9ClsC1zF3DxEl3inPhAGRn/FgCLDz+sIEM2JK+a1o3VO713YnrD0XdQZFGB++zsdSwoCwcfYWJS2FY2T6zGE8cK7uDXDuLC/WMJcHOwz+yThewRqvt2P4oRk/FESuOLV8Db1pZzQruKj9LPHa2wAvu8Rn0Ukp4SIvgnEvH3wwbepraKo9Ipzd4o6vVOuqlUkY4Fkoldcx76w1r14jh3o9jhOppVqoMoh2FNBGdByuXQ1xVoU8CYaWydbuqnNBH9pv7/ItM53gkazt30m5lEED8oV0dE2vo6PgmXdDnuRfI6huzOg+LLaUyt4Fljprp06pgEYWOhiAhZxEIFmEiOgGQaSEgywSbpWAs6PJw7WDbETFN/R9j5sfvd6z6oM6Tz3XNGollgQnfEo4GUnu7hrh62js66KVpM6Vsf2E37gP86al93tqCZZHeAdSOifpiLvSBiVEtGOGBM/GEajRuHYlcOy5sAThPTk3jLS+AUsXMU1sPXFGiTELU/ADEz35G7KDxgbGK4vmQiYntQKW6/NNcHC4+4V1rPDbAPeTJBc1fSJ+lpVo18hFtBs3WwKL71YMDahxy0njGhd41Y+LuR/3JA38r0R9uf0BXfCj+pIxybzDW8ry+3ZvCBiyZxNVN1zkah9eJ3hn6HbVmneJf+UEHYhPrQ/WgEBsUqojSi/9SYb1CgDc6kFtciB8cjluemGWyLtpLLMdpqRnFpzYqIJQzv5ejNViKyvooQile6YKnV1X3j95J4PDfvkkdAoP3bk5KtzzkiQKkxHRoiAKdzAg8a9x1++Tao+wX5IqElSaafZ0nH4u6Z+Vj4h190cFyfWDWbSgTQ9d02CpgKP4qCKpUg2mlKWpJ1w6YvLXj+0kt7ERFqlQRyJI96+A9fzORyJ6ZIrYzkKGhC8m4gjKCNLgT9I/Hq/2DcvyV8Kddteq4sGhDYKtcHdBFr9qhOjqrBlOflB3xMSzjDgrGlK8KFBqOOZqpBY5wGXgw01KXOegllIIDpQTgVsQ2icS0V+LiGiw1r5LQZPboYHeyC7+VFJ4iz7jjUsaNWOA94T39LK4hJVzYDCOHPZAfJ34syWg4PWhgBLu2V9q5hevtqFX4os8hqku/KSnFqGmNnwAtTG5tmE0SPsmLpr5aMn69MIIHcxWR2O9zG5E2vc756/ocXWVuLOwguyjV0Y/39q02vfmOz8BpYPxaue27jMsTKb9l3fzlafXrZdIdmQke/0Z4ME6xQKf+t8Aqa6tGPoZ1AWiMB0IZGsfaeyNU4O7CGZR97I0aw4vr1uSN4F5U2ip+lJZbj1IPawoyzEG9woF8nRNT8UE7OL9SRAAJyBGrouwaLAXbSn8rMy+138aDM2LXEO+rKBzV5VafRMBaxBaJF6mFoe+Dfr4PVb9cE0gX2PgaygzvrytrBiXy3yXa/i8je+4B/uv16By4Kao0uh2z4EUa8XTPLXjiZdJYDwAs3L81FlbFSbQoV2gBXrP3Kp27WgU1LJ3FZt8Eoa9qNCOuYidQXGAixHPinrqopH6kCD2W3TMpfshDGpUGRUib5VWS117ewlLhsPWyDwarVdgUvIHShmcNN00jNUjZiTpQuO36owqputEc1lACxvM7oK1sSQK2oAFo4if/7uo416umzvd3VfF6ssZUdc+HODFyrIPt8LvGeAgeNHD1AjD8Uol9JQVfqtDh0Vi1YZxwjJNk5l+q9ZEk1skt6mc0S2FCOXALFz1fCvmHjTwN8egRHeOyWzmftCqtO8n4kWAqBfL/W+gMsR4E4Wm8PbWFt5Xe76LsuOWSxghIaFDCQNfwXmSt1xx5uwoi8FVeUXgCOu6CLqhhwi6biEseyygjALAgkolFOsYtLwgWV+7M3RnmfkE1y/EWK9F24tlcHh2llQ2uKbRu1GPbY2taLJyBqf7IomD5uUzkvTZA1Qt+gFSz46rbvbTgFY19l/VoyW1hYIVtsqTSyV/HWfPeRBeLOvZCdxGvIBTlR+PTcsOSZF3AqYyliUMl/WyZR2L7bh/g+DXNVrpIGV/CsSSo4u5Sm0Y6IpkuzWp4qBeQ0c9bXxyKVLj6pzWWQo9DHoNA2SJfNcAoxHWDpOvOEz06R0Ue/kVFlI8o4/49F1B/+MIlUFg+VcZkNxRUIhejQG2EgEJ/3ZY1oW/jxYEkPDXYJVEgY4qeCVZzxNrOnY5/lG6H4oReSrBkVMkw/3aed+9Fg78YiDa70GtwuCg9j7POha6B2iJL8y9FgNYSLVirgb8ab26gLSqwaGhNYv038nubrH+FPVNgMExchaU9mjjaLP3U/fGg64GiJ0bUSkWvgGoAuu29dLeZEeyq6NT/P2+qe//FJUrkggrhS6vgSB8DkKMCSK6lQKJigDFHMyJWm3fsA9S3XR0+akSBp0eVwIUL9SkUlEwAlzldBE0tpURFR4TqDiR8vWIkR+hmHzp77DIQPvFuLcewJQeKxfMP94VxjazJgAnwdj2h/a5eJHwKGgGMCAepNqAhD9OX1fQ1Ic33Ec15mYygjc+3psLxA8+DpPD4qtlQX68dw8Oz8latQRrSBsNC4O1KTg6ATZneoL8zEtFKs3TtDMoNiK6BU1ED1AhJS7ld8aQTifuUpSeFfa5rvBMNfVEYJzJkAj2dsbTLOop7gk7PJItUg+iu8hluK/BF98DKjA88sjd7F9e7ETHn8Gb6Py4bq77tZD1bQB0VlR3UWQGRTcLx1QS0Z0nkXCHcJzdjftQuyI1L6/DJZyvlU6qpoVO/yCvjQtm5nXa9U55/YPNWysXPF8q1UAuo9lTrdPQoLhe3PWbSnnKc8VPsyxFLD6ePtESv/1d4SYDlCKqoZuVHQHVvq3+UEFtFY5zGRPGOjECL2IACWg5XrdrQ6WuK6RvrSmoC9nG7A+k/ESc7bQL7fLm6tdV4gc1JjIm0zqK+bCeWm5uqW2HSvFEf8mzD50EeQQ5BWtQEbPp39eiZlDys/AxsNKQPE+qNKhPG3BMNs7CCHIX9PZNML81r+o1jCa6llPz2X8shsPSK5kgHEnz2ewcd6s5Vp5DNRi4/FWu3GtXlVGB2qqrbAXMo0l+RGNzhlD/CDri+H0ZWwSWS4wcqgyuK9wPA8I8PTuk1fJ8N4MPR2Ev75k/DOQ9BzLpI1dsM+q27ZQP9+/JpeiVGMcwrTBRp9jRZn8JnF/k5k0qjukOA7HnX1/+XF0ca2vFIGdQIypENDtyFqxPVSFuZRycQRkWfd9Yb77ugyW84se17TOjMJUH6oisbvUAASgNKWwTjCvZh2vepC/VzS2YCLnwFOvFCeM5B+UdQm/3z+SJGGhxyPMU8Nw9mO77Ah3CLXbABMH8Zp73xMZloR2+cOEiSkei89DNSaBh9NZXwRVTbPc3hTSj02AF6Y5EjX0TS1NCnEqNPn6c5yADCIvbeflY+2HFcdVxEtKC0AWfZAgSGEQdya9iX3XFA6lcbZizmh2YKmkwlLeJ7Y7ySBTbYyQqHIwJfX7vpC8KihzDWSGVtRVSYT6qoYjLvzm2jqwgbzVBLKQvpe0OsdbM814cz8dM0CSHRB6bFlx1FmietIYc6GVHws0Qvxk81DPVl0K0+6qGxEeToNEBCN6sMdb10VQ7LrgJauncW63dQ+fapjE+itFymTuXBeW5CWCmk23FOOOepax4Uu+M+UzEQXf89J0+fcZv3T3dMDI/CyVTWlBXFQfzHVSxUAuEBwZnB5Hc1nvQFur66kfdcjdM+pS7y/ZiSKVRUGhLWWMHHM4SgiMf6YBJ2C+wGTHtIEJCnbEyvLJXde8a22JmJOiu4fxOkG7SngSdaIvxB+pVhTKCzo8HW+UXD9AloAAT1jhS4XF38DaDK3daxcfuON7SlUorbZV0EJlmR8VUGiP2dSL7u3eFC2OAx1TITUaisOXBnFRih2bI9dkHHtWfdT3VH3aE6j7wkxCEmhQvgNj0JLQD+4hI0HsmcRO69W2gjTCBKK/Imw5AMOrCve65q9LvTC9pImQbx+pfQjGQwKafygYue26Fe4LX6FzHrFuhkcsPssMiDzR2zkLV7YQ9Jcho2EHqwHaWiBbIJqIDnJD4VzjifUTlHApQh1ZA/cmq7VdTBwF3PqaTJvG3zMoHmo7r0OBb2Tj0NyKh+nZNLe9ccDatdMxDDDriR+qgfK7wVHZNcjRWLiCGpCETsDwU1pmBZ4EFKzcYvrzlt4E945rrtim2VvdTmd4BopqIDBrYD9xn/gSntd/KiBd0FKxE4Y2DMQtZy47d69IL0LY49k1ZlIbAoivC6YuPwCIkuIz5ur0oDCvjGwc0lMUDcOs2zGXnWXhIDlEYYjBhV15ImARLuKzF/eW+pflquNyjUbbCSP95ludlDpTowSAFJhzMIe5eCsImW1mApnlw1b4kg3qw9+k4dxkpKJBvgIH8jYgZUz/TAZarYLINQKJegF4flNNU9XnrQ37dQyHbJ4mPpFFEBu2lGX+zYPHTRkw2/Kx8Z3JPOQb2o2uGffN1zWmM4wwGYAK6pqKtcbOC+lKkQbO287YNEJuGtxGl0EZ2ECPTx3s5wrlmm8nOt9TSPr+RbN9LEllmY52ksu95EHaqXxkAWbdIk+tD2yKpPEOmFMLRIjuTIB4oYSAnP5Pb8xZn2NGO8dCegYsR20EOTQ6B5DZf7vbsx+FoGfwFuP4AdFOc2CSYU19EY+q//HzmL3ri9DkR8YLDfKnX69Ul1AEYNFayOfGum3+85Y+tu+qL2bpuvLh5C7AohZT9OFay3kS9LAZwBPHdpBWm2Yq5DtKuxppKGWmrkumBsk0Nl2fVuVGZNB0avnM2Rvzfh3L4yRVVeP8Ca/UOG67R+u3vKgfeAcm/1fPiXGcd41bY3xBfi/cLLwU+/0ouW3rW+/K/PURXb8zgu6ZokFZFpIMIld/wYPeFcDQTF6uaIyal1U0n2EpcodCt2u4c4Zqw2Y44TR0Gl3ytPxUR4Msgqufnrgc3nZXQqHroJ6Gyiecb7WanpGDVx0QVUCJZmJD4c9eR8OegFRn7XFThZnTZihR4dLWCOtysmu2dIHeVvbQnbYR6rnyOxF0RasORx241Z5BWswTMdfeJjL3wAaoTL05tTc+vNPNhX/JjhUlNEHcHrQhzwrm5NLtzMKpKC/2YkPLL7C4nYk+9QFf12i8C+zd2agyK9uz2N35j3hIw5mjsE24KCtbB6OjR4usus3BBop0/Ek9IxGncAlfLlxn1ADC7jzbQZ4sC/zTYLe2NFeD6rFYLw/rTqjf9U17mEDXSQ0oXN5u2Oz+KMRAImL/k99GpQwBXDBZhM7OpDDJkAelUo3NKSAk7biTe7CQSHwotGKNn5p7tmptdY6I1q9suZZpB0zHsWnh+mX4OjlhoIT/f72RyBK/WqFowzvk+3PYb1qN/1uTrMJgN9MujwAz/EWe3poSQoNJDSPu+AaTPkAor3qBOtkO+yW+DQTKye/yluQ/LWthaVyb2Wbdpz2hCrR22ghS18yZLeuv4bN3Cq9yHK3Cir27Vb02s3pThWAh8ExVPwKhWug459TOA/LjKMShK4/ftKhxaDYHkhXaeVKgr01Grfm8rXOCpLz7ZYZdjblTCifHugpU2+in7/U3seaYHj09hZ1GGUtt5UdM+ls+WkTcMQb6COh+ieX3RO+OzI/OzamoIQzlBxZQOpRm/wtHE4NDUJ5GoMFAtMao3pCUEGqYTfyD7xC5oJV7UEEUdb8Z7VtoMfmCHfX8iNKMm6qXnjlLq+OCIxvanCMdkb7BvcgKe03O8cD+JbplMP2iDyPNoMsekvB3DK9uOqQNT5SWicDZR+BSEQ9+EczWBy/i30plb61ogRIv2LMv1yDdIYpkv8xY+fojMML3w2erb5WhJnJ/huOaV+Pjgrjj4hGCGrimykbPVAJSa88mDAPE7pEasIMYpn8zM8cTvEYn4t3992PpuLR2HEDb1cqHapkUXfp375f5svsjEV9uh3oZ77PJi980ZJb1UfsAjvOH+Jkqw8eZoLjc4oLyXhw0fdA5VhdOAtmT4cmkWiXj1abm8p55tu/WGBudSeaFbJMvsuhYvHDH513OqikZWkuWFiuTbhGzCDfm/pKcRYAwGRQcUi1Tg6tPMlsG1F4YmABJ6MQCdVDtGpXgWjuImoi9CgC+l1lPP/q5CJI/Q2Y61jf11L8t3Gh84KpHdTP6uUDAvAQ3jIGJ7VNtkn6m68GcpQ2fD2Vb6KamgBuqX7CYs6EDu7NDQlpL8tQ2jcDwDL+6aQZ0jHeLcdgDzeNvXX6ru7zfag6coN/U1Yg+Oqp2fDRTwaiaoaZqrZum6r01L6rTas+uK6RLrP5hQlWNlYgW/PIIJ1Nwbe/GO8jNI3dy7Vj3ADHuTyC3GlfQIOq5Q4cOG34sBKiEPPK0Om2zSBH5U3uRr2lxykSnXeT9Up+QpC1iIKiI+oAt3YjnGl16eI9oPn3Lskne+05HpKsCUOsG/UFqt0yvDx6L70LsxtcOj+BVYHW3ZX/rhQoV0L8YR6PJw6O0/hxa8/Mx5QQ3T5whyhETaLE36jIT2Y5NmJc8vEblSn848gdE2SAMlZ161/Nwq15a2DLgTxX8TLz8kcWWW1mk7FDrNZQSD5/2BDp0rQxiOcFoQqitIe0x3bwNmJlUfKaswN/ALhDjX14ZDbjKJL5bNnrNyqrOYhIrMGb+wOqKu1Xj/MHCkXCChY+GjdVv+isVT2YYREOpiv6aNlisU/f9ricY39+5Xi1mwiWFuON0lorOoqgLmuz6NStU/UUhgNTggKzPF/ETcMv5+nUXS4gFCgZ/jx8+tBunNOB28QLDoLVonGy9ZkJvphLbl30GceoBA8UB6MHeZJeS+WBbYZMqgrDruScN1+J2MPcVL9ozF/+D79nhCuTk4yhsNaQxl+Ty6bsnqn2FcdqYefYkBatphA3lE9A9TJNwzHoeuVkfgoWEbi+D6aNRTFTq3Fd2TY5rswwKSWI1xmQQtmJl+GeuyJMXphvGzAKPc+/FUESMmjdnbLzSvEzKpyvtkfkl7ylUEu1NQixQoGm50wrB7sYBHPGCAaMNYQ/CXdF7+m5/lQZxMByX/lyKD15mJbdUlTK9Ey025t7qjpx8w2Ex0RGIK5jR7lhLdbWhmH+ilst8eF3ptjZdp/enR0+QE5ldqkMxcbhj15KfU/acnarwNowMN73VO/tshGJkL3FyJhAQndWF0op86GrXaAs7xpdXbyz5urZ5NMSEwKO7V7v3A5nn/kTGYQYhZp9qxDyo3sjvehE2YP/+zqgv7/oXRbpKPfyaauf+y/x6IK3r/71kFI9PTMFDd0Ri9+q0as9KB8raFFA0DZJBe/d1J0zRFHpAN7X6/+M0Owz5McSk0y0OgI3OHSfr9xBVbCXmd0esiLK2w6O/mqZCWqGEIxSRWHSR+5hMOfQuxK4LVIU1QYJyaEje5dtr91aZmZp+AWq8GHDZ5dvniWT1URkhN2pUnc2ol6sV5XOnDwlM7yd7uT5dsQ6Bzy5fFt4jwxcfSeYEI0i4KE2hr3E78fn8XL/aOyhUsJdTENN4BkwLRDESauTsMbrVus+gN+mj1DBk1JppFS2dzXizTnYJOb6eAzEbmil3lJavZ0AS9zrLwewqbXyk3XRDvfz/IC7QJN+L/8qJf2fTbPsPiadAiHrdtwNB8KYwdJi2gm6njiQBObkwD5FJZLuiZ1EdDRJ/t/Knxs5PXNYHbv9LbDyre+wyWJOilTTaVhM5d2s69juAczTWiWtddfOwezbzQX6c1g5LKfRB9r+A9iARmbWzvR61qcISt+wgJfT2Eu8FdRCnJWenzgiz68oIMWK5Ow+sFy5tdV8gCta+83cT2cP/lb3mHQLYjN/BhLe4T1/X7PjzGFm0cLZEAFYN1v8ZHJ07dxaB+ZTS0D/P0EYseKg06rLe6hHQ/AWnnRNf+gNFpPIOYZzk/20CH/6bwZGLaWEP1SadJerj753lr23SW/KVXhj9szTIw3xTqou2TAo/XZ7QMWOJBwBTOMuX8y5Cq5cde+l44Aab0+MTog+DSvktIPJMuEq9YjrMrfokjlKTjXLpg2DgSq43Rq48gwOvp3WtYpUo0HfxL5areplcV3KziU68tyzIibHS88sD09h5vO0WKxZtidk2reiNpYKuf3VejPg0Vzfq+9SZLV++1ByfO/ez+zd4r5xxomLMz+JJuXuyrWOByO8YXipLbCNjkjoA7K3222XITMf3L+Ez3CX910TGXLKoGe2Xm6acYVkx6zMHd/uPqYlV8nJT2eZRlq/BqwsROswvSXC3OIVQ07taQe5zxkBA9gnMDmXDRngaayHe/a7os8f+pLHgnv2tkows23nsrL2EPCkKU2kVFo2nrMm73XhqJiyKIjhVlDb3Tg+1bf+vVjMiauRBnfbg+HKB1vD58nH+0/atM8XAFj9etOowupbUm4hPp2wnxdqmZeuq+OVVnpLY0364ReFTajWo+1nzKFQIjtvFDBgN0AUH4JDR3md2lHyzd3JNUimRfRX39h7QMnskBZYLSs7pmxZb9mxrqi6FxQAn9Xm9VRzI5BettZm0n7SQffdk/8dH4bhh2C8GS7Xf8aZsHS0Y2l+yzuRfrMOSbf/v1vISGnXs5M7oS6NYypPJTLmcrzgf96GxTCN40tHRDGboCBCc5KCuBcLgAtc6Ska13wOS37Uwc0i925sbftglJxki2jsJIDvjTkaV/92cH5l0TWDt5IuGvILYVU0YnjJxVQpwg6+zw1Et94IolRlUCNjZzCFRZ9HeZu5tQFzEOW9/b23IOOVt1h43YXkU6FKDmVc4Fq17wuR5FxS+A3p35NnqJbcJG5yhmSnIO8dDvFLUIWQC6wEEQ661yGUsD+d/Lr9ADIjIlfrvfHYZcanQ/rr/jL7X2XoafygvUhXbkvqYJi4j6gxXk303/kDfp30aIr9OQPZ6sBHqWNOM9e1g7YlO81fN/v3k5x/vPTMcGZUs4aSK6gZKI/r735wCAN8GBw3KOhew51a2Rckz6UhYnE+ohbL5jRKDc9nkl8GdCHDihnsglrOFvEawhCVleQdfxyZ4H70Y5iyS2lAm0J8efKlJjcBR7uP3zlb+QLQeKZoYFD4B10rWIY4R/pwIRLV1AbJ/8hGsHIQPOB1okCBpgdZYDy42CC/74tmUpXzImL19SjUpfIs3KQ/akbgrzv6y6MKwiOZmknWbFHDaqCbn3l4zOtc/cVo7/bMIxPB6GI4ZAXRxiYJR3Nh3DscH69xHwoBe4dugEIlR+lgUFGj+iA2Oz1b5IaKrrWhNwESlXvqrrHtbQ9c3jBukAQBx6uGXyr3lRIvoskkUXiXpJcoEO2DDlCTLWeSz3sDCWs+2N53Q4lBf59dzu1tg/aJcBF+CExh6YQTsUtIz6ZBFwsz/Ul2mBPOLFEhnZmfXClbzYRAar9r0bwX1i9Aml92tvDr7CXQ+E2glTITXHC+c+TQCCJeOANhKFs3vCQUGmnwKWXBrvx97x2WvLWpp6l6aIwren3rJRXRjWIjney2ZuMROb8D93lbtAJgs9y/u+AyYMxgpYmkY7ar+RyKKx9NTISBHy0NTzS1ub4rk1ciiYUxRBQkSvhoh9nRggog0jrDgDlyaGM6qICGAjByhHoGCJaMWolQu0opPkht4a82ZFJAt8ygfCo6D5nSijHTSt8yDRORR8tzVuUahW4dqhPUNqIg0ZGS1ys7V/vYh4O99B20Xj3gtNaDcTRHa7TRZ7OlBFCqs7PvP34oBq5URA1bodYwc5cpB9pinHbdDGXnxYvdvz7f2NLmHdznFvCFefVYQ05czABYhtzAkiinXeJylYn2M/o77c4sFaN6IuENFckDtbvm8HA4Ls68eDZqkE00RgReBNxxrucuUDvMCprls64+mIi79V5N4qRzZ0kUZQPEgT9PASxBp2oQArrlaMOagGN0gQCGnqbyMO3SxGI3HCj4joZ4aISsqMzhiA1lHqDGX5SXDVFPSf31ABiErWBEAgswMjScJ1rb6fnfaBrTAyMucZvLgANg7bhtkSH6a8bwn5Bj24cOun+73uOp8pHmTPwHOGiOity0j4OWokPhKqeCP0wJoJNFwacrPP0zkXV/UQ8RBpNffTg4RPj/miHcPKs3DoG2oIK6jVtHHcHdAwFi/gJPv65cWSaxvs87lAiAU/tiVZpKZT4H+pGUU10S68HRQtegbvo4Hg7EGJFo9QvqPKSCmre65rWrgMTsFIpoClrLqEnYsBtKBnvklSkzEqoAAjawAh0VNCd70gtW6JzJf6saBkC6vXVexofzyAPJEA5EB+pwxabhDnuDrYRaQZspTpUbUq2oLGvOv0KC9oL4TsD6LrvSbqQQpi2GlYyY/N8hToacUQOawRqEdIloJ+5cMv4ZtU1CLPyVyPRwRP8vy5twmNHuaFlJAv4ESeIiu4FrD5zYfYMdZWdF1Gu+yyHRLPz/aEw/KpLBn5mfowv7YMM2HoqmIQo/l2O0YIAQVSZO2jdUdTuZirzk0zbVv8WSlXkhIAejaicAzUT3kIQU7S6FFgaRz2NiPUKpwskE8K4CLCn1Ca4w6oVEPIJPHaa7G0Ques00/VweSDxrHHFdHLr9MgWbL7lUmOwUMhV7Tr8HwGbqPfRup9CKJQNX5IErt2LWqWuAkwdMBCrluCfPG3Vk5cnyrB36jvEv12wRvPyEvYJ5wUYAb1cuH7Mnz9791HXZJPzM002AUcrL3SRy49zcxVfHRlvxcjUKY/hlz0/lN7TmsU8fz9eJJLi7YUUgybjEMBnJntmN+qM3BKKLQdWA6HeSAgPFP7186qz/zM5icDopZxIUhc24d03NnyV+Kn+s/m/PqBAu5mKsWusH90ZwR9Vu/n5H0b0tYR9WllPL4E95EIpZtEyrRxlIgzV0/s/XmNmcd6qSkw+/jfr2yREibIYEsafujYRZQcDBVhkJn+DYhuSNVZMELrG4ZNH4jR5cvFCkIo/sQpkP+mLH9WoanG8B34LItoYAk9OUic63eCvFHX1MJ4R9pJTQ1Bg3mOMaALP98NKQ1wdo/E+T7Zy6jjbNMK6wbELAB3Df++D2/KMImUYGWFk6F+/vUltdVCctJqImBFEt5xFr9hH+i+5Eds2999SEZ2bQCHCSlLiQfwBVulNj80A3PgLugHY/aYLxkfkHfbNzTBUEaQVPq5WDadvx66KQ2q8aUBWMuTkyUl1vr4hsiVwtTHbyaIrqSIJhxekGAy6kUj2H/HqpAMyptAssgJY3uBHy9b7/29k3e9T1I/Ghqg2GoV1qN6v+dLeDdKdF5z9kEZez+iu8DDkOoEqPZ14km8RijpeCF0CHpNItlzo92C5FM7EV1rRGLdAhIYibeeM4G73XWaJmsYvvUVqtklofhnA2saLsv/9ujutt64KckrQDAejNfn6yh7n8idLy9k6u2B9SW8oNMwdnz82Oc59EaiWVeyApOOnx5IF5s4nAe/Zn8LaztCYoVQkuyJ8nYcZ2kYDuwGKaPBOzC3F5wr97PPaJQl2DTCqWdBaAYVkyuSq4M/2mvsdyUOqZW5+L+KwVa7Kb3XUXxZu9ervLs6FqpCJltC62+/K47kFb4/risa+K4b1VrXKQMdPb51r27GwWxCnC7cRpz64h6zeRrkLRzEt2lOG/p/9vBIRMCkpGRvcvgR+qMdy3zGqZ09WMhs5WGOnYdW8lpPGkbvc+1BE6sCB1kEUXA7LzHEreNnOq2BX5FSWU5CnUVlVNwHQ0pX9n08DvNwziT4ue8AoysJW21qjvUiVf/0EvDydj5Hl3kLCLPYWokfreMbQPJyzwDJpz2uMBtTbk6M0uMXLTqC0wX1w7l8tcj6c6p6Jzrmt7LaONSKrW45xP5Wx8Q9GjCkNAksoX0VQ+pegKziWZYGo6/6m5FINOKvTLW3EwlgCDZH/wTr3lkl67zktEei73pQ7WDGRaqD4wemu5dSpbEp/cLk+xfu5u4hMjuEBVLKU8RuIC5EpuGv6+cbUsYC6ZPQwZEQyAfqLbj6acK6sMUlpF5klVBbJPczqzPIzeQ4YKWRhWNKuOyzapfTwhtXqyUXlWpEmWyGTn+qkC5ef4i46JdDnJ3fehR1irEeDTuU/4GPXey++eZpfswv8sP2x1neVgWmGk8u0O6OYkaSOKlBjL7mzTtb+AecqX02az5ny+vUsrfu2sCR7o07vDjlDkykIfROkKFNv6mnDBduGPfa+/Brnc4L1HBw1AtMB963otgYPneISaZmsJ/h+QUH1ohxe0cLK+n5r+VuXkrps/f2soqpBMjAqZTWquGCDrzYOIiBTll8+amK/LkUn4IEOQ6Wq02XiG6NAdbQU8JZz5Q0hjNhNzcwVt5kJUdpAjKy/DK1Dz3QdtGlWZwDNhaHLR0hXjmMPOfhwL4zukoHHxtm98DH41Ytc2nk+Ymh9qv8OldIL1VjBSNwsj35nPRRx3/cqFOsyts0HD+uhUdxCmOtwbS/ectLSQNVgE7C++t+R37PJlx5gDpli26/VFbR9OTGDzy39+B+6ZA+Tpf6sULA0XRUHxygUsyuuj7si9++5phJQOv6KW5uM79oHIWRUbAqPZ83S+3GQDTqblIorKsq6WL3TY42TPYi0c7bQ6vpYrGrm2Zc/vI3ONeeomceuybwIjdC9C+EUh9ef8LQP9JOhOzczqo8bPYLYdPpsNrbTw+PBxnQ9H5WbUhTFQEdiIZhOqvNx0BU5iHf2dkeYK9/ovCnI4HRhzo3Z3s241AoxVESjLUbRLRLbF0Pi4blgh2DyWY6RjFySN/AvfnME+ecRBpT6Te8tcPv+Ex9vaXSJJ5HL73c2y92UPuIy63R3guuWyzOt0bnE22sTR66W3Eim0Yhrnm718qwq0f/wZ8dxMZ2FBCvgRirfYUEPBIAFq4aw0xMYXvUkP6lZodc/k3iUJhv4m/1nOtH1VCKYfvU+wRGsWp2d78HP03dg1npIVoMNW/bJnqfcNvKxSzCgbFWGOZpS+BvVxCcQm/6V03SklKeIPZ2vpYWL7a+wPGpeH5Psx1XQmQVAsSbyyGuBCujuEfjerfGTRVl5GdMypW/61FfUwxYHcM3b99msA3YfJqQK23AM8LUMfvUI3UPUcou9kKrp4o9g9BuLlck+laCFnTNu1aaKQ3MpPdWBsX8hLI1nw7CBNtMOPrADgPgFibZy2CWdxpKE5efOTQ0msRuZ7QOIBRCW8krckxWTQOqJ558wUfz/lI7K9mU2Hq0YSc9+yThDFrifgB2Yxsz6mXGiGz65gE6x3OrHU6JH/KXs9hJdfUTjpS4/Rjg7HfJX+pG6fnNwm4Mmnq30vizPbJ+vbw8lGoosGJsDwMpT89yNY+plzcb35kk14w5Y/lC+bodhAgwEU1XiDZZVclg7x2/AhV9mJqeHQVUOeyZKh41G/qswqADjDwy+R+HjuoiTteVERKkjd/n0BuIZvBdN/EMS3FlD4We0l1w1F5D561m28FG04dpBi44Bg81+3LLz4fs6jOGHSxNj8wWOp5u3laqHa/U8xMrw6yEONVGwWxTuXqX2d/obMq7UP6UpaF1pAJdJKlznmvMIwLXrvKnkMDFACEneyUrvCT6g8Qth5/AHNhj3hzXVstGFX6ROSf32/lT7OUx26g77F0lf8Vm4u02fQmdt/Pu2kosMNA9yZS91390TV3trZKhxuMkRh6l5+al6jzPHVnfNZ1p9mrxgq1YPSrrmC2yd0eWdxghT4qJSDKOpEjPjxrNCjtb4PDH496IhQUt5gKTcqeHP7RXpI+9cp/qyeklvf+45eJrOLlinR8WkM8yebTWUe+owhp42ztt2/gb4obQmCv+PMLwG+vlRmzExmahW8Pb6Ze7cVsnVR6elWi+KYZ48fzU/E7dt5yBq4jScKD5vKv0WnvwEuo8VjI1DPDBOuJk9vXNWmqiG6rGuGcmZOXzVpe8sNp767ibtRIHkkdkput6fhXOxiYVjkExqpsKBqtlCpOEnAtRu/4Vax1STdiQ/AP32BqF3gF1nwPvZ+o+hWPEHbcVe8aCnwfLXsijjCYM/Vr7eYv8zYp1tMsUvIusBXOkDZN7v9Jip7Ft0eTjx+rxO2K7xS34WYfkq7Nr9QS3Z5u3zi2uq66Uv046d9TREySCtpgmpL1qEjzzGtORLhmMiRU3jopa2V+IMjHzV/PMniD6PwnXXrtnyl2PEqR/+fwU/PGvmT0xZiyhEWYRWUl4B2Q1YdrDgWLNNbTkBNLd8usU/Hi/UKc1fNtiSY51fIyIyI5ig2s7jnIhTIcviHk702tr2YfyLprwRoQzALbTwsGYEIskTtaTjjSlFomOrQySd9lKsrYD9mSe9vw9445l/QBbaSio3xtKa+2pAIuHw6rcGvoTzwhn6mwMyv+pNhtcLJpNr+c+W7WUQ4f2Y01tkYvJt/T86MnKM2JYAp9nseqc1mbB+f04eGqKG1marHiGkjwT0uPY/UJS3qCgLE/QGHX1ibayNGcxS0i48++irvF5nsd1Gfvba21BjwhS0MyuJtPwVmhy1AWs3pYTgmUlZKb3UD8jYhxoiRhflOSM5LXXFrJs4t7pYziydRWYiJWouepcMrrx850KazAdsJBOIe9pnBGFEXfncKnQUPNKdLwKzj1/gib14wNV+WermkeVJ8lZjbUakwdK4LjrzeffAcZTc/DvK3h1Xkx1z7kzi1N3+nEVsSj/Ve0Tjy1pTywUbR/8qPc6vTVmkTATs5mluMF8jVLL+9hvsVB97bCiwrSCUDltZzj9GvfM/bKxX9LE/HsRfeRa+zkq5a8vO7ZsFC9wzWWGutd54QWNw6AVqr4DpuBWLZhumirmKudWDQ6DjmmGo4X8D8zkzWITSWmGO1/e2td/igdeUY3rcy1f+PLZTTtBkM2Fszyvd3+JqiEzxKflKh3DPX1Wrrc4Psp+id2cl7suW8XLFRocAOf+RZbc21EmLY0w0HvbxzbenTa9iRBlwkaKz8VJYbVkJPXP1jzbTvLX5hDZK6zTVDA8H62fEZ1e6Dvk4203OXJfdrqlQhqH+yAqdwMjJKfgDvf61dUbvFIelcTh5IaLsZ+ZOOxbqR+YFq8zbRS0yNoeCVzzSxwP6MH1MSPCV1rW1uyd95J3dOu2/A6XK5jyhUdMRy+/Dnx+CmjzTEviQ1yw6CwdxBFL6sLDgOgUFmy4h9k+vuISLPh5pklLfXjeSsu03H6D7KJHcLmeAx1WBGFatVrtq60ng/DSlkPsHFZwxr9HJJVZ4bQr4hwxtQcGtiPCnEb3V7DJxKbfPc2OLRtH7yrMNZMuTESfGVhh2DQaX9nWVVY7BRsRjdbedicDTW+i6G+d6WUVKQ6II4Zw6DdeEmWmuGTg1DuAzd9uMuzizPBUS5nHAJV4Lye9phQXtavhVpAQXYZPUe9anhtutVAItu5xbziu8nD21HL7VNFy2d5c9XT7iJ772mGJXA1Wb3Z7oHU4YdXbt/Y+olS002mIM8Hh5vnaZfqWr3vKT5aOBmd/w6fmP7HuG5KdOJMfFfD6rCboh0kwRckn62imafycC07mouG2rilOxucS7NTLrfM0/aiVNsOyHDft/kgvX3sVX9E7YoRWzxeosqLejBWb5faqyfG11+ddEAt+a5tfEGfK6dPiJ8QyHDEs1SN6n1hL5x+kjNuUrh0mjHsuvDi56BFwftilQmYy+4PXKXLWp7bLSL9YSB+v6eiHvfBx0/g15fVb1j1r9RuW5W4OGAUuMeOL0WzdTuOcl6UcFsfavb2tH3nxjaEkChVGpWqucp/an7yxEoQdVzDsZMpzKdFQo+j73rdx5PXEfMEJ01sGtx8tI9DGT5Xhc3dqDH/43Ft9smu+dT7/NmyNBvTRIr5++wgSyKV0YbwcVtnEuterP+tM48frWLDd5Sh8v4kMYrDg8G72iNs1Z6vqsR8sK1eGLyKiPFno0kZS0pgHXBsLBK0PrzTlyt6Z16yqbqEESjTSjvenztZt8DzfqNlZGona9YtbLkt+UFtZ4shS20yQ5KLFlHF3r2D7l3sHkh3/CBIuf8MCBenB1HJduBkz0bj/0pehEAlf8H7NtuVglaE5kegGesO0iUEfu+eMYFNUuBptWlrfxffJ389zpY4qWs9avKrlmu/OFcb1EV55ZcH3DjJ7XHuq9RbW0z7i18UNMz5lLRyKlz7zSeqrEnRa52w18osyUVvfz/Ez3U36gC1Gb8xsXDaFgZC4ue18NB8/OYu0b4IU09gFW9PAofungxecPrqpfSdwqjV8MRrvUPvae7YhB1MeAiaxOZ8ob/N+CyHrpmmL7ZYk1Ov4MQU7/51+i3hiHy2nRO7XLKqjjohd8mO3sz4ra19LbFkUe7S79FNX1H2QZj7n2SaopA2bWt+Ocy/4FclMOG4q+x+7DZYxYSEf9WyE8CMzACcjhAgDAvmtS1uS8FXbnWcbZt8xBAezhRosJE1OP9LwtM6IwPX10a74+z3DSdlbj3fv9SheiD0Ztm1d+BLekwCXYdrD7OxWef7uXVU6OJA/0FvQwryffmF7UkwV07a2gCpO9gwO5twn7vOatL6Ppm7eVveu1V1vYGTEKn19Sa4mAiVhB0gEOcvZS6/Erd25ezxfzSaVTo8moRDzblS9rUjRybdeJw6+2dKtuRbwcUt0jhisnXYXivENGCy5eI8i78VpvQV3bWzAntznnhZ5cf0MUYzbX9f8al5pGXG+R2YJRYamtQCsoHmptaJa7tqUf+4Y7Pgu3NwJohNxP13QUJrvCuIEOSutfiP7lwpS/lhD803DuwzW7FBe7nALPTXPtK7c88W9a4Ub/A2Va/SfL9h7NJ75WR4krikVlMj6prx4Kn7hfdJwzCdzGoHtzdOGiuEchlIKN3m5pd14D/C1XvKcp3HiXKdx7ju/XQoMezly7cwLvPmcDfLaTMXERJ9EaDOMMl7OH2XKbIkY7Jt3fWiz4PV4T06qqcdzT0Z4zJ4lmpqrxFEAEpL5a2LtDZESh4mVLD2LSK/ZwcenmjDikth8+06ZcZ/Oa2N+b64ua7F5iY095REJ1b6RUuoE2MrCFN4u4wVSJ5t2HSeHdirV62bCajgM11qHqxdazXbp81YYUt+XBx3p/KiyXHDXKBR2BpoGxMbMUIgeN/7Vo3E6zN5Fpr7FYwdch7CfAsKkSCHAP7Oxp092bR31XuXte66kq0Rtzw95Y2PbXo8P2F2wKK9T1Po85hdACZtQTRj2Nbuf7y29fnrVVMia/Bwz9k82k7FLKC82/4aOSotmvpv5l0NEneUjr7yLJb2v+lemXunJVCVcpQnYydtbfXe6w9VNfU1ANcm0uuzKRMZmdLQWjenxrP3u+dHHtEYL1I/H0eFmYtX0tsWELPCvtOnQHO59yPXaMzZjYL1tgW538z7WVUjffc7iRfz0vNnccOruIr+89OpY10owfIQhJHMHacSmGLDLt8WcZ15AkPt5KAp6I8/jF6EgbKh2A5M/FvomldfQ9VP4y2toMravWQPVnzxlYZR5Famo1y5XJ4xlnPRH+lMD9Ya/ed/glI5UG7gj+pv6kr1RfXGxhpGhdrNo3vvszcfhhrsuO7199Jpm9s9ob7rWb7/S6hDPEnTKiGiDbZ4OXehJLc8x/7yHGVGbjYYFfzGabnn7mmxcPtON9lo1/XbtQwWaHb1j/c3R36Vr7g50n6abFhfcUx/UCtR2rzQ+hhvR63V01An7IXrnBf3ey7SrnZSi1gv9ZxmoYiRqCtWFoZGRvPnFGSfDh2ARskYF6lXJ5mQ4fws/IeD4RHTs6TXQYUrfnROjCfhiazNOn8wYXZrhU3KnJetiDaNF57q4lgKnGFuA3R0LBcrtJ7SSQqNyf62NrX4NcsPqSTttOjg2DboOLEZ4nwSEXO63xsKC05lDdX5p6FzTmPxlZyo8USyO+jwh2FTq1il2eCTPoSukdbi68Fb6wRjLcWfG3VL+gIvSOk3Riy9OdxAfdjATe1tSFY6yrN9cNdL+vhXsXyjMRRWpTXMPO52SIL/mvkSvKZkyVEDgyPVeKZJZDdMcPAviCfnZjvMWwtcR0pL6sWvoMkHEEshG/EZX48c/4PsPHyq4VEgq4K+OVZbwOdtytn+3UvYRssv45NQ3Fb86Hp4YEW3KFc19dYn2k3kBMr3MjWJtu7h/LirPrA+Yr4gvi+09NBTakWOWeuP/aHy8qvZiZa+f0XazaGbvZcAWswBIc4nSeDZNh9dG+q+5ONbsyO0urLMNrA8ILKzsz2IyTAUPveWNHiFd0Rcze1cmOLKm0mCHu1zCVOiNeX+H9nacn6RIc1XJQ5RCzcazzAeosh+9LWmIkHI9py5t6ntY7XD4ekehsCOQF+mpL9E8cIPztMNysRk+NhCVRckHVVN8CeLNg7ipPS4OOWecy3e3WU5pudjoi5lfEnvnr6kmZjKXTjU/kKE35JYqJUhy0kb0r/SwRWU9XteSdrhvWCrKHc9R7mDhJd+cWhK1oYNbsbUcH7XrVmNKez/EbPHANtD+Ca2JEKO8ghX8tUl0QiDgLWxaJSvs6G4lLiyfhOLTbytSSJg/zlPbW/Q5Gt9Y/Gy6EutgdeTXu5LYoHtwmOb9RfwY2csKr3rgtzM6d80FYe/vMv2riXN3+m6sMCc2hVmqdy8YvbOWlXWy31HmjdRg72I8IqumUHjCrPTYC9nQPnByiuUPqNyDR3Vh2sdwhngfh28Mi/jVoAa3XFFO+d+tnrZ+xjRGPhrasvfMMIW+FOLym08NhgeHvT5IOXU5jp2zlmiZDpV+6j67n9ZbphOuvHB4XTIkn273tC+2cVDCzsyHHiHW7dzl+TQqaYApUEfztYbQ8wwLb6Hr8hwrCXt+1zEbx30B2sdGRN8D+5DEjNoAyw2Vg81erKzwnZyN/c8TYoc1C9vaAa8vZuk5dQTUXLCvcvmQzHk8uj7cK4mv8QUGe3duf7US182IdoXTw9U02PJaBniruRbcF5Aqjy/r8UJmDNVvTiKM42Qc19E0r+n2Jv2uOdi7J1jc95F2yIj65Eb7bCyfwWVU/RnGrCX2oq/OjroaQYdCQ/yJeqSKkFuGbLmdxe9kNouBlCvBnwwWPebz8pnjxp0INDc+LjxbF3JEZrT+JWB7BXa8nTN77OdN+6CvI6CnM7MXK45BAkfuff26e369TZsL2/drj+PongWiL2b1suLDXT5oBCw3EyXxwztrn6MxGTaf7CbWiHrwYf11hBKO/MQZxsJI8cCVwQ9dmHB5yQoN3EcpJz8dmXB9f3Jzn9275jTGC/K9cXzAqLFGOqwpXULaA/VaKP/1ZLaZj5B3Xud4z8Mc/0Ufg/B7K07SzAmJ1V8ymN97H22zGGmeFTYwOJLoxSYub2rU+u/59b/5pLt32KdKENKanfafVcKXYTfmEaavdZfRKv8I0lxYR7M+X/5axBmRt3RcorwWLlZUDdcbNpdx3cj/JOLoXuqZKPmluz/ZQp97ftfeG/LXlKEkmU+ux2EuKXuNY7oQciLPKjWCHF5zBKJI8MjaKj+3Gte7uKmqiRb3/oAyluB/klynezggiRXumhiXVYjMWaR1NfKYnzaYYnkOUXHoB40wmllurrdMYu3jsWIzWp5UGdP6/mSnIAZEflsE9OdmjJvDKphjpkZlXBBJI2WCiumiY6IzVA/I1mgoRCAxdB1xRUj4Wy6vYgURw1oxxaau2QEyKCCeg/ie020RmNWE0dhqn9o0W3t1Mh25HULO+u/0aFGE33I3hmYbW7t5O6nC3B5i3SW/zxaQQQUlGYiZlxAPrwUc9cWauTSU+b7wsffde5zFfefE/3zNfzwd27Z2OsjErKl/+5bRdsv/jn8JkcqKRTdjEabs1tgRFvYy7jUKlf9EV8eFs5UpXkHAuw4BrKgBt93I1qvmfIt0i9rnp3j+dvnzLZRCMbU166WrzV/e1U91nzRLFWQkh8xwAsS1zN5pfNsjSSy6y/HSfLDQLvn2rYwzo6dE/p1jEPfxytGMj3ZwImtJsOfUIQCWAvRLY68Z/htCZf6zFxxV4zGPMbtnYpM0Mc6Z7MF1ZnF7pIb8H0NEdsFoZtLDNs160XnpTtN133Ath8B/Wq7wYnHBuczD3fewnjgmRLKpjEKFy8jkt/7DQm7df5X1yGyNUNKFsfOY2LEyGy2KMpvc80u3HSj8NrnD86/KhB3XQfKPMK32czsvjhW4Zz96dnyM+D7rf+SNm0LJYikDTVuWoH0PFcf98W+D7n+5/ZblOpnArf+/tiGbwK1E9W7hCZxmu3O30ptml/6V+Sz2Sqfica2siJzEJ3EnU0e5Yr/S4wpuw/+k3fBiqVdfs3uwM4uJaGgd7ieOASEq61yepif+lYRcEqsVAQTWg/59VU7e9f757eXMgg/VsrmFfv/aL0kjFIwBypDjjZ6eYMHMfBoxMQL1jYElWlhZDbehHJLxX5RQVZT81Y2pm4yeVpw+dpaTuenrpJn0o0BUZMyLJ3ds88USTAnH9E9kFKrh2OXWCK+/n2m4sfJX8Nrar58HXm5PN19fSnecaCnDkq21b5/+eyWjYBBActbV7oW0NDhemns10ZxFX1NTcgOs15d+8fxPOIafw/rL+Gp5uRjeOp+6XG03fCHBWYG5f+no23dlJRzRj/yPVzFvd2P6shTZsJTquL2Jnp62xLLakg+i9xxHz65Uy5xPHvU5FQrUaD//owG+Ftg7IBCGAFOklVd6mcS9sMQyseVR7v7fcqwyW5yebmDJQ/ZHB6cigbo5/OMIILrJS8IF4Tv1E51n9n3vML1w8cmTFQ9bWR6I60OyhrNjFcD5LXDesGZM8OJ2kyA9F13e2FVHqkbY3zoyi6YPBwJd1u2stHEyTIbyz/6bZ4pFNQpwfLZud+gPlsP/fBp8Bsjw2vzgJbHzmm5rDFQ2GVQr46h5zMP0oUgqaKFsAo1ATtJr0sdXMLayCOCqAzjjhOCfIQqRqs+m4HldMNKTkPbXwjXCAJ//eYy8BXyMYdkLfxlxAoRCkoqYt0B9TuE/RAGckliyfxZAw4mF6r8pFh7ErsIJkt/eezGNtwWdsgnTIsaIldni3r4lAqrkj09bBDK7g9FD3gj7I4zQz5StEui/P//3iQsIlrODH7xA85CR9HgJIf5hjSDY09P9DrhkjvPGOOMIR1fcqgo4Qa38MXahMs1Z7BxqCk/+Dor5P76vmtbThFFmwXKl4q7Tpo0wXc4fZJqGe4JPM0Na+7MA0EYXOS5e1MF5WxLDz2OTGxr3RM3892u+MU7D33X9q5Lzngjxb0c+XZ8vYt+n9V0cz524CA6lX3p490nYGvrWf+I/m2cJDgVc91swvXOoMyMn/pmnEUYpg7gv47kubDror/Q/v3eI+dgM+h7o4H+kvupg82Ea/ym+6T/7vAN0B4OXUl/Tkf9jjIr18I+OCIk3UtjG/0R8BzATbQNF/+dnELK+Axo6QDrth5UFFw3qmaSwO7iPj1soe85hZf6zOugGfE4I1Gs6rv8x2D3xaTymdNHXLwLwDz31r436fbka8PNTKK/Z7v+8hs8ZUc2HoNuTBV3iX7cJBZg91tGP/lvwWSwj5D5/r95MNvE8lv0iBwXon5dIn4G6AhfXiFG7WoGcrff4e3TNxuuS2CvfgpfWTQbpSQEGCifMh+gC46tvDr/uKucIoRSFCCiI7gOc930Ieux0JrzwoqAspJKWjC8hJ8gL/3vx2TVOjpQ+V4fVe2BCYCGtFPwODAuwFJ8L/9t/QvVBHf1sofSZgvsP/zxBikDS6BUFnC2UJ/5ZQCESZBL/yIN+rNDzDgw27r9aKMWYsaRVgT8D9d0kL3kFQYfuwiiwlUkNQsogrRb8ZoqlKRLw8ZnGe/83BQhdsDW7a82Y4fNYvTDQNWZ9KEgiNc+xqIYDDT3hgOjUv4KDATPc6zc40MMTBdj8j/Wgr+b6/q84K4+HOu/jE49IhHVGGkallGsL5eya2kV0aSZqMD22JEeHzFRki4wr7T4vcqxkN20Za8xuEY0OhrFFOZohGhrWTI1zSDTE8ztmxgza47XP89p/fq/P5/f9vD/X93P8mPkuDkSziTpK9Vjr4htZcKMuFZ2G0ZQ5v93ek1scSKZkbCojMr/NAdyEr84In/H9UkPHj8T1grfICieKxbsR/LAyfBtb1+yhbSDyT60XNsSHdcmHjnlriK4UDDXLcyrMbMn6oV1jPQ6+gvDdVQL+h2HH4HrqJglaw3Op4+Svh/1HH//AQQatEOrfriCMkMQTCRBo0L3HGKc42wsCW6gDYWMulnXDI7vQk9xrVN1X8MwDukqd6l5Ve1uvyHn9ZGCLvjyLHhD8wDZ/Ha4udEBHXOtgOfRrKrkkGWDbRpGL3HxKYils6yfN27SBClsBDHCeO+3om2SM6YT6QmjegGXVq+RfJt/T1GiIXe1wv2IwQ5XTERWaTkl27aBlNp0fzrfxbbGYTlNCpDLn17DBN9tzA3wi0kvz1zpuuG0xEU/yysjC8OKBxQruOSXY34BQP7SpZ/YihvPksmN9US4v7garhVoELrDRTCNhtaN4XlsGmiTzG8jD21G/qkMxps4Oixct+WB1p68FeTTLNo66sPlSHMNSh2o2IZmTYPm9CYz5sXK7qfPCs+0OOqxgtgF3XYjKIR0SNvXMMasOYrh47AC35HU6YxzZuatCzXlyXW+CbhmF/bNpLa58Ez0/huDlbItt4wVenC6x260/xORk26cOVLZmoFhcJ//LJC+NCBzzfWnRwWmdTEOqR442tXNFWlcMOgVzlk0EXBPNAVQaaTk+HuwtOGl4dny40JGxAF2wuZqctoRyedxYByp/SzkgEk3yKdM0ks0VwdExoq1oRkEJdMzeSTfD057oFjvYKgFxw3WMLnjukYZiWWiQrbKg7SRQhj06HAxsxdiXcMXAr1D7/O0oB1oWicGlfo/MfHst8KVSxf2O5FXW8rFpCTXz2WVshza1cBnO6fNANCHKYxWuLkWQ/xgs5SEn2KVaGxLWllroSjtxDNjd4lxg1KlD2VgUyyZZ1KpQ/3KfrOiIT0WxBJ6VHho9+vTVEWAZwbdXOPZrTHkWlhGMP8g+dFEKww/G55HCd9PL9MFVDg0DOIdBS6jO6lRgykjmxocvOGgTVgS6ILGK7AHNEyigk5EmaYns8fFtoTTvq11ePzlMd6v86KmKxmxsDgnLO4ZL7fJqyyAEDEuAex6RRroHVLQpQ1zmcRe6nNjX+ZP40UmNIHpB9WDiVV6ci/B9PbBnV3ynTbGnS+7K3RrFOhxpS9W526diaX5EzdMj6JaQtBw3T9Jnb/CjWtRipHDlmpdhRu77y8v5JqyqztRDF4FlCIco9yw3ZVK9dTRyCfAhdjqEfuZ2GYr1oZP5RI/iLW2JV57iyUXi7NW+A0yE59aBPyBQJu6rwVouMMhLyzXIZCGKZddfTFSQlPUbQriAxNzXoEG2w9Wd5mnDS5iEvfl9F5Noso/3tdXdCM2g8Lf40QGVn24RRgZ9RjilepT2IikdEwSmAfV9jlIwEOpN234lS8tjalt+vIpiITEb6fx4zPNn3gbVlh1a3Lt98QJ+EfhJMTRgK8qAE26ETXfVIK/y7Y2ycvctN0nix2N/SDCkChnkZP+Qp9eK8MDfKLTtUJPB0wxNs+et90/CutlVk7TtqNt0HfHZ5USbEpsQXBWBiZouqPzVuJFkrGGgZlCzYq4FusDGGm9+VK1SWY8K/t6YSCdrwhsdVutD4ydjFd2ysOjL2Mgu5j0tivczOnnRdBHtKRfwe4HGTsLqpmCgbwyRGWdc9i5aV4xuouQtAsW6noDhbSvIi0SxNh7obQe+2M+3TxeWOnW+P81+FD/aTgrPzvEgnKZlmojKAsgoITzXgQr9xAFXKbD8aWW0HQXVQUiqsIockEe4i6omfyWQKKOT3VKwhs3L8CMdtFZsAsYnGFz55xXniU7lthZMZmEOd6bCuV8qNkOMwFeRbPhm6AItylFhNZl1rY6sJp41GwH7823x2Zpg7Y9DazNCVexNLUl7JAV78Koh9VnpcP5dLUqmNKxwHT78gBGePdL67WBHv15kw2gtsqpmJNv05jVexWnwU6+7wxxM+9Y1An6+oWlvPJbhqhG0A6NXfstEJatBL2qtP3HsZU0pJ+vhUuRkr6lJRc7k4MteckmKsouerdPEmVeNgzU3tDmlL3sqxvQo3FZgcFHECr3RBe+dNYK27cEAxS0cfOewY8NO9lT1z2GhSV6jSfu/zQsbeZ01cMn0R5sYznBmZYywzh+XhFk9Tid7iDscyo65xWlfgxRNi7ZzK2m/hGBe5bdq4dI79K9de6l1fqWP4bX0MjPHxU7aJb80spirrU/sCGnR4ZZExHm1AV9iQO85gEMqGmj3g3EkJnWAgC0ZrzynFbaJ8YCWPMJNMPevbVTlMJf3VAa5OQwff/yl9YG6kPZsu+J9A+v1vd9HLRPVMeRKdj89wdhM4baNQ0qstk+7mpvdEpI12eFFcV9d275E1oDaU1tDZXIxMp7ac7G+/ePxJPE6BzqUhO1kjrCrXQ28gtnIWO69b1L7Gd5N4evcGCpNxx8X6xXu7nVteKpGhUcO6LCqe00Ci5fupey9Cps39Z3c1cTWeYInD01E2rQREscUoHlB1ADzrgxvGLA85OBS8LuyDXgNVFw5UlQYCEnFrkaIGk8iLXWudwd8rU4556koKz1tJjo/Hgv+j6r7rF10dDf6j4TWgQ7HJou4tTLc5zKctQxnJcNZynAWMpy5DLdGhlstw5nJcKtkuJUynKkMt0KGWy7DLZPhTEScm8P7MY4qkF4wF53CxpK4S4t33J9QVwRmN3TXCvClI1A64juFCOieEXD5GOHBuQQsBYCAN7IEFk3qjtsIZhpKuij76lSQgK5NdJsb6aIbRmgshH0BCFGxbF0jg58BAwioMGbhpWHAt6XOJw3DGqQNz9QAw6Tx0oZn4mHYbDwMm4H/A7Oz8RLYbLNzu/0psyJCCgYSnzILE9JmAULGrDQMIGaYBYg/axaQnoH/fbNz4CWw2Wbnwg89N/ojeSkzImJON0V4KTMz8TBMGi9tdiYehs3Gw7CZeAg2t9sb6ZvnwD9pNkNA3bocb4ybBza3Ef5rggLY09GkWDGhALQ7IAU0PkCAo4CEBdodJozEMAk+fvoQIGYczlQO6/yUctlDkCB9WrmUwyAhA0OltQDfTn/ashH4R9gM5cvF+OU6v3MoUZ4mcgHahX9W+TRMKmARHobh/oWAdiB4k9FBvzV39aDzE8c+3KpqN4WkrOqjJofwVL5j1LvxDe1I6N1OrfMRU1n+u3jzOGaulMrm/nPscTmoAhK4LpOUw4qRdP37x05GGdKQUM08+qZic2CvPbfGCPKgpfrncNipAwEljs7lR7fsay1zReY8Xwu93PvYlvWfJtZer3uujGUP3/XlOj+E/f33AjjMR4iYAq0LZt1HcsPA3AAR+Km7RXyRnN6MqzmSanF4qjWbMu44D0HQQCBcffav+irvyLr6Bn6a6c22YthNC4tgZ7bdA2fFPK20woAiV4Z804CpN5yxq32WIWetJ9gfQ6tb7qx01LC84MkJrM48ONVxL7X/pWujb87kA+THKI/2IqHa8a6nPcpwJJjAi2axq7L2Qh4ixE9QIQISED/BSMRPGSFp0Whd8AmmDgFdjOQJOo+AGlL8FAlJi8JCnxSdrU9adA594H8Hftfb2SH9reilRefQB934X43g/5k8mtJfjuAfS97//jL+Rij/fGqYukVlNHWQ0trbfMXYjnWHYAxyK2+8KOycIrYlgoiNm+RZtcZbQgqJz0Q884ZDUVRvLCh5/crkA26aVtGDziqIvf7g82Upphpgyex0PLjlDMMJ8kDrefraeT03Mw1oRhBbq7pFWJdss718JcQOjL3OMC/Qt1QBOQVB10l5lqqNb3Es6Oqj6Psb7PIpKhsGWipAtX7X2XrI9YTHVPj0Eb9s8L3X81cTg9k4SNn8mpS4A42v9u7hVYHir8tCfQ8O3bAx374AdP4eLoTWUtV3+TPwzKp+d2JZQemG9rF+BbCnXrfmLz6BPrmnDmuJAlU117QYYwJCCgIFeFA8LDxFtZp7youxAkpebBvN3g7PJByH9KLsqs82U97eMOC4pdi8w8sD7wbRFcyGp+dbX+t20IWuL7pjFUEbnzG7b55i825mIhfuh4I/1MPHt2HtGCcTL2uDZurtDuSNvwi99WHoSoX7W2xuMtRtnHw/Dn/CuueS8dtdJDzowCO/+tScNemZO9EerbXC8UyfE8T7pdy+scd3lHxAhLZBvveTZF7pUCAtKMp6fEreXa7qm6A+xRrw8Eu0x9bCzX4X/gtQSwcIFJPoBqXXAABB8QAAUEsDBBQACAgIALyhaVYAAAAAAAAAAAAAAAA1AAAAcmVzb3VyY2VzLzBkZGU1NGJiMmZkMzY3NWMxYTU0YzgzNmI3Mzg4NmRkYmJiZjMwM2IuanO1WY9z0zgW/ld0nj0mmXPSUriFC5O7KV1gyy6U2Rb2ZntMkG3FFrElnyQnzYb87/c92U7SxgWuuzAMOPrx9PTe9773JAWVFcw6I2MXPOlZkU+HCxGVPJ6dZJWalTlfLoxMMzdJxHz8hf5Pny7f94dlZbPe5eWDoweP3oerR48ePxxNKxU7qVVPhC40/ZUZmp7rh2aY9Fy4SsSUV7nbjsIA4Sqj2HK97j+Zc8PU2PQeHf3jYT/k+Pr+8P5hP8zxdfT9g7/3Q42v+/ePHvdDi6+HDw7RJv3Xg/6TWCvrWDwOHj6e/S3w0opxb6UXSpiRCI0o9cit++N/qmFsBHfiWS4KoVwvsCVXQbiKc27ta16IUZBKl1XRIHKKNZ/WcZPy34WxbNs5yNEognW4J5LfkJfR8CDMjJiOPmTOlXZ0cFALGsa6OPhuJdb4x60/QNF8FCitSwHFmdKYIowRJghJBeFGwSTKuZoFYcCN5NAhEnkw+nCObraRw7RiL6T7sYo+dKjXseNsIGPdysxkkggVjAJnKuyv/5USnLhysEZAqgT9jln7Zol1pdzXGOZg64G72+i7VbxmO67cGim0bpmL0SqRlrA+CqJcx7NgvQ5jbCQdrzJh9FOuCEzB9nvy9uXLK6iPhgvpICDYfE50NsvRhaDJKXDQ1X5O0n+/+xiE9TbJWLaFnP8x+ekR2SSqnAOmoUr9MSl/j84wSzga5USCSZvvyflHDYdMYe7KCExqvyYzUaWbjtOCp2LT6X9NlseP5WbAL3qx6cb35OXR46vdzmPEb3Dt5+Tk7KnbDDnRynEJy+wO3G2cvKsujoMw16m258LzwCjY/TVJX/163gw40XlVtP31j8mLl+8umu6fpXVNJ31Ofj8+fg78VeOz6COEDUE4WPWNAU6MW4ZZ2w6znS1U236+LCKd27Bsu0ujnXbLUgwzbncGhsn+iLLpO7XPVFUIw6NchNNxQ4DjfzomFRP/qnzDSmzGjP5yGIKxpjKtNr9BsK79nvO8EiOz7o/EpXs/Ng29RePLlauBdqyWLDJ6YREB/6mODo+OGDUBvW6qTdG2nSnBjt+cBmEibGxk6Q1+MzDV8LnhKX2Gqsrz/cAtg1s6oqYjODHa2kGj0DDohwF7s0kazFZlqY2zjOc5K3QiQPpGKPwvVcqESuEnC1PFeZVQy0lmdCGrImS/iugn6ULGVcKeSwS6viLpd9awtU+t4oWAUcECv0qVQPOQ/SxVdVWvVvD47Dxk4AEovWTa0MCT05Blgie5sJaa6Fskf0gjEFVaIRBrjd4iT7tM7BoP7iMUBd186qkzaKlzm6iB/vlBomN7IJUzmnj5Aog99yCgpcI/QeJLPud/VGK5dJlWNwS/8Y1/RE2nhLshdPj62cXdRX7EXju2TwLv6H+Pvlc6krkgnNcAeM2dnAsEiW8WRQXAImaZnrIXWqdo88EhGFCMiE+MlonHayPonE+R84bsAiCySLN7ccYW2sx87lvqyrAfhJ05XXoRQBlh7yTXFWG6vw5X9d+Gc34RVuYSm2jZ5bVm05zPlsxhK/abk8xx5fRgwaXbIxhqtN4kop5lmdMsEoz7pEK0ykoj0Y9mMDZRAJmk7rZDdurATVYzUD7jDHVyxqxwZHXvbVvW2YmJOQmvzYsCJZJq4x4ynVtoaCALagajUZMSIvGaIVHLqYwlz5mThdAVlBz4IdCs4GbJYk5lOkTtGPWO2AKeBlNpADCUW8hQfpc3rbbtgnLYj5eVMNosaep5jzQnHZOl4oWMGY4FQ0BQxLN6EodPCtigHo2C3kiIQFUn82b7MbjS706rRG5XK4S7a9wYHsN59XZOmiwqvLm8Aks66WBmugxh0pJKECauRFx5T6ErFiGby0RoMD4AK4Syma4hs3Ge94GwTRg0AQC8Y3oiBno6tTtBQJP+NPwHT+ssapmpFNmbLOco6lDFaorhlDRN5BRVLzVreFMqyp87jahMyPDYwa7HJaVgmSq4aIGK03uoycdRuyo3cSYd8E52I1qAGrYGIwNosfdBI5zCABILMtTuKlOYdBMRy5KwAeXaWY2jKiqga8vxDTzvgIZXOFPKkrhyLgzSxgYZnl5tLBT4UFMscvzEuYUV7YyONLARi1LM1sniq4Y3PvAL++rhayZVZG+fQNiJH7KjrnfP1p0eAlcNx22bq9pjtZPI3gXjKWpt7NyzO7phldDXXYCHVnWY3DnwKksE0ZCg3+yPGgtsWDckukSJG7tmAw1rkPqGqmzCZVLFUOO6rF34YFPAvgBo2gJXqrICpGWJ8MQWUK2h3oejK2kzz+1TpEQPNz+tamrQu+bkqUHiJF2lMFD1POOoDtkPZ6/2C1tsPHYaPmjG2s1Y7xXYHb8E2YTCthaMWbygCjJfdmXZ5xU5y+om8Tcs85xDsQ2LffNU23DQBnd7O68nUrKMrg+tszBHAvVIYzckEQWJ/1YSJxwCMIiMJJCtlFhsZAElU1QzDcEkcPucgD4l03j62NrH4wzHec0IiVSQN9Hk8/s1qa0KWiFVOc9aHBlfJZBLfFXIPJdWUKK6Kxv9rNM60OKmoD/n87qiR6LMMBZk6NW2juK9IclWMR/IgooA6U+OFLaeRH0lUBsjWpaUtylCSgHIULWIM/CAVkVlU3OpP3a2PgjZEqXMdSNu7edLnASy8A85pCk6drLeG71AxQQTXWiN+Eu//WESGSkVqjbgC7rkIVvVGSiiIiPWxp8TPcdtarjW1AWREHCF4/Du4eoOiuxmTuVrQN0cbk/rn6yE8JClrY4bPkBh4UQJbYyu0mzjxG0EYwCSZJzLeMZKLT13iqsy19eKFTj2rkikKkmwd1Is2gP5SVMLtaiSisrgGgWwl1RzaChTb+tW3ymXOeZc42dfQXnMUqa5sa+moIo54Y4Q57nQKl76Gits3NXuFbnJz7fwJJVl9ckbnivQ6WH4Pnw27q0k3VW9NflIhDUq3TUQmhDAnI1yuuBd1Xcletw7DOXwt35P9J80F8171krk/NqdJKZwmhLEOscO88Hg+yBMh81FVr+9JkS1jmx/ocvRw8P1OtT37n1RckABPhjEPhd03RnLIr02YbOqv6YLrYlHOuS5o1vsDkBkDxrHu8+gxVBYL8aXW3PSsgf+Cu3g3TnF3bCkAL9+Eo6pfS5thSOSqxKp6W4We+gU85QKsA4hEbV/Zt5Z5XKtZ11TddP1mdk//AhwOW6GH8u96YvFYpg13XSpfJuMV29Pu1bfuY4uKjnQJj1A0CCh83xQyduEnb5+8QVhsMcg4mp2kFNCv0XMcaIjcfQFSZwGHXhCMlUxwJFhgOYS1R5o5TbJvyA/uNd8TgEPBb6whKHRA7UZvtdw2zI8pppfRjKXbgm6IAaxXYt1D5Qa7nrvn3OW4942ugVFt6VQ7Ycri+NKfQ4cufFqvR6L2wI+H/7WpjU3dDylcvIakVy/yETllgycHuA/T1O+hkN50xyZ6GzGy9J2hbO/GTTd5EKPBIz+GQyaoz+RzPZZod8hb49P4vZWvXP1+7evPJl4A7RL+teKrhX33ngwvn3CWO/mRp9chL9koaokl74k/zrTdSa3m3tNh80byL6Wmhy6O3L7JhI6PWpTQLBzcYe9Bi9QENl6WIcCRdi8GwY4uwAPeuqC5gVxGOPYoovnUuSoEakN4NNmSauDl7uYOTI1+3Z0FXDgrYn89mmf6Wryyy0y6xxDqWSXsJuDfx2UC5m4bBQ8PPxr0JlnbH0R1p2qOhz0fwJ3bzSUw7hoWPCy16NnlI4n3Gdh27MCxHpEFsZfZn761CNC6PfLId1P9ehR5t69KQab0F2a9/0nctrL+ttJKIaznuv3k9vGN7wCX/dWM7FEMg5Fv/7ztbbafe36Vva6Q6Fz/4gYYeeprYsTsqNNjZ5pKxSV45RquJKivoegR9mmmqNTHL2X2a4Yr/Ius9A7HiqUxtu7VZ9PFugzXU/4uYQwcoe55TG+nn3zefjWKowipA7n9s96vYb3/wdQSwcIHKf4VLILAABHIQAAUEsDBBQACAgIALyhaVYAAAAAAAAAAAAAAAA1AAAAcmVzb3VyY2VzLzEzZjFhZGY2NzQ1MzQ0NTYxZjlkZmQyMzUzNGI4MTQ1OTQyODYyOGUuanOFyjEOgjAUANCrmC5AAo2DSAJhcnPQwZEQU8sHGmrb9PeLBri78QTO7zFC2GHwSgZWxQi65zM8nJDTaSQzOS0+s1fDGO4dvOo/vq5Nm3BHOMZNkx+LfZsueXHIy56MDMqaGJIFOLyd9QHr8+164U54hDhamBFPYCXrrCQU5Akzp2lQJpPWBDAhc2IAZClT3a9BL0gHtkXJtrVJ9QVQSwcIjmFUNJwAAADIAAAAUEsDBBQACAgIALyhaVYAAAAAAAAAAAAAAAA1AAAAcmVzb3VyY2VzLzZjOGE4NDY4ZTI2OTMyYWMxYTI0MzgyMGM5MjAzOTcwYTc5NWZkOTIuanOFyrsOgjAUANBfMV0oCRATfEQIk5uDDo6EmFou0IBt09srGuDf1S9wPocRwgq9U9KznCMMTTLC3QrZHzvSvR3Ee3Sq7fythmfxx+e5rMLEEna8LLfrTVpFU7rfHbKGtPTKaA7hBAm8rHEei9P1ck6scAg8mJgWD2AZq40kFOQIYztQq3QsjfagffwVZBFT9W9BI2jwbAnCZanC/ANQSwcIcyJRDpwAAADHAAAAUEsDBBQACAgIALyhaVYAAAAAAAAAAAAAAAA1AAAAcmVzb3VyY2VzL2IwMmI1ZGNkYjA5MmRkYjZiNjY0NzMyNzU0YTczMDlhM2VhZGZmM2IuanO9Wwtz2kgS/iuyLsVJdcMcTxvkZV3xK3Zix0nsJLtJpahBGkC2kIg0QAjRf7/uGQmEEMbZ3G7lgZhnT0/311/PCH0ScS0SoWsL/dCIuNenM94bM/vhZDjxH8Yem89CdzAUXYdPOzvqf/z4/MWk40k0ND5/bjerDdLcb7W+kEW9VrX6E98WbuAbnAjCzAWjoSFMwqhjCLJweJ9NPLFqZS5CLiahrzERx+bhlIWa32HGQa3dMEkIT/uVasUkHpYd7O+bJICnZrUKTy481asHLZPY8FSrtOsmieCpUWlBDwfLWrUDk4zwab/eNMkEa/fbbZP05BwtqB1jWaOmpu539B6s+S64C8bHEyECvxvdf3yvk+lGxe0wmHW/9ac3+mG6GG0Iy7EDPxKLCGp9i5PIDgPPk90sEXeWy16IYcihkedYPE46fQZ9fekYFeJT2K1bwQQ3jb0qqiEtfMf7qmgRCRaKWzm65RGb+Tb3kq9BjO179ESYhnmo1CsL3p2bhmEslEx/gjzENzu/q8k1r+NPPK/T8Y+mgetoFcunScNDr1QyQmpPwpD74mj51NmrWuL3jndkBAZsMMplWuI3fiQfLfGfmes7wYy6vs/DC47W85sT2JMR9KXpw5nH5Xc1l2pVKsEIFdOMTZOA4GN6C3JzkJRTL7AZKpAOWTTMitXZqyQiYK9E/2JN/wYs1jMqZhxn1V+vVOJUS5pP7ZCD3hOpDL0n91onC52FLit7rMc93QKhJvTSNBauY+liCG3p8bp1UNXxOXS6kn3IiEcRG3BLV7ukoTlpIoC/Y504HAR1x7gyS78bcu35u8vnmpxN6wehBnNkO2iJWDGYvsei6DUbcRQqpJ9MQ7c9zvxyT4DYAX2gdjAaoUDrApI+4aXS1CRiPgah0nUG/onn2g9gG2aMDnGGHthsgj/N0dsqDfDKAfpOfb9mki48tdoVeDrp3PTuuQ37yvuuz9+EwZiHYk4e0vIBFzczPy2/nY96gReRy7R6HAYiQFFwYzMNye1mi3FSdxmd+WBDIet5nNx0EsDp/C4019f40YksWPBlGwtMBGy97w4my+8AaiJ9njJvwi0Wmxb/LL502MqvZwZf4tSGiUTTgU4MnAydCXbLQMUxFEL8+GGIzgIs8pLazPMMFLBUuoHGjIjP7It56PaNB3PVKehrDwCX5u229okUABrGYuY6YmjptYpOhtJx1LMy1aHrONzXwT7DCddjwk2yIToIvui7ABn6vw4Y/oF2G43GTAyhHVj6dZu22zWtWqGVWt2uaLRWppX9Gq2322VaPajRZuPAKzeg0b52QBvtGqPtVg3/aRWtUi3TVq1FG83GRdUu02ZTq5ShrNGsw0cVvtAarTRhpEalTqv7LWxS9Rp0v9Yu79N2o3aFpVqdVg5az2m73sZ/cuCKBlPXWjYM0WzgDGUQ4UCryo9hDeWxab2JUtD9RptWW4kkV2140Nq0cVCzabVKq9Ab11FvHKj1NL+PYAL0s8fUUgVRWjm1NFuJWvZbhWo5wH/rahmW66iXxgHqAhor3cinR9XTVOopr56bbE0/5bS9VoU/WKKGR+3UQTON1oZmvIy4K9XAWqRqcE1L1ZgKKb51dBtwjY0hdLkO77EwCaBvzs6vdPJ6S/UleGT3YVrpZsLoG2OR4hAGx53YvA5hwhUeL4JoCDkRjdTkNBVGSXGHfTIYfZLUaknzAoSW0wBrAU4FM3MJ0+mgCT6jN8Oky0HAjHaFkUdkLIolf5ucBWElaas+yuWIw845LJwvS4KJ8AD7dfLNJKv92/CcGVmsRn8dJ+Zzj7ROErc7DDS1atU8VMTkU0dFC0M/G43F/CTwBf8mdJNcddKhkzLjk7kyoufGwh66ngPkYAfFQt6TJVnXfBQgUQI4Nxb825j5DncuBR8hn+DiLFvCkG1AtNjKIK4ohLIpKDYkCxVgQsRiueZrWGm1uQ8h9VjSViS1F1hWrQGp/YgaOUDye74luJ4+Hlw/7Ayu754YXL9vBNfz/19wfQ8bBQobBOFcmjew5gwL2e39u1zqNLATxMEdoyIYDDyeOo5zkkxd5F13sqkkX4nHuLCa1E20VGrt3ws5e/zvx4mc5G5PGhHCsBoSLTfH0Fa+syJ6Gqhk0u3aDJS1zuGWWn6FFAaNTnQ4WbjSdqElqkS19giDllP+BuKa5RKPT2H6iACF598sJ+4IyKOWLEeSFSA2hylz8aVZmB8UbeGQWJRKgsrON33DN3+rAFlnn/0vHQ7/SdqDbrfXARJ6aq5GASQ6BUnNfN932YGzA6XZI/AhQT7ruDBgQJmFIR9aLgy+yIXBpxxf/5KgjNRIZE2IUnuPZLbHGmeU3ieQOfStadxhEPwBra1FsnvWgk1EkBpWYlcuj6xhHMuMbECvICEjZ6sskCewBJsC9R8RZjMJWx6MwH1h6iP1Ye1BmsRpRswj6GLTj54Jw1oqhwNogg37YsYGQwIvG3QhCWTERfIO34/p9cA0pvh9kUYFxzpBnFu6iPUgxb+mE/Qr3xUu8yR0yoxqb28MO7I3h6RtGbAcSMLIOnRebkDnbSYdTvXAlyCcQLppXElj4Z1O55MJWVsw03w+0+6ou2/o664dpcNL4VLY1TOcGbSPeUJn7wSN+NbgR2iElmOSB1BanDZcZelu9FzaDmDSSjuCTMaOjDppCUvjiyajyB09beMuHKaLOev3AWWTbVyAye+F4B4yza2iqmCXQsRX3KnVnHOS3ZH8nDexTI4Lxof9UL51WSpd7nU6TqkEqfIDptQ415hcEoc8kOGXAlbruXo2PKfBH/NISU2cNY2n4El21F+hzxkR0B8FVJ4bibJy1UW+qFxerlq3TmLSNwtyEsedFsq5MVjGP4rmylSXywomdKsbF0x5QT/tTPI+ZJO27+tJ3ul6kneKSd67be2zSd4ji/QfsmvyH4CUTXq4OB0gq6i8rCKEtTctlXIt0sXP4xV5Gx/hoYs6FvJ+/PAQRaZHN/J0x0CqANvqi1N1pIe+ZQCZk6Cw3ilOaG9yVAMaPoL0aQCzKZhKqlO8AOmP9k7SOgl24yNl0WdHZ5Cr6tZZTEYm6YE4sBAw99xmvSc5StFbEVJ5jFQkeoxULj/SNf2Oofj7HDkMiyx94q2F4JVB6Vlv3bSfYRJ1McYAKbqUYfXkqFy1Kk8Iw/+pLvOsr0gL9/HM5QVSxVa1aZI/O1KQs2+Chz7zrmBHu69H4pVO/thCHV8+Th3f7qSOz55IHTnf4I5//Cp3JEIN+ogrvs26Fufrvvhy3Rdfoi8+29ph6Ywrysr4P8Km3v4VNvVynU29LGJTz/5uNiWdNkOmlg4zJkiSnjvOMYv4+9Cz+kikpjlqMsTvXxHrJtuPZn8uVKFPbAtTWPdIiBoDPeBzq1ccFAQ34O8umN6DCPxnDqxTyJ0C5Oa1kkfMaQ4xRWBNYgKDLk9KvCN1vs1S8gejIkbKqfOCvwDBZdqbgIrPFYJciJGHGulet1/dZ05kQlihtHKemLJITHnJfJLk1iPJDc+tmIPzupmtt+MO/0c3U5jELZU++3xzT78QW20qIw7zBzwMJpE3v+XiUt5V3F1fWYtudwjasLw4OQr3+BYsDfjjYOrynWhqFzQphNNoE049/st46uzEU5dn8THKAWrA1xE14Aip9vY+BZg6KsJUBMpwN1Cm0v0cUmak9hOpC7DS5j8DllAczVxhDw1GcRfBO8Cl9WVib21xgFewB0a6aBKaAKTYDy1wa5+Qb3RKr1e39GAbPWJp2pNtpt3bYdrj3abdf6ppTzdNe/LLpi1vdYdJWjlSuXQ2/V6zt+jJBjf+SwbXyxlcr9Dg+j9jcJG+/ejxuYR4wuiIjY10SflGI74zrRmv+fE05/u9nO/3pO/3t/fJJjcIwRBKVGRREUVIuzTVPe5ZEpe6t5cPL3QyT75+dMXwue8HsJFyFccs7L74WI8yEWsAdo5XNHgHn5zPiEwwWmXs3sYpRCbrlwcf99S/w4ObwsNj/vgNe5LvM6PS6XSEyvUh74YiERvbuY3Ppk842Vy7LIAuRWeYp9DmkduBgnvm9DASBnQH8rJ9y4UA7gT0cP2yWq+c4QwYQqk0h+0uytsxe3pamL+GwbNxWy8YbpVTiSzdTjnKKmfqgt0ky+r699eOTk5WJWhMF/CIEPKaTbHN7L33VQd+sGxzIS9Tux9eVa51crkqvwoGQdeNzm1dAs0t7yiUyYDMphUCY0syRaAfbqTGBp6Rmp8vhbAWQ+hx4y9f6iC508ZhIrPlrp0vbrWpbWcmXU6CUulE7tsDBzUHm3yxC3xxsUxby9WMOVzygtvRAexMft2xpGP5lm/IksHiXQo6/Q3Hlw7arapJZvjYbDYb6WXQN4DypQo4kXMoL1P1DBUx45Q/pom/ywp51grFWj6Ixw4rFgBYwCU9wCNczJXw8FTdDQDO6DJlyLRZ1cUZ046lyb0uMLntLyvccPopwJPe0TjwocD6BjqEYBzhRQPq/s02JnC/gwnc7WYCn57KBK42mcCbXye5z3eS3Lu1oHWVC3T3uUB3LwPdp+19CkjuNc+d+c+pi6GFdXSA5gd8FwjjxI8fehSF8hHYiD4Keq7H5ddtNu3T85AN8DEJ+puedstBBcYCbx9NEm7Wv87UK9g8BqBTh3LJVf6oVenq5CJXLK/wj73Ti0z4/QgjKaO9TZ31kbu8PDQd8yfe4mfFyN/hq9uAp8U+bFh0Ua7G/z9d52eFLQrV/4TASwwHzAu8tRe/XvH5qXpp8amX9xc8vb0/553FCjXx7oYBeISWXlDY7e2f1XVSUJNEwqJOSQDu1QE905DyweWzcRAKS88VdP/g9aqecbtTnnsZQNL+w0zIcOiHRyJGxrskZVWMHlBDHXOz9JVJBixsxM0jEMkPblOt43X/UpQPPBu/1EtaG2qT7xlcFNetTlww+OF8QB1wCWf07kLSVJfYha+RRqvLNYZszX5Ib4wgLtuyCZPvWe5xUzJVYCfbswud4TKeGkiX8pNzXlgsSqXiGqUGvJS4C5kfuajFM99JDvKTA7I7FkJYolKUK4jT1FbdI6N4UFNev9nySmzTyE+5AtEnUyiYJGeCSHU2S5O1bM54DRwix2q8LE+MVjzRLeZRH2GEdcCNYjMF8nfKPa9h7eu+uVbSHdz1QumYa8Vn/hDfLnY2O6Q13fffuxPZEQnPx5CNx7luBeVd+/t8mnXS7+AZW/yBk6X3imXi9gS/1UfQv3DH3kmzWFsNMfiPH3sYxQsqU6l/6jLSTntrY+Y4rj8oQ4Avl0fO8nsvAPQdlcveQCdq1oymMEvcKMwIIpLdfQ/xGBq9gSDS7TZPj3XySpVESZ/u8cn5H5ng/DUPhxlCohSKvh8Wgcg2TY8wQZip6U6WmnhVEEGG6uB5txrfQ2exaegfMq4iqCTe22CUPQKjYUHW8h2G3jZUhha9kEnJfqtlkj/xsVVtV0zyxzbm/HIHc367mzk/eypz5mLztu3Xz9CWhiPEkr4upjyMoOyaC+YwwfDXDVuP9/PsNF//J0fzSUaEXU2egK0M0JtcGkSmAYv3JgPXv3TIsoVZsIseddQsgvqBJDubRgQpnWBgbTJ86mEAfhjhBa4vMCmC4C3PoojmB32A4GCmXnNd3f/t0ANh6kJreCkPiCB5AFzZopsXnCantsoxkhs0cN+kheWmhEe6xSj9dqluk2PYoL+odiF2nv29XUtvuMhdpOZSopcyJXq2vU/27E8lIpu7d/5iG6dI8EVyC0S7SN4B4b2YLDpVGEg4ze0JXQ5XAN8R/Zoxvc16h/YSOxmR5AJ/s9HXhDG46uQyJvgbpIKfQsnfQJ0V/PrJjcnXguKg+DdR2ddjvY23YJUZLY01yII9Wa10azrmbbyyKtY5rPvY+1re8swbTzAyr2yF6Stb0QclQ9EbWrH8KdmWH5EVaEL9rstLf6VyKFJn2vJumZeQZMBJ1gEQTSi0SeXvqSI8CzT0/47nYghJkXmkv1FPwOzXGtyzKcPql/iZr3QC4XOB1fT12Z1u6a8Dh9P7SJ0RbvXWUJ6xybRXRzvWXgdCOw8mvlP0q4wNZpNhGyNgw65fhq0W5fI3r6h7PtgCBs6e1M4OPHx1tVzeVx9Bvw9Btlwv6jysrvcd8jDoduUSoTmktG6kofdq8OnDYkGZrodRSKayOmy9TvWin17oytv0j/ga7cRzZG8Iuo42GzKhzYOJNuMh17wgeACahcPBQMo1Y4Ch/wFQSwcIujEQIDwSAAAOOQAAUEsDBBQACAgIALyhaVYAAAAAAAAAAAAAAAA1AAAAcmVzb3VyY2VzL2ZkOTljNjA5ZWE3NzJkM2ZlMjQ4Y2RmNGQ3YjE0OGUzYjU1ZWEyMzcuanPtW2l320ay/SswZp4CnDRhSvImMrDGIzuJZ7wdy3FmRtFxmkCTRAQCSHdDFIfmf3+3urFRJCUlz8mn9yEKAfRSXXXr1gLYLZVwlJZJpN2hp0Q6DuZiVPDo4mRaZhdFyhdzmUym+lMsLsNbnn/+fHbuB0Wppt7Z2dGTxw/P2fLwqP9wMC6zSCd55gmmmfSXMog9zZb/ydsnuCl0KTMnWrELveX+bLXyh5dcOlkovccHRw/8YT3I4c3Cdqx2kswRx29Hv4hIB7EYJ5l4J/NCSL0wQ5eXPC3FQDKRlTMh+SgVg3t9FuXZOJmUzTWOpqvfK38gzvR5iCmrZt+UFvOXJJUMq90uxEJ5wh8mY6+6MxH67Tyr9z9dzEZ5quysLLxpDC2j9/a8LMyCcZJqIT2vUYxuTrt1iedCRTIpdC6NjEF70JXv+0waMwW8KNKFJ1nmr6rFZHu6HPsvx1iAJNXh/lB/w+UEy2RaBanIJno61F9/XZ8/K9P0XtiMgLKOuxeD5Wqo/+fgOK3U4kmf3ev7ATZ4waPp+skqg2KaD3EHt5xQbbV0IqBAdttUiOEPOjLtEGg3lG7TvoT26RC1gjvwSSx8gBTSXRgK346BpoxKWcZ42PWd28YuVyy9jkMyYBb2h9k3aW20DEaTYXqWnTMdJFksrt6OcfSnYf/zZ4+fyfNQ4I8/rCTmK7P33RCd3oro3yhQtVwhc53rRSHol1nypXrRYDqIeErOKH24S3uCVXMCEk3BjSIpuBYneabFlfaWK5+VHQ3bI2iMAy3WgxS8JdS1MgQ2kKFbz3HDkITKx6AbAaAMci/HslAXE+RmKxZtWb/0IHE+K/KMnKNRdC3ei1SQ13gqgPouk1jImrD0imHmNEljKeCzrAjdWXz1ARK4LA6XSZYCnid5LAZuhL8uGAwuLuRgU4Z2nV3bZ8G3kk/oJzMnWq3YmJgol3Mu4/di3HGRDg92jwZMiqCSENAUQY5gkWQ8NTcUbhQcEug3fCagKXKIM7ed7rL2eG53Ki7bie65D0WURCjjkLNZWJy5LoTIIg4dMjdw/fpq7J9//lycjfE3Nn/T+vDy+PrxZ8zYUooxqT3ySQnLVraBJGbaNqmdQn7fRqlZV0sNNUJF4Hhda4m8zKWAnE062Pr8mdfuJSunYXmYibnzTEq+8FJ/mJ/1z8OxIYMERDCsiVtRLNT+lKuOO1p/0UyRvyRn6jzU+AMXXzNQKFhyVpyHm/IciwFn+dn+eZg0G5XhwbD8Jh2WcOb8rESoxJ8d2KoCD1EZyxs3vWGQ9FfjIE4UJRxk89B9/fxfJ93R7oodHTx4vDPX2JJSFBspBYwhvUf9/b4PtLqI/S+1mH369yx75ELfW4MAS25kPIB8g8HWbQEGuhPHwT+qM4VPqwQnt8nMnZMYVqU9TTLTgrPwljUfDASbJnGMH5pFKVeKFE6TljuIwo2TS5d5Bt7h0yZlkAZ5CCkaePR9VYOOSDoismbahBkgPvHbScBXAib1y13jm0Dqw9VyHIwMVfBMpG5HXq/PePAf3zPYYcv6RCsiZjDZg/7B4W/ByvubsUL3njz2ARLce/gQ9xL8Ojx6dOADAdI7OjroU6yR3sMn/X0fttwOpmLrfaQyoPfbUhmw341InN2KxOkdkTjZQGL05ZA4ohhVab0bthrwnVQ4DWa8wLaeAOaAIRg8CxL1kadJXCHTx7y9Pdfs5ZKc5jjKrxE01FOZzx3i0RdSAoE/P8+jUvFSlsoRdGfg/J3Hzjcf+Eg9dYyDON/8dblJiAH9OLb/G9j/BRlguHo6cIBip/YtQreeimbFOpw4apqXWHxkHxHtPGUOz2JHXAq5aG/WA6f8UjjcKbPk11I41REdOl7ws0k3cXSjIM9bmkMPqhQCcZiPRArf5hqnGJVaIJYx4I2XqR5kwHn41LvrYNQSbT67IDPB6Erb6YoIpCYVuQpF5brGUsiwXotZ7kNAIg0zzRFVFaGP9WCEgD7cggM7UodYBWWITwiomEcEZtsQZrG/fEMuuoqYT/v+Hez9vCzSBLmCcOwZHPevS201KZotUCb8kieZ5zLH9VeuM85LmAoIs3YNnBfGamYsthOxcnROxrX2IhPhKCglfXYGPzrvKHHe6h7O8rHSY0u+OlD5THgg1ae6Oa/omuHSW2IPuTg1IB2I8N4+m8i8LF7GZiGrQEkKzIOLR77nd8uMm+duzU5af8Lje/thW504ZE5zt0939/bu6Q0bfLVpgw/bPKQSw2DcSZQjxa9lIgXUPnY6ModaloJB1xGn3oaeYqi1A37gTuxwZVxQCS6jqYM8ks8c8tXA+XdeOhFHvZCqnPah3BtO6IgrwkSiq4VUiXlYpburO1v07Io9s6IbfNXm9Q2m6dfqmoq7+q1mnME0SfDpX77HfVZ7ywl4ZMSjC9+rGe8er9Q8rH2CtPrD+1enRpB3JAcK3CDNgWfYNrACVnGMpUNgSWiPIyIyGUiB5CoCsrLwtlA+64bmyXooH6+H8jGF8umu8d1QvmKtpBRSl1bagQ50bnXlUcXjZSxGvkvEA+fh5DznLfYvWgqqSOqjLZxYV+eyC2sOYsJ2RF7sLGfJeVhr/FSDBiqCav1jbd3rTmrOTWroGxayxLMBeXcT8luDQgVx5XDtpILDxLjfiQVNVGmmuMYGwjjqvV1Uchca7LggkgREmu6xiRMFaA/xwMlIJMrZtGrlmVY+FuUS4kO0GGq33hM4zy55klIeUDMsKrmBcyvLBs7LsbOAhyaoy8G2IFTEQhwjr2VzcEpGPr4mbLg0XodpSgseg3tb2Fm/yaqog8JeB0i74kqIahVA7VgONOorw2TZpjl/yMAQyJtALpX6+k6jcbdT35tjrbzr2Gytk5ru3Jli0Xl4jcdlB7EYUrD4vMPa9TOxaiPkluxJHP8cN7YOsG9Alvy5IibyAMm48YAyeAOq0Q0lyV1EhOqVGx4Rvg1nnDyylYikHYfborw6VoOiVs5WsEIdKDWNcAhTw1qCVxw40C/GY+i8TiDGe3sJyIdEGDfMAg5JjV2spnNmr+3VDcS6S5hNzznh2VfI3syygNglZZ9ke4vt0GgXPkmqjehPXKkpYjFLz/215U2X6i3VCI+pqnhjKtBXidKfPp2U/3DZh7YkffXm13cuu9pRRbzbWUX8cnsV8eLmKuLlrVXE6R2riJONKuLq/1pFsI/hLaHrZTcUnayHrhfroesFha7TXeMbDmkrl+eooZv6U7ARotkFvHsdg3INg3kHAEnjuio8O2dLM7+qZE4jVLrpu1wltNMPmU7SN+JKvwcRCjkoV+SxaZA/pGQuCkXjaqbPV0pqlX3gEhZlWaiaFqumzC85y84tMQ35vTCUe3teSU9yJB+mxUirmZ4hk8NU1HQ5VPNER1NPUKcZgnMl3BdgZukOCOjDkRT8YmhuP4OrzN/TWyJ30GSfrRTXJPS/3h82jKxDRdpG6qSIf82iq3bRV2LcrqlvWLPXWRN704sFcLo6q19k9PbrxVe2v559/kytTlAlso5dHVK3TF3W9iBSuKrLXC4T3stlghEmmXEH7hSX/81xvbVFQXMVFjL/7/WM3V3T64X+k7qKu6EiS6lm29mdSROXeXn4sdMtcQl2L0lXyIWQmB/3B739SvIarq59xGBe7Eo9TQBB2dd7ILI8+6dYPM/n2aDA7xPkxxeDaMVS6nwsd5zx06cE5AUiY1bJ6fFlDrrsD9KgmVGpwQ7t9Thc61JUsqygj3dezn7xEgqTbV4tbE6L7G29In3lLVP+X5K/qUM3/NFWNTo0ndQgUbajqglzgAlrKk6xnhyYoropwKTfMsKxCSxRisSo7UOwjk7cGUCZZD2dF73eLHZBXybE3dheu2k+q1Knivu270921HVnb01+8vqVv6a4191Km5LqnS5wXbg1g/ciAj1CkHTZGxjv+uzn7KP3kVJ/AEqTRa89f7X+vCPg+2utgLe0504pX2Mdo4CqkNA+LUl9wP3+0ZMtfUBJDFi1A3EyodWWnuBoRcFJE8skGp61OWK6anolmw8vV2wsMf81PLn7iqbzypvNhOYx13zL0wnMnkdbHiy6rUp6/25bldTxtK1K6pP7t/ezN5IHdXvyUN6cPES3Jg/FHZOH+Ms3wylLvTl5iLrJQLyePJTryQOFUL/YNb5NHiyEZ+EyiQcuKhuZg5sNmtyXeILpNoas2DS0ZMkm4bLMLoVUuC/il+08WqK631PmmPdvWBHItHbDxcB913zJ4XwQkGiOCs76UOwo1DbJOKGzLKjs4hHqzVkeU5OMqjzb4KJOUBaDlHqmOsMi8LTA6SysyqLIJepE6ohivqD3biaDoeoQcRhwo9dVUVqaevEEyfYsKWfM+VGM/plo2xD9FhXxOL8KrJyggh9ByvlcMedVkpVXdtCMR29PmUP9BBI6lzTw5CVzpigBU6EU3aLfOB7ymKmTcYozkGqUoDAVs9JqiU71XZ5PcM9IIxxY2XmWxZJsQTu9tjNO+RjRM3CZyksZQdd/Q6om7jdm+oSyS93fZh1681dPe55Iy/C0UFpOBm5tQXjADLVFdoFbZqnqfiz5WA/u7SOgT9QAaWO1xcC1e7hrHHM7ylQSixGXA5c2cRkKWz1YVkN/hPOQXUjxaotIc/u8p81zkOuIvkhYhGdV7lLvRWu0sLC4TZpHvaLzKBWXSHYOVvULcPfHKdd7fzk8GiqnWg2Zillhjieql7Q3N+a+L7OM9ibMvrjiswJ2o7PY+dI+7eFpT9in5iRbFvr+w+tXFn7vhUG0XWGqZ6mZ0pP17ZvkJ912RbfX9YxzNg+XRPCLToVx2by/ZzIUa6+j8xUYLG5bd/Y1c+dFcGZosuYwwTKfXjvXCXPmf9OnTxtQDIQCfwyn2QRL7O215JZZckPwvD636C7cXaj5ssj35Prr/eahyVgukKe41QcLyFh1OPbGFPvnqJqRVdLram/txKx6Zz6gl8G2J+Ca/km7XOGaLJH9P799IX7bptz2jgKzZBPkg+3XGQMMWzGXWuvzBHpJBZeZu2YkqqKuLUQ1y9oiGLPqPOfgNW9tAGbQa16qU7oM+ZftxLLymft9PidrVwO6jLQm3ZcT5TpDkRDEB191uewP2nsnu3U0gTEG79Vzg/E/Sp5NruwIgnzPSmKIlkY5dpS77t3TA7MfNtgdQmjZ7XFnK098J+DHmkvihdHCSbbNdEpFN7JiRl62AJ4D5xl9nmmdDP646L5ImnSWJI8iNWOANAdT1WJ0WvdGTRbXFYl1Tbit1u5dKvPNFx3446lDX4EhyqE6oXQAh3XXnBc1GltvQ7s4j8uqF7dnS9tm6Ny0vyFD9YTO3TwyF+2zojvNXCCeNWxNrxW6sElJls4eayOp3bmGsUKKDbqwH7tdVxgGrtbq5pRnk5JPRG/E1dQoimyYZIl2WsT8DcwIw/yUrYOtK6Q9+p8nJe1XRauOoDdJWPzJeqT9nDi9qqTsXZdyq6+9r/imZmCKuuQg9F/VUafH4zxN87lxkjVnGri/K4i4J9M8V8IZCT0X4BnS0KkphMib/8EveXXl1a+VEtUZ5Lu3E6JLvym0Gjc36TKdAonA2qLW/7GpOBD0FptYg6dQYLyov+/Q3blJxRsoiKlEvpMkz2Lo0/ku0d+XI+eZySKVM8/lxTi1XCu4SsBYhvutPJRI3GXplxuB0xlJJCooQNaPKUvhuzcQ993i4i1ZnUkukCdlac5jg5tGGMrf7Hv/ucCgJvO7hq4x8hx1LcP5oj7SCBvYtkSg1U8Z/VsKDAt+UXnWXPWoBVzdMla5/1Pm1HE5oHzVzDWP6nBux8RiliNHjfMe8uh2pLvdAz/89qhjYnbTVrFV47bDUcQh68+nQoo2IAKOa5NNvtkxY5sdI4FOxgv6NZ8m0bQ1J601Nx9BpcmFqBOXzhp51rwrxkkcWZd9Bt6AWfVVR+1q4ioxuXztVwSLDIosKHXPogQ5uwHXSJD4AFKMDD3StlYwDtlVYfsN9rY0uGvtjZi82y43L2rrbdJ3RRRV15Ve2wN9SbSW0ZHUU5EWRj/d3MTUCU1d8y3swmEESW/TsVpKL7erZaKpiC4clFsbacsdBG3w2pXYmriR25qK+gmaMsHcCg46BLAdAra7m01uzHR3tgC2muHvi/bTAitRhQMCHP27I1wdNsBk0Etd0I1tEWdC2VyMLpI6aTw05IvRqO/o0yRyipFofEKYr8h+RzJ4V7c0LGeQV8WlykNo26Z2pNrVmQluVJXl9Qnt8U1yXhbk2FnrW1MLLhzrvVBQmKq/dLSK41XJjIp10qqRvt/I6gMjf57Rl+d/IANnxVUnf3KaNG+b7U8FIjh8G9olU/9GczQgtK2wDvI+NM4KWJti2DoZH5E/XeequoYni7DmKap3ndT+rNr7dSOjmi50dJOj7CjBNnpbW9XzNotEW8WYD37GSKTVVMSNOPx3gdgKAw+xNWJ92Qr3vr5DSjRQMsnSiJK5uqVj+YTwZeMFd8YQu6oim8yswmadANBAGMX+UzuDyWo8CsHWyQt6HxTXqh9bZqyu1EVSFPWlAf045ReL2jXq7wsjeltKqBI8mlbcRp/6XhUpQaF2m6+qr7FUN3UxU5QWRdfBAqelKtZWzpX4oBlyWkqBSp3PwA62a4SUk74lXfdUe6A/zwnJRpWRr/tiMqNW0jyJ9XTg7h8eAb081YNrKGBKRgRmXajB/fsljNRLZthRBRMEtHJEd6rXdPQvk+7vH/YfHe4/enj/YP/g8YPDw/2DnojH++IJSujDcXTQe/CE895RdHTYO3jAxaE4fPSw/yAOimxC8t+cxJoebid/Ndd/Qq/rWuudBMAdsdZiQByiuERgA4KlKQUIzhMkwcmVLs2HhoCh+QgTqPvyrZ+trOiQcBWXsQ1q6/Dfl5eHMDwRWc++ESF5voObSN4ozqREJ3bUl99eSx6J3mUi5oTZRgaKPEh16OE6U5lCenUZJIr+8VPdCA/v9Verc3/4v1BLBwgyHmkebBQAAMs9AABQSwMEFAAICAgAvKFpVgAAAAAAAAAAAAAAADYAAAByZXNvdXJjZXMvYmQ3MGVjZWU5MTU2NzEzZTZiZWU3OGVjZmViNGQ1NDQwMTExYzdiOC5wbmfsvHk8VP3/P6xUulKpyJJlKhWVTCg7p1KmrkKoC4Upk5Ak2WPmtEuW0SpZJinSQvbKMpVlhAyRNUa2wWDMDDNmO+d3hro+n/t7/+5/7n/ux+N+/LxmmrO+z3m/zmt5Pl/v9yn6qC1mxbJ1y6SkpFYcOrjfQUpqWZ+UlMyepUuQLZtM1BdLSS1w8rGyOnrIymr90Uv+Z33Oe0pJad/1S/i8/XqAMgVI9nlx+v79l24PlH2sHrXoHNoqu32wr6e085EfobdcH7wqDV6JMdaGpZS0hvqHn1b9qEY9feRRntb+boWdhQWpAh+RloU2dnviYKKUgH5cI5p+DvqEVzMJNVeVUG6xPpftD3jkueRNWai+jkRfyC7dG9HeO9GlElUufHE95/vPfyjfsKBV0SbHA27DpUHknOXyavgveeqOna5rJncNbv0lndxy3DLPxH6IY0ftjzzWUUH/YXDCYXavccLLlpbgFKofAwt00CIcbs5eazAcvdC/SMXrjv2X5YcN4QiMZbm9of24R8JmmyXywGp7BROHLwYKTSob16s98Nu7L6SGXPDaR9VuVZoU/bDNyZjK6m2FK1sLIdyU56+Pbj63uPdfZoxvy4m6dpyr3CQ654K26Ku4cee0iz/m0XGTm5mY910Cqe2lp3TO1VnMIpq+4+l86KyNjdQ2ZHmp1KIF66QQxUstQL6WC1T/XbZeoC0lPbe8UEoqykdq0e/ttlLzfwm/1+d/pe/dkpJBltYg37CnC/8cvazvqfSfZZk9ktP2OlodOoT8OuIueXpeCPT2D1qQjm1CNvx18aBLoJSU4mbJd8Ehh01TyFkdPsecg5xtjpji/P10T5/x9/DUDfO7OHd98zBTZNHPM+j0+jC/8xcCTcMsNs4dYYosSzajN66fOyTI12Kjs83R9Vb+lzzXG+ru1N250XLZ+vXrzS+dOWvqsN/69+nImsVG76Cgi6ZodGhoqG6oga7/JS+0nomJCXqnPlpffwdyxI7A8AtBp8N2XAjUnG/kTzv7PQNxl3wuBvn4X1gvWT/t4R8cZLFx4+9j5v/mL+QZ5vOfK10I/N0tpINoyR60nu5O9L9tS5qXbDU96hPmed5lv48fojPkGpZ6xrsNzdH/213/21Od/7Nf38h413+f6vz/fOrxQM9LVv5+yO4gy/88sN8n//fOP6pA/w9dzCsa/VvTlsvM0f8+NctlZjNl5ciDVPPZb3cM+V04b1fST5F/tOd/ke/iaAK9QHBKSmqP1KH9e4+FLRgvj4j1d/mH5tTTgi+N+EhvNrBoqVy+ofLwSr1T52XMVn/+dCPR/trtpb+INxKMoxVclBPWrB7aUL3mjoIWeEX9zUH7/qqQZ86LBpUxS+Rrzuo/2mhWO7z23YDyzoadDdNHjAxaLFp6SlAmJNoHkmlpo1j8inC85NWFno+kzalduUXtXcKINveICUdhm4Xx7X3rF/2fz//5/J/P/8efvo2rwvo23thisGhSc5FGyrCga/rxx0x30ljvRVkZtuWxr4f/ttgPCDdSL4ffPaDu1/QEa+n5KRlacSyqI1dvBVzd2MYtrNkm9BUPgWzyBMBJy+cmTpA5XdqQs0d8f+5iWW588BF7UdGpfK6W75s75P/InlPlWAVQEexXvUP2gj+5u4jKTy3QYDzOn434fGbCrt15LagE4uSrsQV2LrmJ/cQ5ye2nbh7eBrm+04ZcPWx4df3MxfeDze1FFrnqfkOv0oDYKHoz12DRvlP+i5Y/4k6uwi39uXnRu+NGmrf2qNDJO26z1o8M77wwiaP5hRsS2m9ms7+D09LHZr3At+RuudWCGJGcRgg3S+BQr2mIs4S7oYy3jz+mdYHdIAa7t0KcJaYQg2dlNcTV3tsF97ikxRl+zoVwMfzxnyNudhPkCXKG3WYa1I1Iva0pU7UaVY2dTMzIDUL/sK0p1sOKjotevH18zq4aW43NyF0vWT8uqs45IaomfB4g6AmW8dYErOuuiWRhWFHFHq8s1oIKYGzFNck65TgR6OA8W/X+0tL3n90/XN391DdKqrjmesGwyvUP2WEHW62W4Ad7BntE2fetVf+ZfL/hU9ab6SiQ2y5osTvP0eKTOgvGDLYOgfTdBd/cu8CzEb+yGK/EoTX7uy/ukFxGAdQheCQDfnAqPsryuoPQX4gm4LovBxA/23aBiUULNTwGTpyD/RBxE1UZgt+hGLpzhco9/7lNO6COYXSc3hTyrGJyF8nlbYWe5GlDOoi4igYNwROiaLoOFESViulnzouf8KbeFsKz2QjWw74NhoLv/dSWatIp5Zt7lt749PDAlT5nDHX915Nc8inlcPNTnUvQ4RpdBx+eJrzqatJuL7Y3PMLdLCe3i/0crNl//gsgrFQMOwHyUeN7UOcIXGWM+KNfhv9NasXgr6vWaSJmbHTHIMghdyy0g4zgGPURq29UDU1YVjeBcZP9vqRpS8jgr+vWaVySinzeAjSrAR4E3y1uT+B3erCBvoUf3LWJFTcN8zTlULvYg+DZI1VLyqoM4PvwZ0VXq2GvmK/wFdnBy+nmAsWuqnjzyKba+3CS3mrVqTVUkR0kc/LiiiTSji2w9NzFRk56y5uxp/Zq2kFeyI1/OmzOAfio8593nyEUPxbJvd+To1SX4Z9uM15bKRNnzv9/d0MfnkCUvIe3PmWv/tSUscr4rwXSt1nYp6fMHlAM2ZCv7JknPGzmUZlOouCujmay+crZH6MqwUeqV7wAPwdU7WtY8DVylmq462TjtWTu2fKh8dyZRPgrYt+FsCJiIWvBRhRwW+uF3rAapyZlKgmNPOAzKw51LPYc8GPsUAL/7xJRs/OfQvOuJeFUtakkpqiZL92dYAoGQV80zP3PKT0yA0OgcVEnv4DjRac2klIBisGtvH104pDGt9s3vXQv6oMAiVyY+H3V0qurOqKlbB/E3Yr61KK/dX/5mVTz1vu8u0omw4faJxjQ1NRzQFS0wuGg2Ub/VPM2ew1GPnlxSRsW8iq3rCnykDhyC1Q6rvlG9qXYq+YqyeMZ9V0827kdKu2wQUydeRkf61sdiSwhy/nEd7pPuTQVGcKdaMtK0zqcm5DpYSRxbsaMXs5ajmRpglxv+eXjlS7QS2126xbBcoY2MXiCHNMjiQU57ZT3/zSUIEvFsK5wKWPhOTg1oC/r8YjBmwzztiJYN6QFiQ+l7qiBE3rzsWLuxkY2cmkulwCr9Ysmty/6eSZp18rh9JPZyTtnmpQLOzM113l+ilm+1DL8m6M/0H2RvWpoGlXtJ90wrSlSci1UndAWJksf8HsxY6SZTlVpX7mjKy7kAewyVQfrEqzNms8Wak3UhDj4Le1tQ2mrVduPv1QyClAwq+uk2f/8JLvQQE/BKKABOgHmbDi/GZZeVn8ZaWImR7X9bsd8UMe0r2AsXteewKgJ3j+27poRcgwmYJGBxsGfVfbj2l4gJqBbKkT2v5oZ3wwb5K5rl2VUmu+Ya8e+EdZxjr7/ODr9fafttltTZ8GnFxUweRnu/7YgjV7aUHX0Z5Uekko+3Hr3UCSnrcPwdDVrLb3givGYN0M1N6M3St6uVkiTq7N9l/Yix6hVr24IWx8gj7SVIlZHVNKx47+bSRRRy865ot/IcQrfS9rBmMAFpzbbemy51X/WLFv5S4QGNyplxHKfVMadHKOFxst6C8CVKZ33EoO020Yvzhb8GrSZkAOCH2WN/2MZnImY2GKHgyc1SeKrX679pcx6P3nEzf8tGfH0EjEGvMJUFt+cab0rCYk/FA9uGN+HPPi7q+R39gfQdge7Fc0ZRDE8JjelkUF+l2bKlphR18KtN9wOTpAN1ngstDafLM3Mec2lzQlWvKAXN63U5oipEJeInU6uv/lONlscar3vyKfbFHx7a/CPOdvphl4DnyJioS+Xx2olNndO9vmqkA1FcOPB25I7ZD75mCPJXhKZkQkjNmOd7dT5XFpEBDykbt2usEDRJ6h81c49mviZttZI6vmfSB4JYRzLshEb5rtT4lcOVdpppEnyCOWOc1sU45opO+ehnp/4W4UVIP2PpgsJTprQgkvfoMeriloRF2uBDCJs2xa1Qo6iGOyNO8Cj8i8W1wtnX8/G7PZI+XpC5augn9pvJzrACmWVsNYSvpQ/52DoxEYUp3FUMIKEhwwOpWyLKbgj4kXEFh96biM2lWwKXm5MKx9itwgaaankTrQpGApxI68m7nw0Iurhl3J4Zf4fLU1BLInDE50VqizccLF99dTOZxnBe0TR57tfasp9ppMaMnVQ4d6ilq6prpzIbpsfp4XWtY8Io6S7f8FIiMtKdBbF7BasreOTFqPEr2cfD4NeZqtJzfFVtz4iaSGJS0IEVV7Vj33bnOtwAXGrZvIdYrZlG3c1pvtlPdxYK8kvfKzkiDfNuUcbYd3ZEWw15RjKV3g7w691CPQ6wybzaaJcdw8Wum3ESZsOKkVO5/bjXhGL8FXNhmNssoE+st8fckLnzSr5Tm9/wCHLWgqcWHo/KF2W/d6qwXyaShKy3wh+/e/N0uZvdgznhwoojPuIJLojyP5k+MdhHah6nXjZkIh5jQgdjzxS/XYXAvOurVZW6lFuevposampznWUUo5IEx2+VKNryIV33Fqw13dL3hpVB42daw4zRjYA/LzefLz2fVR4rdUvYOCTHUtBlbUMHqcWPbeJ5e4jvCk5jwrHaLCPMvyRYPqWrCLrZxXxFUlU05u7qt671xJnHk1oMmutNOrgBuMpA9gAl+7njeaTRMSK/cnK7bJzzQ+qI60jWU6GMAye1SlcMbEZyWLNid7yA5c3AG0ni4llmnLh2rDBwCeqiBp7szi9fBBkA4I1fh6u6EHK5Xru3dDBDXJD4Fm12SQ4Ka/JsDAR8UQM9plNLOOmyNm/05Idbz6YjpwrDXAAA8WuW9x7SBQZOVwYHVCegGLs6Mb03o0yfwAnBfR5IRl5X3eTOxtJyPhoQ70cJTau3FNYa8ZOiGIDBitFDXCDs7dqV714HFRkaCshVnZhaZ/rxfcZBQGV33/F+uEIPVSb5Rrw5lsi02Chs925ngc9sdf17QT+lGHjn19Qsk/8tIUn362nXL7m6kvptGegkc76wT4ImtpcIU8KT6Gdhxe/4GLPP5/F4ZZFMV7M4moyZhlngBMil39llPB10gUx+gxO+xqn3HZrOnVxciNWVnHw3dqDySYX1D9XIkmub3HIBDABUN4mi9CvzxTfRaxg8QfEODBC6lfhQaE/giWdWF4SBxRuLqUfNwUbSsMlWcf25pWYsJ99q/v2UUYrrVTYRw91mnaF/miRyXfDP0/wPPM544jD0L0TuWp1bV+NjvuN1VweWy/MJirkHyFNox9fi3p/7062sUOxbUX2NpHT+yt/bbrQpbr1jIpOAbk685NV6cYfbVV384PZNsc7acuUdl6tsonQvKlz3ZNb0qEQ5u30vOvJ75OFJ38t3JLw3scfuei7BkgxeaHcxJ1jJ+Uxc9f1BLe7flq0xmgiTiF/+aNOmodjX7rb3XO+/Qc7TfmZr8b9b8o+3tOfWX5336PP+sKT55eZF2538LNR23pSi3bsofjtxQXyB38WGjnU6jufBWNsrkaFHHj1NlrTkzGY/CqfvFb31MLoZK71Mpcl9eP+eVunmnIOFu0OeH4+NdLxOLfky+Ij6wNaeg9uqD+VJN5huFija2128Zb4B2/v+7+qg/75/2Gnf7iVADWr3PQW7UwYGVv/aSPB77I7SUNRL7yWt/9v9chcW+qTESss/6tVhnkwYvRAcLyocDuT0Eb9Gf4pFdwtqJve42HlrvbWTE6EVxr7G5zjWQjF0oMZ7tKKEwAdhUDLxpChE9sh7d/ySVMCNRtCPlERrofuP9C+nwYOF51ePlFymOx7h8i49aD4Ls383qei2YLfIk98P757cCZjAniqx9TMnNyRJRY7Ce1o4Dv1l7MZSPL5c2BgpzzdFbF9HltMfJ8ko3/Lsp6HEkSkbTi+RDj1RHchGORqJO5+dxLnwl+zqumd7t7j22z3fJJbVCbPea6j6HAwaxizKCz4ApsfENGDScKR/Fay3ZvspBrMKR9iOV7upxbdRaUWGzdVUEV/Fbblf0dBnVjEzwvwSNTprfB6FxUbcUxoh3ggpVB7y0KZgfxgxKeDS9Fb55jSHFvixusVb4PK8FQJe9JoPyjJjamAIUXyg2RCW8O+pC8Fxj50Zjcuu5EW83Z24mzsjjtk/5IkCasKiFP4jbuvX4nwZrWLbEpmA+Nz75DtQOgU8eanlR5+b9sTPR1q2cUz9LQdqLLxHnaXk+VYesReMi4V85N6GHMF27c/VGaB3Bnds4r6zErsqw/v3Da1dRPtC2onsqwSqJfDvA1S81Wfxba8TxaoJArUMwZQ3crvZqaEucRaMzv1p5F1gb2ZtdfaOIngOLOjr8RS/Iskzts4XNQtSMZbQV7cbMEhcTahPag4ReQvpDbPWkWoTGSJQ+N7nA36HUT2iOgxN765iVB9uUgcEqqU9B4Kn7NuBGSNjpvcAWIQoTDBnMQAsaSvOKWEEAlqQEBEuE0QNCL68ZtL0PDgiNCKhnoUeI1+iFz6uPGuIw0rgL7zEivIrnFCbJnMQBg58KgG/tFMCr8vyrsEBa3U4L9xujValb+hbkCI3D3AzYM2ztDWnfjqueHT4ThdpQVKCbLLJgbxzrU61nznG5ofjh56cRdlMp1um3UKNes2q/QW5WasnHqb48zwOt8ax/H6KdqOE9p1Wl3Sfb4mnLWO7g8OvgCtt4u8Sr9DBWSEnWghvMSgWyrC83dYzmJx1EwagRiyF9DJx+XdQfAPYAai6X83yr/5S+xFQ0l6kBVOHhG29GtNrTb/3UkBdGXFtPgF0w4PMoQnabRHnBZJM9GJop7UmdZgyLW/DiFXZBd5PPiY+g8eHBUepmGHe/KZ6HrLaOJgJ10oG7lqtIIlQ8C4O3jHAcGF/CYZ9RqDroljRekxbdS01W5rFq6r3pxdyvxxxUj29gHPo6dSY9YmvMxo2HiDJHpi/JSFbv41dHXQMTMmUV/W901UYghD+37Uwa3MDKzKtCOlg3S5rtgErKvNijOtGwhrF/y6m/iATyv7EaX/fGUdNyst328Ua3h1Cnt+vpA09YjzpAnsR39FgBK2GUGVJxGzOC76kLKhwyg2L4ZsBioDp5RSyY+KmpHnrUVfHulJZ27OnJwDhEalyIoeYRzRDPLEW3klFYBungMNJYQ6eJQKgCvOYxJTkjrknlaQG51j6TIX03UMfytOAIWl0bAsvVX0Y0vBDFJeGReYGisV16SjUOJEv1qVUf1JOE5Qh5VaWDEluyq1du1CHUNFebkqNNb5QVvpyMGe9QfdWnWMlTKY3wz5B33uUwXZY0epLjOAeW1PJphshYuPXZ06eAgjdl1frJE0dU//QneQq9Y3QFwC70OLfptE6bjBBNAybLo64nqEzuM/zFsRgb0joqLxuFTAi9TBj7DEvMessbob5YyWGIG03m6hFquQ24T0P5TObKQR6JPCykE1rTFh5Roc949tJHvFIFHDfxzRkyqtgxdVAazSGtWM3iCEFi7Dg2PCbnZ5NtPOiS5UDTERaIvawyCt4qte3XyqoZBUCH+O0qGRPYWv6W8EWs3N4Zqf6u/oLllgufO06NS4x577MXFlMZUHBq4VvVke9tBq2QYv14u6Oo7CLjl3b5Q4/voBIL6Zvz7K3FTt9WUbjBjSv0bwFT/4YcTdSxBUAkLcj58V0EkQwYj+SIxkqjkqhz6Oz9vPooxv78TcIZ8lLVAcT68mVdNSgUccNd8vBrh5etCx9dHuz11XTMFgaAzx/tccJzq6cVWamY0Z2BixiZGBqMO/TbpKoIzTrkMMJiwfwU6+oXNVB/ncD2+im0NDoHnmIaP3gL6yRRJvYzebgW5xnERG0M/Knm4fjtpzu9AV9QPC5zrkspwIR+F3W+CMVSHpAPmS0T5BgOXS2Y2NmBMO+/e47g6pG8Ronr3ap+yizLbprCyLiavQXc8Yt1JxgB475LoySka91NhxeLXuAMGvq2rEywc3DJ3IJTisbB9L8B/HnRSEkuEpikc+uY3W71vMv4dgVzsolKuEADqypJZY87ibu7xbEgVDU8l3yHRxIZLVHFHn7ng+RkO6UI1i2PrvkqyJ0xHfKL5KfvcWSX6vZ32hmg8QhBVFU0aQOMNb43uh+7CkjTxZjduFs4HRecVvk/pzw7F/8tCmmm1QGnOdin8ItP7JiCjdQtnr/r6atW1K4I73yuCdb+sM8CtmSrmosXT7W48d/XtDWFkTb3hyo6qp8gsrpgPXhNJiPq/+cGpniPr9W8Cjr1a6upznxR8uunoXd2I+tL5mbhIjzMPQXlFzfxrkK26rtErGW4tj/zIZK1lOjJwuerPS08ZG6RUtXD2LBN9LDjAxFHwCXTh2v8EDdTBIq+7fktS3ilWk2t5TDQ1dCbElzE2IEv7k0pTyc0iq/yNaEQuOzSNnUWlaI6nArs+LzjSDxVhJ9GySeMK0+HSv07/Lvwgi6EoPthiWp5cWwU9RJxj08xuarZOCzMG7WSsbvEuObCPhzyc/WemZpHVTbg3sJ/CKJ/SuXiil1qOysHeTzOEV/0Q/qlaxekQ6VpmZWiZbe9P4uLpuYd63xbvqrG4JRmRcQvbGiYQjGLnIMSsNnGN8dvxhvHz9LZ37+zThCgE/cWHoYWDARtJnDP4+o2P6WRs4xxm+wcMI2cSJGBW4LsiAIqjprupKGCqooc2Xpf4Ih3A5iUb+w/z/iAlFCdQhY8aFVLbwzPlKpkWk8Krkiu5CEfQfPDUv94373WOA6NON6+A+3iRXbNTW0wWf0BgwGa61Sj7Df8PBNB4S/Dh+ecmiSD2vkcu00M87XaQSrP/urT7dq7+VGHMtJNpUY3CD7ybBQS5vqvAwMLFKpOvA5mLpzdGElNf4rPFbfQ/VaAGCHxiU4IRGcNcWRXo2yeSi95WQURRln6WYzoOQuOAr9vtpB3ldO50MU2GNnphusAts3A7Nl6L94MVXGwGJZ9RjjrVdp6nVRCJZ1InVzo+Et/9rCTrQpGgeJMgRsLFoZaorrgIJE3Phw9isd1R8X1J6NAMvCcZEAV0cGVi6MlWAGuiJ+ULCs98LQxuSwpZt9O8so5GNlpcQjlIqOyYiXvu0gA3M73a0kQdLpc4GGS7aeSx23Ub1vEL3tDz1irzUK59NZ/XO1DuG3C85/zfoWYlLMt+f5IWfSrdRGbybd5g8cIVmmVm4NaKut/hi84qvVkkVCfq12OdQqQU8zYMK4GqlIogVxieL4LIt725yyTExwJ+HyZI2r0aNGyO9RmRW+iXi4YxnFXMp4o+EziGhwPgPZnNhcXfuzfke6tI2ucj1mul5ki9Sd/bQoUOSVJGKpFNSO/8keKPsdR849bDG/vms9dfL4TUheO0ySjWqbv5WVU3qSuSCmzWWSnkXAguNgxZuiZMTuT4e3N2U5z5wQ+6ev+43AFO5GagLvXuU3GbXHc5ApcrijgMzovo18MMrHP1g90fq7c5pH0nGcMuYk52ASoG+gH+58vLgcX+Xlr7dObzgDzPkU4sV1zw+9JbcRpKhiKhfWRgolLXVFyzVHcC9HFDZChc8vTvnA4nGk885WGRn9txOT0mZcoJcTzicM4v7nDE7L5VM72osh+k6FdNNgI+KPlQ9YIQFup1NnI90rv07LlWTZDWQrPJbAlOOitxE31JzJXC7OBUQyyikvZ5OTjtM0bd/FHm4KpjOomuHtkbl5JmzJ77LAZZUggCoq1os/AmemURU80bOIyLog7/Lzv1KD62z05ctQ0hV7mpizevVlSU1oGvKyDohUfAwXePMXl9x7TtU4/VqHDbMR9XnLXgSFEzFytqr0N/SWPorKfgf02ah34UBUOMHPg8qWtymzfeDKoOPmEVqvhVTy99BqQacnTRRBNwJMgA4FIlwEBgfkXtJxEhrh9qh3B0K8H/kndIpGS8+5CxyElF4z/ppr4Xi7se5s+RZ7EltCP1fwhS18HM5/nS4hUb+qFQBvit+0Q+r/MUrM4sDa6De5L2GcsV7tw07hnBSb7Re7nrvaHUObMkea+DJhY6G6mQQpvebreob2k/RvKK3d12764m6jDyf8dYPYW8KYtXS/MSDu4+XmFKOmehos+u0gu/e3VYfIpz4jqa1BhtYO9wmaGbfj/tRxrGUE9eq0cEUQs3Qe6ovlNUMltBJUC/IBYQxbTB/FhbRIKHdXKXrG9z7dtYICYqS0hMbKEC9H2fKzdXR5vdyxQiaqUbVe14vgKBsJhEP/uTxwGra/xQeRvRtc+vri/B50mxg2U5G560HFIM12QGx5o4/bmkTz2DPp5aJrWEK4eX57glMcnh42+ghFm+TB8PCmnfacfbZjqVSYYXqC2JlIp2N+5/vPf1+XYX1EZUvTZu7xg9rOOiGKw2dkPNrdbFDHRSPNLHGX5Msa7tf0LjRnlZjoOc2t1uEAGt0UMk0tasFBRWscC0We4EGCzux3KgVhZBuKNKRQXDP+rkeSdJeMew+zCf/tvDX/5eYHRj/1+ertBa3KiYsEne/yZ7N+B8ivegOeVI82/I+nveBKi6NYcM/u0uXixvkP94XRp1a4gPXmjLElLinhIalS8+H/YyX6jjlrayevcTcUw6t5Zx7uitKQdqTda+EUKdRlycXPPaUKHO+u/1WjrmnqTW6ySFzwlg8Nav161dPJunymXjB1srDqlQfOsDdmxMF1X8Hss3VAiVgL7k9gOHPlZ1dJGYemJXUz9stCsRZcxKFzxSXiBPx6XOdCyy+2s/kwND3eY63uU0byfC6c/HclxUtcdmOPaxQllHIJ6O/cNZ1s3+fv065PFaoMuadQcuhgZUtPGYFQhOpvi+Q5qxIt1E/Eu8hsQO/xLwLySNoU+gi9mPDTJaug8awd2rAo7wfLsNEnaUqCXrJiL9FmfK2CD+DiuJplOd6eoXWldgLmCs2ch4bzr0csB7pv+JlfvDUKY9zaa020oQ63Z2e9VZ1lUPOt6WXs9tlV6vHrrjWflIwbWEL+E29mdlOCmoFA7dp0kK6Wq8S2HJ21Jckk73su2m7wCFSFDQwzHzfJE2azQLzDHoTuaGPeCjI2YVLE5DwRyA0TINCd+n6wDsgbWgbErjSqP+kAqZgWCNzju/yIm8hYH+UTJ4RexanStDL1aImCdGVcEL0QEUHL6sCmJH4ggTjy0fslRCdNl5JuPq0hAshXiEWNxdU5gj9B0wG3tBQUweawmmw1RZGch6RlUs7+Fj1OWE29u7L68SoCs1cNoJ65PgPduhOWZesWvVAyuSO1PtTxhnN9o9eUqT0bOOIlua4JEscEJ45ZiWdeeGBlWqwr1g3sov3Qy4Xd1Qjf4NSAu7Sz8KJ16SADv8dGBWlbLBqYpO4IYb1RSaVIrLLgDdO2cHlOLAc/s2Q/9A/E+HV4J+2O4JrDqehGi9Bebk+8wN2ZZOSEi2f1Kk1qy5zbD4RYMgIPNTJkw5QCJvr5KQqA99qUdVxEtxncUykN/CuJu5EHi41WnKFga7/HuJcC34L+Gwar39Ln7ANGucx8TDWY+Q1AfKI5NXxKQaqll7TlAzmB3lYWtE8dA1sYN2/2HM9Uc9+OF3HPqRsQO08MMGvJIw9Mx8rEFccXrDpROxR81227z57b2Us35VSpPc1a/kKZRVfzUdOSVNvhjplNBR3w9uufvQT+CRSDyxBEO9el8yp7yvRwU2HBPzDJcIxTG/4mFNbz3fwhIgaAY0CqeIomJ9DHkcLzb5BLQJf8QcvnGyNeqZXNJBPLlUCh2AOjORPLB2B9F52qtT6WQpLZBMhpPEJYO1coOSjRNsewKl6UjFcEpfWTwxXnzJbIcERMY9Xs0vv+9BIwzMBT2jw2n/HcakRf0tKUR1SrXMMK/d1KNSfuqdGnJm4GhaatXBaqb0Rq4Xo97FCFdOX1401jy4xGCsezbK1xG8s654ivZIL/0pr3+TMM1i6bqXylaga7yQF6Qy/b69/+byZmqq1W+YCJBbX3/VPJigafGwX9MxOZKTZA37TGTaXYh+084t0wrjNuTpDSRpZKA3+eC6h/rnSC6z6QMTfsMf2MlVtkZ072LerqyAEnyLu1hJKR6sg3WfYkXFPkMyQogCPANOlmXxaQTXYf6gLUVgRdFZVGbe77SZqiytaoN6CBCC6Dt1/InrXXJAdBvOuclHm/ZHWF+Zc7gTBxbrB56fPfCn+Q6RjMFOZ16xH49EXb49c2jofmiS80RSMi/D8M2q12sCKN8aXB5boQTF3YKNlF8RT520DUmlOAJ7aDW8MTCZEWg64MuFWx9CfQtITuYlr5rsaOysC6/Fc+fXPMpaeOppgjXHXNJh9artOr+rx4IseQ884T8OcInOBo1z4yObcht1kv+dNloJfew3hZ8EPKB22r7F4x/YVLltuJnw1aCQV+wmyxmSbiT9fvySRtc37qcafh3cxsWWjssgR1hEctyZFqKQbCLtqM3u9igBhIpIjzoD9e5ch2lHLeQa7McHYwhkSXA9TfUNIs46gEa8WjsFAYPFtLlklikse0qntmmPOs685IA2ITRlWoDmLTHD2IhOQtzjOjQbGGXlV3SFXX1fYBqUESCqa40L4vPTsrXldScp1ehQZqMooBHrcLGnpeqBSK9/X8uQFTqLHIttUsuLJBcSIUdHX0nqYVgHHGeLTuFTLUpteFy62Zmkc7kVZPdRUepjMUNEQMtlgxkq2cCzR3wI889Np0yfej+f+NorSm2oXSsetrHz65vRRu7TLtw3ZumviHny867VNgx13VU20DvKZJg7slYvCeL8lGdL3qUaOZcWVydh1c5PgE3Ax3+6ZUWCvE5zaACYThikGxSaYmsI0+MAouZtjB0/na5l+hSJgoZCMbyMz0MJ66ISkgMFksZyEdkJqBZ3IpYXb7Y5H4SKpZ6pRTgNIEHP6V9p5JT00bAwsEZ5QfJhOagTWN/GZXFpAMJSqNyqi8VGqI8LKMqeg36WN9hwhIIHxvTF0O27R6ykhymNFzSV3VglrO7uGo8vPW07L4VeGuoqszPA2xAi4xmHqXlQKQ1fMTjBtbIZj9e/mtdnxKzZKldOWSv84ultH7535uidLdukun92h6d+gmay/ayzg9BuGUWwJocMpfNHR3CNyNX+nDiTnY4LqmD9bmR27IxmUgA2HTQ8hbO6SdSrOXWXq7YyjDBLMyWvMGrHiWuXgeD6nlVwDiNcDLbf5j+XgTsO9o7YTEiJHhx+J0XBEPd/260ggJVIyG8dizwRQj55o1IQa4YaQamozPZaPeKMWbJB7H4FxiXgKE11wfBwWZ3CwdHIjmAqLkGSQLbMDUsNN6mERsC6RFQv/2BNCej48voHdZH3J7eij2NTYLMlo8XxZkHept81pTJOVgXNHLaMdjwZmePE97DBSvCFlMtKWAU9glqUGQ9OeOlk/qKVPSUH/iButxANm/xSb45IFqeSwSVXwDS3qY47ftqPtIddeR5tg46KCUrPqnaPsvfesM5pofSu0O66aDyxZjhLvtGUnTHBD04/eqgkRTL37K1YwOlBzKmHncb/bUGEGyvQQWYzeB+fwHYmWafenDaCCRjCRcCYTmC8BenUe3lIS1g3NDxBanESsJoCOIHytOaTbJ7Peg4unSsaT0SGBP3mJ/XA/SH4xin2nIoqFMuZB1I/mPyXTquU1dgWhzqLKCjKcDzCWbfT7D4zAn/49vvBrLw3eoiypCYnPeorMc+P7/an0LBMw7K7CcipD9FmoRzBh8LwiLakuXBg/M3DY9gkwMQBVln3yqTq37ULtR/yMppPL0qNU645g6PNzptL3K5HNz5U1tt7ap/HszYLYmBpDh67dzsK8joAbGZGxCtew6lwzW1jbUaU2XW7XmJOWwN9Wjp0eMJ71Qw4YXPjkcFYL03k04oS4EbadiVEXfJb5kPUZNp8hDYmzwN5Pme3FG/zu8EYjfnrCU/FMRG1wG5x/wRnVt3es63F+MvvALDb4/YWW3wMw9+Fgf29Ek7t1Pym+k8WF+V0vnAWjB0zhBt+zYrG02feQnC88GbwriymqcKVPwBNwzgp8JN0uwRv2hbHcneMLsH+tRXiUMkYBXgv/UroDEiFI/sgduHNHTg0TG8eaPllGqoAbKw6fD3Pq31cx6+VS6WF1QuQoykBthSTygcBC5XUf74RjNfMMRt4I5Sr+Jg9Z2n2kQlTlxlck48PqXj+AaOPnARDh9YAoHX3rbt4d1a2XRzHl1JxZuQrhtcj0dny+MglN+hCPVq688qbFeFeYo7DSLtVT8N1rsKV2d2QXhrCCWDFW0lhRZ/Ai1TDNTeBzXy51MEl4ghx/6lxX7f3EVkx5Zl3PC5RL3VWKyFIwGhMZfP9Vu4IoAQmhkfGcspntRuLSCbsGdL84CkSgJxUeAjnk8Rmc+e4a2Un5yQP0taC2ERLk8ueM1DLXJics8AJDVJQSbgbrOBfCjc6xkIdYfHP3/si9Df0Dl/V3IB7ZzS9BGOXv9BjL2k8DzpL6jEj9zH5/v3RJSeb86enEVPKw8eVrnhxh0PdGUn1nxE87MxAdcWh+ThgS72TpdrxCJIv+RDcbTCoRsnq0oEWYNvnn5oI4dvEEUKWPMzdgk56jwsee5Ge15ea4Cd5GEcu89BjNh9wvQW3NduqxMyfk5ctRteHxS3JP5zrGnW2vL3Gv/P74RzqryfapnM+ZaXUO+8n3EEVx3f52bYaxWDMXf5DXLIf4air8oCch3xuwhW+blT3iNROfcVqZjw+1ALjXqddnDrYhaKxTMs+SCn9jbEUAxG4NZZ46ZwIwWCMpxFWtoK9GAJTCnARBE6L5oGVBkU4zqSmUKGDVyO+6NbWRVoC6SJw+uRAKoNHgzqz/4IogaCplqMLjHB4hOxLhpVbRZhVA5unLWqwo/YN2qvAzXiELPQDUi1Roxm0FVbRpEx+xnuFSy4OuDcTL6tR14Fjujr8aglPXl9DCr1rqLFuRaih3m928xF4jjnLlqEkxMfvWs8ihjqigZMIYKk3DQcA+ankIwCVSWTbHoziazDI1aU8KRkOlkEXPILaQbRq/ZVN9pu3GzejgPQLdqBGHFY8U0XRFaAfyx0MtoKGw9D7CYTrJhk0I4Er1RGCEjuWNov3m75gQo0vTD8FgJ0DO1eldrFBJtBc0z5f9RysAhd/DHRJhRxD7mWIyHDpXosflXZ2HVsGQ6Tcm+X9MHhSSyFkZgmFeTSIemrqwnjn2hk4LJuPFAK/Z9iNcEg+wtidAN83pD1aXFBHONFn2ggWR9whTey0jGwPrLgze3ac1qoTjp1y/dHcBFDt6Ys390pwb9nsqzB1WJFymXzDzZOy8UWTfvITprTY8VEQeihYfBfR/aQXr1KW8Mvw4AaYQlOjGijOdNP1LLxAs320IUrxUs3HBja1JTihz80dZ4+milhGaIej5KjCREFQXkSbgpYISMnyyrdxy0LYdZPjX7IKNZPB8eEIoUYZEiMIcHyFzgp7LiuzrvPnRjz43CVpvWJkjOHl+Uf6RihmZZZwnG0M8/a7+pby3v0Vg1sPLGs+dbS94Cm2BDYQKLGXxYZYdy25u3Pn3zA860eSfMdHugSZEdVn0rAq4B1ohe77GfyWul/No1mVSVBRJG5tTLH0oFXDxV/oFTvm5mlrEwBlMHypp5FdnO/wl4gT8OlLM8+EBlLOwn0A9kXnAfWxDXZtfC/n0xwtAylRwaru38+CO0tuPAdu7yR2DPqF338TdDgkfzFgeN7NObmaYEsImGBsh1qNoruTffknbCid+GdhA2gXSS/2gEa+GDA321D5cuWm2EVDcLZc0iNGp+kF4kO4mGJWLY08cLufnpZoPaMxgF0H0t6AqlGgCT6OKDN7JgW9E2ro5JmPfrrccgjBpLbOkKZmhqfaQd3p+KxFnmBik9sMcEDOxXC386WqsXlavqMPWUmSHAs9INpr1X7UWfh9+iVz0PhUJdS01CJnKYMQGV0nHMep3YySXjWTkzrQLkttXEDxJTDk+KYOwBPgiHQcdIFnN7f6TqWV/FyU16npHKsIfEmAHUUGZZq9sRYzMxhnhR2b8ZQ7OjN9Pkkh4TyFcggg64qAQzvdXhFcdaIjwZLXnW98hn9WJjwE+j7yikDq44eNwrYmfaCKtIJcgYpvGA/4iPDZTANRTRqMwy9WUPNkMQpYFqE1hHdmYK/NX68zjb+ay7ro39u4EsNyPvYlfF07t1Pc0GpTN2rku4dZBC3brXlC3Nv9lgoy9jBzVOXd8YDp3xvtT7X5LfMloCf5cbzZNzyzej4OayaWDKVBAGoN/HUnZWZHrxI3+3SI+c098C1Fj5Nk0Uwi1kI3P9FLCy+EpKnQS1mICkhlfrP1QCQJJeNxZFOpQ5Io4FjMAMULMnETRG2b47YL+XInwVRWFvshGmYp7uzesnYsB1NfpHMoadBD0hFfvR4ZHfnu7HTUpFaArnxMLeY20esLfN5rnWalkkFss2ElbPSYKL6KSOl5HmECMMiqQE1WQQjYhpW6BNl5woj3oaWAYCznCDksOZjJM950c7kabEJipyxIXckJ/jqXrKNYWEBIJYd7yRHsAn7vW5CtDf6s7d5Yd+fV5IWuhnjH2+QT3vtcgqYOoLI13G8ephg/dfs0+9MN3GXmCqzpTT3fuw0yOnH/jSLqksx2rEo+n8VuoFWNdmSTDpeKmAEGqUmQ8NYDIKZksFPwC0OK+B1AGc+Y5bw6uyDGLZ43wS6HBXZAEufwIeafVdhzinWcl5h1gMINY/lwnUWXXVYTE0yTzEgsiYW/YopuXNT9rdP4FiT+z7PuZfIerEf1q6g0BG1mXyODj1Qtkaw32k8ERHhoPTwqNCFLfgYsVaviqYnPRnxo474QommyWy6S6nrWYENllkGaKcuGbVOfQOo0IeFVFSxXINlMcZA7Azb8ej8huHdglwGOnndJwzyZPJMiXKt5P2qJXsYu9Cg3ukho+n6SQ/4alHfVg8d5zQJjzlbnZJtmaTTdrT3K3mJoXOsrdjTellOEHVWcqvWil6VjhaTXKaGhFY7V+4LUU6Znan6FQxf3705qosnZBdpTuCTLHBr4k1esJK7Ekg0P+CKdgk/lY0RXhXiG8RbQVSjq1c1gHcn4nJY/f8ujL5dMTKVzRwGXHR0NtqJeSgd6iNx9E1GsHEA9lpKWTzsOSoppxD89rYEf7vaH+XJvZH3yva+kcan5m1bO5kqELknjITBQeHp2fnrpmO39iUoc3l5N35ugPTwrplxRLaVRUxxfPKtr4qFcRIJxkwK0FVHEWni5H62mlprQJsq9PsSZXn6p23oEo7qFZsNmDxSGtNM4i5faru84ND8gOD90r+dbKdxjefHmDFZRHxlt/mBpQWK+0emLdHSSNdz08bXrcz/stFgoGxzYw7mazUhMJw/EaNc81KAZjpCdy6PwnSiV+HIwG7lhx/ggSP5XSUUn0F6QP+iQ8DfgoQcK0/JWZm/M2tFWPgNUjxnCLoB4eBCWjaV6oyw4IHc0bN6s5bXDJKwaQbPwje56KQyHtuiS/dh6K59bSeakL/JzBYZbdMhaGQqT2OTh3zaIPe2hDwFaEVGyDnrTvl7ytcogMGkzqp+7ImhuBLpiNiM67Q44hs6JrOqtp9V2nqAqJ88imwX7wuAXYV/qTGhthQ7/LRMFrNPdkucDCMUr8p4uDTnLBxSoDpGkhRhAvTirgGKa+Won+NKkKj79GqWcQ2GO7DwD7w1tzVwodNYTOclsq7m+N8Je//7HdR+yhzekPu6qcN9H4Q8lfXJX/K73BCiUQPDuE+X704Iu7KJWRKzsV4mo/FhGE8QIVabiuDnIMsZpKeY7im091osJ9xexPGEIi1NKALXuITyHQnxEoV2LdOKQntinAJd6PXPPgFp7+jEEonSwL1hiuEXl4WQR3MXyGSRAS/+J54FugvCFleP6tqIpfdd5zxOsJVbUawSqARBsSEULvhEJHOjqjoRG7vukPmJldEB0pKSSJKrIl8c7DOvKLDwG+3TM1LSTXC8XbmbezOHZ00r8F0gh4giyA6l1hx468aIvGNWBHosK+mhxOViDbbEs2/YEetDe+jNIDZqywFPztKy4mKcAbYyqEVdgxzeOQrrj2un+KFv7pjCg74xtFL1pLpPl2xiznLj3tq2ydhUHfDumZ6uaq+usvB6pn2drEmj0WZc/ZDlvk7joMr9G5VEtEp4V0XbAl6meOp68cwu1fJfIVP/CJUup88NVqLCvVEDWmTjkBv8SNA8Emrbm6DjPbHcUPKNBI927wwpSmLGGpCgNqdcyKHFTPwhKCTBE0gUrrCv0FxGPD4yfKpnNZGKLpd6C7wZIr90+Z/IS0GkYUX0DuhUfbSM4kiqAe4gBvyW00Hy4sopa1D4F0cdrsnmRvmIQ/hEAfLIt5iaAN0fCQ7ryB8mS53yrIDc6xwijWjY5psS9Xpc9eNDevlpmLByeFEZI5AXt0kFTlKHkW3QT4J5MsEDv9O4FsFXoPAacyIDO2tbuNlxjDh/pVVr5hKoC9nYd41BoxilAbGplCGEybFmLPpD4n+TtpTQA4c0ZHGzdKN0+VXzKamMiP42Qtz8ZZwHk24n4pdPCDhwbckhUqmuk08n6LNppjuFak3YrL9af0UvzQrZc/JtA92XuUdy7BlaNTH5h2DabHK+Xo3VY13cD/lb7CUlhppeLy3DxhyRkL8a59g6ddp7xbS6db7MS1XZngqwoboAz663xXyWiUV6scCbfL7qMNEDlN2w3bA49jBZRieyBSOAb8BdtTNnFvE5CkrD+dSydB1YaVYPE3Nwaqu6cYssXBSHICp8mSlJ63V1K7QTh1Eo4XcxuYH5ZOLHCby+mUUTLAKl8IfCF85zPHaSS2BAXYQVlMsiTlYGiAAGrmkSrAGXFM4HEaPCw+dc3j+mIfMuja2J2KuEMTL9HTImUIsqNhJ4lMtOv6oVi8Cxn+rthZ0MQwSsNPmzXiuWAYlw9d/i7qcSKagTtD+MoDxeIoljFhNh2x4cALWm+BsA2z6fenzay/2wPKzYmmNRZjJTbqlGqaY3vE/cfT5UfKzFc0Kvneucrfd+jXzcjOQfyHuisYdwd3Qa2Ve0MtcQmw1qjQhhxjn2a/RITY7xFxgMAHNfO6vbViZN1Mi626XODTMhvAT/TQxeEgwcE7BfCceRIf6MLguaU8p5msl9Rz0h3LMymjKLoUnMNnZqBcRuXAicZdwmT8IgauHDoJymvLp0bBf8Lwz9Ajkp8ObBcYg0SH4QJ9PSUob1Z+0x0ghkyfaeIRw3fE6skXI8pTUYpcbNkSdk0/fGrsX0iUmpmB3gHpQFUaT/uZkvHr4aImyawm6B2n/VLaVOzeLgQkKYVIBSOk6a3/J41anjidie5YGPGSbttSkAL0RM3sRux0iskR18dUxAefFDFUXFS11Gda2g05GeKWJRNPANxNb1omCarFqQkbaKxJAzC8ubwNOK7uYdwvR2IeTQuAComzZmAYU4V94KeBdMXuo+7L0Xuadl/Tu/kj0c/C8xBuYHOdl6pIOQ6tbJER0CGjUct6GaXgkDMTOOFK7XeIiixGZaF6fMWPfvi+cp05ucXiNeGMCZYOjDnJBG6w635JE7gJJtDD07vt/nbBC0eiYGNx42KNg+IK1TGEeAYegpdAU6RTnxTzydWhhdBZHd0v8BCoSCLK1MF0cB6NT5DT3O4Ad4B3N/tzOQBCzXX1vFj0awfmx5LG/RHlS4QsqYbxDT0bjsQucsn8xkxsTS5J099/+TuT9uf91Sn1/8wcqCbR1cF1yff21bxBFjxKvaJBlZYKIaosHmwww3RFhlTTcvLcOJgcFlQ8S4O8fqCtS6eJTFJMdcIAgqlDfcoDs6g5wsSpT0zzBv9usO/qAyBxMp20XOS+GftxgF5tT5ctMK8IEnZYY903ziSge/LRijiF7V3auegL3xNNZ07+A8x0T2+PCVm+Ls1P8FazSC5/M7t0ut4KS8kwP/Nr+VM3gcnMyNo//xdA9eI0N8GvvY05/G4ncezaS7qDoaNRMh+aXoI5SeAdXoWAwjd71DKGYtnBF4TyWjt54ij4fEmoB9x/5/k4Wtg9BBfdn8s+Zt17EG4pt7QQbhRucVaAJy1BPzPwfe41t/mZOBAd5mLLrCX8U+hPo53FHpW88lox0nuw4VDsB4YwlEUvuzDr8ruS28OEz2JfAtMRaMt7+Or8iCNz1Q6j1xlM0p8Sr+f5i7kpQLRPbGjjOngDDgvLoCK24J/7CShhshV556H3szGWIx0hUAlg3nSCfGmUaTxhpZKynl9L5CRKqhv03PEiQn1hfQahq9aKYR5c7ANOHSzsxHwojAsPz40cO/yeLa2+ZOQw68Cppetu++WfDEkrM+YfwuexN9w3Z693f3XLsLiZWJ+ZYS7Y6lV34bb+GVM2UZBa//I6YWwDULyVwnXjZMkFdmTSWJrJIWfiTN9cl1PBJQuqvZCQ0IGg6M++KeSP1upt6lm0AARsuCSIcH+Xf7QWs7E3CDUR30Ut5A6yYVXEwlKW+OqAD21+2lu4+i8vNmigyIc7FaeIqwjFYv/o0xKAFjNnqomzebOlHAw91+TCRsu+N9tcttycVk0FlOAFun3ShpI5Dh376MS/bkRLiieS6Z+lTBoGJz2g3SJ5H6t/SVq//8aopKrrCuvaD5PhxywppakFyRKA9u5mI0p+qXzelvmp18TJFZMZmYixy4P9Eeg62KNyQNilBf0qnxyA378f6witJmmNYtpzZq8HEP0aKwVuXKPg7qrK2BX5KBHUe+ty18OiGlTF/TYY4V7UlyT+0Vsho1krKpAHghipdhSBt0ivLyJOuSCGojRy2EO3Qo3z6FD4iJ3pd++ftRo+gwdQZTp/s7unS72zhld8zlhNFHw1m3QTtOOOk9kho2DYP+VJ9BNkU0reS2zvyR6jr8YgJVINqpVCLSV43qMH2Nbpv3Cn7PSUiw75yyV25jmf+ZqWh0DhES8d84TH91A0AAdcgDIIZ37aiLOq4bI/804MRbcL6+EiqLEdHgbn8plc3tBBPm3xCq7aAFPycth5KVMiZ87Ef4cRR7GLaMMaDuGkSE94e57fdhopgLrklo23PiqBsL0I+1vIVaWDd2Al89uhd+AYmLU6FTSFg6Ak/IBLI3AK0/AN2gdHWEBtio2XoNOTwkZEeyKi3vIOfd26QUQzqeHfV4NszWZdPSMkwSN3P723cb6KQrkS7yZ4yIzUaouzrC/OqDc3TxA8BNobgR820eZl3cNo0laRU9rjhvJ9FZukhptfKgNDAboVi8JrQmZrQtw/Bk+dNFSfeXXdUOnHg57p9NznkeHFoxhFvPMxX/GAsW0GjZVOxIgduatQwfZGY1dBHTNwbBxn2kgyrZs6lNUMdvE1I1qJjZw2ZspBfNNhSEcwYRYMPNir0VD8DRBzzNZGBBhZTAjl4M7JdyZ6m0jiIogN1D85ZdF30lkzc9DNIJNPyshbHKZWgkRuL9Unp0wLN7Pn5vaEusjzaZ40Hzhp4pk41AVVjZLAhp3CWlb3P3PlLTlbBYNfmmGumkgOtFAI+mn1NXRuAM3XRV5SPQyf3DWB8EA53sp3Af6eqPm5YGc2Nxybw4C4Tk2Jj2wMuRK7oTYUModEW909zl5um60PPrgs9QZgPnIsd/QlyoVSDRZmI95ct5FIgC/rmD/4hZHbWmgDeLW5sbQuRQ7aw483RqSQA5VnXnezEjZKa3jadWpynIyyzcduOqkMEpMB/HrK0+UOGoI6XPexog2MHVgEL/ccrpKtnl1EYvnuZCh5lqOj9DeRwr+zbsbVLM61/tsCdHm0OOP0xHc70sB0i+X3lySRNogSTxnnBlS0Ej2D6jDb4gQqRvC1LkIGYYxSTfaDatUYD6+7eqPEpcNkImSP+ljDfkkqW0SsMkbgoIxYWAbjh3Mtv+Onhe7fwWnxlXpvxwGhJVVSi5DMLEuEv8HxrL3zb614SFdjDRQFN1fLeeD9bpYdE6HXYIDJKz8Eos65F1EjpktvWd4MmjZi6L8+4s52gDCb2MD4yQFBHdxIMxdCLQjsg6fFWbOcEajPhPIeIdgcVPFTt1jungcvUhMS7wAHniFUkfMS3IFg9eHGA3+q3z+30+UiFfN6PSlgTWqmcMxoicVW6L3JNx+RZabGwAkkFhM4U/H7EYgWTq89mQueeYkRZ6T4zbZ4JRPG0mfEFXrQqV5hB+qSWmJg5nKTxg+74MK4NaKRQpJgawaJFTcxZp8j7itlFxJWO4V/uqLbUaGAvTGwJLL2MrZmlh0ZzfYz/Sn4dfj5bV2NGQ9RhWhgWtNKzIAe/KA+7rvfOmF2NdR1OTeDKMgObKzV8xcfYKAowFhWWh6i6VkTubE2cfWFc13TwZDmhelfLDdjL0GC05LwmfuTr0FVKKsZyO6KRUvekvnmmz73ur2u0CRCSVhZLM4VR6lPjwsB/OciccmcKCHp035OfvFuzJd6JFDPeMeOqs4CDj1WRi9DuDicfBJnYF54tx+zidMmKZ1f3RE0X0BnZf2Z8jYepzn/TsFjp/104mZ3yRhEC8cIuoofeEP3F07Kg2Gd08bCDJsTJFhd05wxS/roJkRd8s4COFvs6sJGBtQO/jqemz1Df4sKF/ZTH6dqjl6GYh8G/P2gXUgOZm/0woqnf334XnUmx5R/r+3UibYObQOUw1gkv83FMgdVpkn6+FBvN2rNpb7qd7XEy8GKz7lF+EE3ertgFP15+9bAVjsNgqMSumzVjOY/UxpZJMtGUpngISb8LZZfqzFT72vGbmgZjjxICXhFCxEcqlMAhXfTSghBz/yfmzXb0VoaUOWjqGYSq+MsiFg4wsZPgJx1HjtGsKFIBLGbq0d67ZeK8Ibd+sF3p+y2QsYmv9nhNuiL3BQSp43fE0c0tcIM94dvqpNgRi8+9MLvLrsQUlQ7AR4+/0Vjx2ktTfvG+XmHzCb/BITsybTZspixJ3+X2qMIe4BXxF3DT83XDP3+v0vk8HtpNKHY6n+R8p5BTW5t1LAIChYMVlRKRAREBAQFpCUqavQgoiCitCiI9C6dJCIKKiUgIJ2olNAjvScg0pVepCX0kgABkhDSP3zOc973+/PN+Jxv5p5h7uEHc6+917XWuvbmWqfXB3KfIMDdHCDiibNmh1rFqbkYu470HCD87Qtz9lS9hrGtsWR3EPMcTXof3iM1ToZmJIszwHGGFwyfRXku1Q4ZpnFcpOPtgbeTWldwVEi2TdaddLsfnRdN3EbPA9GEdedYvTSKTH3J9+vkXZ6pO/dtHU9S7lf1OsGHxmNnpZiPF758uoNnyte2m2OkcoASJ/FnE+BjVOmwAKNnOXYWmU6cDX8SjOhjX8YiopE1A93seEXXgV5XXZg4CcSMv+g9VnfY6C2zHP5i7QprEgNvbbo8TAHS+mVX+sBR7ZqY9bAwCKftNV2HhnrOXQLw/jNHQhPMQ/EsN9mbOJmHTzEuPGWuPFeBq8iFdjn946F/NWxxSAUE6Pv/NEbUW0d+12sPfLTW/+uox9D6TM7f/+Py++Lyf0IMupbXnCyVvhnIz3IgoI7prM7TBQnN/ukIhqx/HwdDY9mJ9xVRNGBRFFyZPlEuCzArnlvrn38n/TLwNCCSuVIaxYveAwb4bn3ads6QrlHuoB6Y1uDGraK0qnO6Dp/oeqOz7a21JWljdmNVqTiKDM2DW0u9GKoAeRU0t1t9v1DPrhFHaBQNe5yYKz335omONGZlrWdV31TQu+5K5A0Q7R6AfNbrnKRkRJyhVkelpJVtcbBrv2Et83aMnkTZkKGEC4lhnI2i+MIzK3QDwsOoMeb+Ru2giMOeFgNICtpqPBVNMeU9AuBgFT9RmkUL24krH6UyIjhSS1XYLnGjqWElt5pRoLjKnzwdqrbsi0wEPGzqt6I+J/zf8R3jktt8V1SRZn1/PE3YLhy8LjBF67cs7gOO/tN2+n7zN6b/3JjQKJZCsq79boZMJh1MWWR1Brk+4nF9X827/xQxJbNY0OHH/8fx/N7xwyUJ+PB1ORvsIoewr2i0A7seNqO1xFJe+S5buwbBCSgDSnLRhPB+ygZVRC7GCJLicbhuhg7pGNsEz4c5L9zei/IsQOWpBy0+boVS0V0e5/q1mD0VQ24SuQG3ltBc+dqklCV1zpAUhJ2rB5RHvg7ybvdK5RZjVIuud5wpOudwqm5HQ9Zy+JPxgasbjGuph+uGXC6eHI0rDDJieizF+Rzj9x+DcI7voa5Rn9iffM90MCehXeOKh9xSEqx6kWwXpgQpB8ggQj7aXMNHLk29WrHpp7SgCRyqNo7ohCXqE1j4bt4XOQK3gq7DXJQ2BDN/2bjBFj+Hpfs1iUkGTQcLAoPWWiLF3II4tGEgfDJY8IBV4Eo5f1/THt1brnkI2mDIO9qT6ZT3eenJu79E2vW/j1gqXr3aYczTYxifSGqDrwnrc56yBkqSHjE1jr/5faT8T28gHBz6lXTBqcCEfaPtb5uih+rZjvN2C+Q57aZ5cwgBqE44xuSW/LpBQDG5w/RuB0yqjh4BigaQYAj88sHfbS0vAorFHacvYMF0TjW52/ieuxijMJfcffgSDJF+apGV7/Tld/9rhUXaSFupgSHShhgKGm74oCnaEv/0zxSMDq8jHwPidXQqg+lsSjeYslzaDduqRFD0eGRB8FojlJ0G4HV59a+u5S75Pw2o2tE6gUvIDqsNjGtlIY09jFvRx8k8hkPLqdfqG+OHZyUnH4GhX1NIDnS4FI0qRgZ+MN3t0hEvyokYrA39ffbXL3v/pqTLwLbH7++ykHrRdrELhV27xsLz4hCr3jfge4eOnuhyaTp+daH51gD/WWWIjbXS3zdPt9JKlZ9NuFmPtA2KxPHhYBLDShxiMUaeYx9yk5MhPtqjB4wgYIloF10ErXeeXRiSgPNkZfvWkyxRrELCuguUdwO60UwOJJnjNwRRvGUKALERi9LZotqBYGsjolAdv/UsUYAVlrHRmI+p07KMhq1Mzitgfog6obvuC1nsEsjOHzd9ejxS6n+dxPVKJJH3bnHXHkNnodRDfFyPaSpEESAZNNn4ExhXt94TGQJx1fFc2xIj+K19F0Nd9qOkEILWvtsYjgdNMRYQq2ReB3hLDLyewRvrZnddj002vAtAHE3oLBxfolgR4nTreBp4unT3DDRNBoyXONNteYUotXrYyA48Zy4HlkfSj6KXP3Nd6MfiLxJNQ30PxXyuK4eP5mSkrY8mPDAjIB7s3mbfZq2nPD+W+F1fDNrCbFaBE2e97tZdsIq7hG1b38W0bk14q8OYmssKOPGxIsb3nOvonLFcEP6MaevZfpV+oJGsP+NWfP555tWNWFUQ41ZuSHpiugaYVoTGcywRy7U4yj7s1j7sjLFyEHEFR4sBSARtSQNBW5EEZmQIEjadJGwD/teDzjYhk2luiNbGQDC9XpDMSKWL1y0s+QLr5t5VBk1rcHvd2ItQNpDLhgbMS3cH2X/4Dv0+tw6X9uWcIvM8IO51PEGgN4kVNuSP7mGFkVivjYcNoMS5GyA6QB5DMzQJY1azw+H2KfDWBokbNGNBTeAGMfunf38rd62AMUdZla6jBrfAvX4eZSw9wbS5HwibqrrjLzW768TNjlqrL+xMEU7cjRHs2MZQpPzNsP2SVrKv9wsTtGgRTLXXLsxcc+SNERuiTgy4y2H7LzC2vrMqyOxhHAXGGx+GDyLWfpR2B61iuE04xBqC19ctUcdWFSVl/B6b9K8eypXJ7UImiFjsxG1M6mO3UFp+xHY0iNpIR0yGwdkIxjrdsASspat8F+DL21bJtG80jh6pztBem4bXTy0Jg9VDzgJdZuP1Hl9D0/cuyXUzuVIcKb+2zsAPXI/zHTejZu5Let602hjoFXwFrc8mBXSYhh6fNZHe8UYgre7UPpB332VBq9d1Zf3z4RcAAM+6N7q2yOjKbDWtk/FL4RUhzLPShJIg4guljVOsqaURdVQ5nJkD1TQeDB0QRL6w6dBZX2sC4EiBiEkWb8sYRRnw5bEx7G/8vAUCY7LRCeNibFfZ96/B0b462SgoqbMljdjKB8B5ZM77YRSnrZXXCmQag6kEfJ0/pVIuCZUqye0ooO+r7mmduPIugHzcyA4fGPIxphFaJqEs0JdgB+NF16xzpx6MR/8+Lokn1X8vhyuvdvjqz+ZSxyASca3FRhUuA7ihPQRLaUG/4d1fjX502tx5Ndsp8Oit+sbJdw2O+zeijcJi/GM+qrKpalnCScQ322aA1iDYbcZ7UJ6LFpZ8C7IokaDF0qcVVQcwdfdxM9cOAAQIOVC40dvNSh3GbCyKXs/rpXNaUfB1hhsDDNri/qaZTUoL/PUVoX/3WOjsJAextA9g15FBTY0prjrrsYh5Q84SMGhzxA58yYEzQHUnIFsD32UO+UNithGQtl0VC1j/WPvK4jstfSpuou3UG9FrHznnM1pZ7/HQBxq5dODgDWJigZ6s92YlgOM7gUtNVnfJgM82YOD+t+bEaMZhSguCBEuZ3Yijt+/59+68jD3e4nziSmud8hst1l4dzinhlwFCVvbL+pI2tIoqrcmQ8xdvUrAWHTpOnIGrGXBSAbogdYbaqdehh9MwQDA2J8BrKE4Dir2IBnEhCKIdj9n409T17uD9f4nI6wbb02tregBgEGUY3t+ojfIjyvHygWxl3iw1wR18aQmxLZZ6i5xrq9wk+oGZB+XVtW0TV8jgAIJHHcJegm0D3cCDqd8UvQ9pzWmQ0653iPjKQTgpHUuCnNnyqBeKbkBO20gW1L8LajkA3XMoR0El0UHk5Z49Z+Un93xqeGyotXG3WVhKMGR2V18CfCAmrAU0O0U7vVKTpspxANIUUNzjyTe1bDVqnE3BK06ck0hOzFyI0kZPDsGnNWL/KBCV7gsjI7Y4BHpuCoprA6ZU4glzY3uiz/7LOrx6bKfFNw4TE0BoTAH6U1Csi7xmAG/tUhTyLiDBvR64yLka2iahR6xHbKMgSQaP3k3z3cNQSCOxkFQ0rA53SyIziPUL4Wo5Wo2oHnJDEH9KD9dGD2liLZlpgjYxCdhob3x15gSj/y5B4ep+al60zUGdFrVXNx9L8mUV3PczT9YCBoeiElSw9qwvTRXygfYWs7nAd6DojbM27MxFoHCMFi02T09P2lZnrTf0ztuNy3K2PTeBbQyFmZYHdGolbKES0d8PXaMCOOU4Riygjr3RKfb/gy/jugKu41Uea4pQOgTKS0NQYxA8zLYUcfP7b6WnSK5KMqHjgbxo7eDxE+JkoCfKHcZzz9Py5Ik87vHj3Xvs1Xm6nxW2FsA7yIho1n5PtDuPTxj34Xk6gsTFGPfBqtvWq0wvg7telGkTDOHMxjRWLUJ0AYzau/tnz0VPXjjGdzLyVsMttb2NZUg2KaFJX5zV1K1vjNx9cah3Xt+4qEWap84paw/bv3E+woUZr3dOWR7gTfQW7yhHMZMIKekBxFxltgb3uy+vG8FAI6Z1UYxlu+y8f7s3rk2eO7XW0or3W1NGNFXCt5TZbSheERLBnuE9OXkYsSshcBuG2fRTs7pXiVXRWnhEpsQXvHYoXi4TOCtxnQwM6L5XvWZsVw+rWEIDmJ9joJwB7QN+gytBLQ84Q5EbBdLleJ2Nn7HX1iz2eF7xDbyAFQguqXOxwNoH05rbnaBGVpeuS37B+Hcs9vfc8deUBgSNCUky86Hn429ru0Rv9Hy+mof0YSV+M9TOHK8uY78OC9uHNeRpEyhk7jsc3Qm3ReZsQhCsyfJhTARMMUNRdKeUyL956PI7AaCtycZaFJzeaBrUmMDR4HEQHAKnTaCpFW03Bh2bXT3ly1/Ns4d3SOK9xSlWj2igL6KW9YizyvLPdOmH/Ot4t1Iyu9a5Mt5DTRA8KyozqomVUOYmrayhittex9u1dOXckCGm71JitfIUmr9WwKQ1b9Lo3BMhpbmDOg2ZE60+xmNJSGXPDlel2tGwIyDoBZjaPaXivrti3ZFLI9mIPPxabwK4kr1GbYAkcaOZJ8JpFbkEdWZfNrz1k8WWX+q23Rzo/gVMSm/NxsFZgdg5KCsBvmzH2xTEb/Z1KjcefvOvBUZKQNJ/NiYEw7DDMqtRTH3Eyli6/3wSFBW62W7eNIOXevYXnhU24FG57dMq/HkesyEJrDCrdBr3s2o0P5gOrK5sk2hZh0+rc6hTV4+tZLbdw9GBrazoWSmaQsgRWJm0TSHKp91/ZJiBZM7VK8jzV5/7/kgcoOwQlLvjlljuJ8MRvZCSSFBPjbJ3WyZm92mM8h1OZi3V0CCMKdHZpg9tEzXEFyOZK07a8jPF4JUZcXv0T3hX8L4qN84mmRmFICXAKQm8WENd3lLIMDRMZu+/9CEiVX8J6Vyw5A+ipOBfrNmi6Fk8BpLXzKMp37Fh/aK6A3u0g/cP14ZY7KZeO7UyEGukgVdLfS9W4jqbdRW+XV5vS/gr9eZ1c/EmqclRi0BWn6Bn0GbWXU5FLmJgD4pyH6UqDtDJ2M/IrdyuFzcPbBUJPzH6sWJn9eWlUN/J66Nz628uw42JMH/jzQvgTT0lgAY6d/jt7OeC/VDJughjSZq04EmSQ6lViMTYMHOYAiWhMZX1vy+d66jPESgrvE1f9giKFY9jdWO3+sKNVf49DO+FdJhtGYJQhgxijccsBtMzCBcjyU39TYjAbku91V0fPO1EVMF4cGZ64Gs84gwYj3udAJ+x1CMDR0MlN3Q+0A+1YuenSiW493lMbpbWAICnpEkEzmmrM5OAY+1I5lS106zA6ugO2ea6HZGNHkLiti1nX2KFRvliVF0yrZ7dkHx9x8/vwgXinAn+gfd1MC06oM04bP8Lx7ezMWg4sdeNFaf7A8nM9XXNnmEPM+VZPb5xSGwrfrOrktPPmzWFT/G4vUgYtSUf0yf+72lxQ0AyoElP0BA3k6aMWFzgruO2ipGwZVO0CtwxoMrOzyugjrcIzbYc9rI7OM2VEsCJussb47A8+3o6wAVIBp+DcNYCfPtYCW0j2VCrUamOCLENrvSMEdh/dCXsDjWKI54S1FEKTwVzVveqVNfeWDwm0HDwwY6TlIhujw9RT5Dbdl8atxEP6Qi/tvtZrfLvo9axmM7OjZKVOF3Viu0k+dmFGVOuD4a1FNsPdAE5Pea4+RTcvDmY2SfHpXqhglyLluz+tcWKvzHZXgnyX6NGViIIgnAiP8L75Cz5LlLUtRq3yGldT5em76muXeRAViWj6IApWtdUYhjEPxOPmC1RfiYWtG0uiF+Fq2upyG1X2PbmJueHr8EYtelix0McLbMrhZ31YdIyr8+8QyB8WkjE5pCIkdVleQEg8pQWNwaZINcdNzGbO9OXp1GsJrB1xtu1HwkSgjNBQQpvErRYyUYLMo9ZEcxcPdncZ9A+FfKXGEMOFdE6DCcN89YBunRzAmVJNL2y/pLAqpMAfm1RTxAAZrRJ7Y77J79VQQ/60ZoZPzZGw1/HCQoqg+nTnL03KAf+lCEKIQ0pkojpSS8UexzMKgWvc4FJu2nL1LVOi1VpT3APK9LYx6u1R/v1jIwl+V5HU5re1rZ+pGuR73iaetR1nlX2toG+MF5Ia/fQ6fAMyoxWPUvuUwbqWCx+SHjAyYyT2hApGd5QjL2W7bV0CKE6Unuj7pQwf8+O4PW16IUTfOV4uDFlSubh6KXjjCCVtkedX5RpRLQltxinfBJOqr+ln3azYsgwZWOIOfVmAHNgKwYt2XI9KeCWZhdKLJTM0CNshfH67az8NqGMH3bg0qdEiNA4Rmjcb6M3JIxQY1FXD/Wwx/9XOt0P7dRA0LOUptMFjFb+VG/dg4Xq1os1JOtm1is5vwiMJRwnJDZ5242K7qjW3najZD1Pt2jt1wOBCT2s6I173fzKl/BhZUhONeIyTwY9Bz/t0mFGp6dnzHyS+KJj1WaCm6nUIdLvzuagtIRAzFFUwAZRLS1P/foIC0U16RoPuA0+MTlxOvga2B/YuPZF/krkma/ZZTEJ/xkklnEKIx4MpBlrEO32s+PNWYYjwiOtcX9RiJBj2xUEkq51K0Yf3FY8ssquTswPdj6OBhJf0VuodQv6XAaB1aRcxxzBwJeyEmblhYNZe4OV8HhTTG176H9Ikiq90/K7LuTC4aN/6kPQVyZjxJDiOtweGyB7EEfjBfEGVvT6m7IeSK4KBRj2BIZuB5MiKZqIrSQr+pt+LR2QK/bOZ84Ys3+7nIQHzLqb9oKMfYx9LNYuq7Puz18FUz7zbkUlPHiFGDAE2mo/NHpbcR/svRGNe+B5LyHvxb3dx+9KikgAcj/tne1xiZWARnMEfJYN01vVZxmH/Byw50fb9daaIKwcQkCfCzONf2V2Kvj8GFC3C6l1ixM3h962qhGk9SVGqjKnRpmHSg+cisUtxJvWHQEN3pRyR51aW1zQga+FQiyf09szU57/t3Zsw4LBbnU0hgP9p8RlZM/9uVc989+Ki2W0QzlzdB4bp7nOHaKuiV52u4ukC1YbtulebWchx7WpXGl59riKuHKtkR1itC22Q9tWw1esdyHtNnFA5ff0s4SQmAx4K/qAbSOZc8so/T54xYJpRgoDfLHU/SiRQluLolQqsxNu7qe6Hpzk33tKSOnUBVmoSG5DRML9qaliA/gzI6TOM2PZ7ovz6OlsnY2zyCNW+0MHRFuh329E2cQh8kYjEgK2Bt1GVKKYEImuTnjmTND3W6CWK6yMfoo/lKnMxgJhm7HdnMMY7G7zIzvpgjstamBb7ZCaoEBE3erzE3/zZI+Q+56Ezqo/z8ENzdJroYIE97WKSh2GOY7NhW6ZyrngNHXZc2dWd10bP0jFn6ID6i/eIs5IQJj3Wuv1yFpGC28sSHW4tzrkcwGV97nr3Ay63KBhCkM+cDYqS9UA4t92FUUHzl3d7S8EX9COimTGtFb3h63/amV06rOyRELqna+hA9K+ftqTaAs9aZN5AG5EmdkneL0tTj14l31HtHfHpwJ8MaDGb8kpbduzFYgZgUqW9fPgidF8jflwI9ZlycgDVsyzKZti/ZQbUCYNum4KWh+Xw2+OknLeXpvkXplc70Z0clR6/wuKyM6E11cQe+gfXt41+FNc7gjpbE2GCLohSGMozhyKwXBLeY9T10WlSSrxBaB7al8bD85/kbcdq9M/C7bdWPObGlKVF0C6xNUb5563jb2Wcd4/FyIJO7Wx5oW6Lzl2ux6xB2kjzvoyc5mTcf7FlY7T2/FkP9myqzxhrb/d4lXe2IOtV4lUoff+jTYRs7vCVGFTM1lXM/az9p3L9R89ZcT9oshpxRp76K2NZVsZjw4xFft3J30Jg8cN6tq69RumwX44RW+agOWZ6gg+eid2XQFOnOmGTxtg6rMVe3X3BpPCGzJQFD8EY5OJxT8/9vdWET24eGjVUgA8+KeJ5+h24lmbbDR2Q7DQiCU0gpuCfsebWWL8UNxRp3Hb44cXzz2oapwIrbYkGGRi6MB2JF1Z3kswBkQNOx+LxtdGdNAOSNsCqfl62FziV5wL1VsymxgiWHJH8nEGfCMD7ndq9V6ezYSdeHco4wv8ck/4B9xHhXt3onVmO9UMHVMaGqX3pCZYFYaFaTGjIWE6O/O4uUv3BJX5QG2iqsRKq4LJcoBnoSkY1k7ZEnWeG8smwA+zDnLaTNSZ5xVm3uWuUnDLYnCeIZiyfBFZx60xTnXMEKnK/kemmG1qaZb9/zjcWmTDTwJsaXJuwaqOxe8g8MdCFXnQ7/epEp6x6TvObkZxA6FgA8pw9sKbpfWoU/Rd9aa3OuauSJIPGEEkpw8V0oFud/2Jc3qSnMl1pdNLfrze8DBiSjKADD5tyhlQ8B3AnB+FcOIGAcjX+1k5KRXlXA/sxnaIY9134z7c9Dx0tX6/yx2jaIFo1e+Xg+SxkwZNVL2eW3PGUfIb9jN8Fkb2lqGElOGTrW3oA9DLJXXX9cUALsSsiX3Vi1/StN6WMHPDhpgQq421XkHQWy1aRqs6kXBJl8zZcGPzA7cWW8FattsQcYV0uAy3am6sc+g/X5lw0G9qGOyfAIlm/nEE4ArVkSQMgexvUF4tOeU5E4BeKK18roOXoHI/P/Ejf4irDd3ou4sPfL/t/2lcqRK/nJl17plc0ReDldjhy8XOQhL4BHFav1sKnDgAjjLQzI5oXb8vpylpZD/ry/59BCVNNmoLtgxVfbFufQeSNrC+I/rK2Gpn5p10n8bDzsTZjKiE3fflFmdX3PDFp5B1oWq2GrZGfjKsJkP4gDJAVRJrcg/JfpDvtZ0DJLSDRFRbdLzeLPQu+ZPJrGzwWjDBP3tf1eFjvWqQTzh44E+oe/++v79LVYhq6o75kW9/6g83yfDxYHNRd9zz5Gm3OwAEX0LtqxmJm6tyAbyYOJ+3L34ELvRhKxpJEpCNskDehzqXgSTTlgflvVd16WK3Y0gciHd0HypgbjvhfkDuHYtH32V2QiRs32rNpZjyQqeGAES/FmyHJKNLF9nXedo7Zu+xK3x53nFJVXO/bxLIvpk8oVwe1dAefsC/zZhcOkTeZ0FKQB05naXMrEvStQVAVf1vc+KGmXOPSf1fWwI2nDjUBeVJOPcFH93Nh0/08hdS1BUEZ7MGNzX/d+fEPV5kETNplVXZ++gPRblIemel0iR84lIlzy3AKlVyVeYa/j4V9JkOMJibcf2MqPeZ2N1dERjmNLIo5i+P1Jn1P0O+ZySLW+HKuXS8bgVlDlD8Kr06XDt+7DpJu2+XhI0uaevHGvDa+AlvYkJqLuwyF8jwKvQNujq76wDo6pd0fczxiMl+LPy+8eBNLI061ixITl5cmDOjGdvpMlt95po6+XPdUgWDRLylgd4dF8jsybkTNJsLiwjnAKx7zUuWRs1LbamDlk4CTFLlMJOmXv1fx/624bcdmRwU3RP4P5zihF+ZHNo1jkl7xmNSgzY/HljdG8CLPkeWMFLuddX1thGj76uv2gekAxhzyjrj2nWaunjDzIl9BbNSZNVzXudTgP4rpUs6nE9ArTkZZJTlb78J4Jwixeud+M9wtxW9d3W+SgtD+9jyIqI50/cuKf9M0N9bSENO7kicjBkFugfJZzqtRT/VVW2LBenoZsCDJVufEN5590O426Xl/FrRnrRo5hJy/XT3iw7XlpvE44t26aANacG0Dr0W6W217d81Tvfl8712umZIaHtLmOHwsv/dBrsOTm4oJrj/L0hc/Y0E3aAP4RIAuqg7Lvq6Sq+Nc3V13wc69xP9RPU9/VpfYfSyiy2zQQOvnYnzPfKzSS4prJUVPptLx0vbMvuUCHETIjMed9bWcgjaCWUKNhPAJBHa4ouozE2NtLwD3jHb1W1hdB976ZnyveaDvTvVX4FfffdrUWXXCoEkd8jsct/IxurYfiv9fT2+Vw4TlGl9HWF/3jjsacw5xCX1lozzrVniJLmPekltkgwuYrOL/27nNHFM0Cfh3NlXb2XOvbd0fmSN7LW3jpz49UXF0RqfU3x9Wa34RmQLvvZm5EmbPcXNh7TVl4XvZbwUuhU28YZuQVnmeWx6iPpOPX6isbCF175o15V60WuCbo0l0H2fwHIPNjUJV3VW7aC3i0x+PP3ew1y6x6G46GHvO2j511MiAq+uiAjtvPrEVUSIb3X8k7ja3++nhASC/88v/z9etqCyPXYxoE3mp0bzyyFIdtIioObKkqRMeny2iKUUzOHoYDcHlEYNS+5Ue28G2d+iJXn9MfEwhuk4Ee94qEmnsOyD/13maP60ve2PzrKoY5FnXNKBQNpjTKm9lVOSMVQlqzCsrOC+u2vKp3saYdfBBABMkrFUeixap3rNRPnV8flnW/GCOM8e660yVN0BLzO07vRMc0lomJg3badD1oEHEr4yxoorbwJ0HllBSUcwsCXRd36DaMIECqvUALskUDUp5NQpcO3l2EeCa6ri3x81D9kp1ZAGJPy1LP8H3//fl4rrn1Z3jyuy7wAZF38CL73WsRdWcdi7tMC8eSn0++zoTWbWTXGmnsMhBxN+xdOa1Nnkm4OmpKfN9dF6jL9InYZ1zAFTVzNiaZEUB13br1O4maUzGv4i/nsOSIV6tDN1eqkycW6XecEtS+vBvkaBWAfmlsyFwbAQpGYECOBPbUPTto7qKcF0kn1NVQDK93rUkIbARE816mcVtNpAP3bdpmzrL8rFsGJZDOZkHubiV9GgCJWW70a1+WAhd6DTys7xQbuHo2blJhWjEXtJJM6NfoexkbbNi8450kH5sEJhV6iL3ihFawFLIw/ih6zKvj2k+SS5rhQaDvssvYlIvdQUykD4rm3aEwhvzcRUk4cv0gtrDLMMoF++2TsdK/h6YoJNcRruGjVMfBo/41jYQR+awqnhu8Tgc6f6ysmv5m4d1vy/QD4XSbxEJT2/DrH/0x34n5dLYVfSdtDDsM8TweMvw6WuxYLuv1JuySFSb0ESSdJzeqU54tQsl2eF7NmZpxFA3S9lUREqQ/JgG0Z8mH/h03pif14UsfQm6W2WuixuiJRaNovZDMOy8Yqrek5rvXIJXX9xqq2dnV0fyV/iOyZwAANi8Qlki17RAfHZEX48PVSy90vX9QKm8GArOnm2uxlDfdy5Lw71kPYYAmuRYE/pNYXlZjO/f/Vl60Tkopkn86MMs5LLZk0sVe5jo0CVP4jmGA45Bhp1pmJwxOxi3rJcuYTzPsRH0kiTlvey81Cv8rEiqqBRvwSPuqRuS7wkpvU8QtdMZUJyc8FEdKZL2Dzf9w2nyu2NS/GDLJplXb73koXtihaDlLNhqtKv8cjY5iJ6YHQ2t9/l10Lscq+h4wpKL39l8H4d/mPlUrjp6MBR7V8Dc9qPaptrxl5ZapmFRcU/nGM/37J7SGKlqBe2tBimP7+I2xrVgt1zSSOkuJqgKI/LlfbxuZICoMVjf6+BvdhvEqnjbVJP/zlnGLFXUDeYv0ghu3ltvvRgsDHnauzZSCmtqxHHgIDQywY71ZaOZ0Ey47HRv5a4txJunffqUOBIU/rAJSBMRv0tsaV+B5gVCgRQKZuVkwvtAUxIw80G5dz0aEmmMFq8Nn3GJnX4AWEi95iimtlA2faPDzLodMedfLGGNowdieF3d0X61x/5xPfuof/xfMMDEQ8Zl9ABjERQ9kNlCagVmHd2zs5gCb7BnD0FdahvaXmPHuQe1efc5VIpYu68wZNuDRPlFRkrj8fa1ZcHW0d9oQ2IOfGf+8GycncGiFrw2PxyL8jPOykq8FccO6pQbal18oRJI0pD0a628JFtrSL0qVhRXbSJj+9T90BE+UUYcAUGblaOiGQe5/048VAXnqfLW71cS+GcrCXVfzxafXeV0JtNJT+ReLhiq1vjXb4Zv4xpyEsjhymWOy2AKhZqU++bO9m0GpY4uEVWKOlls5oi5wpbt9ckAG+yfOlv5EcPBItMVqT5npDb88fMesKVvufLv3oMW/qZeyd3TOrbRVOYjH6fMjn3BuJsbNWD4pMXkQBL6fUyM/LEs0Xx9f48q/QwrOfXh6T2hFbGhcj1+CE7AwdYYTyUZE87Mui/amxJljXez7+JbEcXB+WhyAqKZxcA7ysz+fbOXAg4vqAsApYVodL6lmL5hd7efXc0p8+vOUZMugtjZJA96ujFpwiaOwRo7iXa5oNAEY8G+7j26yqmZgRLB17Z7BlAcVkeJmjrgRyGvBqXUKXEPb+wcxxilrKD/jL57mZncleFBSGLw32Cu3L54BqwLBdVjlc8GZdtMgZpCh0bjDdeCf2Lk2QccVbfjsc12ew0yS8g/FXP3rdh+FZX6kCRnXMLrKpfjK6ihCunh9CxJU6EVFeNuhFVDdpdM3SsgVllqWKJNZC0yB4t1uAqqzm/jdwyFFWqVfpV3rTi/HxCEs2I/AbFst54w/wdA4yeKGwd3Dn+cO2DdfjfkPfMC73eUfmzvu/yvT8vfZSDwVp8Ra4NcxVmAnZn60WCP4Ova7/tTUB+PB7kfVqdfPSOzXxZqPhb56yk78oKQj/3Ur5/RsQhLw+in1sBwZS8hYlpLWbez+Q6rKdIhhY1N5+ZKiwNKRoZkEzsZzTvBTLijGnrCh/hIwa7OtN/HZ4X6wZAFFvEDyms8P/F6tPaY67vNS36bM4IZHbVztKhqw7kkTgkglSZvw+DXf5xMEO0+7j0w8AHSp6ld6vrUph5Sa2HQ+QfFhJFOrXYlpzHo7uqkOWyfKuucNIKOU97rKRTacYtytTU7kuwdZy5W788KarDQdNzoxaT3QKS1PqhVJC6rDH1kS47bGmaUyY9tPqE83B1heU1Ht36npVPsjcMkIjwr5KqfB4K2+q6Vbs4uGSL25OQ4ibnOjDCLCh5DT1psTQ9dqJIeDN5wGeXUsKuTgs4CQ4OmReipATlOzk5f9fmle9KT+pzdP0mzFeEdyz7B+x5yW3udOkO3f8fPAFPd6f3zvFtydn2BJrSp1ykFQE1V0/sVTny1KhiSu4m987VlgeqAlWzk71anpOQsbaThaauo3Ugm7mh1CGRsHbD8NyfpIXi5Te6c/4UcUZ1nL4/RccfGmgkXji/lDC4YRCvViwnXbnhtSNS8xRg8qTWcXiEJm1X9aV0naAdqnNZJrrzG8wIfw+jFxeHQI/lTHKslLzyuuv244hzJNrV6f4MZkdT1YPLBXUFdhI0b/W5B7CNF5toN6dDk0VqGR1RmFXrlPP9le4Uxa29wxXHbsnSzkJaDVOSQoUskvKLKuxCYc6IxQsjVi6m6SnPh4kT+CgoLsNF9UnMt5+VdTKS1xur14+d2T0kZitZ7BSImnUxwBSjodw+7tb0i0DvIxjPLhfmdLz6U4rSkFeaDHv6CU7zV3PlJH8CwYPEK/PiUzqg4ffu6fQoPkyyEQtD9AchbKyYP2p0VUa0grpQbpTKn4Y7x1fUR1s2RwN8zR2Wjhbqt3bdFhKuPymqbpiu3oyX4KZPqC/eDZwEA34S7tn4/rM+2JArQu44/nt3BP90HX8v/8srPvyrremhuANWyc2HGs02MoSaRN5KbV1DnH1qlmZ/PnciU+2B0vy96phYSDHewGb+Atv/PDbzGuWjN9V/MVYbQ256ZtZ9hba0QDvR+Xa4es1BVzFb0zMX5PXeRjkrm2Lf/WNGGjJiIHY+cLrmdd2d4PO6VfO/Qg4Y7LcJlgrFtnw/GAJsUoamozRbAtrfS0kCC4kXW0OKQ7HEOVq54ZwMtgwEGiLtz8tif83ZgLBExAqlNJwcVAa7W7fax5qBrg2wzPLxl4FB3qYsg26Zwi8Qes1hZvH1ZGM5L+ihqICUW1vIaXE+UE6Gps2yX+1sPm8UmC977GPXVHcwgWzPq2y/9rD6iQbBdKLl+VcARv5pPoAkluIlF2hNEHrdX5U2GKTbrgQLKEijBfm7LkmQp8d8zDeL03WDEOVYMLEYmOteD+6nm4lMMcXNe9HfTxz3j614dP9pRivM5SLwhMOE5Wtt3Bj7VINEFfl+Ba+CZWYig/tGcBlUG/RpCtEYG9FA8SYaDx78R5RAZ0R2jjPWsr5//POgYn9RoETMHbypZ7Ah2HvymvKDp9QsjzjDb+bz9wpuP0gecAI9l2jRgTVfaIkTBMuCi/NyNT31EbneW5kOA/hxmRvQjqvOWGXHWdbnA07FfczR0vm/SE7p3nmGuitJ/i0d4dDyenN4xiP9JHVDYQmL8stHKFte/Y+cdrRB+AvE9zsd0ZP8Oae2vn7aBOKx+te9EwnJVi83PpcZw+aeC1Pe9+Jf3EyLrKrDBDC0BqUfwldiNWFXBu7BphelGyyzy4XcWd05ZeHZyk/yzxO6DYmQyReJrgnxhpWT7yOmZwUPw1xTCgvLK0HsX1GLFxpDyxbUfv7Hq3Pr/OXMvWn49DGPYaNfqBrZQQFta9OVN5qP0xrKL7eKUUrraS23tKffOag/u4T6tmzujdorVqunYV7Aoxf0VarY3Lxqvw/kipuza9wwGPT9ed2fZHhoMcCcZMewbpMbmuHefqhm3bU1aOJY/Nxqr/uwpf9Ly0D23FC51/CIFiFTPna5AcwdtQqwW3MuRN74P2Q6Gjx0umHCK2xiJbPp7p3ErqqtO7UzXO2FoyU5Yn/KyN8rqrqtfatD2Cc52zFG5RLybaPIqzmOxanQ4wYqhyJ6/8psEYc9cBZq6hGbjr0wVNseB1n3z2cWyEQ9/EhSXXcAdIQh4UW8OOQxY8U5k0gdiFWYX5K1iSk88l1WNyM+RM22MsjY1nB1T+z+3rE+/n2SLg4o2CT/S7OhWH2Rst1AGOgQU9Vq76Rf8GwvU/zrZhxmuPOBZXnAiYLG1gw2NddQ8TwK0tBpJjm36UpcoLU3c4/q5fsX2qWDGEnkRUOw6CQ3X238ZS3CQE67nHVoyCEmHesC3q3RKauSD0RbdZaxLstkHxa96W2DciYfVvqWpupYlqbF3Vdb/EGsyo6wCS3vuDvqeZU0Oua2MOfyVe7Hm6I3Xxwe0DO6tkNw4T7evDBTYYOXQp3z0+b0evjMpAz6v3pOlxNefBZbSXLR31x9etFS/Af4tqBFZffrntK/WlN3lMgR+L1WSOptwtV7MOR6yxvaLOeBy6QN5P0h77WB52QHV6VE053jKLdSZJpfQ3GR+bzpqtiMz5gGKKgfJaVODZ/iVleUzn1cdKp1LS71XvrFSGmowe83/Qvlz9H0mdGrDHJSEqeEXgnLO1DxqBukHvRdjvKc/77af+zPXqGyY3yr5kjsFEKv4du7RVOb1l955kX4vYstx0L+h36EXPQed7D7MbYa6Sw283psdrQKTOCO/V5bYoa1XupHkty73rqhi0ikilNm9XlLDKMORHprc1cWik0H3ewMKJT6yNy68HMmQznmglfivBcH7ekAwqDo+gsjXli3+c7nznlZEaJFkf1E/k/ZkleV3uwT2Y/zvDAET5IDAtbW+VMAe1AbTorrP4wNKWX+sMFnLqtyYcRzysVZylDaus3s8GgddigXpAgaTECZdcxNTCeViRbNWHTtqgJU7uZb9YezVrCwj+rmL8MDJfad6xkYSjsfc0iJPoexLHZ4x5uUHT5CXPl+26fz7ZTPi7B355NdtO1K71YQdu8zr3VVSp/dHNN66pQXS2SRbhMfYt5txDPbgwr4LK0OKwLc3L49qF2vxiz/kmOsZVtn/DMLgOKx6TJeYVlIeR7+uLLI0vKl+daD0UGYyvjLlApzNNZg51iNrtT+tPZnyZTLWCUyBWlSUfrusOzYLBpU+UZyAHFFhRXo3B5PufYyfGszk3+3lpLV80bZO+lP7AhBWM7KO9b+g66u2q4laZbuW5rV+VYounsLza4yR8i3v1y9goypSYepbhizPJcTmpnL8WJ+6DtOFva6sx8TCkrDw8h+VCXt9Y7+905j1ujha7orIwqor+/f760lrQc6T9rK/VxXQY5TKn0WlcIeGbhEFpYtJHulYuT3MJWwEYokQy9nahVm2Vs0qptccRPHbQl0bMPzZvVYLwbshA3eKG9vGtXD9oo7xw+GkHhJPXYNH2xlDy79eQES2jkn93XxdPioWIgVI8ZOkgiwPnP9OeFt/N5vl+IczzZ7Wn627tG0PjvYc79jrVRpWEb1uWV6d9gNjkzx8tVqB9IRRxpRbldy99PqLiPa44RhtFXuks53xzRqwmxrYr9Zc//0cOwwGqmChsXqaw4cMlbflpcTKcON3mcH+/lyFZ9sHMy4bHbg7r5T1rtuVE/Ezx+Vww2tPbVX7ujUb0LO0ZIW7gs39xtBq3OyAsyaEr3fN3VbPdIDI7tJTsDvhyAHBrvN55ohFnKIj958q5+GTjXUB46+qlhXhf1kD7W/tg4Fary7phmZEXxXNerj45r58i45KfnGmpgXAeW6F4NyVkbXSc73KbW+rsPt6hI9Y/SFhGNyfEULt9zOc87uH1C8E1S6cKbnWYnIx65mrOWkY7/TypLpzRFXXmKpWABuNL+WZuG7h/SruOP5gDurcMH3tYO+P4xw7eqL/O52+mRg8JNRKaIF75XRDCtlno0NWMINUYbWl+HY8mrFBkvfOT6fsSWNgVqGT88+5OhBBKgl29TQLbr/TRjKSdu5xCXEy9Pz8KqVHBn1/etGfClncbXyeZLr+GuPze4FYPHhIh2auQeZQ/POL8gpY6HgPXDfXjJOjfBRPNClPCzNY6196VaGRU5d41Vw4syM1BAeMQaLnawnuOarKRCm64+VHv1ohs82MSxdCK3rmS2vTPMJKcQRawyi5KLdnjTwiak5/VzejSn58ddQ4BRe3fHH2cDAX7U//6JMlxuad+/aV/lYvUzkPmPtIGoU08UpFOYEPdKTcukYrraRQwyTsi7Wrw2Flx7pr8wNaX06r/k7eVBMRcT+vB/2Sfhwm2uDxHzr7O4bZ6wWBWIC12e19ASeHlfZSmod+Mg8c0q/RAVpbEUN+zFHme155LG1qI9pqzuPadaRBZL8HiRUXBIFDVJcS0Knc5Q5WZs33LGigwnKGAysxzGdZnvxUGWch/uByNwD0S+e8Cm4aOZYPzJ3/G4jHNzcbTY4lWV9qLoDFRKPfPjpnV2EA5moEKX1Hm2SajbvDR+UCxua86boesEH3c5iPN35lbYzsAf/qrFx4K+9CucX4tg5Fy/XgN/eapS1Tj3/OA1KCTh6aPlQP57ytWtXJLCOF+PS5+BsplkLTh8tDS/8agaErt4+KJhxz4D1QzWbmRU4L/7GtvkjzKOLeszuV6BbVNnP1cRUGUe474DUvpFpTsK5oHFvqMmhKdmoAcqXrnx3lqK5Y4LS3vQpUIV03Arsu48dU/HbikWidpMcGEExJsGaq+bdHJWKEsd2jmu4wntrfOZNC54kTHjFpyHGbpw8Zu56b4IsFzhm1onZNmH17xR7/IOnLWzSbhvLjhBZx16/iGz+UcSrFajqYA3kd//iQ1y+3jTAVd7jrr2FEFpruwGoaihFp3lRUMvzCLwVsnl5//z1lwrr6pVnNCB1gRT54dFQDo5QsOLJv8rEjZc9dnqusZWkIFnaHEArVr6J/BqJKL9R2heUsMO0XWR61ecbXn0243F491GC2ZjiMOezpf8ytG8ToLlQubmoj6wcyviO1RcSx7Lclr9OAMrDyXU/lGoofR9GQsNKS7On7hBWhPlWfS++f/vn0ehVw/KhR2UJhJcsjGnFBq2JPRUKKQtJPOKwCBxs7a4rC90q7vuYeOaE05OoR82Hm6SnCnzDyx9AaLnv2g2h/vYmAJz1htmW7Q+b2Wdpr8s70BY/9HlJqMeB7SRHYRcrQtgNY+6XDHGJvRWZt2+dSxRP5zdK0OQzSp30TPv6Pf/7/I72LFIop6bvCNofeAy8k9mhgCP254EYbXr6sEgT1CPJCE3JwQUt0+lL5IlL3eneNxn272x0vWZ7GEs2/rDiJwZLmr+Uu/cqNcByts0Yq2yfewL0M3Rq9tDkKyn5m5wcwlkI55GryKFzAxk1c2rNwT3FV1oS4GuNYV7nG2B9u6oUiirspdwCKMvtYQ5IvKHGag0/sHKsBPnMcQKS4C9aKTtTWF0PfvbahTmseWSS27GrKh/WDRYQ7fmG1OqyzSZnvLxJq/eZAH1oGBJc2YMZ+4C5RVkJul/73ue2DZugAd7D5xpg/AbIT9ftODC6LnoDoEGQDMBPNRdrrXBSruxgcAaTlbPrmeThke2QhHlg6yTTUD8TU0uc8ByrbT1dQWOaj5Lpmn01L4gfiJb0BoPNMLEu+SEu9NDkMYBlS1edyKR6GSeLdd4WCd1wT54WmzFPMX14gG91uzb9AvDIcs3Sa4GVfxHiIwn9wkwMiq0o76h8LL01bbsmzYj2vJqjLajLJJ/+Fr/10NzMddhk0CVGXaBK8ZXah93/Q7w+FHxD1GNbg0wrNhvdEVV8w28cl9ZlH6ddU8ptTrSJqBFWOw6jhm31Ah0VKfb7sgyoRXE+zTpnx7acGt4ZYzNvUVT8iUfsb1e2PfLyh3k+GP55H3Xc8yCmbqvMdO6JldNRCD4oXe24x4ZCwmZralfO5fkLLcu7jGGR+/CqnIGbnXFFVic/PREXz2hG6+VVzJ8gSd28V58ypAo5755oCrzw3sQgEpZnX9BrlvpeBknMM4FNX7COM9ZcW5+6B4SmQ6onLC/NH0XDPfq0C3q15gdN99uwmbZLyxx44dzu8Vq0kr2Ycv9wAX+yLXj3FzPJHj1Lzumb9KcORUW2dyyMUpkC17NNxi42hY0WSeCe+1SsFK1ojcjyB7C44sq4j86Kg3mkUoB6LKvMdEXlzVcw4TgIv0k9GciMv18xBs5W1R5TD8CsDjnVyxTm5fWNMkQ1+t2WDMw7LsqqKB0aCxDbECIcXrjtyuPTOM7kZjO4LXXsJFqdd1C6A5bU/VPMnVA/o5afN9vtU7onVu5XgKCrY38+g24AG3sWKbwSGltURHaefmuubTrq9VP2pobunWtFRnxFqlSzHDRnoaO1sORLH0iMBh1bvsflT36lZvIyvIFCuj3jMv6awRp6lqavyGoReaHeyqRaDBAQ5ZEnwM8/dp48PKlUeR3KGnisQRWWn1rGv8yn+Y9Z8LlWKk04974JHAtDweLQSbbAg844sqJdE/Y4qNOr/PUODcKvQrQV9EiDm98awGU2MYbxorgbnmDlLC9GoSVSV47JJf+akribqNN7M5JT8k6BDR3gale8QJFHIDyJ0Vm1vRZVrG9DtRBl1mQ/ssBnN+9w03mBqi/9m6NGV1cKrlf9fKcomisy+TH82eyfd8hPCQWlXAGKTmJBZydeao/bHZy0Plt/z++2dHsiJPmmmeTAk+OwE6DmPAzte4+cxqvXdZhHvnLGsN1mhhJHPBhmPw+iOT1yH8WT0SbCnrc+o4Pe03KfMRLLH1mhiokO6cVB/jDro3q4guxXtgZmCRHjO9HYlh3TNyZF7zVfUNr1qdha50yhbcQcvHkabQj6aYwa9YcJFNbda84BFTYs+I+nsWfvwZhZxf4WoO6Tnl5wNlHB1AHGzsPobNUwS52dqvnodUv7fmGVXpYUYV3e2VteT379KeKq/E7vJuvU65jmlzWPrmcelh1VlAYXZ+TLBkSNVHppkOxZLj2dBeZyvJO/XoIvJW6m7La6CESDgrmOi2iNB5W4v3CFPt+O1C79J22gswZLWTbjPpaFndnhYzv3vShOGrRq1b+HSSOE7gu1eKGPs8RCUAbYGv6fdzSonvxFMymXmrN1GNWK1E9cdvqERMVyTbVMw4RrhsvyF0Kaqc6PPabpjm8fi5UcpoOHDvxyxYVmJ89qs7/ZLAfzdAYyf2XvhiXsSNB5G3oQ0J2o2fSRUIhQoRUIVKUAfv3o4tJODHk1vuEEzsx4uVSHfzgouho4Gqzu8+2XdbqcMitBEdtmvZkVfvTgDfVnSAv2S8XSX33Nx18nh28uuyjX6/7a1LLlBeh3Xd56NkaB1GaloIZZc9m01ziJfK1Rsco6+5WxykowweOdJbNSoX+UzmOGkibHRh5rpNuRtqOOS838zaHPeXr1F3FerPyHjx87JIx7N1dyR30FEtDifq8Kq9nEofKLiIFjXZ0uJco41nvLwG9H2+kz0j5n95734lt9ydEoG+uu6mUqFqeaPFiD1GTBoB5kNR8aZxitAr6rvXh9zClfl93nzJ08e5y8S2+cmdFUoXA5Zb00d+d4MEvCheXMuUga7+X98MrPLVwvDXKuPMDMB/teehRDd/9hBfn1at/5R+wD2XdSHOm63rg0vzmHZjWApTtGkVcPF04nFbWSi2eUwVnHxx4tNDuh7hLMl4Sr/HUIc2qtlh8tFiYCPjdqVMZ/tGoU0cB8Hdi4ofHNAy+FG8tohZlQ+6sn17ycWZGVxRg5uAuYOxHlM9IrOjKqUPRYRyFilUEnrFR1GhZV3uV/lA5bPFGx2kGqeukTUxalVqc/ZOlPKN+rWMHDOkcrFrdNb45Hiy4zNKBlej5aPccW664kE1gD/EZRKXexoeDBcFbiEgJLMXRxcQkXYoSnhHdZSPcceepibG1m3STV4LInL+bin/fxR2TcqVKQ0V5BoAOihriT1R8veknhZ2qBy8PPzwWG97hXrss0sa82vMkWWb919RMlsuWDClw0SsbmzvnQy29S7I+GiLzRHH0lkvUJef7to72aGyclH1rowwubMVjPfKzjJBpFUj4ajvKbywR5RZigVD6ykmwUs7HzYnmG+DqQU/nddcf2xw/7+TqSL+nfhB/IFG2Mm1y6t+NJ+qMVyI5xE+phw1SQQLC1MJetbgY8ZvOO/+tQTJhaHsY7i3YUiRL/XqrMpjqUd/cxRw+raIFhg1nxuSCPROvj/QvtpMPIzz2Pa8q3jQ8lucvHjN5caExOv9u9Xu1etrab7bdCBO3JqejkgFpMy2qCw1eMUm2StIgK2rbfFnxs5uKsB5ZfwLGO8WllzdcqGr5M7IUeYOnZ3zIPkvFO8pd+VF9/1IJQpwLw5JvMvD+zEgFpHRF2W7cbXx7L5Etz7vAJ/zUdvnl2GRA64PvitlVnOnHTWGR2KBI2qfqEh3btx//4vpA6ZlJW2X0zqlQJEFFWFLKwHIofAT/uf9ilyLfqgiY8IWFKXEePVA5sEuwsM1za7oIXz4wFknTFkh0/kN9UQkvq7+Jxt4sNhB3f76AjcaCfm7+sh+NUcWplKnyrKoG8Lnh5v7LYxLfZ3NgVOQj30kSOfk81jhGyUsIwNGY/DHMzPZJzjq8yEPtiot9ha7KUV9akdLnDVXNOa+zTNrMTvcrrBc9eKu+2olURemrsiSgYhREq9LCiSXZMNlhmxgU52o6X4MKTDwkKfBxnKnTeaAXiac8PXcKvTf70aaHZKXw/RqyI1oUxpIeyjBO+KJPv8T+Vq+D01v4aa8IbwPa4n3A/nL+ZKlsKRFuyBGuXpsY+LBjidDt9Rp3DnDdTVttUMiwa6hgaUbKbyacbbmyFb1WoaC/l9a9UIDjleOpjHGjCh2Cd8AVwMOf7r8vVV32dRM/YGGqCr2cJJ+H99byqMfI7LbAnsBL712m7KqEWdxoD7YBvy8RUsZEG8HrberEgjI8KGWA5EF4VtFEmXxG9L1KsBAfyoVde//42B8jpDIGTVoyEFW+DBL4JvfEKZDDtCiCVkkvP8btqfbrR+/lc0QfSlkdnlDEL3YKdKzWOoAi4guwFheCVgnkzZts2Ex2+xYD/nInzItsJttTaz+t61SGCoweKTz9P23DszkvWZ7fXuC9inz+UvbI/dBCm0oLkirxJZBeJ67fogJKs49B3L38c+gvSbjYfH0KbHa7zzAHBp1UKc43zZXCb33Xgc3apw6YSP/tVkUDLzK6lidkMWeTmG1wZiNVFOtwk+SDhoVqiQn7urcexQzIzk6/udCY2eU0aCb0ftJDEYJX1Tz3a5/zJmnHikWHQqvRNTXsTflzBZ6a/OOV4oZX6/8Padwc1oX5tCqLgRalSpEW6SpfegoKISolID03IVXrvkAQUpRcRKdIi0muk996UKoRO6D10QgKEAAu/tt83s7N77+7++ZIZZt6TU57nnPM+EcqWtV2BdU6qmyU0uAVBzU6Ei37JRdR3g6apPAYeCjezSyz0BJ1POkR/dSo8731R5w2WNq6ZLYWzsKOi2x2ixRs0JYjVuWrhKxCKYSxtcgpQGjVzNsctX79IxjqkhVBxcSmTO/U7vpWU7FWuZ7CzeMzuRUcxNjIgPhJ3ttL39uS51e4cnuPDs/EB/OinGM/2RR2Hn9awfZ/S7MOCE93JcXamHx0GpkM6fulf+rMqGkFklY3rB/5zT0x6HilRLky9N6QCKNScMootrDpBbRW3EX/qca9EAGyMh1birxzGsSLEQ+euN53kb8EXgJEc4VOPpMGwQF9sAc60I36/ybPxPh6XuVeJH9hAOnXXGnU88+4uakDvTnyaPu2asi9iGH3WuhCHNyljHvp0xUC6V19fN/sIhZTvOcMtZMDFN1nwlE2nXqd6lJZvHCXZvSee3x/73JAg6tjSsQ1fMJPHD9HrmCu5PhZ5r/khue7UedXd7Z5YMnutnnZvT+R3pxk5Q/WtSOrZ8tTr29ps5vBe1cqRCz5UjrGp7B4YFSZ0kJArdydz1I6kMRMzRwhFU8jGc3CY3YU/HTBETy40MKqLIesPk0yX389WAeFTnqfzWp67UeSMThG838RIhN2iGw8+mK58f+moNO0/Bduqqjud9MdNZp0ezPqxKw8V1U/XeZYpsbkmOdRsr/yqapzdD9dMlerj07I565uZ5W1WlYjyZjtxRa/xgGGYCqtNflZ7B7XTzV13YHuFH8I1gJOuy/t8B71nWzvIOI8xyyEq3CgwMHrLW7cb4lY0+7knS4YsA73Qfas4Vc6znPzMPVqo9CVS16ouw0tLbJFfM5ffV7P/OlxCNaAnskLe8VU175HBKsfb6Pojw+52hy6Q+Zm1NjTyNT4+2AlUdQewj7oamexWUhXcCJkC6NBkiMdfSQDi91ZVtvb9iiutghUQjYOBMIeEqFQUekdEseUM3w7LG4iWH6jvuF5Yrs8Se3j5AwjLXmYu73B4/EYq9YMZW2PfgkqyasEP8k3igWbew3xaadZIf5l2W1tb+/lrfuMrdidCw/A64c6dSXqkwnoV49hoHa2cZme0vuY3znQhcjn7Q5Xw1dqj/p5GDzsvl9JrchcZgyQ35uHfqN18Lx9kOoRReHmO9uKvJ9f80Ao4gZhL9SJ+efTEtveclPu+DE/nLMSR77ELBSGYV/aZobkTu79EAMpioaYNxhLL6XGDYxkXILzjoZr5yUtNMLEXUi4XSGaXBDHbWNY5U/BSwRkldC3B9j+DapgT+soHS3l76VzuRUSukg9ZuFt3WPcqwBrIHl29pVP8itaOA5nQyTLSyr9bzuInfcdn2SqSsDRCCXp3Flih51GETxkbOExExlgn6uMkQMljumZQwhxDDxiDPQwS2SBFkxsHXknoA5hPj8BRds8LDHO345sOsonkpMZavBZCLRFvjniH4pjHVHMrIE2V6k/931rpuZzgU6ZcZndeBzuW/tATWvJfhgpJKvJT4yYEzK8rLUGeAVCsKmzqEeHOdp2aleoIDohVQ7N/iuiqFBwrPArvAVY6UzdljX2sCqmwrllkFCsV5dX/qEnQhy7eqRvG7XrGbTkcGNDbr0C4C0/oCWV+/Yfjr+5cZoZpebOy/Bfwht5i/zk+eWyQW5IHj2OY6uvJ24tvp02uTH2RnGXgnreBkJqQvae4JuboujxqaKRCil6OX9uw7IvVofgucuNhxUrqlLkm1xBIDf5W6ahv1JXJ6RG7tEXKLZnXGd8RUY5qqsTjU3PH+BUaQqPH1BzPy2VGHUfxDvykLbX84lxs0ejHIAYGhlm6W0r+fbHP547365DjHPzbyaO7Kmw0K2dzv4schsdFwt0wEjzNy2+nyAeapD9+CRN3KR7yenNyUuPFx/lgsZOsGtSAB8jP9QbeuD952V9Gj4cXlewQcO0VSYtetbOOBQxjvVqrdWTVyJmjek5CqsSbzw77BUKovoL8tuPzvZymLGzDQf/rKWzm6dAwntUJ4g9cqB8+n1ZtqjpBwF+qD2m2JLB5PK61wY8+9hpXGbj1oF/RrQNSaYgE4jvWaCv3kJX3CMlDX+OuMD3eHfQDWDSh4ecHfc5u+xi4seS5Ngke64AvifV3McGY+x4yeLaw+z+HnVbvZRY4LEpKabR5+JeEXhBvPpwbibAyxPFucWr6eYPtqH+N3tZM2XmSrWuPmPQzCPp1+CfGE/cv58JH0gnGsx0JJY+ZZhCN88Q6fj6muW3/zsf4g42BFfXw03/2Fe3n2YJTsMZM3kpmKeFaU1wvH7T2gaSrOqqG08ZI0Ype49NacptPNiYg82wdbIdNLPKd/5nzyhjw/PVe9uttOuuob5WyJW6Htz/aTtyqbpsWbwEYePI2cHFRlAfmorxpRL+9VFF/1lMP3mHsopMTzZGs1ZMa+BgU44OZNzAFX4Bsr43IOHWcUbiNhjrV8q9DDba99i+jA4c9jSGLxMRR0dGvuiCcTUfgJGbVx0jHM8NQHbxusa+y5hzQIkJR+CvdJpLYnEAwAnx1HXygdbwbE8iI0DgLwtC3sSxbFeKOvGOY/bTZob3aAJRvkU4Pm1g+iMoyjlwpCHR8x65h4fhkMMFOkxRd8VZ/4gaqbrxT/VDSwM4lu/W+Tlc0siqW4mH2ogPddPxBDqjq/CarrZVnoj2ycvXQt9+haIbBE+3Lbo/yYHQJLYMU45JCTEqGf+S0/jjScRKQVUhz+ViFyt/KM2h039uS+OdaTZHv3gvW80Dhyl1fdZlGqtF+1daP/mwxO2U/Rni6NE/S1tGZBlqwaC3/N/XhH3II5iVnI+rnFddMoca4GnjqCjRaKM7C8YYzb/cSG785LIjznn0U52viRTBksaqwgg9n+HemwtSLPmV3c1YKFnHO318YVDrHfV44eAWLL40k+M/Cf+CzPzo1W0XVLHnXrc76i3ReBJeQltRQzdYBq/2p3mjFLx1+Y3+mR93wsh5Oz6UBKvW2IqpZ4en47rtMD8zWpT+k+fVcA1vW+sSz2nopwneWDM6CEScJDhUzjM+bf7KJhYjSamA1EZ5bgM3sYCeBFbrgoA8//hiqa5xvSd6K2BjQ2p7dJAjIuw7MZsPh9MjR32aSu6+mLFMBPAYQUjRM6+SjovTSx9sZAHStb59LQtZ8+ip7mqPsCBpNN+cqLvjdZjPMD1mCdWx4aXyv8jAFFlw0iGyKTBUdHZV9vbik5k2Mxm5rnaYjqMsUQTMDNLnwhDiVAPXI9bPVuIhDoZh6KJqiR6j34Yd8Cn2jqv2BP6qGbKOkmrJkzZMpnVnp28y8WhkqJ8DJPNpHf/gVpg1tX3CNLfQskRNXo50w2/QK5dAQ8iFhtsjfBUyKdqFvqiQ5YXrS0vGrkJ4UfbPz/FEVJ+12Pc3se18zSudZ34PI0nAn3A3OVlOPntadEujgX2+7/pajQLuNmFbOB9wKS3ZY40Mfm0J7Vlhp5jAaucM8Uh5i4JJo0B+Vr5S4JKEKBz4vywZLn8IloujQz2PXinVVNtQ3BBLcY9vpBfp4iix1g8UqrN8sdfC3JGEEmCARMsuoO8O2aSUY+gLxz+FAUGNn8LJ0WMUXG6zcJ9v1uX0dBDB69ApZ+v2A3Thwo75bPfNCHHnTaGy0jwbO5lqS7BYJ4rKNjy2tFwHIhlhFNe7/BIUP2pq3vz4yzFGMIf/4wCUJ6xiWzhvVRF53ubNWujdtKz+5k+1V8eZEaJEfm+FiqxW+nm30e15kBg0eG0vOzauIBhLGz0wkR7bzE7u7SyccBfQn5u0MjJri/Jjwq9K9jE2fdT8axEsZWOOuo6awADi2aKT3B/Us+xumhlcOXg05SgXdZR2/TuUn2yPljRFxTF4k3/25PE4EHANZ78Je0qAZaWybnkcYD87Y5tvZt9chpkgHNC6XceOsIEIpb8wonFnl6Sx1noQATrAXXFLwrOIw7Hw9e2rK5YQd0sCIuZ+gmQqUvMHRFQWwymF3t9yvyrxSZVgdQyV94trm5FhGN4ffLgnZKp+gqhzEsFaHeHJuTNbY1R67x3z0zbqdRWriWA7DViagNPO9lFyQ7H42871oql6hlhRYEcLpNT0fFrB9e5M6OMXW78xaOlnBIQw365e6BMWOtozWQHLckzdLTjgcKFJowVxJ6LeBRVsicOyDoKMExZ88zalxr4s4SbaFckysWA/Mm9KqX8mOcPyYhnsunHVlW1wW8fjaSL2Nas0jcybFT0Fqpgq/t/0wgKTSmguYGwDb2kvIqUUHyLtu5i5wDBt57jXm9ciDLQ5Hwlc/vdR1QV+RP2oY2+xX23E8GB11veGsV1bOLvv2C7tr//nEp+iZfOks43gXOPH4t68by1oKNXGV87Ld91meaY4L3fexCZwQXl6zHs/qlLx/hp/xBTVpEjK/vO2a3XF0gpuMl1U37s0nV6KaFXVXjB0onJs+ZmrKKwec9G3cItmWFvzO9NdXjmCkZXTz8WFOCHZiyhZ01xFH30ueIUci7J+133V2d+mz6MhH6+cVnYnAP+TBEVKH4vxv2N2sqfbS5TOjQfsPJzsJS3c5MkBUnfsJo3dFxJZ6VneXcZIJYyNprgj8Ro8OcEUXAe1WKcDaKR4fWIO6czyOehxvOzxHreTFNmkQ37ey3ZXAO75vYaZIyhiB29CufXfkScDkBrmWckA0gMd6CB9oohkjpENHBReqLShEaoQRIG9UIN/Ylx3x8tpb5GtyxRAjKpRG+JmyDfc9sVbPmeaACgs9Mb0VLFNN2bHsuqiJ+I26cqNgqkanqFWQLTGEwoW3saMrMeOkr0gqaxLIAUQX56fYS+vGG0A3VD9vzTZ1w2vyw50NXF0s4preFscvb/0gr/zcKw8UlBlP9roDQlZQz54MFfsUTDoyvzLbExr58XzDvfT5hmepqr5Jr5xrrKg5OytWsf+2tNWo8PTdzan3iAInK7kmG7jbbsIOzMLUPMnW1NzxDnwzGy1VRVaNzgX71q14pX6cMqL9oJXysIQ57ApDyxtEWvhk5v1Yh5DwLZoQLvST5lC9Md2pF37FRiY6UVEfcrJqaHTgijb1DevKHcZE/Vk1M2ihRDsL/dwLiZOia18zdAN6vji++jeyvC1kwSNN4uS2pGV0nWlQuCp/2ktrHkk6O/cNYHhYPO3wG7FTlTTJYuwSLanRqvYBwcpBVKk7+ol1mLrlb5/RCbdpX+WjYpr2yeNsdfjJQjd3tlU45dC3bOB0sKK7P1y3dbBmurllsZN9wM8u+hs/6znLI7xdNWU7+6CmfFaZeMRLzX9eTzfH0TBGe0mjCKMzLG7PXncTlYXrG3HDG6fXV5dRRW3HLO31aK6UWeUeqCxZ9QXd+yGwU5dt6NigN/pc+vfC0QmKejyGiaH9d8eVHecekapTqQ7X+QKy6sjpFPVGIt/irOmBX935OvkWwJ+QXFTa+wLXvphVUaOXOHvjpj66PuJ5wAkhWMV+9Z0fn7mKknLAFE1c5brdM2hBbD9G6cFLjZopH9jV7TT5TUd+dk/LCaeWZfyUuDAQtV3dtLuT6uoWDv3rA5RedtIsLpMnlazFZe/YYbsxHbd6kQvGUok3nIOPncOU6FLSn8QyDtb9+vyi12/oDpdynO0tALZQZT4bt3bzKyoQARRyG84YaJMbea2BYP66X5ZWG6GHqJiM9toYsRJGIk/TI5eQqvpUO6MFAywjY/ByEHhLBdh5INZXZoZDPanxz31dg30AcJZhfopo233NpiXy+OUIXQ+l9s0TMpn4wFeOHYN06hwrzKiH/R2F7aI5LDNCyjlS0cC7WyXlQNlypgW96EZM2XWlp4oaVn9qOG6pb+w32CgCyZqYN0K3FgZeXc6WK244w2bX+dCK+fITQQ0nhifbxbzFB9wupa3UTqc/uTrW7eyK8BuheOKayGZUmA0c69Azg+7WrK4TMbdhLaz/pud52BNEe949BISl1Iyb933Iw2/Km0+ZAoa/nK4Yx+n3aFbrENerbUWMc/0MmjTGpRffT5VXHMSa+c0u9PLUF+GMfZo4lAazG07jPOAQcEHNsf5qqjEp2sAR2s/oPm/l5qCvPKAwlmo1Y3lVHyxQQ9NevFXVHI/iUbicJm9+EAA56GOCLgLwWU9fuWGR/+KOPyFdEdtZJrVQEINfrh707J1RGz/0Ffna3oFWTp6KbjrnrjtYU+If0w92soIQ8ebtQeMuCQh7LyC+anjA/5mMD75vdWpB8WQcPrXp4EQN66pUemtgXH3Sih/yAPG/szuHjZZ0ne1/Eqrd/e65E3s4NegvKwyCLIgWHF72irjAn/ccvdWyPFvmV8ejku0T0LemA6bG+zqxgVe8piLhlkzn2yCbnaqbtdNA4kHG0KLRmzd6liYbratTp/LKV1JZldGn8FIDupbiys0HcHrp86QH4xdA0DHQzFu3rZTCOTj6qB1+5K90f8V+trihAd4TPpoFWS0fuNy3IHCEk8z4nCXxR059PX47UH1WCM0f3xlPzzgnv4HaTLXYmejZafxMpJt7OIefnbxDFKhtZN9HXd06PLl9piY3i1M7Z09ytFx5utI5o3jHc9aSSX5jLCfnzzqOpqoGwpldHoAU/YETPkx7j2EWo3RX5rILErFSSeF1gfjCyc+j+kNaECPha+Kvf/kuMv/lTsjd3543voQ5Y2P7BxaM8Ub8zdOddYijNnPeSGEaFbd7Dtyk123obWiDGNotZkPM9jLecsfHB+OWYq+QNnBt3FYxPw7RURxd4Kfy58iQ3NbyfUZW3508ZpW6ogtymRSQLZfeik2sB0JGxnzxzW2Gfn8WepR355zWFbyJsBR6I1dP1Wkhyh4PdBa1JFMNsOF9xPtUtNxqJe8dokIh8aIaWkWIIRs+BZZY2lSk6ePy8hTzkae/djhV2xJWh8z2ID5Unfmghnrgd+PRB2my+H7UIAIu3HyqZnd7jjDjUHRHD784SVWp5xAnVLbbembQV/c7jtVU3tleybbinEqrqCQPlT3ZBekcz2BAbVn4mzkM7LztmQI3TE1Fn+hPxKsbjD8M9ygpTiU+7dBqrMqvHciZNO8rt206Lp8Mgon94mA3gwQGjU4WZBysKvdsl1wQrORSS/LkWii5XZW318ZMTaCHu6ce+wNTihV/rtHhyQMb1NbGfZTDyqq5cQ51fhHK7yJhrxKNJmrtL5iVk/zpdWP/OILyUPYn5dyaPU5jHk5byB66UH4pPiFMerNxF69eOfbrRJoRaAy/Aerhbe671pbMXhsHk8I04fAdkcUU6qy1JAnNVU7+Hf5Z8pPTILSdeRR7qqO56u+a/TS7iYivxEH92e2zRYfK0T/sxtV3blbOKDI+rxlo2uKq20wrePWtPSzHzC071XXuxjrfqCJoUqRj9Wt7eg0pOlJ/ttlR7jjpC8YJhLZqajr4oOBAZ6XkNrL4nPjriR39nPBvHxK/0xWmoa/C1YsinuvTBsPy5m7kDFsCm15+Z5XeBdtYp0ZrP4TvIzFNWcdmIYa5zynJQbTqkMtO6pZn60weEiCd5l7hUN8ZJNVxPl0yOXN16axfimlO6sA0Zq4bcm6JftpzWEd0PNXpN8ltxNHKjwcjYAdF4FXiisaUBza1kXdoRJpdeg5OOXGeksG5J+QfZFGWZGfz8m+PE1xp7jWUq8muHvb4Yciq5Y/gSnirUiUKW+/fN77ffxIS5PnSErzDKJlw8JWf4zErrGjPcV894Rlwn4ZbRwE+wqMV7Wpjmmot3LHQ9vOxgtskeZFrfmNdGK4iXmZFbEQXoS+rpxTd0cXi+ppl1S5RpAh5VJ7LpuSe6LrEFUz1vZ7tfSMx4g1bFNM3Jp3ap25H15Ljxex+qmoAs6PNZfXM93xg7cWFVoAwlC/YtiRKDdZhcwuuARlJjxvkB2TjDni39QrBK2t2Tgd5GSxLlkUFelt+RbjrJrN+g4SBwnIS4QtK+PSjkHxZg9DDMi4S1vkuDn1tO6fKghKDybFxGv+Vj/95zbvnOeG45TB4zTtmy364/Q5+78NXPH7tDr77J5h1Yav+BwYYJwULfVGwrWNRQUlATSsxMAXraRxEvzWJ1IvMraA6z0qVJna3/Hnh3FVT1qx1a16rfaPxVYq2/H5eRyeRxX2qvmTs8HkxfLM/h60E3JOPR0Eo4cqhEVOya8/mv7rxxVVZQEUmTemUSruxYm0SYek5V/rt6huL9kPDvyrbucKnxJFKdkpKi998ayRkXtedbrafRmse0yzF+qVelaosoe/MpnF0WmYcG1xsLDWjxGlUlRVXd7GAzew7LtzahCzLaYZQei59RbjSS+WbbwdsLPu08AL0eC43q9vvmYUzbHxRD0iezZ9KDCgzPJCXO9asQ/NAcbPIgirLEET0FMSidrDFONMrmZytFttSOTGZnOnl+VO2SVOHwkza2A3CquRTz+4z2Ow0fbMgOVyJuAmZIoRsha9fMCczxWn9M6P5ldWFJS93s3q8zUbNXOvopysJWUk5iNl7PUfSdWyWameborWeBA+riUjq6c8EwmCGMXVT6rFyk2x962UD9WQVG52ZZxJwsp47sEke7FjEm7dVd/RQaq31BFWrDWkqv0VFeLzPzei/jfHPAUpjHL0O+i8CjUil6DPxjafxHLMhVjnzLtn6wfQfffBG9YC6DjmlHwXXGdsTE2bdKk7XK1u3hjqeDNqMkCVx/XB4oaH+iILEUf1lZMpfB3FfkpuDrkqJOrb2OawGeok7Nqciipauo583Ghx8VDCcGWN+l0Rcu8Hb2yGylUFIggiBn9jQheoUkr1hoS8g+CB8RjpB5gT1Ir0eX8Jw5jInEAlCyFhaS+pTVXTHRSsqFKU39ufK9OXxFRGGaVgXeix5RHJKnjvIkGfcovyyktuXfsQs+pifipuphHBlV6xLhilzwYCjaNCwIlR7xmiEPyhYQcHQBrb8VkvsyDsvH3QrNRwI35qo62Dp7qjH0HQlknM/hSw738kV2iJFk4M3blWzCQpSSHxsRtPNlSZ47XgXeas76OCzE02jTr424FtYWUbtaN0bvbd0RovUq5aQxXmVl2MsMw3Z63Rp8eoBfnsxq1OVrGcyDpHG9gON69BkUZ/3s1dqazhZlj2NC0tYnQ0MbX38jt6fvIqAb7osNOL365DWhsiPA3bSiuYHcWEM0mtNjdOu3R4dx/8cyZTZuRRGyUgYBPQQJBPMp7cJi0WjjalnHvP+omOjfIO82NhsjdLi1Lohoalb1WiuE/+6swfLUNzp2Oa4OujAuELpOP635DVoV/QO3VwaMXxxc3VqM7b07kPFtmv5oJsrUybNUbPnh+vx+nxulTW70axW/tgc7pskDzxXOHPGB+DlfpjzY2TCuPl2rQLueO/Qbad8JN5UMhJZc369jjhT4EBs37s1Azcx0R2Laa4UI9ke3XCySWB30w4TZugRRsMs/DD7akR9nNZ654TAdkOn4x33ukgWbJZD/UqQ57zF6rjyNOMLOzdaD+HmN5/L0ha53sKRVbPerPK/JoTGK/zAXttCTONxwv3xiu4tDZULrwQy51HCD5t28eFbQudA/9IWfeEHgESyRY00r42PnfA/NRtIDv3ChW3OG91fgjt3OrSZAHYDVD4WlY20I1GeZ3c/ncNLMi73X92xDutUyfTGtZ6eXZzNqaauJcJ/vYLUaN5lmq+8vicEvSggUz5eiUoUzllMT9RC3tKQUAoRVGxobLL4Dxy1P7xomgTYABhAgsei0F5ukzgqWoSrbdEoTeyYFTAaZyGWQEh5J3Nnb7gLhJDt9IEBsuWOQno2yoLIdWDL6bz6uDUIS0E2Mamny6Zl8+zbo5oIk8kfrraFcvZsz0hzA51fE8rbV0RMvl1LkF1O74sbzsLpGjhwgICdvTapmMUu6wLivGoeEMiByX8DAm9M/7nUnpMQGduIL8CFcTNJGqoAt0JlBBGQiM9OeSNV4JN3MRlqD6koSR3im9G356jQO9by1sFX3/5yXfgSegH4tXGWUWc9j1j3B41xUJa7t5+I3lvUf+XIL1T13BssTLLNckqYmraa1gdFyLllz55vSqMs6TKk+Jp5Vz7apT0Io+4CJb22OyWeVLNWKKSxvq+5L1N1eEao1dO/fWaocF4ZvlnqV9ydo2PO9lYtQJ20PT6HzbveRdzGEf3KNy5cuGaCqacj+ZI7V99nBJ56GguZxxNqRPG54eSTMNBpBjPq00ufpcSYyvkWJcFOiYrYMZu16yb7Jv6tFwwWzCqd5NpdnoePnd2ypjAWI1sKdPKWmk4pUEXbGusZ6REZG9MkZqROR6IjZm8ZwemLoNRnqxbym60Zkvblp8IkwpSApiWLxXrD+6jLLadtpcPt785y1+KI1diSpokLgmNy8CLAWMcYMiIp+bzZOKVXLpoaPkQlt/G7V+f1wdKb84eObQ69275EDlbviee47OQHzW9iHEX033c2SvapTclRrA0IeMoL7BVp6TxoNXUce//TFLvsqBJg7Pg9RuSv++Xd3VuXb+Oito9/Iu6ffRPpBQCyS8ASQWuUvN9UrZ4pWHIQei16IUc0kz+imDlWvqgJuTBjj0SXR8DQ9nSIrtDKvsyIAXAllJ8PEYtgVNqbBJQk7ud35HgcA3ftZpe+Iwm98zqwvrzrWLc/eQSDbWKXht6OjCXGByeV1yyTk3s7hr1JDaBXQZD7mwHMH6fq5bb5NjwhhPWdHHkfWLbzzhZgYtWP9wnbWtmE7vSS/nQCWQEIOGK1AzaexAi2u+9b5VWTjN3/UOFD6qYTQNkr7Qgv8e6xUXE+3+tV8WxHbFCqsIa1eQ2bBU+lywNMUp6W1xIaNxi6ljef/fSYajqz5Tf18C17tbFi/iE95M4bNIXfdKgBo9NZ+8CtRqaZPaaTM9uNqWw7xy8fqiNT1z+cRleY21eZvzgc69quXBRRUs1jtRdRIJpMWcQ6oNAzORyvB5qOLRuqifoj/5qlZc8oXHWpbj70vsC/UDuOrmCvhq/tGehe31HNVUnmNqE8pWl3PxV7wsHGecnl8HLK/kfF6XIu5StipdrWnztU/kq46Kkd5pNlqhPpB82nZk5NLQelrbeyofJQlZoSfIgi3Pg2zLVt8zr56V1qm1dKyLYaGXMVz5nz08HZ6U5VFwkxCjlz6OobecLC4iZ20HzYeDRLh6lu5ajHfjqOfJj+T279ZXZ2d7wTXY5vOPRKQdHYVOm9D7C1msf4KWy04K2TUUPlzcsRhhC1AJQ66zE02V9+A7/EIW9RWOT2CKYtJs2H2MVCLrcMRutGWGJ2P3qZWEoreLs1fKGb43p0tl5SN8XQ1DROEG7UELsORDv6zQHgI3NCjVCRBA6PdJy548gCAlB47Iq2Pll1Oy9FFZ9AxBLk6FjceoSrrAe6X/tfVJVs7L3irI6EfHqHHtpP3yrvLxhvWXqOWju4TdHMSSUYtv+dB9pJWnfrSA7pzSV/AQ7e0Y19ptjiTHq6fvMOpH0Ztn4Ta9hBWxAs2f7dgCdezG3JAIjJAPWOLeGMBlJcB7u6MggzQkn7C79ZMKhVbRg4gi0LF2plVjHsZfBwhB/g16fps2cDM1OKdvBEtC6XKiRICe1OylSE9KxeY0eY8Yi91zSvqYiXvfvT1TmME2Gpa16ji/DBCDThewxl13uQ8bJmpRon2hzE4Zc3YaOWtusbqrapnfkZk+AMmVHhucsdoAb/9gSXq8KPWieF39UINauu/eNxEz3LinsyV/Py6G8lgItZQ7KTVW+KhV9qfVPDQf+cgmnBmsgFFzP265C0b0/Uxp/xAyR8Bmq+eWaowNekyQea/M04H05DekxRE2a+fj8ajveMZ+VW/70SxtNsYhMtWeR5/fyP+4i9aUF0Q3Aku1J/th5IwHzh6UOP7fH7obY+SACcoB3YOjSUpY43a1X91jMh3zYj7ohxCPPYGBIKDVeLPsl/Lpn0uUxWDB0y1VbTeLon3+nQcMtIuNnUYYfk/gcYsmx/Usplv/1A8W6/QxgOnJtzuUgqdTRtwHqbT5pXDSJWX3aNyfD3x51Yh9alG5EfPypRfPn4iMK5573Y57+e7mjIWHhe8jdPt/Ar7ZOnU8g9KQ9SGBLpXi1eUlO5B6hVJitjtkuM5Xgl5MaMZRZyG7q3IBDZh7UTqfGkBVDLGobb9IIj9O2sv+Z0DATq0wGyT28/vebPkVHRK5BAmPQza5J4CqnwKbTt11dvdWX2OVj7QZoYnZdV3YlZmQsZUeeifq9/v96Novt5+GA+fN2wZB+18tTMTPipIO5Xh84yqHh3lK3IEgub70psQ06GjbEJZcuM8EcFTxbmAAE32eROUGPXqv2pSYpjKexQZCuVV5gSlWbfAuTXA96txw+/qi6jm9PX058QTj4fvr7t94VzJtaFfuXOGMJBGugebuLQaFo/ZokfXo7mCXKCHmVvSThHHxN6Lxl50dT1nKlXNRMeJxBPobBIn4TLyY+8J4Ib5fPWQ3wDCvs5bpJBxkI3J8XCRv94zv/DheHP1czc2f7GdqyP8jetgLoGJsD2wJdazW8M7a4WdkCtWA+l37fjgYUJKy99VSWijwZ5h6zSPBIxtOFxhDviOac0KENBt3ykBzgcMA2pUKKbfZgwZlXoUfOjMl2GWmhbzy8etAphh7nSqpgSjusxdXXHT9/JVihc8OZbfzxt9GF/XwtOrsK4iXIsD8l1KgT8Dt91fDiCYuk8+NXWk6HHsZMtCx7J5OWACEnue0xGu+Y2jpYVSwTjvyuUL3UkcgP9lzLi8ULwSSVZuaMyewrnVGXDZH5REbLqR6of/BZIuuAbfGhMkq3KS7kLT7U/+gm6Nf92tiO+cuQEd2hV4es/rehTfYzv3Rg4RtDOclxSwsXsqYlS9QOh0il8burm9PxOIKSxEkUlN4ifIFh1KGoh0xxjs7VKOaZ9b8NC8qjPsWL4OX8OYcJ3FOHGhytVuKY2mcfHN/71AtpC0U8w5QpU0jOiqHYZsxxMe+evP4CmIH3D92k6QL5Xh7tZ1eDercyDcGvKLMgX73gxsPJKSFu5FmwlNGGU1pRrI1NPF+HR3cKi4aMXWCkBMouWZFm1y0v3sP06ZmaNJUwGEwtzQLB14Tg1HDTfWo6VavRekL7Piw166amnpbKS7JXpfQ/Vbq2MW3NMvUSMK2htTKe6/u7++euq4TK58Ma1rzX1QHhRz8lkuOUdiM/p+5zdWJkIMPpFQUp3BiwXWNJ+T2SxHgk9Kve3/BloYybkgg6o+0LpDAhhdX58ezT+Rq8AibDGf9MUUFaw6eaR341uqkyYuaNgvGG8+L3u3Du5qKKVxWYjRO/ce7HGc/qqdEVSBtGzynzKog4Avk29yroKu9zxxxOCVVy9DqauXKogvUtgVrsn/990CFaVFhfEt6JOdgTlw58x/w0dgnvS74DhByVj5LfO8lbZMQPttcQh0Av78Lc05sKJbyIAmlywCGB8uH6WtP29KA+FIe0HTVC6nc+xOB+zziG5oTEOrL4YMHVUPH5wNZ2RRX1LVXaCHpeJ0BXEggsMOy21J+m4uYWrhlyAY0vAa6vD5TbsjMwP2aNKpHrTdQ1EriHM7pYwiymEtfBbk0ZH1ysM8wORO22WQluqOCw6HySgk4Khj45WGP60O1r3qys4IE/L4iDytz4cnye3NCiDbANbersqlSzNr28PDF2Uoosg0OIq1KRPTCA1efdvPQ74hqdxX0Il+rPfv+Q4zOVGVrqmnOoji6q65fCD/sGTEBElC0QUsXAktUY9R7iyv9tuSk6g+I0i06aN0y1Y19lptw7+eE0EPG1k2abJ/dvp17J9R5bBjz36psocc/9Km3CuBxTlLqRFqgFTneYqbH8D7Eq9uNTeYz/1Vjn9ukJd++jg/RDFkOV+hsVSDOfnkUSPxNHfVsW1xSOJMuuMoVkgAU1IGv/ARwQ0DOtYa5EgdgYV6bXIglvmqQkfxC+Ncfx+atnbs0840kMw9qh2T5pbZNOom2wbwPZfhH8dQ03yVU0+i2WSoMuNjInuGyx9/Dhu1tQmTd9ubUO0nO3ZD2v1x2VRUAVm3JdwKaSId5ieglCFBJIw/Aq2rAsbFVUTPNbtqetohJZ3g8xxNhOAp2YYAUYEPl38N13w4CpnUE74BYU85yA14acdzb7RS01qQjLjmOFgjyzyunxXMVjrvmkfx/DRfDBpkuVyht8gT1Ssc/idetlbG/ps/e88Uf6ClLPZIQ4pJMX+f7ChImZd8t9aAP/lAwHOf9TTqpNQpVjiY0DIU1oV7hBvfb7Tu9iDQfbvA+1riwbhwrQ9sMIYMzFNAvUIJLX8S2EM8NXxncWu8qDT54Bu3wtS2TFEp1bg0W459GrBAH5sHacUnQVSoMbK5WAKGHFf1N0KY8RyjtHIY74qnq86qMflnMt/QvZdQtDIqwtMJuxpHnSp++/X6NsU3LoLPNBP1NlqREe0Ed4rEojV5q5qCSXZkvpG/Jcx/qBxYltmI/5bfMMqHKNdd9A7ySobagAj5u9Ml1dmVKkjG3GT58zHy8+gFo+/9dElIsiqHRhd2QT/fdsbFzkh/kqoxd/QHPwWQUYQHOoyA0h4W4GO0y/V6wxCnqNyG91DhpheeIchJIdEhlYfJ4RoHqqxqB6E9cZchdyClIfV8ibIuuY3Esox4l3gziVdDsxvK44ibiGfrPMv+vRK2YaYjFhdODhChrAZU1EDAED66AuwPlXecNufA2chPViCc79GclKZ4CxbENQeHIwKijOHdz5q3nV5VhQbXUGgWaNkwR6rD9YOKSzpXmBZ6GQghj5YZAB58RG09ohrvaARyLL8TY+DkGiL4jcr8UnB2EWJPWXXWP2tAGAnRb85vY72W7huQvOx4s2lC/U4Sfcz/ktrTODyJTrSiQ/P8Nezo/HdS/24KHj8/NndZlX+EGa9TubU9DQTUKjjQ+lIo9gN2jgVOfXONZos82E5G0asmBgY6ZHlwvEZY5PaWfimqXBRG7bDuFFGfYytP/DZnwQK2oqs2zmFvRFETdYDa/48uviaj5OnX1lraYqoFLmWzhM/io9y3lYPB9GU6zsnqnz4489Qi68CkVbA4IW2Lwak+pEV5ETSn2ydZl8McHsCSNdlXMXTExTQUE3oQ2nNfJs74yhkWE+YMMnvNlmAEVezN/CPdyHZbuBs9qCzcEi6AEhTBxuRbdf++fQZ+uIuWTV2PTzU4dpfn8PxUQzfcPbab4NuDkj47ydbD97/bvpE5J4idxHRmmGQ5WG/5p6P4HezZctUDbBqH+q7pi7V6Oul1oSTXyqFF7w52xvs+swgD1febhe5ojeb88psXVDPWEj2V9EpPWJVB0aczOgfYMv2jqSceXs2TJJUU2hWHbDYK61qnhxrTomVZX+5cc0AYokrvV0AJUVK7usYlPSSRMsKRtvkIrqsI/eXRaKIw2Pq+sLESWqhoGi149sZsh09SENwBGF4VO0RB1n1rBvJ9qxKwAZP66TEZTFdH2MNpvyXpuOXCwutopjop/7465GkSZNLP7e9GXwHM7C0+XKNTgxsQ3lHPfqZudvBIJOtsNPgnYfxP+JKXP2kcVlGw3IduR0i7Nx2zHZRLjaIhrmeyKSjn231N5skYvZpc9jKFQp73B50Tv/6Qt+E7/owes/8Ar6rvRhGAx78Rnv4QNNUftiI9a1fibhwCm7GNuqXN6tJ1XpMqLqDOxTyY1c7Ek6wYjW8KbzUnQobHijBin0CsNDAfG8SaVvyNBu39MbMbXjV0+S4wRhtZ4ZAF6LUsr333fFW6zRzch9/SIEu/MHhjKGLJPD/Vakq+Dg9+yiwmKbhm/vnGU0WFWLiijtEyMX6Dyy5Aydk+fPKSyAinwmkFeFjw7e+ulEOGOGXTnp6HNph7RaZ6brIrb83o9lpuCcjoQ8cRXWBlADSurMqYcflT4HLFiZSKJJVnnQzQ7j1vtjKp+Z+CBl9ep5Z6d3SIEUXb42NF101z/SsXgtR231RkeR5ncXRarC/fo1GHYDybRnYoM+B0SFZwiwUswlL3xttxbJF5osuJX1nhNK+AuGje0u4X4OXkmMN0o7/CJr4R6o5LzbKmZmAwf8zStxim4dF+Iy2dM9mHSz++pTh4vDSkfRyC1jhkMc/MyfzNuwgkOg/+Z39icq9eQfg6rYEKBxIC+G4IA/EobtDL7C53lCfCGqU3EH0ME+az0gWYidSjtlHdLnjwiT03A08x+5SW+/AzHb7hCQrIbdyMBJLk5E0I7TNqpQNzgdx9GUFrJzdnU9hSR7Lvgb2mfgmJSQ6TB8w1CdgduxKUgQtzEGK+ehJO4WiKHOiMKsbIS27FsP8UWIX/6+7yLCzu0DW7CbQ0vvLQF1H9NMadQjWe/mpdQ95L3BJx/F2KIXzDuU/aF/ZpX7qW3OHf5ekFbdLEeIB85f2fwMI6WvepZ+DL5B/XaOefCQRzSzXbkJ8MM0JXxe0uQMpBxcoWN+OC2TuoC9gdg9ltltH5evPdAXnAUuW2srJI0OzordLJgH4dN8ZzWwxn9uIKrJLaTni0tvC2qM1Ow0OwvBIzZcp018vuvalC3h/pSQ9Wqkplw3VUKfuVSDPXP5Fvd7G9fKxpWKNtRix8Jf5TdjXFZ93iRimpx+JWbg4db+h+tFYSkD86tiZ+pgOPYlQ9inT09l66OhKzdoq7g6k0AC2kjfSglg2CfADXTCyJ4bJvL/T1fgLwLmQZEXz/9TqZuI/cu5Gcijsb+Rcxn/k3L0y6NqAu//vGy8ycsPl95aVdfsWY5e5jC+iYmOQa+X4a4KZNpfRMp+aGcJjjfHrano0dQaScPAGrNITuKLtxyeMHPBd0TPHDmk8kEIYwDuG9l+XJ42lecD7Nti6Q5smst/3mY03k1JRUixnjqxYe1whKkSQqDRxVu8LBAczuAkAxHx9hldVfqu1sLmU+74rTxrYKNP34zSD4XnbBlg0cFi2EAccJ11P4OCrBJbJYFcbpeF0xAnsAsA+SMBHOZH8oxRNczZfUzM05r1ILJWEt4sm/7yhaBN9bioYEuLc9nf0ix5/I5Ixmv6p7Qf5LaCE60UcBV7xSlKyvuY2zQ07iLC+6QbLpo5FMJpyuj0kFMYKxzRGNJaHDStjQ9Kd/qReeqVQtLBXRg2OqJiMxsefrBcAT9GZye05bD4w4sIj8738ATZQMXb4eI8+etnKopctG9qtvdvfCeJNiczq4F2aI5EQSo4Vmc0lAk0j0pFMXMzgHpM0g13v+755vRDSjkQZy+HVjt9jZvXJZixizHYMBY37y0X7F2U8ukIhEZMLFBu20uRAltEgDY9D+jYIP6rTDLfqYg9p5zpvVdP8cRFTtXjTH31pQlSM/35LAOcXtVkbw54wQvz/Ts7Rf37JMFJhWMRRxlQMz7NljYNBOss1arHy2Npc3SRN8EHwBXQoj/KxYWcYMHSxxcpg1JG5Ctv5BuYnqMZfoTHRwA3rOIPJnwoI/OMCcTvNYmR78H0m2EhXMG1bBsG2Irq+ccFQ2jj7Vt/ogr12mlqyZcZxOsWqqJwopGNFiLwPEmL3M8QitfnedUBnvZltmshOgTBwKxJaL/Hu0DE/Qx/eYDjCn8Bh+dUARnhYpKNInIzFZ3h3Ju7bakAN/Am1Vw6Lq0mYnlg4xDxCw6cYZ21T/qVjCqZ/h3FB2RPG84psekrG/obsy6OCuz+sRZpIDs2Rd5vZtwdu+//mshziwXiC3QPXbi0baMw8jH6e0m1IDceNvIi9FwnZzqFi6agHyi4ZCAIJS0Mzwwtdw/lIsWOjHEJvT4hFmmwEEHi8N8iUMEQI4y8eNgzOa5QovuYk7v+qmi3eyZCVR0T5VadvCP1rx6BrNG4HNl9RicBOjjiEbER9PfqBfwiq3gvlm6qurD+6J+qYC/S53QYl9z/g/Ky+urt9XubF8dqTaZkFoSlCRvGMNPvKjdckMVx0yuEStAKKEo9vxlANCfvqPdEVNMl6Qfngj3Tu76Tp12npHj3SffKclPMGbwvN3Ybt1NnzTb+HJ7NulSlb86dpVg9nobAZN6nQaJHYBWhvGr5LrXDl8VjDLmdSrOlhlxb7E/FcYckQzRP6YETF1xvVzRZGOrS7G1V2GP4Nvzsk3K/JIh5ZKTcj5zyzQT1lLP/4QwCtKOnTZgrm/93htxENc/VjnjmtnxTV4ou99QGUh6K8H1rZ27M7jODuMl+O5rgeMCmhlV3E5++GjT27yabqmtCRJYNrUYsgq7PfzA8EaHGflhQo1Qj2J4nnq85k2t6X3oqm5owGhnjHdqNSjvbWo2z8l/OUSmrJPQyXFsY4RrqfBOrHN8iFy93M9mVJpNikqLsyFxH1E1S8f0xDlmY5rAKg8mmnKYDnx6TpKUXmZBMyuFPiEHgD8xFdf9dMO/2Rlw6uvAf8aaZlmXDXL9FK5ipWtqLmO9VBqqTbW3ASaS4Lo0WaS9Og1TCU/zINv+qlaYao+yGsf9006bTjonTOCMTu5pnLz68uj5tV56haBT5wh6RtO1NwRlnSH748s+62XwppDytmORrM41zIx+QB6ixzw61BNwraM09DUXdMsbTBmVa4dvKdz0Y/8vjq+rX7NjcxIKGO12oJ1tct9yXdpX1fUXIGjYep3hIQpqG/o9zmcice8wJ0usbCZnr3wVPgJqnaHG1gpkfJfSb5cJaQA2jao3aqdMlTmj2SfAK9iv/CkNzBS4CnL6cNyB1zj7pp/4Az53SvQKTug+HCcLQvbGGynQwd8v5NpMo3O6Rj+thT2Fi137Hyvy8sJ0CqPmPIrC88j+xl/Kum+cfB+gaZLUU1eQdYfAF8m0lBlZH4qDp4beFmK+efnEfHSs4Te1g6IWWqyvLrUnvce3lUvg/GUWlr4yE6HFIf0mz819sXddIW9sLV8oD56jfl5AX8rTBZp4Ml61HDWUDlRkKZ29NxFHz9q88DxjApAwlRpl/mwAZBl5BmoZQ/mv+4ORFCSyLZIONCo4199Ivq0xGt/fA3J9sczz+E99ptgYSs0xJKfly6UgXuMQ1y9VOeWj2BkslzM8m0pt0uO5cRchvk36eegmnTYrMldXzSUtrJ+dsL5TFaLf9fLCNPyjfviQf9xv4Nn4mhyeWc42CzSmJk4pl84xIqQHFO08hJaT5DlfDS5MlRzAKfJbfBnnYfmbxLKT2SY3xeoBsw8l3LxNaA6pQW8+spNRnAJwRPNFnKu368y4WFhVhkeY7oi+yJQwy1d/NE5ClZa4ZVDPxHQrOzw5MkFMvcg4J0TG8lUPV+xN69J9LwZeGLuhrms8CPkhjumOKzUh0V3DiqJkSPQ75RAsgh3rRw9EO1Mi4yUddAcWJCL3kiD1Tv+VZZIplQxp2HOFO0He2MCfBbTXbq4+u0JJNTJK2HTjX4DzQ7iv3nsnKMpBdJ4saY5d/wFFHSPrVvQQF+rwsPbE3qA8Kb79x2oinmqT2K39ylmafp7o/SFDsakpnIkKX/Wfip7MBW+CmOPkdbahN8pJtg6unpws0QKIRU03mr44+vzzxsVmPnKSJP+HwWQuxGRZnKufS+t+azDdApU/2YrBPCcrPn0frvNYqE5yJPFKxiNDPAXaBi1ytgMt2RBcpPcLGhszBOtYYQXrWKYaWksO8TE6gztHoFRTYjmYnnwieJhEmK02HAhUE2erVucinkftSCeRIK9HXLTCiqFRcneeicncRJmAwFU9lJnlU1SC1YWIX/l2+fdle9mv0YtWf/F+1ycXBn/GcY+Vh1Vnx763j0foGvVeQJU7C2yLwro1UM8x5NCffR73m+1q9LKaPvo+8p4ULVBzCAPiP/VL3wMpmosOd+L6wMqFx6HwEIBUhbiAGHy7CaRBV0ExNNbbFKlZ+XKKHmkl9kiA9TXRoIo2x/YpvZliGeKRxnxseuv/QKRnMUooldDl/5zr57/JLmnUYU8Irt72TfoxHzihDVV3ULJfcBrLKbFJ5krA00bx/n5sHzkdAR9RP6jLJGDRsFSdmei9DqGZWfDPoawKr9w92XzPdgh6EWSZmD/p8u4n6dLL6pTEIwuSpTPAJzJ/JveA473bsPAfLcVPdIhctaVT9k3Jv55u7p/VEQmjLPUCrAl//VHGhLGx2ySBHDlCwTcfQFZIrLqeyf1KMEKGjt3f/VEkSjojiyqgGs2/8OPlhE1Y+H6iguDI4o5X99DfK79xQ2TCnPVbfSkT25xnBDNVnguEVGPPHRJ/MGd5eOte9HRiaJHQJl93P3DG+PtN81bX5pUJHHncquzeZDcVriol9UrgTkwRXEbw7TiMXLLL8kN62DHvvRqmjicswI3cWEebWQ4IC6kstyvV5Ikeg9ZaQkO+Dwr1t+CwgIrT7j+4tu8o/DA5XLMHLuTeMYG6q+28m1QJstMtPdSXVO8y7hJx3yJZBWZyKOnF9bIN+Io87e+TbnMN3A9+J9ddzLm8fdFvzB3kdffE/jmUNtf2WfOXP9Uk28Jm/lvvxEUt5OeDmb+MKypCANusR1lBjLPmgmI7ln8IekARmHBzPHYABLmpuvzbtWXgaBH0NQosnLbzThP7Ake9d0InMZL7gi9CJolBR1VCRHEGX7eyjzcLm1TZo/UWdLovyNEua4pfDthWB12ALtMfb4aFipYWBy8KzlWXPDYl/VW3qIGCk7y7vihqNapky/8zROxZ7t6f/cfS2F4lG7qr6wMFGFQSDhNr7fhxXk8HeKFIyMjnQ7YtxB24SgBJ6nDAOFRM0Fht9L41794ncPnrkg2yadSSVXJxOl3QfdBXQ48YAUdwuU5LgQm0kqkh7ZUfa9XV/ZcGPQT7+GzvYS+34VQ/d4ZQuUjodHTnctFiOiMo8x5ruFZ3Fnw/bxuRZlYe1/CvO89uBMnaB995X057UrN5KF+9JIeV5Xi7qERdpmlwmkJZY3NT5qz6WWazUCkFotlyxCpDC0KjD3J4dcVKZ77bQZfguLhSevdD4PtBQreMZfQIoP5h98hxeuoTnl2aUx+AmngdD8jr+aXv6Xh7WbFDdNnB4lum+1By4Uii+CaZjqlcn67xJV9yg6OD/Ih/RHUZMKyEu5zrNxrXVbqc2xfc5htl/Lz/J2zQsGVcjGImeWnEevZmMGoj7l+A6nZxME+JJKfTeTUpmfuGUr5oWmfpzLCMZYotjas7GL9Ak6YuNDRjLSRsz1Nd8p1ywnPXxgd03+aInW9Ow/qtZICkxV3/jcLiCd/5W9aXO/hLtbD2Cr/oOzvXTYQDaJfKjgigHigAMDaLPteyoomVcEThlhYq3dzjbEZMkerGoIyu6nH0bYjYeI1c3KWc0Ya1f8v5hGlDSV5B3JKfmHX4t8HCxWqRxMInOt/H+G8lOE3n4emr3ARheIEIcq02rFBbKbcVm50CwvFirsMeslsDe57l0Ar+dDkzZKI5lBmM+BUaDTPQF9jwmj7g4QYDtkri3IWh+6NjmiIhmiB1h+pbZ3JEDHUHBP9vlQ83qUcUJcahlZaV6ANhtwnfSDifu7lq/h9MHsg0byYpivnQVS8kv6uGhbRiQbZg5FrlFPWIRwXmR4TkCMeW0/Jtp0ycy1hD52ZaM/6X7kVXmzZvbb5s0NbSJzT3kE/2+M8J9yf4NUUmSOg7krlWGstXqONiz2nmmK8qbgxDx9q0u7+QPyoULXjtg/1eYefFa5+Z1lvRiYny6+t9RqwYMAH/Ec/Ry0t9E8/hGT4ePev9P+GhJTANz0ObORePM9pZypdltDqC+iwUi5ZCXMVlQmMCth5Futty+jDQONjinTn1Yx6jdrKPySYu8sigSQ5Nr4x+gzZLAMa/h9Ds6NhoYlpDJDU+JUlJ5I/npsRdsWRZPjm5KXYTS4F3pfGLGAErkKtMWH262FiGUsUFa7fbcV+79yhv/Y4SqpJBlaZaEQ2VlxV9iFdp4/O1PbXSZwgTUsllmz4tmPHjvLdot2UGFIZT4nkMdKyN6ZnpawHtGvvAZSsMK9ZPMk0HDPQHTLvC15jtpjeci1Nff4UGdH5cOxZb6Zp5I50PX6g8e7WVidAsv0x24f1d1u2Nq8Hhk2gjGb7H3S8bAg1t6uxVjQh+rNLeiwCyN9l27M5Y4mqQVk79n4v8vnGB7TqNctUJhwf5tDJa59Vam1f0hhP2uv1gCoVfaaP+2MouxXMDvp9idaiGeTQ3991f8fewy6jCYsgk3ExdGqR+8EP4i3Gil0uBuk2LcrO+vVe3/epaWFDt9mijFtn8gdxahRlSw8HLrKkUFRnkJLxERHAVri93kYcuSG9RWhgtPBplZbYSAsxDD17IgXHQ3eHG7JEccl8d62vzH4aXjIecjjrdWNm8QhVE8oWTiAk5wznpJe/WYtFAO6eWUvPU/KhUCTAS7PqfV9oA/0DCXQF4hkbav4Pznl7PvO3f6JW1vQc/1oEHuqF5iaBR7euTP2KTWK1WNqs+qU1LG99e+h2f9++KZz96VKs6IMlbx4sapLC+B2DUPxXaujTwuMlio/ymj+BynvGdV023UPCqKCSJcmvQhSI9K7Sgk9UkNHelV6DyDSQUG6dAEhNOlIJ0iRJiBNeknoIXRCCSEMPu//nTUzn+77ma8pv7Vy5Zyz9z77nMvnkHjgcVqTiIH9FPvdHFMIgqtAVwGiPtLzw1XPRc95u+cVmTa/WLjsVOkLfuKciBJ5KdFxXM/vPKmt2HV+s6tD9QQnLuToC8mWBAwtO995Kl4mX4uisbqCJ70XiVaVCLP8u4FivxH8m68+IWVhVSHIRkxaCCGrjKXK5aWTTkHWeuBgSNlH0PGTeGNCC4JwP4/DcrBenIXGbEmp4SJRHnZuwIyvMv+G9pf/pSn/f6Lit+R/xA8lNOhxZZH7D/pw+X5B3Bevpqhz8l7LCee6c4nuPsWeIf7s+5JbPfCwuOhceaBujTxEGd0lqJ2LqYEeU/bRS7PLt2Ji+GIsjr/c/G1VdCNl1FO/RkeYvEbrYRjysMo6H2TRGXcle/5r9ejIyXco/Ffpmx++1twZcnouQQVYiaZWmWGrL37gCkEWGqInmBVqcx2z7T4BPipB5V8ySrFQ+pjnatIvYcgns4S7MvxyJiTHjHpYtytlKHyph1DIUf5fY9KVHznwzmio3Dgo/50g/v/iCMH/4gjyzkKvu4vEe4RRF5ViNRviKY3WHekOLDvpUv7RCmeXfw8pwN3f9LwXqsdySJcaxWQiJ5gZi1U5qZe3R0zlQWgaJvOMdGB75YZInpss6VXS3bBPd7g7suUY5BVgTUsrgoZ6W6tMhONl8TmSRCqKsNqHfoE38MWbvcxFugsJaslIscjZWxkeldqLUEcwotaKLqSS475ebQ11RX4CMQZN5THBnHjFMmM9N50d0iBMHv1gknV35WnsWn45t/1JrvubZ1a/Skw2fmVR6f/VOjn4odSHfZI4IYP2Wim9b2XxgVj3hNb/gpBovvyirl+CfNR8b5b54p7M9jTJXOLNY0JH3j0nwUundbPvaXgieB7Df3gPDiiI4+M54m1t+oBSUXv+sq/S7wj+uIxZdF39uGgVaK8aVff5zw+gJtqWO60IF8udBkFzKstZTTw6/DylHxLwpTuLE+jd/4MbXoGb6U/UrJmJpqApY9JMJerN5Hvw411RZC+QDPIg7ye+YpD/eTSAe5D6RSpm0gb0wwB0kQrFTdKSZuoHza4P9bkXc4V4sTleeZFOJcHIzT7rtwQ4GBxR+ECO1O03bwjaTRq1EjVREMVRbPUT8n8MmTWjCdmxNPovcimT8CS6Z6HpJUg73rguw5kBj+MVD/7taQZyLjNpd69feczT75vO86mF9G2mHAabYmYOuxVs8hWUXwLr+UjzrMYlvAQojCX5EqQO6LYBzIXYmUNPgzcjmXyLMRQsz8p6c0u1BE1BN+RyAnw1IVcGNQxwoHGJndJqC2/SO9qcnHbIUR6mJuGrbo5WTF+tCG1+KMkvJ5JTBNTlih2jjRGumbTHk3lpltZfhq8jFxrNZEZ8Q2knDZilXjK2bLyE3nM/CfMrl1ZqmGHJcnoNZpotZWNo8NK6TK6SnKCP0R8N1mZpmfisLT56StxEcf/mrF4T9uQtIFXaSNQRCd+DnaRnopn7/m08GYZRvAudLFcveR9NvNN/U9CfR718/fyapGvNPYH5UVQm83Rt0wp5F234mx7Ehy/WwPMBO8swk5j4LxwzujHXBr5CkYbIah0En+QB9ez2QCX1lEa/tisa9GaL0oNaPcSJY8YLiCm/J3YlmLpk5F0gPcRh0VA9lix8+jDOj/90+sNM9NRVT6+ePFaT5lFjuMNT5Pb4gxL1AS0AljDYLB6C2o5Si3+nT2qPVzx7yGMRJFEOQ8Qky5f14s6NVO7zimG2w35WmTuSih2JMLife8NEaPLsfptRx4Ha9eLmZjiRSrty7iSL203ajb+CA+OxSzcS2sGVAAFyRCPOh6yCPwj8FyLgFuFJvOLCUuJ3As+B/5zX89evr8/x95pionos7X42PBU8D2Vn+sEX3sabmJMTYfHVJLi25gdfT7EhhZ6krglkuMQOxtCvJScXLvFVLwg1+KOK0eto5rCc7AaUR41gVJbWjsE+OTF8ffJFlecZayUAMQj/lNol0JPrfA1q0fsycUMtgMIsN3N89vgLkaGZ6TvyIcrtFMCn6DJ2aFmlnIx5gRLtKx6JljwM9Es+XxQOSTWl0QcKafcakqVYjGJUvDocgsrV1jjf9fAKufC29wnPJLRgRdNyzQzsUEz//st0gm6YTvXf7Pt7VnGNU3GIhEPeqyeNZ8/3XP91YQ99RNCiF1Eml/inJ67pLzLMMYWG7ijh7zVQkcWFacQ5O5oiFF/KUcon5rAYu1NK8pEySBEHs8ul+cW0lRHvkzOzi10MUGnTBrPLqLqcTwEJnrhMppXctUed/FQO8jr6TYEsq/LBZmbJoKFpEO1vosRyHuRWW930rRuJzJq9OB7BE26wbL/zd4eSDZqC+DTBPqPb5R1WEqsKNhO2tt155sa0fVVkYWb+F1JIUFsARZUEXglZVB0ERXhIie1hZ78NvZq44RT6rutF7ifaFcgh5dz+xjUPA8FTc/c3lDdiYeB/xMKXdgrDal49IH7lf1HSmehDeQmbnGPmJhO50S7Kr4eV/zcF/2Lg4fdPCaw/1VYeWoVx8OBYOyZ/0rPd/REVndBPL4uOOyMEa5+W2BUIyx2J3A4chOoxql5IDT6WG+amSZQdVpjOYLI89UqMAvnGOvkYMNsrCvVALzKEcQU4rPLnJQWc8v6j+jGix/j0+J/qy7nChJ8kwQhqZuqpFG4++qX8bvpDemqWpAQorftkJ5BR0cgLyZp5u9Xup5ZGy+TtvE6ue9oCmBLaoMM6qqrcX/yyZUraIXAFDWOQrAprZB3GmqPD1ZQhgU4YuSF5vPG67m+FJiXU65t+W866fLTsbPhfVHgi8pLYimKkSte32CqEsRQb/tSU5TqC2nJ9PNVS33SKj93XVgmbnlXIVFoWW8Xka+1NZBbgQ2Jm1M5xxT8nwHTvL7tQxN/rGXMvACMQd0wTXS9YdYM5AlpWHnXpr93u1WqTM/WC1FJldbyLA70kPTyfyEQCggsDoD4uSJYpq5ATEXPv3oyeKAdzr+E+lx6OLYTGuLhZz6soplZF0cOBSsPDpxO4bWzZ2FczkqyUFGItwAtZkqIct9nUQSNajVU9YoYCpqd4z1/336PDfLLV3YWYeTx2ZEL3QINR/Otb3eNRzyucDtg800WiPI1pc1ITYoqtTOdANXNT8rt38Hxfca4s2eELPjX+8FyatdPCdKOP5Uyl67+Q7l902cgHGvWv2G15KEUFcm6HpsalRa0Tp0WlEvMF8lQ6L+/lXxovKkzLtfE5OroS3K0UZ9VoEeNY6Xhkb5Ty6zZbKouGX7LbPbTCfVVVxceQ8RhVtB+/x6Oa8lwnBLAED6h9gQwzq1kbYp6yMlt/rZD+RG5xKkoqVon2UKyhSAjJxlwUUA2VjOUAB8XAP6wAp81qioIkwJxOr7Q9NHWMw+D0SUyJINqVDwl3MvRZFRuesE/e92KcVFTrha6UhbC1/M7LXeOJpxthr1NukOCWQ639tqhz4Ab5jgvmjWSm1gWUwSDZF2YapyU0O2Xyck66QNnPIO9AYNCWlrXyotT8Tc4+ucnZjxTvIJfmWKF16Pi/lzKhI9HPbdj1vzHxaHLBfbZArkqcC5V+9o6GzQ/UTI6LnBMq8+dbZBUaVfob6lnwJfH3EBJELE+xz5vCrB7XQFlkOlKaBunZSJni2aWExvV1vQ+c4ckjubmrQlTDvaHM2XDJYjRC6Dhm5/PpNGMsN43q5rpGSK8TDapHKN2ukDSoGloAcRl8AR6GyHTYEd0WBYswdnOUDWSoe8yKKLdAeqyT3f4o1RQSfxABuzvK4z1hYXnWXDbKPyOShUQqgOWkC8hihEX170lvQiAitkJHMTbqMjUn3ZGVAFY5ZFLYVnz2DYPLpnB63sn0t8rNAlbwY3oJ65nwp9r8Lt+aBl98333uy/2vo86bPBoAj/RGODeh0kgjOsvWy7tqm+O6B3vd6E3MW073aAIqlqW9tgWNTYfO3HqPCCfJ3cjiKCZWbxL1/COWtYv24UAKGQvDgoKXRDjCppaKb4RNiNAnXMart9RHLleGpiH6Rb824K9xei6S5VFdWE4TVNJNr810yHo4kLZBHgdiVB/OmhufPeBwDBmZ0U+vCygNQXYv2+S/9oxgK+1++sjQ25stqP9EzboGWkD2SuhWCZlmQ0xfFR3qqEjaPTOmBZ8kUIrM3oktFswUXXliTzo7mWXmrWsmWp1fDrgY1DcXoQ4sl5OOo8PsqHMwiP6+7Lnzf4ui32mEbY3P9MCnSSEmWtvm/556ODzE169O+UMzXKrNQ+pkS2Dwy4ImDZcO1DaxCAj+4rv1pwq4I+4RZUzISbBAP1ZT/ZPIgjxU/sl7PhlF94c1nsq/J4puhLRgl8d71+h+EGlBS6nWh4CxPFPEzJS6vY8iOkVdruU8b22QZkrDKw1U5wDlEp1MN0uas7WelsnMW558GKcZbHVs76JJEysCbvos+M34UTzxLQLcw1sXs0YtX610YEcXTwluua+9srjYzrt1dAwMOxJVF5nC6Hy9QI7mjnyoxPWUd0Q3s28jJtijcITCJd+PbNWdB/oEYUfbESQsvnDfNstgPPGC10L4b2I63+vnB/DIx/4XarJCklAP/aH+a4Oiu7Hn3hS9a63LUlI1NqfojVTAmXdgJPNVYIPj6FlgXfg7aQGrGn5BiSh2rh+q4dzRJJVfJSKyx2pUdZK+HcUopIySibdgy0APLhBgBLRDIvECuzWoiI7RD/5YLpFnRzOtK+wcbKcDQEMjXW5wIM5wWOuBGOKo4YDtKLl7/OowsTCwWPRQVPXJpE6XLZ6ZqCgneoKYUASLsbqV6zU7MBRWNlfWl5E7+RXWoTJDzTD1QAN7wmogTGhzkRLF9EMwMcHsqrSwmW2+2EINEo2YCpN2vIv5sjrB76iJBrtCtvqN3d+0TbgX/hwNDtSyOwDc/PT6Z/iJfiZMRE3/zbHFEOq96IyIdnYUJ0gbMaM0aJv+vmZi9n1+TlZhFK3ZRc38rZ1sC/bis8zemIJV3l9vfz2MdvlpGT2UvLLALwHBi1BY4WM/uD8WoxRN1UdRSyWl3qAfJZytTlDJLvwVhvckwe/mU07KonGrGm0SCch8HCLECqTUpupSlo+bTLp520kbHIxBMh8p6YqR+YQbTq1UtJbCnFbKVfSqC9YyOZ2qCZi7B9JIeeUdWyRablFIDOq3+UzptGFKIhElt79Msim3YGfQSs+hzIFzFp3lYGN1seGwhIiVZDMpiwdeaCAUtjGeu8HDzOJf1mt0iNVqrLHo/PjE8MNzE1byEMry5Rj54vLzxPr/Ak7XKWYg/XZGYzzC0O+Qw596KB3qsj8f9R7X5D9KXv1Mo/BF1rxjmGw/3e04un6peePOwlhN968mmp93hFTDJ0to/CNn4LTsW5/sLniUpitlZh9WMcnLKCJqYrpVZQrMfFwQegXlpC3Mao+Bpn0iIFkRBskjPrlv6Qkcd9mAEFVEjIIX+ESEBpaG0JU5KLqS3FnSftPy6stjzm+F+XQPb5G7lDJlCabtrbm5myVJxAQ8yaVzOXme/oQ0C8OXZipHTsAUGAyFWRVkon9XSlcnD43fi9D0QefLiwURVSv0p35K+NrqIQpGgsl8YO+In91UMmVCPUCsfFLchXvjv61hRgRzOV6ztdOOBqLVM5CtA7fRVapMfWgdV17AlqolsqJ0N/B6yeylPsuW6i7fxNuQfM17dMG/097MAZZderG2ltshtJvDux57F6FL+SYw5t3xy6vJ+pvzVFjNsf/Z8ERQIozf/Yl/ohi1OzV1GCic60Kxfr0iYI561MhUEfG4FtpQ/cPVpk8wRzhpb/JhXrKh6iMOs2xVd/6YXiDJbqZmzcwEzrHCQ8R6Tr6YOkIiXCpTXFjviPiO8UsvHifH517R0Gxbjvi4MVqWW/CwlDIJ7OIqpX+a4RF5LzlZnLE7UuHDLUXQjsefbCSIzEkH2DCw6XsTyIzoTQ1G74yctnoW70O+3CY9EW73cy/gDZl+cRWjyy/nFW7qEbnvtVByWLecG/ZNYcgxKvuhluxaj9v2Nxhh+kKAUlRuQ0PkvN3xt+6+1YDgweXuZUSAPGHeZbzJ3icz/ctkgExODlr2dzMj8+Qrl+bPBo19eZNI35PVOeRiLEkkGTPz6YJ7HkrG5fdBwdX6dHFEur3m0AiZnH/I2Nt/J1ikyPDJBRIFIt8a2G8F5jYB6tqXVUoud7Hb1cv9QcS+CXRty3ujvQD5y83ZKxBue7quvT241Fh8PPu1VENhWx5hU3la1f04+2FXYP3O9z3ZJoutcTORphZcvB2FPIkgZfnihfLHW0/YVkZi4QF4tEmUpi8IOlilGJVo7BM/n7utvLLahOoLncNpY7Pop6S8+yMWiO8lSoyslYP1hM28baHy7oRymFUF8IMrffEyo/0T5ljudMkYqLzP1Ks25CBU0trhj67v13iPWe8QREnqnz6QGcYpwcn25WEauZkhWuRpAz3d2ArmS/SLtWmlGorkqnzhdAMSvE4tJqeS+JGy0UoJLyRFucS6kq67wcXDBNCVrpm3vrAsVPTkRXK5oRc67SOjE+s5OSTa6SQWU5z4LlAXyL2CFG90wZyrB15Ps2cWfjsrPJOunfG4IY1H/hzklQwcmNtVDynAyzmnuJF69E5joNK4QHkNPtG04sLPgnWJf5Fdzy/ZO4mroB8FsSE7JJpH4x9K4UvcXOE3JUns4dz2Fc+FQXpoNDaYHV68/NEHFnjP787ZlWKn2dFGV7WHkGnXoM3aqXREXYePctqH4DFR+aGTuEpBVKre7lyryVaD5bKazrwMkLGw3t3e70lt5LtAlexAA9Nt4ia3u72Jk4IFvNJiViv0g4BcNjErPY6yhpEDciXT1BEtJtVMvlaMp12iAkDAwzBTNUBkKjNdxomC26yhgIdqBKnO2GW0oIm+IQEY6+68U25le6ffLKqXD/k1sakFw9SRv90elFmW8pkFeXEBWZ7RIm7rfxDs1ZJ5yd+ji/4RmbtBXq4k2EVv5i5lXcjVekv/Bn+r66zBIRcFpYa0IU5gQSFCuTQCM9mx5nQ7NuWgWQrkcQSrlnc1OsZ5leJGDIjYm/cF4YlfZ5nYn38UQMzxFtC66UM0OeEb8q6LDUKBuNbEP06++Hvzh8CUPJRBWjGl6/FqPTXFWak0C9nOt3l5fqNaTpeGZZ8LIand5mupq+4JWKBM1jXL9YX9zDUBLlj3EwYS6y+/h7Wsv6ge7l4huRfRgKmgXsq5fuuHbqC33GCo6xpMxY798dseL1I3sD9QDuua3/9FPGHf/iiN32z8HF+o1j6B2fL8Z/fqIxoaflPy4rZnom2nG86auMPdad9vT122ivN9q5bc4+ktT01cxZqVk+/6Vv+zkOm8vItn3j4M8yMe8EFWTBHMD991NeAuXhz4/A1LlMq+XLaeGey7mCx7feUwDXZbvWYzbcjdUt9OeQOFWRA28dEIkqlvdrZXaOy1bXy/tf095XnPG1Kixs13cvkmFszCuzPPcFgL2uvUPa/x0w3GorqU8XsnLORcCVl+hifDH+IAeDbENCkPZtTGCzPdCeEU7Oe9M5G6/c61M4oy+rmIw517j7IQN6ik/RZZCEPoyEvFMRN6T+Ux9tbGufdW9AxAmxwGFWuQozmTLGbB6+5/mEr5cDzBCFFxe85hBdBojwH/g3HTsU7TcHV3ZS+ikZlDjtodj0FrmmGFD8ivp/XxGAQ383ve57UcsY8FG4hldk+mNZAJoOMkgLR7LR/I83d6LqpHvQ/AJN1QUyp/2AII7n3FkmNIUxBotSkPoBtPJGriCU2CHxOou+yLGyWrNl2MZo0agFoKd4zOmBoXQq1ZzQPsomHkIef+fTYdJ3cWfa663Ry9S8w7E8x31HiOdoeqNIcy5R5aNCkVD2fS/K3SYkwiMtJkcZjqR7LCPRZz78MvRwPziIPYhSjer28Evin9kxPMUo27a3m0m2B75mf756R6Uzsi5A+BQlCHVsjhfcBB4rAcI+mc6/XvdpNFmEOVcQPvgvc1S9cyDg0Jm4pyEZFgxFyEdc85o8upWl0uag/SoXmEVNzXzfEA0YrlkCs31A8L0iu1yZLKStIE2Ss/vwMAGZTH+0RQX9/yOgj28PsCliPfRPxKv4Bc+WPz8Ubkzn6TEAf9tOr3H/8URUTwQ2UG6tmsHOVwSVlVhhwWXZr7RPRGBOt6roTlyp3LcIXxaVdRl8DlVqdvKkZIIs3SIE5Q57cU+aQq3T2x1D8AcFXN6eMqAUK+9BcA55YD5K6RNTFgOW0oGJGhCn9Xcy/dc9p5f67QeUvU4VuAtdT7ukl7fmYd4OeqhQeiBAvdhdfrTaw1gnHElawLLxPVLth6uFs7+Mkze5T0+O1phNbynYHc8VJrteU00hAlCu8Jw6PUqBxTghylXAxQtI5CgbkgxxCzxYxMYJG2IUEnONVwu09CyZJONz/kQNA/0vYTQHXQq5hu85qvmnyCSZxOElNTbijTlNCGZC7Y0Vp3vCatIpSLuPr15S1edmkp92gMrVaEXJlAVzkEdS7C0eqF4UCOVuJQ0ZCtyRc6Jj9qW+5dlY5+mEuFSvYP7PTopmcE9Ny5y/CXLJjYwRYPzTuHk4U0Oz7mGXysiOFcwIYodbG8Jn87u0NF2OTPLijpb/U28OpO1Gz5Zh9Lsy225HtuCvuyWJrKfPaCmqsN/ts3Hm+LJL57L/UutzxBNQaG6kE2EnDcWHi+vL5MV5oJRIQR0xz26Nfmnbll3FvIbNPu9zkxiPv+aESZSvA3kHmArRrd9aUJfs9S24NH5z+e2p2AX05XYgpFWLQlrleXrx80Lnraq9pX5bZ3zXTHk7AY7t9+fPXspdT1cI54JNhOK32g9V/IX/+k7XaQhsPDDLHhQu3Wjui5kiwxgSePc1423UmfUM5LoQ51a7v4DbeEJUZc53lqPmYlrsHuNM7MZ71jCNCLKAv+nToHPPo6qHbBcSG1/lbX8coD/cjaotnB3/BZa+20K4NCx9QDcjc2hAF7+91TIrPLyaDs8iTjb6nJm2VjUOGDqf9pg/kgtiT2yt0F7PaesAOfG76cJm3GH2GXT0HV1sWBS+iOvq4C7YGKdrbpJIFy8Z4tJS/MbsLE3WAqHdQgIh8cntPh9mTKosOBd6Q0YPLFjDeQkB3xdjAB8PEF9O4VBfqTwDft6JIDMHXlU1n1wsh3E4/dv3CYRhblU3fTS3fF55ihTyy3b/fFs0jLj6FqixpiLC2T8wyDHFDZh9ACHKp0JKrIuKdcXvYhFIeaocD8ZtEOcbLkVg40VhDVB3pPGPc879yln+ZKfCfdUUjhdgzL945c/sWe9obXmZKo8bHcPuQjNmqMOeTH2IMpT/RlA79A6yZRfVvAUFxjm8/8Q/rAFaIG8+43/KGNPLIPnfHfbnKu4E4LLCJzGlkygj5smnm8ON81E0dyvBnP5V7uOF6SthyvA0WGgC5BMw6dypY7ZK7Uco8sElMXjvuDLI88QduGC1HBbirK2anwj5Kukfa4Qxe/3eFphWvvS3vR77GKFgPdII2KY8q3sA7nCOEEaVmv7S6WIrZfGZcGfjbjhfB1+qpwEnE6Op8FuyjlYQ+EtrU1NtKIRKUjOTfwWdsz6wDDWi/V1yOLPguiJ8gBltZDV7fE8EDcY/l+r+t/3PR7FNe5bn/dRmccq0hMQZ3xzNNJSEtNrSvia8C2ALi/QRm14Fr3I8v2TI2omX2hGCeK6HosmLiUNUo3pt5Z1AF4rFafWeoUtKW+y+GPcCnCJkJyPBpL64ObAz7WADLqnlSY9hfmaaYXk7tloe+/Xd7Ln34np8lS/VF4heVwi6W87ibwThKujY+bgGRxr4Y/OL8gsfmUusIQC46O/1hn3jVFL8gW7NMUO0Ox7RhvFQO/lyWj2HwgMtA9wvtJyCkv5kduVb7flN6DVo8bLGWnlftqtV3lh04XaKlltMrIMEYhQYwFfoiS/IDtSgkr7xB0Nzjx1ZfmlyQk7DlsRtnN4bfIHcb02r4KFtJ59E8ZSU6OreORs9Ga3E9BpFQJS4shOaTKleXM22coEBSIbVBOiqK6nFCsbsceVG6tRg9og3AoS67C9JRXdkDaC98YAjlWNmJSctbFhTtdnY2oVJqwob07jUkbkKULsJd+crss7n0y2kKbqWx5HdiKXgNCzfX4SS9OM6Ur+XOzytZUmzbNAwx01UV4lwgWzsTxzhi4c6kCzpCpQWDWNnP/blF6HtGrI1RL94jlvtnZLw0+gwpCWhyC29J/QZf+6iIsbm2G+/rU63yi+6x4T2PZNirRMs/sbPBk9jqHqvJ8WL/Byk/W9zLhTfos64G5bLBpDtgDVj9K2+Vj8ia595dfkB2d73GV09TWPNT1PG919JfLUBqAGHa+OwXf9d2Yit1eLPeVuJrRjT0rvtvwj2fIvggRfiWY8wBk8k4DNvf/9y4A5a8TkMUT70kPoYvsET+tmBLnI9njPE3csaYFTuAsZ2Da4ZvnlFRi7SQJUmdePVfChCeE0wK6oMn7zaLSPOwUiax2wwSSRKYS+x1nGK2beqOG2VZ0Kva5nIE/TS4hZEhTO5JnD7bkWSnduF925lCkEzYtkHclScTeAuSYQX6W0Ow6yvjk9Grrkfr4RX+SqM4fivpozr++Om0kfTioSVRTxrSYYWHvgxgAHSNqZljy9kokRk7sixoQNYZRdHvRFkKD0xlMiWafX+u+OYkNLxhOxb7Opn9QTWce7ELY2smu/IU3gZFGUTeUbqqCtBUxq0vxdBJ0qW4PfAiUD5eamcwTvmL7ibwd67QxuqwkegA91iHLJ72pvd5/TJHl9FYqNSGZwGwMBTGerwPnytKktnmn6IVYMLtmyohWl6ZqHajjwEsC22adGf2cTeZ6cYDW8Ri24vCuN/FdazRL95/EG1xAU9jpFrxtboKHRUWtkkrkS7g4t7+ff4i/1yff5n3eb8dCunNqwt0mc5x6gCIejbgeyTLJrmErsk/ItWwVaCRhocflV78e6zpYoSIDeqzNkxRRX2W5thnR1ezGW27XFlkikhPsAF9pciRtOzGHMN6Wq5pfmMGKOc55jw659svwK59rrzRheM29bmzEsaf+EIs4s4hIB81lzVOb7h9wtKRreAh2M89y7kP6EPeazNW0ufiHRzWBkburo1r3Ae3PHtNqS1Dei08POUM8UK+gvUbWuu3INtrjHSOIv69M0NHXjq24LVj22eW3PQz8YUv7h225bGTsHjN9pKsMv/TRy712Ku5+6pYeWErI5aRrZKVZq134LLHglaUh/c56kTNk9rRtApaaUb56fbCyboRR05I/Xateatmx7bNYCgj6LLej3xwbmKeSK3vWU1cn3Lxpgb1CkQXfQQl56PW4N6LOZ3QTou7hjj6ZNpyO7qNnq7v/zNt/9wiHGxPJ/QvrWMfDtnlag4F9pdKxR28vOdYcJ+A76nHo+HGkIj2ArTnlm+ye4RS3TnZAXO3kd6q1mLrUI+CR9+BiwThmHSlq8z/QHqitYGl75WvuaULXfKVle+XfFzlPNpL1KGhPtBq0NXdPKqfoMQVd09K7p9tzH94Rw/GOInMVNqJI3xMQgL0OBQoziez94vm9mqIpR/glIlFrfAYLKlObH37HPUJyw44OrRVmqKNyHs3U9/8gzUuSQJaB9IRZamZs7O3Npx5HPZpMGomv5tMSrS6V9+dftPAfSyGSRCa8ELYZKca9zN+IvQslDeN49Krb82f6HF6U+mCxp4itWCjrp/E43XQyFRBvecItsLwVOfa8miNb30IMvfmrgOWYrYXWf2b2gknJgnxkrQSG2KoKmOyMf5UuHNxbVunk/ge7pZLJcl33vnosWqjwbYawq9aGy6jFEcHgRlv4XO6ZQ8JSTmp4VsgVzZEA50KxGq5Vlxf27fp9IX0ZbQ/LRBHmMLlh/TRFb57cSOyjALDTtrb4UwBfu6o1YZPF9WCp5a/8vsglWWJAUXE7KyL3YFe3KwUMLd4wDkgvE4QPEgsSB8Zj9TidkY0dLwmrUuTOz7vha8egqtTC2zYT5YJNMqjv3YKH8h2IxpWpWkjvkdtoz2XXdMgrVpvK0/BX8TbqGku+4/7QCIaQ4KB3C5mDXSqUcqtRm+H3mEOeiE6Pny35jx5cCY+QMVSchRr7kB4v5dCOtK69P+gD7pWuJsOjAcw0Hf5d15M/aN4jC0GyND+Dd3o6y+uSaLll8ijcvEf2yUCZdD8hx+fGG3CFqAgldZo75qmad/B5FfXW0LOu4eVv28S8p8f9M9JonRIviDei8szrMHmToYatvsND313b0HZ+OIuQqtQs5g4GoiYzKwjPEYoHmEf+xygwRwXfnDoYsg7qLot+wXOhxXnps2NwzkFd64p5tE/TLUbWHemSWSR7erIaOlqdgmoYYrZsBO3pfAhcqTnKcy+FzP9DRrIEI4xWufjb4hk3qXxCpKhAYJr0SBdqc0hqo0H0fdswYFcMnV6bOqj6hkkbNNDd5sI363Jgp9NNo0AcgGEa833PiirVyNGXAGUIfXOgiWl2cOApstcvMS4/vXZd1iliKEvmHjEYZBmY5plu/D+5JOaqaojTWmX+xatfzkOwEFd5YdS0hcxL5Z14YvI/rsqOx/NHqagvtX8NqAwhQrHvhE1r0XFPnhHYkEc/raXKOmJYB8u4I3gK4m4PaDFBhhDjZBL+ZRRTFWRCMzHpoIvM23kepUV+CC8usYbk24kKV5IcyB9GFzOSumFm3hLCeS6Z3Jmxh5l5xv758leZj0VcifCemBnSjht17zy79c5tA7+WLyEn4Cgx4SNxcnmLtkAwTwnb8wmyj9mQkCNyPBXBAtxanR7oSgkODulNVidBodbYs0WFPQvVvVgC+iubJ3Dnk6CrUqU8OXeSeMDK0sISYGWDKIVr+SeoOGacXrWJB6/xRpseL+d4VDegLdxiPf/6edCQCmqmYbBOAepGzhNPL7jbtisx3NC+/pnbIMLuuySjSLPAzVTLuQpH9J+3ZXVs+HuOfdmMWtKYtYAhQeNaiQ9SkKraKviSz+x59ZXB/JSJ9U8G4W5amM9rP18cMiQerwDVLb7A4oeul/M/jYBFKGhJylCKXQh8Z/VP2s0F7vKBBfD3UM2eXXPO38yibpW/dmL23qixHPdMtuXdk3a5inGb6IWVKvAK3lW8w75bsxk/3F9fynQ1vo/lh+zpXq4PN4ysCB2tLHYhitSfXcL2rwO3xtqB3z6fHPSvxcDLlyU6HKQ2vhR2Vedn2W1i46q3nWtG2w8g54vhy7THR4OdJHcjk+MxxmPYdhWIZswPJaDsfcWVQjKpZ3Gfr5Yl4bHLpvogL0fwmUrbeoMZwdHpGeBSe7vzbgU0aH2tOvi6y7l19S1O//Mh5tfdZyixf+q4sH0NH//bfl44PkeGSFK+LyJ4xsWpYaWjuopOeqs2rmEtHSZI6R78R8dmXue7h79/IFACSjD3c6RQmiov2PdRVt51vKhYVUcTL526s4K+U+AAlT3fesLaTkqrahF6aMq5v2NtOMJyHTF4EdIWTEzUKDRuiv92emnxZRXJpVhxqnXm32lLXy+NDGraa9SztpcEL4ktSA/petkehiQxsfzi8qF4vcLBPknxAmzxLPhTDMddedFxP3Q3FLdGXhjsGAJBhjKNMf76GoDEo9WR9QZdeIFOvb7Xy0tdGGdvs7Vu2IEunbnQmxW4IyVd24KXqba0tV54oSVMrZG2mx9WwBao7OanLYTQc28D2dmZIl0qJm1TuB6tIbov7w8rqO6+DXbGO95JjENsfbAK16NSzQP2VbfXhD1ZW9GV9Vk/AH4OsFIA55hrL3v1fF7sG804M9CbBx4RqCW78l0zSjEQ+WIvYKSf3BLV5M6wvjc0fg4DkMgsCjDHvnGglvcRANwkQv60a9ac7OMVsciF+UkMmsKNDPcrFN63if1ieJRqNNGtAJKhLNbIeyTXvrNkuXmeLm9eorTRISyOEgsYZdfWU6UN2Sk4iLjBEOhL5SBLZBw8geyax2v/jyxH3tua7Y3e9DdszczuP4XUhs07Fu3T22uFbUYDmdsBHLWC8eEWTs/CzHtl0YH2kwGO32sITEUD35zuwMncKzfZM3x3yEL4PzBdTbkoYz+9brzq4qbO3P2kut++t4dQrzheCuTWyMY6+KGqEqIS5+MJC5VRzHK/Q674fdYHU+FxfSwPcdT7grNuYSTdVI1ak0IL6M5FeHqjRd6i/XVQB138edeW1bWz64Vt00FZnk1Noc+CbAWDRYzs+hB3pOY916RZP8v0dNdEWnMM+FDUyjxzvddooKs3DjFUS7tNNw5+s5x5adCEwhz1HDI1zrJBfBJGH3oCLqaoLffamns9FQaLFcSIgCx+NqcYgRrxxSBnP3ckjEGtfHV5X/cykmKeRi4ObJFFUdm6Pu1thRR+N0Bh8YhJbNmmjt9lr62xuwjWInN5u7lD5vKfuga3CL9yDqr1p3Jfn+wosSp19n6ai8NjMlUlKv0UvR9kJUpvVNX4Jyq9so+v9vLjgrj097twvSBjK9C+aWWueeO6/nyKm6bMRZH5oIB++VT1FqVF5y7Zm9Ldx6Ds/9Oz4/pPz47tEmF03F22/mqNN/1n2/t50yOBCe/tpccnzAtVRy/mWXVNOZkpbcw8nLdp++Zfpyg30v0Oef5Z5i2CQgg+1XTOHcjGWxQOptDTLSjtEIldf2CRaBhsmBrGVJmPVGrYStaSae6pLSmNIGMomNuqHdBqw5TlOXkYmM32K1SXwwKc+qpMvTCeytGJJd/t9OMDtjXaXFDRG1r7ugcicDC180u1gVfIp69aqJ5kYbaOUOR66B9f3cfXqSTmSu887aEI26qQmzvMT1Zvc6pTeKufUGInhCKUxLybEt8NjScvxGRPpWfrga9FInFr5QZyUbOd0VK/ynEo/lxfxr8LRUXt5p1Trsbu8QbJatE538Q0Kt1yn2Z5NvYfXvCEkIXElXOoqXXK3oiVWvkmKUT2cEZpQGVwnKNW6ngzj+r3IqKm7ntkZH1Mbi//NAkQNZE7WzTtNyN2KsnkDt3oLmHcf/BXwm6L3adyhXxReTncB3HqKXFbjCi3kLzCUdPacU7UEwI6jyj5u5zrTEJOqSy1OWPZAVp+chznVvKoE0AU9Bo3/avSYkRy74MbFm5dtypLtU/MnRfSYtpg3hwhYbp3x5Tyb59vZr/cogL9fu+vgwHskzfkPH9bc2bQYA4JwqYBu5QPcf0mrtfiHTqtgYbNTmjfCnX99IPNLJb7r8Ofv1qyvM4RzrHoCDoS7waTYj18cg9mbsPD97N1TvJRkke6cOS+RSKcTNJveixw8uj6tMBCGf+k/5fP0mPa8OUlb2sBGKnFNZIn/1rqqm4VVtxG9xbXjbw2JqU8iAFSH4QxXk2cj+ryG/YsXyMHp+PpqO6SYF+PaS+X17SvxvVazG0eG/FLBQWg+ckbhHC4UPn/tJlqDKxTP951odOSqH0KkPzIhqfAuHHndfQcQ0XjC0PXRVzv6EnO2RJJOnBcCLBt/I9NOGuK3+VVF+nObFlqcsJHE720btBfn7k8yYWoFZqleldIK7/aTHoQIDwIFrBTUlQ02zleCRufbHUZTQpynSYbwd/I9P9P8rBm/T+Sp2B73/Za7a2CO8nFKGaOHl5RY5/yIPB/O94nor3911FL9skNWUnjxTVFfi5MGb5cbk7mnbIiufa9j/Ej+znd7vaCFG+0u/xnck84LWVUf5QWkztdUbmYqZKHRHJyFYVmBhMLu7y9ABrUnNjjZIfmpDWTjdEmPeaQKnRm3kZNvrIYOXnSK98LxdbLHyJBAujuJf58Q08lUbrsv+u/Iy1+Uk0QIf7bYJg6sQOStUzgaTURoUdJWAm32MWdWqtoXTMXRxCFWe9D7vhMx5BZvTxGRaFJPSavnJjEEm57r+FvMnsxZu6oMiX+9hp3cVzyezaOnx9aHEfaJLXfBDqiWLSGcyq+Xbs5o9qA+7421gpZ1L5XsuIifLCGpInRZYKF4kJsoS4YxhuwmwOOdKwrnjLh/Ch/Nl6H/KhJ1EQg9tDCtYZyxAOwwhz4ewxuwh3EMXTuCtn26glt/cNeUja5JL2fQaEkCTBv4XRp3hfzuFEfPkEzjvNMdcerozIU8VI7MwUA/cqWlaOnVlld5cX25ufys3ytpbBs0pqTjFYu273pzTYKH8kT3d7fxW3vLg9Hd8k3AGvr13NHUc57D0ze4sZ++aGaLYip8iAiExNzn8L8L9Jx/vA7C6qNV5Jeu8bn1iu6wD0qvwbq5qPAdFvAecHx0Z4jbXbMnIMjP16ja16H5SYI9ZAGYM7IJX+mZ9jxPkTgdUO27OlO/rJxxHXZG22I0Xntea0AYL3Yo9+e7IFJkMPQ5MO3TTvFB+NDuk6zXuedASyEUGbdrIqPCeAPIeLwMzjLtf+L/I9Ll2gzvmzmgZ627A/PVyL65z99oL9KfXoSpoAMvwqcC+laFIIxwpu03pP8447WXbx20yzuleJbMXoZHUlZmDElqTek/sIWdQKjXaG5+9z4gmdveCgrO7gnUybPcrQ1PH2p3LLiXm9jI6raTOa0Q6kpBfEpaMcFPLQheuoBdg4bgCBxM2gGtTFANkjl6e64tr99Zk3ku0BDGQVSI3Ja7HMCZg7GFxJhB/fg1OzZNVA5qwEO0qR7QvxENT2sPeRZG9F5KmSQtYK6Hn29B8FId654M/etyV6tbM4Ga92gKQNG7ymWnCI6J9bzMeo4zauicnn3zES/mL0vxmUCIck+j0TATZzpX9LuGmjmrFM9aakXjLSQ88ISin0WNtVZQazyuzWUA72olVhrOCbDUGokPmjQ6u/DGw4HTYCccFtIH57rAevclOv5zD3duAz8kfnN/UUJVl5glHOvqN8NCXPNFd4XGHkjWIQbCk1jLuC4TifcP6N108V/C7zuLhvft3XueDf/8KXAcaMPRPcpL7BTkyjXV9bNV+JGF6cISK//oI3lnKC4t/to45cAVu50YREU4Y2hxsWVrsKCPJquAWRp37RjwuZOnrMShRy9mwL8KuacxZh3Rni1TNl/F5jFHR0Lkl5+5MXqcss3n9rDyw6nbdyBQdvRbjjH5ZETmUNxi6385SVaMaY2VbsOh4XRbsDbNqkJstn9LweFdTCLB1FfIIdVALJRbJ07oLs4DxQEWKFhSNG+6yry5IPkCV++enoXy5tPNha5F2p+thsn57EH76pnf3bHEpiZD6zD3isE+++gLTEVYHUDM+iyFHyy6iFh0yELgKfjU8XrDhZYuyfEzzd4FdcHTNiT7druy2X8E8tpavOX8dhOX7NXGKfiDsuQDWdhZ9KsEL86Mtufb81aqTf7OoO4sBeh5/KvuKa1jgb+qUU5GfbcOhrKbpDGoTsIYqByAycn7nCITh8n1scRU1aaS/25pXnBP7F/6+KN/03UomMaUEtJBAtpORVeDfEanZr+Gpm4AdpcUhnemcSimxBVzD5MbUrruZNH7hFGSJrdUJB5+IjNJfo5sSuF/HtzVscKrgUrqs1Xci78yN9AdEFmDKYmWeGBtH0vXx7TDwCD/ewsXJ43QcJu85fpecOqgheLlwty1Mh/8nd7NV986xddsHd1/mZQduk0/9jvYV7KZFFOb5GKE2xG7ozhuLcknuJbnh+gCrmHeLc+TypUw9O3KnK3K5AgOZ+glbXiGRVoJKacWc6FUEqUdbdY8lfhxUMGzV4Z9HTFmlMp9yFhzd+tz5W/W5/HqMZNxYYgTlDXbn/47OmLkkOz4/ClTShWFitQGc+7HSJZWxy890ap00zXvLP9rKW1OyryTWKQLSzo8AL+c3lZ73Tnco0phIihBwxK7NaS55W5wE5k4PLu4bQhNV47o8HsHWKDIQsTItuw0xb4TFgC0Q23FnB55rD6uxCY8AE1X8R7tdvogS/IOS4bj/EayBc8x/h2U1jQ5VzoHKHE4+W5GX23ajKuACFB7JAL1HvzMhXM+K5mSJsodv86iJt4Z7bQ/rMELvTp0yRT3dBb0lcN4O5FsishU9+dqlpwhC7sJI19RSeB1goWsCXU0F+KLAzaYKh7dn3Dd2yL1RHqzZ4c281C46JJgfIiWAW4ZyCkWKUgB/Y6+BzmDIiv4t1JmBhP7Zfd3qLCryLiIC8GdOzVVnN2fDeNqWBSnQ/cbQPObBSa0E64wjZHDs5Cruv8vv9jAwqpwBp0Vc/oqLM26EFg2h6snudR1fdHXAF4IBoZnW2lT0q8xy4zCJ+l2DN5G/nwntUjha6pMwXRecwS18r9i7RFWs0QQCBhWbM+8C1M18DKBjv9VtcfUZVsjLpjyryMrFOFv2ioBwLHjhnFNpAPIMWP8AUVk43cD0fJulkeNouV0dNSMHyl9aFJmu7V16vsp0b11NatiOnERQiyXIzXdGsrVm/zy/tMpWrJKqKJoVNBMcCSFwBkuY9enf84fe/15K+eobyR2Pgc3FamaFmG7GIR9Coj/z8r7IKJfxA6hLQTvXdqEeub47VEhiP4JiuvgO5b+KJlSuRjE59TzmOZxjSyxybIZNGlLGKzDasTURpMdrbM6Ggnrlj4c8GCHMNFsNiiatBMw7ipVy6agZKoSbyBGy/9xREs1Dtyue1zK4eqPcfy+8XL9++kATiHKkRf+7otKpQ73DIs0j7CJPNd63T8JQHN0ZHzRJeor2nGtgBavZnWjaX1Av7UYeVenVhUdoDi+Y58Ls/8EWh17z4LPQ7+K2TubPRBiN8WKENuF04rPL5RhtS3rJOVMxaDZVtv7gIj3eXbnj03eKPC+3e+SOrtHJQR7wy6iXvCeL4NsM0XXwryPD8dhWUVT42P0gfaSeCqV5/Nh/cxE3JDNlMKYL6j5pYLEeCovypxjaiXIHQ+52yReuRiQDxOUsc46Z36MBsDCanFwubx4dQ8yST7fLqABQ1zADbx6fYsd3czdy4T5gSZMxvidpHQPW6r7twr5rXyeP6vg3qyN8VH3L6ZeNm1tnkfQJc+uE72Z5X00mkl1dxmu9YWPm5hxrwBcJFKlOb7hH3mcUlhubxILA+evPqxLq/WZvBP76F5fkX49esQJrqoqOzr2tDPT6LqU1uE3x+GeXAizm7jpY+yX2lITp/lqAixfR+G3TZDwKznLCa5uBykB2BOxtuw39k39Pfu/0s7ph5esy7mohuE3/c3kqBbtjLzbNlozcxmGGJHL1u99ikDyPbSxX1LhBm/MzUusJnkRMAMFDpl+fElZQVVqCFsrHw1defwZOYp9lI991ePWRfZZyTiEgZy7weHYxAaBTsaglIFGCQg8IdJdHfaKUeUH/pv473X2j5GOgbUjOwe0fngEVOU6wS9ih5rc3wgpS46Q80nm8lLdb8x3KHf65VgRi49jbYLXO9cFE1k6tKDz85y34fwG8RSsUJzB+o9FnPvFZJwpsQu4FEcyY9IchCIIEtOEXl4xF/XX4Xpyd/J3hszrS9MLsfN1ahDYdGtk9ohKOQoKYPjqkon0/ISwYJElGrTu1f5XspHAmDNmGmBC5tW3NOvG48bzbXZygRSTpcGX7W3RTitD34lWPj5ySbEC6nUe/+vXaoNKLp56V5em3y1sc4ghZuuzu6Z4OWLc3QOTGD+dHtZlvmPRePBS0e1P1dnVyFknwQTQSj5Z21XI/O2zmtMV5hT4pDLbt1esBHbe9zV8jUhYBTyuA19GlI3DWZbNMfkdFlwzSe9y0py4pYVl2R0/yl0cRi36Rx8EFc93S9b6ylZ+7bx7WJXooUEP6p9yNxyaFie8o+5866V3OA+C1bhHEM2Umnr7IhfGXv2AfDAtXrpbn7g2R4cPVtl/xUMweb74OiXB7rSqgyZBZtOujRckYBWiJXNjH1je219iKa/0AI2an4wTcLjuruLJutt7sW2/wUaHOm/36Er1lEa75qH+YggHpZvQ/Qd6i8WU8RmzY0e/kMe60yKn5r0RHec1yGFo9Ln7tfx1pRWYKxu0NfJESx+pVz5z5V8w8V0T0nUw/nxQGr+ogalVKdtJHp6iMqe73H/xk7KjvF/hkxqAf6elobNhgsDkQXEwSqN9h9lC91/2BawroqlRs83+Db+du7usOWdM+XBv40hI0zu01y7s5Dhfgi67KIIh0Z36iqOCwcTtdAIHR0WUW5+MnzCONMTqBiVrkIqh45x8jGAeQGooUtrRS0YB+aAseSAA3ZLayGW4Clbe7Za5w6vvioJr5gAdy7zM+403C/FBz5eLo55fhUaaiQTk2qOJGaKt51UfDqpmlrI3UvdDGTfscbLhBYMQZ8r+mpPAnYBZlcNyV9xJ5NJH42RCZVkETl0ww+nNETE71mRr9dA14yQ7D2lAGlvo62132H+Y7qMvy1L/rP9fui5MRzjdKmu1m+TOXJkQVnP7ZGTCuH7NQ77whi8JIQ37uIZfn0/It378ZsrWgb0lHk7K45QcL2vat32fAUOb7qt1X+/UQRP/PHZ98d4Z5g8c1qfq56R2RzcwUFe140yMqJpKiW7Lj9/76xWH7Rxlqxw3TA9fDRyDpeEV97bEzTh2Jc4/VLY3aiFUbYzr3Z4MXN6LB2ZWn4y/4Yt4CAyrCvPNeCJdP3No6MBH0jb4uPaLpZnLdd+tNoHlFowN8Nx1Ydf8jN2gOBrEVPPY++iLqdZnzmfvoP2iVHi7ijSIdQnkHz9WZ9Tbz0NXqNB8lr1osF8JKCX1iMRbKdFBmvZFVfav6FAFN/nnbJQMu5H1n8nXB4G+a8XJr6WwRzfs9+YtodRVLYczkFUfJauJywezL+9ONSwqLFSakI0gu2/7iT9iDnsHEWxqC4vdi+onHZcj5Jx5bYgjaxhzAMjEdcF+0iGvohpdvjMv5hkeY6b0jV/lvPM2vjzM0+nb5SfXiVOKOfpDeH+z7zwZEwV9WQo2cfH2e91eUzHy2M+3edKXxofSQgsChPVAcX8/NisYF3jbHNZHIH+AFipvJNTuvt4veh3uw6zaodWc5aeMcy0PRI1tCFANLTsuNANavMK3BRdZ6lwKgHzhOhGNy1O79IHnACwOw1FTrMG9H9vROm2Ov3QRNN3Z+xOLSX2RVNY9tgs/NFLm/V7SUwwv8i1JwlMbMDDrUFrbpAc8olFK7JMXugEzOSD/nvJR5VwcMATkHRDxouG6GSVPpAs+nWUsGq8WyfIlHfSjq3Hiau3zLwZZ2SlG6xdV7y2Zu09q9ONKLwnZ1aQUkmHaP7qxCufWQvxUTzseelSZJcJJSP+7Q28KOSJ4+bKudOKHKfVDpmd1SeTv0AmaGlifoNbneBg2V5lXa5YS1DQpHqgGnf88thdIP7eN6aIdwybpWheXvtktxf59V4+RwKNaqrTAof3BddMVJpU1CeH7otupvdO5QdQyA9+49gu/05CYTsxcyPENC1gtkiMFV+7/g3v0E3abj1eJpZmfPrsefivodA8nM75drP84K84GsB9k91GM6G1ORZT+lPGi1IUtislJGI0QfbLlnrqX2v1w8xG8o3aEoQ7L0vxaATsDbitjlaSkWsn/m/L+itPRm6H4nwagalK76e4RCQSWb0PlmMpbpMSlYbCHsw6uPmt/byMW1szI73S82uPzG6B32WIZF5siXo8lBYu6bmsNvEsJz3Moums+XcDX4hX+FPEFzPn3iKCBb63TbzYZW9ae3fNiyJQ1RIcdW4xwQbxkWfwVeWUnL6i32belDnrqYut6sUd5gd26Y5eN8w4lZO9oSe9QIXO+s+VA6J29pvyt4b47qEue6uHgcQ9c7RQnPSC19m3i0/nlAe5ltMgmv5lPnDlA/CSm+a31mlVlQf2QJ03sEc6u6NVrfWouOaVy2+6IwJ2mDsL7A8N/mFWZL57nhterqfyuZ9GQTy5tGk1S8rZacZ1rSPjm1D4sJXHvRvCpdhSTOnGthFstwatAwk8NoEuM0TPn8nI5Q/LzZbJJRZPShepNxjtfOIeMVD7NDzN4xumtpNePv0paL1g3XIApUQSEfGHdblsG8+ajBQkI6zaVxtYFRr0clru9xq/QExnJ/puuOq0lozMH4hoZYRog5JGhBeHOdvaAxT2aUGdjixznNg6z1059jhh6QJhMXfmKXEYn7nPlHaIk6o9OBs1CAocKsZlAr0/x0jdofyF9O+t4gTdoEE6SLqdHA3IRubauo6PdA5TOz3NFhxaoTSLrfMSrOzAz6rzsqJw8ZdunoTScIJ9ws2ubIcYD2mn2MhyJGYndb1tE9iUal0wL5LUg5yKYIWvrZmPpliYxoJqrHUZpbxLSnGxvVEjOiF/d6M7qSAKPrGAlZE9VsDKs4dJSc8ks8KJ7zf8X9S8d1STadc+akHAUQjISJESisqMIsVIDSRKUHRQcUQHlCaJkFGQTgBJQVECUqIyUqQNoiIjICHSSxACgQESEIQgJUBoQigBEgIpnDjv+3vftc75zvpmPH+dv9hrsViL5773vvZ17X09j/cFbWZwfqqwaLX8+sTpkc9vnAOvK+6uWlpBfLZ6qt/h8e/t6KFM09TozFZTu7ljg28UW4Olhv1Hah6qLEU1nN2GWdkoaPYqAF59q2v0/iKfC0yQ6hU6VA8FlLtXLZRxWjQ8cFP7GVcuvzC66SBb55B2TI4JZQkD+TOALltghDAvMT1z+ucoIf2d0VNbCVHp0PjSUaHwm07b8Uop4eER3q8uuBEuyEn8ahg3uuo321vrOC0Q71eJ9RzF1l8maT5d8lx6/v0ff/xhW6gS+E446j3eW7uY3SL2nUsYD6EueB71xOcBNfbxBu+8K41onwik661/0nmZszbFam4E7G1ryhXNMJvc1wcwr/jRGPL350iuSBPJ/7hHxYPDKj2yj3DIfSKRCeFmDobvsl3RlJB8sXgCOmm4iPZMthpbTvw1iZMchVPJobckDWPtGOHrmLKsq0/2orn8IM7pEfME0wOXeaqWRxIPEF2VzQTkkKawSqGVwbU/yXOl12vOvFh/EiRfb1wX2NO0zHorDgiLNv3b79rbSV229cYU6rq+Nnq9j6l2rurwWIn4pZOBYfXGI/ZV1mXmboy40LHi06frzm+v639Mqznl+q9N6l/U59+b1G6tra2Vh71MX+PEtACd8YrYkw0PHww9Xhu5udCG9s1dOgUjhflsRYvVH7SztKZ2DTuzriur2B3i339s4KJrmIewXzt1I8bvLSl0SiHBgJCgOtFi/zK1Ko5CWtaZI+T0N13UPMbVB2RuIuxLdcry30LDWrbs9PWz9bVAPx+Tp/zsFAJHHOYOoBmHKAUo+Px8Qd2ZpZqb+Up/St02ngu6hdqmGHELKNxxPk0PqP578Kl7LYa/c0IOp77y+LmL9ud4IsGa64xBx90thJJ0v+DPJm+y9PCn93I5Dlc8zbgFELPB+IHhmqMQruPSI/eQp/g3UE5paSw7dPhNpg/ZRsYT/9Q64+PB4U9A+nPbhk9J1ydI/vEHnhe8Wp+rFqpW5rx8MJjmmalcUs3681Fmks3yA2O/7mU41rcO68CR6Hy0gF3mHD27e/f346/6qbmRup13V8tLQ4QdY/3ATZfoXx/VmQm4xnPL9aw9f5SbQNZ9kXhiPvl5y3JHorlPrMzWyiWXCngkvy+5Fn/MbKTOZWvUXv9BSkPUdeXaT8qusbXvGvLT13PTPL9bF22IjXHjwtJ5+VpKecgTvsMlV6XAyA+8J+qHH+TY3PUBGT6SGijQPbcxqJKzB7i13D+Y0IARrHWhFX5dF69gB0dAMOEUdUaorSHMaHpLfPwL8Pna2XSFJXNW0jWvSZRe0248Qa7u46Pzd/2DLSYSEcfdyVmozvbx9/mO/SbnMWHX0/mTuc16Kfo+RrIdnCQl+u76KO6fySCPXLXWEeHR6jIMo/tCs4mM5tX39Rv9meNGuOzvfcim4DXPAhxjIaX2wQd1uSObOPPxxeXhPbijOa9eGg3Bo7jlauOv0gpuTg5y+xeAs6s9XdAXy2elclSw2BHvFtCfVL329cazvGd1q6O141x+/R+OXwfr6ZD5T/CzzLO3ITN8UALzx1K8izVooib0y8dSzlgeZ3XDhfPMbV/ABmth/GGa+GqR199+ge7K/W0vP3fhlcXQ0S7pgNR67Nu0wEjR91/9xMTQnz5TGINnq74Ivy5iW6KuvgjlSZiAAV/DoR5t4LZcObOn7eo8zOk28L8FduGvAkvEtGed9pqy5T+ZmupC+jwLr4hGNi/IDLi+8v3LStwU48WVriA5CfXEn+70S8RiD03JdBj774/W5CMOAo8bjTUBHpDiGoHnyRqMKXsqALrv3puYJKCL3x86Yl1k8Y5C/QMv3miZwa/KAMv7oOVOeGsuFZ+crTH3+9vDZtwnmkAH1JS9k09zQe0NJ4Oa4L49wA0GsSfm4Y0UgLtt8u3XqA31eqeX1U89HnhdcbICp93Qydp10Mw93Yrvsgv1y/jOyVfX4JehkehLlCazCYeYJNKmXbnsvurne8DcOETeW30rW9zExo4eINT0IP/7t+KVAtErVkqJG41RWCxmy9rEszzmjM6/+LEjf+mvL9h40+pqtr63PLVwbPPChZD0B+pNz880fEJmbhVx8apRsMtH0gYCwI+u0AnQuY61/MEVpynPD8UPHoDRy8ulM8mCPl1mRf98pfYl4HaVLRMZjf0NIX9uvUjd7xE9Eram5fXhxa5DiI8D1x2k7Vi/ORfEihwtDhpcr9vMRVSxHrk2VQBFEdW/JbJrRlKHfMQVh8c+ruVnYg4KxX8MJbyTSjsQepX7R2Dbj3jqNd+UX3QqIREiG7X28is5fsPzjSnyXbIvy4gpW32auMJe9R2LzuQgtPLnQw1rd0dvbbkezG+ovIGtmn2eW+B9PFsFGRlZoRPJLqQ273xi7f4TH7a4Jwpn6LdFXPip2ndQe8YDR5XzavlO7OJ27N9uG+4v6gfybNb4euM9+sC3+y0DY+55deZ5xk/+Kv71mFFdKVi8XvkgzSPjMqRN62+3iUeyLykXPoce3udvJRBkRx/dEVT47juj4UeP3f8kFFfzn711pY7mH7nCVZoqTK78JPfVAi81iM4OjnH+KhVaGc6G17VSOz26on541jsqNeyxU/CgBPN7aZhb+yoh/T0o8JN0icruKgk3Op4MPmYoVvO2eCJ78xBHaTDvmnbZUXmwVQLwF3jP+IF9HW9rAr+fcsae8B62o1GaUl4qIx+4W5n2MmUtSArBob/gaBNWH4Ga6tjbL3z9aXydBz8AgfcduZxXqMXma5Z9kznsP9pLojoIx4rVCV1Kcp/qjjzsuJTwqiPP98Ynx3tjl88+xwN/Nvxdu09HC/wU+0PZ22Ra30+CfCdHGwu9SS+nnLkxJ1yokDJOLbn7Z3Na/yn6npCOiw13jxLczYLj0xSMoOR8zoOJ15xdw+pWE3uqDlj9663DC6TKtYbXTwMe9vJXcZqo4WAZTZL71un2SZWcTRxvFPLL6pp152ZX5yKNhr07wGv1IS8cPPH+1q7fWv2f3OY8O1H84Pdddb4OX4A04PeysoV2D37aVXj12U/RR37e/aPyjvba0WWZ769K/XakKe+39NcnU75//pSPCG8NqqsIXxA9z87IVsuZN5+5K+qsRWZbznRSLefnU3MiF2fE6Jx5G6RfcQC51lJp9Qlzy75/1VE0j1v8gw/bWA1aXAneMMV2BWT5AcY/frku8yvgaS1TRRTjySen1rZWxh7fuxGzNQFklO+FVUFNG4K4NuujuGe5Af6icqaQO8UUE7bqp8I9hHNXGxaaPTfXt1Km6EIGuWzjF2cROoS9xScLm1Z6cWHrOkzyZi/OeyNt6yG0fBg7FC7uAMKKt5qZm5kduGUSlCTsNxJBfQvfkdeSpuzFa1DfwakP69ZVwvotMc6TjgazyWvIrUnTDbNTsI2ELZqnC3bCc4qscqzDc8Noa24lBLrlWbwppEJXZbaWV0g4sZGRo/UK388jrOFHvpEQiQva8MRxcVGZgGYOgpq2tYbEojY4BBHj6lJz+KKwmnOnglxXNlVf226/1Q68Jm7GrRakMaHS90SpE5Hb0rKgHCLQHbLpKGprQnLNsZyAxc2FcopoDI+9sWEu7suNHLJZrrdssOThxFOeGsyDAlyIsGQFj53Fp+HEBFFIh2h9tLI6Zfe75O1j5K0t8SZYniP5M8kvBFro3PGB91vFZJFDB1P8ibxawQA75riJy6EbBWlUMZE6ahbXQd8caNiYWGGKHHGI8ZnD8SeldBXuydpp71CM+5/DxuKDxoCyYEL+8QdgpuD3nS/lS7WeVdKhRuhVDlnAwfmaFdcwQwV7cDN/VgKV1vXFswTJI1XhFqrJ2E+VeuRiRthxjVpk4pHsm7996W/jjbGxMjcr5+t6fXmuW9lz7m9FXe/qKtys6W0ji8FHZQIdh4Pg1avjUSgyQ6ds0aySwvX/hLxb/KvW3TFRxwxU1OGYxFdpvRti4COlduaq6rYMldUY2SBhd+nRSc6et0nWE13hJUpQFI0dAl2xyc90kN+0dryFm+hE6Pdnb2ZdC8HNRUCXLsjDs0zjSNKRpOwImsHq+0jPkMFn1dBIgfIB4BXh4+Hi9oe7FqcwncJtmMmfd2bkmTz4U28wvsWeXbfs1It542tg+QjDiPde31lRafrlngJMjtZfJl9tEFwHDFrNzBA3kY/1n+gX95NkIlutzk3Xb3gs6UNWCgk2qxMdRv4D0CszCzrDzWKVoaT760pQcfuFL56CYk9PsdhlyWxQXLS+0gCzRNeuRncYJXlyNiqDjQC1rYwR6VsbZsNGORtN18cdYFtN3RsVrg8C6k5D1pafrd5VxbnNj5VwzO9uNQqgpcJuPI4ZvK7K8K5aA2LHzQdO9fgudDR+SSFAiMJGJSY5SzOmErc+gA2zjEreauBEdeQD0Tc3YOQlQAkGxwKKYqYmDon/gFgHL42sG+LGZLbiw6LX1I0wIRtdH6annBvCulQObgG2lqH18n+K65l8KJMz9CD8aMRKckpHFLWRE6+kn/pOuLhkMLSz1jk2zchIpaIhCFV5fZ2gMw+w4VFWGmRGK0fHw8ni8qmOAnLdO88M/KhAPLWTNfTrRuwkyNMGBAFtsSIqaeY06VwqEOtXvVAxlNpLDrkbyeWOkAs3Wkd+//P/LWf/G/IXpaa9ftElNGnPoWfmTaM7KlusSjdH4jW1lghbkkrECglixlWVTf8lhq/w6kNAsGrveapW6Psv2g95uVHFMSTBUmDYdPHzW3fnuXs6qlWYG66BAVPbFtvxi9f9a4eI5W8jNV/3+kOPooPGvDYrA5da5/NktA7srMoVUJYxQQYNx1Diw9el3fmHbt6O3/4o0gQZl1sNY1MsCuKS6RFwteByZQhcIbibQzclPglIRoazedTXETJRLjGk8m5F+MI7ZtSYftrgubkAo8VHuSPifvXXXUM9SeXQyDhOzjuXdb7+afkjtTb3HX4e6shTKvATJJJS1+HI7arAjs+fH1q7+RaZLG6TzilPVKoLGsLS2WsHaYB7B6YHcy38Pg8unNJC+h5AyAfNwUYoz2G42wwgeGcVIXH78Iy8YNti1czEjWkvrbLJHPPLQunh8PnlYjY/1hWytBDQ/IlcD3yYG98RkOjZQxKblovuz4eP3pENN/oEGFpe8Fj08PvfcOVfITup0bp7c0TaYv0XbutpesxLmQ3pgQ31m4Sm2sr4xZmQIbHZcObKohM1DRFuQgudv1mZ96d6ZKar5CYzR4UjA2kJyAwbdO3wH9uHlQr8XReFjSMB5G6d9xaZZp4LP3QexDBjAMfIKyHz2xbTqCP05Km6PNgfbJqDfBgo7lFyAFirFnZxk7ExHgwJAtOvnZkQvtKXHhFTfmgdd5otzMa4FtlrrhYR7tA+LGYOXqNEVOaV3Nc08cA04C3782n+kZOLDn6l7yazX1ZLp+Xem83UUWjO8LoMBPUl3bDfdszC90CA+201x2QkCj5tETp/KbMHPafWfFFrZ7ksRADm33YXTg/iIOpICDJU2XYhMjDNbZWYrwS7ExrVGeYoJ0AANXdWeYInmdHgxQw0YF/gtrStaJj16pahlw5ugSyan8fObqniEG7iVNw6kz+0GKZQ+WFIfSujT+d/OfZ/IbvXwUbjmYDcjQU9zrHS1TE2Fx7pJP3zuwHv8DmhCk4M9SwXDWO0KDazlbJbHnQrXo5JySTl49J+dIyQ6bCzKs3Q7TotJ5Ir/WTYc9CJMFyrQR4JqhR9qsq4hvXSBv1k78VXNpMklCOAu0FUbfQ+2T54ymeXIi8yML7aVvr2hlxLMtMFqWUJDk3wvyBsrWU55SLwkfv9JnX684xExXj6AUYPZg8E+zgum0UcAmh+cDRAUWq97Net1/Uv6tDJ1RUCVj4tbL9h6CXOh9X8wi+IiDhyvPXJZTbk8pbxHcjBUF9BIH0IVrYWvPsxKKhp+rym3+JoUg3WYpZvOURwo3xmh9SJLaUzYQ3TP6uoQ/yyvnjV5/nfvQwEEw3oMHdf42jBLF96GEloMh8L/nJwh31GY9em8nCGYkxVG15rY3klDw+tC8Jwjnq6cD03odigjaaMo5utGfv+RuJ/DS1eSk0HfLCZ3b8OarzbnSPThYzmyWgJlu/JvB7nuxqhvTaKe8mY7qMLOTjZBlFqAsZIbmxltNLDhpwlkAalV3pcbFjqCx6qDx/eTKjrCCjlylUFJM4cp8+66Vqtxsh/PO5rARg9Ht6mpiOjI60zkAELpdPOWKncsgZ3aKBoPHM6eLy5VY2Ys/G5esBtyKrv9LLO5GCKqhSQlFPXs9mXjbS17G3WEKQk+END7SpCcBhnXR6/YGw9HXXVIu3731QqDAGDDSfaGfEjDdbIiWLz5o9mw84t22C5psXbb/jJglEPxJODgCG3nZq5osHya80ePH1syS0bv7igfo5Hlntfo/+d2DBRXs8ZAyvmkqhNtVHkt7Mqxm7fPfULN4QoD3E//y1rH/n1ub8HJZJQoNO4/GZFRECT50yX0KwlOU1I/XRmncNOAtA1uR6ZeNgk77fh0B0zntiQ6uXiEPP6peFl3nqW22LEGG3wN2yM7PmdVQX2CQOoz8ZGccYvTwCYK67xSVNjP4Y8/hxboxZ3FenDaXLpVNcd4mSJ7oT3fxRThnK1WvMyzddzFib3SRC0VI9nX5AT5uOubtKQ8rnhFBjJJqX72mxuGt5pDcgtX7pV0HbqIT4iyDfSUkvbJQy+RiKhXz72gXL69HM1dZI1/GZX8TcvwNWyXm3xZE7uNUOtapaZMjVW68nYebITBCv9q+LtxwSGErTaYNQWFyriAV+bMivHCvrbiTls9UCZhwd3mCc0Vnd0TA3wP134u+cmwYJaQiMxqpX/8VxrylPX02PD5ky30btT/XvHR1HM9qnJKPWG+mu5ohPRgpaeFED2h4PT0opIXaKJZ5vRNJv62vjmPPrFxmYX0iyIVgkxndYZsWRmnBOwEEEqd2DuS3NsPeQDD1nObAhutZ4UTqzE+hxuN/XcMi42m0jMFvgi9PHeW3kllow1xFDapbG7uwm7HpjOdARdu7F9BD+xDuvGXxBcMod+PysLsdNuLevFiU+9AATFiUTacdQlzCwB0ON/Ibhn5rSBZYhBc4VYe28Yl5hiL4dT7WxexKx55R9GhbJlayCoyRyi1tasI5YN8oz60vKpGyh58AvaxtKBRoRTwwf/zjn9K6zLlNVALKduH55MVaraz3wwZM4cFRJEeTKjZLS4lyzk9GysucxQ4bJpGyfxKel6duG0oBy6xnSYx5MRyzOrcbBwZcVs7zszZpagkHjjgbjkC3lQ+JalIxhcvWbX5lxADn8uAJvfwqF8DnmNedoy6sw5a8taMHdBBBBD0sQsviNgFh2TMHvSrN9caqaWhVjeWT296ywUmGxoPJ4OpiJ6A4TDMmQO72CyxtgLX+Dc1ZgyvuK8ooONVHZNiFgjgK0RAAzhf0if7ww4VaAlyLK3Pr7EjzfN2Xr7gYXZufj7Y7sxH6WIqYngwa3Z6sH6eZW/m0YnpUpA9xBo7hgm+bT7zMSzIZV7/4Kr1kHM1KLpl0nBxWOVI1FUj95HUO172QGNmLu/Wdr0zyNM3loABl+AYW0GB20TY8po58vm9aW9RhWCKlNJjyj5KQlV6ni5EbLqdAR7Unfxs7UrQTMzrIcYZBS27vW5Mx6er79kb45942zyfENh5vioOCeeuejYhdndVYLvDOuu1lbhwrg/f/7ypXk6W0NrTi8+0zfELEcVff8DPr1Dho6P5cOikz2JvDp6eNbC3OQLJ7w3zu9z4SlH3Gx3l3OuIEIfFYKvmXYZ0AQHYXYaHnwqO7xjR5qEnfcGEFpy/u7ZSML882N8VYeaLUZwoo3lFSlD96r3WVvTg1MT16hjJUvci1k1d6pZ9QWprEpwAwoz77xQq8TYkB4uONP3hTiqmnDNjpJhJ31H7dJEWop77abxnWCNm8E+T1z8Vo9rZa7GrQLSTNcE+x/yBvw12aO3ovT771LeKuGXYfYQ0aDiPIlFLYD0JSXfSeZiR/FugsfmeyLjRNlB9fARVq4HmnArYM/McY/ObO3YC5a+q15rLfraDYf6LbRoWwVN+CcIDCJupvlQcoQI5j5/ianF8ynQ5/DfjAMAVvcJFvO0sGXXDnGiaAgI5VACgZQa54vM8Xu5tfwzmzqTZUUONgh8jeLENaD4P/WXpHdoh2LVOanRmjo3rLdwU1DZdOG2a+bfTjXdwBHZxC8vEetJnJdDqk4/yR+VJBu5tI5bHNLRspqcqcl+rb9oQRzm5aR03AkHV6BK73ovERpPREf5XBlTD8w4vQZDyStmJnheEXXuPw6Lp1teQBtMK2d3acz5lPRYTeYAE4DbJt7Ms3U3cuKbITNfqPaGkE01VoZFcOFpA5RvkOcMtNALKJrUpkXBkdfscwNekqvZDbkWAteYkcEL4RO8Qx6hnu1O+8Kq0rlStrIoSsKep6p2ZEDLmUTT6c9DplLWVFrYm9PyZlAXQQp4j2kcCGUOLRd6ZYQx4XLBHPr68RxNE+URsK9eq5h/i2my4/98C0ABHQc1KIgVT6o2Yl5vH37mgLMbm1a6Ibv+iTP/2Xx8FM0LS/ybUGY3dkOq1XxUqzY88bApOso42dxEMKGukrrnnbuLYfK9YVFbvElglMCm0kh/8fYyCiosCafRti1S7UdACJPojmHtDrUzoTOaar96xz7WVDchMS1hfvLt+/CdyNsWFh2JujXlsTUZUe+NuEXnrMsthuhaze+JijAghqLHbtg+ImYkqs0dYA0eYFNIpLZTiSzIanYFc3LQ/DGY+WQ1pyU26mLWvqoHaSwTg/k/AnLbObD9L0wgj0bQ8HgS/ZJzNqljlD16rrv/OF1r0mrBLxG4r9ZWcyLOuXsBNPQFOrOv+XL3wqkcp8nWsUxfBQQOUTpi088CbvRRcyI5Uw3bw0vP6gY6yLppNVdSPWrfu40yce+qD4WX3PrbjIM5JJWcFP+qY13DMzlJZ3hSdl8VOrI6glc8NVGd0PGKaEg29XHm61Z72Sdrqjd/QpRuMu5Q01j6jgb6LgWt/KFSfTy+EQawfi/pGxLJWNXz5StTvvix+ifIeW6ev7Rjz4a2ZtZVKi1LB7lqoXfezLI37gKY6Iz9tYTNaPe+2COmGUyAlDNFn/C3uCEVsRjrXrrVLC+cSn0eRQtaW2erR6aFf3A0NC2y7ON6TCuCBnRQTNuemEcq0zr3X7wmKMwKt9MIILrM86N2KFZhgKbgOvPUdRQFYAuN7ON4ULQp9HWz1gha38k4EsQMasze+3FO335EPOlljnzzNr1SZChICcAt+mdHxYolBA5TIclGhCQb+/dJslGDPPr3uZuiRZ1UcraG3nkE3yz+pJT/sXu3tq07sA7PhCuTs/bqWF75s1Nn53vxx9tIiGLQL4rZ1soQ5P6R4nOayB8GFW8fT6tyBU4ga8u7WpbcY2u+Q7LXXkIT+IOLNrGRIF9LwHfqDobrIQ0fG/rOlCo5ZNkmIlHKHEZ9mqgY5Balksm2CVnfa4R0N6LSYJHR4P1rmQWAWsBBec08w1Jhv4vfpk+2RSqX27XeTfeXQ8ETM8N8V6QF9OrZYSBRy2wXkMs/5U2lXjTwLXk4ws8rqcGi18iIIipkMwUYtehrJCHmMaf33XN1vLF3zAOLEEqUZ8s/IWd5usYNCzyGO0IqfvtXnlI1JdWw9AGf6rlRTbcxNVxpcglIbDHSX30iu/Ns55EaFosNEaRD++zFRQGA45adf5a+hSeWDy44JHIZCw+Zr7pGLBZt96JQc1bsjoZjPG/7ogC5uePOliBd2iavUoUTx2VU+hZtF4iamwRd+oQDbln2G9F5JVa1Cugqk9XowmjJj/5Dyh8A26QvDdaTg9g8RPd+jh8OFVwp41Xu1GzFEDZ+8T4mUMKXCj4oxDz21fRbi3mCGUka95O702dMrZTv3RSDqWL+X/Dl9vigosVBqdYAwRSJRSAJrfT/Ng+zG1NQsAhDW6JuJwK7lM7ix6676+xgdkj9d1YIkEa23g0zwMIynG8ut6nZhiJBHMWYpOxqu1AUjaIzx56+UZkaEs8vPl0S2UeCbg4DwZYkprj/+fzHXCzFpePaOdYbb9xtBXv5poyWweuU6yFvfOvWX7zmTo9Y+EY58zB7uuSP9Ck8qCm1EBhrWXv2U2+p7LOcjDpj/14JcFJK88MM/ry7ID8KBXx9tYiFP0fToF/LXer2wQllsUsOcg9AWMFHAhp+jReeHp7e78JieyeHxRdsuSNsBrf9xcOM96mSX6VRzScMA5LJ3/GPXfwHadN1sPHBx2wJUQ2o89b9UVJU8vvv4bUift07hk3ePtyLsIzueKlIwnfKWvm+Sc5+1YkKQ0+DQn6VL+8mchYq18YDpOe7NvjWSu8uFqVc6mv2B4QJGB2beqFdh3JOXaeI++HI9miX+UFkulnY7C05wZ2ZIU8wZ1InpOtoqo34XE/Mn7wWixATnVlqbOnqtgWKF4ggQ1L12N99yRxuDYZrfrjU4TGZn4kgDEKGfRPDtVPF8q239Z2Jh80E4KIEQu0lagObEeddIHZr1ojqFHWRVMCcgta7fnvHIEPmY/L7zknJg+6ZxEVtCPm+0c/+AQlTPzeWjOggEpWlA1IkOdS9j98gA7yOnZrp3z48Qz1ET2q5cWTnGeHKcVib2khkR15JU4ZFKunxW8RMYlI1bCXD9KWybV1NrRkrHkQVVpPXdWhuE4pLF6xXf5tm6SnnGQXlDF7jUe1t/HiHqFrsYBMV9Uiefs7dyUzzvqttg4tk1mfBmTwJBBckAx+prK1kIQMZkRqEE/2rxndOjtm3ZQMvQoAKKYx+1TnpdNOuSiA4jPGwKAlkVT3d2wy49eZtdrYF7iTbMdm0iK5gNJGhqUMVz/Ia6c8FBNYccoCKZboAhW0FEN5wghE5zkhy78k77lW2vhPwM+dXWjo6iA4I4/UJfhgw6u8OKiQhz05CXN/bmPgA+jGdQOPCUHWEvQTcA7//SzNTMUzVhA+XZeI1tLjs7kIUUp9DWlMPyIIsdB7T7Tx2GSF2iDkga7bq3Mxv3qSdDX4tDQdMH9jPWs4jvZlfFOqbLd0AsLKKJzsxjMIZNXLFRoOkCPXWjgSJV4+wPAAnarR2WNzb0Kaz44wjFJoGAad+WOzrNd+pEgv8DULb9vJwTVDWjJhVtcnY1XbROpJS5grIBe7dUjydRYS5h436GnJmZSOxCYZI9HeWWZH5YfVvA7RzVZfssmwJta13b6J3LiIF0m7E9/Z/P4f+TygPvZe9fbig9QI9kTvn0rnLStDmp4Ocls3WoVDVvKSfqM6YErsgsb5d+vRrdgh280U5NkWPwXZcqoZa2RaZUPT4b6ZG2PSM6rMTs81qOlqZQWx+oh4+gjadH/WajFphQ5ldghXsioQn/UFackW3NexJtAM2TimEsz1Ss0H3mQ0My9UbodCbXvzZ8eshRQW5zycvNzfA3L1rlYmTg8wDUq4xqiK2fPe+ec3Brlf4athI3R7yUjai50m1tBmtLQuBW0IAmUEzcbgVvdxNFr2OvzIwMCn+h8fwLzReVoqYvYdPpeM2Q3I1zDHYogEq/Jfue07Tu3oUZdx7NG94pz5tGXRZ97q+0HngADXrBZfNqtM1YbjMxpW3ZQpYVB8DJGLB/Lxv9kZRkqYOXcxDUaEzwUuWylBbueDZABvUonkuNQjRjO+MdDYQ8HvhgrP1R07/vnpxWxrFB0iTBTe/xfJDsmog41VOe9Ipis1quZGwkbW+10Dg/ezx61BVGuWHvrWdJ6lLMj9liUSlnSOj7VwszP0hCI7DJ4q2m1DFfe/JYKIEZiIkWREiEcPaT/7RGfwrTJb9Km5F/KrFDAmfO51+yy59/83YS6cGWmlu4xoOWdjQWJ/s06HR/RHsPtZ5eSRKqhYZtkCpSvc6yHSBK8zPktLAJjS7z0zSBuUP0lDz52Hfyg2nkDiJqAUwEVCazD6ju491+8eC3BJBKqudtKbFFq5c7+YlvGPkCRMDyuemxljC5qRL+Bv1TCy6dczeer7Z59hdTsyZvabTgn2s7OVMUF+XZmE7/icNK5O9gy/0+vScf143nOxhHuDpj4oZyyEN4UX20K8rK8FEh5G86f++J/wf0uEHBYaaROEPcx8SPdQ7BmHTh7Jf3fzlcUuWDpZNOygfVm2sTIpjdGeY3FQDDfVwLB93DE4lThgXi9gE3OK7i5qUDIeJorcAKOr2j3yLKKQwTsTJJ8URmZfM0YktPsfCVqbiFkUcPX4nFYlDRykf0LgScZDwe6pKxWskxpbTk6Uo3Ozm6DE04FPjmxHvA7NvVlADiycyXIIVV98sac+jNIgN+IgJhU3Fjuyi/NyIFTZMw1behEFUc5QTzKu/NvWfPme9ZF+qlJDUsm1RTyIbgFvsBCMc5s0/YLX/De3vNUqEkz7VnXyifzAbDEqYTdQ+7COn6DfbqWPFbIscMjs/r23AoVh6fvHTg5XRwE8TNDNBBIbCypNIcyyNupSd9fClFhyHiGu215zWmbnLq2QGvguL70FqmXbmstiOnvM3YExe0OvRe5QEzTdtZ3lP+zhlc0PIu3BEocBi+5PazDH9/vGrtL50AaI54A59Dfb+LSmFvrKTeiaLONc3EUMiB2ir6CSr4n1slN6pdgzWMN44bFmqQOEaojctNSFF9l/5rIA94DGnHiiT8A/mZf8R7Adl2ZLubWoY5fMVGiCB4jOuPooZP95sUNAk7wGHPNzE12xIX0cMt5/uzNOqMS1EGDQXd+oHt/7V21rtc7DsvpvyT90oz+coT1nLBkj4mwAD01nCjUzf4IoCK/AGI0lz7jl4aW5IRFxy/QF1KS+WQFRG3pSOSVYlJCfZ+yoZIL32SHqyAfQHRPjbgE5ZzygFXyNUMFtSDpgk4rpbpoUgX8lB7m4eSQEu5HnQaj81ncmKDAGys9xhI32NVPMxiJV0YO6dbSonviEJxn79d0XwOhD1lsoh9zp1a9I1rwDnjlBU8bn33JGqgxlUu2FiRkz2XX7bpwZMzvxbwnJSur2cNGphCbP7JeC+IxkMQYKLlzBtRIgJJfiwClHaynJYorx5uYhubq26b65iGTRvjKtg9GXXYCQfPV0WR3S+6CzOwoDc4PdkD7LPm9GV+kNE1Yt+KqnrJsmaGQhLJUfHBwAKYBdYVJ2gNMovdWpm5PkHC3UGj9HEm4xnkk4VXgDYWR9sYbpGpW5bBMn9Rb7++dPHKfynPUjA9QuRtuiWuWFHyY48RSGtPvqcfYxC002+Ziea3fsl2EdZ0R0KSuwPy3lSNXjxAsUiVPh5YT4DPRd1Rj+tZXhKKEfmeSF1JvOiCJHUAI0auBGNAg45VySK/0CzqcvFxN7ClQ15867fKhmH1f1uzND04Coy4jIfkrjbdELz+BG+fjNDjuDIWV7u/N7VORIQ3OEWnGieK16rgNYeH/hwUR6+FRmRWiMLERCdmp/zwhlp2dYo+MVkLsVROOVos/rxqBHgW1ExYrlBJnVrGrp5ghkt+Eu7obUTLG1R0/t7sl2z6LOdGvvwFu/eJOcagb37A0cLqU0+DdV9tgP+ANRcJxIeD0ob+TzLX/A12KA8Rh5DP6oJs1SiQ+i5lwei5MP0eNSTmKWbRdzRwq3X3eVHTli/4TNGDBMIWnw0xb/GhLJ61vc59LwvBAy3Ju6tuBxCYzVPdy6q2wwBgVbwxLAvCQoxs87myWhBvmsvQD23erPwnmoCzoM/Ld4sze94ENCImdQXfyzAil85qzfuuvgPOOR/lP53UqNRWzEdOBEIuh4fNDBDvXvHYHqnZmIY8HWY8sd7V2UciKCUtgzrab0nG4maH+zZdaWWToUXrTc6zT4zPzMy3N8ro+aCzHxGOUG/xMFK9aat7C0HPkzbTLtsZhb4A8PnIhxRu7YMhmYGw7s2hY2+Fz9/91I6bbwn7vduTF/R6g+CzbzAX/SVP1TcUdkbpha8v2nYU716tl+xSFTcVd8j2tajOOEi1FZrznhusHk0p71cH0IzZE86JWiCA17TsvAAL+RGjF1iYmEY04Xg0YDeyCD+A83631BDcQeCF2CJFVpI8kDoMtMKN3wceRqVSkqf7VQ8DosrZTXHBh4GmKz/+QUsUatPWOdf2Lxp8XuBia354piMCh2oSBLzFdBzjIwYyrT1QVHWlp2kE9K+Q+0CmxbmLcvTGD0Lln1XKxYo2Eos+NZAwx3zOl7nW716Ve4DGYU8GmZ5T6d9CkHujfUlF/b9VnqGS2p9bE1O11ejs8CVqRG1sX3MfhrQo+H3nY3FkGctsd9Lnwa+lWsZCN2kc9lT4PoZWdcWEHdRK2H7MPJd1Sbon7cEhXv5tmMMIsIxqTZHLSFAwpV+tEtXrCu97Sy+8VrhA11DhxQ3R7EKies6wO48eIAKoRtfpqrZz0dVkDmkXGshj0gGpfC8qD5AX6eUVyNCr891SdbTUEVETxfHnd9G9cctPboArDm+nruw+S6yoPuUN1Y2jfjaCkz46jqNl8s+rYk2iHVSxEb7A32HHLWA8sTwxHKbQzbn3waqwN/YwPJzwpvoGTlsWStO3+n1i+w4Uc+CI0CKOTwg/hz/wQdHW+NmT9JExCHcG987wY7J3NmWBBUc9vwHhOM3kARFC12p1q8s4SrZoj8TYWLfVqTdce0Myue7/dOHkxCBj9XsabObWS3WUL9O3X0xSRbK97uq7aZPtA+Y9yVd7BzGlZisn8iNQP644CiPZZ62mYHW527wyt5Vk7LdaNMKLEFbyHSKBeLm8QHNxZj4NCuXZ0cJecod1LyQa6lNCHZ7/hNLABReApQyjTNXOXn/k78mve+5ID8FKbc0ld1JosmOoBVmKfMkMvAAaq60Lo3IUyspzxG9d4pxmZ83z9H8EADYZFr2K7HUA6Eg3jdQBIV7erZjH185dMQr6fOlh3sR2SPVPF7l6HHCLLy/uxom/avijPwMCDWjygH1tqsFyfeMX1lN97KzeJsCEw7jNJx1PHWwtGZ/ICo15NUszf044FaOTRLrfFG4cUAFYN3nda/1ncn2BLdUSUYw87aehxthunbXSu2411Hj2iuTMjGFafuP6cvvfzB97fKFwruLzwFaajcvvJ9URyav6xEihLNo8KL/hGunfqu1XwgObtnrmSceQdhAsLtz1ZyWPw/pfUsmTEq1pgUYUgnALUrVdFqrlXlqc2nnD1Z74mlCbd8KpY4inSCSKkI+JH4v1wp/1tpENgY/26dL85I078181wSXUHghyWZ+VjtfgovBdUOXzEHpn9mOFx64zRjEZ6RhBol6axXk9Rb/IhFHpzWq4esSyGwY8fnq+P/TT7ThtRtRsSfjMyMpSMZ4uVOiRfeMVt0hl8fNYPu0U60RxCEm39KnaiAipAskDYXM3ehdKukSU3T5ErYTIWF8A9sMzz79xycQ19ijY+yzpdooUZLmKP8utO7qU1kwKaZzz5GcGS93PxrshV5Oj1pjmHLPuAub5v08Ro7jxx5mbpxDPxLFZwrm9JWB4cYEkFWFpQyYO9xTL7hkPqGZ1HxvUTRMdCVY1U4pkozyxk95l3x4hdTe9JGlBKKWQ2vJsNdNr2JNZ6gp9sdYM6Rl9tKgVd+0unchci84aG+f7qjiiFZrJkjwXg0seOMQoGyrKfBd9cf2FosKfS/M36j1LbKnfi8M+cb6t/1a/72sGqPElm2GoBjJ896XFfC6/yA9o2TANGpC4lYrB+VXX8sHrcKVn4BsG5B3GDNiSqDPa8URC1+4vX7sddlwXVQy9WKWSRYnCkcb3QWumamGBn3HzSofXiQQrAauTncsVZYCpu/HmWL2AnSkx7ffR64/2YzXYeKvRwmsAe0HYNCoyzLZFl4hr+XNwpfOyEE1QoVZ9Uerszg6PKr/1icTsTbVfNgkVMAqMNxZMRSeHxvGvoWDLwTc2QRFC9q+emYE0sOndL+BH2no7Og1H2uAlHShdZrqfg/By3+cCBnt2ThDo1hF/dogqXtRhRt9iDP5M7VGouwLUiNnaeaXY0BwmxmN8kwkZqK78N7vepODuapSwJCnwyObfS3TNowvXsmiSoGXfdzpXMF8MxmZN3bqYcee77I7XJ0xDSdEpXsekmw1qvszvW7poZKDfggrKQQ2NnFzJpUcckSl15gW6L0dK9uDAewG6mZDAsmq1gY5EtXgVMRN0ksTi7vHKrVM/+qBdLNo8NmD34J5djeQ29bXqlZ8ESYqs6UGpPuzjCxXjbk/Qs7EZYT5yO0P9VEsPqXpN1n6eKGmtXSIWX3GL84midjvp5/8mYe0L1VzbBAh3dU5wwMQ2s3b4TlPSfAS7qyDHLxcrRbT31CQrSvz7E5j32qw9cnSOVKuRSrh+6cbbNkbbUj7OD0ZdSvowdk403jvwFSxgS8gLOnDmaINyvMO/+QNviiavXTDUDSDFqF3lmysipaHgOCNvUN3c6u3jN8R+9YvTuZqzLc3bA+/dPZbRHHiV1GsQi2nJ7Wgfwc9pdkF58j8nO1FWcrSsQI9lDVVCFag9Te99lQ3UWmFJysCE2o2Lekirq/6ommqePLHhpiIUCE7pAH0LOSdYll/XgMoczrl7Y18YAKjmmyGCnbhAeees2ymn/N5B09UeTQhtntdMHLEGO4u2sjjixTWvHohfV2XjlndByjGEdlr6zL3VKN3U8VYBQprHbJGxf9aebh6drVsS2O+cuqyb7ImlaslNh7Tp7vRDJYeGaoEK8xn2LNtEDbYjZUpusLjbxgV6QaekE00YrpdzLLgcIKGJA2Pec1t9Jqtz4Ge7JCb9un6fTRapw4pc7oQFBDXNdiW57+Sde7m9D6vX56Abzh3Zgoy7RPXiVAz4Zo9m0CzWY4EorO+0P1x7DhiK9jZUvDFMQuyWjcw7AkEL5WRiYx1gxPQ/7trRMEPcrvEfi9S1ErHTEdE7bOXD+wpB4SJool6i/2r8vzu6vUsKFXdAUexgNcpbbpRK12oOq4b6b424Yt4Oh+Ml9whSepbEl9WQ3OHhCvkalXa2PTPgytR2s/0Yoo6tXRpbsftZ6Pn5xgbiKEzGk1uuh3oaRVOZCu+im4jOZgsFhEM+lLSReIyiNdUNNXDL4UDX3M9aN4fnUYi4OyHDV346washaUM/oK4+T00r4f7uFreSmXyxbaTpV0oP4jfaPt4HuRpVbUZkhX/QV8VHVeNXo4+I9Q5SX3nEjVaDzYhubuDw1x4VHpZQ4PXdUEm3b2vKyN8othkqJLbsF3l8jcJYMW/zByt5Y4EbqtLp2GZ5CZVByLPYZrfP9pJXJzUXs3QsMstL24//wKUSlF7xwygHpLPRMHrWeCFVqWEwDN1e0BPJeVeRE/OrS0EhOUjMhH1QDB3ZrArqO6nNhh7KXF+/7zW1tpE1PkoV4s0DnxRSsJirmUC8o0g2znFJa3bx3hEtKplv3lsBMRtQspHoiiHEBW9KRHovmU8NeBZi31d2IxVc10kXrSkaiZg6eegFxMuUcVZU/eY4tGH2dfbhnNdVr5nxW8sS1CePvsr4dvmxOnSgfTEoRW5qs4DVr2zGrqgh4Y+uzkgWJstkvb0mh2824aVLx0ku+k2I7QAxfxqIzRYaT9VwETlYJdsLwhcc0FBk5cTXND9cK2PG46bQ/bkcNSoErjDCjYSJu7TWiswhON8S53SBNWAMNzE6fU0UbbBXKDJ/O4Hsuw4lfUnFO1NzA9m8CKTgdESnTFLVAnsWHDpz72Az1bN7xVvKyANypFEqhtMEwiXC/7iJW8q0dfJLkBgk1q2xmLNQiW+ubrgTGcKYtv6/1flx6dSw+hfO30T+3dQYueBYJ/wG30fPntd3yUwaL2+E2iSkwF7GQt6NMvP8r0ZHqs44o1D+U1q9/38XhEhh6bosRnFHxIPiohqoL63tP71BrZBsMLq7B2ccHaTYdObIm5DU78u424127x23087VKehwi2TKhyigiytd9QqJHF+ZrcqOWRJBOVcljulpi7l92LvHJs27x9QYoUvMK3apgyLif2hgk7UovF/zRSMtlf04VxVwVBAemot9S76/AdoCJsxrOX8DaOAuEavQ6USzhAfRO796ifJGrNWmE+cMn7XEAl5GvDYO/DxaXlbyFfrA8XqL+dDnx2DmNKRpYvkfmW5rPWcOUb7uF8OxroXoB70l/HhhfR9CLUrso9Cra1LEHWxEjsjZ1czGJg9KhZvll0MP8CkTl8A6nRv7PxeNWh6959uOmXqjph5xsCm/McyvTVqQa71XMS7vBJbIToAkThzXu6BxTyCFVMKiXm/2f7zgKMWKiS25lHk0FIZdMPgQa0SYRjUryfJhEHpQGctkeI3ML7jUq1s4M4qzwPzQhf5T8cRs5d+BOEZ2Tp9NLTuRJGuVaQBmnakxjXFinapTK/vZkNQJYRCR/lmJjBr94btpzG+nMMpc0gjUXtXffqfQmg/H3AwXO/197ytx4g/dFGnFQROiGCPdoj71UrqEy7wcqqjYtNIJWmImTzrxuzvNrt68SMy+/DJl1RcsL4GZhjSRY2Ozc3pqFlkpTTYpLWrxjQyRjTjFrpIcAFk3ifcFf5exkLop5oONPkLLzm7QyGbTJN+BOI7cfU3loLODsnpFQaNqLTeRRj4SGUQ7NKVbv7SowlErg9ShXmQFWS28JqGjzfjqknrZzbvUOtdNq9p6eO0v0a4jjQYHKbJ82YqC8r0+iulwzLeZqkpIjGCoYQIyl32kGl/tEjsNS6aTrGXM6TloxsvOWe7y0KG0yMbr5yEDKvO70sYk9m28w17lGmBEmxcKM9ZoF9c5GkXoW67yGQCLeqLvHETCiioKlwhuDgmCWtc9q7WJKs4L+nANL/f6zoTN8MASm6OfuNbqI+ixQHJxTODhXxOAfXOv9aHssfftWnkgR7M0nwm9KQzVxNnO/WDD8v/jDSXqS3PcqAEHAvuys8R9cyIGe0ZIl5lv1uaeE2v9TrtpwP2xwROMRYStmRA69ftfw5zZ9WrmBabL7VeG6otW3L99eswXLvvYcsgnjO2UQa5WPu4TYcJsnqRHbFNd1YWAr059xk4QhIYF8M1oeeDpyNom2i8pAHYL0d53tbO4gylYSeVOsrIzXXN71sPII1CihysRUsH5tul/zId/3PW8+Bfi+NyzUZvj8eDMB+pbNMrVNpln1oryGqG5Qmqmr0fWnAMk371/WgWgQ7izFEmYG/wI1pzPJ1fmJecdVTUY97HiYpbaLo09HxXeRHM0beTEwJBUWooKfhO03cuPL7+acCRIRVWZwv6AdZPFgzoNty7GmGcMH51u1yYXitJr19xL3fhNKTGkpe+0FzfqoA8tglWfauZC7/gN23x1YHQ3fs/OxCE+yDgbxxu2H0ddqF3Lq4istUTPlzxkctQvBn7GFSzmgpzf0hajafZLlb1u/h1aj6lF+mUKwT3jZSrOWZZTtNF9YCg6X2EiICJjIITQCBRFhO/2kkrk4htL5KRJe9GWkI1o40E5fTpMesk6EVDbWkOjJp/p3mlziJMeKnu97QZ65hmGiviJTEHf2vnDqjtojBwZSM6nVLResm8sehWg4hR2Gx4805WT7tprhb2LMx9gU3Z2AnHBRd5YWIjFOlsWUuefaUMtv/rlAVaC+EJWjfHJNpc3v6bcL9HR4L7UXeH+UlEVQPvVIWgiD4SrOBzdnYo7xKZ0xqUM3+8Ms648qycz/79Ewp+0+9iOXhu9pPJ83IUrU7TI63jMKQlon1RqG+1h4gPov0SPA1h960meg6hmYMBW4p3n1lsRT4LeidzwB2wPasR/RiJslO1lh1n47W/D5/7olTXXNr/KhYysf3shdC8oBwBgTUtcyW6P5t5wwaNNd7bezntITBjyQE4wX0yUzkrH8Yl6hmXkf/tHGDOGy8ZF9ssHhB8RX6S6jeMNk5KJcvfM4kW9FUtZBA9NBMGYUhgRm5oco+aLbpzv26ntlXpI80MzN6B5wTmv4wDx9g0CJwErZ8Rz8oSWxUIY/mp4SQoclo3Ph+AfBDh10pkgZI1JiwzCYsZ4s/tpC20+VKHoB3k8+YtrSGAoyMwNN6H2ZYGGyZGXUPRZLEC+ExnTI/o8cPxfLxvFzEHe/upg5xAPuzZwnXKUyTOV8FPDr5GAp90KAq/aZ6mNS0ftmoobAhPPm0/fYBhoReSLKonYNDUbD1xe4KKESREWPXFN+nbfAMKSqqeDdWJg2TH5KMQ6Fc7+NHZxh9h92bjYkpm5UuPO7RP+BVJoAnlI5eEuNhzlxfk8UTVzyCUcn2yS8RBgFJJRJ7663Iaur81+TESF1XLyg2pXtdIAOZJW65VaoHXM+msKuI4bLruaCpGeIuIeenxTLc7Uj/aAU6SnF32+FWo0PKie27gcOGu8xNx44n0ujz/u7d7CYAPtMBi4F4k/Pvbm9t/Z63vPEQTY12m/Zcm75LzSprUiGRYqzg6HYG7/ZmZzXBC2Fhjd+eq/xNfzX8LQlHXuGH7OotVg2yFb1Pxeq3o9ctjNdtd7urgkIchBkGbPWrPw5R7tl9nEZ0IIMusQUV2zqdyJRY89gkaEX+qKJ/usUixULqFo08rvaX5A3xD3o1MO3bpYGuhNmiCyAJ4tm721COXGGqQCc2tEwTeU6syYH5+HqYJmeqhlCr47tmpDplLQYzk+fttctRigJwiQGb5bAvggElf+pJDYnhTAO2SefjLw8AjQbMU45sJyZcIbqdHah/b43wZuRECRDN9Y5SopSnphsk237QXk1VU3VnlSJhvMO73RVhGtdW9JP3W+V1ZOohCGMmg5BlK9L+yoroVKNYA4QO2gsgEW9Zm/azxujxXxKGLPhXGWIScywrjjlMvHtsFRC4lAolQbKiyCU99LpZAZBS9utig0VMPxUrlbvDZhAC6bUzMd4RJxb6Vpv61IscfIM9B9z2BVlipTFiRtRuQoFyS0slTLblqreRgCNfiat4cSdbrX1dw1LCFwqtTwtaUHHMwcbA2CQExYxV64SQCrrXLOn5GJIuCE4kSUJycaEnI1fSE2fR9U5vIt72xdwwbPMx1+Dr/BpHiaLJweL/Ch1iaxovVpKzKO83v5Zv2OWatPpNXO35wvk6vmkG0XI2T0wFmhLNm0MLR+OuzfTB2QCJkzhhgOUAii9qoZxIhq28CxJfMg3gF78JK8wIEFk5LJyda5K/cPBh1bi7iGncBZEMk9mGyottGLiwrzS8fQd7uFBHHKyuQmzqfPw22IzfuIfRoLmG3OR8GmeaPExTsE2GknHjnxCk/d7++V1tZCUCTZGwffMSyX+/rAuCbe+SNryaBkv+/mwRavsU5pBsYKpu4fVjCCMnWXxdAKm0GLxIGT3ElLT0xiK/GCIt9kh15nqKZackoxBPcFoZmqhs2ZZlxkX3LQyGF85jdk4kW6u2DUS/AQ7cwS7BkbrxOKqg6zrS7fXyREUfc0ogpYY64CBIfi3bveoePOGfUZmgMpCerRk2FTtEHzZsPKcedbKLdXLX2slnPnKehbtNvJCHsp11olF4lHbobe23G8GIEq/miHAJf087B36y0EMwjnKfFs2IFk+6jeCcYDi25PMTlqH+OANo78LmN6SLXZCCUZj6WozXPpiVlONoNZ6jYWYPfvRkZtGUbTKSf7iPQHhsifRR7uKDmX91n1OIzF/rsEmHUdyMNOe0FDcjQ4Gud7jTmsi8QpWyrVbOeHi5szTvKmzhfB0qjfM5VZQ83CwaR6Tz9Wnefd8+mD0Aoe76LGRm/CryXVHXNwhWgYKvyiFDZimoQvU/B+29V04zfQQREUuchasTqF8cAAeloiCZ7UpuXi0cWJoyRgGDTols4PGawHaE/PenieCIa/MM3j4DTAhoxXkXmrXDI4xYNHfDqo1naMRoy1Ec+HpblfIVKT8s+7mux1IfwAjHdbuf5VsqAw6ZBREpGh/+dUCHPNBUNbyMpQ06P1GTFI3NnHAvnbfA1igLE7w3hx/vvLvXhnGav7z+gdQXN9k9rsQegIXDzEdWJyJemXcDXprmaJjku0q6FljMcrxCf9aScBQJA06S1Zu103Km1t+r2DaKe4i/4JLqbqO9kYgvUCB2CwzB6vJsk2R785eOrXKAnLMnom5A/TkGVhMtVdf5qGGyFK3R/+OoQROpouoSVfg8GxWe1IyD7MujyyhN6KA9GVuEV/Ry0j/pCwB12p+H1PWCuhTpoiW9xlKLDUAzJzs+av7GqFWIg6nKqJIDD6vRr7+NSF1bZtT4Y7Jip/p1dl2M6ln+1uzQLud0f+RtGdMnirVLCjaGKPbE1e6u/81p8l+QWOi/b/39R855RTW9f16ggR4JKEwWkhSaodJEOCVJFuoB0kKJI7z0JICX0gCA1gIjSq/QWkCq9KL0HQm8Jvd9wnvu8H+79n+fDece4472DD78PYWTDXGvNNefa+7cvR5dnV2H+qwBnblhM5IKKKvXFg4GlSSqgFY0HLq89Ok1Ey6q/FV5afv6CVaHjT51joeL1jgfLv97xAIGLoQ7cy4TJupZWYhFh/QwsgkEACZAdwApH4VqCRFmsqDCI9bNPBhr0ckxa5aZeLn1Q9LSfWsVLlJzoNLGXdv2ywwMn6m6Qw5XCt7qlWnF0t3fmIxln0mWN302pbXpuVMd5bE15tNoONIgPR2iqe92gXJ8mbmqGPD8Z9+++GdzO++EcGfZuwjZ3Y4Kh//hXedNBX1ki8AbM8pKi72f2YGD5RSW9LaMHuiHuMPnmUdaV0YAJ6rdvdKmOpNbO9nXLOwwvAP+rfc6nRB34/19o2+c9N4oAL3wozBR2W/KNTwKTZYjArkG9rPlUG70swralgnEfGM4kW18yWjEU7UxcdgzAcLtTnZf9KpNwxlRooapqgsce3HpPGJd0JRcpL9LpucAGrL9o5BKGrnZP+1VtNC2nyRB/PmEx6khZ35T8GOxEzS7sRu2+W0arJn9MUActtAd7Q0TbZgVGD+P3+YtajEMzD+9G+cySgK18frCttmnRzEiUseFNEFiKAuJqembLeSv1Quz3mOcniaNOh6vM4souKbHRLBo+k/OTxU4xjn81DnlwPQ6JWyw2ZdjoK0tis3wTg+FmkxAMvu0a1yEg+iuSzcoN2m+eDhR+Txn2U4Hhzs9lI1bXlKUN+nUFzvfb4LEk3xT1hvL4Q07ipp2v6XsZswMQ34mx6Qk1XivXUCx0SWxPCSnwLHmD7OhnmzJjYffnTo0IzOJgLbfygsDh0tAvJBwoMEb+ka4t9Q7zT5vqaCubvouhrvKQI5zasr5VkAMI4IY+mJgjJ5Vw15vt0Tu7O2YwAJvMe1F4cEA/ED1fTXyxw7ARhiWtyXj4L3UwixOeTjBtYVT/fUjM98zQMVnRTcB2dZrlZkWoK3zvYb1r5HHyGr7XwVed8r17+VmRI10ssG1wdEFMCQV4xayaXKKn9rXbCm8y/PlAeoczx6hEksgU3Ffwt3W6MG5Jnlc5+WxgZ9Cvrz4RtRxkTBjQ/G6maC1QCYsDWcL8QbjcgN5BWmFM7GbbNekc562B/gglMLSDNj9WAgVWR7/B0cYXHAa4KMHOs1hFSZgbitFTBMuzTGXBVFULLkOulWhcbZcxAZuCBiKfeG1t/atMcCFc7BFJXOxE+Jkb7eGFIH2Pmd77+2nBclawGKGpsHejMTX6kQLwWrkQnzRZ9nTaoJ+ybjaUK/ybGiJ4qpbnFi/7M5Hu7hYzhKdDsVn73NSHKvaHORwyxa4Jbb09qM1xSp+puTNzkdHLY4pFKdOybaw6/bbAVv7uDNPP77lbmMEwrSpoh36Pb1n5eWmQwFSwiv1mR81NWq/lu+4jfzlOV80ZtLmCbSiU08vGtxzPGQSnbRtql/HWAeheuuY59t7PnPIcrwUk8VLI9gYN+7/ZMFm97gz47wCP0ktUvwfFeisFpU28WP7rwcBeKa/wCssQ5cDq3XnxiFUnbo+VZ30/Q7yEPbZ3ztlB7ZdtfdADqgiERFLnQ8YpZGCaz/bqLDSXHhvdsSB9BNseL1JMm8GFTiQO7n55NjY/LEgBFSQyF5XwqpuZY9FaeN2asrfYlZWA3dP3OjyyY7TZi/rxRzAkTfSWDeVOqAP5Yl8ydDIyDfrnu8idzOiLSm+RprXRyz+V2e6lM0KjWf+749C163Go+Y3E5BdBafovgqC+H0YmXqF7WchmxNpOpuzg3lrwGm+BiF8PWebKhTdd/cxFBX+HOiCFrm8P4QmSoJTotODsp+0/bgRb7XxknNmbzhAN9uk3cDjqVEzbeLqHOTIcJ3Z90ZYCCoFTBO7e+Fl+9vKiLWZHtqgRmg63jMrMkMoLVEOWimkRp9Z7ZoUAycRh/bOfjfqPKc4sqq/Waf1iFum3aesusFqJBFNb9Zqt4ocV4LLDauGLh83Q6/cpyv/1yXmKgDV6J1Pg2HsUhZnJYK0ssTVWbGcVwmZlnib13BRf9zDD4pUtL1zutVU91eqRdFuhz/v5sCzdNXqyrxzkvPpHepASt6l+9yNCTGnbAbpuvse0uc/feTl1UcrW9nXg4mBhrlxj90sL5q/gfkxRAcg0BTYe3KLPEm200VdagYdONF587A/52wUfdVzYowHYeKEjAyjk3cmNWmKPOQvoXLt+2kx6+bbU3JPR045YZT+/D7uGCDpPRPuNbSv6Zkb2f3POhZL172GY0UllWdIdN70E/Rdudv08ZO4jYmxtveLlIbfFy0NHv5AJu+j98jC2GN/aMWITbkvv0LOtolK0PytnG4/knLssL47y2rYFWj2rlFDv0hcY89n/fqtsMnIGZDv3Wy02sFv47frft04cTKgz9Cje7oJ4EPEvlbO1xQaSpgHvubWltD0TVfZLqITXdbxlG4WY970T6YScw6QPPfkTL11RMBTB2PkJ7HgLkQYJsW8cmPZLGtNb9+XEqUcfWM79W9WrcH3wIWJxcgWveQcfKlmxig0E5vbzoz37KdKSZYLoAGIAK1uz3yVRSXcsBDpDEfLGF8iVy9NK0iM6ZT/c/bkXkuKwQ7G55O7aMYD+hsZcsupel07pEEJ+c9qUXkKM+4zcvQ/L5KoK8b1HZ8S3UOZfmp2YA0okGj3XOIcBTkutgevvc6kZf8IBbXoep2eB0nebgyz8wAA01hd4uihbYRhntO894Rd9MOWSJ9QZvehD7ke7G2fFa5XgKZ94Ryz0oJftML2MqQlygrMC/OttgERHXk415PFxzRa+4e1w8+5wswhGrfaL/WDrpbKxslqOmVDd+5Ms0rZst6Qh4t3P/sw1jL/gF2Mp13LfRR9bx9k4kB52ilcmK0zHDeSg/n2rarBHm95iWgHyYp9TLcN71na7BJHmOTGnt+lLnQLUzl2wmKhFVp18JfyWQa5IAxAGCo2xhZTDFldArg1SYWzENauT8DpY8zil54Y3MWR12rc/YzHqO9icQWCWBFq8aFi4GFME6a1MlzhqtTpPk8XHUJ/w305B8VpBHTGF93sHaYYSMd2xL968J6e04k1mc2t2d988L7NnIzPjjX0H2os4llyUnV5JxwPTjx1PS3YbW57w2RwvjIiOksitJ//tw7fybC3PQVLgUGZuWZYnAXt4pHLucWU2mTG46vPLiDjtjovmDebx9xLCQOGdpV0NoNK0UWo5tm2e6i6ozQjkJc12SfFlUbdQamc2LWmiuDhNnPts0UrfdI6/6KJvhXd9uVcCO5q0NeUz538n79/sebQBNvHcqLU4mdN5vddFo4+PZORGwzeUmUF7gJ6nS8yJCtnXgclRS46hh8royLGd6sV7cFWJsllsmsdimLwo22zwQyV8uYsrkLz+77sARq06B2b+wOuGyvrKZhFpp3uby6Imj5ZYDj07DsLdEX4+WKnsRh5kj5eA50e8oinsgw/RZPgfv9FdvOF0pgeKZNigl5UE8joTlhNLHGwJTK0pSYJsjlsXq7vRbLN1rmlmsw2tl553Uy+wVOqgI/lcC79+XLOj306LGo/ltjq3dzi2DXL9rpSV2795fY7V6ZhE5WaNVYf9yS2j96Rp1m5ksckyNOVBx8kslpmCVl3crAKr6VjNQFEiaLErDJn8ooIJRn2y9OW3o4R6k2dm9kXRwH/dxwCyFSBfO+e82Mqak5DYCUt7l5a5Le5nQ36qRVPWJDSe13MxDa8DY7+e9VyqUf/XjQxEHm0RZy/NKS5A9+kFRpNsHccodhkkxjKpxcZz14jt08wmAUKhggmT5eMWxZnR5GW3avf54Sl4a61YiCBfiFQj85w5nGpdmNZiW+4S8D/rHY/7VxUACBA4q2YAw87/1+zXY/ChwntSsXIJ/vW3W/xFH6HUFkUBCNqBXpbXrQ/l3SD9Qj8kWkO3f4AlhF0o1h9PhpbdAqEpPTZH3yp8+vtKBR2rDV9TD2qxUO/9KjDMDbqZvqbkZ4lafNDDdFWxwPS7+PbKPZPoCB/9j3+2FpMZmAKMQzuOH+Nz7FE/SNbYvZ/X3Pi/r1V4dl/CL3SfBWG8oMKAvV0HfS/hmeQaZvZk9ZB54ImL3dKw1bZ65MWWiErP9YHX7PkMMQ87BwTXvxoElN4bf9h80VYz91+3IDgxhbp3uCTpzkkCu0R+PRP9xUrMklHujaQ0T7Nuy07Ts2H9+w6E2PLTa8WL9VV331xyEh4Apa/Bo0TdzuoXLTRvvshYXJa0QS8az7ZfLjsrLEvun6hsooLvMGh7cSfO/687EG5Hiu4RvSummIjKQblv2kKJrScoTxd/qzO5N4xp6LLAUNUCHa7Zt2SQB2XYF3oZLwwulnI3OMnrxWSN2xu2PCcyINQtM2GK2w83YvGZYHezhguxgetMXennm4NtRWEqRfp5reYkm5D1Tma1XpSb/1EL1zgTqSFFUciGi0PMnzRP7qNpd5vaq/T6BAn1WedFOtSdp03uWDSuSNcEeMW9coA5D65OuGOR5reBbmmq4vlHwMkU3kIEN1w67TkTphyb7GstCs92an29B6CefNVpTr1bbw96UDJvey/xf/f3sn4ERoNHMITs8zPX0JmHMlu9nKz9T7/GdbasFH6tF8pbvPv9iv9zSq/I9ij8eMLB3hXrm3i9DyIhtTbACqvyRZjN9hoMdwL5LbowsMktZXsiibK2J21e760oETO+E3PirZWeZV2zgp4Duy6jBy6bkvHENVovmrxPS8+k0YOU64Q9jlHt2Y6jYRZ41oWQX+AzmrOjRr+aw7H0ChnRf0G5Yaa1q4kAantANtt+LBuMRwHX8zc6Ff0uaZI6O/4+dEv2cp6er+kH5ALjyFeCgh36f371H88ojcGbGz0zDGavmi96zphqdk7vQxK1vdemSnj5UPtbmM9Yv6///K59qvI8CoshIJfyusLNXxzNTnfsDDtcH2PAVtB0oIFez9h+QdhbkMzl4dvHovUDoGXyg1jwxtIAmp+rtThcYPR9NZ/AqEU1DSxR2HOx5o7A+ETeRinfWdV4ImMZSii3xwjTGyq6MTVn0sY2ajFXXHZr84j8zo5IhqSNkzMT5mZI3fqmzO5CR+/NbELcQodeoh4R+Aat9Lujy46yqQHH/IN/dxfDLdkfYEK+Jtwk7nMJ1NV7sc/1jEvjzX9M1Z9E23V7S7jdo0ZP73nQZfDLufqWpsrVAj5URQPOJ7B6rh78V6PkP1Q5Rc3Odn0COWh//tRxT5zbU9zmCG/zeo6zF3I6G/9/fRAC2p3YhKs8mHpd9XuH8WqhuWkbu8RYzcfZoZudQWuaA/O+WK1ik/iPfTKQSlT4UnOoXTkxIYKGj3el31SvH+UNOzf0mQVZdle/ksTuHjE2LFAW7rboNqHOt0VMYFN9JwnzR9O+Ry5Hxp7Rfoyz9j1bFmmiC2AFX0OvEACDOKHfkchlU1/a5S/yq3kF9WuKcJIi2ffsO/imXwRgkCK8YHTaB5U7MATMAPbrG+g/2+G9SBSHExb9HdNi6Miz0ulzESWS6Nh4elp85YElb9gJwJSRo64UTFeM9f3omqWkmFZv8O597GV6xrZamCnukfBsagSbPADmFvo///yGJTkRr5GX7cnWb9PGdTBFx1Xc2wuDfd8dscrIkoNZ2UqZ/zTMbD7gbAZ7QQ8qy3uU52Dutc9DXB/cUmu6GiLnrZ7bvuIzGqh3teI/icjx81yYM39+50rjKnDH7y1jTdrWGqWoDdEpcAgxyTkKZXN6fh2HofPpOneiYpqAS7IaE/YCqgBD5S9zGMOepm38Up4A/pizkZKm86qrcsmrw2JyqdOAgwiyJqo0Dx6ijkK6v18aO+eafqjybjSGQPjyJ7+V2woPvO621QpVWvC0c1HZeJIEe4a+7BWLoNj69mQkkCWVYW/lchYu6roW4OWIPoGP/x9zYQXDlUWvq+gnW7bm3S3wKU43QWR2aaeAy+XqOCGeeM7VMbCa0Po/8Pj8IMVbiqPvjo11EF9IfZDLWBpnot95GHzuQLbm7txlKx8StZ6xiM/bswQ40Gfn1JH3k6IvUfSzgEvF/azzNfej6wPIF8aubqACB7oA+hdfmm46EI3YKMwvU616niwLllgQse7OkOw64k67I+aMUFgcV6r0ZS2GHHo8FOIkIlesOvEQXwZfT8a+Cuh1c7Pgrso9mZxe37emL0FwA55a3fhLgLhXX2Cl8EsukbycpsAKt3l/jhV17yt+tmXk72SpASRg+aU2Gnqwg1krSk+bwP/MpunPHilq6TgWwnyy33ssJ9vEKgpRr2n7OHO2S8UbX+IsGJaDq0ObDdmJjeRJYADxdsXbVxm4CLauJIZQm2bb+F/k9FAyZ27r9qtvAwG5IedtRZa9kA9dOQIeay0nIR4jR8UklFeCmdxu0pnmgGYS/rSYjorQ5vkgio46AKE8z4kl1S5r61M+MctW4I0uJdMvAmQbZ2bnNx74d9OnB+LMfgcHqCibkG2+FDVdn+ejd56UH/Nko+chVMgvaUgp6A/wgrihWPd8dLSzKh0lTvjMFL7yd5EHqKOYMsZPPIb8uFeXjyQ6g4b/7IT0RNeoXpaEcWJOI95JoEN29eYo+InuEsg2/78er6VvfC26Wlk+d1SrWORZ+q2RrXLRc3E+lVEWnuaka5LtKukQmcbXAbteIqz9kjLWkX6xdlKsrx4wnri6t11ZLShCtE5FYGi7TmVf8A4Qz0RYdSt+Vqjs4UPCyhfN6T2VL/rM8Ut9AVH4B53NqDe1fx8n8Tzhjei02PgT6b+SfXBoQnUuMAF0Il9gxxEInCthadtZ2m6V4Gn7cctTH/aKF8U6kh7OlJgs8YolGb5tNvGRHA+9DNDHEsiuYmmssqsWtGOXFZtFZkHk54bLaucAm+9aFXqd0mmZ+qC1wcjU5Z4TKk7gXNRpRSV12ssiqmPptBtxsn++jllaP2Qb16GRslBLQvH+aB5U8tW6nwX5ERen55JbvKPwKfmOKVrbVMzpDRnEMudBALVpX+ybsj8ahTsdK8HGK/Snw4otDKu0bGaR67ag/Ky9D5iLxHQp30OnX185hNh2tzzBtRl+GbQSHkbfGlMdUQlDx1fn321HK/JsJ+8PF/Fqbdow/odw/N+P9QcEgNpyqwHn8vcDh8A3WGyMq9+F0Mzc7NaRF1NElWkzT2WbObZGwL3jYlcZLezRczo1dmHxwgHwzhzwnJdoU3m/w11qy+5uwGv55tGU143PhPlkv8AoSoW+wJyqnoZITwLGXcXsg3iaWN4C/vwVMHeJXELRXVkgv7a23Kl9JMF7D1EUR08AIj6cboI2dur5OdE/B92lXrj/mhkqJ6d7ylra8n3pLbdppcmDtQW6bvLXSFxe9HH48ZfFL4jHNM5m0M3VpR49VP6Kjma6EzcjjwxyvaDKYNOMe48MWsa2xBxy2q3Yc95SBuwQt3tJq5uZ13716k3EoFzoDVJDhiR28RGzyEEZk5F28os/iarzuY9o3qLh5BZ24XszNdluPyxkB2WLR4LNIhFByLob+2UbH9E5p3V64X12YSPnEJF7HaHrEZaFxKHm2hnI/BJq0yp74xYwieLJ6LdbRJdJz9vLbMPZp0+q9OOyi/XLsxUaHoiO0hGG+OOhoP1/PqS7mJuJS8vf93mUL+8KJLgmSyz8SCWqf/WcI1n0XcrZZioJ9slEf7XA/VHroOuCiNr9OvnkIeGjUP8ioUdemnavQqSlWN/aSkt9tP9+N+A+ZemKS/i8gQ0+xo9vE+K/rLjGjbO6+Xx6fuYbB9H5+9jGBnJgqEyz/FPQ3eL5uy0s8YNwcC61idlqRMbmPktfeMRjwqLzoTi4gECkNeU+XQGfFEh8nv8enymEAhOrWvkHzab2bd220AsykqNDinlvMnGcE/4TXA4ScgPld9aofQ0bfRTm4uSiEilA9Tsp4WYjB2+qrjznU9wTzihy4q/ThDcZhXFUWQ0o+g3LTg7gZmjHj0wtXhusdCucYQGCHUKWcnV4Lop9iosIB0IhzBPDir8UC+WgfcGi61zw9cWS09VSQYcNRP+lchIlSiiPIACBot3IvpCSwhl8sac/QgQ/9VCxni3Ur9izJ114L/yfc/+aLV5QvuWcTi4/Xv1VO3eZtMShVnzMXeVekOAwgql/vjodbnz+u4SzRkkrR96a5jBjgft3nmyZsh5I9oslRSnfkPLy63G5uwEKUfgoRJ3iJrseEgpdRyGKIjmQRYMan/u13LxxqsMUSSuUxz4tiG3dq4lHw8WqttXDz9KWvVVwBM1UTmdeTc6XSWhyZ/IF5XBlEt2Ym+ksHvto9tPi1DXymtDV1VaBpRj13BxEFHmqzh1GuGg4iv5Ax1TYwPw5DY556TUU85lUwnnp01uLQtrN0HWLnIEAxPqJg6TVyVct3oOwsdqhsfMyNnHik1xYcGXz1RMN3QV2MRIX65buvDI7QnnOPtqfvPTQTYB4rJ6Y2YSodQAXR7mNlxY73aIy91dRXMSvlDV4ST+x3znF+kIPMl7R4zxMi/Gcwnz3BULtckkDOtHwFHcH25axpzi4GBF9k9AhZ6LcCrE/pXFWrMRLpDeuP09Zuv6j7euQQzVPipCnaiqdR62TYON/qoLrRzw14TUfCb7vc9sMlzisz5hBikHallg/PpUb6WBuUkduohiOZCFPbQtrKmwnZICIdpsNWsKoWwRn9xqHjF5JUMp++UZZWpn9jQ+h2k/xkpHA8OZr+PhtWsKDj/5SiRt/vecyxy/lLvf2NDJ5O3AAFVbOXW2pOAYjeOzAMcIyT1Jz5iPRfCE0Rs77VfRj7lMQoHhwCA5/DGNbVEnTlf+m5zLPCfse6hJj2e7JTi0l7sw0xNLGZsZ1xc9UvyzHe7okq20K+hFLDLJMUj/QQXi5Hf/KFsVxzXpagEdyinFfsjKsLVRQ4mEcb3LYQXpx7AiOAthyUsqq6J+xLhJm83ISD4i8yTuV6FKQ+GZ3kcABxdpIzqN0WRoGRhhOJ8PISHRkTIwiYh6OQD0YpPULgzzk4hPHvQZHtkf/QvgsoT9g8EG5kxiLL4pb1w17h0O9SC+D2uQDwVixva2VxNybm0nJ/1gNlpSDajVxHOp79UoqkcsTVX0QB8w78cRN5J3k8Zy54xnHHO1N2JTZQvD0J0aaJ+zTENKAH7LNKDm+euX3VMJE3ffw7bkb92PiG2nAVxZ8HQx9qZALkQ5kfTuAuRU8F06P5zkCQOTZAs3RYomfHOXW8lH9PO9Mnv+q9+8RKiffM8GMeXIH31tg/ukhal5WpMxxMJ50pclLNDzmokJLjrsVecpCzXczS5BLsXxLb47DIstcgw4u+KsoOSV8XFoC2ak11Q6wjxSW9DuOg1w5iA8o7czUOvLzUOihnjFPKte3kY85Ck3N8jBX94sKYmSptHg7XgLuQuUu94ech4fX2mjv2EEsdZVhxo9P3vfwAXeYMM26Yh/CNBnnola4gCNkros5p/vYR8SVq67Mx9LZpGXN1MtfEcbOmaRSFoz4osS2dwzcFPcl3AbMpSxJz++sCU7DM/zoDRO3p38KOU72CjkWr3yw+xH9T6lPS/guoLk3uXy6d6J8WmSRa/u49ZuuqdmTsfx3ET+S/IqV+lOEphrPunTLvIs+J4bB5Bi5Ci0Az2Wu27CCl+ZW/N2Ae3L4Nnyv4bHwI9kvTJT4Nsz0s+p1iHT4dRuWd+KpxK9y/0FAcvn72iPQiXh/rcfYO+Py7MF1FZfr1Ic2bBn6nW+RewU4Ubo3M2rPebL9VISNs2y2PGlDUIM4vr6ByJpTnJdSFhglL/I3nc5KUbfH3mwpXrdFib4m/slRb2CH9njatCwbiVsM5LMwp8R8Ub/rqghHrMNB++90uUxHsLyVVPeoZZ8rqcYkUJF3qlDHOrbnoq8GqT9G8DET3vPRi2NpFe8FLpMeECrvxQJ57p0+6zAd8OEN5b3tsy5IY4D5/ggOgYpEDwUSGWZnrPcocJFs/LbabpNdfUC2dwKjUW9m3DaMYwCc709lOGwegRVHq+wN6uWvyt66Tck0OWFC+Sv/Gf3vUf5Xkr+cJaozLlaY4nLebFJPvcPKz5hfuiJcEkyvkpZQ6Rovnjqo1J8m7AmV1eYg/KFh6aCONz/x5YMsr+xg+iukuQHfCwj2Dg+qyx0lr/kfa6QsQSX71kSaucHw5FmaeE0wjY0IH9KjqD92wCf1uXULWc3ihaZzxNFtGOvJ/BPW3b8oo9pl402mZfYZjn/Kx6eB2I07nCjXesjC1Lzlc1v5/sRRxQKhm8MFxR1tcaYWp20uzfV3PY91GA3IgkRPUxTHzROB0DAbgQ5TpDJEBwjc75Xd02IsyU+zTFXJTG5hEKdU1Xg7GN6QHycNN30c+ZmcmahOeqiLS/F9w7qSOgN0hHzPy91SS8qArP0em1+7VsZkvjoXyd4XzluaFzGSyiZEqetDn2TFdEwtTQ3QH7DWa4jvkf4bmrkKeF0XeLY10BVLvDQVPFnp3pdCgrYh7LP8J7RDpEnYmh3K/FRSGGKdkpfB1HYbCVvTZUFWRnt/WgacxT31xt2NvkH7XiybAeLFCA8f+SSbSqeiWDQ4AOMGWhw03dnWgG9BeLSfENhakwb4KOBNwMHdms+CRHcDxFl2W/ma6rHgSzrMh7sZhqMkkXQfV+45TRB4IsHj9gQwZmJJGYPj8P12w7ud+wsMaHhoSS7IQ1gimJumamlROser/VMEaj//hXK6UyQfLPy7jsPpuI4uqm1RFuliFpdb0hCJzSE9yVkakYSKUI8ovoD1KaG6EwtgyMdzZH9tPBWfsItrVyC1Ew+zg57MDyg9zUE3Pg3PkV9C8LW9cQlxNrLrqBBXjNIB0kPlQN3KxkRAOY8DjGLD+m9dNWM7u/DPaQyhkDI4cVUpym517Q6VR/PWc6t+ZL29iO6XLl4gVGBU9czXx3Jz2pmyk7cmRNejUMX2n3DGBN4A9v442zoGwsI4Zup0lKvXccbdK0Q/ep9PP7T4/k681uPSlYFK9ksZ21vTryKHXHYrVoD4W4RVo/Ed7qX6tISkwXiQSYMbRoSIwiPwPTQiIufdNchulElL4Orz/Q0STcr63zp9er68hqY7QqNArXMCsEabHl60O7PI6z0ouy+FlOto+4mQaxHwIaJHLQSoIV8dYDmZHLLWuUR8aiK6g9MhkRiqqnFa5V3ZQbbwB4hnvYFqewBoXonogY4ij/dzdQOSQ41nnZk8OzCvj97E70Q/BXY5DYf6fy2Ju32GjF9f/8r/BmhKZJxt0hxD86lAGrChrMgNxVCW5pdM96aieJmhRGAyppc4MxU1snXl5xxvhMoERgPSvVyGvq4gu6g6zGQ/iO1LtyjSxkU01kpMkdUwBdsspSGa3MqtdCXZE41dnK852Kbhf8rmE+bdo/2H2wXOc4pUDpMVYYY5Gy4YwRNuwYvdcsfpOcGasyTXgpLSeGh03F9sWkKgv82Tp+pWJN48XbP264anwpyyXy6vzdNlaRVe0adcs7aqG0/1NWvjXVL1+e6eY1ZFkcFzz4KSGrcy5ecpkJ9kNRYXSmU97A3Sx+EVDGjzYbgiAE6R2R5CZqbC8HU8XPN7ugCszalZXpvUxboQ+YOSatQKqaoI3QdcrmfBicPUIC/Xw66UgKnrgglfEr9wcoqx934W8DnNX6uPtVzHFhXPTpeep/Z+PFHkkBISwJFI3qDMNWPcJFThVJUUl8YQ/UVd5N/RT2tKNoKb+VBI2zEeqgXF6EbarBG+VWyJyKV1u2fD/wa6himQrDi2VhuGi/KD1+En2sored4+1S+fc5jS+0k3M2qa/bgqZ6FAkRhbJ/cXW2u9QPZNuf1noP8WieTXIvFQQikSwdlwacPVduGy2XAxx5fWNKX13P1XW0y46t2Ajmjp45N3tWA4/Vnljz1Bou6H1/LkZH1imjSgjg0vT2YEKu6GSD9hxsuT1zW3hYnxOugXDYGwsuVvuW9KcRwOMzoJPSJu6ft7EvOHh5ygn8BN/4jmJ3LH/hXmnR8/0DpTrpnhwabRhELaxeRyGCoolpcU6V1ou9iiLdrh5Z8tRhL9PnCS1a/ngip3tRgN3PKzDJaWYkywJg8y6J13wZQnw7qR/Xfosas6pq7ynPRQJT3wn550T+Wvda+8WFUUxEZyMOyiFB2E9xihZLi3i/7I8N0bNtsIFQlnIwbIxPD9L0MCb/DaJIDTE0B3sqt118JmmHUfy8kH7QujZlEjZxrJufUxSg/irlYxfOYgqe4GcHdPbws5GCpA7SjUhtmu4f1TREK9fq7KD7Zr5L0neGGaxCZU/zwt6AYGiLleroBObOwgrBi12TvgzidHrmF84e53A+goSjuhpDeSJ/C/F/4Rb4jkA4Y+4RVNBJ483vmu2aFDpAkJfHk550sDrgNIQFjlgPGLlSTwNN25qARfHuIJueYjA/rZcMg3Ea8IXKAooDNWADrRZohccHeixL6AA4k/qjXIeaW09SzXOwMzSmFJbIV5Xud5wbkggXF3kyWqK609rQabvGJzWamyyAeBiH6EqDMIG4fgJ9nzcZ2Ri8s3TAiPY6GBq0WD4jAxTs/yu5TYzBg85MrqKJaaTctusL/9rssU1fVgNEcd6fLBJCUOHd9Z30HzEXT5Iw/FS+eDc/pggtNhdAzH5aXvLzXrnrxLBPN8NBbKnesGKp8wOu3gipTIiFraGzZcjJGmpS5eKZP/BOTdAJyM/1Qc9Bwz7jWMUTMg/d8E0jO2hi2pKUtCYj76qNPUNeuZZ2MwIvdmcaYXnOIDJZasVcAHS1vWumYZGQp/7JKPliu0KAQJHMPx4vke+tEx3HlVB54g2/D6FG3cAtdG2nQjBFApgWiZRpFOpFq7kiJylzVB9t4o+YDsYYOhqviOP3e0f7PlyNMctSQKVRPOe+n+dm2xN0leBNp1Kw2jI0jndpvV1CpR9Cf32DQZDQgKfI4HddVsXj7X3ZJTbji/n3VCCQd7nG5Gp6q68YZ3KjqvtpweP8tGBZ3bnw+1g0ng9Hnapdr2re2Qz5jE/PW3dP9DStIGXMGw9pJnLpxFIRmL8We1bTTt4iHSpIDxRdQt/147PGXIv8DT69fmD0p3A37IN4/6/2h0E3aWZQ7A9zIqp/G/v+UGgWE1rv6l3Y9BfOWjZs/o/VSOiC21iaK/1sTsL5C7BPlAFujQNOGQ+zf5KF+XeIUeLwY2y35T5z3/MMSSr25au/sdwXeoUmxBm7qmfFe8j8Z0RJcnLU5E3r2tnJ1XUjuRWuorZF/I9BSnA7ULPRcqHqQ+BiutP51Q+6gUaxiXhchg/80Bxgw3fBBzKyNSyKX5taTAB6y8cdcrHDuTyzePSbTW5T1PBortPlJD4fniMhMhongZroOElFqwkYtPjLzKOT1mHWeZ510gqcmK9L/DPvHIqDfKP5WR7fc/zpxOWN8STeMaPYRdZW8QtQzwRXk5IEjwqL68gyfKYZlRHB0hJgCfdRjnNLuEEGnVaz3LEdTrcC2VQ/yLDE9MKQcuAv0lRoG/lxV+qt9X+ky9zQx5EdYRo0N5PhRGrgQcSgIRGTlTdj1J9UoO/0kzpIcyg5o/tIjLBflgEqKoTe16Xzh3B/BGvlAHVe4Lec5FybvGA2+dpmQY7Hcrpts5H/959VhPl8SVf42CYkKGYteMG239HhqrQmDQ/MTKC9cWq3y5oDefh+rolnXwiH+UAfmADdSI+BC9ryN7GU5iP9wlUhGbOMkA8NY2Fe9TlZjJB3l/1vIerDxUtBr4CMRcO4WgiFpKJ1d/S5t/yrHHhkSR/oZVif0cDgA5QFCGKR3BGNN9PIgx1HiN9C24ECNE1H2TwPBm96L4BDdpQApF6YqLKiB5Bv8Fr0iv86qJNd1/qtMXsUdMZCQaCOAxehEkHFfx1OERLPwnAuUVuuBQZcK48pNPcp71mULomJ74vhkUQttq/Y0PjJFTBwJdWHpJ5gaBUjCcWaTxnlVh7ZecEmc9IJjkpK2ytxARJSn/2QlXqVpI9f5jqMu6pSglhEJNuvn3Ovu7TrhXWq6LVbTsp0JIbk7KUiYio/m9CpObjZCIyyp6sLNfz/VRgoCwHL4nwCx3ryizXD8snOUj0hoo7ARXFMgwmqojnboHn1NPKZwk8AynOI5XRmEM93iXFZr7CD7lkf7TIMGOkp/QYcJEPLWGhYKFAgazJjLy1bhOOQO8do+j/pEwRvGYnMiO9DFiw7L8OZGNDF67C7FYelzDLURkN9N9FU4kMa92oLl7h/L4I5ox/GWEKkQRS/8Qb4oz0d9pEJr1GBvkmjqDd/yY5+Lp0msGKJa+6yetJgjL8F0XiVtUzGAAQINERzqJf95S/1TLBfYesmaq+KMRuW41KouYVwYX8tEffgwOcn/AwfdlVdAbowNGPj8YvHO/4955qA6KgnttlxQq94rUtZusmVB3j53JFK1NnobrIae31Odl3pMu2dOEpdFYHFjrCG7aptdCPpvC2l6bktNtditGC1/6+0sMA/4/Q6r3EZ71KfGim0/DUr/m4/5QWPVqvWaGwEf1cbjt40xyGk2xX4HRtGTsgiWQDzqmDQpuoTbdirUyUrClN1ADorTzMN2LUj7Gy15d97aueBPIq4577U+B7l0BJW64PgZlUw3lT3WvOJqXfi+JEhAUwD50ImQ5n8TcV4+4cRdbAYC1fckaCAwCfUUeyyC/g+AuZw5LgWSm7YsFegbtj5nqeWPWI5KUL/hNPDyadSCi4M18RLrXr6oUdb25AjZTnK1aW/V+53DVzWLFTDoSGle2+Tc34/95QsV9DZe+iXBqBQsF299wTdNSb1zjFXs99PvlbyAu+6X3WkL38iapjlH8uiZ51xsWf0/C9f/GaxiPF2yLLfvsJuyL6Ce03DOysFw0vznNQAwIKRPEABAAWGBkOOvdjnv3iSUV7BiWPqc565l6rDWI4b6DnO+lEV/ul/0OwaK1QyoblOPh52i7p+l6JOLrzvP0o4nRCbRkI0czjxX2AK7mXC8fa3AvWBLIiAl54wSVmm+r36/n/Wi3+u1oJklbGfgzBEBxMozPGiLIDZX5XBQv0eW4EHDdQvabrpr5Ghy+DkdN8iQaZZYAFfYGAwkknMPf9WbWDtPwtjF354hCVo4UE68udvw8F95+YgxwEhAhdPCI/B9sYIQ/pVPP0aRQR/IAUqinL0Voqi9dqrMvXbDzpO8m8ur8x4ec7rTmlOfW6BSX5/boFCHb9RSR34q58lxaJWHX3cHfsGTQsOyZPPOW+y09u6Inv4nhqr7p0viGOmn83rdJU2Ka+6kx0TAMNLXhXTc28IOecI8VL04ewEa2pF7CkrAn+r+zVX29d7CXSQJHzHrA/J94hktn4yHM0PAxEIU7iTzIAUFk3dAKpw4MnGqsSOUg8smkmz5h6JbT8FbFPU2o23geIhcEXQ5Q3fvZkXRakY9gii05by+4u/WnU1243drEDDrxQYxvJJHv9GMw2v2By6qldTLSbUHuL+YDN/T+XwDxNO0kcmDHjx5wIdVpAQes7QYvdA0qUte8SlnZnSP2NmugofV40BT1R3EJjliWA/dmuWoyQWW4IfcLIDbJQOGTahwUUMPmxN8VLV2TRE8gIqGQLfSPCk++GVCD8d2i6+nFW3dM9gBy7UOEUlUfDRCl5zjbkGw70eD9Z5le9ylsYSVRoZnnc4H5Hr6k6XzSCMgNbV9taZrtJSdeZ/K27tSs4x9G2R4NBiK60xO7kpX22uiEdook/KfuBQ74TwOXEBl+UeuLjZ1nFuvTjylfP5SxDPYNDXUlQWgQjf3iP2pSYYQBGuTI2ltN27LxfG+vF4fyis4E+zhz4JVDGW7oq5bJ6WpS4KlN49OURK/kP9qml8e51BcqkF/tLH4jY7RXvacmOhKZGgLsvbIZJM80b0gPBvu4iZeVPgqhGlFC0yy/5/aDlJLQ2oWa1+7eiFp9IQ2sl6ttfePayfmngE/KW1QbKAHH9SzraELbBWkOHlBVHXMp5g5s4q02s07g3z3Y9kZP7z85Pg0PAC1B9Savflby7v5Dwem531Zy9TMJ3UplXA4FCTxGPdQ8r969EupnOz/HE69QyzuyPbxGqel3IrErSu5kCvWoI8ULFoL2wNlZx/vkyj3aEkSvsNdIVtYnUL8D9HIBxut0kFz2Oy9wrc7bZDWNjUdefip7xNPyZM73WBbD+Z6k6sqzyhQamMc4qdxlTXXh4kTKOXNj45o2JxlpwG7DiwViyzYYBF8L7ZDR/Mt8EM/X84rx5NRTFP3RUDAqBchzIrudDeQIEpU7aHcuwou/Jg6Tt3oPPDmywvLaSX48sVhzM//TzuE/PqIDuzE4DRQXMI83BR27OmOp3ua/UIaNAA7+tAHpxfbnh4p/jO/qzvIjdDtXMk8hnwpOx7Gc6SesS5rQjpab9eu2vBVLMng5fY8zFgzqOTV+tP3p52T+f8mcArTFP0rpx47XMmd2rITBamCb7/dl+nZY9elx1X5/y1zVQKXDyA9ujzZScNNzQoc1qQQ7BdJAabFCQWYLW9VWSVChzaIingbQphZ4GoCo8FjAAPGtexMmA3v1Ccv/De/0f8EryDyvtku56X9nTAOpgKVYuL/urxzKSMZCDAXlBkaEkkOjymJvgoNgSVYhwNYX2qBNhjYq2QyfZOcftrxL2lCMVSSwbKmFJtXlJ/z+VdxpPlv9MjeK04cMg50pPNca+QLyphzRJTPAPQNXogwlhuRsaYwfyjNxZEMIicj3QzmK49qIY405w8mAGICr1TJFc6ZjEtyo7QtbDm8FzkuHe6lZHbVEJi/UwoAn4vhAPZvHIchIbI58PJC+JQkk0Cv0u5iOdaV/BZpwSDS9gBLqCsAzQSIdwdGiOijiPXRuFZ51uKjO1SH+uZiraLWuuELm+eaEhUhe0T/xBIEsswKeKATuj+YRE2VfHlSnbns28tBYr3m22guaFnxKdzg++U7ppHz6emJpnSTAxdDKv300xcfHSS/ZmxCvOodrew9hbIxGPLYHgPipa9ALmtLfCxEt/4Xvdk8vdaqOmE/M1mv9ipXiOBobjoj8pJvl58nCWwFjMQJFgCzWUR8d9lXZ2BKXt62KFl6hSxSKsSBhLJ11u9m3EtkD6yHKwBhFVkZQdwCpXxB1o0tz7DeQ+Mmxg3nheQofD7FAKDq36HR8rUehQEAoDxHkWjh4/7jpNjVtgpPVvRQGqhFL59em7s85QuKk+SgwWXFfP4NRx3nROwrQDvHdkUwxkg+Y10gbijtPhBtC/7BEv2mhBZ8/2tfh/CMI56cGkpFAR5jVuF3c2l5zFiIQ6wXpurXCl6to/d3Wq52rFlySStA1+rcJaNA836ZUWoqWkQVbE9CxX5aW00aA5Nn/nOlJRxT8hNsNnn306EirgfTFbLWznr6nC8aOrgvDvTshU9kHkCGeRdeT599Af9MJqfejQg9ZNo3+jbvjEwa/BxHMBabbgHG6mO0HFUf0a2jbiThA/N418nFjwwohzQ140264ZmztS/4JWOVKUgO9JhPp5mBO2nvm7WX767+ocWwTL6jRzMQCAGzkg07an7pIBTyFKKsFUUuV7d5/WLBT7ww9HRdSPxiiatVzzs8SOBhcUDQ9GDFfZCaWAe/fWfwVFrU3bKRt6hwZyx8NE+2oHm0hWn+K5I6blyO6L+Z+j/B5gz/hXXA7yeP223IGJ3Gm3tq6J/LfvsvnIlQ90L+yvE8c2I/hewmI84dxN3+qnww5s8QDWYs223L5JJxXHyzWxz7m3WvQzvAiC6pdRPTuINTS/SVaADWUTPpXd2j2QjjmRxO8Ur3NJx+OhdYk/xof/x+QdlisW4bMM71yzzh7gKZf5q4A247aiXivP0/ULxmUJF0jj7afqvDoS1ljGw9Bqv7w+Dvd48bHc59T/IJs61bzjnh0RJmlLUzbF+VtsX2BoNO9D71FIEuPr+TnrqZBUr51jJ7jvCtLG4u1ceVelKQHzkxVt+5jP2JeCpU0zuUiOu3JcqnWXycrmr9+Qk73Ny1pwWL+sEBTBvJkTBY3nG5TG9wgtDbZcaKrcgj+cL8JXNJInHfn4+UBMeG2yOX8qBbrCO5F5svvTmRDEbKPpc7l5IzkT9uc31Lpaha5fFJkeGUQhNylLx/5Cf7DVW1eZsuLoiex2P/zDUR8mWmyt7ueZKvECA3lNDVPztjPV3YgkkIdK+0OJSXc9NtPSVznQog84H362svyEKCq5i0kZqAWT6WhfGviASe9TxozbJ8SR5jgESXPaTiO190n7+6ssEgUuQyi2ZpKS5DIwHV42X4y+CtklX38V+fNz9T0PCgGM9593NEMPpLC69W7nZ8u5a3iHVVdmCl4l0mVmht3fgoMFVeLZetzCUmg6Uiq3wzqx/znpjv44Tp6WbXxQ2F25a282wUlTdHqNhmNh240aX4Okm9Wxkz9XDfcp7RbcxvRwxHGRzNc21/i+f+YDdKiQofXEtdp1v5WNiMjP6q0KY6PDB3roaeHyipW+1DPeqE3pjyZBT1fBIoE59/aqhozkX5nPJve46u5SS7GLdC1UVz3jIvkKLaTyVORyRXScnSQmO7JKM6dMPj5dD7ftthV18hdVbLvTZFBrToIIsJEk2VhKy2gUSjW2bAPy9JO9zs4gDUuF5j6MUWt/a2YvKfPL892olda+Jou6R4ZWS4Ez7TcuWqtdJxDzRNag6rveEfxeaGpNWyJEvSdP7eRB6iLYb08fzXftE3jM/xSZDih8aTYwcSH/LXu0rmtumOGBRKcfXIzmvn8JVE6s5F85ThtAan9Lvk7NtAmFTD8V2GM8SOcpoPBSLviyQedO/Vka3+6EbXzgekJDaxnw+/D14dZu0sYloJ1H5oHZeAKUDYLiMdA+/fRvzKrrp442y+GsRFTrXxzI0TRH1j/9VHNCBRZxkL4kpMXiGmn+Ul2g0LDWsjvZAjdmplmI4Q3ceaCYaXDcbLeg2sftZRrtYHgoDc0t4BBepghSPNL95FueJnLS0Wy9lWjxqfiV29QW2iSmlbNJEtFZqNe+nB/3/7gxFoE+IL7jGjFZmKEeq1u+LarUH8nJF13el5LPdSi0OKfXMUeNaFCs33NhpTvoZ1n/wlN7US5Va3zImdNoqn3yMFWI4LebVe6uu1exJiN+Xe5Zgx1ZFy2iipkQacg7mkmM+qlo4gf/VjFE2BTQkhQhmkCIcHR3kCTk+ddIGWAIGRpRrN+NMW2ppirJP5BaQKPYR1ZBM+yuMfm/KihJ2P1+NeI9weC77xZY4QJqgWKBY2sDW1tYA1g7J/f2591TQsmym6RAzKtkD4upCbtAuQMbjUWng0awlNuVJ5nfbKyOn/U49i1v+uFh1eQ1FTd+uaFffY6cfgsKlnQqq58oJ7ZIqSSfrtikax4KoSe/aMy5kSkhNKJfvGaP6jUixqIgZBj4NFuFqI2Jx02GpXBz2JrlPhIon6raqZjC7XB64AXAFYHXdrZJ9O8S0IgVxNhNfKA65UcvntutfR+32diR+rmHUxga/GNGXreoCfKeYbPJ4i8VxCaYphGhIoetNpm9Y0cHCsACz2tCH9RYoR+ZK7La/5AETSSAxxVVFf5oAvF3N57neFz/Dix5hOOLXE97ibYnKKDIfLzHVPM/swv0z3WHFxw0Xm8oev3okqNwmIZMoJMVLN5IdViUGvX+tI3mpdtFCUCUDmfcwKKTMTb3/IcJeu/x/SKdOW/StYltQVdRr777f0y53SccjOFT4yiY1wn0adtsSfz9Pp06BIXeOR1JA6tfjF6qTcJuN4zY8fn00d/Q8YT6mGe+nEP49qPkNSN5+NSNLWO+636xr8s2KcLB5OG/3O3+LB/LfIXeLHKfE3oQ/Du/FMq0e1VtplYOHn+1wFFzVdE00pxOXX66ZbT49/wXrLYeEr4kasBnmO+SzdDt4NpZgKIx7axU38s6ms5sxiff2maehx4V+uZ/5TcbRlme0IHC2OrGxOjKetAGxojSB69x17RiATGzH6qquhsN01kb7ewvucLW7QHBVx2wiaib6ZPtoRcRxOs+knjs/mTp8Mc85N0Mej2npfGr3ZEsi8OEg3fRbk/e69Xv5Cck4a+tb+TCOD9vDLXgK+HwgErXyl1ycZ8xvPzHr7thju80b+qR8RvKbzslzpa3R6fqMg2dv4NcaDB0QFV5uqesOEzeGy0KJ5vfnofnxjfYP01HjqEhNteGS+IjI4/OpGfOKkZyR4Mub6UaTwdv0++oiGw9BURPeOYd1NX86TFy45usQSEGqfAZeqSHugoVsZn0Jpj4S8jclEuQy7zOV4YLUbH8D0NLTGZK36Tg880fugYfqvg7OYrJQPdLiStBUd2XAwjo0wPyUs+jQedJK7SJg+kUfQR59aUGEr+JV0e9BqXgpBMo4gi6PgJzYF85GemVDmxoScKlsZ2vcEp+coRZKYGOLjY/Sw6M2h7HjXP5d6JhdIVe+F4dDO5Sj4rvvMcqDb3yaP6EvGiQZjC2XUr3JZ9WqXCzu4/80ov/d+ZULxXxolcUkB4f+smSjCxeXI0rYXQGVrJevyAcPtP06XH75yBX1bd79Z+/3h3Z+w9yIF/dPceDKa/TWSU2UWzNk23H2SBOKwn3cNWKdWyxnAQVJeVCBq5Gtq6gHE9sf5np/SOddAz4Opy7wKX5FVwhumGw0OPwCnzctUC5IcU9syn7a+1vyk1Vwoxt99JfOT+pHEOLxuL9Ys1vAvozq5pwBYGgZ1OWBUfoS5mMqg4RzeR7YESNpF0MLiF1bTRp2VbW5YSbO2y1SmaDb86PsBo0xKjh8prUi+LxRLCZ6+gf2/eCswAKbQW6Fool8gpOvYXJIZf0S52vgCCMoMEiIG9FIgiNCL5tt/ByKdA1DlUJFpT8kTbdO+nelk+IsrouDVHu2FHAVUxjmWjzsRoQO2WZHPq2nJvFTlpcoujtU1XZBvQEJF75s82BoQezMbkFn8Ni4OHsaV84RgQJSKT4iT+gBsZLzBnLmVrC+FUk6QBcFS5HDvEU6W6PDU5+NAlyxXz3UIlQ69dS5amy5NNigfm458LEujOPI/xooyypjTXzkDZvF0BbJyZWeZ8jqpKA4v7EG4/vssxQQmg2Ttln5dJ6Kuy4JGYPdwsMzzsWs5TFfRM1+IX+UcTSok3oVP8NOaTFdYOjVHC7hSAH12rZ9setoUoA2GtyrrXzPP9SLEe1XTxoklv4VsWU8JFxnvLkLapUnzkJ/QANTLxht0m3ieP6AwMQwDf5JvTdEcf8tYWCU0AjzEvmzEqXmp3gd7VFvB86OH2mvDsh9ZCziQOpce2P+PjrSmd7Elfrn3UiauKn3XEJ6AzpdPK55XyxvQVk7cd0fQ7Pofri+MHYqncpdIS1ecuPbXXrYIPdd6NrXYT1odgo7cDfBXq2qmNn6dOfL+YTNmxhYx2JT97QDTMOj9Z97kb051cET8buIS0DKNdvufUebZWqiHDHawcGiqZX/YyZzhC4sl25iYuEbjIz9cgTzTLKjb/9NWu7OAT0Ovjq3hTBqWOJWntmyZZcrDxVddQCyWuS04omZzQEqfDI4tlWWVQVJkyTb9IRQHKUzX0OIPkXebN2w9kb6j5rwU9z5YnusUZxD8qT/HYposz1X8l6K8Q3ni7SIIY5D6mU7RwBx4b9ebGUz7n4+GnQGFj2l8VS5jm6MEVyIOIJrs2axrjuaj1Ida2XBTOplicGI0dQsotH+TnKtjOeeD8lhByZn+PIEv4CB2gFJauI7SQbpLijW6u98StFf800xlcvZaXrUbDxIoI5840t1f96IvDrY1+JoiPmi+v7BMKJ0619PX3A8tZXftBfKZA2JLm0XLTnAsVKnUedbbtqx5iv02t72VW3UFXUG9fNTtZVH5osKbabPXeavSvySqlSgVQV+sAn/Jn/ynfjMYZjykHY4wbh3r6JurCo/BsfcNxGm/ZMe97c+tscWJWaWuHG1P1rwqfdN8MqADUHJT1++9m+F2ubdcegY6wnBl1JFQcNRmwy65K+6l+dz07zeqFW/Q1W9VTo+5rw49GIsxsVT28yimdvGfsRsJTwct8POe2ikczyojeBGGlx35B68vJ1ATVqFF/BPikbcbvKnA7tWyuznmx42Ts8v3QdngPb33hBsZ0qo671nLmRjfb5Kh/PvM7tnmHaXu26ileCV334hfl2X5zNS24nkcNrzAnxA+dGx1SOZY92r/TJC6lfE6yDAg89QLtZcGtMnxngQO1ZZe1vXNkd3hrpPcZTNw/6xiVmJzVeNhPUYvutUxv1SLpSwLJJVqkLnpdSYgvqyQOc9mMENv1J0fGEe3CxZijuat5hVkoot5svE/ncnu6XNHTc6Kdpu3SLEc7fWoBWZjBS4gvmA2LmVNMoulMqGbWtBXM88PL9d/Zau5pF2QDDUfj71bSZm5tlCTyeoHqiwzzZI32CdP9e+Cc/+s9jJaHQeCuJPKNNpa2bPKdeebw0nAmEvsY2wcIYyO5k1wyntrBiLNQtYM8xtEcxDwX8JzSbml4WjtDoOHleW4r7U9g2vmHsi4E7flDrnRUx5/EdNER8pXsE5fLtq5OzyyQfZE85+sNIpAGZ/MSReWqkL5BB8BjRH4giSq7JIKb32149n7744zNJfYEhvyN+ljL5ZZE0RFdMuTnm8AJa/kv/xcjbx4OBf++Dd+kKCEkZZtkK0IlxGASpRLqliVrqFT2bcY2M8paYiyJsiWVsu9jDDOyjX1JjGXG2McyZjAYhhkv9/f3e57f8b7P/Rzvf/OH4xjzOT6f8zrP67rOs8XK76vFRfWTS+jVICf8dhRmPfESt3br7dO5zE+IxXmdGqPR3+ymlUmTT+d1Opz2DvNEAB7jRTmQePah8DMP/WPL6B7PfrvLEg4aQUeyg298L4j7P4+BArrZZf+dBcBh8DnxYCwbhSplHTnur4pde2kXyt4mQ8y/33uDWx5DQvZgGy3zvAjrj0Z5OUdrBnRf+S5WYulpL5btpcTopWifYRNqXjYsX6O9B7g8b6q7LatJCo1MLMs3+eTkPlCb4jby5WZUNSz6gDbdbahfrS3Yfxru9sqXplsRkP2r8ypkn0kJw4pYGzsMN1WUhodYFiUjLY1v7cZZvv3XXaim9qzLX5Nw7Q/RjwSllkgAUw5dr3jWTUg0kqBuLier3CEMfcoXQLpzEQTGYQNVbqkqr/IX7/3uv3oq6b4YF4FpfQi2s6wJWf2WejOi3s4qjWYJoQOrAHBKWXHA0vq4233SUNiMRdutBt3HeyzCxICZifaQ70PFXmzQqzBbQC95j81wgUy2pNaY6bGukmW+FCmQpAKvw5HZe4JPPjn3zubPwxbbI4HL1UaVanWFxhfLasSDieqwgdKUrx2jmJ3xHc8+QSN0NnxbrrpCA7QxfBpJudLZrB1wdxZVtG2drsf54oT3gANy6zI9AE86kdiVZ5adJfx1Y8geDx/3cV4EHakMUCLLndc6BLq/4jaBgTnvV/BBgPfhm9ciT94GCPanYHgKvS9one602mfRwTVRa+F5P0LzZTDn9Oavzct03LSzBgC1t698KFkMsnivIGFsFHsij5lfdCrkdGedgSOFRysmB7PWfwXrTYku4xcXarV4/nIVmzR47qrguetNp7jl35gGnJapTLAKWDUAbTwVvvay/XDa1mTT6fT9Ol98IZMyfGI9wS3A6fS0jHSeyl9QSu3nrZ8YlQ/OarbO6iBSXMTlL8xzZ5Y4vpweVMhbLGhJxR5JXTFrfPBPJ3OLAww94b2UfvJ/KUKfzWpeT05+8X+Rf3FiHDITQ3uzs7yNnukeKcNF5O08KUjIxoimz1h3erQDrXrUmf5afriPi/AmOW+LPuXS7j/z3dZz/2i9XcbbUx8Fv4Cs3hS9Nnr164sBeZgoYXvgdiakZ4Xe6Ss/4dsYOjLsUuJABQFYmj5scrZa88ZCFeSGa/ja9YO7OLp0fGZM2EyvpX7t5SxC9uWNkNhuTYjBkexJCM4keveFm8mg0v5Lyk97/0X+4M/dGr7eSSboRx/3dYRuWDgkFFf0jFI/we0XbL5uhUvYHkpKbeSp+YZ0g6wdmwXd3dnuUhmKZhIt8piZMvRENmszFmadjPDyCKWg7ESqlrwk5lRQu28jJivNTf0PcUsk9M2KES6HRgCXKHShOWnXLOomqUTx474uOpo290Z//+pfxRdp+c3V/DLoASNAq08c8K6JN0+BNQXq+5XLmoWCtvGt7UNFo5+HvC/DuAkOGCYXfD5SwFSG0+rSbmk8xr9y5ZiBI+jd8v+w5yAuo04PnJtXt3QMDvVvcJJ1wGyd7ZBJf/mzxSjj9iDeenUr36xArKO7rnzVTCQc/gz6cj70IcIn01C4yFhodmIm7YD6X1bmDjax0yh5a/pwxtxUDMBviDp8RNt9RuFWEFRzqD3eRG9YMO6pQZ7dn6lXUQJajdtTuVpOVu9orX6yCqIiIObW9fJviASE9RvmJ16fP1b8gzjHjX4n1y4F/UxdDkjEP60nWBjx/v4BgLGDC7DddldqRqzKwKWXHqIELgmNf1nsEVPnvNVQtNcZMlCERNFV62RV6kbzC2ouCxCWeiR849FuhrNes5BVYI0DdHa2zFEvM0r2v6mhcvaLoQ5yDzoKrVRSqy3YuSyK3rblH2CzcQAqvReEAJ+Karvw6gRjPq3/5/Ln0WoTN3ydFgCl8e6gBQHkEOUC0fHe0fa1Cg0E7/ANYhvQy3j+Cnet5LKrY+gkZmvKmIECPevJWGCvIjY9V+Mlic/SPSmWdk6RXaV1rftY6OuF2agOv8ek92Jr3ggr1JpmfvBWKtqnpn6op6k+yrbVXUpW883FeNW69fKdNlpXqwoEbrY3pkz2csNMHes0QgXZ4WepAV7snaLzjAgahg68tUcZRTq2KZdtTT2IU0YOXxytV88wk4Z6Enf3iUzNKow8BYB6ghVtnVCzBLGCklMbKQXDXIRK/BkpI5wU/IujkUP/BcPlUbei2aEV5AVan9NleI+wzp1dGcYvboB86JC9qyRkegMv798iMWyTbFihd7QGvoVP7dXba4Syvznahu7s0OCGvXk3TzkMF2HHa/t/KQe7Jd1JlkczQFtnJ6vnxNyeEKuQxbI5Z2BGweCTe8x0L0LEURIapMBe0AbPnyiKdmPi1rTdSlLSjHIOZR2iwVey57cv+fxuno9W6VTFZthClquEyebuBw/1ryVWWDg/eI+1NX1aaGgyE0y4bEMKtA9i1DMIar16omML7piR79TsVPtPfSIhj92uy335dq9BeW4ncZQa1hnyGQDfLRO6RFoqHXb2PLzH5gya7oYDh3juVMx12yP5NPtKWz9IGgeBTnbIi0OUtnSNR3vJtN2dbBZTIGYc+aJ4eZd0GL1cXWALQz3NZTj0Yre+7JyfjnbESfn55wPHxvweWeV+0V34M0CsZ4DS7mPWdtXeMJKPurRO0LB7YKIGaXTVRnmhH6rJ6DVW+X3J021nlDk0RnuIkml8y6aFHQiEHvs2Nx0gIwqCffQk8Sahg63SItTzhtHnCNsI8K983q/DDEnF6mp00FEdpKYSzGbt37eW19j1wbh4SWdJty4gW305VhXrO90aR6d5jO5oZ7JCIqqIx9jq9SqNhEduW8AIrLhN1UsR+wE5IMR3zL3KYqr+Rk7A2T90KVdKzSpbt4cru8D+KqlYqcTuKX7GWfig5qlgp+5qOj+Zdb3xuOIXcwnlKe5xktWH2EgFckYCp9eQ1BWgF8L7/MnOUJYHsUP0ZxSDzkXQg52a3v2lXN2sO3Pois+FyWO+DWrN8Q4ZhqQANdYvgMb/9q+ZRNi1av/Qh0VgFl0ElgrMpAwzjHffW2lQ5tvlfrVa+7XG/9ADMyW2fmTRWrfaRDN9f5rVeX8t2XYxKr0glb7oomR9/v/mXfM58K515uU6QUHvDNVXBw8Z+GwJG7HvgUJTBP4xrxm/W2uLB/nkhwNuHNeb72/PlshXTbe6CZPO2vJj8wSH9vtcb1iecQw1Gpo10MnOfWD8n3IYsgy69Mr104ytSLm9d2RE1f9ZzzTURYft0+G9T7TfUDMzypasSmjHGxza4IjUaaj+YAiWXZal+nMcxpp9HZPLd6ch88qy6t5TvexeUUcYc0EBD+2tF3ryykBAap5/HgsXEZJGpu4z8wrCcJnL9BsJn+HPbZqWJ8uaRL/Q80KXFha/i++r3dM8NRlLUenukzDmNnmrcvvLVpVodizuY2ZeVtBQZtCQ1pux3mfMSw4vf6pQu8zNwLYeqJsafiKSM++dkIS5qHH/imnjDTvOVc+Dlr5rFvju+qyvCmgBvj2Lf55X0s/uNG9zQH0NWBqK33DCYur9UA/7DXZRZAw3QRlJlEpMKLjWZXH99PxYCEBzpeHQ2qeKtXeSwB77oO4q6qSRlDFlShlofYmUi9AhKNc0cAoGPc7GsJ7Ej/YziJKCI0IdOtwvitXuTX50zQ5QCDkXE+HmvfkovELv2fDHt7Y20ehFYjD9EpL5suBC3Y+iIvU715bCw3hHNiPMTRE8+PbF9n5O3kq/aEnfUix0m12sfY46RsMsbS5WeZ3bYqONaqrwNmo5Lvdtk/pm2pOJJshxalTIWqsXluUgV3KSMLTz+RATePtuZNuSV91CcR1zdB6VqRxPZl02kpxsd6s/d/GtSYNJCF/N3itu4mFRe4lsMdAUiuloVTNoaa8+1O8UTRE21ZZj5kQft7JfNUOWKUh/l6s+8vCcbT4XwRkL+MnHkQogrYPmT3C/MvuNMleAMFaAzlNEQZwEWQpKOfoxd3OWnA3OXCPo+3Qug/1JMNttvZBBi9raaECdaqJqtv4+JA30XBvQ3f4zsPrQco0Lp6SKJZS5fI0gygdla3YBkrbn0nvjzrDC3LB9N/4Wqaoi+wr1cBwSCNhHq78LZwLWw5Gk8/Nejx1oN26cA72bNgr8+Hc6fkg8mkhRqb26nTusrEnqIgYSB9lGaV8mr1m1ue16hlBSaqaNtprGogHQi/kMFgP0xBQkVlI59Zb6o4kbdTBmK7DveDHwHWUxZGfV9EOXRqn4wtgrFGjyxAwSL63L44I/XchqIFevQ6a0WrHZZFxjJA9N2HMlrX63oyAea1zeHkqv8tUFk7olYfPSnqstwGd+7fnhlV0ZNInLV8ikZ7ZbgOYMn9F2z5GnH974nkwPS5+r3ehGkmrrQzZ8Co2TzM202jcILgJ8ueBCBWNA0HpZ1vCufSENScKwaSUyUz5lwGpPEfH+9bVtsircPXRaQBc1ee6tzG0n3Yb/aeM0tN5dFcYKUaUbucXmzwgbx8bX8WhHBMq6zwJaXfAZbTezQ2MWO4001hqij9N/YhYFEfyAkZNGsJYdT0oe84+FlP+6mse7diuF/ubF983cbkkz/U8GeyXMhSWjmdpaHIbuGr/iS9oK3rULDhlF26PUv0udq2dWNvvNv85tMsMsJsfy5jG1uZ0Fd1f6C6pat4xnOq2D+hNTmU4XwYawPzKiRkpw/zXVUBmoW9KhVyuHKJVHaxi611qJmszJ5nuL4WHp+9TpV17GBFy60tlZ5d8o1PFXrf+AEuNTuczgJlChXUVVl/F+OtYH/HPEe0D5CzHtaoGxqjYJPvnboElsbJ9AsS/7+PaojrzMCOTjd82EFofM9Bu5lGCgwejpXepDFNffDXpQZuvMLcx1eDPttW26/V2/wYQs1fOiNmH1/GK3GntVxXk5INhD/Gsz3/HO17fPsSsQ4yU33NOv+SSJ+45ve64btPc+nG6QkPS801n0okD4djmUATo7Kpivje1r9XxJsbEnmqK9sPRiYIMwX6N9SaPECHPMsyIFPdNIl7nhpoH2D/0II7zJq8Flh97NF7O9/VSTGFhk+4dWZ5EcujIJJ3Bk/aHjsuFDM2LLnzf6WBBg26EW2YnvqJ7rUVSUWclzIzPTBPLm01Q7SvWKbKxdI/9D8hbu85MBEw0fK7ZaEE5rZHF0dJ8BXTLhVCnBGXjVyp37FIU2lHe9H1B5MItCe2JbqjZnitz/5tHK05DNWYWJ1hwSkHrYV1uFz9IlHCZn2c/iLo7MgdaoIYQzbBy/9GXZdIA2uFHSh1wUbxvr6DOoXiYOUmHONEGmfXIyr+L/Kg5g6AbLw/7yXY0UrfGoHldcujqSE5+5KEuJurYbP5ZbZVDrXL0PLl8evdyndOOIk3cbnrouju9IJmw58XwdfQAhZg2brKPIjt7cUr7Wcp8xOETMwTii76l4qfkcGLj86VImbPGOYA4op8slYY6+bQzqdYAy4vY09p9ynHgQXlIqWq68h7IlbAZWrdtydl8aQKcC2cMuUz6XgZt2pl+C1l64GoKkeKsMStCtq2zk8N/zbksxDxg1A9wCd+650Ls1fLpKbsaeOgo96Hfz1IyAD5mePHokGhBcCpysISD67bgIUmja4uYw2swfn3jWfkgFDnT0mwWxliY+PFr+eNeBrsoip6zSVQaytJ7hiDlZbRm9xbvYPTZ6bK8hPBcd8mSuXYKOnN6w2lMKPi7yDywErP3MkwMPk0JKsqgzwmZtOvXPu0xZlOESgJ9vUatOINZ2mJQpzVcWoMT3cKB9oUQEO545gfjJDgNcGwB4H11ouhlhzoNN0NOWnJ8U6aCiBVdFHLd/yJ16cFxvPSVZZy2ScAyUeBkcX4oBtGpMPdm/N92ZZb75CNXLW+c19SYz2vWhXLZpyWUv80sC19c2iOc13Ad7CxGYoRvltce0/K90tJw++ioH0Zatp21qo83Raf14WgZts7Z0o13TFrYdyDjPjenQN363uOWps/+94DRx0GAeQlXrx83sQ7+4r3jEHK6+JAqlvOX1mD+ztEL8gVDV0BOhUo7WyIT+FyZEnZ2Ir4Vax38UscpE0T33j6bhV94zuL6q59POZ/82r+V7cwAIoixjFey5c7k/FGeQ+4IqN0ec8uY7hL9kt14HGS4JwxWV1X83NRD0dg2eGp25MPDyk0MRhQJDd1J1nRsFgBC93b5wi7a0j+3Srd5LpndAZrUzGmsvbo9t26Lnutc/wsREfMnHQVj3i1wEAwFQh+72utqb5KgwcVh/d2oHcHlIpnbjeePl3l+PXDPmmIwxzQJN4PPl0VxXS6GxG1ld9Q9T5XKJT5syzVJiVEE0ySDXFKJQmUEDyYU2ftT53dQHa2cf7IBNCI6/h3nOQsOG56qZHjPBxWjIvTFDuvZGUrd8qCDfz0vp/vOlaSHNcKd0j7xL2xVujHHopt9EVkmpy9CbrNN9Xg0Nhrc9IA0mfplOrynPQ1onKqZQnshlDWojvTcWN6JNoQSMHxZtBcYF93hWuqggG00M3It+GqqbcHpWE6WVlKxIY+MgT8+azfxC08gEv2NyR6EbG/h+sQQ3/Nji0F9thkh+dJnN1PyPEGpAXtaD7d224NdnOmDQHcOlu2U8NS9KOBC67AiSCfR26CnKs+7iIRTXuTWq7qY/aW/FgOK7L8ZqA/CPFKRE0S5u1w9/+WbYYEJn3Zbmsosp29nCL6wYXaFcbO9BfgSOrem5hJtUe58YlSVMSXzxNPFd5jMgPs16rODkEbT8jbzGlEY4Px+A6WWHjB/2XE+77HOH+umX5GXf9n19to32WH/3JryOHDo5kme+vSrlV0r2nU15rGDpMGDw6NnCN6Jyk6e3/QeKRP4SQXWmKqBLBlHrYnZNiy3+firds7xMHMxSfwQQjaxrdZWZKEaOa1MLKwrgpI9HG3K4ATOmepM19wKu9txq0IW0PWbsi8LafTl6xe2ehlyvz+3y/zDSQnFf6jZ1ExiNmy41J4acyHJDEv1zx9rg1ETja6n2IZRZDHsu3U7FYp3yeG/lEEMbTOGHTA0So/O5ZnJu+xGn1BCZkCWp3hTshezg3Qeae7t0csbII4OeVci9wIvVAjrz13H2r38L2SJ/36iuCdLlQCJ6t4pAw8f24Oyw2B+HqJ+ZGPGjemtN/E6iptKwSuYJfWXtli3Pmeg46wU1nBNs403K+XiJE2ALR3oLYvvs8BOrWBOC6Sw+NOYBLHTl6b2LXyTW3zhR51cesPqiMZSXswXa49/ANxqdY+R/Hv29+Hpx5oXgtuU7RbaAh3TNFue5szlk874EJ8khXnpUsG90QwdiHzrPTJuZRFxr+ZKn55dj4WDj24aHTJ/WvV36lPkT416ZVKoH1Y05u36MG/Z6rAU78QQu9/B7UB0fqME0/X/vb9yq07tTyvcIqOe09K821XqZx1wEZniGKkxjxDf9udFti+5dzvk4zb1lSPGiaoXb769vQjZaXO2jW07FBgwGiL0N28GTBiSNxBpTyaFvVLTWYpp0fXxBfMZfMkssjHH9J/5r8GbrhfWb4rWMyfHCsu9yjtNV6oaJFK8KqY4OmDmHp2vtnFgB2sLqUYtJ9mVimfiaZJNRTXSrTtIWZ6ZtK3Z1jTeeeFpt9rutlx/ZMfDOjXp28FJtbC8Ir1z1MPW2wMcNEICF190h0KnBcKU/CYQOlTQBgvmdr1Zfwvl1ddbwadVeNCjhDg5AHq0qGL555u/+MS/sNBW190oRGT13iqEglQ3NK+BVRV0cLVPr4nvhlIAY6SDdOHUctJqti91kilMfmF3plF30FR9bKs6X/RMRZI0+y4/d+xWdo31uyWMJEkV4SpbU1Xduj8ng5ZhXgdtat7XyzIwD4LsXBK1sOT0/LR0Xjgjk5jDz3VHWRFvw1i0XOw+89NhHDA1lTqparx7tCL92XXkCrcxgbJ9P3XTr/FRQMmfDDJhG0zCMr9G43IDzye966dkBZ82PSZNP3hB6zTNaYeXIGN8ByN71rPnFpPa94t4GZBcKJkaOBzF0GYtuJWhuVk/3R2S13k6hmkTEiHtj/IStB9Y8JRONilwf12X4p/svndLFS+9h9n5xw7olzwjvXMGH1VLC0jfFElBj7EeuWZPgsYBU94Tm2nTPVfTuuLeLjpT3dThk67PB9AGZPvLwrM1dLsJVEmLGuOEpY6k+eDl9uP4jWWpmTA4I6WFe6pLt1E8IWapKlQBdzTcFk/y8GJNwvbf2GiM16Wj6UPqUDyazMrsXTRknslaaEP3+w6jVHG5qJ2qnaE5nfkWGhWCM/+6zh2xYeB7Cxn+X3rQrNtwwMtMhBNKLhGkDZSqVE6+pBy3W3dLDV55eliXhLcFv9LZKZYRpNM3x5wZwfMxSOXu5gXAsKK5XdmKtLl0nyHddRgfcT3KlZR3s7syFeoicCrW81Jp8z2qhtvyhT3pcWKfAI/i+aG6LVnfeg+4wsR9raw+fsj7LvNweq1o/RYV7V3YSWACSa3boRTL/3r6kShKfoK0IHkObCkj0kQIY8PSANdDV3UkcgBWSoLlrOqCKUsgK1vYvWo2OGmH3SHP4kb1+Pk191KruNU6AAsEZISs5l6nfUpXYnjNqJ6Ucc57A2EKjLxfzUJ66lKMkgx4tzaxGFeDyTM9mxMLiDHQPQ2sIF3hjP7RCe+CFusAQiHbG2YDdifly3hunW0nLMPv5ZeN/rJ7GTWaGfxpFDa+eEngQbOOvvRIeex4IvV37bvLc71RJ/ty1t70xjj8UVM+BmMPfrOzj3ihgW9ffzIZB7kDnXtkHPNc6saCOKG1RATGFBp3fgbZF8phbn12lPgFQKwVVB5ER7f8dGcEplYy/87lJ9WRrB+7NUf9XX5Kt4rsCB5OzrjHzAXOri23fgysl3srdYr/F71pkWwrN6Zsd/8KUDvpQx6MxmCsX7ZuvV/NTz+fd6qTw5H9FRjQKlA7ITzyj3hir2CkudkXMKB8t+Pgy895HLrukQTwVHfCp5rD4vwFZ5sH4OHNC6fy1ZDvjFeNe3VltyOJJ8ivDisnvttfaVJJuYGRfnuekvv8JR51R2yagt3xHz7jWKoSrLlDPaBGU0ZTyFtWH0e+Ud0VhdKQTNpyZukLvbL3eMNtJrhqifdhqBPrlPc9SWPKs/LkzjQA5N6C37F8A1r8i7ZoTC4pRKj7i/pwlNevOe9+81zQ65iHD30Kmqgs7VZGFIVOJ0edu6GzeQ7k1n4d8J706/94qCy7vg3YFf7Udy7Y6Dw1eXu4Bud7+cXcdoTO3FTOhIAccrt/dHRBrVUZmUMusaFzPQn/x96eodqlFEn2lma5JG561kzbIDUvbZ7XoHanAvszAjgWLdUISmJwJ/vGFHIud3i3KMAr57afxU5lDszsgKsgTOd0DUxgjfblgYBhIXVCoMMHqB1QPPWzMPsUB6RM0UoiRplzXWOsZKxd6+ZGvZBnKACSc5V+uwGdRz5kN976/0aa1nRTxw6fTA1Ljp1pz/gH/lz4PTYGA7nJKjx6YEIh9tn63MIdSzNodQLgSW9Yiks1iebScONruu1CxCuwHN56nX3n6dmm8ItXFavzeT14OzWX1x3n2EAjlukIQ8w3u3FpV68ioGUtAnLk5BtLQH42uy/4wLHb/lfvPE94DMFCSAIfoFeJ4PcNvuhWBAIATem7xYXNHiQbS/Te+883+ju2B6DLmBfOFoDHuRI0xxfEcwemnoo4Tm5R+3cnU3rPdZDX0CBWDy1q9urX6h8UgSCL8ArY4+kWs2Eoa9HAQbCs1athP683iQnh0jWCuIu2YsI20pWf1gnw8AFpUP/Qpyx3l38OYcbKrhumVFNUVM0DzJ3A7T4+iK8avrDMzZmx3/wM6+T2v2SyyAZt6bSSGvhtXuZO1U+OFYVlSH/DKM0j2G1H4EZ6aYzNGNyiBkuP2htUI9o7Pem7Wym7ZLFP6LOjG6DOcvRCoJryvt7j6xHrFUdqjQJpQhz73OiQvO/jvH2+ZGbR9FWc5yy+9s7F/b7SWuhTZ5w+G88DlLulHHpGh1Ukfz3YHKNGjwwiR4Wifhwq73VXblmPNECsOhmgWtJV0WS6zV24fPqgv30d5qHCkOv6Jo+OuwhsEZsKMbvM6JmICYyfTYMLwieiGy+/7cD3P8rz5mj6ESsyfLLH27U91UH/eLhy/2mJWVtlhAkAvdqQGhsaYq7gLbaSkXmZXSu+9r/uUR2v9wjzfVqLVbrXtO4gQnh3LeWx/UyHdo3z4xysThcQiVcCu1p3Zh3VWN1crY3ZXI4fv9lyKj+1OsyT/KFt0yUW0GQX9jJ0IbyvG7MZYQZkdP2PjTMrKkw8lqm6uNJwaSuXThTo1doy17/l4a2J3r7THH4wrXeQnxhkTpyGk+Wjhs6c5NDmi+f6lFXLrH+VDK8/yZX6kUkNoCN5izGg+VdrMof39L9fsJeo6GnfH0s7psBlbvMipymNf/iiYZn06u2cBbOeMG/PE5u5AVfqT7GEOIdstz6PFf5dWDOKyQ6cwu4tKmr9o7MPbvgejoLl0j4MN1fuPv42i6U/xnB5jf/T0Jc819aqKH+JgvB/g3iG3Q48axmtPXYJQHhg1a8cgDVjLLw1G0GQpz4VvH45ZvNED/imu3gymlmBrhF0ij2s/+UyCblrz5Z66YoJXH7oTupD1CCQ4wT2DcRru9oz3kqMcE++JzlQYybnyXhBCsFletlQIZWSGePvPLie/0X0y8coCcxHE/mpOPJQLeGte4TekK0PrqBX/kDH8szykFyqhLpvgJT35rGOc/WHIa9s+yKB9Qw4V2nDm9X79g6tYEIY+7Ott7abUHV0GVaTXp0gd76/JVy8tBWe3iMKsSKqEVEeYSKK/6AYX+Vut/xtPXCe/44bcPtCcy4wLA67XutktaRQpZb6cr3IDYsMnAMeQVtHXFUe8WRsstw55sWceO3yn5x1gs4PDH9xEKQeokxDxMIG4MZJo1Yg4cnb6IdJlYoxWJy4Y3WRPPYtZIfBHktdslrzeWwtvm662upWAxzwrLOY/zcO3B/GCKAHO++cDpCe+o46swF5LqsnFXiwvDZnqp4DOJQgs39ubzjVBDiu+PGMEUQlciFRculrtHFPEIXL+mcwEtZRY7elo1qZoOKwu1Gj7fWZn15jO4vHLfxPWiQgJ3lgWpWmbHQc1vLLOk9zpn03qAvK7V2x88BzesCBxn8/Cmm0BbzaqDHvVb5YXdC89/tRLNpKC/inLrXoSvYyEkLNDqqO0xiC7tYErn5ucd8TY8ceQx8XFELEjZWRfIZO2rDrScYiVafDD+ECPaU/RdP+xNo/a9lbPbyJWMdSO+wuJaKsBv3QmlCl5QlisvfJgQmMbTZwPrLNS+I/8WmP6xMJpj4gh8b2gvcYAklt2M0mta2EBB/DpVEbfcw5G8dQQRKYT+xlWIdGZITR4X6b/yzUcpE4Fs90Ra1HaMxcyGeSKdgihpaSZXZugKYNPz5meExqaQpICW1YJPLPZe7Wj9tDljRxF5oOTwFCDnh65j9n1bSUq/wy37SE0weUbhUF6gXv1j94MlxfobvXpx2PV5PD2fgHraYM1aUVFti2GavV2bKg2QPvdBje8bzcbZPjOYslCUPTvCAtB4/6mO0/uSezelpXINSqdFJeab/75EACfCnIuwPjmRqN/2M2346z1nGLjyrhAXLpfrF/+LAn0/2Q0bwzdzu9Nu1b1p1/nhdywQbtEdHXdzuTROcn3kz/a3dRF7tcsfG3UU/hWW3v+3SBOVD/1p+ilmcgZxRPPLRy1nReUEGEW0Fn5eD3wNtPTX3Bl9pUsoHVm5jPG0GXKQjh97Y6ZDuoqd89HnfIB5/8kBZ3KcgGCqO7AieCT+Ykrh9z//9iWWXYamId2JWPP+ovkLFb/JJt6cwOuXm+qgdJJXiiHHSoAsaDDXglnd7aICNe6h0ed+6cd66xZ6O5XEMfv3Hcr3f1UNHg1AslNrR9jsRgkalROE8Ebay7iOPH0mOPjtUhKu0LWxCk6OuybckLiKZvPHqNPy+cEQNiLrpwq6KpS+uAZ18zMa2bFs529usunHOtcbjim68+lEomQsRZ7nxG5Nw+7XDL5NMAJNrIUSiu/V4BgzA9KofhdE2B3JAbFTMAOjXgnN48muUXnd0l8lOUC/wrGwVd19wU3rhhumjE/tLEtfcb4rC5B82VgimrbUyvgEOkIGEestZI++mcfRYa0m0IdQ1h8kJl+3PNFTzPsoYkXeRkUCJ3Zb+/f/jTLbvuuOy+QHlSuhhzS7aAlpHqIlvUhT0Nt3RQfdN1qKKqcw3dWudnB+lMcRO38f4qDO4vKXhMVHOHb24GFptIzGV1kBS0H+MK2ItoGvjIJP3el/mXfuE9n6bz6pT9PlyrG+QGPUEpPNKZWBnp1yHeupIDCzvY2cHAbIg/3flD7E7eKNNdj1ggbWFSGTCgAMOl9s8Dbfnxb87l7tSxuidNmkWM9fjvboU9oDlAhNEtvsy0thuujmXuO3oFO+hAXZnv+wxY5uHgfNwpMTJzXgkCvHQO47MCZEedPC52SbtPH2D9b+Ha05EExinoEsp2SgvDjWaNhtm1Mv0zCuCVmHII2qq7RioG0meLaqfJAu9sK3WS6B4SwUIz5nnQ7dF+TEcMOMfHX6kGsEGwRsoAwgjXPk9v1/JoCyiq8rM/Bvy+ejp0CbU0EXNh98MiiJF+MeqIfS8LEE8lNjFILXXt/16PUS4JvHWxBe1OdMX1SbL7S8dolQ3Q7fbr609cE/FaXehjBSEqvTRKynqie4jPCU6KQ7Z0BXJ8IFyrbB48mlsBf6G1JqFtSF2Brcm+iPvfcmt/pkDCS8lZkqkO8xTYGydxOdSREpbsnbh2fBGP9QGjJ6HI6NWQLQICJFZx9DNqYT1OkRTtHoyT14E6abDPQzkWnfN4Dwhrbq7Oe++OU8qcdgCT2YSQl41oiKnxfjnURhXcDNwgV0TWZ4EI7XHnLH0vXJUuPxAJszWNuQhlm0R/eoBtRcrszR6B3ns6tJ3Ej4lQ6e971/3f61a/0h3w2g3itEIsneTf7kpMlhOY6TutCB9eJt69sbCUpWNW//cHJ7r1off15o4WwDCA59/CJV2JDv4qF++4II/jva+m/uqn0uUytNdWgKlRTTCnqssbUQ8dtkVyb2r+GE1fOKR7JjBB7Z+EYvK0ooAz7lLwuzd+FYDrpDf4Oepk1riwU147rLZeesCQmYxrxbMY/a4SaHMilu0q1v/Ky7qvif4EbikTTimL+xRvte7AsD1Npd0GAFvhB2qgBeWQSmbfp3qv7tftKqMYRtq2uwafTl2xvappk7ezS92JfFNHgpseePahTcexarqEX+zQqI4cb+fSmr+JpYRyeu1tHy/SsXH8dFvVPtfPPsXVdrvJFnTQhwfQ3gT/gR/fxRJNTxfGdr5K/p7ne+ndbwg4g1Ppwgx3St2QqLfoLA8bKHWvpTCGuFWPnHMValxv0o9GuWVA9qYqx3jN5WZRNUomXg2NE6yv9aNWmITsvA80Xv2esxzDQEEh3SqoVmteTkpFLnzIu2Rqbkcoo9TXNsDVpLHLH22BtX9t18n+ZLP6A0NuMAE6lTQv9LIe2Z3vzHBkB9xbt656igKgFPXZzMvXdL9cWNdDq1rSdFVZtatJIava7yY7SEHmxcB7iiJ5a6/xbhhgZ4FH083rue56avVqmDeQbSJYytTluW+J2GhmZ4Lcm95dD6AiIJfC351u3vhxwtb2usClsZTdWFcVxSCBu8ITSOHyJD19sPytw9z8bSc0/hqNNNThNG52oYQCewjrm6Bv17yrAAypSt3gn0kjSFjXkge4eon7h7ekF21j4c0uG/gihsRgurLZJSK3IB0e9f9q9Ydi8NUc4ymLXcyMgZb8MzO3AZEU5IDjJanoJK1p2fOBi3QqI0Ab0KinnfRZwOo4BQQyHLi0Lc9WIF9d3eGTPVpPrXK3H9q6/GLr4Q1jEl963RLS0dS920vfY5yRwe2gceroHPbWdEbx2p5icFdI8bSfJPmLr1eRZduYLibdXTxIRS9znJGDDPdbQGLVWPFp7fPrUubqSOW4/W0/Mo55Su5IitWc93iEbo/hVZF4EFvBIxgbZ4+XKuuEwXSHonb3+9ff+rzGd9atOoFnZhrCa6WCDvdzERMj4h5j2Ww2znpf3Ye9loyp+4j9jq79RMldhOImgGuAoQGiufC5YXG7oMNtBzPeZL8Nu27UaTUNBpoy4DjEZfgeLCpQPHnxPoifGPDu8XBfd0eShyP3aUtuCiNUcd4/dqhvbWVpfT0bgphe18TvkDhNNkhA6w5tQVgwpgf6vEfEUmU4jh+wUhlp/tw1uuGA4wdPzLlhk79cFw9K9XoC34D5NACprz36OTD4PGk1oui011XcB25qvutdnmvFy2/MPTqXn6+IPzOJ5TS2tr/jdekU9Td8Fk3ehT62UB6Wz7PJLUC+zKiWSSmE/UnVpHwwDROzPZn71vXJ54Zo+P1d92ElvTi5xIzX4WZ2wTzsyA6YSE5NjjYC/4uLLFrc87bK1roh2R4duXYi6rP5CkLmVlIqZM4w9YQQ13Pj56rG5pH9z310aelWnX/rPYJCQ+JBRCRMjPitf/A2kveNYTOpW4TxwYPzP5nDRrogpVMhbvBwMnjH515CQjVcHIunQU6yt3ZEcr41BywABItysZ8o1E5qFdtmKGe7xDC7BbLn7u01bf/w2MLzPJ9fqISTWlNoyFg5iLCNdiLyqmNMLZ28V163d9RwstidquuBqBXReJauW3nhBxuoAfPCZxS44/pzaeejOlXzO32SHwH7JfUasuHWjtuMkT80Jc7/2t0qFE7dImoqjly+nmqnoBm1PBa3NXMha1243+XRFi+msu957s6F+e2iMGCTqIFF7i8UvecoPTa0093ezBr9SXv/Q+XEp7Jg3L8UePHr53NRvr6F3CAY9eYwmQY3KCIE1nin/C109K2PrgTRvXKZU9HizmJtvAk7kqq4DG6J8O0vF8+U0IzCE/E+2ltF/v+UiJOZSwaks+tvAT6JZcIfKkHEGaPfEwvACOG7QCmIc8Og3C0d7v92el205Ag0ZtLDy0RSoL/u8JCp68bOLm8lha747DbMB8ja28mZvR/1Ua9rqdxzkOA527MLjr43qrv4ZeGPU52em++E0Wexe2krmkubjx40Zd/56/Zn3gRXnHUYuY7wjPaGSaIo+cJvcnQwY5dBUnuJNDlkvwxEnpF1x9CeuS2pmIGUpK7wWc3iaVfy5pFVFcwtwpRBJrV2tGZa0PdQRG2abypAZaXNNtQvEhEy150nQkLKUHq3RPfuyXd/OuymQ9G2Dj7q1NKoKdqZRcVVAdzcGOLeV7KxriEE6hPxsJa5Mh70z3QcQvx4gSffq3GTNVBA5YxlMcNoJtLN3Te5GrgMZVrsrURtUUgnWZprkODhb0POsd3axz4e6Q4N77//v5Xto2lPG0BhNlmr6wH7mP7YL3r3C/Cf76iU3KTde95f+7dQVJJMHa+4uTdtYutHgMV6HcoEEsqu7jTRGfMUZRAgJV7z7IxXAiEqKC0MnkrY/0DuM5PcV75h/p4dwsS5L8lxNeLTsmKRejbBRr24yhJUAfxbS2J4nNw5anX594CwGu0R73a7N8eaWpsq+RzzZEfS/IOQNZy4oIAeK0bi8Pyg/Bex3kiiiYIkQhPeGzFpY4VS4Ja818K3hzyqXBSgpP4lNxWPBy0sV0GUBvdPhRm3cKgfRhY0X3jfYvgc061+Lf7fQKT8+dbxkuulYaN8k7tXnXH7w/ye7sOpa/n+yC12K83vtTpbY5BcM3ze76NIykUs3N7XZnZG511g3bqfZ/3Xxw7epJ20tOcm5vU+0ZDPevfT9fft0tOSDQhUurRWri6L2DXdLdMSSlQrNsq/N9tVdVWi5gIDE7c4aKaUvLn3JURCInpNzbAkxf2+28VWBG9Ohit59IUjJ14fqrdp1YFexnUh5rRPPb3OqmIsF7JRKqCkV1+LZ7QKPgsGkwQ1Kma1PrLXGv5q2tLjehaWz5SY1PixBxi6WqR1Hj5QXeKg4kbMP/N5ptFrWKeTqLXF5/4/hrbcaoORMCPFXeBKQNp8RslyfCtwtbdI5+mPtw2dKx0ZbLuJg2fe8frwtvH6DsIG3hF3+JtHivtz549hVP0Fv3pZPqpgSLNPxYHlo6HSH6DohilUvoBczeiB5TbKuyJUtOVfL7nNV2MAxyB8fhWuYym65UH1MEmnjvWQeeOypKy7UTQhc9QwPBO92y9G78R1kG+VaaCjDHuJjfLEsUAV/G74wa3ULHWGx9DBsNaaJPwAH8HsokRg3s7XI2zsXYH/7ivMfXer6L4OpUP+7iWEh06XphPvwJ8fwQaWkFjfcMtIs4dzwaqzkJhU+8cuw7bOBgA83X1t9tUKGm1Zp1XfOGndEtxQR4qes80bO8ZFvew//l9sqH6/5JDma670bEgHPs2m47BrS3hZ8s+eQ6dtz0L0N7nZOoYf3ryjOZfht9oQ9urP/oemV1pITf1ovT8zrtENz5jTT3tBnD99/fnydi+v9BM2RFJWHDK52hYBdn0Fcg0i9ecj8cWvW+j3avd6BwQFJJbSlrPqdBiKjAXZ07e5NekfLh+1HuQw97sDf2zif52TTTIKbKgiAUFq6/jL4957jhz+DIt44Hab1+og+XacP3npt6d2AemGpLt0rXELp8N1i7OZLOD/p76bXSDD/bYWJct+Z4KVic7k6AZD/Y8UX6nFf83B/rB5+7ss2+s1T82JDi1xHnxN/s2f+AvaiNlEA4RveW39W42lnS7JOY+9NQmGTCXAwxVnIu1eLthvztRC1evWdZDXJtOnY2D7gaNX6GJvuX4K7U+io9cjny/V26ieDXh7ZSyaFLnkw3ip83r/kLVcnb1U/EOD3I1xMvfCCtnwP0MotME9T0d7LuGpuaa/HRbAI2fDt1fu4e+9jVYKmd4XL7UbyTlMeAJPKc0dmgl8nMAzdADKRF52c47AcnVUriRiMRAmarTHF9xQhMgj3wReahMes+eELGsshcpo83rnXVa6w070I/GjKB++iWC7CUWGFWuimkowYgzIyoLs7sdJcV8F3LdoxYEO9LCgMpJkd7DsCQQ3f/xyfiTzG9STxd2kSeo/dIcmTvPsdVxPhaDdxLkrczmCVX7ro3JRklMt68y/NZv685MuNp+vbfr4Nb4q5ZJl9elede9E4JnUC0JpjJWmjsXp3IdmIbv4/AzyN/G7mXVuIEXZoLr/TyJyEtWX5FdwhSyRMtf06cbqy46ekvGEyPj4CeFbcZ+bGjb6z6eXJlVv5R9ijpcnmRbRbmObbD6MtG/Kl9NZTEGJC3SlerObydrPLnwA+Wy55pGGvF1+gD3T03hqIDuFSfQIHX+0q7w4NYo9G+3Gn3tHm3L9jrPUKVUKLlbyV8DV43xnPjcHgb2bF10f7EXqTt0CWYIWzL/aF81lv5bh/kTe4g97JqsCJAlD5sSfnC33b76qPPJnM5iXua8OkSzQ0w6HfRV24452+h6B3Xm+axeTd72cGuoJ4FlwnnIze00Ezn8MJd35Nq6pJZgUzX0ASHUXeA87K5gKkFmohS9+d9G2LS6pf2G+2UV/Ll8g+CmT5TldZ/mxGb81VAu4W/J2Cq+Ofx+MyfRbb4wc/KyZBdPTTBx2lWyyMygW92w8fZbzTd0XjpMwcNLst84wYVP41klO0xMPJjoSEF/xau7cZC67ZrsYiS0H2HpWTRzz3oAxw4bUUeVc+PVxcsCwDQBnwjajFcEtNHFRd65aOh4hA508RKQ3WrCtWd2RkHqaG2RbSj+/40qAMdHrUeNKwsgPcygH2cwyc7iEUzHdW3i54W4Stvhbx0HPk6di+zAr98rxgdgQlHzX6TdAbFEpWxudbsMnOliloSod0f0e5BDn/romQN3IcRm7Oh1pkun3f48M7iBAfnoXOKYYkDFNrPX50pVRrkoLR6LlacWdsKE9Niw533dZvY6oXO1RxBIok6qBWdPiU3BHAVVnGkO1eHJSKofMjTY+tKoHbcl3IYTcnuleV3heX9Rw5KiuwsQfvBbl637Ai6ovdKTnH6Vmmh5i52/AUhNBb8+YuK8y/4jd3Edk/Z4sKos+15DSxjn1M30m5Ijc8RHoSyyXo1dUkYPlxpTC0siUU5Kg1o6j5cl3GB8XbC+pdnvT60HFTg+hcsCXPG5PhxdqJs2vMp7jQZhUNPvBMwNU0SSzWopuuNJKyq5S3zwX7iRrrt/imNZbrJcXD+XFkAITwiS4M4DHZ6dppM5AhMJeKxJ84/Fmu72X3C4s8GR4g+UNY6gZXCyufYr3Q08URJAUAZsmazzbpVsNB5ImEZtn+mdFIOJ9DSU8O+uJm74KsDTTn9mnZgqvIXJ3x35iC6IItxKZmbabWDwpcTc9MT3u0CNW66K8kguktou5ZRZCRBwes7WWSzS4Y80nFNu80JYdkBddRdqzcby8QoL31nvNFT7/OT8frtkrC5htO9u5agMc7AE3OrhOE4c/64WxMjyZsp8kr4YEgpi+G904271P3HCnHmqityHOAlgbjDJrm6olVHPc2HJb7f8+rXT7Iq01Tu/wxffG3s8F7BGbO2BGTj+BLxLbGVlrsGieFynkopJ1EqWsxt+5c8VgzV+mO/WDCbfw4IvjVPc/1tQe8DWF5p0lxTE4H2EfwbGP2duIhx6mZWIeNWQAz0G+mxLqlnRuosfY52b7IPx+h+lqSk/qWfW79tukH+QWeCNFSvDXKttb8VeULLsKg1fJsDyBj7ApzMPOWGAfyu+V4ETVDueffcoCPhe8rF95wl5uPjlVpSzYjIWx68PrWnPvGy9gwoMsQ5a6VeLcG+e06CQb8tRzS8OpoqkomEG0EOJPS942v55pbgqPkwuBwc/77QtNHx51SuoaUUQQbupADtrCTi8DfqZp9zDRZPs4+ml9SAnTVs7pd3pNhv/e39CuLO1v6m4W/yHOGu3NblS9Hygm5bkrnJvL5S/R5frjotCelLCsmBww5dBIZCKD90lCRon9kYZOezrLVCKu7ZMj24/qSX9jBdmunIPBRVXwK4pgcNxWbjV4rj532D+/R2mfa+RTBHxZQQ6pbCXbyKK5d5FaBcYPyUFBUpqTus3foRmEVg5GxkuIA6ohI8rGz27T1VHtiCeyb39ECj4pF8OXmHvWnP07Fhu2MkB1r9A7xbyqd7VFU+vAN5+VmrFpfma6utGCbzEVYBrMLpnUszqOoi9KeJeNo3EI1cUHVszHizWqNIqJE/nmbOh5l64VVi++NDrPt8muAk2BjkiG7b1Z1kGNgW8hGgtK0z81MA34gAbq7qlDWKSMAmqkNWBJD8I6U+TWcu7okxIFMyzbKv9Fw+CPQEzWyXDm9aQFrl4RMXaCOlD1VsgX43odDchxZ9msdIEe/aMmgd1HFBY66u4OiuNbpRf+32zDMRvUY0R5CEjZb6how84Pu8t1KOSpb311N0Aa7jVUXhUyiykXqXAw4tDcdVP6KiTUneA/ch9STbrzSYU0CvT7smCYqcaTa7arC18r6Rcavig91RYehp/nHUEAvE6pBGrAC/utmau1ONOL2Dxx0zWlqruUqJxUVvjfX/jFadkpRjFJu66VJ7SxxTuUbcuyNk3pUfWXpwERuqsUqHM7yynPDq1AHRbNiB3Q2m82pf9SStgFiMOxeRr0TxfwBmUGCQ9wK0U5T3wn/efL6J8ef0JWnaVWhXtDZb6KKo1XD4IFugwNX0QkEt4B2J6kGZaaj8gTXYxtpWBGI2mUks/WAjvxzF4s5QQ9kLWxqwqX177u05fOw558LMmNa18k7Ra9IbQamI82dD99p3vxSFtrEbFbsdWbU/BO4/EFnOO0Q1FCrL/Ly/M+SD5g5Krrsefxa03VHunmsw3Zb8qlos6qI19t308LvRIe1nXodJuAiaKa2FPskP9yYf/Y4JOuabztIgldnEG8d1Na9zJhJFlCGnXgp2J2IednmeDnHRHs7SmPt73Q+acSicR7qxaO/BhVKfBUFaudgS5RHKwf77IdfrXCCy47W3JucUioGZzN5dXJO+okQrq4VFcHEv3hB/2WCAjtYW5uScrytlGB1TO6j0sDTuSJlTqpXBbk2KEUnCehXjHqXZ5I+B2YveR7F21l9E9/ua6LmuxXHuUBGghQg299Sm6dvgANntn8rd1hKKD6hdvhG4lWXFDkYm7aevkBajcFTdFIFS8bM3/mmPKzw/fWIMRja46BvRg32p819sPV8ZFbrIVIUdTRIciGkr6FZ8RHqxD7t2+P+MovLDl0824PZYe9QMyHjfiD2enLXm2q84oFdEXGekQtvfLEaBogiQWms5yE4JK1+T985EnUpysK7pHat/P5scf2kPNZ3qagsHnALFEzzMPsz2MtXdiGPfzXhlGyhXfuxDznvoMyjuFyMXyJwz8es8u8X87b2+5W0R63Lg0JXrano1VXN+I6eKjcm9sAOV3XIJlPgm5+xKGhFobXdo+IOCrj4gsGP01x244gxSqkxiqFRMETDLDna90rpfkk/fHbYD/ZixHch5mT2HfbPO5xUDha/rxeW7nm863u6O4Var7SdFRen5X92ZCelwrmXtXM8xnIjmfPGKJr9gIG6O+dSTpeeOEWXWGmp8SnOVnAwtp6ljaNpv0sbwcjxENRP87xWPdV4aE/Vi4p7/9xnjti+QiUugjNcqv1Ww9OA0XFYS5c+WXbPq4zzWoGBb4WNxUykqCPYSBJyQ6K88ZgkEesAvSDlOk7x+30UhzI3U6QjJAv6LsztBDWHy7A6xvC4ijOBbb+ozdOIg91dEnSvfqne6oxPXJ74u+D5X+7UoIXl+gzR0DePLUMJWFrYfIX/80D2RwVih9LGcQsVcQ7GcC7CX+1Zl7fMLb2MFTL813xik910a5wws1J/Xyv0ZGqj8A4qMr/yZgUCoEckpsaZtLGytww9Mw4eubiwTnP1KLvEXRXB1gjWYd5TNYNDDqT+u1t6OIZ2O5YU2rkB2rrPlwueKd0h1A7aHc6i+UkP7TEZcELYq2iFNUf/XyjqBJslVOt+KOvPWPCj/84C+D4Qkn1IaO4fAublUcGKXzX5GMofwhpMVapbtQEG/IoU3cFvqInVYnem92EMeHDBKXUWt6/GpnZiEYHh99bF/1fgONjpj5JM0ZU53r/+K3Q843hj7PEOA3HPrUv/O3Ncc10cun1BIZi59QN2zWo7xG9GAdA6uXvGTeVTaqsTdFd25rte0iOAeNAxxcmZgnRr7nsN5/PAUZK/uJ24uXSKwH+DQ2Pw8YqQOWurhL7O6OD8BfQDAOhVHB/8P5HjE//vyHF4TL/eCsluoyxZ9LWyzyShLUcn/ydzKx/jK8zLgUzGel97DX/2H3Lg9jrMdqBg4rsgLC4snW1zqehf9ALgQC/4IF7KX1AgvRzzqKhC7/SUGx1/NlewjxcE0p63e+Qp2H2iJy5TuIC3/K1ywYil/McnnwLw9jjQ3Urm169vF9XdRpvLBqMi8KqpJzmpqwrZi1mrSri7Z98R4YxM/qlHN30f74UT9yugAvjnMQ5N/mPa2aHMR5Vvl0sFZYRBptONipaFzywsJo08pb6F9LKaCJ0ldZ94yLhhxt5OdszDi4eqeumguqi1xgozVErwJo/FIJW0RPbp/5aqMOVVy/4U8y7t/rMzK9Y2UmbidwOO7teK3ktIVczKDDqcnz/vTFEw90jplXZZ5km/Kg8g/r1knPMJb8Bp9mfg3hfjjrdb4x/zsqfigcwfESp+3sQ4TbS4F0bOEi/LwYgwN/UzA5lX29ihwR6sl9tezX7tSL+uVQVUmWpd2m36JtYRsjyGNJ4v56seBkc3L05un/CODeJ/LOer5+VdcbhRRxob8WSmEhpRWsUyRTfLWxaFLESWpbS2cFhQhrUeCz4OiAyzpfTKjPDUZLNo9fPqn6qPyWseXxnekTfx3bPTJpEMke2nxmSzTn7G1dGzhp90ekj4Ja7EbFGJtS+si6rTaGRN9oYqZO1nHo4+6j5gQuzW/CDo62Jwi/wt1dHHlU9Mwg05EqwEWR60ajm47vV2t6/aV3KqkNAGr3hq21vFI/MfclIdQqiTxehFWrxIAmNpgKRfKPANTjpE/CZqfyL/75393zS5GLo+Ds/0FLunfOI8fuy5GqNgb09mktW2c+X9fs23cSuezDqtpujfOUpGrzuCSUpOtCWrJMxuEq8L0coRAQGyqtwHQ4/rlLlcx+qVmell9mK3GlkBiHrhC766UlxxwREK398XzcWpADg9L/fackv6/thZr+hNc5YlcHFx1F3R+uwFZ2zgHXGeMlI1pI3Fqrv/s85vGypN9GxanIKW2jeLnvx/eHvrqKjff3tUEKWUlFBiKEGlURpmpEVSkZBUkO4acgaQzpFuEBCQ7k7p7pbu7iGGAX4zfr7nd+459+u5se66/7EWCwZe79ezX3s/z/Pe+0BZUtNiWXjk1iO40wa/XfSDCHSZOp30ZSplR/zN5mF2O/Y7iGa7bDZ1CPGaisIWWTbyYtgfO3BIJkAF4k5kccgUX3ccyb+qw5Plp/8BVEbriqWH+AyZLlb/+CauiMsFQyq1m7UIsfQjx1/3O1fMokz+se8nWX/rTcb3ZnEq4Dvk1QksRxck2a6bUXrQKbpeuzvx2K57sGPzJso8pbyEz3onfet5yGPGGITr8Cd1oF35IRXWLHao5054F8PSvd0EukWe0ASG9qwCqNx1+PmcrIH+304f5O5gSjez74sNuDu8hGV7OHzYJ/xRe7jcSwKL/eLYUzV/ke39KZK5Qqo5+UDWuwxq4BXa0hvIkrp8c53Kv9KWneoatDNZdQyAz7uc6zidlnR22mpZNMbXHSF2lm3phdljrfaf3MvzI+dxMqxp2YmVw8Nw8laocmhCHss9UGgCYlf3cjRy0WY7arA7NYTyK32rOXmK4vF5L2ncp8K5bfGvif0JHDYeAOU4xs1eykKYanYq06z896qCT8Se+WlQ4zFhdmH5fiuPzlYUODNxQuSwbERBzxvOHImiJXI4UNx34zGO9G+LJu/El8ZWIuPErUjCKSjvSs9qpfC+g9M8HDa194MU5uRP7aD8pxV4DU3IvT0TZbMM2n9TpLrl5pvE0MKMNoj3IhKYFsWRa9rEPR66bu2Om8XuP3PBIEuy3c/nN61HoAqeeF7zGC03bwUSq38t3ghsQpG+1CJg6MbVUMCSVWbIOKnByjJBqtJFEsO01W/LuXGJwrHixYLku+RimuqoaXMjghK4vsj7uAReAr09qYCbgwypZrYbt8Wbq1pWzjqmtDyL5n7sWR86waMLgzlTllTKghd4z9+Vnmma13YCZAtJXmipzug3phoPptAQb8N/+BjGfGSuzcniEYesZ8wOily/mjTmnlCdrtJ232uox3lq9VP4dnnVHF742yrnGC/XVEnbee3SWKfKSofUn9Hy3uyhx/qP7sg5WreDDfXW5PiA3rUyRyCWdpBYkp5HgyOp4+h9Ea+7Le7PhPeqG+pWYlaNvV5hctx6gy4Xk5OsSFyWc7LnurOTH8fYbiSLdtHwFe+6YSsRTH2KZKfe+CLrOAAK6rfoxp+mtCv/0gqfdMpA5rbVdGWqI+euV1KuSAr/VHG+dikrce6aMGpvMt44aR9BXeyhvx9/t7Hq8FqKn7DCam6m4RRpX6gxyylsbUjrVSuoK9+cvGp8nriweC+IDV/9G1DoiBzCv/1S+hD3yubh09MlhhfYLkPErX5f1qMJC7ZbtR5cf1AB9pBtR2vBTTMjQUc9VGeZramXuQQn374b52uPsKpd/mTV21pNFIxpfMsuexwt79md3V1yF1PteigMkAh+T/c8hRyDctmUGBkgJpNKgYsi+ke+AnIQvrWzuYvvi3nO7mRyeZTtBpMY7yEOpkel/LpJ/tRLyOKMDALXdcJptRPcHTfH1TwIfUyo1kLtFWlpgeeOVxczeg0zLGYVfO1F4tXwWPIdW9Kbf2kdO/2rV7sT+mL2UVj7FcB98wwFdOnN094DDjK0YBNx9WHPzrcnzlvKHALnFvyHixhpL/YnyTFiceVTuXtL9C3T1vbd9h0lrNm14PyT4z+tGvbATpNz522j09apkNlFsUtihpUvYv6A6plyq8cmZpVUuk3aJDjVyKHeFWWJmsN6e5GlkhBqkpmxDe4CkULeKHFim+5uGBzg8V56dqYPROvadm1Y1FRsVQhR++JTT95Y5Lz6EgaNOfTeydKy3IEitoxzZqFXu3uFKFrunKSEbTeIuPF3XGdYGp7gFLn6skxcUuq7F8zZQCI6IpQEOtsmsQlEK/HZzmTnCLfeIiCb4F5UpM4ttNu+2uKz28U7mTpC5KWuXbthbG2y08y71q8V4EJZ8Y8PUBPqiiaOrnTNLmwxCasmVe09SoKXj28U3lytWS00ROZNmFqpWoIuDj2sDq4j+Rt2x92cnFDL9IWC42W0eo2w920r1qpE89PGuA3PRL/55f2GA2iPpN1ms8QsbidN3mcztxtfikuygNRQS2OXlj6vaCIj/Y0X4F1q5fsaOnSLE20b4a8wrZiJD+sOGp1md0kK/XDfuxMsnrwujLhsMIxWVQMbpLrO6nCvmjl16jh1mr5A0JIIr02hCffiZ5mLaHlQmDHPaRYVMpIkgh+rTXph6WQsxe1gpzGV56kaCLloM1lmPOis/TOsIbb3G9IV6dx5PqkMXoAXhWWzf5AKE1h37sTrIOmaSPU4bVx5/jjtg3Rze6yIDK2b+PKJU5mRwvXGpP/cC9aiR1lypygUttpR116X5a8HvoiQLxVpJNqnb/RDIVQ7dGIru9YABuRxYJ/0P6w98LomWbC0cYW3lxSaxw7g3vZFX9Q57ax3AK+dBXdJxVQpH4gsPzsfnJwPYKymvxT0sMrdNQVMD4SiVni8ZMmA1q3LiYJTi6wh/2l+w4TmforHh3qT+RUlkS2OxvJdYQC/KUHNcRBl3n+w7MReACtHSMj5bwD0CtT0651kW+CXB+rvk8Q7TkvkZACK9OIEPpQ+JXZpkTpC7utXD2kZ+fjWYjnyOesc5kV7lCDLTDOEyC2D7Icr3TATjimi42+AASbuoNi5PAYa6PHDHTkZuQeJ21dWj7wVwQ7jJCSP3k599FQesLGTJy++IyUcpIMtxucwcmUlr5kJ+ySBFeBumlNEgQkc+0X4DkKDgywxB451+r0pSmobIeQfJ4RcYn2nEN/cGX8HaaD8KZWk/7jMtPDUF5874Pg5wULm9cS4HvKJn7esEOY/K54nUp/kS3C8MI3U3xOkdNAZF+3CPPEw3zWZYH5dl+GCYvHOpOBjg8N1LesD6MVRp0BWenS2WaTnVaKel+G8CEcRudrUuejZ7G9TsryYm6MBJRG+jqO4DQtMq7sEjylF1XSBFDo2Kb8hVXOv2DR+V9syVjmcGN3rVR+XXIL3PvXyxI+3H6+YkMv3cVC+bdzX93Avw2UaWUESJhCJS8gyTj5s2CO4rR7hLtEyuG0VZX1rWPidTPhiALMJ85RZyypRI9rpoMG1ztxblQh2mseNvjFsq7GhmJw+bsHqKnlqnOqxBN5LZhpEXh/LzWFc7ZFupNljsBoSUqUM+bKuPn3waxFk3bgWJoAQuG39CtW0seprJaxVdYPj1Sf1apM9WjnqpF4bECjYlVmW9ATIx3EN75UM3gSS+a9FEmJUaWw8Xj9D4nPW/tpIyjOtRe8hzUF32MlI6LPQOxdzBoObvK/pNi47AZC2guoWPNsUccdd7UjJUpRwVyuFXod6tPuqneWlAm/7Io8ECux39pxq6SeZ1NWLZDE57GcMz0Xnqm31OkbN5+tr3Ewurq36edVgjqbJKITYtoKzCsjNVFruaHBzMbHZDsw5BxeQwlI3HKELoH0bLcsaX/HeikHgubvDfP+rVblm9nXBRQ8AZJVAFNnl3LM3U2GvhBikmh4YHc2+3QbvNGRfrRBePLyR0VK6cLXo20yvv+223rijrMHk6PVHAOyacmBpI3Uhe46db2f7ZFvc9obfrd1m96ZMGAFr7pbSrFZZNyUT1aifMYWVJ5FtoXf3NuavZvurZp/ELoATC+Z41Q2bbBfh/PM22Ulg6d2FnNGg/SNuWNs/pN+PuWg6lG+hRyFR7ewLvq5xPXhS076fpxPPNT+913hcubQgIgEfI1YEqbdx6/ZMtNbJSSnEZarC5JdEVq9cI5Y2T8puarpN0EJp9z/7d6IuEs9vI13EB0p7K5V8DBkXvx5AnBa2KqcsRn08BCjd9+9ZrbZmiKtKOkOWprNJhO4PhsFvD5TkoSxT9oRWY5duvqlpNS42B3cRbQupApCHN78f/5H0vBrxVCO2z2Y3uza+HZ68NfF/3dczB4AgZX+GIS5JbIId55ezwpr2K/0Tt1Jp6XI2TanrnQgETw/beq4p9Jy9fveTTgXTg+df3M/1Hex25Lql3RiokYUabJnwSQKIFl+NUAyGk3spPRNlT5KoDg5SATTSC9kyQvjDSFlsgW85bchyYLrp1cWNy4fD7h8ANOBtxlylVJdPo+7F3FnAgu0MmVVWDzMT2tKXHUqVykroUCz2q0zEDPapKnnQBuvq0MAIj+BWSyDe623Tzi18Lq+MqSFA8u4x4c6n2CazZZkHiyOx804G6WyQ3YDjJTmgD9DlT35OGsjlcDjpg57LkLluI1WDjQmvR3s6IygdMSXZY7l9pXPd7YJF8C9VH+HZa8HRuGx2ntPUlfA8r2imt6Bx+4VVU4ObccIL6rLS/c3OFPl+2e8FUC16d6NX/373f/spWjkMfPb9VlXi8Wr1dGt0BXOnsKzyltv2i8hAhf3S09iaK9o3ETu6T67KV2Sa5XMUMPeRl/iz+dP2PNkfvnH/EOiyjRhX1+qfW5cNNwV5Hme0ulBor6ZQCavtF6rmqVntvlRSrdU3plb2Vewl77+GedSuavo2Y9b4TXLGYmFyFBtG9GtE45V+nCGEi2Bex60o2d2efRmVl2VcDIMXvURKePl0uvHvwf0AML414uy01zh+lGw1myO9cw3nhKNcKEFRmxYOCFMSPbEmeC/2zCAVmj67rSXCcc5Zd7B2kabTAttxmrWLRG9JZr4t52xCKDmtf7dfBjRwW6FE7/4v7H2FC+7F4Yl8z27ChjRqyOrS/ippmNMiAO9EcHuKdG5DL6qpMlQPiDWrn2JMdylxRmjtPNVZxOA6sCi2tN8O6XKSATjVXyF2igzmyBOt163qgbIdIaEuYBT+YBVTYs2+4nFbd/tYtnjd3PNN5ExIxSzBM1Ea+DWgdSWf/soYrwhed/22SJ2ghhlqwQ38BqW7/fJ2JqOBPrN0eT7FbVct7NNJlp4swkZpn3BQtieeE62H7qzH1ZCApfI2Ul0Rj/crJheGCmvmU2wcfrlsdKyIO6HIip8JiqzwJOpDaek9CrG03YtqbqSVBBpCrdh06sC2SqJCM+wNr8ztVDn4Z1+N6RxUWZT2T2jVuh3UMibW9CBQAkTwdnf/NnswjpsxRb2SbJu+Hr7F33x92EpYciBFkXIAXnCcdNbuQrGUSJN5yMH1fkRvkfyzS2q3izT/i1s5lqirpOcyOMHuN7Q3ixLv2/eSqwgchfeLdUTUWNRRAoPlCmAXt4L7JG23ckdvtn9Sjyp3GUqPU/3N9GODa2rDGdt5U/QBj8xxk+P+bDVzssUCSymxTeCSXyLqLyyYdWKBAD/du5KXrcMlAhS67dYcYOyPDgKVfA5FMUrNE2xUlreMHyrmv+932QYVNWjvu/O6nVlUXQ/U1QI8EM/DgxI9/bRtc3aKkce4okp7AgctwXMGSlEs+Ctxf6pb0Mdym1963LPf6LYfZtUsu/sD8IAK2KLj1BpaksASJcKznbZp9F3jYzP6/gGOUbjK5ckbkJ5+xIIRJ8dT8RcSAfnLRC2CPm44IGJI1pftQ4nqZ81ZzmtDGhQPx/x4t1o/Sop7nK6Kjf1nfFTbZJTOzRgx58vd3oXEDO3cyEBCV75L1qaOC+OJ89ztQOZ3DZulP7kIIcxdkhh3xCi2h007W2IowR+EA/XiEkuQR7+YPxXTB6012w8RNeBsGsQ+c5oy27/wcYVnshAmbhsYq0Cn618wrxqdoeOjnv2Jj8KrplMNRMNIgmfvWGm4TYlYXOjM24DqaGLrDKbgW0pcfslWxF/Iy7UMmrwIdojURsh89rMbWCybRUn8B6qC8AWXc9EqjwUM3AXSMOGOZOjbCKYACUsSmxyQwYQ1NFOTw4lcLUsxeZvgFBRy4p3g08lD67Q7bJVcMRkIjfrqfDW9kVqHjXz7nbP+ImI2/YxJ6ZnQ6ndvklrxB0/4LBY1q/pCx5QDXE0F/9mFOC9EaZ5YnXDt9nzblY7hnmIiut9V1hvAW/cktwNvwtmm22sjyZ9ffH9kxphtrg9ci/pxh3r2wrryhagK1eTuMGl35VNZl6dpWc85zhY13Ty5FHm1TXx+zFrUIbjlsDtFrynFo81r29ImaxU759rJ+vTFJ/umr6Pr0IFEi/q0nTWPL8kCpnblEWvsVQtLzuXuz+puHCn4T/0c7IxntpWRAU1wNa3qZKdZbs3wcMBy0/GXd11Yt4jBxM/bJvdyiM8XVvhmP1376HqLbSQd0D7h1Wyttizr4wnrTAZvzXb3wyUDbPWga7rXG+ZHQePfHFs6O0jiCDFiL/STjbv6Z5VAL2tKp1Iazg9h8LmFIwErLsOK3vNr8x0EldVxkVcRTjBWaVdy1cL6oKy5rGrxxADvWhrb/T9pS45uuw16Nfq/L6NJ6dXB2+VfV8I7DhrOvdxO9qpWVI21Ksy2jAbYtErys3Cr5QUsM826Com+CFqzN83aDdd8s/+NknHa+8gWl52tzk6B+dH4iL36AL1BWtFZtJujkMPmojpXEjnx2YLbrfeze/CPFbdN1k2k2X2xnnLp+il3gUdFXt6EomwpnMmNEAIHFloP7XoSDn6w9lb35FIoEAlzcTj9uYlMxeEYah7AkKXbwftz/Dm1kktkc0ntfpgmE3V129irKFz72y8mvDziDbOMu9o0uFMnoueTA0rpzeo2OBG+unQKRhGjAy/s2VCMtOqPZUZQ+I3KnK5bDLvNH1usk4EmLgRBWsPWfEGim/NqQDrR9G4DW1SvZsqHo0nRM7AeTAm63+6dKHsxMFkmc755+5AfUrJ8tbHSIXVrrSHFq8I3Y+O92SECLDN8iwLY5a6G37pXkpZxG1/tB8F3CRWh/J0pqIeVrYQUWlHnd9xmILl4K+omyd9x1BR/0owNuBn0OENyJUmP+ZcjjqeMewqgwajexDeFL9wI35HU8kk8mNCGOFbJJxqmD/JbI3cWwqi2eHwPgLNjkX7PG0UqMqo8ju+lUoh/bjo7Urq3NVGRZ77Z5G8bAro+fXm+OjrYYf/tdrFswEaGJhx5y0r1ZUZl8A0U2NlxO0+DPH+pCzhlkU94JHrkczvaNaFlGV/97r4OitzZPdqp5+0Evft5Pu92lVjtkSnPhFog4XVDC1PdGwI+9tfXhA9OWF8thDdflcpxgD2mDTe6soc8UKLORDI4Fjbpf6vYo9McieyYq7GhmG6T9QlhbfxhoUuGy3JfMcnM8TMnNal3V9Zsj6y7M8O3pl3NPwlwV1YiMv28ZdGgRhwDSXsvxhxEecDxqL6xFUrAzcpQIMyg5assao7u/PRt9LlNm1h1b9TXmhKco+++xIwLYc4ipwgoCskcDXtHkXhHPxDjsmQlFJlFwyh9ueYNwqYAYWQ9KV9VD1VWUkCWhEtw0iJw+JDR/H3eOjUfmkomc4Bg5NHnRhyXR60azp/UIf2+MdpvNAB6y0zHndnZTXJOcQ8mYmTo6j11qLC0jT4Q46q/nMitfuKxzcnFaMq62cOiZc40a9EV95fArJ8e6DdMBDpP/zk+ONFOSgLkzTuvSVW14NEY6BTScKRbN8LPAlUffxzeT+UMZT9n1LAktbk9zAMPpKhI2/Q5AuyP3I4yY5ErS4Ny+RMy1F9SVK9JMzrcSvUvuqTXVsPL1AlzLojjjgvMfqe7qEy2kYLMVf4Bx1hAFKEg8hm2oKh6zU0C/c273Awa1pdvR3Cqpy683JqbW1XUrT9YVMbINC3Yb1gSL7GPbkCVCIx9+7dxWHVBAru6VbOlvVl+ZU82Fu3pu9WubbuJZKwblzSxaadX1Zu+zt5pIpliuZE50V5rvj4PVTsUKr79FfjNHbe6XWSQa5heXW+Ftsd5lwPBl5I0lClHcT5tnFrjcnL6mz5Gym7mOUvdzfVFQ9mh/kbCcRy5t6ccmdqSAW+jdiZqyTq/bysNVGU09/YUnlt4xDWUSnF7PtxZoyh6tpLl+47Rr8Zqrrajto9gddUb6RJuL1Zot/eNlZFh0JF/ntr/0VeUirJvpnGaX7M613qW79loVqRKzboQenUs19kTTAJcSXYb+KQkz8YI71b7OYFCGCY0wkz9c8EizXQUalu3V6O0LHwXUYadvBUmsqtcG40Hs/Q4bzjvveQ9Xx2vWnBvHSZ/jxJeflMu21vGtbf18fVbPyFXZ1aZKaJzg6NQ8IL7ieVXHJy0ozAta9sG5FUDpf7BmsOHbPn4bQStQ4A3VgrsVNOQ7PwwABs5qqSZlZWDel5Ys+Udb6sZ8tO1zHIyGb4eIHYKerli3HGq6w4Q6k5Tzd40qfEuc+sMfSt+5oV2s99jmU2xZuU4a+kQt9GXq2HlzlsX+9zLXm4MmOUOpnutGZ3V6DAeL9UEvYSw8bBBGmTVK5X8lW6ajE6RJzDWnUPNRVxm8/w6seXntL50i+Qn9fB1LesaFUVhxiMhT+3Z0chSrQoLMsj9JekhZfCCJb/T0uVGTB3fI8TqaNWJGnBz3MLidXPyLmsZJoe2hO2TdgkflZ8POejBAj4Wp0sfW6Ta/Bs7prq8AOKgvpeDsCW6FwAw33JgmlJDn8A0L4VdbuPxyw6Yht1SsELNokTQrSxkPFzHvkPJdiqq00nlMvs4Ex1IyKJL5RKfqrlQkGKSPh7MEcxAGKkCxPiK7erDh4UFkATvPRPyVA7jcjIiWMOHtIqsMtynEXT8Ht2Zp0+PDT1+6vQsl3hdGUCVTt32XoJ79UsIiD0dOUXUcRr4uTAePL4oBUtW6pq79q1BBxJ+fe2MUVeJUy1veZqhVD0ME403jBlXMb83V14v3VJAm0Vu+O/PX6KeoDUUktigPRqlrIVKRp7mdYS4XPwyo5Bzc7/+ie0frVVQWolbvbsY8rEsD96qxbFYPLIpuJF80G2t/btIG3wCMiK4+f3xZjjT9ym+8uMR/Z0Y9hepkuGi/6xkijcuD5PAE9+xhkUfmgW8M04Clwrvb2YgCa/u2jMsRmxkwEDgziSb0qubq+empiqOItuPWz6uEx6nnfyUoXWk0HU3rens9APGQ9S6G5Zm8jKiIS8t4w0CvIlIJdJfZykJ6Nq2k81epghUnoQJ+2yPAVmVy0qd1lecR5M+ckeRnWuU5A1haW+TnYjcjb/MSrS2zU+KDX7t+cmxD+P6am1Z1xAgPPlDQo0Nk2N8v/6K1ql9oUiRiG/EqOQa/LtW2Krmueuu28XU2QxKkIDUjGlXrT90n02tlUOmPl3DZ9ditVfVPrpkvrIX79yuyS8W5HWWd2v5fOQ5ycYKT11WT20aborFU2jOlOcexFht2kdQzRYT10CshK/HVLSbGiE4rEFTgt9F8h19PXv7gi5dfuRiaa+39stC7lNHXFA3m5usFl/1QKybQSp+oItvwudfg3nGh3uq8j21Hjxfv3pcijxiSd4Fvvko+spe76KR6zSLKrg0QrRityEp0Nmu7zamKRmiW0MmF6k7LUP0jlPoYBYPxKke7SlX8Xu/uhd9R5LUV9hBY160NffIcqYNgYI/fh2PULfdI5Y5wZtrbJdKhiWjGC3rxl+WdXC1j3MoGXN1Ljpka7l085mxZ24qIT5fbmNg38vt4FipdjPJ9C2NfcaKLUvKcvXzZxRLHe0GMCEGRJ9yPCh1kLPp+EVnz0q07LnV3Kyo09x+LXhr1/VUk/HIpZAI9XwoUAu4J6+otux+ss7W0WdakcDVnl5O1p6gudWqE/JnUWGHQNOh7xiAtyxXDzE5MPmJaOnZtSUqGEKCNHYUwr8T+lI69HixU7dKMGG7LD0b6VSvl9a0pdwyV4FoOrTRrYa/8YfZfWoFpEkVUefCFIGNVJcmf5IsqbgDkP81yVL7R86yHlm+vkZLsqyJnfyHyHbU2h6OowRjNryOgoGD1G4ulrOFGqngj81b1RPXmb5Hy9nmirH90NCVPE4jsC0n6bhY4kwrEkpLEfQpuSiW3cy7b6sfnsEYI/QZ4v5BD17fY+tYnWf8i3CwUltEUa4WrWIiPXttPX16eyrHP47ziYTlx+D/AsPHXaW2LVZ1GZf8fn5c+MuETkVP6MPO6HG9G/BZTWBb/mZLD8c4GVR+oenAU9L5P0430/LwsbTV/BN565YBD0kjC5c/jfzoTtl1CHZbG/dg7rr3+YlagZBzs2e6qF+4JrvWq3NY7ep7i723ztd2sgyLX4VAXA8b4GDsj0yhRB0GMpfhjrweoo9QqE/h8YZ3FfoLVJhMRvjxI4dKdeUA48T5doM/1VCRUvkLtSyl9TiRqgU44fmZ8IEQjmWZ8U5VCc8gs0LCRWeL1SrBMWvucauZ6pcWn8DhehlRHmbHirfrs5n2LB6KTzYR1MV6p10T2icSu5D1mhLix0somcxJ0cFo/0vbfn34pB0F+1cirWEN1wPC+1lpVQK0sqnMN50KVdNGibUGYUIjeuZ67P2ZdEKoBd6qIY/JQZbqduMbINJjEP3Sd/IyPjv1Cemk9SFMoAhVnP5I+95iYsa5MoNUpfzvzMJfgtCXN0k7YQXf6hlvi30DBl2IS29hoOtHCQzHnes3orYpt31lPS9YZSr1iW3Ml6kPByd1z28NrOz1PK4d9UG8GsbJFaKmmxoeo+2u78kyK+xfu2jskGDETpPtnLxxxKnu80/Eocv1bVnpTXXdDcfrDrwo64F33Ei39KkKHDTsEFT1T2j5Pcef4Dy7ilfdkQEdB4Cs5xKdy+vAnrcbIrXJtxushdXpY/es9xqSqH4UIU94ndD7wufzt3Q7TqKGy8w/FfhmhgB1jLMxWhYcjhOVQlja8wsytG5f3bbW1ElccpwWQPsBgTDU8HzveVugrmPf4Lack90754D3uSJVz+X2sJXAliZGD8id2icmhaXtDkJckDpNR0ukHzDmJzzGU9oTbPFQEhjyUPq5nTuZJKGREzOItwAVppenOqfnOGg6mN+PYyRU+hZn4I8nlD8ESdTLvMmM1VMgMselP7DtpN66T/uK7kYRBbxWJYNaelB4NJVrr+U+nH/+jVSGQSfB/iYjzGHWpk8wX0N/o0CfXiupPhi3+hpyJgtdYbhrbVUdYnN/iSTIYKsu/CENFSeD2rd2WCilj3NH0Gg3pp7tk2HZIiFdsjUpJbZLVT1ODYtNIoeEbMQmL/+aMk1oTrbIqaoeO19lsdGmDDS0ArYbu56OWFVWXAhdzxRwbxG5UNN6k1BUXCb/lYZYeXVM8ZMMgLbZZuNRNs2H/Nc/oj3iZByjU/My7+TkZY11Mgs7/pto1S3PNP83rMLc23nAf0WrKl4scoqoasGHV2Bse1WKN4BtHMZFaecfN7icnyb5MNRJfbiCfxRos6aW80U6UyH+p02M5gj0vefYJAOdSDcht/0D6NPGWbWcgv16Opnj1rGNFGo4/OIorFPiRGI1wbxwyXn1C3embGRHoVRZVjtbuP3+IcJQh25xXeQIU+hYYnRDL8ReJUvR0X6jzzFf8neGG38nbMw3ams0241hX31fS8nGcgl3am+mEp4nXbg7U2GutcfTl6wK7rycPCaErnFCBZgXnuQV7KtbDRzw3ncxGlntfndzcJ0BcaG2droNuORIrltNTqTxo+OyHWFCyUnCQgN/Aqu1aLUeRNeC2d0PYp8UkoyfgUaLzG7aKfQuLJMSkXNOhZA6sJWLR+H0l8hQGtgae9ZUTVbc5npM4uSF5O0bCzX7FceBmswCj4PYr6/3UzetNS9vrlCfOZEtVfR7X6euVjFZLUTtVa8xgG7FA2T41qc/5PFLnfP9OQaLapfvWT+YBzC+RQAvDls3ueGkLIohOKI6tQ6BtHpNHU/yKCDqe9TKDgH4mt+zgLBHDiOPuzW4wQ2h/DBaFU6Vq7O92cSipoRzF4nLkZkEZ9DgUSrxgscthP9XU+ylx4DZWn3qpAbEcXJ6Ie6DfMm53fiwb9flzI51dVEj7YH118R16KVhrfdoy8Yq+KaMkr/VYsW60ny61HA8ctJO8gByBsMpTujYT5HsxqtOO/SImXzBv8NrNStQ61Jon634DnTaO1EU4pknMH+iB7tlZuittPzNrLlHbmfc+ENxwH/hchDgPrjkhjPS7yGzs94UfDjfq240kFSx2SByWbd5JaN06/ozJCrJur/vIkHAGrIGu6VY6bgc1CKds2ji4Snysropm0Xc4N4PfRJ4Fi1Y1hKyV69KSW0uFAxSEm++7rDW/kaaQx6GzsXF+VcuLlYdoq2EW1pJr8AuKDWAFsjAMG+oSYOUaLBjJa/bjsT/HKILV2UdM6c99teTpTl6tibHdhKp69gd+r2TAoQLfDJaugTTPXkPWTvKyg0O+iDKIyoeqaKrEBZDY4g9FiEGbu/20xUOAEB86j3bp3GUiadbgFCLHk4tAcJp02hvcsClL2TtC+ADKCRzEEm8JsHySxqo+6x8yuTIEN8+LbbpQBoyXfKuqWSh9sID+r+vIuvQL/qpkD3mtzTUxqnCYZ1m0Dzie/IDyU1ihfcsi+cvxw2C6GySDexqcifr9fxpK6/bpeLG7vfQtWY1dpdqjblvh4i1iLfNBVQyLUbvqHDGJk8eaMzUZPHpvlMrGyMqtn/dT8N9Vf/OXmPSKNM4hWYnDHQ51vYoTBjxrGn7/DmuDvd9OPza4nYw+Mjs+V5SDZHNyVyrNm715cTHkRXUU3hZdOfqQYTwQIrn70k3pVMqWOZXxp/BdodYSy9y2zs0LE28PZ5RHX1OvVCWNPLdfREOsxvN5QD2yORpTlXIZqtB++4BTstXyabVkUpFQVKOpsRr6gTHLXkPuFuUUBhZcSgTBeN7KbOqPAd6qz3nvNz1q236+Z4nqnyaXt9pYpXecJG9nrG9fMbZiAO+4+n5Nu+yF6YGL39f0JGrJGfBTKzmaveMUIjGxux57PaK/9B286I3UZ7I5k9s6dw8NWBItISQ3TPpq23V4Rv7K3d1pWaasBYmGq/DL7oUuNVbZYWNE2+qxzsHGP59VpbXe8lmnOpM57G3BgP4FDdbRjd8dbMZ9HIGZ1tlX8Yz1eSqDlk9bS8rrN44X4/gVDuuxE2xmRF4IZxTMESFJ8dmzbteRPNhggl+1qwYp/KbEezM5LYFDV6d0yzOu916O+M9vA41Lmo4rV8JP22PQVxAK2832qHjUUZQxsWYdVu5xIrkqhHl5/UDQO9Vv+esSlfjeVcuB93QxDV+ga+HZEvEQRJv9GblLS6+k6aGA5GSHRf026Mv7jfYBcYG6NQEqFJffkiFagBEudN04NGsfXKQ7aUM7eW3PTDtXCUCZIAYZRm3God79KgTo0d/cFIPReWxilV/dOWMeIm7LzWmOMSrXUO4g8A/cnxAlvNbAL2uASLg9OIunTjgV5a3vO54dlGJZlGQpIsDVyDu9ePerOtvivASxilePTu6kJI8DnhAZ6wCXGodntulDs3NpFxrT0WIeOTVEduI4pG9cebRI8Gpfv2ZaRZPl8job63/GN36xtjlYXsDX+/hz+VP22/fw40FDGlVmuwDQP1rk7WMS3A5xsWJ5BX9lzmCWNujLvfHdrVV7Ito8j6A/jQ/tQyq+V8KTKpF2640OlQtOFZRnUytBD7fRVsPJtCrMzm0U49ln5ddgzjXWTPL7akwqspheuu7e/XRgW+WOs8eM/HL38XcZwLQY3K4i1X722C1834AiCYyjeXBFI5sCMgYwxiF1JoyCSh6ozhDOrO4b7ZXgh/SA1zHlfUcD6P7nRjpyWkkNSXh0cExD0HtrHpxci4/c6jTPChhtO90kYESLUnBr1SRciPuT+31Q+LjwOJgBxx2YbqGZmVq4b77Lqp3Lq3YjrOlomSav+lVBGQXUY7jwOepLxeztccouNVcLUjWJLMpwx1LuCnMcjnYhdxNuwHryiFmPnCybM3yC/4TLYpbZuolrUg2HB+Wk6e+nviPpFv6j79yVfzlRtUg+kaVqPB3Rxun7VbC945wbAcCp3/6+/DhJ5VcYqztVpf731FVZuSkYH1PSIyq8hFhLmT+GbCDV2fJL9GvlvD2PPzKfVaA37BnzG5Nq9JiS5f2KsR8oVFHUIubDL70B24u8Z5fz0o3s18bxNVgg+d7JH8UG6CRJuXmlpB1UfHwNwDqHYc3SRRGRy3ecdpedTr3hjI49RnHqr7KajDBPP2RzcNuX6KMRs2tVViq/iPAxKT7oQrbTcB6KMj9bbtBK0UaBxSF8jlAvuM0FR39D95q1c/IaWxzYaDLAPWkA2lxeaPr9qxcfqYe9Ve2x5vfTb4miKwQCZzuUgs/1wtteHEfU1jconqlzd7zkz6r/0GH5/PsZVVYjEg55kehjtNAVRFeh2/u/COjy9kUAdukGdQ9hIEUw3Hk9NLwrbz74MriRoA0WHPaROuyIINlMaztU0TYa1TTR+BUfw8P9RE+bhQe/cXzl2vln3CiqNH7IzUSahGk68MhZSiKhE9uh1tV/uX57eYceX9ijd/Dmh+a50z1UFOs2VondwtpXv/Xz1ONX3cP8PKea5a8hZNiCGM/Oq+e2QhdXtaimlYSWHt1fvpyMDPGauxneN3KROJcpZZ1tBlnZWnUwuDZbf1UUdjIoDXW7AjIz9Tt00bBqw94GWWDdDUr1XGewt0yfUdUbe+rfXAoVqp/Zv5f5YeCejjDmAzs6HKJdX0iAXwIi2WNkaBb2dSH7x5eBmp1x10ORSgZ7I74njzcyz3QIWW4MRb/OI7hi0d/h6W5XOLJKAOmN4045Q4dzqOK1UiF5uAHefWr3x563GFigXh1oPNDj/Df33lhXU3Y46+AfZ+H3WW6mHHJPccbnR5KprMQalGOQ5mDTg+dQaeH3gT17ai+C11v3FvFrSZM55KVoROJ5zTF0iaSZVx6gsF/XaGv+ZcXgR6hr/c/p60YST7ZrWmqA93EqfMID/2QNZhM/zgqJLpwiMgkttk5TSvtHifCzASnYJCjYH8ouLWHjRhnSvC7gP800PoR9uRMX0Ko5+9Me2Ony6cUtex8C/l82RTjHBVo1CmCx8rLyqPGzFPbuFxRWWFrVarafC8U7LC+WnuAHrqsLFeWMQuLtEFXOB7vRaRtcUp+sUr+fxZfWXr7r/jKCinh93tYQGXh/xZfSZNV5M3GVT76fzu+Evp58ua/xVeagKrtZiFLLb6tVK+UnaNab7D+YFE4Covocc+RYsbV4+o7ZHRfdP7q+mCIFeKp1SNT9GoD6HGDyb9xDkpq4vho7PQ9TQ9e6TLKXPiOkWNhwhK3SO8JRpUVgDVRp59eGW/j8VCxvUJ/A3P+SISvZ/JdPI/6vRPpJe6CvRD0IX7D4Uhv4ccyoz970D2s7DN8086Mk9W2KzMputpNj+ZRy0IEqD3RjeGF5k3QG0PN3ekGc/Wq8RitthVxB3I2jUVpkVMbhvEsKutd9I6cz8D9drHmAS3f9nH0yM7Wcx912V+4cyD6y7rs+r66so/KG69aHJb0PPV2LLXqKIuLrv9zbuPU/5vcRvaRDytFEaqM/zW3Uft67Bfh9ViswuLPpxSflv0JDSyCTuaqsxxKDSSGJArHvT6HwHyShO6clux4LmcjhDSC+i0Cx5Hu/CQdAdve3scZ6iHbkSrgijHr9Sqy60SbH9YKpXREKX2xHzCtyE3kLf9q7HMHHdTo7a2RXnfYWe+y79T0hANmls86Uvz57uRYkevvHwThBC9amf+AV88Qz1WE32sdkUGbB7vaZT8aSCw9zPHR4EXggprcAmzsKnCin8EHxlceug0Gpu9QKvSrZ3IVnv2PvZdv9gUQZDZXzihO5O0Z3GwquYjnR7GwKSeDX8R1Cm+dUgSM5FcHMAz1AEQvKSODudm/6hrAMztlqKill9eCCdNFSnNiNN3bAj9AQslgRYjy3LTZPtZQj1xK5MsdFYmrDNeQExKFV6lMPb8GuLk75OUNNPlOE6otdMn2nmHf/Zx99FkiSuvT91ZpaPinNcbk3bFvsAPp9BKLZ2QytLomF98YkziBCaTg9gsrERk7O+WjDBghkxYC5zIg+mdRDZEMZE0ZglQF0IA72K8npkltZC4mmPAxl7pncao/vub5y3hGjQY29GiYllC3Zh7Y5vLoSz0w+ViSkdV++5q4wOH3j3cZERpHfKSpf6Dp5XBJCX0xjtcMcJALX3hyKm+Y6Kco1i71N9DZmQujxwN2ic9EP/f+kJ8+23I2VG19ULU9Fp5B4Y8TEnn7Ezrvlr4APUms9j982p7pw9rV0c6/u9mKb3tyTcnBIISweTC9Srq9ZUBKH1vCZ/uo4UVuNmKqFbEdiU28QQJai34o7GonW8w9kVTCmAtLBlIBczfquIHHUtna26Sc1FvmN1PEFkGdWYipXLZHXepTsuCv2gnFdmZsia+HFV9KF/dKA4S/KjKpgbX5wJqLQd35T+YfBXZckAQ/C0MylBohlvKufwFAPq4XPCxr4TQeyx+wQT6U7kMZkSDBD3p8RUFIcZEj41vi04t0A2/P392g7T2xpgcVBwk/6FFtHOqZ6Pdt6682mlF/sB/QgOA/v7x5F49Pzhai1q5zsZG6r9REFhHVS7iujW/Zta5ep2OW41c4/L7WXSvB2W+SM9RTK6FzyEinDOfRlUjr/FRNlhEsR/UlVi6qbe/mflWLL0JRpdYWV0dsL/2m1L1blznBCT5Sie+NdKipmwuQRXMgo5vbiTsH16EL6xxhX1H/LN2Laj8cIcQhUbv1l6Sck9wAnGAQVPs1adOwE2NiR5s40EeAdYDx/xAq1ebLBEhHHP8ipHJZlPC7RO8AC/YEwyyCGP2XJUDj2YXH3zNSTQ3kG+slSXtZAwknmLozunNTBbOYhfjgFfaYAVOv/m2oVNmW579Cpe5mI2b+hEoRm6oZIJ8eG+bXb3bJXXORCzOAtsODC3IWhC7xpwgR/4962piUH4sBq2UnVrq5gsIX9Y1HKCSYfIT/sdccJ+o+Skk9C135UvYK64VE83xvNP0XMHo72hxnyoX1nHEZtxrScP6lqf+MCtlsI6VVHWCDt0Qx0ln4ULRefBrCz1C1zAqoaGMI+uXfaBch0/hNa4mFp2OAfOK8dUo6aXezG5cwQkNScLwzljLc+PEK6UA89ZhMsa/g47wsRJAMp96CQp8Xd3pc8Q2DHO/t+1d69P7MWdoh4USUiADkVoZBduZoGDf51EVXYQxSSPlYoZcTcEC71qwuaBL4jmYhdIMVME5gv5KNOD16il2xWUZ/YQLX7TCtGVrKri4mcO2Ycecf8AolsxF2w9zHeYC+rshiz7iYZfDlL9QENRN10DOxtnPAyArH8/Ufgn6WgBat+vSfNhL06c1dHnqNvG4ewMi0TbKI8XttiDPlVsPj02eFKrrjQwxh6zWopAhGVer5zYR109VDXTptSUsb7PHzuTeH4QAwTt0y10hLp+RYusoD1+PPjGqIPts4PcgBbfByF8ZndTivHnWO96dIHXY+W+FovRN66cujX7HcJQF2Qyx+NRmtMnAJAKI0L7po2zl2GxcXnz7hB/Ob3jB/A+bgLqdhk+GFIfKvwZx0mCSucf30rUJ9gPWHcEy5k3AAOwmCpyM1AQdbEvueKDw+mHJ+aihSorGRqnNTKmI9G1E6/LYFcRov7Eh3iudv1LgwTmrjf/X/U49VMS7XeBSKed/PRzFia3sKmV//EYeg987VFn+4bAmb4h0Y8c3hcavUD05hauk1slTiJmUlRUnoaYlcUe0TUiVo6BZp7/0DHu0ldUeTaaLlTXPaz8E60NOnue2UHrYcR6oQ96GXhP1KjvW5rhF88blGePYmMq/EvMRYj3PBmDTQNC41oCfRJqaUcBF1/FEui6jtqSqob2U8XAFuMv1ILgRJpgQxywMWMPV5p1BKwiWO2VyILXJl5AjWPkDCIaaBGe3ZgQu1jzEmM5S9/nSY2p3/wUmYifinEtasE/Cy5/pyI73XiCq/McJ8Sjm2/+3x0NSPh15JRDhowsXP0tXXjfqRXC/PZPNcjARfFAXAQU3wsQxv07pSScZPB2tPEYe/B6gwn/o3t/h61DqBrl8kVLHE1j6c1MhZPUvLYq6P8+zFqya95uu01qYz9P5Pn3ggxTsKnQ/sK6yuqm06bQP6/3jFW2w+4ixkrNmUK3pSvorbebGcraG5lgXTcVyTEwG2PafgC0T09FJ6aDpHJmC78CothErB3y3mod3iS9Fu8TNpnxrTkxUS2fjMPo0q/oCveYOEc5KCznOfpZCHgxqJtLofd9gWPx41A/CqQSxOiS+fcToSuxNNj8cCjnKV9AQdi0ueq4Ht6I7baa2mWhCladmc8hoYVZG375bpmx7w8kU+whKIt38vo7Y33A6tlv3V9eGv7y8l4Nj0r5wckWZ0S6j5lmv2HDdxNto2DRoc3d2Y0M1MNJ/5Yfv8IKx/jqgLF+OKWJQl7k+ljyWbB3hdME2W/F4HMn7a8CQBefJBJD5xY57pVsZ+RTc7CWbTLffgtfVs1XBUIp/V6sT+eENUlt6KPXy26aZxE6vpep0/wJOhIxeeG4D/vCU3IHNziYmH2YpYlkNQGvaplX92qOSXwQeAB0o8Q9bUIGviSsCOY1wti5CnF/SbxO1BMo/XxbJdfBptWMiyG7d/PiXkq2hj/McNO+lqiWCdOmrpDQFzqyIjZlAj+MVumX1unneLBsSd2CHeFUNC900hJn0+J03JabSMZ26j3UtrxNTaTt2wWHMsRYQ7ZWRkKIIkNFBdwaKHRfRodYR6yvi4SzH4YZrhKD5uIleWNGuTYyUZeiOpq1NP0cYeest4vDlck2E+EeXrrfC3fkZhJgRrHWFOu8KiEAj+UdO0XrLeoyPnmg2kAnX3JzRsPjfPO9tc1aww0R25Mojkx7ITa4ZKDt57esKNglV3YpSWaMTRrKdXnkGLu3JYav88ERGq5OQkE08w/V4/p+OyP6NusmleNcll13plnwff1MYbLYwWvI/eziD1XL3PSdTIwJ5YHXe6RNxCL2lSkiZBSer/DDz8U36QEqQ/tciQe7/mlZridADuzkvF0XcA0a9NiM0lsXRSQITrsscIiieFPN18utktS4BrbxiS0miGsGKKd3Vnza0SYDtnLvu0Hy6rpBDijkn4GstMA7vuzqgi2jJ4+n9bBiv8N8tgIbRlMN0/lsEukrEN/+EF8O/sg6H/sg+ebLEmspFh45leeIXVeAYSV7hyVPuyXa0tPFnp2PuKf/TxX17f+eMdjOQxiEk8Xik3md+LMd1yRSTC5D627AgkC5c70cRaavXUGdijqi6Orjousz0Pquoi6Kqn3NGspldeRle9jfC7wgKRRohnQ+xeJvoXZ/o0R6VCbSOzbqgVaoDaVWx8Z9B7s42NHV+aSjA5MLOJvBirN8M/D3MtM4y0EsCIONIRF0H2AYqCJktMPTC+Va4IGWoZTUmD8VgPExaCuu2fjQKRuRLBio5RiUkWI6zzecsQRoIbFgY9RNAw9DMjbcO2eeHmlwxO3B1/12l7K9moIh/hli9RKhBN8NeHn9nohoeNGQn5+LpycDi/S0N7y0k7f/2KNR42LP3R8IJk/SthjcRQV7bgZ2N5BU0f4M1qZpHgMAMKU9BWq/g7uY2nF99VIB1j49D/NFqNydQW5tSuPky7/5ASxVwPW8v15nwOPELkC2Ks9oWctDn6+x3+VvM/O0mRWchNoxs+lgSnSbIY+94qrazVM/qkw8FR49qjyGzpF1qPGSU7EPDHKIBpAAJ0fvNLfN9HkdGEWns2C2a/15aorz1nXs+ZPcH0lUHNRN/OMR50vx8R4aQ6jGeoYE82PiR05e/282RZJDisPIJezVkf4izhlQb2vsHPVsa0fg8lwl4S4MniRLX+ST0BB0rlHqIUaGAsjlKk87Q7//4K6QShvQ8vGaypOipX6QF4j+Ky7XYM+V88Kq8ZFZOU/mVSmZRq8v7S8GP5y1X90YFh41ILErA077QpU0hr2DM17K/UF6zknlj5pz0Z3DUoshCoQtAvZ/8+6dh58uL1UKce3/ikmIQSLV+/XGPuisI74HhkCvXFi6bd42yp4rz78EREQaIehlMcWuweXgFOZm87IFRa6igo57XACWH+HyrNgYk+JACs8HHPe1Wob60n8C0Bj0ai7+FT1J4Dr4XmveBqO0tP2NsNuVB0/4bhEyh9csHA3M0IZ+wp1q62SmyYX3870U8XlD5TPonTkpL4TommbJQ/NRXR0HUf84SCzebAgw+o2HCzLTr3/qEURsj4xMeQ5lSPm60ai4cfMZwiUIJBzbjQFR/wjupTkBOOFznxARd1BgWMWDhJsSPAOWCTbuQ5AQEjCoj1Dwl3rj4ztckdEq4M5RGwU90sy5YCElKXP6hAj8epu8S0f563moQo2o4Qs9S/wrZ4owGahUlNvECO/8gjej8Q7U3HZRKtIix/ByIpTLLvadEW+Pjx1w5VMDiCXG+8WY8KbJcLn+virxcvEirHVIMfZhe5j30zKdQMjHG+fC59wkjgsXtadr2dBnlX7xS6MuQLPzKUh+Beal0U5HmQEpyzOW8VKIjR1efp14AtZ0sttbKd43v+5sf1wGtEbDFbz6gakK0AY9ZOVQu+RiZ2H+U20sxU2eoIcWgJYbcbmeF8uIvu8CffP6LNzT88RrG+D4958LmwtsnQZzTq/qNgI1xpVIPLHf6q0uHHevvAK1AFaqfioeswF5EdXTTToBK4J9avOMnZuPXklcnQgvp1h7XHxUOeF5gy77TfIA6xp8VFG20eHuFLAYO8BnFy1EUkkUdidLQjLBTQcgbG3Eb1p9uRFHq78dqdXDH1aZzcCYkHHdTyWx9Sk3BKlj8uk1rlygXTplVumy8M96rDS+iPJ53DK4M8VIuDPuOelyd/er86sbq5wtJd3q1U84pTk4+GzYt4+x5PzXCvDPuduyn67vzb+M6XhjPR+B7rMgTugZGcrihY21zpD2/SJ2MB7E51eSuCK0ZygI04YJxqVlfM/TeMi5iyYFyA3qaShlW0VbIF2eyuTXz73wq9LYCZDxXe/90dNk78DXFKWaVn1Genp5BEAvBydHV0Unjif57ZybyD4n+Y6FLrUkv/xpX4PoCiKAlCHgEWX/1ev0MfF7xbqlj1ex1KjyKGT7xn8FAj4zUtDpLbuvHqMNh6+QGr49bmTKXVY1hBZJjnxo1Yc/JilWCw6CJLS6ykSQ3RAz3ldNs3E1IswNV0/E5Dg2W6xaDgN4qXQbE5lO7EoWtUEywx3HyB2xnqVtMmR+0d1I+yqTdbKE9XVeT07M/nNF7JXH7+XnSZI1Xkviob3JqtKf7L/Wnfrx8Sr7/gizX7lwRkx8OleO6ZYGQnLQ2QynBc+ht4ZSOesBLW1NgpAS+HlrHTyIept/L8kGSkMz8irU0YOSumiY5/NjokJELfKUOOX2QffzffrxpIuQcaqWKOpjs8iiWdTVqokW2u4SuIAbOyLTRG4Lz8W9YYalDyE1/c+KfOncY3SUWaz5cHatmvFTrap48njW+sXL+oLqPQMbdayFKV5Co0eoH/EmtbBPOM0TUZJMknJvFdF43crraUliwPvMzQ3NBMwtjL73WyOKqxHbdtpr6gHiUdPuYKi5IjW1RAudmSetPe8PPg7BwJLLQaBCidUlFILT1gKLe5RzwjP5JbHX3x/D4IsUzvlzft6piE3WTjHdxFSa9rsDXkDz/6/CA7vBEZRSoKce/y5WJxl/A4vej25wb3p5asf01p/MfGh3SSpwzId/zoQ0u3On8JOA6XoScn+bPModgUBoZSXnIUDWC5IqMnWZBAtvQ4LcUswh8IxUzkdhnKGZ/tSvOWAAgb9EdrdEwRjaMGYvivW3rpq6Gpc1WAsAv9lNFAKHVPRkIurGiblR9Ovwg+Zk0OKUYxQ5JoHNBbiODS1VTeit3eLkEw5cO/x1Tm0DXjlahAk8iVnNYKWSX5qTqDXIfij35Tn7fzR66IfrS9BFtJebB3thH9hOFMwTbhRz9ngI8xHQlREDLWYKD/kgfLjAQteJhm1HqJntGiOCEHbWXM9B+rwGanm4Q1J1CUTtXueEOkecOrU77IHiIctebkPcgSBcPhvXbhR+HkiRdhy/w8HeqzEu1ynLQZar3jAqOpAsfPig464N2ZAohl/ghv7nT3ZcG3RQJrnTCgIBECxzYXRvj1YQqTvTr0OH1UxCQnjXJ8MN+f9lcsVEOPb1eVnGSdVV739bDxcU8eVMB0O43iGYq9E+e502uMLFEhAqKerEfReN4rXJcVaWzLoRVaiwXwdZVSv1730r3KQM5wdmyP5hpNTYqUXb5oQgZkNuq+moqGUbMj72OcizEuujLZfbNuuvp1fdEbMlWm4m+osxPTbPJXvxW/13Mynzryp62Ox1KXAzkmKyt2KpePj6qBjsyKl90K1y6u9XKiwk42KGJIBiswwBmjwNqVOUXYMVmCHnjVhqKU5fbZUcn0Y8x26eYBjHbpqWMqTF5vFA00v2+ch/7UcYlPM0Uv5yYjszp+/Qv3qWAFKtyYwbjVkfUUMFFvimelbNpiiM02rdO5n4OUv1h2W3mjhvyDf1Kvisk8oIqIVweW53LqMgpJ8q5laKfRguzygOxfFW/a8qBTsQQe63lCy1/ecgKfGgTqR8NqV5vVhS6NwjKL3qO9Kkk/HZva7Xp6qoLKVzqzkh+9CcqWuuPnrIkF0h8a3pASB7xTdKcfeJ+qUAPhPxbzL1o+UmUr0H8E08F+A5fqy4RScgqzLr4AJgHA4zJKIl+0+lnyD8bDOS95WZYTLwrqCtARhl/d+aARibxuVtSfWZc6lDU6/wrTXJjxrAuVFsN9BRMZ9jQptjcqK6bSIuNv9FmX8HDNd0jReAERSqjkRD0VKZSUdDyfmup74JWA3i7i9Sod58IKgqFKGwwrUUVP1236bzXHlolqcsIpM4YRwuiKrkD+FytvGpfU/rWNW3nSskSynJXUygbHSFNRKDWpn6WZ5xw1pxSTSnNCwQmptMRUqOPJIUUyK7WciMx5SFHsSJhliiNO4YQDKk4I/ul+7ufzvPr9n/v2fl7t/W5/9lp7Xeu6ru9amwaKjQMdJ7wyfZo88q/HTsdltdFTk80nbNruy8UZ/qkf9t4uoSOm4ROC1mrr2aucwL+ZzszS9pqW1+mMHXYAQe4qGdjfdGmvsYlsM2C+GU189iJPQ7XeGzt1K9HbCctO8TlDNNT5eHLPb3uPcnXPHc8/5hB7bI/LCMGn5/yT/aTletXUO1PaLLkdWl7Xp2ce3gPc26P2o+d+I6iGY40NwC//c0lXGOwk/Or87udfp5b5zbc0ooxu6NhTknvPOG80PVSyWT+YMP8tdmYDt7WKaw42/Lz//vqSYqVBvZD5ZZ209ENrhNYQI/hY4m09bGz0b1jHjl88uSx4hDyXQMZdknPMOnt3NCrcrdP4zis7eDiy/mH25ybYVhgZa3kiRD0fm/VnYMvPvqpjKVUHkT7Sf0N/JWEKZN2/y/rFQTmxyjmhdjQrT/OqxS/+ZxGgR9W8mvqL/x3r/HhdXENPZHbiGFnzh9kiC6wflxne/iMKjd6vqiR1avfrvwheMd9R3SorvMDUTZMgnu3flfHBKlNJExeTGnX+zlFgag5caSns+HROJ/DVfGvI6JGmKpvKYYbaV7uDit3OatDnxOm8ZnusDX8KDAh4DjBp7cr/A1t3b/wUjnfSGsLnpX7B5FE4h7rTU9KE17DrL0vfX7Xw0kxAp6V9vqRo/7vENQeIvde9F9/tH64veOvWbDab5/6fje28Xckaju9inu8y2WBAkgHCn3ZYm9i1W/bLzRZ9ij87DY42wSn/5Kete6finNgJ9yA7pVIHgPfiBT9enUh8Fqy6Jo8TmBR79HfrpeCzIH9zbv87gLlgJTGq925IHJ5HY1pF8c+CnKcHKEOpQeUNT4LpAnrPw1MjPmNGaLHOHFPRe21383FZt9xxvV8g883c08TN+sXvv6RmoYZZVoXmVaVfSVBS00vSvNr/Kwkfifd+nBVnXNMQ92nn2Z/5U4HTHd9fP76ucI7bWRX3NEi+YNxk4dTwylKOOAHRIfHShfs03zdZ2tCqxh9QpEueevPIl0n6us12vk4WmxcCVBDWv/ZakyaUNvIUkdeKw1ROgfTMf74mEswKSrvfvYxMTL90hf+TSLzT2UFLcA9YdMam8DqK5v/4Ib/3kFWTxXLmYfnfJCQ9CuD56jJuPizH2SOx3oGti3SprHufHh1P2wX4iveUXKbY/Q0JMMbEWNVtfEtNuMKnUE80BHge+uFsgXL0MvJOagiN32DUF9+TuRbZVsEWDsdu3rSt2vdLVl4/E8R5bnybq3L2jm/8QKh0ZtO//RduikR8f+TSRE0VjoH6NagAxmU5ldBC77rVBJ7S97JvOHJcDPCFAxewK6pWi6f13Nb8za54IBxaHz7xdzC7fsATyEeCZsVIj9K96yBG+uRfSL/YSakSIz38F9LTWSeVdhrf/4X0O2++8xZnOlM6+MuBplmLhi85SzWC8G4u7UHC4oTfur56+o+vfScPl0X8NlAP9f2LXXl8H+bplWybtspRu384fzzFy71LUzrynwt1e3Qc1ew2xw1q/qS3AEjLa3cIvdfXx5IMbc8omv711iHpOEwPzXlTP9+KDcst5cDtRE9qphL2aMo6YkPcFW+/W3OWL/VxMcMcy0ssbNnz/gRi6gOiq+XYPZe3VrESjeDxDwja8YaYhYnhUZ3G3+PSNt8CpwsTYSahky15r0+XjZTWemuUElat+arRpGkEnRzBSXoC5yvLALhvS6u+/iWzZ2bMLttGtLa8fGpYNvVT31vtxukTbKGhHu9481skRfrfOVxi5E6QIAa6iSkL4Y8jab6ZI5c+O8VutnzJ9sjJrj0y5iMI/Lcd+tela/fO4utnMOrp/jPXBS2yV94mnPu1sQQu+3+5saTAlrfMWlwLPLn1u3GBg6cN/1lcWi3DoXj+T4czndMX0i88TUg8QZb4tMvyZaK/Du+8bw/hZTPcrGkg00wyeFKVo6loNNlWuKvYwvOQjNlCqkGVtWOKYcIGS+7n4TSVx5o6iM3bwJ/0R4ZvHPahvnx496it6kutA8ahUX3OLdUCuBa5cXk1FfdqrKgXtcTwHfn3wTi4e8efGI+PV/x76q+8azpSpOMam2l0KuqtY9/JT3xfxbtn/73T+KttmidJOChO3Pa461ZRREXpPkuMnCP7f31xHgRj/68Da/WDCcASTcR1oO2FIv7bi18TtLx+Nj4iti7IfdYkaGEDRo2/PW6+6JU1/f2l9m5Noo15zN+7VEXSelE/72lfwoYt8gZpLuvGXtdNfORaHN34lO/pKX8i7lwD7ZmovOjU0nDSpaUsHpL6dTyj4FhS6sbbPCMjrmTU/eOg2YPFm7wWh3CxXgR3Pyo1+XLp3Kn00d/jXC5SRs6/+i+tk5QvuDl3PACJtkReLhqpl8KBa4MwztMfv8cuEaOyBQKL1QTcsnZ7Yda//9auXpb8taD+/Myd8efGd7lpgUO6141f3pbXqPf9a//932QUbIl1Wbz+gLNBop1n2UFLtYQ/tC///wZcLGxgkhZGXcaeb3P9u26d6GEFFacHjqTd/tGk98PwVetPZ8Qlouflxtn5kIzxs9KV7gP79lBGXaLCfWXWnxYdlgl58p+z/C3XYsKHv14iGpgBry/Tmpx8i8QwwJ9C9FiIydk+REshobXLOgGE/eGclJKiJi38apCsrWOyYodyxLYY2TaZbowose/IyLc5s1yPfSJIHw+9oyN5K0LiN6XYx/JXHx/Cf1jUaVgsKFlMumiXdBWUxaU9hS8tDl5cAEzogdbBx6QekBfzxs4dh9lc70109EKPfj3VitF2dOfEFkJ5AdIoOmgkM460CdirnXxPdcQb938Jyv/1cv+v842orcPDsWMVkbH/e85a9j/nrG3cL2zQKN7yzo7FoX/B1f51PT57QfX79DBo+pkbhWWsyE6JN4q6c428f+tqaWREOKP8FSHi78WjaeuXSqvHbb+OJZElQSm3exfgpZGF9YsRTj8uXHirkamR+/lE6TF4O+H9rjufD9eM+lqXqtOIUCvPxm9vKZO+MoI1irhVjVj45v8hez1mXHHlWSr2qtAwDboE/xtAklRdj8j95pPXkq7HeOgpqlfl36TbYtPOTY3+x2+f/70G+S9fjsbf0xle4X8nTVaYxcZpS8MO3NeRdnbUM2m9Y626ad2LBwhoCVqnT/k6J8b8nfVnOM8Rev1HU8kV8/JFhP7ai/yjpW31HzJfVn/AL56Sihz545HSSP7m29Lra9r/wLMytUML5kBHSwItQsZvjHL/Rjdi8qDF574S2nWOZOw9PFsZ87eilyRE4ty51z82f8LfRV0v/BPxI/+oSar0KUuzv6VIsqblf9vxeda3wm8snMf/oRHWtUv7xx+nQK3/aKqbHczD8t/e2sra+PhOZ1gW7v3/IBqv79+bEFXt3q+yvEQlcStcf0XEC6iRaxq/3PKF9ghgzlOeanbwTQa9hBb7fD2VHpHIepbk0vLUgT+VwO+Ul+/7w6uqqbYrXwP6z9GSV5ttrzfGG4lK8UaqiJ9NzmZiQdRT21YY430K9rPb/fY7vYPtzm2ah7sUXZLLEdxgU9fZ7OWdiUqjxm+IF4kwCa1lYIB52/gf2A2Vd2LQ/BsulZrxlUwJ6ANM/Q6CPPBYOirVpFQzfY0YEdP7u5evZ+njmJ/51x87em4WsgeCBlPESsrw/zD6+1sdQzUmM1F/SKHd4A9LDu9jySXHSwZCBi/prD95u6lwZC1yssnr0h/QI1OvIGj4YfVeyYDGe3P/ADPHzJC1OVG9Tcj54jBKZ8YfM0VVnPBiXuD692VrSS25+9I2h3cC8ef+L7eVFyS7JeYGqz7uqmTInI5uS35BfTTNcv3n47sxMDnTGpUdQmvtCZpqLnrJR0OhHbR38kmAXA10dEF/ggs2T8NK32T3baDALYl0IXu9u7+8yNrBn7tGIqpT9HnjmjUcbPuhrdeTV35u+mRXZRC/Evd7T+zoe+itAfAzqj35wtHBxwLio/7pKttzPC8LQbwLWgVaZ5dPzt8oQsc8NqZkjpXpQ+esHATvEdpppI2aR2YrLOEXqiKE58DcWNmEr/3DvfRff9X/c1uBb9QmWjQpBrMz+J90dztlGvvaPlG2Yk4y3QhR0sgJedLDmGFzH4oR5iKU+qjLqs0R0+NnEcLJaBBEg0YZRzV4QzSww20o1Ae4cWAik3QTF9PV7OcVyv2kr4iiPEXiRgvh9ZHi6DAjt6RK3gUdrC6MCJley4s4b9ARGdfMHIt4Rcmhh+28D9LEwLJjYg8foxQbTe/JMP5SAYKEsx4WpYDNqzjfm0G3u5qZ9tm4wys6dJVuJF6RxyA8QeDCooeRsyKUxSZ3g0XO5H9RbsTuhx/4b0cBiG+c1Vy4IbE6N7A26Lov7bQd3tRiujfXaZZpbx5dwI4YM52vZuhpMfSuxbleeGgqmbWe4C2i1IP/yi68z4qrsm0xjZnURer2krZskJorhszefzEHEkhROTz//tXBWIHDpA5tvcNBqTTqRSdS8558BmCRQZCOk9LMFgLjR+0tsQ8wSt3VXV/hFhKFifpnmDVbag64Fzs/zMXG8RfWmw0v23koxPqy06G0Ge2O0klC1BoLqNTLrh76cfaJQ/J8eAbmMpyY74dD7w72anny33558W1wtDRDYi4J1V/hJ0QrUBOY0NOwKbU8cPxaximbjPNhNw5B3mP39Twnsl1tENxmez0uE+pDhdVhcGHxLgg8fMGxvaaXDEY9pXUmgK0sTMZYPGW4LC/7C3z1Mm52vBfH/iJYjF1MVuZ/7S3Vg473/XasUyrYjKZek35zInm4wgDNtFAaBLkqQaPc4QT+slOq+x0Wpsua6Q+0yxEWny8zxnd2zEnoUYaeDrpHZUCmpzzWsPOEC3D0/oDspyQEbh4BYvNoNNzEUF20AbsKseGYh9tGPQDXtI8Zgti1Gb0NIMYhcVEwdf1+Uze9eVxOPeTrocEdf/qdcM1OCQd990Z2fzXlHCxGgiYOJX5qtYIXXRiaI4KyKNkp5ewMgrmgKEVds0O0gqY3oKpWCS3Eq3FqG25EkmB2Sc3BJKaNWRNU1dqgUGM7rXNNshqzs/KIiSDYlqXsyaezQ6Y34sfs9W4cgO9DxnBSoqYLr8CgkpDmcpFhdqJjwRTgHoEN+ttUIEBkRtenzghtLePBPriEZOEuI7qo60MDhCIGhW4xKPRtGxRidqxGowYr/IzuJRl+xxueatuX+6AkhVTVpG6XHRv2yI90IexedwS3a+yyLBItWYMMn6VVZngfYbv4yM1MUtMhRkybPjZ1nfaW2t/cNzDzft0JhYfNOwDYCBjz7AGDqFSt7uEQ92Sw4hKD2TTXwk+Ziihozrd4rqTgc9f7RjMcG1oEmf78BkQ2WgN2bJS5Jnlu5gKtU7BePrXysShby8GnzzcLaLnyzU/0zK0sQw+Fz1tpCIu9caOzxP2wCYMvUYHiUsi0TPxvlsGv22EFYMaOgXROdRAzKjqNmsCwM7f7XHQ4ycx6k0W6pMYfzXNlaPlYI1uf3GR8zBtDHU6ntiu3GKkLuUTcqnO+rBgVQ7p/JIAg5QdjsuvAsTTRWqcrjRXUJQ9CUFztSDFmL6Nxm9LQJV4viP3s4e6zhzQ+axf8fFg85Uq+GnMGKdkADduUNklwiayEaui562TOGpVYW8jb6fto8NV9LYna3atyDmpWMJ+q1PBleYccLN66TXM3xGSs0BuHRZiPmjiMRsIekFwCdHcHk+sw80PvlpSnHVP/+5h4TjJQ5r5yo/DTAJ9OHYoORvoBSUAarUjzwX6Smc2Eqhm5vzVsX9MBh+ylZ7LKp4/M1GpXsShmS/j9mqDeGh4E1IB5qWDOlxOo5hHNGdZzUSsVoHUWvhOpwf8C4h9E4jauS6luVBHB/MAjnlzbC8d67a7R29+SyVOJKa/nxiRt5m4+ILskOJs5IVbpj9h9OVMJt5yROuSfAEKKKeJHYQsAiWOf07dSM5L9EnXM0yiNGk5xTBdBFGE+asKCliifburSbwPOSIft4ICYDfhJrLZUzblRhzJbYoZFL/WoeMbB0154AvshqcpKmJdTf84/GVKFN+uyrjgWnnyz8tm6DXPN9Rd2QxeXEfnHUE/Gtbp/10lTS0CayVtjEYXncZL9JZ97c6a544iz6C5tzPz0hJDi5XYc7ZT7iEhRQPrGnYcnw+mteeV70qhlDxEAdBrsb0r6j7N+TUQNWl8SSU2QHFVdarQyVJ5IhZlTul4omstotpauhtYXKZiMMvqxZSh0StTb+0SDYejZXZWlwxe39e6Wv979ddWsg18dLKnqnB/QgyH7lhglbdQ6grzRo2yL5hgBMQGcG2IaGVpOJmOw/D2wxMiuhZmqLn69ZKhtdso417KTNPuhflWTvkGTa890p6lMjgdjAmgsHP3FDOZsN1Q+1DJ3GKnp+U3mvQyDTtVuHYINbmEEJu4+96WPcC+bzO+ZGQzqGUTfCSprpWhD0sC8ZZs2sCJEWJUkP7RW5tTMcnQwEz11V0DisNx/5ohzIOCuutCI0OUJpMTqzdQ+7e2A/5iOIRWniJkbGJGpxCDrVodbGTpacwwZrRySc9dcgCZaIYShNQ1HXkwHU/GTG5neH0qWkml3IcbAsa88/4pS5GLhvDLJXQGVLpBpWPFGao7nRhPrxs7KelAUkaOkqiPdItqNCY2hDiiiOscdnfnuzz7jGLziwd01ze+gO1VD3EzdAHJWio+JFa2R9cIPqQmBWx5IRkJHLFcX9dloKGbje7+I+09JHEmNJoqOSKuWhgooTs3PVzCsdJIF2keDzLfaVWmtuQ3YG9DaCdgdvL5zLos6RGqJEcOdFZpzqJPkNoAM85NNtM52/p3eQbfPNB6A8F1YjLPp1yf7Zj/Zk7DH0kxRvcUpBHZ9618O+yK7m/IL3NLBPG606O/qIVRXKgu0i1+XSukWfBDlWwHefV14M4owqNGFRg0vAdOnWuU6tItvizIIMWhahI9ywGsOc4zOYcypWvaDQOY+yeFTSXJxk85nCTGCPLfvIFVy1UbhfaUknEFMTQOUO3lanKeO2E0eHfa84+qY3bY+9qOSfivzApS4yOosk86fk0IM0sMYVuZl0zdOoP0OmKXSY46875BVGNVGGwQwf38r7wClpqxUmKD9FIsfkqKyU3ohUObeEGk0zX3iOEY9YAhB/8a2CBdUOtGj359aq8gmV8zn8oWNCfbmMq92p4904l98xXZ1R/6NFTqaijXEDUiFzKPqfVV7vVd7bPWrwyX9cf6ooDDcubB4UwXcxdbgN8eSRI+RobOJRKoMZL3Lh87MKqQuLWhydbee4J8aledk8t29GtX3bqPVi1udi1cjFlEi/KTL2Znp7Is0S0pkqmmC46Uh0ABp5KIcap4samFmmoZmX/ogVZ5x5UNHQb5o/BYcQ+qfJAI+5RNIZhcDmNbfOtYdwmJWJopuOJc5parsnR9OVh/MydMIDdRZAfCjn6ws9Ec2J3Rs+r5SzMtZkNDqGpRqaIw5s86698+uhy36tzazE2/2+neNBcgiY8Z72RscVjtIAvYeZ4MqO7E8HICbbb2eQDKdf4VFDccus/ncn5C6iXj10cwohw4fidVnghJRynY6/Ue5DIPhelMM1l/Bq/FCxgmbDODm5Ne5rebLmg/IZlZ+wB+J4Ry5LGNW5qUzBGyH4TW6Mnwm+mMDr99BI1bAYmdeEpQhqMTyws/fAkUZ9kHaxHUHmksYKkYRukjpZ9f4fE8o4Yr6S7ZyMXsHf1+xrkw2/tEbKSkzonsxYFJ3ehhhlP14QWr5oetE7OJaCB4b0L3+93KG7Ig+7Wq0dV4OpqkjM4crbc7rurBqz8ULO2cdAJLsOX/cLO0GFYbc2LAPxeC4KyB+wZW5MWpOjbjXE8XQlbEtAeD2SwAAOCWlHVE4BVQ8Y+/77Ju+yDdXvQO/me6WygwZTy7pcGUA6K26WkYsPEKTlW3na58ag83LCfNBb3kgVs+QI5AnZh1kY9kXLCdgdeT1lfelVf32+kgUnocdN1u6lG10ujecjgXzrp19F7pl1OWzbhqm334tItky8sz7pQVtzob11bgI1I4jLrPdvMvFgyCShX+EwbxvTvix5WXrF/KlHSLRLVZh86Jnax/SHW4puJ2/m9LdE2QBecDWWMb5dMuI2z2ImbOt17eTjhHDiCIRunHcq7EOMlMn1QPdmtZbwuv77SdBfO8phMwFkykQOp6cac/Eo/Cy+c/p+7SbXElqo5gtMw2reqtNZnMgCJ2Gej3J9DgNuJ1jmTJ2uQhjGNRPxz6fOuOgGrmolf6aKxKob4CiVr8BSMGXDstVFtUYYw1PeA4lcKUmtYkqbY9ay04QfXUUQJTokfw3ggK4rtljLOs3f5jP1+JLgJaajaPXF1PAdMFTuEVsWD0hOnNNYSnRCNA/56CL3DjVhYvqXloCjbSDfyuts/zvR0HuPix05xLvSxIEMxeDK1kfcwUxQpXSlC8gNTszQb53IRSGyoGKFiVUhp1vQY+ZzWjieSULm3yFENlmQtQ0MVDPpzPxNXO9KC8ueYVFGY+ocHQAZ/RxHa7Eu0/oJva213NZwKh+tsDnbLdoTW7Mkl3hyfNS9TSalR9Jt3xg59jfniufny1Ipqat+iDXEXsQ/Q8v3+W2Vu5SiuAkR00+ODs3EKQ3WgUyxh/tcOGunI2lJwvwZ3ssEAtjebImwjnxo3QfkHcMBH2RmPPfP/zgyHYaocZOsIAuMadKHcIG+3PkM9NtWJnqvp5XebUJ4RQzQCIhwhYp0eNqk4CgQNJvy5rQqJSahqXUtYMC+QrBtDh1GEMi2PwjKY4UNTc5hO1KjYCPBb+IhmG43XnMm5E0d7tbEU69xpXLu18GWR9+RI3LnxCqnz6kb1xUBXLQKE9mI0d62dTwgi+KNwuR+yAh+7q0hoCDGq1ZVGxf8iB0+lvWw6t0UV9tlld1OSy8+LZ6gINY7rwZ9sr6n8odH4n0zPPxJNfz8cKYWz96/zXK0JQdNKMJjfuNyNNyFYpUfDZw0dK/uV4g35yZaRs2VpSoTlK6ozmQyFInkkwRpmOrouw6GXRYRw0sZC8/u9xinkg0Jxdy270qygCcB3hj7D6A5u6RHQ+Qq083EjXZCdcFm7UJvim5ZMvCOPvsMjMnqawaTN4jmKx5LHPomTtzTU6AqNgaycC18fYTUwJxm103G1c2A7vKCJazDkXC4is4scYhiTH8m2Jwgs02jJ9fpp9iMDvTH+yFNzSYHMiN+7CWjQmrfwqmMDWelw6a2Takzaxb5FhMu2C6nHB3MhPmYrSNTbW7UUzHmshuHVmSirS5VY4w8fyCkc7nwWIHj4ChOJIGh7VVC0LHuywPeoFEp2R+Czrp7nl10n2oelrwbblZ/6CYMIxfD2r+ZsslhBwP7+kC3BiJclhMPNoRyyoKUoM+urm+o0oKzUZg2S2upMEct9UcsoI/dqztdQPuzFoxPCUfaXRPcEdM9bS2TfXmmc/YOS3uL5rfM/a+RKACQ7qsJ5LlqOF++w+F+QGLz6sHjJc9WapuLetnV9kG4C1TKN0f5eF3BVRtVrIOW+TWY2uxWk4EZ/aR8seLMvwtN67FudxtzSGXe93Ob7vyU82QX6sGkCvaWJGnLz61Ok1W37FvnSsdMn7DeoIoqU45RtnH/Ea+OetIVAqgPXcoquJyMohsUJtIlvMNNzEzIVPJmReMVMDQi8of+dCarQyiy3S0ziKIzCfV34Mc/GsbFp+e9i+Lj1+1IkXNAITZfsu8yIyW+6Fsu8lUfgl2wl/dpSk1EqAXsFEOXOrU5SjxKAXvyEtzpV79lUSXjdT8NdnRTh51PgZ5ElO6x2z6KjvzytLnP8o6iRe4c6UpJLU0IdwytJZekjj/L6u4jn9F6B4umvpZ2HH0fjnoMRt0HmQym5fz6E4nMAZ/LvlmfgNOmiZx2XRlNeGwRsNqLgxqU2P8+QK7XQTpLv15zZ/O5FUm4PatfQang9trXrY/VKNFcYCCFteOrTlMg0Bzx/aMnbjGmJil0U44SDg0sDJXBADp6s/raoJTJplm77UZ8neQSM6T3itLXZlnaZyA8YJ8C+SBzCqbjD/GZVmHltC4JTwPukJ/RBaJuUiVFHQ+jggW9s4S1Y26IyZOVpBFtClwR/SsaIMVmS5MaYm9mbt+5aEKNI3Ufrtf8dBhYYxp9bmy9QIPohJzI4WNRddaJmpLVU72wS1jb3DxNfzaXdCwubolTC1lGZ6s3QrJnTevbzGX7f2H7j5ThYLFtMKMzMWiVm7bDqdisNfz/iESnxnnBnnyz9Pzf/oBgEj9TO2wRn6wxdrEgK1ak7tWewxHkRfZmlA5nyMOy1wEl3m52n8pwBId0H2B3qreJZYHA+1Vl6Peqjok133tWL+adLNWaCmPG8Jd7pFXwSq8n3mBOq+/V0Ky/yNiyTtaJyFh4+Io+i6zVT7OwXBNDrU+siNlDX6P4EVZGaqDGPWXlJDMdQVjSFcvdgZBxEEphqNW7GuNPwrd52Uqn/xrO2lOboz7xWt76iEzg64M/ffZl3yVeiIvYRHmtPsumNAn2GNSnci7/qdTJ5OPhrTOrM5U0ry/2xdhNj8MRvgAmXiMt+03ERfP7+WhzvIdHcw/qs8IWYUNyLMTa3s0AZQGcMlqsfNmT5KX0exqU1WyIkoH7+3E7ItRwvL24EurVaTuGTAWvcdd2Eqj6yGJ8hmWrMIg4t18Hd5awQiI6PWsBV4bjiEZkYe8t+itfrhNWmoHFjjNIlMtFsSsucxJpleYeNTBKCej4bnBsOgqPHo7Hztu89d5jhvKrf5ee1EuOIWpedpp0idNDgaO1w3j6GZeOLJ7EAy9I5fwYt4cxMxUtpkZQT51kDUXMpeWoxXv9LE3shO106/TRqkKS0+YuG9s6EYddSmH5dqtzP+27hT9lVyNFxZ/sveYm4BO82lJngYCr/cFzS1FOnJaZdqeA/ADcZOruSw8pbUE62ndCEH35CqYsQqmAHdJRqR4FZqy3azeCsu4i6fZfThdg3M1VSya8XyeZnbn55GSidho02zBOC0GuTvYK2d7jT1NLqO34T+oXFCJoFt3dzDQT4rk7dv9BFyzK0+2mzAlx3VLLt8N9bEAJ1zcjzzYyTPraZvbp13dLuKy2s4X5N3SblVZw8NZFLc45UsbCLBfl0N28Ty213X8MKezX7TWyadEv9ERPsXSBWmnRP7Np95gtbLtIsz0p2/uuVZBRIZGSKI1VcbyWCk6aaYCMYHL9qBV16a+KL6ZY9l28zh6C7+sSfQYuazG21uN/UiCcN19XPZWW7ahHqupVi2LvwFKg7A1jLdcNIHcK/oJ1+idDTm6DU4rvUk5EGF4TyCsYg+67hs+rVMp5UOiqC2N9C89jTmf9um8gpn0evaXsWS5mcvaJrO0a/LedHt91OPsH3BLPpw+b/mDktrcayGIeAMyGf06O08gXtgviaXPWtwZHfMYahFxQmzRGhtQ+ei7IzvPHtJoPxqBf1EwpS1ZjTt3H4jMecE4pFXD66ogYIvnD+tBrHAxG5/zCKsqfLnR1boUoxywsdxoETEF1LSx79u0DtwDFsn6osyXW2Kyb+IWXaUxOhrro0VIpFjm7g4GaAjlt0FyjCX9Vog7BkAdG8Fp1uUMJfPf/2FoopHS5WAy3vQd3l5Dhkx9PNf9igD+myttnBlUWwTg9QfeRfGi0x0BI8mknGUksGF2CMHId7XbMIXf1q0acKjBFqbcEOf1oVIHV3eUEm0gcEO6OytmuVsuLe4zQHoY0JnWkfcgh5az8gE1gCOy6rn6ZZt3dE2wbjqEm1isQGOjV1w8ySFuFceCyraYFyZEeH7ZibUCOugkBIr2ca1RQI/BLcOEa5NbYk7UcXDTn6qzneSL2Q74nmDUffWL6zzTx/bJ+sV4s/N+hwZ5IWg2lAPgP20IX6wwZfxT9s4nubx31i6Zz5p9yH79ZdB0zmofGj1tzm2P1V+5CS8K2j992rlKGYjECvqTImhR3Aljwr0ZEWJkhpMK36/PzItpLEhg6kuCAhkahoeeAM62VtO01nY0SpysWT1LGIyNLeymCns/W4Lif9jvn7mxJJWfXs51UGuaA1jvsyoJL+sE2K6En31ENf7g2KzGNn8zJnRgiDb3Ddcnb8fPsxlG/+/yrz1TgfXvDkIaabfVaqHimXIvIVmJYtrFBL8Ek9syTW1Ig2rc7lB9YEN5mzExagXOFlJSqcKViu4SO9wGEKGHPJqSlyYsPK9mJo1UQPoD/b84EiPmL1yZmR009Y92XvGX+RJ4sksuvrrMVGCoUWswM/ZBJlFt0TJPuy9R6vADwvAS/E2JsNOyhjglN7OG+Is6ZjazpN7HJYI+zWML7we3BnltPHXQbRfJLhGm8MZMT45LesQGzHgGsn9Y9uGRbfT6JOmiHQM1qLtSwZmKvitPlM8j9/+gUP++60xHQsEJHNMxfEop+1uC64WZ2ZiYnERnsWqzsuSuXK0AUDZsLePdA/Z901qpUIAkmS4VV/i7JuR0s3gQEMTHY/SzNfrLL7Sz68z6Z73FFGUEygWpNjF3fZBpttBg+ET8cS4vhxaBppk/yK2va4OfpWv0Q+e0H5n6d7I/ucyuHfT3AdO9PWIGHuas3KTb6kL4mP0oLkWQhTRAj5Kz+bPrxIVnvds7rAHeh2tExosbv9FMnOu+N6f925IPg+OzO0kVanw5JlPHXGa9MZzmg5h7EuO3v/Dhk7y5ki8Rowwj3OoqlJZpZzFal4jM+RYTQ9NaPsoEQ9pFawUJX+rHWXEe+hwf7Q4RzYkYsySOTvaSCODuzD4e5sQb7eLBeQ88c5Z2J5DovIsIS+KU5E6Y1Vys6frmucs+bogueUP/50Ew9HSZjKsqMiz0S34C7FtBAolkunWO60AwLuqQMxjNVNekiyZXGjv6hBMRa718Cgw8kyUuWhXCNnIvd7/fevjTr0EOXg1VSfdmmlxIRBfVOr+PRApbudrAaw0ZCs90s8lwe7Wb+nhviLTJEqB5E4FFHjFz2kWRQqU8Dln76sp0eQ/ZSmRacb2zqc+yqwAQvsVYz8f5GuEK+asDfolMNvTkn8vrsJLQMQSNZ6oDdwOsTAXa0i2kqA3JecOi8MJcYoTENXmPW9mYLbMc0bnfbg0Kd8+MLCV4Z6RV62621Rtg8T3wHK9Odf4CRdvwfUN43bugw2Ql9ozhfAZBw+GLiCsu/MfbK/wVObGgV5z4GPRlY1bXD0DC+sZ+M7NFSvOMnPGGcZONJ9G+AqUSY1ADFd/KSiBdZ5GwND9c1LxoUprSKkcczkvDUGFIjlZiHgAZHxHQShkDE9RGzbKIc5mivs/Urfqs1Z/CcWXwdC7Vyy2mrVzm8kvAcCgegjZoZyp/CvLiZkcaVsPeG8YsVxLUZqbyj1V1lc0XJGT3aKVZCNzibvjL5ZEHd1z3qdOuqVo2xHR9r1kQDKknEbgqLFNtCF00RIfWjyUmbjHrolc961H05Tzbre0w/gX45RvQ+kgjKg6WcUpcFCRXxl7z4H+uHjYffXGqelcR49p7U9UZ6JtmZlFuCOPE9Q4o89SBuJSHBJek2kEQzARhpurfYKQevuKqChFL/NlZAm4idF49CZS722y5QgOy2j9hlhOw9oSEYYem4PTQKV0Or6TD5iWDLwWsjCSXgWuniQ1jXfw9dNL1xiMEJeYaQ5Xf5ZQVGyONfuQv9DaVz7v6HSSh3gA7HrKySj+9GqPTI0iJkkbSRLLKAikfgrDwNg7jIwaFYjEolG8bFNZ3zq1yqoO++Egoer8Bev/5RNnqNw9VCOohJM1UOLnvi3nSpEQxj1VIz1RjcqXRHdN9iSFGzRfrKbTD3Z1IA4xPduKHBuRS4h/IioTyqp6bS/kcOdwQWaOeHpsddMRz+diFok9jlUpIfU4m6eFg0ozqd97VBIfIM0a6tL6mxkfEjXEXTFfqFRgUsaCdw/emKtStWWs/UhHU0yJ0NjnJUdXaxuuOidY6jzTdwuKjxk9ODz202HBrFtH6QaqxTK/n/AFxKZyO3tZUj56W4a5Kgy/h7Gz+ii4SkJkelvaX63kF1KM1CiTVdLoFTs24QHvETNZsz7gLp0+c00emgx8jzDd6QVtzpfbqYlQcLXoHgKHvnFgzjUZu4oW8PCqewi7Qgbb6UNPM10NtVkVrwBjOGBVWf0pmf+BJi7/gV9tl3L5Toblrt5jSsdjJNWCALGUxGGtxvdL+dD/CPSHiWJo7zWIa0halAS+a18wxjY+lherMTOrkWAjkEp5Y70MHtDo1izZaw2h3c35cUgz63/8CoC3FSkIoLJd9w9Do+aE65wlwV96xbVEihV+UKK5qhvjriJPJ0DLXxie6WkuqmqPwzLOh0IqUKaX4ozmmE6fUT/te7I6Eh1IQKA5Q1Qr6HjOGgcbO2+iFTWuunLUFhWckDPC5QbBFCjCvw2I6CzZ9gilaLpc1WUaBkNODF2tZKY8vv09/RUj/Awb7Lq9qN0jfgx9ol4RRZEtD37TOEfc3lFt+B3SWMO2h7SA11ZDWt05JIKao/r57vKmP2nP+5VofXeSMT56+EKMfSzPdcEzi04qQEzKVpdv0+ZP+15zTYIVfHThpvVF4wc0PmHnCt15OvUFGXBMbcEvs/W4lTCgQVZAQeGVaqT341FJiNo+KFuN4zPgU3f4K5/DnC0WF9rpmsh2hxx5ttF6LE0l/9EilWv7o/UwP5BbA54Z+dAgQDR+vct9Y7Qch9Jhtu+MISkRCCtxfXhfpLUPX4OrijiMM3gUx4kGW+HJFiNmKMj/MC8Gt85dH4sJ8Cs8bhClYJXvN/4xx1QugZVYIbkxwVfi/7wJ5NWJ/DbZ8erpdB0Rizg7VT2b8OuK5z9CqzlD/HcSX80lu7mgsASdzGQitORbjk71lzPgdGGx+Y1o+9sBSwUgPqnAGu2c82VT1c2/0S0j/bey8NYGfqJkGrsIbf/08MicWuVuE8z3zgUXYY+NRVp86rGpfKfoqZhCR8OQ6XPXW/MrdStpO4EVWZsCQfHcNu6RmtmvoRgoCjtZFjk4lPkHqozdQijq1PO/8R5S8nNBN7SpdpmiD9WwQNAjT2h31c2F8sqNDYq79WDl8O42A7nDDb0t/bqCqWTF4nhk1/ykl08FmIFPRxgJSWjDYayUWMBkXuojMJ/pIP2AnH9x8y2NCObEffUerNXesJ9CrY9yJDTav0uXoryrGzjYzrdqsVzWi6UFq1T4GTBoEdalImPiJaVlLxraGWVZxTzsXf/BfkzM4vg+d4IyVNBn9GPxR43C8/kFQUMpSjOC2DmBQVMPMAJCFLFfOX4ja9eX8CmHvMw8piBleuLqgGw6MWUHkPzKenS8zgERyaRbQmYe7gxOstudva+wbXvxt4CyyDpK0fk4BFc9lnHoJqajsmGSoHUgwLS0gkImk0/6VmGlKWWaQfvnX8v44krngsm4I572bqnoDNuUoWWmx6KGDY4U+crR3dfNEeN1EgQ4Ftns6WgdRvHpb6PBQ48/ckSstdE+0a8xy44S2/vcUzRz49e+bRurrXDyPdpr1ry8kOvFL5uDZqI8waBhNaeaboubuztJAtfUVeMUbmAkUxXfaZaSw5bmGxmFZnTebFIPJwrUxIu4MObc1fZsHegwue3XibRAjKloh7p5sazVxKuNh2I0fn65xGUdCjxHXL/qS1XVpcK4nK7vwd52cGD/V2aC7XIb+dRkI31SVionJPjQqx8VXMR3nzFm1dMLrhsjplZB8wqqv80KQGSyIbT0juA8ghSlc3K/fnAc8nysoKF46LtjIC/5TR+ETOlBxX7hy6KGmudIU97AZ6W5RN2doUnRvUjpEV/QkeeTyFQXhoY7xPnkQUhG9WNhCIJ11Qk6MWLNcRZpAbcQdS/BM1badbq2y+nuCVndBnCvjt9OlbcxQBXmSmZWfNBAdw5JjjmtyhmDCJBI4ZNw09RbgjlHWLbKjg/BzJ2HOvKITBHrgoA5BPWFlJ7wiL5En17gdrp9KbuQfMz449EkZUm0JtxwfsOeCplcPz45ULD0CkNc/XzSwtRzZYVNQA4i9v35rkbLjmdTeJI+va2by7e97Cui9asy1NmoD/wslHSYR67uF59xwmvzUK+pLKZeFhAxdEnAahZMNM73tmKiOPRAamJ+T0yIxd2rVQ6i6na5/V9NQDJQhcxvduvX3kgyd8Ibaa525g1sJmVaSMFQ8Q+ut/AxD08S/DJx6S02Q4/2KACZ0rwbgxirIFpsrlAZw6oo33Q/k75T6enDTiDRkq7FExlMmOWv6MeOIigZMyxuAR6+wwmPLev5gdSE3IVjZ/y11SVqhyfUJ66tr1ye6j+mhEcCkDJUpHOeNyQlYRUsnpozUmzzwuSuPbC3n48lgy15g2Ghh0hyJBRTk9ZM1pOsHe0R9iZ/8cMxlPml8TsSahU07Zg3QkZYYca8HDVY1G21LDHz8JQZADA8vMl+ky5HOPORr1t7GvJzbNPAqZJ/s6bE2ZQ8yNQNESHG18SkD0q3KzNLbso+ti1XwFI0rqmmduw3lMa/1kdU265OimLgo2NLsTS9UBcmdyZEbE7ShOKmmCN/3MwSB3+jrwD9/ihAFLYshk+5prxeUohdv+U6MwBn8hBe7eZydF8v6iscyr9fAzCO7FzyHPlvMXJ6cSjin40kWCjvLnBJ+1iWXd1QSola+2+/3KS5lR6AlGywnt2hFihyZSlj2dj3QNTGMGGhglx3r70VjuqMBJVjRDzcO0IOhYo5pk9AbHRiBIjAEIAxMygZOyKnbGxOVbeOp5ma0eRHKIj7m4RopYRDK1Z34Vyepxlfjm0W0Cj3TZf7G0Eei4Mz32zkmi+MX9O16hauQZdjy3GuQ+chf5w4Hu2L8N25cq60F9AK+wjWMn+xP8XbS+GyvC/VZbXK4supIdAk9KCiT6Y6lvXBL1XiM4dt9GFdFEla1iRGbkzHqq6d5ehx5hMbHQbILc9m5YGu5aGIC1pSO3OsZvT0vfFySM5b1a7BtXeS+RKdCM34a6oIfM61egmFtfWifTOMjgUlGHMP0tqulKDxNPs4wAm+vN6r2SJ3fBRq8Tnspb0dacoVLKc9SEJ95gXk5foblveTn0lVM1wPUdGwvRXv5Y8NqS2CRkKfZGl0fVDfaYFLr06fTZBAtmf7yY7q1jr3ZqjJSb76FuUg/0PpRJrOPlRIiZbjAUOZ//S1ooIp9nYaC3ZGzy6GwZoM2CcqrwKCSyNZhOlw9YGNQ/CgXSdiuSvbzHQM9Ko2/XdpOI7T8Xx7oWb86wXA3Q+e0QWIZGNJW+2I0EjDjg9I4oM5LZkqUUPGydB+M/ne1ADwSgcFN6PBOrOgErv5w0IXO3dBAhgVApCD8gc46QYEOj9A6cm41do5VDCe1L+Kr0r4uvHnvHzy134b96Nw+pJRDhwDie9L9jgsKlmNxR7mho4nagJy5mmXwz7UOJfSoUsGFWu1qy+SzSMEH5Rps1+uzMrkEYXnk2YYwf9z09e/mrByx9Ln8qcHkfyp9WiT0wXHSEOoDacH617fUZ7RMa7VqFF7g/xEB/aEZaOAHNNMej+5+hF3VeQQGp0y2uspDzI26rCrlKRANSEhrcOu80CxakTuZg8GNHpw2848cAoHCoU696Q2B3iDGb0D/DSUNq31NuyQ75rT58tb1gPKV9UjAZxVrWPQ1KZKpN+qNrAlm3nY/Ti1sM7vuVFU2T3OFHrjVbLT1ZExVQ3VQtFbYfm92fbDAWz26j+wicMsSiTUORIzhrw2GZRO3aQAaDNeDe/zq5bw9v1ZZS93mmc1PxmgjfUiWZ7xqUMmxej1LkRaRXZS5gnxR12nA4LrtnWDboonsPPRSkYOaubFcWLyFQD5uGGH/V40buZpVKwWxZFC2ImFcacpkTQN001lh79DvlbUvvlbVhv9YfT2V4HFcTBjayocevU5hqY9dnS4pBDU28XPG5e1yhGWubNOYfe2Lu0IB3Hr6Rn0S1bzGsmLOEqbXvdH61A63dWvBjajyH9NsP3Zve5RBTPWGSKcaLJOqziXczDxkQ+cMjBYkMJU1/WYYKicnGVrX48xZbd6aE+Ep3hUNqBSWXLQKoviuDqFvBQkvU3aoF1aUpETM+YOQp8shDp9djXqill/vpvQlW8L8G77ZP836x+zGdKSZxmEX/qwO4af2Q18oZKfSYi9wtO3TIyZoj7nPFR/l7New9r48DSMW3pjsgur9YgRqgD0RqjNebzF7OhSDv7BXm4Nw3HFwwAwWvWUEonSt2o/DoDMQ7A7M8SPbkLNutr/svhnULMDPCDSZ/Ar8NHv18Ftw8hoJbIN8I5e720q2qfc6a9lfm5PnyjAaRTg6wyYGvRo+hoAoyzoOPHVa3hiSvc78fc5TPrQrtx6cxUl9dyMPlMQa9FKFmOkKiFHjEUQPefaz+N3kZwsu51y+tzuR7Xb6ww42wB5AA/rglvt/vNRek7uv1G6P25LD78gI5s4DzlvEzlvjYvBo/7+S6tOFmCKv9tfdBNJYCGBLaSEVqY9Mw1xIlzHD8xnaK0nUnK3B+dhV653bYHvnJAOl7q+vcVryiNCNuqrZQVcQ1MV9yNXKT6WThPKFZ+h0MZkMTWoWpxAchP/S2+boEMk8chqVaPiuTb3sFGdWxAGOYbnE/TChmIugADFDUiDkBrUfBPEp4jH/CIQJE78jc1b7hHzKkr5ANUn4j9VS1l7jGF1I+vePBifPbawHh92/seRYo2GUzVdtEHAjog/AZYM7y4lRm40sIGYmUipmciB6Yj4CMUVUgidjrNjhMUnhau+fEau6UROxa8k4nzCxqNU8vF23U1zpZyrqIDMkqQr04WfacUUMDS2m+2n45L2ZkYiFjqoU0/gqm7R1hsHoUjIghG0pDssAj0XKDOvh9EZxWUVJhBRIQQ1xqjIdlbn8+9kcpehc8lKuQnuEIPqYqHYro0TnzIaub8/5iQfuByWkP96lc5pX7GUB/Ke02b7sFJ3d5BsLmpzF5l0qPKKEeoPPbF00xuejhwck3GWF3vG+vt5IXfhlQn+awyVF+AcIqoYUgzWfbSfNyvelfvHaEiymu4aa4eFrltpmWLL010ZrGH4XZW78sOCy7MuOvm7fY53KdqPJPfM9IYnNb0gu82u3a3g0rWzgfFPyK2EvcIY6NhE4nZcjbmbdAooTriOQyZO30vDBId3n3UrXShUbfPrmH6KUDTj2cs1vssvXDTdG5eW8wo1lJbwyfja3UeqNaEtjB3QMo8uc2Br99g6jPMdmmEbDySRixMycOQJa1ywipnwRrSXqkAVaXRQYMnJYzJq98xXeC8RY6GNhhDP2ahTmEla287GL1vYU7Rio4HyM2ZHuao1UIVn7vvnaoqsZ6yftOslwPZ10cV81MqbrsOx5djg0GwzGdzd3aJHVwjZIE1Or+l0fGvhm8nD9cnwLUo+jSdp61YBdjkZOWFKoReDp10v5Ky9g4UCBWxypeqAD2zWTqFjnudLg65iQ5Opw2OYGvLaSeGR357w1BYhI8RDUPrqH4ZZY64WWOX4H9ZkjzPcY48FpfW5cin/BmHXReX1LRu4xsWgGzoxZm+alNnt0CFeCTVc/J64z9w3XW2yzsWv+547C+pD7arHrvmEthqx5c1uRJhItZatepP5dk1Wh5L8/hhbhJ/tUhXn85Riq5Omgsm1YurCX8jTuKrzTNtl4AUgsQ1TsBv+1TPdjFJBN3diC99S284y8CiEvbwaxetlhQ1tAWNVz3ux55HxZYGOavhDq3tV+4FUgqGN8QZprdaYVTlF10A1ZERM4sxp8eKTOebd2i+gn7Ve5IuCUtUZNU6bp6KEwQQAEw6qilR0Mi34ycdDMJHSKKpBH4AQpU6NTrh0dBzfbiRbv+8e2M+UCXEMc/TXQJUA11FCVGm/aBwNo5ggzTnPFhPb6A924ON1QuUWzLLqyZnembUBf4utjTQSSO+eg2Tti1DSRwI5+i9BJoEau8C7DAmi5/Wx1UJKK9AahP7KLRq+pTRJ+GUvmWixjj630Nf0WeNIizW5B7rzjd7h02Na9ndpMi/OZp2zQY4VB6oLr7PPX0fGiteVUuPq88bQmbT5aFWGBvHOY5gpShcXzlV/9cCBUxy6WZYGnNTmkhnbROFVuzt5iscW1gymWufuHNSw2dLZBcvylGVzQrkpYDn9EN+FOplFYwd+Z1lym3B0kFBjyJ5BkoQBFHhosvqSOPN4LvHOaHeEKGq0Y7OOMrurnaTQpQyynOrRi++voGQ7UtOUQwjeX0CoyWnBN9ZO9bsheo5xeVxpi1XOlgllZom9SFcX5qezJrPYkkBIWJTAnJ886gNCgi2rmVh431n+4BGx8tFdr39hYsVymiotHaexj4JWhG1ukJKYQOOPttOBIhP2OjuHS3qP1uK3EqMkNXucWxZWdc2Ktx+9/tp/1H/sqyYeXnkqjHjBOVo+NceuxDNC0Nm5mPCgk45m3c4uSP7U/XWmG0i/TYJdVEzLwUInL7QpnpQvdue0EF7ZK182SULAWc2OlQpGH57M6/NV29AjpTT1fdIgq7tnw9XuOAJKHNHQgw/LGycOgwOTwxAsLu+7t+B09H6RWI9y8VowUUFOjodLvSCrdnzgAewP/XrJp/CDokVK8+4yYSCRzZwL3If1v5T0yqw+/TBeQM4Tryo1YZevtLSof/s/yj7wdKOguYv+aaYi8wJEmadpgTORBRqxspA0S+hQcgjevMWMV/3TXivV/6q/B5xLrBQgdpGA2qNgjXbSs3Xqd+S8VuJ7AKc40VI6py+zW6n6ep8EbSnre3V8T0r1Swu1ReD74e4GmdLh3yIq3RYRXN/224gGz8Whb+Ad5wDlJ9U8TxMsegrxoNOi7ZjePfgRJR3VPQD70gmAP2IJru0aS2fXL2mSXNKE6R/070D+7jkHR5y3j7nRjVLa/rrKrEjPRJzt82qCNqwl+wFR5i0Ce6C8hdMT4yX4JaQWqejW8BlAfd/evr1nIl4oFd3wUazY3EOTDT4mSrmIpvbrADdJDK4Rw3IJ63staFlPGMFA0rZqWmsB9/gvt0l+efbaUFMLxgVrBTOJJUrcUH0VaZLQsvL1na5nI4+LDJa2x0U+JgQTLj9gB+L6Q7pcNcZQ+3olumh+huXqtUsZytp2Q4oKenlfhsBCrZzs8uTSY2Uz/Emjk1LbnV4gWi9K/1nS6pahKl292P1E+7ydtlgcJMpvWzCY5hCks3p/Bt7QOaK4zVK7JaMIHPbJ4tEyEaG4eiwenR9Ci5TssXq+v4S9M2mUj0WlCniMgC/uZIlXjzmixzREm5musc8TRMZsQgipL6h0n34y2FI4RR3+rs5jYLwshjj1tjdL4vkcyNn5AGLy4fj+D9rG1QOdG9xl2LLfLW/G9CXNy/LkDAPfKEQCBhIjus8hq/i5kTU8aGGJFEHbO3ieXCzp4C9QZBM6v+yxSYtVYbXvDqwmNcb+GOsYwSCOXf3Q1RxcKkAn25RDIFDc3dixlrHbmdAXesOLifr9Dh0blAjigR+v0DebF0De7fQAclUNjC7nUbIovRiRPeshqNkWeMkOB0NORraV32RjBLCyXLDcBg3nXTt+3JT+UsL8BbQNDtPZpxAevwOUeQ/jLe4a8XWauWYN4Eq+OVX81/WUOCe/v/Vot2N/dPAFoNtQLd117ivXakCslWjS8hEyPIOA3fHEzUc7sc1Cj+h7vISN1y5znwl5x4R/aZuFr/hL0zLvs5/x+V4aGuaBt8xUqmSk3iiiR897def8PbtuKkbs/NBYJTKEAIOVlEAH+i2h5SNgJ9EnR1PgE15v3wzEZFw7AQUxpHisZQUeqmdFQJqBBsLA8FbmFPTvfLvgM9uuyRjZ8XHvir5hhA2r8KYfheqaRwA/Y9SyzpRthOF/vtckQdbPu7w5XQgu92Y4As9ILupErFbs/dR+2hdXs+kCLgqNRU95iWY0ZWa2DKKj3GpeF2KIJwjoiNoYuL79Fil6dq4uZIEzBU0TbYvzEjF9TzD5+W7GGzjGIbgg141DY8N+558Jo553DpFwyX/uGmHRjLyeQXK3HMpw+5GCznY/sVpVRpyhE1sBiA1pDTbpjEebTXKoJWizx+/vVt5g/hyAKMKv9oZNBlui5ig6URe+CJmS+/qfK1nWuSiH5InByaM/wXyxus7I3MuIHCEcvnJEnQMrvXVIzyuZlnp0uzDcRrslx9/VsNAcfs819A5Mwj8VdHeXOE2/OrduXrKry5Zh4ofrpFQBNTeD0XTRHg5rNuIlBwZ+qQwbeX4WtLYz2BDVE81Zq5j1qV/8/6t4rrMmuaxeVooB0kF4iRVDpIh0SkSbSRFCKFOkKSO8EItJrKCpSIyC9CYj0HorSpXcIPdRQQ0myw/t//9r72kfL9/oP1jrjOSDJM+Yc97jHmPccAxvOBAAfDXc2+V/e+mtfGaQOUgM0uaPQTM0uqBV6qCkYVcgv0nzZmS+c6XNZMUj9HkcokiGyGOg83SgRTWASkqIaYtSmUBv2X/f75bqTABlZRna0HF8lOOWOpfWixeU+zFXVe1ma9IkmOguKRXgeTfVmMNtx7+xNgS3HpnYs3u16Tl0WysBhp/nhexWAdTY8a1anddiXFu5Kifa1tbM4ReBzFPnRJT1OLQryip+i35dygDLjHMfWI9BB5ssIu4DJEhUR7FBEVleziNg8WYtMTubuE61AfcRQpEUPI0cWZ11UvTcXFDv+HYS60p8fJtsqXF1v7sucjW8FYZBSTDh0sbn55UnGqZNh4dFfV0dTiZuPjpKYIKhPIuaXZwaZZyPgRciSQf+1XY2Rg34j50G3k3hfdbt7KQzWYnYRgAbxyBwz8MNoI2XHjT7mypgpLw8w1Yqbl0yOdF4ODIPawyJHFdPreAfqz/et8j9/gFZ5d0EnASDZaOaLWD+ElaCkQ2GSiJrHHhTQZgcEXiw3VA4t5rXz+BJXN36XUNiij4KuxSxOhMcB2tZoBKgnunNCt3irFLo8I+wsf6n05TQHl6y7ws85EZFKG2qC3pVxgYhfVdSupDLw19228hLb5c6aarNr6vJ7at/po2M7r+1Wne7O+XsClRTs3TgIW877Z5gguCpzk8YLLMmEusjfUs/W9bhWPR35QFSpM3gHITAIRrmfngwetF1pCgpPl40CZRKNlO2I33b+39cpoExxkR9vmmgY7mCiJfmsD3wfs3lmfZ50WHfUvUaPBD/961OIfV9ul735biZAIN6f/QFgH9QA3sUv13a8IXtn5jhksogZelwqcDBzaekfZQL92XiJt60YoLblTa8gt3goxfesZW8Lu7JnuIJ8kSHWZW1hS6rjITynt2JxssHTvMDxXVB3ElQeM1n4i523LkJiLPJO95LRAPzZgqH9EKDtp4Pbz3xZubPJWI7jnrmGc18IntdF4XndklVJJ8vU6yHa5eEK1Jt3H1YFHZcmgzNWqW22bY5jU/ZzSCpOLPm7gXhXdIhp8n6H2IZqC0pshA48jkBtNaWLFIfGSh96AbbTTXMy7ReXyWsH8e4iIJ0Yzr8/rIbb64Q0X4xELzQv40Za32eUk+LOwKyYYnPsc6Iaamhlz19Cvvvj90Gz5tjzGibcEd7RwZdiPO6nqxo6IF+Uc+bFWidT8+Lst8wTSGwrPq9+KAZKuTrsIiTYsvR6FjCqFCFGBSJqGBCtFIdG1lqJk8gd7ycUYy4bt4p10Op9OWHmg7llp3fixRGOvHZ7kbuO+cdN1DLj/GGGAyvc44/4wxuseLqwcjdMWxoqTlLit8iug8hRiWbxpq+BmRxiJ9hNbMtMzRIdufJti/WWIQWLpoud+hntHcpxaS/rbje+zExS3zXLfJC3RY2wnEQMx/HHZQBZ86H0xZaVgRfEAxfBvPGpIykHBMJH97RRbDn9a/QJBNMSCEah9tAyu+QwRVwXDFLd9irox9+KH9C3CCkQ2G1YoC+qeKExIKr2sIeHCdcBwWSEuegoYz1tbHFoF96r+6695eoPYBG14iIRPl5Uug1VoZNGcLHoAkAGl+lAH3f2ll3YcP2AOF3NDtU0i9TuSN+d+oBYHth55vAvGzHvupZ9B4DXRVL4rsIJcE3vf6kiOC7ogzP8fUAXMZt+iNzy5ACQw8Q+l9kz5m2q8nNSR/i7JUeFR6Smd4HzrOtnJyPanPUY7wwxAPCioqrvTrfP4aaO80WVQAOVlxvNxd6SEZIbvd2tTekwvWBh7nUwGekLHie/EggL9EDAmF3+ZvBFfzlkB43cYXh6i/VvSYW7zvvyJezReou066JGLW63YTBj4B7kC55ymjS/v1grwZNOQI9lXHyGr4rHOuMpS0aKEoJmnWEMdVihZ0t5qq3AKHnYn8tY7+X/Xc8OFnlnwMTLIWe5prxihV4ps3r/HnJ8VVP+IhOE32nsx7wn3Y8C9qxLjoGluMKhjvsPGwvRk73C0VBONBhuUy8GP3zikArK44FxiGUa3nhVWHeIrpCpulAdPOkOj2O2Mj3nht8+H4vlWcBujB91d9mVBdrf7kIskC/sllPL1WuiCXerDu/tAfrtClB3cDeDYJeYQeFAbK85LLv53G7QBHwo0uwnm//3FLSDHr0Jwh4gknGXaXrtEy3nq9FMzcexIzKr1PRfplr2dOBsVeh00f+L1Racj9GzZwtNKOr8nmaw/+OEv2Xqi9PEAy0hFxODuNVOPI9AVG8FmNFNXLVXk4KIRtc9WmOYMhqwzBZX66Hgao+jZmtPkYfPXuRDKtz54tjt6HYUhWzpd8SRhSCZ6WHTdcnzZaX9Qis7Krq0w/gjdyw9BwwjIzDJsD36LaxdTtpKrWa9IDx9JhKjhOH8pnDpNb+/JA5i2ews4Jd/T+p52iYiCtACSn49eGRRQc4KsrM0OmE9lk7rYAHgCXuzzMkBSSt0GzDM7nhTQXrGvKFi3IJ/QO7tAnstAOOt4H+mvSdjEe6TNz9SxdwasNpcDMHRBOH2vZ3xvAGIk0Ii0KBdyFksCKe0dPb3JJ6L7LJjELv5AcrLraOAQne24LbWAQ8ODzkkr0rcpI0SW8DGC/HQRxaq+zwfSdo1udr7uP5f6QZj+4Bmtuu2f1iC7IC08UIVJnYh8GB/phs7oDkdzpEWUKKl9dnrsNvDj823D8LdlZ223LCfAJ3DzjOkAT1sThe8MNRNeht5lYB2m5LCgQEeQ1I7RUslO10SQPSSfgjoq0if7GlSN1Rp26pqIP9btwepN1fYNBvrcSN94MCRtdpQZL5wvbel2jbUCeJ3G+1lfuHAfyMNIzMy4Z3YcHVjuUDtnRsAdjzb5H8a6LFO1b0yQno5Uh7ojjp/hRtcChtbaNzf7syBdm2P+NhA/7bsx0B4uhsARtWAfLcQy9A96GLA6RQOiRhsacf1+B+E/9PHoQt3XnJqRwA1UhwPiD/1tr3JsMYXa0Uax6I2sHGe3nnp4tjHTRccK71l6S6cIKN1cBzr9ydyCuMdOzcCRmTk/gDJoAOYjtNxR4FrM73Na05yden9XF2nCet9/K5dPdYTHKf9cI25kt+Y7mfRq8tDdYIaS2InK8M9Ax3QL1vUipSI/uvxr6tfdYtX40PcQclSU2OS73jK0Ah1kHYj8OIixyKfqtefxQHmynG8nZ/BCjc2b0Ftkwb6D+EijUT6mFwg0v4HJKSX3RN7ZlesPi4Cj+wCeII+JoIL2jD5+1LpC0IcuhefIVwytcj++YfsX0G8aTV8/X6mxaoaIOCjyOJ8hiekdee0xa9XPjvaSGmdiuWrSrrcrN32gBjCLi9JHMGe3VG4JtYRgUeccPQcJC48vpym5fD7THiGSqN74n93fRAfl3tmNWiMp+eGa7F+6ajeXrlFJS8cJu5iXuByK7c8/sA/69Fi5e74URvvVx6gNegRwHf0keTDMC1fXrkKdMQcOUhiTk3B8pfudoew4QVtsJOW3935MZHhROd0mXmoPAKVc+g52wuv+aIT4zvpBbGUGTHPwo5UZcJwpOaZ93x2duyI53GLHdG4HWeIWyV2Zi+woXwh8823v66vO5LuM8zijs7T8i1xmIVGFxR8GSb52Pvmxez9qyYRZ+YeOOw1NKqE2laGojcmuyp+o4+68meGoS1l5IxljEzfnYPQV+s0kfw3LPZpMozhMhRyeGCrr45Q4f8su14VR/Vg2qo7cXlOVaH/tX0VSILWLaOK11bkotJKbeMdZC96zvBiWSnmFLzg1wl559P5QyfE/IRUWOWdSLh2utuu+IDxfHTGKvROzDumB9UVbMtUrxdTxJFZ5PO17i3VEeuBo7c/y1tVzCygOcR3eeZNDmPaoFDZyaMGhypQBWngDZcWCXwGKfGePLF31a4FvR4thV1aDz9MEQF6omalWgJ9X4//fVGaNqgBhDnrdJ4PPC1AXZoHYhBs5hdVbGMXejqZU6Ab+DDgCZjG+Cqt3aH1siVJYdKX37MwdRxQyubJHGZp9WQcXjLcHrBJDaZEOW7v7l3yAjux8J3m88jObo6+5Zi4d+uv8zPl6r0Bx7zzw9LsG/ODHA3HBe5GnGITdKzz+l6Uwk1BGzM0EUvbi5u+kHDNUA1Kh93uJDWh5VMjn5NTRw77QxUjJEuHNjtRdYS3ck04as0RJmlVA60/suUarWiR3FtLdtrRMXUwJpnRq8pM+6c6DwxtxQWc5jPhbbTAOe8ciHFgMsccJAPvPHD/+2JmSKsIBDMTDcNeMqlFlmOmkoWxyDrn+W+zMPDuFXWHgt0ZiWr7KLi3+25yb68rFQ+8pLOjct0Y4Notn4o70w+vbfqishITv2fEdjIHYx7oe5jNZqe1vQF/Rr6kDd/12YazdLC0nK5vm37P8Z/HROoVrJes+kLAo2eaNubY+tAAUSblkk0rH1IxUmoa+QboqA7FGXB0en1dgdeBArOtzuGBCOlPkZ2cbWKTuHQdQrmflK24dYVPAhow1N2XSnHOixdTJ906pjccB/dUKbcmR7Dw6YXpI7trp1NnhLsCAQTeT8BRl+Et/suIudMz2dPOTu913BfQGd5z6FJk/v7I9/FiU8qYXwAwNUJeosoYhy2HtajXgc5mj6/Peq9V9DFx95HLem/cFgKuc2Q4r2iWVIWvOXjHDZev+gGh/FDZcY7jUZjxWpbcwhPKgYjjAsWS/xPULfD8HtwBBLse7X+KnhIWxu54twSgNnKwD2GJ8X9vozKV90alVyilJoy30DLk0Lnsxfph4tFVO9fG0x2jvuuygr0lt2Ul1xnVFI4uiFxP18lqBkqyPgwIZksUBMfWC640loltn3iX0bJ9mGs0dZiJxKd726SSCBqkkd3WdMRS87wNNdZi3bFUl/pKESPxciZ4SA8yODF9z09PhkRTQaSXiLi4GQOvAH+L77NTu6YElHvMLjM5dMajqFaiLhhcdWRn5D/Kc4OtYo3eQbhBZm35lKQS9LP34PjwusnhKWZ/BiB3ajc5frGNtQJaBpDXCQJXz/9pc4F9fzmIu1jIbMTtmLe4/NH7e55Vxb8PuZzT0VbB5eN2nbX9fu/RX92FPvdBw3zt8oZY1O24ZcQFNjWzxGPQ1Vn/17XB+LVKzNralK7x11iNg9C8uXa6VDDQLbUOGcYM72kd/SOc4ZXT6NHkqXeP2yY9DJmeSpGx9hqR91yjrJBhk0HeG0xRthWmtWWoI/LqbJxbkLdshGIqlvJBlhCP3aDBi8VlTYjXhZVajMR83e+dfJDred+hGd6bvOZtIFYV5kZvAq8aPdqsu02fqFx/AgLECdM4Au0neMKqApe9YRzOOogeAuH6E10ogFkO4aSw9546w3/vksNZEEO7HIHS3miIc66IU/p5gN+Fu7PUMJROzNX5MTFvMj3+XdyEjXj2cRXejK8NGDfZYJ3tThOtj0arG0QrGASJiRqeVTS8+r1L3MmtfP2Vo8p1uKGnqRWDbpvhzAsPgwkMbv20PSD9NP0UnF5+6yiwMcx37VfKhQKAs2wP6B7znlaUULWVlJmA5zXx//7DGypizdZSjjEfot0yMT8Tdno+m8j433TcArNKyukaPiHctbZx6pCPMxFKi3cefKSG0MLG0TT9b3U8UOwjPtsITfvPWg5jVl159RuTk8Ee/cMfdzQaNf2eGsiLIUPN4qirmaMMIKWRInsALUp6VonQb55DU7fZrl8jfmXfnRecKy7Drh/OK1zab4yCL9KLomlWDxYJWIejr3G0KFePGPnz81VrJGfIUhx3Dz4LOMu+t1UOPuE2ldnUbLT/duI2J7X4YdQaTjz765p1zb96e/zDVzJaUYIaSVH+ufczd1Sh0csX0ovCD+DqITECzd/Awx8jSStSfyn+kZCJABeVprrQdVbwaqMOtrxMEN9/aZecGL57KV9B6qDsH8RTiO2LQIov2zn/yTH+U5FbMQ0QP9bbtTVZC5FXxnS6ZrwpXYdN+yiM3G+fipHMS7ndk1diM9K2Ea1zzbW4GHHtdb20h6ibvrkY/NAlkv41sk0z4PjJzhEvJ0DiCDFcWomOMJj7of0weQDPI9XSzpfx6flJ9DM1jBE59SWyvElUj1z9SrmjjIL/iJRanL8fvv70amnhcMa/Ncl/Pzxy53pN6PSuh494FiUWzOayxBo1cpeTO/0xZW0IeonmwdDVRBPeG6YO/yh5dLYumSdcaF5Qg4LBbkObBpn8LSePtY4NAsbhCRpClqhCRvATFGizHHjgMIjwt7Qr0NYnP8tHKkKQ3Mhy1r5RG0hqzrTosCrbZ4wGo+fkFyTZVYuO6VoqdQruFqqoWOaxJw7JEzStbx2Nw41XXufkcf5AKuupFyimWxZmRPl9k/i2rKQfbOJ3Nzy1JNJOVR8AaGfNYD8x3jWgTnC3ixEr5SGogaQLvaDBL/dNUUm2v94p/3lIJSCgd3EgknDDPY5mFPKKHF5efv+/hpM42F4NJ4nN0/yen2041qoWM75PU8gVxy0LRLGmdFooTzyD2Dqu3B5N6FGNsV/k4bToKmN14d2Eaonp9pe+ML+wsY0PvgudR0IBpkDb0k11CO/csrKGAk6/wy9vtX0qRLJbtdrow7di6PiKC+k2oa6Y7K0qROQd7YDs1M0SiYixoUziH/b3dBR6Qm+lAZXP47sFLbTYUXQex+o721z9d8K4FA2oD+Dc3arCAX+w8IKWcxW9LzJxKjzkzTgY9uPPbhtaQr7Fm2SD/8qV8A9Ba2qtxLPTopnKrXNCeG8iIhSWb/tIIxBn89Cu+SPgF2UlDQnLyu2VqpecDiGGrqwVv7QFJWhtt1fa9ayFFIpysRvoap3NyV8WpfLHw6mBkxFKBpB+NPPoo6GR2ofQVLR08kk29rdV7Dffjc3UyRvkbG9KXAwl2xSJb0l4khKkAh8RqKYfEH90u85dhSgsl0UWn3P/ecBz1M0P8h0dbs5OJUNtNjPk+IyPPorQC3CUJx0LfyIAkvmzyk/d4JadGnnwezAXuyJOc6It/0CDvZSbwPs9WS0LZyjky/tXpNGx/9oqtopXVrGInQWR1loto8WoEuyXmKP0b67TNEiHVHboKMNfKPNDg3RMVPqL1Dlc76bQ2rc7CyKVwPYG71YRE2b4H+6wffQNFIweLQtQdo90UAeg7jJoCF8kmf6nwweZmLG4eER3WUBhC1LZAKOihYQZpWf1F5ZJdvcpyry3vd9TLn/2fes9PItn9LrgHGu0VrM+f1zW+UHuRTzMSOJLpK5JUTGf3TPcQ6YMDE9RuNYHqF/jsxSUGH3vEwcLA7C+uGkg+AgGjFPhJg989j/mRiQSdC4N8A1qBBpIJf1hn4fW54MLg8SyVanMcRvoI/RSnx/EkGDE1fD0Vs50H1IjBilWzBRIOfVQIK6JJjgjpZ774kFy9PkDnqJy1tFQgxRL5XRkcYsfLbSA0903VvBrFqTARenwV84NtvVnso/0xTOMbm8sRqmT5RE+ITGIQdJFL5JcIy3om25BfBnTkRqzL8X2rXymt7DJD0O+HiHKT7YvBLmSVnFSiJHWFQXHBr7+1pzK0GEsYZ0T5uYx/ub3wMKDgWhVQicIxWdLPNYKdXW+/PdYe/sKawtUd83fDGd34mMxmH2hi0CNpplb/rEr6XBnP1yNQhLFMrzEX8lHlTBQwr5ddMeMO3CM28B3VA9y9APk5fa85bz4pfGVbki1Gv5Jn716FMYKTwj+bvv9pZDlC/Eio8YTFa0xDbvOwp8nv2dfZxlZhbISPq5vtSwNdl30qJJN3yaMZD+oVlWz5ue8RutBDON84DkGMHXAR/VI5IZFYlJX1Wed9XgtDIoHXW1uf7sEVSyC6eH/nIXlPlTVYyyWPn4eh6TTwaUg3rwjdFLOohIjqKFy2X7w7wJzK+lDMTwYjd9487iVg0lcuTVUhPSUJu5rbdifCnHeQlNZ4GqHjH6cdNxkLeYz0IXhhUh/d74E6k9kZ/gz6ga/JwYAy9Voe74Vy+An0QUt9mLiEXrNyNxq/fDMooSu/LNJ2rE7mfK8pTLDzwdB96YN7y0wO0jmKfVAKS3WrlWSU6y6vr6x8oLg1lji3UwWXQ4CpYBjboCpDDJhOkcumku7ekPEsmQbzVsUqSXDvYWwEjnSN7d1hD/QA5VmsR8/uRDQafoSCROLU0FQL72XflV0tboMrx0l/7UtiK5sQYWEYY/4nVoDQHE4OIEYQxkXu6J0SMlwZ02MPV9Jp84tJrdEgejOG3vx4NqrQSAJZUaSnfT57Kv5mGoA4qOGfHYAPTXs+X90RuN9eGKlpuCI1IjzEyVnWrXk0flHaPT7ymwfT2ErRTjlrK4oSW0OhVvvnqXZZRCGZ3S4Pum059C6c3ufZyWPhB9GQkz/SiLbmFBT4lN5YN+oBWNPZYUqv8HZ0ZBSlL2tHZ+2CM0xv5qEPoBOJFtC/HHceU4xSaDqNEhYHFQF7qvqrHjEu0jVbnFPFQ+QliaOEv/aPiRX9olD8hLu1n5BBbDTaCzRcXND7YX+FG4jtKP877YgGLplS8mdaYNqnlDWRtEhaBx/D1KgqMeY1BIlJGiO30/c1WUHeoRJf+5DQLLFaY6fpdd+KpmiFj/+0SXyqn5htBwr9pAfAVmLOTYdKrhHvEj8heqbhDi3qDRNuzG14tc3eZlgQjPrUdJF5H/3AjAcyw0Dw4luSwxfZ936ATH5bPaV8JnniHgBJ1CBuefHqM2i2h/Mn3Cfs54RoXrdfnAfKTMeve3LZYnO4BuNVz41bpUnXRNFPBvELNhJio9BMdGl/z4yP7qKQbqxxLPC/wGX02ezaugkhFiUUgS1GRchiW7Ii+0nyGCTYvAlgvu+asCXwlDTWTVHpM7eD5Ds4xLLqwkiGv56kPH9q7YjDiE+jlFWXfnSbhF2pWCP0k0ROV8kbFfrYvVy5R5fUcrA7OthRVaT23zIa45UwzGmaTa2sYsG5tslMqL1nJWtQ1k5Ar26CmeF6sISo1JFKR+vOo8cG1B+eBHMfJai8vXOS3/rl8IKH9nG/tTtbzW+FZRNHG/tYlV3HzW/0AVk5NjEOGMOB0GnzsOPN40ocQlXDkYY9uJf4684zxX+XuvulVJawe5w5ixArR6zu1xXkQ69FREXsRElTChg8vSGQ6d9XF4f1cQz1/1bL3QC4FeiJSIOXaGDP1h0xb3P1ZZjIqmVspvGkrYh+Jdx7kePmJxkdCHUChSpMC+gKZjcrVrBqX2ut/PKGkRY/Yob39aeE7+RpW/lqyjEG5TloIgzkJXfFBiUk2J8pVsqQd0TKcrNrPwFpW6jqntJHSYhRmePJPi6PEF0Rxtz/P3jK2BSMUZFgn484jzauoQpwm0UloosT5lkWTa8i6WhiqrKvYn3i5cEXbb/3jBXlt352sXm4v3fXPet8uLNdq6PX3u7KMpFY+9oB3o8qUJwRz0q9tketdKicrAlbhj/Y8OvSkTFcxZ154Yux9mohrgYQrmoZfw3/0vZKr8CyYv7CNj9cPQB9mjIdxTqmaPM9k6TdmzRxTFGgm0kNSXIlC0Zb8ngKPDvrEiL20VC/yVHKmIbS9QKBEe1Qd8IASTHsplEHloWJOwmM++QtbhlG0/zSPheDRwh+vWPHoluc5rc98iA8pjfDFOxZKfgwE6uRrj7P4jG9ryLu6w5oIjlBmm4QojIPeE7Joo35JUuJzvVY+zR96hqIyaHlpgf3EqaHkZFxvcaK7F3vvl9XgjC/mjxQN5GmNDl1x8sdWsLkQHHp8UDlTGoHPEI3ZaCz/u6gpJjidrNLsoTWHys/QjVwaDGXr0ZMlyKZ/9gPP3d3l4I9mg4y4gHvarUDX1NH/kpuLc763rZlz4krWnKGy3BuoiDAhFuB1/2CllqFJzriOezQmHcJTwpHwjnWqEJ5khDFGZhD1T0GJMR6vLr/yiQCAhqxgZBOHlRMyWOFxpXaQBjlmXav86qfa/4oZcJD4H3KbOCZByAz6ZN5ZYaDb3JVQcTeWUUm1HyTPY9niu5EfoTN8vjRIaFBJPtSbgvPCwe+q0KMQK+nKavHioML2ixXMmhAvf8yDwvvtIbJej4jhoE6mu4InXMx9rCzHattJpUIyXHC7jFjNK+xUkKNIG1dBwpNmXTr3HXPNmnFzi472D/Db/+Bu9KN8N7hDNSwGGc0pKIWwIZxvLSxxMsPSoRPKrfjEojk+9+rkZedTEZMbmMQGyoCan2Sht3srmQdE09v44nq8XXrKr+tT1Y/rHHM3wOqhHDCegOkV4kyZOablcJ0SNtoeFoueHlE3qgVu1BVGr5MCn6brjfBj4P6HzsFArrYQXx7ACS7wB8D6zy+eSfuNGOfdQWlOEerOQLO4/KvYGhdXyrNY68h3+v7ahY+89pA396L6ycvz8rqXhMyaFabchzT3QjAjFc4fpmiljQIUjIZTQ4JYskdzL7PCpyyYjaciw6hf040v5tS5Tu3g9JV+R/FESPIoZ3mkqi7S14tH3fArZL8EG+KAjK5sIURzxLIP0/GY5MrY78XS/lqHyCXGglFqmeQu354HepQCGmrswpS1bcqRX3/hEDCfifyZaKKIQlK/uODu3UjY4FklnHRrD9Mr5QZqrRO64GuOnDmC2NkqILbsjKbHOwiSFhXV97y40qkPRKrHy3HG8O81Ur2hLkdYjzRGXUpqLtkBptdxhpCMjk+tY+WmScaGzlednnt96PY1G3MqLX0QmRX7XMB/nTdrABvOzvShblsjc9iUKMmgNt1acBpiLcpE3tFl0FIqxktZhPK3V0+A0iIFbR+e+sQcAzZHJlULbKhAsm4x9v2ihrlxFoi+eMl8rK4mBFZQcUgw1TDY1csHRtxEGO0h8bSiZa00DpmCIBII9rYUZqBGII1VvWbJykE1A6/MumtUHTGf0CYHvjMWf9ScIAmiFcWFdkHB7trl5yTh+cEfAGgqTXokzK7h+teW6sRDJ84/qNqp5iWWJJxHOLUr9rXEPXo6jKWVfPkPxyvhtI2HjkWl9+YB/FamKOz+oIbB45KKi+9ZqfRBf3UV7DlBh2LqanJDFmbm1ue/AlMoUrrlOzNfbuKBceIQniTP/1BuG7ooTT1zKUW1dvzP6TIKKDKHxC+vYZhjtfaU5suFBFKsENPsbBerWXWPPEj5knP5ab2Gf1lnH2japPwOnyTWzHVLvLm6OuWqPok8OU65GVfJkyq7DnBhcx9uqjAKLjav7OIrNqbO7j6vsPHUs2vqukdapRg2WVE8qYETLf7O+DUivBtsoo+GPHXNvU7g7b/hJxfIqIHqLtLBAOoLWkOcsViAMfqxloKTiCf3+CsUZYovKJzKfNgdsb7SFsLq8wexBcg5CZUuzg8/fvyWqvf520/ndB+D3tG75/6rSTPZgZIdUWQLe36yPiW2Iv3R/amDyhfaki2EnFnyDhu8+T4CFkyQW0HAnSSn+6CU+irtHFvGCTm1UZa9dWGI9StwOX3IFzTdKuRqmljLflBXyrODLI9Dge1uTYSTL6APp04IksNtKhNnR/bnRbYpIiXJX4Vj3VJyT704DjZ4Ya/IxtL52YREdDV+7T/MFWJkSXyRK+xLxIC8jZIsjmgYv5cN0Lk5BgOUp+o1Xmh7AqDcoA24tZrePX43Cfq4+iKT6Ctms0VSguNIDofzA9dCPavRBbBrm2koeU9/TRMNFzcHKxPw5hAUiGSPhGuPGXBVZU8cWxu9KNBRu70I/xF+ViV3riynSdckBAYpjH9v7tikhqdRAKNIwqBDmQeZF52T9XapcxtFIzGCywfe7E/7MsMOmPPew323hmCnS0q4B//5ry17yAfXJRjlSw4/vfBNcZq953DaYahvmpSLwSCJcAHoyaH3/KMfO7hk444rpPkhbCWTJm7tVZRCXuOp20fY9qG4p9q3D8R6Z6kPlz5PhomgwVaS0RX/2l3f9U3F2mrDW1PEJL1xIwBelFtNJe3hvhwxLk07RRQ2mEsz0sO2Xgeax9LnQM3eluzIU8cTlIh1JslA5mZckAcMxk9zzgS0Uh1F4viavhIKfQQ/JgEcIdpWIQNxAKBW8jy5ssk6hNE090dg4m5PUKKhI5Q/oL8jxsqdoeGZI/cdygQC5aPdJW8SHQYlKrg8lzUlWMdOsOJMblaU6Si41qK+ZknoTAJBRS/umuUqYgxoOElmGPHu3nBuCNZPkdvwjnyPSVPExFMUS/anplgKa7HYS7PHwnZPz9x62rkjTt/Z8s/7ruRHJVd+qWoHPxhg7vdaH2pBdp2xmsI3p7KPKfETo/d6UhWZKuVE3WMekD5FAK/zNH5fYkXCMkX70ZrCu0Cf+GGWF9q7NKLyKce54UbL6enYmGTcMOxjQCPqVN/7IpZbf0AB7Az3i1xdp5S9nmYunfFbm+4OMMM6bgoMrof8DLrqog8zBxbUntYzGJIiXiE/kjwpdeY8Opxm8hHgf6Shd/Mj/my4r9OLo9FJmsgzke+q4XnhVw72VAtkBxfmClXrDhWLI5qo808PgrpFeaMVpqcZ7VToPhCh0IY/r/fYXyn3D8CLOAwzLlpdiyOrVyMHVTJ1X+dm4KhRYQTDxrVCL9EeETvsna4BODXvKoVIUr3ZJ54evCTDv+5xcXEE9RUuJFuID9HWXAPgrU0+HOhhDqQvljfXYHy2qS1dyTDWFX2U/8bL7t0SZhvDuwTCVsqt27+rWQD48eva5KfaFHwqeSNqH4h6jnqhXLrYc9eeyJKYZgeB4RSEJCTSL6jlo2sA8PNhGKBlp+T34YzClrNCM+5mD+mbHi1C1El6FyBr9L/WoaZjh+lPwMsibNGAsKwfCQm3kN2lyF1hsRyaqvbyot9oq0UKCCietM+8W62RvreqYa/42rfZG98rOf68R2eSrRjA2dGxWul/xUCRZcIxHkkVSQ+ITpyFCHJyb3o3SpeNmfNCG46HQoCFFXAptICrax5xCPMW7GDEPkR3cOFWt96MPP7DtCRXeo8vC5tlaICUowUj38/IGV2kYpdloEDxsgoDLKWOfH+KGORImdsXDjBo1j1PQ0u6xrohsMoa9xYWm7YUEWMyocXxhrKpZKwLz/kX5Mk2k/SuC0mBG1DWWFJ+Yb4t0W/ZCvvspn9b6OGBqlS5J2mWqjB7GkvaRxYYoinlXkWyRUr/gPqXv9VPF1xrEkKe58osVtps5hI8MiUvKdm6TI33vcM8qgvRYcMIZNCnh5OKLT4Vg1wLqW4Z0pivdo3BrT+4DDfqmg3l+2X7Jsvvjv1iHklap5Lsu28ciOleY5pSbcvXAFg+6RB3KD1UNYdm+DFSPH7xkxpaHjNyLGN2hcOlVuyTA2+KT8bgt7Uzr5owWdhOZF6phMGwRaoipIVitUuz+vvc7PtPXYUSi6M8zJEE5kejESY3pcoPdRTTM4JCz2048badoECSLXg5jHuTM/nzL90l98riQx0pGkJtSZ7xCUjzUupqqu0/3sF2XBR/VYKFshuzgc8Snp3FrPEZkj3MRC6jlqLrmjJTVXBPJ8oef5vf9Wd3vCddDdgc/3r/bddea02NZbH/DhX68neF/yLw2oaXM18oh/KSwQ094BlWdtRiOio+YGgRfbWXNhbCEcXhvML195jt2EuDMDzzeW94c6qMPVAAGCjdgutqV82KIClrtK1W1/2qGUYbp6RtTx5yafRV7K1/cYLBzv7rC3/0lgiQiF0xVDWMput5toGzPUJEqv0oQLc1r6pb17mIykScYnsiW0B9WfKf2nYczjLqzDDPmpk8ORWYztmRFayxX0+czj6GrI+DS5l0fpCBauXsBfZnOl53n7XF1qYahdVpRNWV8vfOk2/Db7o1bxrfgDeqVmqqLp1a2PvMXM54X8nkOR9JMlhcFaVSeqlArsHpcl1QZuRstKo4CGc7s4NImMbMeRrgHkcjT09atmKfuCOL8iUAWyfPpo3XnhJerGLEEzgRS3rsp/IPD1zavTlnsrij5sf+nYeXTEtTs/T33Xw/E7UerytKWe+Mf52tJLzzlIi8sGF0k4o5AyrohzgWYQgj2EDeXvHS+ds52/iHcqHktznvftGFYDMMj+WLh/OY8251t86Y/8dILe9iTaDdkINY9oZbq190zZGIyQi1roSTV0pf4kgofSc8Xh+qvJNQVO+hqYwlx5DxRbYRurrgKK3cYgE0kfrk1JzMGlczW6pi3Jeq9Ix9RxmkRc4WMOdhXznQeenY9Z7TB3znptFdpPftdDsrz+z4jWCHXDIwshrjiTMY22xNjJh6rfRn/kXV4TdKm+ml6jg/le2IzYV/y8SlBJvS0LRW6ZlOSKF9sVOcDGLF+Yu678MRdhvSxSi01Zfv9ebv/0hMlF3iApkqxW60YuOct/nWTZBo2pOCi/Hmw6IbPqjutXgQWeF6L0wtLWHM3+CkdbPwa1ei9okZJ4bTGa+a6O+Tm/iZV4Sb1+vMtxBRF+6+Of9ndqFsICTrdY530O++vbi869Zqo1pDfh9EXn+arhZLXVoGp14llXseUG6cXrUYLkBjQcaT7Ruv0e46RihVQTzz5QMeleCYjYbzw3MxDrQ4qY8UgqKzDkGBdmSNsXg8Q/aKFWiiFFvaryFy8Arg9smGCJ1cp1RWrm9jQCaZa9E5UTDnlPrHLZXyPfuuM371MdDFzM40nQN7At8eseO9UIHhI2WRE6D2WJyFBpDUiYPT5UtamWHES+EK5y+wg1p36CqWBY7R2krP2tcxpujqmogvT8nNaZBqVWGWaEmnRRuP44oaylDZXFu6Nsa0UvqSYBHjTkrsuHgPYZf+5N3msUt9WkCppv8gsrlfsx+JfBKmiBkyCizJRa/m7jyfQCW2NK3Xqm3KzbSKxFggqjk0vsw4Q059Mtv0c+Z6sGz92bjjuo5R6yD3ni/Na1CsmuENiaj9ZlIZYFF0mknSWdiFCuDBO4h/8rhns8MZgqn8YiNj64h1qHNu2ySKdPx3Wxu/tr8mXJCPagl3EOT7LVPagQw1MA91QRbZtpgTBrTCG1XSL7apJAmyroRsWoAWTqyy+LAjzHk97hKY0sN8sOO35aRNdnQfBYotq3feob51eqKHNqRaBjpVq1cpGK2j4XoXJF39EEeRDzOSn78UTwbc6W9/n44Og1xsukwIHP95E/TexzK1xTdpREblyu3EuWUPJXYRJeuV2UL29pF2k1jLtowTV8uqZxlTkwLlsW0355jo/j3k996SB9AV/eX3SDd4HV//sArcdPuO6xx+LEJl9reVhqXH1zjkpWVLCh749F0HVGiuUuKLlz89nLWmxY4FLT6XxxhLl7v0Q7ZcCF/iSbZW3WQuxSdrRI4ZPQxQaHZNP2PxoiHNjK0edLveXNv08egtH7LqcKpy/hNY5TD+QPhoItBmTWS/a1Ym/g6au/PeqgX7T/4cg2XU53J2r5m2JlbQgelzvdrVUX6X8PUKzT7OYdfOuQgvM5Wetr+CJ42+uUF+9XkmzTreZiPqnFnORgJ/dHALoQj5MgnYu27lRsHxLKoVuC6CzWxBzxawNX35q/hZx9kUk+F2D0bwpdi2Ww3/je56j90yOHMD5QVrr+WlueUu5xhIVQC2IE+LbRj06NajG7l3Nsm8BK7WFx5sl76oyA/LO3jZab0LtxzDtkCqU5VQVxT362q9UV5adglvTAvQVKrRyP3ucy4wl5tGvFGKnmvau9nysfCVoDarZirIDesOn//b1eSB3kvcDBJuuFZA/EsshOilTuSM6EiGuDJPpEicz5Mpmc8nemtmZd1uO5fNVMTF3Pcq9C6MvJLasvohaPJy2LT5a2ylt+5b4bLTPdGKvy/2LDuGtQ8pGAiCR0fj2T6bZ5nht8KTys7GIPlppnPIcPnwDTRgLvCWYF4TiypErlJzZkCQy7XO3RgF0uEXZakxzjRLc0s9f7dCy/DShLUVypI5kbCJk81GRh8Jv/j2gK5tE/rI+ItMzhX1czAOtXGU/Gu4G/56OQ5WBE74VevmK21sO7MupPt75WKUrevEb6czROi0TDzk26gErdxDitGhHZxv96n+v3atvhEE0T6RBKQ18uo9rb8nmDx1RhxzPIJcXYVSUd+9tO5M+npAF4saq9yEQAkfATLVXN1gyKR15sQQtXKwBZJtkncXYm3AVcXl9c/t8/1hcdu+3SYxEenp/Jmjmz91ug/Na56YKUphSHuYmZIA6zB1HK5/C+adXVmEa+MRRY7OK0ZybzKoAJCkJZS19G8Li/xfM/c5+jJYssFfLhFrfdP9kzbeFh+TDfvB+qb1vGXi41urPV5Ju0LbhYEDq9W9Sp/6eCytR96tpqah2RRMpiAFY/y75HT2spkRT8zcGN5kz/lcQSb5SVejpidWKnFm6RlGG4UzFd4mNJOx5x0k4deS7OUzQYA2tSh9qrd3/usof0jfIbBGSn0h/QHDN1e2ZXZ0Lsl481i0ntxKe/2H64nVb5WYskRwRIAC8ti1pevCwtCE7IOY/iygzXSL+mR22LLFaz/2dsUhYTtewHqM+Y1taigdAxDDg9CgCh4N/NQ2R/WwjJ7xe3nLRrCvHu6Aj60nXSj/DNv/cvZs8UuJKf0SXd+3VwMuMcbkGtwA683O/YX1IDhF7x5suzQQgVufD3R4aunQztjGnOZmiyOxlLI4NAch3g2cfPub6o8dIOZHH5S2Ome3tNuEBmhfOzmxO2aU7P1z2xC4EX79Bqs6dfvLtCvLtifs1/RUkQuA/IqH1xKKtrvy9QeuuKFQr+GHrMUN1LuRAgxSW/vxgsc/hw5AdphtdklrU/JlaqPZ5LqePCteXIyCNBpeO5hhCL5JRPzveVRI3PiOfXBQEBRxXXmp1bDrW/5HU+ZClzKG+yPbF9N25kp9UhcFRh1R22bu4jZgeDYM86bmyVG1QGnK0mL0XywyjA7TFiOz9GwkKZnBg+m1hGDgGb1YXOrY3uyeiyarRiENEi7XjYZOqCK0Auh7uXomvLfdcyBfoA5krvGM3lHRv6x6fc1Y0li3+z5SSb+97xH6EW3oZOHG9XDWbuWOG/pNel5GT7T7+ClJ8HeBfwLe874qYAvDwfrfGry8FltEB3Shy9GOxqEYeWNZEOrO76jfKsbbuxFY6+V/jcMeAjGvdZ1HKlR9QS3rOvCz/OgYJ+2wuJ4ghRW7Jr1FvlNWaG/jvVrCawpv1z8MaSWiUMg18QXvDxqgGL9mGfuDc4VoRBcsZj5DsaUbpVtfOr66AKtV3F89R1wsT93eJegr6sU4upIRci/bfXjJPeusP54SCIWgeE0fTZPVvvsIMFfsaUHFA31iEMggVrFwktMn6+U5r56RCeYpcpI+Qw91fE1v7R4jIURJb2rsJGZWWIy9taPvSmWspSOSRAhqJ+52e655qP3M5mfmZi1Zi366aNQQgw4GLtz8mC84LLCm34uqNKNNv5HLNwPTox3SGXwYAC49wkY1f8833S/uj+0tKYAY5x0QWM6Z+w+Jxi90ta5LIsIPh4grq4pNLti23qR6+XpcYjM1qtpZQjIe/lgLYuRMImSq6snUohegUEyTSgEJobsvIatRHwrw6xUFZu6Nd8z8AYB+mIonCYIlBm40hgMMncPyvvvBjogOjJZaxA60cz5aFhRwaAs2o7xMdwHc9s4x7QC0FMYXQB6Iz1/68kTP8vJWHfPXz+cbD1dfLaY4k/06sS+iKxWlvPotkdR0eDX2a8uU8mEaEnWK2nC/0R5gGOsI/XoF59liSB6otALisZ5iR1mPVikFxuuzFieZ686sfQ/z5ZXZOSbNlHRC/9Li6jGgThHmfIpVjFTSmta2e0t81R3RzRoV5QELnUeTMxd0pa3nRymk70YZPodIFtLd0qLl3BdLt53WxpNdlcXcuiVGKCIuDC5NWT+5f3E83Lt0akKJoxca0GtzS10bJBSTqyYjwCL6M5QIHgyUrMuIwUfIwJBhHecj0ozA8N51ase3K7kRNP3hy/8oCwaKsN72WtKWDxTkK5VG3WnqfFlE2y0P20qTCqJoF0r64UGZzfVhlbWd357/0RHVAoFkMS4lDWIPzotnCiDM+mS7nCKenFbtWpNWh47Bmh8LehXuEWeR6Xynx7QjK3w35JSjWAp7Xq4zLGiVteTwaZTDxcF+u0ta9SUZfZim5i0rqxlW962v09nYW4Ah4o6cVOg87isc/UqgG8/BezMerTrSjzbK00l0mLcFvrd1P2KWfI2ECM08340a3ETkbThzMa3XEzEwwvl9iAl5su/dUToQa4k5qb5nUWoavJ1Pnd5TeNbDdze00pjZkCzr9/ftwBAzfG91C2nVf2llMo7dUXI92fBfTUyMsFStrfKRCY+Jtzu0VoTCuHNxWZXaanFxWhsCLSfUdCZqa8qXYPS9Iuh7L8oS/rPc31I4rJTku79jvyixW0N9SVZXzMwDSh6pPIPPiw1AXvwDqf3ZXmH5MLMy+yONatMq7apAa8w8cvGndF40Yh32RmyillZfba4H3SlCVWe0aLW5aF0hG6/RHf+ujA3L8So785+ESMtpKo0WYEFv3SjDmvfKmFKOxMZVdWGLLhUZX4Tg8VtTKgPO7O+1JgK2Zc3HzS23ebRJe9aQwAqgf3GW9RDH+c4dnyi2YdlxNTX7w9zc42ZkuWUAY0Jle+Uo2iieMRBOnSx5H2eVXjt18q+T/nGEfTIMaIONZYRbg7h8LlbckcEBHJBVTu9vk6qRqmYcSmCj300Vcj39Qv6HOwK0VMExtCrGQRGDa/Dos+3FzvR9XWAExsTfsWChLiPevpvNGIkcxy736XtsoyK3aUWdJdicrTPMeTYxEpW0mNDr9bTe/2F4eqJuqW1mFnFWVa6JDB3GSTW2t4eIsidhqedV0XDiqneGKTn+FVcq6eSxJOSd7NAbFk5bRNd+0SPRqYIV8gdo0WNMC5a9gFWOel2P5uRr6uW436VTZGWisSw8lQz+nyjPl41j3pXfe7OrsMX79FSA+Jl5x0Q4WHm/ps1/TeOXBKKEcFzztrG3/JIXpyCHm7jEOkXJr8T3qcuksZF2gIhWGacvK7RHT2pe0O4RM05bl5jN/35nMMFqtNAUtbfH4nG5w/d4eaRUtZCZKltuQ6J+Rr8F6AxnWQdQPYvBbe1fwKtV1BVg0A+Wc9TxWSYrWIJgcL89NN1t35ONvl4f4R269fFr8fIevmYPOaeTdhrFfUJXGHILmF6WSu3KHJLNwx5lVMedNakWhdWkExZzvV36TWAIqgHKiMsPxlD0+dHsz1/K1F90CG28/Ct64nMnNVGot/FPaaTs2WJnOgT7VkMFgSTgr+DPBva5GI33c6Owfkdm5ByiHPl0I9Viu0qiUJaiR5+WlduDxj/lvRS972FKwIphFm3ietq6ACKMHvWRoKQCUel0jHTlrzv+Slst1eeQ6rPiqwBXYiJoC59MGw6oNRNYdzCx4qU4zEstUzIkWd5T9X4/lMpqPP8f+auJaV72DJJuj4taLdYoqYhPbZ6CgX8Zvza9eZXX/TP/vNENEXld+MLChHRj/pjRkCwC5XdNUuouz54PkXL2MQRnpEXNrHFajb+gDu0suVJ8kw+e3fkfZ8vwVAyedJg48m5VA9gq4/okLyCPgWbX1uYcVyaV0Gdz0VVVvHbNOCQwQOSv0etStgvllVX2rZlc2tn2PCSGG/6w7j2oLYTHpXi4rLyWL0b+/M+V68s/h1J1mzf6q/8pVzg+niFtlzGVTI8k31KJORlp0Tjo4Jc0hS2ESJ0qU1wH1QwVtFW4Jw18guk1ZbfnMlCs1NBMJJnTQAL54GkS/vFFffrBmdF/N5tlT6Hb8THUoq/GrRiRoO7xI6qxfsi13m65qK1kaT38v5HR2yDNeWvXIullhmXE1zauRyKbbXu/ntT3F53U97dSe5Ui8esfKRrQsTptafJlGktWCtTg2RpltheEbh65Ox9QvTESzlQeIpxysvZ6mc4VkkIzVlveyy2cn0wt3uJBsiP5oSL+2bcboR6DXplfaOzgEzlse9eHDa7sUh9+LOwvhx39RxqkMZrXP2rh6OSLrjL/jHPonS+97M8ZmvpuiJFuwnuTMhqTnml0Y2q+mx0Y3zgRcZomtz3lXRk4wmr4OG6j23RPcaPzE1r9JBVjtDyOjbJWc8KWCB528LxVuYWhx6MrK00jo1fuqzyCDrXBYV54oSnflP/ZFKVLuM9Rwer40rjTzxGXK4FND//wyt9ZOC91E9yUi4mL55swfgQLz4hrhYlIbn2AoFEraWXQVRPv6uvq8LZbovDrS1ZHkrtB0Ftc/rhUKxI90VT3i1KP/RcOmxEngnN9W/3P5xT712deWVBJuHHqCwZerynM05RLhh18z1cCfdvY923NR57rvTzE+LpVAmqsGW/cfMDAsPRQ/57n/aqZmR9ACtb49+3IwX8559m7w/8EVMZuGqMnx+8ouep7zupN6l85PBKuKlmW+uy2EspvaPgp2drvKHFa1BWdcWgZLvYNW1dK/6t0TW0zN7teIuY5C6/RthUg9Wnyu33rGdfpvf73S0emOuesJYnIe2BbWWdsVrCn2U1OWZAy/mvI2o7AzPRSC/SAPjgeaYmYV2NudGo6A7vuGcbi7SG61Ez9zxnxPa+Fuow48vWmReVrBl9sDi55QtOT7BsGgs9fZAYy/23D1/1O6mFnfIbv0YeyA1Ef6+l20oLkO2OxCwbr/P51b65I2Jd4Zn+02BMpr5mPXV2PWIBB4imcLvezPObLd63t48wycHHZ935PRpHOuO0bVW0MhBy03REU3xsJamE2NmBT+PWvce0ymHOztNo881QrkSTMyEVcqbPgu9CoPgLhZyh8Zemkr4H2LyQdWk/+DnIGXb7E8/XJN3eN1aavHHtPsYEgqKJj9YWuqDgGEVRrKt0hazk8NfW24rBboJ3+QeXC4DcAURO8OY9O9zPzuJp5Y6YFQkAD9DFSqQRrz3TFnTy8Ylv/ltAFN548FTn8U2i9yJ1MTa3PMskr1yvxudYxJQlkOn2vV5fw0upTAKSvMAjOfb2MqlMLaQO9M/fk2hZbJaVmYPB6hrZqfNex0zneo3/6Ghr5wqfA3fZIU+cNt1R6UofW7ea75wrxC8LejuFf1XBxL6atcSkV1pTma0ooiUJRY7Ak6ilsPmqwoXPn0pjwhWqzBbyfWYsln/jvXbeoGGvCMySVCilsv+sOz2h6zbAGNrKDyGSHNbivvWnusCFthlLS7PDCh+2EiAZqPuWqhrYRY5fXo9Ex58xZDTnJtHZx3ryWqrldjq6E0tj0hcHzUG8ZCC6IL4SX2figPHU/UA3/jPenQ8D/RoUxgqi5XFivpLmuEFnFV+SxPxWlWISXKxyZRCDYj0RwREtZoX2RtT0Gz/jMnMJorWtagci1SRz/brW5WofB+GzWqnvGom6piutHlNt9/DNuhrsADfnS83b3OYiBVpCH4AXLv99YEDLsrqJYiTLrv6XDzplXbIpwzWomAt6nSzolwsnKvPTxR+e6WISvI8KOHc/iWFw1h8LOvvYaOce3KQXmkRVtyHfvH3+8ZPSTXfEs/aE0/l3V6StNuh+0qp71M1IkNn3avuf3Ww0PGVAEMOeqsfSzO5d94cWhP6+OFcALTp/hP/ZDM310nr5djKDMj5lF1Wx/hMGCAQneVBN//ahd5xa7xUQ/IejSFXxOcFM78jXbWwgNOpVxa5KVLyJseQBQz1R8e7jb6+l8Ph7pKM+GCD9hnx3rzDdD2inM5pbkVgrzey68Bdbp9y4pSsV7gqRnNK3nFSaQlNr1PUGlbbVkPZ11l5l3vxPmkil9S008/NvAc2h1ILYPoB2Qb/TgPgIvGM/y7rc/SLG8dciyfbY3IUzF9wfQTfhhzK6+7TuUz07YRf/zbRdDpVjjhTTLR+GErB7vFqY7jKoOxWjfBhaqotK/bmYC+TOZjWK8Y5akSngtZ1QcE7tJPxlSCTiXLri9YP5MI0ZbXbf675Sn06nYeA2APhCUtz3t15a5rrxVK1ZDUmtZR+aTs/B2n9I4OGwGOfkg3SgydkzPdQPTnQtaeKBwE+k0QsU1Kel+hlqEV06TRJz+/CfWi6Q3nz/R/vGrzsB45qFgLltiGtigSNz6fcoXMdqG6Judj5me5Xjr2QTL9TJAue7gHfvcoqb1FsuInYDV2HMf2MWJnhrivTWXCZWj2baamZdut1wfo2Rbe/E/+rUr06aePxOOhxPof376W22J868idvTi7m9bQVhC4xe+Xrl2OMHHJOAG2Fs298DT+KjWEwCFbGRTcjhLy/Vn4n9o3/eYqdgLC5HGJfSWkCc2rg09m3V32G8brvQsfpu9H2+LEQhlrmaH+/r2ow797S0Yg2pdzOpIydQ1ko3r24yEl4Dvi9YoeXl9GSV/dwGJZoo5QihJ34gJbfxTo0lO1stdi5M4xkJl9oNCpfFqmUHRTkYzfeQrZXvgUeG5T+EMZsqsXYRwoUStsXgiQi6FFhEsHV9rTFqbr9iGoR+yIzWQHt6mqDtRvk/awCozQ0f64zOnDEEOWnjS1ZMz1ZiS+XkOWWQ12L+MqDPoovLMZuGDvE5Wnqq1EnpT/MrAbLhjsioYC2csxzIotY84BNNWAFxTFTilRqpWFnYbKbfrLP+eAttS200htCJ+LsVLx3mZxMsStPrRUYUY6ETZ7p95v576VprHpNvHJurvjw6MsNz71hcYp6IYj4XXPFhapumbeG6qC9S/L2/ppZY+Mcl+L/h7f3Dmq669qFBVTwplsAaRFQUWki0iFRUMEbARWVDgJKlA6hQxKVqjQVpUiJiIJIJ/QWeidR6TX00CEBEkj9kvt5n/Oec+Yrj3Nmvv8yzPDL/HbWWvu69l7XuhQXTKOzZRE+VptEI6qBpHfgKBxFnS6RYWabw/IAifw65jZc8bjnYQVp7KXoYhULeGtcuXx/tkFctHoWwYkS80BmRi+2YaVDzEfd4xL3cfx5fKItlV/jlMfxc+Chh49u95+jveJW+kt92hfyPO4KZR0ZBUbALoGd7gmzkQbNTPjq1tPhTvnsk33jT6t050Y06xXMnkc+a6ASej8O33c5N6P36ugIwdofo7nW1yS24EL4qc8f5ZQAkooSXhiKitK1UPhmR7TDZQqTSYC3vamTI2peMqsxSo0pvS+3j3mrf3Q5bGM4XzU5qCRft172PPA2XP29Z8CYX9VfBWee7dT3vm6+WaWnVNN2fDYpzfMvZN8VSJ7Hj20d4mQI4g28LR1CtMyaJ058y5rFy2b2GTZrOtncieei/bZniBInXRE2ol9pnZJBF8CufV+kDts0DoePuF/SSbwnk9lNz7y98VtKyh7aX6F5nDoJwUicOWn9Zw1OWuzZmSGK69i9JptD2OjQXxE4cJuNYsaPhILyuTdZWF4oRPjLkCwqadRl8h1hUnXYQnd9/GnyG6OfPfOSIet4r7Z7Brg+1w7PvxqzPPc82yS1/d2q1zZDfDTlCsvvjwZm+2taQxTuNBXyjoW/0FZ0jn7BfZFrU0r8emAkz8ro6feDihIIwqz4pSit5f9dd3Tq+W3KfX7Hn0MGDQ9AtWU2jmd+S68WW/XxOLwdNgMQtpE5uS7f7YMayb0mOkGGVpAv3zLh98tL7zcqD7vdOdOVwPur+amwSM98E09XPvuFH+fu6ah80WKPJK9+i/ohvme4MXg33uUX4IucCnCd55iaS088GnYKY1eSp6SiNpd6KkpCbG8hwWXJHD42ZIQPFSZK46MuY6jSE/f1Hv99dqasJudsn9rTwuNexgVe+hfUI3KuaBIkSkG0XTMLyIZfmWWNAHsU6ODGrJgU1+eJrZ+adZaP8H2TFnVLoq43fJY3NaXPH+54SfPMO3M2p4b314R7/fP2EdFJyMhP1vkmZPGHoJeswSUFad77aZJDX0WPERaT7bgmpdP+ZnKfYesALiarNtSX2yWB9s9QxsOOnTi/EMopEXhNY/dtGHMzqjjuBYAtvFsfHipvWs0vFvKonyUPPvi+1bAFYwJZQvgIvWpaPNBsyqJmt0xO+nadZ9EdBY3F4z/kmV+LAe7ElrTySeQ/Mb4K0nCz0NjcPyHnWLQVYtvu3nyzONdF3Tj3CLNaRpRgYJTcnPVhG4+zJovhgRQCjX/hGIZ1SFmdh+UNfSPHW/gzYLPM9Ug3KSuwd1OPW9FCcEJA/9eYbACHIhxT0IAOnkUxhkKaX2cc/ODjYvyZrvqZ1uHqwLWU+XjMqYX3+QwqrnNSvcrH2zKtXZjffVw+E+q0aQCApvfeFn5rZwrMIwSsPr/jtNst6FVTslIeyDZ+Ps3NZt+9ZbHBIF78VK1kCiPHXhEgRmyiJdIaQoIK7V3d2T02DDtHFNVnGgGd8LkXsWdMpMT1h7ePzGpfMbI40XnN9JhIweltvu5OA4XwwJVPT810vHvuAfcG7SlSJjWrCQm1bfqG92EPkBbO1LZ3MZdVBgGAPWZ0aa42y9t8iInT2ZPNDF6QU/qR+tZsGv4+n34iQlRuXMNvVOMLr8tOgdlMCUSDL8+iMDvvMGsM9e7Mws6Lx475tx4YvcjLIQwlpGr1sVuqDS8vXEJIBhve61/va1s58oW+8D1yVf/LzXLnW1334L57TRhDSufTJXBSQlClhlD04cnrrF7zO3mHbfwnTraN5Xy/F2szYKUer14JI6/k1nwxt4NZjnq18vpUfjliL9M0cuxri3FxfmGti8ullZuI0E9BS6mtOvh+7oW7x74ONIcdHQziKHZc0/Yccki77DFZbTMuEebJbaRES04vFGUjTddFRQ4XWuMcB9pfyyKOb9Zt0QdPso770oM6VjSta2fUsAqVq28/XaG14xD5+y4RLocnrW7nG4gHPQhcx8v6NDyyet7+k5GU9q+YNmUSfi8m7logkKZdMV7rygemgYvs5xWCESGw6go4I537yuWvMx09AxidE7USoc9unva4veS8OOY8X7waeVuQLTntEQLu8cTY83NMyVPTSbL8wUyYdxZteOJZaj81+8kCEvOggfao+aZ6MwGy95s7G0KRGzewVTfNB6qob/iEuF2i6pjGV6d1jHxTD39h1MDkiZm0MIVC3oNKAxIyf1ovo8NK/Y9AyriASChFYnYdUmvOu0Razs0Mvf+s6l7dZZw45MPczG2ehrXNpqoWoe5CvLWDOZNGSptnuyfKzPxgS39V6Vr80Va+6qced7eN8o57s83JPRTjujrlJrM6THmtXpSNeFRoRXNM17vKZO9wgUSuaoG4xgQOx4s2ejcW7hXe1PpoO3nbm3/RvH7OItdvT+/V/ybjkwXQpV1dzqy+tP2iEbrMs+oixDiRRvws+SYbeFAwxg+pZan47NvlEJmL0nRwTYOdq6hqxCHxtCfDL8uHl/xEDl2zWJPiOtm/wiGN+CQuglq9VbF7OZrzmssXuXg/ll4RgDz0wJbwwHpve6X5Ws43RQ7QK/T0B6P60IV32fT9s1r8OHPbjYfgMwjxjdcax3T3FSmP3r3QvnsL85HrTjcrfEXY3Z185N65ALmrRovKxkVP8Z4xoR9gdh6O9vLKZoS6tBsnCqcHeIz69Cr06ButqaB1tCc1nxg+t/3qq73c5NXVPPXGRnWienFvwhPFi4WRbNXgpI2AWXtvXstyGyYmMFGf8j39UvD4E1XNjVgVjrNjD/i0d996zbDZmpmZgBHuI7YgJsCQY0um6agTxpiklzpkVmXjvfjwlOdjHLNAbi+3tl46HtOVGsDboCL/K8dY0Z+kS/pLCUX9G330ZZpphbFJ5I2C/asWl7Q3yp00aINm983CdrfmkPYBNN5WDGjH3N/uTHbRgP/GOvFpYwfrxiHvjDZOhZAvzb7JfCkxDzGLiXZcyEaDZyD+W7LPzaox57Wf+Qak94XLZj4aTPoYcDFH8dty0lRuZqD89nPd8AlHc3vIxpvjyfb+t0e/29b9RSl2f3aBjfQqRpFPfTrQbNa/JiMZPlp4HHHwBp/0FOj3TPmPwjlSqunIU5sHj86qoDWcZtirVUcKFr5dyMRuELSnfcb809z1MJK4D2lpT3gN5pedEuSG5sQegQ4WEN6h7ylCz46Uu41daaKMumJ0n/xIiWm8/uh6rxLK5kVs7+IzuaISvRQocWyR3O/MOo0C+vjUti3jvUPFOOuveQNmhcoiP0jzSQHfPTgj/LrkjcRt6FvXjwn2Njfav/OrVJScSHhsBg/OZU2FP6Wv8yrBajyNjIwUvi0OtZBpczITVwG2v9PXcV3MdjWGj3WbMXw9x5VwsqbKTN66dDSG7/cMu/I9zseQaOf1cXkV18MosiO4/+WvvbdHIvkkbC3jV7tZg+GzGu/1f60XKl3IQ7kIFIi2dWHk2RVKx2WQPitZk9+T0BH2OGOnX+/Kj6oNG37Kpo8nkJfFFZxC1wzJq9gH6mzO2vsZNOVvJ7xe1kndGI9coD5KIP77kjGxEkSvdmrNDFm3qzjv+aRyAha1vQJGnOqQZ4JKh213Do4nI1YRaRoGseKnMwMJedsda57heHzi/d28h8xIJnTLG5b6dXteb1pMfMSvm4LyqxqXjGmkOzBLPia6fVGTWVtrGpJNc1U/XqOHHx4/SWgK47/1e+/iKcRVuWJeqWT12o0Jz1OVo447k7JbPU6WwoJe2h4oWw3cOvJNi5zbfzXtaIDtWYdFFSM2D8umIFsNswtmJnKFaXo10O3PJX2/jcDffkwRQhlQUvhNYcuvF8dVf9zSP1bNuiUXD7xbtd2TX2xSyQjdQYuxLtF9o5/gH5pbfssp5k91u8f5J7ez9DNcOnuD215dDqjQAdfgdSOlGg23MvytvLy7W0x+LKKxXJnOD+tAmoJOnUHRrVp4K015AZm2LkQSCmX3K4m7otoi33Aahsso2YLZclStDZ+zKalkorLWpTR3Ia0bsBbHGIVH5oHIAxasHQ88OI9l5zm2StM438ZmfjfcbP/VcnR00fIo/STn/6JwXfieSY4uNuRRO6r1xWrhGw3vZCbv2v7D/upTv98Vbn1cQavF05/wuTXr2nHtCXfDxMn5ksjt265dHbFfg04o8O6btYu+/WSUxSf2N5j9iRlgmEtl4aEu9apJbSi7gUrFoUgNR4t5M7sHKta1wgd4qbaW+oEwB+PYcBtdgaFfrWf+LW/tfav7Y+yTJe3mlZzzX8T3ZJNpebIqTh0aQm9A4WFzbnmvmgavNT1d25MaHJat/Ese9ePAs7ghCWobYqa2Ucugz0a38hciF7ITgELxOuSUlhTgiG2a7az9svxlIBMsVs+0xLSCGAcYdk/3nLyMF73uyFCXAqEgcF/KodJSm+rrAUupYHSq67mZosoOK7bjvmbH7GWaR25f/bgt+jLc2veEx72E5zmp5wvqTCZYN5/hTPQgHHGSGZ6awVsNRPlYJXVCAidd8F1PWa984jvM0zrWUdmckeJQ2e0l4IjdifGONLgg14+6jUysEpixFoPZOVp2m6yaY8iMtN0+w+op6WOkj92JXhWdR4RSQL7MmlqyBQzpXRj7o/v/1Wsz31B01fWaEWCEoFLDZS0vqdGFhZpf2a0wCuCuoJpvl8RLo0mY+0vfoOVZg8Nd7Xl9V3rlZ4uqZRufVhvOOF1roRF6lWImI9Qanyd7vvaomo2MoC9d+fTCWrvs3dUGlqSR87DNYRMZdrAAX9ZhWzXnaOHn8t6EbP1Pp4TvHbZqd8qVdPWxUJEZrUhS1FYW9RLpNpdXjl7tyrX79Nphqy0PNbxfciLme1Lws/7GN/u5PVKN9SBdX8k9p6kLv26Jmd1Q1RAXc+rvKHd2fjzSsRiTs/5Zhydc/0TrtQfWjx+3GkB9Hqj/OJdG3T8ZBvhlBXT7cVPJ7lnbXZkpJeXxE7DFGxXlBi6Eu6/1ZY++V9DS0/U597tCmLBcLLpqWk92asUED2sIxcOlRoi2C8r7CRfMuNmSwWbcpZVJKRc3NFH/dSzj8tt9A4VtnO2SeQOa+noLSrYDKDas+yhAdvwnPE4E+4JkwfmV1eRPrq0fzW1t+22R0ES3hgv/ngXgIjtTVNbTwyTUHgUr9UPTVL1aeZRf9SN2jwm/keKRuNbEieW/5YpEyNjgnYWW1UVcx2LIVoPSJBSjyzrjGv6gjUuHOKv/1otVSP4i5sW/XAvXoJbUduN+MNkbtGXR3CbvqVryiQTPDSxoF0ii2txxEp4s6TWu62KiBQkt//HSLwvR4MioMee0wha6q5ioftPT4lAtZpLfm2XCXN4EXXpg/1k8OsOfKxfhv3ryuh69QjkA9CdCcajAd2J//mDgxlCy66X2CHvXYqTd/kouwgdvbht0c/Qxbc+n0t4VPxWAjVCYCOCyh9OMixZ/GUhY4r6ZgKjb+oH77wxUPFp2MCiBMzsmJtVn1taRaJ4Jz6qNBb20Pk8mvbl7i32zSJkcptEYoz+pv/9+7n7LqSfbJXgnU4COktv/z2prxfDBcriN85fMtvcxFxICBS1756Mf6v7L7iHkvsTBa1lTaLR+l9RRbbV2M30aM2jlFdsTA9EJj2WFxDjYPfIDJ+aaLs4KNVcnX7yfc55d8dDwzZJ+asCU9UsIbqPqWIY2PZgRVjDa9IQndNU5zF/M/AYvnIA3BM4/tYU/H/OJ1EKxP14fLX23WwfZx3cC8oVQ/9yM4I/+rl1IBSN4Of20v0o/mQ7CHduoGr9UbhmKL2li535yo8USnKHapzVR4FCp4dmwQXSYrPauqWcWP+1eeZWoezKZ/Rl5447bMxOtY1MhC5Ohf7sORoN9/iE0VVONTkfyPooFmVs9//bmU4VITob/p6bMT0Z2cNreZa3GX4v+g0zcf+4auvD84xCcRFVUhJDNZeH7N5qmmPDN6+Bp8sLcD4V4XXr4ZbdRfU1Sh1gFd7It2Yiuz68rHq+5uW/TV9arKLZ/8Oy7V+bz3Ix9lEkj2ZHGq/7jwpFUsfskT4W4czM5FBzAAKOz4xYY9FsFvlNYdYmOT+rYqpwomv16gjCaC1v7o7b/y4JssK2+LYSZpVPckD5qjZKTo7X3BcuPmKgzZ3Usau18GhjbmNFvHcAs1Jy0DngGCCatWppNJADJGrEimlfmz23XrZKmQ4ovSam/12ltF7YTUJvyTfzkoq7WdXhyXDAW4/z/JYEXP8uHF8v+dFB+XthEus3SW7JUakFmhQm1ASjiDQXfVanVYpGD7xze8oW59FUDoJrjgpnk3kfA0P108oC5X0lWMsXCrPjelzjVH4Z3hs/nZff/rWQ/cEJMv5ZP9kWXwnFqG+HLNfBdmY0EXpSLqzHohv9K34LKblOpYK7FyuBccx4K/Y/vhnS/i3H9jdKCh8JifiuIpTmDkwYgF2Wrjl+XYG8cHrNmPqWMc1WLZ4seq1qONtM6SNKF6C9cyi8UlLbUCQivi5w+nfRs4DzY9c0RGuuocJvQWzxoyVcmE5Li3XE6v2PjX6c5dn0HQTI+dqEcj0bMRdxKH0Ztz0YBlgg5/uyKUUGBo2EOzUeEuzLyn/1qMMBcXq5s1hz5EiN/fBO1lZked7Pw8CSUtCV6KwEGTIb3dMtGKNatpyON87i5xkx1Dh5ULw5bt3YC4PdLjT30p553ojVDmCx6ZEO/VbKr/aG124h31GXnvjpNdfXiTCajPzfBrdQoQpwGo36LRlgHIWCrr9MLs2JcQAxWv8hyeSsfr8LEk6CbjKY5wBVqWE5pi+wFAxAjtHqrkdLKwc+Xv2+A1tnpO5EZSv3VUend+CddRgEJTQ5RgNNwHP3JZjqLLoj8ZCSlF47PUbZQmP1jDFqxxssTMp61+MiS8R/5j4zyB+hDI/ad2O6E7vY+IGXdoftcUtfYqlV6AP3I7JK1R3+EfMOuPbt4YiRX1QqQtjswWznhqbTQ71axmDRL3QlW/+rbAGFJiMsMmzaOZ3d2Kkvx7b9ciav0EpSybVa60Vn8UsIui3qvP7q47dItlZpoH5bUbvVCEuDk/usCvMpvurcl4Z0syN+lJeys8D3jlbb3+rEuJxI3U0V3Dba/qVrm5/ouOpm7PYCEPI67ILsB+jXQBHo+bpEVqZZjVfDupIjvDfzyqEa5m5aI60vjWOqnvOL/MYSA1/Fh2P/DEIKXd9IcXyoVRsTbB+Xxa7vGfXfWKt2vZguYNWySEGDpHnNusSsa5EWEa6u+9dyz0NqoNgtcK4Q/S+1vCPbln3BD+qGHT8aw2tvscJnJckd+bYV5Aw4XTZs+JU35c8tmetm4XFoR4DS3dip8IyZfUxNQVLN0qf2jXH3z+OXpfSPYJRQn++ZN4UyAGtYNuWsRQS6q2xC0o01gfRpd1KuG/27agG4ezA7TaRBVbf9JYDpkOFVz4kPjPgnFkNByQ9ru40CM1AmXX2mT0uyKCMN5Va7blYqplx30iAlRPnMUfKeEGHHSiXT/UvGIv5j7/etv4buzDg70A5xSu+qtlfoB9Gy/Orbn4/c1sBJv6OKQeavsu5I+c+cnjPagBr+Rfo8Mk3nRH+qybOpTZgw2Dv3iaVxOzh1mrtT9A/odqpr/CCfCrs8kWVOiIBhthrD+4H7H9jsMUMI5M2gpveGZMnUF3NIcJW4169K31TF7synB8Clac4krQZfslZFc+w0fsllhGrhSDDc2dtgbMudWn/aCoofftt8zAIhJBl2FXxwsDrr34R/FTteRMdVbKOFO1PwLYa4VQ47Nz7vfnfVi57b1RyPMDMVVQu/cQO5HLpxpm5Uxr+gZeQ5dUa4/25N9NNx2bwR27Cv/K1NY/37bxgPoRpT4kGykxfCC9I+XJnwhnbdiybnKywTXRwXktreRx46k6ZXfdn+bGpbrqhZzwX/OZQ6Rp3Qk2eLa4bPrl9PMIv2sQIVp40eSiNkazmfjnhrr6ApKRkv+5U9GCivX4x1yIx2zrXp+xXy9YEJbdEr6Svs1pg09s/sXZ9GGzdX37wmx5c/KqUz+8XfT4mG/d1655wkK4JUBEtlr5WlydlJ42hOlmuWW37WfCMyf8HDjuAR7Zrj6YQVrn2O+dtV+/hQJrSgA7GfcupRML1DA04529riktt/0RYOrC/2jCupYkUdW3u2hWdVkVsvCrTS3T0jM1YE7DrvfBTWtD15NKDLr3QcfCHHlLPDbh559/Hxr0sbO2YXTzilS9ftUyHOLCNj4aXBklv5Wzxj/f50DQSp98Sw9VeVaEeLTlQy73TsR47sXhLlSq7BqJSYEnHsYZxSk1hx2ir2qyIfiUsN8M+g52MMWj5D1VCOc2qhUwDRwTH3grR1qfy5m0vVZkqUzL6RPOaTI7oCdsHp1YLl43seTaqTZeL739bDAkyDboXOhwXGmpd/KmGw6aoKT/2/jrOgXRk3ktULholoC4Vqxi0+fd2dUlGRwdUu/QtvkrfQeNk4/bplbsXeMmZu5KVfdRg9nwWqSKYh2VSYvF4TgVii/6+E5srciplhHfWMjBUs62jny2zFG8RMyNwYApyq71R4kzfYqoeRTc9M8alk9Cn7TNv2yQrkZSQxjU7s3XNVvCVJc5icyg4Lt5gKX/HQTviDfBjCByeGulT870P8ef2jynbHahPQ2hfEArUErL3HCmTApe1QnG0LmlIYAf6fn50KiNkyDw4+mmILlKB7yn3oTMxVMWhesnK7VH/9xF3dnzbP63pGtx1ESWpFIjI5MshnsQAhdu8+zjw3c6S+ZN6n7vPSECb5a5ZF3MsvTjVyaWlgi7TC4gD1Y4GpHu1TLiX8PCDF88PbWE3BHznXxhVMHv+CfyiO5whRBfg/Mb5wk3Nf2E2zPmk+2hVacR5CtshN7X/y8Die+tIemnI5eHzfQmjcXr73RYHHCFLqYB1IeHYsiGijMicrfTMvzLC2P5PvC+xePc5PTzr8HhIjf+cx9UsJOtWdnyNSf8HMIVHiiP9WUlnK655wBvmeEPoSwfD/cbML3hX4xKKmWC7jnlBPp8gNUnQcKKnj9UrnKgip1lU2d/Z5xjjO7IviS9KyJ+4I1+t6Nq+0wr6qwspd2Z9+eD5isMXqxIPvyBalLn/+oYfViGXyEo/U7jrDw0MNwMefB12WhIVbHS3TCoHFEcQLrRlEu2j+AX+L4eLmlDq/CyqTLX6nefSkBRmoXUVFiXpq9rE6nojriaov6Z1YfdkmnXYh5fc3ZLfz+seKDpTR+VVkmwA1qLT1Iso5ImHf/nsfqCagm98j9OK4oZeSvvf9zez1ax1uUoH5222e2xt4Xf252M2Szf7q6mEXsYgdMFOq/7SaaAru5vjznjUZAKTZij+zdKwbTB5Qa1t8Y/r2VhvRGXlbnyb0f98Loji1I+2bVtUQOvBC7R81JwSLNziFz29PjRQ2PggKf01q4lSJptZJvZSqUKgbvO3RJhBkpX2DJO0a1psnWim/jKdhgyJAp3TbEFuF1cMp86fewhdPezy2yjv9fIjr7RC/jPlarU8uXd6O97iixAlTmZMSOXciWmF3oyrd0z5h+dW5hu7dwoefXBNkk7+9+NLd5tA+5rgiQHr08fbVvTe4jC83ta3c5/tEkAT8ZryVLcJT2pvh77lfhwb8ihMON1aYvgE2Fhe19nrN0cHkXBxI0qD9/+jFocuvbx9Er07oE01tgm8OwqNAWfOfN36vyp0pZgsVYcc1LYHuv5iMtTEAtkmTtMZaua7utveAUr9v4qvdaX01DSATfRtXfrcjeqZnpryxpVjttK/mTjxbFEZ7npb810Iq4Y9yfk/bCWqw8kat68gXluji2kw30li3h7elG6drAmBVRCbSUd/T+m994hjpfdeTKHd2jaotyyVbLZfmcKn6/VUvbLiZbVvzC5xc7dstG6gy1yL4rqi14DY5Uz4Pe/fcQmdLxRMeHxVaM+1lWp0TVHvmOfumfy+YESnwxNOfBi99X/QgwtgSqfAl0dOi/p9I/74B0Hj5d8Qgeuhzt+CC5kUs5mvr7lEEjOTs/R1INuNhjynujdH/gpdKGEsDf16GFt7pQuma9stZjSmYlQd5Mmy0ZnPzeK/cWodAOzmpPYHWCVcj3s7rxR2F17sg0F6OO7zo768gscPH0bBh/x7elkqnKiXDJKUz3mAXP6StX02FLlpqUv3qVAEd3Ud98Vc5VNVVigye2h8ztF+d+vDstFQrb/dVZM4qiPs3zOviWfHT68rcWc27xoEFlzTKvVUaDgJfmia8jHHX+vKzTbv8TeBwCnjlVGexev3K1ofABzvNfoq2Q56lprudm3l/dLaprfZ6LeNcLbhbDeLzrs4WlrY6WOuknZDbIGY6xVJOTb2x2L1YiMSuSR7EwgyJO9Q29D+net+jj/UZR+8FMEszv01Gz9EmOR/Qnak5V7ycLtO9/iiKMzNyWFQf4T8SRzFCGtodtiI1OOHSWUXKG/lq7UK/d/Pxcmrvhd1ZD3iS7teIQ8IDzYvlAvHYUk6wpJbfITgcTl9+98xpA6rtIXvZ6XD3Xky9d6qunmEvRBINBGE0nG/EQ6jGH0ZKonn62OTwTqp3Yf5K1YM8gm/8jrugfK3seKdIL8uhZbHZobfHuRKSo6EsvaX7A6mQczfBeGptFSx3AP+MZg9nxOl92SfcPckW34DPNXi2vZb89vQJFQUndhB6JUHakAbWugDq8ylLnbvudX1xgEEKL4/6kK+LME2F/v/VBzbpDF9vDsDWZfksrDmt8Ej46hxpvMusZZ7g1hWTaqpKBfQmhbKRD0Kk7+Dp/xTchlI0qCPGLUQXXBbKa/Tq1kfxTnw8Nk23cbin8u/4UDIBedG5A6yo1Pb+QfFPIUmMyADNVAxEwuwGMVPdqf5ocyatmgaq/0+GnuTQ634K1C1HATTxJjGv9Jmz/Aak6wtqs3sXpREw57lK8Q4U7EXMC/7cTi+Ikmg3ctEpem13MCCTMqv1AuThF1X23Gs3rtFJeiU2oCNc4rP3FBn9hQGu0POFqEr0nsQj4KS8besVoO/d+owlUdW2FzdXkEvfXo2mzP6Nf6I1k3c/QzyuW/Mt1pU16tGeDPbL2rc0RvXF7NZ9fDw2amM9HevrqXvMN1ziqdLa9JOd8GP14YfdD09AC1ZJEUwXn9fRUreeSwPDULOHjyi0pVsj20hLPf0ZaMcmAYmcIS+ZQ1kv9Fp9ocqAIbEDadpq8tHaMCbc+Y27zvH07qL6BkKHsdCm6eGG7A/yYYc1+uOcBME5zwmNEmXSe+7jEgrVhdd5JQb8gFX/KzPVT6vfsIBt+p7sv9xvg4o6rN1e6VNzd15h+RV6VK44sbqRrcbdyXn/3rmfQpMk2FD885j0NDXALLrjcyqPyYHI19eh2zh49ZEuxnpZUTRbwYiAa1NlGripwq6B+8Bl7nrnEc6bhjfT3aGG7bJU5oav3Oq8f3ntv13ZWUeW2xeDZuaLus5upsVqK3jEpmzneI32xgsmfH8+9F1E+ocxuHGAeJiI1cy1AH+JHqieZ+wGmyWugIUbej4G/Q0Aje5mkIMQebZMxyASpeVsCjHocyivooJgmunqxRcwfFFwvtbdZh22o31waiUMVTPv04JrsrzHGAikblXBaB5iIhfcxqveCGnF1KNeDNlNquFkwQe7S/sNTaS2ospDfiZnVjcdIYaD9MGG6IyNqfkSbmpbMGL/o+RC2mw1o4Dvc6pPkzlFtShlNsMWOajGseDNfV7gvDwcDyF9lFdQbFiLN6O+LEGyENSCD22Q2ArG1khBISEzOL6p14RHD1tYTK4ptp4mVIBU/T3jP/g4lG0Roteb8+zV8CZnZsP1ozTgLWAHQBaLUUYv9a7jKgxwLn2oOeE5VdyX8oeEkdv8VThHO2IIeVH4YIjoxCOTFiUaaNnFvR/PKC8qaEmOoAX72EA4MR+MU0+BCF1rubhjo7uX1GkAHzcyH1bGhO4Q1FP3NIq9n6PxF3calfJRLDVkTEfBGV/8/M8hwky3BcidGL6EadrAflWqXW/DYIcY8eeJTlbnlMPZN7caiKYoUUmxVFLIpnP6+g6cHRYkzj6+asQt944kS/n26a/KwinLfR7fG9mERf3odIwCKA1kDV06AvNWKtZSKKQVgODElqppyEqAkR/mOtw5GEARN7ehuPPsEbB4c/xRVPhkkq2QGTbjLyIXNfeNW4eEPv/qiTmxxhbe6Kp4HVqgIedknV4YUv6YHjn97Wi9cAqAWrhIUXdNpuvW/WukNNtAXnhkEuI8vJ/A358ZnaBq6ofV/Yw5MfUOJuILH5iVmiaJ/YZpPa9fqRtX25GSMDuxpv6ukVI55kfoSZRpE9sI5BbLQ0G3uvqjzALG7Qf+Tld5qsFqUCpCw7gmFrC9yvgCkgm5ASi7uzrjBNzqsojI0tr5Cl5poy6ARZDJmRddg9FJmXqep71EvT53N1TU1dv4ktkl3DHH62bw9XWfrQGlU7JFul4pNKL593hzDmCFkAYJX5cgIxislibA4JVDeJBK4ltrLICbQZ2+r8VH5R4ZG7KroMV/Guu1bihjJSsDn196pL9GL4ZQtxWIyDYvQJw0d9PYEwHGM0tDeKijFZ320NHFueoLTC7T53FTM8xKN0ouzhfb7jNgGZOy6USRm8MaMBUAC/CkRtCHsM8NmM13SCyZwFsP2GlVNcaNbCiUL2zYAGih0/SJH2X7jYhrqOZb5542ihSnEdvLOFmN6yxZIkEH4/L1cyfznPvJ3A12fWaXtur/C1kAEfZAXCv56aaOmPu/jy4Gwvxjg2U47qlJSFCgdLlZmC8MF0GmEV0q0sgiQOeepaQ0oLaEhEHt9M7+4ZvMDvMYgAQMjIkfgK9X2ILpDE1iXAklSj7tOHujWeWEkztFrfwX2sHNJ7IWpuRMROp4LXSUUzoe8YcOe/c9sYfxlt3WxFGgvCcoAYXUdZAgxqOWYJOHGmSCx4flO83rCx14sXXsCiiL3Kk2QsQVBr0+gjgVAPJ66hkFjefbp2fD9OG6kIqXbWImGx1u/QAWt3WmFaSJp+Y2Em70VIza6aXwPPQ8FBNTP7+DCaqDy0y9iNKqbY2fqzHvxSn0npfdTZZ4I3cuwAPOVWoZlzB6eH8WdvrWqMf8MiiGqw4iJUVggMVfYm+jQ6QxwNUv8NkV1GA9RI6QwbsTeVO/EtRgA/Skh5m7knx9rGG4jqB2TLOTHg+vVsapDY0FcQi2Wb0d/Wg42dzpqnJoVW5Zycid3z7dKEamlarlfo56f2tTjqQA/G9wx2dccSJS4LptZuzz9WqIUVEtbeTmTRhm311YeXcekNgJlayDwdSJg1SrNxu5j4JjIh+CL+h7d/uy8Mx44Au45dF6MEcgzC10JFFuGjx2IAuizgMrQPXPoIlnpo1oiHWG/H7EoZ7f7UDZVqWbh/V7cly0SbCvg/RRHK2TEjjRpRr9P+FK8z9mLs++0nsLK1D//YO8Oh8PvzWFmzRuX5ZJci2BowgoCH8u5eGiTBMeS5FGEfIbzQW0xIzLCPsZLS5NB3Un2ZFR6TpFzxjS3Pns2nUuuyobR1EPnW1BuEw8DtTeTG7aP9Kpk4kEItcVxDHyTLCe9dCZz0Z5GxSgmUF7wp/SHaHmiafFwMirB3tp7fli9a/OIxwVzW78hQr/TtdStLfcy7KFNYXohqiaUxDjQ7eWn/+THeqI6gURl5ucmkP2+sGddlyeN6KlEFX3j7lk9lYRhHNtfg2+YdZDoMcPNM+7KyI3hCQ9ru+0WJVs7Um0aeOe533QBRQG7a5rUq1jnhq3eohZt2QW5HQ2lVEF7me9MfJ62lIhG0SZQyPrt3kZqeVhzGkf1ycC9wGx8MqMB7tWD2Et84ykuUr3I+Ln9aJpeFcJh0vkfuSFpH585YlYv7j4h5kCS8/51U1jBnqJqXxG6pJJZat9F1qsxpexiLDar5+MTHYvqCT2LDFEIB+UY6fGFfQN7qlNvHVYXY7SZjJfURnJRjw6Z7ocnwBO8AXHY35QE1Eoa327ZBbuv7Tp9KiAIAzedO2WZKtY0JYFNaaj2uKFiiEeXpsg8efQ2Ir5Exez7ZfXn4mFhfRo+t0Zw8ueLjZ2F3om4tZUKuKHPEeKMGhuzNlfa+mg4UYjpzuuApN/0hRlSzfdO2w2MbV9VMrQ/Y2PBRy1KBIH5tN52WiaxZtMLkRGYh8z3oTp8byfM/mNV6bDerS8DkYS12YC4XAQ8FbEnXw15SGAGP1GytUe1BhtCgmR3CvR58NMIWwSNxhqTt9gQqwqvHg4mDpjwOhYWYwP9D6N0l+HNFsxdL8gORHwCYGbAJscSZqzPXg12YA57eoBH7HdHVDl6nIgcAC4cM7WgJysdzC2aARcTqyLkPaFr1smY0CWkSVD2ZuX18X52e4qfPYq6jqFRbzvbURhIEC2xd16SVJ24zmNBUPoOI4NhzgcDIOjObeBRAQR9F1Vbv32AsQducxRbQfmX2Gwk39rHNB1axvDCeFrR7PrTWuQjzIdFzGIoiSqnmyqWUAx+hsPBa7zurhGKKkehf/ukbRPSr9o7hDmoX8ziX8QqpNt5NB7s9WKDpndIsA2O1ip7kqp9g86aJcKP3DZ7jhQF2zdIMq+fO5Ubavqpj7SXiKDO9qp02i+DKEgEdFz9c6bHoeTg4qANV2YCxsNrqUue9OGLYdU84junQzdxocT9PVHhMVguDUNfxwyDxED4RFDFpE+vgjXk8YEyYOdX7w6CFJAsq4t/be1EVCHo7pTh1xRhhFxYMHU8ATsl2oGQm/6LWgAGQp5iDnxbPlN3Mhkti+rwtSpiCxC8Tevw3Cc37KycnH5C+Q1g4BefonaNehHUbrjtNCGpap13uXXrKYMsnGSgMwc1udiMekLNQ9BXFsEwIi6JiQXNEQTNlCbQUWb0MqoXYxq3PRVYnYZLxP/MXExDn90zcF4seUtUyZU8gtovG6DnmNPTtnJhq/b2jfvcKK8aKqF3s2pCiUZQUrLfqbBHTQbhMlzX4aTvBgpYVZgYAaY08ol72metsJef0YWysKMT7K3BVs7YHDTcFVeVaxewoardr5KC4a6A7bYr2TEoRPcqiYHQHjQ8je6KIFzsxVLFMLobnkjdc3jx06JNU7xnVW7PP7WrZ0vmH7C/rWvqrRKjoeTMm6H95Nkp700voFNAvCBIJSNdECcgYaKKmeVBry4IbEksF78tFgDhHKr4tWMC537mzdP6kLneHcGcO86UC8jhNudMNcLCosS2FIRxoBkfwr89ZAQ4s/jhZ9DyByPrAc7zbBL460ucPw0kK96eFm3N0TmrXUo8Mx2B+LSpb+v038amuixjU/X/2djUf9J9DvmPsekSvc0nB6VHi+msdaRK1c/SjybeIfdWq7+gCDPM4Dtp2Pr6WV5PG/gRnbAMwPZop2KyvfeBz4rIK5oc/CldhopjyFMTpl3tdsaVP5Nk15pk4cp1zOVP5lZ8LElvlgHtqIDqQqeYu8Jt/l1v05DxFjEv8MtOsentyEU/dWw933s7/5VvvZyx8NT2n6scF3lMp/3XK5nJI+t0jYyKv95NssXu9+Bar21fj3AwOaqfR/nAZACElM5Jxhn8pBO1NXoxgb6s2ivG2I/rnZgmVy4W3UuYNY68jNiXMp3U6tLE5WOxh4q8qUZaR58G1a1TdKjQJKNO3HZKpw45vd5hb7TUSW5EvWHFuFe7c0b+TrEIdieBSU6SIXiULk/5jm4bIq+KWsWopH9jvEsIZSyGSTL2F5mfviZUD/CRzBtWScJ002FO+M/5ZNlYNrrKqaOuWDWYpK1Xc0TvueRtUBVJiUeR0ZzP8Fpo8IOGbR/gQE9ofQBKSqcigCBlqiFbv8kQuvmfGcX23pzZ8IRTCG/MG30OTBkrDFu6b9/n+vmNLQt4mBzDlvIjv8gqk24OWmlCcvSVUae3Glwy4IGrZojaHbh6ks7OSRTph7lCVT09CY9twV6xY98bVn4SQidjm7EMGtbzoCs3dCGlOLBgFly/g+30lFQR6ztPhYe1tkr6d5OxecW1hB4zO2BAhzH6cinb5FST8tpluyX/jWgYzaL+CMbBwvlkRsQNMOyt6sTrp8Nvqy1jlaNqbkQGZ+ifzRQJ17zh6yKIu7x+l0TOto6x8HXMQ2quGeq2SULkNafjRBw3TOtpea/frqWfC9opU9L2bwtenhb+tzntZHBT8UlN6zGigM2bcTu+DI2nA+D0inph7V5+IxGkbddgh0es9ouXYPRdc9vtDndy4U0dUvbR0oXTMVP0Doxya0NHmmvmv4ZmwgLcibJCzZgbP+c7+NfT0O0CJ28CYn8f2gzDm22k8qU1FXFUR0ETUOt7ARJNtF50Hu4/to6eURJ6edQrgKHTsQ7gYDIoP2pFbyeONzX5xmiqxBO7u3gd/jVHiORxCXws+lARMnpwEGeTo9kmnRmXQdEGvTYtBXkPD3eayAM3H0uCfd0gfP6rNdkhpKzN1wFX+ThrSZBOD91Vt16ZpdjwSLAchFdRl+OXuv6ZSGRYbhpN4sopRdUCTZBO0OAVGJAbQ88s1HefvmCk6zT62umzED5+mXh5On0st390zMA2GCmwOmqfFrBjXEXMLVItDIvDXoSNpbxCPV/vBh5mVjTOO0tc6ZHXOKpzX+4cqhVtgh5yGLn0H1s/Qm59ZsbHvXi2Sddbu+5Oyi96+860oAvOtDRqlq+6nfNeEojaFJ+jqk04TOfrT9b/D6/ZGpByeurzG+ro/xpOmRGdMV96AswDpk4jkAHN8ZtBm6bperpgBXXKfDZa8+MBAWw1yrn0KloVKiIZLsIkkTp1/HkIEQL0rqtnJk7K0mkZbLr6+YSsG3qweWlz6vtsVFg880nnklWAbfTRDZRWh7BP6FEYfx0Nb5bMNtFfd69Vi1gOKiVWqdFONzX41rOROqZfaBuuy7Bwx3nIYRN95psNNAUdsuWdAb4ocT31nzqFNmnK/Dy0uXkhV31mWrksRelGirDv5s/rVqFobS1sV6oFmL9/ZFM827N3r/60qaRfgTaTUg9e4Z86uOXidasAl579/24p6/yPpSwEDt3nlz+pYz1LeKWHIww/RCgZg9b1ZgsEDIr2nC3GozOcxP/OcF3lLPFqkD1oew8GuQ2r8wFay0JfTHLUYZygiH88ZcFTIZvCrtD5rm8o7NX9QoO4mE7HQ6RzvDN8xymGHNWUF93iLwdYxp5XvSSvmXNU859Zt7r5H5uEo7muvqjT7jnBUd15q0O7w1Hxp4Ol85FfpZpVGoMPcbECKmt9opeW+6StwrRGuxyk0vziHKpQkLhRgRBRp8IxE/GKDUz8Y5XMUAqmVm2uphia3j24qXMO3G6z9itZtM1FhblQtGvaN9GP1NjMML34Q68eIlimsYZSqZj4Q5Gh/uEaPiVZO8av4i0SLY6CVzBlxLsjTOj7ybSgZn0pJQHL30XnW/oNR49gxLz6EVtRWPpoN8s2to8WFRT3rTFAmpHlZDsk5sUZMWDIyo9EOXYKczECAJf5S2rYJjlFAjf+YwNZDVlWsknMv2abTDPoqOtwBP7LKxYT9h19eS4ALZCRqhcuyqXJBXZ1GCiOSwlIaBeXAQr57UEyKWsjapOu8rRus9B/vGIxB+gH6IZbXVZRZLTbJ9OiV3EweUccfXy022EM/t01npTiOqf99ueMzTF+bi7X4KBVyO3H/fxvsPwss1j9KbF/jWdUTsqgw2QEOC7PjmL5XwVSp6Po+wIbw2eFoXZEhBPUWrFiadTbZmtWnQNG6FvsIxQt+0hxlmYGtdldGT5FmgrA7h0+O3GM+QNnGA1zpcezCkj2TtMBs4DMWIxc/M8LiAGrgFjEJ3sq4jICpiG3dktLN4Glhv5Jb1Nv+eLExwSXjlUgVSBd6zlBq31ijhA1n+8hQeizVyCvL+d3SZTILfXT+mU6KKMAMRhZhmiAk9yv5weid8FVIP82i/mM/HTWjERE0LTrZnFCBq4MVTrKL38VZJ0Vyd+LXizvFz51hhbq5fvy8U7WUnCb17AndRIcXyXrvXBI2JZyd4T/v41jMQeQ+tJdg1iZDu0sjF+o0JrGEzkApBCHpm2fhjf/ZBaRdy+eaDO3hSpIt+jLAcHAflf7OuoEnLJl8lfNrneCNfAgEQF7X9g6ezxw0ZPaQagdmQq9n5gQvGqWzM/Y5tfuHpb6zy13qTelWVUG0RHIsakqQx61CEjv8jnzUSasoE9SGm1zxWD5xdqqBv7pwC3xFhvp3tAlYXxQR1Q1RvdXBiR9vlRbZaWoH8kERZbCEmIBdwMAOXt2OipqwT/EQHdcFahd5wHr8ky4kbrfT2/1dZ47h5an6FpCJHwVu26yvXictjEaWhIkG8W5J/U6zRWilikS+qo5KqWXExMVuW/8It6+lFgfEuDoXFfrv1qynoB4CoW2lhPVEXXf01S22qydKj1XG9iE75OYtXaa//PknzpUo6VYm29Y0BxvtXnCspPTlKYQMkYefPx0h5/dfezlwrlrBdqaXaHnOX+B3V2vJC7HnvPuWCOx5gsOmBQETHqqZ1qEq8zZprwrB2k7Qv2pk8bQ7yFalZrDlFIzeOaUeGdiuE4bHV0tWSW5nS8Mejx+cdamI6bmRFvJRbA7UASKPxZdVSvK+SIqdjHsnRPUKRrXes7kMfFxbqOus7bu604DXlRQaL48cK5Qe+T0UgOuhHHQ6gyntiVioIKrowikzvYEtq7EjDuVZQLrqKOcAPBsarAzoOQxS4Tux9tJf+q9HHWTlUNdJkwkksAz/aK3IEslDi11xWzZMUkApBIu77skn3rz7NEpFaCLQNRnjN+mJNhZoDAKcZM1sW2ib2DL9vtz+BrkfLyNi2AMxqpPX4txG05ZJqHRIY5gS/B3a5zpBsv7lVh1VNuvBkG5i7lTv5z6FCUbo2XTF8wuxa491w41dBSgAS+oORYoj0wXSM1o+hfpK/iU3BvgH9dqLZcdPIO2cME4JtREagHbRBd+t4q7+JzPlCgFAsNVtDQn/QY8+aMgSuLK5nFsk2IdmeuszRfa9CT+zwJD2ouLVWV5V1No1vGSuuR0QSjFgmdGuo9Pq7WrQArsz3lLokAi52EJxrFAdVtwPlXzhotGdnQ8puaWP1jkly0R3HmLT0/ippjycJOBTkv8lGif4W9AmrK+7oobdKsXLc2pnDBN7EwoSphS0V1J6AvQ8dCcMReTvLzx1UtxdrH6e/I5wylgZvesVAn3LxHAm6lAx9dIzF3zDGSMRXLA8fKKPiRnDU87GiAN7XIy1zhhUP/KAzGGlliycbT4q1a3C/KGNbWLGRZOcArvgA/ewjz24r5YvHjqxPzfZ38eKjo7LvOHhuXiQFaqOIUyd/VxQaib/FGv1BPpnI4ZpeJLQ+oYA8JRy6OclgtnFiBqCSp6BSpxo+UnjIzDJbRr+i76PAKs2sF9qdNmEtqa6f3IBDBrINQUfXPfYvDaT1y1ZsKn/UDFLUf4joYMRJIcep4YG8GdXrhdYvOKU/CkKpTrJRrwuSlaxfTu0l/vpgJXrTsbhwPeJklkgYC0hXudIbx+p+ZwIWJOOmCXM22WADFA+N7pr0Om8bUwQkmayuDDvolQRUoiRq9aG991zslW66iXp9uhgMXSPSOOauvSJ7F/GhoX/tmA11JoTodIe05Tukn6FX0iWg96+qT8wVwVKohojfxoE0luBPLN5vDXeJUP61yqqZ6Tw1H7Yx7uEHxIclZRy2lt3RWMNKwyJMFhOq3iawLkQ8f7Xlr5RPI4l7/ja7NofB9aWrKOVIbyi1ybcUwMA3tgtn2G93zWdS7wz5gcoS2ttG5yHI+Kvyts0agqlNZoKRvPLI07urtI67AMkXnnqU86YTScje9mggV/2quE4NDssnkn2STVkRYPKpPvgIBkBGh40ekvek6p7H8hkdQ/jgh2VkREMZezWPJXVZwfzqKP6wrg9WXZroIv2kD0JjLhQB+6gNE6QGr09ZTkO8ZWjG0Yxe6NbkRgv/VPaWzq8fj7r2qt9zZeJD41KPDkXb1irqkijSYTq4Tx0Xuj6q4FbGByewv4k6mkarUG/yIHj9/QWMRMmJgKf8pfXZzqHbVt0vtsTYcu1ZHU46dgjXnDSNpY95R4+JAJ79rjHY7c5Ip1U/GWTU59Hr0iv5Jf/LeIfuqRSNXye63iCL+UYRzq8bp5LLNKXP5v+PGn9fI6q15+jx9DLS7/yh6JXZ7oDKawlqG4SzxLJXwZ7TwnczRtJ3a5T9bnPN89sDpnXUW6UZungk9/dibtF44JE1NpxKphG5Z/a4cV+m9RAwWKWZiGjwBaHj0sPfxJ33a+QVi1UH2rw3KirgxR+nPdLUL01V1hITAgljNTaa31ufBxzYWQWwblJ/ivHZZoxkXdsaVkh/gDch4WzEfdRotjLBGYrH76viB1OlmUC0wlfgMctJWtb13eulxY2jHWK7523JQR01H7g23y+uxVJqV9PrPw5k8TIp61fGI/nx8ijXZ5HUoOuu7MnyroO3xXQtsodWN1vw+89FMcLF6KJ1qTL+c/a9AEIMBzQ/+ybNUd3NAvaMwq0lNUO/pckGIdk3Ez/WA4zdUyKnM4ZR4Xuh7t91qWP9VVskp8W+4m5pGaUkdqzIEAuVRqXeeFv0NKJwdSxO7Uz7uktkD/Nq1XWY0NXQbqnZJIaPWIyFzBTTinU8W8WcHrfvEoP7y3cPB4soRY6fogwjXFKaEGFUR0lKW3lCoC4Fye4iFl/Mx4JrElav5RCDBpmhQrgQK+G8SLz7IuQfeKSkXuPB1+e/q6M5dmtran5uBDDW3EsvzCsRHRmLgafUKq6lchvfjaOrX51yqd1BoUSQptMye4Zayz82FpXkYoS8k7c8ySyDJpJZ7rlFz3URYWCyKydPhp6oMPu8bW4S1+23F6YDm7dC3YBbufvZDMZgfcbKChky7/gCQXlatmJywRw9l2tlI1spaz79PSREKG1rrecMfpDJudldmoq4NDaJN07BmibKfoMDhaGN8X/9YJ7hsyA+6ndXrvIdec4PsWCRIc1eqzhpUnmK+mnVzwp8CKL4wJ4+vMdJVfhLg9mdQUCvvWd1yaLyHYf/lBHTIRLbmqPq2BhtguCQkuCeU1F3zRE3/VTx263GiBPX0bPXhtvdkm21Ec6JukkrSOhn9BCoSI4NzOgTdbTXQx+xX9pAwaEZAl+3oHIXuaP/jzrxqBpmN9nIS+eK4wTj0NihRXe0Yw+fDW5QK/vKyEwEP3T9g+S8fR56tJvJeuraExj3VDYZd5Bu4nRwBSt4wAc3vvcNa+UbXkUUGRMWzt9BD4DEIEMeIw7WAVYnOVaNR5aNPo/7RE5MWzTeYb7G44NUDlnfkzoE9gvzVvgbnwyubRl8OWmy75PyEq27gCYWDBuFJ+7YoSbUp0P303k5It0yb6jxZ4up+enhpzNh6YLjhXerozHqPhE41zA9aCya6yGPrOVL0SxjRTWd/Wj6giBFiI5Y69AXjRK7U52iCvDT6MgpZCll7+or2NmNXnH/nkpEsbPJssSpRYvZRWEX0OQx8+MyratgwOeJFksdXloajbJ7E6DZklBeEsfJ8UvYxTuYIbxVJGO3HVj9vs/TC6pEmv3e8rrnGNd5gbYcbjr7f+bEUENZ6wrmSOBtaHQk4j4SNxy9adtU7yzkckNJ5eEJDw/nlqiu2R80XL9Dg/QM4QuiDLu++iFQaIljseFhcRbxFTXwOCuXX4qA3DWsuHUzHjo4KEdU/PACpEkZTphJcZPBNFH3bCwXaCxElu+281t6oXeRqt1nnum/4tuFx/oulc6ViUSgt6+weALp5bZKqxOch+3rvNqwM8fZcU7DKQwN+M9ioE8IAdT7qQ2T7PkzjOoekwiyWPzYVgFGvnLkXpd8DCUpzgLuPYjFHuzuDJff3AgdFEKOuMgj+l749T5SUrVfQlPJug6OhGKBNYCTqLCjofSZV68LOiVMVco/N4LiAjyxIsKPFZVVJ7TyOxNVWiedPSVltZ0VmkWz1JpE2LvL5oEqvyjkhyA5aurhNL1EjjanAXPnwabWV2ZzRhx/K1sG6a9PDMbLUIWHEpNSNiKmZNLGfvugRwMeu1g9Sw0FG10EHZzlr9KeRKJ5gH1oYEug1/EcY+a7vr1KikPH0Mpak/VSejesCSU0ZKWfuGBy9cWp2O0CFbt9LbJpiMGc0vtlbGzPb5//OF4KhmbaQdwZ0WaMkrSivy55Cv5Jd48E4B572/99Z1OgoJimmpRMo7OWtrATl9NOvS74nnVCBoeAxtKC9MA3I73W+Ppfg7AgBvxQJKQTBfIWWi2KokwKnU0igjVPNLCJzKBdzBjwGwLyOOguV0zvJfV1ByM8aQw+f0Ibe211h6P0j0R86RTn3ukdvOITwjlzJfnxNWTiDzlXl0CK7tCJiK64EcaxL9dk+YZv5b7jef5wBnctOOfp3XuAPB9TZHJ+ZqrDBzZec9XnQ16/wEa1Xi/q784/rBIjBTNcz6sXZrd62zdu2GEDIazeXoOCzQHIkW/7ITl67u3lrOxzJV3fnId/rK2bV6mZrRUs2daF4pQGoAcw+lTr+2Wh7UX/eMBa5e5tccQaJoXZ23YoE73z3pd0lz66b2a4/1sbveOdPMONHO/7+4e6+wJruua9SCglIjSodQFPQRkYCUECACAioKKCpIEalRipRA6CAihJoIqIA0EaUIAiHSuwQCAgkght47hNBrCOzk+d7/29e+9n9d+/F998He30nugxzdc91zjjHmGmsucYl+vfv4tq8uafMRMV8ojafCh5xfpZsgjcFGNhQ0e12J2i/OrgKCvnobp5CgW/NXoyhOwoH68QoWN5zytcUk7yYTAqlJx2KPWLEDmJzTvUI6QefcIy+pcf9vUU20J96knZng8t2OJzZJc4a1a7WqSN44JyjHz+WjQnOqOU5oIcMsXqVZbuinvzhsP7/iUJmy2/ILnfqhXSMuysQo1cRdKG36DttmzN83qcLvErYewKSAVRgtC/isRQAWSq+hkanfDBuRGB6Y7ckQFB8aFYMkSZoQfvCg1PoeBxo2v8hzaWex9ONyvIpwJ8v31FAFbJYrFN22dKXeC2xowsRwO1tPCIMOVhKE6gpOBKEgg/K7Hi/oelWQjqoT/ymq/leGmDX70hn3CbmoOWuEYUBOHpeNUOBJRKqVLUyE2w1vz4FYGJcwps74FBSq/9jGqTrsbJkv+FoeA0sQdNy30uYICNNR6hubAOvw6Tsy1uwe7uUQRWsyFP9x0UuJpC4x1f761axm9WdeW95ETiKKz2/fY3+RnDx+hvWGqBWs2CetKI3a4QmDlMCKmjEScGnYxHzEG5gMYg/OK/X3KRqM1nDbarKtWQptE3MZHuRRF8E3964xVKvOmm1s5On9/7RF8S/KXX10u8/EK7XFWh3gBnvCtUqu/oSAsWKw4TY896AqWpUpSdo3eolsmZ6psPMvSo24QRzCdQiqr2T6XlpXqx3IC1w33qtOln6t6rEMWt6J0TImNyV5w2QiSqCgvgrkNpYom5rkVNWucblDwZ/r6kU2BNI4gMUJ1/Gj3/clV6Whv7ej08ygAcRnbit9kW19AQuEtJm7RyulH2yUQqvkehv0OawPfbwZ5yGoGKPGD1tefQmpqghrERXSO/YxjtPZsSddDY5LGf8Z3+YKht9hBOFlGl/9NJ1x/i29mIsTJWxhTwDDFU270YR2Mbfw9ciFHZ/+S9iwdX01HsX1ji88lQi/IiOYOrdeSgWZpIN3sbRhWNwdx416vrUleW/5HLytHIHn+FkHsfVs6zebutQd+IUiHj7zLp1ofFElre47ti5WOt/MRdQy/bVvZbreD5iMsCt69wEuAlSEIdK7sLTVDIlmk78N7oGeky1l0EoFWtFqUl66QDhmZzbUhVLICam8432c8mV7xG9ZD++Ys3rBjFEXT9zO+uPv4AYjBA3078BRd+ObTY2N9MmjwtF0xuDJ0x38kFkPIx/fkqQ6IxG7S34qpm49G9qRdNtzohVW2nVAaiaQP5UUGaGxoHUUGkvnnsKgXvDPCg7FZRC+e1TVk1puhPcrvrwD61cl1qZu7h710h9g+XwyYTwDoJFBNcQStPp7OUOxKhiW0rtVT3Pa3uRxzRwMtGiXoZ4uuThTYijM4Sgu/IRgXHUF7/+aBdDKR+ix7bJcvVOgtuqGsJJKNyX3+dgvtPvscCHej97EtSSacgIXi0deQi6m6NBTgz3F/I+7mSBGlTyuUnN0mxS7WoBJZLV9Eps6LS2pAn/dziVO3ikSS2nValcL9EWnyrtNKcc/43QAJT9Lz6BsSulCKh1/6QT5s6h7kts1rOEicYF04j2JhcJOVL1K/dBj6M1B6OtaomsZxSVcWsFoxPfhso6wKlia0HxTjpTqSxZPSojlU/Vru30vfx4/HWXRuQPmbivuNezFglNWY2FBi8k2V6FH9lv2xT6E3M1ghlEdlUgqZJyP1JI8M0X3sCKtxl9/Gfzj0eqdmr93jponC2pfMLa/FP/q/8PkYBHiYMRhlo45fpsMRjXyMkrWKFxWYofyEHIQmqTJBKXHQ/wr92K7mKJjkXz8MyGqauNNYZjQt+X+g2Zi4NrKIP6AcGcAKZwckH/37nvEOvL5cn+LzQE3iGdYKJ0VuNu3tGyBmdcynjnAWhwSIKGERzPM43KkB7BZMRMWmIa1FuweMzBq/MFrl4/I6JJ5KTQnsm8dP5ASJ5L1sJwV1JOWcY8IGZ+9Y4BgSvVe+OQnhcAdzG1lM79yoTgGLeGe0sO+t5cyRaBhBoNyHJ3dgSoku+0hOFEPLTKd6PQfhoUOooJdSujNf3m7pqUlIPKhp+HxzSDllmgJmEcAwXpEzaldnE63lXledVTcmLnW2qvUo5aaWHFobkN5rr5KuD+QLrSvzruZcrgRODPYVjtDQLiDk7Wiibpp8un/2Nz1kilvWCUtV2FbV4ooMNIGSYKlAiq3NT5yFxIPAp/15TauPWkegP3vvV1KY/+nt0sS/qf1U0uUHsIXhss12yPT1euESfZyfDOdWZFmzFySdD1AjnNDYse/h8OR6/xV8OidpPmpaGXknOtXn3ZZ8ZTfrWKBFCgq7799OG0V9z1mZZKQ14hpzW6SJEii0iDSzyXrl6rzVGuU+Xu57fR0rUNCVcII2EpPlKs8v0oh4On96mpOOehL9bWc4PZOPsVpsf6IJl1y9YrRr4AcR2lwZEDfCUeodee3W5xNVXuSpmsx8njq37eejqCq7vrzrEeAOAeH0k0IG3Taw2juQl8rRV/yXloSZLQmj3SD/riFcYbOSJTKJ6eT27oydQuFuwqBixY2YLa26E/YN3PtnMX2EEy7wBmlKNCMbEKLYSE8HMcdIusdrn9lQihMmNHddQRE6Ut7KsKEhW2/44X0UF6CCyNsWYpUI26xXrCe9YydJYLMUrO0HIARdAzyD19NQ5tx7vwOY74DueQ/qOV6ycEP7DHx9m66G2ntCVkaKm3VjhAzEqwCUY6cTAPTdW2DYNl8Gc/qEONiU5g0gioIxbNtC7gU+DSP4XWFnfaGS/rTTZigx8vRDI6l8JI1bqn7CAUh8/iPueZJRppkq9gf8tXXeOZDDGxB6S3V538QyKLrryJnfUx4k9ffzIXDPE66pmp7KPNUwZNmnmqpCkK2vQLPpFsHTczU7kU04YXbJ6NRzoQGfTUvj2X1HrVVVPP49e1ASt833VRnH1xKbOeKk11BwxeY6J49C84VseKBrdPK+vElTGEWKYU2bSbCxvtHsZ45HYJ2uTA2iBtbj/gIYFikOVme+p0fQs3Rc+HRFKY6rr+onScd9JRkeRZZXCPZ/b/W0eXvKotpOiIjH8ICwb5ioc50fsW+wyVpCVXCw9cHnZA+hRxu69Y8sfKatTDnvtkDnKt9FmBY2dFaVyrMlMVLHIHC66eAUlb9gggjJyCVsxVQt9ObKSVDZDRaZfbBTFv6cytgIqs4acPKm8uaS+T6Cln9c6B1y7bGtxqfNKRtTEa6Wm6IfkoR2Ig5ucorMwzIoRJIGHlnTtjhotqUHS7wWbas8hOAlf/Ug/Hv1AeK4f8U48Wfcasxrr/dFj3/k9wWf1gOwZKM9b9uQJcqqnIjCjzrwYSbKtytPiI3PMMAdfCwufaz4j3XWzSUzViTA51x1X7SM3yrmJy89PUhy7rS8Sc28wZpE3AuNCo9gOCV5U5R0CSp9HjZ//J3P+e0YQOAbPc263O0HdD1ZjXenHs0+PXJ2dveJtdNfrUZpesdcww03A9k2St6DlwYMbyi8ooTEI4hb2wLBvO9PIU/COTCTW6rb+CRz8okK+bWiw+FFgfdcxXwqElfzjr+lXiYDOy9l3YCKzh8s11iKw5TwBhcUiAl2q9PJ8xL5sV/3K1jY4Csjme1Pxy8XL2eJv8JHeO5HaFdjH3dfu0TZLYFJWuQk5qapGWv1GEEG+FKxsbSpR9cMjZJ7/VjbcpLC5ALxUUENIL/+/JJDFRlu342YMUtC1pFw0g0CyybT5OzoW577etP6BlBVk2gxTQFPs3Y7T+t4G+CkMl2rs05Mj8bksnKlMyp0CsRhg2cnFWHV6tFSDCXzw0gKwPr+wBeiz7M/nNDfoT0yZgvUGsh0MipgIJJrAlezGw30VHNi4Ik7rCGEY5QYpj+4z4unXj8HQF8hDTzfbBcy0+y2ET7BfhrjvICFLelojNOrP1CcTssEJAO8w+nDnEPg/FgkSr5eMqAqhlaONmzC+PG7LltZbo8bS6p9jtGqvnJXLJ/TpPcyEFaxCgZegcmeU2FV65XY/aV+dkjLKX9qA7mZC93b0NgXHmFImwyokGKzz+8wn/lpc6+5HV8oYnfSA0EhLWwgHiabOGJxbW1VqbUZKJFT0eS18Q30KDS5shL1lwqXWcuMxtS/vSlZ98wGg4NqqsnGd1rDIYiFNWv/V4+gm1S5WquS+IjN1FSqpCtenzIHLZUIemWR3Oc8uQmFWE+UfRcigShlAkaSP/gX5VpvzmQLoxRhwRSsuhIKDwotEjry4USX6Amb2mKWAfBzP/mAlFA2aW3rjKTTUOnrPveYhWB0bU7TDgzi5jj9VrNaw0tmFoQbn38jJQsXcSOimBT03CTmWGjqrUPeYCrpFS6/B6B9x3uW2GhgROts7UsnmTiY5EdOlHvyw1tp0VcMAClJeLR9OUrzKQ9OLZ+hJI7Iv2nCkvc1YRJfa/VQDm/e3nTM/vo0CC+ceWkuT176nMPjtgkTV7s650kMdsMeVirtDhoLm31XogyU0ABfFtZPuSZ2r70WqtG9qh9WuCy5l2qWTpdg92PMvEnWYt07xrsDerWeSFGuCFtKlrDKkEOnHtGvJg6hb7cNtoQ0td+QpvIMM70jFuTuFkAfYCrFK0zIXPbGhiATUzFlj37USIGLuwQGxLzIbCTxJ+llnHSrfm+H49fu0LPqhhJNEFkxjBefpUcvrkqltLVOl6QHOinnOI3Hl7hQK9xsv8Bk2ZUyoOXePKo+8Zc12x0+CAdfnitEJ38OvbsYCxEduHpkuy3VwE8Nt+C0XzEdrH7jfzaHv4EhWJIYzilGApRdOdauDgQjjmpPgFAkElPdeIO+qL5F27BFv0sETzgcJ+NUmigRwA5bf5WkG3tpFvb0bqBlZfPpULhp67itWukNRa2Vu9wcAZbhDfvGJKbufVSAsIqF1IscJXV8R+/2aWptdhdRBxwzWuJVP1IUp4450FtR1BkZ8803u9c0kgzmupr+UIcSuejDrokvmc42u80jLpOtQyJGIvTudCFLpE/Bc/gC4yAVNOh4wlEHMXgUPBX69fz5d83Vu/N7N4cEW0bE40Seu1PmHHTCffMAiQjrHMjimykEsDahAWt4UU0atTvq40UEutDfy+oEy5jcFQYGCXAsiekNHuPG0ictiC7iMBsCVrpRFwaxjUYe07kvd6K6KtPWZxinbvHz/K5zZz6aS5WLGgQsNjXu8fRXSyxgc9OV13wLswo0Nz3d7GJnr3D/lp50WYypEg95Pte671eAxEEPKwy0ieZaBe09pjFS0qkwjafse8Vwz5WoFoamMTsSrWqPXev+Y/rR/R1ebOqTCFsENtYbWB+Fd495z2/FvJ2EhhHYctAzHADYOe6Wm3G4Y+6hj/0uIXFCWdIrscM7nFBB785ywQuy/U8VLbJlqI9xhERy6B2P+z7DTdUt4l7RTqCel+wQV/a7TQorf8xzmb7yVYZwVXY3Ml9pX2J/wmh8gkqlXn66FDux1HVgL6A6xOdgIVjbWXN1r+UFnGY/EKXWmQgwrGI22Yo3yweVnSYEkWgARatjFbuoV0eIPzJuOIZ074Y4MLXRbzu4Tq+0p/+WVxjZAlNdpThc/5T8Lj+MenbcMZ/bQI6M2xm8q/adcXbT8nlzaHQWCrZ5sAQuIvVP5DmwMqRv/LZOCOoZ2zUEH7jXs/hSqgqrpDU1EoOarFLZEA/YNEspLL9ISE6HFtLW9JWtVbb6hBwrE8KxKwkzcTrsssQtHaP0AUTQmxnrLn9eNaxtYYYjAyGJfCI7MufFFqMTVm6y9dNpyCEuxKzVYlRo0rffv283RUqN7KI2sAV8sZR2GkjJDZgOGbcid25RxYPE87a3L3KRz1nc2T7JFsrghECwgXHPy0UjaKd7aQXD/5VKBx1/rUXypRkbIvq5Nf0gMmvAkI6fHQ8ZrjB3MgcbHLIsCnhwkQZT8XMPeIBnS2Tp9oDqWaOBXpBewCbK7ALMZnvabkaQmAWGA/MEeDYkVGwOhL1gZTsNZm/ZNFPNHmGKNVk18hhjcJyNh8nJmyOf2eNEFpTy5QYiGAWfYUaW9fKKqB1qVVx/vqLtNp4HoaazSfOdtoH7bMELuuxv5YPpHaj/a0fb3kleiWSTCbJdijPiOxDbTqzPEL56Cowj9z9N60S2JL/CVaJwMTlf09YtZMohmgh8A9BVxfhRQsbUOLPfDF6NnC563iNuOfkuSLUux63cBco8AjCkVPyjjevvBby9HJu5oahduFBy1opFTiJkWTvmUsdeF1pTcsJVSyWLip9+8h6KLW+aWsZxTWygepmi5JLTt4bbP/h68UxwVDCo2plz33D6o8Js6ohjYTG1TfNviJZalw7APdZZql0zvBbTo5snpyJCh1lQIhnX2h+jLxKxcyvRs7nOXmpqcp1GmQDlEI+kevqRJKwGP5gbque+IGKnlyA9eIPVjAikJOuLj9inaQ6Odf/PX7d4bSkv4k7QsHEus2asL2X0wtXVl3ozzBaIuir+OWMek8qEz2TzG4kmn0+iY087caiuG7cuGMdADsPNjqOYYbHRLrtdD4mmBRDDiMImmSrFOy7lApOyKbqZK/iqNfWYNDrtPOEoDRb1blgnVnNI1KywBZ5iDibCMs4GSl61mthnru6sYj0JUx94ujNux4Zbmn0dxtRyjnyDQIN2VzZbZC9o2fBE2hbezUgvFc3zaVLeGHBRvepbdCir3F6sL+1/xOkD/L5kltX31Xh4+VXG978h5HwpEOn2icX4OKSDchvjiyxHk8AqWiFoys0X/PfYH6EkcCix03XVyFRz6ID6NxuuF/XaSt7ewgoLEbimwD496y92JptNz/vtjEezYXuUEb4N8dqqcLWu9R+WUJ8ttKXZwJ8AtfoFOMrNh2zIwozf3p+74g5hxueYtcPlthZikqV54ymIKXZgL7lJKHF+WzJip6iZUPj/nxtaZ+tspMNJFEdaNXx7zhfXQR83opiuJ3GWkeE4D9JwNmdUmLB+IMRvLo6/oTEwVc/SsVsWKbuXUvHDTtxekxO6Tj8G/yKXjZf4tuUEkBUr+HwWs98uiJ/1BlsFHasC8Bs0SX81O59XFO/CV1SLLULCOBTPm2SJ6vFQX0mc+ElLcnUSby9NMxmSemOY+pufoywGPFgC4GHzrovg3mgmuzucy5qCIpSOt6NGMaZtI4yI4zlNRFENz+fDSZAjpqfSQ5QliCzFe6NE90W9l5P6l95ekaXDeY/w+5ZmK1I2+Eis/XuNbhK6mRkAY+oBEINJ8jLSDvKjH7BtuDCXykAKsSWrBQO3srOog1H1Ljm42Ogr5Vi1PqR16Ht/6bTyt7RK2eSvZzI31WGppOrH3ckfuSLyr8+XamImDk9azKxkSl/bVH60/HvzTbZIjB3ZaxEn1qeo1RzE5vEbvOZEBPd9JqhCDfJ7oO0DqlHqcMipJkngzMGHWKBWKiavwjVTf3y6ieYEU5AVYh3sr2JXl2K/NwCGr+r5zRmq14DSeMGftSHofemTLxy/OgBiG5Ae5OQHaYbE4IxfA7t2xeaIeNKsBw/r8+SwL/c5nCytlEoQ7S59nDVG90gx750b6pNI3HXysZCkV4z/vM6SqdoChJ7pZgR0Hsssl1PRa81XzQKrLXfl3pLaGGNgknUxoURosXaEvtRKGKwOUEGdpaeqbCgfXiQ54IowfwMzCJgB2Ok14Dvh0zqktHAVO1oWlglHm/iRLovZYmaGwFCXxH9/bfwXk8zGvpPc7ZqGbaxmv3CqmfsdKYA9vc6VyX6hKynGzZXO394xvWLNJZEwqxbtdsza0Pyk91we6o4bmQn2oRiK0zDxcOAE1zu4Q2oDm+HPstR2W9u8gYTPoFMEEyfCT3lfYlq29W21WG+Oa2KDI6hc8HsjzmGGCMq5vSoeErsbdoMe4pHPb4BYwKBHMOfasE4unZ1CMmlVqbMVhFShN3bSDb+OM+RWHNyX4oPLuwNur1qFa4euPz37N0tJR2gZyIyZbF/NHDKRkIn3adHKSjHz20ru9CzKMNlT9loOR8XlfowNpZ8IXfS7rcScQPXfH97nOkGRbHBIL8xLyUXtI0PGx1Im0c+M4ZJpU8zo2KUbX7nNjHDgtKDzV8rWwt92LxTbS0NW7TOlKHNmu+Hu21k8iy+wsgwnECtDBvNRqP/v9fEtS9F/A/ySswhd/+9Nj49DNn/6mVHM3a7WG15uprIH/cMjcWalffZyCqNLQRVyQlUhxC5p1G3YKtj3dwy4PVyhE/PylJFz2Ytk7tOSswUWa0rdel77bYYfg/H1ZZkjhOYm3L1csL1BaE0epdf5AfotCSdOkEM9b51tUVGFpgmDNramd/p7VdqvMATfv0HwXZd1UptO3mRgHAgPo2x0Z0xIeB+cYsRzckbszL63pON+uw2yMqESaXWUmXqoo3xzMFcIDeo8zKSFRnYxFdf0/B5y+jURuP+A8nHf7zjx8OIgQTE/vB9pi567eSQzd85sXsDl+qjgcOuRw6kXsERxFGPb9Dm2Obd7XkAFlD5aJJnWmx5v/5dnLLH/sDSYpL/gp+OVELT0PR+mCW1CMu11lmDr55U4rDA8MImUivOkw5wT2dFRojqjR72xUtyzN+u9a5oVH+U7RN+silWBFBihS0e1ZzTXB3/hklygS5NZQwGFci35xEDydLwVtCI/96vwQPyT3NmCDicNjv+eEF8h4zXZ3ccGLWyRKz1RfjMmRgr/r0rvmcVKKBc8adBSLFhsIqTG7gjMi71Nc75ELy1+psmITHIeuQc4QoB5mHPEaGVYvwAT2zTT1JI8VrAFCW5yJR0lgyGpKqsJ5lMtNuVKaoEUgX01EFTj1nTP72wIOCwxPXsns00rWFuqs3HWi85ki91c/Ty9zzNRuw5IGLQbrXreDon5q5SmLdI94cZzl8fiCg+A+mQbz0p6ztFYCw1Om0JzSkMaq7c0A7X2MgT1K2ldX2bR8YQzWk916OboFf94UEBfV12dJZ8tWZ7xM9S5YlWzNV+zY/AGbOPtn+sOm4yfegfECYn0qoQN0ZVSHQGwdXZwKAMMDFhE8+isxD5iJRWG/UzSUQOngkJxJO+lNwHUmn+9oJLLs7kdhlTVsimsqD88o7yZZxYHwCempmy+HRdBC5N6zAqQ0M8q6WqXgW971gnDz5OB7rOfo657uDKLyIAOFvJqbCo+jaAZqicxx31dPA7a1glW8VpK0phjLnHIgvpgDQzMhf4co7FTbo2Nnr8zl0e2jni1AA3EMaLWMttQqXCsggpSE4r2G7Mjejo3M0VjMwie3nIj+efgTP/ZlufTqauM7Z1VBht/f8aVZXSdOP/V6OqvFbpcDniPfS715lpz6r23/MUJn0brmD0shlEO0ppTLz9rHg7S63fb1SQVRZXA1FIDBu+gFOBh3cIkNvPC+DVibL38fy6i36ldavYdNX9LUydfPz/dyYeDSFRnv0Mr2V3pi5YcpCBnILvnP60u8uBZHSr4Ax7XcxcMp5hrwPIXW5xfx+bmqQZWnFrkk/ItjlWvlIdBloWUbQHRDToCLE2zJiLwz9MLQoupOm3DwUVgLavpXvDLi0ZcASmR/kSgnyh60t2lnAYpCKlQ6x5VoKYZDARHdtq7lVO1K/u6X8IPpDtsd51nTN//2VFdmsqIxbMCbUuADIphCvxXv/v4TfxMPbl6dR2LIFlmCraGdELC4JeI/dY+Vy1WZI3d1SjPs8+iSH1uqhCXo2KbNQ9zb9MB9BC4H/IL/9nGiToKXP0s80fB+Q8IyCuDB1Gh9InkE+WUFJVszvfe35tmFhXEtC2A2GdpHD+BY9Nu5VMbMaTWa4IqZNWK1yppjgwG2N/eI4kzpNqsuBEUFFpeYYGvxdaVuyp4b/jvJUtqVkAf49rb6sl9wF8B0ep1kqkgx2uSTUg49AoO2ci4v5OKXLsfs+W+xzuUrL6ZP50DZ1XmfxIXNLMUkTYDB1lU4WHVS68Unrxy+XKRAVQIfwC0YS8pRSI4qcojJiv0zUKWqVvo8oRC8WwBJ50BSrRtYfDEd7zg1+AM4MVtjF/iiZ8DDRJXfj7/BsJQ1GNbfIXX49jgWBD2ln/Spu1sqBXx08SaV389Z48XeMmZILdhxD2VSfy0OjuLf9IWkQydUGKB+gli5ZXKQUzQzaHumqohts4iADy+DC1wqZMxLN0GgDXoWPpu4qTCWnBc8liXI39Db86DjiSTicIkFKAaaoO/ND0UFgQkZSh6PL2SxqIjAMZRnnrevjxuRDIv+zJ5EyZmscsnuTCjqrdLDOqUe8HUgOiyyQh5tJO8t+nQoEz/+bWOLYE0gN66dcRXuvMOATJf6Mv6dyNPiXko9Rv5wlCE52pWimj9pB2P8/wZF5seApgTc2xUX1bKkxePmau+TE3RAXUo1nOjYGrIiaix6NHqfAtmb4uNSItwihnNn/aPsi/B5wtZ3lwh5Vab86FyeJsDOEKWTnyCrYttsmtVcvpsNSxrnrekY1GviXsMfG6I0mlb6hGUGHftXMVvlUw5d6M7ANW0YzxO5oooutB5xI6vZKt78VIjAAJk02LKKkrmSceoXyhJ7TS1skhDWvgPHJX/amc7p+2apgYpIrD0/c4RVgialfztY/GLIfw56bZ6sz1mJQIz61O/yUCaK/UnJi8OnWPcbBg0eDKemeqy+eTMJwvAeygRNzDZRgd19BtwUJBLOoz5yuqNnOjOvyKfjUKUV22GlFcUerbvcjDes0G7DmZqxc9ZFwsNne7NxplzhJOu02ZuoR9iekDN2f0VGQFHmHt9YszkPbZarQPmFwBSbcxt6gVUVVJ2xXKedhBOKlmNhBDUkKZ71Hvhoz69pR709fNsvsIRRSD/o8klq81o4vrTRdYJ1Sk2/JFVRRneZCVCykAa/vUx1onUh/fcDRkFgRL22ILQOQtrwKAoLWBTb7CYERmKa0f4NQc73L4uFdHdbsELZ80kJo9lZ/oqLZ3P8TEuflFWgnwWXZL/0/Jpws+YJHrRQvYdOX3nJfOr/cD6t8QUVy6HIoetbc6AY5n2sakaY9JIgsCITEm6xEKCcNC66vUo/2jDeZ7xN09n+MFu+u0lUEgZJdt0De94lC2ENOzrT8F9cjPo6/df9jHhnRy0zUaOtorpsn/o3wc4YZ7GvO9VCvccoqYinwoiwKXOxeB9CPLUpCOl1FgHX/phYVZ1e3eQufyXpO9+OwdIVzmJCx9PTU3xS/mTQnHZmr/tXTzE4I0ExyBVoKJbyw+NOwVWgb14rxEMxoqzojwcJE21npm4+o/AM/WAV+pOw0gK5UeRKHGtJispSE0mo7oyac/MHVAptWdGk7aqtjAt1sye9VkKJ7+ITp0YCbLRxpdTu5PJbUlTVt0TWtyWKuth9fY5l+mVC3XLp76D6VmpsqT2ooUrxEfIn8XHSypOPH+x5r2Al2pcFvdRKkeAqFdDJs8kyvvEt7R35JBmQbHt7Rf+JEv7lVfkKi0rYTmW7YJctqZR/cBU/3G1tV3lH+lDx/0AWxivArct36lKwfM+BRW1Kkj0toOmq2hRZ37TqEC6tKQhF+Klg9ebqw3dJ141YH8sAhofFy3Ck8Hj6ThYo+beyxpWUCfksOrNquPq3tQ1GaJq83dQBCKb/m1eu/q4/zJN9/820vSINuNsP0TWrAj2zrH4pYYEPmPHRLerme8ByEJ00ov6rx2h6G1LrvEIN9R93WzZbORnS3q+zIOqoWN0Ix6FnccSzUvl7KcpJOMkJHcMkTSVn3MSvc9p/+oRBtSbaFlrQcv8jgNMd81DbhDOE9n65Y3GTXmABP9/2y52L8K/a/BFFsuJylwA49ZoVlvco/GUIlPqQhEcfGTzSTHAqXx+0hbxR3fr4IG0TWdSruGUXbVNDXuuv6gRMKdZx4ytgUhhBMVF49wOWGFkzkVl6dWPqqfd4M7E5q5Qwxkd7jgu2NHY/5oJgVNtg54veKffU1jNWn1V1yqXHYjjEer9vOglV4+Tc7RaucB3ivcOzttaGmi94+uaXi6h0fFGiD699/xOcuIz9atFO/jlN9/D+5ANR2GY1Nu2fIlyEOnNtg9zzFbD7dqzMiDw9UdzeIrCSZnYNWBoyjI9jZzgdeQS3bY5szASCj/LarZr1ryTkXynuG2hxM8f9sm+0C1CoySOuUTTkt1U3uhNmZ8NbD+u9GPimheuFS4lRFhwF92b4Kby8VTgeMIJ38bswR+r5mLiNRLqSc36Af4tSN8z6DRAoHrHyV2wsso5sx1JeSgg6J+IHQV52r5WmXG9T1zINWPF+EgBg+ybjWKlppZpUNS7+Iz6Lvr0HYDu7gL/yz9RISYDpZ7R6r265fpP/tBbkNjDavmatpMHLfH6DGYW7tgoFbp38wMLoZ3nm6io9xsHIPjd6XQKRCQv/powmMtmECq1lTQlMX+m0YimxhrKliPzuw1tqPRAjixOXhqFZ4O8YvjsFgDDhWa4vqGH6/DwOheSoREgiluAsuz/oYQ1D2qvleDXU/re0ziXyDtGvl1pleG07416FtQZtV75Lmv+tr3L7d+4uDFpl0Pr0d5uwHj+G7UcUbG8Dm2lyg5snijUhcNo4ScejZCSgmyS6cUwuXfD2D7bAoyUJyYkxUbssgPKREw3Xw053i0PofX8MZg4/gQq277Qzr/CmO4Pef+AMPr/a4cPelSt6lE6d92LgOuJkq0GYn42fpMZKKkjWuXY6dBnGbvdc1dbSue3rki5HZ7vGZrvmrHkufYdsypZC/Uam5ZzXrt9F0Xy/dmI76ja0h6sq99ZaQ9TQkcCJdjH4mkfspO7RWltJqoaI8dlWLQ5pb/tofM/cse8uawxH4WmVp1PJPtPQHKhCG+4kxWWOmAzXDljkeLq2BItl5hgGG7IITTQcwrlUhF6/xgtPdr4SqFxNjPUEWbMN/u/r2RhFRtDmuRmiU00AJYBfPtBiYtew+51xcqqj4duDVu/qPN7d5VvTeVAarxjVpPeT+B1M9WreLOwNIzClRgvBiZ5fPPHJNgnO78kanQG3tv8AWukijvE8Pq2FRIewWu6KyH35vZs2BF93n5banmgy3BrOkJTAGf0YqS0LwLfqXvL5rsaOSFfygkqnnPlE87b1+x3M3blr5KI0YDUqTTXX/HThtBd+bWbgG9PXwsn8y/uzGmcWfsm9eVtjaXWq/dpt6hqv29Rf4y8GP15UaUzOjaxvr7y0AQeiNF6NclOglTZRSA5i3cEUoJI//ZxtagK/9XrwknmAfMspvSsX6VDafyK/wuBHPAZYfXl4FHpvxGVvYCheu2H+D1OWDr5MmkwL5wrbI6iDqPAtcG+AUhU1I9ra2qb1SV0JKCVE+PULMZPwa7rCqdMKbBpH0XqPlxnfmi7EQ799sKTVultD0SpnBT+LOd7hzaAOrTs/pEyyJ0Z3ekmY+YJMDiRsI3M1sFnHy+GZ9ZkK5KnmHzPLeumN52MIXlouirureaJKCODgkK1lv4ONG6Ode/mcj9s73Dej/+YOAe+hDqN3t0eXrnYFXvuHab00exYurDrfDo6OJ3LZHitpLisbHvaPJyZ+7/BbgkkdneXhx0GB2naf/sVuNhIDSbCE9bVklNgntY1PX+ChjurV4mwmvp1CmVuH0gg4WnWVqzfuw8P7XD8y7/F+Jd/qqK4RlzoeCHnMHzdQfOjVBTe60fjucv/T7eOFNKyzPpXRFwc2MSCn4X9RJeehrtNXagUZ8qUlD348L9K0Jasbd3T6AtOOX7x6XEJ/76FI8PNTDXjvl6S9jt4ubYZ8n9ZqeAcIOBh2YVOyXvP+r8EGJMCdH27y7wZIK3l3xGe7+NvJCw2VpQ26NTxK2X8pqvg78iHF/gmVu3wGTcpX03Mi1JTSvKyOIKKjam+GjMgzeWPmtWvScjtHRzWE3eGB49F3s1lxv/ZW/tQq8YNNNB9kxm+eeCD2QNWnzFXD7wnprTGf+eSeZ3AKAExrzVtO8csOdmAhBIM+bslQw+AVWNlgFzrSB9OJ4OkVmUj6FeSoz944ehFZcyLemC4krA3OndbqvB26SA7NuPCnXiPrxZ9uoAmPzm2gmkjCquLNlt9eFzC99Rvv3VP8w8X13zkP3caKHEClF0LOXbj0kRlnL86zmXHyWi5vv3kcCIeu6p4CwAEB5zC7ivtdtisDAlpW37qKXgTFOOYubemUzf6IVQywQngXN40/AGwk2L2ICmQ7Ysk54EwL2A3x9lqn+e18Hl1u7l8a6GL4CyesOPRVLRp3mV0lUdilwVv7AzKXTzn3ilWJB4vuHBkeeTkfcsrAH7R44cfXdv0Vgoc29eKXtmgXjzhQrgEcIhh0Nx2NU39/0eN1J2oZkr5E2eSt8cs85C3j1Q+0MtRYeLun7sWc8OHcMwVqJjHE1jccJHgxJh+KZvfxRHxmMaGDx6cA2yt9qkGPghh8U+ubDsg8V3mN2gXfz5mI/7y03Gcyz50kySAetlFoc/71P3Z/d77w5K5vWHS+SZOvcpyjDWY4ZFGZbnysVMSX/49cF8H5faZXN4Y9NVr53IFZYmsRu8StxAUB+fT2eGvJwURywhR4j89cIT8cDf4sY+PUZBG7ZB5KnztIVC09bKjWwg6OuFgs8TOV8OekRRQq/BvPDf4o8UQgSaHC16HtRM5Sj/JpnyR125djnXUOv6TV6T9hKQYop5vqJU1XVxpH9HF6A/gpkxvCQ7+Y7Fpm6vuY2s9ieVyqSp85NJbdkBLVmM6SWmVxW4ZnZ+JwROcbd9ORBfP2l0Nk958z5q4YzB4cK4A5lp6KXm0QnO9WP1bgkShppMPFdMbbc5A1tGApbV8h5i3wsH9omVGi+q3Tb5/Uv4qG49wJVJ6B89jjDZE6mDHPwY3AiNY+B6muuCc13AX4MORRzm9H9FpY4F/7KnPTH94C5A4dg0xoJ0jTGVjlTWi1KuFFem26eOzjqd42hhOupl38J1NMFy35VznCXS8aIwJOH88wSUwa4rxzutKx5OKYF6wPLIrwnt+Gzwavd/+X18bxoDN+8HuLdcEBG/8unga1OLdsraQ4OAV5cLtAx+32yWWv9tyXD83CK1Y8+uWka+f9DN25wS+px7zUaLr/8l+dhDH6dE1rWvR047SEfCbjzQrTe0rGnRNUb5nl9qEG7iyjbd4AU9Qvif+Y3LEor1XMXw+H69KqFozZ+bnp8htHlzyzjNF3TG8op58mve8SLZyqnr9cAZ8MtLujP3DKJLC7PuEk265rMR2A8KjrZ9w4bqXCbV3hjh37nYgI1VqUuslfnEJtI0btLI6YtaxW7poQAt/n6e/d3FQIfez62ef7ACH3+I17eWOSNl9MVGtxws+iu/v5IZm6AnQqj20xVqm1N9XufrNaYzlB1C4JmClZUuwMXLTCnYh962xmbOCvr1qYAC7fFXiad7uVCiQpozc6otfBfaIyY1DWo1nhJOLL/x9+/RDE8ouKfYxJ0tNG1kQCsRmXibd7CTo6fqf3uaWSHSDmcgVMEikbA3mSmiuHlBV40vNModE5t9gDNC+0+fUDjj3k296nUu4KPhLW3WbA5W3e/Xr6T5nFEmO6Hu/vVo/WlkcD36TfKQ8u6QKJ/JV0APn+zvB7V7oPvIe6JtzUKp5tO/tJQu5cSmxirTXuZAwV8z9t54Azr4Ae49QAu1FfgFKvL5FOwtGmNfvnDiGMVVSKYfQK/CCPOf8ZtvjQzKEqRq4zCfe6Wqn7EL9BCLqjL8RWVt5zIR/eeM7aTtN38bl21L1tgrOLwV9vFdnPnm1PAj9FKNkkNn/ZPkFc3IDqk/qD/XtbWfHl6vFYay/6WRtuFi1s8xKvD1ZRT9z7PngrvSZbDqkxkXpm8xas168OtFxhrZIf/GwSX3Y5T2NxhRcy69zZPXp+51aKu8sxi65cY5bVw9kSi1+MPsxtiV+8cLPr1WZkpek9Da0d1sirXVZ7+hFufy6CySMzWqUqDpEJelkIOcyDFQh5MaE1MmE65UPGm6nJ42L34Aq6y5CRd4F3ZEKMq2J+xa70QJ/5HriYuSLGdjemLR/g6RbHmVDWdH2SaOvvkw1yOG8ikOStRR1zmaUzmVW7ow/itmXOmqZ8WKROtmnF61/9T82eGP9L9vUK3QX/NKHDinjAwcbx/MZOtuujqfZSlHh3VdYD52IEs8egcsBzlaJjQcLS49/UlPpiQ2M63lw+pOuBWpuCmoeO924xzTUPf1Lsd/Xt/fGjPpB9lHsLNlI26n+F8+7+/BFIm+rnKqzE/57h4l5ON0OWMhHv+Nh5kCf+Ph4/EPgjLewRPqP67YcqANhTT92wHK4bjwwogr8yHmef5rOO0H0Xuy949DVlkUN7O9iutGPnPl/e2V6h7oSQdX35yYaxQSE0me4Fu9hBKaSLoMtIDvtemn7Un1Zm0WB62d5e65CZMufSbRJMN1puQoD/IZrqBJTk53Je8qYsaJz0Lp8dNnvxrOTeek7TMGyywI9tzsdgTope3lnWz4qhG9Hy3eeSZPQe6vBJGf7A7VV/cHXOR4hG+R6puFbs3k1JEy1QfwH8RqV7u/6CEfff28kRN2GM+oNadkf+YuMA25+9o8Kso3e1HX+KJusiD/nkvtWvHvPGOlvMJr0fr1V9jP1oT98y/Y58bYwaW2/EGT8vM+3Xmedotnwl/9DYjuTCeZrakvjZsg8lWFAecWB6x/+wRcMf3eUnsYWNpxMM6cZ1xW4Fzc2swTHnSBmXRZ+dhjLlfCIx7D4sQf48k85UH4E73Rrh2cvOYaAH2f6/MZFz45yjYxPSp/a467+IgOaYjysMjJE4W+CxK14qC+8k7Ab/GrdEGs2CRnnL93wuiBFDghBiBmQPttJnFgK7Oo3zyhm6PBQXuIjt28MGslMLgi1lqtqgc6eIix/pz1maVz6uaRKFyWejtApyWvcrdVeX7tlFBMz7E7E+FWKAMfjRi/n5JQdSbIlOkw3wzuZk6u4EuUpdJb5c3ejvsv9m4WkHh7biZKLFyNwwRef5t50PMgKAb3iNU4ZEVcSEQnQYhlp1GVWXa6hQ6sQTP2qup7t6pe1N/l7zAAz99glHA2v0qrLTLQ6XAL2QcMWhlP9n/u1XkUgf+mNCvY/T1u60sKt+uv65u5/3hl6uuOBRcGUQdLRcr7eFyfWLzhGHxUfHnr3DtR4syhCn3lWrnK95u+0OmhofsPYwPmGUL2cJ5p5sCntbf5CJ/2NCWXtBh+ajQ7cDcxYL81+5Keud9SifPit9LvS6XDzfrKFJPBHI2Qs0FWkl5DCrLiGzySimZsNDS40kbRONaZca/q3bQ1jdtPNh1+L8WN1Nx3Un8MZnCkFWVmcf9sBj/icgUox7CYN1QzP7oW49HPN35O0iYiDijcnV8eLt75lwikJCm+MQXQUFDh0R/R1ZR8du2cHtsnlbXcBB1rXMRZ2sem/zUL4EFQxzuDfA+dTUNn0ruYoK9CE7+ov7So96AzF85c+X5e+0FIB0Z2RvoOXEeGbFru33DW+cEyX/81kHm4Ayub006OAWrhpEJpK9oAtAPomG7MMt2YYI7hczjfqxdNem0J1ojpvXn3BcN+dr1YWzdHt+BGJUlThPZQixZhHOS0k9TL0tsc/BIi/d98/mds/6nyw/YOb9s+18XB5Z/RM2qEuRdqRDVIY1rHSmt2+uP0tj3+yQ+O+VZIYd+izfmAjIeFT9TMvG0vx9Tq13ecKoT8MyhnPP6SPZaaZmItoR7K8bR01zevf27y6+tfly6vhPnPo66Db4gKKT5HQotx6odgNAG+QXrntAMwdDsIWOtu4ya/ipLBjAYeBoQm55mWfE317z5FWtyHf3O3u/fhUaJ9Fbkr6wbT0PEBCsxr1G0wUvCbqPXCbPpgA9KrqCkqIeiVlY//kmmJ08+q+EdvlijF1+vBZqG6ClyuaPau0deOT8pxaq+vXpK54MJR7u06jk/b5mK9zRW44jNurTU7fDzBOg7h4S8+JderzbkgMbeAhvZbVo58CYffSln4yXvnXoDDrRVQ74dWrR4gVIUXtMDbwwdssja6Mj/FquvxDQh9ZbC70wO0jA09eeGcYqtkzpcTeVkza6fOOn8Av7JU99hnUYw16S/3dzIdWzOT7YfekbhnYL0ZkqE6oW17Fy3xaDO81+XxHqDtwwPdwIlWo3956e6u9hgG7b66FKk3cUuVqlvEHRXDeoyio5cgE3BNSEv4QYITI5MF/5pum2FkcuDbk4BHly3LVwzMbGJ+g89YZqXYPN/wPPZC33t4/J+rOQ0A3/a0nOPhxZR3qvwetucG7bjvcdpudgFatMYmrwaVKkH3RrZGv2QofDX+ZXVJ/Fh87e6gvo/q4abiVuJfpIL5yMMRC5zi4bMddqVha69RuCVJgak4fbVku992uWbr++EIAvuwsJkXzivd0+e/OFNqe0v9/QmYra9eyEvBciOEN1KfX2q/u+NUeVJioXQUg2B4eN8V4f2UjXQcX5MuD59gsX7F8PzNsr/aiWn/5dxwFmAVIaW/f1ttzrsrcvmmDMLJdzKYXQx4CxVpMDPZ+yEntIA5ZO+yjvpCPfIOyShok5WSwwNau4Te+2nQnAsNeMgs6FuJBm/ePm9qEhH52vZKnIpp/sYGWA3jdqt3homrop8JihEvlMvWKYYq7n/9BqZx9X+RjyN+EUTFKDfdzuZR0qeVMLsDJsIBzx/BJy5E2hVU9uXoHdrKBN5g+P56P4wPXNyX87v2f8vJi+ziTm6PnggEpL40E5pSw/9z2qwq0bmX0bRlKnpCXLj0m60xmTX040TLu+0aZzjv/rmrOx+HBcySl5QiZwveihxT4kx12obu3nrwhjuOmo5JFi7tzfrS+/RcrsdulN4SBp2xk7gEaKEUpl2s1G9ifrrTgidP6F016L85qROT3xaBH0z75lW2t7nQ/+oE61JbYW1xbKZImVSaULy7u5PVLQw8kNphSil3HIL1pnqdRnp9AxBZM787/O4mkAMdrDThzUPglSdVqzNmNtDRgaqnDa+eUZiG+N6/K2BU4DfMxyggMd9H5TPIKKXjrdzOPoYNl15bhqMseRHeoWvMCurBj0AC6yLePpgpQ7QqXc6YtHxb4U6anL29xfmrTzdtvy+3NZnPHfD7rb40GJejCOoxllaYQz/VI9kWpHXzt+IL+j5m5QeDP6XYHqoagA6/PL8VKmCa6ADSjav/KBGpi2/OsvvVnMjqFJwpEm1eeS+y45ElSEx1QSPfFxSXqU6vt3l8m/okSX1aV8SXkzWdFVzWO0vt4bZ5oex1a3EBRfK953rKT6rr1w8rc7kix11bUS+h7djJ+2n5+vU0GEXnOZdVFHate26RaWhCdBn8B62Ac8Ebv1wsF0ybFn5zbX6sLlDxtPhWpWYPPcwKobYTloe6K0VK7zq8Id6Orv+hredU+Eunf2h313bWPmahb+4oc0L51tdHY9SKoEH17cWXOtigtkvlRtDDIQ7wp0zapvEBsYVjsKyYmXk4ef3BYERhrX122ohE6Gu/pd/GJtko4dP7mJ2JtsL8JY1dqF96gHL/14eTqg3vpPIzhjN0cY7QzwEQs0qn3Bi/mYpnAP16C59t8Zp4eGk3oFWNk2nIJmR70ZXGT2eu4llyP4R7VHNiuTKV97kQPpPXhST879yQUJx+KsUBrCjOJsZvfkGumLzVZRfJWijcPHMTyJS+L7AaMZi7Z8oJ/mrAhmlv1X5wPFWIhIrh2zRo/thWeA+zwK0ZKXVWmr1LvOS6jmJaCtbkBsYHWx0UX3u+HHdMXNQK2Z9iayK1KLUouXRMb/GekERctJ2+qhrgRfgLxnXwPP+6Dj5EYHYOed4sZa8Nf/HWli5saSO487KQ8mINo5HDnqnHwbRvlXY88Wmt1X6A4lgo1bnsrtnjQlplGMaOMia3cRb5kjq4XGf27uc756WSXpn4d6G972ir+KE5xzMOvQV277QKi7n2ing/P+r48Cj3/hrIkEd43fH9SYBinel4Sfec2SOmIZ/1GW1L7L3Mk+kurm7/MP8Zj0ccx5Aoc2ubLM0TspBa7QtV3oXFu1Tbx5TmU+V2ES8Cl6DHj3oRrx2j8MSQMFInvxM53b91sphD3HLZk+K2ByCfH1/w+5rJYS7tEeHO27f+I6oxotSgadHhd3Go2n59QHNu0YlWLBFdhiUsPddL0IySy3uMDbvr62yt3y0DcqndLPVUz2D9uuq1hR4JgnQbk6Bt769gOfBCsPhsf64Sc69hT3IoDG86GmisctTLbvj1sT16vh9xPSNTrhV8FXeqXL7xi0HxVA3XunfkjVm1nLXZics/CeF3eXffvJnSRX5uS1Hin1trtHoAXeWP0BvIjbrIIVxHXsgD7/b00oW1jMj3Vu7A38hYVjFOi8WbqJ1zSJl7V2dwWIO/bzx/jCRlqzc8UG0tTfz06DapU+f79eCGi2tfFYNjyj/LGqsd4Zo7pp1sHLPhvxmfquqxaUA6NdOSHRht/veN59nQmt/p9+LyQ1KFbtDipxi21R50rMDX3ANxqlwc/iYbrFTJ/diL6xlHVuli3fVG7TveM5T44eVujy+oULGxgwMqUHFtdaWEORPfpzTqb8PKM0OrHWefkBR0cWIug3ailMmGeVXjYU2mVAMozWnS0r/1SdBkx1xM/9W6A4G6XLZ0OZA64PfnWzaDVR1ppaPq1D77u0pXHgFrA8ebEiT72rgl7TeCp1j7y3ZLBwee+JWWllKXbARfFGlg9mz1fJdprYoLEVI2vcaWd7Hbkgao2fulA+6sg4jkHoNPBTVbpoj5Jt5L5wX62zaPv9DHgPrdo+wRE6upNn7Pt7+4Pge4Ph7sHJdwWughLg0u10bd7O1B9lnUBaoNWq93LM2hdPkt48cn/qCt+fbEMcvDrTKFg6uqb1X5vazPOVaj5piL3x92nSq/vCwyvDV3tmo2Ap0ZNk7sR1igh5fGSHcfjRw70E7NOtwrK/G7eHh2aB72sESn5PLIokHZ6+P1iJGAq2bfn92zNQ2ibZKnZ9MvbYzbb3MGdu5Z+oX87H+XsF0yCWlkbZexaUZh4YTlc2Al527cE/8XTlv1csXq12xzNqu+BpnTCgZdSo5zPnNUI6iNnioH/XWYMkGX3lZ1KS/bTpXTWaNG+Riz+6qs9evCcJkRa3cUx+wb5Rv+2vM7Pi0NCndQPZM/svyn77NaIDafftZ315d2+2n3wNljfyHPZC1CzKBk5dbnPBn4BH/8vtGCQ6pGjDYNZGjpeD9/YXoByPtXvmZjXKRisjNmZy7YILkl63KYt2Luh5+cWRfTAfdUMVxmuUntk/bysB4RBeP/3fXiL/77evF43lrboN2iTFZuOgxd9P9gw8SkkUBmkEPuBI+1b+KBAkXu0IjPtZfFxzQj1SbJ606UoYrbrSqPvpkqVO9WeYRaBr+5E3bDd7ue6tRSpLtEhIKbalzd+zKYB7/UXJVTV3vIN54nLOK9YlU1SfFzOtjfDb2FUSCZNOqrzzNBJr+/CA2UNzccB6DVXtRQN65cPJ9dqJ+qori7pHR/H1tLI209w1pGxrSO+C09D6HUQEoTEJanE96+ZD26l2XmUkY82A5aVWG9v8MZmjabJlxz7+pFQsCfdK7uAfhkn+da7Ijvc2FJMcbYYKSGUo73BNPQOz/igRLN2G+ycdnp0EJgoFlwT8n/PRONYiCDMc6e7UK+6Csr3hzQfpAR94AGc0/32fKBrKesTzAkkgjtG0Qx//rjoqfBS0WOjjY3PrwYOK9yT9F44GMDZ//v3ifACnCfw1xjCDz0fSWtarm2jMahovxk8ajzNrZqufzKgpHQMRnmBjoYAFdVei1danYG48Ru1kLtIu+mqzcGsqrGS8YIhja2loZzbEVyd591tyd8sLP0X/1yN/mg5GHeo46F3jxHyPL3ydMGEvqXzxnADldC7u6OaVHnZ9Ml4jbt7yYP8HQoXt2y8nQbl7vP6Ik+Pb6NjqfYM7SO6LFIvjxQorjMZ5Y88ffWs0ebU1R3Ym+6y1iLqVvH8yq6/fWF20CdU2vT2JnsyvuQFbKZeFkSPGEjI8bRgLporPrTVtjJVFfuv27mFsjN9JS7vSJ1ISBt45ypwYuizlvPg3uegpwEAIZzAw/uw4wW8pJ/mDMm5nlUvcyQWVY5oVlc5zT1KQ/18mHQb/vhucrgORY3833RS2FghYq4ZV8FKWO1EIHt96n+DiBrG2JPbDoA+KPlC/C8/49EEYXGEkz6S0HDi9fp0HtaX2bNmY63A6HOVV9OFn5+rME0dEgbfbA4MkneuTbwQzq3yEU0+276C6lUd9ONsGxZz182Cz0Fzmj2IJwojOd80D6oF7XsHsloW58Ind5wG6B0Ik8Kpt+5HPFWEVD66YzrspB34bBHm3Nz8vCn2+hfBtj144Be6IbhgynVkX/Mx0V5j30DmjoVBsRvl+UdOF8eHDeLkntzOdN/gM7s1ZejCh2aWKIPPJI2+TkV8E7ou4+wxgZT+TWRl7bZBZx6zaGiT/ZXdEWKUxFDYmm8OuDcxdytn3mF+AyXGnXQbNk2AxwUV0aomSYcclV210X4lfRltKanXgw7/7hcqCPsQMoHAEKVTIJoz54IHXux97yS29KbIKA4hBvxX3Suyh99uPX7+3P+quA7fjQFY+3RoRSPOHjT796+2fSg2Gu6viUOjqaz+qnkuJGa0x1qOyuZ6Mz4QH6sm7DD76/Pq5ZL8yy6trs1gecTMEVysoytpY/uBpcffmVg+I+m1d/Vl14WtrRckJFU4bys/JpForaa2WQkRfXG/0Hbe0bD3XZvwxeRIKKFED2CiGjRO0kEQRC9Ez0YvRsMQdTRW9SE6GV0o83ovffeu9H7jOHhuu/7/z7r/fLc1/Oud63fZ2uZc5/7PI597H3s2jtA5jnSzRCEx5Hp+UXeaTwuMtUUtDENOO2MIOKkEbGzL+VSyfBZAWWuqoI2niKeIsb+/AjQ6SvLKrT4wiBbQ6L7Bb5uGUg3QkUmzsOngpeV3vSAyC8Z4W/oazm6ZvJAjf916fOHvD4bbY75ml+yah2TVhmU0OqGQjvZVL50sgsf17/GDvnXIntLtMaNGBWtY8RCHuxmgcrTPS0zdCxwwj467RQ/48CBth7r3djx3wO9SDkPxsXyOj2sOYuO8GoSpW1zCfSp082rx78DDeX4jadaq717E4SyLAZvmgmE1+xXseZiuu7fdKUISttUohQFMk4DAE2E0IA7idpTyxFoGRi446Dr1M8Xpn+HyczJ9R3zwdRnH8u4GI9KJWdm2QU2QOvSIaEe5f99Ie0NuMluWV5498kla8cSeF+9mGAxUBejHRf67DDnKoYBa4ONd9ZmaeU5WKhRo2am/XbUS28z4wsHvBwudt01BD0r5IysAQvMvL6LstqlTHnE0bBSx2+3eR/rAbuwvfH6SLCnsTMp0Goydm8FjzP4pEeF4qLP6VG3hqP+bSFii0DGivIq+L3VZIGZ6kIaKcqRZRoHKp/IXtUasaO2JMCvScg8u+A2ePffNn3K6EVOly4zOFWF7KVFCs2UwFaO3dPlKZBbwcF9eLemUuULnrszvrslZY06B2WZQ/ErbgMay0YE2M00JJkWgWEk9sSCgTjUzWv9QarBS0EyOOTKwmUr1Maq+NKCIaEmnx2f5zNEZO1Yl9yEKiG7WyHiO5wDf5BvjVXpxnNeJSLuXlF3u7Xm24+kYSXUe/eujuOG1u2v6OoYpyUsE+FDDIFyb7rBpc/H4wa6XkGJNjCfUgmTuxw6vFeUusRYyWLa9jmGCrWV0HL4dnToeX+nfKC0x/htjEFRqG+7O/gXiZK+c3EIMb2ShOiOEiEWXW2blVJ4OTafATN/AGyGubb7ZmpcIk/Z5ngCZ7JDPpGDBmN5iEnkXlRozW6IsdPW58Dk+KOqmK8g5//ozGa5RWJv0hCkkMxzalMz3dEhGo3CV5jct5i54+BdXa1fah3NZr0qcia86vcylai8UfNu5/vAAynvCqbUiT3S3flCC/5EMVHnJH2f9nFt7+KLKTHP0YqrjRTt+KFYiMxzFMKJ32iFVVuizHlhWgyBoLUwLVZ/vppUtopI3j2W2O6YZO5LExFgqPI829Ew2atSRVS1WsIHwf0gf3BFKfNSgquhp918Q3zZzR/A2C+/Rv7lwD8sUiDHPi2Rg+94qoDkIhhyZ8J8cGLiDq8WqmSH9qcKjRokH8ppeHUtqwK9PAfb/+s82kT8GhdzFaZnvkfXvxoP0HTjo/J5ouYXzymfiLY58BGeNfeSmDS/5V68ubbOL9asT+bTArHPNko90K2nrAz8nv0Cc/+OCiOy3SxmBCo2Z+hOyKaRLgWzGylj1fopkzU98b8+mSZmy99W33qnIWuWf5xZaYF3hnj7YKlXKQo/kbFoQQs/dcOKAppKa4ZZ+/md6bCHuxD4reVBgLfPbS8m6mjy4TBsp6QmgW8+L4FvUfRgrS+1u5dm8VZ00QfXhXF8sshYgXIsNGfpcibOzmYnXOi88xoOGP26WNddN1GkfP4gDZZ8Vu/Nv5f4jW4Xe8MljJ2/lJ2yhOTGPI2KhFIBde6me5h7+cl8d0xvdCcIGB93hUc+e3pw8ym5SLtVWKNKztZH1nPexbrY8gxTXFZ7WAwjI+RgsNwOlGrBN2kgtjPNjZC/YNMOE/v8E5nlTby/agdiK7dJKbFgTy622w2AseoKB04uy1T83kgC40NaXRWcVivLJzXifDT1ndLEDpdaHXrwBiOqclL4QzYDlSntYOpyWpMczNoZYRW3xWIeOraL8p6z3cxpRJste0lH/U9Q5hts/n96Fk+XvdSK61Y2ZfUYw1pqiA6AX+sv39boYx65TLX6q76UX8XSE2TeTAX9VrhF7ubx725+nIuUuGrTklTZmZgf6oikIunqUpqJR0PA+rtFFRE2FWca/DYzp8EmxCIJrLnOQsMcjZeZzk6iB/O5EIepZCzxXg1dWyNd3tk5/jl7SdQdxnqQYebYIN1+Bi/PoJnNz8q5ndq6Q/KSdDjQzsAty+UV8ieiH2g/6W3hmBwnPmiQaj9qWknEdHK+atNdixVvaH7xiMpBD4cfuRSUKwvzeg92MY5Bx/LFiMUriTYSnTFjw8+lxI4kqsTXCxORbwQsmRNrHYOHb7qyXjE4hBK/6q5r1ucezpTTYLLjGVsZ2RjSZksM6M9jTpGO8bgkXt+R/uLvvo4Z5Ruv78Kbq1EuIexR8NvFUqFHNY2IchHHeWVdFTTPixhbHqkjLRRvfjauKjGd/75opxfiLo0F9xzKcKMGt+BCIwP+pUwKsA6u6drqcmCW2LLYSSuKwpwuK4cGNOA+jV2iFgPUVJTiXM6zoINKJvlL/SiWWvHuduJbVI0EL8NvaTCla786GpDBbxPOcBt7fDII/2gXk0578XmEetsFU8hlxJoEAOZbasvt4QBWlk1LXEdZPanYRRpSiHu7qP2gaW3TNKwYBaaagG5+3tLZTF31BLAcfF6Z8shhSpD5gV8DQ5f05Y2uhu9PnMxV8CC2f7Q8tR89kZtJ9JRiWnIMdZz1J6he9LkV8xaauPn1oNhwUZzCsPWv5sQMCPAA9IIhCGLnLt7gsWDvj8/tZfvf5wx7rMdhTeoQ9qreVx/K/l0L4VRmfKz729SByOaADl0G9tzuDW5LLqYM6PfXFSiD6buV8xVsGBhyYO5f1phrLdYzT889vGJGFxD+GRXhBJjMYq2Y8f/kcYvecz0OJp1sCrvA/bOEnDhJ0Ny7kuVR8brdG+84n3ZYJaWKzTccLKunu+0yIGBcYpL/7Wz6mHHGhOCbeec+XEowj2WUs3fcf6HaaFBhnFcH1WVNGNrVrg/xbDZ/uGJZV7nYWHYmZCZTWOW6sBhH/2TxcAh43kdlmBukU8VXMCXUWVlKMmPzczn29yjT4JSM4RooFjFsI1DTW7/H5sYLQ3cDdh3bL0lnex9EVtbt5jy1isWg4fTpEL/ihu9zoQTC9oHcrybFLOfL/eaFAaH4njsk/sGppF1zaMX56fMF+tuFcG/vOnz3SzFUyKrFKNbI8Tz5AU1006ieGX8jfwNB0Odu1DSUu4EAtR+NsmjsI1N+HEi/+KEl/gnsNv1lxo9kxSaxQ9/qDhbo9B+0kcxMbgaa03HeYbd/Yv/XA8C9OKP/4KDCYfmvcvu8r3IzM8tvSxkIxNoiJPanXpL4q7/2aGETBW+m+4xQ8lm9duNNeIRBrsK+WDJ3lMdQtNutD6jISZGueqDUK351yiOCLnJCzNrBw1C2NXv8xGSIqyb07IyQRRoxAWiWTfgS/IIguX5nZnevOzc9wglze2TB68yskKqrcpt7OV5z7w4rm/BgLena1TXrVAGIZ79oDToNwr+S6zk7eEVRCCp5Ldc+of0otyKXdI9vX3DqVoe3YgphuJlDT78EPGFdXo5rcH+3/Z51hNTJB3gv2Z48Pzr5Psb5foMoqpTrjRIc46c8c5B7Mf2V72dY17ihBz3ThkgMhG9JJpeAb5yu3jG/sNaz8NHdvUe/1vCgZwxt5myIiySUPVfaZxjUDQBVbb38YxqA+b3pq5oChhSmcCaYUeAFncfYh7wsra4cQAxxiieOoPT12NjzsdcJ1CHIt4+1zhge6fNt0w/ruDxlvwpVjZiQoT26HD4Rd30WxztsEBep6zEVgw4xS7/GwTnz0Bx724ATdPzOtTuiqeDmLefBmu6+znssPcVmGj7jvPeO/a8gjTc/0uwdawAc9f9u7uHx+g87aYVlCqRTb4K2omn2QLeJt3Sqb7itLofCBYSiXN2mXAgD2xjs6tI9RS+2G7AWHC7EXEfZa9qFVNIpeGaq5zJ/5jBRyssFFH/C0gvuQAjou2f1aSqTnj7pd+F8LHwl2Bg5+A+atvwAOM6exiHgS95I2iG4jZmIl/UWJqsMDGUJS/NeDbDHtN7BraitcxLeTiOv6pYN7ZNuuovIOlcV+GYWiYvTeLGqCT6V4zjGEUt5N1TPdFCpJb/MLfzyBQXl9h2WVYIL93PALVT8rD+RzVSsS7u2CtVbiJXFQwFYc9icdtZRxkLRAomAcVMaKgcbERR7VCjhrtCrddJ5gBBROn2Teezxpyb0+kXgxGaJQAW7QPX2zdzVVJDrZhehCZA/e7ujau8367mAj7jGj3ACSKv46u+bJBoag6DWyE8jYI2Ox3K52ItYfQKY8hH79qanAg79mrw3x72QajRHfW7AXvUux3mXv78KIBlROZt+vqokITUa3fojwE7oZoYDdlpetIgspJZWdNzzNlJadZ7P7ELF5moFmUSE7Rra39S6ml+o8sjFPcJIzKTeckGxC5ivk74bECsfLRuuoWEmLz0QtwEs0dTIAD/PDNNvprtuTLMsTnm1m3kjAlaF7xJSzehgJblhMtFsBh0q7gi/t3at9ojzY1BjN+jfggEvWqZDPa1CXWuIXjmo9fKSPom2RGr5KQVZxEvCV0fUHq1N8ZUkvSlBd+zwS0KYcZwk/qfGFfqnSk8wj+4nKblCw/NumknPNEDSxke5TjSxtWMKHVacOpxlOxCDGVV7qdoVbRVWj3xOBtePZ0NVbs7tBRLiH4+SN7XDLjml5N5M8zdn5hW3/yZhlr1gUayq5JDmmGfzi67EM7Uy0QyX/uuR6DoW38jDhpURdIGU6O79NnAWsnokqzgFyZxyg2N87vPryzx/BR9wef79KCUOFB8Tw839/RrXd00z7Xi6jWd+Xr2D5vfAfTZXJjIU9v3Xr4zlVUXh9gV3JxVpnNwNx3LLOq+rcV4UPXVrRlyBesFUhAggg9ds3Cmay6PVxb7eX8XxldJVU4Qocuru3YhVFBzggJ/GPAGONG3XGA4mRfNKCWd8W4mVy6YvfIyRKFAq8kMA7ZXMxnK2M15F3jppowYxELMcGOqWuGPo3MGTc2GTrxqiiA8e/ZN2u1IchOC3skaUPq2L0dawepGUd95fZpx4N3pPo99VpE3IXcgtE5Wa+RHFcVCV6M7TEvzpAgsURe+XO2PaosSSp/5EwnTph+M+pPYg23zPNUTAgJ9g315LSJbB9cvVOPWd4KWQCFHUxuSw7B35HwMJbbL1kmX9StAFfCU0rAUFSFppvMJIjHWiEsiz5Gzk4RHjNfHZL2NHNA76lE5KdEnw8TB8q/U7w689/suEfVtlAQfKXL3YQ+vtU4Cu0vIqOH222S+gl+vp/PTQQ6Ax5uwm22KvXF+MaswN7uz0sy83YNJok9ge1ueKA2l1U5RNj9Z8xd77ZytTKgywOX8RCqep9qyy4vccC7Z/aj364aweEVoI6BqSUTWumTenojr5uEFvkjpTezXRv6pqSz8qfjjU+kMfE36Hmqr2OulAoatrJgj7tWXX1ip0bE6qMKjeDjSlfA5SPSFQ8A8X3u/uLJZbAv6RtySyvy82p3t7VqoXJ6Ms/FoXBbEUWwQ44QLbfLreZ3qbfDptdn6bL4Wu/pAUHTA18oE7+W0IKyHwdOJ+7d6wQTDYe5r0U2pri4CsE5R6hG2pondAxAxP37Ja/WeFulrUgwuIU9fyD06t9F5OIzE1Cg+jwMUnZd/SL5Z6VpmNRzntGon4mKPpCByI81nohF3vwv5p/7MUhBKHk9fTs86SmWOup2GRBj2q+IBuasTYaHBJFTYfWbGyg+BQlTh4Sp2zdtKUlqv9aWicWgyflvNToquYF0Stem2jpzcvf2JW+qr2M35bU5Y/6q5tUgX1qwfNiNI/ZKtte5rLXDERrCRGCqmTzQCEKiDz5O04AoR3OFMmcphrkKqafOrYVEVl4NYHvCdanUv23ZJf1b2TNEmP2d1YyDEuos73ENUpPEoFCrfTG+43J576cbYRsBlfiOBrBY/zqyPXDu1N87iGP26cu66OiaQiAYMaIgfpxiYjzqOvOmSrHzbK9n5686C14EOTNxossHfJoc9DhPBYEJpYPR3lRkw/qS31NF7LmliR6K/Ihvb/A0KqRY9JNY9M9BYR4ERkl6gXGeAPE2gk6WT6+lw0mDEYXotmP2KOoK11U52tGJeuPnrEB9iIdLKZclK1maq4TfzQEQjwGA75GUSVTWKvTv10/UZEoPKOu3wD9d32Llw5V+NTn0WzyzFYL8w4KVlTrcTEgH1ZQeAqjZqEfv7SPX7dwXu2iUaiMqpRoB3dih8umVF0m2ylkoOgGZ+MTqPvV47uKTnVF+dUVLvJQsAShVRR1penPqjRhutfv9IWa7NdxAApd9nmlMT+WamCID20VTwl0Nv2qyHoIkgMPcML9Bl5Uqva8SaedVoW286s/gdfkaq1Auqy1xAwFJsxNbl4G/3Uzbxzw9U8qA8ukyCAyRFmrtRZMztyDphumijQGBe/vM7ditNVvO5/NVeThWnA3iJ2fbPpcd6zZmfz7VJbvmdHnXW2npDORL0wWCP2NKHkBj0Ht8lAnbgD8DHhXhO1tbhx2bO1p4X6Lv0u503+hJ2Bk/puNFQ3Xa3EmvT85sr3is68xGXzE6VVaTBi/WjQdMrJ4eUL1PHF5R6mQ43tPH6WaFcFBM7Vvd8Iimq8mphlqUIaTg9G7I1xtSfYOC4+WJ6NgPSuRtl/We6SCZo6Z9c1x6saebF0DO71OnF8f3wcEOLaY2nRRg88qMrFr7vYd09XkO0Ety4InrLr34vl3tfdzNG1imnCxGUCqTHJtBolm4VvLAoFBZiuPzu1LAosf/fFsyAyCmANfpsTq9FezKgo1Pb7pPX7gD/71cYHl+ex5Fx9xMd8ifjAcgmuvmXeTFZFvrIskqybopApU68kaYdQowjDXYuSqq8yk6LTGYK43u1Vnw8iI4Wz33S3k9eU8vdhEo+PmU/hcOFQER2Gz/y5bouCgAtckaKyMepP0GOxwlttuICNseYcZeusH7YEwj4bOqy1fUf0O5H6aAaZyyDqPb/Frp3IjDoiwOikNP64stIZswZaPeXmLlM9zqCm2GBeesTo2FVw+Rby6V/M0jYjjJNtbBK/4eJmbYv10QgIy3XWzAK49ht7pJ8pORek7x+q79x8NYEeK0nuWBVH1eAZlr0VS5f3q+xO6WKv+fZqVI7OKVoOmDo875kOPH88ybM7a2cTyY8yayvewjeTRY3Y/0+7slPaJ+BVPHpvWeZHThu3h89c0gdQzwHqwGK2BLifppzlBkl31alR5Ub8M0bo36QziTbDOyZgrbwAqlU16bI5/UT3es1unnaqKoL0czeS+ZEd/jZo4XFu5EW9QJSLYRfzbgkVThbJwfbXeFZJy67EO9DX6DY1ZVv/lbNQj4XvfE/JXDeRtWOTGXtvrLWGTzFYQe4OD5guo1D71lRjfvzR+iU01yX4HhsglgG9tWWIOdqWxjOyQoJ8+8X7CitrtTKBRy6VfK1JcXd/mJ0KQpL25MmRWst2HfniUR3YwyX583DXdotA2uTM+WK2USgalbGp21n6wxAzWqscBaKcavQ+H+al7aXCSBz1hOyV1dOM1Mk2SMfl82xMlXmnVwXi6pUJLHp5A5fK0S/Df8rb0vC379Ogy3KGBa+T/V/GuISWPXmF17pbOk7jwdmxs8w/cKDvgAuVuL0Oo3HeWj4fVZLo/FQMv/Hkv4QBAbvF1eE2Kpc/FqztoCw39Z69ZLdlQk4+FduGIJpAQNU6Gf9+PjMpbWQG6CZwb/FmyJ3ALX/yavPuoOpMxeIT3gVDxQaEFtOpbj+k1mwkW8/ID4IrkGe77dXOgfDpA+BXoG7pX7aZ08M0EeW7SMOftGSD8v6+wMm9mhk/7Eqwtblqjs9NLc3QTelUfJjIU2w2TcE+hcUV4LtZNGJfxFaesIwVZWjtT0f5dFaIpUbpAK/4ZbS9ptSAhldraF7ApNJmFDeD3knrQziRH+frhd/BlZdtbh83ydmcjNvF1GCItq+jnEL9o6shv++7LfeV2Nd/txoxRlD2EY9n/ZgI1Pco+M+KhzPmR82dnMYTJcjT1hyXtyOSQjsZC4QiH9g8y+Fel2FspGz5pe4YgQMr6pqejsOnrRxfkuSDGTTPYr52SwO4H71dU1W4wnhO1RJM81vCYyeIXfsBDd1BBNSvyN9rT+asirO9MMdzJbHEZSNU3bs9H+7z7bCQlm/iMTnWnEyaL1VUF33hTGtDZrRdrU0tDpQhCL+MptoufnVgIwWO2gfO2kC8j/F7+SJG6M4Pl54AjfCpByVAN14pIm4G0I0ZumXPlW6u863gaAomx8aQnflNbqqjqbxwd4pkXluAzcVsp07VNyN2Xd4alwltmRJuunuW9hprrmR+kDd4dPv4jmy03LI0rbq2twy2lDE7d+Ow9TEvcMfM/ZOZJjaZXyPjoPaPU0qDxVZEFL06tNSon/OHQ0AWm/16Z8PZYg80acqr1K+eTdpZWaPWZvWolcZW2VwqS0rw9h0/zfNeXyCo3tiZvn3lpre4CTi+RT+fXDqdAaIQVIPK5cT29LgS3r2/NXjGBpl6WxYvZlL5e3ySY0F5g/wpJdatSLrnaWPJ7AdHifBKmBv850qdEJEZ4VSVcig7FYbbWhU2BfNSDl5u04d3Co+ZDwh26g1HSHcT565+iAkdFbobWO/xAUaWslZr446lm2xoFBtp3B02FhHadjWFhpUC4teK8pEdMiXCTTq2Ze9Dwbi5RAdu0m+GKwa7RXQ2H9R0BbPbPAjYLrbrZ1g6FtZztdzPgIzs65OdvQpUNY8U2SbFS82MOxbZL23ce+7+3GV3ouq+F4hRF4Z7GSlxHLFSopwlfSm9yIxoSCefBsYyy9TWEkgAV/tllQn5utpTogxXY5jki4CRTio3EaABbYuZ2uUeptwg92jXZfWG02vBQv1CjZJDFSGMRFUQlYBVXAV2hDPmvgsa8nhtiQGvr7lWfpefH3hOqKzHgbnfS2IYcsnbbazLa20uQ+OQVGXn9ssG+n7D+jWFLu2pOrhC/WlfIom9xQ9K6s6Beoxos+XHmSYkdlx50SXkglyyNCW/sdIM2wre0wDW7Om3XZ615t2s8BlLjqlyFdzxPhmbM4uPpSzpXmdKO+XEg57jMqKfp9tzTTmUS3buF4f05Eyd1iKkKFlUVGSxkzx1qKmISkdifVaglbJ+f7yksb52WXwMZsCmEpZg3Aq2eornkHCjV0Az9voRVVkPs0ZteI+yuM/8i7POBHZDHx8GVola8eudyLQzyfNxzxi0v1DouEHXug6DHhj99yyZSjrdhp0X3/SjBnt449E4asIaXuJqNGv7EGHaXhL6CWameXfZIEruw5S8XTd0HrK8I5GbiZBSrLlAvNtKTUPQvPsDYacNthQh6wT04Wrkcv/GdbhAVkGa+IYnw9W65ihiiEHYNHUiOR3i0arAX62xzPr0fMpbwLoRVWIm16WvjgPthpgRDWTzVYts/VW/OpEiX5g6+d/3fmm1E10y40BTRXtxK2M8d4vNOOf13xoBJiJPEJEeIBYmYRYBdOXc3VEPzE6EKQqBY0firFtwqyIZFfOyaQPm/5gyLNHWbeYsV47PxxhRePKv7JrNu5Yr2jiBJLdHzEC6has/pg3DfmeuydbPU836Op0P8VKO4kJT41ADkp2mqTif31bpONNSxhaVpU2X1aZN/xay+iFK2jU8ydw1TPRegsbjg7SeB8OSoyMX83OL2FNVG02IjtDSePfziu4IZlGrE8EI19pTQaSEa4fyrKWO+Soc7Iv3hRPG2zwAL3VzXtIy8tUF7lXtTVBBarzPbU3YXafafVDoi9d7vx5c1IjY1TNltQnwWMxYQzajJwrV8gE0EaKZQ7kVx+Aakb1qi4+YOW9zF1uIu13/WmaFwGyZXcT49iWW6m78AjzdRQdz4jpwof/Wxxl1r6buCFzu3ZuzCckewpoTw8S4CPqOC+WtdVpqdF3tr+lAx8jd4c4nH84Ul2fq+w00CjX6/9Trba3fMTGOv+TYjIUw3HTesj8mT/0gGBosGN139ZBJkd7Jmdi6+32QavBbmVN5BR9a2NSaprexx+VKZ2c2spwJ1cupixOJimUeFg+WsfAO7/baYdDBEw8QHiO3UL06JvEHC7arGKLNTBiD5NH+lO1GsXS6ZR/xw+JTE9rMXVQdmMg7jV0eVClf1+EeG8WK5XHlk9E0B+EQtXOPGErgtA0FCX5EuzAEdyqBpJGrkqaaCo7DsYlIZhMXHY6qmDIjyrNJwgc+x3G9qfLWUuQcay8KckWNJwk0W+25VxmwoKYyv0Ql+kZxK5jol3Mmn1Iy5edTmondqGLNGfpcjT8KEHijJCY2cSkXGPPpDv3wMcOQyWneCw8DfVQLXQ6rMFAHNZC0mTNTlNLJyC1hqHqgb738CriwlL04WqCC4Ye4ns56Q8Q/ELx//AvHJTjhLx4ojxc0C782mYZ3fku5klywTKycQUvgt3RXoOKg1sIYNbtGs1NXabobRaimJKW9DvqDTh/FPm9Us+IRNRMVRs0tRf3Msk1yTlu2UgdMfJ6jYa+K9ERSE2EnAqgyCmX3dtQazN07sdto29hIgdhF/lB1io1RbJov6Bbm30Ged0eReqdESIaTeDA9LAY5C6KrlQQfaqoo40DdDCprqqZ9GNhFzBqAYzLni8R0bdXPiGEXYqsOqH1mmJ+YkgYZBvmAXaHIsUH4eOuuvc9BqDdmyWEK1ypV/XVB4d745ALOx8PrDMkrPsfH1vBe5MfcgpvrE87q1hJgl9n/6OcGOj3tiQa2rTLiZIlAu5Hd6v26/EXK60lDkPasa9Bz1DudKoBRpBjyk0amrd7r17dkmBxAyushonp0RL3xB2fHjBFNQ2+XWbcMfmKuWhfBw+LSxUdF1+WUvTwWhUXneql1qWo0+xTwvyx+hCnVb5Fweg63WH4kH4wm9lN6LcKQKglN6YklWCRKgUa/B5+0yerd2DKuGI7Q1X/06L7pYZDeVf7b5CZPQni3KfdsyUQRJA2NOe2MeK1xdDokvGahmOolK3KPm8IR8ugqbIQUWXKiWt7vfu5ywekYvGe+p6Mdww+TmpRtuWlTrkOVzpsh7meMEdRNUol3MW5CSSOR6dmmQvg+15ZbggIyZSrqEjycPGboUmqt/x7sY/+8ymfdOEs88+byY48+zxaRfRDxUgyN3/H1W0P4pCJFGAeBUfXLWDuMpYwXS4ru6+oim9cGUq/azedK1398x4EGHHZDqGzr2tO9bb1+K42rc4ovj+/FcbgaDZ7InSmMFHxosoGhFY8mzXBGRyjppSN9AO6W8SfC/32fWuHzfxUS6lPxUCqTbzQgP/KwzbA/9tr37GaEtYVwieSjNVyXQ2YToUbCGOTH7IxzeseH0NtpF0IYVT2efBON+5H4RJ2ZvyBnCvfl9iCgqfUgG2pANzY8kY/b/7LmtGFdHXjeD1n1Re5CzDgX4j2F7YUx3FJydqfvVSenkXh1P1/dIbH8O4B3sHljg5rLuKj79qUVMFF7S4BZ4kNr4cUzKi3B15GjkGJbAUPzC+dXT2+kaFeYp+ie2NRUbcyuZ3ztq8GmA34gz9YZdBqsprVwjtzMzn5CgczTd21Xd6jlUhI1n7WtcBGV8XP37N1z+8j/KbvtniuwcE2/un2FyYHyD+4L6chKf04DW77C160jndF2nYapy1N5Lb5b/bgK0unhsdjN6HjVCFp6REMFuO8QfhEcJfeakNkBp/aqQds3I+m2V/RzgnwdWBDL4GXisbqkk1dwh6mSs2DYJ25aERcicLlliWf4lBo5Tcpl8jFruviK2SuXdmw3NXnvkaPmgWz38cnUy9ObZjXR4ZehiWkZ8UX+A5jar/96MRXjCpjRcmQMAlvFtjFZ82iKcl1iPRH/WDvnbkuZSYfpfP10XDFCR4RLtt55Or81++ayVs0Q9jUUt3a7zjGGgasgujJ3V5SFfgmJC32RINlz0trAG1yRrcyA7cza31COCz2AXcBoFrML2XXa8vemzcB8E6Vnk7qD971bJckarHpbBwF63uVvfta+xCwx9lBFXV+SI9ZDIFNrLHRTK+3Iv0JeOkYy0y5OI8/2YkV+BaffJ9YDjL29QstR7iFL0JcdZnUezJEnoL40az7rgNsRuU9Z0vhZt1OfkvRc/glvBjdF+JPN1i++V35L5en8zFqZTufddPcdLJitliGUtbRvPipGrEmqyNqxYASmxjFj7u+1SpT6RYJIIQ1y63Lny1mdgao8Jqoa6z+CFiqwO33IUFZqhLnH4nGebyAk9uTTtsyRwVwfrgSI7P9Vr/UgzaJp2T1MU9VocRhjeZ2QISvM5bpWSl/del4s5+03CD/MdJE4QUD3H/jxzpgPThx5LTR4VKM5gG1zEQopvGWxioIc5+R/wt0Bcd7HlgvWtTpVfMV3TDQ7wE3w+PDJ9x1JyR868EJkp8N/Hv10C9Ubux01kcOlVpPJOzRcniXyJ+bcxOKDrE8sZy7honenDa5d8873QDwbuaWUBvQ+8Pxc5GAGFZtrSuR4XyoGuh96a9RrFH8Piy+rEXWq7nHflXoDv8aaM/kw0mfPjkNu9wTaJhug15a6aHz8kO8psTFfjD/j5tqL4/xqKxVNavkVUk54l0L3DRJcwLdBmf/bs3tGB49a9kxT4cysbXDmDzbfRBmTSZW49A5zbYpR8ss1+h3OCOv0quBbq2Wpz704Flw6SdLfX8C4ExWosjjFMdryS0If/OUTa2mylgczDt7ceMrcNOYfjdyJrhyNdfcaGyIkFP4e6T6uMNEM0dkZlDEYuzdrKjUIEO4x4hA9LIRPtHxiZ5zO0DpmDGU2V2VeepyAMPEAJSUGvNONmUN8Q/NMxCs0rfcT2n0fyXbIkr6vxwAm9V3LH53tymRcykV6bK/jTlShfm6bs7JhCPzsYo5zbxVY9ye0Ocamm9K1g1vDb5DW3IySoKPaso6UnpGou+gF9h0xPwQsdvsCjkXsdNJmqnj+WYVHg+zfs4b9Wbj/mlfXUfMv123m0JeeOjg5JmTdKT0wd223rI+DGnm8XBI/7rtFJDdf5e6W1yZi01q6TOoXNnmfQ42+N17v9wmax9bxIWpvN2J37QUxLhZlm+51Oe+OzeG4CAJI67JMsDTprWARt9y/29qy0B8M0IeNNcVW6q/lslkZaIFznhfbVOTeO0fR1fPVV7nmt5ejStWjtsCOmxE1A2+PBpuGYWkWJtbHGAJmw0bc930aQju4qAP9BzY3XjTpVq7NV5szP+eVFAgN80+OB6Z18r+SDrG9b0p71gINscdvtyQljBbAq3Ov8KUjoCcXJnxLq9f2yzribyOrbmFQoBCn/XjroJS40Nap/GCsofXvHGShuNNKVzZZ2aUanvify4xTTbqrKvOVuCAll+/J8aACLaQquTLo2EU58czyidXRRzx2A1cfMhet1B1copelDOGy74Lfr01Kl2EEWDFa505+aTQFlBNUdTVLK8x/G8fN0cp7n2qcn0Z69mkiKoJQGd9x+ze1FTdzOrGytxeOk7OjlnWdodjHgWIyY0pszP2he4uJXy9F+8Ik/7ArKhIE3zic9DAuwbi22UX222J5zvs0ScMpxfvcT7SiRFHX7iKrRU48H0IlmxQ4WzjVgqFui07wRlEj4zqRZEPv9vWJq6SsCmSold4dldpMXeztCKdJxBiMar6Y3a/fSzZy8/8Htiul5UTQnaps1+mPUDrzzpo8U/IDpuR308VLSyfp5RBzNK3At9r2R+dd6thtJytv1kN8Udd/KFwX+iF/AOsL4qiZ/dv8DGP5DGr381j+VZSEsVMhu0ApvWaOsWo0LnRwzieJr0CTZ8GwrhwUOcx/ElRbdpWETtFeLBFpd4oTcrpNw5qzvkOEXaR5wuaaPyaNFsV6bqqe87Fa3NrX7ZQUz04dwDcbCe7pI/DSD1VectznNFCxPQqP8OrnX+yzrT36UeRQGz6JD+3er7X7gvD5FyzcbXNiXur4Qip3dRmrtJenmAZuXYr6vq//+3HChy9SS4D4Fn55vZf2t4KMUasTFoHybFa0nw5xKJYprUiN1NpmlkIZD/oDzD2EptQeKDkSEEZTjq37BSkWuYPDV95m7qqApAFrL8aiu6TDrZYYaI3aSih3IhW43oONeTW9ixOjw6g/OpxqgK63jrmsFJWQDN18G9qhlxBKMi52plSpbw5samFMn+qQ3xQJUpo4iJ5lKXC9SddaGWPOix7QIy+rq3yFUazTo0roSN9+LPnnOTKq87WRIvXRU+cz2RltSe7E5xy4dZ5RzGT3/l2xCKVwZKHhWwq6fqvnn4CSmrrDF4xEjaFyUh5J5IFfdOOmQu1nNV9hXMDe++8l72KbNjn+u8jYX5pLVQJFUgIPl2VG+tuFMQSyPrU0UWpb11VKbL1DHRQLZKeE8Q3KNomheXc9FoRYi4T+p4i91ziZzr+1UM+D4I6r5HSptl3ocV/NiANT8pbei7K8Ush/DwlkGHHijzhLKwv8ExMgqXdf5xJ7i9BZQ8/6qgvrk/ElHtW9m+4RElCsJF+4eWWrYr3Hh+jHjqj+/g07QwE17nNjY/SCN+D2oYbkKpKv2IgyukKU2F7i1jyCZuJk2z3yNXk6tDFtzKeQVNex/NuRyuwN1KjamaISLNrtKmwvRb/kOBhR962o+inYn9POWsRGVaA9pzsmu7dIavP3ciHi5AL+hthe5O/GwZNzcf4Gglk+hRGvAJUrOvpi1x0v44ahebfZ9pKGBjtRw+jjwyEj16tnmp1GD2meThS60VGdtW0Jnq8fDWrdEekVj/ePA1rFzhcGYejz+tdPVtix5v5cH/dCXN2xBUOkEjNAV9NkHNc8ck/aOrZ0o2LVpQmojF12bZN4taXEMARqQ1brnasmF915uNUhBvPi6KXGP8Ds3WeBFVUjfrLW0FTfWaEkix94mByizYz0GtS9XyO8RIug7l8cvrPNfShpECD14OqLlxEL0HKgLOtWBCw8eGvXpshxViZPaDVHRwOfYKGpn8gRPRtOvTdM0wSBL6F5Ib+YV2M8xto6YZVkZ5q0Tow/g9JTSXQBRhhMz/h7X04F+2bm8PvRAY8fPX67Esc8IVIu/h8vgF+l0axEFM8yirJgBYMiyr5jIirjURniY8N13ylxj7pdWKWP+vL9iHKRU1DiAsJoDR/HP71KtH8rtuu4dCvaWUiezQ+lJJFFNCVgTAy3JBJ7BtHyG9Vo2o1A+gmyV69YidanoNy40AblNXyTOlEe80qbWqkKZ6cOLwiaoJSCB9Zdmsj/8yQ3w6eaxs06bTj3DtDPOplk9JWSd0aF4QD7hmn2kguRxaWmliT2eLOJgc8CfUWA54TVu+nAoFsGXxk7GKJhNIL/9Df2JakyrOwv8LUpeN3Ot+WWuNlk/h+19Qpjwh/6aKVheOQ+i0FLXxRoBB20sEtSoJDO9YfVkyrCp6Il8WmOWxMs/ArmaMFBAiFQOLr2UwNtmGLf+trcnzugybFr5TYQy4+uvx4FCOjV1Il5rDY/WhZMmTvtQvFv5Sup6l1czA+6zpcYhBZnEtkzfDg68vuS+mIs/V81Ko8eH14KsWX5XSdNWgel6jsAIsKciq6cfedu6cGdO7mjUb/EOaj+rZaa8N+S39EMLfCUeBam3uueLu/3BHhITAMYSBVSxgn6+r6gWEedN3usLzorvTSMo5aX33XPMeas9rLF3SDKcVLsYsY3xRYsqShRnKI/ddLgbqCyXskzUH7ECSONz9cvTFDwcBt5LJ9wB57lOZVKywbFySFXp6r1d6fDB96sjXtAKD53h1DHuhqXH1FN6UKU+p7VqSCehVRUqfzF8kt2Kf1dUxotxwJpsBresNQflS6WKSnHaBqfly9LXgp76F22qY/lJY8RB8UQ//7/13VOdP7/k+scFv/frnN53whPvuNUAxya8C4sEJWTPvp7LdXz3Ihn7aX3oe23CtarO1THCaIZEZ9P5aa76HOaWJ07UQUkmzIsuYr/DutPElKlH4Z6jo+DBWq6IQqfcLXEr9ZGBxFLrZE99nv1SlT1B/siPIh2LtGrsVFXA0gYt4rudW6tGNfx8BNg3W8o1lzMuRnNXRp8urictIpovGDOyunqZk776s25nWbcy0/B45qa5uQDeTJpI0BYKjlT01ta3/xPYp/t38NBD/CbikCzPa6XE5lUpNUfhlc2OPUAUWbkr3Cq1N9ohn6qmrWpNpAus9WEf7PzutQH2I38SgA3ng25c2Q3ENsfUJ5Fz3OtPGDnpJwFwKPnPYYXWPhfQUCHaWmu/WHD2zDHEs36ZAXo5utCPRZZ1NvC11h65w7fBrnO2wXglvIa9R2U51Nne0XNyNSLBE5VeLrJPBL+PM0x1Y5P9w5GZUnom3t3SEpxz5rEjiPGSX6vqel5OLd9qv9jB3d/kMI3P/ZDVLDrhelGzEM8Mq1Ok8gaJQmUITX3Ut2N612wdZ44mw1nSlVPwrCnEHQ+wXrxrJrV4o2clRzMtBm0ydygpeagvQLrkjCbtfen86arYBNd2fhQxSZvkxFd17kQ5s63iOregfOlX8BiuWevLabNerDpZohpIkPSWJHnK4KlT+JDO6bfSL7W0BImsq/1+Hs287I99uJLzypZi/oaGJMBtpZ0evTog/hxrOcCFfirHsfLig+u8a9fTUt6hyiLSZ+1QOT5waEm7G1fLf6Io6/8yG558sqWNKmlxzXxd1oKPxt/TN0phFsRRX4hH76J4TsWbb/WDAz7SZut7B9YwWLzF7bwS6LKb+1vO4NwXtjocYWPMZE1E76+rjYZQz7r/PQkMV04uVCCoXb7o9Z0/m/hKefW7WydHSXqlk8KKyHvh9Rldo04/9+GgV4LOf8xDPQLvXw7KNXSX90aqggzU2KN9U25kVZN4gdAQ8A+AOh4vr5uTpzDoaQkYscaUmO/4hyqHwvAmlvw5qggjgSrfBKlhYJ069EJVE4wrhXTcTyOurZ09+N8QZm/Z9rSN9OyLEM6CCWQUwQiO1tFfLYU9o00rlvN2t7cZIm+uiOwU843GG4InsEZ7c3zsRFVaRwokYNT9+hqeoh4VS4k94vePL5A5T22ORF/MyDzT1rOXmA9+qxjRQ7DYW8qclkdBywZfcHu0aD12AC59i+5qSYXqRcXVNkON73ILzHM9fxY523TU8PvIr1gmfQYdti2t/fnXNeSMnId7IvXfHmIl15tZz4IngweKTKimS0cl67WPUGen12AplhjLaap/HxRm4YeF++aa1LhuXtweUmF1bKXxPbA2wsXqpOdSve913wFEFuZmvm5ZFu92Rcmt3ZIyPkYq+H0CtNPEJ7h3TWYz9AzhigOZiHnSu3Mdqvw1NJCWQ8pI0SRWqi7fLKiYP8YEY9GzrzHRtgRGcQeI05W93puJikXOVivlE72AGOHvynKjq2pj6ZWJ+qVDBWyylaVZaamLdKN8CnHlMoG00QmlwzmHFE0LOcGYoNVPIoifO0aI7JSzEsc2uVtMzSeAd437YlcpH9P3flsM004j74qw38Ygbvo63V3AjPfA5cFN9ePpw7tjx16n2V4FV2WP2d9aVHIZq+lrLBvdHm+YSI5V2R/JI8X8cJLirZvhSjzJCxUSNy4NGQweMA/vNbnt6yFmuKXLFHjNvk2iM7UHRg6k1E671RUHIHcFMQX3W9gzdJZkXsTobMDQW/5taeG1VpZEo5JPq/isCowcFSjLhsb+d8cHy2i9fqquNiFk14Ob5iSf1qLKhQSfily9FfwL4ZL59j8wputZOsnOZ/UZARiU01Fna4qCafH6CS+G+5mP2qhhiPv17DWjhmaLnwNNX6Wa9CjrL+ybSimB077ewD0zU5rw1vGOdCDqwTdmrvHYBEkMXs+BYQf8lF54m7eHo4V1/9OmzgjnbXspAH4n03WcMKuR16BDv0az87rz2d27dawzYfLie0XfTb1d53nQrQz+12nYPFpLtJuq/gql6TypCebGaAfEMzLOaShm+TEqM6knpNCyuWK00OfN+zWFdTSC3O2k1a51AYVGuy6AZC3U30TBtbFW/i6SE0p0r/vDRs0D0vPcUBwV29Vgnrk4fXFnInbrvtYdLWle5ZOoYYCCrlLsXwDMltt0RRuODsX2WYZvo5ZaCya7dYvR85t/QMhnZTsbw8tyluB27/qHJg1yjp219D4ZaV8oZTkUPGJvR1yRH8kjFPFKsx8d7ZJ/jzkU+p2yN216UXmfEZ3K8KMG9h1Uq8ulk/PmDeD9qry9Z02bGVVizQZMfeZDdHGzAY3Xj2WnUfSI3Gts7xVtyjkZHAU62TBHda42V2c2KeH6nlwo4sKJvJcp2E3Y4VsnXYtNWeuIo1B3jdX5Cw2SzSAicp8PtuxIViG2CzsCYg840T3hqUby+6+WQSxjJ0FT8tl3Ex6txColcKxC4GnV31bmLs3yVj0uWhUSOduHyGErej6HjTuRiQJRBtkQU/ungezxdRvQMea/fPZA3huU2n/hO50B5Wd6fhEkbmhQgqZA5VgsyDLvNKe1aHWjWV+XmpxPFj3u68IzykZBjnsxZykj9/Rl5WYiDT5mEr5zlwvwaCe3wTC/AteQ9glmTtMJ0eWig3Oxkf0OomeRP4l4jvZyLUo+XBa2A5EJ1yvjcXwbIwZuiJ8qgY29eI2RKsnuh9HmfaLyhPfZn+TZfI26tNO4qeX4A9QFgh4zgHoMWnVi9J8+OWLibIoQyYS84fOjpR4neMYgyXh/mtp6xcJNy87ehRLPvKV5cO76i618FzGEompysLHlCa+RHgyoliVGp+HQMhKFFrC7LWe6zu++BJNt/Ew2v6WfU3XdraHcWkkMvaLEHFVXktu0/l8PVjstiWMIn8aB4qVNnvyAbizXUZxxF1U1kGp4daK39JdBwoSSF1cFzVKvKwAphptps1L5mdz0zp+xEZdxippahX+a0Rf7amjAy6Ul1XW8DhMsgl9NmlYbFMviUg09Mn+GLI25D87yy5gYLhzS/wlU+ofTKq+C5RaGoqWB/SpfcP8d1XlocIvwDrknVzjzk3N3lEinE2NASf5fhSlQMOvJIplPdq39w3973Sxr5n9N2Y+G5mjbKlpzjvLszPaaTcm8Umm0aEfm8yu7gBPcZrPfO9y1JtvrNNm92W7I6oZ3URWw1Il2LUQgc4zHOikop6VZM5a4zmBpUZ3+k6e06Xx8zdFmNNnI72QLuRefS3/w6vzaGxsCmq/lsdrzRgCi1YXC7fvJlqHHMe3Z9YZ6/Mmr8yOiytuH2FyQO8V/jsem/GMlpI5fPlXKgmUKTdjQiEH5FzUdRdv+HqCohEk9hYB1srQFznHQxvkxISvN7ZWdB/xPd1ocwjBoxBKGCw7+vHdy8djUwxxvJJt/edR3Yo/5eZriWnDXXrFWk//Xy4kg5LqV6Fmf8gd1l6G6+3cLz0eS6Q++0rK0dMunY60llhj5cyLjopdANUWbj0IlHujI+iiJZj50OqoL7bJyMLJN0er35/lEabEB1vH1TUn/6/GhdJfVule/V+7kQYamrY63GvBmRJ9FXcxqLCmuz/T82pp4CdPJ4FIQexRCCSz695nA3m2ozO5b2H+Z/3l0kCGxKIifsYb4ElxDY9jqLHg75OyiYNy8WzFy2t4vuoDiuosdoO+LN6aOH6MGkZvbTMHHOja0TZEVUmiN0chY6BSq1xzVwwB83NL6AZhkVq/T1/7733Llv/jWyYaI+qRb/2sUPPBzLvp3sJYeBUx52e+juzlpV/OlneQmsZtiGwi36bCWbOnoeGpvfbawQnZdBc5vFR5OfnqQRBezn3Pqu5sGn+ZIkqgIkEXELXzOUWdF5OjF+Qz8qTeY2stvFGzpCGZxm0pwdW8c6Patapg4mjFQoMFc//C6bbae38QNA8Wywmtsn5Ms7nIFBnx3FJgzl2+Q7agW/8e0KV5b2x3GKlRK2pQXx1mRe4hqez4Yezu09yvlX+2CIzt150oulpNxha7XObMlMeA8DDIvV4ISnADoGJi+xSo6zBOxMXibZevTSs+fyn6fH62zm3X6t4f9vBW9UfowLTOTyg789IH0xVBE9rPyEC247yNS3f/F/XQ2MvaNc2GlbVYfU4Vg8OxT7DtX49iELEW3RDOCMYyz295MsfvCwS9tvTGxl/fMPMXvwd+oT7rthjweR7rdF1uCW8m7fzfHFmTE//vHVn9Psvrc1x/cmxce8pJ57GWJyEect5Kq65pPU7bxSxj/fTnxe20COFbkUJHG8gTvt8McnjjC+0/niHQWhHPPpaFefqwdX7XL3rNj2hUYXeP0G/70ajJFlz5MX9E9rXs5SRaYT+STwT4CmjOTSQ4CNQ3nNA58OxF7otNd7sclX7A92TLG2xBSgGxIqbsMScDOU80AoD6JIvH+frzmHqe6V49LOseKHjp9ToEZCKUfZTYuym2OT2/V7F4tX+Rw9SUfbieaGiwcJpQE98aIWqlc1tDXptiV63t8b7xzHWRWSx6PXWKPOJGxePkPTbkeFCusn+i8q/EGZ49+f3PD6FrBs7DUuuBnEK/DrUVO6unvE72b58Cj8WB5DeQMi2cgHf/569IFhPohQw9bh2NehF3PKUbGf/gIMh5aacCj7O2gU38ZGU/Zyo7kZ11chbQWo7G5+cQATR2j7sFC+2ruQDMjrTJx930VAaE3WSn3Zs9zVLYBd7g1SxAAWoP8ybNVueVBPcaHJFCiXHyu5v1o9UpCfrVs5UA6HtWs1oOEq2zeQMg4vj4SiJC3nO/drXBcQ42OZ/ht96bmJiBviZfT4TfKAid9FX0BJLra1XPms9+P3RN1HflcKs9STNna6BhBHb8tEgwgZ80tsALgOZpJrO29TaNh4DZ8k3ai9cibHqCSTFnvDj2rPu4zNeN16i5kx6NydlyQEU//7q0wJwL5bMS2NDud/PdnUz1h1DguEHYbust03eOKDjR4cPA6ig+4Q98AYiyjqEXT7MMSAzrg6ATXsdjLylN6KStlphpWy1AnjXonyZtlJKiHbRVoilo7ZNEqpWtVkoG2gyHcASFDMFRUb/FfvINsrsCBOQf7EXFWnxOc3XqoEjh5F7F5BsmX7JPYvAh7O2iNFmEXWqftPShowKX5SeLOTo991Vj9aymahRFqP6ffeId3tI3zlW5Fqa8ibQbE5a3BggUzIbNqajYL5JvYmNq8WSq82KqtONA5TZKFADoOy2R9rHE0UuE9YGuIxfj6hcPz/tn9QVyJgP+InfsTWBnzbg+tejdhB22O65IKOo8fAWH0B7/wk4ghx9ezRsK4yaF/DXZkptened1mUXHuSixD3VEblts0QovXJsLFN+6jXj3jp57O04DeDjq03V1y50thY7zBhPtvHaTHDsoLFxvw98DWfdL6hEqsJNiiIIgFkgbttl4INHcuSJ+MVPhdc1Ap9cu0ccVCxv7Cf5r0ul6ORL0JkhT+VQThjxrEXpVYVO9UCe6XxbJMeg1o9pzB9ZEtbWu6Ykw/8/fW1ZM/5oln+vh3YR6DeWvbFgfvvaTXFo+q5dAh32r7tir80QVHyRyYZXgYk4y9U/oHa8mrBYoz+SeC1aJJ45hF//6rvrRr48rsKTvWWmm9ZqRTZGJi4tP5Y+OI3K83WmZxpdcl+5JJhMvIXuD4uIm2lTW8J2dnUpr7/Dnd0dVw4Cy4di0NZnuvDfmLe7suppx0T8XPy/lt5vj8Tdk5/cfw2XBtJHBFGQUR5V2PCeGIJdrHAbmSSIYqnxlqbmKpnkgiqh05JwFYWskdILwBx8XJR/6r6SKA2y5VDS6tI+GuvvMy2WGwrrvJjQcjcHVeTNWCWcoO9mt8EYruJvSmMQSdSVeMX5dSX+39CdWiQPHdFB4F1F+tZESr++6UIuoXCVwch1lQSteokLWr08GOTfT3QwoUgQ0qucce/dvFeva2W0NiLwNYjvo9jcnbnVDQWSYw9vXV1vozYWSEJh8AhsLc5qXHHOoODp8tJcpkS0/Ax1htpnmtpP+8OSqABz4XySegKY5EveW4d4e5U6GZ6/XX+n2sxrOWMyr3Laf32WuJkrGJpumSGFnbaFlakbBbNGbBJP1rtuPdSR4fkRasViZ05Rp5o0YF7h8ng7eREvG3yi5YHkdt8ZD7PW14tLOgTZsyvs8MryFZMoYxUeX+f3J1BPhz30mB85IVv1/RHuZhDQXraY3Uocok1iCJjdIdlOHaSc29FpPczeIJKYyaGGRaK3BHtEtQKiWf+Lq1yKhJGtp2mvaucadHQO1IxZOhSeE5jZGSyb3C95rFIEZKARFq/jGjJjXRCa5xLe2L1linFzpId5OO5USDHxXX0JMFJ+81N14ftY1ngokO96yw0eR2IG8EBUbix5Tvx9PEEBMAE8xr7gzsD7P/Vfh/fdn/cxPdQBePncsqRnHdO0/PE4L3C1zXELHkYWjjq3vfkMETsP51Pr6Ceijq2rP94IdIR/42f+i7b2Dms7av2F1VWw0sSBVZBUrEBEhQBIVBV0UrHSIECVI6JESSIiKUqREZKVDFFRAOqEKJCIISIsskBBaqAFJQk8CpPCGve/f/d4z7/vM7O7zPDNnhj/CJMPFdT7tXOeb1s5U9ebIF38Cf5d7jDlhlzevsCu7d2psLQd0WSs34bXWGZXHYaxxq3jr7Bck4PzB7ej21dvjgI8cHbjFRU2EatBNVZgnljsg6hQu3kVeS/MbyissBJef41oHuyxq8wnktHB5fu8jcrM1muJrTlRKDg7hArjtcLKIdWPAVdtu/ChqpxvqPuKzv8Vx4jlENIaXRMCN3mlsjappNtttdZQAmrGEF0ZyJBqMZk49UI5Wp/DUMvSjQxp9jzGrLIxQXDUp9XB5wUp0dphQ/NGahZPXjOZwoxoHVKW3DL5oS9SCZDoaO2SXOG1dfAiO/g39Nwqq/hQn9L+CYlh1FUYPmHGts404Ul1bW9RhO9rDvmhg6zKV0Gmv398GrxX7ten4t80V0bRveO64bnI4peB7S/5M0ZZBzCfexNpph+q2g28ULtq7SgLQ7V1qn7wegKbzCs13mBn5zJwSfh3XUlixiW+LsOhQB0ej85VjvJZovOs9zrNQF5ZXdHDPRWkahUASzvhbRcnz2rOIqx5pwp8IZXS7BM/6jpclo97l3vtjwVdnAq2nQhFBY+M+s207IwadmsAlL61s7mSxcTgMouaj6kc6UH3VKGRkJUKHAixfGWHNGb6KkjWNzrShNiKaSis0wTN/kDoequrEhvSMjdKfQ629voAyY0uu7ZhoQ+/V9gn/K7v4XyLizdaMJc7DSeN7x3Pqfm5m/m46VPpGoSoeIIbdu1ugBiFXUJOAFt8mD9JJ9/URY1sgzvCQ8eGtlK1PXStMsq03uHf6G6f6PXj6lwFFj9Xdm6GOgitPgHzwStf+z9BsoWRZk/7awd3InObBlB7AAZ9T0Ff5tKlHfOpDkmkGfyU3Uuq1fXtKZ+RR04XTCOccr9O6gmdNVMoDD4up6IlxvQpzjbSnui7mA1g0PIz0x+MKE0lplzMU691hQBcjJLq2DAyNLi9+AZM2UYEch4X36n0MCwBFlB9UB3Jzu0W1TX01BTfShMlyZpJBgKn6iAWuI6XBbVS9s7ZCOoQC9uun3scpegfkbBlsoEVIarzSWhq1H5N8KrPjry3r4J1G88WnWgEaapLylRHeR+MAWz9a3L+J5j9xmHrjBeriL3yEah0S92eehkwHZebQoVviglFXT3Cqy8BiyjzQJcF+u2TAjpYf7zMtzguLkwUdY0SQlQQ9MJy9MJRZQVxSGE5F9cxz7WeCHLfYwNzUbYLNGW6GBXOolhIwoLH02EHCdqSvviHYmUVv0g6gd1nze14lH9pGfY66Kt1yXBuaIavjj9YVIWqoX//8rnpcafU960ph/+cCfP8Z63H5kvMJugvLjS06ByFCYNQuL+78nYY+AzZSoHboABzLky+vgCCxESvdUKklJjr75BdQ+/vovL1iivp0fWznXy9Uzc406FF96Zwjg1DR7mtfq+oe4Pxa7zAL0kvEL3ftRJcOH8PM+1zFNLHNBzpONd9dYDMENd0bLwLVxZVzdc3jFkXHxPj8Mpsp3qPJk4kJ6kEX28uDrgjddi8syTRD5QfhsVcTdW0vM2aznMoKg0zGbEnYQ4BCT16KGYOrG4ueqXEx15T+3MYNg/K1+/FGjIws5bwaHKyQFqW74KaZC8M6zyOlyHD8TEoyajr5IQ5erosWe/g9Jt/yiFvBY7YwD9CFHQ7HibW625fY2eI34Hox7wZUwiEmKv/5jvtoWzsJCDBJaLdw2g/AZTVflUT0Q0u01FHRje438enqXwr2fSxGJ1ts1rD7G9h25qmOJrHUSJDzUO5yFa6OY40awlBPLN09nl+eTa6/NJJy9Kaux6Qf3cYRvG561ODDYaJwcZx6ZsA9jX6BysqOn10/uOMyQbc/u/b2kzbJquxe+DXMyh9jo1EvZeuOIP2i2CnAFGPSdM8pS6tshwf4NvMuhQp1TuB8spdmeRKzUkLdr1+3pDG5zdWDwRqgbjzTkmzLetRZ0JYS2GSJ/c2BbJNdR1OV4IDiSyip+Vioa89OSTiCyCpuKDWV5qIjnZCwiKmjBY9C/PxWo5MWGo+4f3BJbQ7vSOkKeOyB5SbBmqwTifKAJH5njDpd1F7wM7wjo3r2zi86CUKuUxF7TiWEcXZ0++CLU5b5+p8cjTsc3Xc8RSdLP91r9VdR7vmX8meb9EbBoiir32Hmt4dvtt6oSLFyrJgymCw0NDnlXbAig2zJS/9iYVFTWsuRaGvbOWXP4TM213SeMgUZ6NEd2aomCiL8UXErTqtiekWgEhO8LV7sOVRnd8GU8/K6L520vmf9Eq9lQJl4h2vsL8fa3Mf1ceuzP/4BXJjI8igjlS9kOZQdCJkpOf9RmQYrkA0fbW6/Z0qj1E8B+63XUqcGwbE9C2nRCvwCycKBurgp9u7YtHMyVyWlGsxgz5xnzcqRjq3EkOP56XJRo4rLu8M+R9i/+MGlmmoimTsoIgpjsF24SexnFuZDH+xBuC3+gCJvFIJoMHYoHu0GGJtKz+1mlIQDFldCL0dH55Y/wvi3SFa9+bovQWvpxMiDU1svHf5ra8T24ggQCrUELzMtY2/tqhydreRb0/zlJrZu7NVurc+l6OmpU8cGg3a/Ec5qW4JXXlky5CzFTYy8IWbarh16eiMZtjqaedKfLyy/jDYSjZKVlN9hp3VKw6VhN1RcZldmTkIQYy234l2l3d7dKLNI5wq/d5EH4T9MsVxtbtq4qUSkBehXYQ/2rFiU5OsKFELcbhuPg6zH4Z5kA7b7DwvWXaHlxxjwnvNKIKTze4msjPlNR3oqpPlblj58b5a463jTOvqZC163xIj7qdvTQwrBbSGQOB0liaqb+NZ8tZRQiywJBJ+pRzGIbkQdE56R6DRdr8ioQ1uQbRoMkDfqYmZCN/HmFwoEBtEXiO3htyK1/nrp+k1GYCSHWxnrBQ8fft8vZyF6P9TUKuepY+lPK33z6/Xo7ye3FrZtNQfzWn0nVC1/J1Po6gVnctY9OWrS9pVGWSKVDe1nX/engA6o2xxQpFBXBR58EvXuROPKott6D88sFvP4uaB+Ls1aN3wlvz7iWJd+E1drT4+aNJ7jMEBf8ccbcdkwrG4816kRroq4E29KWu3tJSmipiEAWHLqeHCJKTiEH2yJngVQ+0UFdGGc6a4OSv/BUW3K484Ws/n7+dsicUBpv77xi2kvF365u65v/xBvBFZyphaR3/72+bPB+OnGmzUvTCDkRjAi6Kxze2S2JpLcGEHDVwt/Pi2hcstJIc7zNLwuBmPhOyBaYUOzHTx89XLIUhvSz809+qG7/MbGztoL/RsbO+7LiSmojdTK7KJvz0KrYmFQFMg/2UolcLzEt8ihufXAUtEi/MAW6pUtU2fOTPI1Co7T1/gvfQe/t6IKg7qb6b75So/xfhvauuHP+g79Wd/A/SOzd7IsPpE/cEalA4k9gYKGjBLhWWO9R0pfL56LzU+uyT6wtDhjHHV1D3gsUBs9s7fr0es5x3Qu0rlf5BFTkb3amPehDAJk8R177qz/XG2vTMR0eAgnSs+Hy9NxRrr4xkPq8RWeQxnpqBzavUPYQ24LK77twNO4pra++MSmfiMuACk8nHOxtnrT3vwQZtVHywE8EEWZt8/4bsTs+SEKvW9eG8zlGTdYKKuQH+ZjZiytyCFruRfzOUN6GbIwusoyvRhsSFX0li74J/6EarsFauhzBcXEJSaqZnxcvj+WN+iSipqsGOg8pVcjqi1dOrDUej7199LVsKXWsHse2tIvLp3eWrhta2E+ZDjREtW3muho01mV8/udzppSAYd1qm3OglQqGI0ehfB5gz6OKNoQ9YR0neze1A3DqHtlAxtaiqxLMvMJnQaDT2pywBzsmWn3eYrdcgTYVVK45fKFqBKGBc8/Bqqsznc1sIHlr76+m+aWgTW+z05TGhsQ+dEOraYIOxq8VE1U/D609zr4SvGTEUoIZ1AoqoDkGQD/Bs8AL05c0cRRuF70BnFrS4N8v766cNjb2hSx9vV9YCD0PWYzryVrO+WSsXur2dm9bSol7AawrjKzLOqoKUE66z7bdA8S8YfxUv7wZTOiDyMQvBgBxwMrx6V06N/Qzu0NVK5Ggq5Qd8brLj59xutrw6ddjtimzeLaq256/fCvN7Rf2KZLgziBy5XVRbptcr0fg7N4RE377NNw+uN8IyYXJjsce/30UzXtyo1GjfGqQxPEwmiDkOzxbTNZ8gdiMm2vMgQXyd1rkVcQV+0RTUmhmrK3igwuj0XWy6iczT7g89KJWTZHHrRtPKuRYBBqa/oimusK+77g7teP0ObQ8Cny1TOnIx+p8s+ONU97YMlRdGs+IfzQXNCgYQfUQ7+jbOdog+Mz41sDDQANc8VBnU7bjKi4Zmkz+QJoS0+TV7T6k6dw83R/ZL2iXpXXmTGgqm7EUbK1gKtHjMkdcKitZogNd3BP/RQxC8yXiyrBbQrgi3Xl2S32r/ZUinf/1F6vv1Gs8D93P3g9cf/kKY38pGXLQWbnAOPGpftpmyqHRM03mlphXmBL/2GlEzc2kiQPtQ0Kx1/uFal9AZWDzSxd3llc1ooEZCq7kybsK50d0DNqybDCZPUv96Jy9A+QPl9HzjsVxnjw8/APLAgQHw8oL/IhTiepOQVIPC8B4YgtMteA3aGj0LwdSZ6KoAf1HEowbY+ODiOUV2wP93xaRb10OKz8a3e96OX1F2aSiAotC5XyaC/qVwIJwbyZqvgwF75H3WeHG4DcMqjSlNo9+1OnYihLsw6lPdMHxcOXPtrx71BTKPWVb8GGd/cL4vyib1w6DGXEP4k0/OvEY3BtRGBmtrowtn9SLxtqEwvht/r+gbJKwDo8fggsWku0zDWvc9cSY+SuLYLQH0t5L+FRkmY0z3jUQ+oZxhs7R6xjtbBiqXXoYOybjjzIgS1qxf57I1wQy+QP/04gJDZrplyM7oKUHJK4kud2KlInXJ8xIzMw4J5Xk2eq4sMOPRCna0JEYFYGRI3FJt0tg/qIMbj5nnLtzsvuiji8PsyaMLdqE3xA0O5QKYzszsmm+BZDgntssigqIR9fYJykImy6E0evRNQHbq7XWXs9K2dM1HJj1/udeq0bFsJ9L4Uce96RYrCiBFLUFXgnEcj9hNdtKaB2McPQPXqgLQvKlCIkn2DhsLUiFJ4V5sd6hHVme3msqX9x2PDNRnojlnvjrYntGpvlAv5y6/3Xat+8YYbD+wefBF/ruASNeHfwbkDOqwQQJ3ZG0UYuj/sDLZyRrztD5dw3QvWUeIo1Te5DFSQnpud+jI1FelbIUr6FEtLtfjtgkWWxp0nF4FqnJ2ZmbEkpelm7WRQqnIc1nvXi1zSLymKeEXSltI4zlIY/dw4Yd0uTblojGuMQdQcSwM4D8ldyPW7wNp+2J18Dl0zQxJwfA5MuOa16eOrLHN+aznNmp3VlsAeR5gcQmPGWDyTIOZYdTkFR/M+blZX9P1OBz7fF0O1ib6/6+OnLh127zjZne5aY1wAR0Un+sZSbsNgDXQo99aZS0uetqfIm/DxEYzitWx5RHjKW44E12YNfmBggpTPVM5b6TW98DOH8nq+LLDCFusnkkfvqy0WPYvYlF0hu+ZgRPr5tK7N2SCO2OXHf69Vo+fst8MYIdQlVZMjVJBjl1wOjp4WofIdshz1g5w4Nir0Jsh1Ol24R7UL+pDNqyJJVjMopGF208t3UnYnqF/UOfbtN14kjXcT4f/9Hkvi/FkV7owwS4jIE3+6oygdP/9J79VPkg6Fdt3q1S4s6XwFTLkUryAPlEYhRJFQVYNUjoawebNTjh/cboGMwfjVRHyColLmLRkjuoQG07huPIoU/et8RU24sfe+d78KF91WQwCa+gSyxbIqdckWU6p3Jqk8563hAhrI83zP16osb9HcMZCtv/mdRt+PdNiWYtFxESfQyT+Kp/JOdzaIQmUbCHGqarPKRnjJx1kuVX1kynGBWcL5Cswa50vAFjGKUMhby2ycvSbmAliKGqsCGDqjJN+F7ZRTNxYjTUN2o+FfVw38v5MUNbs+htOm1GTDzl54r1OWAE4vQVy3NIj7GVRuYmuwBvQsxORfuqteBjB2Wwfe3GLCXen7NrG78cdJ3uyAF5YFdilgw4jY3g4UAvs6UEgulwrXuxneJVgCwGCsr2mw3Xp/XvmTvgeXJo7T4ilHYfpMlmoIu2sZEKrsIlLPp51SUzsEdYOinAtM9CF6MF79sgftrrNLIWSo0e0giWhVZlgG/jwNOeS4NBMJ+4g6ZRsOdhykLDvlZLZZghi05bqkELgjzi93E897i3LBzog2tnxho/Peb49J9zQ0XbtAb9MvssG7QLYymTfKHw2+OXrIsC09KMXv8fJd9Tcwb0p61iIYfRxeTcCFxICrLKdbDgjGjNBAocDumzKmuUFEHM882Nx9KM7S0CtD0S15+7GkE4DqDW8JtjZoG6LoLocI8hItJlq6ThzJD6VXolk0N1LWFVWf2VSmtGbO9VIqLhxGAtTMM1G4PDrwAE8low6EEf8Mgf2dbElLYM1oC4RtRAoo+fxYxkAemGGXqCxRXYejS4JPdub1ifLD65fjAP2gCteLtO8V/ukL7G72R2XtZBzcCiB+aiznXLkfnOf5RNzNz/WK+OtC65pgEktxPuRyf0/Raf3yI528/Nv9Tg6Jjfl7B4nSTwtJp11/Z5AgbfBymk1FrzhczMGUJcJvU60mZ3KouTSApUH3mzmE5I93X7Y6mNQRqmz6TSS2lTEV1JYI2++Tl+WyyLgIT5YEUvbBAsP3YVhdpk5mBLE53fCA3Z1QaV9laalrrN2DQO0QKF1KLwGLCMFpNO5gVK7RpC8Xwgw+YuDl5YJ2/d0drMMI42weNh1qqTortSlHrrxl/NQf775V0aiPFN6mQHdEsPCS2cZSbN7IMLp97AXbdSTM1bmlQSj9qe9k5qcYFp9Do1D5gkEjVVbjMLCEbg4HtP/WSpojwdx+FBeQUfd/cK6eDKZekc0XxIq4PXSeP10iGpRsof4KUSwhzo2h0heieSXSsn4HO0ludNuLJKAOl9qAtalsgjHrMNWdtHuYWutE6qwBkbfzFw90u3HZiJOujapnfpzw9Nxn46XI7gqldAzA4SbflQziw58ENI3UXDFeb0v59ND+Uz72ZZkhqYt3eVhXeCzi/U1wOiy3HZv9ROX7ZKMf2crf11r6+Pjm35bG1w1++/ZD65HQZ0ZJyqz7na//MzB4sosk2FORsn2X8PkzhCoOVi3hwt6FlsFkUvdJSn5P1U71JgSWLA4xVble4tjau89FcI79gDnUI1VLfnlUppMFnVbIQQX+oIsj6s8mMovNpLv3PvaVGR/Vzwo+2VGPs4xvMRg5mAoj7shYa98LxBmxGPiaCs3D9WUUCinv44C13vtof4UYmMbo+jYh2dvca0DjVbA+uaVBlIvdIs6kmpl/U2EcP6b13/hPZ/N42bF8tyiO4wnlvS2L1r2fD/j6tbhy0iYXWuaZT26os8ruiZkI3HUy/fyriHsxmaMgxDzex3eZ5qNHE/QnCeZyuSX6KCXot8sOxpgi8/eOX+enUR3Q8kJ/RDQzxtU6Fq1KXG0yVkHzD0mZjyWiUIpVxKx403EbooxtRrFObax3kDGHjmwi6jgnG80eeZX7UUvvB/WWfvA9jZ6u92lkFCwyzj7q269EhwBphCozqWbD36z+0wK6OAWTo6mqP5eNw0l/Xdjwa0miu5k+M6mWbG+p4zdexLMDSTbTI5vOF5K9ijW+0ZTC2+Qd08SF4n1naP8ERbY0N06OM+FO+V4MTqaa3zigYX/ngKrWQp9aDA8veyWtJM1Lh9pw0sI03cDt+COCW6aVECV+heHkgabzTGwevguX3EOmFAjrybkBR+XucwW+w75PoNbaZxx5ISeOjxiqXCTUV0lQpyW+GstxxrJuslDE6ms8clUfdcvwSt2s2dUolBPpKnyHv93SyoGRlEDHVuGBNr+MqzerYhsbJj/dX66Ik+JXV7UCICwitELxx7yEOZOKM6rddiSnq9pwFBy9DSWBDy3+o5v9rMZ5cOGeXZVywZbDObfkRx+a26rln0+qAx89c9yvTYOy+2XeQxziBv3kI4qWNbI1bk3VqF7HRGtflyOJPI8/FEmRC8XGfX2IOSXQQo5M4BRcdHr85oz6W74UNlsXZ4HyKTQ5qd0NPG3WjF3Pq61EnoG/FWi5LBu0Ds32a+0T8I9/sdBN4k8zbs0Eh4/LsqRvlhWzy1dm3MpYQ3fxQsnSaI6UU4iOfpboHIF9NqTeFyNOoXfIUyg9TSSSaOjMzjG0wmL0rRo7Rf3D08l+r+vDGCcHdf50QsB2yDlKnMtfeyl4uioi9KamGLE9myYZagNSRy5H5kQ1pOimhdNuZvbTKA9WMW2RR+4BYCT7isb0KKjSFP02jy3t+UzA9w78Tqu+rTTHKL7iSr8ssi+LZ95Q5GirAPcit+rAsmnuMwjNvzdMUorzWoAolsVvrV9+WgA6lbgujTQCGfHBIS085BEmN7e1N9hNof380blMzFTxNgPDl+RmJCvIILtsMshg5WUJyHp6ZcY4hJAIpRzNEu2cIZlv/jwjQX/p3eB/s3bOtanpbl0qm7F3EtBIER1lLJ8DBKcbIHv2xca7d2tt7ZY6p5AzEWLpcm4oJSMD19lR1Hsrr7mz5Fv7qAIFULo+K0KEHeZxh/uhW8ECn4lQJmgsTTh4dPuRz2A/T7h7zG2frWqNgcHTcwR9ae5YCnVQa87Z86h6Ohjfmq8vPDEShGYy+LA6VrRmmj+iCOuWHcM8hxnRMSzSD015kcB82mp5W5wwoiH+H7ZVRJx+Jh+KVmV5fG5jyqc8v/G97EQOvYSPPDY+f2CvhdNLW+Nwz1x02OlZeNtnpJZb4nAO+k5YHo6SH1FZdJXNfxI0P3sIvNCbDQgboSzJwzYWkqWMqoA+rLFmxeNCnRhtx4bigFZZZLEh+0lkTLPZpRpwWvSJzQ3V48XprwU/pfSkFKO+ZlXeBF6TJn7eF4xPHj8b4OTiAdnABvgMHNfDSO45W6M6USbjcWGI3X1U2UWPCOtLsl36Oht/NTsfH6WMvsCxidfNxEQeRHRFxMCyDex+fzYYmDoGzgqNTKfABMXq+junz3kiTOo8O/yOC3f3n1IDfh00Btzqsb6s+/+C6E/Atq3B/+oyVYS73B2Y8BjZEuVIZ8c7u/XbbKzH6e/Cr6VkiZ4zu6/zcp7RfHLJclILbUT3WZz+tP+gMpTXol7/JB0qrc+wJRUUgrxqvdQWD+h6subd5wEWx/nwil6Q1kSIrt13reQnXWOalOmdQrtbZmnm7ATS2+eoNxiXYELeoTSRx9wnFg14fxFqtP/zxg6Y03zrYcU1mTgU1nGmXPaSivl2db0clrElNyI3zTzIKCgubnxlo5m8ZVPduDJNrSVz11lz4R8RqLyMm1sef7j2psYpxtMeLqZV7k62+ds0v2m0Hzdgq4t3Fu8UvVRE8GWoKmWh7GcZquHpG4Ka6QMMPe2AZ8iVNMrgS0zNkFyxl+khkljQiOhDdBCiFKwEbCefx1Yg1pgZZxKYZac1ZZAD8+jsOwd2JLdG7ey5DnzQ4xa6ATqsjojH8MXjHbh2e8YEwLYfKz0rMaosbvrlOdAO2e/EBsYOnK2y1C5XnHdr/Yy/z0KGOD+HVfv2kg3yil2KbEgIxAospB3J5RtwF0Pn8hZrTUKKguATQXaOw+kFNDKbbTT7+I4Jt3iBYSe86NOEumw7WXetZs7+tWvZsl7nstrPN+z6ftfryMuF1eHmJGNxWuxQUws27gri3iq7uAaswkspbEHwCjmxNaeoXOwgDtq2qukmGkM1uCUltqx6w5gLcXhljmQBfor9DYh0OlN+hyGsfsYrqOOx36eWFgbhNUpFkcD7ApDEvZMUjDcl7Pn71zP29YtPGbc/rJmaDebSGefVCTqjTjWiTG5BNDBb/6V44FnIaKWHqC4Km+zcpEEhHYNgL7SUQXfbcVZZgzR2KlVOxae77dWOeZGdS1T9ybVJ/urYesWv7jyg95+y6rUvGrZ0DyDzlDotE4oGZNuURu1xjmi1AlIlil8b5Gv9CvLzquegJRbM9Lso81uTV6JSr/JrzeOupaG7x+SmFjxDd8JV60fI8htUcZMm4CL/TqFCrJAHrqLfXWRzhiW2SFS/zpQXqkXOgNmL3L6rBPRrNn/36+YNwsjwXQJ0dJRyoW7moHqbARkUuXGel3skWHsr9Hv6bEtJZhna2Oce0kDFIeGWKRfThA/njMDznGIf2bpe39D8aV/qv/pD4U4C57R+ZdciyyCN/49wKjnC8feao7cX/jB5Nvlx7e6WxWSlGDQcowAODd/na8HNu5RcW4oU0L75httRHxmt95udmcIjbI1YJt50F48LxQGkAN687A1eykj+Zhgae5QlYMFYyOUNIS63oul/RZLa4t2fxC+UxO+Mm+hFFnj8LgKs2ZEe8ORiASzxQ+JtLcE9Bp72cmaaLCmd/qVSTLJMvY6FkAnEGxvsNamQY8WXC44z3hKCb7jSIxKU9SF38NYPXPC8XhZPYPPt1si1R9VbRu8LuPu0NgDU5SvxHAKu4AbCd5bu8ebldGlT4z9bTZRFuW33e6TbOA0zDc4hxnLdFnw3UTi805hbdfRBx1bJOvXplIRfVGB6HK89a8ADzMyJt23PDaXR5Xk6oSmkBHMuPw+H+NUjk199MwxMp9c1ob5wux+WhirvlFbfS8Pex4X7gqo8aYJUpYtqTFmUXllxe4Btd3X7RSl9lBWLNaS1d5zV5XCIWpw9LvxMl3Ski/lIt79N4PMXvRq3LaQRzLEtTOGDPBYxPm57JkGQSioefBF/+f8cQpf6JIgNuKLLpm3mb/nVGmdgjgbkfnHXGVuxup3cnE+ZCVR3e8f366RcQ0erVScAemOeNGfmoqv2YIwguql/kR5uLmxJ3R2borwcJH5HO328ZtaXIzyiaSa7BVvpT8tk/0+LQgibKo8SB2E4J/ji+5JZ7hYkktMk2v+TAHmR7IGMl8BHm2cMz7qN9oXHN0q19TpyY3FEHaWf2t6uxmJkySBGA64mQg2MZjbdDHdtR2s61dYmcYtuVCJ0idii+3CKdq9s3vn1Q+dMmnvf5/+3Qp3r116z/eRbARgB08stQjQn+Nt6MGaopcyZTuv/ilNiYAJpKcPetJNXVg663y+KBK7nNKtVrElQPzJRurd5Szii7uodTu7W0qceklJvW3utvS196BcM4Rzy8oekiyZjw9kc39pFinGaJWSXcXDUdnV2FO5deqby6dZ8oduysFTcB1b/ohdlpmafPVR8i84o9+eV+dpByu+ImgLPHacTYz8g4uGbIGvLA/mHWaHZYiV//1Irx2dOdolmAm5jxRDJq028aBAb0XDGI6JwY/ySGVOLJ+MB/IFIv3S/cgFQF2ifhKRgM9udxn5mVyzuLRqWu3c6FvadmrOwi8OH6ZRGzOqbv2xTOHEHyurRtrUDqPgX4lCSfdhrVC0qduEPXRfqifjhU6An6w+Mk1HHVU66m3Jj/GeiJLIcAVoDhUwQLv472MGWXz2/6FYgREvu2Z43dg25R9SkoqVA5/FxzH3RYIXSV222hguRX+n2qGSCoit9pQt4LLPzpgTUpKAjFK7WLCgITPssHc2Hvw3TZRX2JcUYmzudzyJ2yI5a77lgT27OfxBf8E8SwbviTbad/26ypN5JhiT/KuajaEhr76r/Gcsa0OS87aVOld8rC2FdBKmhGqtkZxhq7/mq6/43TPoyztqlAPlc3Ae3cQjgQnIJklh7LKOnF36YiKY+8uM0XMeQH+ZxjTPpBBb9LDbQULUNWMasrFAR17huUH0NdQ6RAHRzA6i5GJTvscmmMBSeCy7KywwAexEgCUD5omexhEJHjLZUQpBhICPBCfs+X6IckTB+CXxOOr75etTlg9OX+U7GfqDcJBxU3nKzx28b9/yglvryREtdbsulyiOVcTnUVeMfm/U0GllbZL+4WfyreB0m5/O/Bmq+XuBEeqmi3k+lyFuB+E76dIqT/CmI0WwUB648DURR85EPa7f1+91BGZ2TFfCChOtnjV5XJ33NK6P0jn4cUUcPEkZZrvzztGdGuPXfsOIN413DqA4sZ/rUfWCJPvEi6nxPVcm+HBxYzcbYy9j7by6OzY1D6FdBESRpytan44zFpoS51oj8eRAGvfM8+oB4ynGzgoRIsr46DXG1sSbIVK/XwwSd2J647iSl2i3nFP9odkn9mPm87JKuyKdFtM2KMqDuijrO9zpje0SXjHM0abbCOD082JH5u3Qj/en7tD7V1lWPfycZgfZd1eIeWu/CgaNDUStfFsTvS1yAcfDuNAEFIksLwKT0/AqUpK8kDBHNDxWU5w3ukN4+ypEMlTclp8j/rczSMnuwoZzcQv6AfLS5sfnNw34GstzT4jdO4upkyu9SGFNAiywuDZE1KfAFTQiIYI93T9f2itZhyKXWfjGvYtqdLXaQCuBa9G0kp7rS/45UllkogNPoUSUpdrEed7o7tfloe/iUAx7+22lRCn5NeTkkEk9xLAVCvjdGh3B09ivNtDxMdHBlkuvenYtZfGkT/t5jvNd9onziqojfvU1cUs0GySj7l0p6Ykf1D7oKD517I88WVO2KgYdmhBkZoZ147F1vSq33bNCbr/8ZUTJkjZjvv+3iDmr9wbc+n93l5Op2X9pTbufYsXWcRPmqoN6UFzpzlXY9OEiYP4FXkgz2gfKbGdrzQppvK+7WSjaOL/Pp7jwWErrGK0auLWU1N1k1hsmIu1j658OJLv/EIsxldhF44RZ+WXu7Uq/vsXvHzmNAgXlxBny1TUG+n1d450c2QpRrIm26yUZ7944WjL9blPIf8KCdSKXSdGlaZcXWDh9c9zwCmXYLk+ZGiYyV/A6+qXP7UwjwxgWWb4O9uEFisTMFhnK2JybkXCp+vjctIZfo86BgElSclWqnaXnael20OHb2TGGEej+bNlOHlurleiDJQh4bjmQ/C7050XmbGmgUZTqxjITyZGonlwMaVkInc1V875ZPL/JhcVrtxR2HrStvNqOZEWKcT6pxjU0btOQqjBJfMlLgoOdax7dV9jl2zbnm/qP07IWxq8TrDJjuMq7oVOTZEIKkqhMzMB2rC2HcqPweJAV7SuWCOuBAtz+e+hVgNs+2/6YVT/iuytjbbcflJTQJaBthka3aftjg5qUgXOa7OVBLtEs6MzxHvKG7hahitjU52VpLYPU9pfyeqAh7ZSKjur1K9qDZwZc8vDnfxH04RtnvVXcFNh1JuDr07ssUvnJ1ye0aeZtr9XeFOeI5+r9G5aHnE1IQMXeySO1uoEV5L8wPhcaYOJ5B+idNqHYRsn/xIzh5GuejzEMKgo9s0o7ZlsqtfxA6ugixOvzM1l9+7Y6sU0/UGNGmf9FxUmdaICqrni61rxA3UNRNnmnoFpi/7Iyzdv2TCleu0L18Y4eR5I8g1ozfV9btepxLZVGWBpYNn7TKgfxMo9E+NIvhybSkiBc6qXn/AJ9JO6byTgcJDEhvT5puuJqgVJ8hGbAo4w79QaNx8MT9oZEDqJ32aUlllgxpUV+0vKpKMb9Mk1dYuYVTPaGSgZ8pw/Lf8WRuV4DPB9EekB3v/Rr7124bE5pbMa9Fj/79DL9MSKFtIiatkJKJDHvlD58jMvfCrRgD5r8aMniPmAPd0rjDZLsparPngN5k5r7pUPE4DMwrMgyU/gvl35NSt0o8C2DCoiUC+jj2HWlBEYLna4w644OzVPMns5PNq6D4z7+NuwfqMxkehwU02bUjA4orTzizO7uT+lRifrdrz7bndnpqB49t5BVeMpja+WOpQFF3UVAnwq4nSoxrB+uA4g5XBgB441hnAlR3xhG6rMjV5svv1aMK/o8/yFxe2ViHaNHyGDJv3W50+xa+b3i+M8lFnEfCtdJsi5SZoKZ3zFJc4vh50CXtfVEsa96w8YThXVcyqEvo/XOrQO7NuIGz37R/DvoGIVr38BHDVtgf4ZtCnQX5GQPpI25G/Ey2nbETLcoW2mxr3ZFPg31tPL0dOHwWYlIVOb9OlFlgfxAddZSQhGDu8e4+cjP1WpNmthE5CwAZEMxq0bpaF/QAV40wb38MocYkt6qi3AJkyMurMg5eim0rqB5eAY5UqfmGTsjrqWaPuBQX17+wOz5bLRDgVzD8uJh25M3q7IYXdFm96ZnygfJ4112/QwzCxmTnUcFXpmW27ztnK8AVGWfBatAcvx8xLJdqAS52i1f6kiHrKP/rNn8khS917i3zw3wam/PlGXb9L+CgbNZU7POHHQwWf0QKCqZgZP6a622eUzw1PMvTqbs0hNNoStLTwRsvISThpzWNuOHA8prVegpiZTyJiy6crz/71gfd/z61Pu4o90JwCxhYjM5J5qFG+a5dzdGjmvfI3jcnGSki/CLZHRe8QVa0Q8+NIaVNLQIE0dgAvT3FVSFaE3xC0R7470JQc4TG+IAffg+CCIAjyM3w1swLio8DpsZXiivsJ0dPfQC4r1mrfDECsna3dAZDXOhxoAv0D49zCu1IAqvK8Utr0g5zR42SeVmxzRwKfBc8KU5VCcm2CLX1tCOE0VZKwJmZtN5DYsObnieXmRu1ymXfvKY4FsS3yhQU3sFurdjMlq8Kntg/+5ry37f+vnjZP2tiVEkorFN9OEpkNTpbU63tbu3BPS9POnUhzg+Ty0CvxkzzsmpkqbxmjAp2t4Cuv+R37O4kD9c+BTG/kL7NHdXdj1MIcxXh5yZbbY/jJ68GN/H7jJU4ebLnCnhq6MHFrIyLhZSeg2nv1bofquoD8Ytc6CGCf9tyngOYWAgQgHzz9K7CGkxtFRmr/0aDEl+Y24GTbatlzKvzu87s6Kfq1b5OQgUwDL+kbEMElpwJZ00KOrfVahAds34cK3SGJYm+QxmrjazgETdGLBTWWop+k/UKag2HoUeVIk+AKJBlok8+JUU8UiX4Ue4Hc3O+qbq0yvfzE7tp1539nLsUJMhtQuXq4MLS56vxu73W/teTJXq8Q0/Vclk+lYSKGF3SdlOG2GKq6XotmtGhx1aQ/z2VMluDQrqTOX//+DnY8IWYbHc1C6c8XvpW6bksev1NpnT2Upmty3dAUkQMwjXKVnBlRD5dQzEfsyRL26o41sB5Fl9tCfHoqIOph5MBFNr2TI0tGsbOO3SEF/UZJqaZkaelG9MJZI7brZSYv2ynbN98hNyxseeY3PCvXPG626zvaZI/2hI5zY1woDgj5tR2A2BvlnSAyohR2a25XLWHIITSzgAzCnMQD7IvqZa+loant9ksDSyVeWMGEegXHyGN9ZtY5dy65hf4WXDMh7jynXeLO2+dNGStYQzocWGdGz3JNPZ/YBwz5tVlSBzIHR9bs3nh4egt7MwS1S1pJMg2QIWKngehAWrGuU31B/IYqmlNUTLU6P/C4OwREe15LYALXbcjoJhv4Qc+891NSuytP6fXNBMV/KBgjjXzd3fZyv+B8EameCiWdttYm4arnM6PaIjXSb3cCebWFIqkBL7sKun/qifVHq2ZaNfmHJ/hTP+G/myWcLpgrvUZzqvFo+5pi+NKh9MG1asHiqc8/SkpKNEkdG3dsrdah8DQbzTrWoq+Q6UHDgAc8kaHn3VtX3bdVeb+DQDQOOqCvBRhPW9p5dtWp4xt6HwraNx7fNJmG7Dxz0P7xLZp7/I1W7oDHnYoBF2bpcBAaUzSsWSNYLH0fYq6APziou/VDNh5lCawjzqE4U4/bzpyfS5ora+DKjUXjOwNthIIVIJCfhk1EMufwMXq2Nyv6fdtKhyr05H/yvswECWtEgxkoCpAzxRv0XThq1npM0aunt65L0/DGChDqkN7L1qpb/sP354dEPyer03aWjo5ecb0bSvJ3jArveOKQPlYUNjSXvbPz6beUFXeJ3wr9UYMWIbfAmMaDa1WJpGnUNsssefrFInRDPWbaYe4xfzFaA/IOCt/7d5zin/cIdhbtG8m4qyNjdFjptnrusdd+py7fa2ghGhgzXl5v+mY6Duwd6i074DdINd2zRa3xHmvhJhVD8cDyOL1szQTRxCOixEI7De6+tP9xeZ3bVavwtQjPFgDeXlJVGBjhwWfCfg1vFsvwycDYimPB3WcV8k+MP9zsdEPaAiO1M597hcYz9pbGiwzYV8rbAVztp/JtV7FYmYjNSd6sOYmLRvyMcBHLaa3gmuYStwSryPSo7nGDMUsNwyF7WPFwTYQKudVec+I+RQfXF8Mk3NkvUv7tgrv+xuD7VGlFkOxh0XQ26TRdJJLOk/EW4B1VjZiFhnPWs9ii4N8NZ/1Tr10Jx4PHoiar8IJaizp6Bu94MIgxKgwq/V5CX78FHIuCzlaq+q4HJ5pCBPXCIG/f1kdRbbdMsR/SSl19tO4qR9tYX0nikXigNtCsb3Z9wT0Kn8Tyu3e85v0SfTK25g18tsbKhohGAZeR0JOQ1dWitlIDL8m4WZjKwivfueDh8jI9J/VLgla92DPNopFmh5DUBqVRzWe1ynkXAk8GrzeD74Qs8SF+amICsEHxFR1pHVqFl6jrq2uAF6nnZTWkFPBdxqre+GcjPn7n72yezX2zqkdC2q/2eq1rL++J8JrzoRr6sWQnOt8srCoJ33glqFLwdpCaioNb+gvyvAUQlcf00mDh9ezSuR4yc15L4KW6mECtzX/ZWUTFhLEwq6nNCR/MtNi89MONkwndwRS721QoDvLSRK9xRjC4/lYUcsgydWnOP9UuQWIQjovb9tbfNEk0AFGCEoMHLVqh5vq3eM9lnQRnPIPGZ6eS6KcIuuCoIuWlobg2ozE1npY0dl4Y3lT0nezvGnoiTaBSM71X9DDSZxxr5IrFMVXPH7mK5aQWfgbxfDjcAQkKHvfXnuXwr2Xv8OdM97nPqZ/SRywLrnCq0ZPGpbaXngPbe4EnVS5Z5OBlO9T6byylZek1Uneh2+/E64cY0qtEr3VGqO0Ifqpp9FQJBMz9iaPhgRjakhGr5CNE3fba2nhztK6jw8MaC+zYoA4ZWS4cgk3UsbxOix4pdsARPfMPDwHTiNy3W97jtTrtD6+gcytUAPlDekR2d9NAvL7vkzZ7bLq/qnZIe1dQxlMQI62mw2s85gPERQmQEYmyaw4oiT1it5qEAJl2NmcsKFKAWwYbdv7PoT7FREsvicj8RXXO85XyJLqyrvdMa4gFZuyH4v3qjiU/ibq8tHteS40yhXWZw4cjtR+fNeTVLrXlDS9zL2k2SRKKgr6LHg6p6U0daee36pG6dwrDdt4M51RNdnjeFjFt+OYnXikd+yJsjzO1esckh71hYSqrJztaReQQN15G9hmR1eRKydeO4ju0Js72PxJn11nm0YY2g9qbZ3dqZNwd5sdZHPQkOaSzb217ZxEkwJqf/P0Y9tgW+60J0LWZyl1byL207Yr50IylMkxrgZcPofeFebDqwowExMd11bRu1X/f+LE/NMCzcQ9FYWIsdmvYWqXoWXURNaCmOuNJdNCFZcIT0/2PawV2dtcMIDRm90CFP7U0fpcOERA43LEFRVi4qcMkZsJY9eaLRl5NK+DbHoDQFIK5rPEl/Ug+/dL12OMCbmXdvbnU7w9u7PSmLsPbauaVeTEwEjSE1wwJmIt0XQtCHpZapwTgTuH5f1gFo4uCFtZPCdwb/0bgNDKzYU+n3+cVPprbGM8c7vlw+M2RHTZdKs6ual0qmep3R2yz6yTXIhpk+uaTvCSpu7yVBjLEHVmxsJIbCpxBeoBM0JSHsbglYEB+oaPGS1yG27kYjSbHdonVV82wWqFD3uRjNjBX1yOrK6W4Qgop9e3i5iejCOEKusT/1/CDS0cjEQjC+Qx57tZ6FRdNVaO3AOyOJEKRTY0yyBBQQK8W+/g+PEaFWWPl4IBdAkYhkf1xgYgyUT3K88uLHrfTUEbe5rIEd621qZ+T6XPr0yczuxTd/epKey3tEk4VVmXyp5gSVz5sOKXa5VX+/sbgUP+xa9m/hw4L6x3ff2enFKF+Lq2STLYb13CCwYLcRT5EWJ2q/hnjF6Psr67xbCCUvjTq+xVi7vihk8O0qRRT7yyo04BPzxuMCJoyHCw04p8QJAMHt2+r0uv3m5rl2mUCuyWZa5lRWprZeB/LdUfLoMEsFctZGy8aRlgfvlwpgQz+aW7oTq9behQlstEsUrIbeBwf07ZZC+0ZYIxgBoCPf7nSKFirVL5N1hZNgY44ejIGXesFi3NI8il4Gop7snLZ9w5gS993989bBskqfo9XRbhju15Xs/0HPDxvnu93vQgkvXRev7da9tVV32j8Gg7KliyLT/dJwg/gpFd/aBwTtH+Nx39nM8n9iw/bDDev4EWCyp3XqyR55RK196fJrLebeDFFaJ/V5Tjocex684kh2RUg3YXJTOzQG8jn1uWMd3g0F9SPPpmCZM/Trj+ECCe9WjWkhINbzQXDfQlrnAqY532QsJ0QdPFzeZUHSmxCWyd/xKU+WQV9nWNSDvTg4z0qiRf37/C62wmaq/06J/v8s8IllOcuhkn/La9gXerCAJ3vtL5Ur8qAZ/hV2L3Ax4s/uAyqUz2XEaDFo417yqGRC7Q/RupUV+9qEMtpyl4BzMW0bMj3SYVDq9VTwRa3Vp6tLrWpSdT5/yYrUHiUduRvOI4fMhEueU8B335f74RyFIJ7X13hjOI7TGa/ZB2TLZFGlIXO9j6C73JW/l7frwtMCqZUHPPrtd4Lr+W/jOkXtQPI+rSrkkzZuUHC27gyki67rQUMRzpmC5WgisxV+Vy6mx7T91mc2Hs56pyXBo9vOSUHjJZAPtj9QRGBIcpjaHIylZ8VJDaJJD2g0UpMRWMjVU2fLQQJdQ67a+3nNaPgnvnwcGCTygLFg1nsdYaftUaA8BvlGlCAmaQGWxXWAJ2gfXs3gi9nluFiBNDL17ugMmPSdG/jCOveMUQq3KbuBvdLJbFGwFzW4Wf5ZDGzVLhvS8e/soNUK9NFoyukBHWcyFdjEDm+mUfLMiK+tAinHSQtxsyG3eOpcIolEsJB80RN/oIViQ8LkMuJbRbT4mQ9ryaxbec4gOP/PStl4KjsXXCFSG4u4qHeo8s4webVLLzwE3qhDap1EPoVjxv3/7I7w84T3ZDuYC5vt1nT2XxRphK8uhOnOfi2zaNQPrOtCMsPlhv2qONQ2I2kbMt3Z3wsaEzAUEHR0hSOXtGKEnF58bsy+y3LqqeGAuZmLPRbWq+c+nJFUD2ZkBowRi+YKUjHhayE7h6zbSzo33bQ8S6Rk676O+zTjtK6dO5PvhFx0INnKH/eKS12E29K7PRXr9bduzd+zKbThzc0pz967IGn1uSBm41JCmNtesSZbw+jTmo6yHGbKkmVaeiZTOK+S53N4LF3L8jvdC+P4w0ES/cGhYnDwhExIhgxRqV/Us3FUDBo+xuOQ7UrkvswzMwISPYO1nw2oypcThzy+MKOaZwP7AfjCKyT6l+pVOJket1hxRLmL7MY8uIX/uyt8wPLJ5+eHOvDCwTUyaX1pfKdl2hCvPD3r5I98Yfwsvg3FbSPqb+vC3ASiTXDjyp3bllp0yJloqeqVAP0rmk5BL15FUhfI7SxvxPKTxVaW3KDu06tnQ0gCj3aCMwCWh6hesV9tU7wLFFVf5S3jRQwzK/4xdBpfqbzXCsYTw2HoKzXCWGu2HVhRj8mIPo1PunvnGjd+VPBPFD/4mCvUyUrXfAuxcQvwnUXRmamGBf2KhxoYLb1VKN2QIeKbkRDUqVfla6kZCanb0oNr8RYVmxH0gk3u0UU+A2l6p4jCSBEwZ2pGchPL1UeSMeHUQL/c6hZN0HU841lQZT2A+Jh6Z3tRtPtpUWtmVLhhIwLEV9wgIoLEfWDvCsLm78qeLDrFSgI2IBBzxEJVV3h24I7DnW3QvVhuUMpoH6FTlpD/kVNUPu7Y4ixQwAmIbzExVwKrjxYGT42uKrrknjS1zD/P4/UQMTx2+j6FYI5Ku6nRaNkqgWapa5Rt1lObcBwmBe3Ebr5ASP6VjQo1T/9fsjwiLm7jsY4bFjUp1pYpwBEXsmOdcfVpsrE3Zq1xUi1WIxN3cXHpYr6UM7HyoAjd5/Jfj8yI4b4LW0FZ4/UosnhEBpfNvPIVWWXgk2JmMtFWrR1WrxoaSGU1XIxf/XZFLhucNmkptT+W1U1T3mO72pT4S4gJ8UwC0rClZY/3xvzLtti/0uVE+fbOif/nudeP7xsF0NDim+vdf55d6qj8PVXj7TQ8582JSraOM2xayLSnQjCioE9CSwqZI2m1aYhzUeTxO3idS+DF63BYyabr6AunSscejf8YG3whOfZSS0zL/0kfAPW/8Tg17VYPWLrcojSvpHSp94rq/cuo+KvgS2c9cmGM5J/aH9doYFGtpF/Xh5Nh40kVpJ46pNaGml9qEgMhRi83xOe0Z6zXmEM7tldKQtYQknVoNYCsAJkQHdeeaHVt34tEZZ8ctAFlJz+uPXRJJvDW36YuMD7vEC38gLNTw6RFx8As1bgR76k55ETlohrHXNJ8xCF+fRvBYMEwPPZQSPMH7nZb2Ck9XERPHruimcGAw4+8De8ppXexiSheieWV7Qes/7n84qaXqiO91/UjXaV7Np79qT8leWs7SXmhpAsl3zd+VMpHw4YXHbLufXAPF/3UGSJFgKR+cj9Rbkf7RvAuac+omQ7s76f8lZFGKm7MZcOlGCg/jOYrorWoBJ/qWYfsrEYcNdnNx57ahyo7xjW/LlTgjqx8m5Xlzz0ZRfaOZJgke6PpIC5Lsv/y5n0n3TG3oYsQKUE6lPLQpwZvgIC4FZC/faLMAvpn4qZxd+fP9sqhFaik4uGIJt3TFTtX/yjTZMp9dm7xsPgom2dLaY1dMligCTyCN/3PKZPJWCgjlVDzQpnCJaWddxYwUH1Jy41JVqOfiR5gYN7uoQQG3JHiYTKfKavsKBCyXb3xTnpkGXCmuIb+qcPG8H0nV3qZ/7YNXfAk+TBXrhUeSw6dMtgNiR3WCl4alSv+XVEYOD6L45U5JfmmGLp6vW6ZHM3LxRVojVSI/2POdKcR5HW8O8DhswHN5/s1tkayu5o9EAbrveMQo9DBD+1gqhgXPDdi/Yg16xd3iT/9oC2LuiqC77zxsdB188G/JFmiF3VqPy4QIIk2k8gbguYPzZ8q/NrRyMW8nNCVBU86MfbWcktBVx/UsODqdyqcgjw43ZDRR/RLB1TrlPAJ3euou8AM1IDbzu82Mnj+fA+Nzu0xqus4zfM9sZBJpC1tN7tpd4/JIyt4SA0vDA8id1HvNgfyHSv24AqQPRgCrqnC/rTgQ/h53IShlLFW+m6y7/bVd2cwWcIdmuyQrZX01IGiNkwQcjqdy3sUPbNvDpQ0pz55UpeDRXUGuNPy8W1/Z3kr9D8z4slwR82JWI7A25hZEaOhLltK3E7nVczYFzWGBr7SvFB14HFV6Fx5P5aH5/ewPxnpzcuDqhsXByYIfg7ZmOwDFaw+dQKKBXF9bkBQTcCKkkbF9Uakyp9PFR0aeN1RlHCDlhMOap9QLdE57yUtt34Q+BWrSPH3db2ssa9IBeeysIz3s7HnbpsMj5gwC0nXrI1aVeY7Q43yIiSj17hDjbJk1MU5H0ozc0STpjnZbPx44OYxfnUO9npyRqqY8Asoc3S/ZV/3xu4YGSv5jTVoSW3gcRbYss9AYF2xyrjY4Ng48GQxVzzH01mPg0zhvTlGce7hiuZ9LVZn0kkdM1tziQ/yvUgYOzivehWVRf5Z1WgOWKwauXHYwLCPGmlY67Gd/eBdq05DPOpsVnlFvsQKCl7+LqZ4G5Y1UrPlSj+KyvSg/XSpdjdfE7x93d4/u3VYWlsv5dP6s/zelUhJP+zx7/Ume23BxN2aZmWiGE9R8DLG+4j1PV2eN12XBmE5782+LSJ96VS5Q/6LPBNBKp4c2Xn6zyfmkUMtyq17VAMVl+kNflKGlNKHmICpLV4A0sqwqCP8Rc3a1Y2qyz3Jy5gDQoqfoU0FKGWDNtInfqEqHTSaNjkkERdRb7hYRfTiZd9+7Nma2bmUmOYHl/zdBpntQJXmW1HzRIev2vwFF7ZszZmRcpdb5dNBGNJ2QWFjytxO9a7TdEl5CE2pVL+5Lxybl/r2+Qd3lMzBM5gW17E+kT3gUSHgH6n9+Reo2Z14vykL0s6ZML3awu7Bx0+NBFWc30eLvu38VPDUffSDm+LQun1x8WZto3XX/7WpTRmdSFTFXOkiYhcDLQeh8+63pjJefegMSeS6GOtOmZHKu94uHEOfggh4E7taawMId8aSqeLZo7HHE1c+lmpVQ4QNO7Nlh1PiQsPFGS0iSi5dt16qdchyMCwcEJhOGziCmqz6ckqr4zgFczFsSRYz7aEyqYxZFG6XDMMw+tHVpFdJU2coxFTlAllFp1xdkqQxJl/xLqFU91nwpWPnHyEGNUjmtdU81ldWOEay/qKlZUDylq5JHJjjjSuub9ibQWO+3+oe++oJtCvaxTFAR2pogJSIqIyNhAZaiARUdBRQcVCR0CIGiDUBAghKkqREtERREpkUAGlxdADhBKaQCKKoYbQQ0sglAQIST7izO+997vru2u9zn3/uWvlT1iwnjzPOXufc/bZR8FrTas+iRuBnO0SPa42CWvdORPwG772313W6MIbcFqoVYqCJSlWkshonIBpZXavKXZgXV0QdTs/E8DLsQLsY2yind8ZtvxerPHilKjenx93Vm5tBEH0vHvzWB3Nd6CgXcWFTbcYc4Acez4h4eqLd864rcA+ccCJWZdCzPXjLbwpLe1Lm9s7UG/aI6kacsWYlx5IODTPzyxXs1tNd1Q59wBJJlJO6CBp5qh+TcD6g0WAbJUr0YU2fqgoNNCYW71EKHakjb6feEIJXZ+59n7Q9dOde4il4gbmCQN6vsJr1hWYYWaC9K9+WoQm+Cd1rOnc0oQVmOdJ5NMpSK/Kpk7fwaLUkuO+ES9UXioKiZDLvdj79dKEwZI4kX38hDgMPbatizdM+Z4tzB5q3niAtLkRYM39O/7BL9dMXd/qhFwAH1wAn/JTMaAH/9QgQpVIT2jCPlo3YVD9baax4O7dbV1W7lPbuo6afGrpx9Es0FPqa8z0Depu/IEP3+NxBtmoWJx6dk0vt4txVxWiIQHWDN7DOyXzGrWJ/Bwjq6aOOlqS7OkCzgF1vPrY7QTt2++JdiHv18avRkYuXas9vZl1LTVWR5tLttpuWRtttkuxi0eJvfnisbzRrNsvm3Vssl8QPy7zq9uKbaPJ6kbdtOcJnkK07nq9XGQSVC18OTIJpZbg5iON6j7ZgigoZPEN88esb4jBlRL/Gen39GGXlZcfyDx3FvghY5NjLIrIhiya/I1zBDHINOCH+f0g/0WodsLnrxd1mGVyj1zgxsKx80dUTthdGVr4rPiy04BW4liU5yp39ytGxU+4nKJQ9WkzLSKIjczP+MxP3PuYr0/vyD+q5UsXOfmQ34SEXt/C2qIT4lvJlka4+KDE+x2fsmvYL3W0B7/29f+2dZAunNaZMAMI7mCbL1cN5gI/qF17Qt0MWkXOq/CB625Lx27peLs4Mw1VNzID/qhpu27xLCyH5uvICssZSEkbCun5/vRNJ7TFfAtrk2DWLRZLDpVLpwaQO8sG/T5K//pehzC3uDioSPzMXHzGoxMU7nESv1+qXdukaRQhpWc9F0GcKPV8MckZ1ITOw4qqnVP2+xLP9UZc7ru0rSI9WBs0oN80vKxHOSoEIZwuWV/2lbF8Q15KowNctSsWGmr30CE2fTzdninIF8DhF//9iyX8QV+YY5aO13X6LfY/3j7x/38lUf4vjhuBK4wMtDn6+Yny3mpske9owvtmJv+V1Z88VigixaIFINy4NaEQHeH7soafuU5q8Mn+Vrrn2M0gw6nMoJl7E29t977Uo5gQjttXlYBSkt+tmKu2AP4sSDhaV9OuhjhGGUwR1nveT4sV41ZgN/4KX4/56CurfuMBbygskhnk273x9RbxRu16wfyyzsJXPta5Kc9wrueSpfywTGZKdaogf39ZBMXR1SrWXhmMHvwQTjUWuryTGWWpsKpsK9ukEUfKq/suH65JDT3pf+UBz5UyWD4HT3OUibpcJViiC1yG2LUYDk9Ulm/XVA8QRqCofUJtHTTfkaf/IjXgIGKBMdmINaneGO0hemwmyeGYhqIjaXliiM0r9DGyfuKW09WKJ6toIvySEKyYXz5UNVGqg6o/2sD9OGY6/d9PdgvoFFG7FcVJEKlrrjyI693O1NhnXhpFZi/dLaAbIyezjX+3StAE+RLfyTqcmy1dm6s8PGSMe5qVG01XJzMt8pGb6a5yVe6rO6d8r6as/6RjUYGnWphDdgJsie2x+a1u3iBjkWZ1d0aBtHq8vuTSocGWaN3FretP3NR1OiJDbpwO7k9jx78K3maBQiZRBlWRJYIqWpMc5MT6sfjvlEyvy+GTv1E9Mfgv32rjV2M830Y4Nm7+DL8Tr6jJ3iB8BVLpj6N7/jMQ5XXCb0myFe+ysPgoJviykuGTAI+pmTkUgB+0xgQkzjeu5vRjf3DDq4e3L4OERFcdovAbdmf5U+uWwoKtTo9fiyD3t9Dv1vGxv9ki4XtM6KGnp0yfiinK67gP6XsCzMbfKNOuAHsB7FUrEOqs8QjphUT54fzy2vqVdhqCaIEAsq4/6tkMHuZFZm+c0B9PaHW/vu9f/0TxpWLNojSqtYbln7L4tkUIIQp4YOsjkjU8cX5Y2QtFYQ/+cycsLLu2Y0Bm7crawB97/4Px+EP6uql5Yin4wmkKZyZciL0lv2z1mo4QjcSFNsVllltGTBaRueeL/vvRAqojwjfCucnOtBbRsCbj0/r+S+egMZZyV/dAJ2dOzJboUWcUvp8pHJxxZ2cBDwIKsraeCEgHzujVRi0bT5bzzTa/56/iS4Ok7JzfsWbuuuu7GK+TWgRzV2WxqDacZLZTR5NVJj82R31t8vs9yLgUx7VSn//wDF5f1loNvFt2asS+fHhhKaD6La7w40fJepClL290fGlLFqnMMoNTl3+vlq+U1/jbHVR+6gsoyGzj2UzJkt4uhmwMvw0XtSLPdi9U1g2Yowyqzy2V8Gc/DUCCMP7f1r0dz8VbfZL/Z+tDvvSQ29bB4J6J8u93y7yV6dkrhqOf0yVpCMr3X/2mQxeQ4GsCDhe9fFnOSD2kLu6zhEo+nff+dfoC5kU7AbzAFkS1ueFW7q+G2c5F0Xxw2+VtjH38AXCfPcO+ZdOHJzJgYcFC9exLEetx9D8xKM6HolyGKf/CRGI5YeVx99VtFa5rk7gJ9ExBZsFaZXlt2+RGfgl7Hry6okB9MZEwA16aC/yMQXM+Lop4m9RQxyDVDpIR/FkPu/H4AsxRffdw7fR3nSMD19msXMv5lOrJTtTqJvx2DB31APQVrfWhZgng3k0Q43TYW8q+Did4V7Sg3ruE5XcHxKXRKjDhLTywg2Cjh4iYFZXyqoVMWIXlOSxefnj9GnQGXzr0Xf+AlHCtKGKgHLm2E+voWzJL/nsY87/7eXXxhygP8R9R3rard3foLv85tc35mMn3Ivg1ZhavWaWlqiDOV95C7Ix0ydN9/kqgJaAVv2n9/kF7TNz5Zkrr66X7zV1YY8y+i5aP3TlcKc7JxPVx/KRpPPM1CsUMTTDEDkW+FwR+ARfoJ1Afb7G+XfsMKjvfLibmwYzev9tqptIKpB/qxilwzOFHnzEVy2sbNKL6CKvmOEq/3KVx1PJbMgFS7g4zi8UYXYb35K5/tHnOYMsO7ohawaw9SnIxj8HbldPlYY7ae9N8RN5Er/CPzcvz8ZR9mqmQ/8EweUmnohi4a/TkWffAe3TBkGx7khXa8+Ve5BBfe6LNpmLm/ZcbW2+aVOxZEg3C2FctfwXdIfiUayOHfLgNIZGzsBsGQ3fN+/wipddRh/8LLS85O/5SoSp4Vl5d5l3NtqQhN9Ac8jbvb5/yeYaRdVLAo/tPNp4+yqp878WCut9/jz314IR2nr3DrmToDof7XjOMlL4UxwYxVuWd98l5qbzFe6ytjfGffts/e3J4GCFgcfk0p3k9it5StcojPmWsYmi2mrxShabwQEGqGUN6nRhEt+Mj8GoSRjoLvdiRA7canFOM0vv8u3gFQNgNqSpPXyRrzFfQ0QGIWcfBcCPXlD8DKTy3ljfHZolEdgbrrzhIBLFGs7GPiFr2mEmoQHT9PpctXjEmkRw9rPv5FlHQybpRhBwbDh1PkmWps79IykCiLmCRDe3RSyWwBPVd8DfVIwU5wdj1zb+aqwgWYgiRMqa3jVwHPl+TGi5DuHRABqiVBsvCjQ4GwTBzuSxrD+zMZEJr0s9gbIPtd7ygYZ/1HxAK/zL8XvV2b+BDMuiUY2uq8RnIdra/5Svzg1FqwK/rSr76ACI+prk3OmNfb6xV8Q+JZNBjO48Yq4Wr7YQ+rF5gEqkrWu+MqcFYL1u0Wj+904p7Cc0c7yPWpHEn1tr03ne7QFyLV/fv1L4SCxJLsRjEIe3h5O0RPHdGh3g2T2NnY7T2LayHGb/7YMo+zonSlC4H0nMIGirnLe2+jAeevpiPuGOYoj6ZbGKqGIEtTzhn1b+v10jTJ5Ffg0GFJ77cg16lFjjaeL05dirzdG1HS2BloZ1NyNpHgrQKke4KKXdGMOmv2lQMUizIIG4163FKTRVh8ahg4GtwdCGoAgj9Jht1kxK2/qJqYHAxZsTUOnQACfqCmsoW6laoBxGRwRhkd9EK7Be1eI8/0aYrGfoPeKlDgSj1OjOBss20b+hSWmJoA/twlLnyrzeaa7qCX28ZLApnztKgLkKv9iBMKCmJZgEIoo+EO98IGVtE2NC/bOYzwOslqmdEj5Db7vp79QUqDyMzfMq0XY5Z0lCsZ0H51WJCKuXYLe++r2Z8jOswjsAsgHXxu75lGqUrfoyXcQKvIBJTV8voTZzXh9F5kn4DmUt874FBqAWDwDyng/z+5f6yT2uk5h8/MZ1wXPxhh/dlyZdrka/5wLK/DLur8vfiH8mkn9odk2g09TQxYcsxryP26QnBOrYwCPWLUUA+BLCxXbfXbipGpAwda/E6DvFg3npfa42kNic+g6CRhDFYYCVCJQ6QJWG8XK5OCO/f19+bZABr/vQAu9fx9Ez67hm/LLjW6TSUkeac1I9V+zPrj8esT9TJWUlBwidf9g/0E6ZaouXa/QoAUhD33QH80/lj0eZ/b9qntXne0ykF4wfoGh73D0z2Yp1YEBs49YNDdDdgRF9Yi1Q+EChqi2ljZvvvLWMvgNmhLcGS9PG6Q8TJ77dcafymY0IbRHNUAspnqKz95HQseuW17zcuheXDYxJsEA2B2O/M2qfgAvZiAzHEk8vHU6YzeHM1t7hPFbAt6G0tkoZUIZ8LY9VufC/iJs8uibGqrMB/IYdR832mfZzvY66rirRfFAUVsv3BKc5VPdVz52jahIWXiIRLeg+A65NUwiBbkZBj9lA4MLauWYRsdCRQ0GsfG59gefk5CEOzcKafpbJaXc2YztB7Hl9LSE1/xVQTbEYFuHClT0dGg1JoKEN3H09oZDrmcD+UKxM/DN2vvr44TUHn8Yiwysl3cxf5UbS1oUDjzdtBuLTUV8YGfi2qXvzAIt2q9pokbuwJxxBolcgp8XlCdolxRG2PYO4dWq93FbBTdUVFFkC++jOiFuMdomBStfKpIftomO0JCT95r31JWKp71BXznmbyl2sqF9MjgqK8Ms4FPaCGzHWPXZKBwLcRIMFMUsUrt4N0O3e52Sl8ClCXfLafjl8jfcAPNPYPQgc38oxJGE5ONMUDTI7bpVP16gB1eKRCCaI9mZrxhBY3e8xW+CZcabvsZamduLKTxSPZIGPqieDi6RaIVAQJD/Km/qVIFC39r9HRHdpBNH4ng3h7GHDUf4p08k5c4hWM0zka4T8iWo9GSmiRA/S+GALFTNohqgRt6QgmbTzZd35jYN+l6xGMV8LvtCUWcdy/jcPlt1tVccOHXXlhwPnqQC4DvRhNq5dU682ImLTn39YWQneNqyNqArmkFnBhTwt/mJlVfW53KoeZtZI8w1pVFHgiupoUuaE9jC2DwEEWlQbYYMG4FFw2gMGf2mAZ64T1yRkcQbze4vS0pJFiWDUSQWsXbNggVidHstaCT6+xlFWqiPkafpvMUFDM0pCtwLREANTqPFt571bSpXTmzyudQpN36MxHBAl+QU2pE+ZdGkt1Br1Ob4yXE3N45Rj0/d+4X8G8b75CFbqfkY5lX3jTHhoAxHjM0gKPgD2dEb1ZHwkMIRtwacXYZyj8HDc5zPZ3Sj19jMYKj040n21qnRJjZfiiB1jTNuudTX+qpgE7IUADf2AzI3P1Fq2SwS/G9ELma6C9wsqB8OSBC/OgzTsbBAuZvWfRisOgriOISP6iX+LPTAa2X9iv5/jtW8GWwexj6/kOKdQAzrPQC5AjqXvu6A4/BvA6im2PHNoIHO444G4BaX7meQlq1cI4rQ1RNMvFvBkAoAdcM0xi9FJI9rcAEXPd1xb8OeRVed6YFUTeg3hNEtTsjk82WQs4yxWsyodPjuHBtaE7pfceMz0oa35Cx/syZf3xqEWg5cKsRQvmdmDMS8meFoudPRe8kH9+VKSQ1uPc1FfU7qglaFIZGplGjyNIAVqzU3/rkp9ZSMG9Rbrk9c/dLaWmsYjFX4G4Xjup4cLCkVrb96HikCYB5s/wVNdyMHxoeTWaEnq1fOLzMV4cq7KFRQuc6XxjaHxbqOay8QIrcOJW6kR4xiBHxzAznCEoZST/k9sYl5CysQIFSrgldZUHJMocXGy+OmRqYp25Uq0AfcZ5PlS6PpwWpBNGxjc/6cTpzp2XnVg3fdCut3Gh5sZKTFL5h3VvJvm2vjj189uRmXuSfnRePSZIuEzRs+jurhbWzHepLREjaIsKCAkg3e/rPdqNW2y0axCtABZ6lvuMR0e6mxK1VtC9l1Thd4yWO2fpuhsgtZC6BEK0cEZci/qN3VQUXsADCxcw6gS6A3eKNcStGPgR2Zo4rZqAQbPRLGAheB3JaUfU2HLfrqcpvYShucsszyIBoT58tV+fhseyu317nPk2ncP9lsYTGfNM0aDuUC3XBZmgdhNG51wafoGGOiO4hEH/NIfsKG7EQuPKWkSF4RK9hBg+gieo0O8u3l54uRLKunsy1W0oZ6MrkJfl8quwwS0aTgGyuFaOsoyJDe/ow+8Waso1h2DGE2q0FvBKn0ZCvZtETE4Stnt+IW6WOaQCobMuy9BvhEPO/cz4Vf/+Z6kF00d60j/j9qAsCzrx9lLGxpoxsfYW21RMAmPIhgHqpS/zAI8PZRpN7u5LNTur9Hzlkjbcm2zqbtFq1U9bNQAQEX/tNVmR46lkY0w6LMpW5mDgRZx8NsV0Js11Rg6CXneQVFnPxeit7D3k4n313NG+i9da2j9gMqdjE96xGnfEDPo/wtpF3zIWOVBIE0vNvsl2FZKtQe2yqir+zR9+yMZB4pXb/UlGbeOpIU12ZGqTpfN6eeWqvEg2Tv3s8BF6e+o1ep4glVQpiowpLcHsZRYXnYsURoNMnBKyCAyqnDZMmH6Q/kGj4VYtRwiXeq1RXjvRSRjLFIz7NIQqMOJcBDMsSQh2gCfTK7Sk7aAYFw54pkAFB0OhjCXXjaesFsXO6qxkjSEFLNKpnJGJ9Lad9ywKc+Yy5zO6BpS/bnwDr9ewvKKLaIetG6OFfAXavfkItNDSxqeHu2WQz6HlQFBfLsssJJX1WUXfh1XQa2kXM9EbvVmNXb23asd/8QDz4nQqS4TpooHqLLqHeugd7hfJIYQR5mi4YBOLX6ClENdX6psecN9S4jW+YFCL3/hi2rCdnnbI9OrlG+gBFAMJkSkcw7L/ZCUbEqf91G8ozYWv0GvyeDM9ROMKF78NvXVDkkzUtWbp4cXmSTqfmU0gDI7AfaZU+bP0dWtuPxHdfrKVLHZsRdYZtZBuJDM4MaH/YHZet2yAzrmpFskY4AECN5aihTVIBhJ8PkSHyF5wZapzhnlIVY4epb9btlpv42n+oE85K9UGeQZBuiwLcLd8CQvnEURQ833EyT0AWC2qXyFRTXqWghV+Fc6GZK/IooPMEeX75lAdmoB+dhn9wmK6ggs1g9u4hORK+/pFCjrbeCw89+2CbyXIcV9m6TSPBqRzdWg9xLUMVlm5yV/I5UZAfwFo/A0OMcIsp6DbXGUbGz/eLJiLWMq1QiBqvjFbmqHj84/N5+czI96/Fyyhmm0jIEZWP6OmmTgseiM7eqS+Vj0duj77yaFDsgxW4ikWueXI5M4uNqFY71YusTti4aWdxyBEwtjLvU0jyhTqrpc8cjPqo9EYpJQ/a7Ta+g2T8brD/HmcnW2GXUAMzkCXmZE34qdYW3YYgvyQhqH1XmMMPtRztx5AN+PrsL87519pjLOP0/v6yNwq3qql2QK6VG+0M02Jz+rmRp6CO6E8jlYXmefr97bhbPIaUQk4hGOaES9bZDaShZdzV3rvYz8MhWaNGRatuDHmjpb2xDa1XLTfCP/PLoCg0df73ju4Iu9sFdXcxALVTukdXGPoIG8gOMZ6MOr4fSkE6K+ho2GMfSZ3xOTd3syn7/uD14PmnW0ZgCkfPKu0z1QgG4GYc7SnczJlgwDrU+hl/43VsaeE7/KGKuSj1XkvDcuOSgFBzFgM12huGfWtDQYgS02rr+RG9+wfVosaOTfU0SY3mgPmvmOBBUvfajKyXCTDi4rEK6SuqdvBDg8V+9u2pD3FhH/hV/EGl1j8B+9OG/CH01ni+pf4fZOdpNUyLoe8mRLyllyxfHeuLMxsT6li1BuAH9Z1Wt1v3nVaqfCmSO2QmHVdwhK9iTVea8ncV6i7YhiZV7BQdn3otclR7FpDCoGIXtJ3ramODaZ5qHfRxgoRLKVF7ycCWD49Fbb5qiJDv9atTolpW9TQ800jWpS3C75LDuZ4vLJ3611sBPDOCg3r6UmLdbxBPBHD6MoYIYOR0/Rux4dFbZWbaahPbW2Y16n858TlAgiVwc/c9zwa0zC/dNHFL7yc9+HG68m5+ZB5MAKwsdAioQJDohb4LJrZVAR3Bo0I8kMPDbbTf0Mbfj7IEnEtNW61ImLuczaA/UWA6FqaEhgWIS24pUVo6MmlUBDLUH2owHj1TYQcdv4lR8+xkJK8s3pDvwi7hKyTYwH4Qy+iCAlHc2pnUWoWGwWbB4qYpqdXV7GIA74EGe0IijW9GIdEohjOfiMYSSC6nGLGmqZpSE4wy8X//O0ngJC1CAhpFq6lbAKhDodb3e77n9qfVcRHzrzjnIn3X1Wuuv3+mRF8UlcewZCGRBV4jS4kQQu6Ah1dM14/De2+LdYkGEoxYkUOf5tPxGSdnPXjgN7JwN0X5K203aWDAiqABiKzmTezCEOqYM+nk1nD12JSlh/NmYYgJz/F4PRyUrEF/yyayGh7D2+oKqBTfZgNi6BmnKbPccjodOzCw9Ws2zlghFu5NlA//kRwKztlG/1uOn8Fd8wHHcSyBonXBNxevOcjrZHp9H89Dj3YB/RR/ks0L0pUPRk6M7uiVDuR8FGqQFAs0VFGrmXfBIu/2kSb2c0CBW71yIuHf0gGKyeGj44BIDMGQNjwxueeWt3e0NkpEUYdiW94NvZRwEqgGdau0Iw5NITrd7UKYQLPZQM/zzRT7tio72OsNFYcdHaV9FtTDfk4E7tiM+C6Oha3zoCc3A2E7TcTPtpJ4DBLtrr7Lfe2gD6PGfDCJfwugNaY89PRBlY7/SWHvMO6DqUEpbh8Fu6/W6haC7+MGJwHVzqWPk+Jhh0bmwG9lXAB8GZlBwwqjqOFybZVlHDBxcBwqcNFzvgqYsuh4GhAOsoaESFtsQ48f7I6kx+fQ1ZWKmsVvYTCWbrAhoZGLw1EBUkRr439Faczfcsxbb/EpVBrCZ1yLWwhgTj9tlwalmSQ7Nanwix3FRo4gxhd61IZAKGkzfRNgGnomxf1Qz017IJAQWYuhX4MQf94/+QzspivI5auFaKXC7S2lJyINZ778p0/P1ER4u26eYDrhg3Wi+DFVslgTMhU5GRFyhh+ArGYSgntSgcthDBdM06y8e5GrwjhvnfeZBwYH1q15AXzmHgbLj+skVtBNKuFCha4mUYcdNBJxgHjn9nXtUuhtYMadDo1LTd0x9ADAo462Xd8UkEeMfmLPIWscR9RJgeMM/KSX8nWe9uean82iN9x0qEn1HLUAagvP/aFDS0vgizmzStnOO0NTFlmqK8yG8lnSpAYeAtMtcpdh0wCBl7I58fWk82qARGjisfHtPXo7j7SANLOXyNpIzcAW1X8C/zK1GUPB2WtLlCVOsux8MUvTDr1SOA8HgBsdwqIN8QKlsvAhK/UemsZdyE8JLlqO4iHs218zUH0pmSYwt1fFZrkC7brPXDcf/hCbYdWUiWrT5mD3ATEg0I95rfBRHNSMCZ0vBf9HNWefGxWGls0J0wNu6+rtPacAaDrmhpdCIGOi3BQxMIzJQkTm/AhfBWKk8mjfNdz4mFyaj+id86/degXKX8QGFR30Qq7WlqxEiQ7XDtKYqzAuBPYChj90/RSIovIeSYZhFkvjY5/zUhnAB9cXLQSjL3YREthaOHNceOmw6qs1bjy6Uy/OQ+tWtzLkiLU2ACNvsEEd+QtzEFM3xHO1TyBPw9f/Iadtw5tAXeGas6+tZuD9qh+NWPuwMxziGzplqgEmWHBxE7hWyENFSyNQnPjpT0CHTRh1/k1Wnyv8oHCnmrl0hXMDL2wvH/RfrF5+N6dFQ3JYJuwjau01/2IgxuAGBiSyyOg1UIjZ9+aCgywnMcewKF14AVtYnggYnCnyyDby+XJiH3U3XKtIvS3toHql32r/uIVq8nr+HeTFwXrpbRpSOaT/vYTvpydmxRh7TrGA1ELG+LqAJig1STMilD8Ac7cIz78JrGGpbuJrX6qNFomqmaYjOLFK6q3pDzcKmH0SvaOrlUrufpAVWAcUzkj1WJUjrHnO3vpk62X9EBG2HFv0d6WICbndo418nCyUWBfQUIivbb5uY1UKLUhJ9cxRY89x9w4ElwDyYvsBYiv1IislLrRv/1ecKax6akskPVpdeohJVopR8XCVPbe5aX2bgZes1mh/fYx/QFTkDd5DpQN4Y1ZWMXjtFHy7nL8meYkGDoIuu42pncLrC/nwS7f6TrgCoAHpS5IDH5fiar+FqLgcsd0M7RiGAHOpae8OU/CPCaIqA0wYT58vgPXU90lzZ1VD9lM5CxH2E1asKKAVPZSVNtcae6jSCVqqfMqWOoIwpJf5tuNWSKqGlgQJfHStbqzoAoCWkGYkvs2CYgNxwIF8VmPaFEBO1b26ahSzQolYKEqRxrqWJR2MW1K4MSNW8HF61+swEPOtX1CtnTm+vMP85oSLiLE8X6fwLFVTBtF5nWt0YjoUeK6+V0JPSvPFGffL7TJZKtlmKHnQrBVg9A8cAZI7+kZU2YFYwgc7EjiYsR1mFdEDw/c7WMEtUVrDTn0/woLrgnlgwZnU+b7afwUVu/SPX4ByFeM+4AP644O5+x0ZQ3xH8oGM/gLGwbvekJ3Hq+eD+IN+JYLDGI9H9C0wPzKzEOXrJ7wAFXrwyw32Vq0sJLMJRpuoBacsHk8jCDjC5R742OVCKfz3xigB4DPbTZ6IIRNqqnJVwma9yM4IjDoQdgy7Jehq0MpAjqaa5EPNmIM+i55CZqilEVl/kJ6kmRYOl5nAnJxZBMoeyFmCEM9GTg3DyGtmNWFUarVnPxdPdCIGw2eEU6GyAxFmFqvevuGrfYLEoa5hXTXof3qP4Oosb+Iqrk2NQIhv+X6cpRDCtVd7ku9HffUCv6ZTL6J3dOM1LPkceOSr5k4zdUYH0WDveISM6QXmE4BtZk891dpsS0Gr8tMxODPqD5S001xmZn0WFL3Oc5PuMG4lAlEVWsRHhFfdgXOpjnAAH4zb5NO61AsNB+d4WY5ZER/KgL8Cgl2l/fOhtdfSdG4pVE84KpSOUWVF4nO1U0iPC4ywdvc186ditLTt1++ZfoCZhNO/WYNKq0Wp1xS48+tysGTiedX+yHjpenQRYnBv4rV2lLW4MNOLc4bL5gM1xA3hOAXMKuwcKRV3Dc8m1XHhw0yywaCYNzqMnVM1shlsBEByK0GfAfvQDeyDkvO0Zm1wCV2D3qEmeua//DuHSKKOx0izspdODw4j0VZtzhGh+JnBSvGutdDfXZsUIqA6ej6J/zboyDk/Hdhph99TSYugHGszDtPZzxj7zKy+cF0HyOzJ8MWmrJPhv5x6Gv4wmWZV69bOBJ+E20D99FXqnWqp0ZZUTzWgB4dga2E3TOAg4DireDC18XVb+wKnSodEaf5NWxgp2Oa4jEpHywahKYowlO6N4E+kuUSiUcGf5StbauWPKccECUOq3eJ8a4dfcp6flF7Fuvfvy+O7z2AdAliNw1U2xNWYDaMQPfc1PlzEv5FFe4Xhcjm+ToNSbVeYYavDvhnFt393RAy+dyxpbu9a/N0ohwc7+siW6sPANvtLwVNbk/VONvLdrMwehH9ChhY1UxONQpIv1AiWaokt0mPLNABJdkES5/lluhh2xay6kEDhsY0Y0PLBMQLvFl8rDfvgvQTxnC8Gi3zHefUfS04ku/17T3dUsUaa2z4Ne6qTYiY/P0BSWJd+N1F3JaXkrv3Et6wAw8nexZd4+GN09lJEPRsmocOWGzjvMjF63KWJIQHNaSazJFCtZgnJFl/u3hZz9u71YS8H1IvVapzBo99pviLihWJf3hrnFR7eE/CL+fjn7n3tovK75czSD+5UJTy/LRX2fscV51Xjre60u6zJZwep555rFz/McxnUlLvyfaIzQM6d12LmmrhTb0NOdxlxIFHJZmQjRzoeH4CjD8+Uo7hZ6SWyAINeHZpr48zJ1PuhRgsvhKejT9n2MJosALBechb3utfXpahoT3gFeuspj94+52aX8/MmW7bOXL8vPfU8ZlhD930pws7SURd8IwWRjbaziXa2OSQ83uXip263b5ZVynAEcYlG/i2jJCZv5BacJJgipMj+aiICUUzSbfxYMj6evp4GR83QOyuNagkfHewhaFNE9AHTP9pmsXqb3uv8WzL4L3fTjhfkvBLSfQ8+hNbmk5v35j70VHk6D9Aep/Dusw+deiQP3WsNSA5KSP1zJPKC2NKqneak/SqQBDdouMq+BjSbc3EJ7cDtZOMLy+uvDSZIpXwB/b52CzFIpK/CsaHuZW5jI0crh7dhaNfXvqivU/VPRy0mP7P+qD2GiP2tbiPp5ZOdruv+U05Jb9bOMkZz0oykAW7FwK26ccYKp5+9N1XjdJ9n5f9AiI9P5HRgbd+IgPYZsJen5uPjsowOT7vmY/6/L0Hj4Xfl4Oi+M14zVWmufBlqcxHw+HM6/+hJgqB2y+Z7xevsD3t0PBMalhbo+PPX38iEMutpsqLsO1UUe36jC8jAzEpXaEC9cns3IeaPbEUo+0lnQG882CvP6vYzAORKA/Wy0iXZ8ipWetjlC0f402MSeX82d6da7+yfdThvGJ8+rFzCNbz0PNLc/dUIe41kaEFNYONl3JC+1tfKFYef8ekg6IFeQgds+CGV6f3+9kjoOt1b0NCAW9RYqjxq+L3snS9P1t8UojD9MJHct4j81DHjZ+ien+Bgt2/FFyQbSKsH3ZYTNBr4SVZmUYEDSUCrcP3LsXqyjoOYO3Iy7dyiVYFpStWIQGX66EUkGgjnObpAKmHoXKtYizT2yc2M7hfipj7Hz/1tDY6RGCrCvPGpbavwA43+uopKJua7CDTeCp76vhBk6XIfKr1cXwUqdQ93rjj0KnuWdUDbNJ+KfW/bOOMot0uqq1nO8bZBbnn6ZnMTu3PNuu3C6h2zGuUem/As1XQ6DG+6N7v6Qqf217DnEfhVKDo8Bh2JiR/aeNeY+j7zh0ArpzT034XmQwjz25Iemm1IrBdZHTl3Nrd7BsPFBld5dVoh4xZ8qkHMnlXI+0W45t80WMDrwK47MnXEKmI8O7693TnNH7suQW9B8jz0sOZr7c4PYtPEeGuXdDtlyw27823Kw5VrzbvjVr79Z+7N32ie7M8B+VgtgxKl2pjO91BSaEXHmf0mU/+sofCLNbejLFd8pQpqWGTuCm/43DGqc76qBCDMub8xkFQk4BUilrZ/KKBr1qU1RzTIjPCWFNDNd3m1dn+Rl9qsED47FWIk7ruzl37tG/273Oq+uWvoienpSCSNlY84J2jTvft8KiQxVzPcOTeTL6ZY3R/9dXksOZihZbTJ0bVuphu1cYFNmm4AkzVspdGN45oMD+Z5su0cYY6SA6wSqnduzfySq0Oi3b0bDupG123e9upB8Bf3h6SahNj7Wq4lPcTx7AJZZRFUAZTK+GHKZzC39d90N6xv4Gcv78BZFIy433If1IumqXqzjMYOCUbHANVxMekyy+aQRuHOFpRenoJU832CkAT3e4zFQo4H1P4aPxIPJ0XyNHu7TIr58fa5jLyJ+6iw7vtr93TIX5pAJ1UPJs/3biwn7Tf9MFwH+o8n/RsPtIBuTwo07bPAoy8Jplh5Bb4XsYAMW8pDVYN2kivOVaZztbgtPgKh66CW9nK8BM0wWpe+wPmFC3XTQ3Zj7XjOaYJRO0ew+FCiopfHGlb23+dSi2bOQ9nuC6MgQJ6nBHTouFam6SXz57sMuKlL1XNZ4RSn0WkAIcKHSsHfBuNf6abL1o3ABDF43WbvFBxlufLpnCNhuo3gdEyX0cDh7rWLMkkE+TdWjhDCeVYyOja/Ko9aNeiBd2nZGlrlvf9LPMZ6dlwkXOVib5c0GNTnkLksIf1c4Ijtqq3WhJo1oET3gXPbcdN+aBRq4wTu53y/ULNswJDZz+Up7wHwLP8bsZo9oSdOO5DKtOVeVemvyJuVzH0Ity9DQ8wmFWJxrjZg06zHtIYuFpKk30GLbOAZabV5EA3Cpie15GOmL3qgXGQGs58vmXwgK65qBV7qeNnd06KPsVS207h9c26+7YMJrz0v3dicqtasudNObW0wLh3HBPI41c3IdQr5pAfvlWWMjuVC6BSBH4GlBTVK/Ktgot8q+Db0kS+Vd9L5Sko5til93DGEeNjkw6Y2u79N9Nw2RDmUv+RT3bKv1wy02kR336zZkWhZVHjyR0QcKvSYp/8aGt9FFlnh4n7ZXfl9Hfg9v53HN3eGH2sXWBfpy6ACHjGV+t4h04rwhoOv6YPyRL5uBeU4gLuPV5KJeZdLeIAtueAeqbh8N4nzPO1HeXiWoU/9XD++di5b03te60+NSfGmn6Je7d36SH5vIlCW6Xa2eAoeWJg1FTH7gPdp1vNjRx3pkX4kJxuxBlbhh+fmWEMcnqKCgZRx/lttuEyo11sfPka+XpZzdG3RZvEz6BT61a9JXgvzgftMzdePOd6Hztm1v96dfLQ73ZHR9y2uF3WsUFp78jnmLN5GlON72u63XL3qtVHbyfZwdd5cael6h57oMHbR9lIwPqYRYnjC6dleB8xYeXvdSq99EZXiY3x1PbUCeeuiTMy7iLPKjy1HytYztGSl1O22cw9Y5WkfT9/J+S2tpuLCqhXC1JgcOB89dLVPTU46kt83B3IjtR7ZxHkJDW3zCtAoF50h+/rHHK1hgFE86LaYvqFO5O73G4mAW/f+nsTBxcHNthYtprDkM0WQgHh6dMUX/RcDK4ZeKtvfdomHbRUfWuTkQMpnmgPHMXxbq1dVpRsO3mipFRxz35+uF/Qw9tLWf1hJD8qLHwgJ6Fcy39cTNEZmceXjFfzL89E1EWTawY2DIbs1jWb5ccyvgyYgOKCVT+9xFRSAxkRq/Gu9ibiFbM7YuJFWzjYTu7/ylpj4kdrMo+qIoqsCaXaaZ0B+19qRuZ3qB8gO52ymnoAnX/F172vKeOmneQJWopbNR2zGBzInCIbl7F7M1KDeib7wuZ68+MSE4C5hJQ8Ykpg6vJ1w0wlZBZmMWtvewgPeTiiBJ269/DvDr/em30TaK79q9g2R2jLZGQp0Ng0V/aCk2Mank0aVpACkUSGVZqCXW/GbuXTWEMZr6iFhZsQjTcGsXd1TV0XTAYqBgf2Z4RASzhXzWB1T7plDrpOAsV2/ysPieMaP0adAjnSFbNHwzwK2qG6hNaAw0luToxDKy/zFCXdaW3m/XrGMSCo44vUs5DjsXouRFjLIZk0uHvN2FtaiLs8OQbhZvlVMBez0scONFy5JqnmqDLL782jk32p/onPonvpyj3Ks6boMHboex8Fsmf1K6C5VFoAdTKySxH7IERkV9X7LlnWMnElQSNTNsXoYV9kxjrnLnP5oDpAf2OCXfBpNabc1zGnozGwF93zqQ8AZo8Huj424TCOy25wuNpz3Wf6BaTnOUo2HZdnpSu0pltrT2zCVVj7weR/FSO0RTEi0VvvASHvVIi4Nj6K/LtJdOulrDj7Mxsdcp++pOLv7E1SCqKs5pqrPhqiVn4id+x3kAXHhQd8mTZ8nUMniITdjEsiYfdebOmr6CCRW1XXfEYGl0T+ZJ3nwbBhmqNnDnDKJYDBlVhk3k4FnariOein3MamfC25A8WaLoPRByW65iPdNZv3+TC79m31/VvYrfJD2P3ePNc8Hdft26TuIx0cHvO3WdX4JVOgOyp8OyQooGI2l64uwyj88KoRKsYd79f8W0346tW/Wuqt/IMJ5+rzekSINPfp0PW4LU6P+8whSqn64x2sutzIUs+ZX5DHmh3EAbqZqRZvo/SeTq2mQ+8gouRpnmi49/j+7qsl8h7S4STNud6C+viDfJyy7Uw6fqVGBxinSjINGwCAq0BwyvJb8Nch/+ZTFKxBOqQ/3U97ZKIiN+XQeRoos21Eo3hnlxLg6eZti8Xb5NWQ+87ltwN39DtM9kU6RbkPyCaBxnHH0mM1XczLbaAMGR9t3eO/0NTHjc8lJjitl/BjcUT+527mVajP5Xps9TdrH6ST/I7xdqddff/qTNZ+1ESb8eIVLdeXmzez8ymtXhmSiYf95FAP2WpRwl5C0n58/3igAUbvTL5eQm+JwsXLj9WAlR1HAm7qBE9hEunIDx5a0fhQDvsS2JuUNUBXA8Tt2x4mcqpSAFAmnOdg6pC3nRYwCknbrqLO/Un0xC7TmDe50xbbS/hiv1imhz46dStmrtmWLhKcRpbMbeezp7UwJkMfu11iYPM+8ez0vIdyEJR3uBwV8uwm2Hhmva3RdxO/vzJcd+JoYZ/4IUaTzKAFhVsGV5TrmKHx/CSdJZydu9S/CZyeGqLAiaPOAcQrIN1Vn5ItSjuUTK5/7tCAQ7aX6mFjjD7GWKvvxOKfsqhvE/X+nNuunwpT7Ylepfr6BLKRKdeQI/EZmcsQeXp/jVVqtP3FdSOre8crB20IqLyE21rJRk+UKHPHR3FIHZ5jjtOSYloHODA8KgVfmOLBMA8VQxydMrQBwAHPjIIeV9UtFuB6l0tN/I/PzkLns7C0fXMkpZ4Z6rjyHH3yr0A0Kax3d3j3mOJLNQAQl1+2Fz52kRnMX50iQgssoL8Kuv8n3kpY7o8xYsqH4NATXttSMWdfKdy52aUGgHCpLRtZoEXHjI2bql6evTd0m/vnOIeaw+Y4DfNfJ31VERoSQGCwGscTsIf3SZNaLhGc+tFbWR6C4g3EhZDC5rL11x88ERQvnFlqy5ZQZGSFP7iGzHDeDqrQZT7IexDuJzKpegQQk3rzCYke62Uy0u6bDWAzBrvM7ZjdxTIGYL8w+3YBSWMu4iRp/7iDpAr/9h1XhIeRo4WKfgfbvr0bLPzc30MVY7UpHRgTDYuaptj9q1Mw/hExPvwTMaZEQwzPHTq2nypqVc3SezxF9hrVlEhbip/q0Ao4LHMVYihJKE2/SIKdCOjMzuR3DQh62+7xOeU3HVMEy5rNDuT/kpbJkY+TqQeor99x2ENxr6lQxFg+07lP8fjvjvlXLORmGkbnItl1TE+UEfPMgehwylQMfHRLzBvN1Y1neVB0EIXlOdNkEvFqvISdvrKm2j+HAdTPo/Ie+jXDXNeTbI63C2SWkvMw+mSXSbuUkPV5l9kFqf8RsClzdzOR4E6p1nm6POuz8NqWoX+9hXzNgWACWko1/r1F2cq7mp8M6jjqUNTZwkgNCXZna3Q3+soG8+Q+FnW7tDY17z/hjobi8P+7RZUaTps9ruHTqdxuir4WhDsVpkt26oj+gpF2Y2wp2dloqv6qaeHDgz/USCFwksmjrNqaVivDFvWCmkGUlD/1L2Ikrp99hErySmysWq3YacZsT0ywg8+U63fgrAbopkicAvEDNWvFqqKW07pN5KEidnjyX52AxA+4PWMNZJJU/Ay7+6/F1V/3kk6VvxP1TK9qKfkdp6Fv7SxEA+KMOm4wKdMGoT5z2G48w+qP1yKrLg0IhqKNAmOtqg3ZHbavMRi7x7WkUC9IHwCwUtyXooosbm9y8h7vw4bMJMFc8mqe6fWjqfrChDNxe3REoiGdqQnj8uHiJT/Tt7jM9t8f1GGeDYCM1sJPX3J3zO7e8kq/sxwADO59kp+gZ1I5+a1RNq97iGydTtzP0WrZR4XEKLI7Ep95oIOQw6KZml5e3wpu3nn2zb46sz1W//STdkH/FeSS/NGPCIaLITw8nVzi6q957ZCPtjIDBn2g9V2AyK6owFQZZdqBcdsD47pv37yqIVPvFQHLBVARls/19OWQJ3tylaJlMybiDxGWsFPHSerNxo5tqbxiW4pehA8T5UjkHwtKNBIatxjRxROSz4hpnQS06gEPSKlvH5mL3r8bMTOtUN1YTH0XBRLZUwVl+fvyevxXf9nzJngAUqwOAitF3ctrb8CUcN/Jstdbl05UveOA4NssOeWFiBXlVq1mRvCr8ksoDA3q6ixekXP7fwZ3i7Gq/okU6ia81o23gfFkuVGPQjk3ia6HN+bOz3pUUMM3yAf2eQDg990QHPk0/jSNY2UVox8Vsg1QWp3GN9ZTvKCKMtIkeeglqmH9x+UofeFBlOUe60z+ACHUNRNr6vEHM5jzS5zsp+GtL6fE/YxJaoQUT0b8cLkOnGx6sgrw6WT4VMCKMfXb3+ZU15DKBeeOh27CtHrqfkswQbyEFGYFD5x2881rDBzhhg7YBb0teJig93Wyl87rbWHY2bOjYbSqlfE9xy7NQ8etLDZ5mXR87r8i6x0isq42HLbmdQuPbrkpalp9d7/55aFt1NYueUnnLrXbnsnPm/pEPSy4l3SCh8ibyt8lScn7eBDJYbyUz/bQS8bjOMdsXXPMoB5WrXhiDY1dXjlISGjCXIlUXXfEZPBKGSYyBuHn0ww97Ots4k7sD7Z+enogQ0w7thOULg+PusVfGDAKRjX45+w9GasZpQda+kMt7P43jGw9+R8Jwv31LW/GuOKHyIIIu8lE1ngYUZTLe+kaHmjzv52prOf+liD83wtgP/9eHtedkhOV/65sgnurG8vvNwHXgY7fD3T8esoi9w3UA1JYnHDIGmxigScfMDkNNYXP+B+O1gM+ouGr4O5OHSefw47rxgQv97VnKEEOMOf7wt2/9zHdfFj6voJu1VEr3rdGBg7AOBer6HxJHrrg5xSvp7jUQW5gNW3SH/SVaJvQu+52MaVPHkoDVtpwvnmRl8EgjwXNzBU3kS/VOZEvFSqWbb3aeSS4QlN/7UqshVaUhmPQ47DxozNDT0zXHRsFpAGASgQZ+d3BdpOnQjGX9m++lx233f+V4ZDnj/eStfleuvagbhZchBojW6vf4v/s+PXTKz0ShpZKukb4eF83LkY6Q9kiWbdATQ0rXpnuTP4tOW8egt7wQQfP7Cc77dqMuKs424v1LX3AsU3iDsg4F8//Q21VKa7TYWa8XZ7GG7NaSMVQBKuTJ363y194ZrqttLpY32xW4alsp3J9kawa+FGnxk11J4DsCSetVObVQhdThYva7v/t0W/Gmvwcyd1D9wEhbJZakNMNzb2YEC9yz/C/7r7zX8WRHzC0cvNc/jNa3HHA5P88Wsw4pnbqznlqqFUAziNwUl7lDOgrq7l8bbVGofRL3iZbVUJ1u/3HkipBCTV5lb5xLdqI963HpPeLFSo9r/w3tnvc0WttLs9NXG6ili/ZeB8PBlifHk9U2CCZVH9O3eeD9l4tYKZGxMCD4Yv2EcO9MXo3MxzC/Thc5dZzMZrNWfYU0rHmgDJtg5mvxM4mjJIV+D7uJtXBGVZn9u5/JOPelx4u/Dh1uVT7Y1P4bZ6lo5d86pE7tXJqxJ3AwCfrF9WGTkPjgZUxxt0W5YeD4z0rXq6dJa/a+whNZECLyx45hwOfjR+gXtdKVo2GGCtYoDzyzNHbHB1f4M2+97W1+HrnoXwJHzGcltrbWb3uT/aB4kuNNE8oBZFCgrxNSwzqA/aW+c3Vkxf/Mzk6b55f8/8yORqO1GH4lxbLQ1wGJIGQW3kW0uHVWxCXN//9Fvn/gcqW7d8aiR+jgdrP/rfRwN7gqKSM0EsktTTj3rxojBMzm1FWG/ZE1l1dPxypHVyj8zBdHqJpjLQJggAL5lGtOJAuKeCwIk7CxHhQTUWXA/P4skJQgWJ/tX91xe8I6WKYOfzh2sLc/3MscBLeUMXsofowu33r97UkluDSY3O0zmRW9k5TnNMXmqMz9jUnm4yvXjylTRas974sA1cRz0otf3a7MQ3dZO93XnyCXdw8hYFTsYd+Horv35YcJ2rVajri0bSne46FiLOaHdIg+Fc2ZwdTFc+aAotyaX1nNsnVq3PdGPIzbYiXfNeKXuNdZ4ZyLJTZfTbeoqWIVpvZllMLCQqw73Aug62WygJ3asjSkCXAiLEve5D+h4dSL7ozbaTgrBH+nO37J20V7R3l1xwbJdmPGm4jQr5H11k6HUsvkNyetbMpurz5bi2/5EW0r7DMOhWJ5ffaTz73qF5bzinn970sk4EHyPHKG/Hd5xb6MBn7qCXExtq5cZwC3rGg8dQDx91lmmun6DLpFf/iGM7cjv1B2d/8GGPi5juk9LiDnjWpagCXnk6RT5RBgrxkYi3Sb11vobRbp+p7I2Zwxakw7dIvpQORGSbMVLvRDs9yA5MI3r6LIN1x+53Yv3ydySR8+VJO90rmOxl3tFQ317rZAXZNmPWl5FdpxWOguYr20WxJEMA93VeKbfpWv1PHFktJVLI5HlnQ7b20WmyM58VnMjGyarrNVcvnYsyXP6pY1fK7CqajEyhO/O7T8U107XAfNKq3y7NBxe+WK2rle853aC77XLMojyr9pvtT7ej/yqM/2mi3oZz5V0+Hrsx+dZDaaqI06/I+Yu/XhzckL+L0XrSmmk5qJnHmbmuA3AeedKb+ETzaBinr+j9OwvQYfy6TMZjvav5KNw3mVdi2ID8dW3VUNiuvzVvhbMmx3rfjrUTKSJa8eRbvSgHZoq9H9gneBLe97Crhdm77s49y/YL+1nN/e0+xEliSMYlyLaOKbUrk7jtdruxLhWZsf7ibFtZhrjfUa6Yk9O9JGJH1FLLH4cXfjQCeZ21G8b+6EJtP41WdMwxB2nVrY+1Iz2bMsTD7nuzQ8csmTSUH7FXIMD7jtV0eHt4rRx7XmCSnF+ICDyeqQnYxzU94KTBtZ75gVZlThVdV+GyN1W6cnmRsZ+j5dWNhbCJFkL5n7lf4/WsWI8ZGHlblkLya+P5Ymguxr2S6vCvqG4ScsOzeraB++nE/p17nJOB1uPfpiS1PmrTvbqTHevZ97BZ4y0DCx/vo65O97bJi4K8RMZO3bafq+wT9CaUyQP+hC8j2h7wf/lPYb8ibdjqZeeVWJyT8eigVi4GqD6WGE7N3Of4rVgLe/GVfrH/NFoTzOe8PTSp+8l6/ynttK5opTQV07D6wmqp5Z+/VDDuIDM4+MiP17FjvgLLljNHYXRSFY1i78iKaDuIgvL6C5nrnPHzufypJc30/0tfqIVDQ3UtTxe4ErPUy551x0xa3+gUFzsJu4JO9x5iRfsrQD/glueOP8ftxWfjcSEyT39EGnS/apZb8cfaIHAFa0HVk+tRKg3NMFnxnQtjQDjAk7JPmFMlWkQbEaXKsysFmcuE+rjyolsQmA/jWwxD5StEE7zilbbQC6usCx/LMMvdfWlqNtirXqVkdKvtXKTVi85dpoLFN4ld2wLoo+NyJye2pe+4Yt7eSL2U1DL71l5I5Ndaq7IzFv7qVnGB/1r1YvuVMsXFKa/rhtfU/1ILc+wU+CWU5ayTgxXvogAWeU3eg4BsvFabDez3Q3zbhLaMLAoSSw3dB4i/1V024pIfkNd1IDVW6jws3CtJuvxaihFz8cj4tGqDbI/toHylt5/76++WJkPul/K42fBR30XrSPudMtOzWjBAUh2vRaK2WzD1FBU3MzPbZAPVjSmsjxvrkNzhvhJ8dor+r+Nl8MDv18DTwQdomAn327xDooQMipHXaZTMk0cjA+Y5NYk/tN03TX6c6Tso7d+wzQbSKnRgddEM2s1Q1I7xMjDXJGibp99X14rdDggNiYLwenOLintEB0zmOG8T41lPW4KGlZ5N934zIpDDJJQdkZXSq9VJJkpZOgP0fA0SUDN923iVs5rHuw9PDn1jU5YcX2Iug8zyx9dZsia9nPHr/jL6jtReAYzbYXOZe49kF7OYV76RGkN44vlB/ili5XDKuAknkamJCNqaq1RDpq8cnFTzUy8rAuPTpoitojAN0FrMw/vpRTyZK5MRt9WBc6V+hjfMitFEv6qMdu5lv9P4vSm7pu+TG4o7fTHbGkjf2fyxVaM/X8C9Q8pAJjJVaMRG5NW2PjJ7qPkB2670WLZiiHtibYTcTTzYxab2LMUhWnb85czIyr1PQfbY1mPz8FbwvRQ14BsZDus419wMA7tUMUUOl3y/zXmBDi9m2lL/KUiy0rJVXlCEn5pvIi427LKGKp0pxKmMyt4dTbe8X7RyquEosjWFEdO9PNvXADdBXDd4PoqorJ5UjAYDg4mlEjxfaXX5Dalj92ial9xJTPDh26P879uoDS/gZdleFG8StnZ08JA/3kkxVvG5a3ljVmx591so0W+/B7PG/GnG9Ge2/S6qM9vWWEZderO7mKfRwvtscB7Fuq0OCvH1k4DOV2UjuNUl2YvPIaW4Eq7fAKsM/lHT8/N0Ku3tQv+m9MbV7t+qmq5mqMeef5fnluXVyRtqyk9lM+xAO11vt/tIPSyVrVfHSGMTZH5ZKIJ/mMtDM17QnV1oE/dVpsKpScHDBPTVvQo+Dre1CDlU99fQm5lKo+1/s/WdQk93X/w2fFAWki/QOIipdpENQaSICIr03KUJAaugEBAkdFQXpIkrvEHrvHUEIgVBDD6EECD3hht91Xf+577lnnhmv53n1zPnqeJGZzBx7r73X97vWZ++ji+1/9fZPrt9e6X9O51IsPhKPLBcXiCxPoCqRNVVPl+nKloPAW4ZrhpTYkTPdgjwO4YGjM+W1uKiloZe8De6wrngtCijNjjKQNSFD2lZ6+Rif3kwO8hp1ASPvoGScZa4CwDtJb2ZQpLqceugGrfOZqDypGCk1ly+I87Wi2Mr5dxiHQq3Sf30O6Sm/Fjy9IGx4rlGnk5qEXdFh94WwQ2DkNfnmM0HtERhhrlGrGIx6ZCXnL+Vk1Jt5xA/Dw3IVieqKrsz21sHN/99AB2uUdcn6DAcfSA/ej7DLPo8Z9VNbZ5Wh20Jnn85k2B661GeqLffnxHtrsJ/pDsp7rbMWtDNXZHrGz1x/0mhj4slv2n20NsX7BBn1HdcglM0BB/pQtBefgyvn7fpRi8MuZdW+cqvoWL3xYWS1pGjeIjUY/qHDmDvebAtaXk2L6JH+MgOboLZa8tfej+IbDYYXv2MDRNid/lNPAsrqPQMwOniDAmoajtPvOAct9/1qbX18UqIWp+AkFhLw4ub/DVL5/6Jy4UDiJmXQ8wv6jdzLKMn4qRdwRChpZiud1sYkw1jpRoaxsvMrElYZwTfVpWLoI59SWlYbbdviyZmonBrcNC2wJ/HdpcGUqvwxNEE8ZSYjb6X4m7PC2eswI5ee+EzoqHNen43dHVFsExs1lxEWps02CLnz+RRNatXnoBbJS8Iq23p3I1Iiys4tCS/onDzTa8ULC7QZtpPqDbwIfnLkI5qMd2kJng9xDg5QvDjq1QJ01sznbVuuAZLO5qMu5pzY/6Uu/qUu/qUu/qUu/qUu/qUu/qUu/qUu/hfUxaU/QuV/7gL4l8D4l8D4l8D4l8D4l8D4l8D4l8D4l8D4l8D4l8D4l8D4l8D4l8D4/0MCY3E9sk27tK7uHBMh4pV8sVg092s9OA8RuGQ8lxQzul06E6jjg9VGdb+X2LhTz0ELf5vn2k1pAGosnslDuOwSNeqfs89s+y0ONzZTtZjX7s7I+UgZ1R9jN6w9JmlOslSuIyxo/v8j1TFz2Ze9vG6XN8RSI4c1gg9JJZtszGy3a2UcvRR0X6s0ZWVvDYrjy2LaL/6grVMr7ICcRpzqovxHX5NUKN5EBfDblkgVXL5yNPkQEUPPCZq1w4wRZVGLaUlF+HKMp64lF4w6qMXyJ7UbONX4BcLTp4NUR496IfFMtuZnPF1cZ5NxvAv4DdhhZ49DabATVw/yHWNLTSsAvfFoibKu6Poc/B+UxMQJj+2166X48u2vhja8bY1cyns9aJtojrr1dGyn1yH4aH2lYJ/pDw38uLwRdL6wTzBHUBtkRLlemnmPT+xqUU7dvla+1A32l/EFG5RQ4ZJuru9hFVfOzIGb3ci7/I6ceFR6vy3g9ttRKgYkb405PL1Ajz8z0J51+50LekjYhFwOK836Z+dEWqCLG07rmZED3LL6z2Uow7q1CXLe/++7UJzcmDlYaO80UE+i5L8E4V5JF9HFWLFCySMaKOpvZW+XxZl5bZHC8LC1+Y3gkA1Sd8HgT7FLLzUZcPSjKzN0nA6MoP2C7vgMh1ytNAi1tcNpjHJsbEH3ZayD5vz/MiL9XyyqLZwd75xnmS7g9lg5WzIBT0ubvxAftU6GNSgFb25cpaK6hddJmiVX2/mN29cXFiymSi265scKQfGKAQ6EpavVLZj1L48d9cKjH61z2bKF06xz/eHmVqK10/oslsLXK8/2jOQrRa98DEXK51hwytfoZ9l+XvitY9dj56DO+e36Zqz8FNRk1L8HuuOz+263NAi8FcZIavkphVv4nqz8M+lwUnEAkNR5n2aVoRhfXnUvns399mSYiRvdJH/+W7DHG7WpvpoxTs732rIg34/wLsjPrJOsjZOJLChxI7GcRAH3EltxRU6Rwyu6/ho6U73WhT/RinZSgsH29j8lVRVCSbgIJXbCLEM2f6/YEulR3S//duNxMKzr0YRAfr+JTDHmUx6+sIwNO07UltBFrSMDv3toVYKvFDDw/hb1J/NNgrsV+DBhqyB5pCAooly5Onf+ofWTNnadxX3wAfeiyNrpK/c03kVSacL4kL94vFKgDfGVw0yakjdv11jHYIvdY7AlwQfQkvlCZ5OMiCKTEn9sydoLARJJ9ZeI/Mx1y2wQrvVyepwvBohpkqmxgr1MkzoISBPHmZ7boZIlnVGGftmLBrMwuWMQj6uF1+wGqR4H4cj0QwBs6eZs57PDL6J1BIyhupFttGbpjjcu2x4o73XyrkBSvWy6ZbpyWYbcbtP3sl2K/oyXji8sg54JAI4SIZZBE5bp6ljrnlxAoaZmBHqAOvcQuNJ+qXwnppQt4xpwmbQM6L7H2XB3hxOxKnL0MrvyRSCNZE7qeIoMMZG1EFdFtnh+WAKBDP0Seb4B03Twvq90V8TCx9vfKyoMsr7ntunK3Yzz73oAkVBIofVC+oVszNCJP8ts8Z3I4iAFeERNpnyzo3Zq0AaSBnlreSzj4ZOK+eou+06QMafN8V/HU/nZj+rMbYgvuuVVO73V2mjdiNkI/uLx3Z9H9HL9wdGqZxjwTE17he375tl2sR/iqGbmpunNSpcwtlZWfCCpYKYUIvgCqZAGsC4ePtkPSyeSXCiuKmk1BBchftrFj1JezyaGVNqh6ISJhNC1lgbnzUTeEaJGaviRW5hXPP0ZWZNK91O28OU+FnMAhoHxBqvZf4iZJ+VRyaTaiYGn71NRXV24ZRZ37VU6bRFlXH97maeO9oX2tvYp6lfLQNz2SqUBlZgspx8y8HYek/XtKcqdyihJ/ZqHNyDZDEoQJYcqCjKIjjZVXJffCe0q6umrMN9Vwo8hX829q3MNZjkz5Cd/t1TzrxZokWpeX4CyX9DKwQJCiVaLdBdqu/FhJ7RBTjRFZ/sCmVcim+OwjE51y41op1y08c77kNZvjISxaex/M6r/eYQ6vW+bcOfdruIXqVxgGB2FY2a2jysZTHddix6bi3fuxNCTh9aLt9QW7LY4LsQHCS8vSjhNQuOOmn+bAP9IdO6QX/1Nvi9xepW+fCz4fFuqyLjqntSiFpWS4krlu+YPCfkEU6+alEirI30hGJZG39iTJa9K1S6lOzL6fm5MtLDxfm7ADmdS1EcRbsBIZylgiALzYqy7MZy6QB6rx+ZsAyVZ7T5a1JLJGEiMk19SEVa6fZwwyg2ucHBpgJP5ERKEDjsZaLJ/u+NiQRJFzcXpN/HE5jdXmsdzexsMLSv1xcQE28TdJLaoM1FyIyzvTXOJTe4xC286odNo3fgjNQ7MyVg9u1TWhuAAv6ofHInvqsxtDT8rCq/QOrnHxmG0V3me/uFqZB0IkBr/i6Bl4d7btF1HfKnofASatRmMh9nn4Uq0cnKZQZbFcFLBE++IIPE1sbSz+Q0KLpOaXXvWXfDbiGHG6yCtuA5S35OIQakS1TgWtfCNdx1GTBF95W53uj8oQxT7Ire7OiTuCjN03yex4PlpgaGJ4r8Z6hupJYRUjqB0muE0h0aq8CfJTpup0TJP8sbzqQWQOw20f9HEFUR9HMzEOFBj7Xogv01xUEt0tD44MBIJFS5P2rOUELQ2UfVtUSp/4OTsudGlXhkUrSu0HZOSDeETtWl8kisJ6na8adWmq/WKzrxNQBhRZtJVpehEo5FpU1HUilz+tqiF/Fok373Yq8YO3HdO0ry+cEWpzYWWtI43I4T87mm35dDBMtLgfzGWD3nL37QLnm+0JLr0JJflIopb/QUQ5X+WapzSNHXTBOKfSBKKt57CAWDr8OFTaw+UUwN+pGbaWmr6hTdLrqTh9V8gadxGDDAVlLOKpHWJHd+OAxgulE8+k4rPPj15f7vEtlJYEsM9Rlsyxr0YHXPfQxCEefQ1jHLMpMIdjOHHqE9k1dWVXXQhbakHbOPihUbatRSGN2YCXumOcdBDiMzP/8SaY/MTRRK+vSajHHzoTinJTsRjSUEoVqwiP7wj8rmg7VeEUw+EP8EkOmGKUBsHNWB38swRxN7pfMkWbqIcoGxI3S3Af9SfC4ermfuL06DyW4Ezaa4N+mBUYS7KqohRtajtPSezffIzmj3Gg2ch7lW8r6hIBc3qfu8w+dc2i7umSzjB+6jkrRQR3utUq6+mNf4qy7VFx7b9mFacOe+MrzLWBTy3XoQhagJ8qAWpx8RfJ18NrzDhkkE/mTb1cB1lrfUgqEalVg64erNotaex+2qGBugJ1oH0nCNP2hTklcGsN4nNpMNIxc2ehjO38HZQP/W6GaiE/KLE1uAbiXGpaU+HcQtzTLyJ+1gGBcKX8V3lEX8iS6Unu+K1YoMdewP0A9343aOt2XezoEc/gt6yH/NrPXNxF6o6X87Rqn/RdDrOACOiEy0s6HSjsaGh4lpM8X5+GsVtSaK/jfZ++VmfAjeRKLvRRQaETbTnGgfkRHBQyQbDZgTqizHcqARzHJ3aCYQtw3r1e5FiMOpZ+fA8q4SemsJklhHW0OXsKliZXdvYl6QWb969RQsWEyH+9vBN8MaSGrqorLV/Wmd3OcCkM4LSA+2az0IqaNEEp9rxDw86GetlZmVxm5eB4TZ4xYGrzXVrZ6xx+IrHTvDf/uxgM6DH3F8FfCE34WygXPDGJ+YVBOWR9BBsOnjXyZdlYX9f1WrcVBvBmLOjUUtA5lO0c3ymWfeAp1SakD4sxLMmOsHZi2hn9uONVppQkfvz2ZHVJ10+d1o/SVQgOR5agjBM3qalsGnMio6ad1jqUV7S/u/udz9vOitj858Wowd0g5C/C0K/864UKIqRAnw/o82xBTGa51a5EI8JxUZOULjRYV1r4ImG4B3BonI/gg8ja/qG/k1vz6wZ7xfzdX0q8hczqqRl7Y38wjL1hTPkRumROqBipYBTctKQDdBXKf/kKNR8XScoIwbqZY+N9d6uKje6+qX+cIqRMngyp+daqTWPktURRD3rshwiJ8i9lZKg0FLbfLgvICPHIu7/BepYYRA/R6lPFBoAWXAgEm646yAuUNZUGRdwIOH8+zuy7w/YpRY6nKaomOMzyCCEho6JvIEHLv2V2pukDj2O4LATbwmUmDu5lxEwY7IN0pq6Gl4+lcVGaguodibT51wJc7ADovJcYXOG/mq27oOvc1/gSzD/VdJj9uwIYbxfKWj21AuIFLopMWbM29Ula6ZEJmumPPmdStKD6TnIvFu0qNU3Dk6D1Yt16gYh80vwQ6SS3Yll+AphVgzaMAgOIZZznvxsXl+oZtk9kAtHQ9F8qQ9eG/Tf/OY/w0ZCUz5uq+hOwf6a60EWMwHTfsp/3V7DSCb7I7XrWfovRSVoWCrgjs1X7WKPlK85gRf+T1AiNsK45cDTegLDUwx+zzaPGrTPjXBSdL+00rIpKFP4ZCkXKxlM5PokmxTDeMDTVsAjzL9o8IlEp8PlUPE4MGAxG3JgjzvG09ZMJpmuYL9CxsjqVkN/TP1VTHMQZgFALZrMcoJz3xLf6d43e8BLOH13Nmm7cbrn3NKkpzBz52oGPnAvppd0fOyHXmq14WR9GSIIFF+xqbvzGHd+vZP3ik31ojK784FyfujHsHIDIeD+oCoFpwplAi1nWMN+Vfz5oIipG3/FIb/2D0+ahPgsmRHGvEc79M8+y05AxNXj9/u/WuVwhsHrWoFDK6ITVwo1/oh2qsuQJ/upHxnkBunkxFrB6D0CAcD9YAXi0/J+jokvejHxi0rEkTYpm2UixDb/vFzMb+UgxpxAr6msN4aaHmPL2Xj3YtfBXwZsrEn9gMPukCz51Up7x7KNjg9sytgvakCcKOx04RIvFftP8gXpSYxfsFnh50myOv3Nt3fAIlPzbolzbn+E/OjmfVf5TD2HJfbPBjo3iGf3n4w5/03g6pOHFiyrzoSrjWhJQds5INOyiN2MUnN34oHotp+1mTUiqnPJSW8DFr/CbNJKrwP3ezGpoHnDRK72ZXuuZparRpJghQTM0dX58TvXwNS96HtXfmSejjr5nclwqoQfdypbz48Fkn7k7Y63yoyjn5hDte/Liacr1aUNJFIt0KTVfXqqedClHu4Z1ab/hhrONxBzLpDAtK2Gq1jKU/yB30ATZR2FJUjgUiY55X4YdccYMp9vaqcHDvxpQeL3xTyFsYaCR7fJhwcfTvy2TplOB2JUb3DhvNy8CN5rQqK3aDtNgrt7g5C+2LvxbG0qyQr5/UQ98Y4GCtsEnLLn8QfLvt3jnDpsYjN0/mZqDjrsn4AfEjz0tcXPO/NOZJ9CQuTe/z+HfnD97cXxJ7XtgfbLgbfBaDE107LlhMEKB9ZczTTXgO3GrKtXluuEjs6Da9NKG+91MogMzCSbaLXF0Xr/zTaejycduvSLbvYL4j93wVysiArVoB1djjd1cNRr/PkepC99UcLX2u+N5bWgbs04ej/pMl45sP1HSg9EzBF0oc56vNP4NlsBtDAMmqtXahAW4XOrRa8aWoqf0ORYsLmQM3pEbXISnoKO50BQJbzfR+9Zu3VFNrDHsIxpN7jt2ksqHa6IruEz+Z491IgsdqOmrfvoRr1EG73IMqFX6dLFvXebecCQsgTDnbqcuYGU6cHAC8IckzSdJ217chs24PAsr+H2L/vKFWOJBzkCgHx1IeBzSQB82RdrCMBM4wp0H47de/GVja/b+/c0F+uNf4hNgb25Yd3iMmx6kLvCpcMm1+ya6AnN6v6in2NkC+lvjIaeXCbUx8am0Wu6oPMV+IJiMlnk22f8gIPI+Fe60a4iVeAoDHfT7KNJxEnM6aN/Cgld+ReFsyCiwK7njVaL3TLD2oCKZKwCboItANDZe3kclSFl9V1sqsAcQQVvrcrwOTI2KLNoDlyKKpE/kyWofeU79zfbv54GMYDFL1rzciPqzS7W8J0d4rhJUFTgu3qdNOFq7BMujRaJFfm0g86Vn24Hw7IIe/N3guv3LFz9eEQDjoBylx0x2xj+rAG46gIgb7q/Wbuv/Ku3GA7CiR7Cr898m1q4b1CgANp1NLTwj5JwaXCqQBZ5frxK2ceHwa0Ex+U0wzHjTaKLwo+ullGsQMvPwPYvkaQVqf1PkRIykYGFJakX5fS9n6W7B8sQ7lGd9+QqZmytq5BRKka8M+Rs6tgp6qBJh57R+Z8kEpMV3RUznOLYfv2s7/akfpFnMcsmVkJLrTO+ZH88OqZjJXNTuPpyi+3+tG/EaP/jXlSElPYtEfUS9dCzFOs6cIuis0K1vwzCRv4XbHfYHRa/yGvhvSx7oq+Bq+c0w2HotCnOVfJz2GAdRK1nziJDE8+ujNNnfh15sa0PPjoUiZ3rZtdGnzGx0N6dcGffj2f1afjkyPqopRXUuQwo4bTxSztztv56hqQYDWv/Kj3Th2YBWF12F/4ozOEN1A5r9RHA1NKi95Vu+EBWxTP6Il0wPSIQ0mo8/FVZvOBW44HClzuhKQuBwGUI9Ys/NdJO+RKIfNsG0K8znr2dk2P0YYvD9JcCXU8qnXni2bIW/AzV5sxwMH41Od1CwhlW/UtDJWjQq9axIknhbBEHKzb+87I3C7iaXoJU+B0ZIsf3xo1I2EzJnaVbKVw3n0CGRJHt2U1ZS+CFFc9Nc+fACS6qpwlbgrecpSMLIVlPATIbh4MjiZYB2blnRQBnZN8vhooTPXLAz5OsQ0POU6gDRqFCXI8/3+80D3XNAqLKWIYm7MCpYSayY6oayTg1Bm/4NxTZNQw4U0elTsHTShUdxzQZ6ewwRdPmDjSDmKxY5eRyVKOIdR9OcGlVTMSrKCBZxjHchU+FFb4oacK6xHkLE6it47SoAoaPiiB99d5KL9OetLFz/B9PUfDM/j/rTYdDGT6ObvrPGnrcFxD/N7UyCVomqZ8xuEfuwMp6BlNQdc35Yf6XuJE0hd6Wiz2l82Ck8jk+Tf3ogPpPCWwA6pLjUlOpZU6teSy6PmXp8hvT7NIuL3zvsXPNWipsd0GKcev9j+rn9K/ugfEfNPHImPcHWulvNBiEavwpWeFPl3Rfy/yJvkeX2TCY2yIlKwNahm27pGVSFzvSXBSMkE9j10zfVbG6tkBfIZ39brs5DKe6nHPOdt+L2OXrb3CZgYeSoB22a6dnJBeAumniDqXNBzuNRzDELnzvXNUe7RwDSkOEHVNWfcV3vQleB24K5GzIuF2e+I1LKGuSEREKE/rQcHCLmykN88RGG7GaRVklfGADFoaKWHQq/YyQjt7oip7qE6TibYg4E7flJcmOV5a00SPixJCKgyZDeNXBwGgypx4TLNTS/qZM5P5GCf5kbNUWlpp5qIZUYDB6cVLGkiQqxJuu6egJ1Evje95w5qhJBWkTpqHPURITyDRCTvDnR42YhBlRbqs/KUranwgze16BUfpJ7Td0G9ZFK/LUMAs+woE0s2G67YXl0hb0AK6M8+9ox54VWYpOP7QupjPa67xEcjb+w+F37co7Xv+K1WozByTkyEeW/5r28zv0JnR9+/GY7W9MOor7Y9D5tlaemYM3i/5FyUfFy72cueD2D0d/fBZWQyrHYKbT7kQkP48YOX1/ZzZLHbhW54zK9UrOBTc+zi0UEAHsvZLuLG9CyK+iioDbcZJDW+firIwXsp09s77+/sqtN6Q+/Jh5sBB03JwBq82KC/AJbPBx/T5Xsix81JGf/Nr0ao5FGg49zkcVwIHaLuMgW1bQsTnsp/tytWWxPPawqp9j2dS9jF2+7ypbeLId5Y1nVOk39Z7KERxH0ijIUJDW7RHbPiuWTmpPP7EJvivV1yH05mPYx1ETv2JamyV+Hvgb/qTUq9nzWHpQmcQx0ZVndDGT52WzV2WQeTU319RmUat9IIUT14a7WbqaZmC6RoAOeLVCFSl/6KsJLPhA+UVfWjBtkYswOlU2/J84zu//8Gr5Eb6oJ/xkjJkwZMfqB0UW/dMf+5sz6+LKoZ3fcuLp6j03iEUa6xJxa2ErMFx6nDwlFyvPk7Pk0QNkTjwDg4Dks8TRJ3A5zHOcqMlNwh1S/sV7viu43uv5/MxU5h8cSRm8RIVwby4pscxb7mjSX2qn33hASXCcvEfV+bVDRAO7deDyCt9BLTVfUv2m/7bzbN0nTIyxCmmQNPl4vnXniyDIGz8aa40wdb/DkvuEO+kynrEO49+fho2zDXv+Xf0mnDRQtDgPJ7304a7z9lHAdEQASMD6w2eIUkvzaXHV9hSz+P49Bzo3S/897oB7PDOfvIZO1+GWtUUcxLPrEXHlOseMwY1b0S/aVmWC8Rei5yC0Z36NCUILVor4qHwMLqQmpDEdZXez7sD8LjWtcbSeshSXrjcHXYJBn6YHYkLkfHbMEK555nHM01Y4bIdLTWeJTk7E27LAAdwSdAV9cPNn6bAkrkgBvxe2eTaae10g1n7sdhlPOrYQXnGfIrISyRStN8DSKB1e2amt3KWvDEnra8uTTa1I1GB3v59Ci95jPcByA2qKajwwziJPNcMlQP7jWU8DgVOA9zKrJuNqykLdnwfxbwwtnXjhUXxaz2JhQxTICmdLVJlsu76HTuJnh7XR32t6hmm2a9/ZnojTrxhmBsK9nyB/06IIGe7qPVFZifFGMhWKWDZRn6boh6UwdXc3OHncxCZ4jk0r/vCH3z3J72V8KA6wt2F2F0JHUzv9GExIwAtAKkBcMXEUVRrc/9G/VsotXxlv7+Q0u45Vvl5H0riBcd5JCnsLlzOdCfKuC8HnJdf2edq22R8L3DYoKT5ouSwPo4IvwBznm/QCLjG9WehTHZFrMVOO2W1+J24/8rIMD1mcr9PhNfWZk+xvzJHdbgnYH9R9y4K7GBSRRHWPHY1vJHuePdn/gEa4Vg0Dp8xBNQpy267DhpbNj1321/a0yiAcwY+xQdjJKUnXC85d/OcwHzuXms1ck3ueuLMi+On64Wi5e9LTsLL+8grHRowq6PCT2s+j/R2NpX2excraJd7d2lHA+WxuhE/NswZVLlAZFJZag4lgnck2p6phLxyTM0wkOlH8i1LYE4knVvhRXTS2yOeFz1ntvOH0Q82pl1P0v2L9kOoB6CO5RwNlrJFu26CZMRSklXKKDMw55xYj9Ppydu8Y9ZT/sOa0NXHbgHylRfxdfcVrEaMXUrq3Vjs6G6ebpj3Hh2a8UXCq8x1b5+LmGtwve0rE97m1/vo/IfTPU+SWAwIOYFXjdLu+a0zXDYsroeLEey0uEYFbL3kC14OOagaFW0Trfbc6EwA10VyLAPyKLmiGGffabUR+2UuuYAqz2SBqh7+4Yd26nTi4GFlwFeRBZ2MBBkVJOzaCglX+M1c73sU6Q5065MPGu85vjDfZnp58IpV/WhediqmAsZ0vcg6oBRcncpI3adRFfTTni9ZxscfyqWK/TZK3RgBT6XstIttHXpqfdWa/GWHA2qnqWUrkD87bxkbqBmENRZC0k7YjpZ+Ivxxx0gu7APwmrJbZXpCQOv0QJydmNxMTa9f7Z3MxWsfchvbinzYB6qqjMml77DI3t0mRonj9tLLRdEG2LPywbfOXCUqbraOYRIniWSnqyrEzFZTZd5cbUE7nZ7NlSHz7fDBFdiAbGiLHFqYR/B+lmQzcL+EJZruomXiRkazS9uFOALIgKNYyPfp2MHf9ScdBiXOyUvStwb2nPM3YBSX0PO3x9Psb5I8CVYROSEMORnfeaaaVmugZoUyrHT/NYbMC0Lmm7zQWCL7Kkus4TZW6KMTLDGjJZzvUzx4GXIZdUu7+bPj+0VUlLe3xW5vlhWAFXseBiQJYtm0eBWvMHGiue6cJB5uwmA96YGZAKEy8ATb3CQt6tPTHK0vlwVZJY+mVgdE77104Fnw4FPR3jUhC4nvNoLQgDJpeXfUPFjGdZD4q+BS0qbTbuGZypX+/Vj9Zth9GzzZGGOlkAZruXyicNhtaQBuKim3Ac8EBRfW3veILRcRbsuwNORYEbHMg6f6V0N1qtQgXFYsmqX2nNMwqCRkx6wWOzTSvk0zgEdskCm1WOemaRkjo2tzg7bIYcrD9EczxLTP7B2md1HxgkbknLu5tFskuqz0CaN6knYFfz4bwM9Y8OP21nlUjWWLqbLwi73LmFbCLo0b3ZgVXfiBnjBhchtXGSc2UTyRP0k8Xs6WPTD/kiAx87clly8nxIy+cQOZWPFegim84kuZHTFpUAhNwaO/2WIoxHeS5gwEVaPK2CG2r06cieVSBov8sp5xMhSVOX6BUA3xGm2OCfPEw/ip0KJGHnUkSYVAn2qLUp5pIqIhToYW8gBYUarj2mnx44OEEDc34DQZn9lii3rTJpTeMz1c+lknI8shh/rnmwQ8/FhThN0ycqXKV9dSoE9OlM6GBshAgKoGzvQz3msg6zjJoUw1QQYFlTJH69tmouyDZQy/Z92yKPCeOzo3olkpk6zeH97pMpzVXGRddrBBgf9NwvPAqd4ZrK1ZZ8GelzquapgtlBNqUhQvWF8PLWk974mWOiNPk7QYqnx2cpT12BVLHs9l/FI+5HbwkV3le0SMC+kULKLQ6mVNygU6mfr2nMPzgHQ/Qm29x/mIXsW05ZfHugvBKCNcfk4FUuZAMWM7dz7BD37/IzVYqKlazH4WPBrsq+jFSm7N/YE61nr+euOuXJaJ73ZY+vul1Y0UTLNn8VMxpukQ5SwbutY7nYGpHCI7xDh+aMZI3eF63nC/qn69EcUf9ct86qtEcJeEpK9JnJqB1u2xQN23ENICN02Al4jWmOsSziN26QdXmxzP4Y8QlWkQCf1ua3Yf+nAFRNcpqdax48qph1NDSf94ECkwpPXjAGXjyibJp5ZHtSK+340R+9nb1MhVo7MY64zlPfWDQAGLtyotxs9C68UMoaN24oW0K4bz3S7O90BTqwOR47VM3qq9KQl7A2WANzrroQsb15T+pvptd0V5KCmgUt3nQhAZWyfGzhryyiTJOPyaFmyJSXwFLlltNpaCvhKs8mLQEIfuVkKk3km7jNcYqXxz1GFWJhXIpSoanEPVpsUmuulvdXNEnuDOhd2c0Nj8+JDvJ/1NCKduVc27P6HKk7hrn/CFQhV55oUeXdlZl2V3FiMoXEZe0SaGHsLNiV6idVMHTkxoYb6XZmaU0N2Iy4VPaKxem6FYQvWIKMmQiON7s5azISdh+q4g/+cMJuR/RQ487TqjrrZku3PNh1EyTnDua332yfHO2sm+mxGQ6hzrusWvkMH8Mo0iNEtVW0sXtL6OWZohrn6ObgJtChScQPiiRJpgqvqxfRxBRK5iZkCY2ER0hpkqbzwofTe69+auIUbPqf298tM+XlieK9ugRMiiyCPMy/zTwAeJT5Ve1/lOoIR0U7dLYu3Olpn424bt0jza2b6y8Hul2aV2nbF4e9ep6lGWHaZo+GpDgz/UGNS8qmRZodXptv5hUCdF+3YLPNS2+THFY4WszuENQKxjJ5t+lI3mU4a4edYbdQkB2W8xX+Kw6dxsXhK/kfhi4UvAtrLiAsmXf47r3NXir5E6rZ000taevJ7HUotYtW2smGt3uB+G2fSwtXIFq9mTOSCbksx4AcI+qH5L2XCjcdzPVTlfefUAneNbynFurvov3JF9DPvDFKolElF2PNls9qbgSDqNDnXb2OYdjqEOlHt6nC0YWqLXsv08llZnGgX2+Bv54ZazCmkfFqlb91CXTm4INRNXLTV/kLfrryaJaXxy1FoA60pBxktTp1jenh5a4bwWdgh/tbOO0Svc3syF3JrpGXqa3PJnIYpt8FfS8KRI2RCqDSijlOGF2vyx/eTG0L3bwJ3j4yqtHdfIpEuJtLEI09PkWKhs7SOs+atX/kkxiEIJVnh4wwodSxG0941umc9NmlqkZ8aXVyx1yLJYUu6oD/NcFDUopo4UZlxa/fY2Rid2WKp+eOI2ztRjF7PUKEKi15dQMNLpHC1pSSV7Dbs9a560kZ1JKzbYZ3FJoPd8JCNhPcXA5HCxbCep9nbUnxpWXedErgvOLYbAOvOjPQ+8LkOTRHqyNSgUzDyf5Y1HGYXsaFoJxnS6to4BTR2Alcj7EdD5oussS4eKCVkxKEjKBO+dYRmoyn+UkKL4NGpEX6MztHhAoA7L7TE/DzGvjSqrHX0j67b8JEAtceQkI7KsH7XHJWV2OvDie/qte2ovINu2suJrj3c3MNxLAikzoLqA8nD6aE4941zrtYxmUcW8W1P6PqaiPRcPOBPYV4ieuZrMhOLGHTEc/4sbB2rS2buufRylTt8CmxbT4EdZBEUW8o2fwqYRECZuwkUmz/uCb5jdjPOeHcxhJ25nHpncAssFx0KmaYdCJKUtaSfl6WYdLsuKHVt7RC2v/E9/9VNgb7CQQ66Zrn9bq+vqu9W7yHubQM1i4LhaFm+qBCyRcYGrnby55FHAwpiePlaqc6MF+AG54ucPPkzkDHcXztKWcLldFJIrdT4in9NOkailnXFwlOheMDshqZbVw+0Vshjq4DYmg8VpmmaJwhEJacYt/REkToy2EqtpYl/yooVtHqWRalX2w8cOUKRWpngSh8MKUqUttGO5sq5g4rqR2ZpyDRabp1ZsRwO57N9MdsK5iYJLmjCuQ9V11tgT1AljxYk9psSq29t09rZe2r4Qbfb+zz0M1Ilz8BK+7YBP/1QW7cHtvdCuZJlSbTPuV8yctO0af24pKwd0CWoDpJSGeC66cm2YqZBI0wAFtiiXOSUa1z9BgpkKS86/3qThlwxpSTwl+4GfC/O/Hn604Kw5hWFqBmGD6skB/+5iTrOmj2yVv9TgI3YCfjUnGTdKmrP/5x7oEwvXqsa4aYL+gPxRT5PrqD+Sp/D+v6czdi5fx1ikn3258R33OmymEaFPffCTkzXxC63WUa4Zc5U1gw/byj/lJ56CcymSJTlcctbvUN3REYpOWGJPO3xzKMBKAxaSKBlZMM42sic0UhjU7wRzxgH1ShPX5tksJFPZySPHyooqS8zTEHLw8XPOGbEG1/jVcApcFxn/Yhu7iZcgoWR6XD4owOzb6oB29t+znH5//0RZHIwdLy/kz/WX5y9S58lpOZxyLzBtB8bvv2GVnqveyPgLr9ytjtn8rUY1I8m8ld6qFHAJOH5uWWz2NaLXuvHk0D5fqBBcf3k5cEsbYwCM/gdrbYjz3tf5Pabwmu454Ft1UefTLQp2sbvZH0/p8xnay5eXJaOkRdHf+sjx0SfHbleJ9qPtIaW91KyYhvo8B0LJUn8dRu0Z/kdWEbmkB/cUCwwuSBoqf3Tx3mpDod4e5tia71DnU3pJjeYMgb/Cot8K8WSc6qh3pBWmHKZJ3TctV4mtkF+cvjcL2apFGHKfH20eqh1KrBqxAqzwLcWnu8fmASau0c7nN+HToTHUNQMqMMY//bJxPY3tSjVMD9QQ0zK85ZdYp67UDlEM3+lgg0cs+s2/LFI6UWyaaaq7y/KjT1KrSN3G7nWJjyYcX5vi5MRHEhQx4lolNrWS8PNul6ty1pjfbvHjk4W+jR6v4Lddyd5GWL9Zo/57NGu9ec3GgiXzArlsAJpQE+nLEB/ldoNibi93gZ+B/Vx3UY7BH0p0zXmZHC0MCHooWjYE0+U5Xw60xWxceNwjf79+4UtwcCgG/hIX5GncsDZl/zhlxNSiez5KD7C89x2OG6oyPVxkzh5eedvl9zZZzKDq5T0K4Y83t/4Jp9ieJ2PNZtec6xUu00UqRCRKEJJ+Y7NHP0WGzhYEXSJ6HqkHfCkIzfInTzv7I7STE0xQxIWkDJ8bnJ7Ikmp4jNzpZuDnSkN8wD+LZkMYCnObOZ4NamWe9AX+CZRT9osmubFiyidfH14ykUbL/pCk9tp2yTzHmPZlklHOmii2FCIp6bSy+8NDTDnb6rEGJpXTimYZG8mnj9MOsJrlUg+1pHaMmOVK+alCv3pRQYAzOkIpXUUOywI143ePPnBVROZ5tNMAqr83xpVWVPg3QHv+5gwpYrAy1YtoyG82z6EG+o3RMLfW89HQFKlaG0FHwX/OcDjkYqdhR40xZZvVYf9UY+JtTqv2h1QZ7Lb0fpeLU6e7lqLDk0p/RL59HmngfnCezPW9E7PzmjvtUeWqfNmN7KXQBskC6NmAlz6egUwJ8GVnBF7TOjRjVzQbBF8ZR5ZNRIeRj3w7sNZLDqCsFRBrv7oJf0JvCq+6j1mxXz9B/hQWc0p44rjyQxOUQft74bypghNOICraq3rbtvnQKGn6Qh0C79esJnpLWHdiPVgSUsn2hAS3DOw41axdGGo62baGdmo0VX0gIfFCGltNzyZZvFS/3bM0aXgVB997WqEFax6TeTT7kjRA3D0L2S54nW74O6NQ3hOJr52xmadjIm0tRQZ/dTct/dgZnuLTuFVTTCy0E7RUG7Xd9/Kn5372o4o0ki9bbNPkviM2EqRC43fOfWV2DeXQJfn562YHfMpcCrCdicnS/ZAbsiy3TJZEnOmSBuevRmngB4ea+BpCM8uDqo7KNKzn9nipK9kq2fzhRtx6iJCr9Tpq3d2OMltZ8rCIqkTTrM9RGgkTXBuL8PNY3uTAPgBRA9vY8UdOLsXAHT74WdO4u5DyFL0OBQ5EXG6gSZtP0wRaooc3dCStN8KQtA8CdcvrbJ+myttfRYP3iOwXMDyaslTAvQ4CoThbriKZCCGeverL2omMuQxuNGoVz4AC5k03MMY8iINyoD+ovWhz16WMRyQ9Zf6auglaOJI8qBw/mShIJY/Gi1uc9E8pfcvArlYrYN/Z7RzkMS2miyfoMbMI3SIv7RNYmQwMHdR/GhpBvHkWpcVQyLDFif/xEiPXObL1rSqHrKKmfBaYKWUYkMKRwlC4l/DI4eR57hHClS9tHffgk9q7uyGmraXSeWWZ5IWAB7+e403g/QaYwzdwXX89cMU3u2poh/fZ1zbSvGt2u3kNqYx3SuiXNW7DgXnPg2lAKc3kJ8zy9LCqFP87SKeb2vhynrxsVJtUBM7PBGP3CO+uveOQ779vgpse114RWE4JNoY2l9mG6kcHzKJu0ZEYCH+ieVHdPkUSVyLyItEPTEpBQWGph3nfN+CZGwlRZz/wL9kFhF5QSvL4jtngR+6XytptDoOJwqQLWy/RbnmXdrzGumNVEf0qU6UKaa3VEkWS/G/jkjBW0+9XQDl4n5lPmmgLW5gRNTh61O9uO112JD2ps6Sg3KpdgNf/i0Sk5q89xt3p3hBDC+Hw+4auttwi0iSb/IfHsQvD5sP+RbL+F/+nXO9ExhDKX+byPWkleO7yS3TmlTpOuCJGqnG/Ymsl3yIqdk5FdSObtiJs0E4YA7/Q1gMnv4lYfCDxyKPpZB5mClXI7vGCicaOVjiMVqXMj5duoFOsUiLWNSuRkHy+ui+T5/ZBDDmuU2JnK3F4K9ZqOGgvpfN5iE/VUTw2AHX8ZK/0JVQbdj/o6UsxRONyyj9H+qhQIAvtvyKN6G17+iEv6FemUk2BE8T93AbhJS/akxr0dHmorjRtkfNn/1I+JFHIvIjS/pq0tIuFsJd/1lW7axcmdMM4xEwCwUEWk5XdktmqTpU01/8UAmVODmtP+9XG/m5+FZJ8pePCNQxn3N8pYUNpNZ7adow1PmUo6yDcir9ndtugzGwvzvlr5mitBf77dmGDOCYi3Nd53PNmIBeDO1sO3q44XtnO3bgEq7/Yav+gUH1V4xx/hw28/WO9wXJWp0ODwjTvQtRmnxSzJsFVWW+qe6FJi0iQvqHgdirYd4LV4dLAZ1e+g83R7/mMAd2/m6CsmA2pIgs20Rwzo9PXs2l9thipcezPft12Wit+qd/1Xq0dCiKcBKBz5VvFlZjpD/WZxFeXr0jdTYVTVLqDd/F+Tzr/bWB6fhimfTTcub8fvFaRVUNQdK8K4thLNOK/zf4+udq91AdUSaDtOspJhq4QReFnFF3q3Vnc9SPeS/Diuer0KMOl5wO5Tzt6h8qoE4ZrepXkrCya7FsW/nVNMXvg/XvOtkCsiQypNW0yK9XK/6Gg8jPoXoK8pLyKhIsEO6+Ys1GVC/GOxxCHLmY4/kAUCP0t752q601AFnbN3Xr6dQ7YbW4XJsRyJQvhulaDhoUSPPIxnPbu/xwaVVe8PgGAlUqaJk4YaNvxa36yksry1VOfJks3TD4dFDX7btJeJA4fibpiFzFBOlVPhFgq/a1nUPKK9jv7BMjag0g5LKkfQOpXcNLgj7/HWubC38kAwiXdFAgAvXfGYrExteT4wzvR1TmRhWWl+esm4fMoe9B/Wc4ToWnh7WIQ2qeVrsxd17ynQJxU5GlYWnSpdESMxskpiFezsWaT1xRIb2SKPvbC9nMfJFnudy9QjfO6FApaifNgCvvZek4B71Drgiw0KmwmR/AeA6O5ck/F+xviNGcVg4qx9TIFiy21yyoGHbJ+VXmmwGmiWrNLdl33sTNwauHFCC+Sp8HA7la5u+/CR5Zh6UHki0SjI+n6CL61x1XKkvgIySmlDTTDgNftpFL92UKRSH/dNOcluXSXcKnnuXeGeRN+Kw3K6mDgCglq7k+61FtQRIeuR+dtKnpZvhvz7QpakH2jdRuXWBeVKz8UGL0yYGfFVnn3Wcx5I0AXiSBK90+iBthNrOhl3lBNuEnhgepblF4GVxdcBq7ZbpgBHWKmFFTi3iwUI8+Q658u0DDy6o/pQ4bTLAnZ8qJtcH/dAN88EEp9x9XcIb8bGgyNTT/SjL1ARb/yMq3OaFLjlxT1Pa6lxC1+MHWi0fIm5QjAzAOWOcAvDeqJPKRYgPr475YOuMqVV51go3cOlZS0Plsb2v4F/1kibHpeX4GrqFt8Fs58vWEs4T5ZW05n7+tY+efVhWY8rI2HbVY6zvDVJxtOYtI4GLcuJ6JRFL8jklVKgV5E58RW/NBYF6fsiTF2tey18QyfzyfRXqJdyZ7kZqarLABf3JZ7ZKKzHIw4+n1qAkQ8CDo+43wK3G7y3x93GXlnvY0zfIeaSzT8tWQTkUG53CZSVpwrY7dhhOj6AgrLEXfyVXe9VHNMnTzek4SVybv5cbOfPtDlYvwgNaMwAVbvizvmkUPO/a7M0T5GDjx0am4+qw7QBYuaG1ZVemGesCvmL7/DXzNLcTa38/1Ydt4hnG3fZXYlE6gUVXLZgW/Ac6vl3cSwSL11Ov8R0Hi/9btzVNL+uo4/InRc7qXSY08qYbhIJZN8ONngS+N7q7iMKM2V34oKbUzTtEVTUOheqsOkaqxeR5V10JNqfmHe4O6jZSvq74zXT1YCkp8/lBQAjvWUKOuQZ/pFnAqoA1F4YX2keHqUGkLRZ0eXAfuWceKyF2yyShf+uCiouMLw31jOgd/euc+LEmP0vh7LNqDhucwjdk5U1uouufZXQke+qs5yswZOw1OBI9HhKv8NGqC2vVsV4QXeYLjgj1Cxc2kY5dTLVN8rGuOj6UK7iSHfC/fjgCZsJshw73zyDpVbmDyH05gbVjAco1ZbVrSpRwh0i3h2oS2fjehLfdb96u25rR8ba7JciMjNb5gjJ4su4Mlvv6QI6GR1B7+20GVvLX2wsgxZw1Ctf7seGBBz5EaHxG3Ph01FbNW9tA0AzczXzHhoIp0FQDaqwyB6iB28oVoajnrV9EKV0lzWNwK1rFaVgsybRTCWnJtIX+TsmuZ7HOQnVBOt2LeTi3g3Iv9rgP/CIoi4kQyUIb3QAEw52yIpJx3hvaT6QUrO77XZMBdZF++4pxsyewxlVp8OkZr/0TJjb0csdl3Ib5Fk0TzAI3AifyyGyZoxWD02X9/1YkrhOmP/5thuEkgXIGetnblcy8hCLjmUtJZeaLM2csbGb+flu+0x8pJovhuHXWusH7SKFfJ8yL6HVDB2RGaKphXy7R1m+q6vXtZXGywbW1wE59prbQ2nvBA8v3lr5PVxydp+wU6PXo7CMCTA70/QzODYZJAtd1WwLOktZR38BBCWm/Qr9Z3yblzq+WrLEVITuU7JFMN/Sn65QVohpNTVg4x+ETxbY6OBZC//yyWpJmWN6SeUiO2kd5MPFgyv9G8YZj4mrcaP1a4dYRsZbEskpPlmldnoWyGcgltqv8kWJosHptVrFR9Ml/sqe0chziB2KVzsYPRFOoi78I3U8ig/CNHnv3ry4xEbCYoxzpYH25kBvKfy7PTpU4kd6HTg078vleHXxM0qXl1AjXjHRjUjkWIW747SXKIwwjelUQteS+kXFKUrgXji/RKQ+pb3HBH/+ZjB9zry7C3KCM8PI6Td5RigNUYpkD6GlGTl7674NJwjG8lTTywbjTuRa9ISClfaa7ckfEFkrA0vM32x1gzTjJxthZX/cQbBMBXIZFczQ5KfAwf5bvIvxzAoDJtVGzimQLBnPXJcrMSHj3s23OJLV2mbBLt4zT7G7kibvF62Z+ag793IvbDhFXArHdz/PNyn7KtiTLYNczjm9no+4lBhvbnpkQE2nYaYuduwdcjjQ/FvILb6V0vvEsye2zK+/D6pP81/0YnK3Sh/kOVn0/MWWauROY3SlZ9bDE1IsoX4HPJzoDEZzm6z4AKm4aa7AHyhMstmX0oMHU+keDUGK7jaomRxnRsQWKaBdXvfFszbcdu0C+kIYwiyFeOGlUQI7XUOI1P1u8b0Mm5h0m7wHap9T+uNdTFFv9T0Ijz8veAtlEAK2N/n1UNZ/5iAaqa1BuObYrQ5ptZWwpQvUD+7fXYz3w1FuuQe+M21i4vhl3Ox2fti89KO8pGMb1v017TKo0Txo2NuvE1Ht6rLdedwPskbD3Kfs5vPTap/fYC26ErTvEyyQ+6Ehg+QnXaIM4QQir7r07OvCTEgkaG3uQLJEHkt/6BLr7FV+bKtLBULufRIIOJItFVEIz/sh7/QErg/eTn5yxnWyMhWrPas1ORXcpxNkE2mnKfyDZWOl3AfYlQ9mCxNute8u1CZ9kPGqXF45beJmioxvk31VpA25wY3LnhYmMxsC2o/lncB4Zpg7rs4VyGg0k4C8cmdJEphDZV8u//vwzVGLrv+cQY+mdErNEfkc6I4S4ay6u5MwMr9JlG0oPUF5dt2GlR8S/sD16qvlUBVZlR33kv3UbTa7ggIWegUREcKdWGZxF7cTldUK/szqG+Qnp/r+D2JDNLqvImZYi5KzsV2oge8Ti4QT3CLjqHw5YcvatBrRdLegO9r8aqrBW7/HcjWzLARfvmDpEqk6pm7N+/mWY/cvNrPivf+ThhNr5I5aO51gheZvv+nBKOviDE2HR8ilpoU1SlHeP3DS2MbHxWsvJFyybOPVp06/9O7WiXc2De80TmfnZaVa2+rcJtwpdjud5FM77suvWF8yL/ljbS4OnI5Re8f5+TBq21D+4nuJHnm0Ru4Fm3Bnw9lPXRcdbnDOQuGyMAjOHPQo8aE19D/Jc6Pup26cibdLbSjdw+yi2nxH4iRGgmMcNaCatyMPPZJmucdiKBAoMut9XlLzJ17uy0mf0m7LlGvdJsP56pQl+bC53+pXl4Q5uQiEOzVFcvO2EVqbSLjaSkam8Cqo0uONhO1O9NbaaJE3Z/ut7wSO3dmjK6DWpg0ViXQUavmBRjLYONCQMOoEez1vKF7i+TFIDdHx7na4K1yjS6fDJhs8PWnovF9QJiFbT+GbfOjAeTIJSQntKw3qEg/uztaYiJHATBhmntGFZQQ5gid4Sic+vxPnE2KY+v20+mlou+B+IVVoXJ2RUREHCd0GoQrEMA4diE3MkPfCJmwReyJ1Fe0jPPp1mvY3td9hHZK6vMsTw/LBLzN/Cb/Xxn0ryE5FiVSKiPsNde0hHJz5F2/eif5YeGHTYtK67QGyYOkAet9bIGzb51qMD17Vl9uODea7170mX75AqULrRnYK2n/TiLKcmhEfBViiTb0nBZoGu/05EHMjKESeGVjd5CqetmumR+yHHzKfGsNFnCOYhnuV6v7qkNSTfhpfl99HNW6w6rtv83RLq2TjUpOKnzD/EIgJQTiFUaInnG+KeOYxsvn7epCjHxHFkMIdi4S262KEh6LukxH4DCRbTmODzuwnpCvBigh5mrPoz1JZfjCOltUFZu71eb9GCeMgLEUag20Hn3HCXDAkaXP2u7ut3EFSWrFF2FlBSeWXG60j5WJSmZnVRXNulFu/L0sGnLaDHtKErj5tw13EiGz/7kx4SVZ13epJe1cnWR9SUq1mXu34Kc7fvVrhcI93iS7TsvaXRnbZarJLzfxABNVp7WSZ5emC2rRc4UB6CbpZeBS7S2zm2oaTjPWzbqN+08b7Zi00J6aWqWxsie02JLLsPrtickaHRKwDSqz8gWX9xLNkc4VvBXRlUXxa9UOFcfGWQfTXX6EoYABEeU3aacp7Din+Kj1intCb4CTCQvm7Cy2scX+edes7GhmMWR+4MHAq7G3SnHp104xy6+uetn9ZEeeN5mewEZBYlueQdLbP0HHG9kLi76t6b8bQhPWJmLuvFCk2OKGsl3VLLyae3IlR5DhB4vet1RjvzYYgHgUSt+FoDs32ea93o8EwaVMOiX1eQz/YwL3FFjpAw3LfTu90x4ateKW2aSPIxbTEWNwZXv6UibJEh2nDVmnnp/qCPQRRSVr34tvh9puAnVNG9K9kywrMbnNW8ETIhcqwGqdfOGXTYtOPZy9WTK8CKuAiyPIctVXmWT7tswtegUc/GrolxSQF/M3F+9N7y7v4XabPJ3vi046/alh50DAFbOElnQdIooLSckiMlg1YV7r0vmQ/pHUjWu882wW/SkloGOlhne4PI1mdeEBGcBzj5ry+vU7dl+8+rm9otFXjcr0vafe02CpdyfHO2fUzZ5cSb8QbeLVRpW+F+cT2Btu4eyOVnHFt1Yie0a+R1pf4jp65IPfxKutBEKzl2PbrzEKaPgXhV822jEfehezjUNOzB82B+xioIXUl7mgub5aqr6Rh90ZLP+LKM9d2Hs83Li8Mcq+41mzmgkZ/c8PqdHI8tkxTn+mnVOmnHui90VrEs9OitG/ZajHREKjETrK9JGN8Ha5Pq1HRqf5Gk+Pi+V0LW7U9WlZqIIVv7HgUP2faWZEkqC6m8EOGfzE93eiJkUakUjnvAH3Co9IwzfNI280y+U1UTorsDH8VMVhwegtuCFQAWFUkVhIWtNtLP+b5/ts732j9FaoI0mFy/VEPYGNItvBdw1Ca4+Q4M69J2nJU2Qya1Zyahp07vp3xs42RbuJTcBRspZAfAGOB9+cxiINGXmZIU3N2DP1mvC3W8c2EstNxVeq/diS8jQUDoYuxR0xI8bj51Rjh1NaJtv+MAgZlHNJgJdvhmb0zVGDEiEkxlGGqcb3rPxa2dEr9SvbfdltWns8+xFwG2ew2X4bGgS+DAra2fYD2J88TfryZqNKe8d8qNdV7XhEkcIvguJw3gQweP9xudwGXKlb3JfkV81elQj0AIWecfHcu+FB53DdxRMGlBCRnOHOv8DZBshK1dHHacBbReuGTOhkQQqvROcXHosnt02RhswfKmU342wwoYTb9M41ba5b0WKnMr0UGI/qd/+6PQIfkWo/gdEcn7D72JyOXoxmw/Ld40zjLwMWnAUfzS8wYk8MG9G3TdwfD1cXVp/9zZu7QucXYAVG8FfcVhmDVZyP8qt6WIWab+3+R955RTajd1ugWUWw0UTpEQMVKlQ6JCoJumor0TpQIoSM9IbiRJiUi0ktUVBBCDb0jIUFaRCBA6EVAIHQCJCTcsM9+z3vOuN+PT79yf9wx+BvGyMp61pzzedZaUwQ2yK3oOfVh5qbVJ//+s8mkZjYRM0+2U4kIxi7kYOqMjPM4ucVUSr02kPCV0YRAEVRhcsTDfhXLjsMJMI1sIY/dKXP+o3U3d152nlKOPfY/3k9x1Epr620SMe8yQMUTQdx12cTHcUmLqGldc5nS/G64Z/gMtkCw+Mv6r8w02c/R9aW4uMKsW/rnhw1cHtCDDa8y3owW76SmxpP4t1hFQ471VXEGH/qkmYBkv6/ytsmB99uOOU/H/aK3F6E/inE6WdT8Bq8+Xc4/QKdBWj/sEr6FllM7Cs367S8aBL3WwD2n94AKc2xUcygCX073pAXmvzh0yE/recd+V8RNH39Zafb4ihsqu6ufT1S0n59oYMxaEsnzoir4sQ9kHOVbG7dJpVumsK2L/2z1HBmL3veYkGY/pFQY3a0mJDY1FjgsctBriRn9Sv2+Gi+mI+z71Mb2XuxBJpXJU4emDYGJhwn1mivFmb4jYvjlo780g53rz9ogAA+FKyykfeg52A/Avr1ksqaPWLnff6wq1FB9KDhF/YIGIoKuOhw8uZ67/oqZPHMM1Y6jvmpXsl3xoftOQQD44/DrQWvf9CsHhyfdf56OjDAFrr/qz718IkbdsVfSsGLRQK2l6ogS6oa1N/tiUC+7CfQHqK11d6p9mLK70bI0XEK48GRgePoUtHetb91tcivpMEvinaZMEeCD5I5mxkrC8Z+Xpf95jq4pfPojG7lPOBjO9RQQ/m6fI0LOqj1x98fZ0dpiav9zjPHg2NVhURslzpMau7fe+oGbLmtNHMNJp3ic4N5bPTYp/qekSYamS15z58nSqRQwh4RPW8snqkV+4xQYFLDTr0P/eSeDKgM2AvR/uqjp+4PNKFBxfQIh/vKOaVx3GBK2tFBU75DAaX16G0le5wv6dN/8AvBY+gP9n53Cfz0v5n01+E2grxkfkvFy9cijqzEuoAB1YYfdzye/DZrlG943mvgsEqqtMfWmJS2r85jqWt+dgawU7vXN1mzG5s3VeF10N/Za0P1euIPmfL73a6FtfCHjlr5zgqlajIluslQ9aFw/k7UmxTiZb+M1l7PuaUuRhqNXEkLUZrrf+e6+bVYpHvFq8aEgG1dSwQRFq2c/f1BQQeFP0jvCQoT4niCXFCwpozSA77TPfrtisrP1pUOV28eJlQSnDvRXHcln84OXJd0qrf1K1NwbFfBSmua0h3NF5ApFoInYvzs6ooLnvtWSv1/1Ajl/VL/bq9I18msbV1pvT+QQtIdp288MHYQqzAgkP4AZum79WJ4z60jQl3F5UOB01+ZTV0UnqCRHjbh18h0mBCZb8ksv+JZ1ZSpcda2+R3MtoB2Z+7gIa++CZLrySMLSatLCDDPIiOHrPy1ObLkv+1XovwSW+NJW/aictoiW2S7euU6X5MOcxfAg4eyyP1PxHCJPMZ+CEzdJU7nviC7ZcYnfB9IfXWNJvNVkXeXxTqQ/OycWDrEKTDlJAA3EqeStjz16i9PxBXXjXqxIfrCpD6QgVvZLJFsfzVpZK1smRt2zr2c5lCydUtRixnVU/XbVX6c8BVInz/w5cf0Kh6iYsA5xfj2q8thVISlx2cFI8LlBrO6LnHsNsFv6Pg5TDM/Yqpz1qBy+94yZiYHqXLxNP6r+km19n2l1SaYVsV1Me85I33HqjITeVE2ztWLPp3aTjxMyfQ7zHvMuSWKTMgtf38Urc4LeW2kcc+Yqsmq4xIpeystWKJ9izItXHFUYTaZ8UO8XC/cno8yBWwMHHj3hlI9mP9hMHxrSH+ccLcmTbpxK5d5buIUoXHARCb4lwPv3nYKB9GyrGJFX8hPXpTx0tdzxKj6bZ59H5WFaHLyGIEZk+ah/tnBQhf2AAaLyXkJDl2Ky2qFtPABRSlFbzuiFZLMrlUFQsBt4G0FNe63BFg6yQ7KtnEfqhY70EMuRBhf0edYRp95Pwxy1S457EKkkciXUvWWloeMl7ejR9Wmmxl1f1uf7pQp2SYBFl7ezNFl6SF2f9CPGEm1Sf/RnjXhinnYTfKV/wAU7AZJyyDOurcj0nPYhunQpnAx7LuQNiUBmcSJa9RwElaCOXLaYj+dZrbz2gzYKKETMEaXm0lne4TFTK8eClpz22QRDfD3UzxrmhBt/6LfiVUynt7mpTBZpUF5oBOMzP8P7Z7sKxq8rkdSybUoj3Ol+znMrxTlW8MTyETt6n0l8+1QAhpwINdCzXApsjqh4mBn+k5S4EH3T6XjVxpy02azkpdA/q270GCj/fBS09rHn8l3I9iJU8s3aUeiCxm4nxqlrDL9dxh69Rl9FdrORchp5RtKLGmrqFWZ/lOHW7+fxQKABE9lZMAffrjSF6kN+Xvw1sRxyaFYpB/UJwZesh53O2rM/v2AD5kNygzIMiMeg/pHiOVcMz/MfbGixCXrb+AIWRb3KWUuVkY/EIw1EyIb0N/nKrc6c7dHkd3oPedLXH0sY+jtx7ryqQsDiWNyPM/o/6b56zdPewsXfmff5cEJI3Py5tUMzEkiLu6cEHxtxfNVDB3IVPUelpYWmYV9LPAA4HsoPxr7NF9U4T8p3e3/B1rO9h9EmIQpSrZye5cm8s4u9xGk5gjIjbibfRyTKEI+Pv2jJ/OOimdfcAsXB5kxzUi978GRchiZl8VlGZjmEIBzkI/vo4iG/1cZCjKVbrQZbGrRFeoVtqdI9TkPxYBrId/0nBPvpEcEvfYFbx6fy3uS0vIN5NbGdMgFvQTv1GoO94xgHVC2TU10Z34BfFnFtK1CaG9QF+9/Ym/tk2MhQ+Wzp1tMtGjzRcNBzU8Y6Ukp5ArggNnEa0WY/6jJSO/1A/gNeVmfoyFxWpn1Hpf9BmxwTin9UFTY6FpMrV4Aqvkq/tqSj9D+H605X3ZvLqjCpzUzOfMTBbRwbUvu0maVWeQ8eYL95+e0rd8OGwFcF32WSj1FHB8YHr9MJJWFihl5LTYcq1oiWTqndFy5MBIsAcQyit5x7nWsdydkXxz5gMUrd6q25hHHsLoMaqGhM46x2rkJG/OsLSrpJAiXyX1rv7avuPrIUdjuZKOzNUKEMkCvk2yAD2z+hGbqljotEX1L5fmna1VsfP5vtLoeakhMkw8/rC1a6uQ9vwt46CAVu/an59gPryD7t8V/sDbMkj+il9IoNAzWSOYRSEqvUjkgVSvbdYh+PQKpT/QOzgDlZLjlZe2ypaj5v7gfQuyrRwz0a39Ei+xX19LnuYdePiQ6CVgsGb7bH9ps4FlgiMDeTtn62vsxvq67xrLhyOvq9837woRFusXC+Wzbn74SHZV+SOq+6d0vbRZK3UMyz5JK2Sl3K7YWznPH+Dlz+kfN94nECQu8Z83l3rqmW7GCq4zzdfK+pDJbZOvTb1j/7NPEnNRJyz0a9L1lA7X3gPEm6xqEfAHjvX3ASfWEvWfxJIizCzqiPOPstKuEx7UyOBYlPXpNT1w7r+1zPdellz6mmkJyMtxdrQkytKmzLIyGIA6+rVgdTRCtetjkTe9U04GUzEqk6ODNwLZ3KEz0RETIsvicu9/141c3XtnnT0QH250dgkujlGcvuR6msI7RlRFN3vZ0dx5vFF7YMQIDHBwWnEWV8hP386Dbp4yQYtNMKQs1ITGTBx/6o3W+O8PqyXzKQ5dtSbspHjeYGmRGWEIUae/NglWrJbWAzlaJynVmJW9gAwY/ZhGFPx/qgbJylhykrGQOSYGb9eULW3X992gMFowqo/dhsIAXiTh3iE3ezX8caGVruexOUxiZ5OwQnR1OKYoPffZvjx9cs/xLiVx/TCyQr0qaGrp7W+WesoZM97w9dY4kJLy23zB+UITMT96HvFYMfQwsad2eJz2JnKdNvPlN+7qzh9Et1k5sMr7yahRa5wt1rgCs5fklvQnRbJycVx7ZbCupKbjiT+hSdGgvKR33TP2y/8MMNSYLHS1QaGYIRQxxB+y0cpxADcWGNz8eDGWGUHxGAT7OxFaTvcbXzX57R9c8Bb1+J+7GiI2pf66dyXtE4kjHWlu+KSwacL1faoalUGER00k3vGklbXD725k1I0GA8ftDSna/ucgj78oi9ZK0al+3G19Zk63iPew7jBZO04g+lFlX1gYurdK6O16v0egKDbWjOFpaa5kfyZKtd3fN2pW8R9V0vwRBrx9tMbXzKu6Lv7h2MAwy7JOq2E+4WTtzxmXExljkflsT5n1uMuPa04h+lil1r5nvztABwFAsGa3/7Z4vRXf1dbMcjjpJI4stYWkKHIEqLXpJfAev8e4uREbuLJ4fvgpP2wFho2ktKrrLwPAnluJSnkwkLwL7586mZSRS0+Cc/164DV6T99SknX0S83iGLps+OMP/13I87/tdX+2yh/e8UldofGsp2Ym/l3inTebZ1v87LAeXyMhbe91Hp8Ls4asen+p+fLLdyCp3zOCoC7ctOSH+QaFl6eIylf6u1Tvn8COjwbhLehJnSK40oRxHfxTewUzcpyZ2Ck6BrksJ+aFc+Rm9xoD/bOJ9tsNP0Qfup11ZcveLs1tJqjA+QZXl4EiRkXSuSyZ3TWjHs4pqTMdixc+QeK/XI5GgUKphSbe37wzjAHVpglBNXr75gPg1madd0JGS5prvXW7/7uHPEvYVdsZiaj36998V3TAXyBJuUFGJJbHB5/4EJ9AanVupgTLH1QJ51z+944w0/lR1Uhc3OnfIH2eEHsnV1r7E054uOKrbRCh81lzVKCKTMi6Zb+f3S+rXT5/7ebEftV/sogFiEJxZ8f9b1zPrBn8bnJ7yI75Ktkl5Z6HotG38ZVzIUfPaxgOhQUOf0UWziYKK6UK0eSd9rQQZAeR1dxvKMq8opzvnGtb7abZYEIKCttfKDols5mSml7AnXHwq1R+YXlWzbBCiUFzzKT9o6rrRyW6vw0j9TZyAGb8N0KhjtlvBy0fTB3GrNLvel44e251CIioKKYdns+7GCCkstfuMVxizu4kn4LP/vBis0/ID+0tXPNoP65SNPh7Mh0rQL0TMNP22VSkwKLCxGVX3I+UWNBlXsG7NdHU+HF3emT4l2rCcttA9ZiFYdWW6ffLdSab8qM3lKvNPjCPesy/e8qkTs5QjlZ2tcYvMve/n7yjg8186FK9xuIJbaI2k8LYIGEjVTj3jUVGUXCFmRsdMtclFGp6B7JBCUfESthuiJmDq/eXZArhYEXHiTj02XdrUXSWEX/z+4J2pGWIzF1qz2sdj9TNvOaPFJhnlbpXohU7p/R6bfr+Yu//AQ46g/DK6Mo4yczPZ6uMHtcXyKTyp47Yqec8S+P7oHtuWBWd53WfAbPxvYIrUL0zsEML2fVTp+K2JQZ1JCK+mCftqNkjV3yOtXurpNH03Nqa9tBVmWO1fXJIOWMaiuFNmE009e09VWoAPhyKC1gTG55vmvvzJQBv9nIpc1qnx45YnQ8lDBlwef81hHPuomkQ66at1fGP68FnfD0lt/kbivBy0ZCwwLTw4P0ZV1q6hXshLd8pFlZOnt4SZP57Ucnixy432wNoByHOyXzHQ4Kf7XhBSbqB2Nohxedir1LONTUP9xSdIXj4DEDz7DFb5TbzuuLrljUCBQZ4MIzeq7W3lFJtq6UsyZvIH64/lrLg+V5VvWHPKRRaelPIRUltyu9+7Gvdsv6SisunIg+GJCdLt+gvbs6N1A99Rk3GeQ8JtelsoP28c1nlgUevvMuhgrejxHeGnNq1yOqbZvktaaOPnS75L4deCaSKv7Y310VUR7sgiHuKLzOQsInkdTpP+CCT01UVLIs88uNjfLP670quFWlGYEW9T/R8uwjroXhYQEoRKaWE6H3fVByBJ0vtDl490DXBL1m35Y67IJj/Q3ZKpXvypK25uNlq5rIlp4s/99x3gojNtjrjsTit8GDo35L5IzMl7zx6lOeQgpT9R57Ru25qDgvG3F1i5rU6133HLqmND+s0NbV7PpAtIPITJOO0OjprubJf3pO1odyr673VXx/c89Mw/PX6pnpedWmfqOTA+qybngq/pDNb8316mm8NjHvNMePkRCi2R5w+4m5qtrVeP1MLnXl/Vbxgv8NObPQced/PK5pV5f+fNPZqpfrMc37r2sp4+cVPT88qLOlTgMkx8OLtIosN7p64GNJNZKNfRdrJOX6nLlkkIsMGW9Sa3baB/v1WxA4GBWAy1r8DEbRXXMdxCycsoy4BrvPxsELJyjs8MtMLGqn6CmeSAWJgWOEwKNSVUv/Snh3nGd9DdP7xy6+4j3UHLDZEKP62BkPEXr3CyC0cpHWSzClFYmwF575Wj4Ymw0kBjesJHwzIRHx8MXuofyWCO/8zbyeIjJdR0/bPO2rdTjSE9JVCV/nxYklotncY2T41nw/dyjPsXxLTdLF6+Em9Nbodjw3ByHR1creHRctwY4r7m8lLSlg60rJgwo+cAlzS8q2Jw3seb/bADb+ZUNYF9evf97AxjWTsJkF3sl2VylHV/E9oExuP6jg8Be1Y7cjrCll2AQbRUkwxFQSoJZZpjVUT9K5ZrQwfRiG2qyVf3iJGOIWclq2i9OfN9Ij+IhfzCiDb4wBIHNP3hskO/VG951Q8GZGvSC+MRD/573d76qocKRdeNJs7uEBw+6hJScH+dEWLojga+Vah7FqG+uSvjuJoaS52yDL5fdCuDxcHpEaphh4qzu8tIQpsCwERMLMT/t9L3Kc12qJLtGxK0O2tn6Sy8m7WzPPTVrBqV58BdbLVyGekjLvdmwE6YbVzZawgzlc/QxtsHUr1UilUMWUHPMzQbraoPMP0FDSx49/Z0eQpJKpNtlriPoVIXjKIoFaE+/tqb9Rc5y6eeVs3ujVf+MM+YtPoCN/4hp4gQxnuYXVViomF5HeY28pO3O2Q7GpIIsMZ/ySYJQtP1iUaXb7hnpuSuIo90mKpoPn1aPH6+yjQgJs2+6fEbnYcZdoseF1stnIh5gLby+TZ4RR3N7ce1OXnZIsN2KmqQA93b4N1+jfEZsg4f+UiMbZmnNnRPNpMvid6ce4epv3/2Ook65XEFZHVekykZ+bKB24PQ4NOnMn9oJ4KkPu3Ba4dqDh2LNwrznHhmlS2boLxxaeLuzxTXTcjHovtHD66p/cXKfe/nkU2MDV+Q7ZNMDhMaxqbWT/r+yyOz4yjN+7RDdYFaG3n+0lPhauefvsRXgiD9uNR0pvKCbNPitdqWcTZRaBN/tH1A5Rsx90EJh0Gx8HVG9Lpk+RIM9JnXJW/3gLjnsqrlclmwL72/YD07rDJirEHJ/nEkZHA0Uhr9RcO6TcdcLEJzrQrlLrCC+ZQUsB6Qrugauyx5dK6g6aImSBm4/0u74p8dPzuXaS6r/i6WJ75sftc2PVZEOr5gJcd/tMVTfLStBfnkcO9tV0CG2X5alEVdC3QoY8vm1graudY7GO1IQN++eXzFUpm7pf13n3OH/3CrkGkxzPRF2Ne5mtdgqZMolUehSwImwDqXrVhyDClUXI0rmt299qHrhIdjT6v1Ye4KnvfvUHNfyp/UPLUrYi26P7/eqe57e6hnyODt02DdqfYrRLqFNe4Bw2fmJzAWp0ppy6BNgfYTjFj7uksnalDEumMojiVovK2JCT2eGLv1sdD329kbpCYVnZo6KkpZ1Dw7dBYkIW4fY9b6bCsQWJ9mueaKUbTSiJNg8ep5wOq+HlEikGRsGNUV0N0zvKduUbOqc0YmhvBAd6DF/pHPecjLbqr+3k7F6Oavyxq0mkVsh/zFeD5Jy69KaWHRvkD1WCtpbzVZwG2kjlbm5LqJH8764qX4cZ0oYp8YXlhBIuN8J4o4uu6VPv3GCn6Rr6T3L0M1q9Qt1hYOdq26Xg9s0VQssK73GblWrU7vTlQgNDEeH2y8ZwaRtRb/lutWlgQpiwcA97frbQOrjACBghfwLKnJviOufGQ3J12CmYk90Hd8obaoJsZmcOvZGnmVyZdKdXYUwuyejcnkEhumuMB8Q6qiOSvZm/s5zLmf3oedGQoL8I2fvOC2vmIt/KH3RdmKbi3vutOi7Y4VR09uIf61Lm2O7BvxnYZoHb7yyaG3wfeh/2ZgWerAxbZNbOiHr+1nDmMB3kGnN6+FT/bbQKQyNzejnC+0fYp4izxTbtA/90cw7XPLTbk2Pg61fLCoaijFRl91hPQXUqlb3D9HevBMSZ/uetIau5+EZ/thhIBJOnYbkNsCY/9wUGBRfmOF/0UbBIahiWWnirz45rG1n8qFXtb+x+5lZ0vZQOYPpA35UBKVbbaTwPWxY89zN24k2t3mWzt4peZ9rVrzvcuMkhWL+4MGtD7khuWeCpG8ENUspPnqEtSk+x3X65s3A48dZG6tNvaRnl5YSljIS7Jrm6gsTUwPmrmOW6zFbyIh71WvUI/uBP2aHV6yWNwfnGMmGiZRKbRYIbHr6R904ozionHmSE2mN60FPSK6OI4K2CitnWPaNWXpcYsMRk+xVtQPz5lvVFcCnfAF958VxT2J9v9WrkvVuoSVUzGovsnkTSMQPhYK6UzF+48Oew4xOWYLy2F32Re6VEczb+LJGBXJHGxDibZNDF7YVWtzl/2xYCF94FhMfMWQbu8iy8pDxszlZzjXeg2O6Wfj4bZd2C5S0ti2FFVtQiFubMlqcjo4Hw8GRcy0XDOwodh8aNCxAGlEQpGBwQJ1xksZUwTDx8zJDY6nReWsIBZ/6OlfH77NEsBBdGh7HyDw8CaXx6GY5qssOE4UkkD4S0+9Z18ENlxL8f8Uy746Ex9hPyST5hjp3BHpYw2G7tJ/uSx5IfdH0+HjnXqtSB8gA+E7aO0cSYKE4/hyxq8HLIlaMPq6FURDs0Q5Rq3X0OCxloakQu8DVc4b69sJjALsYp/ezpKfcUfbLaRrOXBGy7oud+dAbkUQwKgLmldLrLkOAE27r0yxRCp4zD6PNKOgw0Yd0STp5ugFishKFwqv6qD5COHNSjfgwjQr8nzt2hRefOczekkyCG/H6KKdssd5mDe4Mpb3G2i3T3u9ElmhbBhWHhwwPVnCUtzXr6IOeLj4yde87123mXOmIrAj3pshAX+lyeud+TfPX7qQu2aNTE1rM2bbJ75T9LGKHPp3wQOaDXYRZdmUBbHojv+KU9Rf3zqLp9lWMoVoFqD8TsP9X6ZCG78JB6LSOZ+zTjNptDah3UcDphqBENeDaq+DMe8deNJVe4OoiPlXPpxTppcqF7Z+284VzTTg8ZeuXea/wuCvX7pG9q49PeKMCuKBZVLawR+yhZqy4N6VPQS7P/vEyGKENm7Hr69nkBrNTIvH8a5aHY8/T1wSMcsBE4nZdjPqM3WzPMGNJ3g/Zo6DxE1kOsZowbwe5Vr1xAn9ReREx/VY06dwcxVOfQ/q5bSRu52EMjkc3A75Qlo6hiBHx8v9YnGqVkCPuAtb5FYhY7iLZSsPFuVOuUrLqgt5Br3JeCgOqN51oPGAEzdjUPBtoaXx2z/NqQV8F5OrF53spuuLgX7DXQu+wBtOiIIm63eofQU+1qjRe6l28a3cfVsvwVUskbzM2WfMvXGcm6ZmD43r788sjfMc8ttE9mIXQP/gy7a5GGoPNR0dt8pEzR81fhDK//AxGEamgjU7ThlGjPl7ERaKsnr1EZw44jaNUaFm9KsFeZukQwMBmi46wN02tFK/JHhNwYIKaoDHWgRkcVyeapePrrHnU7Kf/SFCwSdJcFf/r/SdpsW+Uw2f4PWePt1uJyQkawhcHB6gnnARkqZg5YEDfmpUPSWCNXB0rm6WgIDOFRiI5v1CPOY1K4qtpM5NKOQZq8u6r9UuGQE7cUBSeiCbEXGnSALKMxOG/gdbBwDO6Gb+ScrdPV03WXO1wB651ev1YGt+eqx2V8JW2HHUfOMiumD/tZqUbzBme68fhOyT55QfL5duQ9iv5RaM0uePPucworO+HBDOd+hliTRq1wI2F7Fze2HfvH96I2OnnWtBBRX42fmwgyhnkfFak4J6IwpsYfoUeJY5FTdhiZUX1UlCSKjlGITjwOypih7iiklc7YPFdR+RjyYwXkE75qBiOMpu64WAlv86FHPceGlf1gf7suqiLUlFvaTEfaJFdf18XInF2RImgsddwzrNTdoGlwxK8Vj3QHTVd0hBEVhmBlB2VkMWVe0PXOSju3qnewZ2BOzcouXi+xHgNbYcAksVObFGv2zIwaNO2HGhpcnYvyicmVvMcaHY6JErtF2yJTO6zbBTWVO0tD84huSfdGujdPwxql637z7ZJOogVs7JsmXyVb9iN8hpzRwyyiTfUz9kArucXltuvdJw/sOLlinSEPis0DqkNigVWAgeIEfvxmoCodzxa+fNtolC8Lyf9XdBMpfe6pVHny0FjeRwp5sBnNYbiMK6DyvbMCOPfi+kzXupQfkp5gkW7sy+8/7fPamdgTKhCTUgUw34yajZBh52jW3eXxYfUJRA2ES3Ue0LvyEy0ENjaQZZyKOSPxJ4NIfxTkHuejytC24strJj62V4EFjyxWZpEj2rhp9tFNreVcwCpzW0NcbjiinCgc8p0rYnpNiN/wDOfmYAcOi7KzNPKOXfa/VeOaxtr1fFtpGRdnZXX7GW67MDI02gvmjXl0qKr98BY8r1jp05XbS6BEhsRKzteW3cw1IKtyuHPI67b27Ozw1l3L4oVw/4GjvE8+lWjT3pD2dqEQoLx1i2JSBtukXeCt2ed5YckjqICtWfnecx5IlQgN9gay/sulP5j0JpaSV9L6F0eHrdwtab2IvmhnxNvxFlQco56ztihA8wso82gRCe+lepcp3rfG92krETPL9qYr4IKrJNWZmi4rE2VBlo6x/buzKuVNJVPKP8/HDplKX87tM4WiuTnyy/u2L/uxWF8CdvfIAiKLEVDWkGGuDScHDzD0wFGtNb197cKQqS90brq9JwBSPoxj6thrWbBnXyHJS1/CTV4/oUavp2Xq9n90tk0StAN3VTwnvmeO0/V8kvd9iEQfSHF0l1M7l/Qse+qHEDjqkr9O3qrTNjNd7zUdEc6ksIV+9ZCc24noIy4kqGx0SOclo3jBlSOf2creL9FglGseFYyzCgyC5OVEd40rkWbTF9tKeCLshR6QWubZsYuEQo1j8giPp0ehu2l+ERJckKhUqvXfqDOZKLZRWMU2DYujOAjZNdZqGH2otKdof7GN31I6WsxKT6smvCgeMKIcFAZo2a0lQtynXo1pp+Q5agPm/WwWR+cvrZZJi0BdBCIbUEShGfNhsfVKbBIlAnq+qLtl+lFfqGIm8Gd+EM8v+IgP3L7WIYfNeqHuy2oeMSfniErObbegLySPk6bfBK7pSQyTZhCRDcpJFvd76ZtbXdU58AhndGGqaoFI5OebG+6/AZdY0DRB2Z9hufSCnoEisq+/zkSooYBei+GyhjriwneJj492m9JdIKgo6YfnBxyvWY1rel3F2ih6WyPVfPrg6h7zqaMU7bVsam66jhRnygdQ6fgTN+SmCUeHSlcGxhByY0gNMwMhj6Qmp2SIDCwRkjYxkKZvNdRmvSIBfX57QQFTgMRjriAm5yEmiMRqOTpC7E+1tYaxyiyXsN8kijOYxcqFBbK2Bz1N8j4uyLaYovgrgyrjZ+TEY9yMlHxyv9Yw+pgo6sdsW0lIO+gYkIvpajDDdWjgStfxDidnchq0/6dQz3y+lhntYuvyoZaROLJff/v4ngbRG3Qm9iVZ+Olk+QKaaOcovK2YOFKIMuAbZBx9Q6g8TpflqdF9UznuPT6X0Lj5LUntTr17/Rqu2LuUKYOfAAZf8PM2u1Dy+g0T1c4V9L7C9gzyBqTZ3m25A8kze1YpTgfS75R8XC3eMGnZxWmZGCzfnHUiK3+u6WfjjpyPotN81ySnXsA/prLSFDhdOSc7jMpnVWP6fPuamig1JEb6NB5fqN9FVx12UnB6ycPZzTBxAZiUmT8xWLKAX/dF/48lzVxtsUiWXCZm/Omsxyf4GIFwppie/+QRSWcbbFkji00JalGfQlMDvipWRc0ExDtlukbFMMfs+RuTVhQe2UYs5KfUllTI9q7qJx9wsOwiVvIgAkzLdVYoV/wAKzUYtlnDHN2qOTA3loFdztpIhsps8NJPkrjhejqtaQn1MD0pP4Bm6KXXgPXrhaVOhtDr11N7fxG9JSCsuzvGqYiWuq86OWmyYuFdWVWQT+P/Fg4SbiejPJzrF6vQ3CQK5aJ29ctVzZflzaL+IrWACBMZtmleZDZKqaHlpcVAn3hhXmcJM1y5Lxkv2ye2GNOazHcfu5ls1ZkeVAktAtie/29LMX+A29wOXJnyXClAuQdYwaOxA9mJ0EwIOizeGxPhIK2OnCaf0j+YONDOmFEgb6VANmnuGQlb0sSUlTJszE8iraPvxxxfi/dNCmjsyeaFK+Aa4CvYWbDUmliJ1uSCy2t47ZGci5W9xW7Z/oqmkWbrS+5s/9VcCuGFnPiadRWTMzs95YRVfJ4NHy8MvZJXLnCagmOJEwLEqXtiOYP7LjOElCIkTeXP/kprOscID17jN4vuIJPmNz+Q2w5oFG1wQqG23a74P5mIOXUc/aVMt2hPWCQlr+aQORX9udP7h4EzY7YoaTbzyAbZ0OIc2nUt2cfeby89Erl07fEahaTsjfq6FgfdGE3kvhN+dlLIgYZeMdhdU0Gj75jM4yCw3ClisTg/v5+pwEqvyzzK7rrUIatukdxpcgHf9vdxm+UL9YswZfsXcdYCKyMskHWh/gPx8pEjk+82llqEQRr1S1EjONU/AyV4/pYLnpiix0JdarkoAVvlMYp0JQFiJ+Ifdq3ediuuwFwyZOy3SLn53F+YKOfWalkaVflKCcd4uifnRA6Djn9kA1q8ipWFYcTewXY8GzCivxKwrKweEulW0tRe5XaWxF0RlXl1NgJG/kimRd/VI66+eMjkmOXqYNyZEX5cC3sWRax1XFxppCZn1lkSuj++aGtWyHR75yw3068F+tLWQRrmQ7iTs8BvbUwztxnvwkiUYHor/ZdkZN+ZCuQLPAp/1elJP5O1eWhjnh+hXiKnyuwpFuAbO/araCHcOZYC6X/nKQNIrc+dIYafIpU8FfhwKWFVjvONK80j+YXLt85i1r/jl21I/IeBVJyDeN8Fsu2qwlZskvgwtEWyPXAtb+dcQOi1vSW0o1y6AKfv0b8KeztwDUkh8/VKZwdwbzSQUAHUf60aTBqy2Jr6D1TAhb9lgT0uCrh0eJjmtQBYdRY+TAAHf18jOzO6qURue32kx1b3oWXlMY8rI09Lk1WJdbvFGz5mFh81jN/siXnQxZolfvXLgCS6pPycqVC8eHrHWlCzPpQPjTaXmM5WosupZIqiUqEoLCm61k3b1hmI14wiafOAfE0HdAhiwXeK3/z9EjADkCWsla5H+oLt86+g8ULx4ohZQtQKkEnvMxpuQ/QhYUo+pA7TS2H49Psa+XFGjww2NlpqYTSuQSmQFAqnLKU/N4sZMkO+kcGTEVue28JvJRKyKIPWTpnNz+OTZ65kPvjecFPksa7ne9oWcoouBsYbsh9VXpZVPq6VWInJdcys/piklWn+sLVxyIxEsRtsSzlmGCs18XFKkP1AIoYh0QE/95OTE44nfnTSRX+uKe+gpyU5AVwsowIbMwRQO9sNK1zSuxZmVoo5k/YbzlWw44xaZHqwJWm0XxtlDVK5STmm3geNzaMyNWCFxZ5T9UmhjYsLLwoxvLkNDyMFxM334qbmcLnzHIDtIHEOFzl7lLQRWfZHFFHBHgkmyOwrSKLTtYBAh1G5JHU2QEnAARBtWADbDRrEPvS3wQU3zv7+avoa1VR4u5EWtaOfwbNi0XcL6XEED1lTOx7ykyqcVLhz4ifft13gUiAMnAqxsfgOlCZRuOYccByZz8lKqyllaALopE1m+7eQ/iYbEC5v0kRISbw8PLx35M0/7ZcPfz8aYV2hMWRg1utoa3qT8D5w8NCrj3i7y9r2bZlwAF78ydGi3oZRy3Awl9bO9+JekMf4s2wBUy2jfmbTQQj1bfXjHhEzlenKGTy6MZNmROx98fNnL8BWgaIj10N52JmppUqDGpHfJ8BBwH7L2IdEhScd+SIDrHldilgnDwer7vIcw1qfxIvGqMefB/Hke+ux74SyAWV1vZaYh7FgH88eOUlkwQ3HbpDuafJ9eiI/i86GQGugD00fKGsqFlUacLtwZEqPOa3cPffJryhByfGqIBlRMN5U2WruhA4z9IjTn0r8swmJ5MbLEw75tsvI/cejxVeSw1FBS7F5yM8Rol+Ni1B8kjBsSxda4LuOaie63ko4auVa86WBqcKUTLcjDjjQLQz4IDgdWLow/yzy2qCUJSgnGz2RKkM589DAkdmO+QdcFJm13cwo9DJ0ye1zk3qDI1cQQ8Hu44SDcm8aM8YM6GONP9Ah5nUaBQj406YUtDOZ3uXTIpK8L3w1qFxDe0CMmFEmvsvGxW9/I2CvD+2lRPkpP5kxiFaLkryt3KC7yAnJCzLEU/a31xmUt58oDev4ztDrHDPSYfC/qsLppaRqAjlsshleZ0PHYLXxb23e2QsTDUkPAtQaSmenUMD7rYDM0bjCt5eAd+sK5T2SBHxbBLI6rmnOpRYcOFQtMKas1RUOUh2RyViDmPoo98ZLuLodLVcAcbNeemUdmt+AytwygLsqnHzmPWlhjqFoxvkHJT6LMV98ZFfJQSkLer9VXYMRu0dZsRYWLKBVFLolmvXfGQpS/i77FCSbYm0REAMFm2CKpBoKjjDC96VtT2V4RL2W07uFw9u3m7ynfCoPrQ9QrWyBGw+V58/JtBzVc60crAwNVvlPIdR0XwGXErtDnQwrm+6GdJQ3edQOC4a0+c0gD0NkcouT8W424K/SoarQ0tyVCqloFMClvTLPhqQTIojQrhvWw9n4V7HgL97IHkjA71b2sLRIaoxuHEhvCtWLCu57NNuf/8PZn7wRBcnprmKAhSh2uM95fQhcJwA2JrqgLVbVlOKg9HkKz8BFINmawzZO80owxH1FY1BO6kdL4Q8ICP+07GogoH7GD6h28yU0Hx7AMS/cTSiDo5GaAGpUQO62Um1sga8CDkBZkrg3ttXzIzNXgL0xaHr33QcyBb2YkHYCk6gQmJ3lCTANZteEAsgvy9fNUKWy5LbRKGxyqdAjoWq7RUcQEIP7vu4+hzF80Pc3OO+QXdXj9HlWHV3W4+ZD89vOnvw2wjynPG2zcvceEjZ0rQnZ5idGn9rK9N3Z+bKi4pGoFeqpU4xpVJxznGZrU1YIi5C+rUs+vNXTUSXQjXlMbKcM3j9c2skyu+TQTpeFNc2zRfFL2AEJVNd4oV+T4X/Gzxi/tbU32aPjqQqgN3g3468N3088yD6q7AIUxPGxGvA+KHrMt58aLf1g3EfhSjKW16SFq3PaRwlTO+EH4VvQjjBBJXgZ692+jS/G9IlvSlLBIuWosmciwo3xkIVgmcp6N7uo3SsVOH4l7KeiObwbEhc7KZdH4/ozRckir2tXcON3Z2Q9pMnoh98W8JcTMLb+JAKuuy7RAMolQ0qlPXDdgAoSMt71WnTzhVBx1lExCsTPjT+aNqdHydikld+qkDNIIWfK7XhXBOijXZXERwSTO5n/2jq95zs/5YQ1UQhD7+iHsxiC3sVf9rtU7ETW6MuzYCnJ2QpPdzv7zwzQKdpwoh2WglPhcH59h/iBHUWaysa18jAgKVhPMP5IrklkgAkfrqIDN7Iz0corX9DOODklPDbDkjYHmUbvTMCLiynWzbSJJBn0tDl0l/s0T8z4pMnms1OngZ4iy4U40OVz06fvFEODKXNrE1y1TrDjxp/7+8XgIiFk67fWAi4SDHvTeAGG6j7pAZd1O5kdJINOWPqK4roWzyhBAb652LQ62EK3n1fleycUGsBr0gBIRiQHD17ASHtA0DJxfL91qmJODg13kxAqXfeNP8bUI71nFjPffJYyyj3XfoNjslzgjrEzlGjaJUi6jfx06FIZdFTqBqtZ2kztaY59IyUCoRlNtkJuOZ8mWzIQWvg2+pDBAI3yE9svS1B1eguMdy2hGGXpCeu7UOBZaUkRNTZy5i37lS5P0xlVjhJZ/rJ0lddsKsoLaU6mKvv3JjVH8dNGn2sjPLJhAx1qL8U4XGWj/PT/VsykmMaNNq7yRwO5JwcEeiTnw8B0fvOEanLQoTIEndOapENqoBJ2vFEWUWO53spyMMXl38jU7jMOA5UPvtCrNKYmYlNwBO3pkzjA+p11L3+DnI+lHh/VIzFQm/UvhZXFBcPv5GJlvWJfGnUpdkSWeJrwLHmul+zFAOL3VHkbITzB/Qlypn6RYl+Vw8SxKeZEexsFouG6z/1qsNnvkZbiRaQxxsimNkiGjjzQuz5zYniOOJm2L211Ya7NJbleB12dFj44Jvkx+eTNByGI+DOqkQnPt04R4B2MwnJP0v8EDFrXh+VBJvuXIPNcBOA3m54EceG6F1sSkQR2fAalArts80GWvY3vsAbn61jxBw+oKJ/nO/4raDE/R0Ut3oYRi9V7glBEO4LnyXqyF4TvFP+qrOHc70s2KFH8PRAmuzsW12tvnyOeH8HmRcRnZ/vZDgMqpKZpZ+3pDPqY/db4gOxbA2SmZe6ZSZFUA9OybmoXaiq60DCN8TsyAYOj29MKREZS/a4WpsJ63+970TUs0a8r4gAG2QoVkEyytX5JJCAJBmLxlefY8f5df44TMhgiva/lNw8xi2w3sADY9WSHbI7TMiostbfu0s+HE7JDSXAdeAUSV4w4NDyrHFIkANr1TkBN6Ys6r4w9lvxEP37Ksj54MUh0xwF5WMSDy3pKNn3IlrSudVurTXMoimHt5LXCcnnfeB5LdgndXaixUpomGIK+prliJgiNSzzdIhCZJAK3jBXjuAFpj5Z8iGlQ27Esc9mEbgbt3LlryFTjguwS0Jd2TlGWTyLwm6egoblhNLPpp5IFiS62GapOwuMF4ZBEAPEv7uJCfzaU1x9Dlnx1RoxSjmjvRCXWh3rwA27vpJGIGFWv5KSU6hQEOoeCK/IvbLD83tXlf/5d43t4N2Ko/yEx3ZuzxyR7ZBU2q0Y7oJzOOVLFsaW9zJUsLKmEYNjjpajcJEpEtt1cWgMbIC6WkmPso/9FF/tScQSMvid7TOiBhVFQZ64YsfxDQzl2k5qrRuNJ+eBYcEPOwQlF6NXoLGndZL2RZgL80m6JZordI3lL8jmhVHJcJhtHyl00eQ89BR96Z7ILPZ4uoLPqkqgovPOpAwEVQ65kKwQlEJfG24czkW8mlZDW8wxFWHNMRc2gjb74mAvA0saJ23qhKhlj4UEwdyaCs7jSv5XC4aIs/fhZQWFk3CxcJv7o+9uW1D61PIO2iZJmhtb+eDNCquB0LWZB/gaH9J2TlJAZ7/Sw1AFRw2fOGoXBujZ+fm5LL4NA5LlD5o/r1K79Tma4C3zvUWYxklpQXJ31JFXRGm6rmcy0J7+t2TnVok+Y6JpwTthXywk4qwWy4s3uYdxl/50hdZw2k0GGqxHXSAE76DdhYMin+z+ocIWPI6nNvBB52IoLnNZ3nVmi0I6UnT692J3DWf0AwBrlaRWiOW9GPAvXxL8m2sI/y1U+8JYRswVpheob08+uhZt8koF6BPtQ+oyB2PLvMvCBb3LIolvOYBe/sXNNTgZkq21BLAzC2eWv8Wj40qTd9iJkRxnkK0AaxkDQGe5rfycxwWpUA3qw1AzOI6jcEu6/278V9I5u4UAZZubxd3D8Cl/2D2xVELkoXCYdoyy16rsnO4XYczFkmOQnwQwWZXssMoNBZbMyqWBgbTgmxTTFN19xXG4W5NCowaARsEbAh0sD6ThslQSNStqr38Bo+/2v4WIzx8QcUKegPdiKPB+7Ie0u8QCLmN2CdrCqdTsy9jc5/GhJRW8wO0tbm84/JtsKV7Tetu8kj46YFpZa0ZNyNkVxcpDUCVdpkZDlDwxa5GF/KEbKCt2AN0/0pW2CD4fgWf4kH74x1VcDNJ9csPMBNfB8iVNNIsqfNqMHF26EjEhCqT7kKKdU8FL9iyySfGMYO7IQykeSytst9RpWRHM2kotuCe1QSlBCC26Vvc5gxdL1SJsj1K+yicrICFPpPi8ZBZTdZbStoYWQPu7hBJWbDhPG3LXQ2ot/HdCsn7uQJs8WvyR/uRHoulYgTYhj1AXxvnV+XjPDTnTubbId5J9hMhZLvKngO4eoSkjIfMceFaa1o1kfos73SG28kVkd1HZLDxjZzAH5IiYzQjVILSIQqnyJADIEb22cGUYTuWZywrIymeeEImVJwjwmnR5D6xUm902Kb7lJ5Tzyk3q7lTnkb8Iyc6L3C0k+PQw0LXuoLerqnNrwGn70DReuGBOYBDcXT28pzhmRgXjuKdTUyp9YHyLl0oTkdVE7xnYkkBjYKZEk0ZWyKAHy/86ZtQf8kMKauQDB651PnzVflrsKklTr+uC6u0jhaO4L6CjcKz9/OmATp3GtiwoRQZfIentE+eqHqyQEMdUdkhulE/q9PSpbqaoUUuu0QtUVcriD5IFzGheF50mr6TtNDP6FWSze0qLKzi8OdpuHQqZhNJ3YCW+5yP4ti5EQaEYxSx+CmuLqKMUQP2tbCMrUwajR+OyMlOIK1YgH/8lAhC5NZpfWNi4m9FarUK+W6dgsT+hrjRx2/l4EmDjwh/tvr+FF5oHeHHU+//dlmQs/dPGx+fTOWK8MNo6IbQa4gp9f+8R+F7G2nKQmpTnzibPogBeKJaJ3LEBvDdeUyBYNOG/9yWNOystev1P9SUdsnOGw2S90O6n1mBV2OOdTPlbqbOYI7m29KBFGlnZXqpT5zOs2j/aGEE3LQDSMIbquxl82XF0845QOC2IV9vZ3hXh8LU3RtJxOPDwconbY6s3TAzle3La8LdiIn0QE+0K7onuQoGRkGjiff1sVa0bYcCnx4d0NNtahDMvWGg5pNQ6IgWx9p3DqhsLguzvtwbnxFDCs5tCnd7jmPu9DCJEX7i6TzxJA/ou4tH+PQStaiW1P2hqrsQgk6MfRQpl9LUuubNrL3gB8aqZKQHfop6Mv7kjwuGo8ZzrOWBjouG8bAqt4RLQAd1DFEWLTShWFGhe91p90MtJUu3vF1KIlE8iFQxlF0xmaHQKzjDxyLn0YhY3BhjED52d8SA2w4MudWeagCs+s4xML/zvoBRHy533299cNvLNZ6q00D/4NNVyw7kLxKDaR7JPQPPz5fcKBKDslEjPWI54QeczqZicwvgH7BLeAJr8lARbdtwnJD+0WEcdFzku+PT8TyQhRVUEU9Ew92RGjE0eOcbkANVBMYU/7yHQGtMshIcMp5aPekI83WLqwmxbxawqlUiol//xvds3cMkON7LMppaMckYzyjlLgFn3vhHlCKIz4i9dQVrUV/jckotx/rHVcAsQ5Kl31GRPynCouvHMTttHw2EUP224qKZdcGsoL28Caen0sULDUvb4DN7qtMAvPPH8u4ttlyfSEXoDd/JIVRCReXBuhUQbFJ/F5pWgl92K+nW8Qq99uSXqJbNuno4XlDDRlwDSsQ95wFhDKdU7xO7FshVCBpzwUxikgu7CIKHUSYm4arrI0PS7o7i6WOhG7lfRlR/mS+6iUHQXeKwwKrPYM+SroHSHmD/3rQe9yVxPaYdOxChvsD4p5BKIzWnwWYLCw8pi+OlD3ij1Bf9CVXLMDmUEx09IE+T3JOLxbPbwF2XLCdMj8PXVdKOczFSlHRuKJIptegkLhhIh2mcnRAGH3PDgeQCzhr680P1bNVTqb64F/f91p8//+Frce9HbFf7t2Hsk9tvx98bPHiPLwbURjG8a68MquwWXHe8s5QmAXbVpp8Ea2kElK9mEHuXu26eCtReuUJ4I36DJORArj/r0GFfERGIa6OQ76o4auGZB6yat/eJVrY2v2UfZ5j7Cnh88jt5ebY11OvKJZb01tkSqhJ/2x82Q9vndWHAZSqm/pgIkUR1624zeV8wBBHkEmncwsPYxwTJYuxkLNgDd7rGtDtjMUhOg0LlmnZ8ftN+/WGXMTIsICcUMZumI8I5S+q0wsB2EIdviP26Cg/oOXgjygE9Ze66+l3ik2WblejEIO2FEaBOGi0OnZOZiZicqk2q0KAV3CgP6MKCNClCwFwlOs8wvODDEAl8vf4170MHoOxcnHKPACYVyQ7tUyVMafAoFA3E482GMnMHgU0Xz7PBzGSejy6VxJysjtn5snowSXreWx2/ycN6MUcFlAeR8yISRcrCPj6MISM+L5E9c3hWlMsEV1zD38SguDU77joQ5BCwVHbzHm00vPYnzicrZ36S68Bxy+1jM34HcdZh4fPW3YiF7EIvDpGMekP5TR6rmj/SIvud+BJ0XBiGJ1EwMBJim6d2nPDVNsaS+NS6zSSdkQacymVJUW2OP4uEGcBjN7+1ua414xYtpLOcPiJQfD3S9vvitV9AVlo4EYKTWZuxdu45kfdxLeJ9Q3hxaMmvX8IK2I6Ntc7NRpnM6LICr6ESuQZA8EyPi7HLdpddT08FIom1lLf8U+g4irIQ61IuOIgi31ix58gaSkrkBJTF97tAUMLKiMYDicD7YAl6BRhz/b2+WxX9x7TRfzklyz9zLZtxwD6Bf7bCAFvYUyR9/zsVvMIETcr/mPdd9tfeTp1jwtV8IlInwAd4wzNH/tV/mbIGY4K0bL9Cp+ZXo3m6zfMNHJ6s98qNbI5ZfwcrC+760eS7nEvynOmUbySvM4CT7d3rzILO+wyiRrfO6GVBtURpGRwNGuYAXjfGS5QMEUCSzAmfSTXMy4+UHEZPE75xn0tABHgs77/z/L3XLoC+xNuyOApKkszYLGMorwcOMJ5nlAwetvEzEPeexe9Y0qRexHbGePk7/bOUxeedHXn7R5b1kj3x0nZd5LSNzyDH/env9iueAF6F29CO6gpTXzPsLynBf4SDIccHv/vAz6aqqAB7T7Tnt8FLH+qpqf5HvQ/I7Gk4IX1MQ7catWXmXveyloCc/cENNh95CdT5vbnQYw1aj3aVMSdnILXn8aP9rBhsmwtP5qrm3qPZCtaOtbdCY7zhD4VnM533haSvSkdiksEMGdg2voNp6/HVcOBLnrUtxfd6Gqy/tC3TZtyPZzimknoz1GW6Uoknn/lEw3BC6NbgRektP11qUUkKp2xQb01ivu1NpUKuhfUqbUlkI2RJpk8RtG3daWlsjf/pkPGhVkpyIZJd8BdiYtJpif3427CZr1dV2yXhvdC6rWwqoEbYYBLpmu9/N2c6utIqI5XU/NugX1M7TDl/xQbayOf5KZUviOTjEbJb/eu5kFjPOfqD46fv43PBXGs/C+AW1HPqgU9BtroE0wywLLfBSy132PWfA2hBqzBUxy1+C40KW6FwnOCKI8+JR2ZzQGH8YTrYUIqyCxSiiqqHURUkCgzykLr1imCV70Igp6dLQ9uJkn5ZtSIt93I7GNQloDJw2Bek6Kb+tyRsubV1ZI7xYbajv9dl+XJXsUsxbMjM0LshqGcq/LXD22+lFAYGujxHVPqRGPlqDu1CHMBQ6AY4tV6Fsq1PWNHaUcipTQQiGp9GnlLH+NgA7MzeVZOSYEXx1EMGJCK+rKqcd+g9zgvIQ6bWju3E/fhoGujQ2XNCb7U43HaOPId/IE7Kq+/DwzRbAwyzfk0HjH4O/nv+fZ5boVwecgQyetG0oIDXWO9/4EgJdCDW533z5/c3ZlNumsyfMeh6uFysSS2pUQRaa098uWxCAC2ejmvEtwhjeAFcEZU2gg2RGMzY1zbFeBGPbMI31IkPu3ip+Qh1AbXaveXcN7e6BwsXS7ZKI8oCT6jw7vQ48d0USxL/5ng/RnMIww8+9lgcIFpob0ZhUfngyBcvdkqaxsVC28pkAp8jsRULpdmY82UzSHaJCC36LHRrn7BhpjrciMOtGCW6pqG1QOlKFkvOJLhKVaYLqWrT98t+u79DnWMWbrG8BIy0nZQsbGeHrUwN1nxHybi/gPWNBlMWz8C/7X4MJNJAJY2+gcVunYL/fcsieVptcUJnxoGIEhildroEmb0hXFWeo0fbW8Y17BXFzWyV6lEBqQkc3Z8M+vy3vr1wF1R08O6lO5h0ZZGr9Qk4Wq1P6EuEmXOzvcFYAiZoviknK26kSacbRuSFE/70+sD4HVPtUI3SOGrV2q+VuQwnWjuhJsInD5kaVNUI3ony6n3JCvQvtqUbekYAlQ85xfDBa8onoM7k76OYOTxmicKeCBGcw5zJTQ0rn7bxJvhjOhqmQWS3RgXuhLXPqmfGNsQd4k0WB0J5oaUHZvqcE3RiIw3iGKplwVx/4aCqFJ7QtSUVbw0thLitMnWrZwsAOAwA09EAegdf4rTdMBDzN1YbcVbab4nh+9sVBvraxeV5Vx123DglacGqUAtA6ITRDR3I58Zo0jCL6w8BvsHC7PEFoliCNUqZ4/+DL2a/wK6qeFfyRydbwGV1zZd/v/K8UUCXOg0owZ8Wk/30HDM8H3if6PvmRbpTJK7ZMMdpO/3miU3UD8Cn3mqwOuA2stwjpzvrLigh0PpOfvwhBUIYZ3Z9DP1ef765ZLkGiLASD0BrytBT6EKRbM4a+UDYHvgaEqkjaxnVqgGj8QbMY5keSSE9lzKcvBBx3DrCD1vgaXmq4wawG2ykY5KQRtj26Fq97ku+WM7OOqmEkS2YcZrmLXvnI/D+cvXs8E/z7P95ZRyN3OVtS6YTkFsJ2l6JuRVIOOYVYGYblONsq5ZDDKhVy2F0qlPMwp23KqXJYwhw2m/OEbYZt2OnH/T58Pr/H9/N9fN99Hg9/4vEw1+u6ntd1PZ/PK8VpRt5WzRLsZZIaStPOMRPKxT212ImKbrFvlLCvOyr2zR9w792J8uJy9zVk66MlIoVpw55Qlf/aWx2Tvb81yDGLPEoJe+ZSvi6NChOYz5XOc6x1WaCXvY4uRWrlDNDEqZliXBPm5xQA+UYksYUsBpOpM8oT603pdR6Q3b+y8spcW3kpFP+98hrgZeBO7NB5o3LG9fYu/ej2Ls0PsFvmUx+LbbZamwVPH9ujvP/Zdc4FXVS0nwbXc9ybdTs6k0yEvNkLn/bkG7WYT/8V5z8zwECNj2m1mC/kw1DZ/GB+XknonD6Q5n2ZcDFDJvPa01ezmgVjntmA4p8JmNYaPe19IXHKwqaj7j6Xk6vAIH4R6xUqHcVMGl9Yuj+m1enE7BmNwZE4f+haquk/9nVTKFnNQLVL+dbSU2nIduMVu0QIb6U9f3+2wvT/JRMEft1AW3vUs1J+OA/7zQZQDYvks21ZfYmZoiUI6TgWxE1EfskFSp7MV2ibV/1vP74h6OLsiqs9cPE+K7nqtnzXb2/0bnUSAai7j9h9d9Abi/RTViPkCqbGsMD7+KjDYkLhAPOOsM+HZJUjXCpIkH3m2v6qM+GgFfc41CsfdtxwCjMChZZX5cEt57mqLnlugaangbMY9GfLsq8qhtHK0LKWGyfa9ccyxsbe8ba9rCx95A2w1AAf9o7rNXofG24eX6moZcIv6JbUt/TXFV3OEmcoWO+K0md+iufy3SmNfiNanfVVABQFFDrYdxOjGoTP30AbG/hXUXe4y1nb+flipSVsvlXgPVefF9e/bZlhvPevGNnik5p8ynWUq1cneqyvL+pmHStp9+hqVsXbuKOaXyC/Pz9y7EUoxb3OA2OkyRmN6lyYzpCGdjU/oh79WdOc1PHNUrUQ7D64X3KsuL6cFqGFJlg7B/Reb1v82b2SfqyktjYrkmIywUhzp/QyvBYut01mBpb3o29IamvgO84SF3SXHGsmB014bpSjLv5VdzLs4FZl0GJCVXtmq/R9HxAb1X1qucjNFGLjKBWh3ZyKM01L/KslUUNM3M9DqpWeidm2Dvd2KK4smNdMT0NrVc8aOXFODZnOm9BcW8L57TjIS7RU+COk+brj6t9w46M/ceCQD+7yKV37vBXptr3oVzULky+gM8y3n+oII2pnfm5WdL+mm89BOItzisMzQ00nXQLKltONF9J8s1zAYKK2olT4LOSOWIibVOlu2zJT5HiKejf3qUT2eEHfQR4CMXJeWsxgWLf19rm6UG7Ak4vZYVR/w0kE8e1p60EsfCh0onZmMsyzjxFkEelNOO9Qxxxiu65VI7ewsYo7H8PR2BZjmb1tozj1wzVNE0fychxAoZ8VV6qNiJM+mx1ylUhnYKClbOSUmAMvmRdBWJS/W4X/nClweY0psM1xPVvDcCVrxdUR+NDitjzyu+zpku7OeP0UZJO5n5Jyl7dXylL7J1tz/pdecHXgjGnJCCHDaheM/K6YefCJ4ftTzyqZt4qruldy4tRmFCyOQ0P0oSe043CrKUISsBMuUE+utN2VkW4X5Jwet3gvacPChLK+t2LhXtEAuzIoYfP+J3O5Xn57KAGkqsCZvLAdFGPLwmSfy/V/ms+3N9uiOz/fdrP0U3LJQ6Z47OZvGZvlaORS+BB22tYzJWpXJgOuP0K3ZjwPtlvtoTyef308e+beUjdW+iGaYwUuONuwebXRHI6E1fFe+qTFgfJnS8VDrXvUUdMP9V7a24h9sCvxcWb5s5Ie7cUZ7iFt6VTexEM9VBGDHpqW3WafM5eOMjc2YdIGJnAepwuyDKBhetfUkzLszqfXzYqG5/8SDkGCoE95x+hzlKPPCVULDFgcq21HDgGxigFRJny4h26eZL5vIvY0bNdTtj22Gjqw/Emgx0MnCXXOxWsjZ8ZD5jFoyoRAdYf21nD58QDnzZ8TcQLkYveEEUlqrxiSGdp3xEpNNBmICt1Ti5rIZOjQKhKMg78vJWkIv8Tt2YSxLk/YHgRxmGRIJEcmFhkSzyllOQZoSiL42a/1xc29hbnwLpXohrpKwqPCAvQ2Vag6jiyNAcVz5d7iS4oQRgm2j+ux5AecT8HXv37c2ccBWfCJfFZqW5aJCF1UFiuX5mIDdIVddAv9kJaPSVaGPXLK5ogxM4w0z0qT1WRLso4cbwxTcV7np/fwJ0nciG0D2JhUZnEFBqEYZfkWxrIsfobYKnLLKOQ6R4/VgZVq2hXCh96ZjejX7Uz2eIllfd+SGDwfPvsBugSg7lWSjpwRhrtKS+XPrEhgdT/5tLw+Kgx4nQQs+4WpWXXN2n5O5U7FnuuZn3ZV46bHigK2P1Tbw6x2iMvHymMBwbflhyApF9IMb5ybZGsZlxePao3eAIfqj6XjShjE4q95ROjk+PxfdW/BzJsMUJJZOorclTKr2uqKU4SO9rruhqK95uCy5FYQV6HKM8550Ctgl0fTxu0xdtwPevcx1RQnF4yiQu2V6EjozkmqLTiyncWgFLADyagks8ln3vXLi3l4sXJllSwq5IQQP+o87TU7gHmqQqkgeXlYzisljPi1/neW3B7/RNVLjAUJJtToS0pIBYLG65xoRnBMFrc4BS5Ez7zmHFHspZrpP4TCPhhd2L9TnaxLmJ0vZ1BTDo970U7UMWbc7RyUQ+C6n+tTiWKxzZTRpXunC1vd2BHC+XlFEKJsw1fPDTRb7NK7o3fFzaXPCBx2eI13ZHMin01foA0wHVOAOrSddcYuOPofKyuO9fl158Prq1d/hISNdDCZbMQepaHqDlALtp/FLidJVR0PX5ac21S99ThJxOP8JrH98sy/stdBRy+S7T4RGE4ce3Y2LQrInZYBofyXIYTlsN/GDv0wx0rengzg9cbFAhSGi4krfhNzuaD+oWjT3wuCA3G9eyeu60W6hyMCxjTCV/IMJO6guTJyDzVRkaZkGjj8OVnbnP/0+gVR/MFHocL4n+D5AoXT69mHt8V/lX/EmNEIVz8YTUv3OdjgRsHqyEwasV20pfkiNgb9k67QtbjSdkZNkg3MugoSTJQIkvhUpnQPUfV/EW0/H21wDWwwx4Nog3GgJzLqmlpR5yen91IN4b/HNXkWPYk1EbqGPaaUqhe0xpCj4QXNriRzpYLu4oSDna6WUAMIg9jyzHZnJMXLFh7oRmkyeJO5qNbDywodzBQHy81kJFXSI8TCs7k2t42dF3zi1F+aR5UyrXdmqlqY6d25vPDxYxukKUl7r+cxQ6oZyJ+SRMyFCnGtagYttYvN8Z9o4YFqy3xI4GWwP789FKuSXjaLByAC0II5g7RtRsOd+aMkckrUMY3Nkr7j4El8km00JVLxeTiJo5UYb2k0eFNc/mnLzIuZEhJRyJyROf/OBWaSWy95oacbL9jCasd1HonTWL7v/vYr69XaxGqHUaAsLhe8+HVeCBa/o569W4dOVg/T0n5ADdcQv54XoHMIFzJ2zTgbUW+Nsc11a5eenQ88R+AQOM7ui2oSI3j1ru1B+DoWZYiFPwd/HzCz8uFjia6iaOaNhFC4uKgNLjarppcjvptipmGASf6Poqr+egQTDsl2nLyeUlREoLzyYTiSKupeV/JMgb8N7/cCTc3lTivvpbUnxKdlmvSlg4pcQ376THgoutd/0SHQriWtCzNzubGeDQEJ383nYlP2HIBTWe8z/a9RnLyjauofe5FLom94/q6WI22HHOduGeR2GreTWa1WyLkxbyJubty0JlJc3EHyRGmvk3Z7SE7FbsOPaJRyPsaiIDKbq+PqI7GrIUm6IuGS4bVac+aMW2O72mpnCu2F7r3cyaoxynAp55jH1SX/vRCwtBf2rRUjpinZiIb6n6/wqrwDbxKGPydGnamtrA6ILMkDD0x8f5p5b9n0M2OG8r6P8/W9Kuza5s/Q59Z6dYVz4ZteF7dIXwbbnzD6YbOI7iMKGrGLDIDESvA5UbcqegRRzj4NFUAPAdBfNrY1hkU1KDHml/zvBLXHgQcSYAFVjeYcB/f5ekit6yEtBgIl+O2RLfZUkVro1PrEPZ/0UluO/Aps3rXay6koWac7JDflGN7yRVYHAJD7Rq/+/iAldPCO5p7Co8ebMWYPDCOntMrCkoHemH7+p7z3P0y441ql5aRKLlwXOpKnAfUefGpOUQlWQrW7RpkYAbHM294/YYVwyrjJj1b4Sb9Z/KnqQIFlDl7POOTHH3/FMd/pn9EXvBs00fPxAP9G6Uxontu1stnC7Vzx2ZsV/0VQjWwfWOO/A+47ES+0lL4/BBAb9o1TU81nfmpjb+TcD3+fIkya9UwyQz3thzLk93TtrVmPv+qUNNEarR/k8KRIdTqgXEYj7JaJ9MEOoUJw7kwqUDBVPpHUEQWUNrcCJaK+kNE0ImWbgBaxWh2PkvNHuz35zanE3qHSafrq9+bPV1uZ03zAOZI6cJjR/emIaYVwHUxkk4VbijLJBZYm8ofXHXjwLa8XPapeNnsjeUpek2aLDo5aHu0jOhcTY6V/+NxnCT+kvaQG1FW26XsfazjfflFjlAJh8Z9/3lVLm3ysWSuaFKCMJ4fe27i9U5B2Fp51Gc3BCe3rXDzyLrsEUY8yl6ngzqPxfi5dkxYa1d6O6PYze3VvrNcdJfMoLngFaeAVGCv6m4KGvVzf/sDe4ur5D/PZHGl1NP7xPir1DhbfZ/BtY1g93tO75Z38sGR+kfES0Ody3TDw2YQagBYcp2+kCUccwd/b39Ij56HxdzN73bX2+OwTrZQjEHJWb9rZL8sV2qCqOZOK2Nui1FY08XEdeWoIMzDxeqLAtr/Sw1T5t+EQ6BFzh+zTlQrvQIufBKpwhO6DaaxE5DgU0MBKbpqLYLvb4mf3a33u20jnst2fJPfznpqCq82mR0xXkT3x4l+Pjfk9HpLaaMkxhpLWc2RzYo599f0oszGDUdwPijOiaB6NQV+qkSKrgFr3sEaclXmxPYoydMAc0nn57Cikj6OL17al/HvIpAdnIIZy6/PprwgHXDSwOug0D17LxlYRYZjTqR8H7N8Wk3b3vR1/uR60mDC2wlF5I3asj+Cw8d7PRU2/wiEpXxNk3T6QqRoEoeyUbPOuiJvaoxzZ43XSyio+Vs77FgDY8sqsnbb5Y6aoMEHL6vIb8/zKEOSsfR4SHbJoIFBe7MKaJ5kzl+SVRuwBF8HnTi2lGwxiK2M9Gm07Mpv+3EGPMZS8tHULOzWlHRYs3vs+GbT0LBeyE7N4s2fsnfL6/T1VAOGGhXdfW2WuuV9xSnrgizUsM+N/6A4MkIXyv+BIvI4yRXGRY5436Bw8ApCsUcgqYThZJv2LzyzajyPnEKJtyc740/DLZn2q+xvMUZ8cJGr/GH4UOhFLVmHvfC8MhQf/ZuTPXg2DZMTGQ2erwgmCxolVwBFuEt+/pE2p+Rn6XU5ALNp+MNltrTW9D4sODYd+LNsqpUd/kZ94fKxk1jXem3EFJqfO2dIppoed0z57UOnp8Tedhu9t8bTVsGhbrUEJdIzcnjPTJ6Cbq2e1opBDx9x/Z4OB4C8pak2vSqJ+LnxTr6rTaTuflIlg8OiY56qBw8yyHuqFvD7Vk4zBDhnp7c3V7ODGaZAeemS/UUItOf72wlgrslhR9fPPACGpOEiV+Vfy0YYJS4d+hFDXC9LvT/x5KOagkGeL5n6cTxgDMUo4oZi6l2nmUmdx1BsFom18SyWiL/OSR2165iV5MFBkQ4xjhh6hfV4ptuAbEICrBcN/nxrKZ48dHZVFTlXqXCiOivk96QSxTkicPph9uB6+UxTcpA/UhYjE7Z3WszuwBMRI2CQ3aSUOyPvkXp0cn0GG93d0k4RjHrWZ7kWVqD1QzoLU3am6I8rMdCYL3ibP4yzSahZq5Yh6cepLLew6M/fOw5KErUFpfZC2SAFaWNciitsi8g0+JriVJNXq7OiGdJjhs0S5WB5DH6VYE/mKE/0rm6fAwLWliE29n1HYf+ei3xSS3XKPNPWvBjX9u0mZnyzXOUb+8pvgpKLYp6fHR3BEqFCVwU5tJSJnS3x/gJKWZr0D/OanjEi1K+FasPsNP987CQrGEHZx0X4DDFyUjeUavXhlCBj59vutIqS8rPdlZlL9PkDLjScPFLYizOLt9Yl/2M8YVNtqAGXLXLdtux1dyLLPE8c1Kbvc7tHqVKMs3mpKV7B1m8xJkNci62HEP++XWemWLanxHB3RNtFKSKRtCFWyxPLIcwuYd/hI3rvAJEv9ERsPri/L3DreKjq099jozvtq+LPuRmnSe7nPlTMDfmz74VBsZKTbuZTHApwW5T8olaf+XG/6EsKRPH99hOk2V6KCuKtnfP7L0spR2rWbwgwyqkCqPVNjwm9Aetifot0kvK6UW5Qs5ZHy0ZqKot/8a5Z9E/dY3ni7h97RH909ONYbmKy8GjBkhC/BhE9shKUclOfOHeMjoeT1QKPP7Nq2zkutleH1TPHEKkb7KWAgls40Z4YgINk7twd5xt4sJWRUJ8OYWDPJjgltMLgonMVb1FZs6o059WGdQJUhPrP84yKD3V3z9bnq5bRbwKV+yHYjNe8sabYM4c4P/LAsvcn0m3N1xhIQkj0EDM8TcownKe6r6CdIsFrPduBndL+iJB8ZzzGolSbQLOhFR2IcjR81OWDQZkoXE0Hs14Baj8hJA0mJB8ZoeW3nOQaSvkCpdrFTTP0ZJdlqYeMy2/fDWLySaG61V5C3Uo3h8loPHk4YPY/ocwnj9JRon8yIXxceiazKAgafJBmleQT7CNTHfaGBQneVMU5bAWklFHu2iM+/iTKVHwKNvgYcpQbgrgPTLv4CUYeW9TeNLawXN3s9l/wBII0+4XX44UWzHQ/tdlj+/kil9vzYd/k3wbc6aOahibTY2L1PlaKbnBWByH6rvItEROggOeGOEG84mDOpULLUJhkv5SDsbMV5TAOGO98Qz0ttG1TzigbP53+9kKV/8s4MhfU1I+6V64vNehY6Gh4pJnETXRHKiPkfTpmtIN9i4CbDeCPFPx70wtT7evyEBtpklZw2gwxItsogWq49IZwsQd1eKmgcq0mqtB2anh6wBRvGVxKFLQZes9QYiahu3qWPykkp+te+uX37qEa9Tir1ohWhjJsOQJcrVHCP0tKX2XgWI9FPxoNjCjZ+F81u8+AMxYfKs/ZbmlU8tqs5v9tCTvBEht3fqvNxm/S46A5pGekYuLJ4ZyK9UVbtRu2e4f17zWvpl6xFozuDue3OOOETsYfgcTnvpcEKr/RrGVYYsjxii6LDgjN/HlIN6C9ZC0eO4+Y0vfzPbXazq4n9aMkQ50kOy41zVzg/nQZCP+2x21y9ireuoeuYo+faY3ZVh750Taa+AFZ1b3S1uS1qxJIPr6JxBSSbbYs8uwqjNFZj4/QagEDMvpapf500D3SeU0e1URlundK+R27COx9L3FPMFu+Vf7uXrv70mJdjUi2nAA2jFOK36X2VqyNNJ8u8WJs47lAPm9Hz+o7ko12kGVq6yIlEbN3bH0Og/SLb7LlmULiwbigyvyH8rdeOmEP7G9zcsUXMYmnXJRMhbWCiyiVA/wfTL2dsm8fSDZPlVnCoie94mB+qMZDEOuUtcv4VSNDx95QuPrc1Py1AsyXj/yfQCLr//c79/Je/UaYA8j1e7I/et5Lfpxq2qKi/Gb22kH//v6k0OiSTI3iAFqb26mR9HBOHrWkpO0QxSO9bmQkLd4ie/Kll6z4+fztAyjenASMXv2tp79w23ii3JdcQ6XnVrF7vB/EeYtxuB/R10dW++gNaZfx99P9TpZH7/1ZpWOlXXhdbR6idJfyTX+pznouaNcDq5OVUDZ+ykpggNsV8tAkgTY9hn1Ov1/hcRyxAPdwD63gvdVuT4hUYkYtx3xidZh8X1nqT+lCG4wst8BJXgn3ooVI2nD6qdRyEHE37hkHzE3V3nxmPS4lu/V7ocK9u4L1qWgxjcfB1cBFuz9eQGD38gO7F0oSlvfLFYcOqHt1DoNnBsqJkWL2LfzJQTWA+9z2ES9Jj0eoFXXFAp6UsF9Xz94Qca10dWMTMa+Rgqobwy/ySFfiNh96d+Vp8PcE1amDCrd+NEx23GrNmsItHEodI/EGToY7G7XgYjn06+/vdxKg67i3/K/dM6TpVY7ylpmCsHljcXLLC6iPObp7oDK93I/n+KK/uZuGPCUUkxZQBD9oD1bCaO4ouob0FE2IrtZOWi6AlQtS3sZmAdgwtMvhg2gz93Kbqthmcm4NerfH6YvMlwO4lgHL1rkxGrdOvZDnaWpZLNh5M/bAwgFtTX9fw7HYmWtrpHIAvxpgVYZ0qYpsqfZNMpnbL8z5YHMhR2jmiCfeTz1OqshFK2ovOH4d7FRjkh177chtz6qUa2SGPsMUeKy5IePqx81k6v0xPC5VE5wvql5IrwYh0brFiRNq8raquz2D6nKfep9f5rJF0hbxdbGWIDrn5y1jcwSSK3i2/MaMW+YYGgzybuprhZFUafi83C6PS9AxyHLUKDVp6WLp014UkT6z59DCcYYcVJzT3W92ri9wznKO0XvdCrMsaw8rZrp7FKoqHyHel+K22HddlTUbTQaKD5KGPa3NgIW94/Jm13jGZ+jFzn85QGsX9tOYULZIW4i49eRnrLotagH47DS0ZKkrrBYowB8TV6wW2EBHhmOmHdeGtCAaufs4EcZx7uOjCXs0peRnSrfN1Z/7lBRCZYBIzOrGatlZh27uJMGogoWllSwX+tzHT8Q7hb4E//QN+W8/mSO9amqxYYKe6qy+mqYZaVeZ++L4CQEugisSBQ9f7RZMHd2SmXRMOh2u4dRYYZfhtvcrBic2/rY36Q+KoQ2EJ+28vDAZfuSccbzX/YMa2A8As9poyfV0Cq3u3bO5e4wnpDUHA+Lbiullawu+I1t2HGBIJpo1Jmk8GTX8JV7tC8Qskm5fxJfTP1NBto3yXhyypTmb8ujScLoYc5qxfPfw58dvBNF25VPvUzBj5/IXVnhKt6+ga6cN4zMAxZ7k90mnId+Ch1P98XCY98jcPKdiRBdxAy+A5z5F3631XfZPWpNQl+0axx1XrZfN3g1F7wFc1eIfa+uIb55rLlnp9XsUA4AH+VGxt4UD3LIbEmgGVzQZvWSi8X9LxydbcajKHYINYSGop+0RbMBnFa4TGTsgbaOaO3Coq+vTaZR+7Ui7es2jubilpv/0fOzpfsdpSrXTGqJVzs5zB0z2Try5PKzdeUHtwo93gJD6OO1mBWEkKEORbwzSSTvP7mAP1km5JT+X70LnLJeS914fDvf69JXeQM5K6in3SPLqwvgRqIZWc9jvX0n6Mvwp/2hqB83+kWbRixfOL81xvMP4LPVFAxwVRp36o9DVg0Z8eTRRmMF/iOjOu69ZPjYawsta07e0FgFFj2MVKfv4GmpBVioz8hKvxRHFPya9n/3PzcxkvgznaYP6efrPudyM/1PIM44iHtFMgVIwQH3O/1lxA5UMP5W4NkiFb08+RjsUXYUCzRc/Tn3PFYw4TiRLk1/2h1RPhVGrg9bUqNKEbXi+uNjIAHJLdHuQheQBJY3FQaZ9Kg/vQy1Twtzq68ClKug0z8M4suM9thXde0eMqPeK7p/jV13Mmz0yXCMvftTF6eeKVcP/QWCU1uyV026GjDW4aWFbHp5t0Xp9ioKZk2ojoIsLsWJtCqM2tOOrsjyaZdKZq/AKnqm4tM4lxJRtcA6dM8aCtQV07vZJub9ZvOdP1YfDP0XbNlJrTTfxT1Gn2jFwf6La8s/d4HSWOxLLdCf09uT0Zdwg12XRlx9ilpiruUoJBrKEwB1sJ+USmhVKxxslRfjoyQpxVto8fa0T7Rr/i5L10Q6Sy+0OlJEU5s1y9nyD9ceEbioYrfr+z9xTEdvqEtk1/YUEMuQtn1wiIMxEWmh+rKRxonMUwJEOW4hg1xn00dEgya694nzU8kO+pjhjEOgldMiVbgyDX1g9za9bjnym1znuDZNP3NCSf4D0qifI+01R7PCnzbI3+3Yt8Oib6g4gPQLMbl/IGPfgiCG/G7tDWRZC0F/aSIf2p98jlfFpLYMEG14evOGZTl60XPmQrKdi95785epfIufc98rf1uvvdm+rbvoFCel4r1L4OKwWPcgHo6YfzAgOyCk0FR4/I3dW2Mbw+PNyUPbqpJGYDzQLQj/ev/hTl7acTGNz8wvFFX/3yMGj8v8C5dAzLfG6BiUaTcmZvYdNIpbSfslSejyx4OmYCtsP5EhZUpAbvvy+mo71P2q3XhbhRVv//yxJS4f4pgBGaUzXglzj/vq/ePyOaCesUXCj5z3OFi+4aG0Q6+0o1qKTAeXvB9x0fTK9daMuJspqc2uGs8JH/PVo8rUTQ6ePdNIvsKQvM5osLfDTgvOSem8nOttm5qIVCWzW43812/flZ250tGqcvdgYip0cX1JIWT7RKYsRz3k0nYcK6VslV1c3aUDX3K+0m9aHZ+Lj3QNTrUkq8Vl+UznFkU5V+QxD5FXujErAlHpgLjuQ39lFudmp4OYP+6DxD5HgjGW0R0MFU5D+1ZhA06fdZF4wKtEdmPXub/LDD7jGnNcICbkN13LYgR+dHJL/cgV1Gx5cYm+Ea4rm443b3rMnhGgsj83i0CAd70MBda/4cXHYRRM9YHKlZndqyBMMzuiTbln7S50/CkTAeu8rpYTwzy7QOUPdue1Df2hxrDbCTWg+nYrH8zPkuMu3uRYF1jqC9vNGcc+pQ6GqlucgA1US/o08PvMIiZlRhneHvktEMU4AKTkMPdk36SFFaJ5pVzEvDSqeNfOZ8J6tavh0rcXWfKxxqIQRErhaYKrGH46mC0SG7ZHoJoo0qnItjraJnZndOT8kyW2O1U1sxTH3Zlp6sucN4nmRUL8P/pshyY0e3UnlPOVEMq28ekhVMIGG6p2ACaaUm8tiDtLG8N2Ot85FMiTLqiz8hSsuTVsEELY6kCv9wapEw9NCvcLDM/uZgDf0/5HjnNP5TOd70if+9HC9/eep/kuO1Gh1nIH9DTuKZ3gzJkgnYy+MfYjxKuGYapHLFP/W//A8gm/ujWKi4520l1eWm20ZPnPNq616b4z9XIN39sV9HY75B+ALCCuu+/Dpx0/G7QccmJTC0Y4YBsxZ0C3fZSBcQ2ZDyKDh3l9FhaLE+oZCogjaHla9t9+bHsOI3cNrVzdVqkvy12u+qwJLe5j+Ksp7D20jsgKJYR2I1DVX3zwpia8JLm7DXji4jI1htHlfY0XGZD7Hilu0naubeJO4465gDxnIxIc0vdhAZGruC+XB+hB9BPlzGTWx8uEH9kBM7Ju6SZCmN9FILPMdFMRPqQOVmI/qYqb74i4y730fEUT0uucKHBy+B+Bnkl/a2wlBg6BeU8PllI3q+B4OW6qPZEEA2yyBXFcHh7Wh+W3dbK0bsynic+aRG3uSXGGV/k+Xz6q/cQzh0pLsAf390+zd9w6eFLppHoYuPtkO/eqa8l/NOfhpTg7GRxwop2pMrK6VkDQyPV7kmUmwUSsbvEGW47SZA70xbZDuuNM4ubsXvVEc4drXNV7ZG/luj2DwCBzIetscq/KlxYdRHfGXAD9DqKV6HtOOL5WiNeSQbhJ0OPMn80r6Wkz8Yehv0FzVlcSTgJu5sN/bp/6RSnOGk3UfOt/t0jDlntD1Sa4+alK/zRVZ9MIrSsP7jn4zn8jcRa3Olk3BK5FCww2qTwG5pnwjNXVijrMiens0/yYlCHfpzIKTF9++5KlwS0dGW48EOaaUKZjxTycgJ1QlThjSYVNnWCdAlR8yP1bqcQTCffM2zFXntGZaUU2sO7ghabd0VX5jSA6maMGPaI6Xf7PJPzVr22W2qJkm7Pb51AVfe+nyzx5ZCI9t1Aay+Y9MPVdPIZlDf5XkjosEkxYc406qGuolOLWSu7eJyzp8z/aAZZrlYqHnUyrXYzSg8MHIAJKw7Hk5YUP/20WO+HmU+8PWv4ZW1BTc7gJTKMvxTUr53uMo8jY8LgMNSTEgBa4sXht/cqXGU1i8Az38ZHfgRohXEXwINoxyQkzrRFxys498/rTltZbnT/DXK8ve420Yd8BS6HHbwy2nWQs8BXTl7ne8eIVtEryID0AvxXDN+aytIrC80YKrNRmrwnbqx8kUHxFzvFhVbAHkEBB2lQcXtVAlbf96dL1Cf+x/FmYfU4NSIaLYqg+/JiEDstpINypgp6XbX78hCtkc1XQV42wydIiUbVSXnyernfJVQPnFqpiuEoyeiUHCuHRAHRjwOcSyBb6puVZD7p7NS4WH6J/Qh8bARqcq/6mtLmyhChOmlMsTEEH67s1tAIPX8pag5U4wujlz318KQ71DotzOwqMsZoIDBajFjnh+etka5wpM6B6EvtGRR8BHL7oMD+kDJreUhoPTHo6Fnm6vrwBPbJuQByO/P3PEM9JAL3X2NZPCPjD7VKHvcPm9FoWqf/2qlGe4oMvVHC+afMdm9gprVBz5XRn7ejRa0SvJhUR1t36qo/r0lGTu3B+FJQrdvbR5zs/r6iS7RiwbaL9eqF2icx2sZMd1JM6bRTxMcCB1LX6I+csvLPbIk1Pmnttnf01woRrP8R1ZZx23XByIe2oGop1AXFyIXivVkgMGLD6SOV2KApWOENm8N7veD75JXw551z4LRLVzCbA4TkloFM5d+RY8WuXvNJ7iWV/7Z3O/3N++he32PXPBJeHI9ePcri4q4KYU91ZQ7sBjQaKn0eHQ7PhbK119TsP6e6KSKwZ5OzwX1UbybIG6TSz3QWpgZMgIyOljD7R3qLSfvA4rMWlwYhtwY8Ueo16TmoZfI1aIfZyIz/te6hrlKVDTRyfRZY+LKs6bKSmdV252IB54AgzRADmDXgnVDFrJjkDU1kHBH3MmzX80+swtODML09OaaGDh88KkStELyKTKw4VHP7uPgSet1ix50SeieA0TSdoVKgiD6RuR3MXssJCNZGykcn38Bi8Z/dJR+fDpPMar/4F/1s2WiEN7JelhD800wHyYKdMmISYPa5VJwtflzl3NldjBANhiNihySQjjtuccJH2qRty+cHsqwuvDjYvzNTZuUSfcOn/HdtmF/9BPZ9XuubNnco/T7pW9Pmv/aX/3kk+0fv2efsVx//pbcesN79w6ffPjkbfflQz+2ZXQnJDBQ9GnmZA8LUQe7HnpmdIVVaZMN5w80RmJdQkcwHnTUMnRwwtFVf3zo1eZqQW3r0OACmpcWy+ynYxL1BnpsoptnLD27QyDyw1ffKoI5dWQ6K5QkraMiF+byl3VuBlNMZqjQPzcVmy8zgd0avFKZOvXJ4FW0zOmjwPe703M0T4K5L0pgaf61d7cOhfKmd/cRo4/dX6oVRJcipw2kJ48KBhnCoSopSpjEt3Z2RQyFsoxson2EHGmOEEs31ah9T1jEY8HdzLusyr7K8L7MN5GyEg0OmoEwfEixLgtez0ayIwV8KDlq5eqfNu3ZE7js9OpdzEQPngzrTSLJ6NxsTavGQT6a64CdOPWDSooesWapo0NXDo9Xa4Nfm4+fAZsMQuR/hbR6cd+rooGpwMiN7MHH9Ctjr1Ti05X8dsuPlVuZTjnryNjLzVySpXC+fjLDVRkWfGx5ZjxmLmBVI9GU9PCsU/aNUU11fN3bB1iwy8KT8M4h176Qipa+1iiw77RgsGOw02D+hPBjcPaC7lyeosfNQYcR15ZEE4WHcy8IIGASMWtbvON+FZl1PZYgJROKUWwEyHV0ky/Ad5qaK+hOjejMH9HDlNwaT4qY4Yd+M4+SFXJcQUK4jdkybU2APNAWAxciFH39PJH/ECBP2hy8dnogpt1F4UvaMuVS4EUN+uKSqjbxTQAxBx+Hr6IWf6Qm8Hy/m6qVSsNKlmsMiP3EpYmSlNGc5QrvQY26XGssbMYoGp+9aAUL3OpZxsWHpOzYHTl2GKaRfYvEe+b44gn/28jtjjPht0uMufhDjzoWNMPexoVB9w7P7yTZw66be80WfQC5gLUKLW8WXVZwJB9tEH+3AndJJjmT53p6oqfsAP62YhIYtlxg8LkzPCs6qm4ktkYKDsLXqXVp8L7nvm9ZQFyV+nRdK9Ma/U4yniDkMvKowFIPxCwZFO1nDiCKeksqweIF0l0qKpilQLUD1Etvk71c7yVyuFbgcnN2F7UELEHwU63oeeYfJYda1lg3gSWIbqoluxFg+pYwtZl8x5TTLn3rT7VBMuIGHym6mW1ilQnZCs3TYmrONtELD1eqRhAJAasLykZN5QJLyIIxCzXYC1RHm0cPnxpee2JpZcUMr31pUvoWJDTyMIuPOiLSCjerIIwveQCjLq2UZWEDGBgOgcVFCQo4AdjlNL2kH3KyWvtymiV1qDgPN5iAXjrBoo/PuTWHO/zKhhAlt1qZXyWHaDcMOSnXr1csev3KMjT+9nb129tMrCy+3Ew+PB1mGO/JyjHwk4srY8/s6z97wsu8U3k8tfEVaiwyB6HoN8hYmU3QSrvRFOKrs/hkGvwTBiQTcFG2op0zPSFvJD0ai3m6vmjoCfs0oUlfSPDkecU0JHxvaPU/r1AkCp803cwR/rV2hcIDUR97T9hP/PcViufQW39foRD4Yoix0M5/XaHIifBtX8nynHVObXRrJa9dobjerOb+4HWoYet7udU4/e0Efp9ABjRfxn+KQYbc1ToXrqcrrwuTZvkyjsqPqNJFUpWzBrOB4ctdYaIS8TeHkfqEhT0laHtT6YPEWNxGPgNPmG8ao9qYcvOMIfWVC+9KJI18cRuTfiUxXnBdD0RkrcZ9bNJkH4FbxGrnZBnMyt+RsGGgkqHluUZL5lgiRjoGof4ELn2Zs7QlB7I20AiCQfhN5LC67NzTqlet5yuFswRH05/vtC/9pp7SShx5m3ZZNFtSPf9hBF67oiLxxpogfoxhAjGoJXL1kN/kAnrG1DZQKsF6ALM153L4GZobxIvMTqVN1fU6v5XxDyBYqowfRHE23MpKu354gKULjsrrQkXfL124DEM4CsklaPjdxXIF9+8RFv6w1NWfKlt2RP/sDyMhhnIB2XjJCp44RBdBOBrbBuRLr0q/G8p0JHo3url7bHBFY7hDC+zwgK3kr5m+aAEX7c8RfreyaiXN9WMDMJHjFlYIRWYOPliufgEtV+bmUOyvF802GJQPP017UjQJy4p0EKbiSR81LzVHLLDg2GCaQ7CxhHVM2hWRyxPo1lQMkR4SbKNEuaowYbavNnE+lDXKCVBJgYXXUXfBbOhQsvn7R/iJFf87EfQWTpUAucSh9pGWWWGCOo2unKV+K7yhDNCYq1sv5r/TFnddMKv369Vl/Ww1K1OPxCJskvq+Mrad5eA6QY59c8vE4QGS2S+m8rXtz8DW3LHDhC0wJ6rTxvW6sVMb1DUNblhANudute7dRwmRe3YSmiUP3SUSa9zfapifaPnUsIxy61ALcbboolllf2qMfN5PrRaVLHmM/hg+du3USJtmC4FH0DOIUWs3jqJi4ZQc/TqB8jdDTsqsov8p1yCvtIaYCBPdaZ9twQFAwdkmvXPexgpPuOu0O0GVapRZ9abT9amh/fBYeRiAcpi7dPBkLGhcH7r6Ct1xsnBOni3W2i22ZVBjvGB/q5UuckXS1I91RbyWNSs8ZzMjt6Hl0Fouv6WLP6C3/+sqolSlblbsJDin1mmyo10J1xeJB0+fuxevOVVXeu6OdK6AfIqOapOu84zfYhshKbGJPjbjgZ6DUVtBy7YWamBU3Sg7qil7NQrqC14YVfnFq2OF7Xk16h2LyL5aQRI//i4m8rO39daIkqcRT43g+8+ajSV63JEukiE7UecI26NhRRtcHz7HlxgplDBKgyPsuV2YiAuIOVvwTTmn7bfGlhWrSDr6PMVaIwV4VRE+vPNow7tOEmqkjUWWTv/+MoY7JCiVkV5D9NuBe+UcoY5uyMsWzx/fXHx2OW0652jPoXV2Rp976BEuR2GX1fFk9E8GFStuPqJlBPNyE75trZTRiGTEfsEZrZBwKAiRx+Ik0bo3jY1tcD1HYBSaoVrlN0lnGzVocgbQeB2w5CdZFq0gUr8DQM/ZAgTBYJAWW0TokwQT9ixNZiFoLF3WlBXoVs6VvWdma3iR6NJz83NdS0jQTx/tit6PS5w/qqoEqCnOoNXqb+paD0Mgxy1S/DARX2JiGeqAajCMPQF7TlINUBHMnIIFtpLGe5OdEaNjGkNLblm+aBElvKIEKXbJ9QaR80SfvamaMurGW7nL7j/BuNXnUdMwIx1nLaAAciOSyYUcw1rq0miFAF2tOcph5QGDSCMdX6HTkmOO87slJmOC2Vme6iBi2pTzo41YglgSRnO5JIos6ASMpH7m6/7/HKIPrE1/VEd1NtDyHBZjVbYGdW3jP3C6m/p4o4nFieY/rOL7HxjE7pfz6s9s1dAKs3lo2GcBLoPvL6xRBtf0tHJqXzYOJU3QELWHWuoyIEDB2lEZqNAU3vLXoZZazMxC/ldl8oTbLEwDUUj2HuIkuFUE33+nAmg7GCF3xq47blgNLf2HbcQjjKvmSVVGX1kJz858/VVeqqFZHiC03lFHRotIwuu34PK2WGbxuNwzTkDNIuZ4NT/LTDTZE3JiYdzCLLwCjNgSi43wx6tA/zS7++em6o2YBPC8D0i+TaezpkxSsGhUP6HOmj82ST87s1meMd9y/dxHxrH7A8ku9IgZE5JwFVbqK0gTEPS5hL+uvtYd/QIBsY68DzRc2NJZgmKpaoFh6gQpkmM4iPtjfKkFT8Ahx1wgHQsl7oQPQyipONZdhOOIzeV9c9CfmmOU0t66fFyXRr6P/0D8ILkjbCOil+dEWy24C1t+XE5zp6zgu7dvHZkKtkU9oBZNPtoadNFdkAOQfdPBPUu7b5Tpjpp4wfrwUQR4EJhyWlRqMcglSY4F9OrW0WZnHVKnQR82ldhKllvv2hnpSWeH8qrIUqpjYFiPH97NEd8o62xAG/tW27is6Np/6oXSD8aZByO8N4pmkJyb/fvX3kRxXj0TNohGLlyyUBl19HNFNb9onIIqPGx4zjx3gqBjmsuWFKdKoxb33vGWb2PXCeiN1LvLWa0zWqfBI8vkQKjsK92pc/1CSrikt56kPb0g+DYUXqKy9Yf8MJ+3jHxgdHbo4ind59qx+K0LCJOONVy2C/YwO0yylAvs0hBMWbWbuqeQXzK+KuYsPY5EDnMnwRETPeTtwSfCl0fT/8reP87Gc+gBHHOBP6PIKNp2hTpWN2mUI2hPkHZ9qk+8pfALed80/Y/fXXAbdXat20CD+7l6WNjpqFicf3dblvtRswcDkrf/+OWV2RaI357sogKQPDjq3KWhibegJgEKmtlWE/56b4sG2PyndwmdYz4d8bbyLeb0n95fJ1ArLOuAneCypjtN1RBfOQwDsWb9URGE+/rZQBsSYTITZeKr8Vwm6P0D5mRkLEPmQIqhpdtNzbObj046kw6leCLJK4iITv9dvl5JM32UceVZBrN8UpLOm7uTZQfQ1DWAtDedXFmz/pgo5WcZrCxM11lY199dmNnXJp9pu89jciGS9iw8XiwZZ6H1RQYsHE1Bc3RQ2xw1Cv5KjFzg8WLJRjull8wr5SxzFn8oqIx+utPiouWxMg1WexjXtG8qutca9ZFV0ypCF2sEszxy+JIRnfpuv5/oHguMny3qM3kXt36XYp3hjiDp3HU9ZTq7DRzMIPl0M9WxaLYdAGq7VGOVXMdkKR5tOLisIF2sCVsRgk/W74l0LzuSiZA2YfAQNcF4Acz/IAvKMMaJuS6SaPdHioRVQNM6rVPRPQuHiFxMeQS0ASe5sNuLCwz78olVQ464QUWTkIdik3cEeSzMM5RR4Yxrb1ZLvjNYPy983rKXaT7zM2Ci04ikXAkGemCdYZUTuPHkT7j+VzEAf3LUoD7rySs8ZCtUurIReEd6gr+l706kKAAkUG41pK+YdhTXTA6GidrchyIMSmIj9sqzqmZZnBv4XpeMZOyBhgl/K3RVj9lPDJ3WCRKYvYwR92ejV1uCR+Rg0+BJ4WQjWvqV32UbHbUEWHdoy+WgeWfxj0Ftw4fMX5E5LJ1Zs+YJGz3Y4ObStXW7XNBf8uf+eTCpXRnBlOwUv4aMC6DzCPv2KNw672IZfYpvlR5qRp+aCI8DQcaqd+gvZRRYo39/3j7m67EKnSl/6dZ+y5EPpuBJhPjWwlYzd++tTrOAHXqnsGZ+QcEa32TyJ0p99z4ABO5EdJ5Yvzzc4pTmlARft+8PH76kRV+hce5yJZtFvsSulnMAGxbGkAFZ7pRycLASDrhTX6mGwgWdKC/B6c8WvcaoTC4VTqjkYPuMNRz254Uae6VuG2+LPpnm8kGxbCBtOvkFdqUdjIehmbSEPlo4lkBtBIrsWZDpjg+mnCbsKIWflkcooRsLl7s+GWAQfyKGxRzTQVsXUWMeqNtGr+svvgIY1cf/zBSVUyMXtEHimjM94atI8RR9aYCajR5PYR05WD8R8FbpwZBUZ4NrDnNFNfB26Uq/Nri7uIZ/w1VrrCNrqzsG1WThu1uqY3nPGrc20pBwcdLTW1/L+6as9gBDxeIltxQleuDjuVBE7M3FCgEyIr/VwGzqvpUsdoQ/r1tgZECSagGhM2SqMS0B/5Lf4uKGrkABNRZTrapkRFgEAKbLIgt5B9az1ws5pg+jR6yldNAcHghVRMPssScLI3ccr+fAyXUwnMQhYeLeELNzabRh9/uxFjHADX4F0a4FPB1dXOoczxV8giOJbLAk/Gx270eHSgRdXBxzJZPEYg1ApLwdLAuguGluyxBiaCyQdcd2+dFIUQO1TfgNLerb52Uu/Zw4WNnnbrQdLerCFDKexmH4Yi8rVFWP+cwsnHqHIw0yhYhjR+o8WQpAo5WUKaHNDY9FgnUsySQnBg+0PQnKNFVH9c9ZzuVOC9KM4lt/YZQ3HHdmDUXn5zoeCWgp20Mo2/Jg3UPlrU/l/srXvFV0KtXAa04/1/pWR3uOcbshzmSp6J3uUzj0KVSDN0uu5WCwWRKahDI98wOLanKyLnob3FMONoy3X2rI+US/0XQD99KiXvDmPW9lwBiKcJw8r9rx0q9H7iHUs0zwKWJYUg7KQmk+tSAiKOmo0fXxZS3GCxbvi8XOdeG6fTcp3MYDeRgIJ4P8mizJ8s5CePjdnDXB64m/aL/0RDfXT6h4JePSTCgHcyQfoWoa6wPt+mMn2qJVgwJHrESprEzdusKA2kUh6/0KMHMjn4pfK+iD317gCEMLMryI+FijHPSZuqlR62nsQ0be0Mg9MXW69yPqCiutEgCzEodse1O22hjiuFtowWOXqxmE4c8tLnGRuBkJz0Tzg+iMssioV/2UW9TAvks0OGYojqHArrtSdjicGLgwufKA2PEGRZZLdw/qamZ9VjF9YRwtiLJeOBNufNNXg7p7+FsqvjfHo35NRlxFdkfsal/tQCUur5LdvrRLXwtRvQ8n3jWHpLk5VG2c5iQz7tAH669ZVBDuKKDJaZXHZmAI/JBDWlCYoGryL9PjTocff1GWrd+M0A9jhfZVHiupj4pocYYe5+FYnMjlPY7+PF+WJNoFCtI+1xGtt7+JwK7taOQokzbKACOEI5y7Lssmv+KlDdx0/3aVby5tW5DRtdgNrosPbgO6tn4wvJuMfc1D9WVlYCa/qxmmLEUIdZByj5xKyMx2c25xwsTOXA0UoroKUJbTG3IihKv5tnkWpuO7JXjSpaTERz3qRi6Gs8D1Xv1fmhWWmDCdh20f6/a26LXkJC7L5Yw1pkeuE38+gZHx3ee+54qOla+Zga/6pysM93HcqVYNAikl7l/GQib/NBbKClaMGkxTBpa193DWjIWIa8ZChzQeUV/zrCL+7Cg7smkVRG6+RNM8sfG+86Zqg+cXvyRt8pUf7nQ66vkLK9bVrzkLLbkOyuzUzGZ4/fpwZHKHodz7N4bntOJjn5hDeS8r1ZIIK+cqn7ikxDpFT8l+tYJe0ElS6+tcSdLuVFsQSuhxxvCE1noj7tSRDmaSUxKxqQbi2481mB7B6Znwb75MrFn6ggNze7QY9TdkLTsjpDpWO7CHK64tjPZwLbgP3HOQAFkwoNVCZYboqiWX5T3OB9iAgHJ/+kN7Qja1v5qkYjJOt5+ltOYY1kx2NwIKXsZgM4zRZ2ZtUwwLMfGKcHLSU280hT+c1SUoYQV1zioblJiZlW6qzguWy7y0CktS185T4OTi14Xv/dNU99AGmnrryRe/ZEWFilibYmWL965nx36rfr/l89WKh+mjdoLHNryP2dcQUzXcljLOzBuXpu86VzcWvbFUiyWLPtmBC0ssn5kbnkD8Be1JGksytEg+iFuxpexs12gpKLpFRqYXMHPgSDFSCBc6TpnZS03INd93JYc9XG9zE/QE4XtJyUyuhQ44c7izZ+HSP7x/yGveP847kpEMUlXu39ey0Ftmgif/vpa1s7NMQlzUpBvMRycG6sQZ+P7t/RPOU/6i3cK83u5S/Lp1+lXf83WCa2plX9dCJ8O6XvPEjvtbgyCvK8a89jcMBR+3P/IrFl3DcVZraXcgbV14wHlYYbDProo4P2CX7QfvaxZflGvP7tz15sF1kRM6tpoS3dm7X8Ub6Os34iiMJ0sW2UJcS7xhbESSgV+kkRBnpXhRDdnv3TRmkJJhMPZFM4ewXDjU7QGO5HM4k8hI1HxSwSpecK9Y3peoeyUBtC6tMYuLcPblKzH5zeQcGV9W3PGdwNqUWLWZSJu/rX1uyJ5y/69bVsz2tVtWKe1rt6xupOQkwrF4jE8yz3CurHVFTYgACpfU6q6JRozoEWO1e45dAvqNW1mtxo160nGLm/fXjCj2lR6MtbpXd+7eRcCvWPxVn187RVmFee1OHPhTGO56vqQkOHRXxYPtNvKby1t+qy13aHj88tknuhMzZBeqIrbltX1FDrLn2O4YzCcV3N5IJLqTq9xGdxK+gOZ3c3j63uMDDHpnlqCGVoeZUMvdYrKI1zAQzAgq1ZeNG1fqTcj7UTf85QsWrm4aJG8KuhjN98Toa7nzGjljrohDahC/9anGXv1wX3cdK3NeZKdyLDC4CLgT4fW738r60kka4LmxUOiZYQpKnRH7mSgh2iWPk8Sb9VslPRUkg7KPfmqu6Id5vWqZZ1c/Gfu1u1UGay9qywXTEwdWX9RWg3e/9qJur70odSRhvSD9Mf3vsdd7eYtj8bFXvIswym6eQOssZqF8x4fz1/6AmqGmy7TjzA1iGQSouMn4+4lnsOP66aFmuDQDfb/9LA492svNgNo4SIM+k/SojbYKuxuZZUDhwQxFtz/loXNBrknmq0mivYHTbH6sb+6vx7aRt72U0isf3ccYTKd6D91Iic6B++5kpiPIc86J7qI38hbJEmJThHZnR8HEVErPuMXBFEP9eH9n7x4tRzjL7UsuyXDWtl7MDe5ECVTiVl/U81fe9ltXUef29GqLm1s2rKbgdXdkYs/dq9vo+f7ar3iHNgCS19rCXL317LI9SPfkj3755uf0Cl7uLtq3MVuTueaRUz50ZaPOfhDl9k7llkUUJevIFx/OlVyn4tdYsQlHWPf+HxekolpMUH53ssoEnVnefGaWYYySsDekqdUpmhJymajmjEB36ne2M9slWTr9t0uvjWlGbvWL9ITWCi4dBv2OSIKTneApaxY5MYgWix2OB3Hm07dPCJqeJWZYIR8VjgU3rZg1KcR1YZzYt9TJCdpkUJPnuFwMEMvtKSVBJlRGo3KaFkRKKC+uvtxw8WpuVLUt6rvSd/JUwh/Edm27BL1NvlpzyQZkv0xdsUSufqHTtFJrFZ4O7FaoPLxB0TUiWNhZw0wO4YRzEBVuDsVqLNx//uT+QS5bM5P0lT7/8x7C9TzWfmxQx/m2fO/W0bPQ+BHvZFk7pJYw2KNmi+ZxblNBybVb8RccCFo1S9yCyKa4pxgejosEMekJNwoL4gYYSuT8GI3yEgha+BSDUSK35xKXK9WaB7BEyqfWKFGSOe/lLXf/i+ePDlhfbW2r1WB0KwAbKwHa+0K0lZlrnji2yUQwqLOIlYNKR/W1jxuIGrjykEKoH/fTAAOyT1ErRek8jp3Ql+QDc4vueYfGtpn4qonzm/vftbyK2sgu+Pe+ITju131oHzacXMs/Yfl/93WqUFe3jcibUkuXivjb27sUyydp94Fur5mVaoT7FCVIiD48v3XwVY/+3uBjK+fW2ntJpXr2U+ZqHL2JOaCIew/1+mpn1pajNK1qvWvFe2nl1Szr56uMaFELJeQLC9I3JubqDR6uupYbC/DW4TsBYg19zaDRZhWgT+WKVUGzn9rnYk6GXUV6H42eOlNISP9aZqtjJTBsoSMDRmfJr5z8vicabtRqwQvKsdd2AIMnecg5XHhPyLUYA/o9xIVtQbYj+05lrIXP/9ZYc+3UFM5e5++HFZg84/fXjnOJU3+YTtW+jJH3VmP+fWkqt7Up6+9LU1lPP/5/3L1nVJNr1y1sQdAtSFMJSBHZgoVqjBIkiYqASIlKDwiaCBFig4CUUES2FAkgotRAVITQMRQVpCmhSSACIRTpndCkhBJI/BL3ft73OeUbZ2/P8+uMcf9mDFautdac65rXmoF+A51e14aUgNEylZD4sv74sysJPRdX+mNLesymcQruuXBh8kxjbe6nJNm5qGjAxqpWLsTrFAO6r1A7bTBKU2NqR+KO8Rogqq5ldjxgBQ2xRwbt/H3zSDLusedAQcG3jay+YFCU9DSqWxIOx+tiF9qJHzO/jwvDQPi8sSP1js+M3FZW8bbTG0UrP1ehWHWw30oM5gOPLjF4vbsS9I8M5P97oPpzn8GB7jZuyb7jVt8Fe0VA+X3PHkPFsQYaYaXWBZmOdxQDBN1uiUPQkRfjIYgLjNS0G8X5vgbDvjCQ1ogNNn+gcq6RxOM6oye+Xlu5t1YiCtyuFF2yOoluiUTldUdA/mU0VRq6WgQv3Y+OVS/6eslfRIGy+7dg24Vs0aDoD/1ddqJi56WeiN6LXPDbmFKJLuFs6IzJt8zUUzXjZUeaSbCKWVouy/N7bHB3lRTtqtQINYBKf5vB2bdxIrbehPpFxgu/5f2R2zW8OIhog3/7Z7Xhz0/OhI9cHt4VH1wU7F1ytTff7n9wu5wi0Fefwdy/AcHw9zow913DtjSZtcqsAFmANerpeEQu61twog4n1WaY6vTuFKZlFqO6TnmKVms52clwgutiC2Dp+au5Yw0z0cHs/kabadNp2LGT049CjEEKD9qcwGlCaCjlTYkWZekp42SVvR4U6KxL3mmX1T2xcKMIvSLd940IZCRoMdI1DITHSzEjDe9hGAz7BtY5f4JejR8rVyCwOJAaGkKZB9KbTU/3efhWhCQVdQlsWz9B3HI4/xfCIGajvK31dvOed8WB8LxJFig/O0js8o1cbKmg2ptHlo/T11p/L1QR9f+dMb9vv7vBbdj3rCwPU931Wwdm793ZvCWV95joOxM5hW7pwlBurGlhO66seH73iYbGccdL30UDPctViup87o1scG+Pe/54CFSJ3HE1uOn714SXNhuXOUmhhQUKv+E6Kci1Os6jV+qHrBWXOayYph6dRyVVJaWnMbCzDICbcEAM/gbcVJADWh3tiQWu7NkcNY+QhtFMUqDRQHzikIaE1okMhjxoT+OB+xGfT6k6jn97GJv2K6Ho+sRHJCK3VgV7WS/IpYJlZ5efUIVLEnJbxV8rUhLANaFkFVGg112vIiLEbTTTqFio5KtyDykujTs6iZ4FrLYSgXhg51rruWH+y2wWMRdcBMOJVIUQk+hfvfesrNl+K4oLjtwI77OqUnMpgo+IoGkEhanaTBXdhztL5mtKq/1uLS5sfSG0d3/RSzAarlrjUCK7Mv52Aq+7YTcgi1vfej+KpfAavHbS9+37qgBUXo0JwattADsYsDw/3d00sZy671QCjjmL2L517ijWcB38X832V6ol30epCJt3ejA/bzIS5L2dh87E9JS8a94mbQRliI3IyikiLnRSssEUtIjzyfA6rVUZA2amW3ElbuPAADG2vvTPh73Unw97TywnO+a3FsWEciWBcSVgqBR6dOR9lVfthDQmb35gA0L0yfh6NS9QTB1l2knVFdiO0rjolytNH8IHae8bkbpFkhmZ+GkxhY10e+FRKjiiTrn8MdQAMk8B43xPoHLDSeqYeQq+m1jCmQpyY6yWVAUgv3cTIf7+Zu4b/Ee9Ta9OlR7HyLqPRJ5OrUTu+Nb1Oz9hLhyu/KWEkecnTEuJwId6y+VuUH5OUJRY3kE9NSVg0nmRvjduO4VatQvRs4kI6nRT6M/3olqafkyJVpdn87Zqhhgkm+sfWUlap+SkF8PAhA17uvmPKQ71fbx/8yxntPB0KIAYrQsiUqSVYivvymk0l9PbsqkQ4RIAVBaj3vTVG4Bb/GpDrAf/D89FV+nMjSJlmkx/05lEdMpvcv5iueGr1D+fi353qOshRYX4rrTDRZB586ULVB5nevlDHTRnc68aUjretZcfjG2/aBcjyA+GICsj+a7r+4rZOz7b50JkOu82ygROq/leEELoeYbuvKXlGcqRr9IxaGn1KKynKx4zA4mKKNX1g8CUVQ7mDGBdZsFfPmBDE0h/UWj1L3+pVJv56w7zBSMx//KXCmGszhNrlhLRGhDs5z/OHrxvi8awq994+yi8CdxCa0gTZOjp3f6id0KySZrMGSQktZTIIhtbZ2pUbTbEa3qSlr+W59x7fXhAG1uu4EPBtiS9HzE7Qaz1Q1JrOldV4iAcEHMeMfKWrWRvfcybk1jPB/PCF9/9synKX4p1/M8ywreXyrMhD2ft8zeLbAbtrXl9xWJ3owznYNqqZATj6Yd+vJbQtUOvHTzDKJLBiro3TdWG99Yw3OnEkpIwJ1NVz7qSqN+kZ1vrn430uYLbrjOLeP3XvcNWol1048RI/eSdwPmIAZsNbIj0fEDLx2riKfvrPeXfjUQ/pWfOjtlIkiKJ0mi1+Vrq9xoJg3mpEyULB0aErw8mmjfdUPMeqaPl6euupgmSR6UjBrh1q1qeupRkTKoWAWsg55d6ZroIRgZM7Lwvqr51zkV88NHNwjH+QN37l5b+g/mA40xHG1ex+prjSJKa7aRkqzGSekuodbfrHI6sDmU9zdVazRUf5DE92QjHaxngNc3VuhVOB9w9o5v4obJgguJeJ0dF0WQciTxg1pJbgVMzHJeLHHlYsoqtuwdhmnxRcr5iUJOOcAw2Xj2rO60oVuMwNOUdqJ/xOT0EtBGqEo2oW8UNdQ9UeGY2H3DKQgsD3Xa6as039MjXJbcTp4DvYGnqFdIAz5kC2sf1DLsN884kxqf3ZXWK6Y9gef+J/NjDLxZWyz4gscHX0pSE1t+Q1JHXliUvKIl6shjPMM63202QbD172NdDhfUNXgWigQNEwMotGdsDaNPN3PBX++tSwmZHFiTRwriWChhu/hGxZKMS5ibDoiOiVifwOmfo7CaNd29FqTu0MGxN3Z1aANGD3s4KbVhkw+q5PEjlvH5h3VdaKv2GKeFtt7kQscgrLURhD6alG2ft3o0N6Vao4oQGs89F0d5i82ZpYE/xrqiBSBkGmcQJ5/XhqegtXqY8kv68fOv7iyZkv0T4r5pi/ORkoT28v8X8ct4x7JWUhVfm0zggK4p5oPtf73387fI3FrwXM/mknG3epMtgHsj6JF+UqmPIGbclajPo1Tao0W4iAA/0eNbbx6bXTkASpm5Eceo3hurDnPpWV/FLOw7siHe1d7icW1rueW01/ud7n07+ex+Iqj9lRevJ1Y2k1O02H/pj/ZCNRQrQ6QP10vznPnNBAxPkSlptP6gIslGyStiP8R9pSK+qOkmwi5b5yDj7EOcq8EEf+WTsT5b/K6kg/TMV6GrbekVeuFmKeAQ9cWr9rbCOdJccV5MEMTCpMsBkkg0ibokwB5VCgyI7QSHdXKbMwo2Vk3WICqK26zeidA1ad31lvpMdNlG5ciU2yxFyGNdsP90aL0NhAh/4FQSeA+rHuY48zJoY897yqWyOFo5ae3r+BFF6u/A6FeA2Oohq1tiFoSZRDhHSYTU9vBr510uWZBR04i9jKegAtv8hJiAQ1jIbTfSjvOsnzTvOKcax+8M3X4D20P4zKEtucv/WuW4+ymKfBT1zPdS9et4ChCfkAG9GZoilCRrsqetHrOl2GlJFQF+13Ote5k/MbHBTp3NGFOO4oy5QoYVcMHpuqcNipeLYzUw9f1DyeGzOUJpCcFdlFdTZHbBSMPZ0BMJOIqg13Hqbhg/d8QeoQpdV+vtbttBYr+gnoB8bA5boKKzTrhFAqgI5HP2Dgtc/k/kvNgg4BTY2ZOq9cmnuxo0fUMb7sas50Xmz90UDpbVVaPYrwvNfEOqj1xnA6K4+V9kV2I8lmIrkv02Zf6FjNP15d8VoOv3tzj3cN9QxX73I6ffCzzokXrvczGuJkdaDZxKlmxV7TJfs005TSKcK49J0QeG31LWKn/RurXJ2GBjQRZZHcxbczAKp3NxSIXR/KHBlGf0OFkC1GemwXJlYVmkBLpVbDwwAnVObuHXDjm9b/bIMRBTiEpumpjX4LxcGc3c8ooUyp8Vr+rEjG1D/P22lclmd7msPF1AtjKU9BPJ4v3+Awj1VjtZI2IJZ7oYONMJzb/eXevtpMBbWgh9IZ+y8D1f8j5B0HuyUt2s94Gpfcdj43DG7P3JviWqB4id37vuwR8guAL8RVvP18Am+q1QirkVzolIF4xnlz3eVamH32kVLEz1tR0b25Kc0gXqNrylDrh2A4ytsopde7a/x3vioElAeyGOlJ3vEGZ03mneUHtmi6VehQBRl0Ea/v4T+7uZ/Z6VOsibxunYNdSxY6OS4xlZMCwizWuSlkrH6kQGXC+GA0TYDRe4inOYJ9fzmKfRwXutGfafPdvU371DrJwb2vJT9pUHNnt/Fmhm3Nd/zmN0d/XuZbqYixRHCoPAwtw5jX6v8T3spOrHBLJy7Ji33junJcFfVcGA/diDKWBbKofjWuxQtUJAzWvOPDNq41ARWInjibj4GjBiZRlUoAFm4Wec7E9I+CZyODy0+UmvtERqad3Luq4/UEvieUg5EUQPHFgGK3bXI7dVmID/Nf/OUotLfG86TVBYIV2oc5QeONUkvMGann+OWZVcGSv1WJgjei6UaBnIbRfFCEyur6lT6ZzaX8owkDaemMEU+qOCe+mB4vXMgyUj3l3CU/U/h8O3/X+Fwi4TaIa3cPqyByLAmwz9lGhMt2OpLADaohII4dUu6q+r04ipWt6SheknYGBUxqdgR2DYATcWhWalr0oyssQucLMgk/BqVy7ieob6KzR8bpkaoq2+MqzLva03v+mPnZoLUqmL4J93VcwviqMjKFW+RratkfznXmODoEp8Wuy1bdp7n7wJICvjKONrZkHmOQKbPNcv7i3QSbjAOxsuPX46FLPB+DHBNV5Fy6Mco4jc9t7nsJ+BygQ/TrlGmik81lo7yN7H/Qg114vvQ3b5svNFplWvjZqJ/Lzfov9ylcM58d6kmEIDbjy8RRFM+GIZeFAE9yQWbdzbkhsSU1HCpaw2fMtP+Wy8qKGPEHgFmxC2tMFYrqcLumks8cNlii6ubSU1drmefafHZv9YestskWarlcLmsFKtQgEftce7eO/nmUqHIUz/NpZpuNPefy605s6sHMd4dbH+BzAm9qLCYAFqhiBeQ38HnJ/b4q2sJR5ZAGsz1o6Lt2cuccHIV50vHgzw3m6zBzr7xU/64KKREQ3zp7yd+KX8W+QKWU3V2Ah/geZMifKQlObOD7KraBCGw2Bf7D0bcf3pujwEUt9SFomS7UEhEG1ckda1Rn9TQ76lmyLHFzkGujaiEVvisuMFhfhTyuyogWtj1eu7GB2h0EmHBvr+WO06uZ+syOKld+gekbLIX3to/EhLfC/LfGbSi8LI6DAi/PP5bTLc3066+kmF9sQnfSgTSGtOiVrPHrlNWV0/Vea/Qq8OKoFDozmmlNyyCbGdqbOgAAbHHuX8N2030E6zrC69/kEPOEPhAuvDwzPeENSXHcUkyRfqXWsp5fkshx62Ibp0Dg/ILXv2vzlKm8sHAkictjDdRMpec8UmTB1RYipWrdt/sWyqM1YRQ0cTUZbTYwEaFYakhwpidmXYyzn6ONFBJr/suaUwwwOOcBRfWKuI5eeaGu08nq+pi3UPii/LjUePnfLagj3nfTUWv+Z8dtkHRd8Tdi6yd+D+qy6IdLZxbEsKdlku+H3BsujELRi8PlNa9+k9CcMxxdrlMJ/2sUhhUQk8lzKo1EbjSwpFm69Ea5jtHVzMS9pFznPElibPGeFbCbG2pHrHIrfcxYJNKt5xp0r274lSXe0+E+TpnRloc7b/xLcKb6ksdAYU8rOW+/Y7k20pJTbzye4jYg3FWXBusW95m/r/Imr7RTneUvYcBS0f+J1sp6r/bSqFRXX/aStk2gXR5RF3Balvvf8ua/i9Y2IGOP8e+sj/vAmy3Rx701ff4w3WnbU7zKB7gx5S2TYPfhMuOJ3XLbjKuxjeUljSAon1X0H2r9XCzwLuBGJbnFByGzE23atN27SbKUGKCyei37/eTGbljYvMVmS4VAadaevpf+LQaFKXLgASGEDYz/pryH6pyRUmOF0efzqeCMojeW5C5Wi2bT7MwgYw5Xo9O8NzUbJwa6caNYyeLYBOAif54GQCuZdYYthju1OWoda805L9MpZgyoYYP7fa+u8GJXz/12X3vr6SG4tvgXbI+0UoP7tf+gIzpbJ0L8T32b95SMjC9aU4+GKjQ/ArsKruw8Je3FJGWiBu+Jtkk/dNb6o4CEpIzdn10WO9iRPcAgio8TH3v4Niks1xsoDAwMVKfa6zrY+OIbSmqJu69lh3piIdILSnq1odqLW1hP74hL0o9W37sJSKK6u1M1Xn0qrKiAX0nCuIbKCeqRbGN4P6GYmEzbCWJ4Cee4BH15WINIBSZmDXQqVkv7x+4NFNrspktE8pQGDrKvxsK2+L1q3QkcdeFhx/vVL8vbb7jvX2OLZOMOWiijwkzEBNRxDGYahgwAMcKd1V8LytCXvsq9yya8RQBAOensKThBPD4KqdC1G1cItrn3nCreRJNmgzwD8fSqG9haHoN2tF95pOqFHYhBh04nGVY6VMiiycscO2i9kOv3Moar80aCR3eUaG7IS8bIB8VepLhX2pwULu+YVaB4Ac9+LyLkTm2MwHU/F4B6JnwODcagnFvJoUqXFUTggHduI+6iLIYGwVxjfFUaaV6bu7sJ3DavOO3IUI3cBziKmuzrbddO8xUWWzr3M1fdHl1l+TF9Nsf73feP21BB4HE4l4fpuyNLrP2yHacfdOjR4s8HeXvKNV3KORujMytfaBhTb9x0Sj2DX/Qs5msoO7t19KcZdG50q6qiR2Bhc7XVzTN7hzGzdWYQFYJ09Pz34jfqs5PJLJpPi2P73JhW7Zs+fED65Q89K/NQjMpQh+u6XeESE1BXu5V3KX4cPmQvq/YmyOmZ8Wz2nLCDvV9vXBl71Z9MX1xC4lthw6+PKKvM6mhv3XH87jzuw4/X+bSPsIrY8FjyhOn3PUqWbqxibZFX2ZWKdiRmviUw6/v5JofA54RGT/clhA7u4BKaa+mVXfRCGdGzOWBnh4G0Ep1l1HP9neTWWu2LnBT93310HniuzEuPS2UOU6rTvIlaBXNJwl6Ss9oMZhwhWFPA3kwk5ZoQtML7Oi4xhJmwivZx4n+BScFWxKBEwgwpFNirYrEtXtwt3DOdaxESvn6tl/47sCrk/LqEtXJFImNjEmyi8nF7ddeFkff2t2dpvQ85Clwhe8glbCAWu/GF1tDJyalstIArBsZggHDWn5MuFk/EWSQiwyr106Lm8vgzrTqSxgqrAAW1vbWUxOH+UKTRVsMPHC90fzH5t0yDRo8FdlWaAN837V8UE39qQRri/2edrxjvJNztFt+5Vr3UnUuS3F3iLyO3D5wNgnr+sxYhGXa9DkbI26cys4R/JR9Dt+SePjlYSuvm1bqkOfJcWMTw/a05PrCukWZtS6UTxR7GspMm5iMGQ6lJoEw3iSzSxqua/H4h1VUIMAh6eGuhH/6nT0j+dY5R6t6aiw5pjhQ6M3kFReTS9vzXgqQwrbZoiTKCuMe7lM7HFyBBKlYDxliMrU9nmSToG1/akzM1RYXuYQRc1Vcbbaj+z7PxQo/KsCHWdCfBKZhS73km8B8T6gCX2qvxgDpTne9dNzEC121NctaxFNEzKGX6yZb4ikk6IyWMyWH/X1JO89TWTspa4fJcNgNWuJiW2GvOTQFGzJkaJ8jGgLROuHK3H69uRR6eZjuqBDnnoN296wqVsVDMrgS0tOnw9zpxCRmQWJXqovwxR9KsonOdpICm079AoCPptUCJv/0eym306aoQ5u+LNjrf3W566TYIPKWjFbxo1s7nXLHUAbWCfUSJCwjzDld//lDq4W1rPpU2RUqIGC2JI4IEDmJHz0eBzDx9MhwSAqPUb7KKbGGkhHAnFBXbIEv23xMzLGPKO8rz0INHGvXtzO/APLWVq9LjXChUasLIqZVS58IvVh7HqocEpT17vrgCJ49mnkXEeevM2GiRUD1TAsTXVsjBm5RLitVaWiVSU58MWpalMtqDL0ki0GKdRfWZRrmm2D6Huuyc0LYkgXcNW30wOnIc0YPzxxqfqe8c62pfJfmg+RfOilivJPilmn08KPjE/mUOsrJN5ALGkfVDiPOCerotSwYxybEaSmJFIet2aRp3TyivFo0bvLIfkWm7YiydSucA6ZtYEzlTJKMhy2s0YQRUhweuFIGnEhgY1uSzuHZ6U6J0ciFrDjGaIQSpo+IxQPHsBlcAujbra+In/KSqc/ZWRUtAvqizfIj9uhccP13I8qX4Gl86H77o4kdSnL7MiDkUeSXtMo/cjvcKEyfMJU9aQrkXiNPDzNdH6aerMEerbWFo6kyzIKi0WPD7v+mMNlDAGEYJVMguotLjmG14zgrswv9K5VmVo9faUqVt85tPcpOP5lBbT4fcSTyoHpxCADKmBRLv3fTcdY4/zzfSanN+hJfNeJr6L4wEjsurmAAjaM9oS2BO1Mya5N8E9jHDdD0c6KJneaBLCUFBS0dc3nWC2LcmDaLVMAcRF3zr0v1zTtxLddS/2qhupHcNatpJgSyoFXMqNklVsrCY5GH+cKRchi0xdIOx76xiGk2geopaEOH9+aAStYG6Y60n25KEs2u8HIT8oyllILnFHHCPepoVAAduXwRdd13+1yJyzvQOV40TB+Sv/3z/KkW6Al6CLKL1DPd1utvzksg5fQgqGZgmhriwsnHk7ttsfl87UhLe+GmIKL2lrKU+R6WTY6y596ID/v8D+FapH1+FKsRY0jYTfoFISP1jCSEpHEUpWgm/FUlMutcoLCjQ2yFryvvvwqozXCKSaYhrFfrB5BpNphIGV9ABzJ67LoN6gk6Mjo0Dn69e/e7wUwhoJ7Cc+R0h7XJbxq+YjkO1NFMOCJuPgfAasFIkri54emCFTZATeTyisMKy3VIyczHR2FzBtRWaM8XkJw5suu+4f3rOXD+6SjtwvzS6TjHPx1ZvNMRcJQ9djIjI0hdTO21YM+5vPZCTeTeevCjay6AxFYUMmnhqBCMpa1kzWX6OzhO73U4NXZFj++mM2d8EGfSc3GlTAXjcsbScVXRkBWuGAcpTXB9qxz6cUTJgLMEYOh05tqwjBTVgL+9ezz1rOxg0cOpoUSt2rgH6Y5LRbLq5LMCEgHPm0s/68zHdzZz6C2fjkVJN/0lIhkbJsG8Yj4nAzfpl28j4rDLyW8cCOxpvG3cKjpv4MJO39pXaISo2bbeoUuL9sa8WJSYzGhtldT8p1/QyqHrzVaom7ErGjqeTMqB+/VvtJzu7mdfMAH6njPBTe0bi38nBgvWLg7T+ZeMRMewJrOsDSgRv5EVfjQKNLGYU7Ayau74p45k/N6apYKzoIE8pk+JCLaWxST6klUckoyRHUTAZq/eqjlx1DWx46MJ9vgYaPlg2cvrmsbl2aHVhvZ3ZyxFxR6pH/H17shssYatN6LyuD4po+ot9OjEV/buewv82O12nEQnH7nN0etMYgQ6K8ItI4BKv2zKiu+KT9R1RpaRyM92fAj/7Ed1HF8KGlH658HYKnkLtY1xGyTokb8l/vRglBnKXWZyu/TkzsTW44Vxd7UGigywF2WVK14zCEuF5sUh6yYQQejY8XhE7pi1qDNzFIcMN1cvci0at/ffZwzVGs3ajz6RZxkPWaCWcp+XlaERcaYct8uOXldzmaCOKvvM1h0idhjfLt/4Mbw8YUqRmbdPT1c0K+kLPP8QUdr8p54k8aeehAF0LeASyHV7037ahHjklww3WAcysrNEk4FjTIJMAhJME0L7BKYModX4ipLBme6iAuOCV+NUq1AeHpk+S276pboRzq8bwaY9VRzz5cyTyhlBYpc/2zQ3Wt5SPGzz4u1eWNKFldFX0ZTFij8eE8STRf3aLFx/Sko6HEsW0q5ZqG3SUQUJfuP4Cry2MCzDfurIks6aR7RuHPdLO8L/pLnh6s04t1Q7FhSG8U6BXa8xsgyiD57QPal8OZd1eT0p9Kqj/5GZEuX9NdazUgDmIfd9f5RX+Y0WWskFWQZ2jPfnsrYW1oWhvh8w0prJanxZZYJz74gFrsisNZL2AwNSE3V85NEAoF5VTJg4ypVljHo68DD5CLV+0wnKq78nfiVZTinzk+VsEe9sXJJubzsrFeYQk6iopozx+OPWTi3nlu83Zhprntv1NC8VqUTJukh0BCNuSXaoqDVxGmOIJQYl0VzCDYJLpILc79ApxSkVjgqmhU6sEK4ShoGyFEfAXSPovFQXW5sSYtc6KzmZsWbR93aB+uXiNbzvIyGxc80b99Wv+/6lLFF1DhonQMjCrEtNyALZFUIMiZtdIMtqE6oGxwWGffmkkiaEY8U7krNrTAhzvwe2BG20wgpIDr5mfcDHvP7M8iUFbfG6MNVQxVAa1FjytZgB/lL1UOQFZMS+/cD9VdNWVPvgX0vjB/FIS/YOU8U6sM754jCE5PFmRWjHdYPYTO1x+5qLci6ylo44lrVfgJn8BDON22aSLQqEsq7ccT0xah3g/oIYqbtMTEDaHjek1Uqvr3U4etWSgIzC8sC5Tp8a4GMEZj34vnQHPSkx9Pr1mR0SChhBT23UQbPaNRE6KJKJXVy7HzYbZ1BySaf0N77A5EyoAaQvHLuyfLPORhJ+jVEmCczg5nYQ5QFoH0dWPBHgx6SlVvqauS9x1zpgahE9ow/gqK+5tkX50/TwvDz5rYGJnWlI4j9HaQ93FYtuxbyTmUgS+MBD81LtCUmCvHg8EnaRTmzd++Wr6bE9QwdlDFdyPZXVxpdH9SIuCkOHAQDoFF9iUlBUrFoQ3rgxAVpM/aLigLjEUgnFQqRYb37QOc8LHJg5vb1wddyYWNqEEjwJPrxXSdmnz6NXpz0dYZ2+rElHTg7ZYG1D8KFX4PIyTUva9c9zRB/JUI5Lnd12vIp5C55XDsMsWuittqU8J+kcLd4891bZAc0sEBWBeQLK4pEdKnL7WHR4gKtYDlvHWhdYV+r7tcpQ5nj66UGH2P8EnAfQu4vQhhMtKT7b5xL4+Cw7gK8zESkOaZM79LL2zRnq6lo6alTWVAVnonMh3PxFaIg4qgAEpkxw2t9pLjpRJnzWOkITFa8dxUypt+odg0P21afa9J3zKYXJxYNSvsRG6y4cilds2pigvVoKQV8rG/pDJ+jsYGGSpbmoyRP1AqFGhbPo0Svbm14pnhpTTAwfw3f53TczbXaxpTxTMldwDrKEIXkoCHKzLKf/gnHl8PO0jRhD3YlcnzN3Ie1FR4iAsaGmDcmmVO4J5qoZ6j5bYej7m0fxA9h9vNNivXWB8UvlNoZfbj+ZagzgzVJ0ZomvHS+hEDISNa+vPN//DMQ+ZzCnsj9P0a30qMHP9c6XQi/qagE+6zHoh8yQXcWqPGCAoBQqx+l0IAx3SXcoRR829DJuKhQ0h7JIygb5HnGUUT3/xAXUslVgn1QVryEDTRZ64subNy1FkhOtxB3mFT/sLfEEMyiN2bS9JESZFA+nxV0fDTiXcSqg9pag5vfnsXG1iMF91v75CAoW5ipmnIpcyKkaXkrwsKcct/Z5MkQAMgfbS53X6UQbPFbgw/ZnW7ze7PhwMOse90QBrdbhlxqyKL8hm4Fcfojxai5qsVd1OXzysJZzcfDkDqeeCeQ1vza9wrpidOQWa8SFcNSCcXyWrF/CypPmDWNYY6IJJ7xpg0mwafkQvNhVVBc/MUhKdWaU4XiN2MtCVijXE9a8Zhmtw1oMc4lpfVsS1znYBhZLGRMLu6Ex5OIZGG6yI14mOxGm60O/6lcppcvqdPhTeEICOA+L0ZFlShjW5XL3ReD63mTilfh+YbwOU4M4l3G6LxvmaWnu+Z11CXX56qdok6K8Xdu4J+5tw/f9yuDk6x6B3G5XWVeJwbn414a8ui3VfLAObyWGyt+fd8nOiOAehlKTQ3JPfRtV71RUV7gl3o0axWgocMthWjOtJwutCK7DaFPhEs25C7flo4natW8n7FfRBR8H0Xn+/URtadabktw5mrRnD32x6X3xW/mE3cjsrNChc2GfvLcEoRl6TAJgkfUy+1oFTb/wySui79VQkNuj5lSdtZPTd+lfQ2uSsCtlx0tnwDV0hSq2lNCUlPuycF8bggMmqW/7xvx4Rc+Tbs4J53XsDNi23qApkQ9Km4K9F17vWor3kbw+c+pX2s6Dg/y2c5nXh80u2U7u1lp+1CZ36WJT4nJU2+lCFasevbEmDbm0/rgcf0/eb3elj5ccpLhFG+OBiyIrCUyjiSNVixb/kqBkwbQA6MnfSz8yzaWIc59MRMcyAz1hmwBy7hJXZ6S82+ATQyZe6gjD3sGzpEXDFLb56LODgWxpdnzNs+guXYPX9PKMlq2qH8pU1inPSAFrFo5uBMW4se2j8mss3eyCCWQBqMh3HNNXlGXTYS1butx5T6bFMlqmov3sQ1weD65ekBzXWFKu7rrzS0TmLJ/IvGrZNxhlJC3ZflbqCFkVcY6x9sbOpAnZLK+k7JgGek42iMiUoX8y3LM9Jz8H4MyKzxdXyEh9ciWvFy5b0kGUriF5L3bAHJsMdVctFVxOjMWnPqswKc02dHQVO05E5qwunsZkXMTkyWiyPMDyZ6+XtNDCUZOKO4zWqYDrDei6MCUhBUxA7Ns6i1ibP4qW0ZkPEPu11sIsoeQvTlZRi+BOoTdcifE2GK0TfK/aMiAA1tKhAFsPu+NJLA90lyLTO1Ma5lPrxKq2nr6SEL3e5Ae973fzl4aLJvxYBPFiUZlwIoNHcS/LGLkc6p44b+ECAMe3PAUlncfLAMAAXMdnEnY9LDFGUMegBUDvAG+UV7WMGdfrq3IaY6fAYehmMDZVw9Sp//jjvZ6ZGs0Zi40vfupReNiTOqpJ5yEE2T6lgkbbIrzgHSdd1YMW5vEkaLyAFfclYVrvqzR0vb1QNdsp0i1kVxgycapgYCdli8l9uiNfkTINXZ4QjnUENTqliLJoKNY7e9cxsotdr16VtLYKvHRGuuw4xk1RyBwyJv5NJfITdpxaGrLFzn/b/239NABV+AF1vObK4U/kY+uWS4NvuuziVYa4n4qUIzBgkl5x8pd2mQpFqItSeyFBxfRQkrFw3iGvag1zh35HH8oklBkdjWWjmLQk3P2Mjft1qVwqM1rBPHc4PYdKm4ITWp6TcGMczzoqNqsKuXD6261+RFqIfFxiU2O8o8WWKZIQWu3g2vJlHwiya9p+wYeo6/CnKmUM3jS8vS7axQrSFwRk9J6h0Ub2GQeauFEmzXKXdHz3d8Q0WPk9z/FNKlVAP5mPYey8byj2H+H+Gaf5xZRHdl3uxglk3RYvfA2hvCm9YHgkCOOmuRrvquAGKLsQstiq4Z4BQSeMl6tgpmSXvDfbTFzj4LgOVB2pLHfBTSgPpGLtpjF1YiqrZDj8igajwy+z9nI5GwP38/zB47mtmWqqBTVJu92vbLm+5g6DQmygsTXBTMXwJkyRta4WYZcwOsF9fXBr5NTprZgWp+wUWtkZrVJHzHpWzeXAFuls/niMfZz48VYewU/ZAeQeyOq5V/2Yvo1HcHdvGUX90nnQ+0lwsXN/Iva2BIJgj37IyfAwt/R4uq37PuVzuc7ub/3gezKAHVamJ8PbbCRI3inTsx8oQ7FEmz5ylu1PfUrfjsg3bCAqm0YFe7XrqDVh/Hxy5+pNOPYfE9/tM5DP4LZ9iOMjC6l7zghT7fjW2pOSf3Q9r/Dz1WS7K58t77B02zKZFCKPl+2w/lOhkuCrae4IcYdBwifwMuzmtPdf3A3KmeOezz5uyjIH1HiQAjvcOFEJ8OTxJe/7+dyy3cCSt+Uw8mjjXjj1GK+pdE5WY9X4UP0Euf6XwFcEH3zFNAt8QJkL3qvWxxwxTfMIu/Ub6KuEe1TI008yKYcRF5A2GJo0KKzGZsIzgwSRudAxQjgHBedOWaeQsH2Pk5gF/9pul4GYVEz/8aaKPWnvFdcvCdPzbCvM51rwVSomHMvgxLJeOBbxjurRGudEa3q9R8ocslVxGywjYloxnMfuhWoN8a6jJTmYnfflkztf7QevZWaJIjyf5dymHzQj01tMIYsyCGxIlmDp8uU9oG5JGj4LigbgGKP3O5lY1lPt9+gn0s8EPtS038Y84tH/5C2o97/EXrbz2UtwUnFga5Y56b9m70LpNy5gGlJtH13ZhYnN0dwsPWoF0lYywHmE0Z8axIDQbaATxjUNCD1O4kJM8BVDZQWt7E/SCwBgQMdZJaNAvydGTU8qmNM/9SljrXYcMDoP6Dw7ZRSoWoVqbKc6drxNdNk3ZH8+fuR1meo5RE70yuh3sbUdV7R8jzjXShoT2G+cyM4F53JD5n7/mp2uyzoodeU2V7EtVNdZGjccFk+2IvbS5BbtkYATDOa5VIvRtYZ0eD8RwLKuGn3S7yJsdmxtyFg15v1EgzKvrErtov0SIuPyERl+wX7rHPeor8nPZVbjj2xcVGM/ajexYsrP7R86GCyL91v5gooWP26qBF0PT1euwxPtPZ7MlJg1uQcyCNOpCL5IZZFuiGMPKUWVsDHj+HMieE/5+IkrscBUY68rgWPk+kVdxnpq1/4DUrfy/lSpHHFlKgqc/LFlB157bNdz9x0xtgt0azmWpf8ul0QtNjYDu5iZhkt3ukGZWLXCD3ebb1cy4++yyoSeR6TEppW0NNYUEIpVTXw6aOncUaDmnJkuQyUyyOjhmc/beh8Z9jluOjlIRaT8UkzUf6JUDF8e7n80csrlokVE3eWfSpV0xecK/oeU8w5hFgEEo5xMW1CWkshhoIHpciSLLUbcsLQrJUyru9gCcJvLb2DBa70FuN+9bDFGClNH9hmrr8Y6+mdFDqnEaUtr9QCBYfUFuKwq5pu08eSkk7CigBB1UlmZLFD0y/ZbGY9aXpCAm75/qVX6ZSLg6PUk7RDmtGpVaEsiL+8AtWOYjlFpOozm1MzR6qhRGcH7bho4jeMTbQwcdlcNtxfaTBOAbC9jVO2bRwq/dnF1XVxF0/8LwXv2se3CeEL3QgumaJjzfpzyZtW5vrgRi1SWkN+7/51+/NmrXzyMfkucq4gL6+ec0a9Kjw9Lj5uXbRJm7m0qaAOXsS5cQgG3Sk6G8eO6aW70c3o/eVKZ9EnqAPsinoi8tQ+ErXPABoRwL6NHJ6aZxBCJosXYqxmADmcrR6RFtG2FdudTeNHwnyt9jpM1sCVZGsAMdva5ax4vwErDFo6cjghvE1ZCDmbvVjWO/mO7JLg86IO2aLrQRR58VN3pe792dJv51rbg4wae4bXaQlu2WTj3ObpRmaTTHa4FXOqo1e4bY6QQHukTMtPouBo4rOnsz1e/ZO+Bsj9d9AcdD6lwbTAUGZu0jc3x5sq7yBN4Rcmtiyn5Pd7HX33lH9yRVr++eP3zt6KRxyrOdU3wZnxnajzX+YqfxEBpiUCcYwk2t/huvI1TsHrratrFO7d5x1HuMb+c+0sYbUil6Hj2aOhHm6LOy9wSaD3+mn/VXFKcSBAPhvsaMCYlu6eF0hjUL0ZNh6IBUxJga7XNL2mp7KKWjREVFZh1YMeXn8tkMuOKnz1Ji2NP+zR86gJ25cSlBvkCiub0TTua0LXixmp9L0prDYoYMiCB8xj1xusFQu3pvOIIIWw+urCntKeoblRF/iEAgwf6N9AtAxk9GLP8zxaGCspgH11cyhR41Jz/itvz50YZa0d2DFxVj3N43DT/kJUbM12243Aqt6INgNx697WmwlL8ut/gWsM/aG37xbelpaZK//C5ZVC++XvPgeRdFhI2LhXqZEbcNdR3nWeLFqk49Dbl758k+NfP/YlbvEy+PN0iVXGwR+/kozYZ10iiYhMHgc3wOxn6JaZOnNgvGW11hbXoN/cSsoD4U0jDfFXCFsspKlbF2/uxb+Rzs2upYtuRlhoF6TrLFiKsnJbOpUa4ro+NQ9Goy3jB3jt5lnwljaRAys9dKus79Hx0NYOJYduexzmZ6wIzdLbp+bMOEUvc6UqrpJFDIdodr6v+IC9ilc1N/b4MVY661V2bzKqkroU5WckG+H25ETnGeVGfKLgAabfR4kTfv5B0x1Ts+z+ll0H6D7d8/qYyR+gf/XY3XroLHHeAfhS6SDZrhVXsKPH6YdaqdPRYmYepxO4szf1BE8v7psUuZiclAscp9KPisf3JcvPp7xWiA/0f4A8Az/TLRiyTGN7H5wTPeBSJvd8fCVH+HsSPr1uvsSpZ4F613Iu64pNiGZfM+YtZYM1rbU2B2WSVKEW1m4j9dalBc0/9ikPon8M6EUV+T1TMwF9IqexpKOVovDceyJSITr267mJLOYE1ky0FAPU44DR5KOuwISShVr90rcH8p1Rnsa1Q0z17gwZx5V54xUhSN5NTj5p6VKa7IftTq2ORu9JoKfgJbHCXOzi6tPUVxSqyWHW7uelYDl+ss8MWupLbaAmFLCumOw2hlc2qztGJsh2X/S+UJ6xQAWAmDQHRRo9y2t9poxnS2KqTcfBtvTGyv5LaZw2VNRXD1X6shLosbKJu3T5252v9mfqnyxnt+6znJSC+iuS3ancFMsxSJdOIydIah4NWEn4ogrOLLU8zJZJn+yFs5SvvmgVMBoNV+DMB6sRv9+vf4BtdvuuJqikqL2SuSKR80Zh9UxyqY10+3DXh2aqGnNyfFfPj4OE9NaTNzzEBV/xdfuf1SfPoTWNrNwLZ+bJ10TJxzUOIdZlQ/GKmVBTIKp6wr9ysXC9lk77+Fsst+tzdKxLZ83mLynXfg7OJWp8GgzRX2GIC+kCWR9x2KWH/yzoo0bOuhVayG+WBPXGBwb8dBC6Mijfl+hKmgs+ZGBOQvCazVP7lcCrIILX/dVMqUBo842PwU3YzKpl2xoiabK8f7eAinyDwoXP4bYfKoMYS234G9A8OctSlwcRQNCW4KlkGSLLuv5/S/LFOhjgjY6yu5mIwVuoVoRLkNZAkR+OiDHQ5O3UKfRjpdhQrxxlxzN0Y47vjKTgnXjsP4Lcdwh2Jwbnk1/UZWooiAdVGG2HvnkJ0zrvsBKOiX5373cDX1G9d2vHJFxU44kJtpigQ9H1aSBXKInn9PyrVOSukcv9HQ9bCvNCxx88xt3tB0IWsu62kqptScpuKfhWPz18fxmGHiaum0WiFvE1O0crXfDIL2nCb35EU9vLRtFKKQ6W00YbX2SfyL+renPz626X7T448BSm/Oo7ZZdN69UTXcSus+76A4pAnI6GZzKzo5SeUQdTbOouI8nLYxNreJgcyM95eP8VPQwFowPvf3zu3LNnPpdS7R10JlmXnyANXm1Zd7FbcQsZ8DsN3B1iS97+xerPzFlSy+vBCligOL72QDd3UNcOk7Ipy/muHTEZ5serqc/gE4caaeCcz+AYcj09ib7HB5os+12Z1hqb3MhPt+zTUdqOis6ou1LFFXsuySBlsjPI7tMz2th87DTO6GQI83nV6a93df8BDJ88KZMATJb3swaA63eA60k0F23zz2+zuOa3r+4yOeQx3CyQpf/+yu2h4PjB1/0i9YsXR7pegj5SoUFbYXcjhb63haP7t088xoAX/9smoFdV+9mHEKxfK199aNg4dz/tTGZRxR38P7PK/lEHNqYiZRK3NHowaTEtm876yI5lyPTsNyGozwZ+MYRZULIZ3JNlCLJJxHe3EY6FrTO7y16VMhQ2rRPWepEPZn2rctFbsTXDOggHX7NGNlrqZ3DcUPcmaags7ze9uBv7uFqfVmqAp2AxAi9asZwi8ZLL23klkZsxAPKAvHDv2xmn9f9o/k1Eyd16eY6nHCbcO9CMUzSfXvfy9Wi7m30DnS5GdJsmn1AJ8OgpGFKKhMpwNVjRkdc3+dhHr66nMGYm/ic0jJIMa52nh3wJPHe4HPNZ9c7Oc9SCnr4xm7jRZXbTr5PmDWW7y5Z6I2m/34+V6wQ90ytDLzNDNOmdeFUj9WQXu/jV61tIScRFdD2q4Hm31NKjlKSTARaL9hPfsacQFv9z1Z6j/rdAoT8PcRT3c/FrKld2wkpsEcmcKuJ7H5hnCSLqGWpPf3gh4SbGyo6ztNJeAQmYDWBopp5asZYoZ3hflHyHK3rq6FgDPteoV1Wt3SmNatPwkyIvVOiOvdlhfcmZdNHzsAlctTVjM1FDEeMqSfeWHw2smDVW9rsqlSMJT2WKhMXrCAX5PSCFsvpTrA0FlQRcWQrTxExb4sB3dnOR5x1fEE9HDFOc1LcgxuSavmsjTtbs1Ki2wWago3UNs1sj70jwliQQtlMFMCY27MGoOt7afz71BqlcUkrMZwkw368O4Rl9h77kcdm2roXzqx/K/iTdsBHZ+H/9mF3j1aGXfMrAP1ad2ON5GQP6z9cxbgVTfWwabHI32L6t6f3z8Zo1jm35wOuSQcHbjp+Yr3+gh7uwTA12Q0939iAsuAm6vQJTvZIPQI/5KG66O7vvO2wyH65EaVGMUD9nONtZGw5MM/QDrNtDjUNqEvdfr/RjmDWYBIOWKEOSmA5zTEe3nR5k08aFbByDiRujEyuzgaE+WNI5Z8sWDbLXPqLHsd08P27yc1WVK/VeEqMrZUQawJfyF9wsIaJG7pm19Z3YqtLEABFwX9h9cCzPPZdCHg80DIdtLAW6USXhQj6SGuSquo9bwGnuilIB6kqZQAoC0ARL6H+Lu/BdG03m68VYpOryqH+fYHClfPpEP0Lz+WKZKTi64+l6o4wG0//Q3UPwUI89Ol92wvfX9vY1wUqdDYFqCrn7g+JFrNwYfbl2ohngxeuv3/N32aDr4zphESUC/aQ/v8qXNkXsEn5l5zHzceBAhGPQDqqU0V+WSutPra9I1ZOeIr7pM/Kqa6XXxw/xao2D/r354VGQ5aP3AndZDr49ecGxIwopsTv7mmRo3dvrrMQNgaYJ7Zj0ClJVmE3AkDX6TBlbiq2+Bix5RxKTJg421FuYYZKOiQcn/VkNVK9eF+tK4EW+GWDtuaoehf621iIDEBd+IPJoKgsojoBAA7tN+WdZ158ngq7cr2E+MhvRFkR0RibIso6ZF/31p/T53hulEEJn+UgojaCAceOhmHbPjc33p4iJ0rRvzxqlUEJ35TfDw1rmde26zdq01lUPjo0ZLtrxX8peJHBij30sV7xy4j+r7Y8Dx9KFTvYOSnrSezy5b79pd9hD5e2d7TWBOAQzicqrLAzltw98e/0j0s7l3We3zNdytzi5fhX5/NPC/L/Z23V81btUgaYFEPIIkMk6kydGharuVDNwIS8EWMgbOywkJzn5fPsEhLQ0vqnyJnZ06j+NNfehn3+ZwyzSClj9pt5c6t7yZtfDvC5XtUAmxWRlFZv+1xodFQ9lM2xchO1QeF1OPdO3PMGY+oup6V04UJiCNP7YVrNvuibc5uG0X7Mu4/Y2UTtr0eMCnNv+99fgx8kw4SaVO6LXoDhinNGJvP2GIFMJDbYS0gd9Zw3RHNLWwHIaZM1MQqBiudqyVJvz7qK09qHf/4IOXomnS1qVrz4xHnhkHIk6PDG1wZZo0fpDL0HeGire8VztSFvK3EIeq/Taarq7SnFwUI/NmckAGLvdj+oDfcfnUb6nV5qLNYVU/nPqT77/vrjLMLX0cSCuBuFifDNrJwxkb157+HNup9D88oyzCwX6dlNRqntyhNZtu/dyx5/ym8PDXQ0wC6NC1lVvittOyImnMS7SL9nMk5QxtBqGpoLInFu4/axvbdNbLKHDuUylbE6i57hntN27vluvErE315pV0y0Dkd6xoXzR22O42S729F+kjAglTPwKgShQwFb+Lxx/AdYx8Erh2efl79pWUgoDF2HoEZ0mn8RohSwGoVzp6xGF9mfSeDWxa1Flr/ESH/dwOZMJJyHqVxNQgawB9qBQPOOrw7vuSj9cTqqgT20nBsrYPP96Hhg0MeGAJgZ8eg5pFz6y91GY31GA2O6I6HRWkiN0s7AJ3Q/JY1IPu9SK3qWj17O9jyYyV9LgdH8BXCv7WEOd6q5Lm0Gy31uKZWOT4cltfZ9cHzG0W+KbYKclbjttE+0+opfrvnbWWGPSI6JrA97eupj2bK753z3oeIJDqx5xa1uByK/0SLa0cwHvAk9WLlZD9pwfcebWrCzXW9u3e6lSX8/SrMU6o241mKxSRab9VnccFU+pGT34VOvFV/ESa9U21PmQlulkK4Jaw/ATx59aicf7WoucF9q7kOEdIQlbsfPhhs1JqdnMSlmXJX1tEQhAai62urVCAacl0SGYOLsOpm64gRC6LRVoWZHHHzkeq3+pCtNcwPqqilwdNRK/cywMM+1zssAhw37dOTRgO1++61KwbLZoMKUq9gmNN4EEZgA7+6qIMbN4+w0p2kZWpfxfhqPUEvXpvkw9Uu2ljWhiG0RoS4bVRWqr/NV8REPqdDg+1OAhdEsL+/JWeYgzweCAN/D5j3a1eXk4lgLMmEwipb//BhQufmSZcn2utwM2QN+5qzRSbv7YucGB93u1ot8wrQ0bl0L9J1x9Vp1QlSdBgIQ+Uh5WaPJ/QFJK5B9LSRSMo6PcNjieyvO5uTo0CYHukr1CyD3iGy+3Rf4TaeCt5USZnbV0jH7870MOImvRYveCm3V2yjz2W9aLn3ZTujc9/aI/MYEfivnFtrqxSJCv318thLR7P17wjO+cswE+6/FiBt6a1JSQIwkQO4zsI9o/3Pxv4cEvosGpttHIMxCdd492XioAyd4Pb0O9aX7VcTXVZ37OqXHOqXIdI8rjaUSB6xom/YGnskmFi5ycSbpSsW7VYbKXQTB8yAa4DJkot55eKQjrXt58iWOy7KKJeo4faVosQfVHgo83qCP3sgEFq+XUEBPF3LJ1r2GgyVMd0iF9mWd+Z4x0GXvNYUBRruvd77VuScjD3xGyjNbzFAh6wmJV+5juV3goG/qmH05ZE+S7/j3o4udGGbb2Pl84VPxazOk084eTqMd8faT3c1DHau99frfqORIHo31P31EgCWMvUtfYxtvU7pQc6mWhhG333sD2B/o5vt24zJ1HxoXPychW+XpHwPXJi18pU16oOn778rvm8g88Nq17utE+VkBc0Ay3soBK/tcT2uBTzoICDwmn1SrdFl4WGAa4DNm1FYhC6sia5wJKEh5MLyq+2t2/rlfk9Ik8Jt30uU+AGQmZyW+vxE8A3tTcjo8REFOuo0lA8xCfB3fijT8AKJUbJ9LXv5QiFOmZs3Bh3tIGGSOsxDGzRbCmuo4lu82vTa4Oz4QxCFgwnHSAd4DoOs/i57ykHjdhvNavyIIAzngGCWp6+rVt04qpUWurg1guXl6CE3QnySX5+Z8e27oiw/bnwSa+irbDreCgEPZpVxTxuWLG89X7UmMJr9++Nk58cOGPWuUxNSdKZRiJ/5RNtOis+1XzV5AYPzFb0uxyslruis1jA2mnz0C76Uv3iz2yKfif2+d3o+J3Wzm29cU+9ov5W8/AQ3nbaURfsgJMvvUCROeAVmQftrEDZ524fGGYSN4HK8KQrlUPj34TxIqfsKsvvTQ33LZijKPvglm8Ch5owde7Hl7O+g9BL3I/tw2/05sKOxhqvpjNE83sVK74ejaeeJCE3KFDvpmLvldY2uXjHEuyM2/n2H22Yjd5qS9iRbV69nl4EX7b0whxuvuNON2ObfX8+rnsMFm2s/rF82PSjD3b3fayMA+k0D1AdwZsGnx5Epis8Oxw5XK7x49n+KxOTO9eRh+NAvudd9ixkCQKTLtRqTTg2jF4aacC7wE3Zx6EwazjrSqCLckeoNJGdeQokvXgcVvqbAnr01Q/K3iYE2Fe9paG+gFt2HJpCjotJSyp1nBCh7XXJGxP97MQDYM7yj4LIUv+2nmr7TJIBC+zjp015YJyGOJxi/3iXRIktBg7pM1p9pRKA5yEqp7wzWigmDcHfTpUB9VV2Xg9/FcUuIhWkxvaWwwJY8KbXp0o3d3lcZrdV5se8N3v2QTtpxwe5H+bvt3gN+RncUfzjTmPzt9cFOz6oKc7L/l00lT0Q8JEWXpEGD7wp8W5dXPsuEVaLmzdRC/WbeuuJ7KywPj5vV+Z9Z+YP7bG3Z4630dYXTpG/yCj8/PFCMcTIA/lcuP6XTlq/6qke5OPfBj73m/jdM8OX37+6LhOw+650bajzp6rxjZT5FAUlAwfHBZNv997f6cUNbNfCOht1dsZt67V29FerfDDcuDCJio7HPZjrBUMrZknDLR+5iBXbh3YGQ/qHnvI1jlO1J9deGxqGWT39JINqCbR5nWwhq3M+AFiEzgNO7SepKCAuIL+L11d/N4oPM4v1S0l38jE16YcVxKxaQBeWP9OJsi0se3os13zVvNI3q8AdCyudeaGHT43WdYGGm+MTRj3b3aZN4l2vvWiruRzxKhTV7CR9Qt4A4nNLlTYia54P3ekqVmC/ZVfuZnYapGSRm9toLtJn7HU1lfnm66LQpyTvlKwq6MlN+o1JhyeWRA8LujlsPetcLnPanr9Li3nuh7xL7nMeOTHlk5O3W97v0mzkBJ8JEJfqXW/qcn8ROTwqtwe+FGIq9H7EyFjgw2beG/Up0SP+7OLNe33N8zHeFRsb8/Aj3Lclo884wTDhktBWw8Ca7MCqgKl7mwuwBdG6nvM7vz1Lfqc/wKtiZgRtrTUT9srst2eG2L+X0QnV23b2cpeOLizGTvofYnSXY26/i+Wdji03axde/15d4TmKdeNY/sj3zpVs6dY91VvOujeTd6RHMLmqD6qWGiDQbCsxmNt5+IFONvqAhWd41NnBRDQxYgSurZUaOFS76Om7MiOOJmqpVi7XalAQ0/cAOz3I7yQGuQvwwKh7qZ4PXp2+0h60XZASrVF2sMxjSuJj4P/H2bv/M93/ccDRQV0VSaEI1VUqpyRntqsUlaIiZxZC5TCHHDebUo6hcpicVskphznkzKYcVoblfN6cZjlsbMzsfHN9v9/79Lh/6HE/Hv4Ce33ez8P7/Xo+ncH1rcITl+LaYeqQDa9nN5uEgm8ft5gXPh+unqr1WHzteczNhtY+sYHQhlaoec2z1225C4+Sbkaf8/tC/3XRZbn6bHTI5Empe2/VTgPwrShA14GFW7YWJkyLnLALiYYVDZF0f7ieKjXOPJT+VtFp7tKjUAFX9xlhtcRUO+uu4qH29IcXi/Pl0o84Oom9A0b0/EhmK0dHjaREPzprZRgzPJWVkdFfGXPGJB/QJVwMayu3Mgz78cy6OTYN2n7ehHk6KaTHdi1oIizf4x5AvbMV8W98mNvASnbH1Drw+/TN3WoY8gVhySkrofeNqZtWBTG+YAC7YAz2IeC08ASTAAGWCXgrsx2ZPrG9uSbYufN5SO3mMEbcUZGDcZNBk+cBGCyVVkFK8+ydJELXSqeQsiGrH6NnaYr8Y+AkeRDfY8cmcfgdj4PtVBI7zzfuEx33lpIHBaZKMkLJk8GzZY0rW6I4AHxH/ho6JnwYFDw5Mm9hj03U95LCqTR6xbMHTGfA1pO+s92kXKk++Uvy4VACsa7vm51nmfhSWVViTftEgfmKzuy6hRLUAMdUqyv8jnXv1rRKihSdwCyDl9BHfJSEVINlAPSGEGq9oEMJhbbjG138Tj1qZQMYsvGu3uwjQNolM73tYHJqf3jVZGf87zVdRtV8s98z1Cyk/Z3p6bflKjEtW9OZvUr4qrPwS9+F3vYO5sV6Hj7LBXkhnW48KPZmEeGExP14aN0MDRP6bahippOnBKVUhzJLR/1azyTjSGI6tcHrvEK4edpz5e/xjkECKJf83gNnHiE5owhsuGgld+nzanX1juDvL/dVEIxTx15MBo3q9ugzl2fOPDQHML7uriOZt8Zn7VCLM1VbNnq8dv94f98bacmET1/flPSKXfIHVkCfiCMyXVIiVd+quS0cilXcM4t7r1kdkyytpYLj2RZLVpTE5plVD90DbSy+xb7Lbcxzs408j2Qvxac7LCjH/oxmb0e5lW6JUlj7F6BH+ky1Wmgmq/i4lkbpqSaCke/5p0v+JbHJD5DnzaqfqblHAZS//eC9uO3Njes98HDqvKJKfHWLUhnboTqGDBtQSDNon7GGt5PVF+pirMvoR1p1PQa+FQR004v+E+cm8rcQ9cZ+3yv3icotpaT7KugHbZlSXEec2DOnNzuk7i1XYJGHuM5usKFqz2Ed5rKGC7IZo4Mpj9O49hkhWJaijYsPdwwUrfHrE+M+6GUaBhFVenQoA5u/TWQ4Htr55kg5TANb229hC6xvJs/z5Dv18nBl1MlG7EcRuG6i4WKMVmj/SiCGE56ltdzlz5tXTrN7WhTCXRF78Pl1OClVuoEiehSghSTMW/iRjiIQPO9JxPfSo1OnItCrJghLrnMjdFovflshmXHZtIp+j+CSgKeIP3TgT+/ihw6vh8yd/XpdPBJA0AUEfCBqje3VdpE8I6TKzNYKdDeA4kd+TzZ6en1tp/fW76cj7CAbP2tnmpJXUDqbG27IxFQrx8rvwzmZGG7Qrdcs+crPMd3MZTnkCLoomFJNVnFoLN23zK03jKyd+lSkN/dh5+xAMlp8sqGb4zVuF4HDVDbxO84I+aByDGezqnpi1GDOeLpr9asdTIbf7EwsnK9EgC6Vpmt524WFTnyp6Fgsrt50CyThqvu/Z5R2fMsnFuz1Ncn7iBGPAFSst1tm9Ip+kkp5gowPpN0U+3m8P0dT2OGJeFGpxtBmanLaqyeokaYtEAw0OTwgj3k6ixDHHWtOKTi+SZflDvR32QWb4yoXEuNmI6qpBccwiyR8Blm8/1TuDU8V1Le8AAU93HaE3vf+Rf7h98J2U5Ya0cZy1UeQK7vNedXWJ56uGds+P4Ow+b+eMi/Oe9DPa/03RG8ABJg8CMznDzy4M/htWCnhys3dwEv/3Vs9fNtiZjw5WMfAbJQW0zkl9lgbKKQKl9Zj183iwLnec7ewJyDPTqY53F2OV2s+IiIfZPn6mH7QlY+BeISd/8/NyR+ewn7z3NfARydCfjh/k8+3c2nyDt5EoeLc0mwbziyQsmokv6t+EZ7AwYKuO4TQkiIxVwYc9KnpuTMyN2OWMOu/HPwTtf9IJcZkquXIogxBfRNe2S8Ti70VQl8uKG+dR2dbHH+t/W46vddXwGl7XQcvuwhlPdDHyikqYCtUFncdmkqEzHZvTjMxMuP58Fd1Y2OmEY0bdp6S4LETlX23jqrYn27hDSebt+sSAWrpS09OsJkrUvbe9dehS10ax2FvHdo3kjX9/5cFQBp74tptNfswWdQNc8RQ7+Cuusd71N1j7dOLrxf3WR0ukJ2xMY1Ox3Rr1ceHzYkjxL7GLKvTqxFicMJ/4gOVzDRpVWej7KSDT2klYc2zXEYCyjhVw46rVUOAFfOs12F9dlbb+YHeT1kkezub7fzAwYHWVYW2hwYRLRpLJwPNDrDC7g6WEcinbNt/mRsWtWbofHM3PwHNCNR++rvVuVsXMpnqsJHlvJgE4sVHru/XDdvDX3zJDjBz5O+yDdd+WpgY9gVYsYgaWycr8lvW90yIS0aeOXxn25d5vhAzY++zXUZhXjtxRORE0LUm1rz9mtyn5w/CVCAO2jPaFbQoGa1jPPbS7AugF23PxNBIXOSe9m7t1wcIh+zx7l3p4qAJZsSM2BVGjwyDZq7ApYlhkuQMwy5n3JfwEPJpKyIanC7DTHcc1+r2W6bVO87OyPM/6J5P/KMr0eftOS3r5wNmOpPPpunK+tqt/O7db/uyVHwL1rWuFrmpWyjiYz17kEy1UbmNVkBvaQEcXPPaHfuTTWWqxZwWNfz8E5G9hSwI+CALi+B/DelXFbwIqK62jNDnji3N2BNZPh+Atm9UmtdNZl+sbQ2Ll+GzKx/lf9Rr2ie49hAicAhx9tUDzR+eRR/u8z/bnLuesBybunGXRTfFFtaSnoJOmMsFbt8b8YryDIb6tO9HGuaH9el2ogwGFRM1NS8OSYcumh/oOKZ3k1rGHmgvgFzsN9JdBE2KAY2Vl5owPTrgmnvl1R2k3XGaCGvH0jXTfjHMh3KEuEnZIql87rRW0ttzmqiigB37y6g3ARVzRfKAQWtZD+hpupC/GDdMbnA4oGI4w9ZwrZo6almyqJTowF7SPkj+YpKwrUObh4T/+05/322To0T/xvxddTFmoabePjv3lByyyL+dQJvFkqkZjIalEonaiZDwBFBiaxL/1gRvGPK1NF0/mCpbHA4dtIE3M+K0s9H0xWJakom8CttqV8+kbGCbs9/YT8Uh/TjiAXlxD/iSfiC+Rq7hAS06Z9CKE/LspiEonFFdR9kAYg2ZBGsmWDnbl+vnx/XDDpUOxqyljfOliYaCF/6/585bvADusLJHOTV/AiMBR6ln+sdhAuh491G0MTFifCi8vm1sCXxkAli7zVx3MifeN14Y2rbksnz7zh8FeG96nN2UASuhDP7eZrSuHa9jG1fqUary/qroKU4Fltp4frLqj8n567Awd+4CvQ8+a+/+kDzC+5Gz/8fjSZo9+HbivhUzJakFQq5pSbkLkQ4AdeUYKhobglj0/CtGbBNE2TvYXK/4rFO2dLJij0QrY2FYJY0lfTiRreVGf73JlAB32M+exW7W5l/DExxdFtzC2t8MpsU9V2IUIy1Jjm92MFN7V7AjCGLSMOi9dDgnMIlk9ftEMarqWTL+Ax2VkH2oQNaKRbT9nzi8d6OdS90sopmFRU2wVQZPAxq6mvDJ5PDwZYMKzQqlsspHz6ivB864LKa8p42l98GLYbp+gsEk5Dkum/TbQivx6J5uTkma+ZKc4VvKVyRvOu48bd5mTldcX75fYw+qH80bW7npUH9P2FulxfEuMW2vr7lMkPtqpeaxsLTqIYfTQzbh1TY+9aSZBG3CjbA07GweAmR1Qx0ZTNWtIAIg1puSHR3bz7Tx/242QEPpbuf/35sNCHRXXG7ljQeaha26ugdKGspc0gdBDcbQ9LALxtX+QL8B4/034e4HkDM/rQVQFXnahHU4Xb5rM6/gb7N8h8FclAvJwovhxHfvPvKk9MHO/BxV7M69JUMsXb8Dhp8Vzv/fcjaz4Te+3FQGii/g71K+KsPPtV1A2pAuKZmwspZ23odDGfTAHhnfVLyjOqMNfxzINPEqrtrebNBcVx5wf2buGvM/l02u9217LfTZnX2+jIqyqg07v1/POdgtei2pVFIOnYaRs4NdNn8szWKB9cruPXNwQHWQALQSc2WnyJAsl4kRxOOXGyAJGDARTZsEIyXGvRu915dtWfmjtYQw/R7DFYjfkrzAMrnW8nABgN5i2NusL0gu+dod7SODSpKxXrjduIbX194Sds1PuTrUZsFznfk6VPtAkYVSD4exJGPOJZ7+JgMb/152TP1SjwF5IuP+NoRnbTJmt8114911g6GlFNPm+b98Q+PpiforkitophMj0GU4OzguoEfWag1/UWGVxBw+iuE+uCMqgLaC+CGmyrXLlZoeQX/4vGLgcMj6xgItafzWi5FArZXjmRRLDtHas8qOylq7g8euIg1tVX/Vwms3FxiNaUzWzCsPLFYX1Kgd3L6P7CUn4+PEXuk/KvJkrTt3JVFdrZsDTgIZhFA2J9DF1tHbhkl8pomBhBhBt+FQ9tCuv7FPl6CXg4jBCTbgWdLiCUT41g8DOsaAcTfoisktzAT/EklT2GeT5fVXSQUVT2n086y1el1hh2vdZBiPEEKmhApUIAtukPZjUuFfrkZw5nJnZ144i5G8Z/reNl4T5N1CsgT8ZD6Hs4/5IAsPXuveH9WRsaSigXljheRRNp7Q1k+fucdQDKbIyay8nMBuOJ/91bu7jjkRDJcNa+slJUUg3vF+f5dvM5bxubtRka7hYcZlqQV33CzIcYK9tUWu91VDVrgBCaKfTtF2jmzno8zVC09IWewBnus98ule2+fYR0lW9zOubpToIpKqr10faPnxbaRYEpCNMzkAevFbWte1EA0NhWfjEN/j2euK5vlkhRxNclco+nJqw34P6f8svmzRBsDMkUwmIum9bBS7wO1tpDl50+7RkcdKs85CHzNYpDrl8ohPIiQH+Rc9qz+RaddFq15r3P7nCO42nGesEAVoc15Eib0I6QncDmL9icqYq+yJZpMrwuxVq+kjX1W2sGYnee48wtAo2E1Fde7hlwIDl9DrpKn162EHhWrYuySZamuJqmiSRSZyB6J2iuA7ufrPnB1ebktFb9I/mgzox1VFZctFyz572D2qVtZ0YbNgzxfKFxAfikZNkwP5jXDnlZD5UfIXi9mot62e/DeRj5nJ9gdKYx3Bk4EzYhgwm9L0t0MYCz/7PR7ukMwpsPeJ0xwu5AF9NJ8f1LFTeumYsqtub0Io4ek4BIVXVF+vzeQCM9u0GbZdK93YwfCmPyOg7dn/u6b4/LfLkmEj9qmMQsVjoFF62Njb4AeX66as9Tuweyz5nh92TejR6+v4X+DWbTB3/IPZiNzh4tWKaUqpCTXUsx3zNIxqXqNCcM8USYLRmut+L5vMUP62c3yj8vbISdAm3a6CA/O8fMzOPKKxo8EUG2zWAHTvTpnIg7HP2ovFuJrxHrGH/3mbZWmXKzwRu2Kudq2qDXdoM+d9Wy1OFcTaIF6/F8EhKrq38bRTd80U+wycCdJ5RpAJZzTlAB126TXsYMa4og8HT4abH2ODfDhGq2rK2m5w9GzPjBtYT0AIRh/lLPOue0t1NtV51hx/leOEfk84RAhFHgGeTVgIEFnoO0w/g7fTM3E/YPiR2/VYlHWl2KCURcciBOV3cy7H5mGe3+0D+YtwL5FIvFST19Rc/qaOGu+X2pO/AxXde57JU7d3jh6fWUDJ28Q9aHqWytLlxfbb2klCJk3xSfKnJWfrB0AV7VcC4Pe+zc+TaAMP9x5CJKthCnt+DkZWSR6ChhU2yakvB5ZtNpnLoXLa3u50GKIXuNGEZrGXi3OoLcc8qdlkMi0uD5iv4/JMcSj0hGH84o1HSoDOB4bdE0ka7WtxZrvqTu8tH1Qs14G/V/trxh5Qvc2HfMDNC1HbLxbY8lSHFSEReUkxQ+6NOwfA3aTu/MEN7n61jrr14/yJhqCFw5lQ/9mJB8GTKdJr7+Lh0o2UyoDrPbPmXA30ah7vAtRLlE8X8ts4RiyhkUUJMA698F59sc2adsZm5i1v5/j4HcFDJbYVP9OQcVu8y/qhPYyV1O5YS5RsDmN8WbUG/yB645ufvhyGSopNBHgE1jH/8HVQ4F4uXyR5NuHeDZ1TQfpNHsq1n/6WCHwx/iOQC4N/CbFf6i3wkrX3qXW5w1hB8h8a8EJIcCO5y59BUKbH+HAbn4wEdzDNwj8sr/QnaS9R79P6kLUddxL7kxqKqfbgWKSBn3FXTsK1z30bhi6TI6EotnDjUyHqRmOprDmXUh3C6T6fej1jRBz+yw9ZqOt9LUI/fKxk5j0S7k6AB5ASvrfC6gIP2FSA7nRvTai+z3pJHQNxJg0nSpUF6bjxBSfq5z9SbOb2PnsmRK3Rpx5Rwzj0JZRU0jv9hpHgTLXZz/Lx4gugd/Mk/5HFmyWNLPfMHu2CZjEpj26rgNF87alTF48nd3yurz/8ufL6j7iNQ7Mi58eMnr08XJfvNvolvM2Z+8v5HEjz67DYme5Q8yH2x2zsbIFovi2A8iDpGHKxsgPL+zqU5eCWfQ4Qdiu3KMRlID5QU54uHWcNp+SRBpyYn62qEoy9nUNPDDnExQvvaEVwaAvf6O9l5W6L3XRwymyeiZ2+raDTmoITEXt8G7PPJkDVggIdmoz9ybPDmZ+IYgf03A3PPmPdC2JNXPckzWnQvrzlFA/Ddqp+lnwYv4RgfTqFJs163org1DsGx8qDLDn5Y4tJ3HngxHHFLOjTav3/8yKcVtvhxwFRY1wxbEbGYaIBZU5n5pfRBe5egPaYV/Ff8pkPrG11Q5K9h8soHG09z+PWupJSQtRIMUNZETn/kMF+k6yQ78Mzda6JX2jDAZfbFzuWUAkHARWw5iOcPzQHLwljjmmpn22Olz3tgpSAmCD5NxTGhss2p11pLdm5nXdqxgNJOpvFqacG3i9QKkzC+UP/PMqQAec1Lzc4fgILqPX6fF9KlV/roOA8J6Rx2Tq6W6L+zEGHLOSuBgFrOJMkLQlZxhh7XXr2z4HjfcCz5hnieADLamJ1CY5NRxDUsIGUIV10wGiB66ujnLRwO8v9vqSVbT5eS/Onxd4BSpqqDSvlhD1zMKAxhyO1d5DT2hxpFEvI6gVeQLDyjQh9z6GszV7dpDagYIXh74QiOM6uyx9ISLUqFaiNqt6I2L+kDVJ70uUEpWbXzXzHdlbbymp7JUvrhOSUI8gzuuP9Z9HaisZONg0WK2cQMWrIYS21jqd4/cagpX+HlwzABBsw1vvbjVSrB+7Tfp8Wu1Zg9i55S5kBC5fbH1QNOqADiBGN4E6Z5D2oO+ToM0YZ19rqllnfiqq+Kt9+YdM995CVI3vb40tpxkBqxzud9qWmz4tly+ai+fpamhZGjJhhu+Bp7Wp2cT77UkDP5FczHP04SM4UvTGgaB3eV/k9pnUAQxcTyquKgg+2y5g9PvUG99slY991r04ngKF0uK6EAuz+hUQRk/f5IqdNGEeNDORV/YTz5boGrJMmzM1ndHOjYGu/FTU92op9nBTrcfiP/Ml35jxdxRwoNf6eCW80XoS8iGq8aLEfx5EwzblNayt5x9/Tqqm36mD60I97CZTSVgt12eJg0dmwW7KwH9+q5Z+mknuxcklqVMg/qdouuG7teE8Yr/g43FM2WMDI0eH+Rg2k6DA+g9t6TeScZolUjca2eLVmy1mTr6GEenJbhmeJU8DGFd2Mw6lywcu9fjPDSaApzQ40/daByaDojDpz8FpRHT0O58n1/1qjFjj075syt7hbkgEW4M+GnIm1Ge3hA6gYtzUEkHB4W8huv1/wRDXL2UMX+zVNCrKhLtsqVhOm/4fzf2Efd+blPvWAsJ/Bq8eac021P4tRPMWIGmdVgQJ50tnI5IdHnnv64AEMq6zgPl59cZOxTXyLVu22L371ddjIsPZr7yC7ItkXd1PTJ9CrpOq/hHyort3jnnhdfk5IMHeA3ms1jpI2yXbgoGqHJKaCqH3n0e9flheX8nr9AfsJL0O/lUfPFmE7Hmxqj7s/hJLW71yA7j88xT8V67qCcbXUFTm5XEQcvwRAW7nh/f+x2xr5TOypa4CVuVv8va8yDzPn673rc3TDzRx42e921JreFz7h51e6t0GFUz/0XXGbvZJzmM11i8MYlUi99Sk1bHm/me3na3Xxue7F3Oearm/3+WLzL6Njfh2/1X/uxKmMqwlmAXjWlU4FyWw3xOUY51JDj4FfYo5b0Au7lHvl70TpnmNznuaYRYPsJdUBS/igh7ls/cCpNI3Bq2LneYq8QRNyg4Zf5+zt/6xWVqwXqObz5zzvIjhPzHBp71XHKpdDbQem/b8oKlybwqYHKLQ91BuOnNn58t/NykKn/x+blVPahmTDful3/CnLYmVTkZrDz9spOOg9CSL9vOaZlmZYG3g2WQb8tYXYiUKz7bzqu4M0/ZpuwdvAZV9o2otTgpTbGZfPn72dnt7xMgSYIANGnylrprIzDm9N/ZY8tnJgNso8nSHZhP54M+IXTXHJPagVc1DbBgigv036XThJHvrLWeqokOqLJy/7B4O6B62NyT3sjFJA6cQaxBmjJn9/S+MZiepd7DkeFJZA/NPHkLeEEfLaH0vSdLj2C5RP929ZRlUvUHnBBe1+HK76vvumbvqBdqfK6p7UxtUWEZ51a/jNgpHnhYcID0fTdV2DDJjr9u38/sYDsUaJxA8zZlhquP3tEHDZO51sB+44vqMPt3EBy10WSeowCk5SXRlmt13yYzOj05iD+wlWkF7btV2NhpDABKQTxvTZwoXYG+dzc3YwW1yHkk4wbfIaHlWQEz1gJOrVueIIQnhDh9vwSgZff8Fgc01iik9dhGNVhgEF61MHmxVzGkNbnsBqzv3le4/OpS/H5mFvhSTWDwhPsMI75KOqElVbeEvNzKNhGVmM48UoOUg4LGkkEJHtUu9GFmBaDcDOpVLa3Vamurk3b4K1CYqkpDu569pCt8b+QZf07qVb3K7alXt4KD/3+yrZWBQwOKVMXDOKOt53rvJsENW8y+WscTit+KyLzNMKRZHTZv8uvNoGeg9+kOPFPrhtZ7X8AMR0c38TeT6JsIjX9cxW90R53CiL068E1xQ5V0lU7ZK79u+y68l/l11/Gx291u579p84xTQdxk2cS7dTpM3ByZuBIwFR4ii5EvH2eflT4T9c0yoUE0PeL14kw9hz9esuP2yKRULvv509jQCEwl0GkA6MxeyhyOS/YDoCy4hSwPNErhv/1/4k7O5g/iW5sOkKndDo1tmUE0mFgkMHw6Su01SShlJ2ML9BqHFCO61spvqT5IEArS1ekFG3Jf23rT6OPPSiHGuc6NqVXqHuvjwizeyQUfeb+TwFfn95+9hGwqfbR3hroJJQe08LTRGUzjmtMd9W6YbBtAqGlf3XYoVgP/GpeYGykcWE/SLRjYzvyAM2FOYt9PxR7tTz9qiW74emhJmvXVcS76k1Wc9z/yuoLQhrG/aEF/EUyFyDuiu7pG56UXCEk3RwWULKod61Yh6x7YcpyoeZhILCAZCNLJ3FtdqOgfM37t6qGf7m2U7llH307jbw+76u444a32JDQeLUeSuVFso4BnJyoNv1yzCcOwl3nVMzFbxs7unh92pVLGasOR0Y3PpvtQvQEpj6ZdCt/YQaTnWVVvxBLZ7N6PDAd+GJ/B8jxLfbsK5aosoZPUprjYdZSo2/SbWKuwOo9/PK6CionTzLZq5Ya/s46+lXuns6+xdRDa0jGuH0pJs7hVRdzsDeKOy9Znouwc1O0mNT+vfe0EhlvwO81ZPIZvrfsFOS4aeizGGMb+aO3Ln7IJ6ta9Z06+pCjt3s8KSlUfjXAuRiuRW8O0udnhMqy6ge1qA7NMSzLYw0+yvrEPSYn0uHxl1yH3smRJMOG8T8c89C7Jsun7uzS94sNOwf0l+nqmbW9BaL2Yf7Lrmuk2+T1z8mUlPTXokjifbqcR7mB1/rDGILxA4A/7NSzE6OBuk+sU2nt0WH0CzBDKy5QRr/ls2B28LfxCWnJA0W+X1vMV3Fu6tKxaethg+/HhqwTNjIkUrbwaTUYrG7F8QuwOsYNel6gQTgQu87svetCNNSyApcIRE4/XlGpaG7KJsfZAp1j6bM/mgVSzAvwTgF3JeJc3TYVZcpNqnlJG/NMi++vKvwuQL/ImRylXj50MKhP3tY0/RfOKbGu4oBcoOfLUTJfuJ5z6WaY+VRAnB9LyG67ERj+BOGC3BLkFy9qB9w9v7rmDVVoqr7Z+2pnACuYXsOSPUY2kK5+rLgH78j4BrSwdpKCrDWX3Y91fyxzEoi8jhokmlOMowP1HLQGiI+4n8anAZCKk+RfyRrxX3UP1C2+mC/r9S6u+M7ASPJj9aqIfelRMMreeTZ0nM3kKEQ9ayRSBtQDqrZrCsdavozsbgzGUNo2jriPMyQEtbwgvWZn6qTpxLrRsAtpcxRWDo0/sUOKYI1j13r9zMPmBBMzGRK7fsCjPaZbGjfGPfOJCQ2eoSNjqcdFHi2DAaOhRHfatp780pKSxFf4Xt9QbcikSmHB+lnlO+dB16mmRqdA7KvvQ4o/elajsXbVT29hYzBrBuVD+wPd20GtJFhg1aq5EVk2qsKLIq/mMoJFDu8Wox5lhJ3BuGR9v9vX1vylOUHFz3ccJu6JciDZfisp+R4V9s5VVDxWfwHfqiqJzWpSA5wzGNgVvsvDY+utkt0u82jyLR2O3JWL5D3I+lov3yI8fYy0vZZh+76mTk00XDmxeh1W+j+iFcnW5rJaM6sJ1GnfvTTSIaYV5krTNjhqnHSMQlg3epMHQ8ffJlr5ci4+hDe5hzddl4x51c+/Ibd1pAtgZueNAlgbLLX2LdDxsR1ffju2p12iMt/MGGbb8Q3u8tj1Rcc50TFOVkj+ux1POkIhVkugM0k6Ai+iuAOak1AWTrTWd3x4bAh8E+q38IPx3dwM5rx2E2J3mPXZcM7OypIQUqSS8VwOr6OUyMVr4m5Gx1WeQ+PkfGAklBjNSE9179fuK/SwuvKKe4QMsELrpvNEjMOg8YFQann3He17o12Y+yq08ORs4yoqFqnI7vrJIiZEqfVlPf5QtTqr0FZBoRYD85FCRvLXXXQPf0F5kmNVLSiTx0tf13NAHikyv1kdjF4i9M4OzDikdeRgP0Cpq/JkNdgQe1q002Zr+BFgF7CzyerO+/LXwLq9F54Ov+6eZ57gPex5wd+OE++5afu8N/uKrxyJd2juWNdi6YvF9WLpcjH6U+sZINP7gFqBC4kRd1n478qZ7IvuX5BHR+4bv1e45QZYxDUHIO1TKpvMBb/1QeyrMtjzd2LjF+7GxbxVXmo68UHEevbqhePKhjWuVj+r5VhiHcUWwKD3kjfWMTf9qk+ZAV7WigKCJ9av6/CUBR1HRIxOmBctjiVK/96wLrKZaQ4CjpwNzFHsz6OvPJ2/tvNCH3Z6P/gJEHy+2hN4T3khAiZ92F3nSBkvUJn9U2r69jXJ3cAj5jUSdf3eYhEGI+d36vGLvjGFtynFt7L9aRL/t3y4Hthr+uMWvDEMXgzEx3CjYXnYwzfC2QtLHmsDzuZSdtGuaB8N6H9ekQjzyM4QcoJWhH1q0x/xXI2EznL2yfxCUTsxJDq+m5Fzrah5IGYy8j3f+ad/y2MEXybC3G1vKlUNT5t6Fp/9K3RV0x3OkApkbBUM+VdK311HFdm9Fhm+31Yor0JwLpEmxh0VxYyphjPOEPkQ8J2Liu1h/1OjJz9IaF9YSjGU3yUD4SQhXw8HuRTrh/uO/fxhuKuXUcP7de6K4SL+etC528F72dteyJ3n8immVQk6CW6eeV2Ff4uvAwR+hYX8+lhq7is+FvJN6KnPr97CZ/kzBFsPZDh7yz6wglLdraezUsqS41MZ/km6OaLO1l1V3RZpnjl/vzT8sfKrX4Vg5XXqkThd3WXr4vJpYwptRjOuImdFwEyhSJdwrRN0yas+dNTqINhySqBRagEywh9t8XPdJR8+P1RH+w3AbIocCzU8cgUATo54z+kSA6Uc12ylcAFCELDODdsUdG7hs4I+cTDqU2hpHdftOs3yZhzUoJlMgmBaXgUo8A8CaE8AHAWzFO63bseW1hzwryHvEqDpHFPfox3LBHfhT86WI8WJVyMNj7UfErvqubLEtb1jhwNl9Uij0cJgLe8FrUmN88lddeh+4gYot2cXeR26cYG1twM4gP3rA6s1+DFVKTZ3ZwtdIM/PUTGKJf/t3UDZ9bE/JTPGBvV8YRYz6vLdHd4Dhx66elcwfwWMrVRCciCnXxrhIYMpcNmhGIqOnTWjPLLeLaNwWVlibZYseQsrZxmD0A0gBOQ6EcNL3peQZ5Ar59G2kTxWLXqLuouCVUI3aEzOXxuDfGM8MQtZ92aGvj7JJN/9HMmSAr2FJNi+wjIrypRFYQANgW/Vi3WiOvRRyAw6+0kv6TJguVy3gbX3zNJf2kFyYykv3NNkp+RL9pRe2cOc7dhuVZgrcpiCNJAPPYw6VM83IlaN5uo9egHG0LUa1wOE3DEaEnttOFTWz/jiuBjJW/00DUMe9S8cz7TW6tN3uQPuxw6FVcnzbuVrPmHu2+fF5HVyzPwXXH7PphK9PZtZ2aFONevI7SDs1cEyILU0trxwibKyzVcKkZmU/AYZHe9RsSyQiWIoI1SRfJXz2Qz0uzN1eS5E/24F6z4TpyoYTE/oeCGzq3QqchaZUUeVkLPU5AeznAktbliVmo0Tk9NPh0nxeuuOJZ/9tJxGxUAeR9EiKhl1mrpnsGFo1OAhSnHTnUUAXL39sp8vgz1PAo4rx85MfemeGs4Tbldju4pteGbsW6tP3/YRdUG3ouAtJ9hpu1H660eRk3K6RbJhnR9nZa/qLi0+3ngg4jx/YIe/RVl0GafdacJYAPk1pP1vFZHYq1hOOduInDDrXm6OBBT41ljpfSadNlzV12VZ7qwA2z0g+K104VDvzRh1VGBowlPZmmNZKnXugMuCUm1e/qi1QKh6YY2AfM5IcNt/lH3xDCGDuNYpyHFaIcZEX7eQ1u4p7pGjAYxbKPIZFJvff3Y2KYWkb81MAYlpbpTx0jIIydQDKf/R/fJ0/92nzQsZ9C60gN3GYVD3uLHZCFf+WETsSd77NatpYuRGt0Zm133SnDHgj8WhL+nieNu82qidDceczI91NxnWN4YC1706roeNupkuSr0fdL1G/ppWc6HSv2Yi0emnDb74zt71Qzcf2is1GOpJFOPHKf8O7Ptfa3j9US+GQtrnXPx74fKwhOEU6Zpygt7/cz5K+ZpazBf2IqfhyCxtjlPNrBtjZOTMMTamr1whicIhPbb0I6eYk0UAG03INzZqM3ZP20eYu2C+VG/09eqRHYlQgyDWitXrlhYwZKdL+SskYApGgDYE+Z6HTt/3GS50VF3o95jUNvkFPkcKbJAzrJm4uk/z0JxCQGdQF5rbSNtbxAYE+gTOrwEH2DwKMSVe6KGYUnUnHYQv+mDrID7TUCc2wcerTWg+42Lxcng8rdEwbicfUotdDUWp8KI3y+wBKxvxO9pb2J3c9JMDGGj4VESU7C515G498imEodN3tIeUtK1zUbVv3zV9IKv1C8X7IRHUnKRunkGix9+RuboZzKSWtinWhjJ9euVxDTyCZjltJvvCJ9jiIZuWCBXQxK6ll64eyZELPQ/izyopVPZgCqNBKXstWCRXv6vUGap0nU51rXw1bKs8uSsUfANgJ3RU+e2xqAhDwO/+XTiBhPQ9t7UYL451sT8CcCjzWX9TI+hRis/654YMvxnhUiVQ1e7SQ4vtkCONT/ohv2xQMGsP16XeNXh6ZSlBzvn9AtXBf42TZ4OueE6aW0ttYssXU+JTMaLtIGBngNuUv8fjTKOQdyuNtZOF7h/iXO4IFmF2SWtu+HhLdZzzFvQQMnSgHQ0PTkx/kCI+l62jS1hY43uMjldeOKOF/yCJyI48C9foF9nAa6Rz2s22gFdbpVXFjHkFRlxm7emaNaRBAdAnqIaSw4I+din6PsPO0Hmv4mkJkFXec1UdUr00Sk5Jp1ujgpl/OXpBG896CZQPKHzN/WnOfSqLmlWUYy2JA0GLRpsOicpc6v/KqXUtYqSTICbPkuLJeasdY9OfT6FGL1pveGh9fmK7B82HzkKDzvVFGYF0FsE2NrBRAlcFUhLIYiyp+T79ZXMJ2IGj4bpv0zAFgR4n7meY+24XzI9x2KPAI7c6ys+44LNWo3xx4MkU9Sgi7XZhnAF2PVd43Y8+7biHcxlf6bjTmGdnpzwOSopVG2i6qBMf4N1hH7g2Gd/OiLH9uydq4A+InodKLBGwzpIkaJEHq0g5YT7Se1j5TDhCWv0EyQ9nRd8bo2scgEMaxf7S730BHzGtRNtPlIReNAuyTqCsyGA+o+ShIqZYA0eG0tOtUeZ1Fh2fsPeUarauHr4iD1yXwlY2AFQjIH3mnYmqcluOmUCwsNYFBS8whj4PfB6VbXxSRVv9BbsN/qQh56XH1E5mR8y0PzJgvdUUdcjxKfJL2fBpDbmo/3nPXbXE45LA9b0E9nRjMEblQV73JM2pJK3Qz4KKx7N44b4hG9yHUWlj/Dh6UXknIBwSvh4AGf415V8fsCbgK8yx0sP7MxqgSowu9Ivhii8bpZ/cTeriPx+KvSh8+aV0A65iIFH3rKcGvhkUE/67seO9Bi3GjkP2MWYJ0W4KVnX7rUM0yaPubeu8J7L/iNrr4cYZYCdrLYQxZnLYavBR5Ztdtd5/O4ySGlpWHcDHHam3HCJum/TaFhsEcFJq23OhW587Y/eoUuWAalAlvkfTvKdsBJi0LD6jbGlsEklxwjIUmltKtaAH3EyXG69RSQNnM2rPsmv0ImS+C5H47Z2NvIZpUrK9ZW7605TcO3Gp1uaF/IzcbM5q3PflTj248FIbEo/YK3okvML0Chl4Zcmy/vg0NwQfN/x47LmfwjJCsL7yZPWZqGTho7EXvBI4e1sNJuPqbFqiasLSIr2eRCiobqRYkQFOYVwWxuDXWkLYqD7PZz5wRNEtPlEhbJDeR13sUA7aKNfe6z8NCz7ovNvHpDx0bRz66v9cTqkgIM/B+b9ksBFJb99sV6rBA82Cfd0S41R5mEue1Av5XpdcqV/mNrgy3G7NVZA/OnUyBXK6MFhXl4TKZWM2L32Nu/ACK8mxwmwWl/QSOni7aqbCB6eFGlrH3YMtA5dKsarMf0xeVGbzBPyEP9Rd05C4MEMkzMtzes19J5hx4vnBGdQ4ddCv/cHyc3Zp2ayAlaUCtCQf7zuIKUw4NlLoWO/8EEPCCerrYHPK/b6kvFIUL6ZI59YYjCRzJ3vw3VWISE2zHSp3OZPaIVSZLigST6lCs+zYv6uQzR/NVgVagxktqqIhg19JNGJAnRAU/eQPSIeBuX7fixux6g+qbHa/4Z0uWgs+fQijRG4CjJQeDStLZxxBd02unamJOqNBiaFVXkqKnQB/PaKR4x9N9lB5RNr479dSRsFwePbASzqba5Z93CNo0hDzIHYXDHI6xBoh3qAu6xuW5U2shrCXlLE8ymTTdv5K+qBo7YaSaPQN+pShbGAHYjWLBrE1n1DmrzRjs8RcadEKx+Qb5AL9C8h62r+zIsK30KA5uqYM3j+kMLI8baQnpKINJuVH16qhl2lOGqAH3WtpqKkomYPYMMm0xW+4iqPjASvO0qqOUHHbux+lC0Kd4OXeILmcRIj9N5mZiNSlr4PzW9BpMBhi6bRm8NHsVsEAM3kySvLc1aSxK6sPWc2FxiQ33iI0moTwTlrpfQ4CafxhoYlGNjCcHG32oXhnpzJBGf10NafpHiPLLuaCf9V+D7dc4U+qhyKINXjBLvJKTi0k2hQBJ2ZSxLd5qPVKOQDpzU2/Ni7BmarvBWa/kojahNywvXoVGKtGlM6YQdiE6M/85seD+LHkRT05+Wd7prp0Q5GQnlaRB1OJmkQFc57kyvGw0JwJ/HQjkPwPz27jfZBKTsDcAnWoo9hojrPtkgngQL5EdWBuo2HN5OlSN9XQMPnY32DxtZvuvUY/n53S3daZQvoAT6cnjEgbCNXptOE4OfnoR/aGZGyU1x1oxALBjnx5sP1lwhA1ZXT587wHyhS+pkkAJA7pElKlrfZELj1LRltMREtwrN2YYcwpkQx3QEMnObSC0YjiQ6cr0bBSibynF9XrJ3e7kA8fPlj7zv78dDabj2wUM7Xj/4It4Jc8amNJYwBGtdQ0jR4FDFhr7p5Ab4E4XkWBmfa5KwdJ0RL2RP3vTaOgJCzg9OCMUweScYDaUHF4HpIqVh56xz+wE6TV48vC0/sh4fd02W/wj5bAvIrOGmCLYRkJAz/GGCPn8HwifTa6I/TsuVHeZT2jtLOUMd+r9Jbkrji5vXdvibD6Z5LU5g9/ygVTqWojT4HAXAvywYHj5Z/ynt0yLUkIDCQyz2sIZr9ibGssWrqo7BHPjKky27u/Nd2vC7AdVTGE7O42FYNCe+SDt2ordUge6syfVx1sYVXRHml2C7eWPhkUHiWszchwuMA3M7rQFHk/V1jPbt8b0I3nJPU10qnookd9Ru3dXoGhM/6tZWTu5oaljcGyLoe0jD+nZ7tSqzjmrwdNgFUkVtZPF55FyX7JwMWOKq+kc6bfhjOnR9BZuTo9yMxSc7RbLHp94GJB40eOnIvyZu9HF8RHw6kqeC/6m3hAZS/n9SWTNDbRSqx1U9FwWhdlSx3nuB4vDl8PoB0QrCx4vbzML9C9unWaQYOmc3EkTGbeSe/iRhSikit8iHEcoFLm9rQMA8XS1ICcdhvHPhLinylwlRnASfTFBeQw+Si8wCrBLgaPnSjip2zIFu8I7gpfAFoJ0QdJWfZO4V+B4YyrmgIO7ysax21JRoUcHGx4Atr893yRyopWuMp8rypxlZYYuSLqn1/RpzPYfiE7/T+vKvY92LpNjkbzB9yVkkn0ddfjnvGbBH2Po394Grvg+JLfnh9yC/iuwVdcDaJUtU6aiKgeJA+raHkn3GnmmtVk0KWg9zw0d4PDo0SfCcnSSbE+houF6t9IA7SWbU4HgJSXy+t4REiPE+Ba8I3AeOS86bwQFNW+FEhNbvLm4LxHK3wVjrB/ISNuxdgk5LN21VOkfGl0N4GOznAgr5NNcqF/Cgj7cYCu95QDY4LUWfC8FLydEZliLp/uptWAOJO8a/Q6J7MCPmKlSA3HNuruBPNqw9125B/I5ZKH7lwAL5psSceaf2AOOBYtWsLanm/TAB2AJtoLdeOfNIn+Wzgl9rpROOIxse9n+ivPQTe9TNi1mOVy8xNbGpt00Jb5XhZJAbyK31VWwHDMVxRCiB3L3XAaV0WuFw5WgwVdkd56Hr3UMbUNTx7z0TrUpua6K66kRZEX4R7Oe+qR7dUvkbDd60an0ZyiXj3l+uW/3gawBbLC85CMK9pjcGOjpPoNvVfF9+BvRyDuvRyRnHvFTTfbgTjj7HaXIYqoyHUQXP4U1FaM29hem0kiVfXFZ9YEPPfGrR6D/cp5kzOA2vyFdbFi3IZ0nvcvZ23a9DiHib0knUNXxfhEuuZBwpCB6ZFEqSffmWe6dD38zFzDFq5cQdgOWMj0Yr5WLHdgjY/1vjGBO45ggzhzM5m8c4GdpWAPhcM62odeB7IwEH/PjXBuALFYWu2PgJtQojFqOCnyBA8lKzkVu7dSNEikdRC/UbJ6kmq9uDqB6zWVOv/y2yArc/uFxFhLrP3+arxR/G4aRNMuaL/Q85vE8PKJrp8EoW7/z7vzJgf3fqoA5+j1KlP5OWgwZ4klLqOAEK8wNUUUmqlojnULcJM1fAqMgG4rLCtpQ0+eDX1GmcL7rE6BEx8pAv2QssJMEhV3U5IVVew2SnRuSVBRXFX9ggUlzEg3eVQvErjEPweCZSCqp8fY7MEFdAqfqqolCO36grNxwzauoQzTQp9O971hxihpODLpJh2FoGt7C0715w0m72CgHnSSjfkyDTH4B61GBuId61hze+mn9XDeL4KinulfjFOP1q2eaXfXGXcC0M7hEmEUJ1szNjYtU7v2q5BzU8sIYiPLWGVytMTniS8dBKifjRZuQcL7E0gjSkJJmTGgpMKpfzA/7ppwT3NpM+zeKXaibrltVxJsPB8QnVpgnGEKYFjxr7JIiInB9KkvwJozRyEoVzDoAKxc4zLqjlDMpV32tA9wdtI6DxrX5aD/JnKOFCkoSW8BR4Aynu8qrUDLfpKghlr8+er2q7Ega3PJO8s+KvhfB42DUgMHP4gCTEMwV8KmE90Gxt4Qkqydhzs1erKblz2SJ9yBW28e5Hodme84cuoncTElyDSjzFmgx61KFLt5PrLmMyB+5+OPpoiywI9E6wbcq+3YY+rH25NH8JnaOyuXz7x9EhxcT+en1XLc7QQsQi4mRVoOCsLrL7cMwLx6FHn/Nt5x1usxGFtoEP+d9CytpDtLM4uchc/K2Hs8UWnfyvvQp09G5i3zwEuQ14H4G0CEqct2jojIR1G+63PVBku3sNOSJiqussxjlZudIgvrR0ylzUGutQnBxoo5hhw/htD1WHRyt/6lBTLSDcN8EnTipLyO4WoiQ9uhHS83FdTmjOiILxER7Do1+qW4jfTxDy3VOkCNvNu6OnFx94zbbGk8+aw+6yNYIz239XIHYgPEvwFJG4Yrwe50ZR43iI/xbt2tAFty0T7tyL5l5dlgmLhg0r8iqb5B6iLgXld0VwKMdVUjUP5y9MbzZonWUuJSZ5MehBhWkVbPwNXFp7Qp9blGjCORaeMgzGRh2crPYBL70k7VzhMNPx6V91firp/1EQ7FCBM5jOb/LvBv+ZTKoddtZU5cpfdqg1psVgYqgvNVotkG5ILJ3EBoHKyAjJTjY8H47R7NpvHe5oGa2RSBZtd/XtYbG8+nbyb1CoI82Px3GoZ+nIzswfrUdB+gFtuQmrMAdFty03QDkkNFx35+K/P5xisKi07UaX/P5vYkPCccmN33bXTxvzhYa7vr/HAgmEOejbXXNW311ippXm2JpSUgIVhFByoHsX3IyC99fs73YDXi606e8SyLUXDWIsQpQCMRwKYIb5FBJmGK4J/dFkYYG/zhDHjuruUYJP73eC+TOkORIM20d80lCdDqPuO6AgVuXwOVTb2btaJf9/R85kTQtO+WMbh6JScI8TJMRqlbhxfaPxm6cN/4roK0W/DUagGve24LgtQ0Y83oLbFE9txXd2nAa+hJdkJ4DVdptmAi+EqDmYLdzXIFQ37UZPDo1gn6VfH0LoMFjOJHaNIjq2I/BJBY2NABhFa4Xe06KfTOz2nocCVnJxN6bJwHaG343gdRSvaBcjTrzyan483c711vdH9LHJaTBYw8zrwjgpAh8M5MOfSJj6LEa9XdNJIaw6k3UPwvVXJ6X7ruZKRGKmH2C3Q0ViUlYlqaeC7EcxfNgJiwawRq9odzG2bEh9KmCY1jFZFs4oWVmAce7ML2+EBoT8rsGL7pM0i9D16suiVs073YP697Ub+xrMh3+6ZpNWiWQlKjquhrBU4qL08OhWycmJT/kjr5BO3/b7YfoR+4vUIUzkBYxiXCHGrX1wsHk38mRPSwidJCBi9l57c51QD8u/f/OuPGAhG779WSSX7031RQUFCZ4dGinGJnawHlNvn34MQXCz8KUMM/meUd5IpMxew1kicsCMw2PL1lC5zvRCEf1cxU25OxqcqpPed/3RoFS6U2NTApdE/qv2VoeMX6S8Q8b63uwVyZFcdrgomPOEht9HyPfMJJmxxRc9QUvUf/8ouOXahd+dJE4NCg8coPt5k7vGuujb4UrF1Wj9/SVu5sWYpUktt23LubLu50z+99y/f85fJORBcMBrmVr8ZrZ2iX6yAIH8vZHWw9zgQRJsqKTmNVCUPNHxUJlwM4GP3vtqaD59K7Q71LtXeYi4qtQQ7szDcOI4J94WN+ox74/ah9NAGzF/k14u9Hada8q4Mvkq1MAdWZTG6AzqPwjeN6pfKvgnEhdS5dzpFAKSfpBEE+vNyeeuU9v0AdL6X47BXqZnPgwjINUpw+Ano+Y9ic6aHVE56fo2Bfls7gzuO3AnEXDNE4agyjxP8zkppRIeVlN484SpeS3/1IyfAeBzj0+gxF5qIzCBkN2s6SpiKqg+djWJ33G9VewT1vrOx8Ww788x1qdICle3I3MAC3XNHQhKOA15Xj7iqSA+l00potF/sXTinke8VIhqtYp0jMEZC0XS2XNtY/HtZzoAbE90x0lh6J4tnK2F6MKzC/WGbQr5bB3s77izUW567fCJwtPTbMXBLti3msTlZYQjZwl51I8T5DmvTVJBji5JTfWuLnmXnsZhFTVIwQoyPOqq7pEmAQrh+aitN4RscMu+hpbDDUxWHuvKmNSLBwkx/bS0PXdFQy/VnZnan3xO0U46SXsHhA/6zHQGbeShoddPS5IpKMD90E5PxaGuc61dsOO/0rYRU64OJ4cGh3UvEu5vKJq6Z4BpbMuYw5FuviSS/uMLmDx2Xkb3/045ceEEj8GlrJfHkkkAgCCJT1nCU2i6VWqJe7e33ekVejbwORmlFf+OnwYq3DmmvbqwMZc6nZQqemY8+6kipDAw/rQIucLT2/sa9zrjTyEx90q+Yuk8iZbpkooBF05ZMwcHVFdYnfWpjSbqo92h/mc9jYSZTNeM+avZeFaG895aEarb829oZJ792+U5K8IQttZYk6TZ+YS/Be5iD4se//jDL/jB6/JtrWcqbCy2GlZIN+YmswA/7LdM7u8SyOA3L0uodfj2IY6C0NnWlu/4dHluUcUbntDV8BV26kuHQbfB0c2NiA91Wgf1NJODJ98afhK8YJTJiT+YYal70rPi3YjPKkOZ9wBOfnVBtfvBY5j1ft3TE+osuQIwY/vUx/XKZzSrD0+Z1bZV7tjs2S783UIaHvHkDPt+OY19X/5vvZpxTv7mAd7QMCYhCHu8YctPGkn9LecDx6dU1QM+cbAB3/K1syAqvhK12r2Bwm6gyFnDc70D+FwPYsMmBtc9LZZA7e30/Vm+T+gU8tAw6bQpStebTvpzcwZLKj0Tyv9IbhpsaujKqLchQZWGH/SDI5DKdiNTJy4J/203qkAH3TQYTXJkigwK9BXCnuhr0ynt11360ulK/bjChyX+ejLHp4W0Ed97RnpxgeR4Yq50hwBGOnUwMr/uKCgozHVUpSBaVnXNdm1MEfMyi05KjNzm6HX0IvVnxqTAx/lJlf/E5dkkV/vyEq854UKZ3pzOcOUHvc+V/9GqidbS+apf/Iy568uJV4WbwN8Pfr/o7RRsvJEs7v335qkVn78Qqtp00gVfmCGLXNsb9Wm4/3XvA6GF4n9fBtRil9m74P/c0bzUJBQedgKl/NG/L6t3vQh1UWvToICuIqnzakioLlWQpVU9870U7a8PTfqXIhnS/Et1hMIg5Z0E09PQ/9lt1AW+oUyumsbN/xXDsfcCsjeeGi7kBo7sKqL5ZH83MlfRzrYEhjnlX1ESJzex+9a0kZHC7SNRzuRQbuc/xHKBJM2yNUoA0GNoAL1kGk7tgXQcCfqoToOz+cX6Xnb0IUDedZ09TDlTvWcbePug5BvpP6NwqMoIiK+STVy6LQ7D8p+YKTae+FKNU9z4C15OGKkfdNTpV9Vcc3CmXA1KbF1Jg1tzpTjqZPTSqT22quj3y8CoP9bnmN3f4JoRab3Jlvf5sAogaPCCwe/rz3ZkTvQtfn1hY4wKHrhHrA8hpxWXo/NNxaFq+DC5LN2DJA2MxGkq2zVYPPy4oNVL+I8Z19aHb4U1qwXyqEvwnZ/jWqEvmPhJYUIEOtxxs7/RKsTv5y/TDFz80vaKelJgp8lm/0dD/vu5qOlfwvTm9Uuw57XCMu+ejXYi/fEN3UgMDu0oj1RT3YI5u951a1Y5QbXN1ZTev2udbl5QlBr0NgI1+0vTyWFRffY8aemtXwhiPfK9HybGZ6XKr0fLsoXhuR9F5qPRcHh5yMzcIKAbmlTFLcGWj8iKM5uSKIZkyeO2vG1KXZVGscp4q7pihztpJdmnCyZzor/mswcGfHh2vFSWdlTTHDQBeG12AXAgnoOO4Rse/jacGwd6yrA0P7ztAr54uRtbx9Iqs2siqGozHpi3uJZGvb/V8grzkWagbzzj5Rm0NcHfmz9jBf/40b0xRxxEpGkT1AmU7Hd/YSflq59GVQwQjyf3PH5hO/R+svXlQEur7Nt5uZblklruWpW0uZOSKZJbWKTUz9y2lxCRXckWk8uSSC3XsuKVSWZmKC5ririWKBkqL4oKKS4KpuKGoIPhi57N933lnfp/O7zvDjH844wyP93Jd93Pdz0WkO1zTXN+u5Y79rbj9jYLg7QbBOfHNsaLeBrRNkLnzQjlwwarWZz254EsPNdBKcedm6VYDe3tz0fybth7Ho87ET7fzvPXq//kWgKlyfAXi0aMsSZpYpM8JVykr434znrM82D2d+tEKxGl9rwOdBo5qr6VXTx6jGazUmctfQbFdaMQMg6EUx7G6iiEk4uxoMO++quXkrtc70kZeAkxwnJf9QPHb7uD9nOL4lrkl7nZT1wvF5715U6ppFcHbYCgY3J8adR8LGJVZU5Ftzsncw4XNtFeoQ6cV/+WV6rvhldqsfMTz1lUNgRs3I3zrv1Pg2H8Xin9RAIkHdP73oSDBHXbt4HJ4/7OFJ0R2TrnDTqzcljS3MP/qFZpoTQsmrKurjDi2oNOz/Y+LO7EXtny5m7THi71jAAbb4X7trxfcujzLzMzjYiQgjD3KrTlG5IEHg6fBiNE26xRvcZ+XFu+tXEN4KbmYityenw+4uYyZi8RbgY7wu1BlDLJgGrgmF+Vz3fSnq6ovpWbaoQTTO77knHl2IR8/0qYjYh4BmNwlrnLelxegqa381/Ntj1pOeXf2SZFK7V1DOIxSZqIRz5mugFjdHJBcofxKf+VMRCm+MQpS1Hw1K/QrPWg4atF/qo/EXMwBYiEz+XhrxZ0BVsp6nzD8nd9Jdcp/rvz3x3b+ZodU1TB5dRwPlguTP47XH/58fPwBwlyimgHOWJrdYe8S5F89XEgi4MWHUM1BTSM2PY0iHVKPmpzOq2QWPUVJLO2tMu+amJr6lwVrmfsfW50urGXlql5ImMh0AMauYD8kqn3RY9g1X1IEJpPTETx5ek4KsRo5XeL11Zi8Mg3x9Tm9+NzddRCqKs5X9zoFg0duPKHmj5p9TNGhOtEalxDGoxnnxyo4JlWJQFcdtsSexHqVeZzXtVidHaM3EpVVBB0Fy1lGxgqeU6Ijhi/mcXjh/+iDTe0jM9Ao2cPKyisROB95H1svpWOWAzbi5Im0ylYTuFfJ3KkyhFWkDBJpGUQTrLDc07L7v8+HapFd6sLmmepXS/cQcannGsjOco6x/w1M+gdY6r84PL2eZe+1bom0uFAF68krjxp4ax9pCEdfHs8oSa+MMnLJObyNen0j9tai87cM5MIWbYPnnMLu/e69XdZnw6PVZ+JAkqlem5Y1BwuywVeVcj8f3heN1tsRY+V62MBiAVRImslMr0Q557LubLxfNm0lxjQ+uNSFigCzWbfd4c7g6umOQ61MVasO9cDWttdFzmgi1M0n0naHUozTHuVkYNptb6NEULg3tmNMQadnw6D1uajKh0l8MsKngu+YAt07O55NLrfcy4qSwMYvkwVR3iv5zXNurf15SsGTfVZgYFxFA7NVB5JFixasQfUMe3SHc5yYvdrbFm4b70mvMv2F8NNQKQ0YQo5j0eSTeJeEgVtNnL9yl2lRtdBmFPLP3CUNRdYuYePHHUuy7NSsTAukRB9IONhue9UnJ9t39Erqs3gp9YUdA33BZOfMbh7VeTFO7H3MpJjkZ89JMRooKjgxi30lFfRWzDqwIDwKUBZqITa/cUHfW+Y+sHXeV2kzx8NLosTy+uDRiEvs6TtZuKEHckXUr8xDyR5uwozMIpEMA2Iq+DSmjJ5iC8YtYv9x0/MPmm5nF/3YmtIkxzbpF5lLNPK5qXGG8NboiA5uo8Z25v9wSct2CDrD0xalRhFKK9VAZ2Ynn3u363YqzJorzWeVM1hVfDIUgJFhz1Xw42/TBc+PLukWQOz4sXPvCx6WkBzAW1ZPz5ofbfjvO4qEA2InmU9Cjg+sy536OMi3lk/l59iuBw1fOkzNEfdxrblsu7y2gt0+vuB+6hvuUANoovfObe7b1ZdOacafBoIHj0h0UNuM8dyFjtMeH3/P9VnsDp5zFz0WczH33V9OsFM/nWCLZCFiNRca9nQf2me1p/XgYZiPZJ5MpWYt39E5wYFKuJ5nPzVxEAvqdwiqc3YNAaZzp60sEl2CUwnvmxvIK4AIGp03qksVZHm01irPJS9YySef9r0W1hg7fL2LE4SN/xZBSSxPXfb0WvHYlbskmtG/khS4Q3uOnE/qdJprXcpxTgibMd/r2a5zoJGf5A+ZDFQfcmEn/nSBZQ84YvjxLXrm92tNpYdzZDdrXuI6N5B58HjdX+klalvqdi0b5pG1ylF5nHfPNCozrnHCuc/Kmos/HaW+lWdqwk4+kBdUVbmsFW0X4puntD29ZJDan3kNYT5DkSefkA+VPt4lbM9BTba82E3L/QYMzY7zmDi3fRAGaU/9C8aQezphzEb8RxoGsSAxXHDxhkKCu+tb/RXt5dZKfj4pR6dDsEJryJEiyYZqU+RW+hXWuuBerMGpMtjQFz0xBwQYukbNtWw08my9JUQ1FcCqe6KE8gNbANPSORzOMj1zk4YerFLcSqki0X/5Y3kjYurac91P1yl/mccOPa0AJermgb5B7yLMXCN0tCd73TGhbAs8J68YWBTtH6GoU7hbQN4QRwkhjUcTQfG/g+s/P7BDD0Q7s9yjeKr3zpMS8SPGa7tSSK06z7xOGZJObDsSQHFd/tN9PWDkBX4oiDPM1z0lomDcXboxni58cO6Ms2qsy/Yqc+rE1OS5+wleEhCzk3GA5cd23Xb7oGKB2O5Dlf7lRTN+iqP9H7TsOTKrM0sj/jypZiULVdgYNh4DBAhGGZaEyvlgWrxODIg5hKkP/UDpR9IwekkNPhpCXGeW/acPa5zo1CvCeJgORMoo/S6TKCJhVC7+Qx/wnfeCOjOIP+wImYBaTZaqWfZO50dT+mqtm8Vjgczp+p9Ws9NouiA7miuib9z8vaYSzOy6eJOG0PVxIOZw1KkC6obTrOKUfIAVRT7gZLzHKXdG8/14w1+JvOtbGnnt9eNE9yz3AxoKkR/qlWo9+vhf5FM7ZvIiIXPhIajsbYJI2h9Bq5RZjTT+vdIAxHVb1vRyqA1JCc12DUNlRy50HSpV20CHQZMd8gHMrlOLj2QiTIJjd9/Rt5l91/AUhPMR7+gpSf6CH6+ZTVJHG1CLSH4onwyiE1IV2Auh2jDf0Y2mpIiZcjIwIRCRig6Msfyj1hlTs1InogMi41D+P11qaYKcQGOf3OGwJJLoY2AavniK83WxWWs/Ry7wu1PJozfo3rNm1j7O3+CbRHsQf1idCuc0Q5FjemO62soqy02zbAc603M2sy+H1Y8QOwhDjrW9aQSfyXJGy8l3P9i0nLjzbx6g55ZQesNrl8Wl7eOf3AtknUL6Nm4AQ/pg1/t+mKR86vpx6Zgnyncbg1Jf4rLMuzg+STrwZx/qnJNObwji++uy2fK8ZxaVNz7qrBjVCguq7ZUNlMN2PdGU7aozkx/t7iMYNT3ZJoepaamZxvZBCO+nOKJPgU4XYNdElPX3YPHFADLHvidOvDwPQPXhE6yFlE/GeKwdj6qlmhstV1jxHiW7g44GZlZTc0tw3ERhUit3X30676R1czJcX+lcaTENPipj/PoJGdq6ydRYx0xBf8WBbfpRrlwNtxP6g1Ia4hoC3u/ZoU518YKTmQPibYLd8B90BqJTPqDDf5aoH8UdVlfGFS3f4dmHqqdyh+LXjgdP/6E7bLebhIvM0BKxTP4VbKihHuAr7eC2MPhovPXk0/g9FUUhWQ6VGfov7+JYv5/Ofayhmwl4eTXb7qKCvN2P7ZMJvTVC1nfrwCDCPQNc8kw/VON4qK01R1FX47guxe26X33DOqU5pNbiFEJZr5pcsIXlIIRLmaobTadPS3rYzVbnQNcD42tJrzMvcSJ/5B+/0dxWbUz13g3wuRllXYY/YExZkiSdJHwBBLW+KGZOCyNwqpCY7cDFN4YjxUYd4Z0DjML8u4juJ5aKk+zblsmr331WJogqlaySjYdE+FNlKWOg/syspE/epWWJsdt/B9YbLVUfKe0XGR8Q/6ATKYSDJ/8y0CU4eHF50ef2NP0OQYF3juovb/jnfvO3CHLENwt8sf6kN3byzvhsxEpzk344owwaZk8NOiRSnhNO8HMhYnkztbM3tnjydwnBODgt7FfQkOvh+xLL65p1eBe2/OvjOAmZqzeZsZYnEMZRzTv9RSDtmtuoMg+8K81iGhoiy69m6c3PyYFqkx9dEWn32TDWtWO2Jb5U76IkMp64P2FUm/nHWfnecg1hdx15VU34fCJIZC0z3BfFjps35hCJ1Y1YFhqDCGAg9SBWKC/eGDER6OZ6G2GJGjXSoSAq+CAIo3ra/5TAWr6DCOua88iozmrgvNryGiPe6aSyEvmuUgkwDdJtYH1rpaXoBd0nOaFcQ4xvrqWXL9VthWKrQ5/TW4UckqznWSc1VZlM8VS8WLkA6InoHEDrjOVRgVsGvu2KW1IXNhmBy+jeX+DNwU+bBpc03qHqbllXM75ebG6QDnWNLB4IX9wWRmN1imfcCBlEXO973cDXO7DlUClHIs4L9h1zEbl15ikwIkQRnup1/NLthCfdWnrAtImd0lX7cpe4cc2fj54mmze2ZSA6tZmV6rDgZF+jKGBKJ3fAGS2LCXYcGxMrzi4sLJRqMbfKwVTMB/flPxKfGo9uTMI3rhKWOXmd6eQricerL/tMlTIeuuzfJNNARVNEYNCgsGvKf1RVnkWMxY9c1c7yYCx8YL/0EEiUMlzKQwwRoZ5OjTB+l0cvBh6zBCostkSxqxNg8P6MMNh7wVDw0H3RfGmHBrL9pmPE/74LHypN3uegN9sQNKZ8MM0ZqnU8dKiqam28kvcpqzb12Xb47MmEJ1ovN8UX1W4ruO51nc97l3eV/uLuGcj5vsUo+Wcd+OcOlZnCJMdPEU6Hy13P3EjT/ksblRB54gr9PuJCUo4rccBgpaPlWsqEv07DnFEhKfl4XLCaCGxZoLZI7idPSnY7/AGrYy4S+wVRqxHEES8fB7Rccb2o3GWf4wPAVrcsuFlOxG895D0QWgaXQMvTFJENT+d3V4mFma+qJ9nHBMpqMa66Et5OL63eXBy/eq6uu1tPqU7AnX4c2o5rABDYI/vUtRHaNnSlIkwOAW62FxUWWXgKSnDGF9kMDjJL179PloOZhBQKEjDZi6k30sM3hnq8PUDlqKcadYR5hhT5N4G6o8mmwhyNPJYS9gtF8d/Jaiu5McS6Jb95ZgkYrTv8Cnjj2zsxSYuXWzUOMb13ymIln7y6eCSmAtH5zkShtaaovHTmi4oTGr5j9XvpW3f/HObQo0wO3hgx2vbmAC7LURT0mmvFpRHhs9ghKXCzQXCfPcpHnGtzsLwRmJ5P4mdNBd1lXCSm1p9KMHAhR2w5tAXMaEFe8tSmIK9FEhxyiwadTZt87zrHOn0fzn2r/D64oBDWpdLp4IP3QlfGwDq1YU+uiMPfteeEeZG5WR7TjinNrggK66VeqFNS35vdAVaF8LsyQsahvOPqwC+E2r9jbvcG5jj9zpZnr3Y1PSAsqaFBbFuVTL8JMNF7b5/OSRlbB2dXxWZ6Jo46nCizPCGR/3LDtXdSLqNbuyykFyOrrC8TfAZJcIjWGQV4rVF/mva2do2/qF+q19KJViAbRdAwcGoOoDZPnY/jJG/NsRbcabZ+u3c3c59bckKE40MXGhGkb7Qt6pDcmClA3upUIEfIGDLrox1iQ/e9ryCXi1THedLEnxp/B8Cm41XdIL4YKkWx38VTRg6GeJL3WEG5evEOTwqC4tna971LdrTdjurfIf+epf/4soo74482hV8/EyGszdmAtZC6G/cRN4RZI7LF5d7DIhW7pNvBoZ1OyCP+Ty7qtamIqGLqw6cBnt1nRr9ZnQIKv/33Vza3Zms2GBV8BuS6Ydgbzgm0AkcScJWNOtA9PjextKqz6MyseZehFgEDR+w3orJyegHyB2VK/vLr3Q9E7nxQqfyiKU7H6hpj99O+sElnYgPV/hIp8QtGh9Kem7xcQEqWpA/RZMY23Ho7uSsrKlj0Eyo8yAVhqRQFnyyDMJaM0/jt0JsD2WF3xwxCsMKCrdrEmpvgmQsZlWe8zq+njMo2u10b7Su5wmddYtjNlfjRYH/3K8CNG48ZEo1y5/kTUoCKx9h2SMBbuy99mV3Wpu2J1lJISKMxAR8Fe06qDs0nJeOIVlZcnTh//lBuTa3TFe673DOpLjN59Iau1jmpK1lmiQivHfMr9Wn8Ihu0mf9ZWaTX+h4tqKsWkRy9sKnzxtyAEWWOd5+Aa30neooul0ApD7FQaObmVCzPZfXJkQkyPcVF7Tq9jR0bRr1TI9/0cpXA78hZACmSN2xEt0HTEEbRz13/bhBScGJFZ0pBPuZcAzl2s1Tofz0f+o8PdsvGDEjBR3pYyTq3pBDip+i97Yu558S2LycM4K1D1SBT1ITsKitzjbq//HBIdyLubDkyHqdUXq8XOgE/m1wrEY3JqHmMzEB0NJDTl4o27HU1VEex/iiEJNoRXY03U7+JRTmEYf+xxGh8zjWESj4/9yHpzva3WxY+JOE0cTLMTefuf5rmJ0EqMf4Fwf4oryDEo1JuvodiZNTwYlkqP745nX8z7kNbxYa3bltDZ2spPsbYJ32s3M6euZpHDbcT0uwYVSrm3C+z7H/HxPaNmDATxsSn33dJJWO/9PQEhir+5Zl7w7TNyVcNShi2obTJIQ8jRrV7yIxhfGrNhc6ii8XhXeXgqUpwVFA/nOdcWHQFxZWEaFT80WpNEnSpJCskgqLrK+IqvFxDRusPAot6OlsdabWn0X3eZ91yY1RcRBPqxVu34tOWRhZF4xUWBstbF6XEzyUCWzOUTwezKP318OBgskFU+vf389Mgtv5iHwaeCJ+9sjcRxOS8UV4lnJ4uScfXGOBa+0gKU/us1n8ET+/b/Pem1/8+i9MbZ7HjveRwZ7Hs7oAvoq9A/9iviqFyXeFexpmm8C690TEWftGk0Lv+LEZnmVCrlqqTGLHCGuk3JkTYpSmqHlQ+70QWUD29JKANS/1O1Jd5wP6Vs8pgL9fR9ub+zI3KefnLvNNsSy8coPwRHimjI/7CXYYx37SHULilgFQsS0l0NNfuwh9cxXbgzKdKiNkyo9iLqEc4rv43bDxFoaUmK/BgRH+arDKO3OUPS4egKxvDOZ5qUU6Kht2onVYl/xudJOid/N3Szf5N9ZXJ24NVrl6Exf3nFlC3esEjl4iu+JbYfzjWtgWysJSwUTKgkTWLjNNJCyMjpNA5XyM741omrmQhvGJ+mtXy/oCIe1WnJ6CFvNYKtNAhxC1Pv9FQP75MqO9O6qnTC167VvciDUp/2Expnn/SWlNSrLmzExBEE1HHiO88WgmcLBMlZzJo6AwD8nkqMQdYzfjWLJ6vaRjlNbq2GQfWp5YaH3Yjg3TMkvmOtOifQgRDJjkH4O9EDLG9j1ATwQm2Ldwewlyp+1sHc+LnwRRc2V5VDmsdMJBIfXWUsB9dY3+vwJ31ut+UkqSbjHQ+OHg4xu+pnLc0cFQ7khGqsCQ+Vfj0ltVestKEHHBMD9JxDdKOFaQAt5bHBvqc7IMre01WM13cEXTOgAB470n+usJ3BVaM2cnmTeraym0gHbU9Sjshs7Eq+6GT4WphLaXUNzFQwtYnmdhHrQ0sd/yg8rXNTnjkjqlAhkh0emrNnk4cp2Hx0JDOQmSCn2tIZzpApo9eM9QNVcHIYOwB/sHBEVdL2MnC09iR7IDaGHFSjg79wojz37NO6Y3xr373iSbQKzN3d+Jg8AvQDV5c1HXFXLnznZ+lPb0lpLGjxH4dQgUDXnzgiwxP20a0sd/8/7GmUHNpdKJZSVUJE0jOkjUXm5/ugLJyBNz2chRCd5bEToFe3aickLPKt8jbfV6JN41rQ9fcUjNArdXI+XLmA0feIdHm2GLzbIWpcEuLoHwPes20g7+GZ7sQuu2s3AHI0Tn54ijV8PRzIQCbKuO5ZPHqfE/BsEUP0CAqo5fO6yUy053GQh3rwubvSKmlD+U/BcsJD8b/5i3Zv4U50jcwx1YX9wbHAs7shBzSVxE+uSFg32+tArv68iRsO9b7uOx0UnBxcbJy0cvAif1FUOWlvwxfsRfdhCgrsrVMlxrV3Z3/bWYJAPneRx/qzMJXD9QmjSvk7tBfxCvpLMOWg2lLgTEV4VtzAGt3cIDXYr9Jehtu+L32xYJaE8O6xRuT4KyMgKz87VdH4zwoGeHBfax8CrxTey0Oxr/ZK5Vr/U38PpAZ9YLQRxcnDQxluMzapylC0H3uT3FglQ3lOidULURYUbpQOynY/52KsrS3KrZnYmrqn46trw51OUxBzOx7W/cx9WEXyn0kpT/LoTER0+0elMSR0FknMEDsTOJ3+St7vBQp0+NXEzMv8Wp1MQ49ZE7p2eXJPDAwdmVIsDgXPk2MchGCcxuCnJHCQQilZUBHZw4RSCkoZL94bBXu7SmTXvHoAVpnMgUyWDPNNWKSZToByzkj5QfqV0xUY+RYyPh5y6znNmmDhtdTxP/UoxJUym4nWaNdOipCD6EF1FLwvJCw6/MsJtMdt1f9pV+OzBDfqjbztxJn+8/E6dpQyJi52xNBwe9AF7TyU/cVqWzNPsRc6T5CvV2NF3sft+KQC7gl843rCH+rklZvmuQZHMztw7ArG2GTN30048uLoVljeamtsohZsr4XqtNRJw7n7hqyKpNAcSpuT1OFzVL0WzNWs/ow5dbye1thRkfETTS07los5+xqifVCB878NFZ97BAeQAnzHim4VWkOmkxHeLa3kHMbzlOH9DyR//RVLUsWUjmo8qh2UNwHNCXMp5devrFWYRTPXAWsEUYhKk2DgfOjLdCunms9t7HKwrNZzt3n/rcgmdwGJMuCbcgnc0uKIUNfT72P8/mX2+n/LZ+UeIqNMA+aH7Nhx4mrKsOgY7TIznqpCgcb8fJGQM6G2akzRcBRVVYG5GSYI9lTZfJQFNfpb4onRZLRehBXmwTxToHxT6fTY5nBVnVepxBTo7mafJpLJ2BswlyjtUsI1YXsNrcT57FTyG5ltAN/4fby39eYJ1Q25nIv7TbPSAK5XANG1wPjUmSuhtOFM48mRIW0pAld/JldM93wgCoDDQLA3xH7M7sABwJPci9wsnT6BcE0kCoFvtZ1QeSyppdFD+GP3LBUEKBLN1VukThXAeyjfQPqrK4kFZEs/QxrZ1hoFNkMNy8HjJSB4YhO2ljAmOPY2MulXan1pY+ELTtG+RmOPylv02wIiqs4qKMvZHYzyCRcqPNzPV65mvBvenY0xc2z6qd53R/Ns/4vCZ4wY+ASU1ZCEsevJsj/rYr6cKOi5jn9vJyATaa7i9Scex8n9j66WIhFCDJE/YeuwETyBAAAjWQM5ylBv0/ODuKXXHvmijPM99JzrrjOXlFBXPU9gphtd/LNW6oX16f+5RlKvWkhFko0T+TTZKg5hvIwjNzps7nDn7S1fmzP2M5o1oG0ik3vENylOFURtkheWrE+i989VenujF+yqd0OU9Chtpap5+TIhDNG88Ch1iMdslE+Ms5pgwqoS9yWPrqOV5EQxSof3lYflG7XU16waflMymnxo0+02C+vjv6XizT/82N7cWMI9LSov/G0x8dtQ/cNa5PDr5R/VvfsnNgOWJ6UXirUIFD+pbMyT2jrh59JpNpSLrlM5al5KcA6l2g9oNWuUEqmy44aEmdvI8fD6+Z3HEeJRa4OxAIROHW3jqM4jvoO8PJcFCe/GOfYSEqsvO7cLDL/8ONNu7pJ02HVYiCHuvX3z49Gm51zdelR3HaI73qlpZBOTxPJ2mkKYx154HoWBVsRPJcS3dcoveHuSY4id5W+5UvzTqcQr5KfGYQkb8Jfd0geJ0XqBwTt/zsBcTLjZ4utuXGfJB/wk7lNbJWd2Pkf+qUjYjYlE5lwt5DH1NLsfGITtKG6y7OIrkTuurNM2AfVLK9whPu5Q9rVY4xggW+rKzURoxnO/OPB9VDXkA6B3rvZ7MSKoQB+7SOzmhcjYR2xrFDHzokPGeJf/H33zBu9BnaUFFsa63gZ4XY65/cx5j3KoRzZQRpGh5oOoG44aDKqYWNteDAMxvWAexUzu5oSx+sUsyr4oGaKk1rd5lDi0SupkQ0NMZnlDsobIGzr0eK/1Usu/uwlvQV8wwIzd2dhL1HZdkNmysVVUeP1Q9tHb1a+HClTF0ceoc5IHwgyu2s4l59/z8Jo1Vue5e+75n2w6JGw2SbdgXb2wjbMKeHd1pXBc+Hos6kCRnUlWie4Tr28NRxWz+PcJUxxNptndUn9ZU350JNlWgFT+tQQdWzaVSphZGpJNKYmzuXRZ06PuSZsaidVQGUMYfmbHCEEwIrJ6RgQUHaxZyAFZtXZaziXYqXhtWakE9xv1KntFQO+RGhLd3pOBej4NxXtT4WsnnYXy1J49HdK5m9qGyXz/tkN0uJ16t1WV5WIi14xTlepEzu/SHiSs0aae1NiMwxLnRlQKwV9n30sE4338cJS5ocKWiwPWeROUGRbM2BrEyrz+bGvMRt+kH2Y+hj3ZisLH28jEcQaluWYpji1JFVbF3Xlm5nx0lmFcMbwJS0z0MjmC+98lTu3M0xT0OLvjF6Upm/v0Ed4ynIKSJ1DCpysp1DU1HOIFniTEJubnhHBmIlzOD3+2OD0eLYl11lsAC3wBSFWs4bKY4LJoKWzBVs3z/zYar5a/r/RSZFb/2ogYVs1Y95KmKqG+UOBcyKZ5xPh9373lnSVKmRIYIDpX47IEQd8ZPJzW79wZ1j+kQhLJSYH15h5mac9Vo6uyG//7B8VHIxJMlrEpOOwHfPVeqrKjfz6k8YUB5jvOnV2NQ4qJHD9IiOnqfc6yKba2pyHBGKmiWKnTJwNIOr+WWzuXwIh9Z4vhX8IcW/gQc93g+dzc0JHs0CgDACVYJNWEerZOk3pFyw26cF4/e5gwMo0JafBWL3aF7XGKSFZ+gbldQHgQpiBwWg/8P1fRBkFkChFYYTsPt11+nTu8a7PFnKxARJJqghqTn6LiwPSWzL+g7nC1uY8TclstdWc7tuhFldpjUVfOGcwYRXPOOqxcExCxCS4HrPKKSupLsK4cBgSY+yneYwUPcitr9Qi4piOFrDhxFZxU40YcWIm6fQZpdYcozNURmByxpSIyd7Rju1Pbi4JU7eiX4BtL49ZXrBkOObFhIB3UgkILxR4w7cwTAvCskEbLE3nYeQITnT4WAagk2Wynh887UK/j/DJhjRLtKWtat8cFftbbeXcRlsxcS27dTlDL/CwsGe7EuveONb7119ET5yDvZuR2KzxdqZ0cMye2KafaclJN7jQks946UHorVWLXdl4CCExMmnlrHgjMl128jfHwtoL4ndyQEkQK2yodslSz1jx229GyO/tCS4xVI4/ppktSXGLIOxCbvmnhGd0HPmEs9lIFS3nILoXd1y8/eopKKEyGu5j0HNbPVWhw5j8sEIZgC26LN5Ry1VzWkjSIfKemhsxseGGfmC2I1m91SjSF+XZ9809V2AWTC5Yl8ixs53j6iwLDyVc/MndX7gB/PftgvRPiWzAFEmXtDEVK/hi34N7IdZS6r2/+3yZGbjNm094BTxSDISQTdLi3tkrHp4n3Nwp7miToNdSKqRalH4nQplaqkG9k/mjRI43pH3eL7iv++ZkORgICOp23PdNjLfhHOeLmk2gO/DgMbKzUU2Gn8C+ep/em4zwlR5esaaRcGqWUyCdTqehhIyR2KOJVK1bPmO6rbJNTTp5moawD/I9CD+N0WplYNxRisMaR7chKZ+YHQbv0ImBd76LpsChSI76gTGFzTNiQrLvta1K5Yf//3+2X8A3vY8QEto0r5dWF7TiAbmKF7TeVfu31Kx0mZa1DpSb3S88YB14Kio4gzHcPCBP49iD2zO8UKP9/9DToEGwSF+xqEn9cs5McB9w1ltBBFuP0Ymass5zVwJATssl9/TLudRsH3UUfSDD2W2F4J08La0JxPYZG4V3nW4YFKUIZopMfYeOXQFB0uNNryWEm1M52kNZnKsYHEs2+EdH0zsICjnUoTvYj6mhvhdr+BFMxv6vjoodc0sKt27WzDRJlC1SaR046WTrfDlLn4Czi+1t6KisqQ2Og4k4Xfh/yWO6PlZJ4XyNokYTPSjVy9BZ17nyEDpH3TI3x4k0JMiyhr5xQqziDnAeVKt4WSjHiBzaMbZ5G2XaNMJyz6rxuwrEctElqgy3L8UAGy91FjE5DOf4dc39dPGa/U0T0anNG8OjmC8EJskU7epiFkU/WLKXM5QkR8Xl8eMrGit+oDeFbmx1fWPvGPjNU4b0j4JR8XtT+MG111m8enYtPpwNbqy5WwbQWkkWtuBT6HN8vvuBUw4Oby2e19SVZv1CW27yUd/oxk91heXEpvzzQc+J7d2KJ16PX63P5ZpxCAWgM+6NBmb01KkG3RyjSQe8Zi0//7YSbCmp6yba0So7N4qNtVKA+dzEAham/2GF5YecHGUrkRe1iYJ6/hyEUObHQ7Suvkt6OAbU1DpGdRmqKaZtOGFdE6KZp7D6A6nGnjSZi/m+FpTNp1xmN4yw+sQxS0lje3Cn/j80MMe6JIZzJDf7HQUkjv9F4Zqczg9nza69iFzFwmvxq+jQnBted2suh2IuCr/qpgdg+lLaQoL7+tu1yZ60P+X9G94MIClZ1+kP3dUsshzOFq2Tp0/DvMK/N3NOiKPaoknPjq8tg3G/kn86P/Nv+c2WgT7gWI7B5+0nUi/+DyUM7H2MHOx9HPWFmHGQjIO/KySdVVIsqexlBcF2c+NzK/kZgMjWFP/1kCJ02AxMGZjB7bYp6yFXKCHzTbDGEMQy1xxoc6uOKpoe4ZYsIoGd4mTpxYgfP8LOADQ9oSRKmosZU9eelLZiL5/66MjVwbqmZctEEjKtsNVkRjqlWvkJX5rxtbFjWWF74iqLr4cHRy1I0iIwlajgUM/82ew2zHWi5v9Ul1O3bJEcLt6ufL641E7K4X1YoP5yLfgYFMWrK/OWXK8pjTRtilqBix9HhxOaU5XTv/0NXCw8rkKf1ocGn0UKnt6Qam+QflXg8d0l+xDszCMZoHaQNof6kVlt7DlTtFVRFbpnMqKzgTVb3RAxEP8GHJ5JMTGCdWbQIoF/+pbIfc03RQKfM1IKR3KVo3srG429gmQ2YEnysjcs6OyJ3A+fTisdkKAuLnQx/2jyUX4GB2+jzP0oIRW/SwW2yqpJQDJ+zIpvAWySSubzVeKYA7zPGJ2rjcD224NiPDyuQSPNyffuYMjMiPhW5vcMUs6IqyPpkQI5giFZG6hYPkmbtTyq8u9bHuqBjZPTwBC4oeKEAn8EJbZGnPMEFKoVC2LKDvJrSh1KAzxW0etrF6oXJmHmyMG89Q6pT/QiCMVwMvbq+f8+iZ0u/5QdnFoaf357lBAf2zPRF3zKxeCS3ZW4t08r/rJ1ifI6E+ut2wFPGpLA9LfVTDPyL1+Ax7+0/S62AmT3CxiSY8hpNBrOhXCgHSA9tnEWLg9czp+HtMqVFJeB8sCBORnM+n5BDoDtwtE9sP4uiTEG9FkpJbtYuiOsN3+liEA1JCKNbzijZTg58nTOnTHWZQX9pttFjZqGytpR5L6IoQc61IHaDv+xpDdgLwXAUHywMxGKSz7svJoOA0FniBnzNlNyQki9jcCVEiIClOZ8TFP/eZUtAxXjKQ7rM4Gz9QmfcCUgHO9mnSRnXMugoNaddnBpGbHaRLQ83li/9njGdgq1ZKdUsWxK6jRkOYT0e/DK+ryep4IHw+DVM1zwn1fWZ5eDG17Kk0YnmsU0rPrXcdGRfb9CXQp+Updd9hpN/0MkI8069JaxT/Hllp7OD1/BEUiCx8Q+WUau+3cyCJoOp6VUGBDPKglROhQ5U0RMpNRg5wNFejq7u6vTaq5G1JzNkUHgZsaFuHOeE2oV6b8+Kff8i/dtB+dY4MHvrzY1zVVERRo7GKY0R3OfECoq+uSt9kAfjuzRSRNX+pwO3obV78EOdg5lp1NnncDBMhxmlgeSUlD4jR45M9qfFaI2JFfUGJqtO3zeZ3uqFlt606fAnViPjbgcEb8J8mssFg1ALZS7p9oYL6/OqL//oSafllY/11ZGjA6Z4va3vGpJIOVZ8c9XTxxMuzco719nHT5LszyVos7+Q/Bf7kX+1ZmVNjpzIvur7sYtLrQHgBd7n7AHGB8X2H0lws5V0UZi6qoYdab9g1F5JfDLkQLckc4wyg+0ZKwV2HhWb+CuEU4GQa598fQ9WMcL6dVZ/XyqZrp4vgI3hM7gFoWU+/2HMCbvoPLt/icBmmMtWbvO3/3khhE3c+/cRnB2Tdq66TdJ5USFKfm/7DHKRXSWWF+4Py4bQbvmYmOF+T9P9Z0K8NPgWRUb8+CWRoCBg7nJ+tPjH6r59aI6FaWVYNz3O61S5TCk6VC+0i2l31TcGaYZBKktMKkHOwN63lpB+DWkmlNN4yy8fxitMY3m15jLfnk1+/SbujGLkpPP/c9CHil/jV3nfRtHafFcdWdazMGNRn4Y85Blx18Pw526WwamYDv8my7C3r213rBsEHE63/lF4rRDbvmFhEt7YMtZ1tF6icHOUI/BXJP3Ssw9C+0eFo1DRpR6USDLH8khPL2i4alffiDi0hJmEY9mDjnWq0fFBE+WlQi6lBbzNL1QMG2bNJ5+z3gvOSFZA+F4ILgqfWnb+W1R5ATeE8LNHN6LlTicmXMtPuY+rbdSrKLtg7kF2Hvqhn3PO5MsXJdfh5Lv3p4sD6pKmhLjWgponpy+pN/cW64WW8vJoZkGzryXK78i/SPL7j92Im5qHJLYPOO0YIKN7XFI216FqplnBH2tHaLzb4iFDUA+iaLD3EIb61rEteqqIjlkrVDTHIGu1THUchb03t86RPbD4l1SagpuuSUlQrgYE3Jtr6qTKYe820yaamdPnMN7YYF6qq0ggws+76xvdWTUmHkBE7GKHGiruZiZooUygDqcGJYo2wj8fOmrMgYQrO/tj5wlkVVEdNBDwlSsgJJnflxGYevH7kOfofoDnt2J/lj9e9rYK7dUlR5OoJWY+AP3uNaVa+RWqStZyMmycq9ZFepI9jZfDfa0iearXo7pa/FwshxiNK7HgZa3BI89myYT09qv9D3/MNFcE9kvIPTSo7ptzxZA7Gw/YCo/7PBFJHvua0urPkItylivGeOCB7vCear+97PO3LleTU99nlaEr3HvC5kqslvRDhWsFpsA1rpZUuqV6w5iBjN+K284zFrB10Gr9FKTDNyPt4P8ANEFv6LlupdDq2+d/TTqiv7I0QkdaLiLbNSIvSI/2jilhTp+JXUOeO3Ts/YU0uKPiWmRaa1Quk1x3WRmEE0xNGSSMuBRW9YcQtNcLknFNN40MWkLbU7S/VMfzuyG9r0mD0TVlkE6FOM7Mgzxp1z05tRWuaSGFDqjI1u3xGbdSnfQhaHl4FDZH5TQySwfrHTGe5Bc0fb3RQ9y2fCgZRDcwH9nPf3A89CcpxSPYFlwub0b0reaVWn4yTWU7up1t+xynwfPl8Sh+dmcHXhSsiRNe/hIlDTA1b8T6RbQI/FsKIytMd7KrQulYr5pnKVjmyOpZMUdLbLgzHAT/tqKfvVSJY2kuITBJOlmus3gWw7c5rEqlb6At56cDEbwq+tXU2mTlFnF8Rx9OElN3r8rv5amWb6Dn1XyrvNxJ7MD486guH/eVRv65dXC+qTzrYpY8C1K0KJHbA2L/O2tBWuNfaatr9xRFuNr1S7tp7XSTvkE7Vy5rjuzXs9Z2VL4VIZu4r/WsxxiqsybMH+WVncfZY/+FXA/eWgjxvW0hHzIVlh0H2w6mH3zZJwtxHEwW+f3i3u2HY2LkBA73fahDeqvhEh0aLFZWZQyVLGTS59PuYJcK54qo2GAzKFvwKhZrxzkwDdx5UAsa5YsG50pM3W2uCNXDWqUFoprDJ/GnUUH16qHkFu3t8KMTqUNm2y7aKH8EL7GEjmmPUqW2m8c9KjtbuRf0qrCr+1yOd9iDYYKNQ3NIhH+kMSfpgVTY2PRpcbnnSjtgSz98JWOfFJyhrryaHUuv09He40Ake/BQaR3ZCtt9os1p4MXbg8dJDlNXbi/MoYR1EUurynbHhpucq8fQvTxZuts9OfieX+as/ifPS7GYvTHSOMPMS4DFshPUpyT5kazT2aiqlqWO9cDhb+hTygpRw6nfIKL67+rnXV1gQ8ujbPd9QtddHjc4msVul7EEx+N5i7z0vgc5L3ZL0/4hYLxIttjhvgx+rI1Ii2tYS6uLGx+NGjyYINTVNC8FulVjd/epzPsHGRA+FcBWoO1vOkwobyT77Y6JK41/R2vj5WcOdxGy9/9expUmf8dSioRLJdZtjGedxyb5fXohlCXb7yc6ulctRyxeB4nhUiiTMhaIYNM5qoOyxduWu7/tOZMb3yxNvoHfbF+6yiNr8SbEENsqy78tBLZEETFf0JPUoowrjTRzayztnoCbN66RV9e1FtS+WwPZWpRC1kvv+DvL0g7YUAvY8sGcZL8kSXk57qNiJkthzT99QcbG44GL8QIHs/dW9XxDI6aQTmsh/+wf86b5X8WScszXr0vKXqO1dZ4xG3hOT2VrblyeXVQ2n5S6YxqIp1tIj6xpsCmfApLoow+p+v7E27nIOcejD+JFpuWbzwNpjXsTR37jsHVMleUK/9MLq3nQyP18xVNuJdnXTicgeZJmj/GDmXs+SvX1TU/r6u/2orf37Q8aXCA+vLdgaSXr66fiV3plpi0v/TaDhdz733896CfMrlJqfmTay/VuK1RyDh/PvVsGnz2+sZFOiZnEWc/tay0VFVY8Rpt8BukfTyKy7riuweMI9whVEG9JNB0RB/dYMl70SvlC5RDmQuiLgWRjY6JD1/dTulg72kUv6QAS6xpOu+x7Qb5b8vktuT9e/ZRfqAmPPqHiHHIb8y9ZarVQ82c/nIF3qtcbsPmVHx4w9Kg8jF8Fz7cc2ePJdb/yQUZg6zBQCaG9HxoteG8Zqu8F32Ra//nZeRQVoL2LNYf2ai6OKV+jtUz9qEWXFo3elvLpfhcGWbTcjk06s1uV61J+7IpxER0qFZJxGqCASV8cAlVoAB2DNOZXrg7xt3xFRXVTTL0HBgZ5e4KKKlaKFh4ika9nePQpPs220pwlynrNI9HX7+jL95PaFoohKJqVeZcnlpknK5WCCV/GT+EmGl49dkao+oGWrXJSwVTdenJhDCpH9axoLyrzw0q/MPAm2e68m0+IYwX3bN16RwLn6xacqajpd5MSza+5+yMR1oaf+Zx0MJxTKG/llIYZLr0wRXxHHZint2heRu7/VR986vr8ZSsL5LDyUc2A/RfzZkb3S15+ru4fHnZtqqTvPLxj5HEbF49m1SixW/shB/OHAqSjmtuRA5tHxd1B9WSJixKeOvT2SLvb1/MqLwSpCvbfubyfvaxybjo3V4iZoE3zDZ/+H23jMSu3/Zf3h23W+YLQGrvhAwx65ok+53MuRd3nh1R0d8lWJqmUd7O/ID7YxrwWh9neUUVtQUN3PMsZpZxpxP7Oj/zY6jqgV+4NwuV3pC3qbsGWxh2TSRMNhchfyoed0I+nzAoI/bjBk1RE0qrrMhrN3PTpXGFXokVsqwriUsyrJYGtLH5mJ4oYEU2v7DXng8NXvJyNyNzqS80az6lSgZS8Y31cUQsUc8hVzR9UvlAjo9xeNfwcN0zrWt5g1nWOxuqAEVNN84Jf1CPHoAob9p5TRbUGJjIMZ14XF0JVq2OPu/A7yoVMwYHRDiSBASPxChtws3vTiLK/Ju33M0hDs6mykDyvGthIQK130XebnN/u55n867vxEi9tNrnoUMYzeP+qGWRAxJJxdXcetJkYYmdXy2rcgZTorz/T7/3H7IWuD0zdhKze/vDme4OyQYz9fWXUmhA+gq354DfgIKXetbK0wWSO+ab76EaUFWrWO1TqQ8sZys93NoI+uCpa15JEdTgHrdCBJpUUhX0QN5amd8Wm+bqXje2Jdxgx/aq5XqK2SALPw1/azHJrZkq0UpziQhfd2MYz/ZRjqFL8NNKHOoPPqnjn28BjPFo0dX195qXeqaGVl+Fo07g7ZKLit6P7r7d2FNfVvuyYslQef/wYU/j6fSxKdlWP8YFQi0nE/ZsHEo5Ye8WHFy9WHbyQNWbtOePJZssbyWcaOKv/IA+88fouz0h++KnsPVejlGrfeMltvt5zE950mbNI7cNwaiXup8t77V6RPmBjQVIZbnl7Efq9PalyVAWp3FwaFcTCtk5SwSMnB0w5dDgE6Eh1+4jCA94z9A5nPygGWWt6eSm5UhWBfVYIbYuiIVwJT6nJTtHN0eVDNbP9V31Aq/NUz7FWnIJepZrgw6x3KVKiN/N+u9lJIRJTUWVb3geE0Qb//z0+f1Vw4/0KapXz2y7AazIcftHUlphcUPNXOi2l8Ux13KeP6x+mrp6YxpG57qt84dRYVq1a48b9tBTbO3c8t11whfs0EJ6HZQQ2JCxcvfOXOcy6rUUvX/aWhzl3YdMy3bVTH06C2pEPP4IpWTaJoMnn1y+OJfwJvDxrwx7TVUyi3a0HrHRxBTWHCBcONjDrOGqpJ8riUu+tvcQvCJjWjIaLRm+DW5GJXh0ynZ88NcIjp92TnBhv4OiGL6ote/veRy8nXOaYFG11cnnaFJuKj/fREFfBqZEpR6mZgb3tyA0fZxKFJPKK6G3s8q+3K0x22uid/AAzD3xoJ/4FOnHwX3632u9kn+oK92XgSeCwLcm+zHVMOLk5D/UsNhBNmixD4NMRFKu7E0E8n6qYRd63TfEff9Sw/Yt9eltWD7sI6FXjwTMqDmjCvHtShGLgeOUNBcqJk7eFcNPRGnJkx3xy/NgvfXl5/Q/v3WuuKgPwMfuWPWXGTU+tortywOvj8/E2C7n8BPz0qBG/HZN3rx644ptqNS7ZFZOhUUf97hVgL7fmk+968IiI+Tytj/XbdfjQwllJ8++Mv89AJqzlLLwg4LMd0FtXX/wKZ2FZ54k8c/2tY1X4aSHDzOOiAdOieJRfiM7XP3gLRKuUT9gdLllvyta9TfUBdnOjyoJ9WGxrBpnd2iHXK3vn+w1wQBb9FW/3fvqboju7CTasG3t4smmi2vV/T6F90bp3VNF2ZTBkKmHVQcCC0M6Knr+LIkcMxwvtN3WznzDKvvGJh14Dv46XhVova0KzG2nkHhTRQVyuu1ByUQ/wbtA3UNwxHH8/cOtXRLuSoGfjW93n9B0VQgh4GZPHSRn96Sdb1t1p3DRH5mf5V7No7MW2k/MCHxnh7j5VsdovrUWjSGnjzWNU69HnCpf/Jp9bGkXGkWuosElb2BWm5VD8Zvxuvuax94Ygihlook73cXDSTSEyVnPnjzQ/Pz4D6uhMmzd1+wttgQceOWLFUkdzGsJPN8HCkEGjuyYjE+kxFF+cw5/I02C51QHr+JRg3ezNgmozv4n6Sszy7XPX/vX/LA8NJ8wGZpGS8mD4Qc5+DKam8jibSV+XOyfrlNFfaLlwoxZra1jCmKTeYgP9OxQJbj3SG21XiJliiCOGUD1SLBmcbQrNfTkFmsw8Feuym5sTGDMCiSHD5+3vp8wsYN1SM6kIqZznu1dRNdHMFSnAeZJqsZ+87mUP9jLU5+XIZ05S3GhlhoXTbqa/cWZnEPUegNWokvkzjsAnnPC01g9dlEPtUwMVPSlFb+6AhBGszBzFNinRjH7s4v3KiUCRdhHB4ixgIUt3EceSlrk6MeXzwX3P59P/KcfxcCGH0XNYIsEVIN7MrGbkuNlEckIcFvoHTu1+F5L1dhTNqkZTVFgONDoRpzIOIwtZu+k+0ebSZnn989FkdU3wXWDUDMkd6119psSjvpoTMfBtR6UZdhWtfOV+Pop/virhPWBcRXPMYwD822PiekA4pb0b3K1Xdev/Gm6jHINhRXidq6LGY32BglDMESTgPN/pxtneW8r08RciRZ/bZfZkYR38NW+iZFY+Y8kKcu1gMZ4CWmTSW3Y9qpp1YjBULSr+hpzTKTvabQDnGI/c30GReeVujRVVS/7znLPrdLorYLQu48iYNPz5vV3HugpFG3q2eTnMMjsLnEYVrNelpX0jZr4brXoaaqnGD7X8IimJ+J7Y7OmbtnHIVqopGGzV30wVelUXwnFaIo43qyOKnMHj3qIHy+J6BPlLd1Qj8RIJMHQWN2MhqA/nl+VBCsL7BpiUZPXqx4t+Zor3IoAi+0O6DuXtdp/4tXAvYeUFJlOdmVE9JlE7YZaHqsaob57VmErSoHXuZxGF4zUdV6ZPun23nQkhBGfyCUqrDe4VSXFZVDgvR3fGle69QctSqg1odKwWXam/X6/8py2zsa5V0F3+YZIkgY+5FCke7LxvfWZWiPrzmOC/J0B0Mny8TqRxlXfMYHp1qjyqj8RBq3rhzo7vjEp9e8i+TT6bCNkTTOIfYa++iszxIHujduC7LBuv2mHXCaVmcpVmbC2iYt5Asw0WUoN7peFjYZ1nQ+RZ/esfFb8A0194iQz36m4JGuVpc/A80HigYx9aJy56+gXm0z3PNdTqjzC0wTAQi8GNDlSrqXPufksoXqlrRw836VKrxNGetYHARt/APni872OaJvYaIjS5+Zyvw8jzPGwyxBXe3vxh8jEAU5LO3Pr+XjfJAPWA8dvkTzA9VjrNq6DjnpPZMTKoe47TOiRTq04fjsuZkly3rNYFhA0TRlQmma/5wu5NfQe+ilsd0/+6PNvvXF71Z8os0dcZjTdtgUN7A5na6zNmh+HU11rpV5rOPr7ZZFX8ljihoyVh6WStKCEDlJCSNjM52dg16A7SaCXB7MO34pESvudKN2AGIvrt0C6RKUautvtpG57eSdRk9nQTqNCwaPvJXdtm0rwM68/Xkp4/7FWf6rIBlHXWRQ49mJTaFr2VAcOrRQFPxUfF7vcO2sBEokc2FnbYYNpu3ceQTIcsuk0XP8Yte5KVLCrO44Ppba/2HTQa+cO2vN42kqI4KmNsW3DcnM5oseSgggxcQF55+4OEIaOf6qO8Xoj0kA3Iyj3x8fpeuW1sJEYSCK7cal061uk6MywRV1u1qPn8RTQ+kNBlbOAxhjzY92GpG8KJbJybKtcQz04zcrr2LVl4swaJhpVdDdEPog2FX6QrOEfzqvlBVltDAU7KSjLxhzvhY5ZwYustXYKhxYXoovq8uL3t38h1uNVFqhu6/2Davuj5ZvbitrzMPOrQxXEYq18/LRxqbvV7dPSm2euIiuzlANPN+qi6hn9M4ZtHdQBTv2xVnqa8tpKHnJ3RT8tepV14R7vmbpR8UDo2F5e1dVfqL3DxRtvhky8Z4oGMLv3COJ9f38D+fjasOJJsXT2iRO2hu3GaF6rPDNHAPjQnR7zcyvB5+YKefYfWwlFbaSfWwm9kE5TV/MlzIpRNCjRxrk9k619nQLkcfvZlTxOycuxq3ymHvOVpvd7vT0BW9iPXHQ8Pw4/0qZG7Twf+DoHoRHgsWJSTZS733XLT2GqEuXKcb+2+bSwauMSqRCK+A6ARmAr9Y4uE9lxNEffLAc/UeZlpRoLnPV2pUwaPrFKhF4nO7u6ihcPZNlsrwoVIKanCa2SbehVPYXQ2pZh34wBS4PJpKTZyHVzAxN5rZakDH/wwrDbDcOVV+6rjFCSujH70VCSw8Evmp6E3AKZP52PALYFOoNC2MZ+gRYr0BGKoE+rNqhciJ1njbifX75x3qzp+UVqsuM9wcorLoHZWVslrh9GB30ykyf/6GlWU0eO6ow703kejS2+b2El1WY/+zryqrRLQ91uLXMcrLi+eBr5WRJEizUK+LZQY99w90GX9faqWCVkJKqWeesw48OOAYMrxa2sT0KkKppmI7c+q9uoQWycbUbOiNF8nXPKuse4wkIbvcXFDw2afKK730/HNX1eMWrsOd1NEPnjtusEdjz1JFEx+JKjzzlycps07qTZYGhXo+7JLtrvB73iBpcH1kuDmpPW6BFv9tQuHQRMGIso96EYcVfca2lXDtrV0Mx/X/9iAx5k+nE+i+yVXkm+cTfq841tVTpLfREztMK49YcJmprLfQH8p8b2bAUrfhfzU08j/C0pUBVvw5av/KEmj2ZDJX+FVwJ/8ko34Pm4QIl1F3vlC4d3Znze80rjVtIGaEZgAWfiCNrJ8ZjW2UPFQAz/zaSpIpvVfGnvGgGyMm1lScPo/9wHmbYmlfdhgD/3QeQ29kESpzf2QbAd0JnMv/ZBzgpBWwr0anYIvPX4c63T41uAXw4OB6SrRomT2uQg9IYVR/ZHMv/Jo5ErPUWaxIgZmxQXn168paE89uKpcA5+xweqSivSbPt7QoSZGfyHh182Z7alYZbWeprYL7fiAPFN5oPQyEj0uM9aqy0ZvnBsFFvMBY8orwIaEagJYcr+GBeBogcZbWAo+mZAxhvnolUCkxli6+fYLTbA6x43lvcdDhqI05svUs9yiEINrWajOFjHcQseyzEZQY/lovZFWRMejj1Gl6703oE+E8Y0VnOfyfd4Yv1tb7uTTa6h2RWfRkSmQWeKgysPO/rNjZ+lPeKrqTRc/L1QsWbdbZDVXKxI619Rq2mhrnwIbDRFn7BfGy/o7EBgAsgvH1GqK4TIFlW9ULAQo6vYncdnooyKjNh0zNeSg2f7lpP8Ne1d+T2a04fEa1DhgzO1p07d/sqX96/Lrw13GOEUFGIHdln0lODlrYhCUis16GlojRbHrLUHMRzB/4e19w5qAm3/vS2r2Gi6SpUIrLJrASIiNYmIgPsgoKLSa4QgkRrphKisFCkRXWlCoqIi0mvoAQlNAhEJoXdIaKEngYSEk7Dr8zznzJl3jvv+ZvIfwzC5ue/r+l71s4BjhXW3tYXLeePD2t+5LNeZLNowg9rPNNHNykYj7Dz7GxOtXGdWMFC0pFIwYNMexEphXKRmgnyKnqtVavxlB2PmDJSOjPaHb514tPXs0UDBRm7Mj+Sc7Uz4gVlnVAYoSxub7r42yB68Dih5fMC08+D55p8rz1vUPU18HllaGN/dvdEpLR1p2hnMvJF/9RBYjppc2gLnFKNJlpSm/vzKSm26NUDREMOl01vCXrVVDFgyge7P9FFzQN9af7ukGjQop11m9dqYWYyJvJ/t00sDCTtEokngHKAhITts3SMNwfpj4uo5x8NGh+BMYnZXbSaY1dewlLGyGu5kEmtoAtlBnec8OgxDQc4ihIx8QQ7p/k3SxRDZHPSILMe8C2nEzvhklc87qZsbX7h/32Rz6C7VgCMBISFnxq2ulGT070HQXirGI2GAWo5xwGl0/7wDmzE6+SU7Tzmyeur41IdXXgtlYo+Hfedyh0I3+orbxoQW+LHxvff1JfdyNwC/s312L+SjOJF5lI+7BtsBG0srTyUWy7/ycq8ek58ujASUf03TW17h/4zLDHWpGDklc66kdif9XON6vKY39vO59Nw4hTruVD7KxlRzuQEprTHjm7Hw0T/0qPXWiFdYz5P8Kv+jFwHl3k6rn90BPMqRL08Yp8yF9WbxnsyCFa8tdpTvFmcI9kbBbbXf5/pDzjxMt0Z3YsbMU/9UOqL4nMage/jjGRvPitJqX2z4oPKALiM6/WpxwNm7K/iRddONSRi+1+g4K1H/y9N2ekVm97DDK1SVst5gWEwBF+BiLj7qS+EHMRIS4cbKVdW2Qd3JyWmpg7Kxl9JpMPymSQW1H865s4mpCWym895g9VDJP+BJ+erySrE6u9nOq26o1lDxst5/RpSS56BXtkeUwIj/jCjltDq1R40F0G0hQLCbZKtGoiRRe6GvLUFSAFnwABd2SNGdPDrUrwkYC+HcmTFOL5pRQgw3FTAWtESaUsMrXCfrF+uHsvMWDDZUVe1TJeWI/Z/rmuUYrYV8o8S/UmoRSGJpyHqOgUqtG+F6BkgFiIlGImZLIIrqG9ejoaaHFGyokoyW7rSQYyvTXsKcI16o0Pli+0LwnMWjkd/8Yk0unYBQjzyseFW+QZvN582pc+/dsfF7GVZbEK2RKo2b8CedNhueLVSOjB/Z6jTbzt3sCqmqmdzzZMBQolsAc1zYO7RKs7/Vgfe2r5hfOfMlTmPoFvZVmwlDTzZyH66U7/PQQWTXqSmV8YiNVo/TuwYXeaPzK53mi9WgwFs7F3TmhMtifDOosNqllytP8kMzUI96FgvhRzM9v+WnxCrUHddVCTLn5p0oA49Na9xwtm5ioW1eqmy1vTxI1husaUVePPvKs8gnaGn3xfQlV2o9QW/nQrYD721RH143UPX+Z4YWHoKrptsBplm4IXbWlNWAbqmDQ1jjS5ethviFnmsfviQM1i+2RwO03qdxuxwKuqWcva+Mbf366tOOgFPggarH9bm4oTvlT9ZRtevdPIiyZfDM+y/y+SOInWMcOx/M2v97s9E67aRAhGGRR0d99UcMGBW1YHfRTuNP76+caQnfF43czD0xU1ZpGBOF1pLWl4NaQxDMnyeLmDcyLO3sIJziEWaA6fFr7Sd9KH5o5Cb5Wy+UntLXPE8CI+Sc5y0yQQDoslWb1obv3YWNvuZeNSyIU4xrMQyfkVZpNb7ettumqzTk8vJ7K+h8VXMa8hBW4Y79IMjeuvx0Cv0GThthcrYiOYhs0aItaZSzqK/rI8mNmrpG8cEGrszryxqKANeXpcyEOVUWdna2bS8ChwENZmfBcj+VIzzxXKa5BJPU3lOOsm5DbwyxMoyS2U9BLJUoS4lIH/NfNSKUicOMR+hELN80sFV5WUyLmvkn3OA/9++qMeORkr6ooJCmY3c6DQpDPu2QeEO1EdVxvGFfegSq8IXsn3uZZiS6L91IfFRh3IBYVT6/uxmg/l7GXYijKIfaMjI7h9Jc3KzP9Zkrpdhm6PqvGvnjJkxPBR7/eVTOryVsO/qwgBc1qvfYWzC1l5bAk/vRIdf6NjZIMz003vJnX7LP4kxPV/r86qzFn0LDW7XIFGg8ymGDG3rsuw4MWwQAUz7tSCpWXiAx80K3ALfF1ziv8AEyXuVhWo75FucSFzftNuRmjv4/yyBv0l/XwO7o6MKtDJWPJJPV4q8Kn8QJ78sPABAPomZlrETZn7KPfD5sJqttwIjz66dXnJIwUfhspY5eV10p9L9Q2w4bUct68k7OFQWNgqK1p+UHgpk4h6GF2cMTmCCyKj6uGILMzaD6eqPVGR9c5O5bG7gXRb4TEYLFAQG2XeZ4hIPppUkRNWb07eovqdIefINgM6AOAnI7pFppy7ubjdIKO7IahWAo9yIj5aY0SYPivOieWBcPu1Dye9SrNrCrLPdjY7EtknpLfCLrPxZEpjxyv3eS9Sdu9vkN+S0mrnDkHoLHbbU5d+uhMQlXu8qdYtF4hSrxdctfuczTbcpV1xZf3V+JhNhfjw8hCXFkTkU2KjzFguAVC2WWf0RJ2D/wAfibHR3Nq/72dIpuJDeIb/71BQDDLV4ZAUByRYeQSeltGXK8r2Htd3/euUDbYs1NFTPukCibgzYjVxC1Zzw2q0aCe8sZV4Iy2CpV4ypTHBj33eZSM+RMuIYaTj3R1rd1ZUXCEzLm0Ra+a1BRdBiXY9dYlSFdw0JOvOIsKXlUGATVo7gwPLUqZM1nkd5zzVp54mLE2VHLLXTt5xDH/CHGySk90XIHwEZZAOp12moVoopx3ljFbhg5P7Z1vZP24KfyWvI4+35ugEXcvgbU2gssi85EDZ1pQy4W38B3/PIDfeauzy9dsMnoyrXmx273CQYaZCGkY8j3Kb+U4sVwgN0bjl9/tE20elOCLVHWOdnmhXaTwpfLhMZUJEYQaoVMVqCxqfuMWxpzZtIsfaMKLwLpKVlvomJryk7BQ7Q1APhCP+2FQzlARD8PqmO++eJDl7p7oCq8sMlalQicSJmYeM/YcM55YhLLiSezws/7WyKh7oEW4ZZw1edQrDadBI+tGegn9GG1CsmvJRBysZKEknMHmf3WxD6N/KEGUn+maZVW4TxfdrBvXw+kMZ53i8uY8e/NRNDg0J0QwIMrG3PqPf7Nl2Ujrt4/RRfk9bXosSSVr87ZzeAP1d4cHa8Ddicca8NtgKJhqwPbW88jc6o6rF2yz11UiYXnFQZbOW30uVS4JNFZKaHzJWpfAmpRd2hVmQe8tTaXvbTe5RR8XhkKiV1pzpw9V+/AY+M4XzWq/XFFM8jFrm0/w10QDbsFDp7N5FTXOHBXVl5zRn7bnNdY2PuiTRn/9sSDqY12L9K5HlsdJpfpFlXsUD3hzzAcNJqZbeZ7HNV6X4Du3ZVsRJhFfMhiJDsd5rFaUkSnmM30RP0uqjmfHAaaze1Efr586u/gYKsErT3+GvlFG57bl7842zouNloGw3TABigVZ6jfPe2VkaevnlWIa/1Q7W57TUem7Z5yHcr0wbnwE/vtTlhfAZSEd8yVqDnHQgH1yqmXxyU7oc7xs8Kt9Xz7YQsXzhtgd8ADvag3dtfncUEqj9bqexEjCaDSdApLd9ISK+ls9SLGKlxLK+04AMj0giZXLbrlIN1byLGPYxp03wndnWwcUI9sjD1uE8ftWyj1jt6j8Gwp477nUYoHt8xzTiKRBowXh0OtjpiZxYoSRPdAuFoHM/ykspzupzO1wn7vlYktxofEWvPDO5gSQC9f1rV7I+L2wxDf49AjYvwA/yfHhVMLDfFatcR0VubChTbl4msB0FMa9zv+sPPtm5oqyECr4Iabtqh/FtWn+bUZSGxVeJX2ZNvfkdt8aMJhFLQqgTmNKy+9QjNHgmePABwwW/OwB7jHzA75F+h05szpOu4NHMLs2OhCVXPe1E7WwN0WGZEA+b0GP38Srur049sWgYfSGiOgLT/cx9Evusxlgt84jNgpDZaHDm8g2mC16y99cMqrdigaMJKp0RrM09upvC3SpZ1hV0jSb30JU/3tuMGb9qWkeuU2fbkHWyuVQwECv3PoQF5ASOvBU9X0gMoaw1aHwV2DZbS3YWUeC3ZAGo7+NQM9ZyM8HDHodffwD9wANcGcTufrt5CPSRX891bNHrwAOYhUoEbZiyFyRW7g+y9v6hLeGDzAaj3+jeImnlKFvt5W+bQsCs4lE2KhHbVhnMpTWHZeyou28IXnvLRwJEd1xZENMtIp8pJFtNvnRGfWBgmGP2lLoWQFzy8X51VjrHNyx2ICLzmpnrZnnFwS75GGzy07X5Z4quIVVx/KmVFCV3AHtLuH6H3ohGZb31gNLG+tDJJBodSbibhu3dE1tosFcYA3G1KZFvNtV+UUgbaFFfwI9eXnXxIBq7+PDgqX7d1KWWsQHazKqWJax3DvBgz6GAWtDozYKSfr5Ge3e1TxHxlqbv/UOMTu28YdO5cp396dIS/7ir+WieI0ajfoU2ZJtv0e256kt0F0EvVTpJDGcEDtluKUBF47c3XwBf+16AYMrAiya0HFrZmc2uX2qU/ZW/17zhWvfZv6I0P0nLFKu1lv+sWnOwKWqBQjD6aKCytp4QEsIaRuO6m40aoS1o1de1hjf/tiX2AD3yldf1jFl6Dl1ewpFWkJtb5xPCTMemOsDzKnb+/gJVu7VRfXQM/tOkMZiEVn46RVlHXmlCAqgPXpLGRFI7LB0yGQ0HrtgPeAYuxKX9nywVcjwXMeU0tQs+mt/KhzF1F3BSU1S8v+cmRYj4jW7PEa9JalI4emW+wA+6G7Imjc7pzukBj13b3Al6SF4OndQV/Fz7+1uJvnWWinZlR+RZbJKnyDLSa5ZLoJDyQE664TNZKsiYyB8ARteqpgu3/JRQTz+3Z/5gUaxcVEV/GtIknPjmSVWdMHECrEtFrOmZDxKhdm/4joUnfw73XqyxAKqSUUVAAJq88pF/CVlaGGxEBn8bKbxe0TDa7t0zqVZZAQIhCaY+wQK0lE0poSvFBUylqDK8mWlfVIqi2MU9DDDBCFIFJeH04zf/Ikk0SOe3OhOtMmjLg4jB01yz6xDLqd/JEfpWzdlmMlo/wqeptIW4s9bTD8enfe8HNjZavhtQhQW+Vczm1BKcE0uW0r2clGl53gkpSOHWmP5NbT3wwqPI0LDpmm40bsmcgJmy98FTkwNcS/KqKo6fAvcPvl8QXQMWbzFKqiaB413YnsvVKRsc/7t29PsYs1/Z+mpjXouK+vIjnUgPDW7XxxloI3PWhrAyCo4n1x0RA54C0eBLg9cmR55fOhhA1e5HFznu/UbbvplWKYhQ9dRkIsCrvZSkr0CmMJISsyRPrycwrZ7txg7RevPGsr5iu2nKa8UBNbTb+5ZAhT/wxnBrVfxXbx/aIt2NrrKRW0zinfUATYi1lvZ2nQgb36X7LtmZ9n/pRN1fkC07ngc5i2MxJfauu/cdSO8OVM7q1GntDZJSvT5/Zh3kyzNiFIWDCgqGsVY4dZX0fN9aT8SGvrNcFQ3IPK2xzWY2kQDtzTI4R8/dmyeXa25NmBO0cTx43WCKm6awmWVU3oQqP7nNEJvebptMCV5b6R/vVOZeuDEIalTFf8fCElqmEJSv2UcX9udFXW4yy3HeEJMJoNNDWM41L29tCHW1aZe4xMpfe92xs59h6oB2S979dSEYAOKB3RjUvC/w06qPgLdOBJDXtIBI4HritINaSm6tLV4/NaS2HpzBrGC7NzhqHVan6DsLui0MnlGAImdqbwJpJCEv5vO1Q+40Piip7DDQbDA1KPJmLtmPka4Xk1VOmDoKEUGLd8cx2Gn5/w7wviFH17emYNroSgcbNk+QLx6B8FvaO5aeGPr3jKTlE7ncp6HkVayNP9hihpfj3KkQv4noICHzAhfu3rQusu2+ExYcadbhMhz9uMoX5xJ/VdcA8FH8bHXYMk5MbcFKr2wqm3H6gvygbfVo/ieV0rR+L36UACv81MlQ2U19T+KQRy7FpZU/LQctIdOcLLiIj2vGgoy04wB3ejsBRrBGOFiEJ9+YMxuN6ngrIb5o4AEFb2JQ2ItkSb+8P5KYcOeC+D4K8yX3rg7AO59Yt9eBBbfMqFsUh4zR2rXm3rbMbnB3hVj7GnGCHzdxKtXMcURswh3ArfGZekgIozueXj1wuDQwbUHqmgOkWmgOj+nEWNzkmEA8+aG4qneDTwznmFIq24w0cOhnvlYmmf/2iNCgpADu1M/5j0mdXnFu47OpyPmd6XvhTwATxQ9hs+5OAEt9MccruWE17MufBHw74oo0J89+KSOMN/MWjVi3UqcuR0WPGPNO55WwiWjV74Mn39k+ljGW8aJdJmZ+cevsmbvBHTKrt8RPpybEINUI/cm6pLHCzstgTRJhMawo91ypF9PUxYLfc4xXLUDEhYbCBtvVNv3Fz0d8iDF0zHEvyird0QWDECm0r+qnkGvkmkW2WmC7Oj33dc4TYVHRsj1UfEPNNWJoffQDcAdwlGwZnInQ7baIk9Txp/dWNaHWmD5mvTKdQCV/R3tEQB+jtaomwbLXE1DSZAS4RuoyVYa2nqOWo9ZJta8D5vM6mBL9gGQaZQ8mVV0qKaw/q/Nj5b1HYCDnQO7bz9Rxsde6RvMTtqib7IvqTnFgGa3sk6E4KfnTr4B+II7U2zrAMvtNVlaDgVPlglW7Y17DLzfmNOw3Wwn+8OmhPx9mr++ucUhhtEe6tyCnahGpsGBJUtQd/TA9MrqZyahZdTtTJemuCPVki6zciZTBT1YHqBGQtk97Bq9vSZgJweqxATh3uPfK7fqur/lP2nomh/wMdpb1UmP7DTXSvGMyvnqkgzETIVHihiWQhFILJ066d2KWK3QiAPbm405nfMsMQCzdZS5HdxmSkwv122ngcNckDEeO0F0NQgxL7Xi/63envnIGq6DkmMR41EtuV3bNjh/ZZqQx5oEJjx2lKn6qaaqBbVgc0rHyMhJcLHNSA0Fi0xoGYro+bZ8Z1nGBrJxQvlmsfSppJP1zFCYhedRIMc9QLBCdPJySr8rzXVheWc7+rArBJRKlvLJUoV880HVSrLj1QrhjUm2vj3rfQPOVhfHLo7AXb1XhmApFkIkqN7nE43teOq8A8y6ws8uS+wWw5jhnNneL63+6oPhOBCKJQnA2FKRVxRnUrbsMaXQ8ybxue6h9Kqv3zZZJ1p8PgAtqm0e7CM/ZIJ2cJPpY2k28it1Jm0IbAVfinFw9r6op/pOKHjG2X2urpwiu/UkwEITpctLiojnf8Cr7SvhqSzddluiMY/GpWZHzThRwQm/PPt8BL9uNpy8ODDmLj9b5suPIU6PwVuJUtC7wOOy1tfcU7JULqFiCJJx7odjoPeV4+dfB5JYudl/Y6aGECG9Dfz1hQ6wLHb7JCVaQ18pTYgZPLNFiHWxTN+sVFuY52+aLVc0Wyr2JyaO8JNMHp6radfYkyV8qCjxXjJMWdPNFpL1K934sbxZqGW0tBwzuTymFjVNeSOOHQpcrYk8gr9mDQjSi1SHSQFpBLMkypgzoSW1TYoKthxPsE4Z5HwEW/KQYw3TM+FPB9gNnttadPdX+DuIyn5OHUMOMXt6R8oV0HKaqvL6JeNDxnoM0m22v7Fp5QMBys8am6vJdx+ELVDXP9rwL2j75GMVyNnBsNinolNcPCLcHvg2h2KWSgzZurMyLqpRDOAQy4X8gweCaP/8cq6ovC2/nw5R1mnat6IHbY+acaEX6kcgHBSbu9bX7KvbmlPixIjsZdJbdsRqhE5u46FOV1ncLXiTk1K4EJ1zEGNo16rZKXEXL5yMXX87VnMVui9Deej5tihwWvE4bu4gPjTde87REk8q41FNLapRO3KV0GGdqrVBlx2Io+Shx9revzr0fpph7zqf7H+uOyxS8xP8ZpH3MDNCnW/r2FrXQ5/slCTHVvMR68sA3o9B4oaMwBWYkFlhlui3YvERRIXuoi5qgr+tc6AzKlKbQ6Q1VvCQ4KyHydb6d/fKPVC5XN06kcU6b/ZgPJ00HP14j40eaOajOEDobAOfcDaw6L2Loym6a8xJ5if2UGosqeTYxnLSPDKKLJt3qr4QZwMhFGh8lIFRR+oQQ/YY5mEc23m2PX1haqJvTQa1Z4Xv8IyfBXFEcRLTPBS1OePoICB3KrFt3P1y8cXuY4bDC384lAohoTqUGtjz+V17V/esLsHKU5h39eqAyqlaS6EPNzH8ssPtUKV1bfeg4XWnhj3ovugg24FIFbSgnkuSVNbm5JqtTAaKd0CbIVazatk51dW4bFC89xPRcPaFdyyyOe//78/k9jtZ0K4vVVkHmeY7INAfhVXeDruFA98+xv56znpyHixnfvg1AX58rdNuQw94uVD4PFA1VBCAdo7PJQ1W4I90sX0gpeA2pUw9sncVicsiEqeyGHSzlIH2mqpZWG+Vq/0YxdhJobjsQm/2+A8zUi65LVPsTWHSgNDtaiyiUYTLvOtxlAPOU5yRZgYWUyXEzr9uNvreA/ZnaOmROJh2tRSYOnS/Y0yzdMYLvfrknlkM0IKHjY0+50Pw2lSc54fCOe1dcMyTl/WzfpPsUmN1cjA/gvFCQFb5lX4zx+zRkeuJ8pYiOfa39jjett74Y6GQl1o30EcgG02iGhQevyvJ5VRigF9GxsTKwN7NLx5Kz14ut2gdiVfhfJVxQlf3QUk4DSeyw2a2BQkV+G5hcE9MShmDUjpMxHi4Buk1HRyhv8OphCjd7ob5iAeKIZD/swwwOnXMM8TNSufso1DdHIfisUvrFXDqmwdbX/eqdyqhFopTndDFIjBRl274HlVebYornD4gMuEcI9KCJ495ULx3Xyg7NYwC645YI9lYbcKHb0Z1VsZmYkA7iRtgil2yqucl7Yg29Ottrnx3Ljt5e1DMwHPHANrwtBDTfsjzp3nP4LJ4C9KW5mb1ACU6rsTYe+b+FFAD8jD47FY8gpm3wel4uLZPkjoNyW2zbs4g7Mhi7ct6J5dUwi5HPR06EjPvDU1R6fw9RGnxRDI2rIPCvuRNGLRUeuc++jE8Z2eNtjFI9XisyLFem90gTIeqpkce5GYZlaxA6+yStz/LRfmsUoW5JCO40BHsOdGWnsWUNPl4KXAHhvRV0vFl2WJVmG6J9wy91Vkj4R0F81+OZME6ZapjeQOTeBcSRYL59cg2pIBz87+SI8eUHCfL7x22/0J/JSvjLppHzasAoadL34wuIKeDqdcH5J/e/vakFNVU358AvKKRQ7QL2r9q2JqZIQ4lJ4mOz7A8+uzOjOpUNuuWAeO1SUcabYdes9dHujShILCg3LxH/yC1oldRphq3d0hlgN4JLpwyGC9S1/l8pddby6NFsRT1p787hi/oUA/WG4kp15wTNrZ3P55giUziq+VsmYsM+3OaqUiJffAIYIEp1wqjPHXmo/VBCNdDnGxGpOnLL1qR4S1bS/6sBIs+lhh9BXwTupKyZve13y0mSxK8w1YU2DqjBHQD7aucX6l6UeVN/iTpNlmRSO+bbmMCBIuYOsaqFTMUC7oa+2e5dErTbkJQsd97ivp/rJXj/Z3FXUTYoEuZ0Iz0zuHPuvcOMc1Q31LnAoihRlKkDzKe0FWD0Pmx4T8cZwVs0Ec7j67NnxCDcObXJmH6SK/gjxrPu6yfY7npau1zcBC31QdDbIt3H/sFbctvM04IHj4D42y58y5Ed6b6gnQFijv8xyrt3QQP3xZJyE9iGL2JQvLxvpoFJn+HINqYPSc4esKWlHTbLawsMzPo7VTcV7TtVXNFp0sfsB5PLVLu+IG46VKiJOVf0o0LzMzTnlKlHHHBmzseUiukZqDMw3q6xhIYsyVq+pbcqJJoW9C/Ub39kSvrFdVCIrKg2ydhKHACROXxXD0r4PEbHmMwRWdlPT1sRcS5S/71p122TKPsWDG7YojzDxf3hMJIH2ex6oxC+LCAxBaDyZZ1NUtTtzKVD6qiiO6I2KvsM+KlaBNV3ts4xm9/EcupaGA0iNtv3aU8blIgjx9cLYBsj826qi+AHekxdbDUMzOWuuPW6s1yT6IjjpHFuCOIpaeaZVGQW/Fum3NSvdgKwlFkI9+9xFZA03PJ/pmS3r+a8MKmOlCQHcO8Gp1wqB0kpxr9RxwUYF3r8HgmowEeP6k5s+lIFnEeEk9aCJnqkIyaLPgj072k2sem02auyQDqeR7GhLVPuEcigJm9Ua45UpsIz8oH0iuHGp8BccA54uNjocu6PD/WKEk59f9Pdm7BrsU6va0evNlh7dygIWKczGWInMGvzG0mITYChz7Ch0OKb3dZl4WfD/oco2VX8p7Gzt2+hhAh97FaOoDMOLt/IPD+pxXjZhz0accuNSAtpnbFz7yrw7A0r5qwNg2XgbPo6vp3BgxkNjK8p6AwQUjB1MbtwPbPN5JPh7acvipvJokqGc6Ml56heIGA19sLQvrMJqzeEI799njgmaPGB3eMjF4aIxt2/J12aCwwnr3vxF3Fen/ZqxyW5BOrRowEa9VJq5D3Ew5a7Sq4OqGCVzgA5aU8tlFFYYrVa126eV51tuYKrVlh1OlTbl5rOyRyOatgYw2KM+vON6saqQjcr93j+3EsF1LH4RrsEGUwN9Uxo9/ufj+FeLg2WrAckHkNWvUI8Lsw+1wGrq/S29iU9B8vtnchSEj82LYeI1N7mhN2C0SZJ31h30xrP20aEjLbp03F1E4CdcRzljfFD/UDA4IX2gAsF8Xra5iu4YOVBdUC6qP2uJzWJWanMEHR7acG5IFMW73Yos5/9AkaDDjsdUOfEGafxOtbQ+C5ocXFuQDeRrOthPyMW1568asgHjWKHPCqQlW3Nok46/x2MsKjx88IXfwB7bjoH7aTs3bb21x9/GjzmYZ8lelt0kESfGM1xJk2zOWCnLY4KuNZ/Ja9R9mH0tIXchquxBpSSwt9ED5WhVn9gHwpUPQXxJBHY4Y9aVSrfUsWstgcc89L0yn5sXkELDRJiWjo0DX+cPdC2l5peqaDw4Sao7tAubciFg/79f/6qn4pYMdqU02SdZN5nXqikAPWcTcdZkpOUask2DhJ1UqZaAhENEPQjaVhZDfa4gaHufMrd4/fYBuZge3FhqZZ+c4GEAzu4EXd/LNqNkOqtwoFXsfvzKb3fbSgls6eKMxAZ4XtlhEkc5Ockk6TvcnVc0eFRd22KQZf3FJ2nrPe7GU/bK0xzaDiAHN5blDMpDlxxmw22JxuZVfvjyR8RaKe+W99aD1/RObyIo+vzi2lvyn6uxDPAuKmm1Qd3e6qs/UyzvztUppATca36ZtUG08s7YyvPN/Q5LEku0FRYBv7LN2jWNnKDapPXYh7QlB107VvVTCdfMqVmrZqfA29+ycb0AHl6ll3AWZql8Vd03iKakF1Z+KbD0rXNpSGYsyI/c8PTB58v21K//igR3s8rJROAtLJ/+jHXmW1JwqpsJBA3Gthkc2BZnOGkOhiIqFSpnKANnSpgeQAWZaj20IfZcGHMd50b6RJqa+WhUlxqK+8pqphYUKUWxguQuLM3c3+n7kplQJNllmmOexE4/D1wwYetuYrStnooAi3zFbxG75MlzfnQCHyHKmXkyLtOJIKXiT7/QsFX918kxTX1ZTirCWhCmUxTWbpQFz+libOaCDYdS8AR7hHtl8+ryg6fjsHbgopPtzraoQIWembUmB4Fj9cFQK+TsrWn5EopQ5Wnm0VVofEnIzUsvns6vJ8dB4TJx0mCaxD0a3anVpl3NFbTIXL84CJtdFft1DJ4H9xHtFMP/7GiHTowrp548mWLVzMws2k7fMQ4lBrVIKqk93BERYb5knHjd4yDHbf0rlR9Bl8t5oBUH5HGCB2L0grH4QKR9hf33ozWVrJlnnk9ddk5x+/VVGNnStzLYnfHnyRnOlXz8rMzGI2K1xM1zdFeQXz24vBvsQsx4Bm1uKIUDJkOlftKoYWTEkhOq3BlmOKLMBLd5WTV+U48Tc/zktzydQD0hbovgNy6WGrT/5bK0YbztXWrAmPtD067884JWijmPBpivRJ0lh6zlesiFRLhs7tITCRprZtRJwWizzPg2DeGs5J2OkzOV+K/ACuZ91APxUnmn40Ob3a44bQOyOa4Pyqrse7fM2elgiqa9QZxeran76R9aPjQIMBfn7TpLEaEe2VE+PkN1rZ6uSx8TlLJucLs8OacUP6Rnq5OQMg5K9fksJDeHCFPWITt6s9LIT80KTdS5W030AK94A091getHYUbRq5o0XWQ6gk/B227nOJGnCrJq/dy4qwZAfl+/daU5qWN712G944UjzhPGB1lDDQ6qTas6EhHC0lsNharJ6tIGmMUoO3nNPIhxtuRqtntQpu9rH2l2E/2zLxm0sIHbnbdA3ev/e94MR7PspJLOuTarYYOMQuz3fq0ZPNYce1uw78OiJWNSOAPmHx1b9fyqPkXL78kNLHjf1BQ1a2syNXYOr8KZzDD3AR8ObJr/M3Yn6FJGA9Isgdv7sTK5rqbe0OYjlsKMqcsHTkn0Tb/I4OQO8hbnsAbuz3NauUNHxlGJS79+YqjwRRvf9VLO8CHSYLqGMywA+b4BuadN9dY1sXtQYnJc+qzzhstPJRNQMKbI/h2nQx9L3FsXytOkGpUQgU/WRZNtVFH4fYcc1TSYr/AQGSdJHMVW5lF+Sgji9+DhGma17aaFfX3qDym7OZEpbanPx+aSDWskMoqL/E/b9dRZ+i/vLru9DjIH6jj/vEh+Nv3xvufHKw6p1yw83f+Bs/qiDxAvsSmF+klfiySRbX440KB+M60D9taenQtvIULCnx/CvPT3x23t6tOn/xlLt/Y6l0mU2N4O5QI4aTXY+SI5p2YXt5K0DoXEWFn0LXVhNFnHV1gPFkgxS4cjEoBLiqF3q7utFsbKmDiHXd34jScCUxUJrBXt6KAv/tacnD29aJSoJobqBSHVyiI4hKm656RtALV6SRKjOnaiyNErIDSWWYhRpUNL61KzszoXffiJEHGkR6KjliLpff1KoO/7k23hM9I6A5cJr739oax1KVuCXYQ5edUOFhqRskvBq8c/viq60PGWKmSOi468/guOAW2g9gI9k5RW51U6VIloqiFhIb7VNh8qgHdrfZYB7KFACzI66rhmOaJ6d7Xiv/ALTEafUZE8U2rge0xzIqToVVoDyM2l3K9HMyW1I2+17fYfjujUE7JBzvHXMAPn7eH9/TpxSBKi+IDKlTUjUjaiyE8FUh+MyYEofGDo9ZsflOMUkKJL1KXvOCwzz8TTVOewVR4FokoTLn1lH8R+O/MOi47teCB7OYU21gqM7Fw5dMmn9oUOoShNcDXksaveCiHqwPdIzR7TfQO6vBTmVFnbpv0X5/SIE75l0XLAaSHU73G15GFbNGY43lgVzCcFN0YYT0Y2WUMyeuHdcKeCcWhGpL63nHqS5pykYbDiL62+vlIVNOjEtJrSpdgQIaF3hwzmxDifdZEW9KBOrudXG6TbMw/Lubs0dZ+0ADv+9IUfx7w05IeSltonconlxr6EyUz/WotOWyycSb/6IGZjW+BGKoqw4jvAwTxKsLQewlisXJqL73g0/DHkuIyXxyzPA6h7BjpyMw+t0QMcZC3tGj3JoikuiMjqM0GBoYjL48z5b35mpKbSEPRkGdi+OTJxKtCv7sTIq/8P6STDexvxNfddgDHzvf3GmRK0vMzvFVlSNYNHHEiSpeX0Ze30kV8s6cv3i9nYGz68+MxNBsIWpFYtWH++h5opPxdu6i7dhSr/qf9p6h0cOsoizoOVVy0zTyFkzuh5q1pmJ26vop4WFppu2606TixaJb0WEijGXourQQd4OzyWJSIefAUCKG1yUIuYtM0B5c0xr/eOMkEf67GycNEHKmE6Z76R4d8i5CvvOOImoWx0hRVlhQbHqCF/NudFa0M+0jk9AGYudC63/buz6IbLjf1qWHgruk15uP76IcNj4vkOGSp7oLttD9NfShiUROVJHY0/n5OZ1bO+36VVsUv9rv00HptLQUD2WiJwnRaFlY7VTwc459XLLkoph8NcJ7yBg6OyDwX42Jikh8i/QFJK6AKz8IABNxUIxBptdETHJF5XT9AM1RWad9vt6Anomlw6vP3GLVWl00y0k9Al6kOAAZ6Tui9e5LhhQi8HPA2FRa/LoG1AT2WVpBKckrOMr9XBDBhAnFPSpZTnBGFsGATJxDn4vp+aKnW7XY0PzQ0rpfU9/55/L8xbJH7sgfxfczQQOW5LvsGtf822N6H+RpkJywc9l7oqLrDwLTyD161IkC92ll2eUElP5X9+387cif/tMJIo6H2JKW2918sAgbQX7UIj0xRY5UXVVqoftKyMTZqAKyRm1agn1kFv1N5n/M273tZ5AK5H6mH1PU2v/uDQget2RkKL0K+JJi5suIxfqMHfmnQthmoTh8JUSovsejICjXWwKpJDroorBYPC+OcV3flhZ2sKLyJE0bTqxup5VBNnQlYQpydm8ASM+7WD9uc9bR05/i2+Fr5/1ifgRP/3vBKqgFPcgZ5vA+5g9aA0wKHU7dPTlWy1CfsR1CPvKtVwFxEpgr3n2tJvJ7Mc3dwkfo2t9LAHjNvjSdpeRYvI9WM5y1wueLgEXRroxVEN5Dp79Ne5k0uoMTqUUuEk4nCk+kZoQGbiJaeNRsmxiPC9arRHHpOQ6KuXiEySm9shmjdYGLYyx9kRD429IWA5Lx5Bq/E1l0YwhOGkMnKEuGQ3MS7d5EVCAetWWtgqlNGQWGoFqP8bOAw+3dVE+e4Wm+yNYfRlb5xl9rz+NmmVD7+/a9bew+/G7Ia+6WzBgeNz96OjC9QyVTxtn3Ge/7wIgxTH0FKPAh/WVou50JoAo8XQ5tj6rxYs2ifvw/7WDIcnn63xblNWINNnAou+8QgebiZNYTmZICsEf7DTnNnw2b1dCS8umJa3smS15pXagXkLjw9HkAy0SGk2VBOf53Tt2ns6gacR3hg3fmuvnxU6KHHBimDdor2/Wzbic4xyJBLLrxcIT4MdD18ITkMfjnDyEkWTV5oDcvAVuUvaEoInrfHyvN/9IAB3/bKFs8v7tqWEBdeqw8dlCqKAY1dMtFHci2ODBH+77UrLb76IlQ2elUjLM7prIUtM6ZTcpN5Naaktb1NHBTNgws9nMtMoLBS/1mzGDOOe8v/NN070PK82XrYVUJ49zzrlWmXbVtLcfGP2dmvCQO02/ybR/gJPF/kA4FTIbA8eYBbVpYfIJ+rVwanLY+M4oYHPvqv6HPG5KlX9OXkfOROTvpjKkftCIPpbb19zLqibXWRZ7ObATzM6iuUdX71hIwNNqiIXKy2tYO2ycYl3uz6cK+dHzLiWbf3I9CpK3E2FfDR/q5Lv+WmegEsUUi3ttrU9bDyqhLKaBVjtlUzOaxAG4kW9CuW8Z/aFM2yOLaZZM1dkxXCSCIzZnn+5vqAz+oySZm9vYop+2QYHDrSIxFLeJgdDNZL9oJVE4PD7o2LLZU9OevaJNqeEbhxcmGiSDdnI/q6IlqHrVp19r09sDDYnaj9/U1rTAPONB1qihBeeo4mPco02zMLPiU2DEz3NFzVbT9xwMQwnnb+JzneJB/TxqX0zCuhX/ifBO6r7/d4XhnwEvDm0bjI+syp6a8p0BnkjPLNHPt0oi3H7qFCtyzRsuMtWB5oJvnJvczFU+BqjUX+mUvnlQsbkiAzwRrda8WYanyXfYjgNJJrrB/1rtUzyWoeKTJxU0T5JjLPUlyYaofmm0DZ3swwbOJngJTqvDcWvDJgZ83a2SWp81ETm+E6Q7d0w2zD4+6QLFz49xore5xcMhLRR84s9eyscuuWT1dhxA0U/ySQ6a71DbMyMBN9P9wwzHNx/3YmXhlgBxFWqquGIzj0ivB5sN4JWrkIYsSYtPJG3+Q5GWKRz7aQUKTvtn1CnVI9vDybOhOxeqU32gyO/UqTt/U6dYcRrxfv8ndSqeHcnovlr0Ya+r6IO4VJ95IO0GtPUj74WWqKvoBPlOEVU3loxor61lVtNrufBpTfMtrY6Kjwelz4nsTqsLle+JTVYNlI8tBTy+LptFw4webbBOkl4QF73kfl5C+vuEpzUOKTRXSNumTunOQ+lBM/rVIZNBMZ7p/iGxkrHzXn+Pdy5mJ+MqK+WK5zQzD3ibNYrLmPK9bMM/RIGo6QncbNadnXwxyx5n21oASiLdAZ1mn6C39FvkKi8fEn77+PamZVVkOSWU2a0gDQUYuo9ZcKJIvDVPjlpzlHpEYCzIPegip9hQ4ndZpCWUMKEWnwCaaJHHlG4Q7bocIEFMLxI1KAi1EpvFj7Q1XVYNPti+PsXeJSuCICw6SVlB5wckIHD75ApAkWroTGX3lCUJ6f7cWJhDuQcLL406SeJRTvRKE8pJHx8mWpJa3JRBxNwuXk0vCzlgSbW02Q2A57QX4mmF6MVC27iRdeaAFyQo+uS1RfdJdMSlMKKMZMo/8reHtgs8dYyV9pulKJ3u6QpGxRuw256jaQoH7sb/9sAl7+HRcydF4dDj2dmrGeoXRNLfMuYz7BMkQ3WJQHhCDxMGwBbmxJU6+Pn59ZeCDWN1OQMDCdyLSQhc4TyUfCKSR4FOhtIrlUMAIZavNKgpn7HHXl2eLf/5UZniTtnDWP5JxkZZcJcGNGkL+5sTrOt+iZekzKdYZCLNkAvFkWNGtnNCDamScalhO4h9rN0nO3hhllSR+MngWm16rLoryqApTI9YCFGnL16dz2HnWGwdxtxp7v1J8G52Jpf/ow3ue7cTBuTg3QtMwVU5Udf49YKz255OMXciA/j2zH1oNAKr9daqNOqAW1yzGYgyWeBKWKryz8NKAr5Dp1jzU1e3oVMXsZa0WGbBRZr0BwF0qp63toScbw62puplmhOkq2WFoO31tmoro6zRhdsWrLdPzYLuOQeqwg/uBoSQlQS5Ks4gjCTJBPYsbEOn3orrxzGrCYGnmO1ZXbxY8qT+yXgtYNT9FChZ0QKxYNWSgVefN6vmLheSghvZOQ57yjPJ3xO0/ww6lbxT4G5FSg94B+R0SnTT2Ox/Q6dEtfWZy9m/53T52iC/KoxD45ueNSdTSGmgPRU5SPKvdyx6+PEYjptuLmSO+D3NbwgKgJReYFqGuDKB/OA1LVKS032P1GwZSvE1rZVNCQljAplEGP9XzhV1OlY2Ga8cJq/UUR7QMddD71EkOQtAGKAhM+qlRAA66Vjev1xDyLkdtkeMlV3lGEeLRJrE5zhiZrKGEGetF36DShhdjlhkgv6hsNAm8wYe/2glelZ+wbCal47EoIV2LqQNeOG55GBhv/SmCMHAuOrp5X8EDiFuu5682w+rzONqX4M12kmXYz4aiklY6x/6PwZ30tj/MoiIutut8zwGgE01CpXcsNSRHqEWL6Z8bEwLTubG+Xyf2gFsrEf5kHRnXzlkItO4M3wlRRRiWZp7WVPrP9x+dyrk6mygJS0cHjw+4bPQtj9q0KkJXPjUwso8g45GI+FVHwAfRrQUN3TDRtej1Chapeuj84s6z2LEjWLfWvUQ4E1FZcrg2W/4dheAWnwYedwqD4yYFS7PpPyP3ZKPnRI9tAj2a9H7XiUGMVEfxJDyCCZyKePMA7wpR8YtzucXCbXIYGLu78eh4ri3Znfbt/0eB7Qy2Gxm8uDZpDPlgelZracwqyP6SGiWHuqQg82LUlC62nP0SK823Xegc8MRtWl+8alJz8exNssYdcpjp3gpkixAJdesIOfJOb7HXlnXk9LJqQWqV8/p5dRIthaapTNp6k3DHh7j86Q0S/evMVqihrE4VpHcnYMAH2opcqmYmdVVuzdk8GFV2NFRzGfDvyvDh71+/E5c2kf8q6hj/fe8BQKB/LrnrcGans50tamOYpMmU3z+k9PdK+horXE1IQijV9Fia7Qyd7E6guUqp14NSqrEJF2iJPdfpWBeVPSbzoXI+eaYHSrMaW3MqU+T7YhHS3JwQOJQwAUKWP2uu2F9o5Pct93nDxCTYIT/27gFvsxzLtP/IEXTMCfOxUQXBFwhNpqhOt5+fgXaJKuWmXJk8b80jM8vymVQmLCFpH3/GbYo+v2/ciX/xOMKoFOdLXfoDlbO0Sf50swe6ZmKfQIWR1xRiaq4k//RwUM+TG78q0IlSTZBGV4SRRwyanCzY8QSSsPcnZuAMAc80u6FGbKH2DqlF9A3vAQHGMrF6lIxGcf7NOIrXFUohOyKXyg8wihNFkMCd6ury/gnG+SSKUsGuq9VJY/msw+vR8HjShk75B+8WV+hSBJx2LCV5AG8gDSO4UoGEU82B67OmHlx1Nw9jm9OOjK9GovJjb3FAEX1nHuoxtrYSeDh4vvIi0934G4mE/gOZX/a/X9kJpwFi33dLtEOelfsZL1lD1oC1h7pTu+T6jxz3gLXm5fyN3UqDamsYwDvjSdP1G9Tp/JG5GLJ93oE1KmM0hR+FPEXdaowUwunDB+XElCnQLB0pitKlsy61mTt9ZaHfHND6UJa3kZRg0ibHKh39WREe5w8Jqnkw0Z395Sac9ORmIKXqR5ygItww5HOUm4fNF4Kasd2Jjgu6GjEh3LUcB8AF0OolWbCREvmQGRNGT5kPaXtDxlv2qBP8/HMHvjHvhhhef6VkL8+fuDHjcS+R1LblRrHbObiHvVgT2RevujlS08Eg/f35I/mnD7biD6VoB40rVjon1vwDOQ8IIRN/ReN8AJd1smjNKH9O63Xs5r7k/3voksNZSMAahbHXWyEsDQ36IwXBsHRvNmMOO8+j7tY7skyxOBUNH2/XTqhrnlIJW7/0wqV7o6g3zjsNwX+pmcjvL6qSM4q+B69POAAqCDmKlpybF4h1Fi778aLNzdItEpSyJNv8NRU25Ci5n4hyAbZmUDSMc9sh253gV+Jjc0q/d+7wO+e+SfpsGNqAjOxu3/woQ7OdfAm4MGj6aNSQWTn80ZGURFi0LuigKa/uo3TwyiEhIxTnXLky6/csNp0zosMbAXpNZo37zSv1YwWOYwNvsrO2rrbgeFawdfVN8nvIppCCppIgxi//r7X2N5WdruZDFLyvmYwdf2q6HfoFHMP1VgAnap+XSC5px0Mdw6av5051C9Lmf83dIr5HTpF2YZOSUavXmPbiKT9BZ3CYIoj/KipwW09fH/6G9RmAyEpsJn/EKxEPCQ4DJq1V93QG0MHW4AnX3P97Oz2k9ecKxT1+jdCL/9QjnVqFbqLLFuFi5u89YnNjUjQdpfNXeznNeE4k4VeAE52SomoIphj+SpVl92en8cbatHfipZqG5QdiQGtLA+MFI8j0BUUphd3Aa17062SUrsvsvADwtD+sRD03NVQYtDHBjnR8VuxKl+/MaQGldCikb0us2ofn+fldWgeBJI939wgqRWSUjGxkojxrLZBNaAzE+YpaCwtRdLzsZKhTJiJw8iLwTJIGKfnnsWrQZe5Yh4dNxLGPmxcECusyH81TrfGf6Tk++9PimBn8rRt9o6ATGlkGNIzT1T7csljXXcpqc6f3adPxelrRjUlqCNYZOdh67+pU6IRZnYK2iYrQ9ldYab/O3UKOSKgToH+TZ2iUMUmOP+hTg10qYmq15yGquifk3OI14qc6gyUCln5ZvmqGeyaB/hJPUpD4tJ/NRRKf28oRIkRowNIvDC39ayGiYrYUrP/e0chX1T//j+TR66ZiNf58txYuVW4fHUW0bWZU2/j1anIfq1+KyDq4THzgN685WzoXYCJEvza8bfjt1a/qjrnpL/QD+WLDR1FB8Xa9gYvvj/xe0/stnsbeYGEaSo8RVFL7mHP+efPXDADBK0oJBnBObjFMV5LRqScltPVE2KaORnqSKebutUq32ofhkze2A1/I39x6qRUtAu6l+mETY336298ntEXeaOAqRhRoT7zJuiO19uTI5oIXUAQga94B3wiUxadwUDqGJxzpC2VJ81IyidFMFTGWm/vyYdM7BA8oB2t5//RoTwTHEp9rqCOl2g5vked/ZjNNyp/YafOG0FautjRBvCrtvCm5HBl8Rv52lfGo+vF5M5nHvN56jRXskgatCacV0rUDv83duq+Xz9cldGHTZWsmD0bfQ/AOT8uwE6RBNip4kipxWBiVRSq31u8q+mJaMh+EQMP0eY0TQ9vkiY8SNlQDnLWqSRM3lwGD4zfsRej5dffvsdrcLS2NIoWSj6RqAvlv8f1ix88A5apqbBDnPkbQlhOPHve7GwTeNcg49MOVsk+b73zg/+/kx/u3Tz5unQbrAwN9hd26u02dspzGzt1vtlWzei/sVO2f2GnMNvYqYUjbXIwVbQ64i/s1HnWvF//K9iFeGEqhiSOZ3xUO4tO/k1KOBPuISwytMsn/8mlQ/AnmeHcoykHkqQp9x0w/Ac6kvcEhuqhvLmo8eUmSdJwXIzsjEmoAMVqZA51we5XGdkFrzqSC/FgEtUEx8zMU88N9/JHUvJPr3dtrxTkQMF6V/9R3lgw8znaKTr0YO8n3pZ5kSB480LcQIqNvpUiSHYecI4Nf3u79CUhRV8W4RdF9yjrHuqRz+MHcUVNLQG5oqgBrCTFTTpFBmaySYx+c6wpJcpjYvkI7BCcCYLASY+xFXNlEB9pBtlahAlDa8d09zeYlRaoEHcC4ezz1fuAkionAg0dviGdW1gGuaByT4Oipq8kDNnJNK3AylwImwHLiACIIJhWIXd8rYoj+wB4blUcW0irtuG8nyeKmRVT5790n1wQD6Kb5XBzTVA/lW+HKJMC+tSumB0B/zhReCRqR4BvXbtwuQb56toTyWA9v8gD9/rMFz/WJqgXuou29+THdw742ok2vTA6Pke5N4K1pgItRq4KU5IZZK1ZDRKbAMzc2ySrSOIRHOffvJicp2Qqg0n1V0UR85BeUYjh2VW+YppXKbrhXdk0tqcxrcGmJyjEjT0mcQAep+mb2/P5m9F9mYxfS3NnwA+fzGm1KiXqcsaKa33m5ROndk/KriMBcxz7nHS1/uL0kI5o51wv2Yo1lnFDLeNjYSj/f4eRFoClHhk81PmnmY2I/Vce6miNbuwaDFKfZbNfH7x1NubOMy2wXwz/gVpBCSWIkghpxN8sqMCC+som1X4HO0UwEdNkmc04YuTBUXNej1Ua4dFtActpPWD384zszLu5KXAQ+2a4JbJJJI+h8u1qwkz/CcfZIE37SwUdA8jxwNDf5VNIUTsjQg1jNX2XgDTjz7LFpwr3wWZIULo23XlJHA4upJ5PhYI5YZeYFsnGWxdHkJ516ngQgMNsNgM725C6mPkLyolsTPQm36v6eG5nze88fMUXX5dc/pn42i3QG5GaDg9DwtrL34Ond3df/RR9d+jAjW7VovyOZ1qpl2OlJbUk4fAxhAMAiOsWOq4Yokv2w/oNjCCRflUxAszTop4ugin1HfPU/aY21WS1tXupEx0pwDwZ+gbOO2TaxdPc4EW4q4bhjS7VZ0/kzIxlkeQfddf+ygnbtzDW5ZBZ8zFRq0nulBhUamZR4pHkw/3NvDAxQvFi0DRJ7sNI6uR5vrLBFQ4nGudeLFOuQqy7OGJ1EVargXeovvJCxZggQt51rPAWj4XHXrn0PxC2ZlirjJw1Vq6YZG6X/NO3nuUkipkoIvziYyWDL3Nj3UQ6PVNpsjXy4NIEv37ad2LToe/EpqB5NBopIDZ1aPWu6s4XfoBkfCc2DWVCfBZSaBX9vAXgir2A2KQg054JJy+5SGml1TJf73qHVemwPbEemlUmB8wZ0qildzUNvND0fdhmi0r3FxCbOoMxj0DUtP8QmzDRQTbNAd+JTUYdzZjltm6tXYPm+75vrxwX/keKS8DQnr41JywI4YMYFU5hiY9vJe6z6pRzdlfuFD/tTb9I3QJOK4roJ7VAwWwDpm1xpFYZKCUbcX9iOTvlAZnWHxy7ntMmC4B5L1jaDVWQXb51VSwTemM2TgDclyW9UD0EUWZ+XpZU3LHIUr9kxCWRAzsOOcw102JKFbWqP6r8bmvzqnSZUKAkyVRFbIzujNs46dhR60r3X5snlITR2FkNUBQzKGfR3s+P204729F+z2g8t5MtRKvYKXHzYOFmsspP18v+kYkACiZ1LySvbitxUragyljVknFKHJgX/DvrU7bansL4SUd6qiwRBLc5YvJW2ng8NmBkwCe6IRNrSdLsdNMtlIQTiwVYJEVXpCFT69WqNp223m9Jar7KvVNllTQRq0vkuds2V8esZwo5EEr2fNaKFUL8sq/wNziyVhLZd0QMVykt9PD93ERMAhQJjaI1nDR1ZDq+qwVZQ0DRMLR0WFD17UTQeO4AJWuBB5rHX+NrFOR4K61a0m+eZC03zxf6qjcP8gWWMcZVF/iKLONt5qs48finFWjtiReB/8BWXHb8IEgIS/cZPgzxaR/da1sS4S7dLf/2tzU94xaw9GU56vTZToXDDYPqIeQTItBhSkVpXucJazRSbqXVyRRfr8sCbdONKNt0o75/0404GAHdSG6OPHOdmwWaNrMj8iiO75RpiJyurBShdGtmuhV5zJFyZJ/4OlB0wfhweMVizLhik7QHvV56lyd0QJusIARQ577ONberuRGuCc0aSgX1S3f0NeToKYOIb07Bx6WAc8WRha6mIrDjg7jI8UErddeJ03Wgiv+JgtuFj7c5FomWztF0+FqjoB/1zfFbDVGUZ+oZj288Ke3uluJRYkv3hhDKDSOvCqs/JfaZ97R8jEioQHOllhPCbxh1GcWq9yrKQQlewheerzXDrqXH29iMrJ5feRaeYuTFKSYNgpq2moeDHlrZ2Xps7rhYALUQuw7Nt3TWm5euauqNO+meA0zsVS+z7HSrdZs/969C5/kaGWhOdOoV6E69E/57dh5cal/EVyf12SSeO3t2HUOTohKz1BZRrIVuZEAeZe0d5Pn/Yu69g5puu7VRQQRUepcWioBKE5EqIdJBmvQOAgpK772KSG8ivUknVAMivSf0XoMgHYFQAwRCSTjw7P3u851v5nz7eZ/ZM+f8R2ZIZrJ+a13ruta67jv7kOFxaODU94gPqM7ZT8I98rUGHwvK4qbXnAh3cDUExKlqViI41Py/GG6WC4VPjWbj/bB5rA7sDaXKAMmex/fwmKsyIincUH27O6wjHJ9ZpfRID6FsPfJ8/odYaEnbOYfWYLZ8HfTj/lylyQJzihwhGmas6CWMK99OSIfD/gYvOoj86b/x4ock7h87IZLVCLx5oNZx/HOWpU7KwbuQFX1O1+WBs4R5lvvO8VIk0pK26xD5cOpi8owdqCalebcan4Tc9HiiISIu1uzia2wW43S/FqBiKyxG1A01Ex0nRYwHjBs4KomIc/3Aj6iSmFbMDsuuirD/+T04+V7YO0pG2ZcaWmFk385uU72BPlZ/+ViP5Rl39nlpfmspPxuvoHSg3+E1WdrlBoeS5ewbCURaqxJ/Ep3q6Q557R/+4zCR3STg8Ds3Fzj0UdWlMUJd8rb5PpTdtWCMg9zpIi3IaEkDBWhL1QuFyf/78fiPFy/LWN4M666aq86DCOv3i5H29GxTnQJUYKphVg9nwndhOeHhZeFqzLdz6iPTdRLFV14/Y5/8tKhfQYpsMKlNijLzVbJhLYdMJGKJVlybThIGOSo5/KH52jwNO+oeqELhj1n6Kw+h74cGWZibTgqxpYnGqrRCH3ysUET2au61YlYk/TjPtaQC1vvCTAgekjDl8r3Zmta3O1wXdyaaSuFfDLscLO1QiV5xMRESCznfaNjcAWgA7Sj8JlfvJz0ACEKim2k8YFy1o+s9ClcG4/oSkCWCglnN2zhtqTO3uq3+cUy4/4qJlCre/G+tY4IP0Wq3Y1kuFfGyWYzlhtD6tsP+B6Tr7KCZvhG5t7q9lRSwEuGac4p8n0FEqJmM8FCkJT/0jXVRZW/r4Hpe62A4ogzffVnnDx158TmiyhTKXtpjbJpP+H4P9GR+3u+wpKNb7CtJ/KS0NQ2heL2Fy0fwrfEO6vxGKBsa5xbuk5qTKlEr1IRqrWEZSLBhXVZ/FpwrDj9u3yo0RKgzdpYTyBBJVyLe5APowFVWsO+6xLMluYxZQmmRRyPJfxwiguZoQwrFcQMEqmKjKv5h4dAFT79sz6zozk2vDxxr9b8Aah6PPpcvwlEga2WTkHYmHIMNQRWIhJEPxpa5qjlJEobLGXdKOUzZAqbY9LwntQKPm0EeLi5t52W6pjc/zSBfC03SZqyd/Msy8t3quy6vhY4gWK75RE51asAaBv550j9vl2ugHEqPK93YblER4rzkVyOeuYMbwXhYK6/wlov5FrkbXg7zM/cpgIntUJ92OGLT/EtiT02y+ka8KgbJjq41s2EpR5bxY3q5knOxbEecWuRloijNWASF+pXah+OnOCK5o0FoWDOO086zf4omKuZ4g7M2jN8e4Hgq9pPh0LayzMuIflyhf9UzHL/msYX+SrrxWmxF1GL1xOi8XUe7RQKQMw1V5qIBSAN3EKwm/uFJ/ODQ+ChiNt48bClskEXtrDRlRpPJp1SeOWfDUkE7xeswvtkqqzDiSvNHoWarwLSdSlg8gKFzEOctLV3/ajtRbxnuIzCHhoRgnjju53OEnGSjyyR7HZcnuUymzZgZVH8WqaRNmeEiOw3rMd0Etw7Cw98VBZjKiCESTvWyfQQoFwViYBMi5m3PjWxYlmiP6Nvhdv+sWoLI39+5iYVEye6v2lX8+Y4Pfon4UO36z054y2TV8rSLz8Ch32lAGsa9EZVsNAzNMofL9Jr3WRUarWap1DNdvuaczgSEa/Ehw09UJfxera+y0+TyOxsKCk4CAKjvYH4xRAeP8deoGAkUV7bPGvdN1LQWAvPKtihDDZ/8EnU/fv1Dyj7bnYTRg6SHlbrM/VlSUHtcfAYg04+ZTMVuStHm7tMp7dZzAa0wA5aBbvos4/UJGdLH4NCsNFH/4BKQWGnuebwXeUUaucskwAR4IHiI/WCATlu3zOaOkaPA8bxFouyOd2lhykRrFPPPovMUtyI4SMwoRsGd7SZX6LLwoZr1n8J78w2j3J401SeuMPdXecEgw9udRrJLvJq3K/M+ieJlHN6XOVdAwRLeqhLLApeEXlGFkWaxxnLUoHM2iWSBVFwOHLYnXSrACuRA8r7IaVngvQqulcBpQWF3qfzHrLe42t1Yrr9ScEcw2bQPIa6cIGqN8oCtq5RPaI2d+RY4gm9UfwMzUX1858ktHRFQCGJ5IiRYRdkEP+DhIr9/eEqcxO+8jMnOnuighPOyypNSwXj16GHuZ47PqIHihQ3KbEsnPW/AsUFmg2WrFmX/MCjy34TInlqXIUs4cff2Hvu8p2efCPJ9tMd+qYSkg7FCCarIgkMedT7xeHgqVakjGeBMTp0vOTjZybfHLowq9lwAMLHqCkDZ0SWFLWCQrVcCdCxMSFpCGCawqsUoBq3RlWycPk7JkkCNnBZhXAIOqRKvAdbh5ybLEF88hfst4bD33ZVDz2rkD8r4PaYZ6UxIDd5sjvbprJVkX04+TKFHZExK99uSK2efl+F3lEpFXw6yjVKUAZ9xpzD3q9psGaPdFyRomPps31jGrIkhqjAlccMCRpH7Ag7z9a27c9wtJcuBz66zJjvYfOqfQS4O+2g/YWrNlGjQxHpGQn2gb+HmdV1l4RtLkaux3sljZ2vMi2q/l/KlwxCSngj+3iWkzSghN6UFQFJHdHS/VNCOam4GBdhFvqvQRykX5am1Jsc8YFXHTBkJYiVS/DcgaPKbe5enLK0Cz8R5lYX9FLP1rD90tz2Zjp70eYz7POfum0T4ZJhQJ5G3DikoLpEvp31MhfcvZwn6a8qkpvrsWk/YmzDjshtnyV0h1K1R5HYwRTHWR7+fN6dvCvvFkNBWFiP3bJo23GUyJx1RlQaP/cCT3Hr3f7Q7iyztJeeFFeHg0AZPhLdTf5J5JJUS88DUnFk583Iz3gomRxWsi4SDe9IZpwcJPSoKB9Si8RnlD6mVifLED8EpVhbQCO3AiiT1cjcr1Gv7E52YwFLGlYGLCZkNDdA0L4X9Dw457ZAuyA302lrhe9gbt759QvLk8HEY5+fgkp/t7Z/jztdKHDSVhc+Qj/FBebV+cO0oU79ccpkYvzboe3V0UuLkODO4T4aDJItO8ecmIao3SXHGtDe/zaYEhETEEYO2xSY20wnrMeN24ODrYrK9ZVnzj4uJ+q9i+nZdTMyPz0Oeyxey7rH6KTk/Xr73bOnBSg+fmoXmatPzJTYLmTDL3tcqDgo9XNJ8tsTOVIngzWIs+gg7Dg4Jd1XKRPSHAV7UPrxmOSNoclRP3DCLPOaLYacCBK6tLH7WSW5y0RO3pCUpieqZeZsrpRwq40Jo86GrFFzrhysXZhWzlELKBPqo+lCXhA8QRlNv8axMwYU6Twiyxtaf3xpevu4MRUhAKcNG4/RPCsQPKdWzz8nC4mWIPOwiiz+fD6SoyBnHciEzAR1qPML4ePN8q90x2zmVuWqlhfQ3HOZzpP0/5zBSNxxm9Tre17V0OkEnKHCfL0/0Y+oSPRt8dJk1crG3cT5Z5Q55stcKtIqqj+xLOTp2zaKHc5hd+JPfwxzqnI3VmeySUDWgLIaaHeC+JPMHNWmG6e2Rj/a7/mqHiYaRWoHnpSTCxy4AW0St4g8IDbVS36+H7j8MttZtfSwsFWeW8cgapvBAELaq6iL5BQBDwNR0ekD4znhan/VmsCW7GmQcDAvRCswKNv4kaiGbPpXuFWFhUMYnjBgHjcDiHsUGTFoMJsunuN12uPofbNoRQU2+kczp3TMf2kkHHX+ERhEWkwWwigcQ7xzcW1e32cI3hL3npNUgQY1e0//I0Pl7oAShAPkFEK+y5OFaj5qqV/waW+njLH0X2ex3qkQoamXic3b4YXr5lJa44BmcOmOSTSSnMOW0Z8EuV/+a04lH20DkXd6MksPyLVdHq+/qT+MaLZUQCMqQvoJMIbg5Q2mB4Tr8Vi6TXOBCzBP5lqNfUDBI/OYGVPHbrPJ1p9WVuvcZnPsHLt5YVyRMahL7zQfNCV2LoeXv2grt/H+mnCH/HHHpbxDXS5sSxzOOCvgoBvKh/f6nqBIcz9c+13xF3hnNuhPZ1UsEoByLVhWDg8PijGcHZrz9tx43P+zP/+wwUlh5osxiKzuvOP2Lq7E+q7QKE59/DiUbSDeWFRrtM9+Hh2tcSeCbBAxF6uRQjUvkLn0ls9dkeEvzRvyaxMEbdX63NfATpOi/xHu48zTD9bP7An9Vxhw463aZqNXDuBvrCfnh16gs7I4ckaMfHJwLL0h2OZbT5FXDrFsmr2HGUHJ4uXqibio+dbLtu2UPR5Ku9XIzBaXRP8yPa9oSekNbZISdr/L8L07mg148jBGgrFniYktfvs9mGFX1qKk+FP4A2iH3FcD0hc+2PnzzsMtc2wT5IGJgd1KWKizWzAM1le6HsI1R47u98C6gq+r8qSDZ4WhtnF93lahbhA+E0zRT2WIqh25nR+ZCK+etTbb2nIoW97qQG5n96zdPo5pLZd6w89FOlxKQ4Zp82zwo1ciuCqhODKvEeme95fND9Ay+5hOL1JPEbFVgB780k3i4kKFG+mom5Q7AAEEhbS2M3Mk7zri0VIOJTQdcB+lcHGSU9+0l+Lt/WjKpnX+15JdcFDc+lGuQLcYBxePExT9oZWv0ijqjZxpmdQ5HR44jXWcfG3f5FTHfzjhMUuZ1m50KSRM/S9df+TpQ/msTPaUHWaOUybZZTlTUM5mGCm5caiFscpR4I84tv7WeFOhPlU21aZdA7hEbPRG3qx1aySeQZMpLr6RbESuweQJKi/SzkkVCpe0KrbJ7uqyGygVtKrDo63oq4fMntyA7K+SO9UMp6KkC7fz6k3Lowy2QG7fNFswkdzY7PzE4NUUDQNhkN2IhSWXqG1p7hyrjn+fHp5v8ILjOjxOVsZAJuiR82ZfklkJcWh2hVOY6UM0dJwqDRAIQRd8MG80KuzAADgV/VZM4c2KYMquFdJlo8+5MWlak+nX3GEozfmTSqPT66s1k90uBWTlwXUkPMDQ5JpnGgXZ9bLbRKr99hsOQpU2jSCzclUuOE1opsy4epmkGpJoej5D7njR3h8idteHep+Y2u7W8stggncApq8VNn6BNQmei1niqrvR0onPlH5x6QCRkul1NsjYV4mqFWPNGk1l9bo0PJ++eTOeOqWz9n1SFs8T1IVrdIjcAUtU7SEZLycTMyij96QFA+JOQd7jLtm7iTnkEu0KmLOobzbwsSskGDBKrzrf9OrcZR9rBxfRCQtFuRWZc/VLdzQ8xYvjR5GNW+mS8E8k0fGxKEBz6dS7CvmQR+qNbfZ2YIccApMmQn91+myw4/bSDv93t/SEE5wkBlf4gLj3I1uIBImnSooJxGt2rFTilF+uzhbOkcBhWwmhH4fNdN3CWukx8EPpBvXpD9DvofAM1qbwxKamlz2qo5XjynGXppMz1bNHmBkfon/x88M9Q9Q2eIQGO60/6ONtGHM9TKuBzYod2uSUqNie8Nu4fjYHXf6GXyTvlvqqVi4bBtUMeqOWtpLqSsLtDnbX9K6bMkA05EpeIfOyKSimpoDBKw97m2Vu9gGdJw/LMl+qykM3+sYaDhDgTTK2e3WGu8iG2wQQrP0JlA14jMBe8bktpMk/JpnEpGMRDxNF08VrkrUFWavnz6sykYXCD8UfWSlxarDuhdDYb3zTUfTtH0rMHCcWRk3Iz2ank1zUU6MOCPmxF8L8QgE/mCPm7q7kcYeFTILCcvYu1av52vfOqw4fF7ML/aW4yTpeBLyFd/5HI+UHaMtWrJdUnJCssjArTm4cRUWf21R1yD/EZnInwMrwiDp73pfCDObJSmwNN2ffBfiuwQu1Al4Nt40nKK60LrVYfcJWL64uG8iSZ6GGFbNEc6GP51DX3xKZ3eaq15a9+m5fARpdHZ3lkOs0nE2XYvZkDZBt8yCZZTBtuPXzzTo+pApx0qsClLvSDf1fJuzRRWpkUN8vrbNKMlPiFO92vFIsproZIHwTXC6FwHf8z6pHoJT3S85Fk+VO323tDH35Ovrzux0JBkNl/3I/v/QW3r3viAAAmcbcl/HnWD9FpqToB27x+ssT1n1eYpL/JQV8MzsBhllDS4kQhNua8XnB/SFf492Q1EqT31Q+eT353kd7MHihzq3C9SL4FDj/FdXDxij5lGfARfx2XZ8QEWGK2l9J07dlD76tLxkMRn+kihqzXHGRk8HKrqclgpbE/7vGXtw4TFIgfEhBXPw57y0kDgJy1q6sOKfFa9CWUkNYE6YAsrpkRM8WujsjYlyrR9feBa+RxgKw557KI4Tw/i69hvPvqPLbnyiUgX/rf4yLmi9CPKb9dH1ynDP9tqPK/139yydFsv3NO50eRyP6Du8g/PZQrLSNc0O8JlCtHbwGJj/goodmpuRoHy1Z4eN+63FTK07wnqN2jhmf5klPrTMq/v2zabFBs0q9SvkgNK9vmuRmKK90A1rylUoqj/MXJ7qnK2H4xUpU+XoM8wDDqfgRJYHzCXESoraIxX6QGSbOsYsvKzV1AuEiyLEOoQFR0CbZPuwrkHgEzG3YfdAVn9HzJb+GohXZ8VcWAI+K5szkEzl6bWe0QtkyZWfdU6qN6wh6ZbovbUl7pdHEWTd2v8iAUlrO3J8kSVWpQdy4t9BcQPP6OJ+9A2zvZXUk3dIvIq1/JJve+FyzpQifK60SB2KJPi8cDpefHnDgv1+ySVEx3iS4JUQ0YqgaDIIQBhPVRHLh7tyidggsarzFLnO8n/b+Tee3RIe3f+Dmh9lfMgNNmoGT22Uu38AcbfpIR5CWf28+j6qLsUxwAL/hnJBtHbid1W1xLUaO/ChcUAcWEBL0QjRmjrEFLkZhRmH9+kdrW+yEr0R2yRXxLPE9IHM/YmRz8OMcrrZ+VZswQ4h3oYrCaWALymEqOS9P325HyLg3mHelQAw5t/vLVVM4DPiEhaDwpftCE0Cg2ZBYYoqD/qX1IbydOINvKiGehH+VluGD2UCuIxqk0DZAtYfNY0uy+BGrG0L1kKKZ6UotI0JnMhnyX3ARIVZU5z5Vh4Qpw3xp6WZKPrf7g2LiliwGXpZeGVGjRm1DeD3iZzitEdhDlTfzG7t9arQRvMQdfLDwA6LU8k9wLuB8ZDCO8dCKHO6SdIAeydy23C2W7zpYtlhMZgn8G3fCEwHvXSkMhEstCTFh/HjxMpEdmzsdVEWmklOkSLkNLKtA2JJym7B4+QGAsO014ZjjwGbivTmQrGrMZqaW6swl9fd9cHfoHCY/QIrK9/AWy3b3zonHaO3Dl4STlTHUzSBKhotEnsjjfKf6UQVZbK2yZBcrC+LJdcDv+kFKmlaT01/p25sMyunMwl/toBCW8HByiWnMiTwxkdLssr9W7fhgyk4Cmc9rYY1Ix8S4eJb3Ay8nQN0atIjYlsT6lIAii6tdxWNAcx++guRGRJc6HNuH/QK6r1BG+bAZeNTgLOTaZeC97QPrZdi1m7/ySO/Weg3W6yg8KGjWl8kKIf3XIf78O763g474dAeGxnla6F6zy0dF0x2ef0CPXJQ/o4oKCFF4WgqkcYMCAFhLOFV1pyyjy1NK/5Et9DYNTm5rBwX1y0zXoC6oEmhx07IpINafuvMz6AB9zvsPAVKNEtgTiZnKBARdKuCEZwB30GkAbMu6mQ+0cUTcblk1Cb4Q60UfS7Ie+ev4IiwnJ1K1cRhT/fhgTKw1wnx+A5bx/x+iJnenL3BrvqaRsx/QA+J17tned10pNSZLtoH8E2Ar/CK0TvAku8/+izuONCFNFUYeRVvOQxvu/mfHWNtuw4M0yALqaXJRTl51Hsqdgz/M6qnwmU4HXqYFRbVdVnCT7ByOi1D0yumPYJ9FlpLPzQMYoLUJ5n3nXIgpQG0ec8h5w5FG+f9RPOPie0E+Sc6XvtLtH5ooJoN5GmlXUutMofSHquEoy5s/8SJjm+tOKhG9WhczICLx51seW2vTN7yN4BqIYxIWRNImGmz7sL1Uqu4S+fuuS0yZGvGFX4M9cd6fuKseuCFnITGoJlCbNReT/PBdkh1Opt55vNNpBa8xQ5FxaHsjHBspfy3yOC/Eh1Y9/+vH6JlpF/tDuxynKFu7BwSs/nldnlAmjUuy3lr/12c/qk6jL99wjuY+xJZwQMuutkde7BTQC8HAdSUj/O93YQ+Q2DrgtvOF45Gh9A994feOiqwoL7wuzK8OsYRIbwgtbT2Sx5R+OD4jr74biQ/n/EAdZpvx76SpCaHyEQKNRMos9m/sIx7ONstq437oOAKC4jNB1ggKYcfcDhVnxL1395r+2KrhsfU0VDYRbFImy+Mfp3zyPxr/ysflaLS0qP1gswAG95rdaka0ejigpP8uNM5OQcWuBa9xmJTCvMISvpcTQLZi0W0J7XvvPHmIPB5I7o86PRxajNxmh+avWw0cw8KTpAetkbqtoRn9KDp0d9LHwPj+DoBgRSt0m4boF2A1R3FN5vPz9Vm762R84zxucSJJIM1IpSbtqrlrZUjmFA1ZcWcjg8QwtrsAxK4lGIJBwBWkLOu4J661MX8vbkMEc6f9OVq6QEOaNwp5btKtnuxgI/tBzW5YmyfPpZ/eIfd6omvp02QqXZ4r8Gizdje2E/j2wJAiW2buSrPQy+PG50X+/WfNCFN2za5kglkt1Eys6SRdpY2Qnun4Xdb7ITVC1IMm3+IqKcfXtdVea/I/lWybfYjQJk/hOcl5YAXIXKlVd/6n5W27URm/0QZeZh5VomJNIEhdTK+vPy1AN75WHCHVfr9y3pGcM99fXMUkp0lH+AmUg8YBzdkScmpnfL1LJ6WNr3cCdcAtqftN3e7QjmpLrd4ub2/wGM5Ux1FEtfZ2cRk8mR83TZjPtzuTvsGDcnNxwPqqG9W+TdxkGwDb8D71QD2MZ2+VSgGDY7e7Y97rAXRyA+MXw0ZEXbBygwSjwi9LHVMFagwnziVayXwc4tEOas2KtLI43H4CnX8q+RHuEqIfb/Fus0B4QzN8tv+PT44k88H19D/F262wOhmRwC3enodWRYh65/ueg9iOASvhRDj2tY+CzrQurI45fMN4XQ4xH7T8hN4wS8VdKhk8Q1/sWXHje/fyvuwA2WT/4AQWUP2knkxksM7OtGHeyU3XUOqlcFs/LM3ZGscqcNQe3F9ea8ghtAMdgroOrkO2YcKvZH7pAK7vSqNgYoOJMpgqsFTpQUOwGo8w33VxHv47K9ULNpKMPsX2TErljX+ObScQZ3ubfCnozsAt3++7HGRaCiIeu1xpwZ9P54eID8oyZJV6yn7O97OHX2PWbXojo2x1/V0wig0EKapu1vn1yzp3ToqinJklZRd/QYnxKXM8i9AAZdfb2VvXcTYye3mY9aIuTjOSubOTEXix65tnOVDovYS+6KYA+gy+5jjX+TpYCKHDZ5VXDdx3OJE0Z8WNy1epRJ8eq4rIv6PBuYNGG7Smr/1wmFl7vU7dc2fC+qd53Js1iWeySWJtS9EV0O5X0TabiiCHxb/bm8c/liztI/T+LRsQ7Gxx1cphp3idn1RUUU2zlJEhQr9VJbFzRpyj2OnN/4bBgxp/3y7Iijb40ZWbadEmxtM2mlF8w4IQTCOZgMmIuwwhogTYcit4BWUk1Ap2Nt8tVL/UYHC0M5UQzxrqfU+LNfq21E6fzR95lcXDXYbw1mPmZRD4Wwf3Zi5nPGVcFmAquYm7Iyoau5n9u9XIr45Fc0RGpShwsdC254ukrwqIjuHIwbJMagdOdt9vObfkHJ6UPsdAvXBoSAspFDE6OyV2uHDcKDwql+Wv/oEyuCPJd+RjFV/mopv3yqIf/5HdT5wJj164nSbTnom8bGyrejJnOdUjIOhQTwipj0ZSzx2gWcKbTJ7JdXtMdlOEYraNn0PA2I/mV1shz3lPEwt/hpj/krt8osn9hAjzchbS8gAaURcU+tT/d2JN/4yO1dJ7So5BTLCcVGfTp4iC79a6nj3fAwsZx1A3x8vV4gOP5vn8J3/haMj2PDCMsfh0igoteJns26p0QEqVI1DiNLpFi/Jg9cyZcscxSyhyAf7b2baJKQj1gNzQdUXVeHsGeYghd0eJFx68Ejpv5r81kw06hw6+zCnTXc0oJMOCokjabp1opmA9qNkeyDPamJwU8iO8CU5Qssm8UfjgzfaGTDWCiYhAoTZjhq2INOoI3k9T2dsirAt9PKRV9eR0iCtN8QYvqtVXsCSvBbzh+/dcVOtElkpKfhMTFdmrnq5jZNjxUBIAUd0sd/zey+uMWzsItvoadSGrqZBOrNK+l7GDqkz90J1frrEh0orpOgeQFNB8Ct4jShZNeoDScr26T6sD1jNyT6o+msdQnH8zfI9KKYMy/J/7OwJyB0C6ht460jctHCjqb4RnOpEdm/81+Z6zpKe7Efdzbi4wALhDRSKmasFmeicRXxfqbbDEkvZl9hPHSfqt1XAyouxl/ENYTzkt5fRpsfjDK01kSXtun01tAW98oJAbXvm3b+of4jhBUQ5ZL11EiFWYuO/M60MpujWUyoVc+2maJndm8u5Le6eFWnKqAUkWdrv9uSpoUSZ6ETxkowO0stbaIC5PgF+eezIkt+6yqUkY7zPlDTLh0iOKhif8PzjCZN7ThkWO5qdTqPM6Im31ohVT555OH33SUvRFSfAXwS9bxMAmru7Yr4SnfytQdrEm9+QSI7jb6xHPRiAm7bCWecsljpvjTLE6eN3JQaC96YO3uHpQ8uS6Me1Exf8EHDesozd16BrtqOaf7Dg2DzwZ4kNMMVUkZxX2/8OY/4DZl/Pdy7JrEia5h91cj3WyLoWtGrMuzhM8BwS4Uex1bwlsDdR/zLAX+tTl2LlF7uLSXlscq8bJ9nfilWjh1z7O0+2bDcWv4BvWhRC5khwbc6o6PwkNzwt8kZunbsA3C+0KLew19NO/nWCBtc8YjOkYMvRH5Qpjv5GGV2HSkQEnwtw1nb2YhpDPfrhwmqYe+72j0SAgyRCM8qrn83e5jCOEjGwQZ7vPAINxo0fW7j9bvyVrBtMzcJ/VQcgVT6grnq4k5Eoj3Zkq8n9B+i5EaErY2LFCwpDDzJ4RMQVIO49ZhYpiJmBKvrPf6hmbg4QNC35mcpcGEY74IvKkRPONvYL7/26cTnMxyE8ymvQbPSwws5UlsrddMJXLSMklkVRdP7U7I3XotnLd1/33vfJrF7jRUtrra7gvLjRD96RkG5ye/w3tTOozB25SQlpGJUW/EGsLeKvK27tFpysHBvAtedwwDrUxYAF2XQnQ4nwlNlBytwac5VSNTL/Hym80rwHAFK9XuD4pxnCAD08TmKhY6kUC2o5Q8Wr5FlKVK33Nga0BDdSbL0yfJw748yOW87LbxDx/ZLa0wvvylrHnfPCYr+9iaLGeuNu4tnzPvFjtzoUXfu8DqMv5a8h0oBRervK0VPhJey4/Sy1qzaSxRmhAss37vWlo2JOD6muRb2r1DbnXJHXEW501Cdxzlum6LRP6ZCMuSVr8zyTVrXWIrC6qU7dK+B5OgETnrq3CEeeJSPrNZySA6NeLdWu13bklwKB9I8nzkS/dKxB0Qy1Ay/c18E/+psLo73h6dl17mzEZeZOvFfpM64+XA7Sc7E4nmo986IEfMvjp23lM6urFl/G3lnZLs9D/hPk3onaMR7tiTOuvsa252nJ/bCfxN/4sN5xTJlR2NIRX/gTtRo3Zlv1NLkDP9dBd2XQRXRM23/wbTeRAsZaYSTl2J5pOXASpVH73aXY1WtW5eFJrKGr6iD/4Q0v4hLjZqzjTsnHLsMcRxQcLrz6akutp+mvCFy8zjqPYeQCCFnqmrfTTTi5+PiO6eDE6oZVWrVtuQgs71jc+LuVdAji1Mi/4iSDmJM+ss92l959D11V4zJpqWaSORgVSkzjVoXUVT3gxsMVL0+RNLd+4GPMRVj6fl+d/9b9NKZuXuwHANeysUrPL/5IDzdv1qKZuJKGvzIY8rYXb1jmH71nBV4uR61JePz7DxWvyl5v0sA5bNpUjzGFLyl+L1Ftp6+4+Qt2/haVvtmjkPQp+yNLL9Hz1w70FvClrTqbsMhd7mf3Zxm377ZBhklN7EgetgRpSMIPyPgZCaP57DngiLGhAzGNkdBvBxYnRdI6c+2eo7GG7ah1kZOWhB1oV09x/Uodoabh7ytH6xnt/5ljW1gu/GYlVGkFHwq1WiIdayBddFzJ0xf/j35bEG1w20zjn218aGr7xRw+NWMWsbRsPYv7NCsMLD82g6uqhfV31/m1x5ZJEPf09I6xzYE+30LKeD8AcTHudD/JFYkUCAY6Cmwv6se+iJwFLxaw8ewXu4caAzbUbfzj7krHViQNgIzOASG/BqYKkDAIVwZTPytx4fvlU+NW3TywwcNoAcSN9XFfaQJ7wBTXUB56t6Du+4604Uk/DhIBHQyuZICGWVpRWhBAjAU70FZKytVBnZsgzE4DrKzbKXpXKVhyXF2E3vwJ21tQCUXkUzH2ZLIdomghssagMGCYWzE5gPvakwhJZaaUZ57Uall6aMRGrZ7yY1zErXJN8TwvvkFgwzJFhtP7NyF529QyG2ZhsT26smcYttk1AS+BZRCmqcTk8Ek02NdT3kirPmzRlmzThfVTiwbZt8qb+q99fFTzIYuT+qRWy6zohCximObGzW+Kb5/7LPE9Ihf4rjWdoJnMpICzIiOKse4KEknRd0ilxapKhGbI7l52txBaj85P3Ql/ZrWqmZ4W9Itjev2J0WX6xaZmCdXiHWfmVZRbrThBm+EcBNImzGDnMhZwJJ4nint2h+06aVPWtPxif3wobchVwxJbYu7v32L4L7PB5zoVeprSFmPxgSWYQ20BrTiSxoe6eY25I5NbzzLDY5DWeVCdP9Jt3mvCrLn7Fmeq6gDKvAOMQ2bGQj2xyHZtOP5xnGn+HuxVNx4fL5SdWH+ZFH2D5ieiHzZa5wVUuS36E/l0Zc2KGtkNRYbmrgCPlBtdnNAsk62VXJPD6l0KKdw+gSMRP1/byMRjBEdL0s+/yhHpgEqMMeN3I0ZXZzL1Wf7bRBOppfzujJOoPlULcb4RmEdZDxpUdwqQTJYFDzk6AvhhQwQfZS9jclVaZr+dwKQBdfF1oBKJgGIxedxJQjKwR5HIb5EhbXMqrlnwYhHygX3YF/DYldwySFqYegYz/wXNPQi8L/svv8AccGXfcspkPwr1G8efH6uXvXj0zykvO5IE7d3Tdik/89AyYlCl4QCaAdeajJ8p+AmHtPBeTyZ4of2ju2mCzcPOUDtMgXavw6rVvEiNu2f/HK2HWGQU7KQVHyYhRlEUackulCHMCSpObrZjx/In6cGY6inMVs+X+7a1Ckh7eA3X/hDNVoi6hbCGhCkBc9xzndrmqLNTlBe19uL149RmU4tg47XzrGRtQGNlvx/NzMQ3YQyKzMtkkCaE39lPzO1vUK64V8TqIzHJuFra4h9Yu9vPbgrM2llmoOYoC4PmQCzUkcDl6hOmSD0Q9/QydfkwQhZyJn1vs9UCHhBZV40pnve3eq+EwbrWy+XTepQsb1DUwtYOWrMikeoDY8TB18WUADGURHsNOaW5WAJBHmWmYukyEG9Y9oGbwRVUfxVc0FNNJq3lcRlUXqVDbg96uT5qvhwiVDNcPBXcPLt1QhhlxadwkvCRvOOvo2cDqgujEFya2p2lpniB4VJqtgHgZbN5ckdVJgQQGNh9XK8Z087FrJZ8R2cc30IKEYIq6SGf3gZqNyOXgocFRMFvUQd+8W4/8KqyrtWeep6kOxnEvTufa4Dl1m7pxLwtFxLf89DAaUEH5dDLiA4wjC2FylGVIDCk6D62BcZtGP7dGbQN9unBfl+oZGac8Io8/+XMAPvs1Zrs0k9g4PuOWI4J/MevQ/R+PoPJB0kbZzIb6sEEfy1ktbnGc4IuZAw5L7H69lT5/LAB9lfk90REcI6JGKVnqQ7xgsMFyZv01z1+KmoW9XNkr8yfJc+KLafyV5/ugECwtGnsxdJT1WE8fCRZ2uMK+2H2gIWJch1f/Lwcmv4nSXPEGhlmZL28OZCwb8aoaMtMyaCa0LbzcqkMcWhfy/ODilTIZWAi0mmCdlnFd0q61Ag5MT9G12ZwGubefFoz5sWGugpRbt83QKXCdcFYLx9AfkdIyE5hVhLK+fa6m3MjoF5xJwAGxvFXBeS+d/+TfTIrji9K2muooJbqcli8I4a0fFqlwiFBR6J3gby5FKveZDD3T0fKce9HLJ+1KkiaRFMvv99EiRbd+N69Bkuq5NvZ4723dIzZj8mRs4p41cUKIeNbfH52s8Dp6fOP32OTcXnPLsyBDE2kSIKPLuLl5T0sz9garWyIY/mYJWGfY/rVYv/tU5E9q6EcDVn1gRPXiGLR3Qxy361YhldsNGrIFVWmHDu/RMkYBL9PtFU/7dqYliGpzToxFQnFqWeO25Wafqni+JSrLxz8PA1MFNvHkBy+5uz0V/2hsNjeL/1Kev2p5F9NKD4b+VD+hgtu+YisWe345TGgwBrYYXos4y729PpKQGvXDPnoHLtv/+Fh3UZHc67Gyd0784o5bFpLpoMuzvYjx/bPP7dMFj4Edc284XLd+i/RoMmcfI/kjci62vXscQLgST52LLaSRl3IUqox+cHAnVUqdtfazUvi48Z8pgT58vH/PEZgR4aux8ZYbfnRfFp+kIOFu5/sSoXY/5BpY7lhs/562ZA5+Le9hJ6rFXLdK43xAsbQquD6f/0Yhfvg7O6Y2inJeePiCEsUJ76INV5IgE/zfza7uaxEdVzFbWqYJCuA4RklDS5oMjYiRdRPT/c/NrB7dTnPNqNyqLUaC85PI2pof/zxSgubfuULqzZXsJ9EFsaGMj+8poPqAnC4n91iHwdjNs6wmWP9+3zgFyPK4Mi+TmAfjuNygMCvQwFvovXLXLII9rRpKmNQMg+wuQ47jkcZfqoyU3zNXQFn++qc96EtoJ/h29lqh+m41tBstf3ds5Zo+shGCE56DTRpi31XijKaYBHA5tR5WaI56USkmN69WXLgPdr7inuZ4NC/TsOPdH9KSE/fTCHHJXdVuqSzxQLxJJBRA9MIyP0vmh1RN7MzLoPm+ZjooR3mTarmhSUx1HWuf409Aau0VorpYlmMFuk0oaGyqnBWLPLBJjhMernwNQ212WuXdoeSrKHlv2xMYoAALZsv33qpB1tFjmLoVL/laMx7iZ8+ElrepIgWeVKWSLkwGWblsuafCFx/8zKYA8sP7Hoa1/rY5ehInnAhh+zx/rMuLv3NPeZHFAAIAqAPyNJ/fG30G8VpYJIlNd+eu/LyjIzrufAlHY9ErCV1eTU5PKgVnuF/Z1se7TWIi0zfBi4JW/BPqAXeCgssny9XlZs3lXGEE9S/MDM7cEOUtUdlm3qe8OjTIfRHZIPMbZDwujhc1go7a2T0JYZVa6SMPuXCV8P44LoAIZ2oDhnP5DIZACXgqns/PW3djgXxYfFnwGeCOrtr+Y5x0an5fE+e6V+WY37FuDfrOyxLFvWdtJoEfZxzzbeZE5V83US594vrdfIvM5UqILKYR991pt882sDaXb16tYq5qQRXmBZ6A5hxqd8rrhX+tWVX/DaX+zH7vRSMyBnwBaXKe7glrHm8ZXp8qHteuzePPgUzfs6NVU/eHwTNTneUv3heUWi7kF3gv/5ck5/znEMdaa0mKbYdlhqu+iLV2scUQQ43/14Qr046zcdThq2wHtugU3rvRY9rbu6Waw14cHOC91VEi3YzAALF1g886h5uKNrEP6XnzJ/XxYzF0VKflgZqWAcpy3vg1eJX987Ch8zbRHyEw1V7C7SXkExUh3eqc7cqKh/OGx4ZuRfLjcxq/wbWE2akWdJDOvnZvbwdnnSwrh/78xbndIoSDcChjw4zarc08VS8ixqui/dDJFqsthBZvk3tHHyQ/CVyhHfmjDxmmEyMKlXohv0KXHOLIHRjI3haFeFNtARZRVNbWybXy2rYwk9jkt/Z7CUN+R1KouiVF5yZOZeVBk33ZMqxXG5PJadXyDt+43OVemH2LtlQ5K6yqJ9sldmE4Ig7nfkdkVyYJX68EpLQO5CS3u2NkaZWzUNQPTlSORXScW+Z3XuaDfJXP62yTxO+EyxPEKx3l2XQ92XXvz8C+Q/n5umJh1FjlZOsOXQMwFCII6AVUQzppf2K+uSG7Qrk3k7Pu+FNDD4+i6cJzxt6+c8M2nS1DsGEoQVHtRyJIw078+NCU085tsxjTQ8kCDKibBnTL3dDJRndDhm32k032XnEUzCgzBvOG5cpPhGdmIuvgefKXq5Eb/n7wg6IZwZRpDMIaA3x2B4Uh/Db6NLH9dqUxmYTuvndOBkG1/IkVvHlsHS8lDvTAYPyla7kAvkVjJ9W79zrsbeUB+VXaZPuexXbHyJYqv5MxwcjRgR/BvaMoiIK5/NoC2B3jPnTXPM87DGUbymrAIJIDjiZCsCWy7MpA4jTOHwMR/521LD10cd4ObVn/O7S41tcYVL4bFJkoqeU2QOO+IE18NV+1mr4XV1QiOSIpU5nhFkNPSYLCdR5Ydd2ge4YwZ4s0vMDhm8yUyGB6n+Z/Mru6PAHX8vtiDnYlDB4anTQPzV7T07ho4zL5bwTZx86eVJphetqKnZrDkgMBDJWcpupQPvE2D4zfSdOpVWpHHdTskDWzE8ayjGqKlxjMu2IuRYrJ+yvUs9+hj4Y2lPyOZAyReYOBMLvdNR8ID8b2Ic7uRtku8aRr6jR2hzBhCq3JIfd22tBUkL0u7osMpwVjDVXYzoI4y8EcRiWN6r55DdojpQo7orozYL3UXIfXJH96z7galHctwOlvhIiHB203CfGbPqAmm1PlxpBnzfuHeZpBEJOY3KvFeV0wx3WX49KG5Fq8PMlSeSOgQQ5EPXNZT01T2LeAkTRJ1s2CZzWOfZNdjM/FljcOW5mKhZSDhy3Jvgikh8trzf2kggiKasxP4EEn4qjDoe8CBtqnzABeAuL0iJ4ZaUnjph5ZaZDKZU47P+azoZW++MoB4FL4AtYf7YtBtUfzRYhvll6TpP6Xb78wsZjpp5ofDpoZJWpcylW3Jndqw59uix+H5K1vW2UNzQoZhl4TkzhkVP8vTJshwTr9SxvL3NhAnmBplBL3wGUwVPRfp6ZGJkzA8IqplnLcYDHxtB5ktqpVGzHZctMuQxG1QIlsgnUNdp/PeRjzZDiGmLrPnIiJat3EPbp8+x4LI6BFz2tWIrw+XTl6JvLxyS/mdIYsbVr5w2r1N/7BTGKWydCTXiOO38fuECPv6m3E95ixS+cqxGrp4KPG3YP1nyMt9hrYoa8mSfOrMFu8wuPMdDcpfw8wMNZSUTgwhXyx/sf1r1M772AIDm4NNXLxEQVRICV+2tzz270cKKDCTEzDVB8KKL3/i46So/zbxDIlRPthpPBpZaa4Z4angKm5Xb9jHEkR9l22M1rvC+iG3fhCvY1Zzqnq2rLOYBo03dfj8Gu2rUNMxgmrAQvTz3y5XPwwzaqa81iZmOv/zdEUHAw7zc36VFc1O6rdveuKAVxZLT/zrw+Gjy3TPqBLnxpBSo5r8dkQ+b2RGp8wkrS5/3XcnswG3IfrDciRslA4guiQBshhkvmC4RltB8km5vl0pR5ZfFvHN6YpNokiNK3FHyqvC/9PxCp6b4xVkmkfYDwbhPhTKfHkSK3JveePYdVHhXCS5AMiOkvsaV7YEipWENYxuB06lToxK4U+LrGdUX0ElMr2AwOmeYhsL5tguim1LEm3An4PMBrlyx5P76uJ11CXW63QWH6mIS7nvqgc2PzT1RwGGGnFoOxfucl39RKeeIaa4HE1s+jgsluxv41pY8NkHB12nDmnPcptk4+yaUdbGR9eR2CzPXxoD74lx+UQW96p7RlaT9My4UR9iO+0LMFg///IF19rSLWJyJ9pUR2ypmYJ37vTDpVh6oScec7Y5S90rf+45jo5IHv2A+8+Y0PMgf3suwq5lhk6zlOPT75GJbZ1NmOQASOeTMj0vayrcva44SZo4EPIt7IzTWvQqcxHGB7pmOwbeqhxLsUwvhE9+eV55nSXp6eQ9r0pR7Jwxcfd2vu3Y9x72d1wllWRoCztos38r7+5ZQ4h1rPeL5OSJJAvcPTdUffMsUfBIj2y55x2/WvGzS7iBRfbsj8P5ZPJ6ZFErBPGEmzYn1cg+p0KqvWWb/xSq0cNsZtPDtXsY0RRDTdjVBlwt10TrBDY+F55zWx1vNN6au0oWXfXc+OowxHu6sX22kcN/nump5pxm7JCj23hzhFDSGXjyamy/OME04V5w1KNYFvz6z4TCbl7hKyLVfHUcWlKRHNmiSG65Z58ecreyN8AhEUfhxKyAPmvYxhm6lssmV4tUIxDWq8CEjvcGovRAhxBy9pzDkqrLguSVyZzW0hDilvmedB9eCvtyOTnNamElJntdn7P0bDjduLsojqyDUId6eW9ZOTjhtOezWW1tEYCtyc3q8IHPEjxcq9zNBrk0aWbNQssaS5dgVctpmqc/XRoV03g84opkj8wH1NJd1u9/wVbnBv7nFo/pqX2a34BCqeN5ov3HOVHbuyIZfM0H0gJa6SAVACx78cvAbg135Xe/KSMJx/o/pfBvnlWl7wiI6RmNHOosXzqVcYJMbYf0zc/WLW5UpvkWf2r2xfZRYRzZo7hF942scbPnWTojfqctp9QiR/29Q0XsCrGT1c89EZOP//Cw7w8Ljkggl1o8kyzS8/0udusgHUVG0HDyJIDBiBloFzJXCVMgd9sd50Cn3lbMaXa+2FyN4/41lHFyBGUnTcYiENcMGabWdNgj4n6Iqd9fnVAHTVQ/H5E4GhzzXvBWtn2McWxl9XHbr3wnYOb/G4U6KN1QiYI1efAuPPfck3D0Ye5aBVx5tSBM+4zerSetVM45PubXKL+G87Pz85UoftsAYEkqYf0cxi0FvZkf95ZPcsX80ssUuz0gfZ9PfzFet03sfAZZk6PG9pz71jP0NX+qfNfS4LoxDMtYqzRpgqYe10LtS9SBGBWdQ7RdzVCyZNHK8L3oo48pZt7uxk5jsAZwqaSjT4CZP0pHDoD12ZvdwBomCLKTOaVsjrEv+F5hfKxXfYPiSM6ulRb+1eugOEHvlQQCm4BmRS3C+vhxUvGdcK8dJBdiNxRGD/Ttzqlq4xT3OA480wuyDPkb7J3wL/Pg3HHVanF5s1MT3XdfNd5UH4IHIgHSzeg/4XQSfm+j0cfbdBe79amB2deCDLdGoWqKJkpMPLL7ta/6NXL0+B35S5ysxKPfQHvRNpMikPbmLIst2EaEu57Bc/Efjno1m/XOlCuLIYgr5uo5NtfuzCyrxy4LDw7lms+ne5BjG/n5E3aCPbrbHnGhf7a1axaszWJj2opdSa7c3PyOZzdXjO+PgHx5pt7t6b/bUgIYmdW8dCG6WttGP59KcEu3L9K3gDREcYhKHiHCkNNLI6tlVW0xHIn+oRx/ot416mGHv37yDAt4cOWzP7HEeP/hH5TNAB/dgMd2piTmuzDnWsvpcoqAT7mXKnnWRjovjerIk5SqHj/afdKLJyKwZ7//xKRZ9z/mRs1Tu29k+P7Uf7icOLCWfRctcXY4ij7I1xCYYayhAvoWuW6lrdeKdpU5+lNdqW5crZQ5WhQW/ombSjZgES9u1TLyUF4Mu2LE4eBaWTj2r0dp1jqn//J1bfvDPkqPN0+pLsaLP+9j9EErTsLJ0cnZyDLUyM4TPVtZeIA5neNSE3OmyK1bU+y/y5WTLorn+VXFyTrZzGH24zZkVPo+dWYorZkPxwLgeQlViMtJWjGXmmJXiseU8vvC0L+OhZA7eaqPyUwEScCiNALyed9SiYY2P81dnWkfJiU+SzQkM4vQibZKMPwqQ9Roo6kAuYxfVr1rexndHGiY7LfWF5eVfsDSJ6etJQ5ZI8v/BV3zLfq8QLU8YFutq77V31MJL5ieu20rK+Z9Ja4ueFX4QTmU/lfq/+No2dab8jvCAoe2Ra3MXy3KpvRU7vHbkJXRD66VqGsqX+hE+2zURmgFulmApfjd8KWJ9qVdeQ7Wa0eR3Pyn5jdny6S5aAAiSx6qePMB/2lmJ7+BK8sXx3oK+CK1upSKKQqMAYp2dUPTOGmUwWvot2zMWGT1wGpt4GWNoWGfblSQcozJKfzFzbxCs/zru2RTcez+qb/FVmHgQy2BRNdT4CksojhbN6nAGyOkJ4zWkxU5ZSArzg6waknnIQEdL62skj1h5H3+cu3TqAHfJWpmPQXLSqPm2N1/59mzkdXrt/J5wvq4mGkJduocQ5luvx0d+jlf1Fn3X1O4AeI3TX8aW+6zOe2tCs+wk4Cen8zaxgURpg+ILPpRzix6aWUGLu+7uipdDTDVdfdzV+gbKoPl2pNy0uaiWd+ETNl8OOhGDfC3qRQMSqEccIddb7ZhOhSHL64CgBiCZyBm+uTiHG/hk9mrFGqpeaeAQQ0FKPZij7JmWNwWCFpDrKqJc2R7nzT4eNAA9Yxq21t/EW/FL4jMWmzfTAflmPGHAzalCLrTbcs1yCRYP7ZiFj1XGhmwjLevXDzvPBDhf3aNRu7MinU3GrG85iQuxCjwzIdR0MpOAjUoCDs95MrxKx31OfpQnEl1sdeiB8ygUWVdmmZ7W/Vj5R6Md2S9zqEszPrvbHvOpZbKrbthjjmfnpEjj6Z+9UQwqGFPX2kdupHZVz1A+8xj4S/uRNQa2hNmzJ2YsqkBl3oEtgdrT/Wigi4OFvF7wCkgALuCeuOWnj9LlqnHvDzEgs1UN3FEIYByG5OHhb3Qy6xXYrvDT99jfOkmcXy55PMhUMIjH/62ohJlx7NAf+xtHNADWkXK4mIDGI9jXwXLNl2oJ0cAf+oLY0xLxvkH9iv9Wc+B6ORk2IIj0LPso7Ffu0EcdFRWgjfF3gcVnnhqxv0nO3/v1J/sM389srD+qkFqPXfMeTptZaapisbXscU4VP3zb7VGEPZsUf1HtImImbjaC6fdcfr1UBF5aID15BXwclVvh+r+iF7O6wyuXZcVDLL7RSJirxX2DOY6YmkDTFwA0kYpn7fQz2DXY4LCM++/3ZsIbPCwa/5TYO26X7OvkANqowK4YuzSXhq2XkJj7lN4pZVNJW8U7XdlmFZc/BIV9AdkNwbsVqF05z7dV3fGMwwJajrlJ+HBxGYPQBb8dgtLTnzPDMOWn9WuTxQPHfp6vR3gFSaVPGswXrL/HqiUAhs/hcvRavvRO63EwEJIgRRtYljokoXop0UOUBqfwc165lUOZ8019IQBkeT1dxxf01+GEvDnNbN8+DFyXEAjHb1yIANfL6YVG3Q3e5NoZdevZEOuQNRQnVJ1dD7el/Qojp7MY8rsgqNyL9SdQkTzYmLWC6LDZPeLtKGaMiROCEiGkuYKa9mORuT0fBuoSvNBhC3Y/S9nOJuFS+HNjnvs6ksUUSSKcHPhDaLtZjNTkTqtFwS6zoOKzAPpXj5sa49pX2Bm79cgnmnJQJR41zcZ0f2rk9cKQWkBYGIm+5QsVKanwFOZv8A/aa2BIhhwHuVtxLUY8PStot33PpokUj4DlrbfwIOfS6qyQsGEdUd7vjQidbpHlmVy7S3Xmmb1gD2uUjHkradtW0akCDv1cMTntja05g72yP8aBZgnRivKoKr2uHuPi7M05t9n7JNjGsuqwmOEN00c+CoaIupnPmd000Y4pQ/8yXCg0MNuxTWAC+q+Bl2cMzjiifQnD0gR7AG4GH1VGhoWGqfFAl2PE5zhHUmfpvvInRrI0UVuNe/rHKJmtgUb5JTv1pOldkCM+RqX5tFbJHMpGcq2C1/3A0dZt4TnrZWFH9cqLm+YOpkbuw+53ysTETmecceTTr5CjfVMX3pFPQgNGgh8hGpBNn7sNSb9FnHfwW/Brsx+9WgEVOW037rN5zxsUKwHF3ieHOQ7xnFFm4LdioykvzRvD8pw5DEFcGcK/x1D6QQTbtPvM//5wz9oi0VrxwVWD2PWYuIfe86f/S/dGZ2XKbfwp89FBqcR/bsFKUxtGqqab4Vw9wy5eRgvsrGvnfMdKhqPhsVs592m1V/V9f5xru3NdiwwsuRvWa+V+DFaRu60733eIrrbv8EwL2P6PiTbZOWj2WmpjyW38xRhvUjmT++Xkeucc4bVlxRZq8mudbH8FGCvMMu9Ss8oh1pGwhGyN2VKRg+XAs7XU0XP1AMrfv7+ojqyUT2HJU/5fR73pSW9WnvGe6Vb8Cdhq2TRZyKVxbBrUcz0yGLm2F90qXj0I8/EC9xr6RE6d6sHx8BtTG6lgQtg+0ylrKJBLSIRchI3E4kV+f1aY/Va9UcpAHzz3gZuLrRpGz/Uc+Fc7wgDRMiQXLn3ue3tD4f/9pht+JFN00+aVTOlP8iqwUUhIrJEoiQTmPT69OPziJdGp1bm44YSsrNpkA/xIxn3zsZYt6o/R4XzgRjlUZQ5CfXzaiayzpvod3pmFX3FrdOba8+8ggtBF+1VkoNEsh677DlIbhKTPNPyCNqNL/ooLvwXF6PYA8pFO/DPtCKaAdtNll/f2t/gSwhX/eeB4J4OvMaXY8s6+RJmmLdcpCaYI/E+Y/RkXFru/0XbewY1+XVd44IoKgoCCkgVUVCqiHRIVBCkS+9EQUCK9F4SFJEOKgJSoyI1FJEWakCa9N4DgdA7AZIQ0l64n/t+553/h+d3f/nPnE/JTGZyrr3PWmvvde1j5XWtLGQbRE67E8iztXRzA5rkWBg7bwh0cC7IOw7POE7qTOeYs/eR/dfbnqSPoN4ZBUJKpx/Wd6JTfhVbGPAOyRG06GvaGbQ5ShVp3G9eaFVv81Pc5q5y+1H8tFlZLrSYeFo8KeNWpp+TuQm39vLymr6BiAXit02ZcYeLTPR0/c4Pqi7CCSDrZWLgdjuiHek9kJwhfPidD8yRozZG7dF2A20PNQY/Ff2QwuIBPD5aPNpV3DUZtXkzZvzDUJ0y/q3aIxbTX79tzNzceW+v/NLy8FWa1JlEagh5rHyeNp4YkNbgp3UBTg3cLJn0muE58IqYu7ouz3RaWHStWx5v3y6uDc3n8Y86Ya9CsteDxH7vdnC5XZ2w8Q18GlL7NsNjQGG1wcu7PFv/hMb3tSD4a9FFLkVzzQ1udZI1u9CysvRpDlq3komYndn69pJQ95hzbAUU9nljrunX/4Vbu9KJbrwOVx/gacZT9W23VKrdOTbGb7BuhlcZR3xHZ7FdbaJQo2fanKD3/puX+esmXcyqasxW3VW+SUtQ90X4TDFCVYk68DLpTrpBhKX57laFTq+hWnWxWvNy9cQMH9m9XQw2ytzCyhM4XxYek+G1aYKlLqfMCKuLvgsSr39BIvSKXeLecDRm8aiVr+m09W63g/AZ8FqUA7wSx9C5ELJEdugbs4gyZDPFTeFAqMWmO7eE2QM/5UBYow5aYrb9nzs79zzJUrwuS8PnO2RoDAUFriiISLBMZNeZ19Yaj5edgJmy+wKgOUp6BL+Awkei7dLmmE9rHKm9nlPcf85pXrXLEN50rzRv7nnkTE4IzemriXscfp5d8rTJonQ83xhhs8n3LJN8HmlRp+2SVikL2Pa16GZKqxi7hvzPS+VHd+2O3sYdJn37Guj5lN1dEpTTKn+NXZK6EJ8AZZeFfyBoK5+XWRZJtVj7DaOX8t2XLm+7l2peNYSBldmeXm8w9kfoU2ldcbRjPyF/dAyQZMGC7XwUuq1RXmQKgxQ+t7vOWW3kM+mc0a7OFKKgKm0t2eb9bMwI/OA6oTcKHb2czyt9oMQr4+KQpe+C7YxMuKvmux57NfyvhLXnEgxY57zxctGwlDT66FoskO9on7L/Up1d8Ndw3c9EN0REYnu1kfp85LEtQPmje6DtVSH+5yk9/PQ8HJ083ka1tRvHXfnQaDKjXEFRGSdNKpeNKajeNOSgTxbrNW7pnwUnfHDZnHIWc2bWnZIKLhOseub7H4PWmIHFK+L2Dcd2nVCi6SgcPkAob8XNmExa2hZEdHLC8HEzxyjk5+GkPjIpVuLHqsWmSdubhqEPntvJkKJfsqrNjZs4y3cZcRkCYvzzNkdELfRvkdKi18EzYRl28dnKIltjl5FrvX39tb3yq5mY4YOBNtGKXoMHE3W+6VCBhpegH+qJBq5iEZb+sjqyuI0+MK/pJpBx/2vHRjw/bKXKDeH94tSKVVs4qPdvw4DwVlVUW5aif0IqFed6knULi4nA6KrxTWs3t70ybiF/QYow5pdAQhH8ZQYis6EE1fd0O+bDfwdZYrTW4gQZALd5DbmT8es9tjTvDdIO9VCEylYDOPZTRsI9ffLjU2OumOyyWLNnSn0IefjghDiaHAbPA7F/4R/FElGO8UG1oifJdilMtbZ9etYWu8wWU9ZEkaFQVqLgaBykQ9b+VZ9WwtRNGT3PWiOB+W7g6laF6oA9W1wy5CFEVIm6hZlKtcuZKIrtONGpYk8AxyE+rpBDZcxywTGCfc4zJ9d2UbruPJHzge0rJUL34LtB4kInVuKuQtBAtmczo0iRtZM4gsY04frIlRZF9/0cn/5zdoO/ytDZjnOxkdl8ov6NgXmM23aoN6mJviO8CgPKlg2U/nzPbWv3tm8LoLFYRddUY/SvLNNCR7uh8QvwrWgpcsjmsm14dmz7Fo9jwsQcBQ5fTuGCwC4ObDteLBsbluKmdBUEbCQz5bgfW/TYp6QptsVC5pQdsjWupSMV7bELAkJtghPNyzFmopieSF75df9iw+okmI7OvzhqNycwoaypKHhhBU8g2SAKf4/5KXYgqAcmn6r3/jC0H+gB9fVvIZz85wJXxcB4qJtGSZRLzwc+YUeY/MBtTxmcdiBpcD6S2f28atxYpvY5doP3xsxa5a0ar3R4Sc9ug+zU95gzmFwvB8QNRwvxZRzDZPyarhozKGLNRAShmPKUq5Ev1L+I8Nrb0GfgPnUOgwKHx9SlfCv1HC5SrLonasuGgsDNakLJ5wzC+zxeqz76vvm8tv/7qClTRJWPLbPrsh+NivWzUlr+XQmu2rUigRdjoKop2TremwpPuMMlbrf/yhMMp7CUdBnrhRRL/0rSE3PYykxTCOQFvE/7LnHb9r1kFfzPb5h7s87dhzeBbewH6xEnAtgyKMJYExKaBOzIKEUIBpWYahT12v1U+Wn9ckya1uDFacwA9gZbPdfKEkSZ4qV0Fe/g5rwTLwWLqVBMdWKmfuGPPU/0rrO5e/Y0HTJ4px6YILchi8U1266kOSawJigLho42D/wwzNe9TlnhyLtDw/4EGwMrMS/fvhKEv5QNqR29Ne9Vv8bKBHzOO7fmewKFlq4VoQ1kHGQTmw6hENARjlC03fmNKRex83O+/tyhyIvXd7wMMP9uMTo/tappr+9ISgQYvSyzL3i6l818AX4llG81YM/0dU8JsuJd74DUqdlTvQqY4BQVRlz49bKlb2wZwt0c31uDq79X52up5O4++9/UjmmufiU3uNs95PuTubTc6pjQZunqewOzPlHexe8/Wk+uOrCqaG9mqIk/t1JC8ukeKdN8Nasu+Ml3Vev9kFAZUl7BJ+zPfY0iZg9ZmwoX0oIsl1okDmsHCrBT3fLvaE36nITr4TG95BbVl8tGw/57TzrfjZOh35KIz1q1odoifaiIAy/9WCXSzqCE3SrrTmw56hFTYVJCRf+1Aet6rd6UFauTn07dHKqF3+BAF94mC9/TbTicghPX8a+EHdzYm9YK5k4bhRtTkZB9363PuD2nWyxaQSV1Zla++4IWKSvVJ7DcD/dm2r0+g7X5Uan+peY8hDc4k/Qorsujval7mKHNFzEr2iyXeiobTa+EKMu2h3lXCz8bx8aV/OJIamIyRVTuZJQbBsWBoC9o3USalca0qs/T+BOMg1IAWX7bfGXXye5137tWu7uqDvom5D+5QEsKPFemVjuwsnNGv6m2qMbFJdYEl4eR377IXUnmu3WSch6OJ8RUl0Aao214BL4pKTX/8Nbax5xDleQb0AuGxdhw7douo6gt0SiBSBp2feWC3CrnbnXdOaivNFfoL4E2rU5GmvMZRx8PF+nfBt2HIfoztSOgN1p0+zK1W23M7dRNB36yGbgJpShUHY/ZSy+g9j/oPCthL4rXT+yTPBv1qI84P0Hz/8P8DdKgTW++0P52Kgh8HVZa61fVadJQO6+jZrcsNLN11b1ReR14/MU0Piy4DyvbNrVq8+3jcEjbQmSHwnqfvt25H0h/lA6pbCFao0esXhsJwTcX3cmTofFvi6K2KzTKFtWxx50WbB49XFpBZcNK0gHjL9YP+bqCLhalmYxJSl+E23XExX/KUWOD6Mt4Lf3lAISocuM2u2c+Z2g2vxFd/y18pmuShVaczjaqbXn4i+xGWQPO4rB27fM+i+cylMKR4V6n0UXp7BFPRFEXEnOrvvTJzMqVHo/kWuj6reSI6FK21697StHSpE68y0mQa0C7jl0mdIKXKP7UgxO2vFf4tJncuktsK8yHmh9raYylh+IOPbVqcIm5kMov2tn/TUvxxoW3OASxWvV96MHftJFzfCUQONcO2dTKY1ELy2kd2p1XPiccO17h1HIlD0gYa0bjLKbEgZ6LPiNO7GKxtZlhPVeq9KyrvHtltLCoxzu+G+GYbghAeGweNw3TnausVCtUa464HTLQPtNpVQgWuwGdLOPi8QkOIRG+GvyN0epnJ/fP/YYXVr3q/aLICxHSbSSVpd1B46PvEpN86ycqjAXm54J2TFquwJf/iP26+tx7YWXWRW9WVDb5MEk8WHwnaH92OGhH3iF+tQxVVZkyfAJ5jSMlNaaZcuv+n6eFDt4igh9mEzt/Ia/JQrFJa7Vb77CuovCIgAqV3WJHIIHdpT3bUtxyYJyT4cKIiJUBnghpYuqEGhA3YdLH9Q6bN08Lwb7jqLtqpF1I+wdTq5cEuOP8ts4cqSPD/fouE6fREuZeVaKyD+hpfCc0RPiI7CVOAlBObT7VU0E9Zq9bune/K1WLrQEf9pto3ddjD9nO3o/MO/k7FzKf0CW80NV9Zxg1H6n+V5F+vS3GO0pH+ivhZbHcComH/v874uXwlm7o1/LCRGfDJP76/aRCH5n9ecitmKemCf0RiSFbG2WNtklM1p/xA9v7skF5z7XuAC9k6Ous93K/e/uL7ePk4I3Rls6wzJi9c23QC8nErsWFqz16ymEdHRahny1os6flX48K6MoXr3fFfWPVs/bZjr7BrwdS2tBjouOrbdvQ7v0tVFWp53rh/x3zsu+gk+NShz1I6Zj7+GyfSWd6P5bgvdvEcuqVzA7GL596JdHwPibXocW07L813Ienjj8dyG+d9rTabUzEavYJ+3x11IcRauc5u1t04SRQlFdJAE9s1YRpm+5FlRKE9g/cqOD88MFRkm60pXsZle/uJEwjP4HHbjnZNKZqwkJK5lkbMtnUolz47S+LnS+C814ZGJGyJjY9AFYbk+f9d/C7pCjzG8TxBuyIEky2KqlO0qjOY/HwnwTPnLLkpEsP9V3EafwPv0qeNktlyy0XWwcUyDXlE7z1ySy6wM2t00blSU62MinLJcjvXxATUkSQumGYillccVTGCTCemla26g50rzvCHE7V5iLQvdF4wVmYpuZHs2rrfo8YF56c64lqrXKedPtv5KE1Xd45mtQMx9q3Jr//kio67VJlSfWfvvPFx5SphcK+oPOQ+zNePRfhLmWVzzx7nO4VassLzT4P9vZTEcPe3FoxiA+rJ5/XypsxmehpFT50bptA8R4tTr45sBe2teeQBT8pbjJFHOEU9R/fqt4ZEzgmBYVGXPOWp0m1tKKCF3euy9KyapeM4bYsb5nb/YdHPi75yMUqf0yK477CfNhniS+NcnGhs3ITXzm/6GwAhm2LSvk/C9hm6x17VdJI7LxbmpN1N3K3zpn7uCK5yrVqig5pEu6XzuZ2hdYN/NjKEOhk8qK4ducY0yUEZdMS165fTAF7jWVI1KOL4Hv4ZHZP5tGcYLyZS580utPJ9USkSOKR3mM9bxhiq3unnBmOloKf0SEbh48bH8LP8/DyWz0+r/AnEyz85T2fSUy4+oW0D9J1IWix/bPc4rckJ6Psbk62aS21p4YQPlsMR3cRV6X3s7uFbCQON/QYwVmxQVvG5KnY/TGt0OSMmS77Em5bH8DYK0FdyT+3yzKQYqxviuyNNxhVxD4wRvY73GBhzMnm5uw62BPoHgv/dh7TvRz7pLm7VMHCUGQ3UdzWxUCLOJz9JV+h7WoZWaonnxL0erKwdbDpGoy0JLxRCN0avWmCXTZVknoHUl4DWnLOjlyBy+ZPGZx9W02ytdH9+ubixZqGlPnXGjpjr0tq2d6690mbSADcGu+FSjSSuuFraKDRzxPqyIvNWESX1u+WRGWxnAd4URDUY8exjFf552j8tybLMZs5ifGRfKHFXZ2WPkNPbU9Nucr+KLGbqzK3DWPCeuL/nJq1rEJnr2CmHKHSo16/m9YjwhQD9ujLFxyAaVuB6VzPwRmbZQlKgjuNCApoyoCYmGp1bca1yj5nJo5TWthkwzzQrvIi3Peq7j1a8THxpr13ky/ru4Emrw9bvb79N1OLHJj/RfoOVUsXeiIHuHlqs2HJ9rGt9B0fqfGivutVG7brK1M6mpsrwst0yLN+ZpIJcxWOfV7UgbnA5iljY/dg+ycatBe/a2jcvGi83sf08RZP7sXhJ0lATfp7w6qqj85dM/oi3v5MQ+BQmKfw1oVnzIX8EaW3n2nQ3kOB+5cap2p08l790Q5IRSQ14qdhWwfIrqzYwNVeqBuYH+w9BtQkKkniMcCBgF+Xuaro4Pl8x/GTTiPLmoFVgjUApQcJ1FYVe0vTzGrfkNDc9u6Q5FiexNo7NrzKpUs2oRFP7V4HObu5JdMik1PM75aSfcmQHnP7Gtg7of3udAXqlfX1GqHc/Pluhdgz+HesMrE6E+swu9R4dmuia6YsKe2zu8O7XTHGRvG5IEiHO1OWNa3VQ4QLFHWUWq5+HHzUlUimQw7HjkcLbfM388DxTZgjFPRugehkvb8SFq9uqb0Gg5XeSBLUEd6XmVnK8CTcYR8rkVyLgaGRBxJxGD6wmaxDduBKtJgM6qEyj3/+ZEDrFWdnkw3BmkU19XHXqsU3NfDD0ULDwL4A2p2vPjpfbV4c54fbRrBJIgS1bJ3/MwtgkHODi+GHsXZda0g8SEENN+Tzu8MsR+WLnHHgaw7J8fQklYb+R5AbhAfogxPYav37tMHn8+gQ4Ut+doxhcf+jK/teEAs2l5DupEQlzPCNydZ9CiH04U71vB5P3bl7xt8bON61FKTXvWT5alf3iXS+Up236hc3p62h2+dPZtibNuzE0dGveU9F5R9gX14zwwp8qN0YUsmr2NdPtRJvv6e+KpAYgEubICYUB+uDL4ktL/QQWXsUqAU6ZMLwmAT5Dnfc2oBJxiN1sBToEO4LY5zlbHF1vIbyWsSqZmyfbG84I/kljK7QWMKEpxMBDVZYyUqlN0qdYedvXqbT+MmnEpkYxSBOsWvAjs8sRzp3FEGoYM85ecQVsO8TZRjeorQCZyFpuzaGHe4m2aFCpHBT7tSAxXh9e8q4+OlDb4cgrs1s/TJ0cffOC6Tng0MyPbYSNT2xTZQyOOnzZEDOFS1PqYy9L+iykmqTm+n9fbRINc4Kg7CZHPVEOLbDxe4RlSLvPKDTTKf9v66VM7ShEKp5g7w1Q/AuxbudRXmGiqJMaOoFZsldzNLKIaP8RNoxxNIce1inJo042lIVjt3qnrGJA5Fr9dvUtL3Pwdmh8EDXBhNokD0D9Zsl5bojiPDKvLc1dZeNAYuWd8Ruf/XmjVPkDc259mvpx0G7MnsKkAduEFbf7RXbJu3oZthdmBlygw6u0yiY9TSMiFMfsT3o4aTaHK6ngZlI+tglQHLZrwmetEfBFzyYlNEF8EUJ/2Q3Ih8kWI7N4vX34SCHpCG7jjZZWVTdtQ+vcVugLBuLifQQ3JSj50AjvrNqAnWVCUB6treLxV7O6vimJZFAWIUibP66Hvi/6ht3DR+MU1sL4uTkxGl+FxiJeGCJ+jl0V5Ohi5t803RHiK3k5TJ7hO2X8Gzmt5E+UW2s4ZiFcPmqKLtRehasXulvyuidFLJmiV221qxSCneWmE4sYKPMpk4I15Xc/7mBZABSI3FUjYLwCaDyjQHevIASrkYxkuEVy68mbDabgnLXqnzlVtq6hPHX8i0U2AVSbURb/pLfab8hxQxdeDF/T0gntrZZpNQL9J/L6trRppD2VUmn+ijT0v1rrYDg0Zb80Pj9QmA5B/GCB/E2zc59Bo/HBjMK+xmE4qv9/TGcVV1VCHwrE5XdJSS0MT0+O2RrwSxgYQXyaCqofretRwJhYAwbZ/WABHU7SQas7RWZ0eWRiVjY/oQ3aTcn8YfpwGFX/Z9+Ql+ZXWltgOXdGgnNMJihdraS/A5kvgWOp9AP0/+OXNyucSRZ3Ggf5SIYn5O1lr11hL1YVVxCawWu+tNfv3sjZLDYcT0/1HboKVu0zbqoB+jF23M/TMuyh6q+u2D4Kx6UVVzwqPUHN6qKuXSxOgmFjh+NeB70G4pT5rxi+2wjt6vFkoGY/Py2Xy5qX8bTM33QmHIqmJq/rN15glHK1UcmWL19i7CZKDeTSx6FR1VlpRyycRwmhkjgCHsPjeAL2v998aQ0U+tJBwHoErX1P/OzqzHSqaqXBsEy9huVZr54WDcnd/3ANIbMYyJ+UOUw9IkOvsoYLCjetDM1/KZ3rIqfIu+z+3Wqoq+/Dt11dFBCFV7Gbn3K7g5+SjAMFGvOusYVgiChZlbpaHZG1ncXbFqHQp6GKJOVSUSmfcel5KbbSuuv6KZVwoK77CExUgPHOtGqYtaaThUdSzjFnbjWBKW6yoOeEV0NRFoA/jTW9YS0o/KhYEFeCLoLrdFAwq1rPt4pghWzmDLWPQwSsm5nd+Ixr8A+9SocU3SiXp1P0JzIH8ETPMJsWOxUFb9Cng3WYeJh+tCoMoxK++W+vHEn2NV5zdhnOtuSnXpgNwsRmV09cRfcq41EUFVV5zPR4EODbOf5Hu89Qz0B7yxlHa08KeGEKysKUDVSUSrKJVtdGxZ3601Vw/nI/revJSIfXXa5qCdC1Hp16fVbwz5uzsBRg5Amtn+PVPPXensn1Qz9M3PkxpQhUzvMrUkIanugvDGcwZCTcNyTX7FeDz82NJU2pgcl+oglG+21Dr+GqXzLQaTVPH00k4JUgDvUB7cbj18AG+QPl5JGcsv1g0TB3q7otujy7nRQ2fGjx24lTAoQud13R6F1wtt/DsB8qLkgmCZe1BIyRIvs5gpczfJfLDz8vlXomB0tRMUYKeFJDC1225s3bAcPwNSZ9Jk31+ezj2NHFmNg503HVlrnm1AzitWE8XEN7kafPRdW4e0kPcA9G6omxJF5/k9IRLJp2fGx9cuI5cV+S/eihhKZMkhwPx+aFEsxM3acyPKPqehXauwGDegT+M7FVJyp+aTqQgcnqV+n8h8uJumy9f/+FEpZ7HH4hxAVvL96lSOAvMRBebKIGMpqMp6YdLLvop/e5Z1AuQeEHHkutlqv/d5k6+l0oi9BrXzg0QgLxm5LdNwIz75bn08Un5NnAwU0PQAto/cqdhKJ2RyGXhKNAQNHPYHLiL5hWqS8YViwynFwwLB1fNCv2RFU60tUsk/B4fK8htDtQV5aJARAtNqC91xu2UpMIL0k7f1SSddZjQNBeVJtAAXXIHiemg6vHnFDixqfB25IOHxlenOxgUGC8ZD1tx3Ex4jbb++tBZjfTn3CNZT/+cZDHVqk8sj4mg9/c3JAJHPJzY7JI8GxAs9X/e309OgvKtzepN6D/Kk8+0LGYEIE2ydptabx/YUBImsrp46Ad3uhIHil7TlDz0BRAKn3eqsCEOiS9XR1WGFXLzMuaNjC5PQeyIrR/daa6l8299/q68xeln1yuePKBaUcNwNi28cyLuPt7qqmkQXTy+RRKZ1Yec93fbyYo4cbrqODsa2ZoeMKIrXFU62jfIhjdq51Ji8fpoL2UWjoxq1fdySAXNJG6spjUDOs6Rsv5nmcDrqEH0zrdku/U6E1I9DlfWVJV2H4GoMvEzIYhRbyEmbynKegElkTgdXD1t6hqLOQeD5uM2KrthjNzuDCRJueLqCqiI1P6ejMsM34EB08GU9AUcFXa5B+wZnBLU9b6Cs1LV99iliMVucr8mHfrL7gQTjzl/WFkPZXM5MMUGQzK9AR99gbeYQpH6cS1czFY/tvNS8Xb7rt9QXskvFpKXFCFAD1kHWoxHIEcT7/y2Bv1zeR0hgoFOxg/PDPQEYZIu8kMDH1wEz21dyyZM3T6HymdQ7OVYywscKu9ozoWftH5yQqA9waCOOale3HJBRVvHp2xVIav/WQhvX+/7rWQujAmMEvR1Nnn126hTOv4NdF0mk8Ik7j1FHXyuLJv0ZflZSB75RSns5Qyd8FLnrshrgacZPrESk7n7ruCL1h5iotf5VW5oXZFnCL03enli3ZEF1A0TCwTX+eFIOHO9C/cw2hWjZMNtatBpA+cBzsqN/B81qWcQjtItyc+l4h1b3zzuB7D/F7RfmfDlVJSmRlpcAcHLXe7OEB37bmN2U6uNIbP6zvuEi0dSrIbQq+ibNM9+VbcqucSslFmSG/MOaYn6u4yVtX3dPcqMnUsvjdX4m0E1vZ/23q+BZhqbFCaP7HD7cQKedRBk3/u/xiwcOKD9RBfxUm7guDwOsc2EqrklxjIyUBXyNZndjpBn4DrcBeDLP6lfGvGxqrdxGn4wFXgnLsEz7l/+cCzyK9WSv/rnTebn1qN/hI0jZtlVzVCY6Nf/dGmlHiea98w4ZzNl86+OhcRFWcnJexROQdvvLAy/cr89On6e8D4piBapD9USaQTbh8cJR9II08PaGOb2wi9J6N9FhSaJ9vf1B5UZkcdoL9CrFI/Qr4IQPNznMGD9ZohXHzuV7LWwVvNFx5RHk6yKsiZQkj4EC1scATSmQ7mMv+r/e2qlIVO5oIDiGOq7OL4UyAv7O5gScxzEANkqye8Vw1iBPE0mVMu2+amYYF/33s2TukXl1FEu2BHPTV2BKz/C6+L0n2GwC5xdunmucN8/ieg7uUXBf4YG19HaqYHUwhTC7U1y+X2lIaG3FxI7oEp2TEsOfqLL6tJZJHf33HiBZ5llFedKcWTykKfhTW0LEBMybMoAPQXZA2t+AdQ+MfwXg3zCGK70ScZdU4l6UIUJmSQ1CnfFjs+jwgAGVdboRqerp/Aprpczl+0Z/cGz7liK1cGHFvxNSt1RwaGAf7fQ27+L8vHwBtTaOCdDVXzG1+26r2+rZfyh8FK8t4CBn06J1O9dR00fvUBswa1E+P6dK92iJBahA5/Gjg6KLGr4+UVCOGsylb18nC7zNPzmXi/ppn+aLk8jv4It5aiOJen1y0o5OgAdWL9sXxshjm3ep5XWmhR78jSmtlU2Gtexey1vPNsDrG19TcqsZURjf7gfQ40sXjuC9Laofac7uZ5yuFF0DUXWxEpVN43eq5WXgsHYU+UutlmFqCsO2rDl1i3/UfwW5ySR5umDluV1UWK875U89iwsMZxbZ392ez0FsgaarsWArLpva/JMjRJ/XYWV7loDaGASVzIS8cXDHWwQU3+Lqux4dm5+s1rGfdUQLyaOGbvshfbqhPrJNFr7ldQ+Cyd+WHByuvmY3DFY7+DnGB7a3b77OoiLvHBGYGCatVeUE073mNQplzEtBdprMh4nyYTNPQfVlHUrGxiA6DYenGkGn5vg6TmOdYnbHA0xnn5LDC/Favs7SwwCY97lQ3g49f/t9LWyMcEgoFy0MUcoGpzvlOzOGJZsusMCu15bvQ0MZHG4llJk24QNrS/YOD8jLKkTzQFpQltAtFPi3eibASNzI4S6JDqn6/uKntvtLHPC4jlHeRm8dtM8t/Lt49xLvikM+J5Hu35hzb2nVZ62Cdw80aH0LH4fVbVbs71Y4Nh/s90njPcZZ5NMoH5t7J5R5na/F7jkH0Kn42VP1UXXdNjL6XWl11SODgxXiIwYSaZ+3ws+g4UKaFyDLDQdZhhaHd318b+d9tfCh8aEvLN+a+pUG0SBoysTPUf9bmJB12jnqsPdeYx/R4KVMaQh1g4k5S5Hgm9egntH2PecJke4zViLrZDumsRhHcjEkJqClAvzxxwpiycpLHkNb5e3+ScUcCkPgy0brXufWuoSNiNR36ndygFTvP0zbGkDq3zXLZ6jMUk6bl8fQS8JbXotDGuLl7Kwd1IQ7qPA72hpxrrxhQBpE0r2CfA3LOweMfWgg3hx5Rgn/oQW8APfsm1nXrGUXJPrb9Af964f8DU3Tt6opdeN8/yEztb1KsHFCwxtI7R4hJXYQ6Y7Yi25aNRXXP0nikegcGElBQjJMMLuMBHvV32wPEOprwnlt7ORl26NuvrsR3sHoHerm5nSRPT2218n4HB2E8Ln9KvNojEY6RnaF/t2iBm4FRmVNRh0+mxu2F3G+gzN5EPwCdEDS2d+jQz9/kWEd5q2c2PCdLYamziWyySKpzps/LHA+9JonYM/7I91FXxClWNTyLCRlCQQPTICOLou2urTuDnDQ7S11JDNvqy4iqVSHqasXAdaqDOOp4s4TLNB8VYKEn8YTbdwi+9/FB3KSie33tivu5JnwTcXFckWLQhunkp+e9KiKKsHKydt/f3vaPgSAODcobJ02bWCDBR2+Dvle0o9IeWlace8aqk8fgAdLjTxqOiNKkvep0yzwn+UveR2lv3LKd+NDn92ZLL4qNGaC4ZYEPsk9UBbc8C5tCAiHbPamngz2F9PKIN7PliXGBTe/FFBiCOXwLJPry9qv0LgPQ1zLwqYmfuMWxeiO36KE4TFX33fuwuIxz751XIhd/NdPGuH0Jbbww3SoESU9RreqVxN2n0RcVIGMjHl0OjWodBUnQYbY2lQ4dmZJA0l322aANaOeP90PsT3gzkE8hoZKDsUrLv1eGzdNiGeS/btxLnCSMjElc/FYq2GyS8cgxWMpd80UPT3Yo3t5YNgiZQuzEWPI8X94VTQii1exHtLHEdr6k57umuPPLuleWjylUF+UkqBND3KG6ZEKG2t8+K7l3kj7k7d2B+AOJBriwb4n0RFSLKelena/L8cjhpoA6m94b8hJrNgnQms4yMhcwIuZ56CnUeyEbYOkdP7Z47PLB5AQl5lsn7yHkGovogMq+o0xMsH1TBRzw6Nc3tVzMUl+y6bFFruJVgzIEJs+YEriSJnQij7+vTVU4jmVzMymTnoXsEsdAiPrdOi3SxiFUpHglas+/RhlXSqicmxJrnn0VW2I3uiZpvNqA3tdyOL7t2LbkIqS/1Ra9Tn3ZFceEZM/GEyeDesQeuG+vn3A96Q+MEuw6B3x0TLP+/hj83QGF48nFxY6MHsh0cugJjfybHG6LHTPpa+1ZUboROBCKEwl9LTGjzcDgwRVdaRymlQw7zxQPzcLFdry7DtmpH7Dx3OgSMg5o/GcuFkcn04Q+CHjtk2M1f1hS16ErIsDwGkh89Wf1rZnfE8GCLJiLys0i6zeEp0WcfHs9wehPkCbjfYkRx7dwLB51r0R6/TUtkqEsVKafjxKXYBqXUToiKy73suIBX2wkNFCEUWExG73eNG310x8PpybWq06cX+KUKj4R9fIY/4RaeZsbyouyUNyOvHvcEbZ6yFF/SVBqK1e2o50mH2WotBzwQRbdc6u5cSGi0HPY+q/PLRmLOi0luMQ+30zmo2+5tEhgpv/jy7wySpx1D9vmgreZI/NRr60GKO7Us4tlTACracBKgQB6T4VJvEREyJG0sQU/1AvX3NmumRXsV16VzfUFBC6VI9rniGDE0vQLMhY9oBF8f8Lq86fkas2kfCjBkeVoR9/CvbpLdnFfS1y4BBGl4TjiGsoct9bVOv65ye5F+i2FhXyvwyT5eD5Ghwsmud6uIa3Oo6wsrenMffzTT5ed+ukZQobV8pzKBfXSVcnXaEGvDgcQhHsSu2UN1ywOHY0gK1sjfIaQlcxw5axI5fHTT0hfba/rMWWpEOuYtpfBKyf5LLmiYOBcOS33yjKes85cjVEIBH5O8xPqllkbdjHB6yAgZNo0ZC4ytB0m5Ll0JrWW5GTB0v3Akc9Q2bYwUjLfLRvaKSKTmM8oqZB0DGMEZ4noxEpwq2WBao8KEguBwUGyT/mjzvhfoKmeplNYzAhUZnYrUdzaQlvurJ9WhzIgLhnpekx9u4HfI9hiakcio/FzEMRWV0XU+VN6PC8UJ1ySfca/d7K8HFut2Pb+4vI79f3AP5vnVrMN8UJJR04/BSA+IWNlkavrNSQfFsdC+2QgTXLn3pJxdrMCbCvLP+mmX44OrLtPcbchopnlu6eyilXDmIziT+j7pTfOHzCVfRAAIcBn10ZMV3dXpbybc7Mtn3U48bzJZPZZ/1go1OsBH5uwH2eqACpAQGbGOaNIuV9ha0PENn7MFDbdisELZcedZVJuODouvH6//hycuA15rrQ3r2Ksbv5mzBgdA7TmVHpZe4+4fi+/ff57K+zJ1XCBS2X4dP5nQDwpFv0HaGOQXL8tg4o5gFDrhak5kGAl3PEc2BjMfWEWEjh9r5xcjSoN6ssOOk6Tw+QDY1NBgVUO4ronmTnUe4lGPJmRvKDv2ZnlL81WcnSAZuh/kyJXf6tP6x/y8v5bRrX5rc68Ngz+IWUG2XG2rq1dUZNlEEzfeIxjX4x7rPdF+msZEVmOSQ+l/bTxgwF3V7WGSZns0PDQ2cociSGWslJrZjXtAWw8OmGxzQH5du7RQ7shRn7j14liHBnFs7IyZqFdAYvb1HYQlJMr8TbNTttANzX0MJMvVKraBgE6lYy3m8mYQKbOPqYmGz8m5eBe1nr3qieiNUa7j+LI6L9M6DxEExtUT23DwA3ERrPTIqubQK9+aypaziW21BN5XEV9U5+ZYJr19pEWHTyRSo7mgOOb7GvaW0cDCizEVBR/H+wEt69CZTfYhuJC3HeVF9/bJd4bMQ4hYToxsVLg6xNWwaGF2ok7s4srXGptv3tEDfeXWbNTetxxfdQ34NYrTcz5pEMhY73ep2Ut7q8oY+aIeyOucRx+vsUV4xaBU1OA3bj0kilGp6DWQ2yFY3qCRmo23d3HwswXzHP5lzKuT6vMVd7x0Bn5bHx8uNKfwZ26b6yy2SHb0sERs6ycthkvmdipx6OdE2Kx6ospFPfGyUFXOJNgckL4uMTsdBFAbYzFll1yyJ73vWwbQvpRN6VrTGGE3yJVWUCkrDXzrNfzMy+OvICAWTPA59b4TcHoHpcKEyXJrYvXgr96BS4EDt0PZb7vCMqbJhRUsCYRpVOhClYbA4DUDReJWs13yO5ar/1PHGN/ycneQBp2A6ny/mOHOW7mncybTWM9/lQQX5wKI/B3QF1JSN8NwpnwC9u1q9l6em1kO2NNZRrxt6ZW0nK6JZgvZrirzDuNq82PlGonbUHR/knfsMmmoFMfupIbfH0Fna8X1fOmQkc2uoca8HJHOANyOKRePj29mULYb592KUkD2zfvS0JYHu3TrP9kTRyosVRCSV0U5dN60qOpMhg42ULf0TzrF/+UzRxeGf8aPz6zG4XKzT87wSK4W7MLwFQk6Yq2m+qeysCABZCESV0sNoxCtouXNol9ymYhR3ZOj/Z8vYE4so29HozcZENNi1+lmHDyKeCn7V64HmyX5LhDAS03oEEraQEKFx+7U3usMVOOpEGdNxmztEhQNmETHjJ4XZqpYv4dQ0fQJlj5WLT8lXb2A/lqpO3Bkdrx9Wu1mIfL7m9q7OJCD/qQ1r2BfU0VZL9ya5ZR8bEad58TZNs7RKWCwLlXtxN4pfKEI/NX5+7bmmGkrarSuHUuKkbnM/1A3Um1ugU4mg8PwKAk2ivWd6d6e0/k45MKzTAighp6jTSLjjwvXGJalu05ozPBDpEVxjfI/CPoKtHNcQDFzmfm0w88RVbvWkm+4F+i2XZch66hw0BzPIkAol9senEt+ocnRk+GSTUz+bQElLm7njqXuAv1M9U+thpO7jacsNmFd/327HjJNYrc0qZFroKI7lvB3Vn2eoqlgYZdtSN5Pe0I1DOq+Fe62t8S4Wf8l+hHbGdEbovFcBBaa3MguzgyUaiJdwZ6mqD5JNIhfH+jxT5SYZ6e2K6nK1famyoxaMbteVhuz/RpccHL5SdKoX7UIHQkfFbtZCdeei0CSb++dBi6StQf/Xk0MvgFo2rZD11lQXR3i1yvqvff5C1rpAR9t1+o2Vnx23tLFOLfS/SaYH+wW3ySlldcjlk9AkMk0Uw22pWxVsO39/nfSrvrTmuN/LkdNfaMMaWsq6Uyf7pIY/aG+/t45aiJJsDPJTJWrVBqnKuw5c6IleNjgUJKUWFT3Ja3TN9I5cPO1M6NkLjRgaoMJ3OHpZcbqN9Ml+Jrc4G+e59zklkZc8Kdfl77Yzq+v96x1pN9BiNgFXP2zID3RPynnOMY/mz2VDkaQya1DZj6Tr4QZktfBaR0wnmjTGcbGIlFuZSQIiMILlrow4HtqD6jC+YFiOzLpub8MhBi25V0L/urfVLAtvObgGLBwTRUbwbLQr8G2rLRWU+JkCg3/7F1AzBk5EkoUD+i4jKBlWZhsXtJ6riDh4PVnHqNjQ5rY1Kh3euMqFnp7GBKRFq1yi/C6GJi78PSwjN0raddvr0kfWwcE5hBovJFA7m/vkXPekyq33uAp4YOgy3en7gzGts6kPTO1Axca3BBD7x88VdJuTvEBQYXiPYUeePH4LFbT3171PI40oQ3Z+W40hDMiZqJ5bMRrkEoU/CP5PomHCzj8yd3qjp3fHtOG5LlyzU1IsSL8LqW61xKV9LyWXcbgrHKZmEzF1xMLnoUdoxU+N+Am/YhepT4g1SDdp02TOONGkJs0v+xSvKIFlXr4IUkGeRYvYBKc6HbdLyiHxG5jypua5Lb7RM7ffGN08XnLzzUU/ZoPLTUuhN5V28zitZKN+oCNqqCL8qfAou8lAJVBOWuAtvfKpZwArnhJzl++EyqqETqooc8uXWg4UYkaaPpkOv5JpVraTgWH7fZPy2OIxJmMSQY9d7sYerjsOCVs4boonwu6s72L1sVZCWXAe9M5pNvd2iR9HxBcjhyy1v7GsBhETA/8g0Z8QC0/C4SQSYdSrkA/pY8SIFMKBN7RzLIXJ9RobuNcjudQu0qTLJ6wD/unID9PZXFj+GMBa7kiGLFCgcXP9oeOridIajJHPNBrJzJuwmzr5YbK00MyUHbJvR/lr1v+9Wlj1f6UCc+0CZSCPX9sZEyrvavUKQ8WfigsqziuSHZGCrtuWSghf9uETL5iZJE2cgJzUqTc0avGmQ9LCkEGouSC2MLEc73DVIPnLRHxtMYp+u2bpiPLrwoErqpOt/p4zF7W/IrzjfnKEo/vsHP/gpNv92Bwugtej5p7BOYrldyHGfbvZTp2kJ1GxVv3P2xm6m83d8FXdA3JMccmez6Mrn7LWrLeEOGKlDK1mc/P3fx4Hzje8EHJ3tgcQsprx8CS3UfLRiK+IjLs3QTU84DBRPgG8Kwn9AHCtWHj/Olaa02+BWUNyZZ0XPEnYGemtdz+QOfPbd/teQK1ckkk3ZTbWJ4muotk/BqlOKr8waRIGvIqGSnLOGnGTr9dwS7zd0PVpJ3TcxeEvL+XOJflZnZ5chRS3R6kNCnSSPOJ8gIIEXBidlEh/QMeteM7AvBKxK6MMKrhRPhtWxFejUjVjObzVe+0pB9JnU+eKcRGKrDy6fEXFPl1zuk3rEQyf1wxEd1N+pDoIK31tZqfqZVVHAqeUPY2IltXuZWWjKtlbCNzNqA53GaozGmw7MZP6JnTTmCpwf7/XOQM/67FCgc/6ytkThwXevwy5dvobsLLflzcQv+iGtxhnma/fdzVh+EskU11hCcLyOd22/0c1YkCDcvF/CBle6V1q4mw2Ws7eZKKDXlgSs7nJYl9T6XkUHtZpswUKGnv5RVlk5YT9dpSZzktmdojJ+rckmdJM6AYlv9LJVXdgH+W37obZAwzc4Mn05sn0QGBr8zrrwS8yY16aFjh8uO+eqdQRYacabuJ88U0XVc71AdSh4T1unkjNihd5mB4+5nmd2VieMmlmx6udsoBKjxYzq43xf78WUE28KyqU0h4Xl9e9N+8mFGgGxsONMkcPCXz7XNrZPzvP3ThBw5ZfFtIWrSR0P0ncxHJtq4EO/xuy133W0Ism9IteWRetKTPRMNU/rhda+vpbHC0uOG7z+YyKXEHR2+jFB4QIjSv4KL6uTAwD4cLxpqp7NJWsCa+nv+PmXMkwuCAYm9VZ0F0srricuOroeVe3rSri8tzOUiBxfkChi1Pq5s5EjLI+nAj43i3GL0MW0s+YDT6uPmLZPU/tuDRblK2Jvs+qIg1ZjvTIFxD8bbmCXsSgG1UKml2jaPrq8w+kCDT4sCqYCT83wURP4ssqJlirhtxdXLhSiReSu/0KfEvtDfhZ4hXQ/ZJeMXx2d27rZl2o2U2VBBLBdwuxMS5y+vsYuEbrtg+uJlRAF7d/OraK32CWp+/bWrnefYyeXmwE8/s0mvhk/IUrQAo+JDNmsf5lpHBZtg8pWWEdvOeD6QrN/J4eq0d6pVoJkhzhgY/YZMccXbKGxlEoSTfCxmLfQDSd7yHuhMTCBitIONL3kU7q+/v7guVANmqUF5OgYOKcD6ZGZviyvhM9GF32DFBGxRgcSTsJ4y8NGCfmdba6KShW82cujLmVS4KShYmVHhMBJz/PdT4LT26qlh+WbTcniw9zZIgqII9pjnx/TX7/Y/jICmqEwGH32nZ4eYijbHH+FwiueoksZOFRZhPcRRCj0fm5JT7fDRZY+pdnY6iJDrP3bTs1KbO0xDeJni1R5cLd8suuI5zfbsggOUvJs0YLtVz8euF5N138lLtOFRzdpBMsGusD2ov0ml0jv/UE9cEteYOKwM5twN3XPqRdntmIV8J/zYtT3oDNEIUxDiwlP21zwxOAggOnodu12jWsbx61XZmowES7JEfpbXwBcODLdXZlR8yg4L046iI+RKiDxoOQUlzdSDRr0IPlwbQi+tZkMAR7JHEzZcaWBWjGIEh9+UfUr0mIm1vInVSfRPwJKbDT1BYELy0S79ou2nw0dV7ewgpcFLPqoZrA8tK8I3fWh2bAonvvrwNy/H32Nv07RLQ7bz8rHBB5n36czfh1stvViqMLFZ5LK2KwZYzSdBzTZexh115QJcTtjLKFSeqJC/cuQrs1yYOH7Yqs7tjZ34y8suLbkSaJWtroODS2T9a1Z+z8HXVRdbyzfc30o6+rwuuKl+KyjMeMEHodBe4vDsZr0bsnTpVg76QGEDdswyvDHy1vk1FDA6VDtceR994C2ihikufMucf3wUwG8E3W2bFlL33k6KBMk7WXzdb4sM6C+gFNfeJx0nACHpeB1aJD/b/Lu86j4N95XEBpyR668tiyr3Q60d5cUJx87cVKaiH/eXuh+XU4I2TQgu8nNBm9scMuhpuEObbwt9SlB1M23jpe8zQ+rcvFrYbUuJYg2g7cjLVvVregWhq1n+sWAopB/fpmbp0BwGx/fPVLoeyNl3f4FTOjIW67jc4vKzwXldQnu4rSkpGeQL8qQ3fnb4KJ4Nv+JU7T/r7X653kE17saBQ0MSwMgL8ZuwkiHh1rgwXYA3tIbUbu4cHSSb0us55prklpQfO3uSJNVTbUwBJL9rNKX93ZEbPfTWNyRymRqRwD9WU8gTLuVI2a+cDMznWS6S30+fpTaHSwas/Qq4T1aIthB9tjVd5SJa3xsm50Hd7UxQdAUVu7C5/pF3Gv55WOVpaOU1tSwNfdGbVjPtdSCHgdtpAcU6A0Wbs0JprWwAqsRTCnecXsSmJTFZ74/0G8GWt7HEymI0g3v+sSwuwFoQcmlnWXHg+qaQ/rc+Ou0X46wBotGzEI+sSmdm8PF2seNWjOB9IafqaeKY9jSQDi4wgjWvu1301O6u/j2+C3taKneBx6raFk9XljzLhUp+qI19ATAj2uRHVVFmMCZMLagquaep/3NeRHmHnt5xgenOhPywn4aLBt/63eta4qtJoNDC+AWhFLkbkhZSXsyJoFUDyJiGpZistFOgw/ZlHl1fXzk1ty9cg8/ObYvoBR/5hrdJdhYwiKoWPGqvTB2IXjQI3V5eHQTkON9nyYGHlKYjw49Xa3vlgXlBR6+29BMljNRwHNHL3S4LpiHpbN7bFerUwOEqH4MWJq2cEkYaRNoEjVRkLX6G+i1gviWyaGfjO3E3oSn02IiQ4XUzJCR0iQuDm3HvtFxH539IMQsp7xDaywOdax5xcqzCjIjy/QREca5CIZS1ucaZYjf9okgO3Loj5cYuAg/mXyMeLSbmmJbZlHscdxXcGdZT4/d4Oiovsp1zSLeoB9ABPk5vq0GCvOPybyL2N1wwc/W7T1M/fDBzeETl+HgkcHXHVcYT3cYBpLSupdhM2KyT1k3pK9fY/iUU7UbXDqUJug3Y/pmhwdzvLyRfPKI+oesf+eoYgfE9ckMrOx+ucSRlKzU+KjtnW7ucEp2bauGcAtHpjTmo+/APBONk9TrRnbcByn9AhN3mt414Wtd2JXggObtNLn82d7eTrsmMVulKQD5MqLOH+hjMWk7sviK5VV+xgrJCTCp6+7OumdEVTzlTNj/RwYN/rg2tHz+0DllV54vGqLXTn43fKh//usuvNsRLIDRgrkjI52e0FUdZ28fov1HD3lHDcozFhlrvOxlxO/KfBwr43sElU6RqNfOa4r6e3j3ALLMcF2UYijWVQEuO2RUX69NV4piuu70BBI7OzyO/uN3UiZXPubnWcb01XVk7zGcxRt/aVhJHE3YmWX/VlFtA0up4p6DqWOqz5b33yVDOonA9CblGIy1ydCsH9s/V8E8wBQWmuFHTHFsz2IeQ0ecJO9K1MUT17xMSF/POL/4aE5yXPZi2UojxR8I92xfxIgMVk7YnfJuZAA3FmRcjMA4azcePzW+oRlPBO04M9D0FAS//yVjzP2tQ/2KDJNiiOASziln3ke8thcm0OVne5PqVdvIshGnzkVJ31JQilYR+qBtQGzz2kEMIf/GuNOMsq5OHgTzd7LnNgdbh4XAkTnvIbgSrXxeg8qTsL1fyw/e9uX2vEjlC4tZY0qR+CzKOZOrLHxlr1anijGOtlvX1yGmrZExS0i4M4bzsu64HtDXSstBo19ciFz7OBNCVr9j+6z6AdDaMAru0sQTf9fxpBRE7WLzDG2nnC+9X3rVbyHZcWY0c6+uSeLb0sUzaWxuMpomS7JwcidW2xjqWVnUsCWv7Htp+TuqsGM/eUQFgHfnsQKu55zvSQ7G5fIQ2r0JEW0OXcZuwbuOXnLq2EYR63XmzsIy7D1+Cpdxpdekng057+K06NQUKXWiNsGDqrL9qjZsUhGVLA6go/eFyfV5RhxqX21VTyvqwMILnv9rs/9lvK9zhqNy8SeWdeD9kh7UdouoO+8eJnItfH7lcuHzcOSpHfKwBviU+61Y6CdGhkp2vaK1+be69YFYhLfUknph2xl97/1lYrM3VbX53s2FO5wSoVgpR2lGP0NB1T51TPYQEZwodFC6yyR7IHm9z0RUN5sDuwSJXNlSKcSc46YVZb004hrEJsHt2mzY2pGwMGkrvHynxAfPq2pIil6W5lMVIST/eVHWHl6+8qLu4vdjKUUtDOKcSiLzPjjam0Rz5fC+b2ZDn7femoE8DVvIbn4gjfswqmc5DoD9mhKmkQkHAsofN/uSi6KERSC2k7YEwIxCwfL9zn9Jtp8eOmR2p8jnWkrsdX61AR3Kwodem93Jv3GbE7IuUmWS9jh8zjUVRcVv/40yQmwvEz8pR/8Ta7Q0uSOMjreTvjoPcZ/8bnfLv9Uj9jsff7aRF9O1rX/5tHHtFK8N6/+04C/zfHZcIzu35266I11w/Aadf4G6+6DM5KPRbH44QOrUP/vTh107O+8h0tnjo8v75jrt2OtzsB6RwWhdxn8ilinwmtjaXUn1Ae/5Hg4T9wnyKApNntzEEV6Cl5P67W2/kVsqnUPTfdo7aUajyxsK/Ru3rW32JTVTCCmUHLYlI6DAI5P+mHpakMF1zhq3Pjy7Mf2UsaK3ob1lYXYFrtDtnWd25umW3tCKrC5C4quk69myE5f6YUdOxpEGk/sflExFrtTyiImGQzgZW+7+z9gXQ7ZUObX/1ISsbLQDTOaBYbKjatiROc4JFI0wx7orlG1qwVFlfrkDgbuMuZZI63+rMey80PLpqwkrq6qL46Qxs39LSFkNv9cQbXIlKx2ba6W34LOeZgJwrizE9EoVzvzr/Cdf/sxRo3pbQQ3j9GxO+fBsS/XP9YqLgoBdtMnqmJGWdxX/njoZez6Z86wnqr5ycIunyAk+12ecTNDb1RiJ+GfGduc07ZvHDkJCb9QX3nBhjyr3ZIF739PLsLelB4e6o1r17CI+fQCMQp8b4aPPoWescbc8tydXPHZ/1j/VWrL4G3dWd1hzPjPwUZFEhAQLPhYDIhq/TNKjmK67r79Qq/pwRelHHX3JDsmX+w/3xIGa6pwLYSqE9ltYicelKdaUzhV1Wg/8ZjR9WlIEK3yjPZ/+w2zC6bMvXM6DFh65Sz87+kZHXzitwXgBrap1ljH8EkKxDkRSBykE/Ye4s84w6/0H4kRakEGkp37OvamLgs2FJ03RRy4h78OF8WdQ/+gb+70byvcWwClRr3kIKzT1JGXzd+QYpjdPS2648OaEfQpu/HT5cr+BTfTfyGgT6rYVMbqtprO9aHDohWMonZ8ZYSJHG6ZW5vBmlicPtskFNhJwbqsCudFlJpwtTIxmcnKoXTbBv+VEqVrAQXO5To7jj+wYMCMDreUNI0Co5za5N+ENAnLLzuuvGAKf1bc/Dl/HMiXqecVv3ErjR5iLQ2vHDVKgSdmAg78CLunRP8AQD7WA6ssMbtPf0ZZsX7scf+ZqpjXMQN2Kh0rK9VhK/X6zljZh8ygmazhesHX2OeihW/JutfKkQ4Xy1mLPt/xD3nWFNsNuWglhRilSRIqAgvUuRJJ8iTUoEpBiaBJWmIASkg41eItJrhNBCC71JUwJIDSUBQaTX0EsooU3iuffMOXNmnvt9Z+4z8zz5xw/gzX7XXmu/a+9ti9CjhkDd1NRm+1Vq7CC1EjtujZ6iMFH0W7hc3HxuYw8SWEsPvHgpQfpZx0Tg2Sw2uUN1tSanuavhdMo69zb38MONEVriBwbJujWzrMktj23SuOvZTD7ruKW8+HPg/ITaUvatOzCN9c4lhJnAt19u+EAFt62iKL/EXPLX9fkCtWYgQ87YHUpGxOX2MYyP1R2YlewdHtPeEODW+VxPOW/lUtvsTztOa8wAYXNEJm3hZ5qcYOpE6yu10vFvYuUVxAdD8QlmATyF6VMeWwYAYpRFFLuPWZcUnk9iDQsEtpQaFZBuGusJWna2BUflHBMKo46U42HzJcvWuOtBx3lt3/c33SBxPstWnhbIHBb/PBMR/U59GlmeCxMf93BBcq3BHoYSftw5NTs06vwVbzQ5pQqGDSyS4rw6cnx3JA+DHYjfigXU1HTqT3UND9E+SCEtteg7zmoU9cRTWDLOks/a9+0t9SMU6pgjZCWtCLgoMVksO0JgWE/25JLkwh1RFDwM2yjJ7bnsJKY0aWxsJqWrfJxAacowjZl/8l+9+v39heA7jceV1dUhXwo8mH3uMzLJ1EpZ7y4qOe7/xGPbRs6Fp2i4yanI72hIaGPT//lh/bB9oriUjw1of9CSV0Dyy+/I7l+8UH3aYPsHWZO29MpC60LSeWOk4uGM5lbcWik7ifxJsazkeGqZzuF2cDGRge5VDJr5QV3TrW5YlmCe5CEBxH6NcNkoArpiMwSfogd4lAzD9yOEg/Y6jrd7j3J5lm4n0o3E8eV97XaWHOTUdlATP1Sq3vmUX60XAq6xg1ZL4lkv+SzrITjxOgOfwAfLQoG+2g4rk3+f8Lx1BSlTgk6RFUuNSqrLxUgJno0Sg4V7zXTIDj3+jmy0zwVtEOBw30HAQMUjMmRo/k/I+IWuI0GUd6oaW8a5/fksrilKAzlPrMJP1psTlNzsRevW71FmXrdAw8RYKY7VFw2LAn3o8X6uw0gf5T/7FdgC3qo4IjjZTk6jmi5N21WfQ/9k0Nq+/+CJDBWTxwHSznlj2qAzzYs29v2QY3BY5V1Ha/IPEswpjA+4eKPpl4wqXHeobfHTDkN9ZnmMz6mJezbfgX52VwZkgWA2yH2frv0nTVkJo9gUwAWXx0sZ54hScwSs35glzPdU1NwnBTzewoWFiLppDa/o0ebOPl6WmedTO+ovx6iX7D3Sgm22RNX0YIGtaZvDBv47kBeytvnO0aM0Fa5P8DiI97uM5OcRJWjA3LL13g3obGtFmw6t+DgvZY5xgteVfIlLs4wSvA7POEvy1OsaTg/ATXoylUb+NsiYP4j9cI8yyHiI/PudFcFTNf6XQCV71QwTO6lkVOndZifIVuD5yGwb8mhZ5s8dJSWgX9CIe3vZc3rOz+wx2+k8PygYZjht7BBMRauZ9/Gllz21JTU1PyiBtTktlcM4q5G/hqgRmgx6ATBeRhxH/iCD/HMJKofKJOydC692dfv4B+SsvFgh9+1onBe7L/PAGia1xr/X9sebBTDEeUxlonHJvHyPF7naW+BgnhvrVjPW+7l7ygjf1BBIFyoI1QgtV+fa/o/ZvBuMSMCsnuW+HSTUwJ+URweci/UuQA0JDHwdeXTj5tJHXJ+VHNpsgIknfq5WkYqvKq4EXID523DetgZ7Bx2Qtl/31fb5ftpIuEKLva6YhQJxCPAxjFE9/H4ZhEnCQNQB36JuTta9y9aU6bzVtVn5Tl7Uq71/B43XyX+Srb254KpE7RSOYAU1OD245E9ld6/mpfJnrRf1PiovSrVVRH/U+2BFmBIGzodrSVecs0BwuDdIy3FzCmn2hn8Z9Z0N3MM/N0f6O2k6PV/2fE7m2ce/Q3WaHKr8qnCdIcHFqcti/hli4+t9zBkST3saxA/r2u1AOlrgz4bhar6vHtIRE/IF3JjDqll8+Rx2ajbJwTTCDz7YQ4XQfTLTlpMTjOMMsXnMpOLbov/+mL2hTsCBiEuJ8jkM1Rngk+eRQy/DG/FqJZUccq4yeS0cnV8l25ixnDzyYoimUtYXX/Xo1cTrH4YWGlpKCdUt3C3wkvqEBNpBlNBQ3B20TgpJRjCOYxvaE8D4PiGOMd+Qluego/NgwqZQREdL7sf0hWqtm1SrDLdfVFzY6667zeb9Xza3/U/2IPH2p0UqR6Pf0wfKspBPHza9H7/cEC8hXTGfyg97HXJM+zqkJfrbZ/cq8T6x9se1GviHaVOxF1wVqAf643cxN05fAzlD6rb0MNems1saxxGsJz7eEOUD3RX0EaXcKPiiV67SXPdKCp27KfDjBR8hCjAfxiuSw1i7zynTAVrrAVMJyw2Tl+keKJeEMrcB35k3fGFqC+ZmGggGK+6FWMPN9kWGPH27DTzaY9Qv03whoLeuaPCEA1YcnoJHdPFDnt/1fKHBz3TEszm62ieX94L1TpQDa3bkhI189TWWwt+VfXPV4PoYdQ07xMlq8GI6bwPrIxGkJcrw9gPPM1hRcc/SvBus8cmicqg1ZtNkEDPANH2mL+wd4jglQM/tKir9h6zY7ELYh/oOclxzI0XXsCll0fDPxpx7nhV+ZMas8J9KJfzXnxV4T6hT007dG9VKS+KQb/wQ0/Sc2tKC+k7BD4ZzRfgnkyvxu1pN7mNfKedUx3bD7iQjPf0tWWtoGntVulstMElFkATQFa7BmzJTA6qckPsrMuqZnRxifLAVpNUj88WrIZ1HuBbmthTffbyxwyaKrHtdanrN58B7hjxq4uHKc0rqwFK0wpw0EapTJxuPyQNJ7SkG9eQA2/FK+W4JcUYdDgtqrn98fRLjYSj/Fl49apLPfZ3G/KHrVp5eItpvM7rNjDIGz3wZxcMf79KuV7e5CHYi2sTMuq1Hv0f5i6dlibemkQWIihzeEmqptskekihvfiTWpMOcJNmYKE/VZvrnjwlG81a+FRzGKKEbYWqRBtlFVcMw5P9e+zp/04BjlWU67+sjiMr2mtiwLusE6kJCE5taU1LhXDpCvGn2QjVygGhX23vOZSO7NdgiqsY1bD9JMUllSnKRRc4GEZSaIdelTnCeNGhwQbWY+RGfZOo2CMQpzErn3Ybt4I1LZphU0uxLBAfM3B4zYROWwKh8WLZdO47nHNFNoCXPov446153am9xYXZyoZvJzsLXNMeMQTMpDCw6D3U4I7x5VaqFKaw4NsmTW+K2g9ov5CAByw3TlsrTsgxn1z5IEon0IdoUJXmVDBsU7aDeCsUdHUIl1tCAw66WD4LkPKPkRljfZrffeSF3nnybzzJ/+ZNXmdKzakI9PSBR7Pd0GedBWLHb+HYwMEV0HpgqhGe3VM8gPs4IL1p532ZaYKb52OwKvphy5ouq6HCZlmjZk3gTzz7xksEr5tD3DZf77uy/pLT/Rb+RM+32NyfzVTSFr/Lk0PJ+/lDCEZ3fe+9BsbCVkF9DfpkAve+NOPSG9TJjsuVeJgqX4rHZdzuv0X5a/UsuZA/VBpHa/87tcNWZ3U+7pl9vzm19kdNT9Cg2p4ZkmxnZ037LGlTV4dYwtOzp975bN+985tmgyWypt9Ci5I750RgSQdWqULGEveFBY9NDtqj86zNHs/zxNYTzBaT82/PPi9g+KqpxsllqhFrp6IiTOssFjAHD1oW0oH0cFIMFGAhiremtZ/rZrkhBtQstFiEd4H8rEv+h2SzsAoXDfx5meqWeFa65eI+NHF1RWhDtuYXzfQzQ8OXJZpPoIKEqZ7lmbJKCS6bmI3r7dJ1HCFkxoqC631ytsO+2Db01GHa4cH1Dk14TtAhKLMs5Lni292wPpXn56u5XDhCMqD3wTfgIcxvv5AXZCuoI7MaKwnFfcwU9TjHi6ugPqLOTBXh4Htbc/Qpltt15zNSZZWEHKYhtTgJs4iyJsUgLL6ofbZtseop7T7efFB5vihi5sYcMJM5gFV8Bf0//2UXBsou/lWeP+Szee3Mn07nTf/Av85l/MOrt8FJqIjXZghOrURlt2WGCE1Dbi1Ky7xBsZa2gXmboMpL/fliuYkk/55TBZTXZkFDrLrlwXFSrHrHCyL9l/mCmBA0kSHRnkiSnDHjw2QLxhx3gov76qKBjJgNR2OxCww9+nkbSUsFeeZtZ3C72aMRpRyO9EuLHz6kmJ2czI1AtOUgdAldkc/sxfS8ldOOMrHut8G77dAvv6zRXw7zM6HzJnnuXKmC2uIHEHzY6YLVwxQ3csyIZKSgBa3a0+LYkftfQfz/kK/lbWMw/uCG/Brc8GijP1VmtW4TYd8QINV/jMBmxZyRzFTHhncQ/zVX+ocp0wFD8PH/fLPqU+xrzkVetQDYtFy/gHArxn7MAIHfF7a5e7WPu6NURppu8zqE+2FUhKDZn0x7EStZ+GGervUyt+zmaDTv95bKCAmuIoe/ewggPOyE8gnPHzRIXfWwwb9DghUK7wEA1BbEq4atwZTtgiEF4wozbwOuf2kH2prGtyems8Y6RikGzn5xlCO061p7cBwkuxHsP33vMUms8mTXmKkTF7troptkvmClFbz4SDIizOD+HcQAfETMmc+jie7JMiJqmqgBiNIIDk9eww4INLkFzb6/FFR2TNZZxTp9R0JvxrqU3JT//LFD942fkLQVm3pNhD7cwUiECbuKKLrowUCaM8Arj1mODqCzSMfZC+7nmHA77pUrh2dFyAlwZGFSHSnNwyWAK5xSF1rP/fVLCTXMh2KJ4n4owGMDSlmSSetezBvQyXjb196gEvngtcgitqRx0c7stPBfEnaehDsJTBiXou3r80vA7PcIP5zChu1wiJN+uIeqNmfvXQQn2/SrZZQTN8hkRXUUlHk9MGTYlZ3pQ+lfYZoged0MdqKRgUQJ57LNIiD++Qqcr7LEPMKLw3DMMEn+ekv3DGxjXb7ipXpxM7uvtLTYO5U4s0lz8xM4akVH+sauP3mXWD9rHcSU+GRrzXpxRD/27DZ9X+amu2NSNQJ0Bff+5PFVRGBRlgHKL+agH2DRxca2UFbOTnDXwt4fOPLDR1PZDSfD7hY+RWdWUcQGpLEjIYknNifbkUTNrdmzAUO0FOtWXXJGKzqUdgBZUXE/L9yw2LUmXxusG1xqhstTsHh2aA1Dx9dD8UWOxKUUeueCb4JI9vOWGp/aI+FRsvnJLMZbbbd3OEulDAIu2AqlHgWTO1EVt9hF3m6xk56Dov36d3lwoP0eRQmC5v7dwl/UKZsRj2PvoMthi7FLD3MjI2s45kKRIbWbHeDOyRcI822XditK9LXF0w1uaKCi+lu8LHZ6+1GHdzWmZ9h7hxZG4tGwHkU7Vc34hObQvO2UMIOA6+LMN1ZorIRbvVeb/KI9XuR5Y8SEn9uimNIuZfe5zv60ZPa2Nfcg6ztIBn34bHJOVBmUPUXkYthjehVfZ6GjfnTF40aBu7gWzwun577veBiwaHaHyk/Leo9Vr4x4I71nZleN5yair9GT5v/RL/u9Q9/XvSnS6ANVqmpCXay3DRMZV8glchIbHZhjaiYQY0Dl3Zal0IZ4nj2YpYWbJgnuQfR/SGQRaA19ykI3oYslJ2ktkUhELl2FMbpsW1JUqGB7af7wkupfokLorqKsGsBMTOShTT31svz9pamoi30Ulhcd1v+LHPBl90yRDEKgAX9qv1cMXmc3zPW7pBQNQzSkKX5/rcPlwuN22X2ix6gE6pMaaDS5bEchwGhaxfU6xNsiz3+xoOEec+mdHmZ6KG87gKMTQH58Noh5tIGOICqX3LCNyv7uOjv3Lv3dVftd8csmZGaT5eIFWavtdP9cDjc607ch++VIBoxGV2U4JLmRaXL7bM2VPnN4vckrOidtM0BrX+KfWU1xTgvUMCiTF7r1wQ/ELwYAN0fNVg3421/8Z6JC9pGvreMS6sUXtayVHENutOU4LNzksvQ7o8N03iBpnTV588yf4D2W1DFxd9g6VaLWS4D7mU47f3iNL52XeuNkzM5x7bqA89AG0UBHpNQdLLbMoIIhEmpGWwgJ98cjW3/kYR/3fcw4DZ6qt9VvbyAzlVoko5O7cXqap9gC0h4NfAIGUi5FSD8vlwH1Vp2MzemwsFU6QMOcHagNYkJAahIJ9Pog/ELwxk+8PjId79OQD+592SABuOiS6GMIbcNeNgC1GRbNOfRpRlZCbTwiLr8gRYZ+2xtSWlcx8Y1YG+oYXwcgfyenTtc9nRelGPG+ziM0asYNgJviN9jHC8XqKHTaWEh9JWglaJ8qWB8pUxvv7+z+M/Q9n+CvxnpvH7eYYfUsbPv8x18vrTK+YAgS6nOZ0mjbi/h2o6IJSD76Q41lwpVpdErLWJwuCB/xCOjeWzIKFL/Mf9F+VVjcI1jvNf866ELJXLsEjhcih5eL3NsPhgUt1jTuzWj9VRY/aoxeBwTY9QOs0CZ1nYyIBzH9rI2uPnUTysJV4+u+zt0/qn8iKubhG1gl4i0lzdAlPP6dKT1JSJireKN689sxS4t3Oejsi+6aeGCwcoP0Hc6eGvy8vw2nJr3r+9QyYMvRWLwKg7Ye/Ee/ph/Lnzs+Z1ReB63ROcZKgTxD/2kfmNFJuZ8z0JF+nyWmuouaHw18nsU+oV+5SpJKeDv14eJH5FzrtPut+4vB22FO7C32y0vE9UYwq4Fsg/iSV8uSOAc56XqAd/0B5jKAOX5LWpUI+myYJA4sxS0/MgjKlPkmyJmBTYMU5W8VtScfhBDiPQcFUVn7X7iI4ZScmBzZ7VNH23RfVCN2o+mE7ZoQMdIyLam6P53l0ajHnmo349T1XA08A1MSBnDQQyhaAEP5z1V2z4IGpM61wu0eA1LeAuZQ7WOw0i5a/tjNmQbtrS6mWDR/13cgnJt+LQ5HHO3Qtbu78qyCG/44DMdAB/y5cag4JDpTd0HgW8pFlhVeg+6bSvQtmYRGL/o9Iwc29N12EeI74vCFlQXZd3uTDkoK3kdmr2n65EUDNJ6+Tk8em18zahWX+k3h0WpJIGjsRatEeBDELNfYvDEEvI8wKZTi6L3YuSc6/4WQ+xd4wCgfLx8FnXiFrNac2RwpYwJe8qZu5s80sPP6wJvE96WnQrtjSsxEU2HUQB7lV4xC+4nhKafIoFvtY1lgXeAXNUdPosio4cc9eYE5+K/HUZuW/dVHuUS4K/dz231h85tKAa7r5zCcBRqmi7U8jWkX/7EoPEdDj0JpiRvsCuOIVfDaZ8mUGr7GQEzzHwONejTwQfzbp/2RLl4hwQFYF+BMmxLTzL85LKiWovWNILo0Dy6tZ7tAE59QK052C5WjJq0USRAI9LMymaLQB7Cg0dw0iDVOmftl3YwFVusyIrvVMnRH/FUTCRvsQsMCNGZhFuBIBC1Emo0hqQBTEZAxhsvk0VPD58DbNaH7FZEkSmZzmJ/6w/rciQ5USGVHdFDvzWXCTqsMtHaRrsO1Ft/SbT3ku87LBXONsGUOsiuS8cdfprNOG9kUL+67ncR+YzUQ3p/jFeo4MPc5FHedR1CBKVdQ7L4BbnwQm5cN33J4vAjZgKN2kQRwi79z/CzfzlfnXYKnTn065/zYz7/1fphjlXM0DtsuXL//9hYXuQXPw4Ec5JA3yyqCAsdUezKDAvlg9fHCBAcUbwQfbyXR4GhMYVSNOtMGo06lxJfpgcs96Y6zD9wxPR9w42hAS0OkczENvSbtEvReCj5G/WNiKlL0OmGS9f5XiOvjbaKgeXlcFurzmK5k1JFsdOvm3lgwsyGToI+USDAqcxAobrA3GZ8lcKLcXAgO+qzInNwZv88L1WpMUpp514QV3YYHK8eziV2HE62BhF5+ZfsE1cDgp39KlhULYH62//+La/rPsGRNVY2LYB/W/zsqomGz9KfcIvkFxQwp5aVN4GVPXmZJ+EwH3kvglfs93ot/uirtIbj4WgcupFchG7M0IxiWx8/u59AmVDirraB0llqFh9pEIzsEOA57CxSC4whwBHQUQt3/StVWtDE9adrZUCiOJUJ47pbBDmMoRhT9MI5JnGUaD/9AzkOf9vE976wlGCPw5RiQ4PDSngZCLJmhpdAb3IQAr0epcqSI6tPxAUBWUGZvEwe6cB4ez3SMy9tsjOLsrwNx+s5l2Vh35dRJEQQTt9DLGeivn91t1yamqCb0tejJhx0Bz/i3CTksh7PC/EXbtIZvFT7msEen3s2zpNv7VopcZKRsTzi7XJz9IUPFZNX45W4ouI/9dBRsD0cdmmHm/VP4aLYgWSUMdZeKiiDgkaL28BCrBtAf3JUWFeRwqxZPydUfsa1CanTIONguv8vKbpVyQo2/UhG0tPUea0dduRCqqmT9ZRJXs/TdZ9Kyr/q0jOU05Enq5C692Nfr+Vqs8nwHH9F7IMMR953aI2OcmqaxEIbDtWB2oEaZIuiX3NpJ0BekVTmhpEN+XFY4sY3iPiKq9ciBtlESShuahOXCqxokyfLpEvGV9cNsjeEmpGmPvCOhRdcX+jN779zCD2reyYnPh7z5fM9YWl2S5/qsa+ijeJNz31PU/nuH2Wdpy/bz0CwcJWA3HLAYjP/tcOmD9xLa+GFGQzhpHq3JJrYgwgeT5F//ZWlwrpQrOHlR4m+r/VtCpy/0udlthmQG3zXmyaCOue6m6fuhnkI6/HQ2Armtiv3P68jlMSXZfjX1vWZGp9dSy4rshNxGH8BzjASnuN5DyjSzij7f51SoyYx9xVuAQHJio9/+/bWKRVf9GPUT7CStT8fN8zz9kqFYTYnipxL3ulgfZ0mTJ4ThB8aK7Dj1pm32cwhQvl/JRHNCWxVACawN2mJITjAOEe+3hVWBEXiNvOwh7zR5DP5SAhoSbYYQsiZuQPBUw/vv0ls9hAuEKmDtu6HcnQWglXpi+Nen9okA5nN565uwM26VZ52azYOMzt3S0sj3UtN1oAkkEVSBsNld9FfxT9ZJznqr/BetZG3B20l4Mf4m4d0pAGqEzGG6iRpiXi0Fye/rPotj4/8XK9VceSP7BDUf3+5UOJ25eu04zqreYFCP+AWV7ue98Bu/TbjOvTlmx8IrtkP57uuPC0I30Ozd4CnkrJF1kh24hpkIMIje3fluubnIP1ISog1E+O8EtC1opg+FmBCw3cR0loUj4eku8o0U9jcQEBmzGxmcHRBkM+5OMOs9drMC7viIsqPZRuXkMKiocjnLKo0wKo/Np3vmGjx62ts+fuRdSyGEHoc5O6jAGqREkL5b6FCRG5/t4Lag+GPiG1Uhp+AOH4MQ/9L1flzAYzq5IwJoBfsx3HOQ8K8HmAlotFiF8F14FlVj9d7DWVPEmrmhpoA7bN/3yDwkYJETLVbixPLqf295yI9Q6dUi1KjjdNPMsRPWqMztwli1yO4igxd+exJHg9dkhRigSMGfWbyL94KQ9hdaAvkXTtD1pS1If7LAz24lNXsv3vygmswjqTBEz77U1Yp+g0ZbPlOMXYB9laIVIvPtsm5m2Q2MBNcFnBe4En7sul0jLsURZrtjwx5mHblveDwE729+uZ2eJsx2Y+FmQGNCAzW1msvLeYZdiRzUSCAW15zZD+o4edCWbqcK57ZaTaapVnH/YM60ne74U3/mzPr5/qrZ6/662Poo+5Q7/DyBZSS+HLwhmWccEfgS4BrBTHE0b1vvcU5DZMgmxDCguKAqyl+WLyTne7jmQaQs2vLTB7o3rH8Yh5Go1phaaOfi5EVPswwacipgyIyCscFEC5ElAIHTmZ4/bKY06sFajZMdM/Bn9DMc3zVYcG0vF4QVSO3g2kINjQo3F06+9OjmFfOrEcrCOCyq9wQ5i8kwM2m7gj79uIhfcB0TSlGMI4eEdWUEuA+WulstLflsmcyYWp3kcRLF6/qnqvq48v/QP3wgZZF9ytH3opdfs/5R8ndK+ruP+rUprIqXSejqFu+Gq5kGVeyh3bBG4P8Do4TuD+2+7pC6YJ2o1hcZ9CquAygkYT6o75Cq4hublAPtFrryHhylmQ2Zmj4bbckwGQw0bZ4QJMw777FKbOMt6uVLEvMuqcpxvOMdMryWRXdGyQbfzExwginXYLp8Cszio2j8OfTPHT8V5BUEqbmVnRBNasNOyQ2kTtpmskiH8gXLeHVoD+uD9cix3II9zoQX7IOZ7LortjeKB190QA/96k45Cznb8fn+55GACSetpgQTDbC5IDm/JX/JrAC94dJMzTs2Ui2JcPN3q+G+xtnO/ywT2XtSrTZSgOf9KSjaCHXJX9oP03KZUhkiXdcgAEHa/rJ/vwR/5Hoc4ax06B7VLjYNJneBwcdnwGZE4dm238hwLjpAoAf2jCiNgSZJMXpA9rAhCMphlsBxGcNfyEK1/CQzc/al/X65akY6Mt3bd3wMsz1GknLzwhpC8ziW27JF3b+EAykJ4O8imHQLQUgy3KwT45KlKNPQGp6v5WUBdBXZio7OzZPSj2WIV5jDXS59F6sHNEueUaD23jS8TBS2ONkqwtTa1cQ+oR3n/ewuMQN348qCFm1lZ90W+B/R89D3sv5Ft55MmXh68l4CUmtHXXrXpSaOpKXDTRCaYqYKINqA1tKKbpJ14iIH5SgkcAZHeMVnqWram0HpxKE5CR8uHOQxcIStoyZm4dLhsvSyEABBt0C1q7ys55Nt1HmqdM9IprBC8VWs3yH4wYt0DDATzGTmaeY+WTzxoL+C2y5csDLnJZsBNvPm0MJzfaFdF2Zn9KHhWOw/pO9VuwDMl6RL8FQ7ewD30X7lpzBi/dSPtoG2dKQxOS+U4TrlMOvB0XQNTMUrQqLYAmRYUaFa91/uqp9POPThHGt5QV8Puz4sUAqTIwWFJbZCjG3Fy6G4Wfg0EZLXwSDfx+DoWBRytcjIwlv/TR5qAvPDb+yB/dO1oTMjraa2ANvZe2K2I6+LlgezAuUNkw3ZEgYhvu+F5qxBBXdKDkEuM7Q/WNMT9fK7QTjR/b9vU2/AEHigxVSQY0Bv4t9jClRZ4t7wIaL+ZaX417w5kw+ZAOTMZxAy5fLpEdk0M0DrZ7ytQGg8GeVHIZnuLmmxBoHi3G4z6vqOYNcIkxPixAf8aHO6LH0zySzhMkvmEzWLj5HEOxadA6l4R0N7X2fgj2UMoG7azKRu24ZQN28NtzOoge2c3LeNxsrJO/4cIe0t3b2Lnyyp8ybEG6Zo0nurnItobhpCgNAng+NarBBGRxhbXHo9ArPGxUHxsAwQi7765XSaBEfOvkR/zWVpJUA6A80Tc3h2FqTY2+E7d+fmCRcTXzbMG8BdywB9llAN+8Uj5hsNv6Edk0vo+Ob5vWh58iASS7s0tL32DFz08sIN4URdCZT+FCQV5dRlGK4WqjoYCo+QOzDxPykVXonJ8D3H3z2mKZyclMWlFYsoKQtIboKi7/pcsLaIrvOx7NIB+Ldl2UcnwJOOdtnF7pAllJs1VPDRi9kmCdahNJDw5DvzkMW3lRO45/niLWy1kSZvAbLF93aievV0PISuWaixFSB0S0D1KZNK67CU1/y34rnZnMD4vAO47O+u7XjYYm53FsZz+0FSYzA+K/4EfcAW8OVPNNRu7rqik9PYCk0CrYTMa3nayoT2s5z7iuPTDcam700dHbMz7pFHKdl1uw0VgqpCtsWPIKPjkJ2zIpHiXmnhv+c+Hq+RbYTIoGvKiljQoM0nnri0mJYi7vrVldEvnwimTdaSa8zL/j9jAKEaAQDYjwmXdAA5wmUWbzRPlwJM3DbjltrfNCIQ6mtLWzIinhTDp+EoDohu3yyMEO/RxdBjqLMxF4Q4QigPBrYp8I0INEcz9SsiJAkku/XNPmSV/KfNn/2g1nEbsW9DFm1ynvgDqmDOzSt3tXJrzs59/wtIWPFtSEJIjqJbmsjGAKNOY7Ob2s791W0dLkcSHYsk5HrGOmT1KXAo7fxet4AreomgUE03ufIo5KikEINAbdd7kzc8oiwjFJdFoQXDkQA9JZTHb48Gy4x1HU4h7dns+v3pLlj/3lZP9J2b4ElO+pqN1f56Wq41frh9vjdPnEWRlZTE4lA/mVtXNeBNRXWVC70LfezjX7b+AsAmKZNHzvCc4OPMobHuNqEzlrl0rMKEVCGQcyPXvGoJ4qe5f3VjkoxPL2Enk738WwRpVs9MnmVe0HY6Z9SNAQ617Gg5PEPVbbyrzFH6u3896z8LIgBn70jrmsMwRESq3M+bNVvyGa7m16Ja9aAnG8UVJG6v33aTPGowPk26eKB9sOs6tevfUz7P68Xo2VtyW2eo2fg6aH7021NH5uQESDfYtTIzufL8qXT9p7MvuKbmZsMS5+L1hKqETFya30W92Jf8YMzHPqYQg3TduLsBZEUyFCtPZ+qjOvNebMqynAU7pWxd6vWFwvdvXma8mZXk0IwivIeW4Zdz5aQBS4579hPSYHUCMEbC3tJYmBM8ZnDxS1jIPBxCtMwPt8xoxDeEzUlcG+IC0pm+uCeGgx88saDmdEpu0/2iiHk2cUNmTAHwDg4446QDH24crgyZuWa+++3nPLT22end9p08QQQtX3tDWdBZde4g65b4ZI5SOZRkK5G0OnEcDbb5UWs2vVNFpSZTYJjiNeX77rodsVkf4cHN7bIdIOmccfwF+aGEzV0jxmPma/ljmmAnzX84f/odPBUW2vQaOpAo0zZ4d5d1IZOfZfqu8cP5qn4h0vKOUuYw6TINToD5jbhk2LARpds3kpgdStix2zRrTqxEyHaAhBuJIexkbS18WLaDUDIrVW7rbMF5uIzyY1ZWOQEhxTkomTV83stEvIMQuIdjyXO81tyZZVOKshpHnvL1C9GEtDFitvOxNpEinDYYZLPrNyD7b0+dHwVViJCQf5N0l1ZIr7isFlVxxKFLYxCNq7AnNz8E1Izlns012BoLqyxt31mXYmIoylq60KO5iHHKHy2KvT1jO3fz84xm1DCMV7SubDPrpxuVbZbWUeVdrzZerfrEAT1weHre/0lp50CnBNOZ50jxqjDq1+1UdEQ4ds9mqU2WzuMUJ++6X/vLn7Rpw9FpbBH28ua/1nhdG3uVZ1TmnmsXA/RGmv3BvbqmTNY/LU3sScgf+E3O2bT5o7zpNjKSRtesziMYFo5uiLXCBKDnPBf4SVzErXm9MNj3QTlhOMM2nPIKAHtnrE89j9SOUGGkrlbZB1DgDeQyKXGPsuHyU1Dm0/GftioAcKCRMuuMHuLBad1c4LUfCxFmf9yMHZ2B8K01ojYVw6pY+IZ8+oGIOA90L9XubLs5nfFfjoFNdHIZnpMw+7uk247kOC1fgbvjtSUrb5lAobDfEKnR7d4KBFewbGz24PiC/Nzs/vEFjOUQKMBcONh7/P0Z5gWiT79bK7reV09znmQR1GgMqfevSdyZAa19BAMaeLzMdhwb59990vqwURMCsEmQ9XeKGat3ye6dx09/qtrpSh4R01XzuSG/X5lomSLvZV7a8rPHtAYjJOvWMi5X+BS/LH57kVBBrE716Q36CLvJYaOPub9uT+r/Ynuzlfv2T7Umh+yCaHwQDqPIcDTf/GOAEKWn49Kv0g0nguWUUyOGq31U/e32VVu/iVrI8npYty0D8GCHpaOX73LpdoFzmlUmnBvh6Ovhztu8PNsl62f29Nx20F1mRf5Rhk0y4iaEDLwo5B5ejco7z0JzE/nNNwDi/4I6vgshzDsR4y5K8Zo2Unhv+HW+3+kCFORZe4FSZwGfZcsTqUjqqVXND0+MyZqoTaQkK+0vwJOeDO1s+rCcvBRMNz1RHC+jQqaf5vK6AW0fgjegOlnfaevMMO9fxE+lE1gng9g+DySjBtHaH1YolXatp4lDP0KxACwJr7j5y+0VN+9nZbyt/Jc+GkzVZrD/j1OXqX9bbxXuvTosHZjOo8O8Z3M4nndbhbQUq3SsPTmIS6eYF4p/cj85VaH3UrMG1uY5qGCSg91wRyjt49aOsxEc8aj4E5AhuJspyvy+28ZrnAkiqRdo4ciwMsLmR39gTCvbuemZ3gkMfhapflBvsZ5uUzEMp8kt8fV/CquHT5ZnbzE0/9ShcgsG4kGW3fbqZt9LT51QEvIKEsaNLGxGSJTDmcA5uP8UkMIHN55SY+NXSGiiLrcIBLiH4O1IdPDn7ihtW23jvT8k7behj5yS8AFrVp/Z4s1Ni99W1tEJZymF3P3u+e0xaQlv9WHf6lttnXWoTqTh3fmU+WdA1odF34YfVsRIctHPgjIdW1zjvDBP5IS/zR941Gn4D1Ysnv6wcD6iZmyldHImoW5t63Bhpc/x8xj39WRjr2zTzL650XCNYY2+X0juOh3vrS2jDxucQWSfu6iz9237f6CfD3r7/litlXUYyZ1tmZl3GlQz+vCUITrwSCN+7fWAz4x8u/6RHzuZLbwUsp/fmnBEUpJvCnq1bSBp39sN+RHBUwfT99+THA9sNsgP355PlD3yU3JY/BuKVJC4eit85KeDwtRc5xUbaMk9cb4ZbpdXMXxxl7rizqXjof3V8WKKBg1MtgoOpVSeBYc5+SFz0R431wqjz296Cq439S7cdOWaz9a/WDYyvnX9QE+t632e8ZMO7YyVLcm3Q7au9cwcaq3DTz88SvifgI2/vys7k7zdSacel2HNNyZ3wsA/7h3m9WtvaShWZsqytJZB/PZPKl8qXpbVhEv2FI7t1RUpuK7DmpZl2g9JihN+xYsogEpxWunmx8+yHHBSvbeGSdz8z4uVIWZEiyFg91UeXtXXtLeC43NrEqRC/VR54/hVYscp9R+Ye41g8ooxVbA8bPxKBQDFhlSUOD7Xw/pvr3vOjHrCiP92tRv7Y85Ol5UvXvDVVqlWLPhlJ4GFZ5cJ5RvoNjc7vwdkPW09C0Aof3ttyPpYZSnMNOyyrOm8c/FWdkz4QDlzmZ+Cz9HZOwoZoHuTI9VP2UN0TIwoG+dazERXySTDW2fx4krA8MboToohZOHoUHaXQEqwJkXeU73HNbTVEeV2131iYTYCZcF+VQKbVycbNlcCFjHlo5IKNxXlqmzrQlEVUK9gUZXxvjavALEr3UvcUS1sugDgUFIhQUlaKh8byVJV6EQRBcsGGvisiaYzWloCFcWkgrfrkeKpzeSwvOV8+a+rKdKQJlmgkPfcg7cdnMLzSbjcQr12/Z7UVMUibjy6FPu6bfOk+zmPhM0tU9i+7PET7y30YaBmfrLx12Dm5esDTU1U15jNdvLVjOrs09bT3o9Vk2jnuC+8D6ToD8loSxPU+1Oy3LqlT/VoLM5UbVEe4OP6xHVpYQRKe/Oz7JehWKb372METj1mi/yyfwk2+np/PggrLkkWnT9g7U49ktuDKx9oecwH+z/f3W8svfPt1encYIMp85lvFMF5+jHvMb+29KI3V0s36nu9zoPt6Yyr+/sJ169gh5JMES098BNY2Wez2hfPcS6WBF1+dU58DKx9APZZSd7XSqKImvRxOgNbw6+5qVxHY03BlRovQcVPf13YSNOW09yf3Xvv/kC24ChoYWR7e8/xFHGqc5WVL833AnIqN9w1cBnA6Sc6+xmXwYo6as68FEoce88s6tY4P544y5G/V+/Me18Xkde8bP3auKVatIzKXvPC9ZEW6s+bPnua9Ebu+YWMZo63K3risr/V03NrPiMPBhxUOIJq1PHv9w2ur+MgoOT7cqQNb+fS9tO6FV2yE0icKro2Ab9QBja4PLalWE0rGg6J7Gq6vVd49TFv+6RvvYz40U2tKCpIf95Ognd7Vbhybv42yrS06HvsLip943qTMcNgmcFXAXrCayt3Wx9XBFP/S0/Amw1wm/W9fYyG0nyvb4XAmXf4pj46gQ7icX4hBrOAGo0N3O6+FzefGcJ+rG3bcfkSrmaiiGEU3V+AsKmfKhClf5pYEsW3FbAClvP+dScLF86ndyTag3HIjV8U45SHfR3oVSXZDAwntUDo0m6blH94zerRa6by3Z29eDTGknyIWg3UinJNaPvEb8Ki9NQRBE/K5AU+V8h0zblo6d/Ttf+dP852bLYof+HILFDjnudd/jCnVNTTEOTEhHDeCisnhEAY0vdfU2MXELrMfc01bonEue/ns8IPI2v7NTjXnkbSbTm9mb2Nh3pbcaq0/laX81HRBx8FvJMtTePXvbB1qUdewywPSPPv7rCKvyM/zdXnPhNjIpFsKUdmjuDvF6p8qbE74OrBoxF2ZGANOvL3l6lv4qH20aspFKwhJPyzhjSVTefVI+bOOgYXdI63XNMBA0sdl1l8uzlk01QhfKUkzz+aXVFFPzAN7ndZ+HZsY3dLxU6GpPi/K47Pd/qapTHw6Dtu8My5SULzc7xYw6M2zQaiQH7/aEC4/bgR1OPHDF88X3Qk0Ets/YJIrjDlV9ayTdTKjYeiZ/PhgV+7q40zToVfLVueeVg0ZjQvVkyamsd8q5H8xOkkU1UpVuuJc1yJ/vmAMwCTruOOkVbRP4n+u9tBUV3yYNQ1uZwxAk0+oBs0bnX1l4jbRpvPL+p3VDZs0+rXjA+QygFEHa3yPM5KBNNmGoLuj7uyLGgcRWSYaSHM/J1t/nptRmOxyL9E/aNNCP/e/8MeGOne5k0DH4AjyL5THmS+QA/KGvlfEzk2LyEqb0SNh4HmFG4GqzPxiN2Db75VRCJPyQExWNvvsZ5v7OBEuvg3MkwWGRIMwhRCradk1rFlF8DNdUbdQiDrBihDV+glZxqhSQGJCH+Mw3ylbnbb1LNUOEwhSQ56JIkZkyseMdoutSvPXzywxItz8z5VOod6hBmKpYVHqPHFPMv3uZt/2a7GlkVyPYcoZNptgMf5frKR22qM9/1sr6RnkntObM9XXhV6SmXNSZ9ccF4kY/GoY74/i5Vjp9WvobTiqm8xB+HUc75Mycl0nA2o/RMMVZa+PiYywnT4XMGZslhwmW2O+tRwNn3SKYFYpc2tccrq85ruud1t9+7VRuJgbv+C7n2EH5jzAg818Drc5uM0KOWkvA9T85GtbI3IdCipdFGaw3rjv0chbTeY+fQGwyWs2ENEiwcN1FfaN7u+H9TFflnR/BhKnxb4AJFaTx7m7VrJ+1Yon1G99TLcMQkVZ28MqHa7pAlbXlwMHcWhPvTdhwTXzqr7TV/267jFsvA6vglXa/RIO55a57bO14i7nuDibDaUpni1ooB69s+p5XfnExe2udNWv14QfvOV2A0o+PKolzfyIR+yXg07vjhX2XLPtTC2JQfyEH1i4wyrWRJX3dcXZGx0ayYlb4NTJBBKcLzV5exSmC6icca+81QRYC2dqfnn6mIMi6V7TNMxzsSWAugBDZiVrH8J3M9vxTpiAZlQbJ+veC3uZ+4ny455OcrqHL1wz/OpWEkwj1clKgy0zf7B1Cc21M+ImKKYVOUrThT0PGkJVRI5H69K6BlNP3rbq+lHyFsH4oVb6uCo8+V1NVGX6yZedbZBFRyPPIZxYxd9osN+0+3S1Zq5rSPv2r1e/itvPLj3a6g7Gxp01HnvlINBgWIY3tuDlfN00BjFSHjR+Y1rHmLLGMh79oPCHU5gHctfRf7So37Xtz8ubQ/orZNm+SQ+wv8FAljdgPCjZPEv+vkSIVAbXfYlbAxwlooH3qXn4Wyme4gxeO0YUCjC3F8uUk2hX+KMcVFMwHI0C+eEHuflLlvu0PPPeSnR/BQMiutx2FLp1bB5xXutyA0bsGUr4DsnCE85eVeVwsLtMl0rdZ3HxLftg7gQNry4sWomulzonKdTY3F4ojRoicyW6VcqYyx6GFCUyN2twv4No2zwt4g411q0VREAHKFuhzv3HVqhsU2JOkX0eXcPgxiKH4foAuiKMztSNmnwlUtu6qkmKYwI/kVgWq71gp61pZyQ5HI95RXFZsNVpJ5+6k0lBq6bT9DbfAC9flLSftaq6BRR7tgva9HjdnLfzeuR1Z/FKXLJ9Ityp/mBtWeCh4usQebBjxbAaxOgawmu15RX2PXwOSBPrP+Kc/Mak0pzP6/4p0qaDU8ABz7H33qT60Zr1+Rxubw8TaEnA1qHrp4uvGGGfgqrdEL/c6UY/d74sYs/obAQdwe3XBguGORP33F8xj1zZnd8Dd8GWHPKNDKsKXdLAIB52Bnx2RvflIXOZfESaytajN2F7sDHP+R5M48p0Yeodp0bDP8zCqg1vOx5+WJ8pk/iQk3Feuj515039a9qlgpqkb3kRRMaJhuPBO5OBHvl54clPFdtqHYosVgSeOkr4SvvpBks9C5bA3tnCSIKZ428HpLq3x1JZZVzinUe8/iGwrpgZaHs4+GU1bGoVDts1SnZifj3st+RTqKn3pjOictt2rOCxwINftkcVeb/Swj6TZo3HuxxP6zrdCGw79l7JK5VT+4CeN/N4LP5dbTk016VTR/48rFvR/HOowk7s0AnLqvdCif29YST9PmziLMGl1QZjczPZoef1JPznSxYnc/OspFN+BBziW5nEscwXzSRTy2cHrWviVYLyg36kxflXCxs5889+17806uS+iCczIsRAnW1pg8gR7BnQHWMLHD/T2SG3bNfGW8Fiu946ir8rL+vR2NKb41kO4gC0BTVlQJQi5+tviTUm3hW3OIF1VN+sUtv+fEpp8gdROVQKn4QjHa3h7IAbwPPhvZeg4bZnpFozbA1HHvzeWbXIMPDzBfIOWsWM9Fn1aUQUusJnb+AYU5wGAP6TEb31fzGi71CM6CTrluNlvRxNMYCPCu1SgOL17CSvqxYf2MPZGDzU6jN3QngtJfJGWiqYdfdYVEDE8IEXuilPytSVgRFK1+S2JyVtEBU9D8QddiSJZFU6rHb4nrP+tL0i0QZRe/5FuxZW7TJeD0wUNDoyTDajqTbPyF0tChxjZt86Wepu7LI5hu+Rk/EF/4MDg/27NVYwLGjFxOh64MeV/nzH8yqBl7EuDCWpnlN6wzpozyg7Jkz9vHp6JnQ+wTqyd7p8utTUlCVsfS18S/zCdCscaxZsDQ6RD447qFEikyBpRuGvwU8Z3SrtuuHWdioew2sk002dD7nn9bUeCzc94+lb0lTnucIAjSvluwNl+MHlvUdlhWphE4v99GvUe9HQ/0IwobhyY/BHQz22e64FpE9VtFOtuIXhpy9yjs7ducr4cmz0ZMzsxfmcLaySULkjXvhy51zsxVc1USw7tb5sJTIvKCJYTUfRwm+l+5XWyUH5pfyich+FqSbfTTcVQR8EQ0Qn4coNPr9VN6nxZnQZs6NV/XadTGwaXJVK/Nr5ILiia2Px00RsNHsPzK7uLoca+/gvAzhAlCnAJvIbT7yZp8reXpmEtETJubWfgFd3YIrIY1VfdGfAz+CEfWWtX8pHq42gDkcvw8L9DJMDDJKObvS5ec9ZOo4r4iGgAYNs7e57ew3bi86QHXPxeIOQRl7q0avEYZexMvHq8hFL2YnX9o6zRWi88ZufS1N+Vg/rSq4mu6fVNLcAwGinzo/HjhD7kJZv7Rs22L9Svp2l0PVIbR1/nOPCWbMPPP/URNDVx/b3LgLr2IdkKVDCDuZ2eySvu3WM0+ea65fXfy+X7YXrrVkXARNDrHUvhyuqpZGY3pcE6X4qywce6f/K6snmJErsNMOduefs/FdKLJ2QT6wjmmmZYXTo2qScoGwev7tWYvyRZngtq3b1Fxz8evYQg4NTrGap0T7QdgOQTx5aYYehc5PKhe7Qiwc/5F0ymKIHGKjpeSxuRGRRFz8iZllZEnO/NkpEntpddbn3tfoE5HT8DAjzP8Pw3VlkZkbIoPT968VRKabMbuAd0NnZCP+RBjLf2Lp2Vd7EprvYaTdVS8AHMJXM/lOCLYXv6X3lbEQyhWicCC7VKFa2odqC9n9iTUtZ342xWfiJHV/fRLJ/u0f7usiQHcWHWi/qfJcKhU+XG77UVnV8wVnsXqf4OqJfvq0U7rG3YIDtVpyYVvtRKD+eYPf4y/qmwzcyC5s9MDbHyTQKybu3kgGVVobm/WI3xs5HqZFY1BgYb+HL775SsaRL5ezWJ8wyAdzBwSbfqqd9H6hpj7mms1Tq4FTL/6pZqnWfkef2DuvolE5dbEpAcgiIZ8/Qb/TyoEXZSGH9i5grE6slnXRvf7otlRqP+9wZ9TjYpu3z5xnmhExVDlFKM+J1y4S6UbWlQpadsRX4fu3oTA2b5YWjNe9b42rlX+YI+TMOOiQz55cCm4OkGWs6MZGzxpf4qwTGt5r4a5YWVHbCqpbFo9HXpO2CT7mr+Vam8DhLNzo18MgDD+hcyuSqfIeGCCJNgAr1tfVfuVKPr9EsAcCghgaxZqF5M3a1iKvJs/idOwVjAal/3vmzbqnZlFTYARrMtbn75o4sEIQ5Z/4ZU3o+JmE62lFKt0zRITzBNXLwYSsnY5z9w3M8isomJUVQdrxlrZpPAmXrlD7IGWfkH/J1XSjNhwie32xZWa4j8OtkH/YblMYJGRMXOu8wiSCgYQ77S3IU8k6jDeCKZGMw6R7wnfLY/vQu00ftkuSMDBSzSPstReLCQYL9lbBXccfKeVw5jy8BobHgApersUifHSIVqvFDzTZ4qwJ7uboDjG1rIE0L8pQU9kTvwFdF40hKTPtiU2XBTk0RzPZSJ9LoMz3axYZ1YtE/NWuyyq982Qw0lbl7rWQ0wXN432Y2YwR6HI2tZ1/1Xe8bjTBh6xOHYsb0wkmIk3UkC/W7agpFgDvktROrtumd6o4sjIrclowmO4CAB3G6Z6qDVQ9aku1C0N0MbPTcSqL0ikuZyOZvtG7tQ1kClHLJHllXzZmOPh8paT7ch0RnnHIvvFWtfOuihEiJ87TgB6YeZQmbL4fSWoHTdKBiNfss6lFuX9Kc/PdB9VPfC8tmOqrNPaMvD/aV3p0+4PHjJFm4a6X99I1faX5+rSgefU1JiAy9gMpdxRwaR8+izj06hO/XZ1Z78uPP0wshlZeMt4GCXXoMZfwuqsuherube7CB22MCZvHOYWslOcRLIN0Zyzvn03GFjee1wMpLh4cy6mZeXekHQ4ZKP9U/+P/8tTtfk19Q/ELzrZNqS/YZuftv7iCBpqkH8bemToTH1L7Y1uFrP2ENPRdNLKlW9QQRTAK6STGxJmTJ0mzXxpUWl2/r57jWedp/g0qlyU8TLSPcAfv45ynAicBvCjCac+HVudZLjpL3MTcibiTdKw8o6HvwwODWZf6DTan4pswH5w1jmX491sFnRO7M8s/l7PWGAbgJ9gi3EcsDcgCKxh3PtG9zY2RsEFLdOYJxO1AdLgIy8Yb6/kzHOmPOj/JGn/CZ9Vz/lOeKSuqQ6Hqvq5eTOjwe/5GbTQf2pbsg+nlBdXgo6DPAZ7PNTjzvWWRJ0IVg6NVFtAS11DYjJ3Ho3F3lAyV6siadMdZxScyBk3JKasXiIXYvzJ7P98a/9d2M6UxSt3kmLj7zJC9HGfqzNceU2fyX5pu/F643xlzbAJOx8sexXEH+Pdxfn2w9P7yFfzla1CGWXyqjqyAtWrt+j0yNGQUtRtdI64tsp2X8l4wKv9XkcF8rql6dO0R8QMNNiiEbF1mr6D2uU0pqpRo0UUOWzlbtBY/e/KwZoE4fWhSMCddKRWnEXfOp6a4Ut+KhbJUu5c7h4qn2rba1e7nT8Qtq2jWgVO8Zvbvqrgdvmk+B3KQe1UO2fTDoWUnNWanuZrX6AnoRh15KSnHdOUOWW2tlxbPx5sKc7j+o3LJwtSDnqczlOasGY/Z39z9km0+vtEaUZJyqGhWrnPUa7T9pICOz09xPQU7nhyavF29uykXHtEhriXPrKhMm7A8qxKqt4pNfl8x1Jwc4iCuikxbq9+pHPL94XNtivTZk5BK4+rfY+5nt00e6+Ir+zmS4pJvwiSfzN30t0bhfpyzGt7Zrqy3ZmQOa2f0nJzdpe4qcLrT9+Qkwh/SMZKlWSp9M2zfVyNzgHc7NgUANcH/Kunl/4LuZkrraJUD6YbgtXZ+jMBi2HbiXy2+QJhtimPFO+Ojm77alkX9uW2pYXlReLskG8UM0SdNtzPkeXgucIzY6KTv6oK3yxh12Twni0J0JdFVfXYna5XpR/qBoCUDuqX6wRI9ZE416jZ0ycEUEuNLcMIWPVnB502l2rNDNMtA13PYIbkKw6kIlz+VshOpMo1TCezKP895bzocOLIc1526JsPEQpYg2cAmOQWng+VdrHUbHyBuUMAt5lu2cXVXFl6Z63xTFomobtNJobOIby9KZDY888SEpsllwC+ikpbRcp0mVjh0fJqv+X0rbStN7kkMpsOdL2aTTbwWOqql238NBnR1Gwk3msIrY5q/+Y8geZCbf8AOnbNHQeBGWiTSv5UmrkBbWoi3tixpOQq3uY1cFA3W57tjeuSZClkq7X9vSx4lVM56jmZ0RtbGQ8VvlfifN4NL1Hi5k8X54bUC3G173TAiGT+PoSFgkoMK/0Z5ZURySc7720REZNnNeVl366Vhjh+r9BHSsnA00fawnCXjWgXu1F2Jjf+dF/X4r5QW+Y8hNJ81jJ+DVuAp81srYzEPXNn407c71HT+vkZVaGt4Haj+OTR+r0FSnuKn5VOq0f977gi5au1B1BX7kZ/b6g6M52yUbhI92PRzmhQ5rruJv7NysFks2LXv5Fwy0DyPfyJnOfsdtt117xXj+cgQWPvD6JqXry5DjnmyQLX2f4IMJjpwaFl+M1cIVzxg0B6XnS9tbWr0sOGtjD/XeLgbsgLfG5NR2bWiiUb4tA0HuAuKpIsDaMgjBYOY9Qn0jDy230XLch5cc4OWIAwBECv9zNY4+CFhvovSpOYxwM6Sh7d3fZwFo/ceanEveCS77E/u9kr4XEsokDFZcccMhmkdJnWAubrJ0USdWsJnXXK9SMNZVuoLkQDUq7F6u/pjXfNhZR/dH48Zr4UvTt7Z6ZNxbBPsjsh/8sI7n+pZ9rSj/WfsG4n/Q9ubhUPhdH39UaLFlFyMksosRMqOyVfZ9JzMhRNYyzFApxjpJsptsjX0XylbGvoWxRWLsgzD2sfSb+X7v731/7+d3P8/11O/5XZe/ui665sznc877nM8551XcwOZevzHBHRD6o8pp8n0fiTvojMMu8mFT4yfVz403VGWfcv/E7WNvxzZl7WqnXRFaeGM8WGT85OMQIf958PZKUUUZlPylSNUTNapXfixW0ZqJNtZdmbjbufIp7mswCswFQBBHlQ9mMhnb3Se7eD0Nw45V+dkSz5Nsbjz4Vtxb8/r+6/XDadPZmEyN4Zzg6oBS9Y8vhDisLopXbb5yeOgoeYn9ZDWlsGnu0Dwbbu8wzIcgwao38xpm9sceVsJG7Je6N7baVjVCB/y324e1uTtixvE7cySr1dMPD5Zs3l/5mDXMNbrSaPkzCEXPNtmD7H1/+XtdPfW4t2St+NnzRzqPnjOszJ/hSPO+Qz4444ugpt1TKvdgERL9EimBB8xbRVMn/vfPtj95Kf1R2xZ6H6k4njJRj4et3/jYJqgjALFeFCJ/PYnp3WpGOTE84jaxwc56lSaxcGfxMKPa7UUUc6heIFwJWmOwjoUUyKSejMoiyULyetvATgPKuhuK9XKm89CswLxvkZ0uGoB3R2suJYuT9JLSEjFNC3e5R2/udliC6zgRQi8dUFY2bLTHjuj96zgV84o58XseYSzSW3ez6v2zAv3P9QKAm7N9hX/MyzmnLvR8Vz3cq8INohH49vlaTl8cutKvpPhI6YxgZUmFSulMO6teF8Rg/DFGXnno4qTdHDCxSxzwPJeWL8ByMuhW0ufqy6+TLyyV5R95WfnNHzJulJiYWYJ5PCfBex9enaKu2z/a3lmboOU76c5WiOrOo7Z+nsSxo1wHLk4Kk2F26GAIuzkPPH1z/s6JaqQf84Z83GH2w1Wab/pWy72FGVfHHz3eXY542lzosnQSH5W+VFRj+eiau9uzYXJgIkumEErWUWjqFkERYtO9C3GhDyomLO1Xvx0lFKv89NJfQDQD9z6UxrKglBXEy3F4WGIEyZYDnNqS8Q8BSKz7DunXp5J0ciNQTkQD+URsejuPvfNdGNsf9+eb/zKtx7iGNbV2T/T7uB74e8dAmHrcXib4vEcf950BEV4BvCjo/qlRTdW2Jp5UIUu1P3EnyKYEjC8T6A/aCewP2kn4/zQfiH/dmkbAOt8+zIUs6tloH7YPq9r0YGR0zzsq3W8qwzgZhDblpj1hesoH1X7KFOxsJxXOyJQXMyQ5pF8nJ1+oKuG1ZmDEV0FQM3PHXdAtxenqgPq5k8pDc2lqNvUZgBYsvchccACn69yMxxC+3v9WSifwdYQaM/SnwtcOpjWpjSt3HakfX6b6weO9JmiYeHjgPbh6a/bAfoB+iXWyfwMv9pAOHXjkMHHiKRRlhGKUsHyLKR6jlMo9moFXX1w26jzz0CnZ7b2f0YPO5ffmz5HBIWc7z/TmUY/XzD3goLyZH4BEE2tJLWNTLddoZtJDeUsemyNm2ciKg3xIKB1cfgulmLzZRe/iOfHyyY+vWuwQnr0uS1ec2T42HLob7867PnxBSehYHzrqRnSB95en3iIeSQWMeRk8CTiyEH4RbVBrldu3n1Uu1dZ0dfRuask8+lHXMPzxPjmVq3d85ZX73gBC1brbCzgxcfza3MvDz2VaUjGatv5bdp810fC0wuSrruxF9VlmsXSpGzRbKXIaT/JNdbZG82yNIrfYJm0DBninCh//TK2qx3/2vvnxvRvR1yZ2VSPqFGZ7ITW0kJw32v+se9Q9nPYrwwsx5ICkLpA9fD8xo+f+TnVENR2VZMgjfW6NipACLiFOdTkhekiKY6BGIsTkuEqNZaZqVohceNeokY6GM2fikkGQBnzmLi6mXTPSpURTuQVpB2RK/8KHhuArvlpu+dpqALykZ/usDkedikAahYu3g8RB0DhMWlCePWgg74U3HW90MKHkhHMR2DK2SWuSQ615IZuTTU/ck8CCGU2pBEC2FrSpCy07jBi9DA6y+QQQbdDXpZei/bi8t24fpvB3C4VotliD2mLDefhqNm/vs2QeEThsqLa0q3KeraIudJgmPQlKjJ+7Uu6np7BRu3ZYvT7qyW7nM+Xx1TO090sm6BAV//kJLSC3D9rkO3x6fxl8+O4LN9UAz3g4bOhkfMjt2Evz/KnXJJjkrZ26G0fsj7afnr9k9f5+zKpsDaLx+NSLoPo3e44mVJKhq+dfBLgt8Y/vu9YK7a47pfVOJKvoKs59KZnBR8y5Xoqj87CDz255ULImmDAPjKxzcxc/98KhlxLg14gfn3yJm29CqTBOt5ghGnzlsKNBE9B4P8EfBK9ZqMETqzslKbTxCQf7mXqf2YYnUlaXS7bY7fcL5TuHkbf1VmEG9UWbQwvK6dHtOo/HWWxh03YwHMwpjVNJ4gu/3c8gvaSbT5LTamTQbpaY0g2yQkb/JYHcUNeWn5QclGnNLn249LBuI7B6e+7ahrS7ydwjh+RfeOF7TemtULwyeDhwojpAY/XL7oVGdeGE05Ds0sgfD6QGNb2CxT/fAPw1gSpOUjuLPsAaskCxepJK6kNJrc7vMebbvrrdYfboSiJO05U0JRhdQ3K9hwrl5tyQk+zOvBRQG9+TcdQBjcqGdQ0AS+nlGb6YTzsonpAS0MfhtOjuk6j+ZHHMUlAcucUUFgedGVX7v2ZQdWUFwaC/zaAy/tsMKtbZsUOsPp4U2xvs+Qhf+n598dzJ6scWT5LXRfZCyQcIe2VAIcAWd/UsgOT7KI29O9npqmNPzuoG8qFmSBqCFJKrst4g/McbB+eVB37y86hplII0RV7sfcDNTIhAAq6Ej95LflgbOOKGcSu3ujErBpwATx6JNCJAY0lxJ6uFeRG3zP3Dmu/UQW7zQfTV0ssMr34wFWhErAajbjYsPTRJLOnctgotlP8uYtdbwHIkuBjxNLgpGAWyWBlyqF+iFN0bbpvOS532YO4VyCjEMV0T9H/DL6ppLZms7HBHAY8tr+hSS0DKJHeEP1tS3RkrX3Zr0Bksf6+kI9GoEzC4U67jff5acfGxKs6GaXmr5ytHJRbNrSJHE9dWI0UKfuyOncoXA1cf/9+PbQfKUuJTNNglm2kykI3vSNE9zKWP845x+BxTg9xzYqYeNsvkni6AMaBf1MVYh3BLtR15+7FFHuN67p94jJsSkcBA/3506C6u2Fvt8Zym3X/kYxCZ/uRjhFltXQXmBjku/oOPYfua4y8+xtazv/MxesKmDRAr2f8cvvUpSqoNJmH+Pnx7WjAgEkvMqlwTA+uW12yPZgZt7Iqzql8f+InYWSgxESarlEFY14P88+4fr9UeDV3bK/VP9bxJ6ayCfzOOFTFm5LB+5HsdGeI5Jgnpt+XYOdNUD4jZm0sMKPqysTmtSk7Oy3xzVXrqJ8vWtpAPywr/CEyLvjTDjfGnC+co1aemjz+PRDa6O6jHf1x7yCc/dr/OZdV0DE+OKXTQlkD0C7mHQ+KbSwOCcq4txY2LphSx671EyC/gZBgLKl5Ud3w6SukNmPDf+b53W0/lCFkyIvCNHODIWVIcW/wZitCtTPjKfnVC5gIlEMLa2tdbprJPX2XAVOlWRVRx2TE/BLqLBkgcif8UOtLuTCKF2AwW+qTEkOXL2Tj4e2c4dF79xorumDvXXZue3cPHuPb5EydGOBugezZWYTEBHTV1G+hpxbFK+ng7j0dCudEy/+vWlV2+S2Q/MssXyDr5CNWnipeVAd8/0acJ+RnGaKn+ByfjB//dfsDeYsoB7qKj+rKoUaSLbJ6UTF5rju3yUoxeJl7hjMwuV65W0Am1SHUjOw3tLZPgDwuiRhrY3HpSPsd6AkGG3fUeFf2h6ovzSXoAoIKCVDYHcuBBjwidv2dziSMjy4W6/zKifOssytjWMl9FsEadv+AAp88LJzUuZlsS9HhachhDOCOtB/tgZPHLzdZkCZzJDPHaLOqLqwvqVHgUQT1+pPAg+9RuPMxZUjZix87gpZ8O66WO7bENPfu6ysBih9iovwRHmX95LzhAYec1VHVe98zzp8Eh9z5bu5djhyyglR6NEx8dNgyDPAJy1B4csPyIGweQOqUansf21EtTRoPEFMXOeJjZ2o964D4FSb54F/JwJqdvqgKA8AqqGSeLGtbbzb0b3df0Frx/5PpOKKdcRZ+6ZAcHKlhzqk+W2Twev/SgZjHE0pEcZiLaPj6G62E7fblutg/427JqRAFiX7wnJ/vhrr1F/EyrQd9Vp2o47No7t8DzOOmgfdiGL/RS7CU9hta0IdkDslIL4pOo1Y/3mAvTNNlU1EmSUxxnfxg+B9qFWXtXxh2/udRibvDkI+FOZ6ggwzhGRkhrzpQ4+kb7wdvyemrrr9aI6ZWplR1w27W/KgWUBtdVxJpnLYL0Bh7wDWjGuL9a6Vq/jf2Frr87lNINa1wSWO7cOrEBhO8p2dVGMnLfeM6xQJfNf0/S7VIAdjI2LUYRLzyEtU+SFaVtcLkd31bvEpOvTMhV2ahQCfTqR2yZFVZIHi6SFc5tsVwFl1wVIFKQFtrdZFmJNOlW6Mb7Srrk2SqJ6lb6mrbQnO/mdsUx0XWfjKi0jeTQZcyPj7V72cZv5zqXcIA9zgSNLsUwJn4g9Fq7RvXFJRIWmi4KRzkVgupCKWtFWup7tOgjgfsELRVi2KxBUBgsUyzCJMX/sqZvGCZoaVccQuWepR+xFw+T8HB8VphrFBT+rA5g32Hsrs+Y7pY8NFXhJ3u/lWFjGPYh3i5AtnZvOwA2ThWwCqhOLb0fHBrI29OwmfeEiV1sosOC9aLXtMhV1JsycnbD9qLi4KENnY3S47Mg3Wv1xuZAPoimf5ujA5XkqsedWhPf9s+Fef5VPmrmUY2WprrWNrnHdv58pAyIQyYlJT8o0R3Z0LuWBx9ltp/XeTzBEkjKJUitiH/cfGXfqSMvcr535+JRdwb3ZxOhNT5w1cTW8MF+xfXQbUrZ8N1KmSBeU+1lGeLjKo+8uZOORHmpSGNzTdMQORJV5X0MXA94v82dH3J8uletD7wPubswsPNhvO5WVdEUOeWn704eliCSU8HQpqvfo7u85h8MF2WZg+pWEhuDt1cAQ5aIuFq7mnayuuJV+Y4pd3OPq19bjlXd3+s4E4xp6S2XtL8CmVCNvgZi2TL063vBcdopxeNejeC9z9+5tkbf6ezVmZ1alRNOvar2xKrLghyiP4dp8lrnKyShT7oz8MndMx9KQ0fYYtBMlNZcQKv3LwwV5FAGqblv3VE6R/XjC+eFPyfukalZlIl7lPjW3ybu6ZwXgk0Ntvrh2xWXbL0ho005oXYgOTM+SCUHJjEmgpFf4t1RXnObagrRRKowW2nTOEoO3N2KypVcn7F37hbVA/3Mug8t9KMsjJdKR8A5BaUuNNwVQXHM3agVve6ZlExZ2cLMScjn2OuKywTkqrg7yWBz2Q+FIuPQoEQXvBHDvBAK1HNTb8sBqymeiV+bNmLwFl8pVt7eZPouCj7TzPf5I/6+mGpjQ1fnk8SwcUYw6Z7fZrvTBgv/h2ugcI+aw/IUBLf683ibrfi1DTmDFXLSw6yrgH/LPTWOHZ3OqKd0ipTXMWz0cvinPbp5fyiSb1h0eqhHtvfjRbhKESHEUq0W2fX1vVvmS/iyd3PlVLlUQ8cQso/SxFSySw5uh/iZxaBa1h+wtT7tEUydhc2Ta73j3g4FrixTbOqVlKKUws+u2DvhDBGl8alBpu29gQfP+cp6F1vDxt/bOXxcLvEdcSmPqiiQIe7ZBWykTn0LCnq9yr8muZPIT404mh2+YoBvWSpODavcwN7r3w93/Txvx9ABooi261/Me3ZR2fXD384dHfYJw9oshHl5q/nlKw2prd0fgHd7A55TGofoC+V/Lgz0NplcHX9zZpS5xDAoXTI1v7l0UpxDnaqovnXX1DIw8claSq3X9g7mJ/OPoN11+D5q7JD/QXnzpT1LFmwS3QRzA0TCqoKuled9kLlXqTqrIfRgt1yqzMqU+R1kHB4wchQwiGxaH7q2SuteceSOSyhxZN3+UdZk+nQssHPUGbT/POZ7VM97SpvA8txMzXxSubVfggFagj707L7S+M82lqlMPTBjp1T5vRHYx8Kb8SevxYG0aqIyEh5h3KrE9210XK0DV3SmglHgbhvf2W/ngx6D9sYjYAfc66Z4Vfzjvl958/aleGXJmwM7mTRhP2UDPeDvsLT2eXIvkFLmmVxqq20UpA2q4uUiAOwTOiNIl3vOy7jZtSiGu4uNDwOLJg78sWAhbuE5yIUZdV1rzzOp+UqZHk8NpyCKVK4JghO0ov2lwyO81mMwR/58xDjKJTFaVnHLPzr+gttVScFXQeHdccJagZHHLkzx7WXTpYWOGyWomOR6hT349RxfY0HdDalYF1G7Q87cJpE2YqmjbhFxMZ3xsq6siqAn6VmOimJeOumDob6rRiTPllMRYHkj63D6ypgTDiB4OkPXQBv4hN7KmfrPBsEZ9Yswd7TYZ+TDPPehmQfIa1WoqvAidvVQOiaZE4jvkQeSylvjWk/HHjKfgyBp9MKvKr75ELc1EQo4owfev8neyje+W931KmLeVac6N+68lQOSl/Ha3YcSGzH1VZsNUnaC/d8QmJUMJo9Z69q27hQkE+X8rn1Wses8QPoLraWanKymu8yBvMpCeX78mOu31H2V4XxRlemlEtaX9k0Np1DqMlvn27uxy7yek2D7wbg3ZuaVpYZUkreL69cfVa9HLzYQmW48/DD1wX6Afogeme+gcqAgc+GOurSSyyZnjapiujwV8gPzu3ctbrnjSZYVwz+33KunhhaDdp4mm39cLUOYO0UNUgv04haCvA964KS9+JqP44rh1NZqdWiscv003bOfJYshVDLlZw2IA70Nrw+117wvjj1o2irbuG/D0xClojm/Wa88cVoZ5PTCIZ7B6mGpJzBd/NnIjfWNQJHwmSnB6X04pewyVLgbcAG4Usz4E6R8tLmxR1NV5166TmO/ETXcW3/t6+TB+Hhnr4jK1TKvccr8ha7CdG2jyBhsv5D6e7OXKWsqEfZju3Xl5nBP6hV+cINZf+8Dypv6akbgsNk+4MJnsp853slbV9CQTm0dKGXD+bBi0M56cj40OevxaOCSC97vyPDzk32+9sBeApNE0lVGp1S4z0LFk4cNbCyoX+gEofTJpul4OiUde3x/01uMFxItaoDzkcgaOpeaUa6mIrKSVRH61awWb47x7ZOAIMtynpoaaPCE6O0lCh6lk2YG0L5xJfmEroL1TlbNoDll3CCyTePQl2ZLn2erfRjGOQDcJ2bPm9QSFy3kSAPFBhqZ76QbPW9p1L0cUqq1pTnG6Yqge5Yhc/ikDXNJqque0OJ8ZM/EeN3lihnPUkWQtWNAJHXOh5nc9wSygKGRkfCFjbQmeMvPnisGEX0i3FMcDzll6hhXiz8o5U88hRMWtc9taJgNBYv9/KDGjP/2Lymc/HhkWPCzw/A4a0tU8YcXpvOq8M6ofKRpQ8RNjaPbmziml7zVvT+EfoYFuO+q6V9Ol8S3Hd+ekNApll99fCgxVccI7kGMK31wrF2XAapFm1k/9t7dHZAyfHz/2wcT87tH2xbF6es2/d4CXTxgyL1LLULOpmyTREWPfJfiiP0Xpd9RnRN89iKB7hd4QY4Pbj3EsF14nhmw8iH2DbCFROdx+wdZ5SbeLzdHynqUL1afYvnMqHJgPs4Q4bPEratAfPslz6GTO0DhzuC3K6dtH3/zTH61Tikk+x0WPs5bqXQbUPJZ+ip0rfW5X8iUYP2pzNZAdBDtqZDhdk0+Sx3pAgF1KkmB4Y8/9q0oDXGs55gaDKHju6dGM1erqJkSiGl071zLh/GjD2s2Jqwjc82xZRvdsnqPkiXR3qXgjI3YaKWLPovjBpeBGs/rhifgmpVo4We7sNnlFQj9iUU6jwESHD0ZpV/1mu0FEesRIf2902t7O4Dvef7D2rrxR5RnjKZtKzdbtyAN+Hu4MEqxULMSvFZNwKf5BpoOvsJnkA834UK0pnKa1/yGedbYTfuj7Q0a7KgdPcB0xSnxe5Mm38E8pVjEhsJX/kpx6CI5qbstLpRqoPIF5H42ovf57lvQ621mN37XE0b9TGXCVGzcahDOdegiAG/6z+0o3LthrWu5KnUDR10yEDZV5RZApY/8llOU5CsFUkkLshWjoLHNqsmwXhBHFtKkTr00EsZpAAYLIrJS6oaln95xOHs8TcjhmPRI0DhQEhd0jURsNfcmcTgWMVpIb/Z7inUagFaMYq1dch6mOJoWqIvDCMXcJ/JpZL46qW3mpSkJZnotpo8rdH+PQNQ95O7k0XKdhEZlKxKKN3JQE8fZRgUMFob5+l7986F+U2B76fFh4ajKgG37HpPAo+8OoSUteWKDdOgrDi61Uxtly+hcJxb7mT2nNFYmxjflMgYisDlY/L3PqhAmn+0/X1MHf9b4YyurGP3efl15OeviXtNOYz+c+r4bX0PPkRx3sjp+U0nw4zeOG4K1hDK3qnG5td7xYccttknDpUQOW4Yd5bX7j8S83CorqzrCO18c7nytXI4qxCLW1p2miK7uxnfk0+Cb/Pa5fmfcFAP2Kqs+fws6tKo8b9HZjKfMfHmQBYTTzVZDT3WqHy+c0K8Qj/c1+nY47Ogl4wy7W6PyQlvHQmoKK87ti0+4dDq1R32KMydrhBfHdyZAPlFQm5DGjQlaPnq9w+nsDzfLEYHyjGNBxY2FDbMP8NjbU8/Le86Md4mpKkcg38t/PHpzBHR3MIVfppIM0DkcNdw40Co+fZyW3j5p1DBCilsXPKcvIQY4L9iYfep7+cfVoOokuiprb2zV/soepmR71UyCA9LwCwcQR1kqQn9RiHdBLGP7YXF1mPTz8/NfTt/xCBd5qRjyxVjgxinzPiCxxLSgZaHj4D49W6iuwRYuFBHJCVf+g4G18hcDS93MVNjmXwwsuXhvzN8YWP2+1nPg7RK54o6BJyomBVS5g4Yn5Hj/xsDiC+T+LwyslDnQ7AA4gDMQW0m6a84imPkOfGxueem4kO7hlv3lKoVX+RvNzo4FMlvxbeZ2/9w/czD2/UwL32eqv09+YQt/hl81Be/gVZrI4lQU1rE3lyr84D05cGf6lbtsOB5wDlaM0Y7zPUxBgL4r3C3+9lnJtehNcadOGqWpWo+VvoPyEuXRlb7vbOEGn9uLlzX4/tLejtb9QNttXZ2D4aP6lERVDITu0U+rE9W1vTh04OkSf+IoRxP2dqzHbEthGp0tZXpseWgUntmVxU9tfSeKB6h0MJ1tJssv97krA+gqr2nuvihUPqbDXD/kcEDbTQmYhHWGpeJyjW2uobirohNdB42ZeiGfVEMcnEhbZoG+elePnmHPre+XHH11fV4Z2HDn0ZnlzW+EckPqcXKuEH+ybr34MaUIykUZjvA3tPY8I15rZuO8Z7k0fCuSYaTu4Gsyl1YCe9SGFC7be8QxQqesl01+SyYQ7Fc8PL0XoSKMc/6WZ2LuvOdwJV1eZcx3VKu4nhkQeJC4TPMtzsxcfrlujK/c6ulSR8D8IWPTdK8yX0jQhluCnLMXoJ6cnGJX2xz3lFLlZp20vknRMJw+DvC7+PHTm+/03x5PgH/yxmwXuk6YU0lu1fge1DeA3pzq7dya3q/oZLByqgqIjyj9/utljP76nOYR0I+zEaijdifKsqBPxsjP1mANnxfOD6zn9ruY5W5HiFAV4teNUMDKf8LFNt/+D3CxuD/gYpAg/wUEDuWbqU3rps08ODmrwOnK8A4oyBjIax3QF1cnwkfTosXSFJz7/u4kFEWayXFPmQOvlGM4t2UKK0P1KheaOaI4XbLmhTScIHaKnknomCT4H3Ax3wv/CS62gh8Ahrf8CM8sPEtxn8cd2T029N6jANfkIwEbiF1guOC1CrQUy7PK+wajK2k/7YqR9/1G1pjX0e58bF97rz6kzOx++QAk7Vp8r+bdWhFBtlDqq4301erTl8aLNeEs1b4JQZ8Dj3YV+fMOfl7ZRUU7cZKjPefVwJu1pdU226Cp2i22CK+5dqN3WLuhhjP0e2n80rzrK21rOvAkdU+/j35a3vPRvKJzBsnHzJRrCh/5zYAeje9Kr457O3XNp+WTJLrDC3uRx/b2zVneQAU630hYPWfYqOqtHxj/Om6uWgHyl1PphTY93y3/9t5tSSTFjeODzw/OaodKcEgbF8P4s29MyXIwrwTpqdZlXrHCvpFeedB89fq063hB6o+fQT206lO7ZHVevipe9VLw2Y/q66HauG4n6C+AMp6GUBaSebkYfC/TjAScQ/PhBVf4/W87X+47TXwre4+vQS7Mk3sX85zZbhIa3fJSUyYXrRhwbqZsSDAK4uNwiEMfVjTM4T5l1VzU9a1sBQe6tI9AC2XLUbkq+10wpEGDQveeCDvaxVm3XuHK8N5o64gROIDQa1sXRRMFtH0V//YNQ0GSpaue/mZ/gcx2ZWsK4ixaraC2etvP+VPcKwsQ3tTRkkVL8p0yQavNMlLQdPV/WKSkbsYeT7xoawbHC7PzMVKPSxrAH129yvr1Dsua1Ea/9TLw6R06Y4HGwqxoqKigftixqrI70Vf+95aiGOs7pSUnrhxFPV4H2TRb71OhimI34L5xOh2IXZPRDBVBCC5lSH24wi++jr1tdznmn5izJE045565kii428nOKYPdm2BPKOZcMaAF3bPUOxxEweHY+3ownFlgypwnQc9u8FNrbXVrkn/UFd4CA3VIGcNtXl7TDXxS2q6f3HDnKaaa7EgERMjWQSeqQgW8bWLlSrInuvbcAqPAHnDsZVNvl/VPuQ0TT60jFSAXkwaT/BIhFvmSYEK/SrcDnxHPYU7zwBWwDb7wxePWPtMQyqsnZUuoMWWvw+kLQHvkyWoduoHsX1rc9tcrzmmPj60L9ut7MuCF4wPn3foEMi6r2bWRA8luH5uLiu7G+ftsmTHW2oo4aFESzkAcb7oZVjA6f3u/1aFeM2173YiF92JNgouLrrjiud6ySyGk8GyaQxm4s84QIVdRcG+X7TzGwl3JxXYZ1fBJo7SFG7h5Ja+ZW+sfrDKpf7HKAAj9cAkTOxkZ5aV/sMrInoay2WjoX5uNPiH7VuoKtAY/a6YQ+8G7FkthA7U0AeNPxoCnPVYhTf94D4YUnzK+SbbMHRGgTSTZMq39cb9mmWsUy/SQLbOD7AvGyyqCF6j7BAg3ruXAUhw1IvEjmiVi9IKC/traguDZSQwgYKbDzhqzBURN1VxGcX8AxX9QknpaIOMsaLGU0pW9YoxIDeUZFA4xH5qB5H1K4emJRnFu6UETXO0yIeR/lusSGWF9p0p4Ekn9Lt4Jy2pVmUeS/aY1de6M2oUpzdEU0YKBQOdvOL0V1gI8Z6ncG+D6JrbNSDKQ5M1+uXa0SY++ucU5LVPqdu6fOLGVXms7gRN1+C+iPR/VqdyDhGAFtxsbulyvlLaeEBW6S+WenZV0qYd6/N3UgugvbYZskKD05E7zVQbZvx91nKYZT19PlJM4gxB4x1x34V3lZjhRywqJDlWoQH51ir4VD7RUm/uq2ZTzoV/2XDwpN+xytOI+Mb94aMbIznVuhvj2o/ZDCkAM8AdATOk/AsT6BqXFfBNIpndcF9T/ARCTeoqqxv0DILZJzDPoMlPZa4cWHVG6kbZxqBjNmhkR271NTBVJtqNfabf9E06FrdeQA6p3yJmbnkSQKpUShEViK5C9n9knNU5XJgQlDlO3Wl3Sp6U647F0DIcdY5+Ul9GP/yVq0a4OZciDa9uZ2tq9kfccOmz9Bl9bcPRL5joB70X2AaC3XCjWvl/MpQccn5oB1NYkrE/+DRL24b+HhBEokLAWZ3cCKpikFAsxKbb+WaufzcItP7RZls3QCQCNDGi9TqJsNTcExvHZWIAF3/lBmN8bynZPNzl25zzGWR6OQqMva/guRjAHO9t5N8cUH3WZGPHJB3QMgoHSzWVo8HL2YWUouibB47h7vF3Q4VaaHz0w4P25EwedtSdYP2q/vUnNPmlKlxf2WbzRTeCl5C+tO19LpgxBeh0Y7Fc5RQJ4yGEqmEn/s3lUX5wzv5B5XAmrSpLa0Ew6Cttf+fzFMnMy+D+jvhb/hvp6R0F9Of876qsSr/Qt3y+t/m7z7RfXXTw4bblZROb8c316tHKLwaxDSSwRU2KkkyEfkNYn+Vek+Gq6TDTvDtpVKl71RjzpksH77QpcDgECYQtSA0nWW/dQlYCDGaMIZpVV7VQ5FCgyRtPuIgSbYOndgsn/10xBdJX2WwZqvqBtdU7Q3L54HmzD0T7KxCxPsGksil8anxwz1XlDlXguv7js5v3RZ509v9JCSv6RXqIE+LJe0Rqqxx5dCef4fJ4usHHBsprvRUcz0fO3tAHAkUBYgle+6cBhQZigZpLa1lv2r2pbZG+ookiUHTba7EODIkHd65nBWGHQxcOsn/d60kjlb6bipzCXgPdqaV0PugZldWXFSGGFhd8rKjpCIU0dsvmahLs4FuUndC5fQxFUA1qxKMac2rd3ZU7L7ReEzRoUK3QPddh3A8ipNKnDQApxbBm6GJrDA7/iX2IatMeWrxSJXdQmYngU+A4H/AnZOzhFqLmjpVGxDpxpcsKkclZFi5kc0w1/EwnGpUoZT6lpOf9ntJqisT6rwx+isYZ5YLpFm3QzEuHz/D4zUNg0SRWe9wl5ycAzMjckRqlfIe//n402+uW7rH9ttAkXXVzoiCxnUl1h5d7yubRtMRDLDNVV9k1c0o5MIMmaBfnfXc5GDNoFQtZyVVxJBFC7zv602U+FbpfYzkqkTdDebHyAY3JUduE/lwf9snmoWBJkThSM5qW4sk7+YMukbXHygn9hzmCbiXkTw6yTfvZbFp6JIcPzXrd1QD9ENwpcgcROCkbTNgnbCCjpECs5MHspCRVBloIruXB8drZxkNfIcICBHkkvVW+PkF3foXM4U2bKIOOvQszau6grA3k1FDUWJcub52mSZxtiqeyvOMfzRrOlM0dYKiobtgztGKS9QY+PO3PhaZydb8U7069oRVheuveidodRKmdSEFNX2HAaaUm1SY8XkKpVSmD5z9tPWs97rEb+lUP83hLWBCqKUc4SihuOuB3RiEdk98yNvj1QFl41kaGJCx7S/6B6oiLBJ3SRu8Encjlz8V7U7VARzzziF2lIAVA4dJdSF9Woj9yVY2wgSRNvmXVYf9DafNlhpNdcesnUSd+WgBqreWcEI8YI284Q2/qPFgPuN+ANQosU0tUuMCkUaAzizsRmNC2p93N8AcBwjYb3kTqw2xqQUUF5xAjmXYtCN6Q9JpcxszGPT6bLJBZwJdXkat+rYoXZBfgMcy/Y271VwsGfY5YlUxnuHASxGLDTOJRfX2QPotvXZKs9AJyheOljWK3fsszTPyzjXguX7ZIfexDQslCMlxUCn2vKMHjN/kqRdCMNpyduqYo3NIr0+iIkQIhjiPGDSD8P7cpVT8GWeCbtOBVZYq8Iv1FSL8x8Hvnn3oZm56JPr/UOc8NixFKFZBYzyYaT8SffqQi7UkIv4J1fYX7t1oER/VKiqUQtTstDxGXJoysslm2HFWOpxCGIAot/unX4TNvtILyP7u7kZWHd8ppGsaLqYkusN9iFSSsNQr6f+IGE6tRmMTNYuD0aRJgcqNfYw6HNIxEnqs9oUP04dsbjhuFXslHkfoVW+7cd6Rp/5FV5Bvuhxx57wC/pdt5EI23PQdWuIW313/mKDjWTnam3tuscnUe2+msF9gafxI5PoZSJ/YbN2OV2HLq6ong7zAElK4ICesOdGQIJzveKylud3ZUy8SN3izacscX+uMtxmtrBkSFRlRU0obpP70u9uH7W9ZRexF8UMBKRQgFb/IsCdrXDUE8mEsuf0+yjMUdI95vNCiBelv+WKVkHkybkNMCVkt0/mAQR8t4RJl150UUGJ1UuRL+/QjkYZ38PxHGX5g8b5Bg8+UjJLflOVN+nkdGoeMYJNagQdRPy7OCPrvFBLrq970sd5pdEfBEoa2kbtgQfkA+oeSb54yoMYntTOF3sU8JG5AAqnuH23fU9vZZOn3qtlypUPK8QbrtaLPcCfJNw/U1XK0psE45D8nLjp9SRn/yonjrhtFzQnMStjDwba8x/goA1/TsErDxql1bRP3TOs+ho2Yjjqdv6A5w+75ZxEIQc3hdRx6q0aql2JL8/OX/7tcz/Vx/C4+J1/AdK5gyCP8SW7DVOOY/GThiQNIawdwJy4HvZUJxbjSXHdHtmNKHFeQJt2QGVRAgCzaF5wqmZBx1GCHyC0XFodAzmCHt3OT12ZjlPzwauRCsIep151By4KwNJxBxWtgbWRT2LAjJI6Xcp1hJc0gBJgbsnX1RGKniZSL0Q4it1jlTLddZZOW7u4atLDBPSO1zLrcePqIp30rYpri0hjO1Wmy29Nba055WcaswHzXhqNofjKQwwjeTdC411Y9TjtzIi9+JhXL+Cx/7bSN5ZSp11Vh9zyiO0JZIs5ST1IRYVz7rWb1dxYkZTgBraSpquItBodgNgTjCKB1Bg/m8MsNy/M8CU/hsGGPswcdg16xa0kC7BX4lH6kJJEmYfu74gdPL2XiTn3TYnLFKQls+7/mKXzOBF9inxQ5jxNd1yTjhWFG0+e0VUc2956bhh0CnvRfScK/q8Rxw6DYXYatUDQ6xShVf4vlmIb/leIlphnZj/bTnib9jiOgtlKafX24ET1cehLa933zK+1jBMujWUy2TCrbGdLXsv+h1TJo0GQ4tl5ZqzHRgSGM6opLHtl5OPGHIOWunkqCo3J8UKDwQw9aYgWuTskjoqzM62E/TtknRmY8WaNFUAkIEjosyrpswjz6TZBR5nnW2Cg9x90WmHfyLA+jkc7PgoCDA+TE3OG8UWwKUL4Q5ZDfV02GPaHjg7vhPry0vKm06MsXbAdoc0MAHdQnhv7ZJd6pmYqmpHs91uJOkKSI2rqX4ZnJtGRLqdR7v/3OsN+nGx8V8Z9C9b5cmpLjpK3qwBtK3nIkfb7W/QzS+72qnbL8Ul+JM05voVr0AWTs06qXkjHxnBkjKvYoXd7qXMwfovZtRgv4h60Rxcmc0+jNOM7Mk82h3BqLw76lKkDVBiDChY7M052pVpFrX90OGDPsI668GUzL7aBUTWxpPE2IPqouaigC4LDlyKKfDFGydfBvp7zlE/05OKGxIMqdxmQ2/fnv7XKB347kGCxuAA1wi0p2bgQM62dLOVlfw/YpULMx8b8IY9aNasycPEbJRidt94Rh/bkaT+62Hzt8gBjZF/XBrjafrqAOxC+vqep+WbE7nizGUZIGxWjZqmyFPX9zIrqAyUwlkbARSxT6oMAwxIaKkQ9l7kGfA76Nd2+dc4mCdNN1DD7JHk4pXF3Bp8mIHUnDoYhzeoJbnqwEuDfIBd93Gsb4bse6gURY5Jw3P50LbivO1T6luvsNmVFmJpnNsnQkDaNfC1Jy2bQn8gwAYoCLAtCgLMD4dGAAaHbX0c/oEAUzpX/F8mwCZ+a+H7JcrjoIM05tuTMZAGY1QvdvetzUzMPwhgEUVdfxLAiv4LAexbtBYPeC9skKszKlyYHRq1KH7/4iCa2Qihsa2YPOeZ1LueXarEJ7hltOJobSpLlN6Kb6nssOpV8V3zfzdI9zcCmNQfBDDKRNMTx/W+iJhMUjh/GmO8ApURowaBnO1ghNeXDVTtAN9EOwHreclDYT8OQLgG2Gauyj42thcmQ8hRcV2/a3foy67hYk8OcO2xl9MSmvH01Y9dmqA6lBaQ2DDQr2V2/8jvMv+oGIyqPbkm7uhxXNJS1Zk7W1XNKIdWgn//Ph0sIbNcLeLWWe/C0UwaT86Nih5ctUZwjv/yxks9Bm8S20ZFcbm+0aEJGug5Yxhhvm18BpS1id4041tZ6uoPwM8bpCpI5KqYMJKMOIyCBu9mSc4PcGLoZXkr7EcHynOaPhnrXUc2ohYn/W9DpFeW1NeZM7mdVyD0VLrQgX8AwG7k6/rMatDjWbVWcDjBwnTFgASXl1qMs/qxwPXIBEJ5aKmjLoOTxI/8UGxNIaRLwODJmMr/he64kmOwz+GY7Pb+j7WlF/4LAUzDzHHX6D8TwAD/LQFMN7/QxG7eYYaf1ghQN4hGzH2F4pLSNlv7ZU1hhD0M95BsoaVC6JcphRwGrZdzhEygYu2JwBvGkbbhBuvYcxiwZ1K3xRK/Karn4pe8bOWtCxwGD0j8/aHKGlyueGS8jBka18vVbw3xu9c1GKyc27Yeo4WuUJEhFAf2sX3FYqyMP+38/Lbav/1gVK2xoUv986+sVvuXY/WjONYWv6Rjj3s5QXJgOo++U++emTuLZ14b09qKGb8Q4fEylCcSPtQBjWIW0xEk357sSy1ItLVPeAEQNVCr4k2Zv1iPbbKEkT/g4Rpzq/UhsKxVlT4Sxh0/ZxALmtByMgiaLW3pV55bTBqhOU97v2C9jOcZB7OIC0HohNzhsZORCrOnXnudjDFYx5nxbpkgTjlzyZDKMQhiTqZ3s7MjFjNvGom3MDouqLu1vn4jB3zTciU2s2a7vak4RaFbG9a8YxhEhEn36CoPyYNtMsie9YyHLEDo55rUxivzZbnfqgjcpFQESjVW+KjHyckLEHxuMEPmdQ5rN3+gM92sJhp5O78tRRmwnWWCy0nCxYS8Ys68RGoxRCD1DvMKrbd93yh0/9sYQlFlFsrndbhQ/EZ7cT2uZY1FKyWSs5ALhmwt9s5tIGALSclJOJVynxAGzAclHkGpjjP3s55tx2FAB/438AlQ3Mk37lHNmDofXR4UwVUKFLrNZRIcw9mc7T04w4tT6Xbo2ZMZbBKGovzhBlyj0ItvhAtf2K2TT1dlL+AwudUpPecZH5OmFRfFrdD8HtlI+jjFrSjiRBpXAJmhWCcI/N8JYIt/EsB62vX+3wQwwL8RwNh1EFwyg2b0hIx8bS5mDIlQbIuF5rWaF8SclNtkZHO/D4bhJidrX9te0C1XzLyw0MwWe1r75C2pIs5BIXYo3zE6fS7fwGaZPLR73qDlIVe7xGn7WUwIOWGj1ZUaNAzCS2sgpLF3Z/IYwKRPtxBA0ZBKlzZN+tkFm0yxgJ9vPJfZT1Yfeo788xHot44Hpf+2I0djxS7B7f3oNrKvCS/LT5k4EMsQfB3ysqYicZk5WM9fY26BxYIl1Lknh+cgT8hGYD9PvYiYgznqGjjabb+9Q84k+j9sYvhk8oQKs/A52Ue4C9E8kUBG10EBU+C0XMRwTU6u/2KOwuCQBdf5B3KuBQaqF+Q4xIf8ZWwVQAW2uoE3BELhhYlQIgvj9UjFljTwPUKeinchOZI75mUyxqbIpVVubwKI5IjDua8kBZQeWs6XOmwTfqN5KDQXVSRu6knI5hkUSjsqnC5HnqyOuSkxZzdX+ZvkWjkZSgH/eBIdWcGfPeXRdyYDpCYoUpg+twu7l2vnvf0aNaev2K+An962Ir01Ma6TQ4MKw4ZTzLelCVNmjN2DoeYr5Js+g1e9ReFKyhCZMPBBLddcBpCJYJTexjo0T0sZZm5Z3mHUq3L5q7kYIBJIO6B1n4+vpe1MmxRnx/QLGFPxaf2Uuf9CACOgxiz+JwIYhkIAc/6TAFaIL9c/4K8V+7/JcRv2v61WUz3+s0FV1FJV7tl9OgvZ+IkrurJQCQT+Z+ljgMcj9tkxwLMsqvTgl8+ZlO7QxlxCPrlVPsmnczMr3EdNqZ9tUSQ8/FzWOwNWqsW6UwImB2onLsbZqt56wnSQtvRtXKoc86Dn/T2WH/M7yV1dRk5F5YoPRpy+Z9q2cb37zMGLCMUOuN6SfM5ZCNQSDjpgzdytre8JRkPWNX3cDxYxxsrycGYCHgOSVd0qjWFMJZzL5O7CZ5j7YHPBRzOCtp6l4s8TOkiy2oXoWzjbvk/tmRzqtLip0fnJL96KkpftVlRNnjWKeMKP/bULIJop2S7Fz/aCUmmc4Bsh6VnjWoJMbKjFy2xob5J5s5GqlKH4GZBsIInaAAF5rbrnjFevcNJAGiCG8p6mxgyj3Oyd3kTV6EVmZ1I9lqPRcqOgbrqbLX8nrV44S/1j1CWFEEkzvs4sI0QTlb15TsAFMGirg+nPf2xYF1rWaRe4vFG7KSGwKfEq2Fb9VCCdUjNH+K7q3qBgexoP0uXLsEgMn/zQ2S3zK/k/Y4HHDej3cqtegebtL6G3R7I7e5PHTFSsk8NIKsmXrT6m62vSTZ7Q5uhP42I+K/m8ZDjigkhSu3ByYz6XKayd//zRsYvCrjegaPJn3Dsp+qQj+fuNvZLFF+mJb2rPLt8KtCVMSp339A93Fz9zXpZacNDMNtXk8QUA3zez7tp0UZfN6Bo7ucnom/a5f6JVzH8LvZZ6oxFkFWUURTP+aQrE3/JRZgFkvCp4GEuAGjPyy5NOM/szDZaEA9rd5IZFAR/9mWczlbpmbhZPaPrk6a3Ugl1P2O1Nou4Kxve8Iy0vRmBRSsvMB33tKK7kA+QndB3ewlUPsRhmdHjwQElqR1gXXCo+1OXGbpPVfUpAn2PSA+m4qSQuG3DiIyHDqfeFxZI6+1kbJW31SGK7ri6kPf1DqXjWFY56bG6912QBz25bTwGNJdxXw7HZULW0VHz1hc1ON8JCEMbgsxyjrLHlCxjsA/mH/GxcHMCgFoZ0ptQZfsYwryXDaJp+q1y5cI9yWs56KMNl1Ve/f1kDnJ+u49w8nTf1+t31ISS3jUX+0zjbOzQBey4MJumYYf3AzcuiaEKOHTOfz9khpBdz/HBrtG798my+f7oocSZgMYEZb2xXCYT2QhUf/4jg5aeVwZmBHXviV6FWhBJ+mHXsO/ogUYvzN5Nf0N0HTzfy9+UyBDxPnDOp261BD5Wdinb0omJRgY9AjazFO5P626Ppb+h5F9pybu/easvleAJ8VPd2N7feVrzZtAdLgJMvKSiD5HJliAMJMUan5BVzfbeVIbXYfe6TsSIwkY3CK236OyWZ68JMHr2m0/rTp6qDPwfcPMvtwezPzex/cpH/dcmb6MT6z+McKqMWA3L5tmrALx18oL0RlqY0rhvFdUP905k3GAXXic20BoBRYy1ZMCHMGLHChioe6spLH0/JN/2ZC1krLtCj/6a5NVKl5fNl+6IBg2TrpxFv6ZVErgVfj9GbJtbG3Rhrbj6ajPFnTxnO74UZTJi/URotbae9llH3YOF1hCU8fUo1+qB2d0F7hI2lkxg5M6PejAKC5UbLNNo0C9RcU18oEMRCCdPFpIWScjtpjZ/3G3m5yrMZnh5010ZHDP6OACLfoet3g4GmP54XeOt1kP/euSouDqjX2S1Av1Su7R3/k1ybXBDN4jSs+TtnmQV1tdYkgGoI3Avk+sClzaE4HdCsz7ZlzBdga+dKvECowerBHJqi06zPPVj2dVxGEqBO3Y2aWxALYoyU0mx/kp/nvcINqGbJZUAyAepaqf+27rNQzYkan7uzOFv5G33Zo4IjDtAo3huYS6aSkufj2a19r+RrJJzuA9hBmJtj7KIK4gJ3CeDd6VB9RrueLOWyab0UwmQoUzCjvw9ROJTQyZ73WWo+TGVH88t0RPSN4+4NlLsU3qrf2m8Y8eS8h6tBac+vh77GE0po8i9bOfLQV6s2Tb/gNHLy64/IAdww3uQWWDAfCM050tiO+6DPFlWyO405ugPk6r+YH6gJ6cs06hVUeu53ET2LboUOJ7Y1J8GRhE5NeeIXxsR5I8SgIIAXXHY5+iAc5bCIIeFMAD4FYm7L7cOSfZ++xl185nuLuFBiafYjNyw6vVJS+Dp26Nzybh4sDqRIJH/9YlXbONWs4aREvxBbD5/ddjNXr/XPufU/ros/4wO7JA0CgsLgo2JSSkRDFVRzdBvKfwayGdknlfbkmqijFi+1e2Ph8RaX3/Qr7o1uXB5ykwwMqFMyExE3gih4L3/mxctZDS+Bj+g3N9k6AJ3EUxXEPm3xDE5iqakusS1+zpTEMgp1mtmCWn1FxvKCFBeDL7Ib6BauC2l0ly+v8zfA228gTtikxda5uHRrK/vvtZQhu50KxZYyH5a/LKi7yWCjUTMiqMg5hDywyJzu7z8lHvCJnWfwruPCi1cPCw+Ip3YyaOrzmrUjCdgy5WK48bXeKDShvCWeBwfpvr7WNxAwOtzxgkGledb3S/kw0iHx+Hm9xhU++mpBGXMXlrbzHoeOtskxlb9zg74YnBgvH1Rop9ydCSikli+4/ro/M3CBF6f05sWkoMqy3HJeaExioLaarFLzW2E+eUh28fj8XiXDjiGrJgMIFF+rJBW9zLylUTasaJFfZbTnC4C85uODj7JEiNC6QhSuKcGNVXbsJT467uXpVlfo3BphzlAlPOmiftcpK0h0+wo8TBzzqt6lZr61sPig51rBhj9swlrvB0/BQULMeDzoCKeGNBL3J3iz+/pBVfUYyIaN7OO4LaEyGB9l8WrYqVBKgNu/Od2sgFbt+A+6k7CiS5NXN1wuDf2GWk647sRMdq/Qe5k7Ur5LQ1HCk9EoGV8N1sMwpCPpJPPKYLFInf+ZPtm1TA6DR0Nyi2UYjpjK5U1p0WIS13rn1ozaTCv3x828fND6zHAasPQsSXJD+CCPQfY4f3RlT0zvyGyrZYbl8rpZr1B9HorRvyd9I1c35+ulSoaBr9owBhs1WtazjsBiwrmFtc4XdUSqm19OqsebRXf4DcamKQzloedP+dobgRxDIGExDfhcPbdBpzczsC8swTmBE8patieSybpOVdHErru+CyszPSDY4uXeSH9aAvm9y+oJNPZ3sgcfaaqdB0AaH43jknqNvBzQO2dJx7k2ma8MFLdZIiL20oCg0F1+ghmO+xrjtexhaXR763WMX/OriMrNvE/aaXCUVGC4g6n70IiJWT12WjXFyz72fmHt8rpTz75ee753SxnroOaNwNTb9R1mxYGJOX0nT46JfXhQ2ATJpJG3yRiyBO963541hueE+zmqHe32j9zpUY7mSAaV/8ipI0ChUW2asNyIyeC2osoDpBliqCOX43wyxEGYVsBuea/xzXA8PchVZupU9SH4aHdaDC+DGxEHUmj1NKz5v+FCtd/G0lU75XuW9O1XafmhomQUaaKeuEQO8uRlcBjS57uIq+vpCQTgF1BqxDruM6VTyYw+hFwcdxB+0c0YMauht5rhlS7MF7A3Iyu/fe6AaRMJGdRMnL+B8Z6px5mlDOVlJiorCZefCJCM2x8fWlNquNt0gy16ZlLamptZZOiDcf2cYV4+x4u6oV2BBdEtalXbJOuT/MVSvKUFcZp3TexqFK+61j0pYD7ghPO3h4IUuXDx9/UKXCDQ4qdpfl4ymfM9M+3TJfxdZxH8U4ItMwSWzAZySGC1ZGpIrDrWeum33OjdP+TZ/e0T46XM6zfOkqgXze455nDEAhHPN5kEuka+8C+HqbKOVeyr9QJUILjYHO6ZjKsGvhCLIWEN/yHuOCUCVLXEOSoNfMuHEJqVRlKxgBohts9tntucuRj6PKBEs9cSCLW4lQ34/obQTecKzxMf8bvnrccbCX9Gy3Sje+kuh7RNkp/P9dlnz5rFv4yMTnfqF5qzBzSXtGqkEMQaIMZaUsceXQxiZgvWvUm/nSdVB48L5VJJvU1KOT6fGZimV+mjlyo7frovDb7R+pbq8b3Y9qAhAbLrsDQu+K1ulR7+ybTClpoWFg/a0J3nnMpUHOkYpnRND8tSF1Jw2s0T18h2EXCJKvZn6LtMKwsKI0J7AjjbMwGas8O2W7PosbCmIqW84rTbg/YaGKUOHd2QzXBGE9hV/MJPtZlOS5kPHPL4vvz6nnBd+aFXtYFF8XVTiWorcQcCPBqKlY5z584+r7ueAe2+wChP051LZ3d9ozmngqU1IvjhDmecTX+66PPySdUfPNx7PpeWl3PbI0ta0LUFvpcc1bYs8sFApgcwm8F4AJ9PXm/ahw/CpTDEZh5fp8DVUhBkEw1GkNi+fSitxP0fWEfj+I8va0cPI3egXzRvFV9QrYvs2mS9s5D8mi8qeFOhzEki2V9G5SxvHXL3bRPq6VsjOwFEEraTvdMrSs9WpTdm2Fj5iJBtjICULNnOGP3E9GD8Bg1tmuf8IaNiNHzfUApbcLwwn0z7RkgNIkO1UkprwKGt+cusubd5yPPOnEvxGkSFZSRk6+bL40HN1LfuZpsBVtrjhp10UrwWrJVi8a+FrTs5ngGPyshCXm5zxn7BmmiSKs22Z6zn7zWZf1DWieb6VMSNW+WC1vhR/1hLkPClOBQGzvzfqUi8ZaE4FJkcvqADz6THEzAY9Y9dsjRTMwFvvQlUo/enH3x867hERn0THGWLiBxZXLyHymE06M4Nzwxlti8GyuzOk6UI3fq5gw2FzbymLn27y65bNv2MuQqDr/kC4L40zbMk6XhQanhstMK6wBv+9qX5nZd1Uxah7gpvQwSZFAocZ3EvTvVN+cYcUJcxazJcDNUovxx/r4XjfP1eo65ud6k4PCwmh6G8MQ8ALoiL5T6XaqKXIWQbGN63h2ziu+aaFm2l5cPRPJ2p4ANDwEeN7G4e7UHPIhueC2acsfXvZaPQ2qmwVr/lWtT+cC3u5MyPHIXd4tcC+VvI2dpZLVSGP7/FgEpb29ZuvyvSTpJocBYRJreVx8gcBGfiZrSIPaMCbGopK+i1rFlziJKCiQbwDrblcNdIyShZiXcCtBfJqRhdKaEcK8yX1xkJSH9PWKpdmM0njTDtuX7PcptFi450lDj+qJT8lN5W2FTaomfoHIv2WrTuOltn/ixm6WTi+MJsJldjo5G2eERlY2dxf5H1rjfYa1IrBU6+mgfeaGmOo3CTFHgJVJBRaRSohSHtCow4N66cp6/O/PbkzKuv+KsbX60Lfqu22XOBcoFyNVbJmg8K1U5kVg8SOHxFJ1sXvHnmTkVvsm9fLt8rYAbIldtjMCJnznyT0Gl8VkktYG9ua1AlTCeDtDvr69DKcd5JnydgaIHIuTkz0GXphHK4rJR5IF0ytCeXaQYm4sKbMDo3P23fSQtWnb9+r5N/ssk2ChO3NXhPtHpGv+eAiI3ROtqzXTO2C5jlv6r3WggNT1jPTGfv47LIDzlgix3Lin34/1DznmFNaO267kKdlomAiILSIqKitIg0aclUEEQEpEknCgJSpNeQAIr0EhHpkkgNPdKkg0gJvffeQ+gJCYQQ4ATX/s7Ze1/Xvr655lnnx/nDPyAZ5RnP/bzvGA78wLLr5711IbIp6ppVenCiIJr4bY0n3c+tARE1ph3sP9O55l80/o845r2/zw/OYE46x/zyMaHDL/66UgL+qlKCUPLLIeNQlPm2RQGoiWbzI1V0ZzaeBco6xt9kB+Sh1oBA63ibNyLgJaUeToAL39cLM5MABV/ia4QpzhpT8s26AG4GAF/YH7QzNARwecvqEhvLJYtEOxlYlwYtK86DznNc8rIy1faAhYw8ia12QUm3tQdDc1V5hykXpHyI3wbyS6IVgcx26+vuL83HLBR1AbWrHEGUgGtTqT75egA5b5vvBfJcMl9UJPUAkCF9h9UB/4kTkOnX/Ml02b3Jcdn9p8G7f0a+J+mRYhfS/8BMqQ8S0gvMrlOU7DfXqU+nco0t5E0rNqthQMoKIvoHz/zmW9NrioTXYtSc84dmnjLvhhBzerSgzffAvvlt778rh+jAYZfsSaouHksCQNmUgETOMK3DdugKK8wQR7ZsnLble+0T2Mh4xY4ZU2OEC87ihT56DWxAGCx1vFYNdtxMzxqUR6//fmTeCxaqo+DWDgTbS3QQT7kwk6oQxDWz9TKrl12wAtfhHT3ffVY1OLzvlT7IpRMQcHZSy+G/ZxxS+vzlQDfvYL8BX3QVk/4sVkbXNRuw2+2eB+0nmSlesIOyxgbIr4S8vhHrvdSYT121UwrOzoJ9ERpZUHEYslbubUN5DfWM9M/1eOupKCT256E+1yoVtauYuswKpcCE9vrLbe+o+mRevr/v9lD0xncjnAftWlXGjXvI6wwXCZ3nfZu+WXRxXLBTkiFkOsdRLy5FWc4FMEOaF/IMrJrv8lab3RjStxAl73iNeZ8qnN/Zea0PJzUN2OftLJIVTSmfIdY361Qi3vuecnjx9hHNavoUd/I/sqkBF05s6jdxTqdjLlZA0zfwC4XPq6FvUNJpucGs1dSLhgM6IZ9O8519jTFZeRPPjLIRW7FoarmBWV/foRarcSz/iqc2qbqx0AwtrLsXhnQSR/6Mv8myP1SS42V+eyUb+1Oa7jrFxS4OISxZ010XZYrKnt3t1fplyZD6VVZ+X+bWd2K4+Uj4DS5ZvIWh1FCx8ne+UzchVqtrjAwA/wtRq2uBPwHV3Ypw+xBSu6rwGizbdzMPvfRZaC/ynTMzXOyVgEbR+nVZITtnvrNaoOa56r8iGI4PZo6DFl79N8SsWpHBjlneuBTPF14IBGEu4tF36AW6LBSAVKw++j7GJ+JlMjx1nI0GHEM0aqOLhBcGY5723H6MuWn9F1DLxAziTFmRz0Uwy5FZh6y7ZL7j5UdHdVCG5D5+Ymw9VdBVjkyIUXeW1TeDSFltZlKJT2ZsU718ArmrhMWDY0TB2f+hrclhLXJjxS1HHgBat4z3MxPY01enhTCI2tHHqubnCmtXO1r8lUVX5Q5lElI3qLIYjOhuku1Jr76LSLJvVilqRyfuvI7x6zEY8Je7fO6/I4m3lWfwfHoyFtMRdyUzijOjY6cVlRTiSay5DWX3Oynp2sGAx5CbigQS0HyAlytNBtNmBI+qBEPJz23jNHyWLJTRNfl9zmcLJINzH8ZTH+TklNEIWiLDsbDW5k/1q3YIP8vDF2XqdwdZP+Ned500qVxyq+RNEY3raXLSMr1cLy/ts78QoP7qO1/YUuA5iTTgqeHR2+0pPbJyoEozO3xb4wv4+sWleBHdJ/BmV/aCqzE9FCGVQozJwYWKT0mhlC7YHX/7f9Sjwnzr5Cx91U03cbPbvAA610I5rq+qZlzXP/xcHJh7SbLJ9s7Ztr2mG8X3yl36Y7J51WiLwGpkVDhAFk8Yur7WRcRyvEasCJOe5oLE02idozLJw0XCIysukBREIs17y8o++YJzyGoetkx1oh3svv0ySK/S9RrPc3ENieTieA2OdFEphvmcQuLpnzAxNzHzLxAQZWd+XuAVnZp9h1rJg00ALhlSczq63bwR4r0jnyq6lUqdUkRTRwkCyJ2bi1rw3fn3pmR3disXPrr3Co1pBaCuzl+oaLTcNjnZJUPP8//+E23/s8W4eTIsrVZMFWw3PwjM9ttlI5XJfP062Y+AfB7Q89fz8SUZHKyA4XEL/nO+59fke4KL0Oe09r+LhwgESZIFF96MGLbmUNtPcK8tECi1lAbQPkQN6vOMuVuRfdKs72oK2+2ics+S28Kz61zux8Tv2ERZTiide2dMEtBanHvVLnDD65uKm5PpZYCSh+kVHlB7NK6wk+9npSMy2KTpGz/a7O3SBb17iz816xa7n0gSuY0sFL8EGNjeDfq6TrBW/gLg+oWUFPta1l/Iadu9cRV0Op3BU6kzTvbEiZ6L+Efhcu+Fk2js2uDKodpUlTvXlWk2817/8F65bF5lKNOYeN5r3ciyVMEzcFGiHrM95a0m4KbMYHorZzKVM3GosdVIkZzYxxrwSeUm/bu8Z/L7eL3WpZdfFe5GDLUsqSWu1XReNL/UrGVMLiqJizT0sdUGtPWMZtj8y4ZyPw5e+CYrrGGUF7Xb5HSB9OEuwDTM8Igyj5YtEh5el9we6k08Y1R5Bc3Z1H8luT5kkC/K8BcvmHY7X09gxDVInh0Q9LHM9hJa1MWtSVsAg0Cs5pll99PEzipx0EK8l9s6LIpD6Gbsya+Sf5QNgU6yoRYvOtGJzimAzjJVkC4sMxWtFl10f91xwO/9QTgygP715seEohQ+YKCcfaoIoAyrFampH91qtmYQRza0GJEpU9a86NOcE7U7qBgMsBsaiYh8xPzRfTMeG83GtddvqAtxXo+Wj3Kvw5Z3/WIYFzKJU3RifX8TLcr3bZ/x7ivKPY1vV4RCOokC9cTsQmJedNz1VJDUWCg/ovtqx+Ptnh4RwH6JwLkPKGL6QuALX04bSwFlu7FQRUyCAXtaRbtPDohw8WPJAkL4UvpJKc/ttEND+jKArqqhzc/+kapeOVFVbjvSUZ//weMIFovsnDheRcnYftcQM4WP/QOokGz9aEnni/areoP5Xxe1WG6LP9agctkNNYBHhMrNi9aET8pGUFtt1Hu/whGZx6a7Rtoq8C/E23E7qpiqReXehXDUGcBG4nVK+kilLsT71yBUK3pYZTiqd+6LfrDFcprJX+LX3+h/tV9xf0Qz4F/8Iw7JGa7xAxYJUNy37Ojhkytxub/AXw8r+Dr5iLxjMPwVoAVyu2y/uMAYe51LvC5CngO6jy026IiKpE5ZCHOZbqdb/Bjko0O/7Kv8f6SzGr+ZJZW+ROgyexIfQs/gEUorbBn6WuJSu0muXIfBxawoTGjPk658iepni+mTnbnhCKJYHrsHE16iA1EyG4BMrLHdtSy8MmSp/AUi06oGsew+D17Shw/9on/45XbuQEXj4xfzP1rYVJiZuzPd3tP9ntWj3ualGOmEPz+JigKWmjkamP+D80Wiu+++WB4SqZtXuyrOZjx2XkhB5su5FDMn23vxqwvB99cCG87xvfTu1WJRzs0zBK3HKsq63FX2ZNJzPkaKsYScnWS9K1x2gU77Uhx2/4j2xX/Tfm7fQXyV+5rUrRqBJi/pswofSEL9Ktm8j4dXu5qCWGTJ4sVZ4GgF35DhzrBHGJNVtaZCkybBKFhujywGgUyYLKS2x+IyQeRtLVHys3aESa4mMy3k0aj4qBBHXfv1jl8Q3E00camE9sXY2tKh5MVJ2eF9r9H30TVzk4fgfFGB2husijW7+ax4wrkbvzgbsjgSa3J7jHy6UgWVvEnml2MOSuLV9z5pkIv4R93NXG6sF+WJkkOw8alU22UmvTkh8JB2BHFe83Ba7GwVg/Td0hu+4o4MUer/SFkbfitrbz6DJ0wpmyHe9xGUBc+qi0kdXrn+2QQjKdU84Jp9jfwwbQFfPpiqr7VP9LIfX8BI1o1eIqbqMxXonYOMmRueL1p5m/FEF1KZcJ1yz2yfaNKuqL7UerjjRQqhf07uzzj7/lKi5ucf+oIsLcgA/OXidMWESn/Sh9SHop3fvPX8zQ3DaImsS6zXiHnshPyr6ZyVoM5AFt/2J3DJlmcI9bSvK1fSrUztvwYm5XZEMEOsiDiZK+mc3vDmHHbxo1pzYS6/Cyot9jmKP//fs4s10ptuR0av0S27WKyZIn2n8L3pMTqMo0tCLZVtiFGmUZeSlr71yQvK1BZ4Kb3MCr+IQJlfQY2MeG/rCB+FdEeCD7+EYYOAj01ppdZW2SApYqqOqblugKHJlfCoh0NYFKxJSDQu8JKOoV9QDpktdFxI9qE3KW3FX1b+gJsbKoq9vZQHz352aZTVfCecrYdRSeCHS1PxmayvYfoKVsT7jMVu64ZseV62K0/CLFOtWzQhN3I1I1zugtVrQnY7z4vR15Hkd3EitUhkvbNYbC+0yI0uqS3/HbZd5z+5LqvpW9EXs8dKXenjeXhdKFkjd++Fx34HAo6Mr3vyse6JS2/e3QaWR2jKY1a/u/XQW2Mxp7WYqJy3iY0tSam8alZkv2KrG7l8YPLLYpx85+IAb7Xbvrdr9WqwnbjWsbW4pZ30ldXzDF/98Y/Hxfk/NARe2oWynnkivv+GzUuyURAo86YR4L/4RuQtnZOKROr/+uOF947cXYBU7X2Jgc/x73naetR4aJb8Gpp9kZavLZRfZVDb80pWmZsW0g9yE6V1n0ROi+2F01n3v0NGnHPpI/LwPyWkNngVnuGnDY9Y5WtShvA9ZknjfNnHXxm5bNRsoQ9Mg+kGJ5qsDB2EaJBzUkasI2eFADRW+8X+MV2UAjyaohWs8AEsuy9mEQMQo5Toy9tt5AAVnHNRKHXc0lFTm0Bcc1JlV1p4qcyjM6unuJn7IsyCLa0Qr/RNSeuV9+1qWz+kqgXnhGiBxtpUhWV0peMCdekA+XBIn/lr7GnAWOLQX+GY7tZ8ukeTiluq/b5WVwm0u9XzPkrhMza7rjtdtkqlZxvwEE4lsU5V3atpnQM/oENNzysvm//CInEVe4+YRn2Z5j14C91rRvcv6iPVdWY440EJpGdJUuQUEkFlS0XlvMi1OJmgn/I7GQ4ofOLyWtmL1T7rnEG7aMuBU2oFX9hNrCJLt/3J/dZQ4lwfO/3sKnx6svZqBQnbXVdq/RQbfewj9sy3AYKSX/uvtHJqpQvZSX7vV2t7BYTQ1ZNE4mxHgJ4s6fCQheYDoho4tUTnidTRvrb4WpgeUPcJEkaH5sdfV/N+WK17C+O64UX8izeCqO3Yzn0i3F6NR+oWwq6/dE7ztp3i25JLDF3W3A9vyQ69RtwfqMnlAO8NGEk19D0XfTUfzOJjHxZuaagjO1bEt2JTOMTYyAu4IEM+9b2lkOMKeGgkPHO0PdEgBRgX+F1FF6LeQj2lFbEao0OWXJgQUp6hqD2UPSme0y3Of614nsB4/jnc7jGUjJLOGDmCq0B9OhtdGyJhgcoXhGsmz9qE6pU/Vyusg0vgdu0kOn3ps1Li/zuq49b8yfMv1zwQ0iv0lCX1Y5lbJ+nqch2lrTspy5B8M/f9y6OVNizyGl1FoBtlcbwAJui10HggKITYmmWURNDSzFi1w3jByqxeMi0tm5RRNa8G+FnCbVdAudg607SAHwKhLk4yzHR9t+np/AsT0MGeO59mC1rqp9y/tMR+0W20VTOC2FI82BalDhpl3bBURJsMzjMyAVwWcc0q1r8KEwzirG8JAAV98wmpbXGSj0Hmt43WhJu0IDK6AL8hleCUww9iVJXTm63/KO5/xXxnmyrumRnqB0g086H+kKGwg6AqrAbmZQU6M8CLquGY4icqmW689BXn8bu1ZzvtN5OHi8kE0U/EeF3g7doPF6kXi9L1Nc2FB0qvkW6mWagj+BRBlUhJKcnF4pEXCPPsMGguQgGDkfS+RDaZR9cUv1bRFL0gtSsr7qFEhwur2XRokfB+K0eKi416zcPi4X36+X4FoU4uKjO622s299nkg4nsdxdbYPK3lf511vXiopaobzpsQhzxkWqMhbKJevzPA98igEUh860Y5eFnYJg7gEZQzA4GWmvzjhEENNy3FUMazinI7scoki0Z9ebid5pQB/wrhCfYbwzlMyT8gEqzRbaFTc6Tk6Mg28D6v7K57zBwOmInfXyn0FO7+OrHRhVbYTbvM+PUazlMZcnrJW+TMHunbKZ73BDdTGWunYmex4MpsqAkOFUFkGWjcwe9J1CbmFWzr51Ea68g7Tbh+jNCe0aaGnSc4yfswdLzwxkWmRc6ZX+HIe4Ss8xMWxzmz1NYnwDToGe0+uxCvll0+XUOzrTWaXPkprGy+9EGITl3FJPe9JUIxF1POeIPZebjbbPexxFG3e+4FN0BpFGJ0ZHyJMXlfV0IOUQlGGEfxl8/b2FIzQG5x57jWXvG5UMsU3P77nE79BXPZ3nZ/OFYH9s0i7cFHRcuFZWdkauzNbPUjKoBya63FyiQL+HLrO4gUzm4eXyJQ0kmNU65GLlL4bPBiCSrMizkJmS3PTyqZrDHooifmM5beU3BghQuMBsV9o8y9uUbp3Rmkj4hq5ciSO06I/op0KKrI8/UCn48MjLPdE8bi8MlGi57nBrIqkk289klkNoHWNDSSJ/i1Sq1giILI+fkdG3ME6reWP4JB8F+D6jzSYfN1v+fO2xmxHYRZyejr/2TI/uVBt99QnQfPrH+61cQMiv4tFQKbIzphyp8ZOJBV/1ov2u7Hqxb48b2NBcwMxQxHd2iAFMrWZ9aXot9OTbXNOh5+KiLNP1/c3b3Q06n4I97Cde2sN+An8yUmKDnyqIs+SitLHJM1auv32QB2PoiNMRW2oIjDfBCe96+BY21V5qjA4JMh0a8nTOYP6h7dI0OTuTQZFnE2hEsdeuhT74ESIp95eEB5aIOvseZlsD0BEzG79xaP9/H5/6XlShyS0b45kyW6QCqUiQ4HHjp/Udk93JNo2wPCtdF/pC504q43gYfW9BU/8ihBPzz/9yd0zWWo6iIeUgKI/u//cnDWpLJzFCfOMJg8V95b7KT4cwRfMPZ5ldjY3JK6Zasccb7ZF9+ssnbIiuoI2jqzLQfLpL063AkKxQxM3RRqZ4pKEuv3vmZeIr0iYdUOznHCZHT9YMFxtJIupMM8u34eKSkJH74IWR3Vf+LWW3gynVKX/hdObskt7GB8FYjD+i1WP3DCMoS1OUm0SLSFDo0hPQi2vUkGZyFx++z+eoFJ76/hDXCtVqvEy1EtER2KXm4y5Ah7DkFXO++roDuuxijYJt3WfLBommn/zwrvv2wRvQ9c73JqBDg5AkbN++l7Ah9BXyoRQHVG/mCQ2rIwupu3LV9ITOcPtxKFXlOQSxkFddVsvjkew6vuMwXHfJcFrWpCItWiVia/GdNGytpZ0BQP22o7eB7fCRuU0Sz4ufnw4F2YxbVcGaT2kHv16diz0zD5lB4cHnk8xgIDySJ3di5pLRlFoLuIa3rrNac/A35k00dsRFx1oQ+iKItX66Rzj1Y4X+TBYkuo7LvKNhBmQmKg5hsSQ9ej2eY16AYxHsNQthtDju8XkCi/D4vhHalI38yvyivEBaKDX649OtOn5H32ELP1z3UZ31chOW9XMQHmmwMLBZjdvhAK53xzx/6bmNGwc3KTPZVSgVlsG3c5/YcyourhM4QGiGzKParNzdQysdqSstnCNvCGY0ganM0nIs2tdtnxVDzY3WAUlLN7RrMSnWjO+9FMEAu6LD5LzanAziNgNVvssguMrQ96cJluvvy5DLwT5Nns7H6EPX66tlfpPWSnsyjwwN07d64ggjYadYEagzp+BsCanYKUHdgBDWn7A1kXNCMi1/MKc97V67iplGhkvZx/gn8FEG3De1YUzE24HRAMhYqUCD9GoQ33F7FjpnTcZjvdw9ey8rhxO0abEsCd8Bxa47YS9fsMLOnkvm5RVcUFELXQ9PBl9v2qIg7UrCd9xoKsUYLmvK1kbmYyRW8qa4oadECiIK1tJh9AHzg1cqn3t2RX3GLmoynhg0YuUvEqODexL3qyXRBTXCa4TjsH2b/iubmDlLjP9VsFN8+YvLMnZz2fYQTcsY00+xVa55A43wynRYu5VHz/3hJjk127eju/GvbYjvwFmB38c0LSJpCUW6o+n6GANKkc6VC3PuNdUvQfXFS4Ef1iJwGzCJpj80p4DHjvPQO++zom5OD/N2tn46vUry7gblp8QYwQilus/olfiKtgqo5koE7Pnist+ILHpUj40texfpOUgj4NbmNr9Pe1to2a33pKpwKtP7SXSO7uKqxyrcbKVY4Q9OJfz8jVhwMSNjBaPOM3TCsuv9lwIA/U3myqYrLlEzCz9Fgh+c906DcGgb1irVN50rUR+PLhF9nZINPXOtCkgKDp70S7FJA3V/Uq4nXV5vfqAP4FD6eF5dyO+8zf6lZagPUV4JFXCPfyj1buaKum2IQRw6NRpYpZ0ZRRy/ZG6WjWS6nUPly0Eeaw6O6qNoztWcUZNr45njX+0pedhmwa+dgyzOh4r84UYKMUrxjkzrn+FGzDEovdmRH/3gef4eX50Xlt1dijBIeu5QHukJxzWZi60WsaGo75tpQP6M/TxtEqflbzIuA2lU1IGTpdYum9WcQ7ud+NgqnIzKlg7tY/rhUYIYmRtfbsTdEVNmJaWW/uvYbH+Fn5vFrNoF6eeBh6yG9l6rSpn7qB597QqbXzh1kym3VoQVHDj2nkNRd06xnfj9Z/L441ODjBA9l7TCxR25LAsffCl0SAsOGp23Yebv+xtNz3zouedHmTQe4eqaMkThXuc2UOEO7EpetwAulcT/DNaeTj9wPvz+wL7oqrba27mxYufeL/jsLvyuYWYQzv+9EnNX8+WTlntIK69eX+UlH39CXGjQAfLUhRgt5SEW39obnmmm0hB1eZeKlYI39Mn34Ps5j/nte1GqetbZ7Ql9OlEtMDF/tvKLedORDKph1v/hlxGZgpBcpF1OSFhNZdguDWrN09Lqj5XO7/nww3WskVp45/Rr4acVAvDUg8pGr4C+OXpiY4EYTYX52QkHZMt4t+885YconuWBlUMoFOR/bB/z5BAGgXUro9ZMLM5pMZ4zN9MmZ2HMpqyXowk1VezNA7Sq2uFXdHnHtEK2J8n1S7mAv8r/NSJX56c1lY4cYrz8dMt22phUUdnoEBIdKLLfOTo59mHrybz0H3bod1+1WSMzNzS2FTsGM07bTUs4IJjsdvLsvUUCN1BlPHJqj70DySXLAm2gLP/G5G34WNYAA0GPoH9dXLd9koV88nsmgveXOwEYr2I0Nhu+/Xll50nSOx/fimRTqZfzALbMfBnF2MCLVO6oma56gD8xcZQsw3buJooLdQc15cauCUiNsHWZilBXfpuiY6+D9EFWkdOcGG08u3DBJVFE0SBSb1PjglomyZKXEZ+xrlSt5HB+4KULsf50SqiW+1SysAdnNf1HE9SdeQcvPGdVdyifEq5PJaakCLIq4z5jVjzmtaGh/zGnIUrzpUed5j6Fvvj3XOprZnIKx/2v4tnGj9yqXU311RyF+rh6s7Z5nebCnuTepdfhmUhBr+M3p9Kaw//rlf08dwu9DEREamhBXN++j2B+cX8/aV5ieLM5xtVfritJZ1o7HiwPi+gfD+JwtasB48jDhTm/EXySXzLYYAfR0rQ/aG6e3Ziwer9nccpIhdJIgTSMX6CQMsFiNyG5HT/cjshs4YqnMNt+eDHombPXlIVjlFFLWWcl8uTJ6zqT7N9fL7pw9rvG1Z+Qz++DHG2zmnnB9VciyS8EN1JyTRRtdyBO/KzoSXLmO1/3q1hTKUXRR1QxcH7zO1CPr1sggyb2TpcNc8LXqPp9sjehnyF9S862Bi71vpZY+d1Jyzx5xjrblyMQFAsUuD71mNxhqDC4jaimmlayqljZ1aIrJApwpFtZdA852oZtpXrArwaIYBNBnVa0V7BfBQIh3UnJrUNuq/EAnDCF/L7mJ8zRCEhg90COLzj0yq96K2z1s2MsjuX4270wossHxKeZF1dCFO+s17jjrGVha8MfY0Rq+q3w6t2pccW9KQd9XcYo+YVs1a5ulI6AD/dqzYAX8Rwm3pyMUlRIupzwzXqG/ITI37pMLLuAbIA4pIOTwoM+gZ4pIv+3Elo3snd65M8i6uTQJAqE6rObEW0tR597ljNw8lK2JYus2O3XstYrCt+cdG/CaBy7Fa/qs79a6zESH39NBZ01sVYhPue0U4NvQyGeY+iPlJKl3RvNsXRymbtGl838KZWAcyizHd+0g6ihT25wo4alM10rrvKL44KANitHY7RpICOHRxSQtVuiVIca2pKNHyoXYeDNFmks0wnxFLSNHHx5CWQjo9WpNMqGI5V3XIisO5YO8Cc1mY2sJ2M/Se7eVrcMtxwLupazGsPG9hMdRFhXdE/v4B1/Cp3hqYXoArpt+G8mlBTSdP4yvD3fWDt9+eKXS/eEwRVXwHVFHNCU8MZVD7b5L7Y0YrlqYxOlrXmGhlkXsXvt647GMft0qzLDQGCB0KN5vk235F6QoLIbFw37xkUC1FV4XADkjx1QBT79gW8rl9EjbmGZllhxeVoL8uR2dPkAQOMzI3X5/sJXMLLc4K3j4NcNrc/84q6B8KnW1dQ1T7lBlO7gteDiZbeCXrj7A5Vhj6F6GQ/q2M1Xo6XLqlGYakqlcDsKcUxAYIZMS3JmG/0Y5KJvY81A1XaqPeVepY1G6bvk3QgGp92hlwBcz71Xq/GVG4THwu4q9njTxD8Pnwy+43X//1sPn7WiRDTFvIbzpN5xa9HrzmDTh6X6A9w754LXfU9zXgzwJuOyGlXpxWwtX5lw87dEEc7JNlQIeDVbD1O2OP3f1oAvxRn3PtE39tXych3PPywWME0mi119OquXLdS2SwCpjQuJ0Aw0cNo7rqloZZGnj7ENKMlWsPrmFts/vE7oTF/gWOFMDKlovUtUF1Lp0tEQApWzvacj0LtEhDZ1Y1s3boe2mvP/6VcGOjTIGtm+68xA2fuuWDWZR5qEbs9IP7lOg9SEvI0OIepY/+8OlzlRWFdF9nE+DDnwjNnhSXuvlq9BmDjCnLWtKdJltK8TbNdmN2PVuMVPqNB9iVQ1dkqqii6ppz5FfgWJXAP9LJQ+5dGbSX64juqf/g8PPd79qVwXzMpIL67MUR8vRhu7tX+41Y73dWh/J3lf12Rx8j3US/Bt8oX3GzG+5kNRk6fPF2sgzPr0/7bQ+cM/0NeGR/ByxqHpTVYEjAVxwPRK246tccNt0zg2kaHehZv8XeMCCv/tu4/A0eb6UImj8xQe4/PwUsJ74TJYUkj4QwHJYsHoqpc/fh3gPnaUmaneo2CZF+UXFF4cHZfIqQHVTXB206YcaQV/8Nx1XXJOY7RcPuT8gFHJfX6ogt/wyuHkWawQP2R+wVzRdbgACSDeLVUJGzGRJ3nDY6MBAq5FveyhSErT4+CFbXSUYSlts5K3u7jGzftRjdFAD8r1MzBkpLgZJEd2yF4Md7cxNE07fbM/pcGKFXRK9sd1ZlbFOuYQJF/RcMptp+xbPQtYVj2vmBDe0BIFlu2S5ZEjz31u6zaxvxylIKZH78nxfh4BD+ngo7n8MYTXMOO1DO3qUmZe01Iew+nSHbcDpdNDs6BCxLqi5G77jJkNI9o73UQWVnXM5vTl52F/NUI4nbwgyVZiS87pOfsYSKv+9AxZ4rxIEF6hVWJ6bPw8fGbtZ8OMQWbL4UGc65SvyAAvuV7NoyYg3u5Y8DSXHSkD2eG1iySPqxixUB++gtq2amG5Kgy/+0Ov8xWJKvxqa33cveX5hSQ0t80rsCNyTRegBTbjNiFkMqAA01GoPhBM8wjRjFzVQUt7UoPD+JuyWYGHttgtXBnmvjjgQ9KqwaqugfCY6Sna5guRBgxfc5pnyP1ibOSr0ancwC28ZZ6qveESdtM3LuhoHAaknPBQ7XMOjB9IRIORmzQFyUvJd+YYUXrqe9kR8avLH7w15cvdg72bY0eOPvo/IPLnR7MlUnqGZVl4ImVfQDEoWW7WpHNensqnwLkVaGqJMwiwKjpRdvqt8QXBTnmEeLmERkjKXhs875yJYPkSCVLsLaYtdB6JjOopiuRBDFoUPwLWaOvtRY5Fb9hgnr/fmXXOx+mu03kFF4N312xTWPJiMMH67Cz74JQn3hefnhzzXywigcy7dhS4FR1oZmv3V/d5sT8t3Krx2uDM3EePeDa1rB4LNczBAzvV2lah9C7qW0HXxUVrUf2bK1jIM0rPdLoslpd+4nJKd6PO9BJSTnv3RiX35b+vsmoD37egZB2hvZQ7ucbi7bEi5GVzE1IkWiidzQPJzy9qha1lbKLfHOfUL7Xn9XfGIu3vCHnK7CaXUIIh91lp7slxhjezm/ZplVhbZg87SdUGhkdKurva9GW/+Kb9pvqWrh1cmLzdzlyXIkg/d2m3Q6Oj0ZOkXjmVL7PhNn001AHxw0HU0mqnCAhupaQx/d/Bgz3o+dFQF4GwwboeYWi2ulphW9CWWDGiTvGNBI0eE9tJlTtM1m5mlOdlXc8iCFr5uOqsAWGMsejmyrQyhfxim68yYC4eX1SVst42QOJ8ZDIRncy8+Url4OqdTCGA1pA/hl1WSXEo3qeQFu+SBxD9oHDXl+dbFMft158mutn0xO/yyfjtMD7T6+TQEv2hcGV+nJ646LhTr34ZudGZ4PyRbvoDtvf2HKqHz/KsQa+Vt/rM8dnVPDfjbQ4GRJYPWdz2FGQFuFEFeSPMDIWXCKPlUDqjKiFC8c8akGYdrLKSuyIC7fshqmoEHAzGbj4UDcJ9YSP8CXqpTd427gezaD8aBO0L58VGj1AMxjPGMt5Tx0V79ceZY39ujhnOAjL1pH6BIcevNjcIZugGqnJGLuZMJYhRNgO6ujy3r71fijpN/THsE51LIC4As/UhOs0zHPPNnNGX8opcCu9nb1MFaOUdMiTLlbIWx9LTHWke+7U/4WkG59tZ0rdxh+l2rXU9m+r83OmR5b/zouvW/3gKorGWI96tRT5YSIYfOnHEIr2AoFxnk/rcv/N6XZvNyoUzjy9COQoUV62cnMmLrZUsHMGo7G45R8rK1Oy1cknZ6UrPT3kND+KwwROLMYYVFP67+obXE7PQD2Juqw7DlrtD9ZnABU8V9Sk9B40BFsOM9J+Gi8WGbgtRGFwkzT+dTmscHiW7bCGY1kvBTKHk1UUN+c5Q0lVKfAiofrgpFEW7yjPn7ULTAGn41yz2CiaIRAuaO+7Ei7fDa5u9gk68aCgv5/TQ/ObhQiju1p/1w8sdJNQWzEnHWpO4TOOSRJp9CWAj05hguMnsdD2wqBCkO2zrwnXt88ZdZZW+bKA9owLwXGxKZSutfIlvGi06G0wYFNNJ8Zns45Vx5MchnKX9wPeYl5lnrEIoXApjB+8vkTIs7QanUImHz3raoQvXHH6IuizKeX+pkwb5+/8cV0yvVZmfGelUBHcU5cZIfmFgv7T/QgUDOU16cAyuRyY9nEaa4VJCUEnTpVpw7SBe8l/n+JeR8pWN2OJVq/o3dOcyyp9fQMJxRLIR4j3nmD/OLIXdy5h4a2LJtJ3u/E7Wti429MwneOjB+Z31A+xnAkpl3TEGTHsPWmykX2AbkCKwMHUzXPr00824upeLA8R5Tlk+NXjEc/SnRFik99Xmz9pjhXYd3z5SnuhCm1LwSNfZhRpsTZK4LXSzC9jdR1LEjED/+vpDRdBVEKakfpX46bgNVV9TIbHOwUSc1cLZXhRcubEoH2ro5KKhujt8xc7vvtF3+dE208/s/ljWxPK66mXbVewjQrlfVQmH1QnnNpvpCi+bdpPDYUk+MWY7jjGV/vNTUrXdF+1bN0ihyEnIGttPltiyDE5RQh3pqV+GXjTtq2cOBdQbjLuEipSI4wOH2z9LBz2pxB0bhezN+4ClfnCn+6NxREi91ohGfGQ9RBfhSXuPb1+qf19xJfldlMy89Uvf9CCr+7vNtSma8mUY9zZ08QpW1w+jBTkexuBfWHgXNcy0XLbRk6i8AZiVmd9dGpKfc19QrMga65eXqRAWu2h1RdtxHBDiThAIdV8H7mvoxZC45B5SU7Wz56331mmTHWhHTHdxaf0LRQn84sPbL7AfhH6NpzseW/dC1wpQg5uu6MNgTnd0fh/vDE44ckAM/BGbCeQGLDmWDPGcUGRQ4Osr/8tLIublUEdbVaNBPV4F9at0qYmQlZKkGDnM7BxmJJf6EAJ6PzPSSoMs/jifwyaHLzm+oJDx9dBzU+JUh0Uc8x14BbMVNl8PRsS8N+Aqu2Xtcp00FzViPD/gfoChPv4WL1tZkQ/axUXL28VJjbxufle39jdaczAu/i72z6+od4g6lM4k2R81xonspZRXH1PoMO2DFd0Pqkv4xzEjIN6v0L/mL2da0Go+lshHRja3mnj96Rq3rJSR52T8K95U7ytLKcZKknbYHbfYmXx++eZtEFGXRs//MS3DKivQcBcE9xiwH5Hc81IQKyqycHcfA6js+jjVfeOWPW4ntydy+fqtlT+tdtp6M3Pl+KO3x7BhKnVniw9c/3Jp07SeePsde1W3709SxUZ0Nztbqz9CRVe1YXWnQs47gaIlQheyvemRyadYv3atwzaObxCL9uKPwfzV/P7KISLIYVHuqyW9HlnnAT2J71vO8h682PGwgyVfRbTUywvI6GqkEFWWFXs1BmKVV1NTNb/d56wJ4PFb5c3uSXF8NeH8vQoNKVtNVFoX8bFe4i0uwmj9MemQxQC7xPW34FAM8L3B+46rLSnEnt0YV7duppwqmX8v8L0SZu/q5FXeAMQGmR7mhALGfliJw4Q5lw+FR1qXGeNh5O+IyobIe5upHnE0Xz6kjfhupNDeEzd1fo4U9UfFVIhcRAoO2K55xOqmwyx1rxdApPK9IV2qmfaGs5ChryT75mNo7029DmAAd0/yObQkXJeoPKdn8A9L1dYpznqt468zXHKYmV13bAjkyuqQnSp9BcmbLU7N99mr3JH0m/TJRu/KsngjT4KzTuxPoTXBuYcUqAr9igdB/mmdFBO+WrwbNv7zd9vV4ph6pAVYgk0jlwcdIG2Oz/hXYep9K1omFi+WPbIdM2yYLwtPDjB0qCh0abzIh+JUjNepljj+QVu0wkkkPCsqWOfGDKORXSlDV7blkx7oLmC+OvhZYUnhJ990kzfryg73wyv7gQ8ZjG+r45NsSkf6OviuT7DL7TQthd4jQIgk4xKvvNp6FA5Jk5k0egjp0kbhUFLcIWN4Ur1Pv7D5mzZX4+jpwXgVgxSxXB9kVbeSPCdEqGZZxhlUUn/4hpL8PGVWoqsINtx/i8YUNstps1e5m90Pc2iybZ8KfNeLBBzZ9EYfz4cBMBd/vjmmEsttzNp3B3G5/URv29haT5+NMdIy5nGQ6yuvlbtXSnpFHJqMmHOO7FXCdVVtPRHhblf9GR0XkmZbpvQPSehf6qoCBfXNZv2wAM+o2+jp5B5KB3axC55dtzxN2cOFBZZScbEBLgAsv4hwPOcnviLTPJP18xzdrCcUY22a9Mx/p9VcfniCOMfEAUX6WNgwbL+VqkqmEPuvf9dlX3/tHolRP15X2oJOwX932N+qOCpp0nLwrRnmr4UAed0pqF2/W8HW6d1uYM4RMU+1uZzWyKNzi+b7F0n7YyQ6ZfLNTzDFfgjIVVPDaMhVnvLdBq6EQBJDPMbVHUIL/fd6sslVBIXSPaJkufiCWfXPMljYUgpnjm1MAKQ84QmH9n55d5jQcUnxK317BJIHcBsm4TN3VbcUVtTd3zWRKsUFvu+2Kh/1ILn6kxUcSauhaoli6jtnwyiDmXjUtJ72uEyZyfJ+jUhf9mQUaRIuF+NCE1oJz36UplopQY7LlWeyYWx8x+H/rIK+4FcHuBIWvfqYsVY51AAD2pwKYtISB8kDO//O9AktFhyUjsf0IhMsitb0M5c+Ykxgy05l8OncE5tM0PKOp4uu+tdxd4oXVASFoBOdQtK+UYLUK23oo9vBhGZphD+mzpXmO1+Vtkvx+zAzFrvQoXvpAmzoE7NZgFDU4dCaZZjJwFAYDDheCOMPtprjqnLozSzidZsJnrk0dzwIyfbaqwcCR7aRlFU5Wz1GHiSoxEclZXk+S1hNXBzV1TMqUvxrbemowINahcmO3yjPbevZeCxh8EFGqHnBsELQ3fcCTwBvRsqccKMACOUbn9RcTJFYqKxk8ByKln8nBrZ32WVDKlN580Hx/uJH9x3dqpzcnCGe2U85t9K9b6LjxIo9o1ZBj26zIeuKe/b9PXUxDf/I31sVM8+44OWf0bFR4GlkVdFm1Ebon9/xJ402hlgXq8zbfZyatd49qauSfnwMiQ4JfRD5c+/pAKDJMwMS3Db0bWn47xJ4wH7OX5WcKzu/93Tp0WIubFvhsNYIUipOYrbuMeuuzex3NjiIZe+fQqSCFThwU0jhHh7YasNZt3poceZ5lYfxVTFeYpkXLsRBkWv5w7sOONSd1EYx8JnBIsg5N5I79hZ5wqGprwS8uIIRA6uX9oOrdk9IlLUJglpnZkdMJ3TT7xCpbwHk8QqE2oLi5+F/3Pahp0eqViUOIBGm7Nghd6b3hwyHdBo53golzmLLux4hbldmYr7kdETz/822PplwN4f/jbY+637c9CjnfFBF09fedCfvmK+ZNd+th27jmZs2fugGJtNzotZxQsJTLSngw3SX6LXXtvNIXHdrilR3CRoFBXzn4EOaj4ec8hkYME9oCF8mE2xo3/WAvQ6SH5x54/X7pQjPBbWnZOEkPIbP5MWnmLswlYDxvBunpAKURBCZIZ0yQCd6kIoErAHGI3EFnmVDhd1jVcm5faEuTSdXj05vq5ZNJzLS51HcOdUPwbvkNaxuco5/axCBdEOT3d+UU6+J5fWihxRrG7PKRbouWHGjysCnaykuNqUJN+IdXFyZdXstaarb/DOjtikOoAHu5HuXcTo+vizknbWqrNMF8vNTGBtegGO7Ya+yW/9rk3ZBe/5B+xHMUxK5WUEhzthZPtcslvdMq/WFYxo/y91nb8MyQ26qqHsKCFgZ1+j2PMNQLHc8Gx+VqAfWqCm57tf3pCIXCK0s1qhIXIFeOry3YTZv/jbiQ83eD4OYRPmmpSBpMKrepmx5iAQnyyDo5z39KtWmvRsl/w8uB5e/CX+eJyH1/PKJK/kmWzgBDegdN2nO8xreKOCCj7syjf2g8eNdejUeitiDIxQ7sMT88yxp1Yk9uO9nC+gnTPpvRlCtLRv30wStblcj1WUUdA+FwdIrankWUfA0lY0hby0LMfPAqflFHQ50W4WdVTJkPzyzRAEsS7lcW3qCv0XW9Vk4nAaUzmj8zR14oRK4qZqBfBJg9XiddemAwYK0KvAnKL8MqM9MuDXsjWSw0WdKIr60vaV60W9VraSss+aRDjkUp+DZ9ZoTYtz8BZ1DBORjZ4rVOyj3mZGJTsdVxDixH00yJHDpyA4gb4O74Eco8/mNFM621ce6L5l/bfyHu4/7afvRm5Ekfw2MZ4mSszBfgXtfOp/BrbouDjAXyqYKB3JS2+MnKbGWkop19iMslNabmTzEKR50hRAvF0ZI7QSUvx/UUuypp1Kaf/0+zh/R7fHtXufxNvzzMxicvTmuFubYseeixuJhmBMK8B/W5Y8Ba/5iGswU173xmBD5Ndvxh01Vq0RKhPtHiqNg3+1KtrqKBox8HLjcy8koNnC+nm3kWGrlBwvfXR6PCZuzQThG50mQvnitMYOcZNkZ9Br5n+q6j0nNr2qYhbHkqkMPs4RQtHhwPemcIo8wF2+wU/FAF1tOe6T2sP5R40+sZjri5MoOBQHe6pMOzNOucfchlI7k0jtCdSfeJrtCHb+abOAbK6zsGtpIX0/GATOlpL50JF6Rj3X5/Wriw9mbZNUnaZwmnyqVSkWW6t5qM0Be3sI/bmAGfeBybviccoSMLmaTFGM0heSFnyuH+qpCgzpUDKFMFDF57uCvnXs/75TlTBWQGL4cf0ofEVlFCztXdy/2SGWdSrB3LDCYF4489qBmphswSARDnoaFxqWQOU7e++eTFo8ODzBxCGWly51h9r8kxr7/C5J6Cz+5zabM9tGBL5cx+PSCuWx7HUZm7DI32OryjnqSrFzyDrD5+X/+yuZOJqaKDhTvh6OAXY9dmy8z7/YWFj3fqKObh9Xe/L15Wa5qJTb7sh7FTteN08n63JzM764ZN8dTLNPKbch+wJICV6YBuaFny62+0RZw5hQG76kPnixXC0k86+MZfIWJkN0Zp3FvNlP2kxT0s6tO0HyL4olTbMKFkoKe5J/g2o3CxU1927uGBTlbGyIJ1RqVwCe3noIivb0rHBKFkuI0grqK6R6mc+kzYUVhMp+xv1APgwrUEYge+kQX0FGXqMVaqLO+UiXRaxi3YxGOwPdgZGDmWcqXFe+Cmmmh0XARqizkChdh5hYQSPWDyh4vl06Kdmk1oxLRrlwDYx+y+71E5joCVYtyonv9TZDmZ3dpvs80vQ3rB+mARaY10sJl762UiAdr1zSwbpjuxoJcJtnOqKWwon7r2Xm0F29oHHiYlCfsLuMHwQUqlnTjaw4G3jpIhYWM+YDjyP5LuUvH0xupT7wuH/X2g8pHUvcajF2mVonQgihwCQzaFOFQAPjDSJVqR7oDcTuXQSxGoQlxYvR9JmHYYje1ntGj5AhL23Y2JSRPIWAr2kGRcyYj0+cF5usPHstxh6mygtLqqLTKNIVAaagVlkhy49csP9lZYj8VcOFxZ2+qCFCz2NLwOzRLNvagHgsXGGCpE5Evqoq7ziJ33vtU/l849uq2S0CcUvJoeoynMCNiIheAsrS4FtCLGcxEpZfad4zox1Ke+LXfUhY51G14GSbriLslynxt67dxv5F4qEKT2jUNpf0W7k4jlAA+FWhZZYd5jgrpv9bZnPhy6Ebd1hvLhM4t7iEXcdyyL3wW7oTbyVz5EczDf6wLOppxwbp6iwba1hXRqLkeuxEnBUX0kJK6u6BdhQNhXXDNHSHqGWFZ5/Cj4FnLQSO1tlTzl52H/yAI/+O2yEiW4ZarPy2vasVtTs0l6X0S19qyJC8yztRAfjeXN+xNiuRQ7gPH1fWnkvRSbNBZSKeort52woJk/luFNCKx3JJSHBCG4U6LAeIEul2IZp2P4wOtgbpNMR8wHZQ1OWSHLDcq53v36I0uqPUz85T0J/h3opHtPbWyW27qYStbWVpFPLO8fXd+MHasVY98dkofVf4d2GN2fu4xcji8lTuGkpieYQU7HpRO9fKHKvSagEL8vZjD8Ej6ixA+Z10Eu86t5UFDZsrpkFk5Xh2LxHQkLzu+vyzQu1jnD6dSads/1eYkAA05szbHUpuvOIg7pK0hQ3+5cnKYEbzn4HH5rF6lrexZ8uDJbOrJZfVIdkSgZMIEvIhBqe1PHf4krJLuPGFa/0oRl9pLqlqQm0PcI4D9tL3jOgEHmOMY1DETCq/88FWWNUuMwdTGsWh5fy01y3uF2VTxduKk4sMFwsBEjNb4dHoo+IpJbsaGTrjPw5pmlEYifYmHXMhviwHkcPpLa5TZemsVQbqYodfwfC/d6YjWnXjL1/PvA4b7AJa+5QkgmztGRajhTzGUf8/LIdgOFcWsyfftDwbdXgOVakmF3V91+ZOmCmc8Xhx6lhfXAq+A1hTmiWv8Hwk6GSeH+1B94jPSkQS4VU6ot+9B39zn/xpI1Mnbax1rbxthq1gWvUi9bPmkndpiOx0+DIcaLqWNlccI/SNYD8R6TYu9qGj0kuawx1dss+Do7DOaqkY5ne2y6NsJM/nRhZQ0Hy2olnBSL76MstuYQbJBlb45A8H6qse/td1dRvWOuR6vBgybOm5h+fs/JMWG33tTgDPIPiot4ipQ0BHRzynlJb5x9b+I4YqDfpc9tNJGIMg5GO7PMaH8xeJ2nOPBTRPbImpLi7YsrVP8mJDl7RKyZyXC1eMoss+JParxG/lgXqbA3XS6xtzYhneLTnaiHOvt8Z7mrfDKOGbya0BQwd8k3DuYp/+ZdUTO7yII19tfJVXdUn3+12knScVoU/oH0oF/8KTAVKmxhOEo8arVJbUQ8uvhY3qe5SGVb7zSjLF7vHMAlXSAuiG1If+eClNt52RQdO9LoGF0D3moqLL0uoCYViRGTKgH7ZSM8lfHdadTFF90G7DhtbpA3L2xC+NY7jJMhc8OTM2Ffqz76LwNf+co04z+EXVWy2o+BeNOd79DTjogXgOT1pmgVXJglHwWHi0PQxmJON2ju9+H/UNT0/Lbe9LaA2pSq/1yYUctkqVYX5TWEW6fwMzatcETa8U/5G29n72PRh101edIzUVxg0Dv6IpaEyCXNFFYv5zZJs5Z9VK5IObelLV9ZFsdjWnt2ksuhRobHqzVV77XEmKkMkcjONcF7dMBvs73nAeR8v3NGRMH9ar3hlL/PZKiAAPKt8T0OpgPTcfOdLsGhJaQAqyN1qaB/os8pqUN/gV/f93hix0Wv0sHx9KbOMc0a1vmY7AjZKNkzw6/wMwutDRoNVuPmCIgfp3cLHN6mGJ4W1TxTJ48Uln31s7isfWiorJwh/qzVw5ftMtbIOI8wv9kRtiSLvXHrei/OzUM9UXLSL025nXW3hkAOvf30UTvEVL8zlltvIOiz1T6AF6o0hShPMKYfxGHbIWpAQc5Eu4bZ0B5jx3IL6FpBeW5nwIKf6FfqQEwu6S7nu58KAkcqTRi/g+pcbpr5z5W5+DvTAJG/swfZvGxJj/Cx6KQkJXD5wrRNYtnq8cWS2r2vKUwVPkgvE6q3/Bn8VBhKSET8exWDZ3t1zIAlGqUlsS7lghtaePQggPlAa5UVPNGeyU/3sKBjWBVpcGDAGFMXhy6sNkvbemBTboFQVWtW/OEyp2G95fcKurdRruaOopB60unj28T2wTV1OPGA54W8iAGV7puxJDKl0tm6419tYmmd2nbrCcPXdA+sF1LgzLgtg1Ml1QzxwRaEVzKgR/tZyWDv+1PI6q2kqGNCn4iZxxal2umAxzMWVE5bGs891xbbYjAJW3tnU3/azyBXQ25pUWJFTi7+YKyIUrpnXxbkTTrauHwEbKLcbym9tiqmq3PPh7TK9wV5pKRUG5aPV3/zSoe3ayX0dg9WfL3zPPT/y2u77OrZfz150zFCEfsC+UHjLhYXOicOInaMtLfx6IIRll37rEuKAg3KoLoXiUViCx2trqnxfsLhZeuj2TMKLcV9f4B/X/JBLUvvFE7DOtSk1tPCB3LQKD3yKqGpVw3IGXcSBQsaF3rhM+MHRuprXXP3brXTD52DFmzVjMvEhnfu/L3MERPJqmbsgdBsU4ymanzktZx3MjM+uILQs91GD/K4nDynXLeSNJXh81ssmYHz/LJGny+wCWS1Xa1vaB3QPydabtL1fVdqto4T0Ey0j0TwGlpvlGlvcdbbJAI+oK9tyb99Wyg4DPt6CpD34p6I5CyRtNAhyhsXZ2Ie2v49cXNiwP9gyxqpOrFJKcjlFJFUwHUDW7Dd9mUbu80Dhq6H5fXkLrfd6+jlXHNTzNjev2KAPJrQVfkLe2gCYsPoQbnEbL8983HcoieHicHOhU4u7PHKNVbN7ILbkRKzwz4YA4dKBnw7azz69vwCTPhvbBA0mxeF5pihyoYULiw6chDICDzADNroJ5nSWbipMYs9CrUhf6A0oLDDKCr+3ZsuAXUKW9v8bJGY2DTlIZYFNnUhyzJgPmpXfq7CavVkbFjBwcfNDcEZLLaDCwzO8gVFcSQzp/duo5geNTi7aUbiPoCFJmnqS03scpMX80ym3Bo0CcIGfERGaDLHCnOidKEGsKq8TSDcutMR4Sel4ILXDBuEUwtipUa3xrvvLnwtSfiZb/8TPtsQ3K8KlsmsmctQ3boD5XOZ0/kYfFKd+JPUyfujolm/XJ1OWyK/9A18990OuvzadPQK9n1kHiANFN5x1obfK7jM4jk/YGaNhiX5/DDqUKjjPavSWXEN9kVM4QNJ5WbNXH9e9nUun67KyCPFsZCekVjHSUBgynRTFjDB4GOrSmWiHkf1/36lexAd/LlSWzf+upbv0g2gdc/1OTQtF2NE4W/HmiSmO71dAzybHPaab21oqPwieqnDvEv4fFUFbNRC8cxTjngEcT781bn/YMrulK2nJRBeb9/kG88DiReNFkUHGEJd7rLI1s4SG/XJBMUE8q9XKiF6vG6DAdGrtnEsPkuforjD+kwV9QZx+u/PNnGtnL8SN34GVOC47Pp4RwRzLTJG4sXLdt+D9ZSoiJlBO6XNur26UuzeXg7eKI8hXqCmsHwuCx/AAnrLXvI/GodSEwuns8wa71kvr5dlmOlM/WdvVMYCuG7+Y4xfkihALHf1bv3DtQhSl+O6QaYjIo2Xpc67xnZwezcDabNuTEj+vObw3Tl2Rp9uGKiKtOE3maWD/ge4PMxT+bYKkX7k2ckSP18HqjqMWz3TRBLqdYJgQkOSe/J9iQJyuOLZD4xZKrw1QPet7i07CdVatMZOl8LMdyDY6ZvJWre8u2eelzmmbqyHBxd0dvLJgvT/Rdl7RjXZdt2iD4iChS4gXZqINJFeo9JESpQuVUBACL2XQECUIgICSi8CUkOR3jsB6b2HFnonQCAJJNnw7u/scf7sc5735xqD3IyxMq+15lxr5rqd2AO28JdG4tNlzWd+14O0Iod+gUoPv+UD2av+YTMV1O/Mw+ZyFFOU8UdzCKpCARyg/xfDbGYyuHd36HaImjCDwezpL3ed4S/0u1Wg0aQze7AMdG1alS39Y99PsG++cy6qFv5yfkI2cKhmmTNTLFbhZMtquyM+UHvuXZoLhudKswMFmx4FbpxPMzs5bOSTk9f2l1a83mnsuJOFNcc+TlmTWHAlTR53zFHJN1aVgODnUlId0iQWAxur4PZQ+kArAk6j4XpNlY/Hvmc8J8zKUj7lh+7uHgYp/Qm68/UO2Yz4mVPxjH+kyNcupZyI5nMzy71mGL2losDojBXM0DKKB83QyHkFtNyZlsPLRQvTYfgzDaskERBgeGWvcld6d8jENs1zOLJiUMEfdjy7/gxeI4uPFP6aZMsGfsxWt9KtLfdhqnncas89mWvBiP/Ze7877iYeWyvIqYLE4+9JkAgey21xgxjlBGMJtP9KwenajK2KnCF1rQuWGXkYLd9gJhTJD5TJXWzJV4d0yqGz71pOSe8IqfqBJgrqlpc7d9ZxK12rkS2obzp2IsiTmNXYkzPBIuBSwJDh/veefG3eREd1krm4oH4eF5NbBpoN3pn1dUiv/kFJfqEwKL2O0ypfh5zmg2TxZnZkLUEr/Ve8JwvGfN1BHEWHaH27Xb1Oe9tqfHmQOfohWNnnM4Iqu5PjQ1TMA4eBI5rR5He0Ya9s9Sm8JmmEqVvtY6FyO4UAv0V2Wel6c5wef5k6BEudY4R4/STaaAdIjvj7wlDUEEpfXpQ8wWl2kZ23s16J0DX2t3aqGSnOfUlOxGH6vnyqXcql5R2rllewEgXGKIergpYyiEzmE1D4meckuylosFc3fGcLxs0bYyuYOcSRil1VPQK1Tjw3XDUwx8YCBRRxyhuaeZz/530Zor9FRkjgn1/eOG5F2yy+/Vvb5HAX79A7lu98nIgsykqEFW0nRnSTKc1lClabIBUDfcHixAem3ku0jfmq4B/9rtuj7LIOw5BhJl5QcXPgc5sB68FJg8isRNO01Nd+xrQuzuqtM/vNS8G5eO0Gj22aMDaP534TbVMinfeaoqpM8niIGF6iLNWFzV3DxfXNxX1w/bn0RInzyqpwdwNfn5xpQY7l0tbeDWQff9nU7iTUYNgHEQuRwJJupRICQXuZeNUX9T/iv5Y1rji7blGr/gxTJvhiYSHnC6YWZdYFykd4ESoXZqzCEHI5bFk5wTDv08CwsHxZFNM7bOZ9Xy1FErj3YoBkXX3DZScR/C8Y9weaDSH4HmtPRQVRPyVWaSN7QMT1nuTb/yUYyaL2WZ5RRlw4P7pv+8Djr/Voff+po1eG1S1KNZJJYXWcBG4huhxLn5o4tf5anayOylgSt6BVbnQjkbs8cdUb7Qg+F0zLlnnnsp2L8O5hoUsfG7dyX8mDq8dIS5gRhv/GMdLsWmw753COJrCo+Z7WyCIOE02MnmlmZjzH9uzyC7tpt92NAVAbpPnEJcDkhl/e7T7gzbyfng9tTXQeW9oZVoPE43/tHW40pntYDjTODO9MBt0Hzx34wz7vqRWrlza8vie99guhsuBOKfW4uwVrxGcLQ01HlpzDm6sy5vq8lzS+UufvmVRtT+QaF3vuFRQujKHm/wk+e9k2+daX+Og1fylVGLvfGxeoo6IbGKvA4gfTy/2eHtioyOK61R61QfWDJj/ruPXvrD0FnJGIgSaOrO7o5gpbB/X96TcyXqHcteo9+WCpsD7qHup5SbuRMEnvyf4TpJ1mk4clkmOis5RtbDLMEBNnRFY/c8oujzIQtLnl2mfQ3JSwM6IjfoyWY5fNbuiKD1sT3xXQvEzMFvx5HFVuYyXz+XKGyobiYWPbGzZSm+dmdM/VBCMQydST1E8nDISPR3/msNXL10c+QOhG4jm7+6KB2SkzPzoDezt7zLYKWwZmwq31Wbwc+l6oHuP7OvNfgGvFNtSWPneOORQGtxHmUn1VOZcC8Zg6Q3vMz6IWNyDg7NXpnrSxnrn46q1UB+prE+YXKBPReUUWJIoWWESIUKA51wI0laUFjtgVP/8xPonre/dh5QtiyNh5qmIRPkUCP18iPNQ3C3jTLL8WuZ2fqfCQye3k8Nl2Yu2XcWHN9P5A3/5V5rH5uCBZi44uNKJf+FOPODhWoRpj5nfZy3ahu5gA1yV2slJLrHb5eJuIgVhECeFWLxFgX1N+POA+DLOzTTOlDkR+2YT5zeabDjcuZ0udpJ08QUyZ2pbUrXWc8O9V35NrQITnxJS4EB6Q1TUx7NWeZ9DZQm3+sl/EXphDtr8UtaInOJcz3DfsXHWxE2Lm0/UDUqvfXHWw7A/vCj2FONU4/V8PyP8rCKaIaQtQpdD4ducxLfUui6u1peLzsI/MdurEByqtGM97c1gGcra9Xg/3DfJN/FFtg9O2s1IYYX1sy2j1Za5Mx4EzjQXDjnr6XnLG5zkArrnBJOV1WzP2xzgCo8om+HNbZvVeOaHeNj/VfvPxrNs6btS5R/qC/cFSIM6zt+lYhblLv3HfyEjdd6flYhVb0ap3EHiciVg9X4rZHVIwsBjlMtX3WL65OSkH4fsj/vO02mcpQnZCT8M8cvcSOThVfGA0ThZcw70ceInkRUKEWwxl+MA0QhZ+/gMzPgLU8/UCGh06DucLoJgUoOGjg2BSwjs5Cz3pgUv5wN2SmnBNicWnftPojIHV/Gp8a/es/e3F7Rv3Q3TwW2KPcolE9NJeSn0uxsRwO2MxEIF3tD1UDM8Kv/yxaZPlZi/lqKZC5IISNJFdfKqYCR3IfpjUOk3Mco4Q8ojvZ+YEZwIjwHWNc+AeqkdV3mFHPdrv6V2GdUsuIC4inw3Tp27PsfbjPHPPHquUlfBVQotVIvpjyJzcLovUHku04hP93Q9PiILZOSQBUpim50/L9bgKedp0dTA7PRqsNsECzCAPt59AyuZXaoJ7A13bd5VwvW/JJ8O6Ij8Ofvueg9/aCc6MPQf2dwwLsLufi228JoFjhx8+7NN++Uu+NRmAxYq6zjUnwnLKCLIURt6bUj7Npq8vnKLHYv/Wph2iJBfDPSXQK7FMMqK18grILUC1wwR4mSOsZ8kJ76/scNVjMseE7yWaKVRx1ojf+x7KQWkQX/NouSJMkQLwrLQVmWc/X/gHqQblSTCU0zeywBhyUbsnGoLLi0g6vnZ9+OhILBQj4Lsxu4lohyiwOLeg9L8xykosairNu652w2pn8xWg+8o1eTQuta8ypeT5cdpzJnZCRN6Xn28jK3kSHZ3m+TbSv7MdPvtwVJNbZwWUEimt20kZM+q7UspMpHvGONcHX3s3IYATB4fm/bP6whHIPRJ4PFCOIxDVH0rgDadoWckz7lYXbi22tnN6QlT7wzBPIIWN16NHMOqCTUgdNfb/3Vj+J9hnCibQER9YbN8uqkQdLCyDXDGuvF3qQELj/co2bfXuQ6BUaVVpXlpyBhZrhjUu+pDuWBuBgsohq/lI4IetBIVouE3jso1xhFPhZMMcuPdtTxd0WN7czTPTcUpq5+sOJL71tMBq9adH/fcPZwoBlgg0sp28Pi49WuEZ/btAacF5GwmiWkcXp1UhR7U2x62PcBc/b865TI++bVRGFdi+QRCb2DpTYbNzE9LCrQWoPOYUorlF8YCK//dhPN24IWgkZTSHVKzijGc/uXKy5ftrpXYZ4oOkqjKk3XOBL+rh4XJF1a/yKyJlIzI5WhF0vJl7R/TUPpET6NuRvS/JSVKP7ypiVVGw2A+a5Eryy+Kv74dRpr8wHURALMfZJhRdJ3gzxS8shqbR1v3nUJ/18UqTLoJAraSdZs4UVZBVPGf4HbHZ7azOZUXDXWWqxym98cKkcmXq5Jhw0uf22fzR1W2KqkccxN8ZU8/6iv3Qpx3P83i0ytUEPZ7qCiG3yHzXCgAKt6WLpXN27MtkbmC6vgM1EdzFvl7gpdNHASXfMvipPw47b6x/nk347tIPuh2RMKEbVSg+zXkk2AqvgK1OpY6dX0YKRYsOyeRz5jIRebfeoIxuXfK7gjbogc/vHqgwPn9Hs2L8U5CsK6JrxpYQgsg4VevI64O7D9O1Lli8cmhdqCGSruWwEyQWyvynEbxF57ptjmfKBB+rKQrmb+0+JoGPbtNmgUob2+8Pj8ODjudNzufOg+pwQ41P+tK9zxjLe1WY9WdAjC0aMaHvwMl9zDmabSWKxdVkdbqyu6c6VpGDTwDFb3aryxf+FRZZiYJJo025Wwg2L8snX4SZ0Kc3aizZzDtBmV1s1RKBrLFOFelxaQ27B8hR2cOEDhngtLQEft9Zfde+ryTR1Gy4CT4HgpUVmdSN3yc+qDuVnKMNrNRpbtjN7Q+c0oSIOr3CB/bmvsg00WrYDk0qVddyLzwJxK6EuWLZ/Humt51nJz8kvwB1eV0YKBBVGzmA5loubLS/SVlvZn/IF1qwLLFSrbbxnU5RIatiIC6NHr75IdUJ0z9G62ab4btRtxltbDUkDYo/DTNz1Uvzx39Bzm5mQjVgA1ENu8XyjxeiG62LW3ae6Enz06k5vv84nFYiIRUYb8TdMurFZ+HAJCfBYPbwUkkqxOXuu06u+2FU7CASCk6RgZlYOGm9PgYNU9b9hn2qc0MWSSaByvdeZGfl0Bfp4kIX5DYXAkA+sV2jYeIv5SRgIqs6LNJdlfoKDVOnielyqOHzPJxb4PH9+ImXtk41Ww8Hhb7TeP4jEfaxu3TwWaXKEVTYa4rlgalwRdtIVjz071t5TKGakPiEZOGXH9OcCXIoA/JPeiEPMMnKv3j0/T/oC8n/SJ0Yqz/abfIVkImbbutm6nWfML94y56eA/rKnuT0tSlPhzeXQfwSGPrcP1A0E/eLrjJ9qnCQY8BL6Vgwv0R5Lm1Ochlvcd6covyqxKfc/oEZE8ZBAxCwLhx2hdN+egz3ZPX0AhXDJQbhc75wbr/XUOPbFoR3XXxn22UJMK6yeVMy7VZvnRjBXNrcYGN28OBiSBa5y+odXbvIlJ6aWuJ99c0XJJpFR0lAcRE1NjeeSrtOLx2yhLHUQQo1SsoI/EKt3PrmjpPa8B/3nfjMPkRYE495CD1ansoaTSGBM47lfHEiXESJuLQFsdjv/v9x8/8EWyNkcuC+1yJ28AsYo/7C7t7WXI5tanp+CVkdjt7w4ZnCSRVfxm6BObmQU3C65fsbRHcFKz32wHAROmpNjuXogH2UlG3rjZ1JNIqDFEYTMTL9Xc5rGoDIu0swEV47Oj3vebeZlJOhGanq1CjvVL/2TFD9ZKBygIbUzCdw4OmJBo+xMR8tgCDFJu28lL1wurD5bZLCt6nEqHFYV+lXM7WL9M7RrnN4Z/Tlij8qCHcWIe99oRjyGIxDTbsu4bgQ3alO0WFsvmJo/wDB4HyR0zFAj4ZoNe78LSZjTtQWCi4bdyMv43UlhP6Wf56EeUJe94kz7eWdibsUo7rcLxwAajeEeEKqLcV5dSzCQAVSbrrAgC4D7lvMN1jfCh4f49HlfAnVlpPCyV9lMEYSNp+v8OQ8iD4xOUvvQagWvKDA6cW8Q6+Jf7BSOW6SURfF65Xb/J5Sz6Jg7rMl/qDDPkUmuqbXjPZN88CQRNvYE91z7frTnd/0m74GLHy8qhj+xQTKECouQuOG+lQQbXYPMWEunODWb+vGWMFbbSgKBUiNZKaEu01kmmDEaft//ggYk1w5EjO2fziSsTRgHCI1zyRu/1xycjAToiCUYBSYWxSQEbgXuzXrXlPUYt+NkpyVM/Ndn7xjUM3sEiO3UVe3Mbf7xJIjiWJrqbXDrP/pQaRwtj9WTLs+zRPLJ7LgATaeTrRTbpsUasGdzT9ALiu6EsJJxyk/xHT5H07invFDFEVjntStO0sqXclHPXIQH9F5KwEnFRgbWAj2H0gqQol4HcClbQ4n+Rvym4P8Y9jks/3Pk3Pc84dglMnrEaxfgvpnEwkY+/V54SnN+livsWnPmOBkfD6qd2m3tFLfoaa3Oxd7+XCY8nTdrcuCtGdIFl8DN3HHYZmdu2SYdRf77ImdWD+UqLXlIjjvCt+XXHra9KS+dSPyQ9i/kKHvSeZEiIFmVb7fmC/A5Z3rge4eA2POwRLzjv6cy4EE3Lnr3w3javQebnwp/kxu/8dXmStwt2AvIYg4rphSA6sYHeBXokgB7WH9Fh9kb77l1m3eKdFD76F3IudNN3Znq9ASpsfu8O9Lut+jEzUYbpFLo59/qd6+nE0yWN3mjxb28zps/FD8Z17QcW5pMI+CeD82qH/9A5TcqNbjvQ+RXHlN+bPAjs8+Z1dcLCI/I5p37JwNmCnEuybUMmPpuj6ibpXQBU1KGMuQNh6nSbRvHievMxFXkCAnqyNLUyEpfcjy8naDw8DRnRNDxJpqmBi/UDZZ1dceLfmptT82Kn9AgqZelmLLT+PKDC2pJmOBzWK0XFq/saASsGWuKDTMvrLM/lJnncp8MZNNJgZb7hT7MUeQL5uJJfpaKxqJiv4BrR7z6Li+iQVKi4ncU6q+eUsCPMGr6hlvVNEbAxRBU5esd+YZnSLuRj2wX7vgUfHvKEv7nXD2StNMFzESEfwhMvpNjEmEx/4XOSw0FEtbhp85qgzFTAtTu4TlzmrfCD7D2yzSEDuqu4HaJjc2vtAbP0H/1qo3SWbrLJ+7r6CcnxaxPXo/UrAZDKO8j4ZSuwxLH36Sko1yqz9qqrTqRE3zS9bO+RnRuvRTHuMv2LtEt8MqbDP8hTLw56Iix18IdwProTzkuJFpbeKD8u3Ecv7ShrxsccA9vE0YR/norV1et1O5divavnVoWcsTM4KbvyrH8ifMJ4BxBWLXu/0mQ3ijszPOfGdIajdNipAd2b/y1Rxv2S+F+o1tvW9AYh0qe9ggezZj2zqgnZ8SZBym6E5WN+98Dl1myFKMkSoiNriHJhiu6/TrhTiK/QuYfnsuq/p+7agZERJbS9do4jFuannAY+BcyVrLSywUpuDXyCGy0i+svrm5MbM+bdp4RW3Botu7W89wlBBAOo+pTdWlzE/pa+yeTxm7bph51rYVbdZcHDL3Uxjp9BeddNbC6WvNvHzll2IhzXJ+p8WBUCRuu+MXRBdz8fSmlzzyc5JzBGx30j4S1jgMuC+86GU3WnSOSO1GzGdM0zsuWD3hGmG7XcfiG2Ft8E14LNf576e7A+zeS66gLMnNTCAAJ3atO6SEF16SQ166vccuLlhNL4GkNTfOhmZTHv2a+JhCVhcSv7svho4Jrgs74mEs5jh9usxY0S2kZakd0sPQqdwVStHzPSsJHh0N/GwyxXT6S+FTKR59gh8rDAl3V0vb6Qtjl63mRhuChtHUqJ6YoYcquDijDtXyGV11GUwHtelFTwyZDqwAkl4bQRj7ldvBIU1SXWUxOWGkEJyteMUY+sOi2dsf0fCTJsQo3jURSZ7kqr8zmmLoRr3+1lxp6ljK0pMNEaG4pSrgr82KieAFBoQr/uW4JSsB01HEravncQr1xPsMxbznpWe+Qey0dMoXChoXn1Cr1lX8xdWULBn2aj4tzR6tAZqv2dZxBHPmmwS2nmi5GnIBZs/aQgjflnCBtcc0sAYmovO53dKYzhiZGs4Mdjk00Qd7NX+u5YTMk9UYQMT8QZ3oUPNy9jJpldv2JNRWDlUW1j8Ia+AhMQn8Z+3WzG3aR1PQwVWqOqQ7HrNRYitsDsbO2pYP3AEIS6pewbcCSWfwjkvhcivHz3a5e4khI+BJg9e+0fDiGGyEv/TrKlCuMPte17Cxc0PLVSdw2ZDehPlug3JNNK7Y7+9CErievhlf6WsCLSfuDesFq4/LJW5qvj9LcGozM8DGoWn0ll6ABNO/4MMqv7g4jjbC3VdRF0MCNXLDd3Z7Pu2S21Xu10oSH9g1HjKyRzMayxDsUx2ZUvePG8caeF7rkNWZ5+bPsMl+CPPbv+WIi5zZkmwtteU3h/tcUdKuhfMfA5eDu2upzt+0tp0z1o9f+D3Zmb3YY4d/Mtb0GxK3ZXHB14/m9q1rTCKM+8/65A165oGLpj9SndNxVsu/mo2hVbsaiiR5t4i8hwPOheWzfPGYzci7w/KNvbxrdqNy4kzvPGK/rEYbO9m7RR2TCJnO+83vqycuu26zJi5pqm+TpZXYRQAXZZudj9nbJceTns5SMLxleaHhQk7tsHVEBXP+YOqknveJTF3O9eh+svKzz9xQ8fqZ8oiTcHIO9l5b2CYGXc1rn6VD+RYC+6vKileMndaBoLjYmUWO+WKwfUB7Pi3cNlRmZqQ/oLhwmnO020iXmwcUPzFqk5tYth0RxWEaRvt8TZ/2sutrU18Kky/EAa1nDMJyVKjbPsrMYmBhdv36U0vQTAo1zfhXOZxL5fe7kojExwnVO5Y5QrgTk8twxJaq4K3i4pbtW3DQuENh8HNVX1HnO1k1fOXi7+0kN1rNfD1ZznsAenuk2pgRdQILNF9VQ4zbZLAVIxxIdy2sJv/Yk8AJ/q66DhUw4ScIELUEP3GqXYFa28I+pWtb4IVYpf1ufvPJUGP5doIxadeUW/0he20P+GTI2Cn6iqFaJ0Qwh5qbUmcyq7QcvXSomZSoLxzxngl0YfEeiKU7c+tcOF9kaDx4i+kHlkyfwN4Kw7r12FYqYBup3e/02Hq1F8um/Op/GpC/Glg/niuIJUqu4Zi1rpVHtFyo6n5+/tzMvpfnyZ6giBzqtNUqtb219PFoifG0z1lvjyV2O7/sSE90r6q/VASRSalXdwX2kGuwh7HV8WJR+8bcMewAhWZVR1bnPOCDxLtdp/MEfO0WANjqljj975j0G7LL83VqJPynLL3/waJti6FFj9W8A2E/Ksh/XS2/6y9EXl+G0KbMELEAlC6scooYu0/shMjsct2mKSnrnqS+sd24dae/J1qVdXSZXkgKPeLDj2PVHwMd1K9+jxSeqBDTIXwKoYgaFW41qSipavdDZqoS6FZb0Su3lsVr4JwSs9u1uUk1bzJY/By++W+isie1Ze9Fmd0lt4+sORD5SZ3ERGIiBF5FSPbKey/S3+XmdLJaX/BeitSbMmm83zIauttzczNNz6hWCYOKlu3h2r64nWwRyoggZPg38Kwbpc2/lTIWVPjIf/8VCXxfO7ncziVK5PK5Qu4/sySsQlekGv1la0bsTyf/D0BhLvNHupxkEyXpCUUDzZ3H9G78l0pTaEZfQpUA5m88u6x4tfdUEV+6oVv4W0fLgjJD+xH29oTpDyUZY8m9PaUzv+nrMQLNTYAzm7swoycTIxa6keJxN0KiH7OxMoclaLZV0M8Qq8onMfpl3TcuabHU9hkNMURZPlINiDOaK7OckC3TTMPm0KqT+2WJUlk+HH/GNWlv0VnW1ETpNcWkJjjZ1kNehxujfNzpYljENRK7OMCsWOyooeHJPZePwp0DwjPLyvWPQrzqT7dGrwQLEru1BMlwMygP/X0F1pDVdQOzwp0ew6igyIARP+ZuY+coFcFeAXm/rhvni3SVQ8/Ue6e+d2ScBOScqLUYSWpPcy47nUMdEUBelvk3UIlzVtfTchEHNCXgqf0NhnSIlsOfxQajhA0jEnjwjVtXz4C/+wrNg6Ni/C3Pm/md2RSw4Z2WPXzguDi/MDZXDxPvzii63Pm7ROcRqgRG9wEFfxjerVOwdoHtgs3FxenJafM5XP5s3n/4jr9g5/nSSWa2zOi0jTRGciGFrb+kyh58htm8IzgYFUACg6i0UBk74KB+5oQnllfEmkaTZ1nhGaJla9zWqf0BFaz2cr0mF8ibwKL2DlyeCVsqZaY3bdg6kamfbvhXdFvmFvGSFgsDZcZRp7UYaA9i4ZFMxNQ1kXim0hZwlhVmNWNn+4Nikcc0pZLga6taVr/xZLaPzmkAxyk/K4abbHAZHIMaPAcLJuZRufTijP3ubKwS6hp1Q40dvGW3ux58d9oufiScezcI73bJvovbd9l3rIkmD5T/zXm5YuwUaSzc2PQhs8T7UGqr4wRReMEWniqEde8dWoKfy+AmthrbLnnmJ3RbGAnKlycDC+qCU3I7ABHT6YPc6p/Rkc+vCBwtr5bDkVq13OCP/JTXgSe7+6szfN8n6PrBE+U9pJfUva6q7NSy92bN+i1bCMHUrhemhMezXhc4ofL3XC3sEnCPfh+7Z+3N5yzuXasxcoZFIoI/ortmU+jRa/K0Sx9djFp/3oqJ2YhiJQ6/BX+xrSb4+QFsJezPXcJ3KRt0UriNQ1+7FouCm7Ww+SYqN/8o7nEME5XXpPkFz3cFMgWM+CptrQ6qmt1NN/OB5bv4yIJbMtJ7rMwiO5k9v/rL3pXvxL9M4b3vQD76qPqFDUVG2axA9kyD3kJrvTBpouFzEu69p6nuoZ5mgLLU+ZsJZzlSNtwx1ppy8tRmVM2PZ7aHzZL0EpOZvmra86mac6P7VifMFWzUFtnTm+Mp51WkPNT9CEoVDY8GE5jIPKokT0LJaliQVf7CUKntF7sHLKRltepfmnMe2FM/niWYbCNp/PewYTOWlZqW3Yy2AtFidmO/fd53AVYvT29IcVeH/qYnOv9WORx1Iny5QuozaWiznYtI4cePLVPqdLUgN1JhJSXmATBSYOD30L9VEGCrxp73CAeABDiVcFXo67axIP6rWn/UOSPCm2b41nK3pOZbwPlcToeZ04zvtPwnpvWOwVSAemaNAEP4BH+ZQgGcBaAZc9MXWx5mtZEMImRfHnHFdFPI6gXi8DuJxj29vGzmb0Uln18u2DRy6DnvOoKID1J2i9lzltjinctGyuou4/gW1+4lg2eVvq6TYkzQsOOO00gUdrc0PhW6s55ZwUV2vN9JCTcGs6+rXT5rE7653sG7HGoqLZZgYol0M7AbHPwbAmm22g47i7OquD50VII8y9rrRaDSqJwYWYtnFaj8PDyNAWCe/19wqzayKkqSjBaPVPReCW/koEDDtpDIeRy0trd7jpnofPfUu2PVe0bkkeZIfE/Ow6UD3yuNb3X+mnOr0bmJkYHNzVCjD9+CbrSKif6SaJpH3JpH47L0Kqa8desP185kMo+pVBWh3la59rSq26Q7l3cyo366BeU0sD5WhBuW5d0QaPy4u3oquS56BpdtUYMcJl42WH7a+3/uAjj724mw5S99YCLmMRRISrIZNyD+/vme+xTjqK/MqO2aHQ6zsMn+lcG5seqxXH8QnWW96RNhqD2utHSGnkzsS9CFHWdVZlr4Ue1ioO2ArMvzveoeJz3hxxdn885W6eQSQsgb6Ea8U+uS9Nm8bdmtzOh+63dyHCmtN9T9ztIE64oLQQZsn/AhctiZVZE1Sdmf96DFTdqX4q6UeakUDUaevmf1m+M8XibZRrygknoVk8BeZSOt+Poc15q8268K+RiKc8u4zORe8WIpiS6VlETBL5RASCpr2+68FywmSphRju2KjSg600Cpb0X8Clyu9ekN4YgRZH9pi1E8MKBktNf66IsG5CzYPCCJMXxvTlVh1YClQanZkBYYsF4IEJmZDTtTFUSkCE5KjE9Y+pKzKjHffzAQ1LPhSebQtd5hhJJKes7wWKbJ/scmNHNvLQsKMeNNvpuJFRH9oR6N+FmGgwIquctC0lmUcI3c6X7Lbd+WdQA29gV517K6j9cGK3YrKSj1zcfnMohUX0Eap2orL49jQVvs5Ylr+dktZlgPO0R7P5xn3qFykN50jJKWPfD0bTNw+AXTmgxhkyBacZ8/l57Ie2CmvBzfnQr7fBt1O2bNtXP35nYiaeCrokdc5j4cZ7OE5a89nSeRXQvecKOTUeK9GGNFaO+7/HQaY4cWO3GDSodDyHeycih50d90hQBtmk88SqtGxPU+zVESdwPR/V/mJTIh2IitqRI8ZWDXUWebpbogw2qlOdlPWZ95RwTaKroIE7KR6txMByqpje1QF/VnDUTRlU/EAcA71WsaffFAedbWpYBhxC5vrbrz1RGNliVwsGlkaggm8tCbC5Si+3PbyfvJe2N7WBimTfxNlckAHxXvlKFSXrwCnF9GIjoihQv/LvjkkCMuK4eL/xB2kbyWF6d3weLBW/ie1egITcnFPwhx/+u12B+umGgDs4ASI3sLUaJaipSph8vaduenAIGDhouMhmxrAh7zyZ1ZeUhI/eRfLqtuBY9SmrOU4Vd/WwLkN82fJSyetUnMGl8pP7ePTunrZ7MmG1vzkglGVtXXhp7szbTm1Zzywy71YTlaOPeFKSfRa79hUSDL9wybvqXi/txCEpPjMjXurs0+/Nlsju2woceXdavY9UR+v5jXkLIAZG8+or+C1xkPziG36l/Av3FmvpTHxHHFREzjTzLjArKsE6LTx5d4eJxbpIoe0oEGm140vPPYdwxMTs37it87Gl9dnc4Qthf+024xCqnGXmQ+0TSt0qT6eIfoPO1EKLxy/PvRxEYPe+CfTyyRhAP/w8iFM3g+m/eX/mmfjv3sSAEaKhAPlb/qS4fWtQqfy4gGSpa/3t2FvDB9Y4dSa7vQtUbkhvHkxfxlEfRSLlr6+CgJ0uKr7voYDHHNOejNzzCLqXTtPIJa1Vs/UcOg4vKPs7ncavKecev1nzA9iqaRXG5J70aLLZM+89GxDW0LEVq0bFEJW1Zi4WzJ9ri8JL1RaqGgExOsienLpW/Y22nXSAdrCrj2Wes7elzuQA2PIziA1Udqv6FCIESyO57Ps3r4d4ISTuSNub928c7kjvmTCcMvoYJ0rDVzNsjRG5kUbzUN7iFZtMV/ZmooK4hm+1hy1GiLDq/CbAaLRe1L8OgRaliBUAC1JRUmlz8ajFI10GyeQf/gB4hTwRDDpC1NreCZ0S+3JZfPNDNJGkrnKN+SGNOoOa/x8zzQNwS3xy0u/uz+7gK5t2bcTMGFx7xBdt7+0JFHZn7xfUQlGsyxEO7vqmwvSCwUbGDiqclivJ5gCP5OFnZvUeIh8OxAXvUqKClrOfO73C3nRWwYOwkqBKuaCIHIjUSFWtEdcF0gAREpbBlhbVBs28/Qn2f+lN7kfXASH/VDTMwudRju6O8nudJy7LLSH7AAtWD/zZebbI14hRrN1oLTncnKtdAq/4t0b1jytteyfdcaK+RkV+qKmb5Grvc9Mr7kxAvjtHU1r9ea6oLVSqcpJbYaaWIiXkDcpkYM7QupXRlmB234E5MMWcVap3Kc13y3CnMpe8DF6e0z9LX/ojKCzG8TcBBR1opvkMutcro60+xAGR4hdj/lQkjpgMxucfnY137VzPqNaOfWC4kpU9t9NOY1qpW+TtM3RLMmvPywKT6fXqZsdiPViSaV+6Vj66m6RObx2tmSgZlv9cP9FnkbDWUKkuNU5wdmYHIDqfgsDkte5Gnwqew53B3Gux0PzTHzk8bHtwzncT9anuKYuGLjrqstZC216JHn9R6HCu5w135N2LlK/TDoXzVmDxKSR2AZCTb5gMkxfYPF/Ymk8k2TXNSE9hwXUWIlhSakNXRi7n6ySCzJudT6WlLzMFxvPEWxjZUAS3Q9a7mA5bMH6lbbCFodBuLGSqrzVRM9ZrWFYvJb9/H7n9jxCUNLspRSBHjVpoKv4T1Z3ICPhCsp93iuevaZeqLtC6UMo+PJnkOYFQPuqBajRwHmbhiUQWE1S9zrnDxJUl62mULiByNb2zd/1r1ISP0AVVNMo617cELBYniJI1zpQWgCG+leLXDvnYr+8I36Ua98U6+o4b5XB5E4h9Gt6TJnj905QTPIatSn/g4db/dZ8YW//n+DLzbz7LK9dYemqv7hR2bWAANU85HWTEc3OBI7qCfSJj7d5esoCs+dWeGueEQZyB1XVs6FDh8klXB9kksLVICroAwc9/bUq//oxFRbHjOyg267knkp1SPebnj+sWP3FcD95DUNENNRvfiQsDycC06/YCrZJHXw0H73UHzmXpgKyf0Gip+7LK8DUNl/ErQEPpXAhd4XQFMtIgYvcrjWigANQXqQSZulY1FRKsQDMAdfqLg442niR81SP4SO/GxvPr2oxJAGKyYZ+b/fYk7bfbosfQNH47uf8p9lS+zSADPnCj7pb63fdoYfdqm838l/omlU1xUDbmvx77l2O9imeWrF366jAtRXZM4/N34Cb/PHVRsAkQnjgzVYa2RvHh8q5A9mgDZGi6/4BeDzSpTE/DP0B13BFf2VjMpBpsPcngAwhodAXia0t9nS6HQXAerN1FIQFML1jxgd+Hk53TFzCcaoSzgFrt+a2fgbylzM4J1rPtOXW3K7jvKbz9PA87CF/tq3ngFwEdVuinnK0iOknWT4ONixRrcO5nWxH6hXeQ+wVta48gilQGQgWjfQ7vgXrnUZaa6X0U4Cl/ljFBmkLu40vOg3vw8NFHZXPCXfbs7PUo360Qw2+3dzPlOOo8vJxi7VnAPBM7H/mfMl71yAykjghy04IafmvWP0NKu3xJ0QM/dBOkUK6afYAUnzQfQGlQtf92CNQTrYvinW6cDhm0ATvEJEihrfkHs33w1z2cres+2/R0cr+mmZydiJOnXvdF6ueKQnNzJYSxPini6GDOOdpXhVG3EQ2JdZtHhg/PYXY6jBQb3MYuDxAaf7mfJUFE+Yydy3J1p2ZdfM0n+H0RamzEA4wp6czvCy+T5NAvU6bvujPgPSWdgDTpeMOOi80AwmgTUwm1RddB85OxhtweKxRY084opajTn6vRJwBpf3uugUWs/N623gcq+Zo3kqxRnv3MaajtV6fWOM7AO7TWhd0tYR2QoV5wD6D0exMo2208rfveIILtU0JdQvergSSs2+ECBdkQP6Mb8VQ9nOyyor98oBoTgGvAR6gHeGjT6ZfkpPmfjuQjE1MzopWvjlx3yEY8HSWlU3cJ2cOfMdQJs5J6PtBlVwynm7cJvHx+Nyoiek9w0HiJkAIEvGnZ8TliUsU+i/OpBJg2i/7ZttMWvC2W5/1LbajXBXtX/nKW2+fG/Gaht+K3NaRzhd50LD4stHTfnFFY5lCqg7ZsmezONU8sSeG87OhdEvW9gadWZQmjN2apRvwWwwJ/NvwBiMBSiAra+KqxB3vpRJk5jQcKQf+C9zuBJucD3xE5sa4Q2IO+pemf7h5OH4+DA30Tx6sGYur70ydomJxGTnaAsbQClV155qGQF65SPW8Yc/tPvTXaGRN4Yv1uAfxwUtT+etmL51vtNq05T07Sn1P2A9Xzxvu+9+EhQ1HvWHN93FZDL1y3xKUH/L2eJh2zLpHp/aVUf0PV8AcAZosrHAw+dNksd413UZxmR/WzjZOn1lgQy8vVnv3fKFAfrqmsLFTXEvayP/t/FQpprY+V7jXpUVS+DWi3890W7mOlpKVO1yNzgwnNso8k9nNfW/POIejsuh+3n2um2S2lwNeDNgbwhyv3YlkMBaFYcdcy+VthosqflKN2UqK+NJP/g78Jv+IM9yHPDQlu3SVs71vBk5VbADVEx3joBZ5aKmI3kMjKufqJ0J9xBEVORRVTW0orzHKxzbvRXj+flZ+vHUkov3vc1creWnE7ZvQwFLPjl+NVOGGpeXqz5rTQHquQlzFh9PjT6+sXPMXeUauU98EMYecF+V1R0MzxRaSgENSVstNZ+Hm3NXoH98bq01x0/zj8MsvHv4y1r0RcHLQUREPRb5p6cWUhxRdH+TDSiZzVyor6/CKUqcQ2VYRZ9yL1ZbTpt6UUgJ7CvLyNhCBV01JJedErFRmoq1m9uD7NHvtX590glfDlMlY3grU45gsdQht8FbZUnZHHNPcFCm7oBK8F+HcWsrBuyofAbXnc5vmgG6qSn3Zq94VW5lLCmB9q1Ag5uHEHjNygCyT5cK3oprgjglto6KfjF6gnkx883+te0G1b3P1UFdoUO/KBRurel+Fv4lZPfjoncVxnGWb/ePmMTUTvwEzdHE0IscNtc+C02gDUm6z042CDhA5otFvIX4PUT/5dG3tUyQL8wNsFTcgrrHpZ73lOLVBO3je9JxuJaLg8Zdn4m6XBliQKjkSdrnC6tHSxtlDwEz8MAe05vJ7g5+p9i60xv9QXic1XIbvvwj9vM8kzWgSTIxSB0YaCi9Cz9Z/RQpRBH+K4rOKQ3ulVpidSjvFTNrezg5U1WHzEsNmbcE4PYqU6RLlNty2+O3E5OvN0E+p88HQ8VZvhvGyO78vR47MlGjBgmMmJd7kJEsnT09rbbcPvRt2jHeWoqY68ssAkeZoNW3ShgZ8nqiXDoPrx3i1OKCZHVyWIuyAMpwVTacASzQTVGRxARh5o+LQnce+MOYnVuS8zXfZl5R7cge3evxo843vbbIHLOv16spH0II5Yci6RM7abbg9pJxcFlSEHP5Sp7xrS6sm50jsdChztX/VXUZd6v/zd61WgEwpwIDDf+Fs5WIa4Sa2gc75oiorM0QqFm03X5R/rdb1rPLqgqbwftb3V/Bl4BD77USyJ169sXP4aP8sc6QuWoQ9DxFu11YASemoFbr6pYjCMlMyTUoS6o+ZxHRiWHTee1Yi3/rfcmz6OulVN767lYxVf++W0DjAlRyyovsUjIgajghgxvOIkSfONSM72ZGvi1C2mEztheb/QdELvZubn7i5a8NdeE/4C9rYmKHHNudvmYoGkz+2+Fycy7n8oGUseMXkJ85a5xfc+wtgyBFs0/8f6liIxi1skgWsxEPKTpcP0QJsYOV7cHpt0yULP9Q9zz/Qx3CnvEIc8xT/Zs2/nwYtCb/EyjXTIXiJQUoeOxEEApxfObNEwb19ekmU30cKptcMSkDXXwqSWue8Y3W2ZrVxa8XLApgIysjswKKHRYT8YpcvmyBSvV+HAUcy8gb34N+mnpW5ekvsqfLoaZbqnjXC7XuCDZTbXX15+P9Rv/ohGUF8OkHxEEL8gMrdEIMJxPNr98ejvoFALwlf/U7DXq98WmL2R68HJ3OjNDbMM7rViPUDkJk1qvqTo+z6B7ea3T7WNw09pXuzD7UeylAOHTJxcoE0rn0id3QXi2GbeFu9nyg/yEjDntWQjf1i7Vi+2jX6bFTQQABR/k1EBPVesUiH5wvBaiGiKcgNJRwdduHtd3XXlW5kz138sU22ZMB0Z4iaDFLCKRaMwWy+ENCWaBrwP+gERBqDlH8xnii1ZQZyLHWRMM27HIxKNkdRISzLpIkrGb4r5YZmLHCh4yiqJon4tS72kn3DPxM6/lqmqlcPL/HCjdRJVI2PzPTApy6BYbXxwmZNnSpQeScvmb+WBVnvnayDFZ3rmadSkXYG76pdMcq7YJPKL4tHTbp+CnB8mBGzUyywBQxvgBHOE3i755Z3cb2JPmyRAV5/5kX20jxeICgLbETa4Pj1VFl/o275m4Bmnpxubbp1gl1qwmplqWnABOBf7ch+kj2Y+lT48BZWJfDDf7M7pnRoXVcjTmJgu/JF5+NFJ3XzKf7tTyPix8E6ysu93TN2ou/Kbr/CRJbxz7PM50kpvSHrxVFr5B9y0TR5zMZidFn8ctOcJSpnMqli8w7ruIVjq9pRXL2D4tz4xXBiwDBuxzm2fi+zlKFgXvI16Owxg/sO/kmsPJH+v5vzJyAB5ZlMz94mX07Ik1CuQ8zMxXxKsNzHjm0RSTExKmTxSkyT/nmmiji2J8rHBcEr/16IbH+faALwSXBji4slC5UFpCmQVnQ/9lRvddgP6aY3bzzyOiYLp9lP0YOgcxxl3USH333A/jt+M86LsJaE3IbZauRA8E+agoFMrwr4lqWPNmpu5wplj24DPM5ygrjj0YdhfvnOGcq0J2F3qNiX/I5KfE5bD5HLIihJ0ZM3M9KG4MlY1VSjx8HhWLXFJxqL7lRK4Ai0UExHY9dCZRCORnj2exmRkyMwmXBw9MAzHoiLL/ULw+ognxwk6z0u4yxjs9ah8FqT49GBLgfw8QF/3S5AyrrCWMHPwCo1YKHZV2e39NAK1IdfHzmiuhC71UO54D8TBvzcZKoeLfrrWfTTwW+80X/w57Gw1aG9MCxwjbL9x0kNFK1IrWhR57oFx3+p/POPUkeJx4xB/KWeMxmlC8WBUKVRUzNlIH+zWToKrj0oXogDS5Dv19zhAXbpOSYF1f1R0T4Wgh1xWzSOanyqkEYAi7HuBD9lD33U3ea0Xnl6JrN6hxyP36V5Z7gIGnjKH/WFXtutt4zPuyg2KNcjmcCLMquHKMrlM/cZMtdyCP6lUX6gslICg3klBARL9AxgjLV4bSMEoW5+K0iZQGZ8gm+TZkdwOJObE9cTjNPdVf7D01cYcR3/gweEcwbc5s9suZJ8wtYqSGqJ+yx2a4MiJag1/kob/JumReZhLKjI0W6lFo90LUoN0BE9NTy9je40PfCKFORFKIHRz/iJ14yHH3lP4fSI/dimLri8g33dsrQco/qI33WnwBF0Mi3pKmXKdY6EEvqSyqXC+6ORRdal+DfDejBJhmhfVjfzwvhaL9CS9lm/3OnUzqMOQTnWdyENYpow6o1y3ynMWfCFEeEoN4gO/7VGO5/OhKeKuloe8ZnL81z9cJ5R4iwW3n6y/DDavrckkpzDkVMW4EsnuZQTjZbSvXaPrsecBDlVHm2f7R5TPTtub9iW1pJdytnxAUpkbcH0yqvbTvws3DE007Wz8KPR5kqBF7KSdiQsI4ysRKX1oVz9lgyCOtIz1CV0KWe5wuBwDSonozzn5mG4L0XvkXBgsPtWvKDW3P+2urZ8k8oSBvO8hkbd97mG7GJDNIw1egeMznIkCq1sJBYGkb6GC2ac+sE0bsUJbNnyNnzKZjfveoFRp4Fg1EVEzr3RF2p7Kn3qU3l75elwXlTLd3ZPbcHnxfk4CvsnBu29XGF0JSiEMdQMSwP/eV/vIRXR5GprYr2RPawiRlKYZRvKen+iPgg3P/wa6lpPph2j1qVnbkz1Nz8rVW1nkEEP8HN7svCrX+b4v8EHyFkTSenRw88T7JyowT/DHmNQnKjXoP4VX7lkn0LvBzyQbWA1K3pZ4/XtirhNbnVdFcfM6Ikcq9hirHmXKbQGnXOJyJiGHrYcc+AykKIt+SrsVqaW7giA6VI66BEsrpneD+pidIUGcaoP1T+EHgPJBW19VVHc2+r681dC2DXBnImQuce6HIOANq/Kdsw5QtBcE/QTlc0ARR2qorWUp2dLFiTyDmLCjtdqCypKB4uJ3u+wkRwmJPq7R97asXp3cNNxMtsdd12mJpoz3vnnxNqxuJxWVxt4PZuVXGCvRHLEH1KKS3TCYwvxaML77bXgJ0n3rCidCGWk+bV25REtc4NRN5Jzm2aryaoWpOn/8ljTZ5e8qn0WZ+cfuJ1fe1s16xtGj1uc9tgpfMIT8rehWHAS5fWnzUU4S0MKKJ+GhiVFw2r/Nf59uiPFTnrhaozG/+PgUy4pORB8Abn0cEJJSyyFucSYbBEF9rVkUoor19PsyX51naf6qkt6M4/1gd7t+BlcYyBHMTmb5oUqe2QEYfhFK3fxcsRbE/MvZAPPI1Lp9aRa2+v7X87QMH1rMilV+RT4TsRm48bj3UzpTzsH26R+e4A732izOD2NwjYsRxXSNrOYkEJH4axctDLHwqz4x/dvWn8xMHseVal7+TPDOeUwJmbd0C3XdeKzCgSHLo2RDhzN8TXSd8HQwPigAK+O2GaKLowygoB4YcXbaUnBS1DMCOZSr+NhrN3/PooOlUhHEo5xBxVIGLFROVSJk4kyfFW8dLG7EaS14fr5Wz5Sam/7gK1+Xy/ULPH8+79SaitR0apuwvoYN6quzuH4CdwfYGVuDNqUj+KX6j193+d7lYyOVmPMDS6Ouw1s9jtWpIvP20432i17EsTdspPow0kKlPGr//sHvGGg/it3IakXhK4iB3KmumIWDnhC394tGYT7De9DOhzkkkY6PGLsMgCpol2FYobfGXQBzYohjJq5uyMr29L4Fos1ZOZjO15PseTgGlrrgxcEeXF9/e2JUYV/AaoLajh7H3jloRmNVFloyfr/+gAU1f/Idb3O+CNzlK8w70uyvWPooLoSxbpmREM5wtV3XjD8MpT2wIvbXXhO+V9vPr1A31vFQKbn+8IWwrhTsCYeiIDDAZ/ZJVP6XXMMW8P8CV8ELIsLJOPBQQw3Qi44fQyiwiZ6ntjuYprmiOMnfEK0jrQvY+9PPSUTq3pFreEImr+fR2+9jyqvlyej1hFJGe1RrtaZQo7+gd71kTi+R11jYxFiKOU35+uendDz02N7xwuevca2vRALRtKF9Ql+K+3oArXiWUbv0qrpPYtSeoOyvuq2mmvplx4YHz3w6hbHbZc7lDbP1x7WKx3N/WygvpEk+noAVKkgB+w29R6WcHjTa0OOeaWIUVuoZNPwK5PTsz4fhcoBrhK/ASWkjDjHnRt4KytHoVlXalDt6qYpkctj26TG6lLCTwvyJMABkjcNsS8QO4qf6dM3VMTjLUfpQaH//NWQBSH+vL8XtBtFtT03RdygftheDTVrF68ySm4AMIGnXcr/NmTZ11OGSCyzAusL2ac429w4SB9K79OLavDhCMsES4gBrTvC6OvL+FdHVss3t6V0lLY/1a3VtFa9RF07ZZO8xuLEFGPYRMsWv3wX8E1yYsMjIOpIuGTstNcK2fv/N4IVIxGR7wg+tJhSZIX9BzB8a3B/WPTyV649sO1+dxQE3pAuu9Z3ODXq8fokF5X5TBQA1hUxvugyfErW3z3dDxpL4Kmw06JYTiWcQUQWiHaKf25sVBu+4i8PII5eUI7QyrCRYi67useB4Gy5PgY38elevEW4oDejikAyFy05eOWrTQhNqie6Mf6SITeRiCWljfzuKqsqRU8kKaOo4ts7n15knBH3MPQRoLXuOUt0SsAK4tp0PvxrGO/rj8J5kjfTDkz+QguUpdRa6A9kthKVQyacRZEmR6wifFtstyOeRz9YP+2fFlOZUH0q5oO1fqi/GTcig54+rdiG6tK0JXEDxQti1b3r1bATIy7HmAYunNi5Bd/Cwo1jbx0nWkn7dqBlsz9liNl/q/wfKEUlOqiatZoC76cU8wlHxJTbTV0WWgXmW+Dvb5C7S+WYOAimMOs3tsQjFlJioNuXkJ7EPPph6nO6uGGIsQ6DP9pf9e9w+XrBvkutPcd5++Kz3/vnFNRb9KwZZGVfrE6BqxLIKh8Iu6td5p35YsrKLkv0rIOccb1WDHYalc6GEHZRCUmlXu62X6DtPKyKW27VYDbX4F52fSBv1nY9+7BoK1TXYnnwLyNCInRpj32imOZLYfvUcT/fBKstRpvP05moShSpEmctinxsTy6/QAc7ua74jtKFUD9azWxwEsBdNi15rVdcaU48WjGImHzZ3S4n8Nmv/l5MyMMouBmpRe3TL6nfEIPgu/8U61zDi1rZouRx/vI4bt0kNhU5+7NzAC2zAC871FhTIa8bWRG5SD9FbWLvvadTrFV2ZweAoCy8hG11v8FsJ8SC75YzjWO/lYONDMtI6ldoTDxPLn+LYt8IwNhnuw/87GTWOOdBb+7nAEGD2juOuN7CI4uYD+ukW6ypMpJqTbepaBG02tMo8WWhZ51qX3+xt/yG9yrG05WntL74lhcOhxcVJLiQgMr59ZCHu96mSD+9GoVnxmC9OXKyUBK/sFchfiB8B3RVVvnsXijsfL18jl2UZT7gY3RFO0xFYqhp3porgtSjXyUp/e5ktFRQ/TFd813/XkhowyZ/yD0DWBEzxPFPJ666ZqLdJ0gaHjbJkKSsTux89tqcgr2W5GkrO2qTTsbnkfQBCxBbHaCHYDs+mP+WabPQlDuCNp61qEhyH141S5pYLSi5g1E5/bScgacV+zutYaDyL/N4P8Q41gqn83tFeTxfg/sfEmjoHbfV98QgBVo9BqYcS/18xLG11Khd1bPEemQJXZngK93c4j3zpgg/dxa0lYlC9C79voZCf/JaZUo8cHMj3byOhdymN19SmqtrFsmLy9dyBi3jgRWOGlCSsUV7KnCfm16tmiBpMKLwjJfKEhvnfIPx5v7Z+VhoQogxN9c+nK07l2F3+jMUwN2TLUtUr5cVJe3UA+Tv/MCssO5U8Y0MGENSYmfkxtVSU3EKdJ7ziTt3Kbi/MM1V0ehdo+zleJr1IPJv6DEaao2XwezMKO19zl5Zh8n1fLi3oRIwbRlGVB/Qa96wgpu1Z++oRB/Rzv8rUBB4bO4jPReNbyMjXPTS13kBi3Recr/YcszDv8VLFV+3eB4ujJejpxbyO8i5XKGzngOYxK/LUYWU1UK//HwSLbYuNNKDlAgufajgU93KpHtBbzXm/cyqfeHMMkozDSAu2FwrrbDNuS6BrP/pwa7IvDK+Vrp6B9tM2IPlzldSGEWn0F/U959fhuei3j4qPqPqPp9KNOMckouvZyS/f+i7r2jmuq7rVFBBJQuUkQgAlIUadIREpWqlEgv0qsU6SAlFEVJqBHpNVJDLwLSixJAugKhifQaaqghtC943nPOe++5d3zP89zvnzvG/icMGIz9y1xzzbn2WnvBsmEaxQ4PItpgpZlnvWPfH+dzxRAOpVVZ9lukifiMyiAg1fKjkUsJfkJINIRVwXdPL+hkZUfEUR2M5zpiv3h3gD5VapKeUJr6Sw8nnVRulXr8S3VqaKsgLUO2vAh/hsHcMG/B+36jEAOqjaePihJ2hkOMVSqOIlQAO0ncxWFcpm9LgXXpcgt1KOE7K5jHGQYLY99zwVMI5n39Fuvwm0MrCIPt0ZMFXl9/Y0aOGUkPjtnxv4HXC8LtVJ5pEYLDatjr+YD+a12F0NUpu+ak3IETEe0tX8vQ8aXw0t92qjmTyVm7nqscnUv6Ou3Fv1noRTYaXFqiXTqCbtJ3BlyfB/kKNZ/MbODW00ctJx+W6f8+uH9ZD0ZUtMXYxMiig3bJJvzPVyEXVrvN9wHR6+MbcjxU5LXbJB5PiqUSuoxx7oF3JL8/YbX+EPJhwMi3mM6y3R7F87BiWCGpIpYCHFO9l5OAz54fBeZa8UKrd4aVHfEWXNQmp+LzVs8vPx6Y35F1mJs3nojA88PFPy5nLjtapgo4fcr9ZjFOQkb3fHiYg+TlGfE14bk43k9x/LTJDOAAtKYZmikm4WYmCHjUlR19ED/8BDZwWMLcXplH+iQNYzX//nkArGonlsskcKecn/Ad8ZWdGGPAwMsWWygu0dyfknSu0OTgFzOa+4CWZP337X9P+goTs7EQwWq3ZMXvA1m8XKBAqOS0DHlv8/f6n3ZHX3mmvlCnlVqSGEVeHBhU2O389kxzcseoPUyHovN5jpYUdKydI44tkJOzlFPGlxIyd89BTx0Dk++KfE4faFUNRC17o/UEAze4C96Xd2iA8aKwgY0J5QeJtQl7dHCtioXPoHF04gS5t2VYLG22uGiIz/pEIr5Iw13cZDhnNRktWiWNRi8lSfOR/VC7chTPC/Bm+yDl+a4+OPeFVUVX4hpKRMesGQLYES0iFRUJ7/FCL1BiEMtZlUEK++VPtzXhQjq2kF7Ugx2jMQbE8JNEAOB0SLnSMgP1FpBhq0pFcuEwmFP/0itQ/q3EQ/6n5IDbfv9wLjtxs8yXfxM+kwR8wkBSu+F98H40Wprxl9RFrD97p074dTV+kt5xB9mdsIu8FPgwCmvfSvcOENZK/64o/ybAsa+O5iwTsrAsc1QH6702rpvFjLbVM7PUgRs2bTt+zzN0W3/PvN47zDCeWGc8nHhTMwD9SbCxm5VrTsfsFB3ho7Cf1ON4g6jvVPl9aiqYXXxMCjpI9NFopZf4MZm+moYwwyOZWkudRAMS0KVHj2xGzhg6iwPrC/Qc9+14atLI+R+K65Clmrr6FSTg6aHCa+85SDn0vcp/0kQO61daGhSFOg0/j+5PUWs/asirC+KcMQ35qsVGRABZZ7ve3wQZSIKkOV1KEHjrdAs39zsGu0hW1vEOPB39dB4Ic+GBsE8HPRSpACqs4irST5T9MhAnd2TUR8XrPdfohl5vpat82UWpNTHBkpdNZW1XW5zURquP4XszwAS6FdxFjqodJSAzSxupEaK9NybWrHL5v15RFJEaBmd2mhPN2gVIjaA4BpPjQ0yqUaqoMqOFe3A/DDzjsFNDY1M/CN29NogIROUn1H4Mz07Aa4dIudOOUI4UKhY78FTDRpvzC/yOiqXQI6bJqQJijgXP5R+pMBkUewlTp7noQWNNbsfIN4+swNZRl2+/jZ4ZilAz2VceNfJ4wJAl4yfS1TVv2IP0+J53hqM7mRASpx3BoRMDF+h7ngfF+MYWwHTT/O4qe4UhzyntKcWIJDN/BOP6Golc1x/8vZT/b02lDy7sFPWPyOCHPDawYAoz2k0O1sduVLlWdiruDZ6QbqhHPqsba4XbsUDAzL1C0ww42HEulz6CJpPde/9DKRDVnTj85Hs7aQyjZhDa0pYWCUH3OBZQy+lywQd2K7gKVWV9VUwr+wdRQXcntO5OMztK5Ml/h1NZLF36TEG56GZOuqBLFDf8kS/jpiYbkXzAPifARJoggmIbYBwa1StClsXruDuFYerSnGtzVkJ7Oma2TqgH2qCyTNb978f84KaksK2EDtnVVFeDFAHxP3u4zZ0k/ulZqF35E3/5oKMucO1FmS92MDjp2iht9G3WJyMrcy94qmlH5njDKaTHdVGWIa9VgMbyDhwLKqP3U+fCtKN3ds8maNy6udl/NodBwQUQCIpzj1vD0TYUP5/NLrHPrSyX9D7CvSIGSRDFcMgidzWte/cx2Fs8IOu5quItZLTpjVfPU+3SL0PT29xU2h3S1bhvb3MtLJHxIpjIeb443KkmSXK4Z3aaVNB2/4ONVZRG6c5qJtPdgvfpyVIBb/JB0oWZ+A8+dCXJdO7DABO5bdGdM3tDXPKi1RL7ad11otdS1KpeFyzGxvTib7LYf3/QvvzHp2CsiTeT4kSAVLBc16t0McrVjKs63m687XJxZthwq/TR9zWw1hc5pMaKV93IJRaZQvfgmAiurhQWmF+rYxwfNUBGnlXVFgv6eRPmx6cx+WxkHZrsZzSfKDDtsql/fsMIjDovtnPCvFUq4bjE2+p5m3BLb76+oR3xoyMJt8V08c4ohuqaOHxXlr2kRW/yqaL/GGmzSqFzqdA5kBTdhmQifSDgdRMXA2nZ4zAF7nhGOGtRAESJlTBl9RNF/Y+AIjJl3xu7dPaSOPoCCDLPiDIBQ/6n7PzlLzUE/D99yCP9U5JAK7T+FlSEq89HiM2whx+TB2nJKrmRY7/yK8zcDi8PZ+sK+OAYDzczVmjPpxGtLo84hqmfrqYfKivDdCmx5EAHexfMAIvpHbc9iyhauLpbL+6GMjW2OB5eKn5qwws+3W2yb0lDyLbfqf5BIBYZlUqKHAW24D6OlArHyt5iuhNMRLo4mdJoxH1hz5WFe+464ECHj6pU++oOHIvVMG7wqW6IOfq2UqAt3cswNHtyvCrNIk+1p+CJjAt7RPSCeHmF0g7r/mjgsPLySsocWeDh79ejnpicvazQ866LuCIN1f2HpxPZqqN0UTwnShOcjkSd3vqYpYzE6rK4XlGUen8DFg1bCRck5jd+RurY7qCR94169Lnb9g3dvz2Xn3y6uFZ1f3ybw9c0PffmeaGBqNZaLvkPCE+wuuX/nMzn+ddkfoJfNw9BiT9cMGoSLg6Lea4tdEkmsOkTqqDF9P5iwsCCQ9BTgXfiWWecN9coFKQxYPX9UTWnGjF8jsu3Wfsvw49aXZbEgyv+pnj97w/CDLTCdkXYT3m3XGvUf1oNBQdHtNorzFz7xhH3qaeDskwYzq0R6KlSOccZ/qjIZ33YSp3a0ZakYWTQhlfpMjXXUTg3qSbb0bCqqMicQmHLSDevnkylX77EcWEHSJcau3i6mrmbD1hjDJOY+MhZ+HV27IJ9xUUvN0gIEgw8GcNRnDx92yOdF+bmbcoB7jqSBdypJ7gbIYCfRkCnQkWh5h+wTKVmM8sq3pPupw728OEFRW7qdGaVLyvk+9/jVUZNv2e3OOSDsBg4FWgteWglkbz2zzvBgqd7HS9ZVf5DjlEyv3fbvF9v/rE6yeTXu/gNsWY1+Ul53Mc5rW8M1q2iKLhJGiqnQ9K+9f8+OTzHx6P9E3yKXT7N1SajW/4ohY6nAXk7PN2uGMnAcmHggPTHkXju6ndwy4qCBM+d91z1B3DAVyQEgoGXdT0JSbgGXaAdHgzV1XY8Igmn7mP5KgSQCSRJVSlmNQZSC7i2W+vBF+4pOFp2KcYpB9AZ9szD0L4wXupMQMX6U68F3gzZfQ5qDijz+tgNMNV+IgGrtazgOWnQ23QDJ0ry2oCW482G/xwdJsAG/byi7x/DxusPbGp5iDc/3Di1ZaHnsfuqeEOZlt5YnuSWjKwC9pZh4q+PBbe/XQen4eI5bz75yDAdY7w+hvJFhX6AL1TO7UJOJuirfxRA81ssF7KpId8bM/BFgKMxWAzYd1g/UEvVDQM2Q38NNd20Um8iwGcki/OuYWpOtAR/E0Qd7ES5KpN2ibMmZYZXb0F3ZPj7sVVb2YTREE2MiYzoEWXTzBhMu9jTAfutoKX/keATVhHOPgf1RoWKYl2mW16riOU55RvKIAeR+ryfkr+D/V/9H0zcf4Qze2qHvn0rTa9L1fsIciRtIIdMINX69rVFsMMqqVH7Sx4mTer9H7qxMuHvJ6+BYsQDlaZAAqrAnYVODXWfDwucfwYVFTJs1Cn3GVSp8FxjOynFaG3CjY0xpA5zSiJyEw87p5wyDVTfs8hEOlQouZv/oGvPtpr/8fmqwQjxi5l8MlF5oTjLIrS+2jUhP9oi096FfLCW6rFupN9ydZh2kKdlwWMhT9Inkc5bNiYljBJzcYmHX/uNuApyWXC1RDVmnDPUbRb/KgVbFv3jIHL4E0Sa/xFEJWI8eURCtIJZ/z5+xk/NJQpRUxCVWDRHsv9fp8/q5RLrJ4TeFNO5cRk6IlbmvAubD+SjMfTy9x3d6dCPeKFNVlxKp7vMnkfi/HoBWiq7796WcEzkSHy/3+rpY6tQ4VVUH+RhRi1YEUyuMmYhsUy51mhmKlmj/ZBMz61Xhb0nxcePc+Eu08PT8QjmKVy5tnzFU4HFlYgcozR8T+f9ruPstQjyJ2WuKwl7Z2HB/lEf/2ll698QInCBENbPYcdM6TJec6STIvZqSWlXQHQ/Kc1ofxpBFMfbBVD9t6kFs05WPngatikqJAKoszHhAyrGzkieLCnPk89FZSML2maOnu43twV3bwWioclvPkBLAxZEA9szVYcjxLFzxteLzlDmdoAJBP6O9m7OhG2K0d2yzJCXIcQhhgu6bMS33OrK9eSCaVeIFaH6UTuQ/dh0Wc/9gbU7HrPaINtQ9y7Nxp1VsMu+XcKCV3lsSH6QRkau4FswQfJlpmCEPguJ+vai1BAdl+hd6a9RwaZ7b13qFPynSfkRP9cFQC6lq7Uukk7WDDEjSE8ekco+scWFr8wJLDl6SkFRHHP8zzoHbJCuVLvJfpRO3fqC1T9s9GlsMQuOlmHagpUO2fP6Zu0fwZS+he/BnCZehvQDabvggqIAnuo7GPgb/ESspW6Z3rlWZsc9MaeClXK0RAScHecJc6i3hC1/KCw4sb63k0zXTk9REZ/iyy4k4Wibrum43wmN5lPyWo2gDfkuZOK2UASqd8C0dyCNjwre8DEGAbcXTxfbogXVCLGydTgdFGRSH8qCyL12UdYnDlf/h/BgflPw7qJqQSbhdv4F/DN7CPeAChbM2UFQJP+jl13xPkrZCVgepn033WdnVqKwxcEK2pBvNFbQ+WcBXPU7KZKHWcZYvl2ZsSq4bMJZd2wpMKUgO+CB6vayVnN/QNTI7mUJmYL7H1icQuW5iK+ZQLu9qHOb/TQNVHkZv+o5MwkPv1+4R7tz9jkmolSGWO9UNzUge+2KgjLMavt9DvPIsPUPsyzxOkwYvJrUe6egPTJdVJt3oA0qLLr3XiFSOE/vUAx/RHrx9to5yV3S1oqef5pmfnT/qek+qrzlqoyMfGrfSvGu7HsvLRM9GzsH65N3NwES78R9Ye5reqAxQ3rlaKkwzGOB2jBM7LBWkLu18ihfzU8A4C1YxtvnwxgKmoPAIVZww4hqkgaSh+IFHLOsxRXZRXZaFHdr6H89b+myj0J035IAVgbmSCjJvSG7TSy+FWIWvPpjweqyDjVfedIVscAR1INh/oJ2I+liLMFEFZax7g9SBAO6zBQWzWN/hFTje0oN0BY8Gv4f5TrfnP4ElSFNZZAHyd+u/UzxE80jInptkN5zrvd/KvdeSDZVgmSbITUm0eAgVt5OfVJ0TKbB8RbAzmGssIoK94CpiyfN3rkXLb0srKXMqoweNTplQBx3tZUBMUL9OXhhK20AOo9H3nuRV3vVaeHrucKNiFLWdApCGkab+bfzAOrvbCF+LbrsqWUmPAuklchOGUyWJrlsIXC7IlM0PwROJM0wS5GvyrIYuOPjBju1Z1m8v2p9710TrfwGqxjGHowzHIq9+Zg3o35lgl4062wFA6YhMZvSJ1gJ0lR8ZV5Z/1PnKUADnrc6X31zz36PoE62SteGw3JzWS5CKTT81T8PpT8V005xOldozorkYFISgVZq31K63UyevfFsRv0e9dxtVuWRlZ2wiCOvz18VCTLfjZIk1SdsW6wrUaiAOz2pMciUa6sAMteeqxPkvr1mPEx/rn2s3exXUObu8bCuOF4+sl85Qwrx1xopHze6E6m0dpfKGGnzb8E1Mhxemk3E7ujwvk8wJfecW9QOano5VtD2o/lGEbBLd1gbNF7wuBjTU+ZjS9Li96PFkeXyIFWtPnJc6zLRRT9Hh+0/d0GPLlzQG/zp4bTycn96HdFrtQvlFj/tRwHQvFya6QOlfUmHpd4V98YyY9tWraNgUD73wp0ZYc5/a/B7AsmAmgQk3ZyLz4p4fRWg5YspkBpBOdB092x0mcx53gNL7LxjqqN8OgUCQU+iMqpXlXh1rpKQSBQZinuZa1X5st0BBUMWNC93PQ5x6uZIDmsnUNm2traHVoSB+x1M231zNJzZE50DVfBHq1ct8GtITwB8UfPKy96TDlmVfAjmRYueY/qelLPrmIEkpfM9dR91y689m3WUhMNJJJrL/eean/MiG7WqJ7ooITXSCRTskidylyrGYpYvnCKMOuhDzK+w944qxoLhmtSNCipNcxzXwZTEWNp0I1QYZSqBcDzRnIzpBpg4DzZFax0C67JuCBRwU+c5ESzbO2Ps/bAuKP6BlfJKydmEkHd7IQiogDUaNUzFlbFIiJSY+lTLl991cPRYQT3tDgjXFtiISM5kUjVf8H6j9mo9/CdlazAyLYexPljfuM6sGmYXNHw7QbbdUj+ofVmkywTFr+8b/hUOlxlbGL2fiqePmIEG/+IlYD81mOIOup3ANm4V6H/MNuJ/2CafZxNAMvnTPhJxIVma73yjfE3b/ElhLa04Qh2i4qng6EleS/CIrBEmjWqL5vJVek5TZidPIdf3eQW3+EEVuLGQHYNsqx6Pcm2waP1BxvDHl/Dwtjelp/YdpX7DBQnKapXvQgXiG0lT+4lihMjeMI9wZiQcMnXpzGjJi++2xSoLtC87vkGeGRVRV9dpJviFW/BQPxHIkssqgs7Fxx5bazttZgs23ST3GjaT2FCX/F0I8tLV9irv+6DU8v+pfP5vhSeii8ITjcP/L/vDcOfr6VeqTNrHQ5GP4t594rh69evvzEduSKkb4Q0NDWTq2ySvqUj4tHJqtScjHCmJOZ5chxGdnvse9DWI2k17bMrpawluHJdUi4pOQx4cSy9PfdabVtNRlkMjDPb1X+G5WjfYXVqbfkvOKF1n6G3p5Q+u+PW/X6b3Py9ChnT8UghNmQw+1u59YgbLZIrbfP7E6CDndVxzjHjFIPs9s8DVP+1g7T47+dn1bimHyISdJNVpFSrTRmeh/3wXwEgS5ukyX8tFa9jScGuS1UIBSITZf+WOdANGmwnR/1WFZjE/qAIQGGmwZB+0UTFtnm2uHdVGccODuqw+BQnNAwQ+thDgijZGq1p0KTuxcGk6GGkfX2I0To+FWHZpgyCFZVIHtD07RO7UJ34A9Kh/xUiaptxQXb/h3X/1huVa/OkNg9DOTFkQOd/R/HrS00jM3KD+909EzZyFtty2yC9fm6RW3rIDjn3MxFdx3+jxEi7nReSQUz8LF096tniciPKfFi5lahq94iJmpf3EUjpA3kUL1zD4ooWLrg150cKV3qMsu6wLsH+wmJjxsVqtrlDZzIGWH2EZ4Xh0S0wrp0CPRE2OLZqJ1qBvKGDOZ+/j2xyIEqXwgqglKiYELm12fSnJ4XqEa8KZbCEb0pASaBkPLna/GZ8NOdgnKmh5V7cH3q0eoKrtBg90NuPneQEVJf2xB/DN+wl4GfqjV3OiZS6tUTcwwucPyi5H1/wDdKh9Sr5qUKkr9+Mu8aSQVUcO7hNNnJJWispIAa0ui9JBrqh1dB5tNqkSdYdR9ba9GdAyMJpGRunAJ78oYITwPfcw1VQa4GN5h/xpB9ICOsTMUrqr9Cm7MM/NUtQXY/nblEHslkNnOyIf27LP3FIWV1jt1Q9YrMVeCs7bEGWmyMjuS98pH2SyMQO8PdjuAiDr8hOkO9h5bofb5LQ0k6MuqbkOmwFIsOtrsnt2NLFm4l02GUAMogPzxdght8ItOV3ejPSgS1vQkT09vq72Q0hBxg5sgxaRcX4YdP76FtGXHRICRmSZ/P8RRowuMCJTiN3pEz7dG3IBZENRdjtxUGv7qz/FHiT2x9DJg/lAXCnyVandQ6xNHEB7rnmxgVgeuj7uUL0Y0ZnEu0IbZbKWnuz7nZ3AU5F9u37psSHfMSv1IKX9TvhdPeygbt7xHq+Gf/dQ3eDZhNVC07BZBe6Wk5hLoaa8UM/32QVVmnvBe0MRoky0EL+CKnaR4uoyXBWYpSwDFXPZeGmn0/6AaL5TrDCjv5Xdoz99CYkNzwXlSVl68izZszVFYFSs+YHdunJRaXC59pooD5LaGnpzfnBrS2+PR8XoPyKSKxdEgmRxaf0tokQTNgDW/nxHxSbsA8MGB08ft8yTq8aVUXeDbgSgLFau+8bBA2PkSsbbxPLkklWXkzrmE221siFGRexcQLRNNFz0ZalI/WePp4lPwX0M4Eg/EaGdTEb4HNrMcS7iNLvITSl7qbyK2uPP5u5Z1VPcnuWqCrVQYeIdwZI+IyyqnFd43aJ7MYRMLE+IyOPApjA9WuahSIGZx1EBAWjru/nNB1n8a2WQ/qw698EYH7TKaXudS+t7Hbkls6X9SztfriYF/+1LjOvi9kOkCa6azXLvAy4STjOhyG5/nW7+mVBB00q32luDqAXz1RRWNf/CkpSX13MvuosmRjdqUbOxCIP0isF8H0uRkaT+t0papzdF0HbWiEp7duQRqxlL0a6IFgjt3GETFgMtaBErFZ8iPSsIkRQu0ZOC/vwqdv3dWFw1xE8E/5n30SSmUOpSVTjcNJIVrU+JhdSirib5CWuZyWmB5MLs4Cz4nRU9wwOY/u8qDc/lrcyzkmzw6ThvBqQ/QlP51DCC7BhTVimsRaF6TK+aoYZF9QIIGUb9Frsj/bbQ7oTausibBIWZ1WWza3DZI6fAHG243H3PdWGr5gMUISAmrs+AlpQjWdmUzrflk159MWxzquxlnZsuTf2ibvL7LwNppiUlWPwFOqAx7NLrl70Em1UVOij2DArLe05j9OTgCHTgm5RdqRChQulRMp4dqnCpd0gmdp6FKgtTMSAPlO5d1e8dau5/or6vHzCCilEVsBzXFtj7MBg0aBZQVSaquhWGUPaaqyo+05FbAZuoneqGxNSnga3SJPo9f3TYgPuyqMm05Yg4iEF5IWvcYV+rypjalSMdcqojxEmkotTXnkewQoaHyUpkfsbfEodp36/W1oZXhS6tWxQ+FpSLk1cfQYlaFg6wd6RIS6dV15axX1/+EiGyq0TkfC41cY+WcIjXzNcl3jA+mQHAQfSbvtsxJ2JM6QHPVsS0OyEbYVeTHt19oz/l8xBy0K5f55HMzUShKvhFpbnUe+fAH/CODBBwD3LaV77dU3YiaRNV7SAuvzIeUFre3nHrXTuj4XNn+P9+B9l/Xc/FL+Aqz1AdZFG/mvcLqEQTRUNsTLnxSSzyJZWh6DPhexavPG0k9s/3ygz59cS3r2eLyyg4qGR/T5PbEVayZ05e0wxSgiyYD8d0EQ6oXFm2A2Ym/kNlEICwnKuyLsHLCHHRSCftEJT3uugoe/bIXg4oIaOiY6gVhC5/Y889y/oEOv9J5v7jlCL4yML2ddwVTRG/u0rt9KppeJS9hF0J1EBOJvZfLUYKFatQFcAOs81Fi1GHcYAWyE7FI2w2RkSfZieHs1NZMGDwDJXfglfUnwn/nqF5ZXpaEv0mu/Eo0ddX8CDlkSqHOZGz6tEdSHSChvm3d2GzIw+3qMqajzS6NGsmPNvKV0PXEnAYI8rzQOvainOT2SEF1Iu7gWGKTNcatnCjwj296ffej7n85ZM1J64mJ6RMiqeGnTeINjXcPFQImiSLXu1KxaCB0usviRiuuseMrzhopJmPiuM7WbgYAzhDwYGWBWEic7xM6ZyOffNiv7TvH8sgl1DlA0a+mGzx0226TuNT8c+d8lSRviyJS5qxclOqdppBixUdg7JLqyljSrfIXhZiP7O+ZaLjc8Bwk4idXroSKbV4Nc79SowmdlifbV834Kr9TRF8JTKAoOE82u1tUchlvcg5Q+3LXBr7WOzjfOATo43Y7LqDrrayNKk+Nd/2Q62gHV/hfg3ZEQ7g7+xLh94UrqLsNucEDH82WBd7wyjfSjzJuKt5Msq2kGgWeLWpfy21hakG5dywyHOEPxQ7Oil6PDuR6kzDpRRV6rUeSu7aGcnG1F+3siNsuZBv5DU3nU9xMsSouDbi1e/6bZYs9GCjzmfa9m+c8j49IQEHKoXDJkAktWbtdu6QO4WKVnyad1PkTwZpu+FAuli9GGlf2fWnRfma4gVcVLnviIcVpg1KabAFZtXxPc3915HJFR1gMH6XFoH3il7pr07Yi4nWqlhwBx6hEyeYAy3DYumyxblosDgvwX399Fq0q3ZsqF3CwI9ZHX2o1YKiL1GUzo/mnSqomZAKq0dkfetgSQWuKrE/bF4zYCN3+Qcw20H4enatZ2lKYwgeWdcrDcrzw1mva8KF7nH5R6J2cqq3+YEalXUH49lBa7heNt3ty3Mvix61/kvMG5ETUbi++E6GNfOJRASdca8HLYQdpZbUTg5atMh5d4+2QK++HYOy+8vI4lZibdorGuWriSfDYnneAxONb5LSnPIE7SfLeJO/cGl2M7D+evTNqbL/eiic+SbwBFfpuiUPD8XO8y64UfRKgqXwMwHyRXr4hypHCbx/h0QiCFRd/UHHU4Fok9rNwxXS0UkWdRuvQpl+20gxar1iJGkzEzTMfrSadjJ8x1Zx/Z52pINooZBIYWe+6fpaDDh7TopCBHezgL9CyOrncCKd9kXrUn13HJ1bYdkZRlE2zy+yncXwkdX589mOpVhlKup+1dUrc2KpotfemhqLFLTqBO/NhWuaWIocEAVfitdc1mfNxj/lzqrGi358ceNbN5gK/RVJk2ZamHuGsojEm8O+ftdlg+yFxOAddCgd0R/gLN0/G5T0D85ezY+JXnM9ni+P550xW1qsG3MkFngffKVWYDEWt/Wwc8sk+KHDHs1sSqoLDSJARPjctTbXe5Wbkcql5fDxZpFesP+0PFxRZEvbdwqy28tG/csF/iOzLbIOHAvoiKRiMgk0wfmN1bjb1JC51G6mHE3Q/+/34f3Xla/QmlLyzPrZqeYxUxajeecKGwvCDfuYC2ZKx5Yp9q43t88azgwZFH2gjPieIqXmobQ4oy+wen1cX8A9Xllu3y7joBOsUV92Vhg/kgs6hWkK2HMzKAvsI0ndFsyLff/sV7uJNGzsV1RHqyq3F3zp7x57mW2oHcVCnFlnXjESgf22arHvvkNxXXrBsY81FuFzybJX5GCPQ1v/NNmxRKT+gTZbQNJCDra4Gnn4gSAmOsdGfQveVNiaBawqAytkMUIiLp42FeHaQov5gtg9FwDCV+DfHcmnK7Tll2quQMjPc5VxchSuZkFrv117gv3bcFe1XTLT5aaeN2xtPtwBTM0WUwj2gaodSGonbf3X7ZdDr9Lz2vpu/KqhaIoGcfbK9PT6ps9Zj71ua0te3qeI5dkVMn7X+qouQAPEUeXcFxQ69nc8zwNCbrxX+fT1daLNDyuJl5iabk/Ii70dZHGIRign4MXtwEcvqeO5oriAzi25NEaKaNXd8aEUn74wG5ps9sD9H8YBMLRpmq2SIPBdVRK+iJGL5mJZV9WfZV2DODEAKO9iWVeuuKMs1Ulslnr13FcDD+GmdwdYi8jG4JO3mbKmSWTYwkvt9s7hdigdZfP8MtMFUf1ov5yz2vR2WqTRXqKwXuCBdWEYWPr62udOw5WC5kgczCYn0EheGhNzoJ/hJ3J9WhDo0Qn49mv+/4VQposuvb7IhTNWYIEjBT3jwOTyNe+gqxsT1VRmVCyD5kSbpzQgdnbIXlfjUv8vZ4YR01PwUf1gDm63bkMvNZRq1DBbq/b0b3DFBzoCXeOFvgHOtsmcW9luIJ5iHyeFj9BG3WZ5MtKbWxM51GugiuATWIgruc8IqJff+cmiRcGl7BG1czdDapEPtFG2S4s0nhNJT/XZi+u2gxtENqPs+74T5LwmDQL/MZs9ci7LGLJQAMIOc5n5uqXclG4/0/7CAnyeX5AXoq0MCKfOb6vU+Dq7vOjztN2BzUSa/EDEfYiJF0FDzv3FAWVPrSYeXxYYOWxxw/rIQJRX/2jvB/QGMhkRIxXweBjBin4eYEKPFOdSisaL6tMc+A6euSVviDrA3fJwnlHEk0ROY90XInnH2Kj+cPr87DUzvq/GAvVdc1y0jVL03bhdKrdnhtXBj9xd1n32oD0aq2eWtXVu+NX9tU/WRdZfp+/NIkwT1SV/A54gk3GaRb++HwMz9td8llygQYCJL/axvxnHs/1rfvgejGM0NLwJqfTW2alLINu7H3lea60C8Z8r5gMpEUHSwpHM4jJF01alpRalpSaYxij3uZyns6kW0zbnkSdgLGmvhqgXpVy9F9VvK2fxgyEc1mLHOrCvwwyIHVHf0Z731sAE7W68tpjL6bKIHrftAyJKTWSQFl79EcQtEf3AXD1E/bXW92cQ/Y5TnHaSzZLGm9QnvspA6HkcNv2UkPAtUDBNi95at0ztzmiLUmeTJzWCHqF6JThEBD4qVamuQIfUpbaHNs6df7Uc15w9fxj3S9ViqrLTmNst3OW71N3AQDOaYwkIyNKamSEoUKZ3DOieJu65NlFXiHiD94uKnP61FQqHTU9rznYiOqDRbLa9GEFhl4GPW74BXphfy6GjYfRHWz9xAPKWk+saK2hesKFtVzvxt6Fh2qqRQzn76AGJDcPpNESRfLScAMX8YWt00O8HxV92rvkaWZHUdqZPPTy+mUm+1TNgmCpRspsSz3OixhawYzibaHYErqLFNXn4NUqP/h2F4nUBeUGZXP+LQlLWawiENmEEBs1z4KhOWNHJ0rLnHV/+2TzHgJQ7+ilgCSvIf6OnqURFidgRVT6R38+NsRZ4nOCnxlCvhtb6rEwNF0uIHAx6sPz1X/ueli3URtd7EjP0sd2jDzu3J3POe9mikn/kS1O6EhcxDRpBR3suXbIqoXn8XEwL7L+gHctka+Y1L3b+HEZ2WzyZP9prAiRYKadEpPN7j00HLhcgDLMv6GkDdqRV3k302YhBvvCcF1vrhK0G+Cij0Yb71Ava4C3+CzKXm+is8L9x9vtNm15GcFBy4vKgVhM5rRnkaH8bVSmkwDGT/7kzzSWjrg3vWMKoZ+BdEJ7VlrpVyyt7Pljke+bnWMroPWa7CzGx31moFAp9uOl7e3rK57S6bSTVJa4sIvZNCDT04VaAMCXrAzGmQkaremW6JbxjGfsVz6D7zmgjgN/kKtFPfsK31hMa4P2L44TlvUvNby8zn1W0pAdd2nW65VeV7R3j6gnYoMjF/rPkIzKA7wPZo0lQ5QnEqptkdnOqwRmwFE08W7++s+Z81aXpOJDxbfn+W1Fw9xJISXPq9NxHVvZwQD/b3KDFEqk3JzphHeJF/LYTX1xBPPk45igbLAeY8jlu+mz3yLp2AnGWVKH84WFJ5MDyFBmASgi1VQJsqGIinpDOdoVUgspu6YUj7E0OdE4anc9/Te9+8ADLCYb32/UA5Q/YYZJJ7g8dftLOnfn+Fm/DFBUzG9U8O0dmMRv6Rxmkb516YJdzjV/1t6xrRUCp5kqQMJtbluRD04FbIdt7u0Lv4cDTRqd733DtjKbCx+y7lYM685U+OCyySJBw/2vQPkmjFieIR+AXm1s6rs+CH74+rPt25r/OvHT/JDck9JqrctQZB6sHRtq3Rnzu0LqG7UvX6L56aX1FkM9pyetK4cCBvbUAv8rwvLW1rYC/LFfeTAMuXOV579w5U4t8JPsfqeIP46F7TD3xZGSFPJfDGi4eagBjVjoxqIfW6h2tq0bkM+9b5JAG2gOwBaCmobNeEUsGedkO9mpPiX27KMGPUvjyDlgnUkrp4D+6IgeMHfE94Aw80m7I1zdo5wY9cjyt4mcek73nm6R8phnXJKUTmftcjpEB++0DKUy2pTSGwnuDbvw9mnIb2rHGDvkuabZ6xYr3fTFlLCRFpCITdgpdORkyXNnuq5mTUn3TEQFNLiw9rKqOM1ZRudKYst18+FT2q0iE5LV3eKTkHVvdE2UNQjr1uCEQ+I0qj8nMLcA7xEkcauIX1p4l9Qr5WbLVPXV5tUmIum3+VQZzVgU9XJbvNmWJNWxYA3j89pFghzqcF+DxMimzt6+OfJeQXgvUVvQ1go1KO+ci7t+gnnpdI3Pl4yJJbQ1lreQ1E7O7+g8OBapxnLM/Tg++T3ls/3Dh7FwjlmwbsWGbo8rpZK83845wzq11J54Eg84fGPv19RHFmAeE/nBJ3DjT0uRTDyQQG/n9Lf+ViuDWSuB8wsDlg0np+3VjnPvvJXwAWEy85CRjM0xyWs8qCD/vboF8VUO5MbGz1vAlnn7my6tfPGmjh4XrS78mbuZm+PofkEMB5fre/q9WNY7Qx4AAltLGsxEff7e+qIrF7Dy/mknrEL47pi6F2dE3LfGOLs1c9DMjdAkuHDzKN5onB1UXmjvUUlSDf00iBLa+bdUqZ0AkGnfLaCoPFcTkXtx0k3qyQsbuy+nE1r6/GHguphN8vLPm8n7N+eaH+Xei0+0OG8lMpv1n14PnaKbsatTiSqqV/4aK5rtOYGKVnBOWDdXhsw3W13SIkxsAlPD1tCwm6+inK93GxHqeUbLFDEUEQQsykm/P1NaR248xjWGGyPaKoDmFNgaAwPbPesV4RX09XpOeTlgM8gxTEnMqluiBrFi3Gr4NPSvs/H406GW8BDwoFyvrGIKBdIvpCrjvEqdEk7iqQDBtLFYKjYU0oKghY/+32TFGrXeimUfW7wpp7Gbs2CPkKEFzRgEXraia2oBLHgf7b64jz/DlcS9Yu9BHc2KiI0n4tsf7WH7l04KCgKi95ek8BP8ZrYYuWgFaEndBwjsvC4o4zGgoCGbjlcDPl8vjdhSVA0BH3NEyojKouZnvXrrd5ubsWNsBDeww/OAo8bL8lmppr2LKZKkvpgJ6xXnyvt1pafPdxuMz6DhjVo22pVPdLWm6yYzpLcz2KpMZ+p6osqwjIZvbbomcHMdUOyuYuB3ZfAts2DLgB0dnXXr95mip671Lmv1ZLfvhPNxirKZt91Br88uLVyx68Jr1DLfA6ZMDc9SRnH9vfNPuDIcZtCvGykHUa502GjTXuh46MlzmqxkcATuK3MV3iG63HHLcntu47rKcVhHQIOw+vLK98Xp6tD43MTWcrlXvM4G+XJp2p7bXI8ri4ua//CKIFOhNOydAICxrzIUTocNMBW16PV46deulavhI5czBfLP+7+c76e95p7vq5l5vjJoF9pHMbAXhnl6ld26T28C19QTaRRBPVmrIyEzKzrjMVgqR2iJn/ads+qW/9abLtDfPP5ii50mYglFA52ke3j52wvhdUUiWnPTWv8obKFGvBZry7hXobGu+lUExqOu4gT6/4T3lzS/QEz1J0jtADhotqIZPx5Z6eBOyzs22/J/Zl0Fc5F425It1d5Nu2SdLdmT4LL0/Of56bh4oeXLcSDkdm/ywL64subhhqdAiXVzvLlY9YiCBNNHUQ5unWbeSIcHwAWv5qKCRnpyETvCLRrq0LYbpWIeSMZcQn+xD76Dx4gnPzuS/XLc+obmIDTyNnMOdL/Cf8vPaXN/vMnRlccSJKFNn0plw4JUpQXkBSzDbXMW4YD0srqAthXWk8I2ZY182/5YqKw3n/R2GW8jkguiDYVWux4MX/cjrMeD7eUaYTPHle8iLhuT2s70fx/mANZ5k6ok4zsKvPW7CI6xqjkrsJzK1B1n8/pp353zsLX2E0YyUkHVNgtaOGppEBhzcaAPmVR9sFzA24bLo5KP2GlErauv8vBq7olqxNPFSS6jbn22iNeHGyUsyFL57+lT7vKan2IqBeiuInwLR5oZble5tgptnaK26fSiElRg3DRC8Ok15LAhikKx3rl5FtE3+blgEnnV0+gMgrKSTx494Joc6SNeK6b5EzA25ew+EwK0lix1citQlKVOda0sTjnAdD8+7nYnjrVJ9dheU1kpybbpwuKEB6MMtf75DjvyTtYRUEtRntuzbuqGX9tr1p8gPZbfh2/Pg+UXqTkCguYHrme+Ol8zTK7Uw6S75yfq1gxdkzj8WJfQpfy6CMnzyFn4bVadw0J9Thz95MecNP0fJ1jR/cdT3+HVv+YiglC5nTehU1S0V8tvsD3m8zLjmShfUL7PWm4x7feDjuEwQTzdoR/MkXeE3HwrKHgx7zGL53i7sftyo3vW2iI9PGP1s7QS7dIiWnKIeRb3QtZm80yOtZ2L//mPqh7qmvQqcNEdHHEez7NpCdtt9TeMJVu+RK4mk78IevEsL+m0Z27r8gSULm+rc8jC8AdT9+1ZJix5BwkXtVvMoEglKTgxmexXpJfN5laD1BevkmB7vRwi1ZPwmTZtSoYTLvZ7Ss3GMIjcDPzzMMv4QNcaguRi6Vkon0yem+ylc6iBXf5ry9fS5a9jzgx+n3jSTj0y6cJG4Yut0Wwzz2edxJewI2kaVZDuW95w1w+8MMa4+OIm/90sg8HWdXF3Bwe5Ay7tTuKyIUOWcuyr0dK5kfH+8Cud0ZAg8eWfKDWI6WTf2My1rfV3JoXcDpYdvykv5U42ZmQdXck/n8gvKFj0mXjYLPOJmdR3uqjPwP+JjBZbTfbNI78z+y49+WoNAf0RPZLazVSeznBTwxGN0kD0rMS7hesltGkvWAyyYYeldaxRkCIwVUbb6ns2sdJRcyftY0FFukE9JfwR8Og4+dtRgIyTHOR19//V5ZEKk3IiM6HESvnIgDcq8HzGUBrfEFiQsLURweaQjAiLlFiuRZ+viYy9/6Mxz+151WG0tLKg+IFEU6mOxMvPvHe/cforqjnCEJzIaD2vYn9f2qsmFcTNps2Ovf2ach+nKzeXmZQEq0p56VYFlfTHyrErUIjjs3QwWTFnTSvecVgZq94w50BKLvd26cbZW1jIVc20mayDh4vEFiRJFOnD7e+zsFkEmg9gknTb3RgX4r6FoP5v4jItbEPTJZ9bmc15AgIr3kKOpdTeJ29a4Jl/B2E3bJI49mVnY+oheO+fJw9Viim9JFVaiTHNj83NUWfHOM7JH6xQP6O59hVnTefWPNTd1o1noTA8a8B2TcFqGxw7Sqldq17n85JZ+nBI/6XXXs1amJG5oo5nkv9/YClnU+pzqL9S4PhGcT71G6xK18et4z8n0hIthxgGeKgoH+kwbSYY5IOh+LlGdbnW3h7rKHMdZPTn2Np40cUBfc62LYTioD2CqEHVawkzkVpl/9sPGj7ZFnW71y/UINClIvdwy2fWy4oUgaKN6MPR3OAOBu5BmqJnd3clvfrOGvPxygAhiYwlaO/Yv5+wWmdcQvCJpy998QsQihZsbCHH/iOfaAOt7kGDtXsr2TyTCztTy8PcraOtGb3wkfnm/6R6TM5fl0u7917t7D8/xwg2rutW2EZYb2TTjkq6pXtzH7jMzro9PkjPE7N0Zvx3mgsvoP2+556Y5nETRzWgUDSTsZrj3v+cO+hn8q6AuviFz5DnRZvLyIcXl+ai+seLKXtZ+0Dwq9Avl6lbee6Y0EOutoAOnv1PgDQsWfxH/ffhAeaOj/+exLoRHbVwxgi/qtmBVKDNwaYU218XaZE9Rn+cdd4aUZ3jkSxoRBXmj2AgAQgyOE96p8NSBpAw09ysILA23DZuJTGRT+32v+jNzgIP9zNjJLzuR6psfRjQXhsB93eDi+ynWMgax4Shrto8yMsVL7eJyWOzL0kT62+49N49Rzy5WYdkHQdaLvozstS2MpsVA2ANmcDDt4qXhuRDtoKbLdcxuKBWxInHsA4JYM4EM5wal9ADzpPCaEVBHgYbOFzxIU7KbbF+0iM9sTLuzc0tov7vxL6Cexn7O9toa4abPUQfJgajjo4Imzgg6ZEnyQWlF9zMLgjcSTN3eL3excmoxdg3/QIdNIvlSM+XrcgYe8fBwKpuHU3r0Ah3Hjcj9EP7YeFxP0dJo16SHV5E2cwFnwXbpsbGJFZyrSvdBHqekxMEE9xRrg+VRqtW4sixkBYtcZt1241rvWCvrq8pK98cyzO4KkS0dJ6a/VgrUdt6MjM26xGRLTjqUGjaE8wwc2giiEGo8Mdqc8P1VQjyHydLlbw0geL62JhpgCtIj9q5kyoidvmmQ40yoVeQuF9AJI1DbnupTJE0hSR90sKh/5DaKG3rGXXPwWVMjuGFe4gWJ82jJgGngaYnrb4HLO+UgJYnjxLqN/d0y0vceQvWy8BeO1fFtgr9Ouc30U2RPT1Qzz38fLv+CeesbWYxDSp4iCBpSYcoI4D92xtA+E26xMLJwYd1fs9VPs2MTfisS4obnP3HKpbF02Edj1WE7/dj5y9KXrVAj+Su1nYcYtmaAyD3HEPPTSHq408se10n75VC6bCU7X69TakdXC96//gT+RP+PkoGLYwy9YQQl09bnCPs4eOvVT86suwpm39MC5HA/GRxAGqKz/BXhP1UE81gtk4p4vG5E1DIEcDr+R0lvKwYZcDKsgFMUzEtJoVelFilUV/OzdfgBsBIq6TKSE9cHBrZ32HfdNLDqfno8ui62A06RQOdnhhQwOt6/0saqLesBaayC+ImMvFWPPBDXMgPEWfag9dUoBxxoi1giF/LBaUvLupF+yIuJkCWUVohpr6+wJe1Q3v0xVUcROzPfVfbAEb85sVT6HnbJmQMY8eR/F3DtOTbnXiVPanQL5KLHckcn465OwBY7eiP6gdxMaMZdgD/+yHU0gGbRGVUP86bjOoi2HMZ5xG1wwF54oON3apdSjAOszrcnXmzZLk7UuDAJbgwVOa3qBEcYVJk1Jifg6indsJ84Tlxco9LdezMtMuoaHA29GzdKj7+JCjWmbbml2if2eyw4qocTT8Znz7gj+BqLOzoi2ZiiZY6K0zauRwjeiJZy3TIqIDCq//5q6vTtX7REt2v6P/LPey96jRgo9ihFbQVsa674o6N8N6l/ObGPvPCohvwee6oZ3LNR0QR+KKjj0SM9Pas9UMcH2d14bXjs/epXqKofgtGWDzZOV8fp3Z7v73ZSt0rrQl86UNt+uE3fTw6KAiDeJzTsM1ms/kSmpQctwVRpfgUN4J/ZHcO2XZrnM2Rfj3Mz8fNvlxSOxX3qIHdFou2KPDpfrLXpYyUmjuZKRtCQ0m7VToKjoJE+qBIOfNJn9vGFebPvt6vKrEkJRQ6BflsRl4OwRPKtgV+TeXXjl2//9WLIuTrxiJPueZ1y1I9oET9zCE8HGV3su4LIl2TV0UO9ME3WY3Lvnzeud8LY6Yf4mjikmd3WY4qM2r2MzHaZM1J38t+Y6596mRKvhlQgA6LWn/4qwMvQSBeCKSuKu9p1QqSl09gAIhhEh/Bos1I74cf2aZrl0mrQYaKbvljPPguR9pFihzO1Q61aFDGdCk5TAnltrSrQSHKfIqE/W0rpftTFMigRIG0AH251wJBZNzGGJTxqSFbZ7PpBuBumTE7JcAIhbccLeFwm9al77aai/um/I3HNpUm0cW8iddwet7xOR/nFOVf10xrwTk2Re0/hek42NfVun2hNAjfXHGr32IQNeHTS0zvdbNLgisdCoaql9RznvLO3OBnv3zVtn0sgOgxdPjt6xhh2ewej2i+QGn/NtcErXTTNd07TZl7L7t7HRVIz58oS8BgUx0hXWjx6VZnUGSBoZJTa9KxmjHG3SsNlaqHpOH2Uf1saqRd16TXqu+Zs7ZD/sv0L58+Px9YH1hbX8DydaX4azOJ46H2nsHZGamXWcv2Au16bcACIo8E3aYsh9DZdpj3cp8FNu5ivtcQz4lUuu+RBy8NGXPfa0YEm2QY94wvrr5C+OzYVK08o3hGyc411S+kVyXX3IcGReq8i1/YrdvGwqYjpohLJiBoRl3JvE27kqqkVSe0QpvJVP9Or/EuHwdka12J5d6cnOO43zpyMU81QyQ38SdXZrszzQrLGkP4CKoFZn7+BL44LfB1aZMuFyQCc225dR6T8qnbYC7vxCAnLZEJVJVBrBipB/GDyEfkBS+RkBtmK1qUBYpGF/HJcbgUtSrdFxQWdl1NUlzBFUjsFZeIeftufGnJAy+ZmAcxos8B0LjYrA/ZO4zzT4jBk884wgvlkLvYgbLMjmfp37XpKcVWoqcIlLxWlGTefJhLgnJZVid8lWs/HP3uKlETMThd44XV4pFfWw1/aICX2xY/ZPotrJ5gBPtW1GV4y7XMdWVWTSLl9q5xQh0LQ5DBCdgRVFTYgyzijdM0rKSh5lAh5xSm3poYzQ1HhRQmD4kuy9ToPA4vx3Ht58MhzCN5+2ZSVR21BKAIF+MRHki7m6y6BqAg4dl16qhyqIdoXV5K6RnOm/DFwMvj4TBlha1PEMFNadfLAYvr3EYWg14t7H0sObLuzfOqMiDaxUAAzY1pQRj1N3HpezY154FpOtvyoYHosjLaQbqaZ8PeZ02jJJd/JnJ6oerTRNF9V4FYIvHLb2SSr/CgH/75vH61xJQzFqXI6/1kVCjp1q+NzTyszpfOswysSbeqlOjNL/Hb97Z5pEzDp1ENV8znL3G8wp2u2NRs84j32X2XvtVRZPMGzbR4D+tsEpQ+rfojUyb1+tH6KivvldfVJXGT5ac1nAntJrxHMTWrsY+xrs4Bpemdu9tO2pHVyOf9eBg25g3JSwDJKdIBmmuoc2DP/xcm578tfrwIkPeK+ABOnNgbB2ap4W4zgYipRK5d9f9A9yNK3FvxtWW8bvfRBSs1PsW98+bN2Veiqihw75GIyLKmnjD1y+Oko6jrSWAlt29+Mv5cAsfyuLXBgnXKxc+em9uldL69+qT71U7fnZnZaxRhdDIKp0PtJW16K6ZdJi/FsMn+/MHePdtoB1cK8nWz+HjvUDfD9b3oOeb6QseKb+9FGRSD/XpGLpTsilsIbjqVSO2hEnQOmzRZcN4EkzTM4GII2VbUcbIsy0Tu3brCfG24/PEJiXi1exV00AAm0p15rkxoiaGHj/Z+e2QXXvSdtI8o3U4ocDL1Plotc3t1ybigamTrzX79R+6oqkzHo7PMtzxZWMSmItKsKz/N5hB8AZGGZRIsIi+W5cgZ9UO1wpZa/rNxpzE7y7K3q7xFmos1doSZG52YrzMZXQvITipIcc/d3rfaeloe/h7L736MBEZzt51tSHsppOlytAhmJJx2B+rQvDtc8ZLhTrCHntbq+OFhMNeb2ZkZQc4ZF5tEyVYTQ5+ftqckRYQQIfT1eZ0wwccBaGrTvQxEQRkGC0YEE7UaN0LxwagxsZj87/e767WbAjnhsh/udGlxTHT7vV5ujS3Obni1Tmq+W98PykfPVigriSXvsuMRyg6ROsP9EHdP7zGlIKlvm7nrlew/ww9KvndJzKNFvY24gW9/dgV+iaT4Lj6lKZ0n+Bhmx/Ul2hsob0xoifs8hONASHfEz5ouCqkAOSdH1hDnlJFSK7F6MQX1C+Qc5yyEyhFh8Cj0YOHGxFebkJZMuBWjfgJ+HbdxKgIu6DX5XX6a7ihqYzhWV27Ijpg+IGv4pfdNmHalnjPTXHRhiKpYpoFWhom5TtSJuNxaK7/e9u4+GfjPysBSBKLa0PteXbLueemAXHVN01nvlYpTOwxERQ8YVDRX6aGmgHQs9e1DSpQs+0AEH7hS0w+Cv86IPbo63MfvuKVqCI1e/6qbLQS475zyHHiX6srkGzgu8KzhmD3zyCDXB2qGeOUliiDDx3uib3TgEfm9LeOEX5vpjqmFpzYGHfG/z7Bj0rWEriLlWt4rjwJ9hhnNY9jyS/tZOYTIzvWaeUwufp2nFbc9SpeAIGJOIi8d4dYC/JCZ0wjLImaFpaenhNyQiyHDynuHATRdKE6/cxcpfbmvXGxmv1BIUErBX5LiYuxpjFHnzoSCr72Cy73ejohJW7/FNoSN8pRBp6FSicUxZqow0fiagLYtC6EOidNmW7mzs3fv/Enz808cCPFEMM+4jS2dOqbunt+61qoMSqUW/0AT4I6Zm5i86jIgyxrQihFhcJKeyv4qn/XWruN0i35pSggGuLZBOPhax0oL8uLIT9EN0R8WgnZWNg+VJZIwchHkt5dwqyMH5SwzuYnJQ7GJysCoMQ4/0DXJfsCtFrmSD/Jn9U+aVycLAfir4p+ddaXL7dgJtQm1gdYfvPjQjuOQiuzRbvT36F/otd+3RNO2haLsEJYz5ML1sMLnDBDSAaEg1Fk6T3/jJXOSa2HFx2KJmmVTfSLdFH7svpgzfrSkUcGndahWazwp54FeuF3TEUCQTiVpV20GySgFOh/wwuYfD0lYGtkbaLh24263phc5FYVjEVaLzB2DzqnJ7aaJNStFtK8300x0K0BSWLOBZP2LUpNKUSFBuoIXg77vszBbUaaUOZM6+/8hTX5vUH10YEmq+lmjsFpAkVvd52/t/sfaeUU2227ow2MBCE+lNjIpKB+kQlKqCICK9CUgNPXQCUWlBSuRF6RDpvffeQhNIQHrvRQgdQgmEk7xrr7PP943zY/ueNcbzi0F+PPOZ9zWvec9y1f7ODBVrr+xzCFWEiTvt9NcvbWt9nLTJjJhPLVPvnk2L7+4paqArrHN7xu7dbFwXQLzrNRHOUfqIm0tTD8Jx+NXfV0f4hJS1ft5+xQw9ObH6ls+drrWJ38LRzCOK6mmIqdyb+jgJXqHzg8FgX/fpxgX7HgKIjGex0tYq7DpUKG2bq8lwUZlYhWu1qkGnhUz2pzfB3d9P4l/+zPiQ1nspYqoa5fM+eLNKWdcu8up+103+JlHI8a7VOIHkaM/v3UTZ0aeAZ358isokdxrOrQEaDIMiSlIuTXEXNYnU76Ka9kZiEn3018Y+XQRko4iZHetsngd7/for7gAZjxlREx+zP6ifKxIghS7knbEy77ULBdGF1HhofKWS5otLzC2IOFXBp4GM8fKuAdY0Ilza8fIQaUaAHFW7YCaz0vqLxexT/bymhUHfvbF/q4/A1InqI9J73LK1ex6AIqW7oiLauKEBH41giG1OEyoXLLTX9QufY4LTgt+xzc3gbzV9pwlWMv5KZs779RLXXczui8BOhuzhb56n1ghpIOtI9gpJOLziFGmD54xMkEvj+Ft/RClMYnfIolBY0Gzpd08a/qB5DBCjmxSngRfvQ4dQpRXNRE2Vy/odwgfzRb3sFwYXR02gDbQliAJpgoPxozMyPOGEZGqnLbZk3Jk+1jHZqZWGTG0wTWa396ZpcwPVyHrJSi53sFEVwlvTuuDjY0qHdunlxJttAddp9786GK3eAhWWvn2Pke7EfGJ5OFk53wnOnRaam9mZkjXpZm3SIeUL3mYJ9GFjvjuFM6h/cBzJheibSZCNkLK7KO6/tL8MejhM7oSA/h522mc7WvJSZqtX17Wbz2lFQ9Kuqjay4H2frf3cb1FGBAqagxpnJZmbijxmnRM8AVs3XJbNNT4aqBUnksXEnW20wdse6Mx83bYr2b1mSohTPaOwl+rSi/UQo82CAS85mah/5w5eQ3pcHGy1qHEJk4ssrj7O5tfoqW9o0YLBIS/5q9Vw4KFhNQ4fvF9JJOu6ZiWB+26+UWIzfvyGXm32XoxVT8B1pX1/MJ/whNiNcTtuAv+oeVrCuymM6vN9gvdc9Yo1D7O+YbFGTxfsRB0OAK1MRDlEslwbuHfbHy7OfgvhGrL2tHvUOHEFbPYLbxNenrUXksWQiV8qLjpKTT5ASCL2hlV8vyecdlsUsJod+C1pREWKt8Ne6os5iPW5Zmdq5Xgx2e6uLceCddmZ+NOS659Gr5QQohvHFRGYDt/HK9p+wwPx+jbQlaWcIFSG8GN1NzNr/HMBLmOf9SIqClk3T1c+QnI39XM9B3E2dFf7sKLIUynM9/AHdPK4l9bxoJ43ovIGcYzlUiz9AnCxvtG0/2tR2WC5zbRknWAUi2hWIAXOwVM8TX1W4GQ1volRyOPIgXhNu6etzF7uoQuJDNxzq+k20kBide+UdY+Y+BwWT2snWFZ9/qnjUG/RLKPxEWdbeehDP8cOXvMzjby6yn/0xcIX9pwm8OfP6TX9cJKj6SPZW+eFjS8tWkUTHFlF9aEFkOm3XFPVZycx/q2+VLLaLhtCs4cq6I3vs/fz9hmuVsOsaAa0QbAkGpke6u8AvpjXiU8fs7oePNa3vKeKjO2zUGw5JJCxd7uVsyvrejpJK/RzmQ3Mp+OZNa+TCOTFIGzWJYqi1RJqXLRufge6neT29o62x8lmwLAWx9Sn/zm2NDH93f9+sQ29YDknF5ujDEEHPNZrN3AcAKw/Bz2a5rykr1rb5hpuIqmEHXAt7UiX/yau5XXbvmQkkXVhEO8cx3QitDAofbbe1iUv7dzrRZWkTpzJbV+/9VPlvERVmxaxtwRQr3e9hi0uh56yi9RRHGsGOzx7VdD/zvVnipYmv+olsCr/X40fsV1p9NFy8nY/VYRu57EjN0wR8cyLT0MfKGcCwy7l+SEFdGS8u1y1pxVUGhe+pe1HKkvjemvYqhJ/GxF1N3Yy/tbdYDo8OUrz6eBoxQ++Ks62bFodaOo1wGZ59PV5BOjMekrJLsVxsdHVusUJm4iNBlyUSK6m9lyWexo26U4Tlezl1yRwsGEa5xgdJxUorCYtVO44ymcQg1scAvPdIHZkTa4/1ex0aonjCrR1+NF4EJ/QSryq7sHJ3HTyGPPeL57Rz/surzni0ZuzGqCRBu3C6lfZ0p0e/qbTr3gF5dXxuOywuzJCF230hLV4FWXhU/lu9fvoLPOM56rJya6a9N4PgYt6mX2RqFQSj/EMeiqy7TKDl6pGoRsObNTGfpsF0ktjnos7rYEswYMGWVIdk2H8IVXMYjENt6HRReGyg6UrjaY6bnlsWRkkYjLyIgh75tkhL403dcOZLNd0dYT8LthcMDakpKId27p+o9rmS+we3ttnq56ZEWyt7auJ+q9zzf/nEIIPJg7DTQejr77X8CnXDMM/AZ5x4GAaJReh8PKvvQNUe+l+ZgPMt2Pizb7589FoFLnCkLT+KfIf1HgXGHdN19GGFTALNR6cYoF5vEHYAzIESiX/NC9m5rGDhW962X1+36EYGtlM714345UvWlCsQDvIaNF+DnHHJve7z3VKRXu2CAnn0oXkhXcqq2ZLA8EPGHNMvuaEmwgyk96SXkbaiDJ4ttMdaYV6opQpzLo1efwOdSDMtFVlf2tvYMqU2SATo48Qp7ShJXASj8JHEUzvSfle/Ez4Vw9XvaPS8wU6jdhHk+ZZTUHD2vi06D5R4PFa1Dw+mAO93t4kcltNdmunv2Ajcb7nk7+wKd+FeVBB6cKeaZFRZc/KMn4O+yZk7JhrKq9G5oAQ2Cg6E70dGIXd7bT3jniajSy721s5cVvGlK95Z3doAG3XG06X8K9qhqc+qkS+O5OezC8LAGZxmGz3tXnt0wv8PT0w9ehSjH3d8kPTNrfRISGW0EuGCjMNiz73jAvR1K+SnTq8iP2Vemthm5PKzps5FVcWzrcbZYm31F41M1lsHCuxviOQ6W/dASG0bfNciTR+J4EX9DeIF5vBUXBgei7ahtj/uuKp+XS7Bb34qoefllpfrP3LpanlaON7rOVHha8f64lWxaMr7cwASRR0c79W/t0wNrN73EZ16yZKVr2x8KnX0Tl8YXNQbGUyr7Bcbgy8ar9f8Uc99BEfRQyWs78dKW5yXJp6vssk++ASZ5RCbpg12cDNn+WFNNZDa7S7w+Q/Mm1FKx5SkRaWw4aGkl3jlrIyK8wG8UulluqZ+GMtA58wZGkn07cs5uNfrGdDg12GVvDBKVel9pIWw9VBmMlhtiYfPFaJiSLB1oaCMunSgPGNT4wjt5PpcSofblh/0uw7WO5Oi14YrJjLaRrJlbe/83pI8xbAmdxWMCmyxvuRscTvZMiX10fZKo7sYZLr/AjUw4zvp5o6IlpkJrjjA5hcBul/19upj5a6ZZVbjIsEbPaWMApslnYcajAxf/ff0soNXBBidY1AARI6Nyt6sJ8mmUJFrbtG5zE3+W+Sm5YsFCQqPr8nFuGyby0htZcunPbV3bByuMEgpn8jANAT+P2YWuqXPJYQj/YoO9sNtBieTOXmeqgoBwyT51t8Rw4T8m8Oz6XunSPoECw7pwbFnBeQhK/N+KnDSuNuDJ1Mml9FnGzDqOkNPqQUz0uC3oWt+rSa2Ga7lgku9Cc4XBjgfePL9jGmZbJFOiXJotSy9z5/26xsGzEN19L+9bcHJhKS7udjkLTTDYYmK6i+c02xx1ncowlC0sZ0etDwxAM9WaYsTsj35TdGThHJkLyRpQgfdvJZPzHpffRQibleibf3pPAnHKZSXtcr0AI0/ESS3XMp5PgEGFljCt3K6Qwat8rjuZXMKos+DeiGeR1JLSBVh1TmT1bipBJdh1raR0689f0qvaLE54+MReoHE11nGEkdBK0IgZlKmaPUMWnB2o++WgIyN5ei5+PHh5Leze6vUFk9EE9O+IOrIF4C7x6WeztAc3FxzLa4MkfIhBSFYYKpdEjG0FQtG+4QTUrn3gx5Vcey8K16Suff/vSRIkqNI3vz6jjaNubXAHB7zkO/FeSbm4uqyMzdY+LcPdbNb0Typt+KftZ5SJSGun6PGRSbPZgfzd5YEnjYykqt+brhFr/crY6b5NJpxm9xyK9FDFqbC5J03U+C/NZfsq0gr4uC1ucGs8s05DkowVi9jXyC41NpQs/WEfZI2a4BqfII8KEVojY78YtVWtB6dtYpbR4+9zX0SvV0WvOau4Lgfw37xkQvNWyndLbKw2W+c1wfmA7RCOjZRHzHRD26V79WCmrj11SoCOUtfS++/sPXNhBMa1W0fxrkGOQbs+mWbF7p1HFdOVC74ADAeqnKPRkycnU+WFBEbOjeguKHkZTLMaox+giVwlsIv12tlaXVrWMA5a2bvZNlTx/pESn8PArH/tPh4BvuiK85yWJFjWmjVsFTUWPz7yot8CS2NLXNDKNohXiLLeOQ2urEgE9t6vGl6uSTdiXOY9YNFQGVI12r0GWKqkAP/KFpY3Bz3S+rIPKDcQaTboUQUBE+SzU/ieth1EyMIQ0QZ/Z+S4JYLP/c8SqouGxbSywI6nvszO7yUzDYUgy5EiH+mKt5uWPF12NWML+49y8b6+6zNnXgzRgjMJjvg3Lzq/OaOg/uEPMWPRTB6X3hu7wNyFTSea8HA4KCF54LcU7oy3CBPgx/wrmEXWmLpP4KwFimYuDfuwDMXl/ZhpmUVNpPBLRRjgnzPL2o91J13iNWv6vy76m2V59gP8p48AVZbBDpvFPa4RFAKfB7arFHAq/ojSmsQbcagbAy4s+77HyCmCy7HNSSawZVv7e2lZ/a2Yh7ro3OJ5NxUHD4nenpmg0Eto4k2N+pRQ9XLOg9sb/TXm5gX2vavm2rv7jAXURFbPLayuXfLjyu2yjJQqAXdcKqbm8zNIWK/skIDpyA0Ic08bUcIi+k2od/HJ/dQTC3KIYbv6mVv24zHjUTKZH6fMT6ZobMu8Yz5NygfY0+w2JISsR6h02hT/p/7UoYiV3XkF9tLZIe5oqQEBFYYSRq53Sw3+NHFZ4etGWBBX7JS6ybYII5ANFeEyY+GLGxR2PvFncutSe25RWu/E75HWzyRrcHBtA5fKu7R5PQQSLvk5vjS7LYxrhrfsClfr6TIRJbFqwbTfUV/LXoSMO3IWZBS1NmfNRwNf9O3ukXTaivzZiOjO0PSoWPPsFXqyMVru4Tp1H1v7JELv325bve1lhQoxeVxrk1JT3zpBZyh+3eMyT1ga/UGW7neJD/ikOT4gsYJ7P0w5kl3S3tkbotqDixy0iPFeq0uJh6k/drkch8praD3XdOd+n3RUblvcqnM2MXW5DwFx64AtFQuWYLl917YuB7cpDlw6o28AXkwT5g/Xvz0dGTZsUXElb1cZ79X1M+JXwRM4ZuFq/YcltdUiFlOu2rmp9/lOnHWxMX2+CPnRHhqTq4fYObKY9u7q+DPRCxOzTJ+7dYE27ECDxcvMWcdw05XMoBZeagzrjHyCbo8m1qFzu5J2d/idoNoPo6fPJtjUiFNXHws3olcxIsJlayVdy3YvqdLoYKJq2ZdkGxK7VPvMHZerX66IYTzaEf6/5xBIAcv18LuobsFVLoVpfGyWGFW9CRdg0iOj2oNDfnMz48a9IIbsGTe2co8QGDwX27+paJB3J6V0ouL676Qu90tyl3HJ1gNCOub05WROV9OJu8fEEOl96121qsHKUYMQbkN2HXxz2UWRIRCT4nTMurStohOOTLqFYNriQ6RgsDx0YNrNFQrTi9YhYkefLcoqw/zWBUFYbe/n4gnKCN4F2VLJodfjB7WaFambXaY7frsJCFu3n56FfNrpLBeftVP7/ql94JfWJ8NJ37MbevTe2/x/poB9sM1rqJL4/Jy49K+OIKYj2f/s9PgmpzfMFPuy9Sfw80XHQe/7j57cdl5ztgyC/eDhtRq3CaKNQA889YQP1bivU5QJaSp1ZdoRnjsEmtEiTW+4lSxVtZ50SVcyZByBcuhIi5ZAx/bdl+Ltw1dk9FvVs/03A4jX9bNR/yhbdw2bH/RWSmPo3Aoau48bP3IupHIYsDKjf+2mMSbP6KhtFk8ZODG+9jzHNf8rx6dLqf7Z5oKXgM0wKW/LR4F7E3PkqWjj/+uQxCsDh9RyTDfQ870Sc0uHVpm4s1lNkh39JeeQi6XkN6icUJAHu1YrLyvauc56K/KDgwtLAaGMZkAL5ZoBZ8HM2iQ1PgxxEYdha1lsN5d9JndLMHT3s0tRPy462cETLSZ7PUKN5YaNvjMHyekAb/9J2SrH1bvysoohARY+gmT+DOaE0P69lGo1hwxHiZsfxCXfqqQuxJX/F8HGNM+mweSQz6k4EWWrrJhJFYyDmnCVpYvfYrMk0p+MBdn1ROvHa/0sBGD2QHI4lZwnvMIkJEQwPFL4slRDCJ8Z0dA6Cc2UMrm+MAVrcdYIrRZGUGi6b28roD49WiSYeal+PHIIdGQP1px+QDH/IoH+xacpK5oXSbWFsjBUD54iuU7HrQaEnwlsk9Ru3IVBKGyI1NjwsZyM5u1o3rMJMcQUtMNWbgyICUXNVL/cqg2zj3LkZsxl2Hr+Mdj9n4uGXcg7rXMegaXY6BE8FgDEOtx0bqN31A6wy3Y3XF0mrIXT9jCZ9O3cvPJS9NlQNnuTwBQ7xWiinSgvu90zI44+jQzqORuu3gnqK6jF/uY2aLh20rLAUmpbK8QIPGqOCk/rx0Kmk+qYswb9m8v9KrrfNJYiRhizTwrKkT6ZVNCY9Yc6ze5QVM0TUK3hO9laOdFNwWe7Su3fyCRr3o/9iZBT6VXskffxKakQ/+QnLUU90d/sH6Rkbkt4d/iaQ+trmRYfrBBLhifUPQ9v1t/RJtXshEDFzXQU2+s4udyq0CLblZ5Huy4E6vAt374E21EFeGjl1R0YzDfuHUY1tXKcuBuFgcr3XK202YAJVcPIdk1cpYkwAF3cb+Ydf6LOp57r7TDM4CBl/RPk3FbMj3swNPFp8yDAt1jrVdUSgJOxhl+MT48XrE6Yb/3WTfpGA8xnQv72FN76Dy+aDudLRKwVNRvjLwWk8z0OunRV9amRADg4vAsCZ7CdvCoPAXawdA879Hc243wM5PjXw1sehyHTAwACZlV6ao61yTAQpUj38qMbPjpYFFD5WFCOxhouDXYWTc49mPvkmf5N8UmucUJJdES//u6rfJ/AUtZHfe5L28xVvDVvq2j2JUD2BHyK/1pKvmzZqsSLeuWiV/m94K/UFjfDieyVLIcmy1tUFs0s45XALzE4d5HtXR1RROTBi457S3JUs5Gux2aC/MXKwNOu3SjT5+wAKXcW0qdqoPrPyr4fgny3xE03nDktLIq5JjH2wsN2vxKl9cf4mhocZHHwJBtpidbtQ4OD/R8f+Z8e24WuOw2XNSoOq7tjmiw8D+hKdGsJp5A6gzWnzENxnM7pyPpvaccZuVn9+1Ms7mfzq5arVPYB6UU6cG3R1wBHWE5HJ+c1+9ELIMZr1RmueIMdnQtmyPoZ0rHZ1C8IqgG3dKd5abW1SFDTw/nbSWBG8WWQybE7Dv6byPe6cM1TeYE7eIMqSuUw1KQZyf+C6HEfsD99MnuF9uYHq+P7RGDA/dn+zs49yNk17m1NaXexremwH+gOyn/YkW94X0OzxRBx8EHaeHhw1Kq8crXBfsf+Jy7UxoOeP8u3IYKg1/PJYlm4nvlSDzkaTyyf+NzsYfC7Y/SWaXDMbq0WY1DKGlN4tklGZUzg8p/+8rZARaNByY4eq4L+q44iLPw/sRrHNCMQSfpWKUzdQ4hGWwdyTW2vgxF409TZZErqn2DkoeuxWK9zWKh0k2uexGBufI+txedgkHXJrKuaCUjKy8Teyw+5zWzk9d1cjkmA85PYEGoRsZdbH1ZX2SKrqOfVpt+ruWwyMF/Q2jlQbXpmgdE31FZsdAq5utT7h5EUXcr9mhpydOVncofkbrQwacxvA+1npCwBNMaFy2405/0WUxv8zKZsh+wGbqTvTkC8ErdRe8lwxnrPbQsmS6MtihfdOzgOvVLova6leKWIqa3Ou1ypS3ip7ahJHE6Lcph91C1++4PAxQitUr1y6wJCeWW93rHreOnt5qWfvow967vkuZV1RqhmUaiRG7N9ML2ZaHBz73D7a0WpANe7uoPXp18cj0ULaAURu/WDrOW/zbT5Kfq3lTutNOrwvk2Ei75XNcInCGi7R5JbpKr+vJT2AtbiNF3xnZin0Iya9wtAAv8yqizqequPvaxgcEtx2z2Rlkx7ioY58BqpY92GhUV3xwO9RSzt6vcqOMwdiPV3qnK2qcoraHp0Z3zKKu6UPVpdGYI+JGEOIMDbFXyrQ1IMTrmJ7FkboJsLG84forEcHrJnvh8p7Radt/nKLyzGHMdKNvf5bGZvZ05TXd3FuEQec2HtcWt1P/VrZRnZhhuNd5ZDDi/mAT0g9WUlDlT43H26H6YWyLqK/HawhI9N3vVxRe/qJOlVCo/iSe8S7/DpsF5HbJD5UljUZb6z72TMHNbta+e9EdizEwhf9j3c++DXHdD7BeGOhtW3i89tO2BE53MreqUX8Keg0pgbqKoFxhxO0srzYEVj+y3iFhbByCq/NHRyztpHq/XPg1kU+nfsvnUht7piHQE/hU1eTSCqbnnRSbm7vZ26aVPc1g5fPxVQ3fTUUdvi5e1PeoCGS20jo/yvcyX/q64IVQEdmbmzMrCDsOCW9XRon14J3tRxEYaZxdHHX+64R1h6Mz9Qbm1PmU2VuhF644mADOriyIL2mVfHOyCqdegcj0rWY7LHgE67CMq9GcuzaV6ky7NUoIslOSvbKmsspnidRa+KxbeMAik1IEMxuxY86RZyvWV13cUb49NdFrIf3lLsMJh5x5oxW5arCvmDSEBaGtwTojOPNrqkBlNddr6EEznbpD3vnDPXYZS7tYt5U44RVhjycNGXolFEw0dy+oQa0u7z6MV9on9HsRWMb20ypRsWFqezhrN3p/TYAPb+ex1g+8YSUVtDVduyNWw/yOPVKYtfpqnaCo6QJSwGFKfVxK2yAtB2HvjRI07xyp1ZOavlBHkSnNH8+lzH6Y1XPgVL4ybYFCkWqIIcL/pN7C/Hc9OPt1DalHMKPMfeAZbYc1g1f6S4Uw7oZ0bCq38HUzkb/8M0AuAps5lbapL791/CXeDkLgGZ2PlzqzhLWZ6dR5OpgH9fpf5MoCMk/DMGDRvsWniEUVczeg0nrWRF81j+CewGFMR0XHZLOs2861zOEbqwKSsUqf3wwXR6vzK5lgr8AMjOjISAorhkIj006/cCZTxYiTalIprecpr2dx7WI05E3YVxh9kHkO+sG+w2+h3z6uo4G7SCfjMKLcGjsmrwnV+oKXZ1Odx0uonVYYeuf1dCYFvILYWGL/EBv7rOJKLs2ctkGP8yFtttJHAyid8p9tjWp2VCHa6Jjr0lSKoD+L0wDzq8FHbPfi5WSsr48ry3e1sSY90FcwiwX1sYvA2mKz3B52ijArDJsjgiEusYNFsVm+SYHx60Wn+SGAGH1kaZb+GmfGRXrTqbWJVfQMrSx8HWmjd57j3Y+ojT3NuwZwk0B0iNsn/v4R3pMcr8hGmel9Se6KnyrZqMptfxsT/i9wxuEXIAYQuRNzwkgKvcRxdg6Vvlsqt5gtdZaubVYmuw1F33jbO39D70fB8fkhVsh3CJkwEbCLOMjZROY+avlLt1caSRWU1Z6OnGCgqwLuCc/orvA0F1x6Kxyk+3EyTMDo559sFJsTA7zv03ZbO2EIzUpwqN00P+g/vtvc3k/5qg028lUk7Ura7RElHctjTc1822LlsJE16hzO8HtgbDrow7egyBr2QyukMqUSWxwEmX3NB2kedqx1Ofz++e7jh2oqI7lF+0J7X/0fw2cIHxy8KWj7Wv3U/DcTcSGDJgVLrPZtFKerOGVu2+30GqICGv8nE2q6tBizd9IlyBz1REvwiDdsOE34erntY3WZLsU7CX6wA064Rke8+IJF7zDXITjoaQwjOxP48K76ExfI0i+uTfWw0zwT10CmxUHh3Dmc2ApCL6v54vNJzMlFaxbGI1GbYKck7Q89oxUkVX+6kM7PhMgjtvbj7zVPP1aiCqG6ZOj6OeeuNnPPGgr71ve+WFcq7xInGQBRsadrjnw1CPv/LRvaRif6JmmCz5aKtZMJLysLQQrqQMMxu28umyd3ZHgNfYAf/dIbMvHKL3kK96p9WDnQQRpvW88TPKd45Uu893XS17LPSAFqXpcyDJ9/eCd9qKXsq2Uip68UhsfYIKTX1wyd45l2f9fQpXmODDXDNH0hEOpc+Fdt3JJ1oe/eDjeXmrCm8W7DEALCHlZGC3eDqR89am6YvjQVpjwue9ZTz0Mv9frHk0v0c9qBOeOfeZrtRb/xffiDHoKHOyzErnDvYw1cMMlR3rFqBFyhwvrWgyeKYJgJs9zJAJfZrydCXPBgGRs6kdyHbukpH5DZIY0lhhwLmk223DG+SQ/UhM3DEckHq5zAww3WgSQQ728AW4ZZ9zJkL4+/QvAMeZsLoARSYl/Y3TBcL5J0zpvPfEiB5kGktOUUUnZ2he5dYs754btsQ9Vk/FV8hdHtU4aB+a4NfxJtZ9rphAo6xVdp+P19JeffhiJeZIfq4Diwn+rhTvdYGrvJOyUsY8jyS9C8DoTgc5tlyhcju3FSuXNkyAHtTwR+r0NiXnX93fPmS1NP7oqYw65W95EPZvzRzj4/YWLXFhx4w8kDNuC/KAwEWl8ZUDZbuzLwxPYDvKLDleo8BdulvrqU9VCQ20wnzuxdgoZviIaM0qGZCRzCTNepB2tBvzAK8WUKzWwMi13Pu+Y2oJUZRvjMhzr8C4LD5jwjXZeYccE3xEQR0rZOTsav+KmzxhM1qA8Wvry8mnkpnUEnbP12aAkVyZVsApVcYBxWFxu2LcCHLdEHFu9pyrvt/L6cFWObI+vMmAZkNBNw0SLjOH+f3shM16YvspQW5HJQOPC9ATopjg27NIUXt/uvnj9s/DMRIvIEvd1vJyAPhMeo+4+Qp+pv5MGkYflVxaZdpTrWUnaZGDiefl6jG6B5Jd9lOKGKhbVwyQDAByH5IW1Prd5R+g3/xRfpO3xPx2tIE7piAz1bSsetF+nbGJ0OElD1L+23zkNvobbUypQd8cEVtjR58c7x7RuGQ+8aXN8l2m7kh4WLxosMZ3NSx9+kBzUw8ieya/NzNf2tGNYreBJCdreD1VydQ8htGFEzwpzGLTw8EPxSjRmt7+NNdTKE8A3zTYphZgRh/yUZloa/va+kQ58nfvg2Yv22+gV2N2700tSLFMp9/n3JOc+eK+ucxEmk4Mg0v65U/SoHOm1Dh9/eQvXTdy61NbKxNzKKi/OXtJaqBFXaTyyB1P/IoVTnjp793QaWofBR6r7li4+hxtSbnMzPbShEOtEAlfP4sizI0+CfkR00HFWzv8gKUtczTjA2r+tXkKXBGlRN3taFQKQtv5owgIFDTl/1XCs0Mlh8Oc9YX8VtLYfZBhIP59A0Wuhu+xUvknwN/3IgU3/3fb5ErLEc7lhAyfiZX8sbdv5ef0+tjwtPxdqFzXIBAkM6/Htx3Moyb6FTKDOYJu+pCiO3rI/QMDKLNcRtfJHn4J2JEgQp9Fa2IIX18AVRWowxxJEBUbNINf/fE6Rj9n+COP9+Bj8SFxnKn7dx4Jspqv0XhB8DyTUHmFNpFOS74msOognACPpNmxGYWPq9fUHe4wVQX97WlACLGsB22izW5axzN/aFbyrSmWBaePLbEwxN6ECMeAGT1xBCZn1e08RlyF/D8FsoXPqQK9l7iZtos6wx6E/tNrIbIsOuTutr8gOkbp4jj8XP6ln5c3QL0rjJWoBKDqcLS/ukKUjtcPG+TzmZe8PwSMmwzzwcoJWlJwj2068LT/eFb2fxw06j0phz4TCGwXgagPJ5XB4ZTpo4SIhlqugU14TUKpFukYj+92n7822Zsc3ldwln7PBdFrlTMDJsd/e57pdo6ijPd6AQteUY97cT8pvcxs75g7Vr9IKuoUPP8h4BKNuyznppLt742tzX07ysSeUaLtRe0pmozKyi9Fs2bv/9eoq4DbcemF1p3aavEfLba9D3EJ7y4OG5VUhZyk1mkWBSteYDOX1hs88tN03zDznJvxD+UX3uAVFTzBruSfI2quZHiRqu0wJ/le7Z8OvZ54djg2T+sdG10hjz316/5euxXYO8tc7xm4JmAm+h/1qJQpt29D1WrLaUfXNxTOaG03az6X9kg+rVainkvyCnPPgXMBXxLUKDWQ7bT2dmTf1Atx2e4QMDfUc3lsO+aHAo2c7HYGkQp4NSm2hWgLYg0hyjoWKlCR1ZuxeSRgUK84R8Mf+g7rxEjdY/6a3IbDpbyoF6iybFHHGpCzrH9zGx2HtHKjHAQrxJKYNtkEVtQqUdYzomZ/lepiunX6/K87NVlbIODwJFujOCTjtsLNv1kX9l4XOfF9tSp/kqXbcOGWZiIiqKddjgjTEbvoO6K7r6lzlAPH0a0CRl3wN2e/Oz+ib8Kejid6amt3Yb9P6Vsx7pT/M5/2TBqqo5MVaRiRs3MqViHVcZZR4BZdvJCn5cyYJdijO/XSsU85GO9wEVqN02rLAXPvLGeY0oJ5auc/8aBxVYtaJLBVcGVy/Jp8vzG/g+/HJ0T9BsKafJG/RBtm95yoYHxyjSldK0LujS6MoWUwOX4enL2326oE4HUrB9+eVjJoCU9TbitLiDkaZovU198elo8px1Or1ACCBIxOdn6GB9FmTCiqoNXq3NcQtk9mFoiKw50deXqCcG5FmmV3ZxaxTvCxPJxN9m2riZynqYlXkKul9pBFn5Ihvw/1n590+c5l/7u4lrd/+9xPM1IEibmiIlrAYStnZjUHehHM06kF8Ou93/hF32UDeqLZ6mrahiZY82jYziby0xTbbNnBgls/SQd9CC7+r5K2HrKROJeYn4dxJIBtyg/HaaX37CB0lrzS/Z1/g7ibvKCCi0szE3EVqIUXwAXM4ImW95ZyCwU/K3mJgaGIEd17yFix2ZaMvSP1gIVbol8mv/dppwCXGxJPrFa+C7hVha/65oCSUZF4v4DZ6lARORIYQncQ/yRsTub5qr1VWd/we/+SeecpnoKVQiBFYTRmA1++aQdBkF/se8D/Sfs7sGYRZjHgqqtaF3n4fC4BLM8uzt6X4rmJdfe/ThT78MfD/UhGIH8fGaZFErf4kPD7PjjnMemMMrUL3ATDxGeJVT6Xzh6WqaLiQ3Q+Jkoctw1YrDXP0EkyPrQyHK/HTY86XxZ33JYlvbApnnAyplHWOj7GCsIOR2yd7CxGLGVZ1Xlocwgzib1zw1sXvZ/JwgwQjdBqpdpOkBIFo4JwIbwqXuC2vr4rwmC2zXlD+vYDDSM/wZ5TnD0abOA2S/Uj0NPT8clVoQGXK25VYmIo1GCfofOQ0F0WlWiUjTuVa0IGz6il5fweaKc4oIckdQOfiRL2Ajlb9WiJNnF/nS5HEk5z2932zd7XD1eGUI44mu5BNgn5WJVSo9eN10vYhxU4NM5oO++vkwHAJBWv+tJJa48i8lsc766s5479dCbPkvFc1KKV+ysWnvL8QnH3s+He25Tl2zHOZr9sDY4nV4uSwQq2UAOjXdA6FeAOFAJwjysTbYdrclp2nmk2GYuNn9+OF4zzgzvTw+4Pov2T4LDk3W8+z2QVHg9CJFtQfyP+YvxLnRfU1IP1mm2ESqooImrPGrBM57J417iPBOYv1PlAA1sS7ZnYYiOWm6yII1Wr0ydBQW3gOBS28uZj2UfOEiODyUqOty/3/riJkf/yLqiIGV9na5RdXKplyH6sc4oGnhZq9FbNcs3oWKRH82jXicLAE01gd+suAd+5zGHiZ9+uOOQWGjmZnniL/uodl9Zd+Fp7JFZkNSBa8TT4W5opkPzFD+NGmTPnoxeYFw8eUM352yEdosLwpsNWmV8p25GVTQf7UUtxv/QZ37fz+x9MSMMtn2ztwWYxpZh5UZpP9qquKQv/ubfQKMMbaXwN/rMCspHcTGKkF+tqjLYLu+N1WrbYDY28Ca7CKuPnxubsaX9Mx/KZWOSMSp/Pfc4gV6Jq75t953D5zAp4D7GNxf5LDS7DfFT36M1AJstcrv5YFADHW6io2VDtkVWyPh2qT2Wu461Azl0Z+rK0YK+LLpyK/fLe1ijv66k7QRZ+iIqt9X87R6GHXlbLZptrsG3ZC86h388qlH8rwqnxmFq0u1lKgZZrbjx4aH2AhQ5IOtXIsIp/Gvm6U3e4OtlMPYZMLxE6f6f09HjsXZOXDlT/rZT4+obdLnO2NesPTEEbXK4kKT8FPt1x0hYzmmdlo+En6Rt76UNQHdMzbhWww0lxtcYg0OjdZJtnIeWnCo353t7RQOeXBF7u4fP5ZfnllWBgEMrC5+dnWROzYbGY7ac5fFqitMxTEoSEsVZU+Py2F4FmIVh+Cor3xWljQDh8Jt1karTCGgzSGFMPnOounG5O6sRitXF71eo0rH4woqqZucVNM+5VJ+i/10Ps4PZ+JUzDbVb7lvzZ9jNF9rRj2PibPLqAyiWrga2LK1k0v1KbxaW9yAilqO4QuVYzgegrPhoprG2yfZbkGw5lZxKhG7K4OIGayVzoTkWPdzzCwl+i1Di5Wsu63uIJ4SVxrVqdabWOveR+KQUczcLbY/3BzC/U8MMSLwqdeOgsx1mYTPsbmhvjDDTZCjyyzia5KXousq/aSwpHAwkhPFnbu4apHVy1wpdag71isWo782sdmiloRV5XFeKTVgYWvyDX+AYNzLD1TXqOKzWhifPNFc90bnYpF4xuztpLCKGYVzn8AgLWtxo11TMiN6DpmdE2p/V3PYKmeBjZ+I2wkGtosUGnvVJwqnShCuQ6+N44/7aczzVUwCGBWaap2XJjmm4/3GjnuH1SmQumebraPY0WA2o4f1pB4tX+i4UflFKR0MTM8I/kD2LOTxP/IHGNEfyAj+EJE7ELpem8F3jZQtzK0o04H+1yctMpUS4aiuOOkVQCQW854TaDYZ2Bf3ym2h26pyAD/SgcKkVhRrwssENyPgZXKsn9kERyV+VlKKbg90/JqVdsNVa3b6lHIfG/yWrWpMOcSSBqut30y/FjOfQvM8BfemACU/PkoVWCZZQl7pV/c+u+drHvUEfqJLsSri/aaj/Vb4Fhksgrpz4WY3I2row4DJrmqhzK6zuykXQh8z5mW5Xu51TO0ebfIC2RWrnzBcIeDYXHBHG3Bi2cgs7hz4jDzgT59m5odf4wrmP4oSTsU74a3s0JpnK3TjeiizVGHlrlucrRFULK1x0sipgcEnUlYLXc4PB9iHzEQHgFqbh1zKUrV5s0pQCDnQDdP73AzM/pcfCpq6WCZrdbXuc1L80BtPStTYwKbesNrpJrKwcPZn+XwVPqjNKiL8wGyIlv1ZwAS2hV+AIx5i92yZNLCdz/osMcRiPC93epwVddxV1nTYVxLDQeKXfk7d15LZ7192XsECYnNfqI/CRl8+SoMaoI2BWUf5pkmemTNntYzNMvZD303IaLrE9p+/M7v5iZr8j584TqItakbE5tg10mKG2lmcaCxv0FheiXGbWOPvvXPvOA7wgV4jSdeKskTPPylOYXFskklpXXzR2heNFWs8jAqeBWI9LH8BMWMYc3vb0vIEk9cNVgD4iTpS1xUM4YMsmVc1ebRnUhnZ4Krcz+W378QXllO1WuTnoFDyxdSoz8ggVColkL4th9zkGcvw8DYXnCp4bNztUP2ljibXVCCjbVV/9mrSDjiTS+qzmrTbQAOtlBnUFTd4uWUUW9HkblY8jhD29VVzmcSPbZoMF4rWgNf1qyEne8LKSuJK1/4TliGdSgMdPHCbNmYAB/TeKE20+GCV+cbU4Zf4NbI456WwQrRer1ReuJ6CWTFNp1yxRExX4sOT09yJwRDCG4tMJK/QbvNknHe3bIM10Cfq21aNDRiQA4grpkwCeQxZkth/mSgoZLOhfXSAVHld9HOt7U3oclsKWC+6tW0sKlhpQvoMVuNHPXR3xpDkunadm7Rm3iZcLVmkPsZDCC0pUn70/AdtERrvR1Qe2zPumMiqrfXGDqpRmBUUzXq6X2mSWWtyNqojfN3kt0ddV67s9UEuCQgG/5NDc4u6q3fE6Y1Ovq6GZV88wU8YRt0mf+bjq2aE4GtmI/018tesaVYpJ4XdVxl3hQe7mZwpB+bf7ceaKojnRclDJpvYpThNOBv72hw43KPBGWsoIyEqm2SZ8EXVfA+BogodD8fMQWn7pe5Qw+hfWEeE/EV/XQy7pOmzu9TV+XUivu/f1tdT/QJ+BO5lfyrvZxRd5hwnSo7V7WgONuQa8Uh88R27CpI16y94SdVed/pQfy9cuBMXqSzt5zoTIfUCQr8fIkhlMInQRR3oZMs2FRqtQwOyRh57bo7jyJcSvDi+ssr/OabKvb92/YMlSLz6cDnB4sOHpWxmXxsjj6FlAR7hLyi5VGHZLttNpBDohSF3R2yb4T35BhRRbKx1jlOyAgZmrMxtwK+N/C02doCWlOyyhotGs25rD8/cyhTFadJyjkqomE1YmLhjyBs2t31LWEBQCGw3Wbkg6mw4KEqVhRa4xll9p6KBVdL5VRNaHOTF7x7NES2gX/c1J3ya0YPkMjox1712LnzjyCDUc4vYvi9MX3ce7mieWxcqNiptvrOYRil6vjWBUef5jCCdStog2WJiar7a/Z4Qa1sMzSj+0ZG5SzwyOSPjstecGIYrXC0IZu9VuYfppRTiz/Z0CHYrkaAKifBUsiIZ1VMINi+RirGhFEWWldhDV7l2H2O5CjfzELqQqRZp1NrYBCtmCKx8tKW1GeLxlJKs9gjc6SCzfusnwPKVXNvvVwb+KlXPDiqoYfOYORsoNFg1UIUCVEmlzl4R5ohuLWuy2niTIPbzLZrRfYExW7EeUCsTJpZ1aCNceagRM8MTIIkdXZmGDBac54Beb7xP0BltlbwKVZoG0FITEON6M5L1Eif1Hz/Cz+4KG7TJF1yuVh5Z69kwI4mJex6QpPc8oAFqPTz+aqGXk3JaAom1rxyeypM3rItVXAr7uq3Hgq2UFUyMs1EQQ8WPDYSk0LcmwewXS2itblmdzSDKPFoitmo21RPlZKx4cbjFNBTzd+yeJi/mMvg5Mh54i0ruVutl8uTp4CH1WyfA7AocevNrvuBBGZdbfwitqNX6e/CRw9BO2/NO9HjdXz1MHGZQDHab9ZDBBRI0rlUl67cu9H4SKmar25mM5RrBj2TKXq6+uc7ipN7D4sQdcv3+bC8XCS34z+HiGXkvCZF3UVV4Xd4qEAk9kQvwer5KyZbevlqfth+eGOKG7YdsogRPKw3R57tLGp21hOiaFe21hhJ76y9sJrPKWpFg5bvQn/PpB2BpHMF4hQP819T06VD7iszYb9OIcxzOVBmm6IjbaJO1SZlzDey5eSOpx0CnoeHpefHNQAJHqRkBmdoAKsOdH1UU5HA0tx4mL9GqJJ8X682KQ24RVb+oMED4oS8fah2DtXPbltDIPwwHxOD9Buaq2EVWRttJtn4zNRfcf/gVIowgUe39B97AKXD5ilCZiPTQ98vVoaAOXjdBhrVinrLPa2OJBvm2WWAlmI2bJQWdqyVNwXM2u6Xir/jajuLJ2RolO5hMeIk2iCtiAmulXMyk3nhuYMSyOzUKRH2w9Uj+q8ys8HBNhcKsgmkSOgLMSbo3+N2veWjfRfrj+2EDWWcejrcvVsoAHzkRbJwRrHZrkMgfgJH70S16p2X5RsN811hKVmhBfHUSK4tHl0ub/GsOHPcP968Z7k/i5qtk3feYKg+B9he2W2Y520ldCM1RB6/L/xECTkUg4FsPRBYjamOpXJV+xb1Abd7NFQ47ThJWsMqkTrkmR9k6rj92AAJY6hn1Ci6Ya+jIrlY2+dkPT7f/Qki3r95lZ5P1SdhWtZjMC3J1y97uzTxZejK21nmvcrMoPIk1+jxvYtkTXvmw8eV1ipFvO8UfizNjsoAxV7RxP47PqQ9MB42HZ97wSn6mooGVYA6ObhK74TrxftTIxSPgQWewddXDmrXNUijLxqRLznDHiLkHVRPjTpQVn1W0h2LMTQnYYS/AParWvQa3VafOeVco9lljHNXKbdA/OhlXiAZRrmiElPXGi2zsMDdUF0rp8P2V9OBDJs20hLJ7gJfcJqaXVajOJllyP2gsMTzflh8dp2DJR2NJV3PZvb2+sskL6cmBM29ThyLxa1OXEUctnXF4DLYzghFUD/5egMAjfwujfSrOD0v2DbFi9Lj0wJVBOtvjYoyhmoGPBukvNJkyA7koR26B8i2r844q3wlPn9vKlE4DFToVuI8lgK2Rfcrj/hqPhNkOFhUoUtysntbboNOqJEK+ck9w1Htrigqxy6KTRDo1SA679fCr44p/DZL5HyHmcyJiahY4NsuUKvEXbox816NMd/nw9fu4PDJOZYWczWmTlRv6u4omWCCmSwhxoghJ3uXcsld3XWWd9MSgVGtB+3Yy7nYjip0dbEPTeTl1MeC4g3diyYw+KUf7KfQ9njifh41NUJHXr63LH6YX+KOu1jwiobYrYEugGtla2vkBvO9sb4/qoPVXFzimBp/MkYYfK36MMClxr/PxMNOvq3VfL8bAERa+vsNDh2KIuuyEwS2kQVrF0YbXZb70recTjitH1Mwe/8QJCFnI/R2YL1bXf3jLIEO7kfQIdvoudENfn6EslMfqNlOHm/FbExG3hWf5UhIvfB6SDVjZg4Si1sIeOHdsHG1WI00H1fI9Eq3FknUDhBeMYiPLZaXMfN3Ppl435MqwGbBsnI/lzKIcRhYZOalKmoQL00Ze4tfbueJE+RJ7PAU9PhMIVH4fWRo/kHRXW2eRpFjDCMgoMSIW5Ak0XLhiSeW+PplWMRjlCRnaCe2s+rkAmKklJu4ywedWOgnnu7TqwCPFbHMoaq/ZEbrdqsabTmxo+bKLxBjPfvT5EoFZvP6BxEM6SvcfwIXce3vqLpIt5LcE0qkHIl/E5oRAa6ppYFjvndrYB0j0Lc6bSRIqljQhz4/C4MxIzjX7JKmNOCaFjXmrSHVKyfPT/QMfBtuJ2dPEvztYFsro97+ioL9mgacNZfvJY3ojOevNJ5o+/Yha2HlBi5rR1qrxcE4IQ5I+Npdn3Ulw43oAOQbGcMQZ8vwA92MMVqJkUNcU9HFyrJKyoqtF6bWs9cY7TfXs54klQw7t7PYUbhCYSFdGsMTQkqo04QNAyK1cXapBTbPslKuoAsG6YdIpzQ32uI/Prjn94zgq8OnWnNqtahT+e2RkZBsI+Rch71OMZXMNitSTR2EowyR1DV4nvXds1wXNATqEwbAhJyUaNgQ4HIMSSK3DoCPCWQMkv4ia5X+Cewaw1YnERqbLiprnSq7Y+W73oO6RCcJnsJ3wQvi0sMxveLkHa4Xqng6LmpC9qnjMjovhUM/tdAcO9NIO9VigdRhVu4N0CXI8KzcJNa6Y3yN1fUJ/ZdzfMMhskioSuFTCTbC58fMqddAqpT2fIM/VafYlCcWIcMPT8vOQkqbz3JzeIlAMgWetX2Mp33RWvN9POQc8/lRni2L/J9hBjK9+Z6E93lrCHyflBdX0JD76vHPjKQwlNVy5MvlJ14onr2a/Yj+y/nl0y3N6CfKTxL7FMOoNVYDoJvItrWmnGh/4S+Jw3sQGPGLWJ9ecK7jMC7urKmuHTJmcZeMIZSb3Zhld0aDlQC8bYRzZrdL75B3RSDW96mbXwODl29KwH9m/5cnLz0muKiV6fRbSgWE6NGclsRWN/uUY8vPd31xwyZm83CTq2ZlJxkUJzcucqNOx47v56LsFfi5DhLx5mkDPzYwvwOMICH3rdIiyaA7oOVuzDO/lajb4pybC8bkbzfiPchIlcsKPPfPdsHDSKZWN2jK+YNs4Qdfsb3HyGBS1rRWQxlmbJkmaHmhFN13wks3q0TiNrdCseDbVbsH0xMrCEZ/WZoCwu/cvhCIEdMQ+PJVQkQ4Hf+v4q+e8fDJmgtzdLEQTttuLusded1Ta5JYL2jOL6raiRO24jBy6YKQfUc2pXT1f+d22dfl2cMQbBt1GEfqERm2uCAKGbsoclBn4JzEu6k/HS/ufTxq6bsF1qRI+w70hKaWL5lzRwyOtDhAtKSNZ4Cm6cMPP7QY+rFb54d2vpFP/D4z8cvW/GPkQgZET0FX4c6/yvd7rQnlrEfAynw1z/BuOkwI1P27KMiFMLqO5vTvutrmMu8+8hw1YLKKO2j8pqZYSV3oU6jtOs2HgX9urVRkGK2s831SUNpPB4pmNmt9BS3be7XenXWNYTYF8zHWXrKOGOJlPkGqSnsx16MboXpElYXxmcYTvKJlEiw17V8pK1Zz7F0/kmLLZ+c0dlEafh8iPnb+HPe+qoBQ9belq3OpwqgwStY1dLNPWPDpjGfWNkfzo8ySo6/0lpma23gcj/yAto469TvxxhG3SOTcAACAkJw/cpg2JpuAWUl67xVlbFncMa1mRBkjuhySGyA+N97U48K7e3jUINdzPtoIeVMq6u+g3nRcM/y34VBJd9leHRg9+6G4Ea4BwaFkFrMJSq85zW/H1RkWd8wi2EKNJH/9aJ5uT3M3UGdviOYctBSa6c0bKN1q5Kkjtkij000D8uoYqZGutjmzXkZJ+sUvlu4mHJ6wTGDhHy7ZvzienDkeT00h1nh485b62JgMosaG3hG/3AKEz6sD0990fU7MRRWL1PwouFLSE4OL0jBBc2kXaCEhxNU7mg1K/nrwbhiejIm9RGBEnD050RnZMOv5uy089nIBAkkN0uOg55GQw2DdVVCWnuRPXa8YY0xUxjrzu9M4rBkUFFmze+mnhjvslgJEHydLpBRK2cUtFd5IKD0zChBn2OQ/M5ce8SDZbBeBkloL1T37kYpGe7kjJzymNDV3KYp3sBQ21dYwL+YpQMvOKRc38kD7WYLddZwbviRg2lhLMkCMo1hxOIHxYMy4/B6OjvAuaZG3iVY7QRynS2Nh/dmvxN0Jks9gVkxKvQEfZ3ARjf+ZzEvyB2kXJY6Y0N8nJHTig1/W9kI+eBRy8JAx6wRvA6uZh30FrFXFiD92WT6xBAmYSPFce93Uq88iZLEiXlWHgcO8xjEqEzNiyGZ/oHkZd+rBLrCg36evgLDQDtMcSmMltnCjp98i4vwfs0GK6Ou/5wlxGR5Pqil/AFLale/Wy2e1JZq1N0rLME6x5FmXd1wpnJa5RiPcxp1ZFWRntKgPsvLsk6JBpQVG6DLA0xjHNfqxnf+GNOcOcjonlgToJp+RaxH/glCSv/yT6hrmN0a1oIRWYuPT6eIrmJkpN0id71nNRvMotzkAh1iD9WtmXG87kovtS8uftp6gXLpnXzKhWmOkWd1LKEks+eOBpkwLH2sStuCXAHO7rXh1FBQ2OG1VQCjYAChohqIZ9libC+ZE2lmopjo3mGlWAE1ae+ovU4cH1GVPdjbfyHLsk6Q9r+8WrzjdKjq4+ebZRiX4vA/ETuDX4NiaQw2ZbhWPhMHLVwDVv4mSMhnF8tnZm2OoughExajpju+7dm4f7TLCG5H8CM5JtCTEpVYk/Z2OlNlbGFRt58nKVMYkT2WnI2Xor9XLeWORIp1PByXGS4tMOIGaodQsDEMUN1m3CI6hBt3bJgbZeYjiwJVF0xUkJ1mnJKgVc7OJMLjtZS/5dlCSNq/LYb5SW9ep4VzE4nsUD7Pp2c0iB42MP59ZYA4+U1ZUm3xLwyqeB86+B8/I6OjHmMudD92OYsQW2XOcVsAdo/MjdMWbkmpXHx2jd7S4HPpneAtvtmh1cvT2P5K+R5g4mGzBm2xezCLYzXPQwaISc5AAAmR4ieyryhKhAEZb9j0hHG/Hksc6d7vW9tbqIKCTWUir4LK+yiVs8omZz7qebJtW2fKyXGO5WlIlC5ac49z7WRwNR3Lf9wwMjdEPrK2X97DpcREf8hoeGbdATYzR7GEdHjzN7viMH810AUfZjxHzVb7OG3UcU8iJBzDautYg+QW499s6nSilSw9sJvuIAzK2i0/kq5/XTgEU13ve3CSkcZEWrYlQzwQ9C7h4EOn8vTpv2ZpCKhK2J45Ez9qhNqArKNYrTqqBFwc7ZhLA3kaw4zUH8FhJVAFo95ZhncoOrEsMk7ccQiX9UWSKy2+BgfQLz9ww3fstwuZpcOJy8jAAmT9YmxuK47cxDBuGo/vwyGGU/MzzJO7F7vjfi/VF+YRIjg3DYEovKLTM2X6wLV0fcC5yPKELXzd1HN8GHIl5WJPgYjz/Y8cJ0eukvKGZpIpmlWRkWe9sJYFPs40xIyWSy27KknwryICdam4Pgp0u6VbkyBCN0zClLb7RZ8nrvBirdEpnA3V5M2knQHJ5hy+kOfsUqKXhrPBUwBNDROOJbGphlxnLN4Md2wDPlhYFuJEfl/znCQbwCrM3gs6KKi3GN/kvvOT046LhEKkp3uDSfz5KmJEXYvEsosyJtEXw3pqyHqd12/XScAzppkiQJE45B6ulw+GGG3u44Y1HHNLhFZSsa86Zc7DFjaJ/++lIPzTThTztxcDT++CHv09jCna/SVyrqi0VkNmi/UPUxtRRRscl+7uPUZjfkoOI15Irb1DBK8nwYbYiUXpfqmuBQzkfLSzuTn8OW1UYG1KW9sJyUnMGMmLGwrKDzQy3N/8Xde0U12a3twioqFpqiFCkRUbEgCEgvUVBQUVARAUMREKO0UEMJISrSpKkoRZoURXqTXiK9BIJKJ0BoIUAaNYHUHd5vrf1/e5+s9o3/YB/lgJHBeOYz76vc9zVnREfWTqfjjUqFo2Lad5Ff41CJGbZ2BjZDXSd3EOH6map/C07E/4ITFy6c1BnaPf5rGH3Dx1BIuCLsgJrPglAaZH4CUvDNXSjBfza1xKfrnYwVXqq7PbYv2cj1wDadw5/297sAbtZLYBfmaCaD+rnSDgjHjfvhAV1V6SySkZ6aw0ayEXy9YDyqAggvCuFvxHYmBw4cVVQrOqU6ZvygE5VPy1iKjPlKbj0YMXHtdYZluIWmWTYpjh9ZqTsg+LsYbaKHEpSU8OzIN4sSRLP1eGoPeLZpXCEk+7dboofbDW3o1bVbR+YWjS4Nd/he+g75qdtIfn9wh0z/g6HKLvLKPcIu8hHVwFs21cPtQU8YhqBnR5LPP20SkkIe1vYOpReMw3iKlMjzpxbuCU5+HlRKmHm0IKw5B67ksgNe1hQIdVbmvaXgcNfXodvTP0FFaVA94cSGUWmlqibGLC0tiNjxqBLl5rfJZo/myh9LKb7XGl4mAs7ZFxIrFhcbEz581hLdIsKlbavgex0C+ZA7/JRAIRdFqBeRWzLwmDI/UIoGI1vYmD8ws0LIIQimiL9WWXoEbIvh1QZbmMNUV1b3T+xUzhXJ98070JhkXPhv4arwzpd1hrjE9TSmqbAYQ3BQeGd1XbQiZJlrSMTmVlRKCXyy2utJEdpq3qVmgoDacUa/G3zzxJTw+vcZjHceAX5wPlpDonsMlqWNeQGnGMRuRsokqNRGqP7qniFznTxCIqQYO2nJGHyXd3DfyBv/W4pdCpcB6VJK0I0rdBeCy8zRw9dP2oPLa9NK3RmVviDtSlBpR5msmzx4dinyHVgBSvcWlWtYtc8NKzMn4bZuKJ9Ds+mjn6qAdXbX+TZ67N2H/PJ4anI/f4TrcB17LPio8b9l949xvyxgVPWX3T8y9bK+phjz6JlSRkSNimKEP9T2fn1F6KhVm1LUd0CajA2691QWARz2uw6tcnRkPC9SLDzWrh6uG28K71+cL0+qd8WuuACgIvrSdbTnfsyOzIvU2TsNXHgZzxAjTrQyxnI/fzsboqAydtuNH9B2+FDI5Iw5YI+EZ5FHlfTJNwrHAFMnWNvUARPpOhZGa2him9iJVk6UnOvLBTaS+ot/+JbGh4wipdK/Krzu56JV6TeWFNVJLi4tSdOX9Hn3xG171Q+7J/6DtjF3If4fyW3w1PB8aTv2bxHK9R1CCSmqQBgNLd7wnXwgGvJSoKPOwkz98NLP/JCvo8m35u9Ir7+/CYOWCgHKSC0Ld75qrc6rYJ4jXBzB0N+PR/M6x5KgnZ1WMgLNsUkESScQbwrtueMSJL0OPpE3pzt2nFm0kQHC/gpkvDSQ29z3IAS18iviyy/490f4TCIhvMUqzXIvCGlzedCpy/yAG8JtPgtkVEqtVqMZ0niuG0U4roY+5QM7ly+W+J8dSd/SqC+NN70EJeqo+I7rBB3QRimednh6p6hv+XGS+vSjQwXv+aaL95tY/zsQURq201XU+NIn4SE6FK29zAWIgBvQhIqkxd4jygYRpXOtYR5nBZX8Nn70oJM1vFJv/eCtTLr7w9Qcxur+HUterv4NALw2ldL2fjeaGp6TsZ6xuEXst2oufpJ7VvVYeogK1Af2qDI+WLusgFCt7LZVhJxZSXaUbRTbfMMrlFkFXzncG34WIHEv4Kp92eETQLCDFTXf2U8tXEWPK+Hg3kQc70vAC+B179LzG9OuCFLH4/A0DUpOI+4naxE7XJHYv6TrYimXnqeOVNjvYSrhixu5toN4Ebdd/y24VPkLLkfo+ydknTc+1PnzKLTckWmJni43kWCFJuvvBXq/6T2VL0zolVFzKVWJfy4J0269KQWWLKKMsTuqg9dWMJ1s9J3xcKkUeOHduwnQ9YI8muu8EidSLMo9tj80LohIpRWPbmRedOMMFyMW0/QHPlGv1USrDo0FHBBpsXo3+stqsLnTQeP4zOHn2XV01vzqjJB2fTH7/JLz8pt6IQOSyInNBuFg9MZTo1+RuQp1fg5GxDh3RODJrfEm6ogJnxrD+1tJ/y13DKCeVTA+dNbPxOZwoqJd8ELXgc7/QaHxYITkq2TUVXgSZWUIfXbo+MLZGEePd+JG6EV6antDxXjSjdP7JTzl96Z4R/a++FBSkq+bllSFAGWTXuitoh+MZ0gy9UQ3UzkbwQsYVNNCFdRLM8Ugut8oXSWjTVw2vsrd19S0YXAjP1qPr9JST1Ir0em8TrRuwPOcvta4JALvNf7Zvn3vnlSCOlUqx9mL81atsAC59UIzAxhgr9YqnUgJD0vTkqc4FcLzCwrAQNLgyWE6PQZstIIJYUuMVLrAecjn/0fUeUidQ/tbZZdh+b8TyiZyMyGAy65haCnlq1EafqPpZdqdERnJJugI7wiB3M+dfLLcwpecxbA3Rw9uH1p1k4YySitSL97wI38IuLlOfCEJdmgMCShqrIOppC28kDW1nS//WIVgSNLDpxo3fh3k2fPqp9Nk0RJP/CwO/o66e+O9EX9OaEfpecFuE/mdeFnGZ7I5yaH7PrFVwZJxJMT9buC5qSH13x8gqZpTcTqzq9nr0IlrsxVJptEBo+PsNq9vSH3Wti/pAUdWp9Kk2aV/yoi7KPCrXnz/Tk5B/DRX4s9MDydCEt6/f5/tvPHVd/J+Ymtp7zmtw5Fo5smCSmFUoYxnkZijgHck36ZW+E0dpQMh4YuDp9D2o/lUejYoytLHIW8ASFg8ma07bunVADKHqSSNE03vvrHGy0e+SISPlcluVCFp7e6FrFWZDph0pcnf2upbX8KnHwxSvRbbzrP05gpxjVzhZdnynKT/TQ3qOLGbT8c7f3zptXoxFnJpthagyrW5lkSqelNMHllhyno9ujkuTmt0o96lAlh2IHi/h18xTw346S7R0yFneGr+gykcl2PMuBzDN62Q77LUI78gnJx4fTRZ6qntvdUJAYKDt/RRqdVo9K5ironrdPBTGJB0jQA7Ytho01kzoqk1xgJYtlUTEpD6u6xSczQPH0ueLBgXpjyXFPCh4GMnAwfFPxr1fnwTNvCpan+i+6tFFxmh1rHmATZbIPlQ4olhV0C6jrM4Nj0UjOgfzlSDfPyarkRsU7oX5W/kAxODmBAGnrkSshUarQ74Ekv66re/gRhmI5+Hm9VKuJ7tf7RJ/P9KbOM/dvPjDbtpw5/bg2RaGr54hwv8mfWe+r1tiG7Tgj1vguLF4KBiPNt/7bvjJLcazFA6PniJvGbxsnTv2PG+Cj3PxcGrv46sEU35Xsdp3iK7w5cd1qWJG5c72SxWqWxbVjVrcybjxz2PuhbcvlA0rqhgypYrokJbrGRirQmVpT+OYDo0Po4PDwo+mQk0XYs80x88WgiR1Atz2t5VywvN6KTriYJ9obCqOlrquWF6x3tjBPL5CijuxDr33dE2+KYfHRW++R8M3HbtCE9BX9wu8uxnT2Ob3n1a8qjCk1pqeJGC8aXUIw6P06wM9qVZXXe5xyuhKZ+DLFYiUv2Kj0g4mDoWDo1HZlexxo64dsRDOI9GDHVolXEqyeNpufOFSS669Achlm4d1IxKU+fcLp+vgMubDZKCJy03h00lUeHHPmwTDzzpAhtFyPJKaNmdXoxQjXTySGDLu1hURjUbFm63fUa5x25vsV4SKU8UWJggVsPuESY1eIsUlxYU5tZoikF+rrdchsmt4QcrQVMvQecLDZVf1v8HIVkuRr4qlvzZmPNs4r7o+iv0TS3h7lqp675hR5DeYYu9x04NXu26pgE6nBLs1iZfEKVpGCS/vIyfoI6UFNXVW9Ljc7ck27LnwJD1tDxX2NC7YoHNtLErGdb7JFiWbVWsyrL41nKEeb0k5fdwm/r5zObPR6VFhIY31gbxH346A44hAa/1XMcLxiXybxityOxRSkhjB8sI8VyeGcUKvvZnToWzt4RIw6dFG22oEEc4SKFyfDSQSJ4R5Qle68X1rhUvesnwlqUHtLk/GFHww8Jp5/de37/T/H+iUBb2L6xDY9rPtOpPXn1OF3t8jckK6kznG7XbdfUoN/VPXvg/9SibO6UakZ4QxC/sMGPkRTI/Yb6XGCDxsTblU/nSsMTHS1Cx8yDF0S+u9YSbybq06uN30rX3DiN2NApZJV8RK1/xrE+rYSf7gP4U9RTB6/h/RECqkOt5KpAI7FhXPnUt9dbThaP2j95rP7HodWGkGEXTyoBqzA2urkLrrgQAglKX+t0RxIiyDm2LMfqSaareeoMFxg6g3e+EcCwzffxczyYzTBCFxv2oFD1+khXk4fPqyXrmeGCbxzAkCJMbUy3nOb9L1AZmXi8opj3rrkt5KZgGq952ayjbMIqW7dDOrPYNEiGshIZ0dVq7zsu42cypF0O5UpZwag11ded5Is50/AssXGNxtAZHr0dlAQrPGQeXZ1nDD2ZLv8c+2oPBInLk/X/dHMP5GfacBWnWrWNuy/ZL7SGI7tQlJ2BQfVraKlt0xJfQI8/7QFO5a5kvUyWRuYB/eVHpNrIPezrZ+Glyv/qd/yMqEjznO7IwFkgcLYyKjdH+Xm9hBjE5JqEbEOwzx1WfLWEb681THRhs0CyDYQa+PXvm28eJ05W+v2pPiu7b9bqo0nG9eTxNUnow/HRxUd+Yv8PKwf0ABwWADuDErOhureD2cRJ5MvIFaXk8r7UcGJywuWluNoINIme5m9QLQ2KGp0rw/DXv6ni7d5F1d73V/hfgmLxvb/HW0tu1dYiCYhSiN8nw9N6Oo5Zb0+/LO69V9KBh2l4qwxlm3G06fmanXP1Lgnh2WkmeNsYEB+h73J1TrTVo4+WCbyaSEb409S7qHYGs/vHhp2d/ixvPRo9QMJ6Rrd/SLCkav911yg6A2+pX+DFsYsTm2Kq3+mY+1cfVrZDmmKtXS81b/qeCJP4rMctrzV1lTUpt6zNH5S7DSs2w0kVp6W1z2WF2Ok3mIoDVYTfCQ2+KJhFYP06My/Bfq1XUl2J4J/AGM2CiUGcZN4RDt1m03DMa19mY+TwFmHK5eS657ei/wOc0kT18U+xFYILpVhXGTbT3AkZR8jyIdPmBGjYwpxcblOOqUy3g5Pqw82JSacQE7OBgZEp9wqSNO7KoSWSt4ziug/DoIwFhjg1q8L9R+yzS8YYjIK56Vm9+VbxNyvhMrpAl468RwPqzXX63+qb5a3pPaA0sSp5SCVV4dnB1XVvycBokovfU0RCyOECVOSnUWOQN1lUJea7LlF/rvpZrh0gPpujfZYAyVDznH0RZBg07SP/ZNqVjjJB+0ClhbZSWuZQGwlmQbiZahlQdzUOxJgq0VFezzFC2n25IKTzTfSX0Smp1Vu+0UkQw4JiE0vBzF9qIkIcEZueCldHvS7xuac7LB1UjVBLGi0azizJjBcv2125cDv+cGgk2KowTnIk2EfAj0TCtMxP0zvZyENcnVf5bXcyfgXemEwgUBSyLaYMrp6joKz0S0fN4NEaSkUhgkGrtx/zTHUUdHb3qIMI18KVJ3FrGpLkC67eN06piUuaJi/Vk9QfS9B/8qLMgHMFRPjlV/wlppxvqkUog2omLi2tyQTEvarf1G+zW1kI7ujCznidbYPiRhRwLu7e7+Rn/6/GdrMsXBZW3i21aI11kPtk6FJs4ytxvLHWDuyo/jXRaYidPUDuf3TGvF+sfpjUR5b2E5hbdEMxF+qjuQDz7JqzzPuo0onLm9EDHG++Dip03GuWvLVNX7wgIvrKJ6Ni6R+wQNk6Fc9V4qk1bXUP8lyKndN0up3MJiqccFw2k61uSNWaP+zB+QMm/Fo62PvhFupZuNj/a9dUUkyHGwJR87mHWQfPMVnLdS69hpC2ucxHy03XqvwKQfkJb7dWJiRx2r80mKdeRwngXonYBphuUXd6uRhLrGE1KDWYcmPAgvfVaRSheBNIXRhWT+AnX0a2Ck6U6Ky+h0fjqONN0jb3D+/5qKcK5gub+DjTwTSvLjQq0aTla9aWVpMXNp0iHhHDXZk0zpVNcZhgSNvpD2PjuGyntWqYhyqpxJ6W+1ZirBfXSSAED+jdaDSXrWJOrZd9ffan2dJNWXV21nmpnL3gajutsUO8QP4YevmPhb6nQHHLg7We9N1cxgveetCXLnfMO7XLX2SxytCNo30TF/gJkBK99n2vMHz+4SmqMUUpXURWaLYyLEWyh8/1ZljOyAQaM9uU5yy1sAhNZ3WCZiTT/p/F1IoO7JwaUX2JWxbaM93vwOkQq/Sv9ROM9WPqgDQ6PfTLv8Im4WRrTE4wE1ruWazqKvhcS4+5lCe5eRk6jvVb9OgRmyatdVrifeA2yiob6zvxU1XjHJKwX7ngk28cjab6aD1HRmQZfmQvhk+L6JPazpUIH/qVnwt3t+MKsetW8Ob4z2vp3m+4LLBsEuVRX1W41Gptrz0SnpW+Aj2DHG41Uac8uLc1Jfi2b9wKSqF/VXqdZzh5z0KmoiOgkNxIhacufG0afriWHqDSk+jZKagv28NSYXUMG0EsZL9syZQf3iRh8v3pjo1LLU55AcKFkZkyeILaJjSwPz4sTsQtZ3oi2wNFjQYNzhz9JAbTLCqtEoFyeW6Kv/kZAbWgFZivgQV3l3TvBsl1nF/6FPWkZd2AiAHReNDjIqnYNHO0U3fMIE/eRJ105l9hQPycWWB7+s41LWLi1NZLi5P1iZODQyB8TWOzHTsmK+8m6frMN/jtvQnJnP/aXC+wcOVIscXlh03tAGRB5Wa5LXdkvKHUSBFgPp3dBfNdAnkmf7C3axVwqMIlihDLMYaRxSr3nRKgYkTjoOzqy3e+8HPm3XA4z84vT9dRNEkRx9gihjDayuOcbPSo097OptGqNhiCOZ2fAHDodIjEgkHSoi1e9o45969B/C+Yg6mbH2MR5qmCLc26Yb+n2qwHUY6qcgD0tRGa/zIjW6CKvLKNOonXsxPh3+9j+x3cn1yHWtL+OaYqdCtnpSl5OtNyJYkw33ZweGbE202O+R1xCMpF2CfsOQxUUg5rXUcX15EC7oEEds38MrRO5Byag65M4oF5DoXX16PuoB/4EUjbnCTq/+x1jUBhv/yz1KutB3aK3X3SABHn4sPq5OES3oRP5G+kAOhp7ml9/uvrDjotjjP4NSsv/a4C/tb+94ZT3G7RQlnZKZJyYK5HZEYlGJ2tcT5uUJA57KRxBVnapxgVSjSAMR7ncTQz2sdtft824aF58IVlJNOWf5cr9Cg1QlKXLo8oomu3gD9t6CbAbpUfPKXPMJ/TE63uiImBANK+7IqH1hehRzXmYodEPYcGre6Wa8eF3bBjZMGjJN5PCufBbJhL9Vhn9mX3srSPMqcQTB8BM6lfAdls5kXIZoupb1jGGkiQcNeUE+JIS/u85wrebL4G7mvCNFInExj41zEfHWD3nVPiFsP50uEntxh/jzq/s38a21mqTPgOe1DPGCR9bBYDlEz4Dd3WxqZrePcjg+flyih5jw5XwIJmoUoSq//ZP5HcLL+1p2KZeBNR5966QdvP2n2fovF2NuHngTtxPTjDcapsa4Lfx9vIbRg4wOU19hhpx/eDO8TGuIKtR2wn/h/HU9B5WhnVFf6kIWx61uu1i0QnWUwlf0JiLiKnG/gm3ukGo3N7SES4xkdd7EzhKynQHOGyaVwp7lSndjBrFPibKz/ZW24JQWhs/DCWwC45GhcY6ATdB3oPK3XbntWyWkGJghQWDxc6w0vVd46H20oK9Dv7mV81JkavECN+9BnDY+zj3WN3HMF8/pTarKLZAh3NnrqVwiqYAYXZOYeOHoraaw1gedvhyp7QbYp3YbqKj2I60Y8Wt/N/T8IGTpQ7tb8spwYJSFvZxutRzGex5qzmimRJz247pVLvSUhJjzFpLbLKEjr/o9KRaSDPyvaYSkcpotjaDDDLRxTnOEQktl8fAj0X97vT/E3CD2ctmtTnhejKUzipdiNP0MRlz5PBhe2QZGweZTBiqJzTDSvVN/UC6LC5SsW9kdKP7m/6BO3d22qUVSzTX0ub9Dbv97tsEZTtc/mRl8Gzvdt97lbr1BHPSm4r1SLR+sY9v2WiS9ukMKwNE9hmjSZuUVdWcRMdgDJYhBFbQFaLc1Vn/uDAnK5Kp6Jk+ZkXtNNJ1pZ7plCZ6KYlKBFB3bslJsRgy6VqiIP+obsfoDxxXNJECHlNcxGlWT5eue+jklKUX5PHuAeq7M6bn13crRbrF5FNfWg0EMcrMwm26xjWy4130dJnv8sfHxiLXD7ex5y1b6Wx3UrKUTCd7kfqz35kx4ogHj3Q2WdloD++eUPH4PyzsT58DhXE8NaYBywOHIc2kxLEKcCIlGI+k9xHmU3dP+L7WvfsP82HDjv+bFq2fPlQOuhhJdPl8lSNElo5LNRcIEsgGvhf662AXdzPnFUv+tLFWSRhuf3K+4k1Ea3a6lNYQmZhTEU6PUY/1BiXW3nhTe8P5csF3ofAnKkiVQbtCSvRpsPNJ6pPi+0oCAC2UuDG06SAGq/3vRKPSeUXCAB/10DvRKM/Uncb09ui+5zZrEU7V0npAsbAXeaiWuC/rDQtHS+J0vIhxpjLhKv3PbSjLKu9Mo/28kqo/10mvLzd9EZhOj5VRTuICJK93pOpfkGLwBC75Ez4TZfugaR3IUSGXichb3mvaCPXuHBsJleGpIbwODPyHPYPCkr3BqyQcLgWspKZ0gVdSJ5e4/h16Rd+UKmSpspdNI6B6qvtBm2cnQgQwXH22q8PnFO3RHubk5oczFh8LSprqiD/WTZw6paDnZGVj3SdBGctNnpQdx6vJffN/DXnci6MUn4AB23c/qOyg+Oxc9OWQm9Hrn0cfA1qLFuLx8llKVPvc/VAOT8szRGA16/cRhxgZ6WajS5RnCHRQ65lYvdQjs2XinbH9Gl4ReFe9OjDdRa6fTZpsUOw3TVcyJ/lQz0cJKuP2qP7mnfaK0IYqotDizRA7YmrAEx/gU/utX0NDOEtT4M7dPfCC8VuISw7dFUjVA1X7lehjUl/ODGuXpxgLeheMwxSYehCJqNgfqqVcXSjJgAEYW5ISI1uTCYp2wc7Bc4uj/MwzPDU8ZW01AgdS4Wh8Tz1nSXdOC8hJykYZ2zKzPKmwePvfuMREPPIJU4VY36+HY1EkOL20b2AJanG/1oYmTl194rICk1kSjNPbDmdseu6ivT6sIK/IQCFP0MQbqKoIu3S/UfsdvOFuXd9rurr/uBSM9lRbI/w08SS/hHox/vzykVa1C3HBHam/DYL5X4mf9vit6fcxCqlCD622TzsU2OFZwfUummiVkJiRa0uchunXXjMjCo8d0+w2eyw+1nrjTeqmNDMY1ttswWCNsxDbIm/XInXz7WVEqp2ez+wtnChy64ZVlStO/cNjV3SqphOlkXZBkVEBvMgr5TP9ECUH4f/LDgkRUOrJFzXrDBXzCcN1Scd9pj8GXPNpu2bhw2uZ/PWpp9pw42ct7YqwjtU+dCDV0/a9mKu8T9vj+UrWqqNKQkUZteBbsQlsuCP2HRgBq5+DeNf6SUQBMvdrblRLa9Nc+jdHK2YMxhvuo44FV44ee9CZc+DH5MHpD6PEVnF7sP+QIDLGbERO0s95d7yGg8acSkl+Y/r4xpxBqYo1gbc1WSz0c/CuxS3W1cgKJCChlqVdO1WSn+ZhSBTkJTiqd7IHBykmiGAjTC3byP+/jlfuIu994mBL2IvWIRSufUNsdXrCOfNfEdbsNUVbNXQwRNnaq/srTrxfy2fiE6COw8Y5AlgjnlRG1oxSHDyolk0ndOqOCyI5k3zTsdnKqfYXWvPtmH8S667RCorp5mNeqEuojGFOU6zOWsQDTuWox12whvOF/iutFre3/wnCkdurwNwq9xqjiUedcyogGfVUcBrYQtObcyU+wwfjrthE7V2e78vlBLyoZS//LkHa0CTOx2mGHUlnpAdNv0EoAJi/Il2IzQp1K6/L20VSTPOlecrDpYLnk2SsDrk2bS/gCHb1Tx5UHmhirrXjKktg8O0MSjBN2huw2WWUoN64ulU+CcVMOrruGdb5SyP/QF+RtN05lr9LoeWObEvh9KJ6AXl06W+xuj//LVY3/j8YqzsH2N9iINyqX3iJz3XrO0WoUGl8Y6A1KR86awUwXP/eKnpCafA5xTjarwViYg7zyzkLuOC52LaifUVLX9fruC9FX5pVZI+YJcXxA/F3CY8teT1MC2BP93AdcNquO70uaVzoHdFaqxy/zFOTXUMbdYxbWzJNrzQcNQVb+i79+eo01UBH/CkEK6eBH/dLnxk5+I+NyXnhmtnciz0WprabHT0GtperuXZE9piZQkrbZsRPUvWkeRN7CIVq2Jb4FM6ZQju18kvVWgEVAtoVExMVgzeqppzSV4wkPqXRbJHk0fqJKx99dV+CEPl+mrPfHXtMg9fiPU2VPu2ecClprJL07T3cc9zCWqlYGqibmjE/rig4CqeR2+1T3KqskBfx4n+1zXePcCHbZQO3k9fARifJPbX9Y3W7qcZqdNXR72xZfij24XbMMQktlTB5x8faWnq8Xpr1izPqBj6MOQijwIzXc+GDBmG5NS7t8SE99JQ40AHBXJR3IFoMSQMcy6yM04I0s2AI5gG99dUxADYndP/AcekP4V8SRKu+geH6q5maslubmXNGpZptPSGEucxQwukK3fwC4f42Olcbbko9JcXJDuNl0jXeBLd5yREW5dJ1GELh7wz4oK4dZq1sen5elEvAUQqwotlEXk1kZ7AEeZS7nnLz6V+JnIWjhHE57jNW9ge5QXt3kc+RNp12+bkFU+OXuEvU/eu26z9sHME//QyQk79oYdcyev08TNc1e20R3Ftbord8AlaMgHFoqD8gC/5LgI3RfU4cHr9UKEuiGNmYCp3lxOatp+IpNlXYF/FKVd2S7nUzsV7EqCZrd5BWoJ1zI6vVNB+oOXj/c/fDlNrRKHRttjUz7ZNfA+em5pZTLL7Xur/SZnvCG2jXtNKuaFJLikOsDXhN+o5sriE9f4c6KYcUyqUFeQVQGHq/UPgztxvuHEwm7iIXVU89tl3JEk2MUmRblUw9ArmZsxdwCBvp1ZXwT1J+E2XytuU5QQQQdjlwimszGmtYNGxJatBseE+q5rbtQEi5yMedeVIt1+7aZCsWoRDiP+WzVF4fO8G66z0YhlZ/iJfQpGHy8yTefN3vibbQetr1rnA9dt6hc0Hd2fXA9v/Pccet+nLw7HFHTZCohO8SdmHWKDobUGkpMVL5pWk3beP/8wMNwzu2t0jWroBf5aX2W22emgJOOWoXeXm7TeIftWg9sHK/OFRMq50m0rW8NvsIjYXPWBZmt8/YnVNnL1Bt6eu2a+/WNlqpi2m5+daV8wteE8ZNymdZWzS9KmLTyCNH13jNVDi9HRfPUaPG5CoiWK9wfoDagac9vf7ES+pTNmj/RCCp8SNjGeSRe2gtVpt8bkcj96iOWGM+aay85OnploM/X/RCMnFncIKCMFsuDft0beeFSz5IKLG0RWtTUDYx3QLTTRQW4Jxcuo9XCaeJQTQz0ZhhOaEuVS2OPQyG96niTNnz/T2KbArnyidHu1V1XKhi0DWKpNPCzsL4d/juokWcaMxRaDqvBOhCaPQezVKJ6rojsx66OGo9un33IcIcBvmi2pFm3Sa5nAmK1+pQnugJOgVmFlYhdKlB80udJncp6LHPy20fDKIrIzObyga/AF8XFXWPpS8T5x3Vq/Jt3OsLaLROrvce5XpvvehKDdlLYj5t/j6uOj/Umr1EqjyIzei1EGXoPbijs/9IiCWsLN4xI59KdoluxIy3jQHSLJ1/HU4LFWq9fElb+buIGnOhEl7qDTWvtOABQH7a7MB26xHxHTcVUvsE3o8IymnAMxGXeMlViIDtOdtBkrBRCciUpaW4qZ5SGXyQfbUb2TSexX7lVsca6dxtnU75luJezNF3G3jBMi4xVqj9oTNnFR7LCJLmsvpknJcYPinrVf/sMChxGHGw2ipZF0Y9VnBHLwZg5mkKOWEH4qlB1s6EKUPIEy/gtq1CNbmchSf/ZT2Xm/Rewhikaj8Oj+fA3e1L/msfuMijYmz4j5En6uc2wOqRCCfpSNQDaa9fhrifBmuGPfZ6M7CBXWQ8estKk2CH0FkoYy9shfQYCH5mS8A6j9nwhEPgq7Fr2ZBYgQiFoJWbARNRcPDUiXPBioqrv+PgDQ1zaZRl3fZOIB0Sqt4tIMuErykp+ttvNwsGj4aufxv31mMkr31TRwbc5qlp6KN2m2rmTHihFn9egcywBuXQ+ZDGSfsWgnXg0ldcaWucfPWkGl3/PnkFpwjPdG1QomhHF/L/FWrySrulVW5o90iU8+d17dXgbB8l7e+2QyYRSgJAbJdY4anYtIA7bVIpmqORrUbFVLY3yK4xjNam43y51AVBMT4JFwqiT65q/rPpWHRINVghSkw78ASrcrPSI3LfqXelKmMTJpbVm5i6IhvLqU4NaE4M7o6O7hE9IeAx4gZegTjs9Pd47OsS4N/ysVp+chnYJdzl6uX6QZm8v5+H5Q3x3HqkaFADbtiCS49ss4sgiPogKtfB3ohSUDQurskSiJx6SPZDMj7x6k3v/ksdG0kG+489jd9uhKXTcCUfIUFzKY0VPUqdkubSpQyyNMXTrsHfU3Out6KH1kRjeeHMLXyBt19dux7M1yyAgdiJKFhbplMHDXqaeYHb0rxXkYxGyqeKfrZ1Cf5Mou2fIZL4owswUiU4YCVEWqdDB8Fu8JooiJVyBAmHUxAcXhxQseZLECkrqodr2Abth805nyHuUssTL3KlULKCWt91FmjBJZL+07uFBaQ4C+rI8xQuk8As6rYXUlCJyLVPU1ZOhKJqhTgWC0sbxdhRy4EXMW71bhSdm/YaW8x1TkVQNts/gsOmUP5ygxMB+LTGe3ocqSpsps7y/Tj5OBjREWXAlcS6At0fmAV2rHwmiteUOHR/Ow1OO98fTF0UUoLrcUIVEyr6NXPlbRty2FFNLnXj2pQfZtvMWrzPeUogDejbilrIYGz3i5InFAcnvjAuOXwKL8k00pmdKeATfu436WuxTUNwnDXxE94oXKKigsVQyS3YClBgCyDMrTg7TWYpPoGrUd1eX2hNhtTMdNArEc9mCNBbrDJJC9sAc1q2gfTKy8l6TtjWZ85kePGJGhsAr8c2nX2H1fRbkbvut3Dv43S+Y62btosgiYrwpQZPKlhvXfBQ61zXGg5V3z/daxqUxWTigYoe+lVjz1LKGSyKHRTLYuNKexCjFJUB8Z84O3C6V880wtu7S4ZXlN3+4vQ/0f0H/+XttjdSLFhpWAB7qGFniPK9jR7E8IVV7xR/n/rU/Vj4aiJXfBjygvysS18EEG6ZFiLwy0m9FxKQW92+OJsSVscFgyE2WyruPK2es+DoquJbMzN+HBdPAY1f5BAt+hVSXFXZ6Y0vsUdDM4dCBAMe7/iVejm9xS88qFsA+vQvU8Tyi9zE6oZNt8YtPyRBCtdtGvggAFcQm/JnF5nXZAu/1ixYRIexR5oWKKh1Ae1CC8QpXE480HqK0WRewd/ZtHacyzP+7OszZSX2O5ggcM771uZXD6PBxXbfGJPoOLTcg5eaN94EXGur8I4YHyurjZhTt2QtBpkt9MqfqgtuWrIagbxsq4Qun+rInBtxt+ufN8OqaNXKLygs9euuYMLTQp/TpEmxWA2fdtvUyNymAKrcfm3aSvDgKfce5UXl+EvDwyvXGr5cHpWy3ZQpPTJyCExYffLvX/HHx+FzHeH7WzA4NnwAGOTS5gShf17WwiBZdhzzqc1ixAXg9pKpBYw3DLsV8nsggzqoQE6jBPptV8cFu1qjeTm4N2uLRrrOqY1Yj1vwEII2lkX2+n3DTpFPZCp+RZYvVmu5a+0PkJ19MFwPyFrq/zgixQmDXVD9ZcoqsdnK4IGbKbE3ZqNQmCl27Foahdn/a0lwHEZZy3e0s5Jmr4THoOzvbb/LZTVrMErD+oMXzIQF5JVX/BesMs7tyEWKkRWfmV9GuE5OA9u35BLflRIThaYt8GRc7WJcAH0g49EUPQ5CDjPlLH5FjJNYSqmIjVaK34KcztK0+zn/e726Y7YsGsIivCtD3V4MUUN/zgpkj3aanmc+j7aff2mkk8VEzsVeangFVW65qsgJmRPOYD6k2LHvfuwXIpeV+N9Q36rXE5gOphK9e1xsGXWeIxmLRpFBzI9m9RwFuvCUP5NQb0/cscbb64ms9iSA8R8AKrlaibOdwXoRsBplqzFD41n/pvUSZROrtbCNG0GyK78GMmRMA24HYECcVWkY7WjWPzEM1jq1MreemMjRTPQrHgLQGD+tcNOO/hTLp2J7aN+4YgAfi6FcwGogbiUDEdlr9XETZb3jv34nlZnCVgVLLkGCh0IdoyFaM6tOI7yuSh1q8eHresEgK+bhjle3tydzIZbSTI1O6LNyAt2GMS84kvGdOWWu6KmNcwQUKYbT0zIV+rBueuu/wH5At6Q3cnqrB3G6FGl4PPkhr4f4/qaspgZ+7v8N1uQU2J1fX+gjoAsYoYlRuuxIU3Jwz3lPGLnWiLYwcU2TT2p9TSm09hjigQIivP9wpgLox/cJS4Qzqbie9Jg64dg/1PQqUZLMRCCZTrXEP6ieiQDv+sRopRCl3slGo/p1Wjtwa0YQVTliO9LYECVqSLIC763CuNeruTb+5srkCaPmkdusx9pcDrcV5Zx62XxGxPsNMShE38+9TDd7nT9Boy3ghi+T2YFSr4LmSh9O2V54cNimXnc0byA98gzaGuqSPVddUjYvbJBeuXJ+eZjLvdre8VMhdVMV+bplwP0OjfFlwynfESW/Sg/x517UI35BzWbz6gEc3rnzrerkqPaVfFPIkFJKt9wPyhtbWLX3fkYT18UAAFoO0b5LUUIhixbqsUGMbNCAoERGLT3vlVgU0mZrnE0vzUa9AUYqfDe4Bx4euTcXxbdjAsrunT3RBOcKwYe27C3ROH5bVG4/nDyxNj4CsPMn4EtbhIhYFnKux2e/hyKdPoIq27Sz2s4+FEa6O0HRpf/GSUEQLnAJytm5P8OJu61rmuoEzgioWOqQZfJ3N3m4O33b7xEgS7lou52/tgmJZonGulGGlpgzNBIEbhzQYyaQftnVl6emc+jVHDCIvP5Ie0NrgKeGmcmGcNhDOC47xh3MsD/FC1F6FrF10NSfeV3GkbjCRiGDA7ZLOHSKEnVIyn99JRmcaiuiYHmPOgkZkvDss9+1NZChg5r7Qe0WKCju3j3BI6hTKtAgrZIn48EO/xNuqlVGA7bs12U+zYg8oT7l70ibs1Konf/jeSaAsQ5jL9k4DctzapQVTof9E60myIFUv5Zyr80z0e4f15IM8B91qeCcU8p8r2CYXeTL/dd76ZdfMtYply6KBj/byE1zR3Dee62gguuRCslpGlvvcqEI025wm6mE7moI57XWx5UP2YeR0Pui9UvfUhJ2BGc5qQrjg8/jm14zc8/Yms/dCATix/oVIBps38Z13fNupgsFTezKw3UZ+zEZI5zhKcVURi09/rOoiO1pmiAk2Lh2488qwg6FPYJc4u9M3LdJ6QfJ4IsgcMbPRF23htWOTVJjP8lWS53YMMJhLxrhLkECQPZgywo7NYxrRQvorR3LDwHaelFHiOL6oS3TrOBLkubZokO+xjZ8e5R12qO/wMzrrW7yPpKSb0eL7gOvGSLipf5+iKXDYfFqmv+yfQWykgS5RBycc71TPzdXKBT+xKjXN7a8KKQP9qPMQ8l0Uo882Iw30XuN/MT2Jkg8hgA8FnOarjp7iEufOHKsTnBoWScVzrqnUSAc9YRQfTisjq/2UCapJMbah3BgkD28MLW4FVPkTJMRQol+UErN685CziYHwWYr0qFreTgp/2fLi+DO8NIKpn6LnGOg66ORFnrM5uDfTLD5k2H8DCjM3I4Tpi7ADGnJlxMrZA3UY62CV0IAJkv8NXzExmIBlomvxieJSQ67/tOAieZXgRk0wLt5034X7SJX6eE+dUqrF+HnMqc2OtQ/GmRs9k6t97XtUsho3rEPNCvqibvXZtxyAJrbOQc5m5PL+z2qxwIJr+yMSKrPvHYlcmTWs0SROSsds3mHEFcRky52ZumM8H4rt0gnVMInPHL6xiTgl4WExs9u5KF5Ow095suQjgDKRZ4aO10O06t5n2gsrAmmvAIsFtDdsBIOuwvdlah+DDkfZzfOculhZ/FK+V/VnOGhUKZ+YiiofyJNPKy+x28YkA/vcDEMl6zF/EZoI1114pQiui7vBKb4vua1TzRtkL16QBDSGQBb0LuHiJ1NVEGsGMglCKau9OtK56avla1pM8gY7RITTUqDouh+2+MI+nc8VAy63qdOCbPfvPsjA0bG1ydaLuG/PmS+wdjjolX683l+cEYPI7AwrJk0p6aTir4Qst/DotDSVgC4tkjXV392ivewYg/9JwML2sqr7JLAbgjiCk2DvDw8HHULBWaayKol7vIhQxXLpkLBXBkwBYuiTH+/Txj2XZgBTG2EkZ28CqJAoKadEE1dAA8563Mz5GPvPuWSLrSXiHCapj5i/WlnOP/MHWkH8uKLT2kqnvMa8c8FnZVSnnPtNj0+W2pyCJIN1NuboQVdOFmmKXgLiAf+Xh3LqHht02xy1/mcDi+YuEgtdJZjQR0sRiBO4ysgROuMSqdhoNLyQcGT+m6MadEkwbt6al/WXrY4iF4JRreVE82HyK4C4KD5MSx9YRQluAv4Jzhi4YnZYvMYezymUkDbc+oWDPWK8RtZBFbMGIANl5romMW9AP73s0e3neDSTbjj24iVXoPDkLnUm/4VSwLarnbYtRr72uX8go6GM4nV/XqL12CCQVH4/y20nozdSLSzTWel4qElOMCxldJwlvsYrKTxEGJxzu4hfB2EJbNuhrC3wEDGrxaAJGi7RRRpObWN9qPdMSak3OVlZUYDLpXeYh05WOTa1C6CU8mgX3f5/CMYn+aXYJBO5cUtF5RIJ3KhWotYi7Ckjs69cuL+SYE5GprBFWr08J+mfEFzeBGQq+3WiM28zI7t0KQn4WnLU5VBATuCGwb+FKM2/t3VKuOrnd7a+3hUcT1RuYMJAbAsaWfnlDoWfiLFMHgZwTzOYxcU2eUlYsy3T3VE7UjBw1kTIOmjeZhhyvNdfly7o6g+CDje/HNuuW33BF7K82ntwsjIhn5JI7nuVQh6x7wpGuJK2MuKqIr0bb64RtZmJ7IsaHkgg5wGckJdqiay3zU8aUaHVs/bPuD4Tt4QhTfKlxAZTuhUTZzZ5qUfrGhMDRsg/of+OK2f0pHifoLmyiTUQoLXQW7Pc7Gi+z24dmzEa8wpMSZAjS2RBIQE15YHc8Q3FA/xL9i5B7O98Xe2ZA3OqrxE3aPbsTaxHzkN03tQNOpfDciNTEERtu/Tf8Ibkfn/K2M6FJ/oazEJbS5c601EE9/MVSJtH7s32Q9hWX1j/q3lAyw1qQjn9rf1qCxOvX00ZMY9JZFf3WvQMbrAGo675LR0Kbv/NTi+71mim58Yw6/JrcPNOPETAEH57EUaMkZtjkw9WkBjS10rSA3lGGlQwr76WLaUqwTwJjJ398RFBWSefC3x21rBRffzKe5qua7IAWY53qAqeUWc6Dn0IQXlqbj9ttMdyG6Mu1RPUd269FndGgHbvgsPe6SG8Zor36wq0DNNp1kYdwjIT0Fol5axtLjY3olgjA0uv13d74xCwQRwbYpSievJkKaVlg+0mGcMxZpj/RVk1VTkwBn+oNpn3YvYRr2ZOLUL2hTdrYqMWolCwCdI0/bCWk6I4FKf2mVI80T7ZX2FCsCIrTadthXn39ZanwiurDUT/6nb1NRLis94vElbbLifKPqV/2KviOT98Oef8ABvH02yeWcgkcTiqQGnBz/eRiAYfrjyG1F1SWl+43kwWXJcMDO+paKqpaF5LGP74TZxDJxY3USS0hVF9HO+NNLIbPb224slxDHzs3VR7B3z0oLCHnsGpuZ7y8OGreK4NF/MWGrCMsi0QL8rsYlQJeHy4jM8Na2IPZtOLlxjeMZ3u2/AXqhJvIjOD/YRed+ylSw7L1GgVYaWdKjYr60S2VEWF2xQfPv4ssZcV6x/FXK1KEOHSS1DqsRT7TufAVw4CCqah7y8ypobKbl145j+46pz9fbXqTevXC8PNsx6t1lt0SE4Bsr68CGaKNUzlVJ47xH09GMmhUbbSsXrYb3RKoEX+lt9G22xZELTAhzRlOuNXtfK8AY4e3UXM5/0kGN0tjIiHH5/yobPyALq6S5Fo/MGiW0sx3omTvr8Q6tI9RaHh2ZasinT+kmHb7pudq6d/vtdAIvWg82dXy1MpK+mktKp8Z19MlUmNbtOSHhvHnQW8Xfu/HI/TgN3OVdO9q+7oyvPGr7R0fUfzJA+oOcVOZQu5iToDE0bFaI7Z8x3sMoKEPfix+eH+C0qrjbVfZKzTGw5oLF7pPBCPKTWxUgKXuj5wEXmlU/Ac6SBa66U3+Wu1AM5VyLCgwjLfdVTFz4mVB6XnX7giORIPylppAaqPepxLih6JprKAYLchsydbht6SftPN8/nTOmf7nMpbiofhByZ1IIWpvlSazVVkyX/0J5oB13l6MCc+IU0ZXy+fXVLUes2HV5/Jn+JSPieHdfNlrxOBJJHHV2RcFrkXSv42rxpIcF9stz7vEQhsmnyikPStxtGpZNZ68MHj2gIzF6xICMoU7CFIwFWhL5sQ8yZRFuR3KebStlGY1qEwrQ04+QrS3DCmIvg3cOxqc8afodJWGGq3Arv/iy49XMZf1Wfdfqd8lz8y7l5E5C7+bs3zAVCyeOA9OyMAKqVdg7W3rP7ulxiJy+kQWa4Y08tfXCgvxScAVdQk6PXEaoq38uGiRL5lxqNRyZdF3qTAwLETmYAgn69qprZL3F6r+nNJgB8oyyGT04X602BBzydqOkCvnpZwLpaR4KtNA+7z8XEmCECdNhsBqV7vd9qRuIDlvePr4zm6hanQg9OvTBf/lbII+pIOajaPY2Z+VnPt/6JgbrWntiXstMHNP7Rx70bQv7rvwOodANxgT4tKRdQuJQ3kPH4Fyro+YSR2vK4eoVT4nPLzmJpzBntuE9xcqwnYMntp67l2ejF5xI+1jKd37pvsTowg6bfXJzrKcgqX1KjIVTBiR5XQSz+TRkbiDNRupkb+nTT9wSmuHHkR5WE6vl59PjbIx7ILSJYIqAv5dU04y53dzyIEamQghWKFJvH99c9jevkPpKMquCJrRzWFosydhQlb9FvUusfJbmHnKJoWtEsB4yPuVbr1Yse9ljq1eWsTFLcft0X9mJ+vWtyoqG2aEiNM539x+vCMozdbEWleovHYgK1B8urMG/3PPx9e0ibzUWQckKYdcZk2+J9Wf7YawGn9bY/9VdR+MJjK59P6cj5Bh+ogTOkPrPupNYpNq5YN/c3e5+4ISygiPluE07ET2DcK2JWjVEvbgl7yAytJesgX9ZxmhjjFwoKU3M8ngzAKI1gHp7q162o0yvCGlvR/SNLnqOZ4aP5r/xa8L0HeLPTgFv6c9ftDjatxumlvnvhNKCxmpdLKmXzXFE98BOfQUM22PE80/VwN9HD/Zi/rHh0Sz7ZYPiE6oU7Of0iNl1vhT1Qgh7+8kSpLLnwKDlL/zce+2p/HenoDTmffLbhRvs1yfkbYZpaqYY+qyJgXimFU0qjK54yo23G87feBW2//jwUGcnoVJ1N75GzNc1ZNhUIJkUFziKc4T0Wipvm7q5yibVeEb/ZXdlnZT3fHjnrOTldnPr8/qeCD2N8lTU/NH1EUGfsVZa7v73XEARmWU8ecBYqsd51tLS8IHZh8C0jOz73xOPE4RydoYOZYxKvTBqClktSwtK0rB8nOgzJ1XwIXJbTVo0wh28f74+YthCkexNtUCvXA73FbN6eXIHITT/yXSPhMxDu2sSHW3GSXZDq2NozAcL3F6n6bzBgLIvUeCv+UK0wSGmPOx0s+HDXh8kI+9YP6rLlXzsT7QLaBTRWpokpKtvG2r6fkm7c/SnlQ9XsMD2Sw1VRxT9MUiAJamB86vWGSQHtsY2lM4jLsxOBBWjo2NfEp3MOX8v3Tvi1qLdp3Fe7xMv0Q2jTv7964Y1uGNWL03G4evK99EdhVI78HgW5Pd7lz9cX+ta8jFUeJrw8/EpccsCLrAm2GrGB3kqp8J5qoAE83uiy7pABpXuPyYba+ayeUXPdinCNsTxPkIA2eHKQc6by9HURzrE9CoiaSY2NwJAu65saqwEjk3WYuJnB+R/EqYrwtODxvBfeyoqKu9VZ4UVvV9tf2qtPPdEB1v3Dov57bacJJWl4xcLpWj6HKkwml8eXCWCBJ48tYS+TAvWxnV49gk2e2qCmFyGSEvGwzgaIY3hjvCO2CZNf5Ydk9r89+YdKgkLQJWcF6rK8vT67WT/pmV+Cri71j9Fe/Xic8LOfUAZxwfiWqEaFiZyaLh57Jq7NGI1Ug7jvH3HoJmmpVhrEYUedh157fbiIOzON3gqA6n8+Y7unmTZ4tcnGPZSufMbR9/R08Mq4ZIqGgreDF2rT2TIXLkKeU+EtvaC8vZS7VMWK1XZCNPqv96kZ63kr9K/ZIlj8GDCSVcFRfAu3BQL3Wtfs9Tj07vgjyylp+Fbmmvx5uWcDfdVdXifVpvxlJaCtvySB8Vd2i2K4Oh4S0g9UNM5qP/sqtZ7WxAi1W2E9/vaU2IBL6M58rurydu3R7IJH+UbJl3Sf2YNVFhof5S+FA5R+pfuvdRcGTKRV46VOJ/rux5V1dsjlPBlDa7CuEMay678hUIt7J9aa0XOndGw1dvs51/i0+S9I7E4+qtPdKSqosCqAf6Zf3tDqHxulk86MDB/IE+VbFSqbsZCWNHxT6+MVMXJilld9++jsnA5xubXrho7n4uBv+sfc9LdmhcNfGkale06rlp03VVt7kzj8UpBbtowu/4srJSI2rz423HN//fPJw7tuSXt9rktEqp8EBAzqO/w6mVJ+y9BhKMTfZisvT+n7LXnNo5v2x0qXjfjqln8bZFWuLd9WSJz9mL35188BmHReOj0etRZ5X7qqBljWO2fht7wu8O3GlqnGbWzCAe/EY3s4z/a4m8thvQrC4mq6FRoWZwdtDnPEW/MyDIrrO7R+QDLwUfx2CJbvSXfq+cCjTkp7yO+NpNzmOoHSibcDY8XhFZ51T6280LWcClDHxGdR6koITWIvWr/8+8Ga1eqfs5s6jI3rIK/uM45m6WhTAFPLIHccPOG7R6bMKUokoEzsgvFPFhVDIc51A/BDttVuIFDQ6oeMC92HD+w3UVqICXq8pbkv+JHMpa9HPDRZ/l2VI6PlKIV4k4vetuJ7yLyAoCeTMGoP4f6JJU2BBX6WQj05IRV9AuNHqotK86ZalZ3/HfUeru07PlHctPa2YeuH/XxfNpF5eH9uXzczQ/9nqKsA+2s3v7rARf893gwoiRiWaXDoW0L4SxCx9jUkPFYsOPtSxZ12QMY+0TlDo59HPPZK7v6HHyIye2h2WpimjEOTLa6JISLVZ/syb8pbazqU8HqZuJBoCImxbyD1fpdAdqQpBlOykH4SUzj0AUquxMy3NzHo1VTkXEbPuIR8d3edNl5ooylFbcBEZ77sde7UUaB3R6rHtNn+KNfMLxt6NTGkQe/K0Y9DA3sn3KBWY7Yw9kUGG+RZWZ657/gsTaLUNr1EZ+/EWMXCGRh7sRFQvp16LmgtNK3wxTqzP71Adrff+McAKOUXX0JMCqsTKm0ZTY4PnQbkWgd1f4XOlc6MwY8zhsZcf9odCjckNRlB5rwhbwxC3SW0zwo1OfY8OuvPZVHJ5Y4Z93z+I5VZ5XCNN3zSex8QVUhXdlebFzyC4kmOFchh6+/40JmVgpnfMxb8J66URprqufsuH0MwdWjMw1APrEE5jjpWHyfFQXQ64R9AyX+G9FKUzySXJ8Ao0nIWzUqS08+rJ6Ew6uVLW4KkcTfry9D74mkvQXo5tX6v5IbkriOOKjQd3CV+fCZU3/qmz1aIdVmaZU1YW3uWGG4l63Cehc712chr0zJZZlEahq4R9OwCkbLFtllTb6m5CR95zdEftg5Ddo0/cqdv00ufef1JpCvPGjwUtCHcsCikzxkcKwnoeNyMOP/A6vyPgyI33C4JpGncGs/VGPpTJ1brU7HX0FW0a7CjWCxmF59/z0HnrMP+7V9Z+Td0CNn7y+bPi9TTL+rFHiSftq3tMeMLDhpsPos0HBvMsNwL3Dvx7dVL7Y6DNVcfWLKL9k4sX23CxV5LfXM1OSFEQOfnfumA6+PWHuzBAVNMZvgnyXoA7/FT014tF592W1UoY23NgjoFSCS6zMiLx8uW0R49n61gMucN87VzKM3QrZfs0AcXnLQZqd5uvUWO686pfmTN4a8odAC1R+ztTFkznYC5Kxtm/s0nuTboMKTCBDTf7lZ2Q65++S1qncitM8jBva4myumAPL7dtHJUyQ9CuECfi7ZXmwcIwWICX6/vCZFhG9xg60PIUWlafYQDkFFQlev/ouwtA6IK261hQVAQaQVpEAQBAZFuaRQBkW5p6e5hCOlGOkfp7u4e6YahY2iGZoYc5oPnOef9/np+7b8ze1/rXmtddReeZ9H7fHRZqtVBDAMpNWHRCfx5LZ4ef4scSpsP28CKAvAaSPwOmNo7/qAdBfRAGEmt5ybpz2emHkvpA+aPl9xW5hJ1bOJ4k65LB6sQPfVE0aKIhhbiuivGbYXuYKbaM/Kmzn+DH6WfpW/HwU+zhaFdH0bWpbPk65nfdDXBgayS7IDeTM/zauu40uYS6xuazJurhUV7Txjd0hGPXF6lPcuBWv2htTx3CUXawaEO49xBN1e+w/qq81y3EruAJstxAazl45j3RaSd06nrfnVe7UJLIY/V9JjZnSCYsfUqY0l0nSrtun90rmHexXJ+TsPGlJXX4LVV3C/G1QF9t0rtGddsxjr9m02bFEY4rDQpf86KA2CT/ogSB/Q086VlveabiySSwderI2kX+XqefU6I6/A3+YCZYoMFxZbvTlaNe98cwkv0SdBIS9qR17MMwNMbsfmYcP3+razn/I0ZpVNZAZDBNsh2VzzZWqXAVtZQ6l4g2Gx0Moz4LemW4F3Z/IoPypsf6boN+6O0KdISCu97Wn7C32xxWZEFcgKDrPisIWOZHpYSKTqHDbtbiEGOlLikq9v00XFWFhHXI9OjdhAdFp/FRE+f2LW9fig3mtuRqDcsAHoWWumwHoBNXIpae7OYeLqKgEaLzW/pOI8kzjkEU1kfY27fg3o9zidJ35I5jSCkldJMI6MHu2GzXWcNhYehq1/hbC3IkexpaBQg9Eo/pSpLwEQtwN06hXQ+gl2IHh1NQ1fKkoWESuiq8kcZpEGscejk0xRNs+UgWO6dqCezEk9FrwCkMJ9QzwrfUr1Gpnft4+w1t5FGq3u5AzXn2ZsXhSU9PJrOz0MAnFg970lPuJcMGFR8SeyLyH7KUNe+oBnFzLy2KhOc2pLSQpNnr+zZVdOx6smnDtNYgjClGRnTuOwOB36VRZpOzlfQ7ynpTatSWcO7pt9VrIIDxnOx0FEy6LYudCuOgzMr9lBYvd26jjvSZVYbHEVlpKJM9dqmGS/tVU5HzYvXq6LXEGPXqXFwnuTBRpxizbLXYaw5h1lIu2lu8gTQ31CZ2J4GsEMndIhSHJuoMj6Yrz3YyX6iHX24VKIvkinDwuHDhEYq4XITlbZlY1StwMdz6KN9b7EE9M7vbg4/BSd53XOhbf2hyEF3tOjA7nSDg7GX0W32JvCx91HrxVwoE+iXys9PqaqA7QworIZrZCjcaqYkRcQd1XoPwyAjjCMfdLT6GhSYk3oNPstrOUsXPTRKI2LXgvg8Up+eoEGOdjFY3lYjeU2VqBFNnCL7nMJsOI1PhYyG6h+w+PAocMWKEDVMHA68JjZBqezplApmaZpY40BXzEHJlrPpF9/qnMM/vgpcJR/MqW+rdorKeJVWJdijjVVXqeu8Vy1gMvX4qe13nUPIBwp05YRkTU/Ywjztal7gpNUo/zr2zW7wSnXZcJ2FbTBlvbIrey4BWr1ZKbnrN9qusjZX48A39CBjXNErLa/9BAsBBJ5OmQlSyTrJmDXc18ubFqwI2Ki2xpOCQFH1haUzgvXmvLRvTQntoZohf7cpk8LFpNaMNpb53cT3nMxRFt2jIwT2VpgzI/rbm0TlpCblRZr7/p2k8wr0diPsBzM6MgvzVvUjI+HMt5YOD0p/KIVs5Pv9RzwY4lJkJcl0qlD1wG4AMN7cHKWg6CnsWmJxm+lQ9sVZuCjHHpMZmUjyN/lTeU4TGIvhHOTWD/lWwXfmd2vBNNr11M3mNrK4whN4wqvtcx6cmOjsUromaTZ1dfIcbW85zlvOni4MZ8uYHqTHey1WguPTJGMUbileMq0m0tx+7FhilVLCJkWlrD5/HWGPSShDmO2OJr1dRMi+Hi9JKejqjNV0glO2976PlHOI8JQnCddrEfRqy558/GX+w6YXZZR7aRj+IYMi5xAUzjWrXcM+DL3r+VTAVmbaJCa69+5rKKlYe6BLN0aEpSWXdcCrAFwsdxmbb0Cjv7MyakIi0Z+qwv6APL89zeD3G04XhHBb2kyNDYuDR3Wt3iQJiEo95KHWsVAx2SLHCa/gYCU9rLrdWmVJlykVZKiaz3Se2FBjQhd2Q/bVk1B5Q4w7m3umlGpDXm2DbOKGBV+2OFD2j6Zlnj6z++FuHJcogbFIyBdZ00m61e4hULNC95BbmXwTNnKDEOKOFm7pIy9eoKqPZEuuvtemk3kK1aX1S22r2u9nSnVmeResVfYhf36WNtvq6BjDp7dvIuezGFZP+66TDMwYVuxvTPs4EPDZSViyvdEPbZbPHWwcux+WZM8GCOzpCCQZFOWl7+zdkZF8sHvClEuqGGRv7albLnKaAR64SMIGistGRnKtpz3km2+r5HnYnCgpgE1GY1rm271IYqwGYdJzMdhYS+vLDz1iN4Q3KwDktD8KdA9wDn6Uj+vM3LZZe2OhNnx/tl6Zb8WkuKwq7IvoP+d/2AgbdiHHOLnvafwpnc1+Pi9+zaX3A3V3O/mOomIb2VdYIxdJjqqkg7r2Cyi4LA4fzWXQr8jfWpW369JiowyP2pF6H1Yst9URK/QzSs5IJ83yG1jSbjVPrbzM4ffBdxqOx+O1pC3WoxGgX/B6fTstoZPb4eqzmi6LWlKQugREr0XfptkTNqJezPviFxGzVMfS9piLTfPSM5+oHnKlA7Fl2qvPe3wFNhqRB0Y8Von2Xz7Try7z3lI1bydeJNimj3kN/Y56opj76d5InkIoPa8jhurQhW/0L4/oVoFnB/V1UEW9qqeYL29q5yQuAKvj4Fftp6HH8tkXS05J4iVsjGdO6IfqC9bmK4AzhW9VcG2rOYiOHbN6W0HrIHvzfD7IO/HyXrqklHBRpTOuLrsdLc1USYc7a44IPyQW+nZnRCiD1BM7Nn0n/V7QryqmX8afXDm+A1C3L5Tp2QRT1dVvJurxuqp9WnogNLZx7IYY2VXS1y2eoW5vX7OJWrfI/T4LGEnXdMBP4BDihBT4/ciMYgoSLJIvueZiUeJdL+ikVBax/KEHSci/7vnT/VNqjPB06uHyJ+FPM2XX5915Lu8nJAX2QIfBVHQkIoccNHfPcDBZWd/pf/xT7T6dQM2RCoRgPnPCdtgo0n+eaN3Tx+lLB7IcwO+AEMjAsJD9KmLWDrjOgBjTRr+Sn4ADWXgtR29xnud6UpkLSbiad29hOzX3pVo0ObwbE+2ChGn1CUOYnBrjqiiq38p1l7g7wuH7Nmq+oxTvbVX4aUox8VUilfdpP1Od/CXZTY39PJQYSiOfJp8BAgwUul6IXOW7kbxe1Xc/ecMLuAz5tj9cXg3hyy2ov4fauTD8nMt6saH562B8L6nB4oyWuc2Ce3YkkdGhoFW5XsxHzYIxf8bVoG0erwP47MFuPqhSSQw51Ha5jnPDAnCKAiUkC2kcPX1WmtOjroxum8QutOCxnany7bf//C2Rvc/NAd9Cgzf4mSurz2VhfrqJ1/legsLlisc2hQ9/zmZM29OFtcfX+cPS2+Xtd0EHrUdAj7sHwmvxeVF5dSjiNfeUxgRYxPAkOwtjkZ9vZlbXCbfZG1Za2e/yr36v6A26z1M00t+KAtYt3oiT83dmTLjLizOWOhK60HMdxU5pzwsbYyez0eqF4Pa0oSSDQj/cNsNmqW1QeXuyIZjqWM41E4E6AYNc5S68Di5WPotOwhp9rBZq3e5261k+QJPmXH+M3nAryGA1E7gZfyK2T/qhyUe318dpgbxbEK3glFwZ4QQBdxPr9rTfBBu+vA/Uu1XZ5t0ivqrG9DqvDQsqayRi0Nym9wXTKolknuX8qMCFj+tg8q9RBnAUmU2pTj270/37PouAC9VscG1Vj5LHx0jKy6fToNsCaHWkfebUrOayzmYeymxMKnhvKXhOGRurjFN9bzq8LxKvWHMB6kPmfb9OgTOUcWHhhPaFHsixP2u0ZaxqouYBlC1rQRTzMhS232PyknQd+yl91JL50epv3dY40A+nYjr50FYx9wIxymgFeU9IfqbuDBEaGVGV/cGgYs+yfFg3pSvXVGb0atqg5d65ebLI1BoJOUyp+8hgpK33a6A0kyLdZ4pFSyT9Mxot+8t0p7PLjUxVrD3ZvQJlwlTVJx6pKIUbP0ZX94QxRcmnvZAbMJd6FASQCeB3rPhzRisuqxqnGVJ9vv3t4LeZ3bPKASb1xogBZVHgEi2clDPpzqHtNt23+Nbd+7Jy8qnQVYx3bWaDz3umyqnZ1L/b+7yltxiLvhLM3xKwGyy6rE3lGna1/XM+8KgZG0b2YgEobCv8Il8BjQPn8RqBBXpA6bu0qHtyIlYU7j9sRvk9m+awe2/iDvTMBP1WGlwR78i4P/uQKydMkEswSI4jf+jqGes7O2/EPGsMnxvf38bcfv97X5DCxXSlFb5Gbztwtyhh4S1/pkaKfhjPrGKTz94cX5fw+Woiv5H6xge8IIkvkq5x1oUzotT2Jmn7rVEyJ1Rjv6I/z0OfadWMVusrhm5RxkW7U+ngiNCm4cGTfw5zYvRspeSXiknDJe7/lXFjr0naIhrXbJp9rPv9WFrxNBdc54wjc05gWmdEXbDFRjKWAYFZayogJhxfCBrya1SDg6Y2m631y9bZN8W6zQCdfl49jTrkdXl+IfK8+8jV/WhxNGt27ruATr3ebs608mxbSqnfxAUE1+bMRmcDci+MqhRn3lxFJuXNBeYLx+lsb7jOtE1+1tKhQ7dtHk6bl1fyIVPEC8r6FYtWKDyHEzkd6yvkhgDx3lrjZT7fAHUsz+0LvxVAAa72isvjRouvSqh3WzYTXXs3TVGOe7C5apt7CR0x2hwLn9GZlYl6ZWtKRct/b9SR+Pxj+sCrhJzRb/I8NflMinLnYbfVa30H1Uy3rns1jXrepnflg+rS6OxeLR5Tb5u35ul4vT37SbEnvMpV8hUb3HQgZc2Hlmk2TZ/ERz4LmisPZfjqAONRr1cV8cjWGi4DaJI9DFnWpD4EszIr0jk58wdX/QmvyGGydyTYulxjNoozqPv+IRPrGAr95j23fnc6SNIVd33OpJTlTRAdBeIcyRfNql2VLJD05o/beGtw9/2zdQ8z7yEHBb2A7h7NFMPTtFvIlvzbit8Bw+gBln3hxpVNfvNvgUsYVxX91FMMwcr++IS0YaY57dRYPWPB/FJIF/oQsJKPzDVU0kRDwXEcKo+EamLVeNL2VHamn8/+9NPfYE4SSJoJY9f9K66q5NETtGJSQbKGOzqM0fBC5jcLsb1OZpPHctZ28Hsdqv5665ZXFk6GIF+vjY7srfCYVLfqsFf6HruYxTp8qOHL+9g3Db1Vdl44cGNYiVgfdpLOlT7b4nU/vupTEngRZ3Th+BM+W58m85w1MdEYtT7IUWq3AkTMxTMLIK4yVO/j/+bI57uIK8eVzOLtYb3mst/T29kocneTGT3Yic9SrcZCXpr1r0hW+bV4ozu5cRqjMDd02yehmJ86SjXK9U+5WEyRLaGHftH/pqVWsVSlMWxpuBfMFEfHXiOE89p4fmDhGq0NCpV7G29nHDvXjT+h0qjIHvl7K2EK03EsbHLdTM6QXAT1h9a0j/wlILpBrsjU7c4Mx92uabTYQo/S0kulqfY+id7sMAnloqCpIxev4gLUGBQ6lv6bpK9zJKX0uTzkE6oa/SkgitVNEPwmEKvhtNc4QtKaI0dDFv0w4hhC6aQc5KvDIczrldnn4YUCCECHxF1vqNzM+DwXIJx1M6m9Stbqqzyz+uYaet4KHzZ9qyqNbTmBS9XvUmjQD8fBlObRwtc/6s5ViDMrcpP0BYU45K9uz0ZtgjOaTLpdF2qLHbTttItY0JJcJNyB6/3YrhdLbgtco6LmZ1vi92LkmLusbe+z1ZgvjTrKq/deCHXT3EkPp/JcPB9X6ea5KQ83ccBe484K3y54+ogjp4qrSyCguUB49xi3Ulk2S9iBiIvDk+zujVWIQU4C6YUGNbyGGg4OAt2FXGdPkoJmfkYLIMnWPk/QCGVp9oZrkN3sKqUDBiab7mHAWcUB13iHeIYzzMo6NWZGppVufSKBSYuscXBG81dIC9sn7NYF9oK9193hDFGUHdJJIgVaWe8EgVLwmifWOyVCI9HQl/I+Ug49PxT2ygXnw/dCTFgB8cWe5Fo0or0cJOckfrp8qY+SurBUTdEP/WlH2EPIA2N1LmdAPndzvHMlKp0yxCDAIjkPy9VcuL94bKXORSZiTZZGOjFCewdjUdwcZGwMXk4kxems8QjfejDaBsC73kRNx1Dhi3v1YlxrudtuEXpz9HrVEtNpe6Q2VEnEhpjxy3O7v5m15e3sYmRJIJYGeKJy36jAi18DRPZXhcGiNzDzlhM2xhYLA7MU0xJDzUEi+XextwD0y9nniObDNiaO0iYC+zkhMTdlOVeI4Y3Eln/d3FqNcY5i2G2r2jabTT6V29BWDsr3F7TBOLoSiViSnfwAVhK96nGdq9XRTye254p5J4fO/nJW09iFwvvsr//GXUva6r8TBO3/5r3Z/l/eW+wdIIXLKxO+7wFymGdDH0cU6dDNp0ZSIaKWhLaQUkeQxhQq166+UOCVFkcA8fd2ufPheitD7+i59+N0sxJV0pYzt9F6Tl6kOi3U5rWmDIznA7xiUHavMsPWu2ZXRctU34VmO4qFQrClAOduP43PrcXNkbPGyKe6qdy2nBaMxabw6arqsj1r1pJ4FFmjpUVJFMaihcrWXKukj3zdWMOcj/W2HwqAzg4addttSut88/HS+up0cEAUmWggv5R1pj5HbKpTa2nqdbGbMfV2HyR0+Mr8qO1Cn6gOYhQ+10GPP/ppzmZ26TQkuzsouiKcvY2BQiPk6S8Xkq/UwA1loS0ItCpzUlFgzjPQAF1R/l5b91khD+pXYHC+5RoNfY83AmSX07P6XFjplSWtrlYUjgc8MxWG3ZCWvy4P3v3UHv1Qn87TsuHDCsZbupxvAagceyJC/aFVasdJaXtcS/UJXhF+d7Stb22WPzI9/EZ6vr47DC0jPeCnFnIhiKyyoJ7tzWvaudQEOUd2xm+GGmXn86eGMcm0jk1exoBz3T17ndYnkT8t7gK6cCTWBXfexQSiP/JnqzOe7FuPpeQtUyAinTUre9j+9xYQ4th48ihyR9w3yiBr/qSglph4IXdQkYodDh7NvT7FVJkwuCqRbnJcj3WfDjmwWFLqwCz8kHNPBVqeplg1Cf1sj+ukt5a/Z7v287lM4HrQV/QzUk1u+Z9p+bk3ONxEedi9xWI/79vfsyrjKavRdTwJrDvgXcgZxrG+cyO2n6RI4bXRPs2DRfItV8zqey0te1ws+b9iwf+wE0iaXm4xoqmFfogaEVpx50ojWX6OmCuut6lfqpsRjvG5mguoub3eL59pg+ZZOF1qBSrE3YBcv6Set8FhtbLz1npNMOuY/G0NQZvGBORxN77Hbm9I8rONyGNPCuv4YKRlcZkl9LBFzxDHuuU2jNXmL1zybM9lwUZDyGos5QHS5zTMYU4PjGJ0gaxAC17oCVXCLkuPFTudsViaVxTKPvbuGKX5yf7P9CKLwRiVbgxqw2vtKlGpb6q7vn7TMx3YCsJR9Oxb9jTVrhuW7q6v31QvsDPHA0yIenKcka10+pksMMfYxIKPUD1BenfaWXz6ZZl6go5P0+A3uvsLB8vHjdTxRNXTs7bW+fot0ln7oELQl/q468hZbjK6Y/ZmQCuljucH8xka9eayH6/X7BNrkypn9tnSiBMZV12XCxOo7DeuH8A1azBUAcVzZwB/wWv8dUpkH2o3U/Qnw+MqUb1Z8Uuncu6vSkEiezF3mygFyiSB84JNT56SSdHwwxMt/8Ws6Yf0P8xQw+/WvH5JME83HwK8OXCb8dgP7C51v+y8KbWYzBP42AJHLMx4lbdW16Eh8auBwefDI4Pf2J9vLK359bA2bpc51J0OvEE9NSlnx9At1YBGiyFNoH1LprO4jcurSnJRwka+VIAx8dQ7tmxi+8GnNwZMq11GIPKylLX1wCD5dCnFYNM7ULuMcyhWJTkXR80bKZ2tsCSlWrW4pnXNbxonp5M0oTfZ9NrGlbHkRbItzqWBpGJwDQW4ac/ofM5TnmLjcONaUZm9uGJR8WHCUwI4KZjHuHS1Xdsdc/K0SyuCJC+WVt8lZTAvcpwU9KjoZW+lg35/DaejqkFtyPYWEVPH1M/Y6z3Chd1PwqKWO50/o1bp9V2ggpdq8kjDn4ViwPVQw1Ysl/huXfdVDZ/SwFhtuUWQ5ilDGJNZwv0xMOx4mRz9UY1ptWr9im5iRElRVNCn3RT1GO9LW2ycfr/PxcpolMB1QU3jKuUHipw6iW8hvl73mgqS8nNkAGc78qndR5JEVR50W09QjCwN4JiuGdFE10dRU8NtuwhhFOYUtVHcSqBbPX0SQ/zdB4W8SJ+/pezaSbNjv+zjw7t9qNRr5bMZqWRpkKKzh29GE9/JhQYS+xh4rjViAtd3h7Nl5jy28aN03giu+DbDE8cfoMFa3iToUZKDVOwYpv1279qDEf+pV5H7QDLt1z+5riDxc/4obJHitnXUrQCb/UX/vaMpgfB/O5rC+v7b0bTPXrUpag8Odh2Mqa9C4uEyLdmOGWLuz0KXj1UOyT6Dc/mOfkQm6QmHXm0VGxwkI2lG+iQh9+Y5xfXQQcnUZulCa7DpoFXdNer0TKm6BEV9sQ15krncybto0ku5cPvl3niozVqa5Bs0mRbm6gO35Jutx84EOGUzZzp552tMRHqxGjQWq+Iiya7rRLiAnxWBHiHt997j5vZnNexg+wNlNdy1wNSmPtJCUIDglp4RBESkuOC2uxfFqdQve7I2w36FD9bWSyt0ZPDZ6Z/uD7xOKqsaGHC9aBAarFVH1C/hCZn60DVwL0u6vFl9FuLW/cfK66jZB0EgjNcKPW5uV0n31RE9p0c/3KZ7TMLD8WWdO6ubKkClIFwAyB+gu3P8bu010c8yAVFLguDfYBezYAFKqenuUWlRgZ1z+e3+8tqvKkg1kIDDxjf5m69smT96UTnt13/LeYhlFWC6RcRT/rcqvROgppDr4if0Llqgvt8joB9/zpL0fklTkeR5oj/cH0tyTxU//5ZHGtHL8KzP75Kj80dF7n8Np7SemopUz/g+8IwnROVdrbFydEOQMyDEMkYef/NrnMBJRMgeVDI5O65bexIIJxBIcgOWoqO5qT70CX2lwmp41/o6YD6sh8QvdyBZNpLcBiWE8m+BfxRt2dpjtZlU4O0/6w3iaLudQMCWwMDbEzAkfRqH0H4ljbvf9ajWnFfmM2dX3m0CVTih/Q01IIbK4bKL/k7decng3snB552UfkJSHyrM5qXatZ/TSl+huSHhs9Wx9EHbveAgt2WPWcROq4b15/Nlr0NDJpCzUaaIzSuxOweh04LsyS0WJ/RDivJWIiBQRmnbY/DL8/9tJBHe3lGmL7VJ430otep7wNUW7FCPTz8fn1GPCvP8WQxY6b7Gr7hXehkaYOwGMjmWzx2R7f0CTltf9mtl7aDRyzUfv2yn5Q93hY79O2cwYbS5H+FTiHFL2uu65qbWWa08n3NRhtF5fzio09OorKPgqwxX9Oa1aO/6LA/B5LNOq36B1UDgEPv4ie13LmCmqbEdgIni8dVLIut3Pk945VAih9UGed3mA3/LvEotRC6sSncB0Rboh0bhs1VWtkdGtZahn38ZXCPWjuaX6r8MOKTzmVBYzRv1l5QSoF0cq8zrPDjxo/bh2sknwoY9PROoHNcZw/AEI5Uo/Xua/s1aX6VezJag4mSodEh9muZ9IyD8rroUv8hGYZYlar9LfzCrwOcWm2keiS+cXLMe83sBvGxpVVLp2ajt1KBxJHoTz8pLdY68WDHH3/Ynrep6xroRsMh9K2M1kfMpKhI7/VED2q97t1iNO8OBxPhhxPQl+QcSX0zCom6hTO8AVv3EdLvy2xJ2A2xzVfJ6zmnUVO4CvjddTQoaFQb33ujGN90TR7Dr6p3WJepR7O6Zvam++4dFcfcAe6w1cssXhi+MCvlDxBVCciKIAD1FTxDuI3GUPD3KUkzqPGShygZbRdjYQdpD/eIhcX9lIixX6akNe8rIp7LFeHsxeMzLrrU56EkFQk53Su8uxzeNp3S9sPJynlSesVnyr2BKvKYYX9csIJFX2N3LbvzYw07w8qfSI2bqjlAV0G9GQSe9nr2JVNVgAdEAd/jH4BcUK1LXMeC3hoqUJ0TThhEH56FOu71vxDXwT3teg2XYvdfvegrEGvfUxHbY0HGALziC2AMJC+5pU92A2sjGw+gZvTJP6UMFxKZuodOd89PgL3l2C2OZ6Kqt4bRcvX7KX9ogb0Q1vthtxW8aYzp0dkRGs3PtaN4X8eHP3UG4B3deR5W5iZbJtQl5FVsS+1sKRnTMMh1Lreb4QsgaFZzcW5s6cfMMG2O7ZpFyVC6pgcmCdbVL5v/28J7C2HRqKm4OW4VGqSmoPc6Vha6ToffkArK/dahzA4l6IGrWzrmezFG5bfk0l7764zmRc1FqXi4yYVoin5Rx0OI02l+dNDtmMVgaIcY9cdpzCbaeM036lOa0dWvYTcNv8Z/KD6pCcnIry8lbiBNPTow6dA4QPsLr7Sna2dQiJn6CWDgKECtAsF9ePqQDkGFE9jQeO+I6Dr2/xNg90g9rL0Tn7Jj6Lmpc9md4LTewivXS6vH/HZD4GGYoM96teK253kNvCW+dkuUsqGAPhvrfDKtavRl+MtK5vP2BOgMUvMpKksz1ygpxiQQx1D1UJqvNh6s1QDcsKbPFBkJ07TMFse13FBxew5nutHGy9mcJFPNkSTYWtfs93L9yviBA0cs3dAD2Fz84fbytl0vUJHWyDDNKaN7ot1PquGnNIcSE3ZZOvTk3zYWQx0w2M0djhh+qhhzhsF+xQj9SIwKxGkrcEni4NtaZ4/IXyGRFLZw0VwzQry5gxfVVjKy8MczmJfeILj2CpRszbW3QOJ8/qetFsDlZ4zid3gyJHWyd9XhwLZzBmtTNx0+6Sbdmns3cXUL7Z0plR2G79faPVtHfPRNwXFXmvTth+qVuz83PUCR8OrNgp3PUihgJqrOqr8SlcqTK6S1hKx3KEOKz/4zgwcOUDGndHxEKu3tmp/Z6VVTA0F/k/Jh+jo3KeRWtbo+l2GS7N/6/GXtATEOSjquWF+A2u1eCNPShAPOT7FDZHSARk0LOnhmxin26MRz+vPy5MNo+5lMaXva7x0PYpKLsImvE3boeQ4RGcKMABVejwuD3RkxJ10O5T3lOmEnaZ5gzXt0OJeSLpk7iUzjs7JUT0pDyEJzzs49kM4oicmsL2k+T6R2oPYWZXNsCMVXVIe/Cv9Ojh6XOBzyKtPv9iF7RA/1zI3qs8smUBhVczZvQgozwGhoHEt77oSeuEHDpvhSmLOxkSdtTKMprG7DXHRALotw9jQvWExBXkPLY9S4Uu9LFsiKFBrl9YMX8MP2DaRVdwbBQEUPX9St5J++JGOc7u+zHQqjZJ7YuHzNbm16FEb7VQp0Octh54wuOuS57MBUb0Iw0zpVoVVt39YTyblz/efKplPsema3rA8WwJrrZ7dyyZludZocduGkm+vVuPihIRecmGbj+MfAz/eSy2wrStesTEyu3UNlCXWlk01UeDCD+toVM6MJnezNh3mZW76BC8mZzbjIILZjGYkpu0MYYDNG2KkvhpZDaK61fEh3Vz1ekSrvcgM78Fl8Ta5FzR8xtl9i1A35Z/E8RfLCYjIL27rAZdYeptK83hbFI5bbcm6eYQc7BMV7ejNj7oOQY9AWPORHs+u4Wzb5fmpRc7EI5MV1g513zAULIseuvz8afp79QspXQAGKlqptDH1re/0hOwx0Cq+oRQQ9RMn6yK9+feCNtFkl69yaAS0410Vc+gbM+qrZ6VEBjbCvCG7Fnw5RpD4gaZvpnPLtgULdZRimkPT/o/B9TliX27jbBwKtzEDF0yfyJPqQ6fLbYtH3EN9yE9/gcr26NkZWx6c7jpJADFlZtIJfnsme2QxljHxvJqzceJVwqmZWPSlH1/fr5ljC/rl5iMQob39tSksODRydIP2mpJZtHs8oanf1T4N8imNVYB9PBYGEj06ztio3aQrPBgjVHfBVWQ89HqaAYSvlBtaQPimhlas0y1ornYQT2OHAO3JUWM5yO404rJ+v1hiHzWgX1MsOFCwPn6EHMittnSfxbEChsTZZa4dT9y7LDQmnfdku4xFaS7+D8NdX8SiZwKwX2AZ9mbAVv18veNVOdvWXHiEI0KyC8EoonBFnFOfV4MVD8GWNx28C9E0/wkoBt+KFBlPKjRnHiWystDXUP6DBf6ejyjdl2hqCNrYaBh7TrndtbxQ42sb01lBGIAPmpgV8ig5TJ4bk0i2mUnlJTlbl+8oeTiTVGR04NqkhIfy4ex18IF8cQmRB+lYR3SPRBUanu7R7NlFSycT6T9xRrnRVVZ8am9gTTWVdaJaEk+36inndh5PfZVCLJS9kb47K7HuPZpikDl5DSiq8A8TCS/CZtSnoK08fku6ztpxvdZbj/uaa9wr32sapUm2a0uLz/XVj4rPhzJ5np7z15DZoaCojfdw7sgvuyqvhpGDRw998f1o0ZElnLAvVOxBWcr07GQW46w49xgF/+I1OXsBqss19h14+RFAtdJYogb89GZ3L3bTGV8CMvWs4n5HUOjs3WF47aBgU8iCdWWVjLrQFQZrZ7v2AAOAk8mC+VReTjrgu3LbmcBP4MB6qE2ck6aFtcb695GA/U56prmW426Kor+dCz7mM9Yyp3RN/3/2XXdtVXN2/W3OJ4T04KWH0EkeHYG0YVKXzR+fNEazXD25keAyQ61pVEUAPylT6LWcOHPSbHtdPx5/Ot+RmAiVD16rxMaqfHHZWD7M1b5N0RtXjNDgW1NpOMo8Frmxr6lfRRwiwety+ead7DUxKf4ruSCNJ5+dtDybb5MLU40u4ogfHniCi4L6qVjSOnxOuJxcX8fhAELmn3d3Dp3tTDsjpJN+YM3E+khY5/t3m4PidYUhLZNFmwAFOd3uG3nPSluV6Tmc/L0vjovid9gOjYOyx09oQowWtNr/NK8AdpFZS+a3/v5mvz/AnA3r/g8/7RsRLUIaQ0VK1xOPhVJLVUfbJuxXyciuvZFQmRrTYtVN/JixSquqBJW0k9f9aWPpq3uT2lpQhiY9RAHkl73fWPOi1alben24w5YFq1HlY96UeEM7dDVKIBZhwiSGnFRd7mgEn3pxsgS50dDN03jlUHngdJfH31+si+ZXyG1UanP3Xxf9fhlgurFPW1QfLbwGWdkEcUIN/iZxrpZ/6t/JxupQuuer2Ig/YyiSpjaayGsy5BfJin2yWAnOVLKLdVrQmtIJ+CIvry7+5nM/wwG8P+bnqf6kIaM1GalQp5Np1mp7XROlJ1lLTWBfJCTA7ImTh6GXtQtzTD3vbj+LWOhClWgz0PYtlNLI3rqa0+rRZmVJ9+60VN9hPqlG7jh9qfkM/xdwq+wzJYG4kBwIFCyKym1nKaxUqeVS3Ud3C3VcRthX67+iqKSggSCqYBuflzXJzOdPA07KzLO/JT0Ms+r4fPjvqwfzryMhx5qFw5d0Mb3UIyicpS1vzp307gobQ8JGZDohv7IE9RX0VPjUUuPtUFDKVe4b/0//lWppZsmrR9j7OIFKhXZaFKaUX3RIjexYPrUfC329HfZtLeZITTGrh7p1JUxlLpe8XtnoTRBdTGTTJE79tRBce3W3GyuCQjeTV+9xo4++NY38tuSprXvjUOvQVl+kvHjx8dAV7VAns5ibp7FSS4NXxkHE+g2U+yYVNfqayb1sLo1ZGhkq9cjI/pN4rweK/9Yq8tVZ87TcdEkg+M6/9k3h1tziJZC3V+8eQhyy+Lzi7EjI99AfrYNq2Xdjk16ffD9csy9u9TUgoPSRcL2j+tZyNC/aENuw1GGLrrE3aZ67pyAV6I+SVaJfZmmOOTP3BoP80CDkfLj4ugOOvu/kkH9yy7/9dW+2EombNb0LoqJc8D6rlfalVc2mQp4buBO+EApo4jVSF8nB/fdrku78FMIPhgV+Gw8SVyPtt0eDX4KY0nhJ/q8mLFZ3Q+F7aUH51xr5NTtyKbL+Ynl9O4mUej/piGk8zk2VBYLRYof0u7G2Sr1yUa1Hebq00Tv1XAsfO/wLowbD6oq81jLfsx2UVO59d20keB+JsdHQgyXAsXCzRVJrbneAX4s8R9uuUfruVZmGsNjeSre5i62HpidKaeUV+DOJjf7HFMdbygbl4gNQCmGJt3iexXnY3USdJO8drMT1nOFFnEMSnVRYte83vQP/RnbW/aXx/spMkyRq8Jm7+Pl4ExZIruY2YhnrGWfBe7vTR2XD9YsGtXKVCNGr63wvwkL9AukgyA2D6PjiwAFrRs8u8qA5ao2yIHULik/1x/eIzOBbycPBTO3+Bqy5Sdqs5N9KOuPDa9jm6nYJipKWlSz95gmK3JuNoNFjOME7vkHHVZqzgo6Q/r9cF07uOoPpjqpq4/avOTVQNqlboYC621DBP52wqyKnQc1F1oI/bODObMaZDxeGz8wVM4jXxsD1Mvty5RGfMoh5stViBVqxQ/djKxlXEhFlpSC46S98yy+8l+g1QUcGJ12Ka0bnALQjK1kX90V7HAwdGotKRUZoxL3nuejjldaDklsP7XD3FJrMQY7mfnsE1V/0Y4ULq2aYDAXgsq6Tdpv3jCtEEAFRgqVUhzKZn7zIq53GmOcF2N/gISFWl+oxjZeho2+BxP3OLXVoyw/UrrTItH9cS3X6PjzRewhEiyh1amVq96WEtyl5+lPTcBXmjz+Xr4qYTAOKLiLngbFvh7xqrUlDWw1dF9ngkEIGp4FxdpsBS52fH4Lo0gznhh5Y8QWj2goDsNmzK6VYJ7Az+KffsTVtvrDQYHrPHe4R7Z57wy7qE7EUOhkjlcLE+bLUOTQgxq/6pRw6doRA6jM9Ih5XdFL2dzxZAhymwOb17KssHznzhs0A41JheTVBaRTTHo72fl7fVmr6vqWJmm2/3RMg0kR5do6jAqi6xcc6+cT4ehh1Ke8sjKmjBRPyJ0xgDZfnCZptFziuyMD9nbMftFDOZKUrqJUUCe0F/W6lvSDp0UcyD/MiXKI6W3cPMY1B32cimn32TeAVrzE4jtHz/LlXN5s1qVOyHXgGI4LbVdYS1vswym4azYCc0LC5dF5nRsauhqGaKzc3ynnBu1+J3wUrG11eKy4oOSwEHttj7isPkocQ6va0uFGPSOq6zGN1os01rE9ehl29zffUXDtcgf2TLyCzUWkxF2fi+JZ5xGl6ARl0a/7q6CjBwgR+RuwaVNAyxzBIrATQzIFWFb7MU9FLdy2S3RD//bSC27UZod40fs53XUKJu5n5ukzxsyKczLypofqGLthXnqyPnQwFB676Qd29A03vHabHNvrPEtf/dGzPEdnBLboyRMxAntmcG7czewZp9O1GA6gfdkiKH6vFLkxhID379Olx3zvT7uiXSy3hMaYx6a2dVcEIRpusWWbuUAo+emlIAju/U6IJ5ScFupk3Xq4v+07PEo9JkmlduRRkNEweo/HrKpsNNq/YqLlbuyGKHRPuzGYNDE8h6fL9EvDgv0Q+qnZcYHQjy1XE9FLSZ90hNABFoPnVJCcE22qviCe3T9QiO7Kslm3Egv0+EouTemdR/sY1XjfW+63drn+pF9FD2bElXvsRtGxfgHl4HsTo9MqmutNLcfP4Ma/NCbHu7DrvI6D4ImxR50i2uSBho81Y//poXObhX41usO8ycOdXriMg4oO1NkZ8gR+dpBjX61KsmuDTmjKADn9rp3LhM6rPzb9uWSN1RGD6tBxFFZvIL3KAiRxVgspJPE0A2hb9HsInwx+1UQMYRj8dW/x3UXkoC//VVgnd8I2h8tav9SjWMEnC9wMhH6sjLQEzIt2XRNwGrwlZiONA1LYa9cO0K3h9kAvq5dJKk0HQKFAmAhe0RK1ESzQ5oslxzSrKy7gZzmhvMBtxACGV7a5o6v1BRb/i0svv6pL3u5XhfRfy8o19/IZpUVMfKyZ+LsKSRBeqiZxlOBpHgqmYPhLJm1YyreZJWEgwX8MEgBk89X4vbrwTL9sO36V6nBqIDsT/bMER9dGFersiUYFn1eX6m72Q3EF/rJebUuoTp+zoFwYzioZ/Wba6m8zsfXVMcjic5uCew/BTh7doUyzcURM/ZssuaUN6w/cz1ToK9iakpMvO18ShPAV+P9eYniCsffV54K2HR3SazIAs/RXP8cJ7M2NU8RhMd8pmPXjkSknQyXFarkJ6qzn+RiN6S/FT4uyK5eqWGt7jBAWwgmNhwVRtb4M+FwWKKzywseohSx8rHEVLdOwwntPwHW+5m6jU9NoFKLVwn0eDQx6Y666qI5F3ePo7BQ+GbxL1OhYpsbcSWzhyKlB54UG5CUy4dUKwkDWlIYvS25xU+OIdQMfRvyYmE2SmTrh+q/s4swukHLRXAkTSqdcBVEJLrQDpdc4qfmpeNgTD3MT0h0yML5NDDDeph3cAPC7XE0bHewCM2c4CYTOpoawON3RFLqVPa3NPpAuKKVasFH+Pmqitd0HCVmwyjIgBX3M4zV2ufothbfQnwXcmf3+vproLZAjl1OLxLVZCKLZmXi/XkvXJ125njY/+4CMM7ouqGven0vRWjIL2IjmxAKUyUlVX0Trnu9OgEGpwHXRurK6OwC7SPJxtGLyNjW92s4N5wEjnOkEsNx3ffvHK/lt2nfuZjNkPQb0KCt91cbqyZ1M3ycJg21Arcdw8ewwnyQYmIXR5HjtQ3AfiZLE+pPu1ql2EBKqgcoFDmDVUsnDfdXPfSka3Pb6XMzuqpKo7Pv/0z3sOKfgt1HQhW+2HXB6h/XQbbmEpfDxTn+KxI8eTVCptVElGIAcaEh2IeEvU0ZjVMtXYI/aMjjz8YnUWCniSJlUkOMuEKAAGmL5KmHYzaJRItzZBVzJv/mW5DnXjmcIF9XxG89m/3kmDmBZoohkVDMYeN1hO5edLQnZCqJEv79BftAr0zmNbGSyGkC6ZTU308XqEG1Ez+JhJds6YLvKMfRa923OO0hc5RpqiVbnfGYD5dVtDicNoq3rBfJfK32Lcw7nY6OFYxA1+Ld2tlgAVE3fRJXgEX07KJl3W0UBO3tF3Omcr3eKBBr8lzdDrsJtlg3j4926LcvJcj8AV79D6SYVquKkwNulBhX+tyO7yVOdTA1kJ/OCUgN9PTu4+D6lY3UqflhaFXWKHM6+eiW0t8EiN2wcWa2WVRc/klxLBBLW38t7ZtIkxv+CvWe1eA7lVv8ROfWhxGqezP++mY3/xdIWA787i06u4sBcPOlkNPYXL8Sfs5NPE9wj+dEKFP8VfWzojPEwhEklAn0zaycGy0JgNUCcNq/d/1qjd/AbHU7JqTBdlCHLruHeZLeOyoMXWDfOgQltJzpdXjVAu8JmsBq6FHIvA2l4jwuOD57BeqzMN1jLV8ciHr1nvYqNOzDT9SzZO5dbyHrjrU5UP1btmi7QbjIJe3D8Fl/PXaGrxX2brrY4UTVb+wGYSVc/nU5aM5mzbGu++ZmEhmKSfdfRrj+MzaChyUMmKZM4xU4m4OlUkzXDTexN6nYo9gBwNs7t5u7tBQEsp6r9NCo1vrqJUWAivG+6afiBD1SEJP3DfxLGmLzuU6WoZ4Oe7rc4G7NtJoZUpQPQHKbz6Zfrn5pgSCy7fBfHJ28GKr6xGEe0vbfPEl5mzubnG6RCpsiPOP8LqdD+XKqDa/9tnn9GatmsXqpdYZ9wYJlcal6Rt23w1pHlkNZGqDJvZjN5sF7WsRjMdGz+kxV2gHd9upowOCBJYzNGmgTu95ISVFP6+aozPVmvLj4CuxljfLQ1cBgdg+fCgH9CJWsYBbjDPBRBQEuw4cK/QqeuoauH/9xUtbIvgRBap7Av6Y3JAxp4dPDucEcOi3L90qKjlu2BzXEqe4skY1J94ipo4ZumIzQrzOIYKsJG13aGPDTqAMzyDYeMIQWk7oTZkx9gT8Je6z66MM9uVRGFAUr8QVpaK+/oJiSMm8feENNRRdNCQcz0QUL3Gjolap50YJelYbyY4vsBVrlHjPukZB5D8mugj52TJdlojZ49seKACs5KiPtpi3H6/LWl8eEHgutDjvwmbKlPg+ERFB52/X8YcOZYvPZiEM/512gUQVb48Yv7HGbDsNg7ck8hfDABMtga88bKrf57GhRs8mutI/LtMMpcR7GSkaDiWwHbV6HLLUy0ukE4Udt28v2S8Z2LSdmiuXOGU9wySGMVELzhyJemuAoqonDD9vnnrcnTL+Q4plmPjCNb+1AbwqvfTbpdlMExBh6sDWefTCtYcB6GUdos1BT6SdLHdtanv5CRw2rYZ7e7tSOXOAD4AYGNUEROL2ptZqt4+oqbG12XZLO86fnV0zmH++LahW5mtHndORf+aLbqMZ6c+RzUa/XBKO8u5yS/9pZhRlZbTb8mZqmuwv1R4LpVfVWad2eNZjSRRWx4FgCxm4Ij/IdjPxZs2J8od9vzOJNn6Rd9GdJFKGuA7zanGQHCf1rsXuTQA7k3wwFhutMqv3+3MCPHv7Ej0M00xw/6u0V5Q0IeH2QJT7dzI/eiMWPxkcaPWHm57sgdCmGP8ux5n9Jd0i/KLF1jNVL1wOm9Pv5tovFlQEhLvNNFOhA+DJbNGKqi30dmxee77ZIQ0WnztlDf1mQW1so5qQPC83Gdwpwtw4z7snndwwxLwM4D+9yCHns0ZQr7JuiNpgZC0JH+FeyIofc/GIKcCv4pehd2RJjBfwNvCu5zLt3mvrRJdPwyhhk4Rv5jI1TX1d+M/4qk37nsVdOjlH8hPOUK+yjfMnM3wJdz7d8BXPea7NAqKYzQ5lfpADRdkH7TLboPNiIrm26xeNMZhh/jWUXwXG5DZLqQJIull0tG92qYDvEBtN4dqSWNRhZs6jgo/K7+rNBgXay3jYxjj63J8EbFJJsqfUVW2ypFPmT7D/WFkLEguyYxC0DHjVDjG4v9PnRyRCRfCs1R13M3WIKqH6zocvpRE2j0I005ZiL+RotsOXMlMq4v1Z3BBnXw0oX9XL9y6vkJ/BBtXiVGLHM20rvm+F6BOgjiw2ZopjtXJW0v1LjM9U/tFhlYshzFUeDzqas0Tlh3rwvKZYGPlTUcWuvQaD+H4THmswxHQKRHuJY0d12bVeMMfZifH8nY4av8nTPzIZZWrYwK6nL1/4x6XWv0Eelv6//FUDs7n/9OETOU2i4hI9jHhOqfDK6VHdUwkJLoMnvpi8yCUxO9Lit1S0PcplnEiUuZ3k3MbuKpeqDke6r0+aFpUF//BGBNw4K3J+173z5Yu1FG63g6yzWJqwS4VgHTo2Svu+fYTG+L8CspXuF0XISPd+hErKq4S0NYkDrMNMyTThOXo6icFIkIZ0SclqH/o4/yQVceUloGSPpM21s4n0i/KWaFyCXnlQ5BG5n4aUpFGBG56bG/h4LmQoW6MIyluMTi4pjB3WMy7F1MES92rqMJ52yVprbAAd/355W4QsS4CSy3HvyGzqL+0YR6VIdn0bdP33tn4rlJIXsFIdXssoiC5nbZa45qMvy1sTWkt83vRDvwG6Q9i18vUXzmNlhIufiTH3SpHFzwFvq7qHDe9+mXgmrxIFOLrS87TaL+KnxV123f5op/n+P389o30ODxQ4yccwWFtuBb52HIy0XzPT21f0SrojudrGEvUffpZ07bvlpsL53a7ozoLIak1PN9Lk+9PaJ6siSvP91m2DBdN9m85A7YV0Ce0L+SCxdcf4AIue5V2sv+yp7+qPxLNR1pQh/vIzO8BzqNxwJ+T6r2wTr2fHvlmszChVXlRWFT8hF8MfulTeehiaMFFAXDTc9O1FKkAQ0iYnU0MCN9ZnHJVhVpHgglDjGI13c5htdZYGDpF/6ZRrJsNIYg3CUbfz8cGng0v5qEdank5Kc4gpSTlfvWaIFhcdC/si06BvVMN4OYFu6Rk5t5BEFKz5n0HEO8Nz4nGPFtjFuwDMFcn9o0L0iWrMkwWrI7t75hoHGtEqClheW3H57yrpgG0x1pl6tS7sq6o5qVa+3nfP5jiu4b03htXDgwcM7l5ON24hIFW6m+D+99IfHHRBDFGCYKcJHkiolM29nMDtv/Wy4q5dQkx+rBT5E6bW2pjW3TuU1XTU9H94Wx9O8fg8SnEdoD42UPf8zBDkbYR/qhWXwTfdzg7/u8fMTY1ImzoK++mfuH7qD8MAx8pyVVFQgrMYhl9DsV18+icHBNBdJilRS6fLrqhqit5DCN51gXau+6AIxoDO70RRHgRbgRbhCbU4cB+V4LfAWS3QTquIDeElCrqoOYUj7nUhSkpo6yPS1xmILC3g1dkIPkTIyhZ5WWvixMlZ7Ymi8TiWWZ88S3gv/mxpFr37z3xtKqhinY0Hup1PB/AGURhXGKsI8UwZt3z+vGwmHzjbLw3qMoP6+zRP3B6Nt4c5oSnCLTyQ/Wv3eyt5SE7wiWvSO3+7PA92djQrNpvJYJW53Hw/zrUBqJcvqK43tWHfa/4eqMb1tnf9vYd9BeHlD6H4X1YjorP7K/mGiUEdPx9t7nMEEPk5YIIxO08ILZoxipVspa/uksD8mGf97YPbi2f0ZFRPuS2zvdPLW5j5YvJ6imNauD8r59V/1EvZgzBJ0BuHhx75yIJusW/0cUtFDDI6jym6IjDHhYSIV4nWghgI708+nCy75QaLacQ0xU5JTBpw9a9l4gL8N9xKftVMmAjCQHXQaqpZ+PanhUvEn33uoUIN5vItFjYHBKnZq3Cg3f/u8p++NXhrxxw0SotuesJaBdHIHH+tLNR2na7oqeXMGkDwfJYVDWIIim236tRX+xusewmy3n6nEHMrvnKZ7ZfSuwY2XhL3j0dq64fd6yB79kM3Qmdn//i+FP1IJHFJSTP7+GE+sajWsCyeitH656QlZvQO0T73aTOHmtLgcdjYqVr8N8um8P9s9nChJIc5xCrAmq/IohbJ/5f//vwopjkFN8QHcBqApkpZJD2BlAOh+xcrpr2ctU+6u22X1HPHfW3e5/060MvcnDCd57r4fzbSQFIC6zKAbU+y96HgiqRx/4DHO+Ml+F17517vfZkq/1SJkWsdYgj13ij5R9UrYBoL+UoppLIp9qRY93QArKrjHbLwuYs7QdJTKNFV8Dn8pj3tND1lPHZpWEaS/grykmGLgo87NvzEG2f3RNA0kn4+w5JQ1+j5G2JttbDxZha25ha6zWvCUPsk23ghnWuMLlpInQbF+xEaB0tfqfbUIT3BtqIqPs1GhOIcze8Ar/VKyWInaijUN/cWnQk564sMzHfciahgdzY0b7z+L6erfs6sNe+7tmkMaHNzYYkxrtcypHuq+xRrly+iF29L/5+OEhBq9utvDJ1qfb6ENxOIZqHVzsK+dppBB23j8FXWhCtxPEUB0db8J9uKxRdAsIGIE1c1PfPCftKnIrh59fDjFZUUI7C+ejYOC9i/sT4ywSJVJF8V3773rq9614ApWPHp6wBcpet7N7/nUoo6mSqPQ6wlJd/V4WVys5nsjSyRHgwG6JT8JXSi81sYXKFJ6XjnUL636OINyJiryFTzaeGxztkATjk13xvRClyBL2tIvwlo4s1pTqjJFa2sFQvpT/h0tOpFr8jBnt2AZzWzkAbr8vjIlPRH4A1NmJhafFB+mEFIr/NXyZYWKZKX48NaO+Le3ishN4/ge5LiWkLe7GzOlO+vYawJ72cCHTQaKHWzoX15yBYMr9QD9uQ+7rD6XWheP6Mxr/RypCcKlUC+KYvo/h+w7QQzgzaaS122QgADDIg9fkU3awTe+7r+azvIniqgXGOiDW7te5nM5SWu5phinB+pPZ+p6kwhMZakfFgt8F6dfxVg8pXtmXiQTSZ7uK8Sju8bKHNqhJMXdRSrFTWqg7OqAU+lE+JRUGeic+TylW1oqCcQkNT0dR+9QmZEasj52MljWlhqn5D083r/p7/bJZ8bPwPtVI8FcbZR7Tzm/c6gnJ1Pm9YCKj1FFNV5ptHbPcP0L7S/S4b08NYRsX7+/D2spUvhOz06yVQTuw2j6OL6lRp9RDqyKCy67c8j4rgjYA//N1XV8UQ64ntRBkr1xoIJt0O7RxJkXhq+qiMlYFuRdh8MG5ajpOdf08mqd0W0//nlx7wyZV1XFZwfLW4xm9YV6Mn3WAp+V2sKnNeqNo6h/pNlWfQo8FYb8n8L4QZFY0nZ8aiCWHankWCHN7SpRjiOfAQY3zTi/VGYu6tP2fqlG8R/LwCHMPQhMVj/V1HaIJJ+xAM0DT22m21zamnwIHgJgZfg23HcQu0Gli4dLV9jBoZPeJKA8hH3ZSFg22KmASejk5U/mNfb17QoVfSlorKcuJL5c1/LPYBl1xFTodg9Rvq7MtAy4vC3sDejVqSoOSKpp7z4WObdA3zT2n1uqT9E8htcy9hbpV97NSfx/rL15OJT/2zdespXs2RmhSIXGTmNUisqW7OtkbKGEoeyjVHaTZF+mbGOXEGOXEVnD2GUZ+0QYhjHM+I3P977v5z6e4/c8v+/n87uP4zoO/rkcrvM6z9fyfp/X+V40fWxhOeDMIsMrqrHpyv3Gp52jX9LUeL/1w4KCeJQUL/SK0jzIQxmmvW4EI3aEx13S/mtee6ecrddCsWadG9553rjsEHvjXLRm02Y7ZbEtTlZP9eSLPE0qaX7E86wSOJnuGDJOXBpu2dnqSFh/wwepSrYLGAfTxHk6OLhO/2jfhQXxwh1bEK9kFeBqXfbDe+RTcOBktrGU+3SDpdJYotzA334LV+mzmh3KgjevZqRyzSlOEb8WOLAKqmtm0/OMDjL3pFBRjWD7532FNZiSvyjy1GVE9HGRXD7W4SG5p/bKDSOoV20UvrWzZEZUCNJifSvq82Wo9HPVyJ4fYaKRGFijJ05CuelzpLF0ph9hTrmo2c0hvL7Aaqywwwa4FYFAv1alv55ts3VpXn2sKk41idqVUAYWLMzxlb+/2fE+q6PJ+/cWY3fmhzO5jNH2QxGht0bzoZn6heUeZ2CrGPGxwecntWztBBhuTUGUvQdMdVpof7/Sw+fXDZ/XqrKAu1H2BvplpERLmPewQsH49JcEQxntJ2up6gQFnBY/eufGN6mY1QrH2rT907Un3zzEnK7NC52X/ZuQ/Je6Ft+cY9ley/OCPZXVfCjyQ13EfTJNaPRrXhJntbh3Hbn8zuzxDto9ud6KGmR3cAv2TMfS06nSpNIRO590uMztJi+dR/F/QcdNQGbogWVnCo+s38tNHgE0pv12uA5zOIc9JpzV3gCQPdVTgunLUPXG3DNhd9tyLATf7N2V0nnuY+sqRNkSI+U6LL8RSie92+E+4hZBkhWSHyU/QjkfSoYGX+uIK8u6qX/hqdTXqhB4XiL8rspVuLNHLq+2xkum83RKf8Igoa5DCw6nTJQvfeZnUAxZwngXmj9IQHunzEsYUkwhavg8oVDRyGfZ3p/vrbTaUJzMS/DXuFBKPwDzLeQV0VFjuXXj32ftIx8bNJLnXoVeV58nwFnEaM90q6C29+9GtIWzYIK5hzRnGEikoo+t4iXvvHE3pdJh9eqSfcHqJxUBQB4JlT6XIxv6EOQ+St8fXhZM2LVJJ4vtpNu4ou1YJx8tW418jNcEe8dvpUp8fszhSeex78UmNXvsGsOjuT05NQpbOWOaLT/y3T7cZPZ/lWBQoho+ZhLGaZCN45+X0sa/C9cnKpnD2ztCCJvFCHK0QiE4ZgyrU13442I9IUy6XoUwCxePumMet/sGEbSGL6+GJrDbcu0h1gnJgbkPnC5OM0cb6a/GPHnFYi97vuITzIhJlG/B5DXTAxL4fhYS5MFW4fst0fkek7F4yRt+t46PA4bu3/ozsmKY1bewd0bT+DmJOubwgPMkXBP+eA4DFqkWXG3oPU8dG9YsuPfU+/fb4vFjQV1qFFaoK3Zcjsw8NWp/l+1U6YZPvZSbPmibDgnK0k+/el/nT12ybWG+kqtZm6AMpE1QucyeKDTyuZ2XHRM98TLk5Km2PLI4x5g8bPnQtfnIeff3juYT8h58jB1yZD+UT7WfCZHtM/+zm1Zi0zYyXpSvZNuNVkR3kno4LaqOwe3Qj4nuz7RYgHdtCDuf3HNPBvTOtw7+5uwt+gLVrLVZVXmdZEObnvFWRr54/ieYv6aDvkbdawq62YvHYCjzgl6Gi9xysnnkhDDIQXYWCWmFJAzrBicKTf5wKhOGVmkSMPsXDIDfLpQJTSVyyxR5m8qnf+JNVg7vg6IvPNHWGFfkWp7T+VAsdJMVl8hyg87s+fBAhpUX3IdgovV7MO0DSl1MMVDiZ2SyIcV36LNxuO7vhyVkevOHhhRHFGNFkVwzToDzEH/zqP3bsHxGaOBf00FpGS7eUjv+DzJcm/kGhjKL9lcmijwWkI27IUvXO1JmX/zCB/dU9jIYRk8FH79W8NoRaZ692LJSUmrWgNWcVHdTfNX4mf/cEMPogwYt5qoIv/At4Xq/GNKcD57BBHQ73jiRKZzTXjZTGDdPtU9j/q8pjhftpOv8kjfFElFZUQ4G/5rjOGVpgCI4Shj6xXdfPB7j+K55KofX9s9rupehLVClonxlvSje8liM0DsEyO088PE7/fELEhWkiFi5QyyWH3shSTiSfO2MBVGC0VZpVWzAypdLZj/KOG5EB7BFGlATqXn3WK5LStt/DEfFyKOaX5OJbcPih1LCPBabXw5SbtH0qPSNf7td6r/bCgd658NNVPDud9Hd/fq5C1hxFM5sfn1/8EroCdSvMmzd22qLmrdKjxemUs/cWP4U13JL51j7hqkKN7kquWFXuLM1T4+WeEaeZdEx+t+n77XovsZeAYhvYc6D/I+n78Xbh6WtI8qsMNncupmKo0aG3/GcHe9zqhmUuls/6FMKI99dyboI3MprihnjDChuHom2rcAj2I0algTcGY5M287kL77mm6CPzv7KG26QcWHdOMPN1TbGps6STuIri6Obg3mM9glG0CK90gBDA24wZFg8i2gUZkE4F21L4RHtoH/BVW6zKM2oCcY/SoDkPMEbXn0lSucxdKNFZJ7e5rz0VZoCiom2/ndHWv23YXP4uJY1T7PZGiStZOFUFGWHKLrbvQefeKaZ3pu1j+p9c+uC813fmZVmX8pLEeMrn73x2AOETFPuOFfskYPuMTKU74haf3ViLa4kNfPwz9RIPCByHmPshtEs9WYLhaYJjrpwwyxNF74xv+Bo+ngbZrfKgatYNWUXGRAWoSurjRDvgPLJGauNcfTyCO2hZGFBXMQOwF4i0iKo5KZ/0UuZvlYDjdgVq8AHldlKl9mY6kZQnPV4I9SD4xFpiiX/pxFpz7JAbtLgLBYQcdTGt6A38gvW+KyEF4cbZymnrca58oz/fUSaz2Ap2dhcyZTJutFTieUqCfhfTnne+e8Lgf/u1OiO5almwcvQevOILC5Z5lpPRk7t2lfMDmlVlz0uenWJsdmCMCTFyUd9I2KyTbPi8jqdozbKa15waEqb623zDDeojtRbK2Z3ceW4DoMMaMr8KDnVXWZsQAlxwC31Kas2aZVKKqi8cdHu8JB35K3l+ey0ibNCYoz2p+iyjNI/0ORstdGwQb/D+xLoCioLe1PK4JECik051kpIyQf2c0th1OqHUxy7EXwNj1T9prnwmN33VRmVVMjSqtyo7FYQF1CkWYEvn9gJD61/SBOpVchQoXeXxI8dV0z630+3//bDgvkvHvioLTVLFfwyyye+ydB+/Vw8L5IUh1ORlzKb0lrslgXkGHQPg0QMAb4mKgXjVOxDQB0pFvsoriDLL+7LFUNipBaK8VXcOxQVc540e+/L82GUrHJpWDygy+jIR3ONuWLFC76/aW5xycLSfovuTGZ7cdmO38BOm+yDFN0ICXMi9LOjhHIcp7RSmbTmCRab0oQg6PHYoaJy1X+NHTpVv5tDnuCDrcbgBX5buVRYDJsLo3dGwxib8UY5IbXnZ6dx9FOhtzlp1ojz0dTa/wdkHfVP+4dammY+DQy+fJe7NS47ovFFrKDDhpEDdIP2G+2STOK3xlpUfJ+uB1ZgprMHmB9eLbB4cPP80sFMYFulbeVyRqqCwib8cZbKqHMpsaymJBip0Om7aG9PJ/no//1KCA1lqI3VyjzfIiIoAOkIk30Atax61bN1r4Z/CNonKCGJzFH6ANSJLhDEtuqwsZuVFvNrE5PLOEXzs6KMSqcMhauHkZxtKD/CsCayWwe0bCrqKr+YnPW+Wg9dpANx47iChBa7708qPszNMWPQ0xCJ4+Ow6N0OxvntvH+VG6R99tqCAhQTH4ZQg3AtpbhxRXsmUUFFIkPijKL/NbLmgByKhXyzIS/vTywz2iwuLztAKFsJiDGz5R8H4fUReU19t6nYrZ091tqbnxgqT9QwqE7Ln+S+9nevl5F6LXRT318acMyyxcQAtz6yf9B+mHZ3BM1hKqi9m6fgGJfPkcOozfbdqnrTFQKGfm8Pi4vXAODdkL7TkANC+3NOXTjBMYAdl1rZn7Ksa5y6F/Uum42YN24CRssH7cyLKW/IiUqogfCiQ+I6y53uX0Ylc1ox8na8HEWFbcZILborcKNdothjduQhUOZOdQ9w99pJo6sSFOKd84yPXuVQyecjXCDLnzQDUw6L7sluHxodgcxqFh9eQcQ6ebEFC4xJGaJL/H3MlnC32PIDuiS+6oAo1D340Z4V3ZPq0xah1unRjf+nJPi/XdekmS1CJ/mHa4MU9NUWP1hr7/z0+27gdzcpiUNfArYqLADceU1QyFa7XV8I6h0QwiUoy+c7ZSlGPpYFVkVlnGzW8/eHL3LmbBdogndXEYWasL7WrL42gDtZoUgzRK8iKrlMfgal6TVhnNWXuDcKkNjIo0a1zzjn+OvECgZYarNJQUIenMxF2mWgQ2eHdBeJEfalwe3LwYS/xl7Myidr5rczxYgOFQSonwrsUXuRhey4kkRNwUUMpKYs++7IFknEl5IumRMVvcG752YuLjF7MnE8KtanvekJmzWlf5Im924ep0nhd9Zaax1aLJpS3128eVn3dcljdqCr7ADn/VmrJ3qkPLwEm1ZyZ07QTvSaay8gH7jxw0a9AwRoVkwQXByyIvJvFdKILOMmLHbuct9FW0kNJXMQEN/e0BVuBYoyh5dGlu+ymx/EaHO3EdR71M4zMZx4K7c3PxS9KKHWUGD3vrZB2b2duy2r5XO4dDI74GdKE33PeHLhczB+DbMQ0ruIYkOQK/tp0MRiPgDZz7gDW1yQ2CqKPyiGzYSyFJr10E2ZnfCfpNdr+duXpPhJFk+hMLU5xqlS8YDHoBzczfpOCX1xqM3qxWq+sm8XIobvsiWV/2itQk0URUoaCerizpUH/4rTFQbvRw4L/I6NkuJ1iF29+vgCDTeMg7V31dKXgDLLJIJFJiKejH6ukKQfA9Kj5HmJbDydL1f3ExpKewPjF9GTuBmhb9mN4suRC6TDlJZFnbqB8tuBLhQ0QSOW2y4a/Ovz8/iD1XugQOzPZJ2ari86Dfgl32+2TeHkF2xIcqUhaD+DLyeOXMnLvjsMcbHP5U3ak0oCpeIiU697tDSaCQHSuT+fqFHjDvwHUdF79JCTdjPwS+qJFxaOnqdkrbRcBfO0bhsXMMmIHTxm9k/JqbwdffcsrHQ8h9GLf7uhb8wi56aJxq5/p1S4GqXIf2LUsqCQWtSfpupdeOdqYNEbwEOyIbkYsevrvKqxtV1goOeONxwOo2LbsRAl/sLufcXvVcH5YV/lDg6u4j2vDXNziG86qNfavefXOwgwCsIUaNvVW2mFbo81sFV3turoB/8s4i4bLLiZAS3MTA9YUFJ0YTdm9V79JOz2RTKL9h52r430/JgrGQ4mvlOtccfssJ/84wucwHPQHoqNv17/n0SE6/hmYMEniq6xHrA9iVPjKoC+ln/ipiv/gOAX5w+PTL5NePK81VRpL2IMxDyOZYsXHLwk72JYp63typ/62wiuHbTwCBv/QyfG7bMO6HsEROnn3UFRJBQ64VhKVpeTYFdLOf7UdE1hFJAzspOrmYT0akDFNhfZ0zLmNYxZJC4M/5netQxsldCmO8t3u30lj5/H8KoXnptGa1bsFQE+ki/NZBYLmdAR0G32ePACsMuCW6chBk1eCOl7t8zVJuFQBli4dycOYUNeoEQawYks5niAYfODVsie5lFCjUu3JB3vbNRrnb+PICe5U3bor7Y8jdmiP/lHmVNDkRaXFXrYzRLFpDnZXe/gCyqd4sILYkwSyGqChQPm/lCEYQi0MBKIk+LLFHfvdbDadelr6itUC/G2uGIYXJUvCsalFDdr7/oVvAT2zxNAbl86Alev4stBIxZZHSAI96TH/AkRJbskrU1xujv6ja9Dl0Q/hnKiQC8flp2Xv5xFLsppKpITk5HQhu9W0YSUT1kKr3ZQiEf7pSwlpWs4E1FR0dd4idxhsFqaOxJ02BXpat9V3JRMTugP83qOqwBs7bCe/HOCxZMFoASvOFEjyXv9H6XL++N08Sr5RNEKvX4pq2Lrrkn09wfZDxXDSXliH0SDxSVLxWEEv7EEM6Mct4c6gve1Y9JWhNyJYuC94q/e46OWUCt+90NaHrBvoSHLzC8Kq3MRPh+iLiZv/yhvwn7f5NbNiOEvFfCP6CiHFTbjMWaT+voTWZbXtcKNbUXi4vkWGRQf3jzoGgKENJ736gHi6XRrvuOG7MBScTrE6mSk1kFMUevdGBwB7UZgwyOX5ZcPU/BzCRU6Gk0FMWtAru6E0W/lpBRe2HqlzlHfVg/nZZIQtGpY7NFJD5Frz9NDT6f83avlwnnazfMPtELrTW+zR7qYgB7TD+hAV+gHLrs5Iqq/B7FTPu129i8vLEsCr0DNU6Em6UbBkUYa2kQoBBEkyNNhGdHaf9c2MligOL8pJgVfzOg7YLoUE2EcTDSXwwGHHUpGLtFNHESfqVFBgtw8Pe3uy3HQSuMSc4BX+wKd8cnB6CvavpHtY0wn6Ey0MyFeMXhUulu1GVzbu/iWxX7hJ3XSzssh3WosUjXGSPQskB9dFIYIufYQEhtlXypIMNJSCxj15NmYufg9RKylkS28VJnGG+6witF/RDoMx6STIzjRrNh+zviJyEAbbv8yQPHVCg+Nb7U6bSb0diNapTQkYDuRJZFtii4mbCHD72Xjg4fFzf2xxvAlf/jhwsIBvtzK35Y8hOAffm/20Av7EO7GocP2PS282o2zOA0og/OVdSuyA182qPY1+/5cqFfdDcvB3MsQXW0Xw9fHXpycAHnXKQZxX0o5xJzicIirQLGn1uH7bdxpDK7nu2P/PqGjciRrWgtMdBF1gCznMX5PCybmie5jCAXNmIa5y1AelF2XkS1udUYmi8o7y/iGl8bCvLN+3f8oIPLHATmVdtozXPstDT0YBgDZnB9GHsAOQV+mytUCu3RgBcKuwlteBzLBPy8X2WX1Z41g3A2uBvITN4vDl/BaJbu0ekGTOAahx53aoONObcJfndqd89tBtNTmMgQkjQpvuM6Xn1svMGX/nha2erEKwe6wwLDAd3Zx6xsowpzhUn6eNI07RF5+agqI77dRo9GvQ32EmEH1ipx9yeHaDxNupPeFESdE5XGn9hZn911Kw1tvrMRGOYgIvdDkDoJh2OdC+Z/60vSlNVPMr38kTk8fi1NV7NE+8oimSFq3YiKZ7C9baSm+esxsqZA8LZ//piIJbGTVedr6zlWwT/hCjlIur3bckuCiMciryyhkGrIsZoDGOKirbK1IJ/YDKviDI4fS4nUo4zkAMPGijgZ/+x00qdMYjivUaSLQQqY2TOX+OgF+UJCTH2asIxrFVtBW2dc6t7zod6/dTaSMi/6AH70fndDP9JrLWglqRWesv1gsKuHLz2AJphGsKVhjR6y9alOBCyUXQU7IESxCRPANpXFK6FBSi5kOQP5HFrwHMRMOawKGSI7Z6Za3/wNVg1K/GXpdUV67PezzORkxya2CEa7MLrn13KrwCfMGnMWy74AMdIW38KWZkbbwW8P9NxIhRsGuFyyNTxmz+8TKt1d0ZOgI6mqvaqZuP8J/UnW9YgkDaONde5uC9v23g4mIn5KSFBduF2s+xTR+RtWTQyyuvRGnGeVeV4yEn78kWIjSeJnMb+Zb+EkDd/Ku/tKr7+obot0ElsuhRenNYXhaDTECZXz9xzoI24PhfuvxKGsfB6s1IPTaQ/jwsCWRbYE7Zy8xRcXmDsIDuEujGaLq/4CXUR3mmPXg+ReGVIUPgrORH+KMBG/t/uSBPua4aNGOWAyMcE/sb6qKiDIS1XabS97lRJKHrm/0C0uYATEOa0a6LsbwkRXxyBx29xi/oCgHR0OvBY5+q/2e6vzmw4VCeIhyZvKelCEQKLMUs67ceLee5Xa2XWibveDW788xJcDdYT5Nd7sUNNix9aduh1l8TsDEv7oIU3jNSv9XF+GEy4fQJIvMeCP0zgMPve49KGQjvUO+gyBIsnDwjyP/BuFz9la4tijNB3/qf+en3Fq9w3r0nqZCVcLmCv8+3YSe1oPSBI0yo6rsjN4nyqRyNlPHtj7oMcNF1TvnOoUTfiai6UseS/tbXDFzqD2jaaXV/snYRIMYbxfPHwTqAQ6Ly230g8HtX8xKyG+KCxLKFx0wtLIhjnSGZHWjty12gf9qmVsI2ldPykNoXO0X2nDtKL88EoeVlKZLQ9B73g3Ctwk63G4oYtdEDNkEvsqJtzpumRtZk5bLdzLcr+oHvBX1KgXzj2A6CwrZQ9UOyDcijeHBFl2lcQv4IKBMjFI+lUvgN0u2MBGVT3a/8NUdVNnOPsf6P6FivQq8Tv35TwWbpn229LzgLQHYPv8Az1IFxhWplm3pynnxoykoBF8hGa4k8Rbi3rsopc0uqE3g0T2brz5hLBeLuctdSLW6grToFRjWqlYzl6EUekeU76LCp3UoFi86fX7GnTNitYsLq1h6ZKVAmB1tpZkp3J2L4MW8yLlWE+trmxU6wd4mKvl5hgdr0m+D9dzX54xlArbuSLwV3PePHEgdMzfQ61Z4mMCeqLqEOf/FKc4IYZO6pM7iv2POSpSyo2xV9Aek+TnTdP3/EOTSakhkQAu3rw5wZR/Qva8bafaOKVPsgJR3L8ZVkI/d6nZQzwA/4ZLknoKL4SubkYBco7PmA4aU8f4DdwMRvbTjnrPAtXlUUozGiLrCQQrNrmaE8xOjXX/oVJBMdGGE9nh0Xz/4exZh3Bi+O/FEcaVg630DfbXPo2GsVeCr7GTn2IpyjaU1B9IF6GJ7dYcuS9mHHjyn9RtX/avoFEKBnJi7UpxFI/sWxn5HIkmhMG43UsowOKKtU4xRE9xurEWhxVdcdvkeaAMxJ8Uryk431TQTvPeL6MXqq/e0+jg+0VHB/yg+rn/FZ5QWH6GBMJyAhhiLTLbiq9qfglBSSo7Wh6Z432G+slvMuiCvQfP7jhF3zQJ0vLfmE5Y4RbXBSYio/u3x0dSC9oyAFPIV7UDsTfbUUVodSYiKAieMAcRE0SF5A8pqsTopxXzPwrhcKz/Mt+Duhd/vsAP2SuVlq5EIHVhjxol46+4xKTOc6Qi282DeAVJdnS8q2bwUs7C9cqpDJwOqhOIVzSD/Fulsj5DQzrYsjUyWTqrG43JkKds2u8DjfjAQTagIqczaieaUstFY5HdoxT9bLTh5TEHhgnTHiwUWoBlMGPha8wCvjHjarZ03PeOjYaK2n3YdrKZvFPPHLkC7PgFgw7lxUM6abEPHXrDhtGbSIsB/osNQ3+fdArSoUK1i4S6oO40ffyVJcKdjc1HJshhFe6h58yd60VNB2IYJUXh9LFREyW3FySRaKSnMPk46Sw1sZwV+6SQz9ioHEAMifzxnXdwEFW9YuVkSAHyfAwbK9BfzE/vcuVHUnsg8xsaU7UeYlV27kWq3OQkDf3/RwxIipqqkFaAy2wegmzr5ZMzteJFAmS/wH4HJw7/ApEis5Zd69kz08qTfT4bsO9iw5w+2aZYrBjem8/kKq4REgJ6eBHhxFgUIXOiC2C4TlRCbgx90WH9l6dpmJt8YSamKL/E1WBp8XtTUpxWH59a66u4NHH5kwObSoRNDXgb2VJcbVeC5xdYVzhicHRLzvaF9cqhbARol0ix45N6U3HaRN+LGN8QXNXOLZQqhDo2cULNoB0L9r7rjViPjUTaHO8tXH/pVhiMFo2JdU3Pk7pWqEmkW++pGvw1EnL4R91NpiXIrNDDzPUhZimZQYJK7/4BrUlpyxWk3OzhqHSTnp0DPeLSICPavnLZc4QbGrjAAS/PMP0Ambh2CMJ/uYMGw23UlA+Lyo2BB7eHErPjaKUN9Pa+e8WRIcLUkkmylIJXM9MsppK2cfI3waAE4qkaID24HJhfyuePy0BfMKJGt/Wo+YOJp84OSEfsJK+nyT3wDJxnCjHCmjfRgnLdDaUAoh8/Nge5ibSUIZUEKgSYv+36zXSsUlUB4/zBqIKwaPiO6fFj03UwIK4TLZuXJfs8iAx9qKQ1DoBBtAn9kqnqWmkwL6xmZFIZamZatpH/EvY5/ca/PqxPJQp7hGIXLgJ2XoBVmgYEr8skeQIiCDuyusGRj9tIabFzaqi0oF8AOXrySbNWzaM6ujV9wh0Yay+a4KbhAgnl0wcCFQt5A+V7TZKWtGDT1Q526i56uMVwYO5p6rjiASE5+I5j583NOfnKpr8XuSmuWXfaIDRCz/b6o8NCTZz8mBRd5Z+x+LwjBnq6UM23kTnRBqOXzD+fJaZ/ND+7l0WkiK5jrB4+tSZsfYFvOdYdQPyfvjQJClqDfWGuDj7aRR1P8ow8qXYqPF0kFH6z9o4X4e7ePV1hb3+4+S48ACPePbp2n/3DtWHbI5NIXcyXhdBI600A78RZNSZ/faUC3mZCKiWnchuAJbaL508PHfKYsmkSLK5Ki4w4yEmxtCGlz9a4GNnCmBCKvmaBoLhqLHVATcFpbNrNdDmTt3+Z7olrIdZeVrU3Xga7dRi6x31+aOBz+zQoGBQaZNrc84IsvPr9AWZRIRuOZS8jFysvOZezv1LSF2SEX2j/nS7JTnKwSirPWKkbCkEFuQNxyZmHCckU4kLASfTuG37jYBVR5wDj18ecry9BJOuFnqS2ON2Z/oLL02TV3kwkXwgG1L/ADjYHoXQwNHga5Ipo7E7SDdv3JuO54V/JqQN50Y8DFo/ase91Tw/8u4sx2GByHDzy3RjNE8UBJgM/LFR4B/9x2x7g4Dlax750AcIySf4p3R3nTXqVknLAr13CY1WPuYal8J7j3gksZCp+jGcgfmDavwxRpGHCXfO/oR4YG0UWmTa7NUN+t0499hJRa7KLHUkyOfFo487rqe7hb23eFdG38Iyw3KJTZbTo8+OSQbgKCvaDh4yPgGcWDkshFo/IUXvfFz84IENE8eLEgGXxit+JQy4QNLKBhUdx8GGUqoo3zkdyHsWUgqP4axMFAfAanWcoIVuvT2xMvWkgyR1bRoQy11QVjLnQJ7C/DAcHiv3xntBZfGqj9icDC0gCLE9y0vMmnz4JvJSpuNrbmweLf8N5lkbkGQXv4EPC/n+UzAfyvBm/Obe78enHo5djgm+ZWhK3ZKHFtrDYzZOlRQUwB/gaif7Q/LteYKN0vX6NW7Lc8T8nmH3GLxs7WflOg8im+4T9YYR4QdzMoUQwnmYRx6mfj+GGsEr65XibBpcOQrX2w/1oxgqx73CdE+qtPSKKZ0GbaJOS/oglslzePm47WIGwVN/dFGQb2OPkfTZVT3uqc8cUS+Oau0UhQQq41rIL3blCPf0EbgB1nEiP3AOVXdLCwNccxqZZVdF/d5o0XL7QgUysnqw8Ddg+Qh/ZEomRhmZGcxvAlvCF7TGNDObnb8CyY6KIPaZRC+8MP8aJD2cpo4w6FwAhnjwzomaSvVvRXW0rvtIO5U4Jocub6fhAv+MeC/qOdmpn8dI9GhcbNwWJ9trrWOvf86lGL6sjyvHYpZNzdUx51Mo3XVxqTvkU1MiwjVZ42jssNVQ15rzb1/g2eFJQ4poaMiDMn/3wFno05pknObJ6F+KR4Tv1PZ3/l4jjYsr0ce20CB6FxrKJWt6GbnB1hcwmynJmS+xPRrmpSkhvI0c7Ay0g/V+lhpPAu0Q6bQDVeNm4KKCz3hmmiSxK1YqYRIFdwpHFMyoKvQ71DvpZvSRcp+RMvwi5OLXwxfkse/0PXwR9wkOJNvPkgzG+R7u6jRXOR0sLEPReDLLcVG/UEgonUrW72V2pbEzQT8phU2JYDkzYLhhYXoEIIxmEWw6NNOAGa0wuj2uJSFTxaGpW1rUVoSTNy0qHmtJ4kLbqZeuAI0TkglbIBR1X2NX4OqmSYTxqLVbGosTl6Jxk2LfS+TNATRl7b7k8XqZehm4qHBGf2oWffK+Iql3xJ3aCjfXb4a1e3YOcsaZHP/R6F1qNl+ioNfwNvX6ofv+NT+bilIxTSu0saffLFY1CO1BPzZ42LRz2jYSMP6rToq1J8wvcFm31i1nJWP1y6oX470jgx/C2nQ6maGmaZ4mDJvy+P2wYd4ts6JWylYauyA1qXDTV4OtIsMm/6ozW/6uqjCAsShg2di/GLlO29nyFtOWy/PG/F3jjvaRFbVMgneSd8NHpB7qMGoeDl4k+OdML7GMwXnSfUz4b6sUAZ6I/4QvacliJRYI9pAkA+01Rl4H256uJK0AJnPxjm0VHqFMC3yJ0DCvKHQy2HINqUP1s70aLfft9ikGvuOENTnlduNCi+/BFDg46EcSaChHpfLccswHvh9KKQTDUp27Xjac2lUc3Xp+E/QzbjpQYp7JpmxsLd1xUvt4goOOup733rHjwQDbJoIitq1KFYRyFSvddfHCnabtitDnEi8+BN2x51B03hgwUDZFjwfVjvuNx6ZYdB4ZDJvmhxl3zW3xAAN7iP8aTV6AVn8rP82mvu6cz85/pT/C68vZNzSeYCbCcMhEZaVL3FLObzL37UvY29IiK+hXnEzJ5qHK0aaX+8IVBmhZGXSlI3Lc15HYOP73ifU9lehX3UhaJiMZ2Jfe9TDo0g2of8jcOQ5fZyC6ILu3HDyHzj00NT1smUkQsNI7qel9x+e/ZEJpjunUNZqfNJIMBXWzspr/SeHkYNMD+alZbKb7eZ5TH/ZS6DUxNVirhoWEGiIZm/3hO+rS7TLOiYC0KdVFVuBCZK8TqInvzzRKwP3Upn8w6r/B/LV5J8tCc0kEViEBvCmj4n/yxDgoymAq57/pwltM0lTbzhy9Bs3P2enldudPLPrz1NYWge5C3bf84CmO7obgiB7egH/mkIxk83Wq8OLXTHQ/JYjvycyJs5c948NUzlTV33/yKBfzv/C3RoLBngmHagdRB+gs+rpeB0/Qr3gC405jHTAEtXlfbVaE4Ejf6WUkZ6OGfvR1/yuhqyKp8Yxj5kVeEPx39xNsynkrabJqSSNPo+goZbkpdnUVnaS+qBerpDAjwdjLBMQ4mQ4RyDUhB0wklxrWBRSdWH7XagGj3UQtfPal0uXvojg4HSdrIUwiqqf/QVimpVzFaNNkoKiLK/wHZTJl9B3py9/YrUTIJhxT7Ad7U3zEiHsjg07jP0H11IolGp41oMcK2Yr/8q4+8e3Cl6x1CdGsSh+c3h8B1DrVwjwapurv9F7kBOs4xm6mrAnsH1J5WWad5R0kPjyxATshDnrHf6+mlUZmYTJan5Kh88dGVCSSRkE1z4otzOKRPvSOpA5lb21V+KFbn+dQz3dWoeQfbFT92D6xU6+z39G6Z4/jTNEpNUxOiPt8zf+XHMZgtg+AfOQGNMB4qqEjHS4apLg2JLNeNv60u0bKgf7zjGxpdXB5G2qZjP2kOdNl5FkUg1IPabKneFPygEd64tLTgTWd33Coke8YfjHLEJI18mkBp4PZNu9pnpbwH2bBGF+XZv+cQY5xnos4zkCoOhnaPRRc99M6MdebQ0iblsMBx9upLvpit2vOATe7jaQYmvmbdlZXihZghRThnH573DlulQRl0z5lu8T3yCfSBCNIFDhyHVq4gTNc+mQq+3qMwyRqo7/2trp8XxFi2RfiyEkTgB8+E06KCs16xuOhi6EiKvVmOgrtH6yvdt633uab1tmnE++aeRHfT+D5xU8WVpqXniUmnVN+/Fuulc8jZ6i/G35Mwra0QS5d+PK81Dld2tAjurzIZwD6ywAHdeDYrcv9udtRM3qPJF0mxCa7FbTiTHo3u4TvCvDimawnOTRqB3YrGPYgsBShGJEP8iQ2GY26Me4PHJbDEaPu8zbImF0YbLj3LDvbHNE+ya2le3G5p3x55VGn3O+T7HEKUWbm7bu601xN788XMSp04ZfvHzgoQyIv6SUnlh8AmWsr574IqFQlHwsLlwYITT/gk1ppBGBP53o4V7X0HWvs1yCV8xOUoimUoe/FwegF0BsNNN/aa5Jy7fHrop9UeSsBdB5dFwchDGBSmVVZifdll/tN48zevt6pCeQt9P/GrzobdjQgrACzb/wZiQM/ylPXbQ1fFw6Ld8yNeA3Qzt7joJ/4ztMPZwFEKToqj/Cw1Lc04DFG6UBA+eHTI0Vymvu/nMzT5T/cVlj0KTHnMapTI2qVwI3t3nK+zGZg6VVPa9J/fIw6JrjOIEFCSDFQ8Tdm4eKhBytGMvTzt9BVfmWs67YrRjBTO/x84zkkmstFJ62O+HmqrN3G6ba4sGOHyPiX2xbhsEVuhXdACM4Boub15frJVII7oWnrABk0nzr45GZ2LuNwbs6g3pj17ZyjI21PDVLeT2RWysfWzVGozgRKLiIfDMgN2VePJOqlqv/LZeoXEQXAjoIdj7DLR4XfGOZ7LYJYqqx0WKJ6kjcsNvg5SaYl+3+nBmnKwYaRxkrQ1uZp8PJKy6IPPksp/vefwa3DFCbqsQFH5ayTXViMIJrlsUimRTtEbdC8Oh7/0jGRTnZwSNZ6UG7gdTm117gLDRey6HZXqWPnMMg0vNUwU2CquDTnizZinu+cqng1WJDDMv2xDX8yLwws3JT+q2GF33nZIvV05ItGhs7czwakqcm1vGfXBgR8Q3S2C/BFN6VVbHEuAJTQdxmlG5itaHTTDSzYOvGQu2/75MOQo4JkcqT8p/b1G7ffu/t6ghjjRJ0aUPc4sEsfbIjC26vCVfnrYC6qASrg1rDCxKPIict2H+uiI3xwtuT+hPAyK7+f7gGvDbjRHODZCA+zjHLlMNMqEP04Uaw1tRlWPPrRaYnjQ2DKfhh9l2EFIV0Jh7XhrJeersfgy/18KsQxb8btG9q0VS5O2C53rRWaQIU3BFl5NJHGF8lCmXSnJbdBf1jSaoXcnPwiOQ2xJfh+2mNafusDayVPs/SCKy27971sLKQew55h9JQ006jEtWIFBjd8FYzPGwZEnsoHdApXS3kmeIK1rmobmPX5tMDQqVFdzUA3HK4xmUbCb5o8tU/A9/oIZKX0wbe5RXT3S5thFHZUeHf7yz30BN/mmQY431WqP/5KbkPMJhXya4bBsynlds3TuiIwx3Y3bS4aM6JVmBnjYPO7/ZXM+f/HMfDqfmPaRH3cb4C7Xvh3zFGT6Uxei87nyabHhIXHVWWxCf+hVSrK+lN6qT5xaXDNE430iY0IxqdEWtpxqAlz5DqfrMthv+s3OvgDhMkViRjXu1KderjpGSRrqpT23guwjQ1ugOobgcZeVyw7H2m7cuzxrq96/6aoeqQFF7HI3uM7KoB9uLLsl8WjeiPYMylcz1u6+i/ZqGn1CTmzUSPNCUP4PwtTkmHvTOow1qOEB3Ks6qmuaM85TMbKWnX6xiC7mPpF2nOCYJGv741GW3kaXDaJmGR1ZPF5H5VFjfgN9cxG096oTQM14X+AHklPuSeAwSPo2eD2wwYG5zKRMY4l2m/RMfAEELkW+NR6wDiVXTVsWjMcgU5NNeRt8MrlnxkmmvdJk0Sl7Y1zOemke4bp/DQpfEX2akH/KuxfoqsqOl+lSf9djVPHO7K99IwUs73Ii0guzVEXLgzL/te2bDjwXJd83K03Q2r3mmVN/mP4AKu4pb5iR+yH+nBNtddPjf+g9rP7GLSASCiuQgx+2Hd/yMkNSFHzsAjIILEtifnP/QxZ4956/2w6bdyFadDOg2lQB835ZDBcp4b7qKQupj6Li7/SxvFDiHqLKxXP24cmd8NPyjRhCho6rT/kNF+OkIqMBquRwdcEeMjWZxODCV5ds/kRp6IcMXkv2pBXBA8aR3YWLH9y8r5XKnDhakk5UQfV02Np2tx2emefM4NXOo2uqG/scGZqpw49T5wAEnc54aR2Xvpju8VufXa9d5lZ6FLir3K/Sjzwer38REP16bDd67G/Hit4B49VAfWM6jX9j6tefQfPneTPFSL5p5G+BH2tqZzTHEnoOP4CtagrZzfz2fyr/z0lHm5J9YeJMERQYTLzN+i6UneXfMv/7W6wMqk2g+S5iESttXx1/1L3QPNtC6Yt9L+cx1Qw/+tOwN0t7X5EL+SMA+M+VrBBwPbm6vFpwEnJSl06VvqZOptVKAwLqXDSY9Uh8pVsRaPy6vXXqLW5rUdpOrx3K5VkI8LKbqrK40JZ2o0WWO7G8mERRBHk1Pe5dSgr9WjZZdP1cz+pW3m5p+FIRSbfaIeSrjQvEdufu7DG3lbt8OhpKLGadsmD2F7t3Qa/qVlJ7fzmdbEL9ZB+TWDb1eoWnN1rPhhQBRHVsdK+7wnhnY6Y9KbyyWC+sk0wpA5vaPao8/HsUn9tB8EINRG7juuHM9x8y27RNsVhB+3Ad2ePGEQDNCRjD7SfrfWIXEHhtvDXl9io0630SoTNt1RcBt3fk3ujPupwcUs3k+9MVzahle0pRI06pK7wH+q9nzvcbivQRVKrIDUN6cqxmSSiBQuyS0l43gQWtDosbwpR0nw2V7hBJFYOD+oKhmvkW7rnnqxhBSdV3acLnrwB0Rv/cQ3o57VjnQkKPN2nhVIjxBTrPgxKChXJ/Njc3VPEIA5vNIE24b7N8QwKXD5pnaLTqEO/Ud4WqikflSYynjen//8TFnel6YFb2ebfUAvuH4TrO/jjlTEw2M2uCC0deeYv48LEl7sKeyCel7FHbwmYGVxN7bOQp6mra4uefjhmCRgSfwuKbKPMrexEWx6eKJlj1G1LZsQ8k5V+/6pU9Ma7bGD3T/5MHrlBupiJoo+YjpiFJfCamjuQNKu3nuC6ZGc8xSs56oy7rCUIzrwiiEDwf55VyckpdkcdWjasqm29nBNPT6aAZlUL9m2hLjlY/GMQ6WN1Mlg89Be4pIPvOsI/rdHawFLpkvjPwDr30z9xjIcOsqHPy5p3l3/nLNjsFQTqC6J/JXtLVZuoiksOnJP60Hf7L61PeyMZq6CDFcpv93gXnlHtnVSrkm5vgVVK/HlK28x+Vp1+vUjAeTE5db3nRAkNTABOjU8+vbegrnvg3J6cTpibIe5UZeE2Sb9EDfK1b5qSw90fVqEiGHPsTvmAYBvrjmr8Y7I5+OkKZ7uISptkFM1K2R6/opnkJ/5pjWjbevW/PMAoJXTq6Sa3v9Zz+23mFpWlboV9XCKUPpR9o09y94TXp5KHTsbbQ0vrgCTp+CZEp0Nfz5bp3uibvO2OEauKs35a0XfHowsXnwTHder5bJr/dbjUeUi8lSIWWw3yPV7lhkherk8lbw/sJQP9ctW4Fb/h5nlrStltYrOuZ31w4PtrakkElOpCy9SViad+/ryQr0TfWae1vjD48QYjbw9dit5o7PdtCKN0N9k0/bq/RHzE56ELU9m8yD2GInZj+1DT7rb649C3m6yDMkp2LTbBMI/RtmxpQmR8wisZBwbejvMRFBxO1LXLnvX7/jWReT7L2ofuu0TXTs6WaTYIz9Cpf/B8SlMI3S8TbFJY1U3eWUjvnkWq2cIKtigAR42CkOofC4DGjTjs7tzkUtHZ9clmK+/yBaZwtfrrQ1TJ1zQw48hlrYhasxLXw80bK5GBIUUBF0IZxvWJcredS51A86xs2/e22R0HpKcCg5VO1AfrhPJzMzZaocfYidM4Lv+ptAAucuk68gKx+XZQRdsFPyhvv+EfIUG46yDJ088/HHo/RJRzisT3QwvE1T1rDtaZ5QWY1Z2tMRcB5766rQs8ZMj/rt6VsxxbHDZlTXiNaRoS8//EaD2S/SZ31hHbFVKG38XmSVNN9d3sSp8tIOUqZC3ld37a3N/JKksZvcnDf5p6586taDSFI1PMIh0GfDjsyJBx9MRa/2BYrqzcQImpI5dfqGmyHoPin0CT6glPjd29HWHuRoxaOG7QsesHYOW/DOGCStwRpVmH+/sgdkLFZ1MQ4ODWmdHatmsaKQYi/3bZe/YMrrLgP8vF2FxhG682VU9u9wGlMu8s2KU9d+uU/gJEdopjduUm30zMk5cX2PGhGB7J86SJL7KyNZjunn0fqD3t1XLWUgJZPiLcHUPPPBYa/iohLd5MJo61uFv9Dcye8QKh5ywRf6XvIbvyURUjgA4naZ/G/Pc9pnP1lEyiJDOGdOgcOnOLrs4NtPV4kqR5Z1ozZPF1X3JhatEopOJAs95bR+HvXC+lnp8OD9K4e5P9bRzEXIyA3+mqY4AKW0Kxd5tdJkwjkakvgbTw88EGiu/3jOUeL54vJjol+AM50ppqIffPSwbj6LKY3Z6cWM6ySGFUuM6Y/ovz+i0NQtVFLzfKquzo/7JOhbwPT+p9qBFGuIU9ALtAY6R/nPzJFBuLD/LUvnwnY+GY9eWRFfyQRc5eJeaI6BauOPfoZvmwqG6uohZagy2PuJPzRZI3c4n7haWnNkem6+3me3sKP63uzhxizpd47h5fYJ3auC3+bWJ2WFyyjKu2n/NqEc8h8b/zGU+hyjDdWQ9Gnr/LVb/9EtPvKYqZpv6NtPZ9zo/+oXv9ekmISRtjuoE1HZ6BceEvgdi32ggVMatfx5t6jZrUhO4iBDfzslCRbkX9LXcZdiUy/QLakNyKduutWszq7LXhOLb1t5JDh+60mXFbiRP3ic+/w53ahTJ+5fbuRXKyrnx+17RnJfIz7KbQpYCAng6gco7SzGQ6M0cKYq5dx/CBpYUaWM/3uj+G2PUbc2B9ixIXGRR/v/ga9U+GyEIT504JS79FWmP5bdOCs2yZB8KO0xevi58ybmeSc1kFcFkXRHUo9jL0vk1r12Ax5cpwTbtErvuZqILg5qZsCIv+tCZ/kZPtzYqd2Jag84NLyDtYpfpZOGry8LrWvK2utG5Jjl5Bpxad4sFZdeYa2SWDzHdXbqjrLqL7xOqS7piuOnfx64Xhec5lJGrX4YlR545LmaeNpIZKTRusaHHKkzHNPLUHtmdqkneG8MPa6fPeFyGBihXF6/OvLwCTPKge36Jd/YdO/ikQJaFcqv+R7IQpcpu1NqxFSnJbcf3pQemFzuSZVfZmV81o6fqn6zHeZ9ihOYQSloKcq667/rFE3qAx9lK65RtmYsPew19sfaEu3iTE/KCkUo7E351yvu2cCSvIZPL6NnBzV5Xj3d5cACPu+VeTl4N7s9rmiafX9lcPJI0KIn8pf9716uGoVRBTzyxYBTnme9eUQKQm2tJa2G5N12RaWxK//3r2JSk2eCr4YQyNEi4yiK8NUWsywl7H93y7YseSiiWYNu6h5x3Ht6qB/c/AOiOPt1QYt9qj7e3JVryOzkn3GvK8o1ZGhjIPG+FIDyW5IoaLnQrHK8oEsan8yLV+z492XSYTLX5xM1Fexg7lm26LMeLXfcL+lLwKrCHp8hfnYWZRVjh/kkPeaMtC9TCsSeZ3PIGp1DymiHFQSsbb8zZIORTberyiv/OpVM6fhUso1PVitiecenkj2GuEjGpZH8TaTylYioqDxNXyDRnFUb7w2OBT5Frn5c76aCo9WF9Yj0r5kPU9jKki8wDjXZnRMFFsWPlo1wzIKUy7Vo2t7IWLQK/7pY0Y0DZeG2nA/wZ+0dbzMJswm4FJ5WEumCMUFqxCjBvFXdfSEaF/rubI1q0teOtj8u1mr5awWGW4VOzeONsIKznle25UFPBpvGow3JGscR9ctHVRTLZVuL6c5a6FQS2mkqzbIbfPjYD2NncsaAU17c7Y5fxC+f35mLmpb9vRU6wlXP0priLDhubsxk+ZedS9qNFQqw5tLGg9CbHiPgynPij9YXHWS925rXk7xga4PVz+KcRLc24zuQZt4tNfZTJXVmU58n3mcehGvmv9xgldXqA+2nEPKnBgVoyMrnHP7m0bXmVFVE//IUmbwzA7lkm37kllPb6ov2Lr2XQzfFNJ9k4hGQeGwyIoX0rRU8lJfeOsRsI312Pok0MdQEcD+TcBEgU5lcZz9upMLa3EPc5ZaLL7bcielbrysdh8k1ZZShqUnyT348qjS+VjTxce9tLozq6bq6pDBX6dr7l8jefvoi0X4y/PGL1It8cqNpGS/mnN50Wv+mqci8Mn4bYAyCslhYa0meHqwOjIjjs/Skev/KuhdIX5uAr1w8jEh4VkeM23GKoKAjU9ND0Ov1pTSR8ifS5VA2ln/LcoCxlRwfvjY6krT6eigkHXxwuC1enjfTNmEzdvrfVyqa94+BareCIKfXsRhmrb3z2Y9jFvqYiVMZmK2EvdRa8Lq6wpSfOtXZihJcW3T3icB+lBW8s4S5P9p5iVUCpoHvj0AIx6jL70cYse5GdPBvFb8lzxvr6UXzl5pClp0WxJiMhRuHkcFLEw7YtKydDoJC3F7VlrnSEwerBE+2T21eD0SSzvcO67h7+50+fFXA33guBxd50SAYatVj+VvMDNF34WdRHoh4ns/oKkS8/Wc4SFvAHReRDDRHTvULEGygfo49w2Ggws6teF1kgyYQXx4yd//Qeo9yiwGe+fq16lP9Y3b50LHwtWg66cd67tTDiQivbsl9fpWSLO8pzryCr2lHK9xw/ZqZYPiqdkn0Yz4gDs1HrTiH9UD/kBuM6paz/q5f8iNxdDrFLmixOtumpsx2SGCrv2/0i01od7+SyhDXzHux2wD1tTD5hVGmtcSlFeuD7zYMYrm3H0jPKw8dmj3aL6ab+s+1lAkPL+H94dHVsYT+q+OyqkcNXgobbL3egjyz1KUpzQ8qnV/vnOgsrVzoEuSputw0QtKecgu697x463hBx8opj8ftzdcf5jyz3oFrXjrCPaJVVqVtop0GR+sbQzo0fQat90lVzwz5ZtSLWYuw4ayHYjWUQjzqXmyYlViT3zR7+WIjUSijHG0++2oPyh2LgCnpZmlNGCYv8M+XYF2nbo3bpNEZb53U+pVvLNhzpKTTrHoTEi2ZJsjSuOgI0ZNPm9XIyjvoy3Kik5dbNA5rjQdXBmZ4L9by7LcEP+/uVlLU3M5gwUluIaIsPG6AV1PaBLtg7/79Zh+41HEb2MGUFLNnTeQKTQa03JFKYYHmVZx9UZH8W6LjDftTMXY1/v2SxA5BCbM07SACt65+DKcmOsLUwh0w9EUTtutr0LuV0Gblj89RomxydthQlL50aLHG+AOSl40SNKZ1XYzgixXfCaCl/bSx50JMKwVbX4Rf8XFecsNfpFc8OsEQo7p4+oM3w38dXnXaVQBIrkQFEwpyYO1V13DbsCvaWyWFLzlRZBLpvImoWOnujwGbg4U5cwM9FmM7YiMWGQSIqeRGECNQzyKyGS1CrTcL9qMZapUq9JT73J+RYOQDFjme5dUpNIyZEfGEhMxcfm7qYZko8mUm602B/u+gBU2z5mZS1E75y7AzL0bLbAfnvIbWLyZDbKkJm085WZaqhVJnSMvXo9JhkZneXdJDai4ZFgoyfLO7qf75Pgvle+UCyddh8VdVSFn+g8DSMwdFNakAr82QyMnw4qRR5/Jpma/DoNLtdBX/DQUtv57lDGsJuilOZHCWAYhS4zRB/l0SP2ILq/b+NbFAMu6/j4RvOXGaGTJPWcUGwbErA+29bUHl1+gjA9cagqfOgnQBI0v+pqHWG7yTAW+YpnysA5bQG89EpgNrRIbotnuHLhzS/ggbL+Rc0/5S6pX1+o4+/V1rK882WZV16NR04EhhhxJno3mz+bGlsHInmlpdVru396+MW8cEDdD0JjwYG+m6pkoVzhxsgO0ZHrSzzj6trpzn3RJrm5YbJLGwowBwR2td1el/fwWtOeL4W2b42PE3RNEFrk9AXMPi9+MLzvWKhbgyL+ogIyrK1fxBJVsKowVp2Pi37zlzJMnfrYIj+ilFpTa7w5r5byq+l1MzXpKmymGv6zeLm/9/fUDEwnn5AXB9EYbzo/mwfbWq/gLBGMwlWWSx5MZHqr8srA9RCAALBGLno791AiQqQP4yh1EIV+AoOHBHp11Zh7nFI2LALJz2RL4tepJ/DndH1A56s9imXyDeGprxfFqv+pXk+qOdtzD9aHwZkqsQsnews17jEMX/+qNDB2Gm9EOd7++0OHXHI2zlsmJ7AJTy6kZCiLndC4eAbeTGOSchnlnZxgWoa3ipyjPiJfTdrwPp0sW4RW2GWqY/jdZpxfBms/7c0MMkaJCOaMCNNP98gWrbmFhmTwhCyEWu1yNjUdL2dVXsRLtYFbXD+hnfXOXrz/sFjK97S4f7GCIx4nfvXKt/MsUFMowQFkJXf53IudxC2Vd3z/cdsakWNHvR2/t1yvNK8Zn8jhiBdDaNpQtPUdVm1mpPa6kTi3XVPyQQmql/apdfyq9VcfTsrfQ5rc2vj1zf0Edo7n9Ial+vYZ48Ki/RoLPpU5cGT0b++EgOnGH8XZY6YucwXCcTF2sdebxLVKF58KQy/1gCejxpjDUOgXmQSQmG0U89updG/smqWC9FrOXX5QYtnAAPu+DNnXh+9ZtVUYLjDqXAGS14gQZhW20ffa8nqsAsn3/Y2QQCNUEYNY6NSiC12714oZsKD82hkFXNNtM0sjy0qFwQe8c8VUHcgDgMaYzoMEFUWOUwP96Quzw1HUQoaG31l268oRetlnN+pZ0ngUWP4a5cGf/wRV4H0RPMDwR8Q9qBRaK3zPXciS4Xai6/TkQKFoUZiqo2muhSItv4ia0cYfHF6qQVJgnicAH/SJGYqNKHnBes5ltUW+gaH13zb8//aGJN/tGeztKmarxh1ygITvPYMvmWL/TsnRl1lWA1IowMprb7/IqtUZ6cdJ2UObPlWBlrJux1ypf8mNSx2ijWNjgrpqX1UVk8lvrc5xC24RDF2SohPjVFYztZ7lt96zUTV/8fzt4zqsms6/8HdYQRpIjSBCJEZUYpBqRDoqKgA4KISAcNQoTQe01UVECEyDDSyyBKkWZEpBOQEhBIQCD0DqEklFCSkJDkH+a57+f37r/G591ZLsO6rnPts/fne/Y+Z5uX6WDIH3lXhoY5FmQNpeYo6l4gS7k6dZf7f/zrVar5tDxCpjm+4Vzm6/b1nlo4ipuQFp0BO+qo7q2xys98Bc+35W8Dv8BxCXVcv7m1sxKLz1gErufAcTrH0FuHtnHJIqlaUCvedW8972Rxx9AWo7vxaQdFGYzWD8gL88P28N0vU2MlqSRzsGySGXg7y7/3faNMVxnCp7xhvWBnrrvis9XILazM/Qmh0l3OBrqRqx8oo2Y9IT4lPKmY0M2WmNZ4YM8lVuBKDVDIe9svEbzyemfI2lkijMXsTRIaC6FpDvs++4kgKPxPECztP9V+zsfemAtjTa/4Es6E3wh8/kNELVUz2QC6CVIwheI6M7RNA4wWZ6yVV06MWiv7vzU22IXl0LDmZk0V7I9v/9Nnxv1/+8w8KA2z+afPzICC09K7gtXFgz4zMFfP6v7SfKPjT/scPtmQ2kNn9z+F6+z9EiezVeWW2GWuzwMiSkYw3hSXsHuqCJLl3+4ZA85zvSN8bcVgwRJJBVGDnDwelI5aOzOSzJVQDJOe0+UK/9toZnJuxYfX+87jFqVmL14chyLO4dVZjp0XUyDEPZw4+T0hr2zU1dpR4tmQVvendgnH39Y+G3Bk4RMiy35iy6d9mt6KjH5tRxQdmphqLLitKBf12N6pSsRF4ftfa5LXlj7MpYz8Ywmbm/MrOXxyuAHdyxBaT/JYkKFX1YqEX8my1WHvPzaEIivqhh71JuR1Kzc+sgteOXdtU9cruTHS4tSMHOBa14rhpdGiBMGnCyD5v/46SLPH2fu6HuY7brbkRDdW1tNfr2eauTeFLamQspD9iyvOh/lOkbwdDZcj72Jf4FwpwaZjF5s/DLWxPcf99ut+9zo1Q8w1OcimrijKWVUHNyYYJurLt4jZh7bsDcjp+VirDiJ+ovbk5gGWn+s8UmMINDzksPOM/2Mf/x/wIh22g+dbpgbqjRqgN8//vV+blooc42+re436uQZlccNZNtRLq7PWwr1DMTZrXGbxpyRIyEdOO1dJhsVaNq0uVt2LyQmP0QfjsahiFcrCw7BeSo4m+4/+RLvdB6U6aU7XmPRLRk5XEC135FR7okOtnkDtMuakQEOikqslEns9b/PlaiFf4yXn7sWzT3R8x+eYalB+j9n+EysHyytkqM0BUyz86Nx/0UmhWctFhMduSONlKIbaZ/5b2KYuVQP/1bcw4xUgv4M8Ldb24Luty9Bbu1MzP7afmZTf3GjQK/J81kyJjabetjSfrN2puhwW0hex8q673MwFS5CY6pg2veVYH/i7d/yNWO1HI0zXLsBHnuqlywY/fsfKWjQZA5OXnEJ1HANalV2XceNeb1NsPGe5S1qUd50lDElZj5pJOh/GmMjUJinRyxcoGJ29tPMkXffj9bW2KeNvw5zbRndf4xHMMs2yiHF/qycRPQ/5zrfVJ0g3oiC7pWr7sIvss17U7uPdGtOTB5v/DupdtZdHi9BPXPYr+eJozcHT7uNfmiO3/0qSYFO+7xDGORcI2bpBf8Cy/cnXRXVTj49pr8TyWJedJ8BKwsVcPEt4aK/g5eaqGIbRKOOLWKKpQV2I6nDZbaM2ZbxiDqVejazYrfT26+ic9U+WLR3sPfzxnq37RdIeuz4T2tEWfckq49rl56X9gu9CHv2FPp9obNcZKQw4JLzVL31XAOgUkLD1T4cRyEbFtkihwxyIWmSif+3SIvZLrOujXG1/kJHcLgwVTv+fBiMSi3NAc1Zcodze93j3hwv3mOYjHswreYkZQmayQokrT3T1STIyCKfE1HulhNkLVz+hkjIx2nuRV35DWwELzl0autfEAN2NsXiz6NKb5bA4YAi4ayoAAfoxnhVBdD7mMWJDQWVSIP/B3NrwT/hkGsoVjS8y6Mih7Px6dfa45/8LTBHkLliBqvFWqtbdDDgOscKVIZnvjSP2uwp/lIVMjZdizVOdNb3QXaoZeyWJqvMdAwM4MCSBTR33L8H3qH84hfjsuarebereIVVgMnFJZ3fQMpVp6r2/Lbvig9e3pnN9j4MQkvGr8Yf1ydrIelC9uvevCDpFsXvmMHVMo9dgOGsx4xaXnwtzosCTvt1rrlNgv+3V/dHeksWOR5f2uCAxUO83oAS1bisCKkZigi63jdp7ffW71mZTxbXZlAe1GckVHAphfIUbZVQcSRWNRnYhZUPfNaA/kvH6hQ4VjR0f3aODhpWGZbMdIlpzB6adQ4uVAnby+N6nwzLQDhxOjqkgrzeCmBj5NSw7EccVZVFnEUdr0fZfh8v13v+ylGvdfR+b6hRlwFrJ2OAUtZR9nyj3VP+J2s/wg6Ix44Ja5DOekMfk16/4Hv5ud810zqLsnO5b57Fb7sJVFaHtaBzpnX1bn/Ldw2XvXmsL5m4JGO+/Y/y4+bngaIHcsrTrKxeUjnCQxh+cOHPYHeF2i9xIQlYMyLlS1Rnh1H4xN8cqmV256jOQYSTWyoOVl9q9ZkfaDJfieVC6K8//ymj1MSrSY+sbucTbtFs4OpTnbnLtnM1BTSkZdOzv1T8Lxz5ic8CSbV8GFx8CXHCjf5k0UDuBxqzR5JWoUOP/OR2anK8uqpjPd6GmSb650ckM1XuwIZDVtbCgQ5oQGOijQX5LHKwNWJrrMPUeyTqpuT9v/sPn3XSN334I8MOo21ryFGem9fPQVP3ayIIm3h+YOYGgsVb6Fdl24fdZo69WUk+XW08cs9OFm3rz865bQg7xriMi1rOI2RHl0j424y8kT1oUlRISyg+4mIO1X/kBcSxRc8/fHTaDl3/1r81xUJyo0V9ulD+IYt7+JLXpXXVz3bqGW/eXKo75iuIV3nkNiugBw1PkLxg7qJw+KDndSUuuUrqeFgtSTLH6ZVjPq/7G5DhC8T4+ZdXUk9d7qqQs1ytnvD/M/pea6BghE4wBZ+7zGoP0/FJE79D3IHjy6kYEZ/jbKgFHivqJ+pqIf+prpJ7f9yiJlRMXrpZ8J3A9OdZNxEsefoAmn7HSho9uCAIRStOGZz9EUj/cuPeacenuYQhFErxbGDKVq2NUCo3FjuSn4ArYpf03ThgDCJIU+klsZ85cp3xO1VY6/DZyr8uSs++pq7phngOF2vVIjXuFJwVLxF5v5IlpvTw3/FDK1oVcooogNFwKiOp8lpeaWKZgvPvF/LZ/cV4TSLnULt5ma9BZg//+cegX/G+8ymhdYL7/St5EWspGe9OUFso1cVFjkyv/ZXaHwwaNN/rPzTGRtMmQYb/8d/+tQHBosBau0THg/Li46JfI2GW7p9RYBEPHkezt3J16AZVb/MOXvMdvmIYTwiQ+CIP3izZ3M77CdLfesCyHy/cfD30dQDKZO7PGrfG9OQM7NxVlA2w8FpY2UNZOmU4R82UKGzGRh9crNBlhdruwi4MvLVsj9othH/AY+ueRlcFiS13g9cLsgrnq3o0yUV7vXSLhnIT92QMNNy2xx9tTXkNk7GyV+PylaPB4etKSgwj4C36eS7bQeKW04MmHmedBysrltbMpOxMCqqnyzI0qk4PNfq6LQpACUeuTA+6KMqOPMMD4JefIc45RrF7XuLioVm/bmpau9ydniMaPFyp75/V0D7h2miMEWR98znN6nmaDqPBq6zwo20qBYAfaNiIK5UKuA4sTQf/ajdBVD/LqLgCwxJMX1MfjB2d1tCh/n/pr5qTFmQDTa9bEE5/efVh4WGaTMHth//HxUzFmFruDxuE3oJuUS9h78Q0NECb9ZLcdelWi/J1ZUwpKFPhPkw1mmMoSzmUUW3RViGWFStpeJNmkgKmf9H0aCmUxH2307ma+538MPtEsTykWhr8WPZUC3tc3C1j7NdHIgzdZG2pTWdiQlmKwOACOkES0VTEe2IgB8wvAPEQy6fA5M9buw9+rdf8s2eYCFCGN0Xp1l3LQZaM4KmGHCzSeFEM6CyMgK2RvebAoFkG1ZU6ItYTA9qFp57mGXSLGtFu1fuc6hPhf5HincmikVWhMcfdX0bEZ+dZjD1U4oNYU+/CuL2spmSe37TC+EUXXPffF1hMm5KQV9gL33WGFScA9kwuUTOMdyNJrMfhb84OqLGkNj0B0dc/d+EKudCp1c1hv+K90qhERBR7z7s1B/Ec+PTSWaXDOqML3LNold1fIvXEK84r0ioxXabgy5mXMzpyui9Kdqwz8IYW5eJi0qKnQ/OGmCiKnPKQicD8p5kv4tu9opFqar9i6DrLmi35Xx+nSzPvOrh+4HHWh+cZCb4SCk3evyB85kUQd9zZYrkTeZF3Q7UJZ5CP1p3Tl6mnHHYvGeZS29m0IK9Au+PE+dRy0UiRmbs5hayGJf7gfFFEYUqcr8/DuBwdFTnvXAlk+DVhOByfFDop+3lcHvM+Vh187r8k/nqoDnoMTNbdGCaaehZVlhxzGFjDmn8C+G5M/HFhMkFe/E3I7d+XHxfLfXRCfe+66ZyojrMoN/r1pXnr6PydYPnxV9W5eFK97SDnT3N53Gcqf0SfyPa0bG1t+CXXOjNkj6nszvlMfhTU32Op62Bs7O2wXsBfXH/0yKbL9RHRxInXQBAj6cf0jhvBd8X6A0e4dL5yVCfKjzFwJayWPZgEhyKrJfgHeuBedOn+A2ITX+vQg37UXJaEWYMHXqedf8ll6tTRj5Xa7LCbTUsBrlYWSVFBZVYx51XK7RIIk14GcM4JBnXVAyvibt8H35tLEoj1e6RgZ+LtmkJT+txsJFkxyn0s3eB59+H9vlEmOiyDX+HHn3szcBZuobDbYaF/d1vu3eq+2YYliJLFW4odJRYNTh1d9+/m4cakSzR2W8I8NBPLWNf54K5/Fhr2v9T+SzQ3sC9a+zmvKX3b85LCU7GKmC0zYXyV9e/Hg1KwH/P4pK/abX2oaSLwRaxlErugmONWL3Ad+ShkSs9a60NzIyROxgNBjv394i6yLHAucP/49qPHXbziS936AtFbitJNlBnKqNvNX522HJkUKX6bbN6v2M4QmNnG8e2PgtbpZLsExQMNrWFb0FvDZX161Kx3u7blK+a6g+5iL2sPOEQlf1u3KhiuIKvU7J9zrlbW87ua21x+eNllyDLRd2dCKmP7iPPHXeC1v0gaXBpNfIvfdk/Ruo+Q02lf3vPBHFBSMTacyJml9+StNfADlbzVWjJFW4T8GzIfrvcdq6I35Gg/V3i1Eo/TlQVAWcTlTaNQHX6ehuAjL1FqkNRqFLunsNRgcmmgxjPkwnYP0s3Wbql36g7mOtoyfe4wQx9XO/LjM1Sc35CASE1kHNTUpQfr/J8tkc0K9xU6fEH531l1YVJfyyYjeHI17o4FwP+GS0dEeLS4KCLj8Uv9VF6tn1PBmvhM9dPmpsEs5e8xlMCzNki8/hVFSTh1RTLFTo9pcjIkyZY3CcIaC+dBAt/aO+7YmAVunsFkOc67hfO1FX6njl3/8nd9hcui5ne4nD48yg6uiVxolmWMuKjMHB+hf/N8P0DeUg9vMlcByR2qiDM8EGEDP2XsdyEGimk7YRhNndmcGiEo1vhYY0tcUcdabUwrjSGv/xpr9cdFEdOHQdm8ydcoL6zY70RZGqJUoEI5BOpB7tVt3VmINqSbZBT9QQX9MjIWt2i4VqCpO3OF+4nV5Nb0zQRtTZbaNXJWmdHDY7BtKMsH+LBOvY1yprSOH3CoOHHeknZv8FM+JUWnO1vQenQyhZdudnLW6UXWQ/TUGBF+53f9Qg/oXfWkNHkV1frG5N1iJv+jD/3LRCOKsWFa7ik8jXAZzII4RhuFrCdXfWdHU0cZ12Ev+HR9zTqPIObZne+5J6JoaKDMrYhYw0Hw12gR/wIUilwnqYI7JnHg/smE3WGqLdJh6wTtWWRZU/Orx6Dzzcyshs/CcuL22sJcaZ0lvowDiFOb4+6MlzK8xRiwujQ6cTfwFpsN51929AWq6IZ4FWZP+tp3Ctt/qc0HeCplknpl94fVp3a4Fdkq5WxR9/llInFNhTvjqlyWV8Q+1TLxtxz1FHw78gV/3hW/3Xmf6hIwlYiaGJpzCd3d3rkw8Zq3E4gfUTFRSNO2Q2W1emN3X9k8he4HX0QZW+xMB+ZtfDPbwMK/Me7nKky8bOQ/rSE18YrkSGJjXF/aY3/aOUpXwj2fVBoccvjsGjlqt9CKbLO+z/7uj62CteJBjC9+Jw6R4e5+b8svs7a5S/Ik7E+6gnvxSs9t5mRZz1H18U+gVbB+SaeBUHwt+w2cIj0W7JQpZMIwIVs41xyyUKG3yf/3ZBCpozyEsKICva5s4CgIK2HtFdP3cqOw4u57imGIM9Iux7M6bMINda8gWRTTfYNHCeQ+kPD+Y2/QxGhUWhNLY1X2kaxPz6vpnoVuysve3VzNy6KGXh7t/Famteh0FPefkejuhAQKmWtnDGQ+34LibYBTYN7Lt9/sBHpSWYszUU4fX2tCzGUMZoelQ2xIV8OoPCN4VYCnDKmofOJfTJF9QB/5/uyK1ordywnCAObde8++Wfq1z4X6kpbl4FQd+kdErfTSKYm4Blr1VvdMToJry7v71aOYaOqDX3rbk0OcooHdTGPEC8/G322XWDiwW6gQUm109/sf4YmdZ/WHvujIH4A/W0EtS4QdD/t8oCloBCtci2e3WPw7y7ZvA1bfNtBhuUL+pYzlB1Q0c4YvLfDVsF7W4M7CYepvuCojUbhCxxNC/w/1PzZfreWaL2z/KOw9Wlj41c4LDxcxCuHfNjeIXd4Lfvk0xh9j77T2vsaP2Flm86BRtWY7Fg1PrRQwIJzzEnhSdfujhzRcjEolDVC6VQ9nfTCoKSo5O3GPUxgUlO+/rK0tU4xS2ehLY3CfWaNxe//uHo/klp1MzCqtRS5NP20MefziVYgIvrbt7rUfJ8K99unOuCuI8XefPss8/jrWHfSlP3JfJ3qsX+FGjBMv7hXgRPHBg6y+BsbLS04sR68j3M/nHm/BYmeA7q2NvOYIa1XrRzFb5kbd+4ySPkv3LZYzKU/EbiftZueOFgF+TFCFaat7Fi1/HPiZIqZ+XDdjyOZHv2SqCLq8a+26nebrkneXqlnr8ZpVlYfGraestvOfdqK8yZJqE89RCxKeZ/e2CxuDJvNF0+4Av1k+6N0wmHpeMN++ZHOHvFf28pLW1lXrCu3F7ih5FfbH1W7ZeiMr1ySbW1+tzcf/+IKDAwcWAvGauF9mciOt/tM7tnZfbeRr7W98JNeP42AKRKPmAyPDN/IuDCFOB2YvoV/03VQpkoGkl54NOxvP/wisIp4ZtsdFKtM4BMMJjlVxqZRkA7ZI3qorrwpse/9V3pBv++b5571uUMxqkHL6UTxxi08e9TpKKLAxV8+1K0TKCAaaUHgrlx9avSvCW80ZM6eIK4T/QVasXz3+Ll277eBSosyo2sNXwymKjQdNvFZ9l49EXryNs9Np7w9WxRBw891cqrQVvZ27aLU32ezFNlm9msacvK34jPOeu79u+pl/jucrqN0fJavXELF+BMqFXNlXWEzXfY99YfAOtAc+Me3ffhrPFaBP34v/+8zQEvZjipOZVv3j+Dy9NJ2mtv7j0ADGBVCcqlPYeT5pvF6UFTzxItz9I2guqm1rvX8YANv7MFXtINPY7rAp1IHONf5E4big8opcdNPVipVvVWHzj2XIaPub0TQhzP/589YA4L0XgEKYXUZuX0tvxld/3VhMXjI71u1WJwNK+wvCXt0oqfmhNv/7oXYiopN1mtvU2OtZFqkriog9OJMwdHZuoZly4+CFBy0Yr5O12Cd9EVg5y5a1/75GHW+QomDKOsqs1/V4YwtCOYrdLLIa8kdRexyyp3D7SSkd/5KGltQqZZpHKqjka4DOI7PPeL9c1Zg2MXz6xmvb55YzklKJ3NO5F/1i38ZG54clAePLGBSY/KIK2fqp6JdHEOXLPtZIRi6ONu6SKfMJlpcLVjEeYhSJfliDmRza3v9M+GIccWQEOWDsjB96DpxVDgYNlrlZ5+qCAnWxlv0xfg4jdXeT77vKPnNyuXYKTQRu7ROtW7slc5ekuoLl22S1A6D5xwcWOVZpxtv1d4yGH1TOJmNW6zAzfpe0raT1r8xPi+qHLn85Duvdzqphm4+ePtGr+xBbm4wNrSLgjDRBjPC1zoTrpT3dE9936ds/oS7Qd9ssl6Eks+Jmju6RUvwtUmvI7H2R3BGjNXtWtqAh7nlqg73FmxAqZnXqF8YDs7gyM+IlrUJz0nQNsTNHz1vPIXpp/Tdsh0Zt0C82lY6QGhJMWTSAFl69tpIRyva1vAAKLRP1GX8Hbvt90E4ZonDw9oGbs/Ked32qFgZHtVK4OrFD4mZPfzPTEusRcCen/UXkeM14kyIlRCH+FLGhMmpe/fn2ibnAuXlMAoO7mqTufJXBwwOtUBD9QVF1BrhTGf87cgLQvIpeofE0kUC6ok10MW8wtMXaImM/d8PTXe9SYccJ3ir6khzh5aCIZpVNaM0nbErmMYLen7jrV72zjx7fxE9WPvE7N3CXF1ezufq1fv+it6lX8lXqQDfuyJp452Ih+W6PF2TOb+zo4QRXIIzcE0PCOt4kTbftLeuvu/kB48pPvUOqoW0Lm22rTAXMAdE2aK9HkIuhX20Oof4pECYf73Ex4XaBy5M96T4zV3NcfRuTJpxun5u55C3q31WiItzA9K3E/PLS/zYxvNKl6L0V9HLI5RB99fryaTai0yDcunJ876uBNfCufc+P6+J+OYWsJLza/3DdV5lXxE2NWfiBuqNScbdQK/W3gGzG9BDmGrHD84hlKjuVJPR+Jp0/dbx+vEnpCDyb1ItNTHD3i7Map6T9xqPr2QQBu+9HTxQkBSKT4HVZ59qxf7FCfIlS6XwBqZ1LxG+bLC3pYrGF8URQxVtkm/8aj8qjLrz9eNAD61eZmpM2lVapiGB63wbtVbmYqwnUmjAAh6lBMEl+y81KnMfUU1qHAqTSusOng5OR+luFSvrjf2le7GHc4uuGl03W+k4JGcda7J+ix3QlVqxToM5XfwsOGioglufsLIGtOg1lNvMGuy4KFis4razBrpYz9+nODEML/0i6+vXKwfeQ/PbZM/qfHlsO8duEv/3u7efKs+BzBeq7jjyPQw3zHy8O+rcwF46zu28kfpLko5p3bLkMT3vwtJEsx7yxXCcqif7fSqP6nuTCyKvLi82x/1YaZfXdUdvXA5y46Pdm8MHVOs+vhBvJNDUW9upZItp5Y6PJ6P4K69aSb+VqAdyHffF/ZgJGKKejP3+vWmj5dHc5V8M/cy4bu3wroAY/TTge5rYnO3F0dELGGcEF6ZVSkRaGn1O6galugB2Jup3Ukg9/ZXp19JYCUTRP/1h36gvuU3e+dvWuc4O7tvT20CY6vvCnRlLOHQkQAcr+XlUcC7tt4r8wVuNEHK+0OTUjB0pr4kZRF6wEDYf27E3fsepfERzSsnXWUmzqvtStXDrFSCJ+i5ZV0kEPayGlb5vuq+84f6A72ukiN1N1PNMjr3KXCAQHVxjHy0nNWuWP9+xviDmdYkZMaYpDxstEBJFJ+ktPn0n687p89lH1rzM2BneUpOzsu+2sNtKIMbCeMDBjjG5jKg238SOP7Jen4snExUuWHlmbaUYlp0JEv+1ObJceHVTsyeu19g+89MXH3lsXM5/Admw1rvB+vWndn7DEryGOK4KCK/Zkk4T8X80cJn+f3reUNuak/8ffLzed8T38Fht8g/lAmwomPhc7dT3ICObwIToq6fvvx8e2kcH36QdMyUKqzgWRxckXcObPa1x97s6J2rZT22t4U2pG7Lls7EtrUiQzL1dUskPJtlt8dZ9jd0tUhkrO4R+C11sQMp6+Eh6P5fBHhcXYB7SJ4k48FW61WC+rQV4riv8hpbOuDPQmvw43LhnINiGnQe6lNkqA0qoa1zN4q3kFj92FlocOa5WFLJeZeq9OUcwSdA4jY2CrZC5IdcXR69aj4ZtKJD30FVidvFUffh75/8SWaJ30BcOmN4Lk/5Ebdz1wSeXRSUu6y9M2jBCV+fd9nV46esDk7lHP2CV8V5yvqv3cByLn9dVVE8qZgSJ1Y/AnbIUJ30rkkJXBJWiOCVo6KyfVOolm8Dl2semoJy2Xpw6JSjYSDOc9VxJqeRHi9bGwKIjz97RgrKumor+qGai/nERPFWVfc/jCU23NnXk/9CHW5BcZdjHu5cMjksAGHE65j2IrcbgT0PFiYxvHMFgrJRZDV+awhOGROqnMTBQKO2ETuL2JG5LY6gcKAzV8momZpe1M0ZOhmR6QOXR21ddqA0eScMYnHLEuxIxNSMW9zWeTFtfj2/bLIrSRjnP7r745TofMJe7ScAFY2KJbVCmAvz/BVgqlo5teWPmfWW6xZ7zzrqO9i27AHBtKwB90pBO91UjUmjalNPzzJtsFsQCBEFoEM2Z+eOCys/+m4E4LRby67eWow/pjh+L5RqbVTWBBzTtkZza7i/jX1YVjn3lBmRbbHJvV9BIbNOM2nitn63vL2orWZ4/w7zFq4MMfMelz1D+RKBwZMH1Y/y4oGsNZazIkY4Mu/ARHkae0HRcxhOc5b58Gq1dNP+a+fOSQae+WIgsj/zzA168rhmkIOL4y6ARdjzZVau4EAyw9KmWlfbW/y3ZdVaseZKsC20lDXCerBRwBo0jei6QddyoK6EhQJd4EF9x90gBtNC8JibeWFWhLTSDKLdnyZNBuXFZ+cuqiJ4nmD0VP7JeRc6+ni3d2nhWZjAu+PpvpdM77zfK/IasmCums8W2qm9MxrWkVyVW3hwvMqjKZ/fxnQhmmfGZHPPPwO2IamG6q9VNew3bHWT4abR2Y5jnQViusFT5lmawgDvuG2hOMkpSxJs7bmO79M5G2Cf/CsM5u7Tj0VPuObwTsh/FsSU/CImfqTiJf+L4z+xXT8Z+jM//Sor3lM1N6h9fjkFuv5NIFHTknZi0rndQOe94gokOmf5LO6DHsMdBvhS6YyOrizY9F2PefHYIOOSP8v+fVUrx1szIwlFidzVnNJfmVpX1EXzAy4/+niSPGt4y9CfDsSvfEWWqPVYkwEK3HADLOmpR9FjAA2Su4+5xPJK4/aFOgxTkYdL9K/Y0N+1oFPt0lpNJrEEX07jHNYZT6Jjfu8m0AS6rGQ5gu5rLWKSRvSJ7Gl7C8VMjUA1nA4dSt7KuCbJsXUgK1VLdUcRe0cwiiKPuahnb0wquCre+j4TE7iwOQrDx6ad1Kp2b+ajoMh5ubBL3PYkby09LgmULzqjELPSYUe/qYqd2POJcvYGVjiG9vrQdBsnTa348FuJxJcnGGSxfOv83cNxqfpQ+ZyCObIdPot5ieXSlRVcdcPb3ZasA8QtWfeZhMYECkB3kKPT9dDB2LKS1nW9WzLjZN1RaXCs2qEe7AlUaXnlWfQeZVF0ah23wvfAH1RlVTWAmVepJsjx2L/tZOmOavSdifihZHBxvNcdYNR0cC54vj17BFRZv54rhz3CStYVWLRveysFZJelyPTpZpTZO/lD0jbbdvHVyBJm29c/E8cfO93fyofKgT28ayvaE+WFR313RDvWv03U/PPcDP+7MEvV/A86z63dwQqnXLbZeQrnynBpEbTf7+Xlnk5seWqm4xOPilAfLsXDYq/Kag5Z8OvuXQifeCs83SRXnZaFcfOZc0dTMHdHcuV2W+KD8chwyHba67OAdZ6tVm98h20pKUeRb+Ozkdleuvxcal1Nm/zsXfiF+f7apVMZkHUhf7OjBgAaBjwTLotU+BMi0d1IsyjjNXfVfmStmVGtIVdC4Ec0aUwyBuol9m6ShuupVEdVUOVucEeIvAoVkclkL52lXOxMidDdYbdRe6S5b/8JILvUjrQ99jBlz/0w1HQnYem8q303r+3mUsHvxRirY1XC6830py4fj6KAMfaMp0bXeX620vzAmIE+xRwsuUwMg40BytIVp+TeddaTAS1xvreV4yhV3FktOSd5RG9rd6A4JSAD8s4RzVh9xyDhHnT0pBLPlWoCK0B9xzNrYUbKia2zIqNPuTqpEmu7uzzK2d8bUPgjAd3GxqEbQF/H3Q9u3j55e2ws3poeqyjBMKjDlXX/mf+SIzjJyrw6GTGzp2GEud356a1AxoAYW3zxkukGsU4H1Cu5PanMlbcoinyBUMYF+7PBu4TTVvgPtMHRiL3JlFU+zDXbvA8JJXnmk8iJM7cV/j3Hkb7wOJoYj1YLWEhYWGMZv90+m6HUszDdItA8RPZe1cJHooptoZz90EdMsQTUqtBQkmhUJGjwv3FN7JaP+WvM/Lt420CocWVENLymXwDgo1/w3hRvZSpF7Xw/LXygJS20u4m8oho+Pg0E6pFYNNF5g0Atnh6xXF8GjVnM1mu5UPR2mJfnCU1qsO2OwJduY9+jh57YepF7qg5LBlKfF238kzLe9pHea724EIhvA2ZqoVIkKKJ+5SHdcxgjWU9GZNVo7k2RyCHa3KzeSeWTjf/0tXFdb5dDp+NZi4fkW42OP6hXmKAZ33SxfbDvzKWgyHC7+CXBsx0lgsPrd1WC1WZZv7I6cRDWPCbsKvt27ql8b1hNwPb1HUP1+AUdGXiJ2tNAz7J5yQ4MvUgceZoiB/cmdU2Ny9E9DPCfiU+KMzRqwsBBClO9WvLLE/hZet3iwLuyoGWTkg73SNIO4T/8s7nxRVBGJ85jan36IKDh01AlH7YoBrCQADPzikz9Gr6zcTAZSTO5W9xSuIy9dJU1lBh78iQsWN4pcjqiHNmyLZJNbWwXKMsem21VNHtGHtvNFlPhOtphR6oGc+cPMLewCBmZ7BIWrLyFpu5oUfHOjNCzJKsOsN+3Z+JgejScfHDISucdQhjN5pPLvRBiFncvzOefwL3038C91s3HlqJGOuH0lHfdKnrI+mnro/QYu5nl53Fycz1ZRs6YNz0iI6yc4R2JQXY80j82KcKVtxsjymwzo/QlmgmWCWyfp0sjcrWdtGep7GzGgWCA/Fw5NzJVR147TQAELT+sTQV4vMQ0POLKJwhKXdN8NvhI/h14K6YYZNwFZUdJvunxksE9b2Qrh8XDGQ916cSpNnay3SdCGt/nXlDMmqSnenClsdqTUDqWBTLVN5xVr1Fqy71CwRNrdZkSTU3ajo3R31VnRGK07t5uCaEJ1nnX6+g/xk2x1z5m3diwNCx6Qlz9RHIOfaS6vJEXvQXelZIYFOSOhonl1ExqWOESSGFQXL0V21CuCHaIz1mPRKooQ0kBOAs6sMIikLZ0vy613JYcVc3QYpdk2Xmjp5T0dlyxBEkBhD83GanCgPeh4kfc7pX0/B3X21D0NCwyYBw/R3ti21J8MZTKZrQYcmYu8MZDF4lh42DG3ZGhTN3E1qxn5QgZ2jN6xGlG/XaJZXjAUONS9nQMh+Z2h0a6ihmt4gyw/1quXCekJsTV6WbGw+n9fzcu185Aj5y4GDlVik867tdoa7iAU+FutUuxib21rZbaGWrX+v5qA4v+ls9/vHx1QfAmBfkYY2Xk2ycBtSQ7P666r6e3+BXiN6z3tCtNczqWOxSE9XvvGX99l9ZpwLKDrqDlfSOsCqp6msna4vIhwtyUud5n1lx1xc68v2bHpgxjyFY75qMzkjfHvCqcektpejKHZhtxKDy0dNoohhcpV6HOE/j+4yJrt1x3t7d/sVhe5g5Ww0J3pL6uguGc0A+6EGa2cI2xoQd6Nwse2wDeHymSTjL4WdnYF3twI8K74Ty0F50hbqIbz/F3dQV6wqTvR70UhQT8HKZCymDVzqvatsLZCK82ho04nWMIpVWV5caqMMVXhP2Sqwuy0g+yjJ9dDgSdmHYSezzUF6TeiYxueRBPiB+hMujwf42VEBQN0UOfjsSdkJ6QnkW/eRTQWohOPUIgXFnn83P+OQOCNK6F584Y3gEqqTHYhmeOfrgGxoDOUKhNwqzKPJjZbdUGHVkTAejysGjDB0wsT4LOIzY6lns2Spf9pfnQ+eEtYEvk7pCpsKWzPlvmp3v+x8/+u959Z8h/dJBxNb9uE3pjY7YaKRdFIuKImRi4x/Bfk13vx6CS5J9mHNHT089psc7oxDXIK8JAxpPLuokd/ac+1aqENJcnlZN1UJJbrggPekrqBFAdsTMNpiuPZA7yR4RdUkIKfffHcjVjiKGVXDXQ/CUK9IFnWv7GGGR9xLluuQ/Rog/9gYBlnE8MxI5aIeSxDESnJmlFOpBH7B3cEAQ8ykauE7YFqL31dIyMB2nTZBt2tAGMYYdttoGK2+/lwY3CFmPwdMv5qs/YSrxdnUdRIJ0E8K/toT/DAFHDwzCPIjrD4bimsCkoXklvrs6ap3fyfJzPecCngvVeCfOI6lebfI95z73wBCiubDIWOaY2KQOVkOuXj15fUzfHiWbGdSP9uMLooG8aP4qyTmrHWIuqjtR4EGolA8S37ZBAwzsPTcKMSToLju8iT/E0/J1DL33KUgxJoZxc44wlpWgeDT3waY8cav1sDQFxSOLga4F0dbbSoOD1gYfjgIg3QxGx5ddrdz6oszK9TZ7l6oNUhSvxF3AmeMzCJ6/J356ESgcvDPfNl2gBm+6s2urBQPVd/qfT3rosHRuN8FdjA862XWVoK4TC4bbJ6dfhynFqTthnLHnhDKDoY3z2cHzcTe0gVMvpG4xK4EEGBY/OWg8uTJCsNnAmrGCggMSN0S3RJh68+GPDOYxTvuv3SESONeGNL2rgpn+BGLrcrz5lcihIW2eCa3umCSXKJfYJew5swfUB4VNBvf1DOKwxsc5ofsflcBzZfUEqe11WSoG6UnFmuvvTUjkJbJ0ug9jWI0CelVvqiDohd87xLZfcGVX7vJjThjXubH1k5V+2isq/SNyyGpPIlzU6IdUKl/iLuvGdJrmxdte2+8R+dyXXvlIPEkyEE8vuirzrIkQFoDrOWMnDImP9O9bqc4tnK6/M8AmcIVd7aCCeG5VWkwgO5lN7d/Izqa14T7jihRxuWPR7MEbZJ/jwav+EJoFXtFpJ3J0w80iJt7W/Mz1B8YNNaizR/s3DNHcdVNFRRznrUDDZT2SohMy2H0EqQGzoqtZ6EGndjn48aDIWI3ODzE6gwum+nrQqEh+WKB/DalpWk5oCREJzcnhnfDB5UwcxPr/e3C8mj2KiW5tba0w3UmwFeTqNiHd1s5SeVgwn5FsqezA+RFrEEGaHkvpkVHQyLK4jl1yANarv15WYVa6APnyEt8lSMJngHIPsd7H3c6uoHrTLKYDvjbRXGFJ0WnGPsx542HsenrOjjFBT84W9x/C9FWZXawpSj13cxKc0zUrOvLi8WsUVCvHZo6svloQECxK2jJ79jUljHomNW9k1/i9cBj5GGwu1rpvrXKstjXDRNDkajVfmFmSCzAVDEdCyT4YkKy+Nqkr/RmHaEArXfM7d+Ixj/WJtZ+2jMh/LIPCjZfD5xmMA2gSc+CDZqNlton2S8C9Z0rR0Ur+Ils6mVgpeUK6kedY3Ifz3xKzHYgndUpQdSRU4nTERxfFmMowKsUU4tmWNz4tC4iX5mdIVxMtxAAbWypcD6r+mZhXAYPilR1m3n1zqT0iLHpSI+r5lWHAnQdt6Yq/Bbzo9NbfLXNxJund7E7sA+Qitormufr+OX13qkMSny7N70fAdgg/jDrqvpucX56rT+bSeFwYc+MzZE/peb0YSv8yaUxwBjzOs94x34Zk0zAM0mHwUMI+A7M3+JVm/lMTcjCM1D4i05xdUS+3H4FhC4OzzmPOWsGoKN6JjZ7wgBTDqh5J3Xvfe+SDYfxV6rmx2iWxZnICuZWv1gnvE9X/Mo4OMm5M89EvFqaUTI4R52gq+d7fpPQMVvAKiKoIFGjDTXllXuYDemHLbY36QfNZts3cSah+ZWUsdr2R7JPtl+3o6U/tSVZvyApqlNETXuRdv9fnkwMmg99oBz6va94qQY/slOn6KZFI9ht5uZPS5DbJ6lXCwnGqc0B/LQRq4HkMvEqJ+Z6IyrYh2AnUU/K96xCROxgkYem/PE6HcIZChJyQyRyV01zIevfTkLUuzcvnWzGBnG6BMGLMp6vqMK9fcKk7PWzYpNIbBzV6s3fzuc5Vt1OTFL9g56gewCoQOdTl3P6QkJ9XB0SBCG7VqqIEl2oJRKpmyHyNAGhktNgE6fbbKK29iRy7W3bVkXjB2qjNdppNVZBDyzERCcozDRwbesPegkV0/PZvgEurBZUCLTGnK4XSjnXGnHZxhIru8zzgeTvJPI31hiDOtlWyRrsmAc+HzI6THmzzFaZWkc1lvq0LGwpeKw/61C9sRA3Selmp8cWiVWZat2CNZe2G9D/qi4mT10lv5ux+241OdY7yCqD+MpEs5Zrwc1Oj4FvNr/2EGccHQWz6RLHj6q2oqeW4HrZsj/UzjK5wPYi0aNvDr1bRKZOn/nwZ5zYHPJq5/Xq5R9H/vJAFTIuvvirLpM1H2b83P4fVP8we6bJlUasJdqnsHWCHHe4PaWNlpmW0tr8ITglHUCBk5HtTpuIzCPYh86VrjqN45cv1RXcMRVa/zZFbQzfDbQGFjjcX3mxIyfab6fOIBh7JhagFraHWR6NMM22wgOQsjZxK8HReL5suuj+VKs0P26cedAD7TN64tJH21Wae7JoYFFfIGbI113qid3LKuCmKFcHH2TCnY25H8dKiLi2++tnJsT6YnBVzxNyMgLk+wtqDrSZue9S3As+UaXZ1ejNq6HYkW+MeFnf3fr0ueDtd5zJWytgzkpUC7rlg59OLXUoPDYJS5AdbvYWDmCIlPoO3O9s7zihDkXB0Zaz6dDhcmdQ3IA3fz0DJolUoC/LwXmC3FOfD8g1XDjSrNg3Vhzr+cIl37MVDOWE3UMOFvy1CoNwQI9tyZ9ppIT/TBTUEXld+qQ3vn26xWaOfhEPVsQ8dIyde5FBdsUZKervD0sQRlzWfnMaROA69FN+LfI4/iETN0+xJvJBTDYXVOy7hu8Hze8DPOpz66828E3hn5lA0PnJ1tv7ebmpljwFtolXC1zlrt0PpqGW6xiOjN1LXcMs4+8S6X2FLYtkv9IO90CNpemdzbQ095BeK6uHqOdoBPc7MCAAX6uQoU23q5u5gMFSUcWIpPdsVGTnY6ubsT25RkQhAJ8H+6Q8Wlu99DYfguAyPah1zvNegHbRv0fB36lLDs1bcfOh7dA72y+GnAPmQKO29/SumUHuXQdlL8AwfSPDqJwHb09yg3FsYA/lRlJmdrc25QjZP1CjFi6jOpcvKY9nL1Ga8HRPvt11JclniqBmAD9fg57kUv0kts+dDUlSbGnVOc1HW4qdRNiT+yeEaDn2a/a0Fux70fMPbirP4MUD/SUSUU1CAePSHnhMKQqjw4OV79ZXJOLlVrSltHNyRKC6KkPS4VFIkEvNAHaneAyGEGP1ZCSk3SIPfe90ag/Pv+HNyzzxQHCo8X2QOhq23NuVQ4PYb8Ia9nSmJJQhtDaY7sOzNP3OEGK0fEQY4zPO8EvLszkRxISrSQ1cQPglaQ5w86BYWuCqCDVuDYCcBRTxl9U0t4fT9h5IFH1QEIJ+nUsFtJCC+Yjmxbm9EdLr1dBnJMerw3uB2o9B2ojvJL4gK5zK+zMsF3BH2Yoi3zD75bSbf8ZmpdIucn56iaJ7DNcKQwN2ZeHPn+tOLiGJ4D8+6+nbz6UqnnHZyXiWqR1wXuywoDyYeE3UTifNzEhtfdakhRG5l3bjcASYPNq+TgZrMgYg1VKIIXJDCD/YI02IGuKn8qc3wNYrFusnogec75XMq95ZzViqy9ZkVIdtNDbn6LkaTgdSAeGGdkKe3dngdhPyw666jOkD6Wny2urARzVj8JUpuOMXFgDV4NlWaKhuUzLJr+xOGhIt4HofuVOpdMSkNeaSVKkdMrIuQQEzXd7wDwo97ZiVpYNlTWHDT/Pc2SBSJUOYjJ5fRNLSca3AIwl7p5kOyftCkmyfnf4B+lgMnzzfzrEPoE/N8KPBWXL0jI/XjVGTk9gM3DgIutztXag0DXVxu/t3w6XJsdPmy0Cc1k645z1JmmqZe5csOUOFjA6Z2xU1BTXFdqPIWgU1HS3WP2jAT3Esqc6rQwIXR6al1+rDDemPHnPHBsYAyLI5F2JYJ0YzszAh5pIPFiOsZr0bcPVK3fsT3lid19vUn9YZVFKajmCSWqFf15JYMKIuSrrVaXqjJoouQBYcZrb7njfIKIDy6COSdOfIGynWdbVZOOx0khotlyapRhdtkmJYD7PU2RCQBtgT5tgQzBz9pxkTOdrSIYagjfNcXE3/SU4s8jRepYWtB9OlzSxWO79umMye4GsSaiNZyAz2JvzQQe+lip2Des/KE7NpvGinarGXBXt34ZZ4yykgxNl0GR+YPxq+OxfmBWm82odvOEPphqiHQrLgvGNh2nBWsOqaqdvjWdiFRBDOdK9eERWSpnnXaUbhR2jJfIwlTIaZnv5iMJ50eoN6JMQ+7DFJqG/vW/BLFWLAJGcy+DQG7bAJzdh9WijfSDYEvpUlRcRQzeq9UUIixx1b+iRgzQcOvy/y7nVaDjQJhO9UvWXHVEM39rD2O3GYbFxL1IrZ4jyAY33ujUVGCgbd+ng1tjkwhmGvRxnJ1jIdvOR8+6h2ucc7ma7xMemuLk1NTXVE6V/lMiShIcQk57zcYXe0Gio89ni1lmAIqkZXNPVyb5Yj7jbvkYch9ODJo9QzO4QTMMYqOtjRpwY7qzRuTUYDsG69ZRpMUkHhm1WBXKrCOhkXNqANyWZRs28e+FrNJ+s/snEYycnZ/bTcOMNokGWJRDwJi38aQ5vu/uX705zqg2+RbSrWxYW16nXUA49Ld2BCPZESbvyJpWTFHnykS88ZQMNizw7KVzVXc7WX6cUss/mAoGi3Z3BjMXWFLRPXB/POA6zNDw9P7f7/Z/1k2VPDlPSTsVMs5NIrE3IXx0KqJ7dPpu2OU7vQbgUYiYpUv+TUDiSLZPgsNPqcHNA/aiuGsdR91vindTlyAYok9QM3nkY8mE5y3KRGKHnmWwmgMiFHUqr9gh2dTgYDTIEZPftNe/voc2dyZ9MBwmuZXMPWiLd6xqPNsxK3VUNtdlroBGj0YlfWk0+DWphhp8wLMo5SFnq3+CmPIjw2NdsH2ol2AOJsgD0rr6LTWm3gR49eGlTlx1q8XPR09Bz9wMuIBoEREm2iAK6GKa/EBlYqFZ/p41n8/c+rEzxnK9ZlD/2zdN0g1R7m98+kJDxKvjBFKVbvYmZ5+jSjQj679pG5dhBxUTrVxmei60SN/dDJjEJTC7tHz7/gnei4BzSHBHmrTN1Wgt4OgXfIdY22lIQUvt1PohIystWJvcLCLcRReVhtILGWh9Jf2UwskTnmEguB+RvcvLcdSlkdCv2gCOmxH2pZDCpsgf6EVh7TcvlVLt9lFZ8swX9fVV4CoTnAxGDIQWnxVNVD8mmD054sCkXDlwH1iqPMaudwipHY5kpcWx33+FMOtFu7LsB4Y3fjJcCRa80/i2NyHy9e6/dPZuwwloki64iMYSK8IvOot3q+979MLZYuc1ttOi9XT9NDF3pQB+1dt5DZGgxZKoXKIo8Fr+FGbkEjGJEXnYu003KE+QtRQCbSgQLhSCAjBGr1mDUsGstY7PlfilE82nJ4713hGT9gZ7zQ4UrWxaj97QuD6mYewz2HZn5xIFUHWelXWnzrQQLgSbG4l7g1MJZgRIKHYQHlY+BKdv+6/D6y1zAqRN54EE2w5sZLLHyBMLMxA53DNdJaBzi8H78Fb/OZnA7LEgfmszPSSp1tmZ+WdmxvBpCrbHiE1xbhLirGlsP1jdd2SuAWd7ZtKuoZ1bZfiY8tz028w/wa2lQVHSBsLItamWtT3cCYn4s1U4mtNGHrW7oBg8WuygRvodXqCoTW5Nz0UphJXBQGN1MbQKvFpOEVFR2LpW4I0uE3gWPTkrBXgaUKNlba9sMg1iVeo6g5EE+tLcow3pwqXppXLGrEl/unCJZ3Catbo2yqhYH+bVcHeu8JCZAYZ7sPIn9eSm9RfzYNcIhUf9Y359vsH3gnLZxeUfjba6vx6sA/riz1cwzWoDwe7cbmdpWe2o3uE/I1CvJNQqWrOnYnTOob+92dNEylwsI5SFE4t0V1r+KYwMz8Tvy4FqWtsrA75Zi5MlE04B8BojFB+XyUsmuozdZF/ODJEq4+hlZ47TXXZkCaLOSmhKUjP4JQslg0g4ocrpf9wLkr7ltbLUDn329vYL4uVwA6x7gcXNYb1kZeDp2NzK1lD2C/xaJUoUagIvOg0V2Dl2ydnI/aXCT8gBbe/BNyBOc8XGaoyS8SwEr4Vk01RTPttqVWL5G0R+spFLeEmWisAsE+2Ym9Y/6yDOHOI62Zn+Srk9Nkj+Xwo/cDd6GvbGOGn6SzmWA2X/L/7pRmWC3VC3cT7Z60CxQ2jV/PXiReHtaFpxo9E40thnjhdu+RIT2o1iqaQKE3Q9EFquV3TakE9MB5B95tMOo00YIv0MNtvF4rHsY65env8bCsqvmRjUFeiqYj/T2OggwPFImsorCaKZaFdIhb/YLw62STKAzRx4UgwEw6UmNQ9VIWp6jLE+pCLxoWvl1qO0LUtk28g29VBy/y6UAh5ecfFeHlllBnGB7Vhyz9UJDCEUezrB7mLkKuI/YFUYQR9Pldu3/Oof/LPTowoPeyQML55zQUF9t9cBubSw2Ap6qI2TU+Yc2ebQPFS14i/pIs+8jPqQwNx56AuX/srEQFxN6YybggGL4lm32ozEk6pjIPLkolQ45Ck+jFC/QxQyO9NyJq54xKknzKaW/nMkaKCc4IWQmDhYakWIZ99FKksxtoJ8xJ650DH9O+4eAvzUB7R1TE+THPk5b2RJ98Pv2hXebyfFec6Ch9c8xSCRXIhj0Ec6QbwQD6zY4kPLJdb0nWJM+r3M1k0kot10XwEGd00lDFyslaU809Wa2gU4XfIBxNFmlFUxYRvDlg7GYRul1ULT2XsEkeIJq0Sqk4vfnaaUp80z87OtrAA9bSZJiY42JdTaiwXvjmTLAwJ3URHyAbVH0HVHLHOUp0Bqw83HJSo6AK7etMBj0LvP3xyGxMQ02OsgLvxZ2uPgoAfIil0WLf1sYFn22cxrDdyHg0kL4wKnNYNhimUtSf2ggkF503q91zGPOmd48hcRMRoTKTHKAAyZzBq+30MWUWC7JrlxR9Lpco7dGSskvXfvPAVfz9z5Blqse935BWaLJZpaIPKWabhD30RWVMvmERdXz+WgGhLb03PIfPrUgZvFAprnIzsGHPmjDnLAhjg0+RBt1HY4FovdYnFoMgvGFwixdlXe0fFc1xSf9aY/sGSMH6uDvLp9XJO48YgNwVR4i/Z5o+cl4R0TsfIZrebyushlk5MO5AFpcqD0hMCVfxYf6ynaemBn0+ys4rx14rczQPJbQOAPExAOhy54YVcgnRVp0ahuca10jWa09Y3wMZBT8BemxLq5pvSQovjrXTCBatswELZ3Z//OnUEdYOgvx9byxYZPCOn95n921jZfLodHBm4VTrb2JAcRkjvmwQc0kW4sED7/Z0t2M9CjKa+aWl4Vhij55zTbBND6nujGqn4IAsg2Sf3026G64GNc3k4JWTaVITqfyMQv9rrj5dcalSWjsW5mA1I3ZzTAY51Aqcil3QpLks9TVQXoR/qdbULf+vhdVbLAXVh5FdRI7Zw5JLKmnlObYff1wqNTvu1gAncSM8AMarX1ZrAXsi2b9ipFTB9B/mzXqP2U3NjA+o/pSb6UzYv74Sd1dOMbCsXgGhMGk9CaXw2VWImysyHxtXnDUSgRS2jdiMic70URFuZj9udlAwm9LZLnC1pNFrfpfhF6EZJPkSDI4oIKJjRMub8X77/Zr/iJcC0vra+/v7YxM4L20jlYNaJsso3PQJqqTUqbscp6tqx2ZIx/P0UKXMlwyqc6RzwqDyfLMdO7PQeMTQYaybrH2vZEG1Qyn3QZX40dXjDYDO5m3zWgJYaNUqRJxgqDkdIwZFrHRHnN3quJcV/v4WauTtI9V9u+50Jni9dbByx5enAfv4aLI+Cx2t0yDY3V6b4HVSUbKRn57TtAe+06jPFYm7r1Rt0znvedumRN4sadCzV2Sl8yUKrP4nw4noQH56Qm2d/+sVFnppc58payWbWuhLmSfea7F3XEKcTegEvcWfn7IP2+Smx4OCj9tnmE/iAlCRtqAi0b838NVQG/CJnbJTWHj4IwjNGCDLkpnSuLgnhKk5yLGWVZNCDlgsy+w6kOUCjA84BFMs0avaPXZ8+9lQSJ5jMSLMIeSbL+2Wm1L0hqNhVXydnNM52vu9/y0e6XP4Wb4Eh+ZzL4qf1mRWw+Z6l17hrRY1C63/CwcGB0KIEb1TVOhbLrk1/hkRQz/78x/7nnQ+IczjKT/xwjdBHNT0ub3xb77sAi0T0i+shXCig/M7RPPvAJdEyeGITS93vGBhPyFNVTyAACdIj/VEC4P+UgXhcoDdCNCOpxrQGqqKZPMG2m8UmgKjlZNIi3r6PL+BqWwb4ZYxINM/NTTL4LgS0IBZjE8FpgJw1UU3l0RFT9MQNthC9kf77fstxXNboulHaCKhAJrQQ31SEDba/FD4NC7fxGXQ0Z7go/n+svHdUU2nb9m2ZsSJFFFRKRBRmRgSRoQYSFRUdVIZxZgApkSJRQw+dFBUVkBLLSDFABhlFR1qIdEgEQhNIQJCEGikmQAIhBNLLF+a+n/d71/vf7XOvxWJl781iZV/XeR7n77iuc+/sLwlDZVs217n16kbgFnfWHbzwn5rT9ZKQ8n7l23EsHMban6cbvTRw6mrwLlqLN1Pd3rhX5xD54KwDPHVpZOQ861AmFJrXRskTn03MZRUsj6DRlCdWkdskV8cchs4uG60STC23gYKdFjG4BvbF76BSTEMjuJ48pmFgpINcrNBQ5t2/q7vX/PvvLEJ8DavQNyX+prHKlfy02skdrmN1DO3Nasjhd1tu442WOp5A0TPNulCEAErryKL3KMje8LKUXZbqAOQ7vZ7LuxauYv19lTfeaaWgYlSTRbW+DTz85Csk7sihCMfb0o8+4k8zMCuL1OOuXctv+A8ougFxy3/Yn6GYU3ZY9n5HtE5PcA7KFF70vRc/zcH0KYZs1QscJmFDKtLrd0Hfsjt6U2n9wHOGVrCPcSGU8WeBleC3ppyYOXbju/0k9DDqVcEh3b2G0+1lX77E3772KW2ASll5fPqqnHwFh4i9ZxdVWVQBfmKddj0iW6HYwJF4FFxVH1mSdlZ/SULLh2uVKBBqyw2txDw3R+ump+FGEECjwt12ovaRa5kUiiRafFa//xXRHtG9TV/jMyqpXM40C1bP0zuTn0buQBjDk98CsNOPyiw5kj6oSWRfLci616UWLO79/knbCxPQ8FVAwVUKaMF061QGUWCLk6TGGekMUHv/khe8Gd+UtUhWqZlslP6mu0r5GgvAokJYu3f8q9WDmWhvvtMMtQfwEGfVCIpeLA6Ljf0WcEgzcGSeCrgL/rADoQqaeJlAmHJgMIkzXFURx3Jprx2+Rh8G33O3BQDrV0u2yumLXEC23APoEPuNLwC48rnUlJHAKggPK1H8By1f/7/X/kUzFxNuOJ7EbYYU9vjh2jkzeoRcjaBJTX+i5kR9TwxIGwy9Z38uZmYE751MqC7Azl6E3Es4Hx1I74uhRPbpCcP8/vCRBpqqF4GRj6tJaxwqpfSwc9fswclkx+l5oxR3W5JwoHZ0gKaQ0GmKyb3SvPuufr++ngocqc+vWXux6S+chotubkSv7wx+3ha1mMwQVZs6RHR7zYjxeGNRF427HxD7jZ68238g/TrnABSNmJP5/5kEjpY+dXGSzsAzG+aXhqrAPI3egA1C+01fEf4nvzHXuKMCBCv4GHt9E67j0chpltZAnumZXMiZ1BHAH778/Cuq8YiszSY8HHI2NTTKUjmfeQyxQ8+5XDho80o4VA0SD7cGg1fXDGHjf+uBpxqBL8YYUvf0601rTtokBvoiS/vAxC4v9p/wU+YfijVD3hpgNbzjouJfYw6HlfWNxAcsb98CCDBvlO/3Odv1G6sJXSInWE62GABj5vzRiHLVEIJ/wIvmuB6hLhMrQuFa1vq+lXST+ddlu3GE7Nvxit7qCmpiqA4hNdUqTW3UwaK73HfCM46pZvDuSHYd8Bh0d5pL6pWu6zYfFZSg3c6Gp9Ve9DVaWtV36LVl5bpkCKtfVdN5cNs19ziHGutsBHVyAjRbdlo/AA29iFF5c1o6znKR1frtg7adL6ziP3jpRd7tMD344JfMNjTDDHAuay3TqBCQY3dnJHkizivuorcK7juh6IWDQ4cYDfQunkG+FhelnBN0XvalCt6X/7xzgKW3yJWWuubLa8kz6FSWApJr8RkFj/nL5auIxqRS7fNkLnblW59gjYLvg7IfjZwKMWduX5sJfLAbwM/oOK7djSgiPFa5xgNp+CVssZ6LLyJ1bWDRTR1FERXAok/meJ2TzpSYAxPIVf1lbcgC5WzhkK+cbEx0xQlV33U+PDSWItLk3vp/ujq2dyVuMrq709gPIdeqJkh/jkabRQ2PSq2/CQEHlBFwrpem8d7QoUu2nTJrHb1pCmYzggzWlxgvrZ7q9WdwL/QumOZUA2AZ1fLA+hN4N+qGJQLB9Ctq/Daf3ZuspHER8fGiL/VL640cDmNdvX/Cs5d6zU44d2X12TvLVX4lf40d6ELP8w6yi/m0CL0UtxS45FD5EJmZN2My2jVVzqxi83dRrpRvrvN+POMj67qa3AgPtne7qb/m1TWK4SdCbtkp6ycf11ml76Lm1x2O2D4V4W7hmtqAdNyp1Qh+bQl6OBGPdpT+rIfsMxo+a966f+Iq26trk3UHIK0gPlGzZ0RFQzG0pGu2OkAxc4pAcnrNOmnhEACJJSvI+//pk4XuUIwkLU3lfpWt2f+P9scsJSJVtbP3QlW+06+AQZucrpBDdxkWTSeudNGCtKCHaAV5Z1N80qaahqcyrsHtH91AU0QZL0vkefBfO8PNLAUtbvmgmY5322NDBHGXn1iB5MxIQZjAtoNYaBr9ts9r7GoncHdccNHns+07+ZqG1cp4Cp1nfHpKKzUBpKlnOewvnFKZ7eEA6MlngIcGlrEk0nLWiyxJhXyufUT6hHoovHqmMxgJxmYgy6ak77BW/t76wmqSWqqloZ6DjQ6PbpgfE/rvxs//DeBSzB7cYOS3Ox7i3+sFH8rn2be9LtjH3I6v2FxJT7VEDV1KjdPUmdjvkj86P1N6yDofSnZzOtMoTxNeFs1jqIqhkwLufcZVTu/ZUfTQhF6XEEV/k/mzBp6ErBSDohmVaAuJdMs05QhsEL6X7uqw/YCRT2FKlL/QPU6zd9ClSeOwusEU8X0wfe/r1Nv9NDvKW0/qHY+VYcAdz4DKMuGny44oqXSmwqmeFGdqGFlrI08boFw2DAA1xKQd2fqYKi9u+wy3+lZ5TP8/35T4F/epfUZdD5N+LKVlhTer3z9RnFpp5Va31Lv3QI/aIQeg5VwHzNSwhap/qK18B0hH3HETXrs1ZrEn6wbB1P7tZfNWyrgp/xGHPK8XQ4Ngm8tcwEsUPU3OtubhfdG34sHsm96wi3RxeyurIiLa3R+fdDP6Xmdl0zvLfLwxhz5S/9SSo/hcHIZasEJ8uMxBhVJGV5MEnca0U3R32ykQfX7ed1hRVQW25qn+uuxOpoRJx9XScwwszxkOValbjucJDxFT+M+83CgqNbD7uvq39U6eHKgyeIjgsKTA4Z71+t/Rn3cheHeeU9CDR3mnSffSGXlnZeQ84MIrmFWnHUv/zamsyNXljL6R89FUMp2GvDhm0PelVANrT6/fjMxL/8vkbqZoDUSPtwhAU6IOZltFplqnvixZG56wg+mxnZZxXjdi3Yu29Owsgl/QaTie8E/HhQGgQVz4JvmG6Zbb2xxQMDyhMo+bZ6AXo8n2bHPogA+7OMaSHRdKnd8NmXTY8cv8fVc86d1FW/AdWEy4wY/DWZlCSMFa9OY6Z6OvACGfQ5t6Niyt1deotEDrBHDu5A/wZHV8AHz40X7ypzBZbi2Ctb9vIMyJtTfN+fWXkGJ5WnvHSIEjWUE59bFzvwvjfZ4PhUwYQw9dorHkmcbhi+HHVkqds+S0eFnhiBZ7t5th1bBjVT4P8tDvV4FFR166eJucrhnrr2Wsxo8/nt7y68bMBu2ZEQ8ttTWaYoHTpSKdEEHnOfRWX56RSMho9eIRVy1THOYm81QK0kx9jc206gG6UxFJjdpCnhcOq9yGwzp9FQDu1qpjFSaJNi2lEyZz2zXN+Mm921UD8LMZ/A+KznRblmZb6yvNngBFPwK6eyQTysr48wojXnrFZcKQ0+GV7PMNwF5FpM2d77aDppu0z0UzfyiDUUYZ6xc361l7DUHdMQj+uYl7+tLAz4iwov6z7elXUtKN/fp74H4t/qxIx4+e1MDRO+8xjxpB+QjUQTAmBHBnBLOPjKJrUU4PB6MpZpIyOavui78pbqMv6ny0jr2AdVFfrkozzrYY+xlazWSnYhJ3NRU/C3Zk8/a/l+tkfZXx7XH+HL9BKBkXMc2YRnuhWgUG0XN/2Dszdxb4HjbEomYKUsgplKxcqto0lpB/4TD1gIoOgPgxzASCyyotFloW2t2Cm8RWP20L+Utubyyo1Yj7EXNAEMDKgGCF+weDB92I4Z0l/TiU7u7njF0b/3iPeAS1sFAzvBfB3DjaF1hSCGpZvuYvKq6o/rZGcWO21FJgyBdsHk1WOV+oFwaBUBtX6bIeJtP2GrQzJUJAWT3r0fXlokagADZHwMnfnOV88qIFbxCKR/7zJeN1CdC6oxq5Dz7CjtIcqKVH6nGrrpBieAZFU+X/fYxOl1qKHn/qPG4Bf0A+SDHdPcOZORB+DCEwTdknidKNRVCOjyZbTTulVhc65T99B+ZJEKbSRFsKDCypQ+gBbbh9RIHwsmrW1F5w56Kz0Meis4Z8H2povgDGWvRQ9vPwc3T7nQ9dyu0LO5vSpyhmMMkW6e70+AprQRff/GSU5+RvXbPXhI4LSxrbGAsuDN0Q5oqN4mc7vfRdE7VR54LuYRRqE1Vwky0FBTHXhwdrwyYSBcv9q/ivKYjbEH9tX3+OKljAhcG7daHNDukJp7Phd9VfO/Q6lIfqDIw4B6T5346YYNVhvciXnciJC7Nl1anwqWJQQGh06Gha7RY+hlwOZRRnOn7TKF+cz2IoZt0HR34K2KMSPv3XzY7aFZkGRVkJ2ClHpSfHsR6mHlPX3zBDCwYAqJSTf4N7D5SUY3xObk+2cogkHyxcnMnSMPiZ7I0tUChSi8MimXi29sroZgOjLbwQkL3pPPkWtC5bCnwN2xUwXDg5ocjv9t+QoyJj2Fcv/hBvS1VM+E/jN23u4vTfmATCTBslIKtffIHS9Rz+sb+cp4qAZDuLNOLwLzTqiGGvavKT7HXfXLYIMYtOymrAst6BQUn4p4EWsHhDWsddxbD1VpxkFAccwSUK2lBGRfSz7Qd88tMjmQGFI8g/dGm25bvutpVsMlIv0sGP4qeKiZvf0Dlpl8CW6rXl6z0ICUMm6qdqt4B0VLVk2HYrOFY6VQLq2SeVUiIXH8Sub0HKna7sLLJxsBR1JdwYZqmyoP5/kQXI4HLptBnxdg/iYKt+kVV6r3pV/qnVEI73DPyVpgEQlhnX/5seNOr1/Wu1gHqB7RZwz8iFlfynP4ZfHDtpLpY0bZX3a7G9pV2Syf0XFq7Q4gb08OVy/P4S1C9oxoWM8Mrsal6BF2IoTzvnG8Nu49ftVy1mvQAalqhvUyEAhzXNEPWB3RUYQ2bjWKAPUOsJiL19onHHs6tzxJR44q8wMDK/PmeNPn8HgAdAA0bwzZDJ0bZE+hwm3haxbXOd23hDDFssVlsLnsN9JQmoZOCfZd4KaoDfI/HJWJ3ppoNQ5oH9OkF/Piuwig3WLkjQj+HrcfONLbfVk09gbjjF3nfUtV+NE2hNKJiYm9pI/dcuu0IEphiH1c4wYqPQWMO/tgLEf33KEPoNuMGJg9HQqxYg8/sAa4jpdkqOPCw7hzx9/ZOQetpro9huY7O3+LUha++THSXhP/zPuwDADzfcvuD0jR7qetm8L92jAMF+yyXwJsefSWav6DXKy6b6S1lroFljgYspoDHOlGq9cNk0xXMBfJydpjL2/K/0SIc2Wd2WPvt3LoDnIt7w09S7pwONpA2EB7MnUs4vNfQW6+ApPzi8XsjTD6E4l0OTnmCyVHdLivu0FGaWQP4FUBAf1Gxlw7LqNg5rpo4CCvatDDRLX3PrAVBy4yhuVFUK/H5FkK+6Xju6L5ocHx3ieBWrMWMWEq0ToL92/6Fv6hysV+JMZwC1XHdJYAQS9FbRGAQoLw0Fz2Qc6ahgZTW8dc6vErQxsZy2pVYSMwzyPnSDrtlXYPDnKC07w/fypXFJplfvxRNxXZQAv5+RQxM/v4ns/eFEdPqjzryE8+QJ8TnZtnpRvu87XGSHZm3HtdqtoKDFFIz0F28gcKcXnDYqsnvqqtYaptZQL3oNVVYDLFeuBjYlW5dCwRSWDiBuaVNnmt+TifSVrjXO2UzfpHLiXn386UMPijwU14anPKbTvNgvYEKQ4Hjs6ViwuUOA4ZoWRabFczkF2lwtAMTwA2tNgK1EYjJBeNI2TEnJTyOAI9kAS3n9Tum/CBj+X/DDa+uxH/uo3vme/akgpxmPft+OCBNMvXPoXLgBLu/smc7gY9N53r8KFoda3PSJTwMWrZeOUfJcAubbe49Y9p79CCAhS8N9k+ItqILjYT9xyFf3pY5xuRP4YinqllfcEKHnQo497Fn1Aw3eXVChQbzPpMs147C9lOEZ/45irFuGNScwS84rHktGpHiUJWPsyAgpvMMNPb1IDUOvWYYG7BJUkxzkZc6+3wB45reStkq0uQZlbZTEa8NXdn3lMmjaP1b4ernsYymWkKsbFKbpD414lnCa9Z0TsP/DuFGkOWUbNCoDwi/4bcjF7Z5+TEC/10Kv2ZOZy7LR8KxGKwenRXaYG+MMKGaPdKaW1ADHwdCItz9TgQODwCrvrWAHVGhxoVtILJFTbGbe8q1bgxkocQ4S6DGxL+T2YCfqyT43s2ta/Hcbt+Hwpw8LDvvqiWXnt8m7PYZoz9WGJaCV/pHmlPBKYr0gt78M0yjmEC8ZziaWYDCoRcHiGNoBV2Ri+1Xo+0Qzd4QEZf5tQUm8rpN8W/3NCWVX3n2K4yEHKRH0qqAPEZjrHBR5btjKBmqQCYWeG/Afc6/V5wYeC0j9klGZ5IHkpDplfmJmmAqqwXEqi7Z2JRzCCslACKRuXdmd5Y/i/Iumzrb3AH/esa29M/J3VqTg2z+hMQFaAZ6KU3/ufHBVraSK8KiatIZ/O4azC1Xgf45bxOCqR+2fsgGZbfjA0aVKdWkAIYVLIEWK3py9xLhuBpKWoc+TJZMpLugXX7vonbbNDPIeGVku7zBjbs8LDDr3qH3E3jn6ntVd3Mhp6kKHVnKTdfq+6YKUv1IIqWTCMEE+ohXL/sU5suaplfViMY4gbO0YQfW6vxiDLYKZBQX6/zzWaoWjL4IXLgsWZ0fhJIb5vNnDHKAr5QLeLyNxgz/rbqv34tHjgEug2KId6RMpWQ1OhZ7Z1t3GHfoUEd4L5/ktuIpJb1OQPQFYexXPD52yG8uxqp8Vb55h6CYleMgELzDW+O9XP5eXboVa3pbKOF9n9VPfIzYKe+ATegTRJnP+nV71Q70aJxzf3oDGER+JL95LOBvaa3aALXthz5ES/hjt5V1EszENE5nSBJfgfUKWc7cRuuysPnSlSSNumULv04tJb4OiA9OchxVDVjqNze9UmPay1Pp/3jkRMb/WOjwbMMd572nRrDi/qUQdb5ZyWbz5tOkDX/DaXLeYGGigx6rG2MTqBOya/iYrdNHt0j2w5mo1OPbWAKAerROpqmheMYjJnUB5qneS5PJ0/8iim6PNfUcJamm4zBudGF9X8+NfTl8Depgf1gv9wvjimGokyq3SeneeIKRWWrm+1izWAEKzrTJF+dcRfE8aafi6zUD9GeaP3bVLrxuJghJdntlCZPAU66JbLKwKqHyD8+RMYq34eePtCpGmdDfGDQiVYp3N5GVcaZrVFr16gamgdfql+dVUB3NA58hOb4CexmnE++cl1PG1AVC+T8pvabofUQaUrsStC/td0DHsUujKXFsWHbdPeoXqMFSZJcmNDXBCDFVOKvYDbIIMGo5MeirmDHPXVlUTOfKVlLf9zlhtOGB9y+OfpiqV2p975P/r/RFyjL1HKjrTmzp0Mt/2R5y9630Hiu/VlPqz9wgO9UORECnMKrYMs4vEx82ZXS9oPIwRVWc5NNO+yEriXhTWD7ekZE4ohvcNmghykgVWXL/V3jTXTTkbshqtkRuKQLcNvAB/ZjqiDy7kOZtF7HNoZ2qcKm2u3F9ioLe5lExve87ecMwmYPj6eG5cXDWpei7QYgl6KZT8eMagT29Qp2fEMwTWLPecPH2M3PSvLX2Q7ZVlbDH6K9JASzSnvb7po29oCLKyRfrrQN5+ScerbT5h3HXxkNXjuV6N8nQvZ9lS8RLZh5/q/3o479LCZ2fOfcZVdeNRnB28Kbm6t6QwoQMb6Ms6ijeGySQ601ohsweHILqWQ/4QxonOS5y+FvqzI7ESQpNGjVWPJNXKFGDKAbe61ms/IApW3CWIe9UZMcJOx+81jj9Eyk7RGmZ/GPaa4Y1QPeMW+lMI4Fxr0ePFlMwD+cLAtSkIkg0wjiV7xkmlLrcLNo6vt/xT9d5/6/Wf941p1Tl+E/zPA2mUxNBsQlqv6yFOr7oDLRUNfmBlOTqgRaGckPzmTYGZreWdHQoGwD7XZlU7VthPxrXG8TrwY50KclFFcsvo8L4kO5cLGdMGtHiE4Gxnimb6kjd+keUPJNA/q6a99WpyD/xC7BmcxucMzJfP86+5WpzU/oE3adsW56JXuTtoCsl85yGqXYAd0D20N7cmyd76UkZc5PIzn2mtuEA7qblc8E4pUSfeSFdFVDG4QT6g0lbzwo3j66+GcLM0+SrGMVzn2S/1i+uPmkUVRqD/jHHSnvn8Q2ywjhbrUJ77GeHbmjmK8VInOzBuP/BVAR0CgDL1aYnfAPmp6/59uAWjWYGxilvmTFT23FfQ37RdPBL7LfA0KEC9wZoWz9HVMY9250WB3j/PTziM8Q3sT0gFb+DR91BAQ57+np1FHomlcjvtwF2Jj2DIpbuhyjCYU9IvbYC0eLJdrEwwGO6LVB8ZxTVes6I0eoX7AH+HoTmpkU0tKjP71uJzWIjE9CtK3c1tvRyGB7NKVeBjdPj3tvHvU3RO8LvMjFgxy9l5ZyjbUGRE1OtTag1Q9vGUGxj3WscovFYxpq4a7GATMLJIoriMBi5ym0svmVcNm0zqIym5vwAAvNHhxnnTDkVxGFfomy+UVvyfNzrknGP9MvwbpKVfA7ihsuLQBvbGHvABmJ5bRsxaGTBS8ZksLva3paLonAu7YNJAPMwq245d2lBTbWi/2hlsEKUZ+tYAkLGEa5fOh2tM9wPyY9b5Rtm0cdzo8de52ZmN42z4F4+sir5e41b9Q4Tk3h0BcJQmEMrclmc523u69zdo8MCB0Yy1i74xMENsjQ/rwIjWCq2+X55IxtfthGPC+6Jio5pxloISE8lVbDwjdDx3si3ZqtWpaWf1wDxsV8jQ7wLqKPXdldkXVaDRq35ZW5c1pzjgR3bZmD1PxBwmP3Dbe/2tgd0lOacNQkRaUkDBpNRZi/3oaIzv6lmXfuROKKNJUKtrL4DezvbhuyDdkNMZRwATsjXK7Ay0k+r7Wi7e/35xZ93mQ1+zpmuyqXNzHaMQSLJPzzsV/I1W8IE8bTIT8WWh89Xx2QVOkVhi770Ta5WqzlT5WGJ94GjiKI5InrLFXaVrsgEFWQrrlIKzx7hnDBviYs/HXcR+Lnll9XRWu3GSKhkOgBpxJM1WYrqmjBhYVm9PXcHsoj6Bl3ga9hSXzR9JYz0BbQCmE8B3I9a2H2jUGLJ9tesbsVnSpG0DelvHju0RCstclwzwC6KlfLy50oj8NP3nHH0pQYriqHzOYFqnGzgWFmkBl7fY99z3JCeK+rWIt6WzZd61ipS2tratNq5f18v12GSZAuTqN8kFY+ETaKWc2ntWVf4EPJXr2+pg1X3RqAGeRdmbdVM72FSLueNTJrQzLNPddgCjYYmpd3lwG6+dXEnIh78jWWXka0UNpLXXDh+Og1Rq1XacODovK+FNJscnxYdHNWuAkgJqWZJsy3A5nTdD2FID3/6t+Q9D17aH3yf4/QqU/+578P2yO6y52hylYwNbfxoa47Dh5ZaGzRWwpuaO5vaqJFPu7cwD24CohWmXJl0QlxyWb79Kw2RWTw40lssX8UvD1oUWn0EJfGYfmBj15YNp8G5U1lcxISBmU0WzYLTHo8JPvljPUpm/vgCTx6d+Sdk4UGAUxNT0Csz3H4rdw1tqMoYy1bVWCiDkVxMHCjOtUhQUx6qxHmBDEpgK8w0ZflkozzQYDDN8WrfWR3F9Eij7cCPzpbqlmbQRq4I26hxLxyJ63f/CDCyoZ93uLiRfsB42AGjwH5O/Eyy3kCtl/qnGHXaIu+c8fp+gx5QoCgJS26hERWVHoIvpFlKcs0fvTBMzwSbHak2QE6sKhvocCEpMQs4VpRi2f9UO6PKAyXvdCLSAgJOLnuJks+A87GTulw3munF2f1i0OlR0lSM/4Y2WKGa7CaSMtiXOC6vsjhMVNwCIjnIUuxTPrNPG1L31TlHMAgMfAlrOqQHlWtyHBhMHYKXIkcz9a6x7PrOX5ZimElnOzvFdXhacb9/0VL7BXDelpKxc90QfjJ5ZZti6Vo4/diTvW1jpbPe4pnLz+E36MWwqkbko7HRDfwPAr7q4vA5FU0TNjZESGmDPRAOzOzkeVho5+TQuwS2grziLRy9UDGBQqxC0ZBCHUnmiuyZfoRSI1e0IpZRB4olmMEoofJCU92VDuXOJ4+2RU8xtvipA8EjDeFJ6D+1OXsorSDhzz1GWP9KNhOvwMUOVGIVlKL73uyWWe06ioDMcHU0lf0++ii2w4uMoab9oAE8ToSwTXl4KoKWWghv1xsmb31rTu9u5lyn196bjnBGVa9+cCzXP4Gw+uGXArXznPqm1o/TGimhqQxH1+dLM6HZreVH3S8oPs6VynraKMJ/T31xHcx1eHXsQHzigFSt9mlIq7+Opk0tR02Xdesvra156tmEIuWpWOWD9r9wS0ozntesqP11xc1qD9P5GAvds9AneXGB7Js7etJtidshS1O/REmxGtN5SYH9miwfPsjg1rMzdFg/eyr7yND52QTN5zoUWjJ72EQ0svrms+n6srOEj6jyiIK7wF7AlUzsdAmh0QrTl1uyTRoAI9OV1UNZdi/IZ6tn9gigZ+Pae+c+BdtzNGw4kl3R4eqSOmgblpF+aewtAkpSS5DHcBEhgqqEXYBCbXcV46vAWd4DOqVfXutJGZI+9vjB+q/EEq1M5baGYFpJWX1rIt6akNHQ8/zq1PHKcgFayw2Ud4QikuSh53Sq8etTeZAR/uFAcpiqiWjI1yiE19RVrrxDRSF/xlnTPrWr2FTF2xqNlU3mJwzbZVwXQSXcDMEhCgAcnvFKHJkX8ntEOLW9IIB8UvEf9guZnQE1jy2by6PCdZ81/cHzgWur8coh8DgnoyboBdmjG1k7e36rHdU5jpXhu/fXb5IlTv8u2IV/7ozlDDm9INkmRNeriyT5Q4OhCohsHpZ6wmEyZ1ggxOPjqVVznkq9QChfsKg6LJBurfUYxqQoOVTHIkPUxZBjbry4fEVLBYjJYyQcrcVABl4RNR4XrWN1T++jg3dVbxL832vmu7+cqba7sBT7fq9fKgW+3YELW7nQ0dkDFksUd1Ro2UNNPaS9tAiwWbo7pd0IZU3pzZ/PlvCQNKWHGhXMhPzbxeXJW/hAAx60l1U/2KIZHHhasAbD51tzLPD9Kg1/WxM6dj/bJmfuTJ+zg37Zg3mv+8HN1ZsN2ezKsFnQ5yTNuMbwQNO1R4ANb2XwiBIZGbEPFzNh28sCCiM/Z8fcMAKcL42wMgQ1ri1TxQDhiRo8qE4QrBWCj774qU4rdPmOUIoxKO8QFjARUmGTGi+0RUu8Iv9e7o8HKootz2OrBW9X8h4hST9n6gYGt48ZWGatXVr1SDMYaSjvNjJ00JQcnu5HNO60rCRXWdVsDLFatKZP0vpfm8sV0A3wFMDZGtnqSXjalZ9OZoMQvJ/C7i7fk+KJ9OHTNU6KD0/iyza/YyWUlu/rV/wzYfNu5dOjHLEVr+zm1u5RWFgBjXXl0+AUphl7Gbi7rW9JDYq1fX1DK9aXeyXaBw7YDOfukUp1pvNWGixVuiiWuYgktSlH9KL9MFXnsh32FvUp975L9vlchJ4AlxWAJhHnXgpoYqEO413vU4fCH0oMNhDxUkQ4WntKRCyyfcDS1CdYpgL3T4acOkcOPzVReGbxzBp57/S+SVSZHpDld1p43Xm2OJ8d7wLstabZPUvoUzAi/wFJ7pu+upFF0n2VWIgzNuK3sbd2sggvNQoecoEg/AMEv22UDufOzcbY+fy3zJl8cjwq5B/5G6gnrKzFM38e9A/CSzpSAbeT5Bg/bgw1CVOiNhhEImmz3waRAY8yXMY5/hjh/bQR9EdtXi5rGdxpKWzP1bImRDKRwAmP1dWHi+llF8uF+jbGLYPGkkChU9h6DYNeYZsxvtJhqeVrRYT8XFNSf1gFRevWq9KwWmBBkx5WceCYAX0QwVv/8IpBQuDax5t1pf146X6vbeNp3Wi4pJzwT9bF8BSVb0w/QaVcnOxUduW674C4TK4tuFkFrAC+KyKLP/Ae/3JTS/vpSzOnaHA1oJ+V0J/VQSruH332HBRPB1Tj9Ic3DoAUj5tjmsUQ3CvO5S3iIOinRNiDtlCAuRGBqWHBg6JdaygEXtbu7wDvHRgEAuU/xUrzTcUmF4hNE/gksn9YlibjCvT79X7PbijG5s/6iss8WyhULZa0Fct5V+Wl8Wbr+wlPEnwCTs1BBv8b9cvgjmL6lGVN9b4BXL/g5N/8QkJcKfzg3fFCjaCsqJYqmWK0yTyBrcQ/pNMqb9SK7FFmZ8czD3dXqkYJ2jEFRYSS5knMqI66qkBgZetoxkpMqHZjPUCa+sXrVbJp/YHhqJVV3dSWf5hKo+xzfepV/5/3m+wEAwdrWj5f1HdIdV7QkI2inK20+Mphj9fKVzrMG0bFb7sn/OgG9px8t9QaMSUBo1TVzwZpCpJV4qKNqECBeBchaADIXkjCJJMQx4Bg3+6jV8K+C02ObIEoJTYllKOUMJY75O7ig/eRRq7uch/wHFPVy5wq1HVGxhY/qz7KMM+Oy3QHABM42QhoqRrdRbnD6R5znPcm2SHI8GJY4HA6CRmcjz01IrNDzepUjbc8p8CiBfMg4xZN1DB9pou7FX0TPJgghk6QVFA2+pe8B9Ly95R9bt2c897sKvDBH90rV2LDJBtBH3LRbjcdMCkfvmUnzkl7B7iODXEqKCeBNNtIrsDIXNegtYzaQppgja/Y4OSVB+Z3Va9OgoeHLhvZ0moLO4Y7RfTVQTCucuDWOJJ0ANyWuLZQcaDU48R+zuxLT3Lh1ZKlnSWqO6bfjnX882xJ1t2VL8lHbjSmae03unw+86EPWTN9ndmbHm21Lv/69ra5qp22s2vYz18y0zr9szYzQitBSu5CIPXn3/J7vD2DWAnryeBlRINqachI6wUJPUNny3vTgY3ZUv6RmucCPld9MIy5ZKUfUQrYQN1stA0l8IEQ+iJa4KT1IYixJTAK0SXM6v+g5A5IlsZri8kquTjXSuesyQPyqUsNzHumWq85A+7zDXJSiTmCJkUMP2y/3eDjGSkRpGJfp+6eyARMZpuq+IjGhLYVaLrZ1k990Xjod/cXMa+Y2uJM6GfecU2XUht6TR+/8Je3m7upLRPLzPS9MXcsZmc9BsyYThwkW6vZJyJryC5lHwfJUtS+6S6vbSXVTyzGPCW6oSrcoSdi+ZuwbwFJGZGp45MOSY6+UH8oSFlLsEyRghA96VRc1pav4AJHC0Isl6qibVpX76ao7tdmMvdP3Pvja1x5y36vJhFvlq27KVQtDZ6lu5xfj3xm6ksv9tcnVxEurd95wt0jtbJCM3cwSDKv47FWG2S2xkWz1Oubh28WVghf4gyhJ6kW1X0OQK8tQkvjwTEpVZ0qez9HfPbVxoaL2sNLqVc7DyEpb3PT8ILRCeWroJKgrwc7688gvtiOzEndb2uGq4nRbLwcir1q8enIImn5rhq3rvZMUP3JzgLwHW4B9jHa097Z5HXmjLV8iGxFEhuJfaYAuKmSvDAyv853/qWGmyhGwFIpm90AUK7i6twLG/2Y8/q9D4pUTy88qEF+UCis0kyob9yBJPiln9g2GAzwYJyU6mp8kwZqMuNR4jyiGph9ykDc/44uIrQ4KmOcP0F6MdEArGF+kPSA1YtZTpINjPjHNkV7CNWsr0bbVP/ZTtg/gZgUDN7kHN19F60ipABRGovdsF+B/VXt6onKLD4R9epcPCXP+SOTKpZ/ZAT1bMIkR76K7jySXnpl3PYHltILPuAXuxRpEDaZrgeyxzN8Rsd8h9okf7EfFIopleiV2Xw75CkJaS3q2qtdjEtAiKIoJVcyQ+HEKChU9tRNy42JK/H8rgsLhW1BKKFoAVbJJQqFiUhmd0dZZCwGaMza9ILpnVLjhMrmb2DNIMN0WE6+09o1i7FkoDpmeT79EOxLG+O5jo+R3S73EWIn/HrbmxHL3YJ/ltLsoQDfHZ5yIDckaDA7o4MPyg2SaiD2oqBMO8o4ubvKbC8iI220Dhy+dLt2CqLT9G5B1B8qdGTI5x/hrud2Ybfy7NqXcbp6gwTre7H7hEFVXsepGuzR1xTEWFPZyJqecOCyi2xKTm/1vdv8cKsj03okj5oqWuz8br0R55I8oHjsrA0midJIIp5x1U8yiW/z/a0MVvoUo7gtHMSwMVj2UCxB5e+BhEsoHRFwk7X6bidCea2z9DlTP3cbnFxjVh2tKmcvXwhOPeTFcV5wR7UMVR7Q3p9HOdpwD8tr7wDLOAVcB0vRDobnMvrzDcNI/tjgC5r+667pCbV7viqP9XZjZFOGtxaSLViXtzy3f/56cXlER80xNIrK3TzuVmen26yZXP9vQ6af1N91BkilIgsK8u88WUXOe5LmM1fAN7CDMF3shYwNsNOzOgwuV5JRPMZXUqJaa+IDKHqUrRDati+Z4oL54oARUpVhlNWRF4DPV7/4ro9T3vvboZqUIoJyBiNNwojQlEwaRjobrB4ponV9Iv491/gla5U8UcTci/xwVpgYhPR/GGcXyRonWs2zgmcQ/fJF4yaQm9/TUTHsuw7TK0tCu/fsw1HEenDNoQ8TrVOTCe6cAU4UduGa7iHdPWRhyOml7Frp1mFoSzwE/VGMGvtne57mrgfxjhOdgIRH74RzpMKsNJdGfwGYeDrLSzjk2gdD8yQz5I69rNd3LNdvtmCPeuGbkvltO35BbRlhQJPaKTfvQi6u8597xknIL+bKGcpkk1FBOgWUWaFknGgFuddpd9d8ZqXCXLVmYcOUARJaO5pHkZQxJGQS4jBbWyWjhSCELeIaxiRJuwhZeCpK3cYLf9lGF90CeZ0eE7qGM65PVplsaxe7H5O/u6wYzbBfcPpjIiP4hl0cDprVwqx39tU/8+8KN08Gh5JMB/cagqR/Ri+9aaBVfqLb5yfLju5etX5+yObmYfx7pOWjD2f0CEsULcd1dr3GxUYyYg6UnpYZFCY583xg96+5wbDc10zkoPndWWzk3OZ3SVlPX3iQgDFBgFCP9Y2jR8VV5TgxW2QLqw/jmWCo+C9FKIVrMVcpJSpx8PQEhYhVZyWfAD3aG/bcS0e3ZnZmkZi6/eXJAoQCLtio/o0VvcJI3Sp4eQ9RRAYhXMiLlk5HiYartnS7h7ccYWfmKBOmcW8bd/jh2gXwUxfhOcj5nvPa+oqdxVayr1HRCxnVjkDNvqFvmWRUFTfFIfpe6DmJleV68x2OsXR0CXFTnPTUANWQVidOSbXVtkDsd1iJAuRsQZn37tqQduPYUlxy+e2RCHyR1KZ3mWfLCzqFGn7wo2OMnevKUhPWA+PyBzpVk3lGpFQR3yZKvkv+ZjkFjVMg7pOOYnfrAJd3C7FBL8ftAMK9dHZzvvHqPqkzvXAs3oGFkvVRZL1pkq+hgiOYB4scAsTZE1KpL5GIZMqbwZs7/Plv/OYwvUBMtD98nSj5VKCD/rD4w5BMkaZySVizFqtI2kb3ZZ9b7FOCl5BHV9m6+xO9n14pFYzqxeGhlPnmYoz7Q56eHv87Sa5vvVD5EpxYuqzTOjQ3smL6px2qZfI0iMp+BiZH9em1DBhN6aVMvaCttbsrpoLjX4X9Z1OzkXcg+NoJdFjfrfivwu6w7YyK9URl9fO6nLZNHtHgjNwhAuvfKu9Rjt3olIUj6AUjVRIjttnMzgUBLU9wlxfy7G1kVxNhpvc1JVaCqT7ra99Hcgih5SOv22hp7WKPoPkYDshMgfzwjiSPKvlgo8SSxrZLpJvtCkuUoBwGSIoDEfYeFROEReT3gvxOgANwdhrSZIWWRVl1Jqz1gIRwsxBBXnlXISC5khr05YFIw8DdX6kOUs/VckE3hm6XHnzVzd3RXZUIBbildP0dWXaCY+73lrmS+QKGCIvQ6yS2snle5I73ZBnrHPnbQcCJtWu5nWFuIY/v3NYq9tgCbAbJJo4CQVKHT3/lL8mKge1rq83zUZpvvQeVPdldkVrFPHbK4eRwR9ENwpCkqcu6nANvXdf4LjQd6WkCZGH0Uvno6dcylfKu01E0X5Bs/lX7qQddCCrX2bSTeaPAhlZrS+fSAm4gjJvAhbfKPGDkdI8eTFDSlBL2sq2iFiDAKDk5OUCo09Ic8hDTlD0uuK8aUj/8diGOd6I+LMVnCAuVofriij6acB8tLlGP/GFoqWhquXFR+sUXN2BKjXquEExEvrcD02CKRNBawhag3FLt2yQgpiD4Pnoy78zhcj813FpsoJUbptMuy6YdOpEuHXWYRVcawfBFxMciqs7Ww91swAGnpS4wbqoppcenbDMmflbV/PFSzZgoy0NPFckYe2LOSUsEZO2T+kyUem7UrLuhde/oTJdlwwNZecQT/jS4h7ePg48aH9vInAyng0EF+5OY2jWLsgazsDKePl2XYZav9BaLvZAnJ3YMpAPWkPb/jq4rbGjOqLfU5mavzD4tDUTwZMd5HWcPGKHlghYvyI0Tiil6hyuvBQlPlEE5yRbk0oFzJIa6+BChUDrjFwkD5bFz1K2bcQl8OcNRJ5aJXIR+qIw7jZFrScyoxtCVypSTArGWlf5K2T9C82POPh9In3N8K0fjqdJKYwQpnkNhXBw5Y0jJEvuhY+YQcKmSUgX+4AqCF0ayr1wjVvzWu0YYh3uhQeYzv0avGzOdapP85Ub3+ASNIC6I5vZQHLtQqxiVwNrUMXAE7CyP7WE3/nxPrH/gDoMechpJ36IvyYZw3Okxev8aKKbuRmQs7J/vXCfHWtwoZ05Ykzpwh3ZI2ukj7iuU565j1liFfZCgWGZJqiLQarXhLkrxVUsFiU+WsB0YjXEmFKNcgSt3O0c/J3oBJydxwbTISsQA85cE4asjJRPBdyq8VO0u6pnvAC9KWALH5cYBiFtH15Cl+cMUU6n3Hjjdy8ASZKsS9FokQ19aQN/YFTd/TBgF07cc6+utWwL/aAiX7lQ8tfoe/7AEjIrtHBu6jK21fuLoJWw53dX7MT23ZY+Xn/fHafA7dpJwxO490fDh+EJHYMF2/P155nxaWobh4OXA7BNe3F2cmU1Fr1dqGdCrREr9Xw+S5SBLt3jS8F2XZtWzOq95GHZZViFLmdHpy6dLXw54ZgEv6ji/aqOk45Qlzs3Ubedw3OqQtHJEy9+CCh6LN1FlWLIrobo8aeDxTIaz1gXCV/pJZIJ9a7plprHbMK3DAzUUdKIu6qphAIyTzY7IJXBo4chmz3A5TiKZhI7bKdoaMy48jAqSKAhitHCz04UgapdQlElROWOt0P2kQVEGXsAtTYPLGNdYwI0lRV5GXpHBgs53Qk7QeJzSjpn+MC0lSODIwTujCmE+FYG49nc8qBAtl9Sw3aCklP5Yav1hIKlTKr1NxSYrx9WuMVaEHbE4hhysV9SyqE/pvXURxFYtLKB/nC510kxSKJTv0GPVxnOilhASVXCKRmNgyacXlXFZF/eXPn56b/0WtlWgzJL9cFHHI1Uv9ujj9L501fHRgYLKLx35wZLU5YKyBjlyse3jkAQgRm1lcx1mewro1LD+1FrbNBhsbHurkW4EdGcOjTLdJWVtXOBN3ufcoiJF6KTZT5XVsZMnIbFV5AHc6MZTTK33l2Rofqea9adQtOrcmV7/8FR8EuLRrIXBz2uD1ft4W9sMnbFO3bIDBfmTa+5x3yUjJd79scv2Y4eynJpClu6Q87Cy3a+9/kUYFI22dVdz/fZid7JBgdvowDYeKFtdo6r/AIonaAD9LEQWFunrYz3KVF7DXokAHj3m4M3DUzZ6Up0Hsu3LUUNmRUOk2043JMLyfnPLUIqHuit8451qsAeeYH15cFJL+NAMiUhGQKLPRTsLzp60kbQeTVDfLB4mmbqYna9TG8myVUllC2xKXUBNXIjQZIaK5RMUz59AEcu3S0JKEwMawNvkKGYV6DYUGVFcqBSuACHzbvz+nGEUqBGK+z59IxVJCHdH2r2agVLEoGZTUs7n1sYkWs8X8MO6jWCEObrE08mZCLkQ8iFXa+2UnJ8Ylhj/5rWKNw5HAQcBGxb8DyxvtWFFbo0gsxAgoo2UkilM0u8JbrBISqPXcMI7V6G8wIUlSKvxJN7h0Pk2M4ohhVFWAjfJpQomYnTjZIBgD3mKJnZvviy6SgiYrXKRuMRe4OA339KICpI2/LmZXHmoPCnlMT2g7dtOtHMzLWroCLuxrEhlZSm/rcFfwR1uNUdokxECP69rfdu4zbyy2SDs0QU7KyleAPIUxIkpir+yIScUxqer3fWHj7oE9NeJ7FddxBTY/UWxJMH15RHVXHeFoIZHtgFmu9t2aVLzcjkXh3jCabx7nLvESesLOhVpiN2BM/jwbwqsOOrIJ8nFEdGPwcLUkeuTBWZPvOeTDpljAo5WYot2vj2B5K9dddIkWZdCMCLotKLeb/9JF8jg3M89MNo9F1mjjnMY4pkT7gXSqqSoqDyTnThPOcu9St1qXV7b9UNLdRkoqQMmwV8TQp4DCS7pjTBdT87s9WwfcECdiESN739qMpUHU1flY7ru9JJkbAvQdIjRwB47oWT1FOOIc3marW5Nu4U3lV4vRREU3FYRmSRhJHo1chlxMX4PSGBPo0myqUBvG8jnKsWhUhsmn8lRicL71FMFvQgJjW1h/KkQLZLUsxthKHavCeNctk1+P/dbIqnBCvykWrOc/bNPztdlCEsWa0HDrf7KfJBSmULm6UmmbQtEPUuW/VOpfoJppJ90CIGxdNVSCsCROQqNF0STwqu2VoxHssMUY+RH0vIxruDfdl7TrYhKgiCIHN1J6p5hJ1buU2+DG8e3XjhI9ZekbAfhAhl13STjiGLrmak07kK53qTHEFBUYqK/TnDva0U6hp3t49x5FoTitXTWeEnOb7xASe7RDVZ5S9q7jZR/EESF/G4rv8k0NHRJ92GzfmKZRfBQRGGa+VbrHClG19Kn3ek1Hf3zXJJZ5eHJMbJViv5134NdjhFlcvSOhfjTG6hXEti5oTwWZWtfe87tjt7GL+KdxY9ToXxolubPxK2FRJ0Lhc8wHkKab8MyEOnBmelYZfjppW5eJYgDJ3JwDQjSxj8huxuU6jfBOLfs3ftCbiFFkvuXdcheJOo5blhgk2Fz91TFypRgr4qwc3QJ2JEVvTZppO4yxAO3/+/6gftXLpO24S5GmCiOiu0PBUQZ98CbjHsPqMZJ3S1fZpIy696HPGMVHg4Qr9wTiJJUrE3LFz8cbf2tkU8vBiyThpyAaY3KXuG6lUclRzOSdrG5ULimkH8WBbEwZmLO/K3EA9cu/YaAg6Sa3W2YAXVF9rB+VtA1WkdAh6xV9GCeEXlvaO5leRqpVTEqkNZeWxDPnnVnlo07oxfVcZuW1/jTQyEtl8Gl5b53QCacFsur1mEGWFJIy2Eg2hLvq6HKJ6BlSzmbEMOaau0yTeMur0R3xL4938zgPK8oq9qZc1Ef8yBspiuBNPT07cv8CaPEAjcxtG92PhQDyq46Z18ePPBRuw11a3QYuqJtKhRvECcGyEBEhpk9GgIVsldorHPxs+lz0Ew8/iOzjx60E3PCV0V3gGTT8j6Aa8R7uQzeF+573nd/kWapNHmT1aTZur3zZY26vd8a86PxHVx9LbERuuz+EE7JWMsFJn0ghINwVs9uyPV9j1TT2wrJslR3Ucp7uW/y81OLvW+kvz8p40e1/38/xDW1wQZ7wSPjAPIKIZVKzLs2knIprp5UcXWoBfQlZEfeJSX8op50alNM+F3pf84JodUyfuQblrNaYrLu1kxrJdhksvAj2lqdhNGa0QNL9XF9eBR8iSzL8Audb7KTS9lPpILQwJoyoXHnHZdSzVLq7dL3sDaYwxxfdbB83Kg8XKif3upGXVCnY2oBfYwyTvJUMWOk6nUUr0L+6rSV1rHPY794eVxwT/arwg+uIBqU+ZPmz3bzoDHSNYpLfWUj693wtMsACLvifPK4kgTlcCwzKjc7ALUE75PJQNJpdW426krBKXNVLL2EiUWh+odNDmpTmgpu+jNg3sLcCFflWuKZnqkcVkC1MgCshK9+rg39cJBjB51NUcDXCmWmj6bi6elD6wD5VstY3fcGCkQWXTG9ck4YHYMpWuUIFZbxFNkzboBb/knw5l+8i1q0QE/wxz9GRXfTLSVXL3e4zJp1UlGikymWK9TRjgmyqvHHrLkC76/au8rQ9VxiHj0SN/tEbzeGlYlDafdxRD8eiJz/yxAdPxE6EIB33gxAC87pZ0TL9c/djEEjGGVSpICJIT9EyGV8V8IceSJsUP9VHtFsm0C43TOuhI5eRoqMPiGImvNKNr5vTJGYTzsIV2koHZVoLFdFmEWu3KgN8Yexr1XAG2+fttD7XkObGkJdgReLK71XTn3lEPzbkg0dUVXnAfYbTK9I027Yiubk9fjsO9U/dXpTWsjGflvlsUlwgjeF9KyypWDWbODhjXC4sTSs18lblXvUaqx5KB9coiNy3sVpJb+AZOxfFgVRAkoKumjXwEntKoYAzLMq2+6oADpe5no1wKgM6UcfiOqGFtnlyuT8aPcLACYQlcvlNNHqht5JEWuRipFI2n+EtFNJYYjoDQAKi0JxSoTkLwnVMfKfgkxTyInmAQvGAhQubTndzYY63/K5yktpKTcZq+w4SitgOa/4Y7hhw72Vf8IdW6JiIfJKjaT9pzevjPdQAyjp2n+NJl7ML9klex8+eP9qhLyTr2mYkI6sswhxiOwxBhWZA5JCTscZTRyLvR8pbp6bjJRQvOOq82WXR6BIaFHAvobI28n4Zw1H04k2j6yQfshGcrUY8NbPr7zqeyfBhDcH8lkfFb5E8ycbBe0+vQ9DTOT4OOXoXNUr+MuCU4fINfijMptCRZgsm+7eK9cORNSNt15xZu5PV74PlXWsDf3S2cYv2Qjso58ajCS/R2oqY0kG/fKaGckBG0IJmXQ+wEeQpI0wUWtPn4CiR35/M72x2F9t1DHjeGqRK3XTTyioKDqOIHrLlqgoLymx6izlCRrZwCW+FWrEADzxfKxo/2zIaWWIfM9T++tqJxqhGMakC3Tyzov2sGKkoJKU7Oa8MSUlcRjm6UVEbxVEEZi47chRJIO26YYogewIdp4xRjEpmSi0TAxNdahQOcGPdMqOVd2u0emqIfACrIvhhACspErSXNTow2rB+9O9A8Qqs9qs5FyZPYAazqXCNtfwQOXJ4vze6NipE3rwmFPvlu7XXx76r/edomOGNDlddzy3LKXvsjcbVj0ik485Opqp/lsT1g8nXms5ZfAJ39JRDk5aUCPHZkOcQAWGt9tNqfMOND1K90hpR+wPl2swt+VTKij/VJinUUl0wv9ntBNWEFFF1LFt1+aiywGCOAKZjnbyHPB+6N0VUYaMQOfvExHsaxtKQA96i0S7CIHBENl917HfBcvsxgasQB9CLJGfiFo1QHzSkHRcKGfpH7YGH1f0UmTcD9Cf07v+mTL56CpStVn5P521L3u20H6fsWxBVoU8CDsMQIe0fX6wGierPX2zW24cKLMIFdrAwLvPVYt10EOJEE3bIU13QjTNMcw8RlAeJCX0m41drplgWuuJ9YJABOHBlo8WOnbhLJ2rEMxWJsVMQbp59SkwBWiQmpC8H3NcFhfz1xSNdVxVqcMsG9FbpjyhJVAeGZHd+fP9RZYfdGmKFdkiyzBOXuIJ57Sg9EPivUARXZfBiFP/YceoYTyZ/zuUS0TiqqipzaxVCxKJEilCuG3PcBBpEIi4p4MPURiVKIabL44QMob3KOkcWUoUyZIW9I/jfvpwlpJWRahQLwrEyMFiJ+ndtZjFwwcgJRtNV8FI4dRg3PCCXw9HKcT6tkPQ3QPAv+kIRiZPrNu0tgKRHwU1OLTRqlKGbv0UyVj/yK1B/wZRz0goVbX3RQH9iQcxsMiHsBWPvhi6RJjrwTkXmsuDHb8AgWccfaJHktXhqik99YIZYJFNJohB+J2RNm5TLee7KR2uDwBLEChU6PWg081Yx0xk7PeNfbK+LjAJ9MZbNu4FxYF6xbIrfTRrv1z3qxz59paPTutPN7fekSsC5jahcIdzi6bOuAEpL3/ZHcc+CiPFndC1ans79vP3ZH8fbuOeCsMh9q+X/HxPvApZUor0Pz5zmdJkunMbSSpNpnLQZUzJTNBVmjpXTmDL9arI0pdQiQyXTvAJ7mi6mplRWWipMWdFFxUtq3mDymiWSmSKakqigggIid9j7A2vO/3t4ngSfvXfq2mut933Xu/aZ51OyAyh5b9RokqLAF6r+EF7ly2vJHzvZEVQwe4w2fOrswZLwN6JWh3T+f5upW8P5NtqeupG10Lam7Hv5wxiSlhtoKE7LrShQpHNf5OI7yxCtm+o7q/drXCkKEAmoBM1+kgLWuoSy2eG1NJvrVr402NdA+38A510J2kqrZ8TeAH5CumZvDmBlEBve9AgIoFqrsBzmc0cq8kagEe2IP9lEu6XXiK9W3hXzTeS7UaJj6fmzkLqes6FC2VGXGGusVUr7TSWcp+CTTG3xIA6fhhxEPm2rBVHqa2eLh003Ro7KUCGC4V/9v8Ys5f940QcYslCppUPFZ56ZkIhaLdU3VIgoIgCSdP0e5u1pagHc/2ivWT83n1CdM2tqBbT+S2bkrUiTG6K64XOGIb8+G+KzgM75zr5ZyjRsTgymXaE2AdGtPScRt6vrz+mP0WSdT4EbirFFy9n5kQI7l+tqCN+x2TLkwbmMjSjWM0K94S5QkRn/YkQQYJhDLDYIS0+omRpDVwZWQTiaPrmnvaPbTT5G2NOBzh7yeF1hean4Um+hcqwzK64cCXdq8mj7Ni3KOAFDXzXMFWkEk1V+0aIPU78pepC3YY/+RT7zR8v+FXnnT6905tmcmvM17viZuMzluuGkt7tuc9ODNV4+xHqJpvy6Bu8NW+d5VyOX9ES3FMD+TQpSWVhIXx47QJbFX81GHInw6IqN6J37YbaVc9t2CpcHM4zzkID7xHlsqtPduGzKTCtdunOgAEgc1/gpYGhadHX2Pf2RkQ1wnyNnXTQnsLZZ61HA9q/QhcLXFOYzTXWQYT0FkxhE1N6nqUbhgiGP54QWRKyCJrcEFCwO3+gj9pEHflQbhz4xLCG5Ti89ktSIN/bWmyp0U38+p/cfbS3Ije62nfyPfBbfv9yskR0ZDn3GrAlM+B3zPtZIAk4uRF/aehTT5MpVX4wGoCE+2gy8h4K3cbPMFeDp7NNhnbjER0ROHQ6qNfULvJgh0ncSsTvpMaaioFbPace21I1oDSd8UqKg0lhxUyV0bTN6AMcPOuEXBsp5LU/BllooNwV33V0/2G5FJrk8IsW9an5ZRRGmP03IXga/vkmzxds9UknfGKpZklYVRe61RaVEcLvll/anPabJXlVSOIFDhYrzvrYobSuBmF0wc5VrMKHxO4B64hjh/dHK5a6GKP5hzUUMpRkRFgNKOqfH0Pl/NC1meyRf2P6bxe6p3NxRegzJAn9DMtdml3glYB3vFK5LxtudS6sZxTPciS2vZlPLMZy8lSQNz572Ip13IJop5NiuPTCkXErD1mQbYzSu5AjqzPv0gMvzvPqu/VmPQnfOCS9wLPn51cLdXKPp170Zo8D5u8s91yx/lLfh0vr20NRBYfFK2sz3O28SBfRihKWxQFbQUU1aho1+rlF7R4McEUBj6V1H+SSouzqBS4sv/fuIlyjsbdX2oVBA6nmaVoeTGZDaMlYDmEp4jx18nBQlppVCiVAda2085w5R+jo6CeIZO1zfoYbqgwsKs0UnzXeE95L9+AyRCealHRLe9dKedTNdLcmovPq8WxXWZ48bq+Mpk7hYzs/vgwUmmq6m3qoTBjKPshO5/FDAx660qimoupOXHJtoHFZy4/9TfTsZlWhswp0oq8tFBFUNL5z7izha+nvMWXdqwcKlbXaVbr568/tb/zwLgEox/fxH7uBnx9/0RSeZr+P6budQ2u/mH1Hodc7oVqNOgXzUxLBUsCApRtpTiB4m5tmjip59OOkV14JYbL0jpBEvqPq5N3AF/O799YS5BAssn9hqT5M3b/YTfBtf6CJvaxTkIqHoTKv+AhlMHRLtZMO1I1a8G23ZR75CZcfk1MW5UaOssfvI7V4ZW5sq2qrq5jrnomyy88Bfw791p8gIr5OMfn9w//L8uHhLGeVbZcPArY/a8w+gX3+w3llKznBrx9uQYFwrdFWDAMkQXOYgiPWxb2E2hlYuLr2V2S7yklvDj8Y9L5PBVPa0xNHel75sVkrGl15o91MCxV44Ct7qvL0syi8opyrNihhnz1xnQnhgZ2dzek+hxpKCLsIL+YUbkCEPEJCkGdNB4/RRbGdbpWABzOivMUw2lGmmYLkhKwYmd87KrIcKZA3I6CzIRUM0sXD0LFsIESFvuMLU7KW/vPrZrKZViaV16iMOqEho6JP8XgM+RvFNmcoxs+hDVt47Aam2ZWoBzQ+am7XKcII2OagQKfisNLTEqo+bnPIjzsSwi7Q8M9hfKApigQn1c16CRhETPZ80MdYzwIKIh5BdO8PFjFKWUG0VAoxwMeK2fr7a7YCzyiAfTgP/z7qYqzOy0+Q1CjqfyPMZBDqHLgwC72OIQl0xoWuLJ8sRFaoEOFGatrWL3GYF5dBg3IkljIqXGXN4iWQDVpMgiAqdb1trsRZtzezHJgqvUX2gyRhN+JUfAisYmvCGyQKolYCiCPmNj7CqBNmUPXksynaUo9GqCndAdu9jCnWvPBS9t2G6cBtJ785/W/cEGPCF89VIOkxLP0++Ip3/4cs2/N/R+2zYX03i/HOk93Ov4K/qAu5iYafrw99bOU63n7ZerndErbf2SFjt+R1ij4bXvFup2IRvJK4uuFKUxTLLu/fD0/euxpZET2f1GZ5nZxHcNXkyBXuPtX3YioiVSe33aDvkcvZayvRYL54Rv9REbHBvwraSDuILidWR2Z6kCPRBjBZDj7HZ1lQYKR+t+Fkp1yZi+Guh/VczPLXR2GZkThuaZlWX63rRj6vHBk4NELuMVhEKlpbQNGiet4QCJZkNoAnGAasSoSbuusp7hwZ0Y0eta0zVOV4s1evf3un1Ws0P3uT3GMU0nvjM4UgEZWC0MeacBzfdXNdPQwM6hSJt0gzqu+7i5/pCmtBKka7+n9nMiY0D5ov5AAMb1YbjTj+Z75wg5Zj53jnn40v06qZRfSOzdYeJ/H1NeOMb1UNtLkfKIP5xNyaiBHgcC/g/28wAp0Nda4V56ALNfPjHFlwEahRDm/LPucu6XeLyCHfh2BrH4eiW7/FbZXNRzrrsUH2ZJn2KrdqZvq3ZKl4g9utFals5QUNtHZcGbtOecCi2hK0a2ZwopHtgE0k1caKdTtNEv+vNWL0nf9zCD2p68iWrdqzt5V8rKp+9WNn4kouUfcO9WBn1f65fbkYUrO/47VFhDqJed71iJXY5K+8Kg4z8eIxwsLB9zR6P8D28aSsEicy+w6L8t0VksdhaRWyLDCq80MSbapjbBIufO0BJcuvwvE20pq+bXE0eCDIhsuMVP7etpHkTiZrsbNhcSflYR/va2ZcjmvHgxMceFmiW1nALIip6/UaRe84S43Kr2ElzUwpXpiPZfeJRXaaiTCNAgGN6BLIAUjTxRFLqcnGmGuCz9PoKMafucjDibRlLbaxNenDuIDxAO4tugA77/sZpJqJk8wvy2hETeBdTPivg8fwBnfjwtzBz/DH68eqcd34Hwti7bdFKjTnWH3RpYgL+5WcmNnvPxMLOtfTznz4uZalNqU7xAQrTWkHjGHW50u6u6E134bj8AIX/aQ6TAhCY1hzsCF5asZytbkiiepOn5SNQtw2CjYbHnTRuEp4znvAVno6OHB3rHQsBZKNjWSErSJElkrdr7Wjj7T8yyYaXKO1oATrsKLT58MESw11xqwOe2OuQwhx9U+xIMs4Rtsqq7pSuK8tgICzDra8/9B85PLBmOd/AcwO8resNcz24DnubRsfXt8NWGDXhuaMtHgMhH87+jMmjoV5LNzgYh6cXgUUWmi/UOOdvDgq27AsP7G/9bW4xB8Fjf6wiq8J3dMd+xb+zZQ4V2Xe//TtQ+eU3jAdhHexazXEMUT5lXRv39xzN97IF07NiL4X2wk/dT4u7EUAEnbe7OJATR/EtdQJkGfF5u29Y2V2HIo/JTPRE26mjFmhwJ1AzegWOOnLW3XBjM0J4btV4WxQxMtuH5Ts/X5JxfgCXZmEDXWTw1w1YORgkr0Y5opL89m0TbCiTbwNTqJtFtZoCyMzUcSYcb0bwInKNWErCDBk7Ak1cuAEaUYzypzcYhqZp5pI++M8stPCc0BxKtf4N0bnGhNVC2C9EsD4lFa0znuNg1aKXrDSwXlp0tkLEiWf9diAFK+SbyFmTWaiRatM4/DSQKir5/F6NO8Y0q+lHME8ZasM5BlxtmIp60asvRKcQfzEuW9Q0pY3vTkkA8cSmNyNSvNG3XydadMBjywcyEB5hyB30aqG31OZc5HRrmmHpMfXzZ161MDaLODmoAl1wK1mQa2VX516YAZ06SjzeuZx1RdJj4GEnRnOtlqBOb9VZ0Dg2aWR2ldbKb2u9+MWkA1gwC2hXOxLlR2Vv+l6OXGmUn2oRLc8LeyMt3nKN8vX2QuujcSvXuB2z2Db6TR41etBb4H9xb57kQtPm/2Y1c7+L+9V2/VGmBQ2lj17VE3B7Y4qmbYtW2+3By7SocKXKeDuYQqw/eSILxu0wHbVK/rMJfQbKT+fic/tQzVb+H9R3AEWvO7St1R99TpAOxxAKy4T8+z9brvU6Im+xomRbPoRhvVwcOChDrQ9gQeMXyKbQi9El6x3WH32uEVWlNUFzVVoAvNol2hxGtfWBfPCulE6VNveWqG5YJNXqHNF60AfYkyoaOQFNhRak7KuR0kq8OTNMQA+ydRyFKfMVSZFcWlXYViuqhfipoqMECsFPpeXcmNE5OnJopWa8NaxUExFnSq0HjygCqMNlaHMnqNKbaJ4Inv20uoRSWtxZA964Vcp6OjpD/zwnjznywhi6lFtvJvF8RZdLCqfzU5c3pb7ErPJRmKwnOQOKvOE58uzT0hrdhUTwRcB8FYAaB5PcnxW5LRnZ7PwUvNbix4E3eVQn39y3lanatmv27hg1Pxex+KiYRvnVYW06Zg3Dzd6pRKakY917UeC2ptUGIQd5mtj5nLjf5TmhGYOcOXl0LC1PyzEoktY2iNAp9cF1Gcic9rPlyPp+eGf1Nk0gcW49gni2Yj85uDIKg7B9946Du2K48ORvuM1HwcBXV+SvIoUXfw3MZa7fCI37wxkz599g/tX4xWA7pzu7U3qMsPfdZb5vAQMVGqftpyCchyQfdV8c8qc82uj5p8X1KeuIF8EHP4zr5G1FFVf3Y73kx2UFmrZueh5dbiPkyDrbtua40/AlZ8/lfyDak5MTtjSGn0jjjoi+sbeJOEXWlm8eCwGtLfgpEO/67tGMtd3v09uciY1x4xaWdQZcgdRfk70+rEIz3XsvfI2FM1mA82OaMpx6i1pEArvP/RKYypKfrZbyzTFD8aFG68duD9xOmFUZHxM3K8SflGY0mvW1IPwJvMjchasJqfY14PNwKk5VyuI0tQ5uMjXrlP/WgNGwKEzURp5OTMSlBn5u+6WsEMcQLzN3ayAtNG6JVnwomN+9rghpYvJG41Baj6JcxFFsjJImT0mhNNADeMMzNQbTiRwCvWRjGphMBq9ZRFKiWClPwL+AKOMMi7ozohr83hHqj614ClWPVt3R6BJOCcRWGGvw6gnYOVaLYyI5Wq4tn7CzTEmeUmadK8doItuPbk0scwSfX7iVrdFe6TmaesgBRYr/BlFAPFly+kp7IYlUI7iXgQXbLO0MEt53zGT5nOcA/fAwJNuQRm4bu2D1rPBEr03lXueTjTXekQ5hFa9QmX802WeItv/CPbd9s+a3YXtPwldFy0TYd3P38HOxX99Y2krfNbpfPtdr+SxOPnXyshX5sCnMd4jM+XBkniSTm132MMnN9qxLpm+OxgqLTtGEf9xf8Zzn00yL/yFwHU9B8M4udWl5DaMhaHlCTFB06eHJHwngFAM1Hn2sW0/jN0LZ8D0e1emTe5TsJbezthZmAFcIO+N4WLn2qDzLKnDmeKqd8azKWZONX9Dbh/mbpH8mnTUjtUSj0QCeoETxnzSxPJNMfVxtJKr5tVx0CPBBfdfcnAd1YmbWgqxqNkgMfILn1SIErqt7mV4vMqZMfghtEEnTFo9HAMAAH164SaXOMxofGsNn4T7Wh66O6/VvQLCSxUq2m03roJo6+v+r9Py9JmDR0d1UrS4Sa/k0HrMUHEsygr92icG8ouT+tjPVZ+7371OOt9Ktckt0ritcOok3M5s7qqx625wNuurwOs3TiA38PrRZgWOsG73iJtdWbM5C9G+q79R2aat2h1cFIOV8HGjCOE6nJdlZ3tYRf3ERyCX6m0GaKvAN47CWi9hTevgXljarx0ZBuJqwJcWzzh89h/0ZW9C6o+7GwN8t93MLx5ekjXV27huY8H1zI7kcWVSzK2p/3K9XUVQU0Kj5xZFMTpAoc3v0jBIhJudd1kuEJzkHSYyr7KskFHbCeizIlTIFjO7uRQrSSJTHvx0jbKWYSj00ryM003FpD4VwctwGPIqrTUeL/sVKZp8QuOEqNYLp9D6jI0Uy9dpCIrRADbciLH3C4cIA2R1JJmd2M3EuvNERbH2d9NoSohLq4jjuC2OUpLKk0ohBc1RjYDyjCMx5lS5+aIR+G/6F+XoYd5++4an6tDmfa8EB3aep579VN0tZsw0T5slYkAPPzizF9N4tNxFvtDnKHB8ADepbmlIHF2Zgen0vCCZilwjvlgOQF+f36c6FYdgQn69SI/EvQbCGhU5ddS0RAHbiX2GU+oKkWRLX1PEfKmhx9/FGhvQpeNxVDZEPTILiJOi4vGn6FQkQLmKHb5Sw3Q3E3KoIBFkZBY5WrIRjV2y/mUPSTN2lW8p365IV6emaa6yLfA9tXZmCpuFqq6yw1qMt9AaBqIVaRrxm7bDi7C7haTA7O6f0meZAv5E+Zre4UCM41Xn98BVMUMSPYWRkyxhcF2T3F+3GBu/CG2HNARepOSXgy5FI3Y1rzmgnOPIx9CDe4/iaXPQ7K8Jr3rvcTcZ215mP53rSpYuGQUWXJNR1sVfELsO760nxU1k8Iqwn4BENbVuxu9wepW3lclgVU2M9/pq2OyC7CAsOZsD3xL8nUA2t/n5hxLG/cx8ibsvf2RHJwe7DgLvulxWGq5jA2zmAgpMkwGHByWYrUSZMnMlAdwBtoghvQgsda2BDKECUVivlk5qi/lHUcrLn/lJpPoVQXEKrBb25i5Ut/6Qm2qySF5VmjCwRf3dX2ft5dgnT631ZDe9npTCRGWmR+EjzP14ikEcOjm1Efx6hfe63A46SZWYyJaKyfvc3Ia8SeOnKNHBEkSSaHZQ+UtQm6UK70UXF2FSwra6bFkM+Xi6WAjy6HU2EqInWHf4dfsIvPcnNuXSQrQZGqy6cfyUrFUVOZS7HrNjVrxEmT/VeL27/WV09lnqRE+jtrr2ENeTJtPfbO6mEF9Xh6Lss+V8GeaSimD/HeLjcDjtjwzo86k7msLRWY8doZ6/gCFcfJx+PssZWCnA0tLfBYdNH2o3v6S/HAtovfe93IzdvqdMR2FLr7cs4rDirhsODgps/ObGmgASCcdu8tuLSRhRNRjqzU17FrYTBOGVk1Cj8qXW/jesRl+cJ7ZYoXivXLxxDVOlMTSTLMyNm3bih1WKob/m3qzYSH8DJO0lEDcWUrxHU+H2HHMMiHKHw4m1ySY8NgkrMwcKp/SdQow4OjqqrSLn2ZHw5Msxr5s1YgUzbuJKFi5dL1W+MZjuaKZ5GUvnlV/8eVIqOSpOMJD0oumPK1hKXZ8uCQxoxJlxNu24G1OWPYj+V3RCg1u/pphrw5qXPhIgsXZBJ3i/zgamWGsm4tmIfgIrb5ykfeV47q1V0sT851EzZKzUH/wKp0mfumNrww7IlM1pxCVK9oJ+0UtGzuBLzoLRXL5tBAUPFV1su2RZBXuKmKUNB9jpqTCRbSpLahNKy8d0sosaaMPbj5f4+PlCt06b/sDhsCHx2wp/Kiot0JbWK0d/+mpO5kZyylIYqWJ9luyptF/fD3HkrzuUY6Mv9c+FHz3G1Lce95KY0XQO2topa9qCJZ997CAeaC0DZ6o3hFNyF1meIR2RQo4vWTGd5ynuvk7af/o72r78vFlzr37U/tw1ZFzvZ13EPP9jlkaxi/3z0YAGiKXK62ISJ3sKCCqjdfvTgSIPGk+JIVry1zDK2outrXdIZcHJ6l6CLXJmBwZA3V8rk7cMGXvc65RtfBdeEqAntrcVTfv2FZQqcFehWK3uVCW2BRt0cSC6huc30PMAYjbvabjcyv4ngvUS/49GUV8RlrFfEJcQq49V7CDg/SjMRlHV1PboD/EHE0vBHRAQFSwsllgGmUqyo5fBJnOFPHHiB4ZpljkprquiE9szl2Q+h+gqR9LPyLcaIv1jQrf9pt7apVio1pNeXm4Nf5HVabYjrXw6fU3M+e0wWVLKmEVOO1tFeveqnSYMANfuWLpJ6fB5OAuYH9VL9xyQAXgolnBoBiOeCYuK3c1GXJ/JsOZxbMU40Jq/3fmSwy1wvjNbob8xj1GirilymrSgxh/uuhdt7DVivdSWCv7wBAzSSa+sskLTycRq7ld7LIahg8oCyorpCrahjydoCJ6Y2kKjqmW8SWFu8Bjf4w0+kc2o8u1yqHBcPTdGhHw9+F7Z5YPMvue/aOXvzCx8U7NA+N5GxPMkgceDbisz91sKraa5gV01ew+HgVjgcZRuL9G2U1Z9XMipW9Q413hD7jWL4CaO9oXKl4jzBO/KXIU0B2sRlr1NC2BWH2/7qoDuuargDJHIN6a4R8qR7s9k1WiypclkWAkU0El/tN545neWml7RIbXF5Oca18MXrQ5PZLNRw8eHO3qbl5IiCiJSVhogr0h1QG4svYkNaZ4lCLZdCTMBs5gP40FDEoFUasqRuyqw11wZHmxtnyZK+of6lB2mzPcE3ClfN6BrEBLQzG0fHtSgq9Rwq4G1NvTQMzHKaZ1kNUCo82DUJ8rnhMre/6N7uvu86a0EP02HSIxHzhV24k+b+W2Oq4m9GKsyzy/4/zWJojW20kcQoVRvuhXvT0rvXBx8MvUPkwHFhC9W5+3CTg6Jor2hYG/aU9dQlLA0UMDm6XuCl8i6gnqyHqpmhQ7N4F3umtPNuRLyllwni09c62rif6j+pbcnEHcCKv2Yd5r29Vy5r29tPnOdx1vEut8CnejfTNBSiveWIDX1foRAt7xSP7Sd5XPE23GlIGNymdWcOzgIaJT2m4lUzwTuISHLfgioJH6lmGAh/MWxUPxzNiBJUUfzsd6ZEPKWIhrLRA3Rr0WLLPBvMoebW6s4buDwKakVNuIjrT6dM7tfoDK3dwmOENWSd7qaGSGjvQFvwPaZGswoC3yShVsy3tzgIhogOZAUOKbe25l393bmZ7jceeUqARMytr3LBEN3b/oLZ7Ts8gd64figDQweyhw3aj6Htr/m7u2tRtpcogAUKWEOukL6zkFbL2tY+0wJbmclSV0C1MICWMvdI9LjdGpkSwU8KBXhSXZXZHtYAPu5JNFZ/N6vT31Mm1Q0ZRUx644zBDmv2iDXopeZ4xhorlHkb48x52s2/OpO9n4VMw9gawa5YAGjiHpirUdIdBMTbMoUUpjMrWf8zFzQpa02nmYnM3SixVO81yvcBPrDUPAVXXIhuCmGkgJNd9Gz1B+a8sa9Apg/MCThYOAsYZc0lfPLrsqrHL8aVbSdpjeu0a7JCk5Ol4SRiokA19AWV2P61w/A9cnOH3RgeDL8n0NivzNgbVNj+H1Ra3JydHxZdJqStxMq/03mePFsz+pCLpJbDVMuqBiLbmgvyKq6cfx79Zvl6Eiphf7LOVHcrx7Lo+O4g8DefqWacYu/jDHLmx3Dk+TO/Zn6VGH+sl97Sa9c57dsRu6IhGs9TOL5cklasG7VCGGK77AyRoH+FpPWs/JJ40dvg7fVnVqnauVxLClxv6NS650lW9axEElOW8pPnELZFWYErHlDmswqwKQFJRREq2X55dlGMmiBQZJTFdeKYzQ44a/KLcd6YOfXbNhXjQdN/JDgdOpFPGsPlO69I3GLwdGe2PVmJbixQyDGkuJ7ngAUzebJalr3ICTQyWTMgAeSI2vTGCo4JP+FQIQyVkcXw2z6mLXevBmf1Do4NoBRMAmHZwoYeVJiYJF9VV9K3n+R0V2XO/LGUn6gwA7H9VWcixNfhxCyRdI/41EwZy6xwDhFKix4zLdmiE2oTFvOBvVKc5xvV1CwfKOXHGnAu8LMPgaO+PH1lsBQt1e9R9sfIvcEnLCXXx06RwjNXe84iMyEmcJrNmOu404Ai7/c4Drb/og9AklJZJYsYJGjGRWDiQgnCtCltASiYDBrjsABbwRDft3eC7pYzDU+cAZJTH8SA4S+IK+7GODVs+8hxKb+HR7HRhugqr32EF7w8B9XS246QoGcTOfRMW7Ymg7ukURfNW6s4hk6nrWzIE3IYKZV+ow7I2xnojsvIvG2rVO6JWtrOsWjbtl6R1cjLkS1HnV4zteJiQ7MV4jtHWmdYacwxhuWZr+4uohH3rn/EuSFaHDB98sY5u/ofNpdrwv1tSQff+YfX6Ni0FTQnfkLvKk7/OrmEt9YCxqIcgqlO9vqX0JxQK7YHRWDKmgQtq2ir+nCEfbLM/eghSpsIC5q6vshmMnQKpnIvM9yF+1AJhpcjV2YK37Qike8LM3uMojd79h3cOjOuVRTV+Kn3SL5LrRGMhm4hEhUdihO9Rlp+LoylVWSHLeInt93Jz8UaRBxsHTcW5EQTJ83D6U+V3Utd2CkFq/SY6pDq4IbuWdYJQZh/atCIqRWb7SZm21FR2ux4EjRs/qhQ0+M7mhjrlWqD/jgLiDGVgI5PI4mIObPbaOGjXs1QEG71FfZ3njIroGo1a8F3QmJJEZ9NJ0xIW1XYlGi8l5MypGXU0/vXPQUk55Ot3hFKFPpn0amQssi10mfAmgP/HQhzmXqlqVpJ87nrkvWzLXms169NELTvLJM3jewOriHajlo1UPy1uWvR++Y06pcirqbZKqREx3uF/JplzIzJzxVhwgwXSN8lOr8/2tzrp+Ndv4Q5hCZp0qczXt3IcvtBMvhEf8p2kv7gTn7584DLYe9yTzAQcYPOKN5o2pNVqqn2t3a66Gn68gs28FX6hNFToQfICQQU6eATGmFd56OAikfZnvNv3cKcCoIHRrnv1haYmObLEWI1r1Wxu+2jeil2q3u1eYxdL1Mer9hLi2YuTQiNj40HLaz2qMa1p0K5enj/vfophnt2gH96axGHtm60330xSvvOlOyZA+SlZEW64q4me1hzdxG4E2pDK5haNJ9FvTOoJoFqbYNoQbVITf+8ySNScs3ROJjUF4wIccXXgsksRYdZmkpJ+k36H7K5ZQulcHMNH2KG4JtOsR8vRFWtNcab22/JxsduX7E+RbRQ2mo+8ff/XWoBkimkmpEleNyDkYRbxWa49jzxfv9vn/d5UpgWXF2V+mHSI1WEGAZOxkjh1vmj/TUjIdyear4OQSYyqw2yYSh8h7uTz12UQF5R6125kpGsa2vOuoXVpE9Grcqm314l303ESfCG6FcNNO27e36aaOHAo5W08FP8E6DkJNh2JXO39MLo3DN+42hu8Xz1qBVOeMGnTtwD0sK85APi9JDo/LK5uHKG37+AH09/tN/ucI0ocD+ynZgREXLj+7/9aLGH4YBlbX60g63na2fqsP8OOe8ShtxGFwuRi+Pk2REqOTGsMqaQjSCuG1XL1uIFVX5Bhvb1s88bBt0hwQurbfBRDLbxhcR+pIe0AUPUKLW7RvFtK1h6vqE3N92nI/fo0bOki0kBP1qub6j1AQ7AA+Oybh1lEa/QNqLCLUhfE/MF99sAIiTlaXeogU95qEZGc2mhgPei3ETIq6pCD4m5/zRaUjbvUxpyjJa1yo47CyApn0XQzrwmxFKzyFBh6pxqTWnS3gKiCY7mOqEG1Yx9HxTuioZPy17/W/JSQKik/rWmuJ7rc0NUMV5vCcK1VYhopWgO/SWqSilKyfmsLtaCYFgJa+Zr2mljgSnxGXpK6kSPviMW7D4YGn+Lw9R+W7NaIqseFSHlM1lM9E2LmqlMOpuTzzD6JtjNOdrv1rQ5RDje9jdCyrG7qck9do1nBtxOqjqrQ8fPdFWleDczUMfgKK81exQwBy/3XndacGIbzgqVIqIJMX7U4Zcmzkjw1q3W782+vgI9NsY+MWgzzL0n/inMYdoncyAgzPHJ8FGneoE4aW++/7+ea8UYsr194zf56LoCK5Tneq/3Hs87B8pF6RxAoP7LZjrkagamnZKtWpLzLJmNLcnwkbe9tsUWytqiS5boV7Di3PxmztkSw5qRq+TYZpH6G/Beffbak5p4kG0XqhAhRWi53HDVbzmcsZa+LvmmNzpGzfAY5dvkAK2T3y1nyYUOqrU0n9SL/MMjlznQgVHWG4PVJ+fPeplzo9Bs5xwyWzUSjTwljgvnfDGoVJckTQgipjnDQCLEU3RoUZ5eYRygv3Dhs7GjoHxhOJBap1xIXCrLkyWVsj7jpzpatLHJrEoMQznJjBoptGDlSgMbWcvTwJ3qN/8jRNMFdEKftrfjEbUBUwFeibLNte1DR4c14/jIIMHHZ47VhoFTXsCthqikx7THxqCy0KakQRRzrV1Y9Bp3ZpycptFeU1ikw99dzqYjoGxfGttfkz2xmqw4BRKa0d/Gxqe/QQ0JXeWixhaOH9DNSh705Bfrd038QVB0IEEhdmvc/QzsKussPdabuaUkTTqCsT8UUbiOx/zVeuDZV2n/aR0/3hX5MTRBzutS/caPfn5l5tb3e8OnZG2Sk1EFY+/hAochT8saiWYzB4sOs34Ew8t5SHskb2DuThxM3vth7llRYryB+JtcRjz2l6GZgQ3MBGrJSUQVGynRbStTpB8AC9C8Vgr3vmD9s/zsI9bC5z6ttcns39HoGM1g+EMrnGCs5W2gF3O/poqj0hlC5Vk+Y6hmgk3vrAkiU+OsIKLz67SZrl4hi24EuwubRFI+kTlOYAJU6ElHQypCziM+VRPkaiNNqkQBZk9HPDY96VOi6RvKlR2KncfF/GIP49WS3NynP/AnDHkzH+LtTXcDE5hpqQocVkuJYyqjV/x5fABPKeq6pD5hFouxKjVdQUnvs4zHViRGG+OwyMEkPI6aCFX3fthLtp9602ceLM9vlYANn+4Os28sT4r1XhICoBgwya0yc/rOHpnc2EN2KEJfddjev1cHPwAhcXECOBv9YbD9Lz4yUTPXX3/gDXkaLregYc9Fi9Ao54PLOSeyHYU2QNyNipX0itNZQQVY905GzXh0EWtyrnfDAXiBrSSAIwyV0TemffVMbO8BHhel9hqm/sNfH8SyGbPmvhyRBFu3OODSTzqeFHGE/PzXvhW9iqRL5znCwUQIljv04jnj1/g/GRs0S90d7BIzXJ+c8c9EobQvR755IP35x9XBy5zlS9KyHFWNvPHH45ktftYosoCObkV66aJ8V9kZUN6bYTTjVV+/yxuy1rkmGg3vorLPMX8ZzTrXpv72/pnZJgt/orx+stN2tPcW/Y7ddtQ2U4E2HgWzWRUfC7DJxA0WJI/xU91w53eZnQwrDDwja/K7emIL18r6kmdHErcwJa1X4UDm+mvCORrEqLX/2PbLhrBF2MZaNvBpl+7A7HOzUDWgFH3wLRnu38/9AEi+JARDMGUZy29V44EGqEjfVYJOhHwUAhJPqaZeME//qk/eN+f1sC7CRJPMTj1Twg8NmUcGdSJpWvYpwpVGK+MjP6ZIumDI9+RnGI0TRLj5PqgrJ89KMWobiRSzoDNH7h4w68odRmMcABhGtMaeu+onKgDXm/SExQJ59fitXGVH1ZZug9Gv67GCkUgFetMZWOMby3OxseC4jJcxoa6VVZOBpaJjtPZLfm2MssiCrU2WPQGG5BiNBaPiEmM329OTZ0fcrngvTCuvJc/pwjf4stC3L5y+qJPgtp5tdbaJm8bYJEb/pu3AKhDk+LQ8PpC5X5JBwXSvkv6KEv0X+nHHl9jNH5cKFt866BHw16HtooBNebu2B+lsd6QGZURJInmXizkEAXzYem2H5lfntPlvUBvRY+GL0jEVc/h9g0KOs+l+uILVzFugbbYnS169XUu76kxE6YIrtX9sHHYIV2zQCLybaaYaU7Z4G+nRSH5Xz25qqEdwxeQ7nCtpsouVhxzyTci6wymYRdPmNjJBO2JlnqztjgJxSI2bbqC0pToZku4AnufrNGoRXgEAlNSTE2O+VIgEzoq7rzOtuDQS1E1aaMYl6xvAWd0z+0GjiHrhs76sELFqixbkq17bPwf9VQajQc1YGMkCQD3NU/X/22cb4JuCmF51cmTh60Jwf7NWFmTGj4HgWZB9FDXeznRhoTf5BXMXVOkuKSbVXlKxsDWX1KztVWifTGPT2hu8IUmwK0NJRw2fgzx3cfqxpMRf3hDKWDMnOlMhoaHzaPlvageD8AbCS4x+bYlBk15tgFodYAj4OoqsDbqpmSipe4kPjHfufC4UjE1FpSUQ4lm6Lm3LmU2lHpJQNiu/08H5iCYecrL3+dqVanNIE36toleYZMJPP6E2s/dePPGd/RPsN3dP7b2xNHXZ1h8Ue97WrX8FLLsdmnE/PuOIv+i/FqyBMzgi/M855RfKL6N1vgkmmtqLKWzfhezoG3h1XCyiIB0iwywge29wtSMLYUtMEZj3aiTPGZcQqNSL8NlCB9uegLoKMRIwopiXzvuxaVSn+yJHKLluum1f0hWqRDbqAKPZQN+Q1WiivCVfwxUhbMYiYR2X5uGject1Quiupv3PT35b0so7ZsVKrQ43hzAJqpPeaoCo5+4oewY/1vdjpf8Hmaoq8KgG/KwvlqSbXXF/dnMHPy+thzmaKSs96Z4y7tNMFm9ur2RQTTMaR8m3T8X85tOKL3JVqa2O1IlOmL0ZIwq1OYAsiYnc/NkdFKyfAMEz34/+ZTo+Ta1eIn1Jb4SojKQjgN55rIcPb2JQmJBrYp4PUxUM2T51IPLPXmqxpXShU5x8pvUI/CWF3+GELQ0ZlCT5Cen2dFnWepC7KvTF2bY8H3S+jiJr8XyPLCi/wYIxNdnS1UzDmwNjXgPWFbuD639BG2YBuUj3ZlZneIiEo6LLNAlXVjGaBHktsqpNfhPwPe7INjzUewzrVZa8ODa8bGlYfoD7EVIN75ddLr9uIMEe1hQcKdRZsNbZPgq3IujkP0cSB0TP2HmFADLdhjHz6MQbWFQ28uq4NrSjJd0nXPxN71qyAnFZFaBhY686ksnp01MjbkClMAsGDxuLXdF2Z102mujSTAhsu2fnK8yTtjowaNi4jx3p+1eQ24TplU6B21FBBqID2FpMM57BiwwMjZb0qwFpqrgcXAvJsMYEjwFhMg0g6OpAiT4JZf3ZPCnmmihMIb7L3AzNrTA9OII6lGq/AJ/IPB4JRP1Uxpc6+fgqPJtFIQtqFXX5c2WHD6zJKw304Wf354QC3W4JXL5CO/CPA3NQp9DyhyQFfatn7vWNDJayOD6RZvZ64phYmrYqGPl6r3i3uKOfJhpckCdDAPBlKbr0PC3VWDVyv3YGTXWNSIkyzoxx19NflA5rOTppJtaG+ViLMTQIw/zmggDREjj7RW9QI/M63huZPgZnCva9RoVUfBf3uqO1mOCtIeLZ6NcYNNFpKNhDG0iMG9kBgFcI4OAc7WpAjaAtF8c4F9Dk0R5BZF9gOHoRmcE3VzK13z+jbYR7cNfNM/b8jd5854v6wPtLHlt3Pdr1cXPxg4xNT0grgu9Xct/hHOwFnCWX4JxDhdGduEY/DfO5ZXrsYKAh/Mao/mNl3fvmDgzRG70LGZN1K7CApCl/7ZsI/5M/gFsRx3eHZNZBEZaMuh0MTyhB+3Iia7KeIShOECS6EUo9JjPhiS5TPOZFmrHVoUEAv09vRDfTEYdK647KC5an1Uej/83Mz4IMZhFKiaOxSFCisQ69qAFk1oGV2KYo6KH0yNPhf4KQr1QvsNXFb01/aKoZAsOnHVnrH9MarU+V5YUARSyLUAC6/my6e/CfYYEpRFL82Dk0Tyf+4PpPYn/qtJ/aLKFPsJCghawgqRQDbCMD9Swe/y6f7+MqPQueVDzSDVGJJHCQrj9ZwuzvuxMrgAvoUmmJvOi8A/lszasN34ZpUOQTFGG+A3OdBRb9Y5iHoVlk0d9neyjRdTH8+xGblvSPanZwRTC0ITefIkTLrReFxF09kpWZjoTXlLU/ZUPHaJLO10DKX1a1en4+7/6Z6k57sqrXEpr+av7A/tw1QGAZuM8wvvlBXMb5XyVu9ilL7BJHr+SVJmvCAwt8ibmcgmslt0kaH4+E8Bu5u6NbSh8uZ7k8wG8dzUWOGJ6zHQyGVw5kj/DynvqB8fhyTMS+9sWmGozkzEdPlWkio1/JR3Pr7kfPVxV4H7HStlpZ9+SyEqCpqkt0eEBoY/+JruCDy+mea3LL4m6htwcpuO+aloPHE6v0iQJrvYCmDkW9rZ0GzdssQ2oToewvGgwFmG56qdnpPmtW/MWxZjUQJDt2A+Z8rNJzZtEzXtWf3xvXa26yWP8TjWuk/f97n7q4Bnxh3DuvSooV3ycsl9x5lTqle8sCFAuihGp40Cw+DRvVShU/4g6phsL2mQmpBlPp+/W7DWuxUICUJfpz5Tf4dlfETvfcymXPtFV7D/n3pz8UdMXlqgNsveL2y587kxPC94wfX5MbOxhpDZ77EERURbc+WznmK1P8MOKvSHeJq2R1Q9vSKgsUHXbJyU5PnWwNUf6Bh7oHOOssig+nd+ay7ZgpD3ovZwC/372Q2ve3X/mNTbF7N4tPsiMrM171zP/Qyd11xQ39Ux/n0FW/ilfDL5iT/QhYW69UKMjaC3ezqn8GJI6KOR7hesRr944LTVM8NqMmK7TQT8VmyQ/+R5wkd+x/OSJMbHPwM2jXR1RkaZcC7W5gNEx1BKyKsOtuEEIb/NBfE1Sj14o9oeR6sZGT2C4Ge9f2vnCooGdN41fvOzgyP2U7WlXsKMoChIkmWOOu0ipuF77X337AtJzRJ3FaytCisI+8AaVaC6YBvyZC8miJ6c0G87ileDBxoRNmhwA1B0ZCPKc2bnrC2G1qiwrzuI02csloHGPuWXCdKdQc/Y91IoReSGXNYlqorO7B0+YxXrm7RFtcJBhJHPklGJulMsRxWv43PjevndJU7Z8NLhTxlImWWncXp4KZaPygn6rvxY9NUVmYIGOeKZqJ3zTI9JO3mKQLYR9+YfGhzpZC9+jRHZY7TbCosq8+04q8/bAFWr8+r6QikAq/32KN0eLSM/1yaBHOwlZRMT9ZwaUlj+viC8MLTNcaEvS0YQzPSHGdCu79qXQGLXSscT2gwuTHd0VyKwJpMKHoI9rjlbXNcNc3Ue/iBVNX7+3tFeetO1uJpyHu7r0r79W+ShCMDSfXmLd/8auJ66ow4A0fLxT7uEBxgZ/O8PkjOqtjD9p7LoOB6bAa5RUTbUdF6qU0Eir84xu1v2acLV8N3iNvcOjKANiARtulRd6erWK6ZKa/yr2OBBNcoYRhgBw+2WJhdzRGQdOka5bhBaYLsNI+rONfRDDXfd4QPFO22xU+cp0ExU7VlR5oAD9w2aEAmgXNgIoXYNpzKK34H4LBOtl0nmb8x3yKWV/ubF7pTMLBSvmp13ARZnXHKKxlQcPcK0ajgml/2LqMhYbf9wFsPQcUXIXiMq7tUrBfDdgo8g37XEoV6wd0CrNXfcSsDlXFDix4kwXm+CpnUMDTAyV+0+rTluc+FCvgXvOTBl/wMYgv7RUi0cQY0NAi9e5JeVYxqR4Kc2K1YxKre2DFrl+nbd+Zr3ssz7gwuV/DW0uXX4Ynxllz1rK0yFUkF/goEuPC0Agu96xThupMZKANhh5u5dCTdQZ7clzrbjY62sm6lRO8xI41PyqiYcbofuPJc5j/bhbnfgVt3XLV3jZn762bkYP2dzHI37wIK4Z0gpuPg3e+v5DYxoDbDgmiQhOGf4rRXWiSK0UDMnb2cCs9q5nBcKJ67jOEHxUdQhvCT2uLPW8LbuCy/IL0fprOSq4V2pDsVPRmYPT+oGFedJg37p+OgLbd2CjJznSVV93zDb9YnP3I+4j8udwCzesL+5AQZBACbLUdMa7TCuoSCSHm+S7ch/g/ha5ILXWTu97QpNcjsBNlxFlFLYf2r1g+K75JTv1r5PowRBXdd9uVs7DOo69Q8o2essBvpb+k1C1D6elJ9OoTnxT5hXBXtZ9qis7+oBN3ZR99nv6qtx8rQjkie2ZZuLDXGTU4ehL+n5FqhJgST4lZOHisi90PF9lOe5r6ZYmpX56eWFj1R/GzFE88uDmq258e5PDJZ7ihSlnpNtdQDbqTAauC+XdSRHwODwnEGEpYbcx+2ijbiLzzYvxxMrWhHz43T6y8o+kc+E4TycsdbaHJJys7ei/xDVMOFctYdZaLusd590xAYnuMKiFZL+VSnqkpK9xoGXDsm8DZqz5p22+u1D7I4AgzMZZu7Wd9kVJ0g+DlvazKJgEXgRQOFypIfZZvazPrV8s+/vqn6jX8Pm47qebGvd3am8S99ymTnR9+SgjwaIrEh9quqUneoZRoetNhyH1ExNQ8J52VFbpjTARHFeFz7rC0Ufs12h3k+ikMpfU1uumwRjZlXXwb5nPaOXje3vAsjAanbWtzQmm7sGP+nI4TxNGqKVCgQA9YP1Rj/57wkq9/a4WGzqb0iaCltK0AcQ0zX4sE3CmyrHN9IpaGxoImJA/15sRlqHF8lr7qTChWqLvEmn6z4CM9quabeQlN3IF701HKfILCGwcWlrT+NahTK0SU/nd4cqpZMDB3wKE5+XPWfLdEK53gs4LRn78bb3wBgtzgSr1UoStRRnyKsQeXAoJVIn4eZLYWSqXSGfhnL3EdEG1MYbiKwAw/hfplP+Uz0SGaTmqEhG5cSlrirLgDNE6B7GCxKCnYOAG+SFKAo9drjD2atH5sKqT/5SZCQOOcA3WuKD0Zbc+aPl4vQYd/l9jrQGRuaVJgwDm+hveRt6li0oGsrdMhmcjRLE8RRQqKsMQaCyzc7ZBKI9ZkcWoqvO8CIDvbB0U0rKWVGHZAfnrAE09OH8rOBNiQDVbuYGm7+Q3obPwKWqxZ9l/AORL5n5NByFHdGf9V0/eiCqvnN/PZduqKh1bnba7f+ilmnTaKoSEeHX8M/89sk6s7UT6gkpXP7PYeKAjMsieTLWiEiNVV2qrsDSE6wbjDnohOd74MN9LMzVx78iyTjfU++EFQTroJST4KeC3b+tuLjhbMHiOoGYZcqws5TqkXsWD2sijt/QyMc86zDy+PX7gx1tJR7MgkK1iC3iYYOT7MoDAOGWict58kwDEnDy5kji7PqGY6xxrlZ42Qs5Lfj1VXnzPD1DQrcxVtcC3pOy7m6DfwpLDPIeqn9Z83px15Sgoz+3zHgCm1+nS3mX4W445/3gcydpnH5MPxFSKGnl/7v0fnLMi/YKze+DKwrFsteap4plWO4YyMVQ98uUaa2b9/LwW0LHYk4t5t43W0IBan7Dq0Qoz4muVyWrGW4SnswAnWpKOYhIGTKwuxolMsT9lqNHWlQHQaFMz5jo5b24eO1QuqnMLiNGuL+eiByLTy2mQ2Gp3qob1MK8Rqknell2kdEJArWYu0nZuyyqmp2ChZaYc2Yn4NmMz9k2hpcyg5/s/NW48kKuxv9FSdU/5nDSbkxvBB98jkzj4RjQS7j9o4ffwVkliP31r/DDzdscSeaHhOi1jBkl8CXnhrr7Pr3t6CNWq27FNpk7fxL2OAImhT6pzjobrGbhpT61YWfpl29EPeHGIVyzMsroV72W0sQH+2wAQMOKsuUXDp79DNDgVx2T+kMSkyRUqQYY6l4Sh48dVaFvqZQqsu+YsEdivpokhTBeZcy6oL8wk28xOW31k3Pj3U9OedbBpUipj9XeooFGIiYwVLDxm1d7Sm75V4PUObzf21TbgyBzPU7Q0LL11Y0DcRf23KSTNbMbXZ/qvmfJvfGm0kAatyDnobjEnmytrkENo3XD3j+Hl7X2Fs9YonYV41uppnqKNHzBUbxvlykA+o1XyyumxYp//fRq8pd2H/NfLCZGVSIK29WMSnniVhWkWKx6DEdz+5rUAMS5E/DdkJKWNv+EX2BkKZWGJcwXKyAD5MV+DkpxXLWMnEa4e3aIdkUz1DMkYcneTyPDteMMbDGAuhe6mXOWWOR52OVLReWDvycmQ+yOuse5BhPHgXZeC+TMx/SJvEHuP/+OfmvQEvLoYO3diDelJhj6gYPlOzmbKyKd3yREHh1rChgdO83OIz0iYF1r1MVvXs4QUGhSKLHL0hKnYDstrfw4cdrL1Tn5fLEIci3hxytGdtCXHaSMvgOBdo2vu8U10mV6dUTP5W09kpyAqCUiEHMjnYJXSCtsLNSlGopjlf1US3vA2T8wK/WeRGz5NN8ZewvLeCPrUT2tsSOWaODRmP8EVS+YbPzv0Rq0DpvyoTA8mzJnbygXvd3D6VOQdxyQT7zbgx48J0rRtGze0/yOmYRW+fI3J4RhE1VzWENz/AbEFhCCmKwzp1A7kEY4WSa6b+0k9PWvFQd/iYKKliRqsAj3a5isbTDp1ceCDWwhCmqKq7aKJ7M9/sTJRYmwc4M55Xnm4uMWX9cNV2fFnyuUN1d2f8lUEm/nQUeNNUc3iCRsqXBwfVLNG/h2GtK7JvWMUzobatl/WY2zFnK6PwNgnB8gFcfDmS6e5prdom9K70p1P8Rjty0x2d61W5vZeyReLtI44VrkyxodPav9Gyj3B10K+1u8+AA3lZ2JJ2dxftveiymSGZdIQxT1iU9vAMYWXE3PBH7fnvw777tR7cN7JvQwPRyP2d15Nb/E0mIrY+T9Z2fBFWv6jDTY6zSVUx7+O4K+3yOMJ0jvQYIc7aoWidz18CWZIcMWviMLdpYCsk6CGACY/jvJuR1PasdMrVf/fUZTpeXo46fVXqBZBPCYFuKBOt4NC16fyBKn9Yi8Y6ScshCKwuzAZo2Kx1wcxhaA6T09zBgqGgOX5j62FDh1kHKjtAoQKcbhQgujthTO1deE6KObq088MAlQuUMvqXcmehEMhsQfATR4pbKnZEG4Hxv+/827z2jkt7lCiWxpNksfN6Ch8+jjPXY59FM45LGliQjecpIMbpn92Kc/fVLanHjQM6f/tPm3hSVdcnmykjHvjw2VPMh6vNou4JABjk85m3WOinu0dwRrea0zw/FvS2WKxN0rF1okxO2RspgWTNVQdxPYzg34El7e05FLKIQezsTWfwdeKQSl2yS5lmXkCeeaEr2uatml/tZRxn05g2717iRH+GfPDTRAoaY8D0zqrGcQemvDnPK5/NcvF+jTbBMaI2IwiEqR4h4JK55TSoVZS7ceM7K3Vu7nmiYxTqi+P+K95h7Fe7Pol+d8umUhOdtR/aVjf8RWm+z6nhFXPhooLo9m+LYQdKOnEhV3m49Epu/cAaxTGaLpJN835dk57zwVDldPKskfhqnoevCmAUBbnA5BYnrJnr5MI/B/7SJSeOh7uPXCBV3vObWAS0IS7XrJMr/k1cxsrvrXVhLkMX1WizvlTEaHrVobI2goENtB82iDz5Bj7/Uh4V0kokCjXReL1A/E8gg3/oNiaVbTKnm6v6Q2eIvzINmE67nXr5pNGvRsyQFGpNaUkk14BNLHiTV1PI4GdxlqMWqAqGgdiQ1zGEIvySqVkWB/Aa1I2BJfOFn+6FT6s59ODNJsDDWPkpebGfF6uFYW/DjhgPspoOLORt05T+gjl7nykXDqmf3UTNrhPtQw1RaTp+px4T4QZ7YOqpCs7J7pS5eKbkJK1IXA9d3p0+PdbCvR/9vA9qO7B87uGzlbQS/GBuaIxGyHEHjxHGehB74M7W/vAvMDR8dLL2UENm+gYaOd/VsoBn1bDOAls4mYlxXlyn2gn5JrTE7jMlQw4pokGAGTJUsWvdicZo61ry9gjD7d/+4H+97fDmyu9vnLPozfs+prOTIQ/Ta280aO7HpqZuN6zlB3TZE8e+Wd6jH9hRsG1+f8Tm9E6rNpHfZTrswFFEj9shl07zA0dPchZPLAdySrVWjkUou/q2s/88C2Ajy0+TXeDzFMi2iHXSRyvGXI0D3VoMU57x0mE7kEi0tkB9GEeMQpCkiXf7w4vubWnVkBoYYXDa9n+/cfPNXz37xis3HvZvW/bVL0tb/z7YIPI4d8oRmDzdmmOYODeOQSck/7EXMLUzGzq5HWvTXmgFPGgY6SNCnWjjWKPsC+rG+eYqX5bSM7BJoe4HfyiWcMqQPGzgfhUSgnaCryEhILfy/oNpBzXoV43/n6EivPQJ/H0WK5OVo63d+X+GuqFsAabklBxnfqmxjLF9hn/D/pJuAT+Qlpz9AdwKfk+9K7qQKk8yvdQ7rUBQtP4HaMC4R7sk7LmheOE1FmNzifPF/MYJeIP0J+cJ+AScOwdjpaTZg/+le0R4F9aNaX357+tKdU9Rov+PiS+BaursomVQ0VJJWwdAhthSBRyIiJWZi6UtKioqtYgMUSkGfkTEgIAMF0dUkGhBIwoEipRaEUSQGYIihMkEkRJGE5JAmEMSILnJzb3vBu17b+21QkgCK7nnO2fvfb7zJRNNsoEcox9wx9G/PZIVApZxi8UMKUcZPRRlBNqkbdOQRbWge3XiITtqLDM7VFPU5yLRYVQXP7Z3Kr+35iRHMOMX+6LXh8bvMUzevGOUZcx4opkGUyKDtTOKU5z7PPHYhfA37WHJ3fi+Scvj9V+EuGp+a6yhuZFbvX45w07lNG+tHz/Zlb5eqrqbETE3oZ2ss7wQf3f3Jld6pJUJfYBH5APC1x3g7kykjVYBTwCSR5EVIx1+spDHzsYykVPLEDD6A9Kqk1QxH/yhpChYu53qUFWk3ADKnsCjZu+qwfE97pfKh3US3kSgvFpPduG2GXemO1JExC6BfZcGV3SCYDKID/rJ6GM6IK+U2+jtlR5BGCob3E1Q4on2ZvIPRCEvgX7OKHUh6AM6Clqds0Frb102+FPOL5WXyEOzjZD1aDH56rbb9JQl3LLvANrp7UDHEtqetdO9z/apmqY4tFaju/ugaBlumB6JSlpFlGHg1A/6kWiPas3FNePIc2XlLKcGnEJmRDXgW4b2UOG9rc4bUK7+uWH6uG0aRFWNTXdx7SWF4S14X+nL3YqCfSaXih9/49ASu4aa8C4RqkX3Jccm2T17JaWmTaW3/IDM3XCRDtFDb+hTlJx/CBpp8sj/gaMsJ4Wf8Aeky04SzbwHzGsohvFhCiw63ifmZEo39ozBTDVeOaJdBUIfhAYLhOtt8x6GYW/XGRj9sjLJKCi1xq5ML2fqye/Fb3ICe8xNBrpp8w/jWvCwGThmzxZDL30ooYFZ9ZfDgag9A+mocb5V2kIb8REZXbzsmQ1pLJjt9UW4VS7s1UyB/ZTkNJp49ktcLLMGziTQzMA5E2qJ3fwz855RzefV6HPofyVrKNZjWt0niyNnCrOUOiSerw4OweyK+6oqSjWoKIi4Q5da8NETAe169pvR+RJpNAcNAl+s70g7/j9f1jS4KBsaO0S8ZlxG7+dMhy/KApD76OsTY+DNYc1AuYQmhcvk/FdpBxJK00zXgWs/owh/rPxWRlLiE3loW748kOomw0+dq1fSpBx6atlYNqsof18z8f8hPlXbIPQoATPFBu1P5GuexyRUesHH4J/9VsW4lBuNWZBKLeTNNNAbfmrqJEXEjpU8XHBOP1Fh4DiAj3r3h7zXQe5UhEtquYcGcdn4lszQfSZ3W7bNFP4qsjQHp7q0N6Pob2xdwqPu6hb8pVnaq2oXcYm4kJOwL1ABTtyszCM2ItUiG4TpKCGZ7hrX56I5Mtzq8Tb8peJwCdWcT9Rr6COQdhl0Up9rrN35mOR36sh35/drOJkGJFUx13lqXtHecQh/xT3EYqJs6B9qBWEkFajSkMZsBhVCh+ZTaXHX6fvNiB4RaXCemT8U7k+td02JGNNagwtojNALw1Gm7t2oO1u7fv9qvV2GwuoKMMbVyHhy9k6DGTigJZ/Toth330PfRs3wHKJnDyJGTztOCETKytU5oVnwczx0FUyhS3NGRBuyOy4VMUCgrN0SoruA4xsuXSgHcwyjHixmIlu9o6xUU/BT3X6aqjPmEJaJNEP0d1AKQBwehVfifG4L2i8V8UT3bajgdKmgDtxRvGvMCh2Y2Qsxim0m90HuGBiJ3n7Isc94xTg4ShwlqhC3t/GojBjRTl98uN8nA7wPQo9LhU/gMgzkyvujNHwHcI+2822F0wV031mzYjIJZvX5wE3uz5gFv1tpNLjgEKfFU6iBdiN19+jbdGBTTHc0c76A2xlx/kmUQPTINkNXFAr7m/N5nfYyuQ2zhhs+bJ+hMbWMlAPGHISr0bDxfx8tbCKjXFfvDRJqMblxJA+U0MgFpXl1l0i8HfqKCkvNQXL8nXgxcb00ewdkuQ237MeTfpoH8178onwtXK61xTpwfo+Xk/CDsOPJ2idmYEQjySpswsa9hpnPipD9aC/0ojaoOrWfmN2xQbzeCzzx+1cd9j5HkuatJsp+XGXC7SupM47WUyWpuq4BYexD/khPplm9GS1sXIuRKPzA8oO8tNyR+YOI6f8gz0u9Bc1DobAwftyRkSjD3TEDg2+be0LHd+JyZx69XgcyKepyabddWT0JzywCyjIlPR9l5/wvejt1d9DncK1rWgeuAycJt+klQqIgSJ09H4G14Hrw9JoXmc2crYUPkasGg3VNF6ZqXJfoLVps6/KJ0/jP0fmz3B0Lz9RkNoqnfvWSg7e1zgDVYXuAmaG53YmTSJ5SX5S9zVvwQiDxmsUfZ9hAFFQx9UopzPSsDffgLU+qUAJ8kUH5NUiZHMXHnT4azEvZDA5K0h+4pDgfQFLdyBKqzqZI7s/DqvB/qUrvydTSFTGt1D9cWjQmXK8myt8LL02Qw3wXNqEXTBN68oQBFrECYOIIIKHFZcHZooGKp/q5tIZQMSoQ1QhCqy1mLtxLlnedzOZo7VCemytQ/Mkt4Q7VXVks6Pxh540dltdv4VYzvn5ypXCZRUGH00T1ioFOPv83scGat4Vr/07BWcU9YUHM/pqAjBOP0kqtFL8endjjcdIvfn+jy7pbFVhiqrqBQcCuM/2B0jtxsCso9ZsGronmhrnAVIcYEvZBAfYKT8gRnLo0YgnKWAZRo8vB8YMIGS+JxnHbsLcJV+bpJuFMC1wTZtEjSCf/FvpHCBZCB1C4GD7waNoTkyv8W8dr7qLD/BIepWBNC4XNo/NKeCyeSEKRlEgIpyclrCV4RjYqf4pvWsa7LhGpofp1Ywr2MxxEJ7CY6Jz9UUbYWjmLhLRpUi6HdR3KNXMa5agxDESi3SoPGQH9qEqpQDOllJyVJMicz+Z5unCvsVOBXCyP3F+lavJY1YusqhsKgcihMahYjLNrAdLsWUrzOc25pLI/XCThslHFZnzv9wSF5oATV7mjZQMXDEW5K90RyQWXqnnNuQh/CS2Q2453Cgn7V7cqYP/IBnDcQne/xqV0IGF2+NV72Xbunw3X+09e+SreskhTc8u2rvH8O0ftK44RX6MV64lv3DoSLPrsaQ6UwC7pptzfU98LOz7+QxXbILyjppCnKa800TWxDJ+YarMZFJubBrrMa2dIk7rGInA9PoBdUtj+4NfCejiT9ShvBqCs9ue24l1SxTsutnBc2GV59UVUaDb7qN9+qGy9qatpqhIZL5zpi0C7f/dzILvIu2qa8fGupmQXVbmJchXcbz4lVr34SzQEwumggg11INMu25XKBMQWTUfbUAEoASD8hTIJTaKOVYmoBlVLxv8fVqjFZ/RZBe5+SKcFGgFKmQyL6GewIf2L+nL/RZkPglY+X+c768TcFcUGVE8D5WtaWEx6ZBYlkRv3F5rHrOLQjkR/hDXW17VxSs3Q1TOjMp2JwzUuZG1hG+0VpDLbpTGm0YlagMImak28P0OAA9j7EorB0Ibyp1ej5+ldZ2a8Auaz24hIO81eQtI7Gdd9FZnWkZ21ktJXH+8SaV171rVuy4+nDq5ssb5+u/H1GtKzgIEMnpvXtza03eSYMwmhAQPGX0zs9BxIzyGk4c6JxMm9Ak+jR53puKik3bCP/kYwRlpVYYOkajMWDiGpex5/cx599mrA65euDNOq4ncN1Ym9X1Tpj/0YKqGVv3bkE3At5uBkmgk0+PFwQO9WMOYA9GEF+jX27i5IvJFZtBV0oz8FudqzxMz3FynzCZvQalQu3d2r3IvUBvwFlszcqhEbCunSyimfRXNluuoduhbDRKB4VTO+GT/2Gy0bVFfA+2BJ3F2e6P+Hs9WWpZAcj42B2LNGNSjRQXyPA3TQowGv/8dcyuNnT4tlrBS6qvh2tNQfwQ/KD8C3ZqsOMdeGFrBELIsQvAg0pzwFjSa3IoJWhuqqtjxMny/JRzeAc4bam0Gp3oT9WEOuSNF8+cb82/xIdGyRO2cs/LCI74o8yLXGO6SVEk42oP+SG1AbpCt5c0Edl7VhhvRRIFKwBDgrDRfuUDXYEpxiRmuj1ZsoK4tF2raSBOPoQ152RU1UgUfuO4+jSV/0/+A467c8dMJP+H6FAfVGuX9HlrbpfvO0+DG/uZJ61xDr2RGn7iQdyq4xY/k/874LoyfbaLFc1u4YrUDuDj0wWFOSP/txDMluMsCbpJArLkI27i+KpwVAhH9ZuTmoMFAX8bq/m5qi2tjfJPLwMgBTEnfocX1YzHYJmc5t7O5qrhLJa5I/ER+DKcrC1W8BqBCc2nYS7wASA9GXQInKczE6uxr2RMyxrNmj9UlL8EpKWukpQAogVHmqqeebT1lyvCJXXvsZcc3tNqTG3Qoj095vaKec9j12kM+Tb8RodOx7xkEfFGV4IrI/twyDKgdCP204JzhQbRxgloP+8Q5YJLoDxOgMbJ4iGqLyd+udLvuK8MZ8qw5DELI2jzSgiXXIFETHSSGEyljVLZHleRMOT6V+fFzOrr+lrZw/xNUgexslTB700Rnh1vzG3i08MFDso5imVWuQ0+DXOk8cp7ovEKbfRSiS+IjQuOXs1a2oPTVC6aN9csKPUSIm6dkx81Vh3DMNd0ZOXkuKqV55413t+qk6DUXM356jkZgKCDuf7UmPYoRoZ2zRD2y8R98fJ8A1zDeeGqqAC2IxowuZ6YiN8yNZvYWYsmgFiwO7XxJdZommiyz7tH6d1YpgT8RXWuAcMUGLDPP935CfEdkk3wXypbeA3XcLyw3I/qmaGe0gM+rL+Chy8c8I076d6JKRFFqKbpU3MRZazZG9m9RRmo6zcgCV1fJtSp3mada5UCdya/MlReXv7yG3rQ+2OYBxqaP2R3ZnUd35hLHfwYu+5M0dGFfp1Lcip7e/pI/vQUgya9JuG7QM3tLAj0H/pP/8S1KY6stNuX4zLGT6wgQchZRb56THnjGegoPAl/QORtYwnXxGAtSWOJdtgjibaNhawCWcFXuLqda9me8ii+TPlpBiUCaXLsgO9e3NlSs5d+jibCKEvC9xnyFUkRr88InbEZkfC0KmiphBlHHHMJmu3snHCgHBP6SVhhiCtxnxU5ILs9ueuukat9sg89KkKb+BRgFh+37uBrRMhYc63E9IkounSpnIffHXFIihauK8qiae15grOLVPHRbd+KbW+JB31hENdb8eJjLHr2ka6Xw1WfSB5Pv6stmOMePlnQYJK+/b94RdNTMlh3VcpSbt1NhyLbDdPUjDHUm8th+vMdzGqYBzN4FzoxECTHmkwQUjxsHa87VEtvvjhDbwWUO8xdTAePr6KBlrQ5IZlmeBepsi39rzCcwbFzVloIBAt0G4bzxd3JEUSQMYFFGBthENa/XHWznWwQnX6MrkFXOGcN7IowLdsFFAhkfZChocHfs3f/Ibh/mbSCGYDURtVjY99bmrSjBBLXCRPzm3IWfAf5Nh1kujgaMnIM46s2dGJCzz3MXJpF/ob/rfczLQbT4WuJntO9Vdk391wopIq1StGMl16UaZobXTy0nLfDRaW2zS0eqbAok7mI6+Q//UnbyKrNg0Mt3X2xLzwID136vT0dcBAjAFuE2fu9tMk68IvMETpez3QwzC14H6GKhgMK6zcsc3fYcGW/oGjrYAZugVJmkKP3WpB+Xwwl0uf5mmLBRVgcHvAb5nsIVN0KocScW5x984cVuJA4mFm0DZFmQIFeDCXv9gbwXG3GTk+FNquE7jcKXzvONm8PwyrGwGApETgXpRpoub6M8VO5N/sAcl0WjaQaRHsyVL28TU9ZGk0jniyZSB1M92tPLqY8XFFiM3ol7dug1afybGj3zRaT248h2hzZB/6sCLg6t2rCASc3/UF7XSxKjqkS1D4GHpzMDKYzBNTBpmywcJtNULv1YLE7nfAnMhrIT35vXVoNggkFB+H5hX3dQfcEq9FZeC3lh8GR6sxXy8SZU6aAt9iE6hk4+vkcb8VUeZuYXeRA4iXru7S50knAcRl1kCynSe7SgeVcHfGo0mfI0Ef8AdiHVWIp+FyO9gtKPDTMiiWonUZ4Od0qNw6fTKCMNLV8+eSf0ZSLBBWFgUpXSIOPN3ECR7mQdxYIKMeEXhumrptYLLfndxLy2R4y8bc7RaMfvdn/HUKMesAyvTOkZ/1o9Oa1RYXn5KwKw8QaGRi+8pvJNHa8BsPfXhuckbF9/uVIf4xnh4xeTys15aXkS1EJrXdAX+9jRyAxIgGvZvhAv9XWmY/+coiPSmlz053Oi77DgYt+vhs6HtFEmy+fl3qDhPaAjOxebq7EX/RsmqLrG2D2QCEW+uvpROl1zWX9S/CxQsRhfPrAfHD9x1SWDmX6NWzfooWQqNlhHRwNuygxPKoX8Ikr/0knB6m3aIKXDBqmLYx3He0t8olJpGHg80xVVdCdvfGNt+eXdj1YIHI1oVcYrTLNqA78376qv5a5aHJ7mxMWsfEW7FfpHpIK8oaIqf7P5zfvR2bVR9UkzkDr1iGMvZW4yOn0OWh+y0KglUbQDZXzy3xOOuw/64mHl/Pkt+76/Q06u3bLbT4lfkrf54D0i4oqSynqtSmuA24okMEkwR0ap5bZxqTB6vpf0BzdeCY90rDPSH0B8QbsJ6ECv2++pcwDpd00aZpzMkEuKHY0sQM4+NKt8L3HAhmP1qmtN9fZrlYNTPGT40hinOFs5nN04cc3J6BG5nvRw8NqC2d283NNOaaX1XeOFFp2WYb6ulbfvEqRdL4WdLSInX9D2M+CDDqqbBMlc4HlbFxXY5Fz8ZVvsCdaOsR+UrC2d9pF9GfcT6u8e/RnhZzWCqoe4B1D1BK3SFRWa+ip9zfbcrnu8kRUZbQUlWVOxO9qtz/+rupd4gO2FqjQRnM7LsmTkTgUMqL4kr69VZ7LnkG+WNeUztvr8SQ1GJk4TUALMWcf6uCHsRp+c0dDW0MGzY+apy8HIzvOywRcPewaI7NWEe1w+s6gt47t/XcKAlU1e+syh/R3dU6m7C427Sswau9YqwPc2527fH3Can0OOHrlYtlm0OqWmwQSSnV3dpDAFRwRoPevLMae5yR2+E/LzrUeNDuOBdVVxeYgtn4fgVvnFHG94hvWHGDGRbrZ7LnVFWbid6zGUHxgo842bxH1mYb5O8SgUl3qJtH+jDFefPOYL9tGmC+ak9mIrxhUuVK3+/LFo2n9dDgr3hV4JTQyG36jIyg8SMYt/xI1hNdRfrYK9dusOYNbuNFcKb2RqBFpPNNKUqVK13hK/rmv6Q8jJLt6F9CboXnywZ76vpL3KX7gTKvlY777eHkqzXLmAGEEcHLdEtqIIJeyQobyL3ZBqVEnzLOQhAF06wtV12d0cdoe1e43R+rDIsHeC7cI3V3aOI/QJnqMkdyUiCZ6gA+al20f2KjSwS5NaU0IF7NMtZsB5DDAFJ9B1e15libo05oDjji8wSN2SkXt5qwqgo1u0jMI2jCRvbw98pVoOFhxO1lfoPyCYrPV6/L7k7LryueLluMv4IOUe1Jvxx4pFlc5uTzFoZsZLkj2hFsnb+aWinZcJDRlYbZ7FXdUWnYSMBc9z0k5WYu2wC01LM0TD5G+34MYfZS2kx3BQ3E6dFnSTd1b/r6cULEf/Hu1hya8+654qX4FQGdyVb/gGkAFPnCbPRFSMjJyyv2yBMMkqC877FTziwkP4btBjJX6mo1WrBbpa3hCgkqOLiECxi+Jmii1EDvoozRlvNTKO+VT77/iJaMvSS3k/k0dUVygAUqkskx/kvuxYjxu6ACnlg20mKXTvGXNFhjTkZqCjW41NvBHKHvDGwpzi0T81mWZbkYbjp4E/9o7RR2njjNQnLfwN2d8lmd4loHZ6JbFW6y7jzov5UmB8/zsaq/J3JFxs//u85nfsF5oNJykLPGub9YtVcfnhF5ZguqFge0vWXy4SX8LGjog1FBnNCaAJtgmtid1bYVHHou+NkP5z0CUs+BKikSmD8AJJuFXnWqybn+aWJwrWCg/aQTbjEFs2W3MNVuScydsNv813YP33KqPMm7iN/78hY6X9KeTT+a4ZzH65BGhOLGfKf6LsqJ3Vbad9k3RI5jYt3bMazcQeTEk9KhHz/iSNXdN+t6kxfT44VhK7So5SPtjlNcY/S7CoXCZ778WM1AezJnLxw/5x0YCqfxnj1kUfP89fYwNVOBxbayL2jLOMpjG0zSBKqPllTdki1HhwzkbGyfGEhkvns7EPzt+grxMz844JYZa5uJVeeLditY3Ra1YkEgRfBB5iXE4Cy47qDmuoeca62q1g0S7gNEIXEZs4njBl2BKobUtsPHibMPe6xxAIS8+dSN7EMXjNolwfXYojLvjmLX4zJUybP4sfCP8rvqPsk0m2BNyWsTatGj2KF8I5VJDonHKZzOTE5EJIs+3LIAU31rwVPzfrAMw4Wmaym5L8l/f/o20n0iSop/xjU0QFlLFq7x0+27skhwaWqATD4MMm0au6xLLzrVJb1SWY6QI7JoEdaPO8gTdU0PrGBiIN0ONvTEhyrSmw3RJOaBh4SWM8VRytp1uzxeI850LGqn1P/1fXIbULdR1fO1FeIVvk+ajgwJp77rijFzfLjbwlHDk9KtHVyV1vd3m7Su/P+desQzxpu7exzxRWz4sCMdFpVhkTYdHRqemI9Wk0K1u7Mjvc3V3F1ee92V6UDuyYeJ/sPFOs6OM1GdC+PxpLdV9bh8FS7M50aBZWdu5Mcv3nYBikO5JlATd53C0Wc2Ix0uogVMZZgC7L/2cZDf0PvtjmrpMNeWz64f6RXtYFt21Ue6JhPl3skck5Jn2ZZaYb9bzFa9nPW0zK5m887G9upbPqmJswlkFomsr6+bLPrtc19VRvyty5mzjDHNqNiOOF7Ym8DD4zv/qyW/ZcOw6WDNzA64/0EbO76xfs25gn/vc5jfQJfRPngclhoiVghv+m3A+1A13X1HLgVOpTAp+eAp3HLppuWDXDuge3s7h+GeKw4qZKQMNgTOjYATA0AjDQRWLwHeXui9zWVJfCkqdZQHXCusXfQt2uoLsGmUAf7aDzktZP6an+T6uhOljWmu+l5fjFuUzHoRqIHdp2x1VwdzrbUq9MYaCyNfN4dkRMpCH8svkX+VlGLvKiiaWz+kuzcExsTsWh2dtktjWNOy/cb5W4/HG0l/dstcLE/J353hr4f3aEwXOIt3gyOv3E/mWrfKAin7d8XJ0lOoxBfu/E3gC1D9PhxMlqc8s0GlkSHU90lFDcNVqPPlf/A/inljUGsIqMBMuorHUNGwM3g2Gv3u+ZhoxcE4cr14HmN/cEfeayHc+vgPDw6JQKgZwlKqFCnOuaGpWYk4qNStxgx4mL9gD5W1T/s7aDBqMR+pVqgb0f6+NuZP4nZVhR3acl/15vHus9ZEyjpVALxuodhH3jC3/PT3qdp+Gl8Cj06di0oatAa5hbNZakQb+wFaoRM+8P+yBHkOtsv2uvZb1he1TN+HaV5rE8Mf20IGUlxi9/HX0fc0Pdy3+xA516KxJYJjAGd9iloiTjZSgPf2KexIUmVTq9ebud1juvoaazMbXKD91niYVwUdPZfD3+HRaCJVo2GUeLyr+mFOqeAFDjErSlxMh2IfHJwGJMfHtmLQ0AVdw9LdbSy/hhxhpYYclQnDfYWhSumeIlrlN5nfXR/HF0u7foleGXqUc1z/1KpgYAdw76LN7rH/YTvwvX1/C1JTmlwnv26OxWELvviI4hR+3WOgGAVWGxYs8WE33gPqJq3dw+YvWW/WL17INXGUzHL+cY49r1Q4dQze11yFuV6nmBWUr5RmJoqK4up9cYygC0IsBAiM8k5u4ROSotRIKJyVh9J3Ypne+KdBFILcOyqMhPOW4cyPoKSz3HC6lPrSD5CWIqPBdKY9lWgNBf39kTfirDtqk9bYMrMVnQ9VhWdL6ItPq/BzjjjsH1LOsMdyybSZ6Yi/bfzWc75IRLtVQXKSobpl0hXnMeRUiWDdhG9mag1JikS9cq8x+fqlUALfgGUyTtS/nBHPh58k5zIx0rUS/2ZkgQp/N79MZQUOYaYFOJM26/XJDCv6nONFU9rz0A7WCJ85eRWhOvq7lJMDOg+neUyFzudzBEAIZcZD2GMW6yiQqz1EpKgeTxUCwoPa5FgfyO7dPRtUPGuv9GLJyOAr2O+1iAEb0kmXIkyO9+ov4/2hhalyB0JCFG+fHKQRqA54JO14lXv6POXfl0W/NQpVZlnSTZ05OMIJyXUwvnhD9uRrrtAOcJZxAiRMpWEi0qyL5b2Iq9JaFHzQti/1OppNBWQYgyGn9SaD+4gKkhKGiwceF2QsBnLr6Bs7gGkfBRLqpZCuEQcjeJHwApUjjFSuOM1I+MZHOmqzuB7SFml6kC2EXeoPBdtlY9Vw19Or+jnsMXhS0rwCHwMywD16r9MGMc8jypfFq/Y1x4qC1cLA8HHUQ4bBMeRWDbu7K2Lm9DH6M/6EkxxQEqSmHHRYnfXoaPrwRk6YIYDsYirO8ZD/K2/v4bGZZSDK43mle50jORmFjUHG6X9Mo7gQmLKQoCy6ZHf4G8JTz/Y8vEzznISQhOHLnoq7WS4WWvkWmHoPbQ3SnOg6/IKytQpdKxcgtKfi/4GmdlV6ejuUS2JDvoRYQlYcL7q6oPIUU9kuamT8eA/hAUz8PxQUwTaHY1Oe9S/yNCpSrpw9UHgvG9hlrJwxm8uceuLcdrKL9aMfLcDz57scH1hoSV3qTh20z66YSVRS7o5+3lsXrMT9EHHpQqrcKgz0uVW+uRbkC2oyRMNhIuTP/rJ7qXtGkINQfYBS1DZCN4ApGOXgj0/+kp/pCQ2qvBC6zE/yE0nflzbC2FEsRbz4RGh0ziR7wnMmSLtXhvIqNgTmeCcM3IEOy6aztAqzJRlSm3W6peZF381eeSiUW3ZNE3IOdsW2P7ORXVf4hbQboUxVSrDAVQaPhLerCExdirLBu9OEx5cZJuw7iX0c5zRn9ZDNNW0YEkEVsoOQhyVaYE8X95R9eGlnCzLa6b99AhzVG0Tthn71KJ98eigD1I6yMQU+RL4ItUHygNwusENfxSuV97lhX/3Tt1gllAmbJ3W9CXLWjjdXbMnTGcIKva8aD0If7RG7hXS+a76xrFeb4gnv9TAncckYSwZJWclDnxAd4a3i1MBuSQdjTANa1yoQcxAGcv9Zdf816JU1EYCSGhT19NgcyCGWRHKqSFwN5hvZyR6tF1J/GbjcQ3Nb51cg0ipLtcLd7wWBx2uMT+v+mNA/5Q9cWNC4xF7cyvCfUL9RG0L/hF3j44GxT6pXBAlEAX41To1UovjIr70i33t7bRfwwmQZ8NPP7DspCF0KupXAvuvmWctinIMSHphjT8cJqUmmva2IxYhNisOwNWg3GaFKVkjxOcNNUKGYz6xhWpLSHK3cEnh9vB20RgQy1D3gjlLWpz+VDubzuREt+C9ZBIUQjGFYK6UJkDExUp5+KTrUmq9QzDVzC93bkab0aUegrpj7BO7is5KGBWBEEeC/ROIA4cjtlgivUN5+kk0A/Bk/twxViLYnPhQ2c8h7knXeShxSESbq+BCzqvEefq856XO7Kr43y8tqti9CZfNwLF2/LLB9M38uSe4XKsDSN9NS3Cy0a8EPbotcCBDNhftnA68vHQRLWL94BXNeTCZEbqcNCtsxZ/oPOUS2Pg1/kTqe1xSh7FrQwbwhd805URPhQE76OnJdTunglKRMqqFyyaNtPJgR9lx6oOqB1t2E359lHqwOXdGuhK8f9m+24lPwLcYc/7RD5AUrm7FD3QXzPqd12C8pQJh3OM7rVZHhHSAs9erSbD5wclu+15/0Q3JS71RHMuekrg6X95dlmEa9tp6gFETSvoysXE7smHFXO4m5w7KXPKKr9BKRfLZux6Y/VntvGfzZHaQojJSJ3Zl+43FUhcWnewAZtPzUTfbpS65J6JD0zy5Zt78gbot1KCd8FXP6gHGJTHDamvQb1hFOwa/iuTGoEdgNUqdtiI/gv/z+fQ441eStXDesplWW3QboPpvx5SZGr/o/FUyrj6m92mbcp25eqs4TnSyX9XUvYr8lMUEbu0zfQWsCW+xxt79q12oOLsm2RB1fRwRYWEINIDizZ5zGmN25/ahPyCJMbpWjfEaA8VXFWLEzXi/WECaMAiDWHJKhIIFA6r0WTM4j5Flg8xi/sIloVNzvIxzYdHLe7YHdHzRihWpgQVLgc3IrSaXmK953WdSGfp7TYwHLJj3TAMTX5V0h/kTdhW44TfS/z2BCYlm8vbOy4vw+ch3fvNM+TMBuX52eeKazSDDz5asAXmwEntXEJKshR5eDvrXZlhDqB9O1fjEwz/LXU53R4qFrZwoPJQS7TO9mFyhpLcQ/fZD/STfmll0A6gw/7QV8lMkwpwRvQ8Izp9gIdMNG2J/B++9GZQLx0H93zCqV69kq9C72O0G307Yk7gnpO4ULWz/RrRWcBipjBx5CFJRK9Vc+KdmgsNq9e5WM35q21rw+XHptoDD7nd/VY+u5aybz4O1LSNRb+QYcn27Bern8lKJLqiafZyOIFERhgS8//vuwpy2Z/LQthQ6Fr7ijRQe4clhOIqASGRXWFVoD8NMFqdIxmedF4hgG6WOFes94s/H4RnzdBJcwHgYJQwBR3QPIGTnNEIRW6GzGqK9f4yIBpACAKo1Ze8fhKQqL+FlCsb8y3Ntoa3RHWYu6YI9wwtVLoyHtuzlsxQNfbnZevLxZaFucyvDv4hseGLZd0vbUnx4d8CWsLkEcUZqG+lZQ53rnAbE2h0J711sJeZ0Bn1ZF3v3L14H3tRJQ1r4pzFUi9uvYcrdwSKltXFi0+mBlGn8QFKdwJq9Fa3Wj7UTfY0UCS1Egb7I/NYSM7AFqXRup4nb8BvKKUpAksyMgzgD/3c7t24B/PDxDCgFvPBzfIoChcPFnmKOaaU+Oqsv+s9rqiFl/qOksaFfIHZo7KdBiHP75Cv6VkwXRIsyBo62tNM7lsBKRLdi7uQTPgZu5hVKWGzoN0io/rMHIBIKmUdonTSGOhHI+3S2jsmFo2fbrZFdyfVnwHdhLCZ+PguQEmMPIPPO7ZxXSThXRnX5DFXmZxbIgI18jGU4E3ZnfOx+XQeJPR/XAL9O7zUEBWAYOtiF8UKIb7LLRkKwxtyLcN6OX+LaOc47FgOTmtHfH2rNB1UFDNbN+cgKkkjD1BE/RabQ47Gq6+j7w7+hmaTYm1uZhqBCY22aQ/x0eppqsCtIlVHsbeyy0VlC+vIrHcw8hnTLV4K98RUoZhabmzYx79FVxQsHkOmfL5HgyhHdm+QwdKMJVJJZW8SUu3kPUOZILJ7SNFib8xps34ooDfcjE0Sh6Dk64jf0ks4aoGPVH0AraZb8ks9V/jXAhAlo7WA7q5V+G1Bj0eYYXMp0w1TtfyCJZS+15T/lKunDVla3iugth1rSKTDihYmvvIZc3cmvNmB/QbP53ex38GK1xZr9Ue4J7UidCtkTa5k/Hb4YPXmFtNK5DZm9uFn5bNQCUR1AO/qV/kKWVPUleOF1nNLdq7F6DMyzjmU6hP65uspF7C1i4k3XnPUIl+iwIia5e4nxTLkhOJadje4Ld4vNI9S3ERO5mrxx0F93l6H2tA361zI/ysy/tYrMrTMs7I2ZAv/8ehj43xH6en4KdxOkdcygZXwNqSHyrw+eeMJXTkT5b/VJfKb3kWDtjO7oBjzVgWm8dq0f8EfQl7m4nFRH/M8Feoej35Ebkt9CGUlxecuMZXxPKMVzQtFI+ihgVSnzZ2EbhCvOmqG5jNmBzwJckXjXziEbZP6yrfDDCguT6AbYkH8KZKjC/fXPw49g84SIguWX7RMFIjlJ4p04dx95pXI0RVlxaBtILVDcR7Y7dkGADFCPfwUDVi1xynzP2B7UDlDSv3+I1puiwTRHMBsI/G3GfZFUic+iTItUsK7vM0QAXlRZItuRUae1qD4aqFsHvvkxV/+TYZnaZgCc363BchezZ4E0mahFv3U/dETHwoT1aYCCw6ME6ZRT/hvxs0l8s1tjPgplq0iYlUmGvCB29/KZfGi0nNZD4beLtvI8YxPOIB2XaKVo0YgpGHjw9xV78ZkaTOJzNr89fBIf4w7ZJG4G52L+givHHivdx3SLcUohHAcP6+56KFKMKSa0n7CMJ9EwVgTyHr2is/1kN7V3CLBLB6QGNHgicPbJqx8IJ/GhF1T0G4m/vf4R3Gl8v2VB8l38qbpgjSD+xptuE7o0Qldsqg31D/1N6n15Kv78U+1UTXdkvgn/8zWXjVZRc6Pfgu02yKKN5/I/9ZxD2vF+MicoZQoZFTkxRnCr2RXHCE5jNU9GDAok15j3gHKNlqyt4PhOF8gL4NOjgO9RM3BRu5V2QUKCjyBFHc5n/+1wardkxMHN0ZQlFdx9OYT0t3ZryyUhQZmuqjdO6cAzV9xF+/l0WPQy0wZxc+9axzokZpkGrge3D3exjm54/I8tRPy+VMAz/DNb9fMXmLwKR7yBoxi/XyZaIJfi0KcizHwEbpv5RcyGVJUXvmWOIyTWyF13sflRiyVn0kNRj4+pQcUqoDEdsEQH+D+LqhYejxlmpF0OA5Y61ay7NXt8YFWC2PblervHjWUSoWwbS14vxal86WAeji1HObtXJCS9+seR5yZrxfuxf8mOfTvf+B4p+lgJTwAKULEZjHXlJC8cJh3IwWo2VS8wSZl3h5XnJClkxXZh0hjl2mPXr1yAK95lnJ8FN1+nV9+tYr56grprPkYnGjfEfuVQQGhe7I2acG9dw6oh+MUrYkMyNPhJCfPSvRRrYVJcC6fhFslk9LQf4rvwp8W8Zqo2Frt3UTuYxnM+g0+i7wB2XDcSzyN0KvEVOJ7kCL1JSRS2elxyjxePFzJf51ohvyVgT2im4Scg0yfKbWiZinx4NHRVQqxXO1uyAV298HNA1ze4DT30dLqTT/KCHPgLpImR+7GYze+5ziQKcf5d9LB/vVCqyufSlaKY+doHimNntyZ45awhOin+jkYcwPE3PdSS22hPNYx2VzOJmFRWq+MxUELv0Dubt1eMbtY+/X3jH8c1HUcCh8JD/IgwEauDsgHa+TNpwmsNnyddws/uwcqm/iWNSPQVI7uZ5mF+my4bCmzxYlT982nSL8rJmpUS65AwigdJyJ5t9vw2DoS8Yj2gTOJDV8xCoMxyOF9FLSmI6TJnOnTQx0ALa6jMdOxg7I/6d2cF9F8C+EaDe67aSwoP4TfqRSmNC9+ZcfgNs+Lo7K6HUaNVUUTFqKMsnAaTJuA29EuiU8vfaPB5bSD2HuOHfwzqVrb8aixzxdul2qzY25QYwdwf8IgA7YztLEy4Q3d6smr1WpPzzyWFFMXbV86Qx5r4PU4hTNVVIKSd5rYS0wGewsPt6M6RFpoNkuuRfhTp0YQ8E2cZR5Fy8x06LzABFsLhEUzOC0Jj7wDkJJZAdIJkiPonP3hLRA8iHqa0PNRL1I0GOapLmupNaEfZiX7aNO6bVsQqzp7vKfjTc48LmwfMzdtixlF99WdjV5CCfkRI+8ywX5vZAvCBabAZFpCL6nbMOnC24Y8NpdpCLbuW4YqUz+Pp72wevOpDB4iwP/ypRYZJM5Ov2gGZXS0cGNLcaX/G3z8z6NPYLP0+eHKTixLRfCwpUgWZyKZx/MZXcLL14hu5unXpuxBEn9fMKIqVRKdGXHbJsUG6z/shXcunK8/FngGHze3W5GruSBb+BjOSWzRCl2M2kTjBVJX4lKC3oyvAHQVtdqHK942n0WVc7aPLRG5GIye+O0tMHe2NMozW2xRTd3JxBvA5AETtbzmrlDQGmTYa4OKPFKNhuBh3pH3h7LCElKr9Hf35pRFWVeTE1V5DEzlKn7GXkBqmnB/LMmGfQrhPZ2PCpKSQKc/AUhQrjpIqcLTDAEfmmKHu8rIblDlgkD6Vhhbj2Z/7XXFzuej7G0NlYD9t1MbWBuGBGf6YDZyCWtG6NMDerHXzkjYeAylQiUu5nH8ReQpaIhbIdy0PhX/Jy+ReSnWH0l4EptA/HwKg/4e2XLa/S+yHzvyb2SUqJDT+3ZCkhH1hK7oNnY9X67AHoJXSjo5uQZB+sa1IaIbQqjDqmJ0ArBn1IkLuqfiXx4gJ6Bl6acc8vadE7I5n8YBFved8xMdMlbSYrSBJkxn5kujsDBcy6o5q+5smlZapPBgRHrI2v/OIAbdZZZn7h2VkrzPR4ko0QCJcixBn6hbvIj12uH3+ybdhkBurpmqN+88vfo04tnNMI63WFCMLyV2hwBMfBqV4+CrS6eTKEWoENGi+erC7227v1avfFe8660iVGCIkJZgB1JmO4PRy4/0cEzBlHouZlVzNvr+sVHyENipC+PRU6Q8qD7XiCq907Mdve+OLpqv8LxwBZiE6zHLwUns+63AxYwE2x67wvyXHH6BF0ivGd9V9RJ1v5uLXgjMyb5KM0EwrCdSbbzn+K5iSqjHY828JJqL0E9Rzj+rJjtuAOK0W3IZsQXYmbkHijdzWg/ogKyuw952tE1BRmLD98+DjFhS2lXh+lIpeoGMVGaw5HW80aivSVDmsUInWg2MBH1BfOJO8Hqxer3o+RcXtuq+9q44QeYecVS2pqkDNVk+YQB6k7mir0XtAGGQj3ADOCVblKDPwm1zp+LkAh8RJvD7sxbZlj+ryNhkTHxJOpllH895ZE7+SynMzCO8LRjwKftfL/TFJ+0BNebYH+jZ7AXMFD5N/NIGuOkL5B7jDfHpe3RwtKqT63EDXtY/1qqs2ECthx1ggPe7jjYDeCylomZJKiR9xG0ZYXMLqYK3KRZbcGSFnKTLQfoQP+qMJrNZ7Og8lxy7O+9L4PeloIvKBXrnoXT8Bk2+/BPtRZ6QVcVmPRpwrN4Nozi4d6KeCkbnEpaYiYP5xM+enrz8ZDfmtQOODRg9VA3qK55jm/Gz2htYuzTLOuCzj5HIskLcp6z8z8ezub2r3Gr/T7pSfGNy3dAzq0+hc9uNPFDCc3Ck3QjXjf4OX15Nglhm8cD3DSVH3/NLTJtEDNJDO/oj57VntmsYnlKLcVVXrGdnRY+BrksoLKdcM2Z+cOOnUOK1PRcxA4UGkp2SGiDAfxxeL9dnVRXzGFS24VNfJx4Dw5cg/FtOX9e+YOTbEt8T3ZyTtH9c9nZOgf40YJk54z3XDx5+UFHJwPib6+k5rOxNj9+AG5q96+Gskx0r+yoKf2niecEe4H3TumIHQUa10euhdgF+sGa94Xag3bIO0ala1cOyLAyVEG33/ce10YNeopyWWiZmyleDcxw50AMnTcergqHZSE/obKlDWmKiW8rmfjt82EoWtfFUtJnXCJxzBMrQfnUYdcM2cDp0/St7BW1EqqnwsEcHoy2j4HSpEpeiUkwC7HXfFbCBRLEKUHmIQAyq503e9jAPamzmxE9HhG4mdIsooUHdn+SigxtS2DFQNOAHCu+jJLTlAwi7kJN6GeWlMuRXQqF/5u5LcgfL1zyWgLQ51W6vWo691jLkWoKJEHA2S4PAZlE6M5+qEsWzChMN/ADGzbapS2xBD9JALpRX/iKHq6Fg4XBMwemEIUHWfQvDa5yQUn7mS6wFrKpKbEsR/JkFvHnboahuTTHOPHoyfSnXzDspfJvhZlQrwuw8fSYN9Pry17zXU2QzqmXEHnttEF99C9rFUtcX24bNEJ+GVaIFnnMRhEJBqhHhQXYK1mWuSE8XnxKRZM7ggDx4NjW0Bi687nB+iJ1Bfz1Ai/dLnKTBFxIl1z+HaewdM0kTEgFQPRoPc7L7/jQZUQO+4/uhSOrKdw82cgmdIOpjhmkEAZcovdSz0DEidnmf1c4aZBx47Tk2eELOQQMpOn4FypZhHZwtDFWTpFzscQI9D6i0rJzNS1K4CeYlc3SJZCFwT9kbyXTNe8Z5XUvB1i/cH2lowG0V2BEX+JisKAtWHjhYCa0nfoWXf30V9Yv2Q6Ak3JJqqTbqqfMuj8CiJYB9r+Q+qG6QncnLbEw5+Me7I/BMlfRZt2In+RB/LfLxAmaSV08To9DHfmBR6xIOL89uQOgatPqCM3p3v1E6LWuWOdC0b0p6pBrEkaeFE7RGmAgmUaeKAhMSMyLEj10teReJaR1YygUW0r4KwyLCaa38Tf6shfhlLN5OQ5MBNuXiWeUQzfiQjNcVjwlvou/Cj7nKu1rWj0GVbyC35B62ebLPt929au8aH5Iijh7u/oVavoSVO7Btc/AHh7uOfRaf1k5g/INMc2Xd0++TSNvwjrmZGpZzW9kfUDka1TAAKPJX5cIJ5kRmidPypmBH9ACZOfWpznL1xWjusyuUg0fUp6yss7yMC1IISHXlbVNac2YbOVvwU+ztI2PKHavhtrsiuA0yr+H0MVBTzUP8bGFeIxJ1qo9YigThBeLUzv5tkvUz4pzyQYtaORtPycnLNmmlKESEnmydSYZVKPeAXaF2LvllvEK4PEmpzne6uzsVZYkSxDfnIv6nWpQk3Lr7E5OdU4Sitb5oyBnbF9KBrfFNCp8+30KxNz7Nm6RM6T759B/n2vJLqAL3TQ2ZgsAZbbsM02HinjXiJLU/xWLVdHOIm2oY+tJPJ8RPnvidEFmwH2XozgF7MZXCn/BvhyBHLWOue1+Kgo19suZMcwvPSYVuP7WVf/Qm/8FSja61nTjpQ9eYe+pbejOcz8jQEOM/7RjXMQheoSduPWw+PPH1JEwOzeGPZL5Z+fFH8ItdvrM+T81yVYs7iI3nLW4mk75As1AQe/RpdOPQHmpj47+r5Y9XxFUiHmcoDfXFr0lCRe+4JWOvnANKmwH9LlxreZYOZ0+GI++BDdJj1M2KLKjMhOqlIno8hsLJMXesHWngUld+n03Env36QIIjeMPulShXyEY8Z39TnFssVmfl3viYxo1PtF9VOIRs49JMQ53tX1bZkD5rx4aJwNTmDl+AZRYMDwnCvM0fnfCvdJbjzb8nALOuPmOW5CQ/QHSv0pCwJfmz4NohJDYiLORdTcDTyDtpJz4XOwlF36JEZ+DB23TGi4AuQ0yYAONvl4LIX/cC6sYFYnwYDRYJ13Vri3/JUsdYM5x+qQ5jpmCsFZ/NaG7xy+0fLA/HBrRyoK4PpZy6NMXgMv0Y5i3bgswYNOfdQbnj3farUHGyZpjdzcF4FmwDI65CdhOTn4o6U9zc5I0xafBpcIP0SHHfAXSJJwEUVA6wPF9x2Cq9HBTQkCnFhIGHuMxd6XwL9+Jn/fZqBNAUvHbp7BKva4WL0tvutttZ3Me3gRWXpLf7yF/otxRe7veFjcAFRvQzfbM7Fjb8RIx7OmslLvafC/xTNJyW5KA8h3yG41v2KvOL9cv3KAfXEz7ut6tvSVf/N+EhsOcApoctW5NucS5vRG4TzFPpFAz9mfuLAqw86QzVoZh2Tx9lHdZBLgjw7NTd/FLDscGTTNuD117nSvfCqj/eAXYKDq4b34eBVqZfdLTtrEsCf2n5BIudGS3H33+gLOvKd7+cknrdsLjho8gJXwBv9Z+2i1x8b0Urn7r5/9J1aYh42xSctGoIthleTk4OeNXQmM5yR7pM5Tli9zw/sKkvI8gB2CD2R1A9n4LOo5Lxn5SKuGM7b54tktIdLqFhxz6bfqyliv9qDU6Srmx/z2dhapiiXuPNBwjj8vCzJuKEdCQJfohAdUzCfp0kl6eqJ7SVfSRLLEvVmh9FxoDKfLEMKPp+HblJy1AeWVO6fBweiM5PXgvUq1X0DLY419ihJbIslxvnENDr6AMz4DO52opKlFiwlt+n24fIxkYQ+vhinAnaef55RyQuXP6Qfpa8HhwYBvoyJL4/VCDRWH3itrQCRY8PuM/j5czNoK233vOUoSzGG3Bf1Jrwmq2ZpyKo52i5hH97LfSOoPfcdK+Bv1fQ9B0K6Dpdx7KqV4tcN+88brkl2Cahqzx3irjoQz8jC6Ulh62iJ++UnHU7nLfMYD+GQFHNmb9Trwt+zEucycRQbxFf2TNWhHQ+5TbXSSm2Q2eXxUEIGIMWPiC7ZzusiZrBPSegvvy3J9Ph79nPjCJ8Gf6BHnfm0wW+qP86SABQILNqLRPd38ygMHkt9GgID4fvDnwcqbpk0mq8FS2Jq1Bb9ntI7PhjSPzqOVKrHmzjEWRTpVbnJcMPANpoP4v8Zw9hDhGEgYR45SNQymW+Lv+b4xcBApjuPELwX51DOagClyNUIaJgvyvIVY0KwP7m8eJQzzxkE7LqumFdlzGfP0CIiKib9kekjiCRT4n5mEQ85tsRzH8D6LXg59SA6cd7puHT5s20ZdcGuQfmzHT/rzV/l/7SliqGh4aij/i4A44Huj/+UrM3YHZPq6N3wwCK13CnLl22ESO7lkC0KXjtBcubbSmIDV2sLwCfBE8krpEOyLDNw4rbnqiwx6QC8byqVvkvgaS9spX0Tcw2IUXsFZDb5aIA75LgCLx4ui98uDDDtp88L9hiim0iCGce8ZRneEqJD0Uefv0AP9y4Kk/PyeZbRfGDOtwOV04Dwy5NpFbcuCkUVqAgrht3QFBxhmrR02K6MqeWya2n7/hUjveVhxijdw+p4Ck/knPOT6dLkZUaWbrwF7qQP8opG/XRSa9glA9zm898pyAfgLPQTJMwJfQAS6ht9H4AiaJnEYqntP4uM2MwSy59LmSuUkvtIcpWsHqKQ8e/Bs6NmMgJvKAXI1Rl6SS8Kbz860BnYCVMTByhvQaOB64XkcDH2iZlXdXZAbtqHk/2SZ/ZddQlqysKcCfi9RSdwQRz4vuGFz87pjgpaRWPHz5qxEzzrM8PUmaGnxsxTLid9/fZfrlFJCt9WGUMp7hMGUb07obKLwfHr0Ts9HXmRKAk2IdNl8qu4YuWfqw/nzHBKQ5UgDgxOWA9G8TJVS7u1U53gPByN9Pq0I05j6Lx+Np2Jr7mr+vbNiQsxnvB91TvktIcUgPBnJ8wgIuQJef7f5rzt+2ix7aXDSClHbIaL//6kahqp/zx4XAbH9bdJWKM2PTrSonxCKV0e2vYM47xnmI3/YDD4EPMssJv/Ydu5bIG/vE9SApihPGPthg7KW6ArdlFlo1PFoIFBF1vOkZk9wJRsPpxJW8BIWJqKxmXQ4y002aGA5KscCJE8gifQ/D17VO8fG6S4Z/avIdygPr+g5GHGm9vx6tDEw9vaaS9Pf3l93qzv+SXN8+Pp9LDYq5EtxBOpSpYLHrpKbqHZX4Eb0oE4sn+lfOtVzGbEDQF2lFliTSt3Pdhy2QxUNFylT6WiDtTWpugsmDrsqh/V2n5DermoOBtcuF1dOU+smyeo3PRjekqZRCGlankrUkQe6W/F2PnFfYjjzBSeHbdJ3frCpBnPlgKjv2KsdN1qbjzQySMrD/Mp+vWHbdUa68U6tRjo09IYzGXtKM6lY5dqakCEm1xV45btjs+3CvNvxtMFf56VYDWZuX9pQ7zZbe2Sr9xgY+gdYfXpGxK8sxp95pwehp//pR0jth4d8rYwS0VEHfqXyJEXzr4gQPcihbjDnEyyB2oYmOYEBKJdymzYdrEQFsbqkCqGgamcKLHFfcBOq6osDMX7PPoVvpcC+JQT+r4l5ip/3XfsEvF7fk+mZ3bEnkdpl81NPOYyGfzLQ/8QwhibXZiPdjfaRcXupbg0/CprvMJ4GHnGkhIKV4ZQYxOhRAog77p0jT4VtHpNsFtTIlsX8RbTK0G5Szt6BGJhlL9mjiAfV3oiLBp93nMmLgycSOhFnoATnDKkRMqGvLQgOqUZ/PRlA4mIN1J62nkmbDF6n2vsYa1m+tTHPBgtVVI/TwtsKsyO/qD4ukPNXqe/5K8+vbrxopjxB8OJQIGRe0ttJvUQiHqwfp3nV6GT7tvVh9NSAFlM3M+P49Se2mjVgTiIMIrPSWb1AfiJ/QxJDhp7A6jq0s4FtyI6LFH/bD9wurX6Y5wIH286l3MLGPn2xeaxBjbimlyFlbRFouYXYyV9nX3LCKu5P0OSomdrMYcMjvP3xGYpQ8d3gr2v+YeTnr18+j33fXK31lz5djAipHa94u+43IpJS1ddPxzrHn3Xcfz5FmJOavUDX/j1mizyHSBmeiQVCOykwc+BdrQXycP58XGiEgEubCMiFKkTOpteom6xTf83rxSh7tOsW0Im2dNfngrXYln4/0CGtOJ5YgRAa3lzPIrz+u3IiZeN0fLBfoc9Ht5FHIWqUE7eZ7nUmisuu7s0pzYA/PnIml2kjy2/u1T1EkQsxbY1t8N0XhBpJqgH6xsXyhi+/W41RY5nfrQRUlQ/yu6p4v7y0WXVK3WCPWPOoJK7LWd9qahgBCNv48cwKYEHl0btRmyv6qTrCwMKtXakXRlwN9r0ov4YIWrwQRf/7tOv3JvzQN5hktXJfar1IFuzgWyR19znjBi16zLvAWEnJeqJfsjj/7T35f9Q9e//pHKXolIhy9zVLRWRFFlPpVII7fapxNSNJHuWo1TuIpItWYZblm4ie4jRLetghOyMbIMxppkxZj3nfGeo3u/vf/D54e365XjMmXPO9TrX63pdy/P1HCc6btMAHCpxQFRBqW/GvnFEzIdz8aHxPjTejp8kFhSHc61qQBmNfyLUfBHEP/E7nYWt4Qq308t9FegV8rVwhA5ysHzc/Qv8FTgELZVzdQWYoq3yo0DJwA3D3sgXyISFGh75rX+NUvCjIq2JRqueJC8KS8N7vT3qttV2cL545PMXKpC8oQs4fF0U8yiHUTGZTjmmN4A1vLNS268+N2Yg62ctOJX+xXc7SKndhn1oIMi3Pj/EbgLNFaG3MJaxKLcks4MwhzoU0Ii4SiXpOFcfsWSC4wb7wcmdKLwJRcN/FV9kyQQ6D4/hr+6IxQXLDxJFL94Cm6KWHNpkTFJlJPpxtmRqUFHPZYW7hn8sxloF9H++eP2NGY6/FxPoWjtOOCoSJWIordM4ZQkgzrv5JLZgULn4+/n4RO27k1KovuBJAvApOAJYTKdWvTGWvzavhJxFw53XHVhsS0GMRHnHuQO3AnAFEYnzEwST2UbecDFALUMGiHw0jGPnCFyZ67T4tBw3Xs5D2FGyCBb2l3os0iVW6e26ZpkdTIMzflkjoyxYDR4MntMcNSinaXKwymLQAWdBYn+a1uTKu8AvC2Go/tpsHUQRpKesV3RZITBfTrgZZqbu0TjVYUcDsZBCxu4ACVKuX/xGVb+f57GIp51GpYAJkH9gPIkhrh74gLCbhiUXxam4j7khUZoWwQvUGBbBYNYiZLF96XOmeuhuq/AcxiTg+RmaMFu9WBFmGnqBQ9uvfHcYcOdZnYw/lpUe7Rl/Y39rL3Qv5ibA7tmnaxCLO1yxIJNmAo9rEZnGlq/pD9amvxwEJ4FZc9h1ybZpGMf/ZEjHmBt14BoQUP7l4l7sN6Bvo2WaCafkzjTxJaId9AAziewFe3cI8x4ojUFc3vm1zLBCpf4FCNbhnyipFmSedYbog8T+cmXLjo9MtW5Akf1K0UAwk9e350EIMgRG7HHpcrzAGt5kyTh4etaj1o6ZdQdg5K44BQrpaYnwatfkVYRJP4aIhvBwH/tb9YSU26LJBMrpDWYCFSTmlfaNoOBUZDKh4eOefP9BJnR9Y8WkVK3BzmsOcGkDDbJ5CEYjKVIwWtxElO8jP6z9WYJ06h/znoCOuJPORatNrnWsHoqV9GHn3ozrEiwCjKyz+5o9yjPOXpM4g5yHW9dUFcRc0FtET2jU8j/5jGbyRzKD7MO954ln0KFLqwexDUTIoArs3SwclgO8CZsxcxxJELQkGLbA8yGrU6umwWIcB+UuSYtmLod7DJgvxDx/479KngKfHt4+5rRnxosOcNA+Gcu5dyZ7ooaF+9GCFlxdNVsN6deKokc7bO+JrMTjfG3ifqUq86hCzhA9Mo+m2Gjd0yDclvNa4BvOvikb84gEAvqwAXAZilqEy2/gDGYHcpvEq6hPwZwonB/SKWJPfmOMNSh9V/5pQjdZpSDLW3sRJ90/gxOptVpqNfMhhmRYJFdBdswLwFLepr2d/NCv2oxciZ6sp6su4JrQQaZKcKJ0m+ik1AEpJYNJKSOnfzP5GYHuSDQdY1gXyC5ZCOR/qqxABM6fwi5kBZ5DXiJ9sz+3C76vGSAy2EJT4fzD1vrluARRhkBnDMtDOF0asCkP10SPAsA9RKLhR1byQ5jVVD4kg7LhP9i6fStogEAPinfvmQhYZIG14SJdOGVxOBucRWF+G7O3UgkvosZQo/VAM5fk/lZEWy7dxKABqJhATewiDGKwOFci8snkAwYxHMqnjbI8OhdhsWFWLei/L5bVj5p+X4hhERTG5Hg6zpUuiDMYvBkcKLeomHDM2cV+eH59/DMjpe+zXm0Bdn3ObZ6eUV5WVpKy/uN3vkqcCwiYmfyUsht5OxP5tq7LYIIgK75Yw89Yt5FdkwgwhrGuI1Vpg4iJILaol7/mEd2KaHHqpZeJp5YQ021Dd9uFlQUXMEdg8PZtgpgiUeo1XMmo4P3hJknAfAZSBdEGTlhANqFHC3u4+rA0XZC6UU65WcHVTTtGo7eClEMrVS4h6wOXDQXSPJYF5BCeaay0qFj2eXwvzhM61UHlJ2QI9IPP5T9Rgh8RQWtxTzHl2hvTlxa7SUkZ7UfJRtPERqU4AgxLQiw6Mdux14OjBBco7qCO4Pj74pN8+iaNZhGy6HHYbOz60vvc1R+DyM1iBqEiX0NIDyOG00XbwiZloa7SS72lQsR8+EtPo7Q1R+voZTcVbPOfc5FycYPe2f4rwZcx84Z8ZGiakwUFckqyteBF2nuSKy8RN9F5LzpaiGWb3LxSeSnViOuXoHgsYVpOcFaIgUgC64hmsAuXY/mVjftD7GJBPJ+5EvdXP+pPF27AOSrBbRKE0eAsnMVLxIQgZPgtT2XBxojO84AxiKLRcovVCIbO/nBn8CK7nvj3+6tYH6Q0pirIkr4ZYlXXsYJA1nk4BGyu8DWBPz8SgSIZIc+fl8+ZQZt5GlGHkxDL0PBxbP984bl7siJo7UNjRe2vWg/HSypvnhFH2e7HersM6SYwfm+lHpVSwvCnmtha/G+UsOsPtL8rwR3MC99jIHzySx+zic3wd08jdkcwFcZOSYXwEze8FM6joQ3/rh3ANkHYJYbhEsBLRs4LASwrLngFCn7K4PtXltTKXBpB0sVWGHT+P0FPYVk48CD49+c7O4w9Q0QGDUJ0rmPZHRrwqHPiT1YR7IiHAvQbZVZ/UWVRDP0NTM9DJfMdmjJhKb2CvkoCG5hGcbrDaw2qQXbV2lsiBC72iCuttpHI2rkAnN8fCd4ocYrdu0sjZcvUqheP6VazMzIyWWJXT+mOR6hsvJsk1hzWBZuwI/AZS06XplvsHCPrI176iIxpir8ozAoUuBBXfsbsjtzqWgwbvCnIGkdwh3ACvzKO5PInQIRvmAnWIpOE2Q8g3I1bpGpRQBJVFxkSpNc+8FK/f2NsynO5vB3oribZgzQ5gsD3hJyAz/MDdNP8GARBCKCBJCL1OWLdWBISAT5DEiRl+zp4xIkAIYDoquUzQGPhDdtLuv4dEfzJ8haBS8TtRax1ZbuE7UShnBBvU20FEo2uyT+Y1WjF+Rly5vjSNmI4O7jgAV1rFHnDckTwOGueDf0qIcNEUT/U8D3YijWizYiXKvYyVUobst6grqWVaigi/6IeMzXmmW7R+2M00rTXZ9iryeUUjLt9lXmsu3+z/7hlVdffWzFdRSGNWDFJrBastIFkNrTlflvmgaOnh/SUCVr8IwZtom88h5Hd/FRkgI8aQfwY2EPJ9+mF8+BCQO8QEnJF17KujIE0c3hvuQCRk8+CA5G5GmcuuIDoI4E3QlMNIoBiUJDKtGoIJsHXBVsXwQqP4WAERsWwYUlxsFN+wiwPKnBezmQc9A5Sn61A5ByRv54SxiKtfYWxJw5H0cwKaFzcXeLIr8H/w5Z2n2VV/ECqS3lf47bSC3EqyKGFos/UKeTqHeY2WOp1aMBrJqsZTDs7a3OCmsRG2db6mfGiSNgQ7phoqAYaP2CpeDSqEj7ClYJObfrkui7dKtTUxEFZ/2LcPuP44P2Tb9aoOxnYKyjODuA21gR5m0A7wO8OhaUNzmmuXhrjd9kcDds7NIz5YJdBvQzGGDdvZj/IYpfA61ADgHdcuDeVBgxJUdd0zlzws8SwUQOIXA17N03gaIJroFn+u5JpQZhDxwtzlyUdnqvbVX7FDbIW+DZSSGAVWBBq0Aq8+DfNDIgFhSM2mCBsTwuipspX3YkA107fTZAhYpXFF9faTIIJip8qRqt/rHn4kJ/0c9tA9cAZ9ES7U7Ugp3nDDmzJ+OW4qvnJ/WM5I4BsoVXIV9ZV/38JPWBvq1OUZPBQXF0ZWwwMovCMZ2dLMrwOIM7mSj2oKY1RzbQnjcCai/5IT6NUMrMzQ7b5ZMMxWq7l42z1WlNT4ueB14na/o43n+0+JyXCv3T/bgebwAwV5HBOnS/XJubHIoeDCijn4XHDf0GnwJghDC1cpW40RBzBTBFskxg2vGhgCwXKQVKReWIwEv6ueTlnwMogU8Lq9Q9ZGAGEam1f7sLIgGAv5LUML/kp4qN3p2T56vik759Or/oPvjVwmB9DRb9/u+K5QAv+rM6dtCGqAULnmvNc81mj7MRXLyoT8je+NhCpOpfqKVJ5Pgf1oQmtYEpoGQaCuxZHQnmEhw8RzJqD2gX3vjg7KB+/PXNRsyHDsOmS+lTrh1JZ6RSdbcmatKlTIhDiLkV+75HnWLdkCEfmsXHZjux+D9RUCT9Lv2/Xxpn2ej9XZGxVR/yoCQvg7DYWNcIWgbMfHG9Vifufg3GBCI30XO17TQDsAlC7WJwkbiI/nq63u3k3h3ooI5tyBhEyl6AYiMCJEjCgn10sMsS8kWgqrPrdwAmi4sQSK2EaF8NLHC8cIQjSrJjTtL4CmepLz3BCqQLn4bIftey85Q2lDIgIxIHUgCscVtrtBJB6v8gsS2AfPNIksX8BUIa/bbh9sWcn1wiPXKtuX5ch0Z/m1IP9JrWwGtf0QJtZyIc96RCG/Jue/4EHbzv372rNvRfmDigTLt1vmjV+kGSWyrn4KVWLFCbWZkQyjtANnSj4GlZ7uu/D2jZOVxojo14rjD/xgRHNz7AkplDtuR1s9BCCofttpKEl21h+ZoIorwA/F026yDH8B+mwRLqAVWeYOQy/EUHwVAw0bhkkzFOfvStFcbB9NGoZ+yLU8iPwGxQWnjW8jyPXgjSpGrmopq9CTKDfKG4bOK8bwRkqnPCqlBbiO4TSJTApYX5Q81wjAgBYLJMJlrCtuiI8IvYVzgeh9QJ5wAjijXRDhBAj+CtPY17Ul67Kio6rwda6gLIqOb4HetbwChqAsbOoYRuM29InrLjA00Sqhj8NlOMfkVTX7mYmI92SIWdFvq3pU07v+ivjo5V64y2vTaJxqcdOK5jGP7+wJpsYXtlz/tJs55Uvl8fekVdFisbiDL4hxKU6cZGrsNJa/w93Wl35DngMA0t2CSa2gwsA3AJA+hUA2gfWB6sFYcZNUNg5mq/ThPHwnRMcZRkn68Hm9a88JwMniMu+5hfYTmbMjhnRA/DgHH4hn8AzYaotf+YCtgeUSQgxlLQmWF6J9KBE1Bspajo/gqjV+C+x0BS3X6DlPvq7wVO2wmIeBJd2rAGReHbsqy3sDoYGobAYGK6O0TlGJA1S0WOibZU5CPe5CQ78uGmB8DJUfH/Ax/hQ02erLlwNuGw61HaT/xdJQSNFpXZ9h32jKC8qSC5T6pQ4SwmkpYRt9jwQFyoezZ0kfIjmFcUtYL439Tf3dR354rKRXsZXX540VKHrAClpzktUBp94AIld1kPgNx3wQl6P4Ufiqa84w6Uyc+uCewh0gbZMvrDznkrax6tePF798leDEa9+Z2dvHu8G5eavHYd9xdHdaCGw6qWJSEK/qReVXrgAtFcfeJ73k5oVY6AJPfb9WzCjyCrT6P4C7CbknlFoYRQuXaowwPGtBL1Cyl4Jqs1iUDkgbXIf6L3z6BmRnWsqlO/GbV6/zrzh9dGeT9fts7yGYfeZ5w8tT11t+SS9ZyNX6Vt0hmjdmrRvOJePkMTGsTwOHuM5hAwCnGrgfTZfsK5y5lOutsMtRD9pYQRL8c1mVLg9WVo3pEmea1Vbd63uS4faeh6aVwLge8ecSnDVIblmMyYkjxbntEqbq1dK5vnOYOdmynxI8ZX2kLudyYJ0UsZwU6nyjMmS31nnwWHhOW2CcfyymZJPau1aPsXj/8gpzBlLQR6a3ORzEXvfg1eyiBpsXpsuGaQCLu1DJBiwwLo0pilnDC+ugi/27D0o5R6Hv7djQ+PjCYPvR681p2oqlvpHinZlSRYsTlEBlnmLngLxH43Ft2Z9ARi+XJikMt890H8St9GhUTZ8ARxi4CgcNzj/eJUd0xsBngJkyJyD3OYhfUSQZykIdPA61wqL0I3bBGv+AA7AI85IMTiAm0cFiL6ACMgU0mezFx6gbngvFT0MbEW2IdBZFtCA+ymq0/tgjWUxWSWE3LBPYek4KCSy5BMVaXaBYUfYTiDV4McplsrgJtMOCyJ2fpleNNZLNMgPfixlhozOYX3/HHxnMo76DhVEswLa4Z1+tDjcx1fiBltASwPvJm3W67ojcKQx4o+07Hgornztb/7v928lr76k90hTauuzHAPDTWO5L+LGuzUKJkopE78r3D64dmHSw8GeNDTaiWYbSweZ9hVfRjdip6i207agOHJbZJwgH5ynvxj8lWcJV3/sBg67J4r7UOy4rCNLFYwKsh0pWroCH3afJLVvEinGDRAL/0IYQHVNO6Jmx0vlYLiJ8FsPYQNmixUqVwbZ9XicuCIEHKIBD0LnaE30Ixyi4cJe2FrvZxG7X9Rtl9GqTqNxfSZ2TCH4N6exv40/K5SoFzDcPW5pLJYAgnhqGYrgdmNJhvqeF87iYjmidCod4Dba8ZmVM8DvC4GQxuHOnTOKHDPplLEnq4PW6VjtqNolejOHf+nY1uimELJXit4zs01nU9NDjdWiTM+93YXOrFeo22IgudpLlNyV0FHCL/wSQ30DeGIUR6lT0fkvuieNoe2IO7t7CbWSSRYD+CeuTSU4/6Q+0gmsCY6ZOWpABpcrWgSyV2NSK3zN2RF/KtkYx5wnuOLioWB1pG05OSqkuC3nW8fjaFx7Wa9OjxphBYdHXMDV6OyH1eE9OXUam66O8qC8HxjnlMvweYEU6UZvdAm53nF8BSe3UveRsBM2XaEz8APCUe7mwbr5PlKnR3DURbAXSfnyAJYDvdwa34FxyBE9Ezhfy//EqvXfn+7LgF+KPJF/bPwkrtRzTkG9TlNqqAiVtTZFh/h4PUHIsn1cWq9nn5D5q9ZVVEpMDFWnW8HGi/NbiBEvdoNcDum9CtaOPyK2SFhCvvLjMcs1ZxWnFPF0RsUQrfC9EBFb31km7B9ZP9DaKVyuPv91bMkvGgFU4Q7BIIRg4EQ4C5wl0j1+zBBkCsAr0SsEq1Qh3yM1nE6koxlZdMQHzf9CRMWrqOT/F62ePH9l154jKYPNIz7F1cTCLUsED9JeGxXu2dsK5EqfSG1aexGxRs+DCzS6WUJX1ZvYyfCY4harZuqrwTjpdemTFwMu09++3/txPfkDY69cMtuO8fX6tWHj+v7Vs2zHLKmoUuEsSBd1kCxBDQ2arLOf0NjYB8/DGRJ8SbjAULgg82AGkTMUlrOoAfHuLGeP20CHfwnjhHMbBrDUdrB4hUe6Qlg8aEWEFDrPcLUMuOb/a1b8alpATl7cz9sU84/G+Mvpr7MSj8wgMqAIr4yVVQ5bgktBETqxvrB/X+jSoy7Do77H2cxwg+c1zywV2c1wkkZNIP/TxrQXoQ+Db5jm6vxRJ/p94oLGASs4QORFpbtpnbaXXKKksjjlDD76lsoB2gItUfuw0jcAuWz3PcNSZNrWgTdpiVoUJXWmHSW2E9M31+ZD1Zx6S5vG5Q2wHqAeSB4WhmNChHmR3LUNGHNM5Jm37VulUliNYFfrSkQi+OzKEV4yMkANimIBXHPmH8tVBWYtz4RwYYWiXiAkZb4aQvw8lmpC61OPWACrkEMu+xFruPhHr1VC/y6FJz9uSpcIreJkl/f40kinTjZgk2WfAX7JD9X4V9q0wrL9E0ZdwSxOdQdxN38gp+rg1BhcdqBiXsgSedsimfkX5Nkeu738OTwWtmXMeTVWVXSrYsO07h6Gwo5P9Y8PdWvUij8qD3+iu2Q5lSjjpHSG9kZlo9kt0VLdkzu0prtJQYMF7nm1i93h51fn4pvC9EjGlrUJbWK3tEyUaJbwzOcelI8TOWR2BaRpcXIZwHMAtq4tYpPd+ScNrg/fDtBMwXEjgAjcc008MJqGcq5P0lTXWLFaxzc/Xro00ZoPaYfshdWRg9Ri+zSvliyB/niFTD75HXRJOyWJXrjNNWEF7q1hC9v8EiH/FZtj+QE8qNEbJU/q9p2XRRgFoo2pJvDnYV1s1WG1igKJzjROhfc0X7cJRnerGhmv+u0Ie8e63I/7C4qv0Cjh+j4oyS3hD8ZsM6suo+vChIinmbowI6ksrzowDkBNh8ThGDX2uhOEQevuYYAtUHtO6v7uXHzcKh8Cvgck5YDkyJ2FExzqMi+iwOlRu0SDTv0gccih7faMteJXzt+kVeyg6aE1EGvaYe43jrDYvKtJpBXoq6yzuHvavxW3Ip0P6AQ6dQFVBc7A1wko7RL2qs9mjRa+XX1UIND+rMFT81bcFTeHZd0r8505rDsqRTE/eIGniOhU0NX1L7zLhryFFpTBhA3U2+sj2jhtr6di5NSWEf3BxN507BYy69QWrhubxp+VMrJZVRtnuUe+cqfoVlldgrEJ9qyoE+O9W7uE0YTCiaYZ7LGHHeC6mU/X24x3nZMiYGiJ6sp8ZEiJVXEZvdT8gZyDRAL0a2DXYZutRM4C9oJ9K3uZBCgRsvHdXP02+pPRn8BsDkXWd2vSCpm1YbZgffO9rrVRJjAD2gvblpeyvQDVBuJyMe2H4DW26CQ5xYPx4A5A3jJP/ifh8UWWx4ggNSkn7hPyYMiHfPFvYb/lNS2gvjxeQPvZDUCuQmoMX2QQIhNqwVRaGw0Wx06PvNWU9FV8xQqPehcDaZAQ/VrEaeSTzNk6GfjU5G79P+quTxykifxB3JO6GDCz95NPZNj6u2MGkbU6TXWAfueSFqLKrpbpC/xold5eVZdpMaswKLuJF83zM6/38UDGjkvofX+vuByOkvIZFXLhGwWTHx28QYheDTpyrw6rmiwwh+fj0dtMNllm7BbxSWd7ROtELKPTlhhWPwhqpwwtOaRnSa0AS+FnxWJouJgXPqLtK9BboryIl7OA/Su2NOZkzAhu5+MFVDU4Qk2uAinwNv0BForc8ZbXt4DWlRrBHTA8tr0OM4oL8HuA6kXuLtwiyG4cjQW01ytw3xx/C2AZ1AaEzjOHhy48LIwT0VBlO6773Wtq4dtip/+Ym9MfeyR9SPdufZLpC3OftW80TLFjTr2/iC3NUpEa7BK5qhdNb7p2Bn/tN73O+LUTsYX8SeWN0wM6pIeW8jsMQqfebEOY6vGEuOt0ouJUj5y3FhTovtuAMLOZubLrCWlBFjxNaOKj16MVi6SWae7Wi5Ay2Yxdz8w2XOY78N1H0XARUW4FlZMIOomL3HiygHJsshDSn3T9JLYbr4mdalP+UX02kx2Augutd9zeZOmH9AhMxJKsZo4dEB6MAD7IJBQLdxELFpOjJ4mddY2r2mKflGZlKJa/M7yhFDymz1Ll1Guw165jH8I9uKwmuWXsboys18x0RunCdcZYe/1syoTo2j7OclPN6V/LMQJ3JKJqhhvf/g4KEzPf0ZFD5HoiixP2UztHUyas+YnfgG7cZHTjGzAVN9KbMvBynvBSqlh02SV40MJ/kaLiDT6lNPtnsr04F6eupxxf518wT0AW7gnLxYsrDKv45eCIHLUbqQ4R+ULcDqqB/xhEaj0Dlo6K2exNHC90UBcOX6N1A7oQtG5y3Cu/vLuA3S+sAsw/oF2hkfZE7pSaUDM9hrsBCtYWYXmk6R+VixhBHtxx11dYXYKn2fUf/kwDeXdmgaOhsHPCouvV+T7k4JJ0La67saigUrtXJihstVXkGMtMZGKtf7p74F2KuInxGV2pjT7cV2K17qa0lIl+7cVx+3cXH4rzT8I71E1ZDbYDWsELxKUayOnRK3ErDOyJLIXVv/Iajz65fS91Eud9PuANyNM1LAHSlEubvXo5dhhTXp79jDCRN9TiYH0s2Hk1QsqwzjXMncIdLRYC5R2OKTVac7e45Xo+cWpAmTm2rpET1i8CXEpVZx7D2SuQW2DZogZbhENAeaCZXbsV9WfKlLXABatw/3ZM3y0sjQ1ugNbfP88foWIheIj6w2dWA4dHtX2L3SPfaTgPH8UXCaGLwAH4dLQuki9veIVYMZdXrie5kB9h8hYO2x1KVrglQe9G+uEWPql22GRKx1TEeV1I1Oqjwx+lFTKOYcMHNIcUfn8pqagyEbmufN+DpwQDqd8neiZAB3iPX7Otrm1IPD8g8TszmJE2juV/1ccveqTaUUZ8zdWvJW95Rb//GV753RQhw5aPW65imTBS/l7EHYooUaTwqS+bDTQaUKpKxodmxIt1p7H/+UGNQvfMkM/FP0h3S9g8LxDZ+1/05Sl+0o0jCf+9Ef7zeiGFqDlIqyAiu8OjF1BJTGhoiD3k7z0nXXxltHnj+3PrzPlfu4nE/aLoNg+Hk22WyqHfRLOP9+Xe/qhrFXr6WVV4d5W7KemixTEp/3QVdJNKAWMCdzOen5ggfMlTkf5PcofKO3QzjTIEK8JKzaGa0mNkYXc21UuIwfhksw+2zXnDdo1++35zA9pM48Vj+ntHfiW59WUXfd+KWtWURbdrOqvnVrq5QhGuFXitBJCiWcZZ+1KTZGXUKBUn/de+ny2GmuovRuZ2wuXlp+72V7rYz7ZrX5A3HSn3GVebk14BCCMLbDs7XUIw848Xq5VeiEhuE7vdspW8KKZ3fmjxqVYTRSz65Nq7kk6h7uSOojfEqg9xRpFi41Z+bUaDNJND1R9jNoa6rZ5rbXupSR6/wD0o+ZfxiCbvlgr4RwlefkCk+XR6QZuaXIm6epbUROjRHsWSaF/6/772v6/93/ra0lU8qvaTVIKI6SZ+wJaxTQx00XeYXTxSfy5gHktxZ69JrDqIRMjOxRr5wDLyi04Hcwk0NvXQOXiWaOBhEtwfZUGiJm548fgFdH4LmW/Oe71M+PjfEPxWABNkDdeQLjUFkfv3tGZHY05wmtQ33tRk5v0ozf9HJnyCLvFrmnqa/HmCU1e674OMA39OYasNWgE0L3HlhzJWxITu4XbqxeqXdTpn6x757jmy2r38gO7HUGWmbqIeQ5bkmabsJOJ+uznciFZXhK2COoq82yrjhEmLePR9pyTY84YeOBOmfVLfGHv/YeR8zh2cl5qil7qzIFQJC/meq5MgyGfMl8SDO5/cwsxctHwRA/VQ/KKynDqy2gSLVaeUErPxEK/+aQucLjW4ibIheG7doeJftxEmgNxPmaPWLuBRzQHU4nH5v1MzLA2Pn166WEHUTYjSTTzEi4WOA/498vh5KZU9vDCjW8alWotvVZqbQ+aW9Ju6NEkXXASZ5MrDQt8+C24p7v6X7xMj5mq5AcuREJK13rR9q5DCHRo776FWAqS8EtwyfeOXjs6ctN93894OIUiFn4l+1FD/9mNoOoJNOTn0Wdvyy73QO5dCn5Wszj17Ni44cKTdWC8saTG1PLjXr/sfYM6SHlNSeTsPvtmYC7QYu54hmy8cUdGcgxYDcdRSSklt8hXoPPgyOqX9nB1TRWu6DM6vhv84Ntb0W6m1z/HkvpL0MqSgPdBQyyUNwk9zODC/dmt3wEiRH5VpMxQ5mxTI+KiOahohTTpGldZikbb6tis86uDHPi+XwonkIseKVKIKSNdhHNTqgqvLB8ySNRnmS/cWbbhQCieYrgJqSWntpuBcGY6EyCQMPWE3gcAisVqw/HaDw6p+lbMl5XLdWqzpAAejqGpCS43C7SlL2EXJpXwQ7JuuSdMKVCRGMqsofCNOLC4pPClmiVjW7jgouFJxYiahi0pqo8YCnOSAV3K3EYdk1n2XNoPYCoWAkFoAZwlPekxn2FTiz2HL2l+lVeoQyHTP4WCLhakzqsvPW/IVrtamMlMGyGyX/D73Hw/VFlmKFLgvdQmvVKMQnBACYEKw/BaiQO0zy2prOU0nfZxqZjCgH+q1tzrc4ea7Ny621QQ4JkZPLHjd0zCxXXned4LnDSgktTk26TjV3NFfeajrLm8gP/eSRG3BleanZkoWeboM3uSy2qdX1JbTIkweMEnDUgnUWBy1nSg2gsLu7HzKkAPlwQj9BzDyAXkdYXOQVyjd+mpRXxsbCwcA1Gl0ZTeiu1hqePGW12RAtAEZk42tZ3lIw/pS9AqvmIAb8IGwJAmmCVQGW4Mlic0hmYHRjjl3BsGT1xU9i5DB7bMD4IJ5P7hg0BZ8+t4NxBmJ39Bm3w8OLosv7jZSyRqDOWjfjSEgGyq79wKA4EHckRsx9dRC93FWX0f9MEZFJQTkQFOsRCK2RJ0NUVgVRGIIyIMoAELHIhRwqYvzIriESDxv3ZTDhxeIJmahdeG/TTaZR8PGRUCBfA0WhdPlujm8AxhuowCxhRF0JUq3HJvEC86Bart5ivo4FSevNkIbk2MBkBWGCCnUUqJfB4EO4fUtDNl4JEWGlDJrb+rocqWL+sXv3gjhAujoauM+l+D7eroqgXkuDz49nXc5+B7OhdKXz9JPwHGJan+o6t4z9PJ0ybbRa+ogzOrLdRMuIEsf8y+7j/eEIR3m5q+zXmddRq7aulyZ02ofLBy4vQ+cQ9rO0Q9pfeUvhtgxNLag32U7kWwavaNsEEfXAMH3jGFflxtdakfQt9tx8QlJ8VzzkiVXX9tWLNNjek9AUtKfIfdx7zgyTwuvdBcx1Jz0mvLBwrKP2p5zO0F9Lc3bCa8LS6eJpvg20+BsG94R/QNTBK6OV+zHNvMjQA2xlx/x+WrebH9AgmaqUy+uz9Yx+SjzBS416dVhs/artgyPLGeXLKPufOh1agIdAyVXnnV0yX6NHfVwhU+N5331njfAv+rQJBNdDxSeS7kf9CfMZXVv+f07IP1K4gQ8pAyhS2cg+wrZJce/9AoizAYHCK8iqZilkciWmigKRO71cuPWUHkcFYkWM62YoGb01iWDZ5akS0P+SSA+feDpc25JyYXEiKmk+MVANHQZjH3cluyyi2MFZr4nnQ+y9RtqNIMc1rZbuPUQU+Or7NUI+W+IvLlCbrLazdHD0i3hXPnHhtHj3VVD2o5z1EO3fG9kwgv5PVM3AlyUodGr4FfizZ2M7KQzRj3EvfMBW7G9I+W0C2Di8RJpeaYfJktdBq+lOsuq5ebBeySSdNpP0jPg09cJmezShfLnidzqDa9T+3Nx+qo+ldZpNmdxrK9opo5N88fbe15KMXXWByo15PhUuH/sITp3zn8+DY3YvMU30NtMuTWF8D+4lhPT5wQa5+LO9zP2Gr2rdp/IgtXDXFS056gdpg7qCRiB0UHUAhzHTVx01Wr4/O9rciVsxMvv5rTHkOT8HLFUH/uIwSAdSCnYY3uNkRmZl8iZDXbsK/LlX7WYKnza7+VHHGCM8O0CdEkx3Ez4D2lMjWEhYTgXN+fRq0QmOLrrqSwpki3JT5h93GTbLwbeUf1gP/iHNClk4qORV6wrOZrZB2fGe3+NmY1RSdXpRZMLmX6E8I4dPKllKfTCBTj6KbqPvEdKkSVePTW6knjn3K3nZ4aqriPuAqkhGZP+giogvz8nK4l6hXYmycm9tsyKXaom3bst51ygIjiIxC25mGNybesO2dUhV39fM0cguw01kAvJjjqrZ1kfqwhFASosr8ma2mQCGQq5Y6TKoqs16dZOcOXkyDzUJUtedxzSMZCU020KtwHLrij/yFR+Yi/xiM48sJRWD7va3aQcZW1dQg9N5qvkxEOJv+Tq6g7mv3A3rFX2CQ78Gp4fv0Qc2qVESuuCA5NTmIulxUg5YrFnHnflnC4pAgpflkSINOo1AN6R4BFq+uZtbyM15zqgRxDrtX77MyIqBOR/JqIgw9KuOctVuN8728c1Pt7Y+4C4pfnE4O5K1296vH3F7c5D8HvKjRTCbKBf8ocoLPEL4TV1lBkMIC5Z7ow/wEJGLz8Q2vz1Yy7w9n1emrc68/5gm9D6tFXd9bE9aKZf77PFd0AvNl9O94LGvXLHtvzSBO/hIG1eL4psWdJVHlAs8MYu784QuU6C8b15uQx2qWkeYN7ofVag7POa4EKE6+FMm9tDBgOCd91mG1O7rJjJlcu86HwZ3WrHNtsvZW8sGAPzQ4LPD6u6J6sI3nS0jWpXBfJeIM3//InEMHdh+iJsVKsSem4bJUPYYuRWNgMsDKvD7Tqo0oCjrzGKq9P5LQWhJHJitOr3vSY9OehU/ftNt0ZvewmwcbGZp8u14EJt1bRa4AQ513VQoeytMsjRQnqwvU+r7/8DFwwOvE5SJRNea/kFzO6Qzplu5UpvJHuUfKm8iVwXSBF50sGwbPm0GFWBTer4TNyp9X5+1kLwyu2fmrjrJebjBMZKLZD2Y37mJrd+w+LKXRr/FSguFPKdmhklVZ9/Ya++Vv+e7LIegQ10C/4R3PoGktR6HRl4LSfBs1wWQjXz78D8nqfYcqQNMZRctfq3TWyrB24WpF1xIYW8wrFXTlyxHMIhbSglIKEc+wX2IXu2ESglnAG5Hr9uwisFr0gqek/ZNw2w5YQFwxI6K2lrPITeNuHqQC2xsdMqoGZjNXWnZZl+ST2nlz1bitBvKZQ+Kcftf8KVT1RI1ahMczVL+6oOReI1m6zBhLPu45ctBXZ+drte+CD66Xlw/GUmQ7mvpHzShtJF+CC4IbfE/E/pwvvCMK64U7cHNo3kSq9cqEyZ8GdiSOPUK6cerPOFZP+vF4Vh3OOOjKWrN3qwHyZnglqY+QcCrlQvaqk3KWTCarGDn/PS5qK5sWrekmW4LZnwZ2UTklkBxr2lZDAL6yl8ckxSzx5H5iWwB3szwysXipdlqqjr6qHvGf7nqXMB/Btt2j8ksAjOxz0H1m36/VioiKhwKP938L+D/7sHD1C7vuusGn06/vRRlYSI4O/sKYuTBSeuPfx/UEsHCJQUKlRGugkAuEkLAFBLAwQUAAgICAC8oWlWAAAAAAAAAAAAAAAANQAAAHJlc291cmNlcy82NTJlZjBkYTFkN2Y1MmM3YmU2ZjIyNzczYTIzNDRiNzI2MDEzOWM5LmpzxX0LW9u40vBfCT79OPap4s2FcAnr8lBKC7vQdgul21LeVHEU4uLYqa0EaMh//2Yk+W6TtNvzvtslcWRdR3OVRiM9ZO7QvGX9CbVvDkZT72bi0vvbwLke8d6Azawl7x8eLq8MczINR/rl5dZOc/uKzNs7jU53OPVs7viezggnnjHXpiGrhTxwbK7teuZA52T+yU+yGfOA8Wng1aYLcsNL0oeLhbE7o0EtsDx9q7WzYexGmWo0akXl5TXHq7G9N/2vzObmgA0dj70N/AkL+L3IOp9Rd8q6HmHedMwC2ndZd61BbN8bOtfT+DeMk6vnhdFll/zKgiKLuF0fKzPm2CvPUq3dsPtQZ8auM9RVyjXjb269qP2z+3Hfd0NZKrAey4PV8PV1PbACc+i4nAW6HgOGx6MtreIFC+3AmXA/EH00k4EuDMMgnpgzk04m7r3ukcBYqMq8ZHQutD8fQgXYU241d/nvNLiGajwemi7zrvlolz99Go3fm7rumhXnAGDtpX9054td/v9ae74Ci+4ZZK1hmNDAIbVH2ZGpCYViBnS3u2SEYelMOwwASJYVhW4Y3VSfKjpUjUrLoO8B9HEQEYBT6GNL9AFMQdhZFjNkHoCUACkJCLXShLQs73xB/Dwe4gQGVmM3+N2PJi2ASfMs/zK4Itx0vAG7ewPVGs+sxsODTi+9K4vBh7GrekwXou3VMNpfitE/2CFV3STwuc/vJwyfRJXH4WGM06ZNXUBXYAFALskIFvEIsGsOkJEdMMrZge9xdsf1+cIgYQrCcggc8gG3ijI5QC0Wj4DBoAHP0qIymmVhp/whsBsGiNJ1dReqBXARhmS2INOS+gEOpu2PJ76HxBEDOureocuQanTHBPDNnAELIobFFwRKjhx3EDDPWJCxpY0Hd+fQA40MrLnjuYCeB/6AdTUbPjXgYEDiLOgW+5DUU9V8YL4M6DU+EjGixYJMkBP5wS0NBu/YMEUiKT6YHhrgJDNVDwE1memD5HA86ooEBxImFHrAX9MxA0ghQVxqSXGNJMPT0kXhZ1JQuzIAEEjJ0D9Khtb4UtOgE55NAYZEMzUj+jUxrh4expcT+ByITz8avLeXH/6QiLkM2BDBPjUQCPOkb10POVNZoaQI0n0ipYZpKMWsEUAEPJ5HUEIq01BOetcp3Hp4oBF5eYpoiGt57La2HwT0XveNXfeycWVNBDOwgRHsRozbQVnIjRENU+Qo6YUTB+nFvnSuLA4fxq6dmSCLEftyfGUV+7PHupS4l80ry44bCq3Wbvi7vxsCMbuXIYhK+KjArUjwACsjbkymj2QCZJ+YAydE7QPn3NJOX/x9kM6tLchmp7O5TPEIgEiJ0j+Am9OpW6ZsfKQFbQPmCZ62NjcNQGRPb7eaTYCX74W85hYYC/Y5NfO2Po+IrctQy+DQYUARYy4r8DI8QvZBbxDBhk7Z2Dd0XTesZ/p8zDgdUE67QFXqkQwDqO+UclAPIDn1i9AwZICozJQPUcPnDgeVBsk0+Um4b0MSfALKkksGvBMAVcUZ3AJjAkbHjESyOXo0NGZFA1GwMXRXiBIpxkCO8VHg39YQl33T2dS1F74d1a7FPUhJzVCXpMAk9BOY8AwovGj4/sKC7lQNhZoDMucCItwU32SghDc01kWRH/8iIFNv/WAAtG9Gj8QZ02sYv1B+dGbBGDDBAArx5OPCENJnCkiz2Wg2kFcB+jQ2AKUG8LSxubODjMvTm83WdpZdKCDOgWbHFFj7DYxR9tUj4bR/QvvMBUJ0wtcAWBwoqxrmxPwEzMsFkCD1dGFOpuYnQwcuitSO7dU9Ouv1sBGN+HulL+p1D9rRuhUvJwGbaQZgEjI/ur6e74M2cGZauheFemBMLo4JaJka5MfLR4VBjRMw71ulehuZlaaDwkjuy9WXlMJIrh/VcMjIKmgsWd5LDos5ynQa8sZSPMx6pgyavjReVjZaSEScsfHyVdQJNcaKvSfkAyh+HKSGYYwi0YCq1BtUqQgXyiCQ7LWRFAIpcA0cwjisyh8TLrmN2pzB9z0WSpD8JoXkgD6OPw0BxxHNoNfV6KzBdD+GCrWBb09DOg2mYX3M6+41KAw0cGhdYgji/8A8NvS5M+hqfASVmlAiNFUtfmBCJftQQJCYRsYsDJHMkTmFNcjFwhrkcK5Fi1qGZWjnI1bbf3e8XxON1QBmNWgCuySKqm5qwBcIL1LJkNzqX5UKOY+JPJ9rgPRc2fkIlCUdk30CdjyocT8aA8Nn7GNUEDsLdKS9jSpCTYZ4j/TW+/neCqbyoz3FQlEvkfsB41FsEG11IyWLXkeyKCU9HxUJNyTBRRbDUiIlE71VLP0tsu92o2OQE3jqbANvP8CHZhOUhDt42t5ow9M5Zmvg214FP3r+OEs5W8pSjldkKZ8KLKX3T1mK0oH2rfnUC5jLKExYolHNQ4czpXCQGQtCSDyNBfYiVrhWwRhVPDSThi5kkqLSJSjEmesK3IEEJEnKayP277DWB/0jBP22Rr1aUjUiV001qclRh92y4ZSjvNbXiNBcuSl6gdYT9MkJa/B/thVhB1Ap84FXJG0savN0G4uoO2DQgHXhjakD5QCP/vvwTpr6L0A8qfy/CfMfATSp3Y4ce4TFPL/m+t41dJ8ChGfMva8l/cWJWCTC7CgWZmBf718yMzcBZp96HguqjCIQovoS6XyWlrafstL5eVY6P0dBe1yVP5bOBjJvluaXp3oGGF0mNDrieweuY98g5f8UErmQMeQKfc6m1yBC+c8ikl+zR8y+ESmy3iLW5MaQaf4EVelK7CnVnXMwKGRafezY+AqjjtSG7PhqYQy5GmrdtUjl1XJwQBEIqS+hlumkzv36AIVnhghILWRMtDEvdHBRy2LBwkBcj3HkhZ7SvcoZjRS5SGIHQpp0lZXlLRZoEr5F8wN0hok7BT3geNClIvnEvN4HlBxSxx3SUApzUCzoDIQlG7IgiDmQaNoXhe7MPwwdDAY1DNDREvzquqQC87q2avEPX5R21Aq2u+d29dCyDTmJIKgHQJbWM2Y6AzBYQxPpH9o4HhhyiSCs1FLzBktkdjFyYN7I6uFD9ey5YA6gp7ogtmvis16/pYGHjHJMAwBTve9z7o/r9fEA9J3AB3DK7FoRIWXjpQh9RFI81SubvVWML9Ul7k9Ef4o9OCVZIrQlV0Z24oD6x0cxPeHihq/boHSPmZHV3t5nMG2R8FeA5bl5aCRqHFfstbCQ94IsQ1Zhvidtfv+hNgfXrNCkFk6o9yNTD5UQTdRVE5/1esig1QEN7lHY/wC3EXVJSFcwQyUdkT2o9rs5+QfcIweSCx2IK+TvJ8hGBvugCBNgUGNcahmcZF6srmSkKjQpfwHfJRxRLLLEckC+7rMadEmKaMHWqDDJaqAU1/qMAWeEmoHtiaoTIODP1bm+xp0xdEiUOofHLq5QYSf1Jmv/hxkm94/P3pyJlVEdTTnJcLFnoswizS/fZcD3/F5g1Y9DqX//HuTf6lDq3wOUlGW3AoBQuFYDiMnxQZ0iY2Z8T1ZHD5IFxCPqRJGIkHRsfzwGFThVy1LySIMw083n9yWwDBkui9osAadcdgZQAuQeQzUC+uxAAT2BqkTtLltf5wU+cUF+gKy6mkYkBnSLuxXvyLwAWCiAU3aS6qLqzWIuK4JJJGtNac1+sDQHWM7hwOG9Tztntxp5WWGufnvcXH211Fz9uKK5+kfBXH35j83VGGf/Su2FpZHMW1icUCtWxeV+TWpHJRBdMV5Fm46Bgfs30bZlYPzewD3CywA3IYOreLF7zQIU+GYktYCS/g36YOTLfkxXnK4o3qI3QKO/1OIua1eVaxlaOLvWlpoVr9Jmwh9Zs+Jb1qz4hmbFx6r8abNi6LhuV7OnAe7THfiuD4xrxNBxpKu1Ghq5dQZ8JB9nDrt97t91tUatUdvA/zVSFJ0fcJFJLuONnMGAeRoQeDBlFavF11WMHVUPZOygwrQ3zE6t2TS33Hq71jab9U2zjX/iuf2tYXbqDcxhtvCbN81mDb7dtrkDOXbwPfzeqMk8TR5l/l4b11s7+LxlNt3mtrlRh49ODWvGFjClhh8jbGwGH63vWlbv+VufM6DE94H7mKzQKAxkhPuNMMGgjzGAba/vUlzED0DUa56v1GaYPh8ozEPxUcpQsTW0ld/ilkUBaH8JWBahnOO0JXWVWTmx4YLsFTMLEaVQRTBYtGgO5QtHLrhqak3/T0vj9Lr3/YJ91Qhj4tc7dj11adALX44Bc7hM/ODw0YE/9Xhv1Lo50hLC95ie2lFB01BoRcBGIPNjAkkYggraRfT8k3h7yOcZKgNla6VKnqn9TDmaQPY17H39e8o1QuXP3l+vLu5SPfahx5jrMVRI7daXo32VopObQmxHfJw4IX/cTqW4MhI6A1TAoATMa4iWiHaOXdXKjIipW6oUBwz38wcDUKXqdc/3cH9fmRcuG4IZFI5RC2Zgek10HXUNadSn9sUWwN4KzbkONHfD7nFy40ZpCXp7jJRXKv4TM+XC1KQkbG92ewcGkc0qZKTDHheSIVsqJaclWUrF5JgV5KTNfp2gHLBkV3p1Gzdt5rz0fc4CRIt3/i3RcL83Z9DKCV5udNq+W2Jp+mypiAtZWmaNWVbIOSwr5Rz05TGm1WUK62dp3j1hKeZN3Mf13yqFjz7C9VeHOfJQtHQjuP8IlFmRhf1N0lJphVWCeKMZqyQu8kYdJgXhmS/7JK8L80rQFG2INPiHrGrHJ+k9z01L9TTk2vKJYMTuAp1jLFc54zxrkNBaWxNDe3jwY/ywHx7C4uLAUEzNijNItMJeJgDRLsJvADxM9c0gYfH9hD02/Pwoq7FSLQ2I/XWGbgudzQ2DzPBxq73ZMsh9FU+8Ln+B++6jCnaZ3ng/XMJS3yxnqV9XZam3RZZ6/49ZKrlhy7bf32RYzm2OTR3m2NShYFNfq8skm/Cv46avMcOIZffh37L03oUStMx69prpN0yyODKXLnfHaKx0600SuzRdXkmfYks6o20Z6K3s6vWmscsTd9po5LKRwPLM0HVATrVArrtsxlxjN3IHFE1Yp6CnQ0fudNM0A6j+UuW7slAw70b1XF4lq3FxYyxuyEPrLt1zuoCZ8Jfbd2/Yzxh4qSkK1BSVmHhf2Qo2ngc2XqrjaOXRZ1Zjj1/Sq9h5U/re++iJqJ4EX0644QnqjujcRcaOd8QoKlknCEZgAgDcTEpK92Xm0KX8VKFBPGlxbXEHVqs2GlfRz62mZvUZukGq598tbwE59i4z6BfjW7AwrvAjxfMPcvgLHOI5qPPYhwPXARC+Q/fu1Lot9yeWZXFTKiB7WD7yRfUHzADdL677DglmTj175Afn/uTNcBgyuc6pPK8VKqKva7xbIDqErcC4DIEiNDnKUAYEzNpACMge/X4LNfm3gDdgsh0Js/m31kKHaqlh7NHI4QywG8giQi5q1JtXxp4nOXSESjJnIHJKcSVyBbkl3nNW4rT3jg0NvQHA9+isT4PuHCxv9sY7swMfrHsu93JmzDxJFsWjoofDIcBcuS7OAWGkeWfxvUY32ocyv01ZcH/GXMgJVKOZshl02BWzJgcO8gxPAqRPXvQy853p7cx3BrUGsiMc0W55d2A+1iIXepGwUN6EqPgfxGI5IPh7X+z8Jqm0gPN+AedRQUg7gCagLZl9wTfRdXOsx5ABDFaSO3x+H7eNzGQBTAR0j2TPP98bVuhN2tUU+CVyKJchPbPd4Hd0bn9qNQ3FS76MnsyDhSnx/UtMMmV9zMzePvAzz/zqOwBQ7GShW2VAwm03oC+7SF9ehDDCRz9FWc76uiO34kogOWDo9/7+3fFB5KgNdI0muxlO+9KNOUqIiEb7l2Y8bWKPUY0HGZQRImspf2LPmHt7Oo86hkJBPa5ZyPvjn6ZQ7NCANgM29mdItOi4H6eCrYtJcQELOA4rK4VHLxjuOqaPkMTwh2oOZ/CAZXBpR9dCQZhglxrkkVwBC53vTOQCzCSCAOLssu0V6i3NmFS9QLIFoF1J+/k5swJzDEWSUwM1JUzS1rlHshSI3q0HyPi7fiKcuOJjRdU6t8Dg70lugDv2XCo1/NF1AkCsEgMpXmX78q8nc5HnS7rL8uATMGXZGBlQdBjxp6ELxAHCGzn4+elJd97rjfgYN+CEZogAyjcFgiYaLyiQAjiJpH0ESnKlQnJ0kP9nVSr48RId+tNyHXp/VR36qKhDn/3CZYlTllnAR1ilQURxJQ0qqfvDuvJ0D2uFlF5PLDD1/QDdzXNQ9UuqiFyky+SCW5ALdoHlObi7EC7XPj/9lPZ5nNM+j0u1z/1VtE/cYQCYaiS1z0C0DIDU7xwYcO0uCwaxmpcBA+qyUh5NUwoEesaLkdh7dndqCti/GR4oyJu5WtF7XuR29pyy3NkWySQlMH9cHy45jRGpwsJ0Wq0ywRC5YIm6Qth8uXGh3CDRnkHrKekIKjP++robnQjMIfGKqFrWMHJwKE/GZHBVstrzfPmy26eMbXqUs2ePc/bssbBK96vLpJfdEH6TNMHnqXdBQrV2+wKX1X37AEQYnYQOIMrzKSjZXu/8TeOtRt5XvD68m1AgnEHv9FX7UCPfq5jqRfW6xrsV1jWeLOHJH5bz5Jer8uRvRZ78/Rfy5FcJT4Y5o2JjVUKVoQC3YI6Ws74PP8X6nuRY35NS1vdyFdZHxSFE1e3HNlf7Ak00Asi+jBA+ZJD6W44QnuQI4YkghJfVZTKEALPdjfqyIC6aPqVLsC6jXr3PocMvGFkDlvGeEdeMcxoLwGRo7B3Dc9BL9/rO3xykKAbs1+vriHBWcG/s34s9P9lrdJoRO4BJfTWovhaftsRdpTdecTPwY4Fye4fnB7ca+aPwQgmG3uym/1UjfxXex8Qe7oMSmaD03/H6SQJSXuCeXoF70tgHMkUBRELpIE5xhQHdZ+YUD6N4Dneoe8bRXwQ9H3/YsfCjnNe/EBeLeuyrLDnG7nduiSIKXfqOC/Lf7wU3iFv6A88vJhRddPpTqlhRvJaCKNrUldNx6vcdmMLj80M/NQOMx+v5sub0MT/+6FGOvyt7gytAdg9SeyOZ3BMrT0XLWeajd7l8jy/dn0djIX+iQ6MYI+dKnUyUlF7/2+BEI2D/lQuWoPwFChbKlwsWvyJPJFhcvlSw2CVZSgWLwwuCRZgzv0iwhDwlWLL+Oquu57r8Z8SKz7NixedlYsXmK67nruSzU0XdnBPgvY5Xl9Y4LpQRWkLnQIMrSKQIHlK6ODwrkVLj9tS4QSLZ1WWyO6I+cBQ80EC5ntNHq0yqGtBZfeRcj1xc8is3sKrK1uvycIYmzeBkmXD686wj5P991pFjGUC7N9yfKH4xBn4hF8XQk+WMA6e+fy2WR3snH9gWiNdMhqPUwqzK9uEj72hkUsVdhtXcpb8Cd5kt4S73y7nL9arcZVTkLpN/zF3IIV+2HXefwfdRjkZmORqZCRq5ri6TbMe9iZseYoY+z27HfeWZtQ0agvR0xBkJvgqru/8pVjfLsbpZKau7XoXV4eIBxfAdziA29cu3ENzsFgJGvxg1NcuyvIeHNWpUEKcHANQPueI0qJTKpbdkX9C2Ss74Kvc0RY54zkWcgUif73UCQMeaYki1ucq6yCuzWEwc0YlyqoygqEZluoWwGX68lLeXPKIWVMWDcsMs0ekl/QO33Bvw7hiQI6XOS4wxSNJW+dGmlOMH0OeoLhe4uC9WO+niS/botK0iENigkn+ethqNfqSM33IMbLCD52Fv8HGzudUwyOsq9vN2Cf84Wc4/DlblH3dF/vH6F2on5wm5Igar2BY6bkRid0IjWoaOw7wYuNMn3mUirqS3MMVbMlcFgAGkM67MCk5+ihW8zbGCt6Ws4GBVVlARxKdaBSqDDZBAEkMLe9ZDJOtsYUiN5+Jxc6eV4qFnieyfBE44Rh+g1FojWkJ+cIqxkrh48Zwjt0DjGYxZZBckgKcBDW7O8dfDQxQoScM0ZFEc91BFV46x/a0Ohon5BI+mpx/ziBPtcxGo5x27BhMTj5UA9Vj63u/fpj5nzy4/a/++MuCnSH9m/mfP+Py5qRnkKFvs8+c5ZApwZwHKfB6Q+tVTyIkO/Kcgq77iOVlOA96FnL/B/xph3gAPAJCv4XPXBysv8/4/6j08YWbMdZfKMf/8OfxPSUaZvID8feAUcYF/Ja2JDY64oru2vVavq7f1OvwGHS11YvYFlzGRYleN2PEkOj8oKvJEBcHCOuWXLHL3+KLvdZ/MvQX2ScdtmYzDgjIVVF7c+QbeQ1KE2UegpAhTtBRl8AoZPBO6cBWF4Xvu+7iYgptycsdTe8AQCdgV3Dw1vmRexOSQzOeX/xHdliOQ5b6kT70puOAmLfYlYBOX2kz/7bP35DeiaZFIdQEfpii4AtA+rx37AAQcqsW4Rc04lQIIF94EX/LX149AKWVgTPlGsiHtA9C5PdKPuGFeB/4U6E7gGRZpAJpTtduWitRzGATAHr7s12KFvSaKJOdirkEdF8oU7sfWBCz/HdaSTtX0z1/wX+3J3AcZhQtBeNZajALXfXAYNcmN8Rg2nVHHFZHeai9id7gaBogCdVWsHQ2dAEaTLQ9/wT00G0s4IbJTnRCdDs0vEa1yi142rhIZCizgE7ARdOWIAjDiSdBnDZjeCFMvWb2J/glXRjTRcxGFLaojjMIX4t75IfQIAxPiDj6yHm+xQEVS4BiAOjDKawAFQGWPQ05lQ6+Ftw5OIQoQGjLtawiCWjwA4KTeohJ49AaFZfRG4SdQ4yUWJZriGdoVxv1TNd7FNdw9UoKInEk55AePZhcZkvyTez7yPdXU5F49ILfJ1iJSkmJjYMkD/zYqOB5kc4tGZNdIqmgUACzJmg6eeMoNEfVOD/B8iY0Oa4BuYJ9/9jDaiFUyrTSFFSksUmysQQS+IZ+8wgXWsLyKNKYJthUhW/bQNb6Rfu+XnDBR4XSFCiVbK61RvIqqVAxRVjz+lRUDI5XVxn4oE6uxO/ndjsJBJqzJvpxcKe4ko4atAYZPnlpNJAPueFO2SBQm6U7YNBJXEUlX6JwBjYmIpM4lfl1JBvfU+vJkPlmQL92pfDcV78TArUl3DL9ArXEux7kiUYrIuKhDHfUm1AI4IjAEOjEhTWPhWbaSAYgwinAHqKNlA7cyBU8nFXtUvwSskdjCAVlAoAk+xFNZOCRKhW0AvQGTFb+syyuD4IP05RGnqXHfMc9QBjH7QUH5nVsiXqSgSVycxOgWQe/ghjc0clGlwL+rXj94ssL6wYcl+v/L5fr/t1X1/1dF/f/iF+r/H4vm+oqHCF/+lHr+IaeefyhVz7/9gKUe78f7Ga+qiLiksowqnFCl67Y8zten9g1qDN7gIPs+eaGyLohXjfgwaS5gXA79g6vEW5haQvGj6+sFozoQQ6NXIDtFjKqFjor/Iya17i5dGn2ZWcJ5lVv2+ZBb9vkgFm++VZfJLo0KWQIS4d7FzfmiTU9TguM7J6kjejGJGgsgPt0FMtNtXPAUYShcYgti/kNMV4qYYdhdLZ/S6zsMhGGcLINBaNnfvT/5bCuVKfW+1/+4c5F6dcapN8ADYelKksTe6eFpP5X9BPhFmMopfvfY5sUsnwnXNl9Px30mVFntkZc9f/PtGJBSbCm+QkU22hUVP3o9yu+0lPHxF8+G5Uy296qP3nzkgry1SQDWLHAG6VLeKJnGP7hZAofiAn7ZRp0K3puSoenaxMhl0B5JHX/DjFMOdAGjBagiGxvRgNogm1/g4ReRAONELz38EU77PGBiizGBxp9pU+zSI0BRka+J2JBE09hNgnlS7D5gonJBkWsfNL3yoVwbUyaW7fohGh/aJYYusQB8E+ox9+pSHue9woUk4SJDr6r8dl1dZHFBymUDvVp/x2YkxV765ve/UV7KPvvmX66he1W1RmwOTZvTqYyO86YfsmAG2g1NCBg5tC/ToVVXek5yjEsLNXjCw1wNgLjo4wPMhgnf54xLqZbMFa4iMBM5GXA2dahZJMVZcPaBw3GEvi4DiYM0f3S2m+nZbiaz3VQbCwxYsWC43XmBgf+rRVtb7Q0kQvl7h25vDjG6i2BYYfdSuBvAt6aMLAzFDNPpY4jFgW9zuc5j46krfIWTNJUBD69kHd1ImPxr097c2m5jjIK4UowAE07A1E1y+/DT4fddcyudkVNsEEU9xhCER0+wgWIjrLHT3GhlGolUBCgVx/EulIsGnm2z7gygVKhcnjGqJA+mLsPkYsuM9YfDTA04b3VPbP/lc9sb/Z0hy+Tuy1UGbFAKPaIBwB3R8WngitahPqGXwA8VkhahDzw+wAN32kCsZ+PWGBTxHC7qAmpWMxewa5QCahQ4X7jMMPJd4Q2pzXDhF7SfYm+HQ9ve2cn0dgBAwXAicV6M9vuC2X4gph+5Vhf9BVkd1xGm16NMaccDslpaHBCVBVhHtiynoHUnJYcw/DPxGL3K5B5P/AAYMo4fFM1BttwHFaFAvCkvVj11VwvCgbjeiuVGT9/aaDYM8xMRq4ld5qW4rRfHp/5fvrIiSEW5DuJLK0DMONfew0Na91v95of0NQ9ZBdczlqjwUmfypIaKyqmFampqoZcEnooDjs4/JG5KsjLqWb99Dj57D5+Dh8/eb8TPRtJuCF6qfMWZNIkSLoAsECYzCseNVhph4wm/l7BrpgoDdxZ8WSwOyfyiv8lPSxbHFFGHtdYAwe56uXWaKER+dPGBUsTFyZ9Lr968EsvKKjo3RqxH9cCuqkUMgcSXiEglQgYfF5H3Jc82AzaYglGqZ48yqOjmZrSGiJHoPVkkVp7X19cCsCpsdzoAPZ0bDw+ekFZh+S0Zsl+AYnhiC5ABdN1diYKomjN0M0pulTAD3weRS6gchirmkYJQkk7thKbIJ8wAouTs3ipYJ+2ielOcA0tMpwpTScTwzqJX3B3caUjIRSAqnrOBmSmQTVCv7xqi/oRqgqtdlkZyD8wYTz5qYBuL7YcXGL+e6Onm44XDNRwAj3LhzpL4IcaF4WtFBeJwnZrq+M2JSoj2WVPV7KbKxjsi2VJWUuNuhJIi354NHVRFkjyG2qTdLTYmESQ96BPF/8LcoKN2QNiJ/ZnEVooRnvgKlwSWXKJczHmxi2zSe13cHpHeAuX+DfPq4o3i8+pUB54PiXaZQasUyxbx1Ohc7fRFg4tnxgV88mXHLFcZuiR+S1Nv40SVsCdHoX4BLXVpqqQnSkKnLKgvED/iUTy1tJr2NDCInwerEIsv8ZwVjLICtILABXAFJxNsQd054VcOO42MvsBNpCs02CWfxR19YI7xhv7eXIXVAhktbi2pi0VCbREhSVLDWrQqXvMvsY4rae5aj9SB6+XQa7EUWXJKzL9keGQ5txwhhaAiRJmGlkbEiW0M8JYDpwDjz6Mpes1CBYBNKyKsyF6KsTDfvmLNcs2xphnJCW0/ElMKpcUsZnBB940MhhfwGDHVzWOqm8FUtxpT3TSmuiWY6mZAK4YkzpHpWTMPWLaALZVrHF1OrgM6HtNAhDCIN8NE+RAPpgNnHfn+DQjBKQClz4BNgwIaV0/l2olvUTkVYTQn8BZXYqANEFCqDXiKeVlsE6arp0MwwjK1CwpcJPYjEEyvJ8RSr2cxg6RkVE6KM+UhIF9mcprCXg2maIJYPPMGJhs05ERKqasyhExSHgVomwsNVex0RwOSWCqGm7oaCAkeS2ZpPq5L8sFYgbj04qP4FJ2mxRyUq5SXl1dXKCMZCkmgaWg1Pp18Ba02oGZQblGIOtalfbXrPqs3d2UNuzoweCBMUEB/p/C9KwcZKrQkU4tDKh4mgq9L/6r0Sp3xnj613GeNvWlKFQytsdHFdE+fkrEpAT82wYSgIcxd/EIkiA2ccURYBik0oW7EGlih2jii4oaiQaQK2BmFdBorogOAx8KIVZoh6N/D3ye7QxgvgNE2iCML2mKxv7qWIdSyYG7Iau7Tp4glmG8a3f2mh+j0LZ4aBiphIi3a6l249ToW8Se6KCC+A/VN5XeE1qpTi0QAuHsCR2JC4iQgGPOqiypVaq1Mi1aTB3g2QGJRXXvqZQQvCpQ9X2iLyNfTukE3Qs44hWSYcvw+SRK3Liz0wIwPCMMMe9bUIwNPboJgXT33j7OeRiapJLnM2DsfDsDCHqZeRAuqQ0YvNNL3KnZLZt4Sd0lvubtkSZZyd0mveHWI98/dJb2l7pJexvXRy7lLejl3SU+4S1aXiY3ARPF/4wl/YpZer8UbQ8KRf5vMErpLZvCE5vACzxLn7LvP3lILT0sufKLFbiRu2hj8bYDOIcDAophlEnAVIeEOYVTi+DFoe4pxQs0yRXg0V4d3jMvLgz+FE9FLw8IVgqxOvJLjIMVsQw90LMPo2iWR5gIZak75BX7F40j+5F6eDTrwJw4b4EJ+NqXn94/EumOUfIywTucTCT12dr2fz5bP1bvf2XqdznQ2tW0Whvm8qeTeydfBWXp34BZgKlSM/M5A9QL5WhPvBisNRlG9cp4OMDBXMRy5FR+y7/uD+wUSV+wjFb/Kxytmd1CcUYwMnmSSjvEq064nT55bQGNmyPh+tIyM5/bpwPdcVDw15PiCAwvUR9tcUxeoxS8mfuhgpy2N9kPfnWLs5ugdnqi2tPoO/De5S5LFqhxIA0trtiZci4OmpCNeyFgSQnHZRccA31pr7lK59S5iOeJCiY7aGmR+h6n7HMQXakd4z6E3wEsAcWiuWIyPHzHwu9jVb6STDr1BshSDzbnYHA/u527SK3bHhFsVhcoF6mjGwhYeCbYxX3hRqAaYebx6Uv3cd13Ru1BISzoYiF/odYUKMN6haE/hHYacIFRfawgnXRUKQgV+genBsNP+lCtEoYhfQJpN1pa7DDGHLN3UwD9VFR78C6LK4obwNPJVCaVHhxqz5wqzTsDeXol39UG0QQVogxSdcqs+UAmFE4EyZ3QMUJ4P9NNOY6EGAmhZY4qcyy5sgpbvZXV4a4TrTPo+Dcp6kruxyY7LyW7UovOVhvJ/XtqnXCfKB3+/ZOgl4iV9jpOTr14KACh4MgkS7kbqpN8KnD1Tg2C6FVF3y4MNP1ZTNtJvawP+L6snidB72twhrebR9sXWUXMHf3SOtvdbpAWlG6RR2yRbF61mKmGbtNqQM5XSakIFF1upFKzltLlJmkcb6XykfdHcOtq4gPKbF81PWml8w0dHmBInPz5Q6OfWyQ5p7py0zQ5pwsfJhrnTJM2W2djBF5tmc+ukuWN2oPvwcYIFPskTT0LM3gAzxv2fDwGdpETh89sx1cjrwstDDxW9Qe/QZ29Thy3felnXrQhzOHFCVUSERUhttVaTQdTiuTj1miIImSDC1tfwitoS4hBUVos3OuV9KLliE/ThjI4QD1Okg8cyGNLP0qPbOS6XDPdxwmNIaq/jeNSKLVLFG+gKtHFTiiOrUppCnLIY24hMG4Dko81ZvXW0MWt9P201ah18GgFmd76P6+3apvzZNlsdW0S1rrVq5g58tMI6ftfh6ajZgRpEZGwX/uB51LJbZgtzb9Sb5tYOfG2E4qm+gf9UEGvExpMqO+ig/AV6jd1VmEhpr7HzJWZUb7kZ9XxVM+qsaEad/GMzKiG1Y6/K/wRMjbT/thehVcHM8ZNFL1fFo7N302ceojtuoyX7rpNzFA8z56/iCCy6nboNp8wjjEXOsDXNSN+RI3wihV+OriUmfcqEkR4iPPEKiX3b4+zCwx3vnzX2bOjwwEKPrnQAl0gJh6koVcJX1c7lTlm1bh6p3LHOlI9XJ/x0jF22F+mBKY1artmC8hIpwLcjh7MzdG6w0H+oLhlf9BYKB0PXv0V+iec6729HLGB4n6qA7BqTzjE+us4S+/Euz6V/0QcRYR8xC2PpyV98kYwGFwCfgfW+ZHhIP8VxobOP7FFiqf8J6iWGCKvwsom8Y+yriiy6UlgfiViGsTzDEEwaeTWUqFiVWhaPDBVeW6ydRwIKkABIKBFsDIONwUt5NlFQsKdCNuBBRUDCYfE29/iQSS2OyRh7QckHFiE7U77M+4jaMQGoMxeCxjF4o6YtALQPD7TgtduXXruzhSUOiMwzPCLmBOMCiRvkXpGzv+d3SzZE1HkWvdDfeO9Xy7Ee9NVCh6olfnLiKHvZEsl4fX2NJ9V/iYn/yXy8+GKsr+dTFmS4wpXCaT85ebUfGa4QpjpdTK3nFYXu2CP69VLf0V5mPesstwZ2nlsDOxdrYM+ry2R9RzloHAeefg2iUp9LtxLlyT1L5l/O9Hhv3BVrAkImk5xHvlqc59llMi+3TEZLo+oL38d5yvkRI+NNzDRVlUw5I2kgF/wgV/KCLPOtFN6Q5H59vZCYcQ414gCAFUtxb7zoqgC1sPc4ZNLLj310dciL5nt1ecBq2JfyU10QfWLGPOnhAX9kmVJJ8PS3Xhk6S6MwfcvaRMXp0Y0U20s1V7L0d/tI1YodxT7I10L3+1Sl++0vUd6Olitvp6sqby+KytunX6i8vfcyLv+xHreq4/+R9zOO//te1vF/3ytz/D/1VnT8j3qddv8HGutxeTmjWxZhNTAPotDT3JcBv5lhhv6YCT1FyHUnvKCuM1AYZIjAqnusK0PIOmFUao+pvWrQkhhKE9BrCrto7t6x1/2LVwkae2kIuqMMc32RY8j7OYa8LxjyaXWZNENGfqFugPMN4dnvSuvnexUFXCyhgHfLKeDJqhTwoUgB3//5LtDLpbtA7zLA+5AD+EUO4BcC4E+qyyS7QFjmWxVkXy2B7MflkP1jVcj+VYTst3/OW3B4f1cN788lw2PB0uHxkiylw/OCwvD+/ueIEwTLEIcFaSTwgizi/JlDnD8F4vDqMlnEoYGlDUBfdtyw5/Z3hhrxIcUJn+Nd1Czo9cfvdzTiBpZmF4PGOdudb6DHBhWT45S/wDWNMFi+pjGtyBPN7Xj53A5WndtJcW7t4NeJxWGQiIq1NXR40c7en57uv/uojjrQa1QjHh4wowq4H4mJ1Pn3fiD9O9MVCa/Fh4d+oSDJFJ0FGcEcTtFzB+/ZSQVcWS10xjj4GRE9DbIiehqUiehBsKKIVv1Hf7CCsHbTwtouW9pIhftzSMh4EngwrA486Jt4URya6hj3Nb+MIt8+ErxM0pgGWuxSW2mcId5JjuBTkPQUJGGmB9VlCiHIhtYcbRObYJfBLtbwVEo9Ce0JQCk5fxcQd33dD7KxdHzv1AcgvPBvvS4e4hH4K7drRSwXOexnTem1xXAR4oVcesPLYSMVXJ4GCrk/Qcql11TtdSararLK3SGOdX0dkJ0TO96xQyoo1E6cPT0Uq1sD3Ek0uqH4WiyALekTYED6UNzOIhDU2/OKN7zGOCY8BLQXagYfDwrZJGncGjghMoezs3fy4AUwCdx9khnOA+rJ7eJDbyBgEOLG5wBPcy9WuI/KDVC3UibGhAyFinWf4uf93iEYitdV7HlUzZ4PV2DPb5aw56/L2fPtquz5psier38he34d6Jn4vEt54Nef4oFvcjzwTSkPvF2FBzLcpK5iNrNglUCHXzMc4ybHZd7kuMwbwWVuq8sUTvOWR9vNXOPueENfI/foQZoOtztC8j4MRLhdaTi8rcLhk2ocPlgBh++W4PD5chzurYrDz4s4/Paf4zBC56wKOsdLhvdp+fD2Vx3eUXF4Z7+QRE+DjLGdRfivfHnE9QzmHuWw/TiH7ccC2/eryxQuOpQB1YWaLHyDwnMa3uB6e298sDnRyPuqOfpejcEXK2DwuyVT/GT5FH9YdYpfFqf4/a/B4G9oc4yve2zWBoPiVRWsPlbD6o8VYPXXElj9vRxWf64KK0YLsHr1a2DFqaXRwdj3hOrQO3HPwUDzMokq3mqP99+faCTIvBPeDzf7J6DX0MyLyKg7a/z1CqxAWjEHbvkLnAObLp8DpyJPfAEsXToH05Is5RfAFufAp/94DlTAGmrNPR/sArAShs6YpqLxhgyyDITmiDfHxx7V3dRG7aP3ks8zHhDNjVpzc4mzw7spnupFBdhHP2z0dcBLtTvm5g41dzZa+FcTldXN1nbd3LIb+GA2dupmpyWTzCb8wNu3W+LVlvhsbUMhzNLYgRyQABmaO/iw0RK58DUWh/cdVZA2a82osS2zbddFLXXxvolpdbP9/XS7tmXu7MDLBhbryFcbUFMbvjehK5gbvrA7bZnSbh5tYm1boswG9ES8ECVamL9tbmxgNkgcNWdtG/Jh7mbT7MhUzIY9lz/azVHThgw4Bmy52VTNyLaxWZEXG0FfK3Nne2Y2mt9Pt2otHFfbhLlp1Dsm/u5siAcAOYJMvILEzZpMFH8h/NUhsYM/MDfMAmTsYNpmHSerLl9s7kTtQJN229zehCq3ZKVbta1QtrxV38I//NGq4w9MlWnC42ShrvBecmFBwgFMROgSnyPlLJG+p0C4HcGr11CiltRQ07vdLtZi4NUEojrcYXImZWQi3cJ+EZG0fpJIOrXGAaANzlkTJqy5A18dGxBiR0wU4EsHUtq1ptneUL/MrW14wo/axqw56szqiEWtOqBNy9zcRMcfKFjfAKQCtIbnJkxwYxu+2oAtLXMbfwO+dWCm4e/7uG1uwmxCEiJ3R+DwxpYJCLm5Ba0hXQACNM2NJjaBfWpgIxsdmPBWGwnIbHTEF2bFr62jDhJ4YxPJrtmWNNZEioZy+N3ZgYfttqilLmtpScpDctvcEn/Y9AH0dKO2KUcLiNnBLxtH0cJ+4Cg3YBDAomDw6C5ltjehDuxZC/u+c9BsSDjuQB4ApPoWIAZYYe0IUDFEhMp3dNLaGHUQFAj1JrpUtdHzCqaqFWLDW5gZf9dbP4nngJA/hubnziSP5VCHQHKsC7ogLzcrQXP54v8UyzuAHzC5NmAeojhgGk5EextZMkxfuwkUIJiSwLedbZjvjY65gwwaUFJgmkAxmCh41WlDYfjYEsxMYBTOBiDMhmDx7fqmuYk8ExtrtGX+Ns7lDlKQQOU2MnbBRfE1zikkIto1WgIZ2k3Ed5z6Jhbcxv4iZnZ2oL+QAX/Jpw7yWEFVG4gSbcRmQYpIXZtIMSC8gASwK4hOiPPbO0i/ABUgdiBMSGkgsuKD7F1b0sAGjgJJDeWQoLmt7QMUgTUEZ20bWX0LoSMB3Drp4HjbrqDI5k/iZoQvP4KeL0SZPIbKmgSSqkqhO2hyl2CptMT/D9UVKVKlRK0piRoLz7Ae/VIydmsf/po18SEaxVmrbUt5KgVvlBO/UZIikmPf0EtTtrIdRgIV/8UytS7FKP77PgbEO9qcdUati43v40ZtE360Rq3ZT3MeCecfmdtjKJGfWaxFzKuoDkNh0KmorDixtzTwRIycXzK3mz81t9tAcUh8yNSbIHWEoEFWAVJrexvFUQhyEkgH6Wx7G1jMCRAqCEwg8x1UYLeRKTXUP6DWBvCy5k4bNbUOcJBGU5ZqNNF1d2dzwwYpJLS6rcaG0OS2t7AV2pRMAD5kVUClSPyN1kncxe9jaBqegP3sbB1tQsNbM2QejfYIWcjOTDwDLgCaNBobMsdFBz9Vhg1I3/xJ9FDz+GMYciAL5ZFE1SXwJKoX15UnYLnEJkpXKmkkDuMTsQKlnXWFfCMKi2JpljoQNqRJkHfpZTke3O3HXZEB9DwSsJDjFlOZ02yp7wTxLJ540KoGYlzNulLo6PujFdvFzbVVos6jDyS1lp0R5JnArniCP/HffXTQCz05Oh4vHflLF2hDml5+GtPskpVDs0tWDsUlq2l1mfySFXGtuXSgVg6aYp9Felvy7MYg4DF6sFLdVbsNPnHFgle/apVgtsTMv19u5l+vauaPimZ+/x+b+eSQLj3Wm4H1KDc/s9z8zMT8XFeXye7LvwEqxRszSr3MUwSDvnupwASImiXUsSeuYuiy6iOzNxyY0jKMPMkE87zLBQB9mwsA+lYEAD2oLlPASBHVCX3nygZ9ifcNa7SPx2i1Pv6Jh+gcnu1wEWFPOEdi1DX8HOIbNsYbV/BvjLHiHG8y5eIbI27f9DEynDyoQjRfIBw+TLnM9Q3DwU37uNOM2cMxxfue1ekw9MryRQC6cNoXnxOMRuKI4CRTGSkOPm+hp1e7jziKJdzBBMEZ3CcsL75cIe//xdbX19J+yBhLGeap3M1MblGprKlY/ll+6KX5YfEOaQnZl55a8C5Itfde8nJBaJk/ddk9K8tw7mPGBeqvnNvUq5z3yyvh/fJHdZniwj2ZBFmEy4mawiiDAIuWgzqZSRBIAmI5ERS9L8iizH0ne/mMXdkoegyCrSn3d5exhhL0+nGhGm2C/69J0gLEXwdEXy4szzN7Nc9z+zt3uf2dO7G/06suU2BNJwFIwAOYhNhzRviPR4FyFmTqroLx4ib2FTZnn2S69jI3nHe54bwTw/lQXaYwnOzmLM2EYoo9PoiacRrNM00xnGifq85peFN3nZBrBjqFBoih33EH90Lt4O7GG+tgfo6vVwKTYNUrwOnvzJhZTgb/lYPTXwJOf1aXScPJ9dV9VejYof0A1L4JEHxEEPxRAoJRs8uKfvanAWgcujgcMmqK1gwyai3L2YpytpflbEc5N5bl3Ihydpbl7EQ5N5fl3FQ5ExOlyLwSZ3FOuLzaKTrfh7YrXtcibI2c/3XK8qh5VqzKTihGAgBFFkM4DWgqBlMAyIPZfTx7BnaN/uV1xsBWt6sMMdKisLFS77BfNQ0vp9HM2vsQz9lK+zwEO0ieODO/GGRAhaFvKOdt2Sm6R7uuKTQNsP4y1rizsFwSps4i5WHpyMAhP3w1ZipKejIKUpqK7FtnKriTdNPQyBflqPFk7pq5pYXFF8LLbtks9MUrPfabP10fULyXHE/JLa2QQlb0bSSg2o8p2NF4gkNEw0zdFEjTh0irA5ffgtrroz+gmoqw+4YiqiaOk7f5miJJmz92KY6doSdd/j7NKPaUsgoz12tyE6/96wlEf3hIYsPt4Xi6yh5bVF/H+ejMR3donqpbYEhyHwzuypScG0OLg6kwNYWJ+KoOrwn+xEtO8HylsmDkDnFDLU9vNXbaBnmNjxuN5qZB3orHNiSeVFmPB0usx7vl1uP5qtZjr2g9nvzzTeIYfZ7Tx8ScWGNbJuPuMjZjLyfjDnJ25oGwM8+ry6RlXGk4BlZCg+nQExgqYlbvjDZmYhen08ElcNzzbY7aNm4kiJ1fTKs3Z/WtUdPcss0N3MI0N3HPYUsssG9vnTRx16DWNnFTF3cj2ht1c2dTfIvttoZb3zbbm7Uts4O7yO0N3JFttqEo1ACfR53Z1tIefNdISTiAhULRM2qBHQlYbwfTcf/IHzPhH/Hx9cvzVPSHY6onl+8Ahb2lwpftN62aLl0nQ5apRsJeD0zVcckyqrh2MhM5oSSMhCDqVG3myB+nY0jgGORl8EuDueDi4SjKLnAOr55Pqs4GWskOQd6GOUI/YlYcyXOaHvxZcqP5pwy8w+RSnU+9PmjG+1Uc4aja6+R0Ba+TF0sYyvvlDOX7qgzloshQ9n8hQ3mXkUdyBjAKyQkNeSYEScl8xR6kReu+IJBB6wIsxeF3xfUDgjF0eaFk7q5UGvcoLl2B7VGTJc0UFxdK+pcV00+yYJHxvbAb4jAuKN6DwaljB74Q0LRaIRCEu4K9+T7DYC9yTPlFjim/EEz5e3WZnPfs+roAy5kN+IXokAUmuhWq/mrilbj6VBtxPgm7v/0W2sAoqOkH179hzmMBfrHcW+KPW+RLwIIKifFN4hjqbQHUCMbwqVgONggrzixqQpmZjeKiaXEcTnU+0HuKwbuSReV4Pj/kWO4NNcMmHujg+Os1NV+HRqIWsSJCe3S5YvQ8GSf5RHNRa1bhvdBIWXStVL2rceEs0y2hFVw2qBAnEgUyqFKJD0nHEDO0UiXwWGpxMLHqYLhkZTFf8VIBIuvNKgH4hMpz415EirScFNfWQAUGjlEc8zuoQfISkSFicaj8SytKXPsCvEKo/ohAL4HpwRQhwieC5cXX0UQj39Kv3N7FmwsvJd9frazjpxV7DBdgY+QQR1yPC/gyNh1EUVwYkGo9svOeP+wprA+Jb61RXI2V4HsWBX2fy8hGeD+p33fwBqwCQjO5dhZFi0e0uuFAW2v+w4OmfmgyrLQWhoF4jNZt8nVNVV2LH7EstMC/LWPjVRYIHhjUyJqwcGBs6+vfyszF9wrZllb7ssyMpKAC2BhCq9Rg+UArKv+u0rkpwV083B9bMoVXQ6aCeBbevFYvsF41ISuE5kAw1eCvXsclmrhk+uzeR5pe4f2CXKgOH3VnAIY5iwKxmpH9aU69GQtCKMkGxwOw0z0rzlR9XnweceY4bxHe1Hz5Kt33kixhBchf0fI58iKg4db0RmO7kVoYkjfBaNOQ1VSgzV3PHAA/mh+WODDYC/KtJNldLKR4CfAu6hbeRY0GaLvVbCan+6NeCR/oOy6PCSb8wc3oFgq4j92H5psg92bAAoLoghqeVVfsrHSTMYtk44bux8eGkNWm7hemprOpay9g/i9kH6JWtJQGsSB443YGjKk7OcSaGQb15OIujviuUXEgKY5eRbTkIl9mAuzHOk4R9Oq3/6nvfR48ffKbvDA5MAwVN3tCg5Ad42I/aTZAoosI21AAtyRkeJ/f/kcXZQ29/vDZxH97D5+nrUarI7828at1+NJQ2Z78Zoiu4qWHhBL/Sl7XHKyv+wB4K2kQA1jFv/xoVpkV/O7vNbsgo7S6JkP1a6YZPcmWxS9Q6vynAOgYGNDnXY4Btnc5pqsR4qW38REsYYigRwbeI2SyO3SfCC1vsQBl7v8DUEsHCFMyRg6cPAAAPswAAFBLAwQUAAgICAC8oWlWAAAAAAAAAAAAAAAANQAAAHJlc291cmNlcy8zMTZiMWUxNmQzMWZhYjc3MDU3OTllMjNiZjFmNTQwMmY0YWY1MDU1Lmpz7T1rk9w2cn+FtV8spWbW8SVVSZS6Sulk2d6LZKm8unOuZFWKQ2JmeMsh5whyV2vH/z39xIMEybFPeVXl0+4AYDfQABrdje7G1WBNZvuuKvqrf35iTb2/fjC7c17cvTgOzd25zh8fuupw7P+9NPe/Xan/j/94/+Hp9Xmwxyfv3//jP33xxYfNT1/8w9//47P90BR91TZPzNOfzLX5eG673v7297dvvr0+5501Tz776epcD4equSmvnl2VZp8PdX+1ubo3nYXvoMz2+a42UFTnO1OHBbu8aUx39awZ6hp/lQdz9Wyf19Zsrpr2pinNR/e7qHNrv81PBrG0hd0Kgq2DVtlXue2vnvXdAO2xzW1Vmh308urZT/T76tn7n676xzPCKPLeHNruMejX16bvq+aQ3fZ515sSQfbmFH1VV81d8MVNA9jrOkcKQfGxM3so/RxxfV41fddeUUeINPz7580crO+7irC/M7a3Y2APXLntpVKBxuXzwL8bmmYWeMeVE+Bx+TxwBJp9bWAq877txtCLtjQH02zH9IjLF6B3eWGyP1bmwUxg91i3vae6CYJE5TyWFzfZ11X/zbDLntN6nxCpqKYj0KKfP8D6bGEdnC0sG7diuaTC1UmLch67rjzLKy/bZn+8zV4Agca9OHDDrTTc3tuCW2mfZhosrAxTmxw4SdPCNE9WBldutdKtjKh8gap5k3ePmeCY0pSqt52vdqQd1QQoEhv3reNltMAv2LjPG+h6npxoXO3bPKp3K2pcNT/y529vMmwOc5FGcK62vj5GEFQtILDWdAsDCKtj8L5mYeLa0ylvygyKJ2uQoBR1NQaMRUsQm311GLokr+TvRy1i4FHlPJq3eQcM2dSVPWU4AHvMu3JuEs7SeIzMlS/jOZnedNWPJutTXNVB0mYpLK5uaYPimQuHXRJBF9RG0H3FCuPuTE+bKQUbpAuTgMzFC3Crk2mHGZL0vjIC68oX4ELpbdFV5z4NGaqtVsewfc089D9WdsjrrGhPMDOVndtZtgGmfmynA/AVC7u2vM+bwpTPsvFqT2xhaTvZwFp+CZp99bEfuinrJUhBZYTBlc9jePnxDAv3ZBqQf54RzdoGfqTxRNWjbe1qfvkhmhLhBhD57AUHwKtq1+XTdV+7Yu2mliwQuyiMhR5WddU/zjH9PGyU4Pzp+iWkSd5fNechXP38ewHM0B+B+lWRXIY51IZ9xJ+LsNrtQ16lh4/wcx5eNOywfB7275BTve2weTFdzDtip0Gtgh9VLMDv2geb4LE7X+5gatHCWXfs2pPJXn7sTWOTwiQ12JqwgRN9JnWXHdNZ37b1FFN0Ti8f0V+a3XA4kAYEclcBsvwEXIlNtjaoVtDjmkvQJLURAjQGvASuyuv2MAXjih0gKVkA1T40dZuXU2BBhQPnyha45GlIK4cmqFCAvmwB4H1eDznpCr/P7/P0YWhcoxC6L1wCn+Lh5n7EuqVg6XSgxeu2ewxuVOmgRuXzwL9CsWnSyb2WKjgpmIfzDeycegro6IoVkpbMg7qxbXqehVmg+NrD+BJ8xFfNg3/VFnlqN9a+3B1XWjQP7XVb3GWgn0zAnaAiAEU/V8AI35wFt9VRglJjR7DjunlE3+b31SGtqzVRlQIPSxfAmv6h7e4mIF2xAycl86DewCHaZXOz1GLtNjFXo4olZeNgsje7PwNrzV6DOj9l8+f2FADGX8vQpgCk0IGg3/NAgPMY2K0iB0egbFSlAMPSv9KUFB5oUvLXm49CyTQsXtIXStNORn+vpQpNChYMf2aH3fvNGNKD2d1LuTP3adEnEZZfVwenfqzJy9IWzp09iCcgirVIpcQcncMat5p84QJDGaEYzmfQjqezdg4qHAJXdjH8dyxjZzOagIjg26lGMK4ZzQWbn3/hVNzAGSCTcYn28iWwzylhSi31IgoVLBplYChDO9gs6MFk20Ui5JIEiXJjUw2n7OuuKid8QSq3B650nCEq/8XUnOz3doBmwGjapPFtUu13fVyzMEpYbC3Zaeu8OQwpdhpWuKPZleEY4dBbuY5AEyLANJ0BVf6CRTG1gsYq2Ln6nC5RSLsMdbC4YuHg8AhmNo0H5a+XkpiC6uWN8QKbX6TRA7m+M38ZFkcO/3WuzbRXQfWiZVfwvGDJ7RJ0hWu6hFVbrSC3Z+ASE7PsCKBrNINQ6i80aywgGzVLoItarOrg86h2rsEUidatgl+dNIG0NGOjJqs4b013f8HArDabxSgtVhGioXQVXc+NZpFR/cLZ8eXbW5zXhNnIQSpK4OLaZoooqF48o0C7Mq+hITDPBVzc7uTaJfDFTZZwAplXsLkWKTxSuWa1mIdfav0UulStmzEWoPsWCfhauaDfIxGbnjXoeTSGmx212RRX3GJB569q8wJO5kX+sIdGhWs0RRbWr5gXFpBIdQI81awAFiVxBX7tWs2g0Qbz2H5/uzY7f7YLE+Mq5zH8q3nctXm3sMzufIspBle5aveYR7BEp3USvWoPh6X1VGt9CjhVLVlHhqUj+iTVU8hcs6y9L4hdcyzpvMyOViWnJbFpXWZal1kWBZYLpJXv2qFfAi/VCdhUs6zSJE3hHkTKHJ6qXb0wfdl1S6tdbkiNtErI72GDBWztUBzZHrOALGqUwBXUL1tfUtdBHoxrkEAhdSsmmHng91I9Bc01izaZW1SeF3bEg9lZbTJF4GsXkLRdQosPYGh9AjxXfRIzUORJcpGWxbtx3gMlqWokPVLWWi65TDWmq4pLOnHgpisdmLZaPZguQS7H0AryaavlE+ASzMjyV9COmixwQfFtuASv+kGs4E40+yTLmUzI6O9IW2dtPX814x8RSo0TJ4lE5UVWk/8as8w7NkXsqyU2y9YFbpPGINXLeG6a/QK/ZcvoPs1yXeU6hrVzUCAtHIRRi2WEb84r6xmBtef5hRzWL6N627V4h7OM6uwapVFp/dq5sjxVfIDMTlZQ/Qk3pbikXbAticEumhZq32KGnS6bFYLOzIqkrkVKJJXKJTNxtSSSWqlOcEaqWdnw+ZI0Tfs5n5GmXeUyhgs24fIGvGTzgSzB4QILWDptk0Yj1ct4bntzXsZiuUUaB1V+ko0Q+s1dIm41ZddOr1ICsck1SIhUUrdg4+UWX5r7qlgyKHOzUpvNopIWqwhvxE1tGd/YmW2mwSq2NUleoC1I83GLVYRyo7uKUa5zl1Bqk0VbXNF3S6zS+BZJCxxXrmN4fj7Xc56CE3h51Hgeb9ju0h12abOfCTGF/6T9K6Gimve+3Fz1VY/QZl08S/Eq5kCnQNIr8ibbmWyADmZ9S19kj+3QZcFws33bZae8AYDonpy1+yzqR1ZZOxh7DXgsBzJdcegTTNXIcdKPI3azdP2PXTNnuw28CTp1slmedXlzMNynAGZWHE1xB31tsv5oMjHfWhgrfGdgNHd4pc6fWBy5aSzIx9jYGle+M8f8Hn7azAA7LHpTXmc3fZZrLy2RJq9rQoJBIPd50ytugHqGFUTu/W1TP2KjxnedPyGLFBCfUQL4vasAPbNUWGWLgS8M76HqjxWP61DdA0gxp2wESLbPq5qbUaPQaDMzSTN3YG66Zm/RkgtvMnPvoBfx0iRoGYiIaOCw2cn0x7ZkclaNRVrj/JB/ajWcfvjMjpYcnKbmOkO403JYj7ygd48wdbaCTXCPsQ/FsWnr9vCY2aE44qSyVQhonZemg7XSZRaIBhQfrWUY/ohKcmAl6OOOOUcZf/DNreajLDA9b6GDdHFP5JDvadGdcl4k744wxKop6gGJJ168UWNYcvq/MPnLhiQH4+zA3NE6Gp47meNBRrUfgNJnkIJoI+YYWNDQnsoY6CYzFfmnwXzUGYbDPOSwI2FU7HCKm48BWWVb7a7PqwYgDBaXy3vp5DUDtE+eXjZoPp5nx6zH+2jIKhvEI95utxfhlCN6Fqk75EdYnYyQJDTXfsAdkGcP+SPyoKI9nYYGeblhnpDjvsNNk9X50MByL5VNvo/n6zr7AzBDpSoXXrdn0zx5ioDxPwDGPb2M0iolzA7bSxqjcXtRJTlwqR4tMSnlns6NURsR1xiAmT/OrSuhwAN/sL66vJdGYryhh4cba+gaEo8T5PHWwsqneL1jHp/cuPVxbDCULAjoE0bBvFaZIrYFvscOZhMfkQ/IfnuMyckejhWwSTxohq6ZoAMSY7haBsTQU8xeA8/x37d4kjn04x17X+XZe+9dcy0wrrOvUNjAMxqV+o45HmDDiZt09uIJUA+IpXnwjhTT6fDOGOODreIpCambnIk/tQPRAIPhq55kLRj4gV2SQfooz20Fi3bj4q1ASKmKrt2iKwUysw3sWnNGjmia+woEUjwrMkEnjRAsSW/mNxzsdwmB5MpqhjTutisiir8Dizejr/sg8x7sRwWG/+Ga4hP6PaCJqXx9MD1wGIqKrE5VnXcqH1w+nMBYuziwyPabGGJkR54KNe+TTT+MxRuHxQk6ky0MMwdCqfFN4asdSG3Cs0LCiuxH+v4KRdTbaEoD76Oko/ZuTfE4/yajgIfSPsveU9zFy1PV96b7cBHq+Z038V8adWRuz/11/RHPpNnuON+mUW+ca9QvPO5DH6VZpOLhNEIpzlExwqBuKj7DIuIjHY9lEKKrfVVkgiNgzJ3KXvgBrEHzsWIX47YRoXoPOmr7gEUkSUD/QH6ooWF+OtfE2vlkDIRYAFV2KGh7QfXZMmkCr6opZSKPLCVM5Mr1SVbFyNMq0Y+xt5bry9jdK+5PXP0BDj40hgMxgYGXlT3nPQlewADxbouOQ9rp+Ou6bZ788Jlg/uGzpxnFMfHRaHKYXanKpFcgyKGbR6mcgSCiKI0CHyinwGOKtmOWR4c2wdPWoTVAGPAazcRrLEUt523m6eQd0EYU4orskGNfbXTgM++D464ne4OPIaNj4cXtLXPQBxyj6no69JXui1vatPPOlU277nzf4o5z8a+ZUsbgZ3Slo+rfluiq94tznQ1c5eLuSsWv6rB8e2mXnZFu2uXAuKddDiyCv043VgCRcqySFhsGMsWbNRhmd8YgGxjoCmtKGf3mhxSbEMeji62RI6neDSAwtzmRaTQgFB0V5TXzeVHESKimuQvhKMN39gLh/48CD3d719Ygd8DHjkyqGwLdHwwwD/zbdnesOrr+wtkAa8OukzHwmkwSMPK7DEgXuW3Os3r1Hlxh86FH5bQbsT+mdiJ25Yy7ENQtbSvHjGV2gp0V4Lx0c7k7/NQI3N2/7753B5jbXHTbCUtjl1tvBIBlURhgtO3eiZkuO8M1f6I/acgqvhpKcFXZY6Sg7PXMQjgbNFjiAeQAw7i7RzRnHlAraowp2V7atFxoarvGz9mdNUETcYB1BFGH2FhlkT5kpH/RoIHTbHjajCjdaOktBjhBcUAIhu2MyjBpVnEXEQpRXajddXGs6pIDgaH8MjUmcpydGZd3KI2G5x1RR+s1qIxNJGhtIW0UxlHx2FovRZC5u8jPPNtYCucXyJR22INoWSE94FtOtHJvQiAU7d+S0ckZ32kXwKnNTUCeCXslyhCZJmBBEbsRgyD1ZB80BlLCF0KDcQ0TeYXGUyeqKaFT7lhK7ZRX11Q9nLT6pJoh3shgsLyxsUqYPYeN9BAZYt4neoKmGSE2sCoQ72uydfFNx5OnK6zd+V1P6Rb4ayu5AifvmEpaES1KPLrI5SuU+5jLXmf6hU2uGLdwJY2A4caXLgvn6z0dVeAjrqMKHMvjUWlFMM94xFd6k5ZTVgncfF2PqXwUNitfR+DNWQ37qaZvYJ5cPSqKT55uxDbXw7KwWZc/ZMUxx7BVlKJx4x04MNnQQgPZCQGgKLfBf5DOkoBlQ62hbDjzCUQXZmRBukCQds4rU2IFTi9KrMBTJibWdyE70g91RVvoS4FnUokGSZT236tXyQfkAe/JeYUWc2n2aFm8pNNJvjplqXPcVAPo6fijIxN638E8nivD+82fsXR1FdxqEsUpldVWriqBx6IZvRl6ewSBa6N8LbCdeWM+DLFUhvrEPg15dZYzSzi1J9IWlxir2yb1L2ObU/fPWTom2WbKHzVhVZs0+/QWNUHxAVMZ9uaX2NQkpCI1cAnD8KPVuIw5AcxvVFz6JH5g6hdaJNCfR1phesNZBxJHPRwOmE6UNf8us1Vzt9JvDtiYdltDPLTXGhEynReqkZlAtkIdB8qh6MNiCWnm5+ojiG14HZ7zzStLF3173tZmj1aGDkat8iUKIKjQrfT+nDY4nGNjw9uUoeFXmoZGPsdp3MlVPnF8TizxuM2nX99vyer0ixd3EO+cGHAYK+0Gmwq2nl3wp7Yc6sBymcv4ItPl2GL532iT9ENcnvpUsxRNFpZByAagj5b08u/NbvtV1YFm5L9klg1qGazdCmPsI3cJd5cXrAO2jaHpD08df+RkQ9NX7KyiDi0It6z4yCVD8nVMEOc/OiVC4HeqAw+cVUdrnjI4krM76nbVvjLqAcNfyNq9z7sKszyINFIOHamLpCp+NMXAFpHnMDKlQbsfwUGfAUKb1yuLff52dno1O3cv+/0RWDgokP4YxptRckziL9hFKJPkPHgJxiJNHy1pi41FWJex01UfcSq+J6MdvbJ8F27zEld5s/d47y+6xWMhFLvZgdgDS9iZEtfoTqFsiS5K8JvrnwbDpSkeEBUb4vq1ps9AlqUNQx2hGlYXd9G1ktZsaCIIk6gY6M8FLZF5sB7D6wtbrIzLR9BNxxbG3un4wpC9eIyuZszxK07knRWDBY6WKdTMNKBSoH3m1pgsSlDGOsfoQn1tINOQl8SIUuEzbmipOJx5d76UH5jkN4XNwdKtF3yzIEeTGAqUm4k+DMTp+D4E7Wxrhx77sSdGKJ7vblDqCR/PFZbymXSAVXImjiSKOHoG4r/Yk7HdDSdjxAWOFQhVXXF8XNnmfZpr9THLmgb0LBsCg0OZjX6SUp+OUQMoOpEheC6I5FEjTPIeyiMrZHf+/emRSFyAjiYIJpgeLVgR3HGxRyeZ9RAS7H80b+Ak6NBgVVxnyEnwphRIXxttCRMp+eRJtB3qvjqzxMJWXjagsS7latFmaDdowqRTl7xGXaXroBqKq2Z0H6fAf/gsozV3EeU4DGqGdhpCFVHPxVVdtgzI5VcChtiRTD1Tju0DWwlkOXRI/LrmLciLA89qU27Y/isimvipktMKfPhl1ZFkZ43DQiZ06t3OX2f6vqut3dnTo+TEPKvrlON4jzThNFIkpJsGmMRku5ncVuJNOjaFrsFR08wIL+v9o2imdPckDirsnYRPTfcEVtAdD2hnqctVMWjXj269k8cQWnyRmd3nVU0aJvkIPMYsYcNt2Zv6ZU4XUaSzYmm+BzJK4bFt76yr2toC9MZydJ1AHXWrDqgExxaJh627oopp+CzL+x7vFIi5b+DEL1HNoUbOF7rEjOUnzDcrxjK565gOG3v3cDRkasYdnFuxaMPyNX1x4YwtraowCHA8d//dq0sjANM99fGDYT996OFfzTq4v/6CaJO9F5eWD/5f54yIU4OyywXj0nDD9Lh8sGI4Lh/nuDwuuXP2J4Nn/DJsuQFk5dvSDVF1cjev5By4H2rihuFus9EZE3EzK/4ezDvJLxApMP4+P+D27j0Q9WO6gGQSkZammItmCwnmwuBGl2gZt6YwDD1PA0MtdPmC7lDwWrozEvQWdkUi5RZsyfiROymo90Oz5jIaZaZI9CXObOH6E6fFWDA/YYsVu1OYsCLRgyjdhetAnARjYm4K6v/L7HfZa9XIxdwU4swbDoFRVQawqpVH8wqz1YJEpx1+UzVwDOR19aMarY+5pXGQlkcOtMMqY5DMHAk6unwejoY+w8fYqVX0EZJw9MSw+f3Y2oTpWGHbToqc8/PZNDz2MNlrRudl+BVjx12ztos5Pch0dJpQRMem+UemmvR4GsJrQXdVAPp925UERLj6hi/1STNDFx28y6JaUaGtbYvKA6nWzLs+Dcl0MGECEx1QmPckYV111QkDhgOnXpB0SAWuc2td5ZQmiX5qGhTXSZcXZdJDrpp2jmIWuPI6Y4DqrWedNSi89BGCw3aw1aHJa7wqEthkGERzWVG36Do0A0aaC6AHXBNBMbQ/oFvoJTSZEVyjEP6YNknh1Vctia9BH9mpwMYnY1KQDaRW0M0nQiuXeZmV4U+k1iQt8M0JN3Z+jyKIaowfr5iVNkRvsl44qChjO2APZCZL6iya20Ys1MkbkuUdze0G9N4TCmaGF1pbDoWahnCMsPTuBaYt8tLJlBhE6GV05mHoCui9hXM/LOgLXTVIB0xdgeRNxwtOE7r1kBoRfIBj8xo6c9Qzuf8M50WhVmMWR09mKOknT2w4p2ozepkjEclxwFdZMntsh7rMjqY+k01eL1ooQBQLUEv1RhvUg3csBgpwXjvyTB7PJC1R/I4scUBWmICJx5cb2jjjvhvcNEu/Di/M7D/VBS11B6QQZsfTFRcttaI2ebO1NTnv/E8tuyXKTCgSTXTwFErsbIknlrzGGF/Si+OZc5mXRnS5oIPdwYLuRC0V4QnjEc8SByXMVHMn0zoBSWcTYiHbkPg0qWetRBzrOFCFwKcv2WmQbb0odJIEAjA3Gf9lWLqx8Fo2wPPi1U1oK44xpAk7fsdO6Tt9+c75dU+ezJvlatj3b2FJXP/ZirDAYDMFm9lHENZPM12bvDPjOpd4ncZ1L/G0zTiiTqtYNKWbBNgG8uXnLvrYh0lq+CQuD+hwM+Mx73pe+a5WYd/mspnPUrB3LHhnnHGNOnsT7VCMZmQRWmU4y6a3WLVU+/qpJQiits+uDX0+0g/GPTHphpR4ljIhbMqSHAnOylMlmv2o9kA6M8oSKB7D1rhGGiIupyCO8PFUk1kIUSEzz7PrA8zasPsc53dPNzvAu0thXyBcSECEuqFiZ2hf2Za5dmDoBAEDNzqLvoM9MicbYI/pZR/QhbUl1Kk+P+VoUYStl8P6mSFuHSySOl4liTeT5hM5wJoNYv6Lyccz6OVdCtcF93JFqGtHL11c2gXNxAAEUTcXISPZgFl73LUfiYhyfWLw3po9nf4yVMUdbMsDCOr63CjD1pDKG+GoFN3bP7TqlL4JXAi4SFzHcGphggye076fqA/gvQVzVZhUzYMhTjjhSr3h3ARtAjBuTtaTghWDZpvzo/e+2NDZ2kXGc+9nXxwpl0V0jgCdfOPFORxv0tFztv8/n/9X5pMfEtN51GfGXJzP5FWyeALlQd6MvmP3sxkUifvq6bNpU7Tzt9ZjUYcs1XjlJvc+5iMGFiBjr6s74/y3ge3Re06JbspLaK577q20OERrmTOSP3FilbACLTBdUpC8Nl0vYdjdCaOu2xOGnflpZf1xYPFN2iVu1d0g+HETNwZ9/MQHbhUpK8F7Lqc7rT1Qqv4w9gXA02hiNSKlkT8NJQO9aKtOLFlK6hBNXVOSHGuaAgVcPP08BieZ0u2pQJaj03TsQZzXtlWgzAb0I/hxguV0PyfQ+8fpPH38E3bj2LbpPJOJnNRIvhIi9wAFEQfhcEzHTFxbYBeRa3tOBOSAyt2kh0wnPV4nn84ter2JVOHDtYKoLCfsD129YfGEJV7oUi9SRP5ILdDwnp/ElY0s1+P4PX4ViHy4pkFDSlf/Rp/SNXzJz8VZha/7xdLaSE1UjhgliEJZCC96lDkHe0RStpAbVF5Lhhe/x0BD3CEVzse2oYBkDB0ysEpvQWmEQyK4L6LVyVlfiKOTbk78A+/4FQ1QcMx9bCWVwYLkjE4V5q+QrvzwwxXsp+45HGk9/L/BAjZa31Y/Gi1RIzf8y8fbHm8K4ZfapLHCNDiIMohAxG1hgl5Aq4Np1cddgePv2iho+Iv88kcgDBa5BFN80nbiTuZUVT7ZPOHJNs6oznj/SdHSFiGhiRAv7tn9rhBNABUBf0xBuwL6192CunNC/DOry7/R6JZX+JajW18zr0DO8mrlYch4KolECI0VIUP7k4YpjL8K55vDuGI+SMbQ0KxRwlx81vMhYWGHbbzvdeAKUlZ7euOod2EbJ+AN6HUV10oApZiBcI9m5xaVxYpzy4Rt0ccJr5NmuKO8X+lpLO9bevrqg5dzBBVftprUVWIprfOxdNncxBJzhC3NjdQyLGfkxu0W78XIGV82zsqMcCjYjb6weP9eimWQraiW7tLxGEKX9g79JDH+G11UH8moYocdO37wD0Ao/VLkGkGxbzsXrdKhgkhdRrecU3vvw9t5zPO0jV7xdCQevfnpKD1+CzTOApG9SPvjJTHLg5+K0j0IGkXyTWf1uTp1I2shHV94J5kU39NXQTAqnVziNAjL/uXouoaCfn2oHtZsOeZIZSViD0+I05KE9pSDEawdTgxWrGC65TzENMFB8Kfn6ET4395bVFEcGWaqw5A7auCUh20mou7q9T16dDh7iDBO2ot4ghdkBymVRbMlEDdFU277dmvkgoA0lJBTqUsAMme0d3aoLoAMRV4ZMv0iE4Wp7DZ4wfOvlYRefVV1IEx+lLBa2EXfq8rzqmqGj9wI2MybWw4LIgbSZWS22WRHk2MgHG0D/F81qobvbeWMdQc/jurrtsW7+ZmUca/5i9t8DywiPYv6xqxOm3+FVufJP1e7KJLzhIiLrdVLZlqhX7557YNGcYujMwlZTb0HHRl3fJgqS7cKrMbhT9NbCGfesJaX8+UErHTk5Qo5/FQOkZBpoVrq+Kage5YkVJxUbpJDbsZKtqi3fPPu9auM0s558ihz5LtbrEOmjEkjQRVHPtzlZdVmu6HvAd9GOJT65myyk8T0wAaHXzi0IJiQ4gX5HAPRoeuLIVZwhzPJrOSGxUHPbTFY17n0CorNFGPzxA1bCFctov+/sT/xxvavPurUhG9Dehfo1JOSs7MU3b+Grk7ua7ax2qOGUpLv1IDkrh9J8ELz9cknw0DdrMADbw/TTlHpJBBLfI/oTE4hQTHD9RgVWPjaoaYwWvHhorktWtHKKm+Vp8hSlddgocA+iQ06LncCJ16jVCUYyQF6Xn4CcQEI3j+qF4RNIMP54ZBbdiMjT6++yyuy538lGd52fCWq0LOzdqQPImskJw7ZrU4n05Q+/YL2d2byJXLLTb2L5HKxjOuxXdIkcOVsMM6npEe3qSd8kaIeNE7QwDSCSB+1GujEzDuok4IOM3OuBxRm9gPuHwqspptyt8GDNzac0zoTcIYO+sa1I4R/DXsUwzpd9y6m9H93YHBy4PSGug5a3lf3AaH+HfaRlYCzHGoeEE6e6XYs+oJbOLTevfX5Da9H5zHPJ8HAa3bExD6fsOcenboBNMR8E5ts19IxCBCxFf5zi0knH51CIhftYtprySnfsep/++Y7OaZAFTmGSgwb1tBb6w69fgl9Jb7s2KlxWHlItvh5+JCG40flI4KOXqRfj40R5h/mPzq11lveBZ7yxevsm/YBVayNpAIjZoiHQ5ROiaevkU3qQ7ow2/STR9M/lc3l2ShmVcakYnqfHM6orgGkPOnU0vtAG/ShmIwSuDLJMBjuYeNkR0hD68z3zAXFfKNm9DjfUQQp8Ojg+ErgE+ZBHWpnhJMGwB/y2EM6LPOT+G1UuijFCQBSbP/w3Sumt8SWBcChraYyk6RBXhGLhkNZ1qxe4FpgMqjRE6Uo3hOXBkEIgXNCFvG0oKzAQIVxSJsjA288TwL5HQzflayvXL+9m6pvu/91O5ynYmaLk+KxnRwMo2JPmDekqMweEi9QNM/UgY10ZsfWeXbdxpb55XNBDnRTuubp7p4jEe48Et/eJgW2bablCXjtyUOD/2NY2Rs2Sb9Gh58p4Fd5dxAJheOadB5AvhkKZFNiSOirU/UjcCaKktqTo1jb6aGIROphjVMk+NvA6ZHcjPjwQVMIq0JnWHaUb6r1WPyVG/djhnRdi+sjzA4SFAXsuyLZEC1RaIl/G7YZE1bawjS+hfEUKPvO0Bn4K2zH4KLIl8yjDpr8aszihLMFjh+snLg0jBmm8kzLR5eP4l31xfXffZFGxvZUdur3yKLSAJlYX9M3nXpUoNk3iuLDC2O0g2sgZhba0EN/xp1Rlw5cP3qC4v6bRFNkv3vEDDM5Rjn4qDexOOdeYwMhFIXNk8mp5007ubqWjJziDM6SrvNc1Ytl2fUYVGHdJ5bd4qUVBjeNQ9yVzEGArCNyWBYodFFpTOBvUGygm3y6vHcJ5TkfGBLZfawu8ZTcWq7G0CyQto2gEaIBnXl76IJXFOLSOEway7Ovu+V3FCSpoWa2jb7L0H+Ijg50q/d1fx9knoh1aFgGrzEDt233ffayPLjFsCE3JphwXGA6c27xiB8g6vR6QTAzR5yzW9yj7TYUywKaLDTyJHoSPtf0NLuVdODiZS5ndTZzXXBDstQPn3XY7fZOBIRS3Txqd0ijPAa1GwqGp3+cGicX+xvQyIg9YMJ2pIOi/pqPNsxskVYBdkNV99uq8coiKXhknEKANHVyUSOPo3C6ucAxfGfq9iGQeys/MOqksWIGcLLEKYdegbwVEyy8tnYjwldCBAPOHoUz5uU9nkp+CcelgblPip7FjnhT6SCKZ+VjLrl4GFEDXHgkrE4qwpcUwtILI97Ec8Z9ycHgeG2DGrt6626yfY1P6pB11d5V542YAsnnJhcv6DQz4B6fq8ljR5OKKEP7r3jdCF2PJCusmJu/e3n7jhLwJ/SJ9K7lTk3zIozLg75elALBuWTIha7L5SL8nrIFoPUyDruH00zTADX+qw3Hu0sqP8qJwKEOnHGUrn8wSalYjDqzr8n47RPDuIdmVHOkiE7JiKhfW72Hf/kXUPtAz2xfsF8I/vs7864DMe4xmbiIe0pWCZd/ZkagJcKGXpKuIO0qmT7F1CATCtYu6Dy0UI6dJ5c6BSoUyA3hDe24PLxA9Az6WRY1Wd6JpECC3OA9L/zHi50L+cyofzELCtySF1jTrDEuHeZLbhssLrljU0PM9MIxiAMPQl0Dc4WC3osdvCb+os4YfPocmrYzpCdScKUduV+IC5+LT0PnCYrKc091EGEpT15KrGE9DTSvBVpPEvPGpaljYP8psvOa//HMvAmkLopkB0c/CqwidZNHkbbcOIciTpnCMm840MrJ0JG4xTVq+TD9cF6Yl3PeYcBKHc+LKw1VWS6q7Ekuu/KuXDlbNKNVEKulkMlwC6sO+SteRB0lOW7eU4oQ+sh5P7CI5p1GVEadBpMvD/SE+Q5AiZ4O1tXEA9biTLWutHblcvCOvyDvL14r7DjA91e5u8eg0oVea8qu0b7xxdO8YhewS++0zPY+J1g6uLTyvQ+OX9qBh7PaLSXPkvuWU9GBQFjx/eMjByI/kkUngaryzwBu3chi73xmcot0wmQUEypx4cixmy4QJkRyVZVsUndtoNZYvoHszJaVaZpVCgWtOCTLTlIZPHDyHE2rgfIfR3bx64MkcJNDJebaEEYRdsGdFaU/dpeTuURE0exTI7L44jD4Ga3Smk/KXiL+emksdnznODZ2mbmvxNjNgE2UlYr9N3Myx4oYhife0+u+/Qa0ZK91P3l6nb1pWDPyIY9R2BhPBtoAnN89SGy4eIsI6XV2O+w4kZwwGfpIu6eZIjigW75foLB4bY8I7Eon2Q/WqYqeR9NkFzufGYi3pvNPy+3dkohDfhjsUhh30ZcHnYTCdf/DWPfx34xCHFjG+POA80I5r9wREHwy8kl952aRNEnUMDcoiTSWE4G140dOMGkGbzo8IyxbxomxvaDj7/e3kk2TmdfLF6+fy9dSPE86tLWNr3zH5bNGx3dygz13IxyaHs/LpkcSxLb3lAbBdyQsjNMzaMqExSkMUyuQ8errP9xQCJQkmDD1mV2JYV/WHI2LIqIpE4kbODUDHcNMWlzCMGeBlzcFq3DrwJFDnVdDsxA2ug5C1UpzPzNFAQVGUT2Jqk9Potr0F1MoimdxZk8n3bUg1MmdLizzB8yJjlEhw+HIsqe8WBtCiZkrGpIeyK0hDz1UJftRAGOOlO0ADAb4YxvbFkblIRHHNTEd9d42DJlIoiaFw3NP+TnKyZG4U5/xvBdFhsFoOPBiHJG8pfkb1wVXEOXR+KMUTZNU+Bh3jlyG1YD3VehEPg06Js40MpgqdPfI5m94uX1fNV/RG8iS30sT2hMahDuCQ/5AtA1hVjgyhTyyyEOZtMrGJy6jV6OUWactuC5EzWn+3kMr++Jvqdr9/CIyWI4NGSw/+aGGFiRmzKkntoN+I6vwdPrKP84mdlit28T37Ggy9U/BXcs3b0CpePHl2ydPhaBSbNkL2KUPFwv3l+b+HYaG0hVWW8D2fwIfP51ZTcfHVHboUXGwso6PQY//ZYkfceAELOocFdEO9DCaEybemQUEOXRITPceBDnObuSq5y9sphfmPbn+35lHL/1XfPOKuV413UNpCvxG9G1NJN3Wfs/ppJe6+5A8nO5hdLEVlwbEkeQQ6YutSeA3SZcV5wHD0ITEBP3882dPf/75w9N//k9QSwcI0RREyzUqAABvswAAUEsDBBQACAgIALyhaVYAAAAAAAAAAAAAAAA1AAAAcmVzb3VyY2VzLzY2OTk3YWJkOTE0YWJhNDA4NTU5YzZlODJjYzA3YmYwYjdjMGRmNjIuanPtWntz3LYR/yowM43ICUTJch7NnRnX9aPjNqk9tjPt9HKTgUjwiIhHsACo0+XE795dAnzcHfXwoyN7Jv+cSHB3sbvY/e0uKa/SnGijRGy8qa95noYrflqy+OxJVhVnZc7WKyUWmfk14efRDc8vL2fzICwrnfmz2Tf3Tx7M6ebB98ffTNKqiI2Qhc+poSrYqDDxDd38R/ZPYJGbShUkrumZGVlf1HUwPWeKsEj53518/3UwbYlIL9jSGiIKwh+9PP2NxyZMeCoK/krJkiuzbkg35yyv+ERRXlRLrthpzif3jmksi1Qsqu4eTDPuug4mfGbmEbDU3b45Cgs2qJWK3G5nfK19HkxF6ruVBTcvV0W7/5v18lTm2nKx6DoaFGO+/NJnEQtTkRuufL9zjOmsHRXxlOtYidJI1egY9obWQRBQ1RxTyMoyX/uKsqB2wlRvnYT9NykIQE1NdH9qHjK1ADGF0WHOi4XJpuarr1r7iyrP70UdBTjr0fBmsqmn5k8nj3LnFl8F9N5xEMIGz1icbVvmDhTYAlB3coOFevSkBQcH0ptYQY1gMtDpCoWuDqWbvK/A+2hE6+BB+AgbPhAp6Lso4oGlAU81LqWMFtEwd26i3dQ0341DPEAWHU/Zw7w9NAaHpqJ8xubUhKJI+MXLFEz/ITq+vPSLmZpHHH6CqdO4qJu9bxfR+Y0R/Y4KOXGlkkaadcnxqhH5Qj/rYjqMWY7JqAJIl96CurMAVdOQRrHizPAnsjD8wvibOqDlwMPWBAN0AIstkYZsiUzrDA4bqMhrebwoQqVkCnDDIVAm0pcgFtxFOaZZTeMR+aUPGstlKQtMjs7RrXrPco5Z4+sQ3HcuEq5awDI1Bc5M5IniRVDTKvKWycVb0MCjy2gjihzC84lM+MSL4dcDBIMU52qyr0Mv56rtWfhcsQVe0saiuqYZIpFUK6aS1zwdpMgAB4emQUzy0GkIoclDCcVCFCxvFjQslAw0MP9kSw6ewoSYeT27R3vzvCEr3PaM3jwAR5QIKFlU0EVUzTwPlChiBj6kXugF7V0WzC8vq1kGv8vmN2+NV492zV/Q5iwVT9HtcYBO2PS6TRQi0xhTz4J531epxdBLHTSCiwDjTeslzDIPC3KxGMTW5WXRppdySUNlVPAVeawUW/t5MJWz43mUNWAgAAimLXBrrIUmyJgepKPNF0M15ouY6Xlk4AdSfOuAIk7FrJpH+/o84pOCytn9eSS6jcroZFo+zKclJLOclVAq4eeK2HKFB6GMyi5NryFSQZ2FidDYcOCZR95PT//9ZEjt1fTr774eaTUUpCV1HQfTmsPR7XcXZzUWfwNy3goDBX+fIqspoD+r8rHmZFXTVAH/T8yYYbZ1BMuaLrlhCTNstLehRsYjD9Jh04OtVADhMlqLeuDfLYIQKDcVQSquRW1I1D0U3o4nQNFb4TTkuDuY6AfXpNmT2ty6EaOudesbsqqRCRK7ZkU1MQ/FzEAmBIFuwx3LQ4xlgpqmwEGuiaBngsgWECxBeRV9V8KnoKA2BCE3AajNIa4O+17Yo6YJIu9Vt0R+FKeKqbWHGHouRUKOAag2VXHOlYYj58kLEMRKcbQvDLdwZIe6ccPROOHVu0Lo2sMGGVsES5lUOSelrTOaMAJhmsmEGElyBvGYwdKpkivN0amwfRHzkLzNOEllnssV4AIRyAdnLsBthF+wZQkiwZmVxqeD3UBoosQ5J6wycsmsNlTLSsWg91+0MPyoc8iviYz10S0MR+hspTwVCuGhcSWs5dVi4l3hLQjOJYN6eQYUzVbjZIliqZncu08NW+jJbE6dRhPPquRtZf57xIMGx58y5VQuFT8XstKTzT7PW66v19sgQU0LaFs6/sevXrzm/61uYoUr5cigzp9hK5lGM9d2eD2a2HAsB/c5P+f55KRuexQvzpRcimrpSDv9D/sHludBzwPTo4g76T1Lt77HwZUC5NpjaJf36FOwL5UXewzd+h5H649djm59jwPmY8DAMbUGT/a4YKA+E/vbtMst/Zwm0aYpE3XfU6y6hg6aVL7VnxQ1YCPgbQuOtu8YdAasAeAWHTkMgdiHtO03Cx4eY68LTTk008yipZ3xoAfuYZNZ2IRud5e3HAoeCupGzQCmo61+r3voH1MWnpnA91wH61EA88qvsLlOAmzHEKCh2RpaTF0TNcHu4Ee2lhVEM467vbjSo01D8YmB4JaKijsl+zXbzYP1fds7aQixJ8UEtis5KxYVW/DD3zQYTj1bpjakzTxKXLhTYsOL1CQiGNCw7B/00XcQTH8pfil8ptdFTPyARD+QzS8FIVZi64yIsBUDKa380LrLD6aEHB2Rl4ocuA0PiIQbu+lB2EsqQdtOjBMbQmP7CtZ9VIK4Z0gYLqC58A8yY8rJ0ZFzMo4bB5YStpQmA71Ykx06DMNeQCs8zqW2oiH+8I+3FSCZss7fWjtpfA++3gE/9PEAG7d4HmzxjKBgc0DtzZA1hXri0Y0Wv8ORwtbarAHJN6WEAtlEi+I5xM05RISR5cQ7PDkuLxC2vcdJwhMI0Qk5vx/+eUvoBWAQU3HWxv+gfo4q0SXK2wxCWzbdHYlZQU45xDQfJgecLBxmgQSw+KSLNZvKTXK4pNGYEd5gF7Yf1BjSGY5QezXKnWBXTv/q7tGR7XXQzHsjdvQrMM1ImGbo3rbezxqCbDscPmIyjnh8N/jeRdlmDt7irvI99lzssAJNfa3/geOmAzDNBL59CI02g4Nw2t2YWVdlSVv4UWR7fZc5MqZDlyKvm0DHApCIBnmgs8NId0yYFW3WrITJPjgDvnB/DwEoD2P7nqrx1ABA29dXAaYEpuhH3RTReHdHC9kjGfjx65mtI7Rz8HVVzPKIVxl0CUDmWGYHbuXbg/k7lTq7dV/oekp3EGPVrHvhiNSEQF2yu+NtPZSxVQ6dwDsth58kfLoz/MTRE89Fw8Ek2MBjjxAu5e8iz1ko1eKIF4c/v7Gp9i9+evR3ds7eNCP60WuecpAY86O/5fKU5b/aVyv6yP7tkNfdom/c5QfgrZubUJi7vEu0HVFhtHFv2nRNlraxhqK6IpaViBTu+ZrA2ZCqwEEdUTit8hROAIDaDXEheQ7Q6FKHvj9G5jJmMN594f4eYoodwojUONQthrgI2zlItkqnTOROWdIOiSSRXBcHYB8zOHsUa1JIHEySCt/DNrQLcHZBjFjyVIFy4z2Ph8bFULAZvg+DiG/6L+ehgR+hMmmiSx6LVMT2OWns4roZczRvbxt/QqiKvHHpuWC399kXo+HWM/dfL3ayjmHCjkTHlb2e97gYjmAZK5IcHccah8FUaG38v41dBsr/ZgerXRD4B2Eq5UHQBwMiLzTWeNIwRVs+CAifd10zmLBnffjWWvIM7xxXg/hPJdESE6PpuzGwoH23w6nlaGpADZt+FlBvrf0D6XeRfsecfdVub1t5PfuVaWm9OwjDBtZuDQcf3WnP22+yrdu6BXRc98V2N5D2bfceW7j7oGHVZVsTv51GW95CrXbdF2INf/8q3r7MbAx213dZx8d0eO8XC8/bV1d/vFe4Ci2dvz9xuLzD1wrdNw4Q2V7/HxLk/re3zZAxJboMeXYBG0NwP371Auo4204T6C6bThDg0RKAGMiJzyBKnc2fWZQOvpDR/W9raOLg9gNCtP9UhDL7u7vE8XEtujh90z7exfEGn2Heiitt5LIfcHixgJ4Chos3nL8rbvMLwwstTkUuzNoOrFsr2IRgbiylwhYaLu1Hls8gMTo3f2apMfi66TLjzVYQ93cfkBfueyjKc5d3mREjKrx3YwMI/g98m/lHX3NVYlhvf2ZZ8R5tTVCvQqHxX9var9rRveO6ngfT/wFQSwcIFcE5FUkLAACpLwAAUEsDBBQACAgIAICdaVYAAAAAAAAAAAAAAAA6AAAAcmVzb3VyY2VzL3NyY0A4ZmJiNjIyMzJiZjZlZTczNmUyMjRkNzFkMzE3ZGVjOTY2MTg0NmU1LnR4dH2RzU4CMRSF9yS8wwmbGYxO9xiNPzG6cGH8eYBLuc40DC22F5AQ3922AxkMibu2uT3nfOcqhRsJF7phPR8OtLNBsINwkHPw95K14AdX8Py1Mp7L4mbZ0nbjTd2ISlPF+HI4GA7SsSwat+Al1YyGAsRIyyA7Q2vsPN4djBXvkCaKc1DYWo1yl+/4GePqGrvhAKANGcmvVe3ERVmRZZgo1VtXM16rvTWgFB66qLR3HUWzyCJk7Cg+htU0iDe2rnr9Dq5MNuNK3BOt+T39LdVLT3jkoD2TRB60TpM4n567umqWNyEvPItFdbFZ7ravLooViT3C7mBpwRMUjywI3XQRoU8JLEhi1ulKOowpI2XX0m4Rl0DtKDUpDWNN7YpPifo4B67bg2Cs0vNnjFOomdNB5X0c13jfGj3P4nWfM+/vyKc3qHSaL5MA8IcjZJGP12f0m+jW//8K4o9SVWd5MrefK/oFUEsHCA2vsolhAQAApQIAAFBLAQI/AxQACAgIALyhaVZS48ROtE8AACIzAgALAAAAAAAAAAAAAAC2gQAAAAB0cmFjZS50cmFjZVBLAQI/AxQACAgIALyhaVbu21uqckIAAD9KAgANAAAAAAAAAAAAAAC2ge1PAAB0cmFjZS5uZXR3b3JrUEsBAj8DFAAICAgAu6FpVlKQsYCiAAAARgQAAEYAAAAAAAAAAAAAALaBmpIAAHJlc291cmNlcy9wYWdlQGFiNDllYmVhZDZjMjRhMWJjOTEwMzY1MjJmNTNjYThmLTE2NzgzNzMwMzUuOTI1NzAxLmpwZWdQSwECPwMUAAgICAC7oWlWsUeO8qQAAAD4BgAARgAAAAAAAAAAAAAAtoGwkwAAcmVzb3VyY2VzL3BhZ2VAYWI0OWViZWFkNmMyNGExYmM5MTAzNjUyMmY1M2NhOGYtMTY3ODM3MzAzNS45NDMxODQuanBlZ1BLAQI/AxQACAgIALyhaVb3meq1jA8AAAAZAABFAAAAAAAAAAAAAAC2gciUAAByZXNvdXJjZXMvcGFnZUBhYjQ5ZWJlYWQ2YzI0YTFiYzkxMDM2NTIyZjUzY2E4Zi0xNjc4MzczMDM2LjExNzE4LmpwZWdQSwECPwMUAAgICAC8oWlWsUeO8qQAAAD4BgAARgAAAAAAAAAAAAAAtoHHpAAAcmVzb3VyY2VzL3BhZ2VAYWI0OWViZWFkNmMyNGExYmM5MTAzNjUyMmY1M2NhOGYtMTY3ODM3MzAzNi4xNzc1NTkuanBlZ1BLAQI/AxQACAgIALyhaVaxR47ypAAAAPgGAABGAAAAAAAAAAAAAAC2gd+lAAByZXNvdXJjZXMvcGFnZUBhYjQ5ZWJlYWQ2YzI0YTFiYzkxMDM2NTIyZjUzY2E4Zi0xNjc4MzczMDM2LjM5MjQ1MS5qcGVnUEsBAj8DFAAICAgAvKFpVrszTpZFGgAACSkAAEYAAAAAAAAAAAAAALaB96YAAHJlc291cmNlcy9wYWdlQGFiNDllYmVhZDZjMjRhMWJjOTEwMzY1MjJmNTNjYThmLTE2NzgzNzMwMzYuNDQ3NjE0LmpwZWdQSwECPwMUAAgICAC8oWlWagI0RzoaAAAHKQAARgAAAAAAAAAAAAAAtoGwwQAAcmVzb3VyY2VzL3BhZ2VAYWI0OWViZWFkNmMyNGExYmM5MTAzNjUyMmY1M2NhOGYtMTY3ODM3MzAzNi40NTY1MzkuanBlZ1BLAQI/AxQACAgIALyhaVb/KXhSPBoAAAMpAABGAAAAAAAAAAAAAAC2gV7cAAByZXNvdXJjZXMvcGFnZUBhYjQ5ZWJlYWQ2YzI0YTFiYzkxMDM2NTIyZjUzY2E4Zi0xNjc4MzczMDM2LjQ3NTcxNy5qcGVnUEsBAj8DFAAICAgAvKFpVoRmZ9hEGgAABCkAAEYAAAAAAAAAAAAAALaBDvcAAHJlc291cmNlcy9wYWdlQGFiNDllYmVhZDZjMjRhMWJjOTEwMzY1MjJmNTNjYThmLTE2NzgzNzMwMzYuNDkxMTc0LmpwZWdQSwECPwMUAAgICAC8oWlWXjQPOD4aAAANKQAARgAAAAAAAAAAAAAAtoHGEQEAcmVzb3VyY2VzL3BhZ2VAYWI0OWViZWFkNmMyNGExYmM5MTAzNjUyMmY1M2NhOGYtMTY3ODM3MzAzNi41MjUyMDIuanBlZ1BLAQI/AxQACAgIALyhaVYBuzaIRRoAAAMpAABGAAAAAAAAAAAAAAC2gXgsAQByZXNvdXJjZXMvcGFnZUBhYjQ5ZWJlYWQ2YzI0YTFiYzkxMDM2NTIyZjUzY2E4Zi0xNjc4MzczMDM2LjU1Nzc3Ni5qcGVnUEsBAj8DFAAICAgAvKFpVhsihiceGgAAAikAAEYAAAAAAAAAAAAAALaBMUcBAHJlc291cmNlcy9wYWdlQGFiNDllYmVhZDZjMjRhMWJjOTEwMzY1MjJmNTNjYThmLTE2NzgzNzMwMzYuNTkzODE1LmpwZWdQSwECPwMUAAgICAC8oWlWyv/eUjgaAAAAKQAARgAAAAAAAAAAAAAAtoHDYQEAcmVzb3VyY2VzL3BhZ2VAYWI0OWViZWFkNmMyNGExYmM5MTAzNjUyMmY1M2NhOGYtMTY3ODM3MzAzNi42MjQyMjEuanBlZ1BLAQI/AxQACAgIALyhaVaNEr12RBoAAAIpAABGAAAAAAAAAAAAAAC2gW98AQByZXNvdXJjZXMvcGFnZUBhYjQ5ZWJlYWQ2YzI0YTFiYzkxMDM2NTIyZjUzY2E4Zi0xNjc4MzczMDM2LjY1OTExMi5qcGVnUEsBAj8DFAAICAgAvKFpVp0Z1W9DGgAA/igAAEYAAAAAAAAAAAAAALaBJ5cBAHJlc291cmNlcy9wYWdlQGFiNDllYmVhZDZjMjRhMWJjOTEwMzY1MjJmNTNjYThmLTE2NzgzNzMwMzYuNjkwODcyLmpwZWdQSwECPwMUAAgICAC8oWlWTfqlKSMaAAAFKQAARgAAAAAAAAAAAAAAtoHesQEAcmVzb3VyY2VzL3BhZ2VAYWI0OWViZWFkNmMyNGExYmM5MTAzNjUyMmY1M2NhOGYtMTY3ODM3MzAzNi43MjY2MTMuanBlZ1BLAQI/AxQACAgIALyhaVY8ZCruNGAAAHRwAABGAAAAAAAAAAAAAAC2gXXMAQByZXNvdXJjZXMvcGFnZUBhYjQ5ZWJlYWQ2YzI0YTFiYzkxMDM2NTIyZjUzY2E4Zi0xNjc4MzczMDM3LjAxODAwOC5qcGVnUEsBAj8DFAAICAgAvKFpVl0AsOwxYQAAWXEAAEYAAAAAAAAAAAAAALaBHS0CAHJlc291cmNlcy9wYWdlQGFiNDllYmVhZDZjMjRhMWJjOTEwMzY1MjJmNTNjYThmLTE2NzgzNzMwMzcuMDcxMzY4LmpwZWdQSwECPwMUAAgICAC8oWlWxGGS8JZgAADscAAARgAAAAAAAAAAAAAAtoHCjgIAcmVzb3VyY2VzL3BhZ2VAYWI0OWViZWFkNmMyNGExYmM5MTAzNjUyMmY1M2NhOGYtMTY3ODM3MzAzNy4xOTIzMjcuanBlZ1BLAQI/AxQACAgIALyhaVa0o+9h+l4AAIFvAABGAAAAAAAAAAAAAAC2gczvAgByZXNvdXJjZXMvcGFnZUBhYjQ5ZWJlYWQ2YzI0YTFiYzkxMDM2NTIyZjUzY2E4Zi0xNjc4MzczMDM3LjIwODEwMi5qcGVnUEsBAj8DFAAICAgAvKFpVsX5qI9IXgAA3G4AAEYAAAAAAAAAAAAAALaBOk8DAHJlc291cmNlcy9wYWdlQGFiNDllYmVhZDZjMjRhMWJjOTEwMzY1MjJmNTNjYThmLTE2NzgzNzMwMzcuMjIzOTc3LmpwZWdQSwECPwMUAAgICAC8oWlWYQqrkpyNAAAKlwAARgAAAAAAAAAAAAAAtoH2rQMAcmVzb3VyY2VzL3BhZ2VAYWI0OWViZWFkNmMyNGExYmM5MTAzNjUyMmY1M2NhOGYtMTY3ODM3MzAzNy4zNjU1MDguanBlZ1BLAQI/AxQACAgIALyhaVbYVUeLLJAAAG2ZAABGAAAAAAAAAAAAAAC2gQY8BAByZXNvdXJjZXMvcGFnZUBhYjQ5ZWJlYWQ2YzI0YTFiYzkxMDM2NTIyZjUzY2E4Zi0xNjc4MzczMDM3LjQ0Njc3Ni5qcGVnUEsBAj8DFAAICAgAvKFpVthVR4sskAAAbZkAAEYAAAAAAAAAAAAAALaBpswEAHJlc291cmNlcy9wYWdlQGFiNDllYmVhZDZjMjRhMWJjOTEwMzY1MjJmNTNjYThmLTE2NzgzNzMwMzcuNDc4MjA2LmpwZWdQSwECPwMUAAgICAC8oWlWf1YiNbEBAABUAgAANgAAAAAAAAAAAAAAtoFGXQUAcmVzb3VyY2VzL2Q4NTE3NWJhODgxYjgzMTVmMzFkOGZhMDE3ZmE2ZDc0NjdlNjVmZTYuZGF0UEsBAj8DFAAICAgAvKFpVnAqvhApDAAAIRUAADYAAAAAAAAAAAAAALaBW18FAHJlc291cmNlcy9kNWI4Y2FiOGU1NjNkM2RjOWIzMzI1OTA1ODI1ZTBjNGY3NjljYzIxLmRhdFBLAQI/AxQACAgIALyhaVb4mV34JhYAAN9EAAA3AAAAAAAAAAAAAAC2gehrBQByZXNvdXJjZXMvMmQ3MTQyNTk5Y2I0MTQzODY1NjIzMzgyNDg0MjMzYzk4NTQ0YzI5Yy5odG1sUEsBAj8DFAAICAgAvKFpVsdkWrR4FQAAoUUAADcAAAAAAAAAAAAAALaBc4IFAHJlc291cmNlcy81YTY2M2JhMjFhNWY4MmRhNmQyYmFmMzMwMmVlNzYxNmIwNjc5M2FkLmh0bWxQSwECPwMUAAgICAC8oWlW2VZD/7hwAAD8FwIANgAAAAAAAAAAAAAAtoFQmAUAcmVzb3VyY2VzL2E5NDhjNGQ5OGY1MWZlMWJhNTEyODJlMmEzOTE3ZjM3NDNiNGFiMzguY3NzUEsBAj8DFAAICAgAvKFpVlz9Reu28wcA+hEIADYAAAAAAAAAAAAAALaBbAkGAHJlc291cmNlcy8zNjBkZjY0YWU1NGJmNzlmYTEwNzJmN2VjODA3YzNhYjcwMjU1OWYxLnBuZ1BLAQI/AxQACAgIALyhaVaGiHKsMwgAAKkTAAA2AAAAAAAAAAAAAAC2gYb9DQByZXNvdXJjZXMvNmExNjNhZTk0YjBkZjIzYzAxZTQxZGRkZDA2NDE3MGE0YzBhMThlMy5zdmdQSwECPwMUAAgICAC8oWlW/Z8AElRhAABFYgAANgAAAAAAAAAAAAAAtoEdBg4AcmVzb3VyY2VzLzljYTA5NDhjOGEyOTQ0ZWY3MzY4MDIyY2QzOWQ3ZmRiM2E2YWU5ZWUucG5nUEsBAj8DFAAICAgAvKFpVtqxxvvdAAEAeg8BADYAAAAAAAAAAAAAALaB1WcOAHJlc291cmNlcy9mMTA1ZGU2ZmM0ODNhMWEwZDNlZmNhZTFkNmM5OTc3ZjVmZjczMTZlLnBuZ1BLAQI/AxQACAgIALyhaVYy2UnvpeIAALEYAQA3AAAAAAAAAAAAAAC2gRZpDwByZXNvdXJjZXMvOWU3YmZmMzllMGQyMjNjNDU0YWQ0ZGEwMjkwZGM4OTk5OTNmZGNmZS5qcGVnUEsBAj8DFAAICAgAvKFpVrv1puBi8gAA8BcBADYAAAAAAAAAAAAAALaBIEwQAHJlc291cmNlcy83NTJiNzllZWFlODk5ZjkzYzI3NGJkMDc4MjcxNzRhZmQ5Y2RmNTM0LnBuZ1BLAQI/AxQACAgIALyhaVawO68KcDgAAGs4AAA2AAAAAAAAAAAAAAC2geY+EQByZXNvdXJjZXMvM2ZiYTliMjYxODUyNDBiYWJiY2NjMmFiMGU0NTI3ZmExYTgxNGYwNy5wbmdQSwECPwMUAAgICAC8oWlWWppiA5+2AACnIgEANgAAAAAAAAAAAAAAtoG6dxEAcmVzb3VyY2VzL2I2NzIyMWUwYzgwMThjOTMxNjVkYTBhYTM4NGNkMWNjODQ0ZTYyZGUucG5nUEsBAj8DFAAICAgAvKFpViVJ3ZULPgAA9kEAADYAAAAAAAAAAAAAALaBvS4SAHJlc291cmNlcy82NDY3MGNmOGZmNmQ3OWRlZWZiMWQyYmQ5MDQzZTQ2MjhkYmEyMTEwLnBuZ1BLAQI/AxQACAgIALyhaVZhJfEwjE4AALROAAA2AAAAAAAAAAAAAAC2gSxtEgByZXNvdXJjZXMvNDVmNDFjOWE0MDdhYzU4OWFlOTYzZGY4MDBhYTE2MWNhMzY0YzE3NC5wbmdQSwECPwMUAAgICAC8oWlWFJPoBqXXAABB8QAANgAAAAAAAAAAAAAAtoEcvBIAcmVzb3VyY2VzL2FjMzNkOWI1ZjI1M2QzNzcxZTdmZTRkZmEyNDg3ZWY5MGU5ODA5MGIucG5nUEsBAj8DFAAICAgAvKFpVhyn+FSyCwAARyEAADUAAAAAAAAAAAAAALaBJZQTAHJlc291cmNlcy8wZGRlNTRiYjJmZDM2NzVjMWE1NGM4MzZiNzM4ODZkZGJiYmYzMDNiLmpzUEsBAj8DFAAICAgAvKFpVo5hVDScAAAAyAAAADUAAAAAAAAAAAAAALaBOqATAHJlc291cmNlcy8xM2YxYWRmNjc0NTM0NDU2MWY5ZGZkMjM1MzRiODE0NTk0Mjg2MjhlLmpzUEsBAj8DFAAICAgAvKFpVnMiUQ6cAAAAxwAAADUAAAAAAAAAAAAAALaBOaETAHJlc291cmNlcy82YzhhODQ2OGUyNjkzMmFjMWEyNDM4MjBjOTIwMzk3MGE3OTVmZDkyLmpzUEsBAj8DFAAICAgAvKFpVroxECA8EgAADjkAADUAAAAAAAAAAAAAALaBOKITAHJlc291cmNlcy9iMDJiNWRjZGIwOTJkZGI2YjY2NDczMjc1NGE3MzA5YTNlYWRmZjNiLmpzUEsBAj8DFAAICAgAvKFpVjIeaR5sFAAAyz0AADUAAAAAAAAAAAAAALaB17QTAHJlc291cmNlcy9mZDk5YzYwOWVhNzcyZDNmZTI0OGNkZjRkN2IxNDhlM2I1NWVhMjM3LmpzUEsBAj8DFAAICAgAvKFpVpQUKlRGugkAuEkLADYAAAAAAAAAAAAAALaBpskTAHJlc291cmNlcy9iZDcwZWNlZTkxNTY3MTNlNmJlZTc4ZWNmZWI0ZDU0NDAxMTFjN2I4LnBuZ1BLAQI/AxQACAgIALyhaVZTMkYOnDwAAD7MAAA1AAAAAAAAAAAAAAC2gVCEHQByZXNvdXJjZXMvNjUyZWYwZGExZDdmNTJjN2JlNmYyMjc3M2EyMzQ0YjcyNjAxMzljOS5qc1BLAQI/AxQACAgIALyhaVbRFETLNSoAAG+zAAA1AAAAAAAAAAAAAAC2gU/BHQByZXNvdXJjZXMvMzE2YjFlMTZkMzFmYWI3NzA1Nzk5ZTIzYmYxZjU0MDJmNGFmNTA1NS5qc1BLAQI/AxQACAgIALyhaVYVwTkVSQsAAKkvAAA1AAAAAAAAAAAAAAC2gefrHQByZXNvdXJjZXMvNjY5OTdhYmQ5MTRhYmE0MDg1NTljNmU4MmNjMDdiZjBiN2MwZGY2Mi5qc1BLAQI/AxQACAgIAICdaVYNr7KJYQEAAKUCAAA6AAAAAAAAAAAAAAC2gZP3HQByZXNvdXJjZXMvc3JjQDhmYmI2MjIzMmJmNmVlNzM2ZTIyNGQ3MWQzMTdkZWM5NjYxODQ2ZTUudHh0UEsFBgAAAAA0ADQAehUAAFz5HQAAAA==]]>
</item>
</property>
</properties>
</testcase>
</testsuite>
</testsuites>